Dec  3 19:34:23 ubuntu kernel: [    0.000000] Booting Linux on physical CPU 0x0000080000 [0x481fd010]
Dec  3 19:34:23 ubuntu kernel: [    0.000000] Linux version 5.7.1 (root@ubuntu) (gcc version 7.5.0 (Ubuntu/Linaro 7.5.0-3ubuntu1~18.04), GNU ld (GNU Binutils for Ubuntu) 2.30) #1 SMP Thu Dec 3 19:00:18 CST 2020
Dec  3 19:34:23 ubuntu kernel: [    0.000000] efi: EFI v2.70 by EDK II
Dec  3 19:34:23 ubuntu kernel: [    0.000000] efi:  ACPI 2.0=0x2fc50000  SMBIOS 3.0=0x2fbf0000  MEMATTR=0x35e92018  ESRT=0x36117b18  MEMRESERVE=0x2fb93018 
Dec  3 19:34:23 ubuntu kernel: [    0.000000] esrt: Reserving ESRT space from 0x0000000036117b18 to 0x0000000036117b50.
Dec  3 19:34:23 ubuntu kernel: [    0.000000] cma: Reserved 32 MiB at 0x000000007e000000
Dec  3 19:34:23 ubuntu kernel: [    0.000000] ACPI: Early table checksum verification disabled
Dec  3 19:34:23 ubuntu kernel: [    0.000000] ACPI: RSDP 0x000000002FC50000 000024 (v02 HISI  )
Dec  3 19:34:23 ubuntu kernel: [    0.000000] ACPI: XSDT 0x000000002FC40000 0000A4 (v01 HISI   HIP08    00000000      01000013)
Dec  3 19:34:23 ubuntu kernel: [    0.000000] ACPI: FACP 0x000000002F790000 000114 (v06 HISI   HIP08    00000000 HISI 20151124)
Dec  3 19:34:23 ubuntu kernel: [    0.000000] ACPI: DSDT 0x000000002F530000 00C441 (v02 HISI   HIP08    00000000 INTL 20181213)
Dec  3 19:34:23 ubuntu kernel: [    0.000000] ACPI: PCCT 0x000000002FC30000 00008A (v01 HISI   HIP08    00000000 HISI 20151124)
Dec  3 19:34:23 ubuntu kernel: [    0.000000] ACPI: SSDT 0x000000002FC20000 00E64A (v02 HISI   HIP07    00000000 INTL 20181213)
Dec  3 19:34:23 ubuntu kernel: [    0.000000] ACPI: BERT 0x000000002FBC0000 000030 (v01 HISI   HIP08    00000000 HISI 20151124)
Dec  3 19:34:23 ubuntu kernel: [    0.000000] ACPI: HEST 0x000000002FBA0000 00058C (v01 HISI   HIP08    00000000 HISI 20151124)
Dec  3 19:34:23 ubuntu kernel: [    0.000000] ACPI: ERST 0x000000002FB60000 000230 (v01 HISI   HIP08    00000000 HISI 20151124)
Dec  3 19:34:23 ubuntu kernel: [    0.000000] ACPI: EINJ 0x000000002FB50000 000170 (v01 HISI   HIP08    00000000 HISI 20151124)
Dec  3 19:34:23 ubuntu kernel: [    0.000000] ACPI: GTDT 0x000000002F590000 00007C (v02 HISI   HIP08    00000000 HISI 20151124)
Dec  3 19:34:23 ubuntu kernel: [    0.000000] ACPI: MCFG 0x000000002F580000 00003C (v01 HISI   HIP08    00000000 HISI 20151124)
Dec  3 19:34:23 ubuntu kernel: [    0.000000] ACPI: SLIT 0x000000002F570000 00003C (v01 HISI   HIP08    00000000 HISI 20151124)
Dec  3 19:34:23 ubuntu kernel: [    0.000000] ACPI: SRAT 0x000000002F560000 0007D0 (v03 HISI   HIP08    00000000 HISI 20151124)
Dec  3 19:34:23 ubuntu kernel: [    0.000000] ACPI: SDEI 0x000000002F550000 000030 (v01 HISI   HIP08    00000000 HISI 20151124)
Dec  3 19:34:23 ubuntu kernel: [    0.000000] ACPI: APIC 0x000000002F540000 001E6C (v04 HISI   HIP08    00000000 HISI 20151124)
Dec  3 19:34:23 ubuntu kernel: [    0.000000] ACPI: IORT 0x000000002F520000 001678 (v00 HISI   HIP08    00000000 INTL 20181213)
Dec  3 19:34:23 ubuntu kernel: [    0.000000] ACPI: PPTT 0x000000002ECE0000 0031B0 (v01 HISI   HIP08    00000000 HISI 20151124)
Dec  3 19:34:23 ubuntu kernel: [    0.000000] ACPI: SPMI 0x000000002ECD0000 000041 (v05 HISI   HIP08    00000000 HISI 20151124)
Dec  3 19:34:23 ubuntu kernel: [    0.000000] ACPI: SRAT: Node 0 PXM 0 [mem 0x2080000000-0x27ffffffff]
Dec  3 19:34:23 ubuntu kernel: [    0.000000] ACPI: SRAT: Node 1 PXM 1 [mem 0x2800000000-0x2fffffffff]
Dec  3 19:34:23 ubuntu kernel: [    0.000000] ACPI: SRAT: Node 0 PXM 0 [mem 0x00000000-0x7fffffff]
Dec  3 19:34:23 ubuntu kernel: [    0.000000] ACPI: SRAT: Node 2 PXM 2 [mem 0x202000000000-0x2027ffffffff]
Dec  3 19:34:23 ubuntu kernel: [    0.000000] ACPI: SRAT: Node 3 PXM 3 [mem 0x202800000000-0x202fffffffff]
Dec  3 19:34:23 ubuntu kernel: [    0.000000] NUMA: NODE_DATA [mem 0x27ffffc300-0x27ffffffff]
Dec  3 19:34:23 ubuntu kernel: [    0.000000] NUMA: NODE_DATA [mem 0x2fffffc300-0x2fffffffff]
Dec  3 19:34:23 ubuntu kernel: [    0.000000] NUMA: NODE_DATA [mem 0x2027ffffc300-0x2027ffffffff]
Dec  3 19:34:23 ubuntu kernel: [    0.000000] NUMA: NODE_DATA [mem 0x202ff0000300-0x202ff0003fff]
Dec  3 19:34:23 ubuntu kernel: [    0.000000] Zone ranges:
Dec  3 19:34:23 ubuntu kernel: [    0.000000]   DMA      [mem 0x0000000000000000-0x000000003fffffff]
Dec  3 19:34:23 ubuntu kernel: [    0.000000]   DMA32    [mem 0x0000000040000000-0x00000000ffffffff]
Dec  3 19:34:23 ubuntu kernel: [    0.000000]   Normal   [mem 0x0000000100000000-0x0000202fffffffff]
Dec  3 19:34:23 ubuntu kernel: [    0.000000] Movable zone start for each node
Dec  3 19:34:23 ubuntu kernel: [    0.000000] Early memory node ranges
Dec  3 19:34:23 ubuntu kernel: [    0.000000]   node   0: [mem 0x0000000000000000-0x000000000000ffff]
Dec  3 19:34:23 ubuntu kernel: [    0.000000]   node   0: [mem 0x0000000000010000-0x000000002e4f2fff]
Dec  3 19:34:23 ubuntu kernel: [    0.000000]   node   0: [mem 0x000000002e4f3000-0x000000002eccffff]
Dec  3 19:34:23 ubuntu kernel: [    0.000000]   node   0: [mem 0x000000002ecd0000-0x000000002f59ffff]
Dec  3 19:34:23 ubuntu kernel: [    0.000000]   node   0: [mem 0x000000002f5a0000-0x000000002f78ffff]
Dec  3 19:34:23 ubuntu kernel: [    0.000000]   node   0: [mem 0x000000002f790000-0x000000002f79ffff]
Dec  3 19:34:23 ubuntu kernel: [    0.000000]   node   0: [mem 0x000000002f7a0000-0x000000002f87ffff]
Dec  3 19:34:23 ubuntu kernel: [    0.000000]   node   0: [mem 0x000000002f880000-0x000000002f8bffff]
Dec  3 19:34:23 ubuntu kernel: [    0.000000]   node   0: [mem 0x000000002f8c0000-0x000000002f95ffff]
Dec  3 19:34:23 ubuntu kernel: [    0.000000]   node   0: [mem 0x000000002f960000-0x000000002f97ffff]
Dec  3 19:34:23 ubuntu kernel: [    0.000000]   node   0: [mem 0x000000002f980000-0x000000002fabffff]
Dec  3 19:34:23 ubuntu kernel: [    0.000000]   node   0: [mem 0x000000002fac0000-0x000000002fb6ffff]
Dec  3 19:34:23 ubuntu kernel: [    0.000000]   node   0: [mem 0x000000002fb70000-0x000000002fb71fff]
Dec  3 19:34:23 ubuntu kernel: [    0.000000]   node   0: [mem 0x000000002fb72000-0x000000002fb7ffff]
Dec  3 19:34:23 ubuntu kernel: [    0.000000]   node   0: [mem 0x000000002fb80000-0x000000002fb80fff]
Dec  3 19:34:23 ubuntu kernel: [    0.000000]   node   0: [mem 0x000000002fb81000-0x000000002fb8ffff]
Dec  3 19:34:23 ubuntu kernel: [    0.000000]   node   0: [mem 0x000000002fb90000-0x000000002fb91fff]
Dec  3 19:34:23 ubuntu kernel: [    0.000000]   node   0: [mem 0x000000002fb92000-0x000000002fbaffff]
Dec  3 19:34:23 ubuntu kernel: [    0.000000]   node   0: [mem 0x000000002fbb0000-0x000000002fbb1fff]
Dec  3 19:34:23 ubuntu kernel: [    0.000000]   node   0: [mem 0x000000002fbb2000-0x000000002fbcffff]
Dec  3 19:34:23 ubuntu kernel: [    0.000000]   node   0: [mem 0x000000002fbd0000-0x000000002fbd0fff]
Dec  3 19:34:23 ubuntu kernel: [    0.000000]   node   0: [mem 0x000000002fbd1000-0x000000002fbdffff]
Dec  3 19:34:23 ubuntu kernel: [    0.000000]   node   0: [mem 0x000000002fbe0000-0x000000002fbfffff]
Dec  3 19:34:23 ubuntu kernel: [    0.000000]   node   0: [mem 0x000000002fc00000-0x000000002fc5ffff]
Dec  3 19:34:23 ubuntu kernel: [    0.000000]   node   0: [mem 0x000000002fc60000-0x000000002fe5ffff]
Dec  3 19:34:23 ubuntu kernel: [    0.000000]   node   0: [mem 0x000000002fe60000-0x000000002fe60fff]
Dec  3 19:34:23 ubuntu kernel: [    0.000000]   node   0: [mem 0x000000002fe61000-0x000000002fe64fff]
Dec  3 19:34:23 ubuntu kernel: [    0.000000]   node   0: [mem 0x000000002fe65000-0x000000002fe6afff]
Dec  3 19:34:23 ubuntu kernel: [    0.000000]   node   0: [mem 0x000000002fe6b000-0x000000002fe6bfff]
Dec  3 19:34:23 ubuntu kernel: [    0.000000]   node   0: [mem 0x000000002fe6c000-0x000000003f02ffff]
Dec  3 19:34:23 ubuntu kernel: [    0.000000]   node   0: [mem 0x000000003f030000-0x000000003f05ffff]
Dec  3 19:34:23 ubuntu kernel: [    0.000000]   node   0: [mem 0x000000003f060000-0x000000003fbfffff]
Dec  3 19:34:23 ubuntu kernel: [    0.000000]   node   0: [mem 0x0000000040000000-0x0000000043ffffff]
Dec  3 19:34:23 ubuntu kernel: [    0.000000]   node   0: [mem 0x0000000044030000-0x000000004fffffff]
Dec  3 19:34:23 ubuntu kernel: [    0.000000]   node   0: [mem 0x0000000050000000-0x000000007fffffff]
Dec  3 19:34:23 ubuntu kernel: [    0.000000]   node   0: [mem 0x0000002080000000-0x00000027ffffffff]
Dec  3 19:34:23 ubuntu kernel: [    0.000000]   node   1: [mem 0x0000002800000000-0x0000002fffffffff]
Dec  3 19:34:23 ubuntu kernel: [    0.000000]   node   2: [mem 0x0000202000000000-0x00002027ffffffff]
Dec  3 19:34:23 ubuntu kernel: [    0.000000]   node   3: [mem 0x0000202800000000-0x0000202fffffffff]
Dec  3 19:34:23 ubuntu kernel: [    0.000000] Zeroed struct page in unavailable ranges: 829 pages
Dec  3 19:34:23 ubuntu kernel: [    0.000000] Initmem setup node 0 [mem 0x0000000000000000-0x00000027ffffffff]
Dec  3 19:34:23 ubuntu kernel: [    0.000000] On node 0 totalpages: 8387536
Dec  3 19:34:23 ubuntu kernel: [    0.000000]   DMA zone: 5120 pages used for memmap
Dec  3 19:34:23 ubuntu kernel: [    0.000000]   DMA zone: 0 pages reserved
Dec  3 19:34:23 ubuntu kernel: [    0.000000]   DMA zone: 261120 pages, LIFO batch:63
Dec  3 19:34:23 ubuntu kernel: [    0.000000]   DMA32 zone: 5120 pages used for memmap
Dec  3 19:34:23 ubuntu kernel: [    0.000000]   DMA32 zone: 262096 pages, LIFO batch:63
Dec  3 19:34:23 ubuntu kernel: [    0.000000]   Normal zone: 153600 pages used for memmap
Dec  3 19:34:23 ubuntu kernel: [    0.000000]   Normal zone: 7864320 pages, LIFO batch:63
Dec  3 19:34:23 ubuntu kernel: [    0.000000] Initmem setup node 1 [mem 0x0000002800000000-0x0000002fffffffff]
Dec  3 19:34:23 ubuntu kernel: [    0.000000] On node 1 totalpages: 8388608
Dec  3 19:34:23 ubuntu kernel: [    0.000000]   Normal zone: 163840 pages used for memmap
Dec  3 19:34:23 ubuntu kernel: [    0.000000]   Normal zone: 8388608 pages, LIFO batch:63
Dec  3 19:34:23 ubuntu kernel: [    0.000000] Initmem setup node 2 [mem 0x0000202000000000-0x00002027ffffffff]
Dec  3 19:34:23 ubuntu kernel: [    0.000000] On node 2 totalpages: 8388608
Dec  3 19:34:23 ubuntu kernel: [    0.000000]   Normal zone: 163840 pages used for memmap
Dec  3 19:34:23 ubuntu kernel: [    0.000000]   Normal zone: 8388608 pages, LIFO batch:63
Dec  3 19:34:23 ubuntu kernel: [    0.000000] Initmem setup node 3 [mem 0x0000202800000000-0x0000202fffffffff]
Dec  3 19:34:23 ubuntu kernel: [    0.000000] On node 3 totalpages: 8388608
Dec  3 19:34:23 ubuntu kernel: [    0.000000]   Normal zone: 163840 pages used for memmap
Dec  3 19:34:23 ubuntu kernel: [    0.000000]   Normal zone: 8388608 pages, LIFO batch:63
Dec  3 19:34:23 ubuntu kernel: [    0.000000] psci: probing for conduit method from ACPI.
Dec  3 19:34:23 ubuntu kernel: [    0.000000] psci: PSCIv1.1 detected in firmware.
Dec  3 19:34:23 ubuntu kernel: [    0.000000] psci: Using standard PSCI v0.2 function IDs
Dec  3 19:34:23 ubuntu kernel: [    0.000000] psci: MIGRATE_INFO_TYPE not supported.
Dec  3 19:34:23 ubuntu kernel: [    0.000000] psci: SMC Calling Convention v1.1
Dec  3 19:34:23 ubuntu kernel: [    0.000000] ACPI: NUMA: SRAT: PXM 0 -> MPIDR 0x80000 -> Node 0
Dec  3 19:34:23 ubuntu kernel: [    0.000000] ACPI: NUMA: SRAT: PXM 0 -> MPIDR 0x80100 -> Node 0
Dec  3 19:34:23 ubuntu kernel: [    0.000000] ACPI: NUMA: SRAT: PXM 0 -> MPIDR 0x80200 -> Node 0
Dec  3 19:34:23 ubuntu kernel: [    0.000000] ACPI: NUMA: SRAT: PXM 0 -> MPIDR 0x80300 -> Node 0
Dec  3 19:34:23 ubuntu kernel: [    0.000000] ACPI: NUMA: SRAT: PXM 0 -> MPIDR 0x90000 -> Node 0
Dec  3 19:34:23 ubuntu kernel: [    0.000000] ACPI: NUMA: SRAT: PXM 0 -> MPIDR 0x90100 -> Node 0
Dec  3 19:34:23 ubuntu kernel: [    0.000000] ACPI: NUMA: SRAT: PXM 0 -> MPIDR 0x90200 -> Node 0
Dec  3 19:34:23 ubuntu kernel: [    0.000000] ACPI: NUMA: SRAT: PXM 0 -> MPIDR 0x90300 -> Node 0
Dec  3 19:34:23 ubuntu kernel: [    0.000000] ACPI: NUMA: SRAT: PXM 0 -> MPIDR 0xa0000 -> Node 0
Dec  3 19:34:23 ubuntu kernel: [    0.000000] ACPI: NUMA: SRAT: PXM 0 -> MPIDR 0xa0100 -> Node 0
Dec  3 19:34:23 ubuntu kernel: [    0.000000] ACPI: NUMA: SRAT: PXM 0 -> MPIDR 0xa0200 -> Node 0
Dec  3 19:34:23 ubuntu kernel: [    0.000000] ACPI: NUMA: SRAT: PXM 0 -> MPIDR 0xa0300 -> Node 0
Dec  3 19:34:23 ubuntu kernel: [    0.000000] ACPI: NUMA: SRAT: PXM 0 -> MPIDR 0xb0000 -> Node 0
Dec  3 19:34:23 ubuntu kernel: [    0.000000] ACPI: NUMA: SRAT: PXM 0 -> MPIDR 0xb0100 -> Node 0
Dec  3 19:34:23 ubuntu kernel: [    0.000000] ACPI: NUMA: SRAT: PXM 0 -> MPIDR 0xb0200 -> Node 0
Dec  3 19:34:23 ubuntu kernel: [    0.000000] ACPI: NUMA: SRAT: PXM 0 -> MPIDR 0xb0300 -> Node 0
Dec  3 19:34:23 ubuntu kernel: [    0.000000] ACPI: NUMA: SRAT: PXM 0 -> MPIDR 0xc0000 -> Node 0
Dec  3 19:34:23 ubuntu kernel: [    0.000000] ACPI: NUMA: SRAT: PXM 0 -> MPIDR 0xc0100 -> Node 0
Dec  3 19:34:23 ubuntu kernel: [    0.000000] ACPI: NUMA: SRAT: PXM 0 -> MPIDR 0xc0200 -> Node 0
Dec  3 19:34:23 ubuntu kernel: [    0.000000] ACPI: NUMA: SRAT: PXM 0 -> MPIDR 0xc0300 -> Node 0
Dec  3 19:34:23 ubuntu kernel: [    0.000000] ACPI: NUMA: SRAT: PXM 0 -> MPIDR 0xd0000 -> Node 0
Dec  3 19:34:23 ubuntu kernel: [    0.000000] ACPI: NUMA: SRAT: PXM 0 -> MPIDR 0xd0100 -> Node 0
Dec  3 19:34:23 ubuntu kernel: [    0.000000] ACPI: NUMA: SRAT: PXM 0 -> MPIDR 0xd0200 -> Node 0
Dec  3 19:34:23 ubuntu kernel: [    0.000000] ACPI: NUMA: SRAT: PXM 0 -> MPIDR 0xd0300 -> Node 0
Dec  3 19:34:23 ubuntu kernel: [    0.000000] ACPI: NUMA: SRAT: PXM 1 -> MPIDR 0x180000 -> Node 1
Dec  3 19:34:23 ubuntu kernel: [    0.000000] ACPI: NUMA: SRAT: PXM 1 -> MPIDR 0x180100 -> Node 1
Dec  3 19:34:23 ubuntu kernel: [    0.000000] ACPI: NUMA: SRAT: PXM 1 -> MPIDR 0x180200 -> Node 1
Dec  3 19:34:23 ubuntu kernel: [    0.000000] ACPI: NUMA: SRAT: PXM 1 -> MPIDR 0x180300 -> Node 1
Dec  3 19:34:23 ubuntu kernel: [    0.000000] ACPI: NUMA: SRAT: PXM 1 -> MPIDR 0x190000 -> Node 1
Dec  3 19:34:23 ubuntu kernel: [    0.000000] ACPI: NUMA: SRAT: PXM 1 -> MPIDR 0x190100 -> Node 1
Dec  3 19:34:23 ubuntu kernel: [    0.000000] ACPI: NUMA: SRAT: PXM 1 -> MPIDR 0x190200 -> Node 1
Dec  3 19:34:23 ubuntu kernel: [    0.000000] ACPI: NUMA: SRAT: PXM 1 -> MPIDR 0x190300 -> Node 1
Dec  3 19:34:23 ubuntu kernel: [    0.000000] ACPI: NUMA: SRAT: PXM 1 -> MPIDR 0x1a0000 -> Node 1
Dec  3 19:34:23 ubuntu kernel: [    0.000000] ACPI: NUMA: SRAT: PXM 1 -> MPIDR 0x1a0100 -> Node 1
Dec  3 19:34:23 ubuntu kernel: [    0.000000] ACPI: NUMA: SRAT: PXM 1 -> MPIDR 0x1a0200 -> Node 1
Dec  3 19:34:23 ubuntu kernel: [    0.000000] ACPI: NUMA: SRAT: PXM 1 -> MPIDR 0x1a0300 -> Node 1
Dec  3 19:34:23 ubuntu kernel: [    0.000000] ACPI: NUMA: SRAT: PXM 1 -> MPIDR 0x1b0000 -> Node 1
Dec  3 19:34:23 ubuntu kernel: [    0.000000] ACPI: NUMA: SRAT: PXM 1 -> MPIDR 0x1b0100 -> Node 1
Dec  3 19:34:23 ubuntu kernel: [    0.000000] ACPI: NUMA: SRAT: PXM 1 -> MPIDR 0x1b0200 -> Node 1
Dec  3 19:34:23 ubuntu kernel: [    0.000000] ACPI: NUMA: SRAT: PXM 1 -> MPIDR 0x1b0300 -> Node 1
Dec  3 19:34:23 ubuntu kernel: [    0.000000] ACPI: NUMA: SRAT: PXM 1 -> MPIDR 0x1c0000 -> Node 1
Dec  3 19:34:23 ubuntu kernel: [    0.000000] ACPI: NUMA: SRAT: PXM 1 -> MPIDR 0x1c0100 -> Node 1
Dec  3 19:34:23 ubuntu kernel: [    0.000000] ACPI: NUMA: SRAT: PXM 1 -> MPIDR 0x1c0200 -> Node 1
Dec  3 19:34:23 ubuntu kernel: [    0.000000] ACPI: NUMA: SRAT: PXM 1 -> MPIDR 0x1c0300 -> Node 1
Dec  3 19:34:23 ubuntu kernel: [    0.000000] ACPI: NUMA: SRAT: PXM 1 -> MPIDR 0x1d0000 -> Node 1
Dec  3 19:34:23 ubuntu kernel: [    0.000000] ACPI: NUMA: SRAT: PXM 1 -> MPIDR 0x1d0100 -> Node 1
Dec  3 19:34:23 ubuntu kernel: [    0.000000] ACPI: NUMA: SRAT: PXM 1 -> MPIDR 0x1d0200 -> Node 1
Dec  3 19:34:23 ubuntu kernel: [    0.000000] ACPI: NUMA: SRAT: PXM 1 -> MPIDR 0x1d0300 -> Node 1
Dec  3 19:34:23 ubuntu kernel: [    0.000000] ACPI: NUMA: SRAT: PXM 2 -> MPIDR 0x280000 -> Node 2
Dec  3 19:34:23 ubuntu kernel: [    0.000000] ACPI: NUMA: SRAT: PXM 2 -> MPIDR 0x280100 -> Node 2
Dec  3 19:34:23 ubuntu kernel: [    0.000000] ACPI: NUMA: SRAT: PXM 2 -> MPIDR 0x280200 -> Node 2
Dec  3 19:34:23 ubuntu kernel: [    0.000000] ACPI: NUMA: SRAT: PXM 2 -> MPIDR 0x280300 -> Node 2
Dec  3 19:34:23 ubuntu kernel: [    0.000000] ACPI: NUMA: SRAT: PXM 2 -> MPIDR 0x290000 -> Node 2
Dec  3 19:34:23 ubuntu kernel: [    0.000000] ACPI: NUMA: SRAT: PXM 2 -> MPIDR 0x290100 -> Node 2
Dec  3 19:34:23 ubuntu kernel: [    0.000000] ACPI: NUMA: SRAT: PXM 2 -> MPIDR 0x290200 -> Node 2
Dec  3 19:34:23 ubuntu kernel: [    0.000000] ACPI: NUMA: SRAT: PXM 2 -> MPIDR 0x290300 -> Node 2
Dec  3 19:34:23 ubuntu kernel: [    0.000000] ACPI: NUMA: SRAT: PXM 2 -> MPIDR 0x2a0000 -> Node 2
Dec  3 19:34:23 ubuntu kernel: [    0.000000] ACPI: NUMA: SRAT: PXM 2 -> MPIDR 0x2a0100 -> Node 2
Dec  3 19:34:23 ubuntu kernel: [    0.000000] ACPI: NUMA: SRAT: PXM 2 -> MPIDR 0x2a0200 -> Node 2
Dec  3 19:34:23 ubuntu kernel: [    0.000000] ACPI: NUMA: SRAT: PXM 2 -> MPIDR 0x2a0300 -> Node 2
Dec  3 19:34:23 ubuntu kernel: [    0.000000] ACPI: NUMA: SRAT: PXM 2 -> MPIDR 0x2b0000 -> Node 2
Dec  3 19:34:23 ubuntu kernel: [    0.000000] ACPI: NUMA: SRAT: PXM 2 -> MPIDR 0x2b0100 -> Node 2
Dec  3 19:34:23 ubuntu kernel: [    0.000000] ACPI: NUMA: SRAT: PXM 2 -> MPIDR 0x2b0200 -> Node 2
Dec  3 19:34:23 ubuntu kernel: [    0.000000] ACPI: NUMA: SRAT: PXM 2 -> MPIDR 0x2b0300 -> Node 2
Dec  3 19:34:23 ubuntu kernel: [    0.000000] ACPI: NUMA: SRAT: PXM 2 -> MPIDR 0x2c0000 -> Node 2
Dec  3 19:34:23 ubuntu kernel: [    0.000000] ACPI: NUMA: SRAT: PXM 2 -> MPIDR 0x2c0100 -> Node 2
Dec  3 19:34:23 ubuntu kernel: [    0.000000] ACPI: NUMA: SRAT: PXM 2 -> MPIDR 0x2c0200 -> Node 2
Dec  3 19:34:23 ubuntu kernel: [    0.000000] ACPI: NUMA: SRAT: PXM 2 -> MPIDR 0x2c0300 -> Node 2
Dec  3 19:34:23 ubuntu kernel: [    0.000000] ACPI: NUMA: SRAT: PXM 2 -> MPIDR 0x2d0000 -> Node 2
Dec  3 19:34:23 ubuntu kernel: [    0.000000] ACPI: NUMA: SRAT: PXM 2 -> MPIDR 0x2d0100 -> Node 2
Dec  3 19:34:23 ubuntu kernel: [    0.000000] ACPI: NUMA: SRAT: PXM 2 -> MPIDR 0x2d0200 -> Node 2
Dec  3 19:34:23 ubuntu kernel: [    0.000000] ACPI: NUMA: SRAT: PXM 2 -> MPIDR 0x2d0300 -> Node 2
Dec  3 19:34:23 ubuntu kernel: [    0.000000] ACPI: NUMA: SRAT: PXM 3 -> MPIDR 0x380000 -> Node 3
Dec  3 19:34:23 ubuntu kernel: [    0.000000] ACPI: NUMA: SRAT: PXM 3 -> MPIDR 0x380100 -> Node 3
Dec  3 19:34:23 ubuntu kernel: [    0.000000] ACPI: NUMA: SRAT: PXM 3 -> MPIDR 0x380200 -> Node 3
Dec  3 19:34:23 ubuntu kernel: [    0.000000] ACPI: NUMA: SRAT: PXM 3 -> MPIDR 0x380300 -> Node 3
Dec  3 19:34:23 ubuntu kernel: [    0.000000] ACPI: NUMA: SRAT: PXM 3 -> MPIDR 0x390000 -> Node 3
Dec  3 19:34:23 ubuntu kernel: [    0.000000] ACPI: NUMA: SRAT: PXM 3 -> MPIDR 0x390100 -> Node 3
Dec  3 19:34:23 ubuntu kernel: [    0.000000] ACPI: NUMA: SRAT: PXM 3 -> MPIDR 0x390200 -> Node 3
Dec  3 19:34:23 ubuntu kernel: [    0.000000] ACPI: NUMA: SRAT: PXM 3 -> MPIDR 0x390300 -> Node 3
Dec  3 19:34:23 ubuntu kernel: [    0.000000] ACPI: NUMA: SRAT: PXM 3 -> MPIDR 0x3a0000 -> Node 3
Dec  3 19:34:23 ubuntu kernel: [    0.000000] ACPI: NUMA: SRAT: PXM 3 -> MPIDR 0x3a0100 -> Node 3
Dec  3 19:34:23 ubuntu kernel: [    0.000000] ACPI: NUMA: SRAT: PXM 3 -> MPIDR 0x3a0200 -> Node 3
Dec  3 19:34:23 ubuntu kernel: [    0.000000] ACPI: NUMA: SRAT: PXM 3 -> MPIDR 0x3a0300 -> Node 3
Dec  3 19:34:23 ubuntu kernel: [    0.000000] ACPI: NUMA: SRAT: PXM 3 -> MPIDR 0x3b0000 -> Node 3
Dec  3 19:34:23 ubuntu kernel: [    0.000000] ACPI: NUMA: SRAT: PXM 3 -> MPIDR 0x3b0100 -> Node 3
Dec  3 19:34:23 ubuntu kernel: [    0.000000] ACPI: NUMA: SRAT: PXM 3 -> MPIDR 0x3b0200 -> Node 3
Dec  3 19:34:23 ubuntu kernel: [    0.000000] ACPI: NUMA: SRAT: PXM 3 -> MPIDR 0x3b0300 -> Node 3
Dec  3 19:34:23 ubuntu kernel: [    0.000000] ACPI: NUMA: SRAT: PXM 3 -> MPIDR 0x3c0000 -> Node 3
Dec  3 19:34:23 ubuntu kernel: [    0.000000] ACPI: NUMA: SRAT: PXM 3 -> MPIDR 0x3c0100 -> Node 3
Dec  3 19:34:23 ubuntu kernel: [    0.000000] ACPI: NUMA: SRAT: PXM 3 -> MPIDR 0x3c0200 -> Node 3
Dec  3 19:34:23 ubuntu kernel: [    0.000000] ACPI: NUMA: SRAT: PXM 3 -> MPIDR 0x3c0300 -> Node 3
Dec  3 19:34:23 ubuntu kernel: [    0.000000] ACPI: NUMA: SRAT: PXM 3 -> MPIDR 0x3d0000 -> Node 3
Dec  3 19:34:23 ubuntu kernel: [    0.000000] ACPI: NUMA: SRAT: PXM 3 -> MPIDR 0x3d0100 -> Node 3
Dec  3 19:34:23 ubuntu kernel: [    0.000000] ACPI: NUMA: SRAT: PXM 3 -> MPIDR 0x3d0200 -> Node 3
Dec  3 19:34:23 ubuntu kernel: [    0.000000] ACPI: NUMA: SRAT: PXM 3 -> MPIDR 0x3d0300 -> Node 3
Dec  3 19:34:23 ubuntu kernel: [    0.000000] percpu: Embedded 33 pages/cpu s94616 r8192 d32360 u135168
Dec  3 19:34:23 ubuntu kernel: [    0.000000] pcpu-alloc: s94616 r8192 d32360 u135168 alloc=33*4096
Dec  3 19:34:23 ubuntu kernel: [    0.000000] pcpu-alloc: [0] 00 [0] 01 [0] 02 [0] 03 [0] 04 [0] 05 [0] 06 [0] 07 
Dec  3 19:34:23 ubuntu kernel: [    0.000000] pcpu-alloc: [0] 08 [0] 09 [0] 10 [0] 11 [0] 12 [0] 13 [0] 14 [0] 15 
Dec  3 19:34:23 ubuntu kernel: [    0.000000] pcpu-alloc: [0] 16 [0] 17 [0] 18 [0] 19 [0] 20 [0] 21 [0] 22 [0] 23 
Dec  3 19:34:23 ubuntu kernel: [    0.000000] pcpu-alloc: [1] 24 [1] 25 [1] 26 [1] 27 [1] 28 [1] 29 [1] 30 [1] 31 
Dec  3 19:34:23 ubuntu kernel: [    0.000000] pcpu-alloc: [1] 32 [1] 33 [1] 34 [1] 35 [1] 36 [1] 37 [1] 38 [1] 39 
Dec  3 19:34:23 ubuntu kernel: [    0.000000] pcpu-alloc: [1] 40 [1] 41 [1] 42 [1] 43 [1] 44 [1] 45 [1] 46 [1] 47 
Dec  3 19:34:23 ubuntu kernel: [    0.000000] pcpu-alloc: [2] 48 [2] 49 [2] 50 [2] 51 [2] 52 [2] 53 [2] 54 [2] 55 
Dec  3 19:34:23 ubuntu kernel: [    0.000000] pcpu-alloc: [2] 56 [2] 57 [2] 58 [2] 59 [2] 60 [2] 61 [2] 62 [2] 63 
Dec  3 19:34:23 ubuntu kernel: [    0.000000] pcpu-alloc: [2] 64 [2] 65 [2] 66 [2] 67 [2] 68 [2] 69 [2] 70 [2] 71 
Dec  3 19:34:23 ubuntu kernel: [    0.000000] pcpu-alloc: [3] 72 [3] 73 [3] 74 [3] 75 [3] 76 [3] 77 [3] 78 [3] 79 
Dec  3 19:34:23 ubuntu kernel: [    0.000000] pcpu-alloc: [3] 80 [3] 81 [3] 82 [3] 83 [3] 84 [3] 85 [3] 86 [3] 87 
Dec  3 19:34:23 ubuntu kernel: [    0.000000] pcpu-alloc: [3] 88 [3] 89 [3] 90 [3] 91 [3] 92 [3] 93 [3] 94 [3] 95 
Dec  3 19:34:23 ubuntu kernel: [    0.000000] Detected VIPT I-cache on CPU0
Dec  3 19:34:23 ubuntu kernel: [    0.000000] CPU features: detected: GIC system register CPU interface
Dec  3 19:34:23 ubuntu kernel: [    0.000000] CPU features: detected: Virtualization Host Extensions
Dec  3 19:34:23 ubuntu kernel: [    0.000000] CPU features: detected: Hardware dirty bit management
Dec  3 19:34:23 ubuntu kernel: [    0.000000] alternatives: patching kernel code
Dec  3 19:34:23 ubuntu kernel: [    0.000000] Built 4 zonelists, mobility grouping on.  Total pages: 32898000
Dec  3 19:34:23 ubuntu kernel: [    0.000000] Policy zone: Normal
Dec  3 19:34:23 ubuntu kernel: [    0.000000] Kernel command line: BOOT_IMAGE=/boot/vmlinuz-5.7.1 root=UUID=87f15ea3-75f7-4c9d-add6-30cc3fc19001 ro text
Dec  3 19:34:23 ubuntu kernel: [    0.000000] printk: log_buf_len individual max cpu contribution: 4096 bytes
Dec  3 19:34:23 ubuntu kernel: [    0.000000] printk: log_buf_len total cpu_extra contributions: 389120 bytes
Dec  3 19:34:23 ubuntu kernel: [    0.000000] printk: log_buf_len min size: 262144 bytes
Dec  3 19:34:23 ubuntu kernel: [    0.000000] printk: log_buf_len: 1048576 bytes
Dec  3 19:34:23 ubuntu kernel: [    0.000000] printk: early log buf free: 245796(93%)
Dec  3 19:34:23 ubuntu kernel: [    0.000000] mem auto-init: stack:off, heap alloc:on, heap free:off
Dec  3 19:34:23 ubuntu kernel: [    0.000000] software IO TLB: mapped [mem 0x3b030000-0x3f030000] (64MB)
Dec  3 19:34:23 ubuntu kernel: [    0.000000] Memory: 130841752K/134213440K available (14204K kernel code, 2354K rwdata, 6864K rodata, 7040K init, 1132K bss, 3338920K reserved, 32768K cma-reserved)
Dec  3 19:34:23 ubuntu kernel: [    0.000000] random: get_random_u64 called from __kmem_cache_create+0x54/0x5d8 with crng_init=0
Dec  3 19:34:23 ubuntu kernel: [    0.000000] SLUB: HWalign=64, Order=0-3, MinObjects=0, CPUs=96, Nodes=4
Dec  3 19:34:23 ubuntu kernel: [    0.000000] ftrace: allocating 46107 entries in 181 pages
Dec  3 19:34:23 ubuntu kernel: [    0.000000] ftrace: allocated 181 pages with 5 groups
Dec  3 19:34:23 ubuntu kernel: [    0.000000] rcu: Hierarchical RCU implementation.
Dec  3 19:34:23 ubuntu kernel: [    0.000000] rcu: 	RCU restricting CPUs from NR_CPUS=256 to nr_cpu_ids=96.
Dec  3 19:34:23 ubuntu kernel: [    0.000000] 	Tasks RCU enabled.
Dec  3 19:34:23 ubuntu kernel: [    0.000000] rcu: RCU calculated value of scheduler-enlistment delay is 25 jiffies.
Dec  3 19:34:23 ubuntu kernel: [    0.000000] rcu: Adjusting geometry for rcu_fanout_leaf=16, nr_cpu_ids=96
Dec  3 19:34:23 ubuntu kernel: [    0.000000] NR_IRQS: 64, nr_irqs: 64, preallocated irqs: 0
Dec  3 19:34:23 ubuntu kernel: [    0.000000] GICv3: GIC: Using split EOI/Deactivate mode
Dec  3 19:34:23 ubuntu kernel: [    0.000000] GICv3: 640 SPIs implemented
Dec  3 19:34:23 ubuntu kernel: [    0.000000] GICv3: 0 Extended SPIs implemented
Dec  3 19:34:23 ubuntu kernel: [    0.000000] GICv3: Distributor has no Range Selector support
Dec  3 19:34:23 ubuntu kernel: [    0.000000] GICv3: 16 PPIs implemented
Dec  3 19:34:23 ubuntu kernel: [    0.000000] GICv3: GICv4 features: DirectLPI 
Dec  3 19:34:23 ubuntu kernel: [    0.000000] GICv3: CPU0: found redistributor 80000 region 0:0x00000000ae100000
Dec  3 19:34:23 ubuntu kernel: [    0.000000] SRAT: PXM 0 -> ITS 0 -> Node 0
Dec  3 19:34:23 ubuntu kernel: [    0.000000] SRAT: PXM 2 -> ITS 1 -> Node 2
Dec  3 19:34:23 ubuntu kernel: [    0.000000] ITS [mem 0x202100000-0x20211ffff]
Dec  3 19:34:23 ubuntu kernel: [    0.000000] ITS@0x0000000202100000: Using ITS number 0
Dec  3 19:34:23 ubuntu kernel: [    0.000000] ITS@0x0000000202100000: allocated 65536 Devices @27ffb80000 (flat, esz 8, psz 16K, shr 1)
Dec  3 19:34:23 ubuntu kernel: [    0.000000] ITS@0x0000000202100000: allocated 65536 Virtual CPUs @27ff000000 (flat, esz 16, psz 4K, shr 1)
Dec  3 19:34:23 ubuntu kernel: [    0.000000] ITS@0x0000000202100000: allocated 256 Interrupt Collections @27ffb01000 (flat, esz 16, psz 4K, shr 1)
Dec  3 19:34:23 ubuntu kernel: [    0.000000] ITS [mem 0x200202100000-0x20020211ffff]
Dec  3 19:34:23 ubuntu kernel: [    0.000000] ITS@0x0000200202100000: Using ITS number 1
Dec  3 19:34:23 ubuntu kernel: [    0.000000] ITS@0x0000200202100000: allocated 65536 Devices @2027ff880000 (flat, esz 8, psz 16K, shr 1)
Dec  3 19:34:23 ubuntu kernel: [    0.000000] ITS@0x0000200202100000: allocated 65536 Virtual CPUs @2027ff900000 (flat, esz 16, psz 4K, shr 1)
Dec  3 19:34:23 ubuntu kernel: [    0.000000] ITS@0x0000200202100000: allocated 256 Interrupt Collections @2027ff801000 (flat, esz 16, psz 4K, shr 1)
Dec  3 19:34:23 ubuntu kernel: [    0.000000] GICv3: using LPI property table @0x00000027ffb20000
Dec  3 19:34:23 ubuntu kernel: [    0.000000] ITS: Using DirectLPI for VPE invalidation
Dec  3 19:34:23 ubuntu kernel: [    0.000000] ITS: Enabling GICv4 support
Dec  3 19:34:23 ubuntu kernel: [    0.000000] GICv3: CPU0: using allocated LPI pending table @0x00000027ffb30000
Dec  3 19:34:23 ubuntu kernel: [    0.000000] arch_timer: cp15 timer(s) running at 100.00MHz (phys).
Dec  3 19:34:23 ubuntu kernel: [    0.000000] clocksource: arch_sys_counter: mask: 0xffffffffffffff max_cycles: 0x171024e7e0, max_idle_ns: 440795205315 ns
Dec  3 19:34:23 ubuntu kernel: [    0.000001] sched_clock: 56 bits at 100MHz, resolution 10ns, wraps every 4398046511100ns
Dec  3 19:34:23 ubuntu kernel: [    0.000109] Console: colour dummy device 80x25
Dec  3 19:34:23 ubuntu kernel: [    0.000436] printk: console [tty0] enabled
Dec  3 19:34:23 ubuntu kernel: [    0.000497] mempolicy: Enabling automatic NUMA balancing. Configure with numa_balancing= or the kernel.numa_balancing sysctl
Dec  3 19:34:23 ubuntu kernel: [    0.000512] ACPI: Core revision 20200326
Dec  3 19:34:23 ubuntu kernel: [    0.000710] Calibrating delay loop (skipped), value calculated using timer frequency.. 200.00 BogoMIPS (lpj=400000)
Dec  3 19:34:23 ubuntu kernel: [    0.000715] pid_max: default: 98304 minimum: 768
Dec  3 19:34:23 ubuntu kernel: [    0.000793] LSM: Security Framework initializing
Dec  3 19:34:23 ubuntu kernel: [    0.000800] Yama: becoming mindful.
Dec  3 19:34:23 ubuntu kernel: [    0.000831] AppArmor: AppArmor initialized
Dec  3 19:34:23 ubuntu kernel: [    0.012321] Dentry cache hash table entries: 8388608 (order: 14, 67108864 bytes, vmalloc)
Dec  3 19:34:23 ubuntu kernel: [    0.018576] Inode-cache hash table entries: 4194304 (order: 13, 33554432 bytes, vmalloc)
Dec  3 19:34:23 ubuntu kernel: [    0.018847] Mount-cache hash table entries: 131072 (order: 8, 1048576 bytes, vmalloc)
Dec  3 19:34:23 ubuntu kernel: [    0.019077] Mountpoint-cache hash table entries: 131072 (order: 8, 1048576 bytes, vmalloc)
Dec  3 19:34:23 ubuntu kernel: [    0.021479] rcu: Hierarchical SRCU implementation.
Dec  3 19:34:23 ubuntu kernel: [    0.021932] Platform MSI: ITS@0x202100000 domain created
Dec  3 19:34:23 ubuntu kernel: [    0.021936] Platform MSI: ITS@0x200202100000 domain created
Dec  3 19:34:23 ubuntu kernel: [    0.021942] PCI/MSI: ITS@0x202100000 domain created
Dec  3 19:34:23 ubuntu kernel: [    0.021945] PCI/MSI: ITS@0x200202100000 domain created
Dec  3 19:34:23 ubuntu kernel: [    0.021957] Remapping and enabling EFI services.
Dec  3 19:34:23 ubuntu kernel: [    0.022168] efi: memattr: Entry attributes invalid: RO and XP bits both cleared
Dec  3 19:34:23 ubuntu kernel: [    0.022172] efi: memattr: ! 0x000000000000-0x00000000ffff [Runtime Code       |RUN|  |  |  |  |  |  |  |   |  |  |  |  ]
Dec  3 19:34:23 ubuntu kernel: [    0.023326] smp: Bringing up secondary CPUs ...
Dec  3 19:34:23 ubuntu kernel: [    0.053161] Detected VIPT I-cache on CPU1
Dec  3 19:34:23 ubuntu kernel: [    0.053168] GICv3: CPU1: found redistributor 80100 region 1:0x00000000ae140000
Dec  3 19:34:23 ubuntu kernel: [    0.053183] GICv3: CPU1: using allocated LPI pending table @0x00000027ffb40000
Dec  3 19:34:23 ubuntu kernel: [    0.053219] CPU1: Booted secondary processor 0x0000080100 [0x481fd010]
Dec  3 19:34:23 ubuntu kernel: [    0.085704] Detected VIPT I-cache on CPU2
Dec  3 19:34:23 ubuntu kernel: [    0.085708] GICv3: CPU2: found redistributor 80200 region 2:0x00000000ae180000
Dec  3 19:34:23 ubuntu kernel: [    0.085720] GICv3: CPU2: using allocated LPI pending table @0x00000027ffb50000
Dec  3 19:34:23 ubuntu kernel: [    0.085751] CPU2: Booted secondary processor 0x0000080200 [0x481fd010]
Dec  3 19:34:23 ubuntu kernel: [    0.118254] Detected VIPT I-cache on CPU3
Dec  3 19:34:23 ubuntu kernel: [    0.118259] GICv3: CPU3: found redistributor 80300 region 3:0x00000000ae1c0000
Dec  3 19:34:23 ubuntu kernel: [    0.118272] GICv3: CPU3: using allocated LPI pending table @0x00000027ffb60000
Dec  3 19:34:23 ubuntu kernel: [    0.118303] CPU3: Booted secondary processor 0x0000080300 [0x481fd010]
Dec  3 19:34:23 ubuntu kernel: [    0.150984] Detected VIPT I-cache on CPU4
Dec  3 19:34:23 ubuntu kernel: [    0.150992] GICv3: CPU4: found redistributor 90000 region 4:0x00000000ae200000
Dec  3 19:34:23 ubuntu kernel: [    0.151015] GICv3: CPU4: using allocated LPI pending table @0x00000027ffb70000
Dec  3 19:34:23 ubuntu kernel: [    0.151051] CPU4: Booted secondary processor 0x0000090000 [0x481fd010]
Dec  3 19:34:23 ubuntu kernel: [    0.183702] Detected VIPT I-cache on CPU5
Dec  3 19:34:23 ubuntu kernel: [    0.183707] GICv3: CPU5: found redistributor 90100 region 5:0x00000000ae240000
Dec  3 19:34:23 ubuntu kernel: [    0.183720] GICv3: CPU5: using allocated LPI pending table @0x00000027ff100000
Dec  3 19:34:23 ubuntu kernel: [    0.183752] CPU5: Booted secondary processor 0x0000090100 [0x481fd010]
Dec  3 19:34:23 ubuntu kernel: [    0.216425] Detected VIPT I-cache on CPU6
Dec  3 19:34:23 ubuntu kernel: [    0.216430] GICv3: CPU6: found redistributor 90200 region 6:0x00000000ae280000
Dec  3 19:34:23 ubuntu kernel: [    0.216443] GICv3: CPU6: using allocated LPI pending table @0x00000027ff110000
Dec  3 19:34:23 ubuntu kernel: [    0.216475] CPU6: Booted secondary processor 0x0000090200 [0x481fd010]
Dec  3 19:34:23 ubuntu kernel: [    0.249148] Detected VIPT I-cache on CPU7
Dec  3 19:34:23 ubuntu kernel: [    0.249154] GICv3: CPU7: found redistributor 90300 region 7:0x00000000ae2c0000
Dec  3 19:34:23 ubuntu kernel: [    0.249167] GICv3: CPU7: using allocated LPI pending table @0x00000027ff120000
Dec  3 19:34:23 ubuntu kernel: [    0.249199] CPU7: Booted secondary processor 0x0000090300 [0x481fd010]
Dec  3 19:34:23 ubuntu kernel: [    0.282050] Detected VIPT I-cache on CPU8
Dec  3 19:34:23 ubuntu kernel: [    0.282058] GICv3: CPU8: found redistributor a0000 region 8:0x00000000ae300000
Dec  3 19:34:23 ubuntu kernel: [    0.282076] GICv3: CPU8: using allocated LPI pending table @0x00000027ff130000
Dec  3 19:34:23 ubuntu kernel: [    0.282111] CPU8: Booted secondary processor 0x00000a0000 [0x481fd010]
Dec  3 19:34:23 ubuntu kernel: [    0.314943] Detected VIPT I-cache on CPU9
Dec  3 19:34:23 ubuntu kernel: [    0.314949] GICv3: CPU9: found redistributor a0100 region 9:0x00000000ae340000
Dec  3 19:34:23 ubuntu kernel: [    0.314962] GICv3: CPU9: using allocated LPI pending table @0x00000027ff140000
Dec  3 19:34:23 ubuntu kernel: [    0.314994] CPU9: Booted secondary processor 0x00000a0100 [0x481fd010]
Dec  3 19:34:23 ubuntu kernel: [    0.347841] Detected VIPT I-cache on CPU10
Dec  3 19:34:23 ubuntu kernel: [    0.347847] GICv3: CPU10: found redistributor a0200 region 10:0x00000000ae380000
Dec  3 19:34:23 ubuntu kernel: [    0.347860] GICv3: CPU10: using allocated LPI pending table @0x00000027ff150000
Dec  3 19:34:23 ubuntu kernel: [    0.347892] CPU10: Booted secondary processor 0x00000a0200 [0x481fd010]
Dec  3 19:34:23 ubuntu kernel: [    0.380737] Detected VIPT I-cache on CPU11
Dec  3 19:34:23 ubuntu kernel: [    0.380743] GICv3: CPU11: found redistributor a0300 region 11:0x00000000ae3c0000
Dec  3 19:34:23 ubuntu kernel: [    0.380757] GICv3: CPU11: using allocated LPI pending table @0x00000027ff160000
Dec  3 19:34:23 ubuntu kernel: [    0.380789] CPU11: Booted secondary processor 0x00000a0300 [0x481fd010]
Dec  3 19:34:23 ubuntu kernel: [    0.413812] Detected VIPT I-cache on CPU12
Dec  3 19:34:23 ubuntu kernel: [    0.413820] GICv3: CPU12: found redistributor b0000 region 12:0x00000000ae400000
Dec  3 19:34:23 ubuntu kernel: [    0.413838] GICv3: CPU12: using allocated LPI pending table @0x00000027ff170000
Dec  3 19:34:23 ubuntu kernel: [    0.413874] CPU12: Booted secondary processor 0x00000b0000 [0x481fd010]
Dec  3 19:34:23 ubuntu kernel: [    0.446879] Detected VIPT I-cache on CPU13
Dec  3 19:34:23 ubuntu kernel: [    0.446886] GICv3: CPU13: found redistributor b0100 region 13:0x00000000ae440000
Dec  3 19:34:23 ubuntu kernel: [    0.446898] GICv3: CPU13: using allocated LPI pending table @0x00000027ff180000
Dec  3 19:34:23 ubuntu kernel: [    0.446930] CPU13: Booted secondary processor 0x00000b0100 [0x481fd010]
Dec  3 19:34:23 ubuntu kernel: [    0.479950] Detected VIPT I-cache on CPU14
Dec  3 19:34:23 ubuntu kernel: [    0.479957] GICv3: CPU14: found redistributor b0200 region 14:0x00000000ae480000
Dec  3 19:34:23 ubuntu kernel: [    0.479970] GICv3: CPU14: using allocated LPI pending table @0x00000027ff190000
Dec  3 19:34:23 ubuntu kernel: [    0.480002] CPU14: Booted secondary processor 0x00000b0200 [0x481fd010]
Dec  3 19:34:23 ubuntu kernel: [    0.513021] Detected VIPT I-cache on CPU15
Dec  3 19:34:23 ubuntu kernel: [    0.513027] GICv3: CPU15: found redistributor b0300 region 15:0x00000000ae4c0000
Dec  3 19:34:23 ubuntu kernel: [    0.513041] GICv3: CPU15: using allocated LPI pending table @0x00000027ff1a0000
Dec  3 19:34:23 ubuntu kernel: [    0.513073] CPU15: Booted secondary processor 0x00000b0300 [0x481fd010]
Dec  3 19:34:23 ubuntu kernel: [    0.545575] Detected VIPT I-cache on CPU16
Dec  3 19:34:23 ubuntu kernel: [    0.545584] GICv3: CPU16: found redistributor c0000 region 16:0x00000000ae500000
Dec  3 19:34:23 ubuntu kernel: [    0.545604] GICv3: CPU16: using allocated LPI pending table @0x00000027ff1b0000
Dec  3 19:34:23 ubuntu kernel: [    0.545640] CPU16: Booted secondary processor 0x00000c0000 [0x481fd010]
Dec  3 19:34:23 ubuntu kernel: [    0.578121] Detected VIPT I-cache on CPU17
Dec  3 19:34:23 ubuntu kernel: [    0.578128] GICv3: CPU17: found redistributor c0100 region 17:0x00000000ae540000
Dec  3 19:34:23 ubuntu kernel: [    0.578142] GICv3: CPU17: using allocated LPI pending table @0x00000027ff1c0000
Dec  3 19:34:23 ubuntu kernel: [    0.578174] CPU17: Booted secondary processor 0x00000c0100 [0x481fd010]
Dec  3 19:34:23 ubuntu kernel: [    0.610672] Detected VIPT I-cache on CPU18
Dec  3 19:34:23 ubuntu kernel: [    0.610678] GICv3: CPU18: found redistributor c0200 region 18:0x00000000ae580000
Dec  3 19:34:23 ubuntu kernel: [    0.610692] GICv3: CPU18: using allocated LPI pending table @0x00000027ff1d0000
Dec  3 19:34:23 ubuntu kernel: [    0.610724] CPU18: Booted secondary processor 0x00000c0200 [0x481fd010]
Dec  3 19:34:23 ubuntu kernel: [    0.643221] Detected VIPT I-cache on CPU19
Dec  3 19:34:23 ubuntu kernel: [    0.643228] GICv3: CPU19: found redistributor c0300 region 19:0x00000000ae5c0000
Dec  3 19:34:23 ubuntu kernel: [    0.643242] GICv3: CPU19: using allocated LPI pending table @0x00000027ff1e0000
Dec  3 19:34:23 ubuntu kernel: [    0.643274] CPU19: Booted secondary processor 0x00000c0300 [0x481fd010]
Dec  3 19:34:23 ubuntu kernel: [    0.675948] Detected VIPT I-cache on CPU20
Dec  3 19:34:23 ubuntu kernel: [    0.675958] GICv3: CPU20: found redistributor d0000 region 20:0x00000000ae600000
Dec  3 19:34:23 ubuntu kernel: [    0.675979] GICv3: CPU20: using allocated LPI pending table @0x00000027ff1f0000
Dec  3 19:34:23 ubuntu kernel: [    0.676015] CPU20: Booted secondary processor 0x00000d0000 [0x481fd010]
Dec  3 19:34:23 ubuntu kernel: [    0.708668] Detected VIPT I-cache on CPU21
Dec  3 19:34:23 ubuntu kernel: [    0.708676] GICv3: CPU21: found redistributor d0100 region 21:0x00000000ae640000
Dec  3 19:34:23 ubuntu kernel: [    0.708690] GICv3: CPU21: using allocated LPI pending table @0x00000027ff200000
Dec  3 19:34:23 ubuntu kernel: [    0.708723] CPU21: Booted secondary processor 0x00000d0100 [0x481fd010]
Dec  3 19:34:23 ubuntu kernel: [    0.741392] Detected VIPT I-cache on CPU22
Dec  3 19:34:23 ubuntu kernel: [    0.741399] GICv3: CPU22: found redistributor d0200 region 22:0x00000000ae680000
Dec  3 19:34:23 ubuntu kernel: [    0.741413] GICv3: CPU22: using allocated LPI pending table @0x00000027ff210000
Dec  3 19:34:23 ubuntu kernel: [    0.741445] CPU22: Booted secondary processor 0x00000d0200 [0x481fd010]
Dec  3 19:34:23 ubuntu kernel: [    0.774116] Detected VIPT I-cache on CPU23
Dec  3 19:34:23 ubuntu kernel: [    0.774123] GICv3: CPU23: found redistributor d0300 region 23:0x00000000ae6c0000
Dec  3 19:34:23 ubuntu kernel: [    0.774137] GICv3: CPU23: using allocated LPI pending table @0x00000027ff220000
Dec  3 19:34:23 ubuntu kernel: [    0.774167] CPU23: Booted secondary processor 0x00000d0300 [0x481fd010]
Dec  3 19:34:23 ubuntu kernel: [    0.806681] Detected VIPT I-cache on CPU24
Dec  3 19:34:23 ubuntu kernel: [    0.806697] GICv3: CPU24: found redistributor 180000 region 24:0x00000000aa100000
Dec  3 19:34:23 ubuntu kernel: [    0.806742] GICv3: CPU24: using allocated LPI pending table @0x00000027ff230000
Dec  3 19:34:23 ubuntu kernel: [    0.806790] CPU24: Booted secondary processor 0x0000180000 [0x481fd010]
Dec  3 19:34:23 ubuntu kernel: [    0.839217] Detected VIPT I-cache on CPU25
Dec  3 19:34:23 ubuntu kernel: [    0.839227] GICv3: CPU25: found redistributor 180100 region 25:0x00000000aa140000
Dec  3 19:34:23 ubuntu kernel: [    0.839241] GICv3: CPU25: using allocated LPI pending table @0x00000027ff240000
Dec  3 19:34:23 ubuntu kernel: [    0.839279] CPU25: Booted secondary processor 0x0000180100 [0x481fd010]
Dec  3 19:34:23 ubuntu kernel: [    0.871767] Detected VIPT I-cache on CPU26
Dec  3 19:34:23 ubuntu kernel: [    0.871776] GICv3: CPU26: found redistributor 180200 region 26:0x00000000aa180000
Dec  3 19:34:23 ubuntu kernel: [    0.871791] GICv3: CPU26: using allocated LPI pending table @0x00000027ff250000
Dec  3 19:34:23 ubuntu kernel: [    0.871828] CPU26: Booted secondary processor 0x0000180200 [0x481fd010]
Dec  3 19:34:23 ubuntu kernel: [    0.904317] Detected VIPT I-cache on CPU27
Dec  3 19:34:23 ubuntu kernel: [    0.904327] GICv3: CPU27: found redistributor 180300 region 27:0x00000000aa1c0000
Dec  3 19:34:23 ubuntu kernel: [    0.904341] GICv3: CPU27: using allocated LPI pending table @0x00000027ff260000
Dec  3 19:34:23 ubuntu kernel: [    0.904379] CPU27: Booted secondary processor 0x0000180300 [0x481fd010]
Dec  3 19:34:23 ubuntu kernel: [    0.937050] Detected VIPT I-cache on CPU28
Dec  3 19:34:23 ubuntu kernel: [    0.937064] GICv3: CPU28: found redistributor 190000 region 28:0x00000000aa200000
Dec  3 19:34:23 ubuntu kernel: [    0.937090] GICv3: CPU28: using allocated LPI pending table @0x00000027ff270000
Dec  3 19:34:23 ubuntu kernel: [    0.937136] CPU28: Booted secondary processor 0x0000190000 [0x481fd010]
Dec  3 19:34:23 ubuntu kernel: [    0.969764] Detected VIPT I-cache on CPU29
Dec  3 19:34:23 ubuntu kernel: [    0.969775] GICv3: CPU29: found redistributor 190100 region 29:0x00000000aa240000
Dec  3 19:34:23 ubuntu kernel: [    0.969790] GICv3: CPU29: using allocated LPI pending table @0x00000027ff280000
Dec  3 19:34:23 ubuntu kernel: [    0.969828] CPU29: Booted secondary processor 0x0000190100 [0x481fd010]
Dec  3 19:34:23 ubuntu kernel: [    1.002488] Detected VIPT I-cache on CPU30
Dec  3 19:34:23 ubuntu kernel: [    1.002499] GICv3: CPU30: found redistributor 190200 region 30:0x00000000aa280000
Dec  3 19:34:23 ubuntu kernel: [    1.002522] GICv3: CPU30: using allocated LPI pending table @0x00000027ff290000
Dec  3 19:34:23 ubuntu kernel: [    1.002560] CPU30: Booted secondary processor 0x0000190200 [0x481fd010]
Dec  3 19:34:23 ubuntu kernel: [    1.035211] Detected VIPT I-cache on CPU31
Dec  3 19:34:23 ubuntu kernel: [    1.035222] GICv3: CPU31: found redistributor 190300 region 31:0x00000000aa2c0000
Dec  3 19:34:23 ubuntu kernel: [    1.035240] GICv3: CPU31: using allocated LPI pending table @0x00000027ff2a0000
Dec  3 19:34:23 ubuntu kernel: [    1.035278] CPU31: Booted secondary processor 0x0000190300 [0x481fd010]
Dec  3 19:34:23 ubuntu kernel: [    1.068115] Detected VIPT I-cache on CPU32
Dec  3 19:34:23 ubuntu kernel: [    1.068129] GICv3: CPU32: found redistributor 1a0000 region 32:0x00000000aa300000
Dec  3 19:34:23 ubuntu kernel: [    1.068155] GICv3: CPU32: using allocated LPI pending table @0x00000027ff2b0000
Dec  3 19:34:23 ubuntu kernel: [    1.068198] CPU32: Booted secondary processor 0x00001a0000 [0x481fd010]
Dec  3 19:34:23 ubuntu kernel: [    1.101007] Detected VIPT I-cache on CPU33
Dec  3 19:34:23 ubuntu kernel: [    1.101018] GICv3: CPU33: found redistributor 1a0100 region 33:0x00000000aa340000
Dec  3 19:34:23 ubuntu kernel: [    1.101034] GICv3: CPU33: using allocated LPI pending table @0x00000027ff2c0000
Dec  3 19:34:23 ubuntu kernel: [    1.101073] CPU33: Booted secondary processor 0x00001a0100 [0x481fd010]
Dec  3 19:34:23 ubuntu kernel: [    1.133903] Detected VIPT I-cache on CPU34
Dec  3 19:34:23 ubuntu kernel: [    1.133914] GICv3: CPU34: found redistributor 1a0200 region 34:0x00000000aa380000
Dec  3 19:34:23 ubuntu kernel: [    1.133931] GICv3: CPU34: using allocated LPI pending table @0x00000027ff2d0000
Dec  3 19:34:23 ubuntu kernel: [    1.133969] CPU34: Booted secondary processor 0x00001a0200 [0x481fd010]
Dec  3 19:34:23 ubuntu kernel: [    1.166801] Detected VIPT I-cache on CPU35
Dec  3 19:34:23 ubuntu kernel: [    1.166812] GICv3: CPU35: found redistributor 1a0300 region 35:0x00000000aa3c0000
Dec  3 19:34:23 ubuntu kernel: [    1.166829] GICv3: CPU35: using allocated LPI pending table @0x00000027ff2e0000
Dec  3 19:34:23 ubuntu kernel: [    1.166867] CPU35: Booted secondary processor 0x00001a0300 [0x481fd010]
Dec  3 19:34:23 ubuntu kernel: [    1.199877] Detected VIPT I-cache on CPU36
Dec  3 19:34:23 ubuntu kernel: [    1.199891] GICv3: CPU36: found redistributor 1b0000 region 36:0x00000000aa400000
Dec  3 19:34:23 ubuntu kernel: [    1.199915] GICv3: CPU36: using allocated LPI pending table @0x00000027ff2f0000
Dec  3 19:34:23 ubuntu kernel: [    1.199960] CPU36: Booted secondary processor 0x00001b0000 [0x481fd010]
Dec  3 19:34:23 ubuntu kernel: [    1.232943] Detected VIPT I-cache on CPU37
Dec  3 19:34:23 ubuntu kernel: [    1.232954] GICv3: CPU37: found redistributor 1b0100 region 37:0x00000000aa440000
Dec  3 19:34:23 ubuntu kernel: [    1.232971] GICv3: CPU37: using allocated LPI pending table @0x00000027ff300000
Dec  3 19:34:23 ubuntu kernel: [    1.233010] CPU37: Booted secondary processor 0x00001b0100 [0x481fd010]
Dec  3 19:34:23 ubuntu kernel: [    1.266013] Detected VIPT I-cache on CPU38
Dec  3 19:34:23 ubuntu kernel: [    1.266025] GICv3: CPU38: found redistributor 1b0200 region 38:0x00000000aa480000
Dec  3 19:34:23 ubuntu kernel: [    1.266044] GICv3: CPU38: using allocated LPI pending table @0x00000027ff310000
Dec  3 19:34:23 ubuntu kernel: [    1.266081] CPU38: Booted secondary processor 0x00001b0200 [0x481fd010]
Dec  3 19:34:23 ubuntu kernel: [    1.299083] Detected VIPT I-cache on CPU39
Dec  3 19:34:23 ubuntu kernel: [    1.299096] GICv3: CPU39: found redistributor 1b0300 region 39:0x00000000aa4c0000
Dec  3 19:34:23 ubuntu kernel: [    1.299116] GICv3: CPU39: using allocated LPI pending table @0x00000027ff320000
Dec  3 19:34:23 ubuntu kernel: [    1.299154] CPU39: Booted secondary processor 0x00001b0300 [0x481fd010]
Dec  3 19:34:23 ubuntu kernel: [    1.331640] Detected VIPT I-cache on CPU40
Dec  3 19:34:23 ubuntu kernel: [    1.331654] GICv3: CPU40: found redistributor 1c0000 region 40:0x00000000aa500000
Dec  3 19:34:23 ubuntu kernel: [    1.331683] GICv3: CPU40: using allocated LPI pending table @0x00000027ff330000
Dec  3 19:34:23 ubuntu kernel: [    1.331726] CPU40: Booted secondary processor 0x00001c0000 [0x481fd010]
Dec  3 19:34:23 ubuntu kernel: [    1.364184] Detected VIPT I-cache on CPU41
Dec  3 19:34:23 ubuntu kernel: [    1.364195] GICv3: CPU41: found redistributor 1c0100 region 41:0x00000000aa540000
Dec  3 19:34:23 ubuntu kernel: [    1.364215] GICv3: CPU41: using allocated LPI pending table @0x00000027ff340000
Dec  3 19:34:23 ubuntu kernel: [    1.364254] CPU41: Booted secondary processor 0x00001c0100 [0x481fd010]
Dec  3 19:34:23 ubuntu kernel: [    1.396734] Detected VIPT I-cache on CPU42
Dec  3 19:34:23 ubuntu kernel: [    1.396746] GICv3: CPU42: found redistributor 1c0200 region 42:0x00000000aa580000
Dec  3 19:34:23 ubuntu kernel: [    1.396765] GICv3: CPU42: using allocated LPI pending table @0x00000027ff350000
Dec  3 19:34:23 ubuntu kernel: [    1.396804] CPU42: Booted secondary processor 0x00001c0200 [0x481fd010]
Dec  3 19:34:23 ubuntu kernel: [    1.429284] Detected VIPT I-cache on CPU43
Dec  3 19:34:23 ubuntu kernel: [    1.429295] GICv3: CPU43: found redistributor 1c0300 region 43:0x00000000aa5c0000
Dec  3 19:34:23 ubuntu kernel: [    1.429314] GICv3: CPU43: using allocated LPI pending table @0x00000027ff360000
Dec  3 19:34:23 ubuntu kernel: [    1.429352] CPU43: Booted secondary processor 0x00001c0300 [0x481fd010]
Dec  3 19:34:23 ubuntu kernel: [    1.462014] Detected VIPT I-cache on CPU44
Dec  3 19:34:23 ubuntu kernel: [    1.462029] GICv3: CPU44: found redistributor 1d0000 region 44:0x00000000aa600000
Dec  3 19:34:23 ubuntu kernel: [    1.462057] GICv3: CPU44: using allocated LPI pending table @0x00000027ff370000
Dec  3 19:34:23 ubuntu kernel: [    1.462102] CPU44: Booted secondary processor 0x00001d0000 [0x481fd010]
Dec  3 19:34:23 ubuntu kernel: [    1.494731] Detected VIPT I-cache on CPU45
Dec  3 19:34:23 ubuntu kernel: [    1.494743] GICv3: CPU45: found redistributor 1d0100 region 45:0x00000000aa640000
Dec  3 19:34:23 ubuntu kernel: [    1.494763] GICv3: CPU45: using allocated LPI pending table @0x00000027ff380000
Dec  3 19:34:23 ubuntu kernel: [    1.494801] CPU45: Booted secondary processor 0x00001d0100 [0x481fd010]
Dec  3 19:34:23 ubuntu kernel: [    1.527454] Detected VIPT I-cache on CPU46
Dec  3 19:34:23 ubuntu kernel: [    1.527467] GICv3: CPU46: found redistributor 1d0200 region 46:0x00000000aa680000
Dec  3 19:34:23 ubuntu kernel: [    1.527487] GICv3: CPU46: using allocated LPI pending table @0x00000027ff390000
Dec  3 19:34:23 ubuntu kernel: [    1.527527] CPU46: Booted secondary processor 0x00001d0200 [0x481fd010]
Dec  3 19:34:23 ubuntu kernel: [    1.560178] Detected VIPT I-cache on CPU47
Dec  3 19:34:23 ubuntu kernel: [    1.560190] GICv3: CPU47: found redistributor 1d0300 region 47:0x00000000aa6c0000
Dec  3 19:34:23 ubuntu kernel: [    1.560208] GICv3: CPU47: using allocated LPI pending table @0x00000027ff3a0000
Dec  3 19:34:23 ubuntu kernel: [    1.560246] CPU47: Booted secondary processor 0x00001d0300 [0x481fd010]
Dec  3 19:34:23 ubuntu kernel: [    1.593019] Detected VIPT I-cache on CPU48
Dec  3 19:34:23 ubuntu kernel: [    1.593058] GICv3: CPU48: found redistributor 280000 region 48:0x00002000ae100000
Dec  3 19:34:23 ubuntu kernel: [    1.593122] GICv3: CPU48: using allocated LPI pending table @0x00000027ff3b0000
Dec  3 19:34:23 ubuntu kernel: [    1.593194] CPU48: Booted secondary processor 0x0000280000 [0x481fd010]
Dec  3 19:34:23 ubuntu kernel: [    1.625806] Detected VIPT I-cache on CPU49
Dec  3 19:34:23 ubuntu kernel: [    1.625834] GICv3: CPU49: found redistributor 280100 region 49:0x00002000ae140000
Dec  3 19:34:23 ubuntu kernel: [    1.625856] GICv3: CPU49: using allocated LPI pending table @0x00000027ff3c0000
Dec  3 19:34:23 ubuntu kernel: [    1.625908] CPU49: Booted secondary processor 0x0000280100 [0x481fd010]
Dec  3 19:34:23 ubuntu kernel: [    1.658617] Detected VIPT I-cache on CPU50
Dec  3 19:34:23 ubuntu kernel: [    1.658644] GICv3: CPU50: found redistributor 280200 region 50:0x00002000ae180000
Dec  3 19:34:23 ubuntu kernel: [    1.658667] GICv3: CPU50: using allocated LPI pending table @0x00000027ff3d0000
Dec  3 19:34:23 ubuntu kernel: [    1.658719] CPU50: Booted secondary processor 0x0000280200 [0x481fd010]
Dec  3 19:34:23 ubuntu kernel: [    1.691427] Detected VIPT I-cache on CPU51
Dec  3 19:34:23 ubuntu kernel: [    1.691455] GICv3: CPU51: found redistributor 280300 region 51:0x00002000ae1c0000
Dec  3 19:34:23 ubuntu kernel: [    1.691477] GICv3: CPU51: using allocated LPI pending table @0x00000027ff3e0000
Dec  3 19:34:23 ubuntu kernel: [    1.691529] CPU51: Booted secondary processor 0x0000280300 [0x481fd010]
Dec  3 19:34:23 ubuntu kernel: [    1.724415] Detected VIPT I-cache on CPU52
Dec  3 19:34:23 ubuntu kernel: [    1.724445] GICv3: CPU52: found redistributor 290000 region 52:0x00002000ae200000
Dec  3 19:34:23 ubuntu kernel: [    1.724483] GICv3: CPU52: using allocated LPI pending table @0x00000027ff3f0000
Dec  3 19:34:23 ubuntu kernel: [    1.724537] CPU52: Booted secondary processor 0x0000290000 [0x481fd010]
Dec  3 19:34:23 ubuntu kernel: [    1.757395] Detected VIPT I-cache on CPU53
Dec  3 19:34:23 ubuntu kernel: [    1.757423] GICv3: CPU53: found redistributor 290100 region 53:0x00002000ae240000
Dec  3 19:34:23 ubuntu kernel: [    1.757443] GICv3: CPU53: using allocated LPI pending table @0x00000027fec00000
Dec  3 19:34:23 ubuntu kernel: [    1.757495] CPU53: Booted secondary processor 0x0000290100 [0x481fd010]
Dec  3 19:34:23 ubuntu kernel: [    1.790379] Detected VIPT I-cache on CPU54
Dec  3 19:34:23 ubuntu kernel: [    1.790407] GICv3: CPU54: found redistributor 290200 region 54:0x00002000ae280000
Dec  3 19:34:23 ubuntu kernel: [    1.790426] GICv3: CPU54: using allocated LPI pending table @0x00000027fec10000
Dec  3 19:34:23 ubuntu kernel: [    1.790478] CPU54: Booted secondary processor 0x0000290200 [0x481fd010]
Dec  3 19:34:23 ubuntu kernel: [    1.823363] Detected VIPT I-cache on CPU55
Dec  3 19:34:23 ubuntu kernel: [    1.823391] GICv3: CPU55: found redistributor 290300 region 55:0x00002000ae2c0000
Dec  3 19:34:23 ubuntu kernel: [    1.823412] GICv3: CPU55: using allocated LPI pending table @0x00000027fec20000
Dec  3 19:34:23 ubuntu kernel: [    1.823464] CPU55: Booted secondary processor 0x0000290300 [0x481fd010]
Dec  3 19:34:23 ubuntu kernel: [    1.856525] Detected VIPT I-cache on CPU56
Dec  3 19:34:23 ubuntu kernel: [    1.856555] GICv3: CPU56: found redistributor 2a0000 region 56:0x00002000ae300000
Dec  3 19:34:23 ubuntu kernel: [    1.856584] GICv3: CPU56: using allocated LPI pending table @0x00000027fec30000
Dec  3 19:34:23 ubuntu kernel: [    1.856638] CPU56: Booted secondary processor 0x00002a0000 [0x481fd010]
Dec  3 19:34:23 ubuntu kernel: [    1.889679] Detected VIPT I-cache on CPU57
Dec  3 19:34:23 ubuntu kernel: [    1.889707] GICv3: CPU57: found redistributor 2a0100 region 57:0x00002000ae340000
Dec  3 19:34:23 ubuntu kernel: [    1.889727] GICv3: CPU57: using allocated LPI pending table @0x00000027fec40000
Dec  3 19:34:23 ubuntu kernel: [    1.889779] CPU57: Booted secondary processor 0x00002a0100 [0x481fd010]
Dec  3 19:34:23 ubuntu kernel: [    1.922836] Detected VIPT I-cache on CPU58
Dec  3 19:34:23 ubuntu kernel: [    1.922864] GICv3: CPU58: found redistributor 2a0200 region 58:0x00002000ae380000
Dec  3 19:34:23 ubuntu kernel: [    1.922885] GICv3: CPU58: using allocated LPI pending table @0x00000027fec50000
Dec  3 19:34:23 ubuntu kernel: [    1.922937] CPU58: Booted secondary processor 0x00002a0200 [0x481fd010]
Dec  3 19:34:23 ubuntu kernel: [    1.955993] Detected VIPT I-cache on CPU59
Dec  3 19:34:23 ubuntu kernel: [    1.956023] GICv3: CPU59: found redistributor 2a0300 region 59:0x00002000ae3c0000
Dec  3 19:34:23 ubuntu kernel: [    1.956043] GICv3: CPU59: using allocated LPI pending table @0x00000027fec60000
Dec  3 19:34:23 ubuntu kernel: [    1.956095] CPU59: Booted secondary processor 0x00002a0300 [0x481fd010]
Dec  3 19:34:23 ubuntu kernel: [    1.989328] Detected VIPT I-cache on CPU60
Dec  3 19:34:23 ubuntu kernel: [    1.989359] GICv3: CPU60: found redistributor 2b0000 region 60:0x00002000ae400000
Dec  3 19:34:23 ubuntu kernel: [    1.989389] GICv3: CPU60: using allocated LPI pending table @0x00000027fec70000
Dec  3 19:34:23 ubuntu kernel: [    1.989444] CPU60: Booted secondary processor 0x00002b0000 [0x481fd010]
Dec  3 19:34:23 ubuntu kernel: [    2.022656] Detected VIPT I-cache on CPU61
Dec  3 19:34:23 ubuntu kernel: [    2.022685] GICv3: CPU61: found redistributor 2b0100 region 61:0x00002000ae440000
Dec  3 19:34:23 ubuntu kernel: [    2.022709] GICv3: CPU61: using allocated LPI pending table @0x00000027fec80000
Dec  3 19:34:23 ubuntu kernel: [    2.022762] CPU61: Booted secondary processor 0x00002b0100 [0x481fd010]
Dec  3 19:34:23 ubuntu kernel: [    2.055987] Detected VIPT I-cache on CPU62
Dec  3 19:34:23 ubuntu kernel: [    2.056016] GICv3: CPU62: found redistributor 2b0200 region 62:0x00002000ae480000
Dec  3 19:34:23 ubuntu kernel: [    2.056038] GICv3: CPU62: using allocated LPI pending table @0x00000027fec90000
Dec  3 19:34:23 ubuntu kernel: [    2.056090] CPU62: Booted secondary processor 0x00002b0200 [0x481fd010]
Dec  3 19:34:23 ubuntu kernel: [    2.089319] Detected VIPT I-cache on CPU63
Dec  3 19:34:23 ubuntu kernel: [    2.089348] GICv3: CPU63: found redistributor 2b0300 region 63:0x00002000ae4c0000
Dec  3 19:34:23 ubuntu kernel: [    2.089371] GICv3: CPU63: using allocated LPI pending table @0x00000027feca0000
Dec  3 19:34:23 ubuntu kernel: [    2.089423] CPU63: Booted secondary processor 0x00002b0300 [0x481fd010]
Dec  3 19:34:23 ubuntu kernel: [    2.122132] Detected VIPT I-cache on CPU64
Dec  3 19:34:23 ubuntu kernel: [    2.122163] GICv3: CPU64: found redistributor 2c0000 region 64:0x00002000ae500000
Dec  3 19:34:23 ubuntu kernel: [    2.122194] GICv3: CPU64: using allocated LPI pending table @0x00000027fecb0000
Dec  3 19:34:23 ubuntu kernel: [    2.122250] CPU64: Booted secondary processor 0x00002c0000 [0x481fd010]
Dec  3 19:34:23 ubuntu kernel: [    2.154938] Detected VIPT I-cache on CPU65
Dec  3 19:34:23 ubuntu kernel: [    2.154968] GICv3: CPU65: found redistributor 2c0100 region 65:0x00002000ae540000
Dec  3 19:34:23 ubuntu kernel: [    2.154989] GICv3: CPU65: using allocated LPI pending table @0x00000027fecc0000
Dec  3 19:34:23 ubuntu kernel: [    2.155041] CPU65: Booted secondary processor 0x00002c0100 [0x481fd010]
Dec  3 19:34:23 ubuntu kernel: [    2.187750] Detected VIPT I-cache on CPU66
Dec  3 19:34:23 ubuntu kernel: [    2.187779] GICv3: CPU66: found redistributor 2c0200 region 66:0x00002000ae580000
Dec  3 19:34:23 ubuntu kernel: [    2.187800] GICv3: CPU66: using allocated LPI pending table @0x00000027fecd0000
Dec  3 19:34:23 ubuntu kernel: [    2.187852] CPU66: Booted secondary processor 0x00002c0200 [0x481fd010]
Dec  3 19:34:23 ubuntu kernel: [    2.220560] Detected VIPT I-cache on CPU67
Dec  3 19:34:23 ubuntu kernel: [    2.220589] GICv3: CPU67: found redistributor 2c0300 region 67:0x00002000ae5c0000
Dec  3 19:34:23 ubuntu kernel: [    2.220611] GICv3: CPU67: using allocated LPI pending table @0x00000027fece0000
Dec  3 19:34:23 ubuntu kernel: [    2.220663] CPU67: Booted secondary processor 0x00002c0300 [0x481fd010]
Dec  3 19:34:23 ubuntu kernel: [    2.253547] Detected VIPT I-cache on CPU68
Dec  3 19:34:23 ubuntu kernel: [    2.253579] GICv3: CPU68: found redistributor 2d0000 region 68:0x00002000ae600000
Dec  3 19:34:23 ubuntu kernel: [    2.253612] GICv3: CPU68: using allocated LPI pending table @0x00000027fecf0000
Dec  3 19:34:23 ubuntu kernel: [    2.253667] CPU68: Booted secondary processor 0x00002d0000 [0x481fd010]
Dec  3 19:34:23 ubuntu kernel: [    2.286528] Detected VIPT I-cache on CPU69
Dec  3 19:34:23 ubuntu kernel: [    2.286558] GICv3: CPU69: found redistributor 2d0100 region 69:0x00002000ae640000
Dec  3 19:34:23 ubuntu kernel: [    2.286580] GICv3: CPU69: using allocated LPI pending table @0x00000027fed00000
Dec  3 19:34:23 ubuntu kernel: [    2.286632] CPU69: Booted secondary processor 0x00002d0100 [0x481fd010]
Dec  3 19:34:23 ubuntu kernel: [    2.319512] Detected VIPT I-cache on CPU70
Dec  3 19:34:23 ubuntu kernel: [    2.319542] GICv3: CPU70: found redistributor 2d0200 region 70:0x00002000ae680000
Dec  3 19:34:23 ubuntu kernel: [    2.319564] GICv3: CPU70: using allocated LPI pending table @0x00000027fed10000
Dec  3 19:34:23 ubuntu kernel: [    2.319617] CPU70: Booted secondary processor 0x00002d0200 [0x481fd010]
Dec  3 19:34:23 ubuntu kernel: [    2.352496] Detected VIPT I-cache on CPU71
Dec  3 19:34:23 ubuntu kernel: [    2.352526] GICv3: CPU71: found redistributor 2d0300 region 71:0x00002000ae6c0000
Dec  3 19:34:23 ubuntu kernel: [    2.352548] GICv3: CPU71: using allocated LPI pending table @0x00000027fed20000
Dec  3 19:34:23 ubuntu kernel: [    2.352601] CPU71: Booted secondary processor 0x00002d0300 [0x481fd010]
Dec  3 19:34:23 ubuntu kernel: [    2.392625] Detected VIPT I-cache on CPU72
Dec  3 19:34:23 ubuntu kernel: [    2.392678] GICv3: CPU72: found redistributor 380000 region 72:0x00002000aa100000
Dec  3 19:34:23 ubuntu kernel: [    2.392719] GICv3: CPU72: using allocated LPI pending table @0x00000027fed30000
Dec  3 19:34:23 ubuntu kernel: [    2.392805] CPU72: Booted secondary processor 0x0000380000 [0x481fd010]
Dec  3 19:34:23 ubuntu kernel: [    2.432701] Detected VIPT I-cache on CPU73
Dec  3 19:34:23 ubuntu kernel: [    2.432737] GICv3: CPU73: found redistributor 380100 region 73:0x00002000aa140000
Dec  3 19:34:23 ubuntu kernel: [    2.432762] GICv3: CPU73: using allocated LPI pending table @0x00000027fed40000
Dec  3 19:34:23 ubuntu kernel: [    2.432820] CPU73: Booted secondary processor 0x0000380100 [0x481fd010]
Dec  3 19:34:23 ubuntu kernel: [    2.472803] Detected VIPT I-cache on CPU74
Dec  3 19:34:23 ubuntu kernel: [    2.472839] GICv3: CPU74: found redistributor 380200 region 74:0x00002000aa180000
Dec  3 19:34:23 ubuntu kernel: [    2.472861] GICv3: CPU74: using allocated LPI pending table @0x00000027fed50000
Dec  3 19:34:23 ubuntu kernel: [    2.472919] CPU74: Booted secondary processor 0x0000380200 [0x481fd010]
Dec  3 19:34:23 ubuntu kernel: [    2.512903] Detected VIPT I-cache on CPU75
Dec  3 19:34:23 ubuntu kernel: [    2.512939] GICv3: CPU75: found redistributor 380300 region 75:0x00002000aa1c0000
Dec  3 19:34:23 ubuntu kernel: [    2.512965] GICv3: CPU75: using allocated LPI pending table @0x00000027fed60000
Dec  3 19:34:23 ubuntu kernel: [    2.513023] CPU75: Booted secondary processor 0x0000380300 [0x481fd010]
Dec  3 19:34:23 ubuntu kernel: [    2.553183] Detected VIPT I-cache on CPU76
Dec  3 19:34:23 ubuntu kernel: [    2.553220] GICv3: CPU76: found redistributor 390000 region 76:0x00002000aa200000
Dec  3 19:34:23 ubuntu kernel: [    2.553256] GICv3: CPU76: using allocated LPI pending table @0x00000027fed70000
Dec  3 19:34:23 ubuntu kernel: [    2.553318] CPU76: Booted secondary processor 0x0000390000 [0x481fd010]
Dec  3 19:34:23 ubuntu kernel: [    2.593455] Detected VIPT I-cache on CPU77
Dec  3 19:34:23 ubuntu kernel: [    2.593490] GICv3: CPU77: found redistributor 390100 region 77:0x00002000aa240000
Dec  3 19:34:23 ubuntu kernel: [    2.593515] GICv3: CPU77: using allocated LPI pending table @0x00000027fed80000
Dec  3 19:34:23 ubuntu kernel: [    2.593572] CPU77: Booted secondary processor 0x0000390100 [0x481fd010]
Dec  3 19:34:23 ubuntu kernel: [    2.633730] Detected VIPT I-cache on CPU78
Dec  3 19:34:23 ubuntu kernel: [    2.633766] GICv3: CPU78: found redistributor 390200 region 78:0x00002000aa280000
Dec  3 19:34:23 ubuntu kernel: [    2.633790] GICv3: CPU78: using allocated LPI pending table @0x00000027fed90000
Dec  3 19:34:23 ubuntu kernel: [    2.633847] CPU78: Booted secondary processor 0x0000390200 [0x481fd010]
Dec  3 19:34:23 ubuntu kernel: [    2.674005] Detected VIPT I-cache on CPU79
Dec  3 19:34:23 ubuntu kernel: [    2.674042] GICv3: CPU79: found redistributor 390300 region 79:0x00002000aa2c0000
Dec  3 19:34:23 ubuntu kernel: [    2.674065] GICv3: CPU79: using allocated LPI pending table @0x00000027feda0000
Dec  3 19:34:23 ubuntu kernel: [    2.674123] CPU79: Booted secondary processor 0x0000390300 [0x481fd010]
Dec  3 19:34:23 ubuntu kernel: [    2.714456] Detected VIPT I-cache on CPU80
Dec  3 19:34:23 ubuntu kernel: [    2.714495] GICv3: CPU80: found redistributor 3a0000 region 80:0x00002000aa300000
Dec  3 19:34:23 ubuntu kernel: [    2.714529] GICv3: CPU80: using allocated LPI pending table @0x00000027fedb0000
Dec  3 19:34:23 ubuntu kernel: [    2.714591] CPU80: Booted secondary processor 0x00003a0000 [0x481fd010]
Dec  3 19:34:23 ubuntu kernel: [    2.754902] Detected VIPT I-cache on CPU81
Dec  3 19:34:23 ubuntu kernel: [    2.754939] GICv3: CPU81: found redistributor 3a0100 region 81:0x00002000aa340000
Dec  3 19:34:23 ubuntu kernel: [    2.754962] GICv3: CPU81: using allocated LPI pending table @0x00000027fedc0000
Dec  3 19:34:23 ubuntu kernel: [    2.755020] CPU81: Booted secondary processor 0x00003a0100 [0x481fd010]
Dec  3 19:34:23 ubuntu kernel: [    2.795351] Detected VIPT I-cache on CPU82
Dec  3 19:34:23 ubuntu kernel: [    2.795388] GICv3: CPU82: found redistributor 3a0200 region 82:0x00002000aa380000
Dec  3 19:34:23 ubuntu kernel: [    2.795412] GICv3: CPU82: using allocated LPI pending table @0x00000027fedd0000
Dec  3 19:34:23 ubuntu kernel: [    2.795470] CPU82: Booted secondary processor 0x00003a0200 [0x481fd010]
Dec  3 19:34:23 ubuntu kernel: [    2.835800] Detected VIPT I-cache on CPU83
Dec  3 19:34:23 ubuntu kernel: [    2.835837] GICv3: CPU83: found redistributor 3a0300 region 83:0x00002000aa3c0000
Dec  3 19:34:23 ubuntu kernel: [    2.835862] GICv3: CPU83: using allocated LPI pending table @0x00000027fede0000
Dec  3 19:34:23 ubuntu kernel: [    2.835920] CPU83: Booted secondary processor 0x00003a0300 [0x481fd010]
Dec  3 19:34:23 ubuntu kernel: [    2.876425] Detected VIPT I-cache on CPU84
Dec  3 19:34:23 ubuntu kernel: [    2.876464] GICv3: CPU84: found redistributor 3b0000 region 84:0x00002000aa400000
Dec  3 19:34:23 ubuntu kernel: [    2.876500] GICv3: CPU84: using allocated LPI pending table @0x00000027fedf0000
Dec  3 19:34:23 ubuntu kernel: [    2.876562] CPU84: Booted secondary processor 0x00003b0000 [0x481fd010]
Dec  3 19:34:23 ubuntu kernel: [    2.917045] Detected VIPT I-cache on CPU85
Dec  3 19:34:23 ubuntu kernel: [    2.917082] GICv3: CPU85: found redistributor 3b0100 region 85:0x00002000aa440000
Dec  3 19:34:23 ubuntu kernel: [    2.917109] GICv3: CPU85: using allocated LPI pending table @0x00000027fee00000
Dec  3 19:34:23 ubuntu kernel: [    2.917167] CPU85: Booted secondary processor 0x00003b0100 [0x481fd010]
Dec  3 19:34:23 ubuntu kernel: [    2.957668] Detected VIPT I-cache on CPU86
Dec  3 19:34:23 ubuntu kernel: [    2.957705] GICv3: CPU86: found redistributor 3b0200 region 86:0x00002000aa480000
Dec  3 19:34:23 ubuntu kernel: [    2.957730] GICv3: CPU86: using allocated LPI pending table @0x00000027fee10000
Dec  3 19:34:23 ubuntu kernel: [    2.957788] CPU86: Booted secondary processor 0x00003b0200 [0x481fd010]
Dec  3 19:34:23 ubuntu kernel: [    2.998290] Detected VIPT I-cache on CPU87
Dec  3 19:34:23 ubuntu kernel: [    2.998327] GICv3: CPU87: found redistributor 3b0300 region 87:0x00002000aa4c0000
Dec  3 19:34:23 ubuntu kernel: [    2.998351] GICv3: CPU87: using allocated LPI pending table @0x00000027fee20000
Dec  3 19:34:23 ubuntu kernel: [    2.998409] CPU87: Booted secondary processor 0x00003b0300 [0x481fd010]
Dec  3 19:34:23 ubuntu kernel: [    3.038395] Detected VIPT I-cache on CPU88
Dec  3 19:34:23 ubuntu kernel: [    3.038433] GICv3: CPU88: found redistributor 3c0000 region 88:0x00002000aa500000
Dec  3 19:34:23 ubuntu kernel: [    3.038471] GICv3: CPU88: using allocated LPI pending table @0x00000027fee30000
Dec  3 19:34:23 ubuntu kernel: [    3.038532] CPU88: Booted secondary processor 0x00003c0000 [0x481fd010]
Dec  3 19:34:23 ubuntu kernel: [    3.078493] Detected VIPT I-cache on CPU89
Dec  3 19:34:23 ubuntu kernel: [    3.078530] GICv3: CPU89: found redistributor 3c0100 region 89:0x00002000aa540000
Dec  3 19:34:23 ubuntu kernel: [    3.078559] GICv3: CPU89: using allocated LPI pending table @0x00000027fee40000
Dec  3 19:34:23 ubuntu kernel: [    3.078617] CPU89: Booted secondary processor 0x00003c0100 [0x481fd010]
Dec  3 19:34:23 ubuntu kernel: [    3.118594] Detected VIPT I-cache on CPU90
Dec  3 19:34:23 ubuntu kernel: [    3.118631] GICv3: CPU90: found redistributor 3c0200 region 90:0x00002000aa580000
Dec  3 19:34:23 ubuntu kernel: [    3.118657] GICv3: CPU90: using allocated LPI pending table @0x00000027fee50000
Dec  3 19:34:23 ubuntu kernel: [    3.118715] CPU90: Booted secondary processor 0x00003c0200 [0x481fd010]
Dec  3 19:34:23 ubuntu kernel: [    3.158696] Detected VIPT I-cache on CPU91
Dec  3 19:34:23 ubuntu kernel: [    3.158732] GICv3: CPU91: found redistributor 3c0300 region 91:0x00002000aa5c0000
Dec  3 19:34:23 ubuntu kernel: [    3.158758] GICv3: CPU91: using allocated LPI pending table @0x00000027fee60000
Dec  3 19:34:23 ubuntu kernel: [    3.158817] CPU91: Booted secondary processor 0x00003c0300 [0x481fd010]
Dec  3 19:34:23 ubuntu kernel: [    3.198975] Detected VIPT I-cache on CPU92
Dec  3 19:34:23 ubuntu kernel: [    3.199014] GICv3: CPU92: found redistributor 3d0000 region 92:0x00002000aa600000
Dec  3 19:34:23 ubuntu kernel: [    3.199052] GICv3: CPU92: using allocated LPI pending table @0x00000027fee70000
Dec  3 19:34:23 ubuntu kernel: [    3.199114] CPU92: Booted secondary processor 0x00003d0000 [0x481fd010]
Dec  3 19:34:23 ubuntu kernel: [    3.239247] Detected VIPT I-cache on CPU93
Dec  3 19:34:23 ubuntu kernel: [    3.239284] GICv3: CPU93: found redistributor 3d0100 region 93:0x00002000aa640000
Dec  3 19:34:23 ubuntu kernel: [    3.239310] GICv3: CPU93: using allocated LPI pending table @0x00000027fee80000
Dec  3 19:34:23 ubuntu kernel: [    3.239368] CPU93: Booted secondary processor 0x00003d0100 [0x481fd010]
Dec  3 19:34:23 ubuntu kernel: [    3.279522] Detected VIPT I-cache on CPU94
Dec  3 19:34:23 ubuntu kernel: [    3.279559] GICv3: CPU94: found redistributor 3d0200 region 94:0x00002000aa680000
Dec  3 19:34:23 ubuntu kernel: [    3.279585] GICv3: CPU94: using allocated LPI pending table @0x00000027fee90000
Dec  3 19:34:23 ubuntu kernel: [    3.279643] CPU94: Booted secondary processor 0x00003d0200 [0x481fd010]
Dec  3 19:34:23 ubuntu kernel: [    3.319797] Detected VIPT I-cache on CPU95
Dec  3 19:34:23 ubuntu kernel: [    3.319834] GICv3: CPU95: found redistributor 3d0300 region 95:0x00002000aa6c0000
Dec  3 19:34:23 ubuntu kernel: [    3.319860] GICv3: CPU95: using allocated LPI pending table @0x00000027feea0000
Dec  3 19:34:23 ubuntu kernel: [    3.319919] CPU95: Booted secondary processor 0x00003d0300 [0x481fd010]
Dec  3 19:34:23 ubuntu kernel: [    3.320765] smp: Brought up 4 nodes, 96 CPUs
Dec  3 19:34:23 ubuntu kernel: [    3.321303] SMP: Total of 96 processors activated.
Dec  3 19:34:23 ubuntu kernel: [    3.321305] CPU features: detected: Privileged Access Never
Dec  3 19:34:23 ubuntu kernel: [    3.321307] CPU features: detected: LSE atomic instructions
Dec  3 19:34:23 ubuntu kernel: [    3.321309] CPU features: detected: User Access Override
Dec  3 19:34:23 ubuntu kernel: [    3.321312] CPU features: detected: Common not Private translations
Dec  3 19:34:23 ubuntu kernel: [    3.321314] CPU features: detected: Data cache clean to Point of Persistence
Dec  3 19:34:23 ubuntu kernel: [    3.321316] CPU features: detected: RAS Extension Support
Dec  3 19:34:23 ubuntu kernel: [    3.321318] CPU features: detected: CRC32 instructions
Dec  3 19:34:23 ubuntu kernel: [    3.386146] CPU: All CPU(s) started at EL2
Dec  3 19:34:23 ubuntu kernel: [    3.402100] devtmpfs: initialized
Dec  3 19:34:23 ubuntu kernel: [    3.404853] Registered cp15_barrier emulation handler
Dec  3 19:34:23 ubuntu kernel: [    3.404892] Registered setend emulation handler
Dec  3 19:34:23 ubuntu kernel: [    3.404898] KASLR disabled due to lack of seed
Dec  3 19:34:23 ubuntu kernel: [    3.405313] clocksource: jiffies: mask: 0xffffffff max_cycles: 0xffffffff, max_idle_ns: 7645041785100000 ns
Dec  3 19:34:23 ubuntu kernel: [    3.405779] futex hash table entries: 32768 (order: 9, 2097152 bytes, vmalloc)
Dec  3 19:34:23 ubuntu kernel: [    3.406639] pinctrl core: initialized pinctrl subsystem
Dec  3 19:34:23 ubuntu kernel: [    3.406815] thermal_sys: Registered thermal governor 'fair_share'
Dec  3 19:34:23 ubuntu kernel: [    3.406816] thermal_sys: Registered thermal governor 'bang_bang'
Dec  3 19:34:23 ubuntu kernel: [    3.406819] thermal_sys: Registered thermal governor 'step_wise'
Dec  3 19:34:23 ubuntu kernel: [    3.406821] thermal_sys: Registered thermal governor 'user_space'
Dec  3 19:34:23 ubuntu kernel: [    3.406906] SMBIOS 3.1.1 present.
Dec  3 19:34:23 ubuntu kernel: [    3.406912] DMI: Huawei TaiShan 200 (Model 2280)/BC82AMDDA, BIOS 1.06 10/29/2019
Dec  3 19:34:23 ubuntu kernel: [    3.407264] NET: Registered protocol family 16
Dec  3 19:34:23 ubuntu kernel: [    3.408384] DMA: preallocated 256 KiB pool for atomic allocations
Dec  3 19:34:23 ubuntu kernel: [    3.408389] audit: initializing netlink subsys (disabled)
Dec  3 19:34:23 ubuntu kernel: [    3.408434] audit: type=2000 audit(0.484:1): state=initialized audit_enabled=0 res=1
Dec  3 19:34:23 ubuntu kernel: [    3.408696] cpuidle: using governor ladder
Dec  3 19:34:23 ubuntu kernel: [    3.408768] cpuidle: using governor menu
Dec  3 19:34:23 ubuntu kernel: [    3.408777] Detected 1 PCC Subspaces
Dec  3 19:34:23 ubuntu kernel: [    3.408806] Registering PCC driver as Mailbox controller
Dec  3 19:34:23 ubuntu kernel: [    3.408885] hw-breakpoint: found 6 breakpoint and 4 watchpoint registers.
Dec  3 19:34:23 ubuntu kernel: [    3.409755] ASID allocator initialised with 65536 entries
Dec  3 19:34:23 ubuntu kernel: [    3.409903] ACPI: bus type PCI registered
Dec  3 19:34:23 ubuntu kernel: [    3.409907] acpiphp: ACPI Hot Plug PCI Controller Driver version: 0.5
Dec  3 19:34:23 ubuntu kernel: [    3.410072] Serial: AMBA PL011 UART driver
Dec  3 19:34:23 ubuntu kernel: [    3.417284] HugeTLB registered 1.00 GiB page size, pre-allocated 0 pages
Dec  3 19:34:23 ubuntu kernel: [    3.417288] HugeTLB registered 32.0 MiB page size, pre-allocated 0 pages
Dec  3 19:34:23 ubuntu kernel: [    3.417291] HugeTLB registered 2.00 MiB page size, pre-allocated 0 pages
Dec  3 19:34:23 ubuntu kernel: [    3.417293] HugeTLB registered 64.0 KiB page size, pre-allocated 0 pages
Dec  3 19:34:23 ubuntu kernel: [    3.420868] fbcon: Taking over console
Dec  3 19:34:23 ubuntu kernel: [    3.421278] ACPI: Added _OSI(Module Device)
Dec  3 19:34:23 ubuntu kernel: [    3.421280] ACPI: Added _OSI(Processor Device)
Dec  3 19:34:23 ubuntu kernel: [    3.421283] ACPI: Added _OSI(3.0 _SCP Extensions)
Dec  3 19:34:23 ubuntu kernel: [    3.421285] ACPI: Added _OSI(Processor Aggregator Device)
Dec  3 19:34:23 ubuntu kernel: [    3.421288] ACPI: Added _OSI(Linux-Dell-Video)
Dec  3 19:34:23 ubuntu kernel: [    3.421290] ACPI: Added _OSI(Linux-Lenovo-NV-HDMI-Audio)
Dec  3 19:34:23 ubuntu kernel: [    3.421292] ACPI: Added _OSI(Linux-HPI-Hybrid-Graphics)
Dec  3 19:34:23 ubuntu kernel: [    3.430432] ACPI: 2 ACPI AML tables successfully acquired and loaded
Dec  3 19:34:23 ubuntu kernel: [    3.433863] ACPI: Interpreter enabled
Dec  3 19:34:23 ubuntu kernel: [    3.433866] ACPI: Using GIC for interrupt routing
Dec  3 19:34:23 ubuntu kernel: [    3.433881] ACPI: MCFG table detected, 1 entries
Dec  3 19:34:23 ubuntu kernel: [    3.433883] ACPI: IORT: [Firmware Bug]: ID count for ID mapping entry is wrong, applying workaround
Dec  3 19:34:23 ubuntu kernel: [    3.433889] ACPI: IORT: SMMU-v3[148000000] Mapped to Proximity domain 0
Dec  3 19:34:23 ubuntu kernel: [    3.433939] ACPI: IORT: SMMU-v3[201000000] Mapped to Proximity domain 0
Dec  3 19:34:23 ubuntu kernel: [    3.433963] ACPI: IORT: SMMU-v3[100000000] Mapped to Proximity domain 0
Dec  3 19:34:23 ubuntu kernel: [    3.433989] ACPI: IORT: SMMU-v3[140000000] Mapped to Proximity domain 0
Dec  3 19:34:23 ubuntu kernel: [    3.434011] ACPI: IORT: SMMU-v3[200148000000] Mapped to Proximity domain 2
Dec  3 19:34:23 ubuntu kernel: [    3.434035] ACPI: IORT: SMMU-v3[200201000000] Mapped to Proximity domain 2
Dec  3 19:34:23 ubuntu kernel: [    3.434057] ACPI: IORT: SMMU-v3[200100000000] Mapped to Proximity domain 2
Dec  3 19:34:23 ubuntu kernel: [    3.434080] ACPI: IORT: SMMU-v3[200140000000] Mapped to Proximity domain 2
Dec  3 19:34:23 ubuntu kernel: [    3.434724] HEST: Table parsing has been initialized.
Dec  3 19:34:23 ubuntu kernel: [    3.463152] ACPI: PCI Root Bridge [PCI0] (domain 0000 [bus 00-3f])
Dec  3 19:34:23 ubuntu kernel: [    3.463161] acpi PNP0A08:00: _OSC: OS supports [ExtendedConfig ASPM ClockPM Segments MSI HPX-Type3]
Dec  3 19:34:23 ubuntu kernel: [    3.463265] acpi PNP0A08:00: _OSC: platform does not support [SHPCHotplug LTR]
Dec  3 19:34:23 ubuntu kernel: [    3.463354] acpi PNP0A08:00: _OSC: OS now controls [PCIeHotplug PME AER PCIeCapability]
Dec  3 19:34:23 ubuntu kernel: [    3.463945] acpi PNP0A08:00: ECAM area [mem 0xd0000000-0xd3ffffff] reserved by PNP0C02:00
Dec  3 19:34:23 ubuntu kernel: [    3.463957] acpi PNP0A08:00: ECAM at [mem 0xd0000000-0xd3ffffff] for [bus 00-3f]
Dec  3 19:34:23 ubuntu kernel: [    3.463982] Remapped I/O 0x00000000f7ff0000 to [io  0x0000-0xffff window]
Dec  3 19:34:23 ubuntu kernel: [    3.464046] PCI host bridge to bus 0000:00
Dec  3 19:34:23 ubuntu kernel: [    3.464050] pci_bus 0000:00: root bus resource [mem 0x80000000000-0x82fffffffff pref window]
Dec  3 19:34:23 ubuntu kernel: [    3.464053] pci_bus 0000:00: root bus resource [mem 0xe0000000-0xf7feffff window]
Dec  3 19:34:23 ubuntu kernel: [    3.464056] pci_bus 0000:00: root bus resource [io  0x0000-0xffff window]
Dec  3 19:34:23 ubuntu kernel: [    3.464059] pci_bus 0000:00: root bus resource [bus 00-3f]
Dec  3 19:34:23 ubuntu kernel: [    3.464092] pci 0000:00:00.0: [19e5:a120] type 01 class 0x060400
Dec  3 19:34:23 ubuntu kernel: [    3.464159] pci 0000:00:00.0: PME# supported from D0 D1 D2 D3hot D3cold
Dec  3 19:34:23 ubuntu kernel: [    3.464236] pci 0000:00:04.0: [19e5:a120] type 01 class 0x060400
Dec  3 19:34:23 ubuntu kernel: [    3.464293] pci 0000:00:04.0: PME# supported from D0 D1 D2 D3hot D3cold
Dec  3 19:34:23 ubuntu kernel: [    3.464357] pci 0000:00:08.0: [19e5:a120] type 01 class 0x060400
Dec  3 19:34:23 ubuntu kernel: [    3.464412] pci 0000:00:08.0: PME# supported from D0 D1 D2 D3hot D3cold
Dec  3 19:34:23 ubuntu kernel: [    3.464472] pci 0000:00:0c.0: [19e5:a120] type 01 class 0x060400
Dec  3 19:34:23 ubuntu kernel: [    3.464530] pci 0000:00:0c.0: PME# supported from D0 D1 D2 D3hot D3cold
Dec  3 19:34:23 ubuntu kernel: [    3.464591] pci 0000:00:10.0: [19e5:a120] type 01 class 0x060400
Dec  3 19:34:23 ubuntu kernel: [    3.464645] pci 0000:00:10.0: PME# supported from D0 D1 D2 D3hot D3cold
Dec  3 19:34:23 ubuntu kernel: [    3.464705] pci 0000:00:11.0: [19e5:a120] type 01 class 0x060400
Dec  3 19:34:23 ubuntu kernel: [    3.464759] pci 0000:00:11.0: PME# supported from D0 D1 D2 D3hot D3cold
Dec  3 19:34:23 ubuntu kernel: [    3.464818] pci 0000:00:12.0: [19e5:a120] type 01 class 0x060400
Dec  3 19:34:23 ubuntu kernel: [    3.464872] pci 0000:00:12.0: PME# supported from D0 D1 D2 D3hot D3cold
Dec  3 19:34:23 ubuntu kernel: [    3.464997] pci 0000:03:00.0: [1000:0016] type 00 class 0x010400
Dec  3 19:34:23 ubuntu kernel: [    3.465019] pci 0000:03:00.0: reg 0x10: [mem 0x80000100000-0x800001fffff 64bit pref]
Dec  3 19:34:23 ubuntu kernel: [    3.465029] pci 0000:03:00.0: reg 0x18: [mem 0x80000000000-0x800000fffff 64bit pref]
Dec  3 19:34:23 ubuntu kernel: [    3.465037] pci 0000:03:00.0: reg 0x20: [mem 0xe6400000-0xe64fffff]
Dec  3 19:34:23 ubuntu kernel: [    3.465045] pci 0000:03:00.0: reg 0x24: [io  0x0000-0x00ff]
Dec  3 19:34:23 ubuntu kernel: [    3.465052] pci 0000:03:00.0: reg 0x30: [mem 0xe6300000-0xe63fffff pref]
Dec  3 19:34:23 ubuntu kernel: [    3.465120] pci 0000:03:00.0: supports D1 D2
Dec  3 19:34:23 ubuntu kernel: [    3.465266] pci 0000:05:00.0: [19e5:1710] type 00 class 0x118000
Dec  3 19:34:23 ubuntu kernel: [    3.465292] pci 0000:05:00.0: reg 0x10: [mem 0xe0000000-0xe3ffffff pref]
Dec  3 19:34:23 ubuntu kernel: [    3.465302] pci 0000:05:00.0: reg 0x14: [mem 0xe6200000-0xe62fffff]
Dec  3 19:34:23 ubuntu kernel: [    3.465453] pci 0000:05:00.0: supports D1
Dec  3 19:34:23 ubuntu kernel: [    3.465455] pci 0000:05:00.0: PME# supported from D0 D1 D3hot
Dec  3 19:34:23 ubuntu kernel: [    3.465593] pci 0000:06:00.0: [19e5:1711] type 00 class 0x030000
Dec  3 19:34:23 ubuntu kernel: [    3.465625] pci 0000:06:00.0: reg 0x10: [mem 0xe4000000-0xe5ffffff pref]
Dec  3 19:34:23 ubuntu kernel: [    3.465638] pci 0000:06:00.0: reg 0x14: [mem 0xe6000000-0xe61fffff]
Dec  3 19:34:23 ubuntu kernel: [    3.465764] pci 0000:06:00.0: BAR 0: assigned to efifb
Dec  3 19:34:23 ubuntu kernel: [    3.465823] pci 0000:06:00.0: supports D1
Dec  3 19:34:23 ubuntu kernel: [    3.465825] pci 0000:06:00.0: PME# supported from D0 D1 D3hot
Dec  3 19:34:23 ubuntu kernel: [    3.465964] pci_bus 0000:00: on NUMA node 0
Dec  3 19:34:23 ubuntu kernel: [    3.465966] pci 0000:00:00.0: PCI bridge to [bus 01]
Dec  3 19:34:23 ubuntu kernel: [    3.465971] pci 0000:00:04.0: PCI bridge to [bus 02]
Dec  3 19:34:23 ubuntu kernel: [    3.465975] pci 0000:00:08.0: PCI bridge to [bus 03]
Dec  3 19:34:23 ubuntu kernel: [    3.465978] pci 0000:00:08.0:   bridge window [io  0x0000-0x0fff]
Dec  3 19:34:23 ubuntu kernel: [    3.465981] pci 0000:00:08.0:   bridge window [mem 0xe6300000-0xe64fffff]
Dec  3 19:34:23 ubuntu kernel: [    3.465985] pci 0000:00:08.0:   bridge window [mem 0x80000000000-0x800001fffff 64bit pref]
Dec  3 19:34:23 ubuntu kernel: [    3.465989] pci 0000:00:0c.0: PCI bridge to [bus 04]
Dec  3 19:34:23 ubuntu kernel: [    3.465993] pci 0000:00:10.0: PCI bridge to [bus 05]
Dec  3 19:34:23 ubuntu kernel: [    3.465996] pci 0000:00:10.0:   bridge window [mem 0xe6200000-0xe62fffff]
Dec  3 19:34:23 ubuntu kernel: [    3.466000] pci 0000:00:10.0:   bridge window [mem 0xe0000000-0xe3ffffff 64bit pref]
Dec  3 19:34:23 ubuntu kernel: [    3.466003] pci 0000:00:11.0: PCI bridge to [bus 06]
Dec  3 19:34:23 ubuntu kernel: [    3.466006] pci 0000:00:11.0:   bridge window [mem 0xe6000000-0xe61fffff]
Dec  3 19:34:23 ubuntu kernel: [    3.466010] pci 0000:00:11.0:   bridge window [mem 0xe4000000-0xe5ffffff 64bit pref]
Dec  3 19:34:23 ubuntu kernel: [    3.466013] pci 0000:00:12.0: PCI bridge to [bus 07]
Dec  3 19:34:23 ubuntu kernel: [    3.466024] pci 0000:00:00.0: PCI bridge to [bus 01]
Dec  3 19:34:23 ubuntu kernel: [    3.466029] pci 0000:00:04.0: PCI bridge to [bus 02]
Dec  3 19:34:23 ubuntu kernel: [    3.466034] pci 0000:00:08.0: PCI bridge to [bus 03]
Dec  3 19:34:23 ubuntu kernel: [    3.466036] pci 0000:00:08.0:   bridge window [io  0x0000-0x0fff]
Dec  3 19:34:23 ubuntu kernel: [    3.466040] pci 0000:00:08.0:   bridge window [mem 0xe6300000-0xe64fffff]
Dec  3 19:34:23 ubuntu kernel: [    3.466043] pci 0000:00:08.0:   bridge window [mem 0x80000000000-0x800001fffff 64bit pref]
Dec  3 19:34:23 ubuntu kernel: [    3.466047] pci 0000:00:0c.0: PCI bridge to [bus 04]
Dec  3 19:34:23 ubuntu kernel: [    3.466052] pci 0000:00:10.0: PCI bridge to [bus 05]
Dec  3 19:34:23 ubuntu kernel: [    3.466055] pci 0000:00:10.0:   bridge window [mem 0xe6200000-0xe62fffff]
Dec  3 19:34:23 ubuntu kernel: [    3.466058] pci 0000:00:10.0:   bridge window [mem 0xe0000000-0xe3ffffff 64bit pref]
Dec  3 19:34:23 ubuntu kernel: [    3.466062] pci 0000:00:11.0: PCI bridge to [bus 06]
Dec  3 19:34:23 ubuntu kernel: [    3.466065] pci 0000:00:11.0:   bridge window [mem 0xe6000000-0xe61fffff]
Dec  3 19:34:23 ubuntu kernel: [    3.466068] pci 0000:00:11.0:   bridge window [mem 0xe4000000-0xe5ffffff 64bit pref]
Dec  3 19:34:23 ubuntu kernel: [    3.466072] pci 0000:00:12.0: PCI bridge to [bus 07]
Dec  3 19:34:23 ubuntu kernel: [    3.466077] pci_bus 0000:00: resource 4 [mem 0x80000000000-0x82fffffffff pref window]
Dec  3 19:34:23 ubuntu kernel: [    3.466080] pci_bus 0000:00: resource 5 [mem 0xe0000000-0xf7feffff window]
Dec  3 19:34:23 ubuntu kernel: [    3.466083] pci_bus 0000:00: resource 6 [io  0x0000-0xffff window]
Dec  3 19:34:23 ubuntu kernel: [    3.466086] pci_bus 0000:03: resource 0 [io  0x0000-0x0fff]
Dec  3 19:34:23 ubuntu kernel: [    3.466088] pci_bus 0000:03: resource 1 [mem 0xe6300000-0xe64fffff]
Dec  3 19:34:23 ubuntu kernel: [    3.466091] pci_bus 0000:03: resource 2 [mem 0x80000000000-0x800001fffff 64bit pref]
Dec  3 19:34:23 ubuntu kernel: [    3.466094] pci_bus 0000:05: resource 1 [mem 0xe6200000-0xe62fffff]
Dec  3 19:34:23 ubuntu kernel: [    3.466097] pci_bus 0000:05: resource 2 [mem 0xe0000000-0xe3ffffff 64bit pref]
Dec  3 19:34:23 ubuntu kernel: [    3.466100] pci_bus 0000:06: resource 1 [mem 0xe6000000-0xe61fffff]
Dec  3 19:34:23 ubuntu kernel: [    3.466102] pci_bus 0000:06: resource 2 [mem 0xe4000000-0xe5ffffff 64bit pref]
Dec  3 19:34:23 ubuntu kernel: [    3.466155] ACPI: PCI Root Bridge [PCI1] (domain 0000 [bus 7b])
Dec  3 19:34:23 ubuntu kernel: [    3.466159] acpi PNP0A08:01: _OSC: OS supports [ExtendedConfig ASPM ClockPM Segments MSI HPX-Type3]
Dec  3 19:34:23 ubuntu kernel: [    3.466257] acpi PNP0A08:01: _OSC: platform does not support [PCIeHotplug SHPCHotplug PME AER LTR]
Dec  3 19:34:23 ubuntu kernel: [    3.466346] acpi PNP0A08:01: _OSC: OS now controls [PCIeCapability]
Dec  3 19:34:23 ubuntu kernel: [    3.466928] acpi PNP0A08:01: ECAM area [mem 0xd7b00000-0xd7bfffff] reserved by PNP0C02:00
Dec  3 19:34:23 ubuntu kernel: [    3.466945] acpi PNP0A08:01: ECAM at [mem 0xd7b00000-0xd7bfffff] for [bus 7b]
Dec  3 19:34:23 ubuntu kernel: [    3.466999] PCI host bridge to bus 0000:7b
Dec  3 19:34:23 ubuntu kernel: [    3.467002] pci_bus 0000:7b: root bus resource [mem 0x148800000-0x148ffffff pref window]
Dec  3 19:34:23 ubuntu kernel: [    3.467005] pci_bus 0000:7b: root bus resource [bus 7b]
Dec  3 19:34:23 ubuntu kernel: [    3.467013] pci 0000:7b:00.0: [19e5:a122] type 00 class 0x088000
Dec  3 19:34:23 ubuntu kernel: [    3.467022] pci 0000:7b:00.0: reg 0x18: [mem 0x00000000-0x00003fff 64bit pref]
Dec  3 19:34:23 ubuntu kernel: [    3.467080] pci_bus 0000:7b: on NUMA node 0
Dec  3 19:34:23 ubuntu kernel: [    3.467084] pci 0000:7b:00.0: BAR 2: assigned [mem 0x148800000-0x148803fff 64bit pref]
Dec  3 19:34:23 ubuntu kernel: [    3.467089] pci_bus 0000:7b: resource 4 [mem 0x148800000-0x148ffffff pref window]
Dec  3 19:34:23 ubuntu kernel: [    3.467132] ACPI: PCI Root Bridge [PCI2] (domain 0000 [bus 7a])
Dec  3 19:34:23 ubuntu kernel: [    3.467137] acpi PNP0A08:02: _OSC: OS supports [ExtendedConfig ASPM ClockPM Segments MSI HPX-Type3]
Dec  3 19:34:23 ubuntu kernel: [    3.467231] acpi PNP0A08:02: _OSC: platform does not support [PCIeHotplug SHPCHotplug PME AER LTR]
Dec  3 19:34:23 ubuntu kernel: [    3.467318] acpi PNP0A08:02: _OSC: OS now controls [PCIeCapability]
Dec  3 19:34:23 ubuntu kernel: [    3.467888] acpi PNP0A08:02: ECAM area [mem 0xd7a00000-0xd7afffff] reserved by PNP0C02:00
Dec  3 19:34:23 ubuntu kernel: [    3.467904] acpi PNP0A08:02: ECAM at [mem 0xd7a00000-0xd7afffff] for [bus 7a]
Dec  3 19:34:23 ubuntu kernel: [    3.467958] PCI host bridge to bus 0000:7a
Dec  3 19:34:23 ubuntu kernel: [    3.467961] pci_bus 0000:7a: root bus resource [mem 0x20c000000-0x20c1fffff pref window]
Dec  3 19:34:23 ubuntu kernel: [    3.467964] pci_bus 0000:7a: root bus resource [bus 7a]
Dec  3 19:34:23 ubuntu kernel: [    3.467971] pci 0000:7a:00.0: [19e5:a23b] type 00 class 0x0c0310
Dec  3 19:34:23 ubuntu kernel: [    3.467978] pci 0000:7a:00.0: reg 0x10: [mem 0x20c100000-0x20c100fff 64bit pref]
Dec  3 19:34:23 ubuntu kernel: [    3.468033] pci 0000:7a:01.0: [19e5:a239] type 00 class 0x0c0320
Dec  3 19:34:23 ubuntu kernel: [    3.468040] pci 0000:7a:01.0: reg 0x10: [mem 0x20c101000-0x20c101fff 64bit pref]
Dec  3 19:34:23 ubuntu kernel: [    3.468093] pci 0000:7a:02.0: [19e5:a238] type 00 class 0x0c0330
Dec  3 19:34:23 ubuntu kernel: [    3.468099] pci 0000:7a:02.0: reg 0x10: [mem 0x20c000000-0x20c0fffff 64bit pref]
Dec  3 19:34:23 ubuntu kernel: [    3.468156] pci_bus 0000:7a: on NUMA node 0
Dec  3 19:34:23 ubuntu kernel: [    3.468159] pci 0000:7a:02.0: BAR 0: assigned [mem 0x20c000000-0x20c0fffff 64bit pref]
Dec  3 19:34:23 ubuntu kernel: [    3.468164] pci 0000:7a:00.0: BAR 0: assigned [mem 0x20c100000-0x20c100fff 64bit pref]
Dec  3 19:34:23 ubuntu kernel: [    3.468169] pci 0000:7a:01.0: BAR 0: assigned [mem 0x20c101000-0x20c101fff 64bit pref]
Dec  3 19:34:23 ubuntu kernel: [    3.468174] pci_bus 0000:7a: resource 4 [mem 0x20c000000-0x20c1fffff pref window]
Dec  3 19:34:23 ubuntu kernel: [    3.468215] ACPI: PCI Root Bridge [PCI3] (domain 0000 [bus 78-79])
Dec  3 19:34:23 ubuntu kernel: [    3.468220] acpi PNP0A08:03: _OSC: OS supports [ExtendedConfig ASPM ClockPM Segments MSI HPX-Type3]
Dec  3 19:34:23 ubuntu kernel: [    3.468314] acpi PNP0A08:03: _OSC: platform does not support [PCIeHotplug SHPCHotplug PME AER LTR]
Dec  3 19:34:23 ubuntu kernel: [    3.468399] acpi PNP0A08:03: _OSC: OS now controls [PCIeCapability]
Dec  3 19:34:23 ubuntu kernel: [    3.468976] acpi PNP0A08:03: ECAM area [mem 0xd7800000-0xd79fffff] reserved by PNP0C02:00
Dec  3 19:34:23 ubuntu kernel: [    3.468983] acpi PNP0A08:03: ECAM at [mem 0xd7800000-0xd79fffff] for [bus 78-79]
Dec  3 19:34:23 ubuntu kernel: [    3.469052] PCI host bridge to bus 0000:78
Dec  3 19:34:23 ubuntu kernel: [    3.469055] pci_bus 0000:78: root bus resource [mem 0x208000000-0x208bfffff pref window]
Dec  3 19:34:23 ubuntu kernel: [    3.469058] pci_bus 0000:78: root bus resource [bus 78-79]
Dec  3 19:34:23 ubuntu kernel: [    3.469070] pci_bus 0000:78: on NUMA node 0
Dec  3 19:34:23 ubuntu kernel: [    3.469072] pci_bus 0000:78: resource 4 [mem 0x208000000-0x208bfffff pref window]
Dec  3 19:34:23 ubuntu kernel: [    3.469118] ACPI: PCI Root Bridge [PCI4] (domain 0000 [bus 7c-7d])
Dec  3 19:34:23 ubuntu kernel: [    3.469122] acpi PNP0A08:04: _OSC: OS supports [ExtendedConfig ASPM ClockPM Segments MSI HPX-Type3]
Dec  3 19:34:23 ubuntu kernel: [    3.469216] acpi PNP0A08:04: _OSC: platform does not support [PCIeHotplug SHPCHotplug PME AER LTR]
Dec  3 19:34:23 ubuntu kernel: [    3.469302] acpi PNP0A08:04: _OSC: OS now controls [PCIeCapability]
Dec  3 19:34:23 ubuntu kernel: [    3.469870] acpi PNP0A08:04: ECAM area [mem 0xd7c00000-0xd7dfffff] reserved by PNP0C02:00
Dec  3 19:34:23 ubuntu kernel: [    3.469876] acpi PNP0A08:04: ECAM at [mem 0xd7c00000-0xd7dfffff] for [bus 7c-7d]
Dec  3 19:34:23 ubuntu kernel: [    3.469936] PCI host bridge to bus 0000:7c
Dec  3 19:34:23 ubuntu kernel: [    3.469939] pci_bus 0000:7c: root bus resource [mem 0x120000000-0x13fffffff pref window]
Dec  3 19:34:23 ubuntu kernel: [    3.469942] pci_bus 0000:7c: root bus resource [bus 7c-7d]
Dec  3 19:34:23 ubuntu kernel: [    3.469949] pci 0000:7c:00.0: [19e5:a121] type 01 class 0x060400
Dec  3 19:34:23 ubuntu kernel: [    3.469960] pci 0000:7c:00.0: enabling Extended Tags
Dec  3 19:34:23 ubuntu kernel: [    3.470036] pci 0000:7d:00.0: [19e5:a222] type 00 class 0x020000
Dec  3 19:34:23 ubuntu kernel: [    3.470043] pci 0000:7d:00.0: reg 0x10: [mem 0x1210f0000-0x1210fffff 64bit pref]
Dec  3 19:34:23 ubuntu kernel: [    3.470048] pci 0000:7d:00.0: reg 0x18: [mem 0x120f00000-0x120ffffff 64bit pref]
Dec  3 19:34:23 ubuntu kernel: [    3.470072] pci 0000:7d:00.0: reg 0x224: [mem 0x1210c0000-0x1210cffff 64bit pref]
Dec  3 19:34:23 ubuntu kernel: [    3.470075] pci 0000:7d:00.0: VF(n) BAR0 space: [mem 0x1210c0000-0x1210effff 64bit pref] (contains BAR0 for 3 VFs)
Dec  3 19:34:23 ubuntu kernel: [    3.470081] pci 0000:7d:00.0: reg 0x22c: [mem 0x120c00000-0x120cfffff 64bit pref]
Dec  3 19:34:23 ubuntu kernel: [    3.470084] pci 0000:7d:00.0: VF(n) BAR2 space: [mem 0x120c00000-0x120efffff 64bit pref] (contains BAR2 for 3 VFs)
Dec  3 19:34:23 ubuntu kernel: [    3.470138] pci 0000:7d:00.1: [19e5:a221] type 00 class 0x020000
Dec  3 19:34:23 ubuntu kernel: [    3.470146] pci 0000:7d:00.1: reg 0x10: [mem 0x1210b0000-0x1210bffff 64bit pref]
Dec  3 19:34:23 ubuntu kernel: [    3.470150] pci 0000:7d:00.1: reg 0x18: [mem 0x120b00000-0x120bfffff 64bit pref]
Dec  3 19:34:23 ubuntu kernel: [    3.470172] pci 0000:7d:00.1: reg 0x224: [mem 0x121080000-0x12108ffff 64bit pref]
Dec  3 19:34:23 ubuntu kernel: [    3.470176] pci 0000:7d:00.1: VF(n) BAR0 space: [mem 0x121080000-0x1210affff 64bit pref] (contains BAR0 for 3 VFs)
Dec  3 19:34:23 ubuntu kernel: [    3.470181] pci 0000:7d:00.1: reg 0x22c: [mem 0x120800000-0x1208fffff 64bit pref]
Dec  3 19:34:23 ubuntu kernel: [    3.470185] pci 0000:7d:00.1: VF(n) BAR2 space: [mem 0x120800000-0x120afffff 64bit pref] (contains BAR2 for 3 VFs)
Dec  3 19:34:23 ubuntu kernel: [    3.470236] pci 0000:7d:00.2: [19e5:a222] type 00 class 0x020000
Dec  3 19:34:23 ubuntu kernel: [    3.470243] pci 0000:7d:00.2: reg 0x10: [mem 0x121070000-0x12107ffff 64bit pref]
Dec  3 19:34:23 ubuntu kernel: [    3.470248] pci 0000:7d:00.2: reg 0x18: [mem 0x120700000-0x1207fffff 64bit pref]
Dec  3 19:34:23 ubuntu kernel: [    3.470269] pci 0000:7d:00.2: reg 0x224: [mem 0x121040000-0x12104ffff 64bit pref]
Dec  3 19:34:23 ubuntu kernel: [    3.470272] pci 0000:7d:00.2: VF(n) BAR0 space: [mem 0x121040000-0x12106ffff 64bit pref] (contains BAR0 for 3 VFs)
Dec  3 19:34:23 ubuntu kernel: [    3.470278] pci 0000:7d:00.2: reg 0x22c: [mem 0x120400000-0x1204fffff 64bit pref]
Dec  3 19:34:23 ubuntu kernel: [    3.470281] pci 0000:7d:00.2: VF(n) BAR2 space: [mem 0x120400000-0x1206fffff 64bit pref] (contains BAR2 for 3 VFs)
Dec  3 19:34:23 ubuntu kernel: [    3.470329] pci 0000:7d:00.3: [19e5:a221] type 00 class 0x020000
Dec  3 19:34:23 ubuntu kernel: [    3.470335] pci 0000:7d:00.3: reg 0x10: [mem 0x121030000-0x12103ffff 64bit pref]
Dec  3 19:34:23 ubuntu kernel: [    3.470340] pci 0000:7d:00.3: reg 0x18: [mem 0x120300000-0x1203fffff 64bit pref]
Dec  3 19:34:23 ubuntu kernel: [    3.470362] pci 0000:7d:00.3: reg 0x224: [mem 0x121000000-0x12100ffff 64bit pref]
Dec  3 19:34:23 ubuntu kernel: [    3.470365] pci 0000:7d:00.3: VF(n) BAR0 space: [mem 0x121000000-0x12102ffff 64bit pref] (contains BAR0 for 3 VFs)
Dec  3 19:34:23 ubuntu kernel: [    3.470371] pci 0000:7d:00.3: reg 0x22c: [mem 0x120000000-0x1200fffff 64bit pref]
Dec  3 19:34:23 ubuntu kernel: [    3.470374] pci 0000:7d:00.3: VF(n) BAR2 space: [mem 0x120000000-0x1202fffff 64bit pref] (contains BAR2 for 3 VFs)
Dec  3 19:34:23 ubuntu kernel: [    3.470435] pci_bus 0000:7c: on NUMA node 0
Dec  3 19:34:23 ubuntu kernel: [    3.470440] pci 0000:7c:00.0: bridge window [mem 0x00100000-0x005fffff 64bit pref] to [bus 7d] add_size c00000 add_align 100000
Dec  3 19:34:23 ubuntu kernel: [    3.470445] pci 0000:7c:00.0: BAR 15: assigned [mem 0x120000000-0x1210fffff 64bit pref]
Dec  3 19:34:23 ubuntu kernel: [    3.470453] pci 0000:7d:00.0: BAR 2: assigned [mem 0x120000000-0x1200fffff 64bit pref]
Dec  3 19:34:23 ubuntu kernel: [    3.470458] pci 0000:7d:00.0: BAR 9: assigned [mem 0x120100000-0x1203fffff 64bit pref]
Dec  3 19:34:23 ubuntu kernel: [    3.470462] pci 0000:7d:00.1: BAR 2: assigned [mem 0x120400000-0x1204fffff 64bit pref]
Dec  3 19:34:23 ubuntu kernel: [    3.470466] pci 0000:7d:00.1: BAR 9: assigned [mem 0x120500000-0x1207fffff 64bit pref]
Dec  3 19:34:23 ubuntu kernel: [    3.470470] pci 0000:7d:00.2: BAR 2: assigned [mem 0x120800000-0x1208fffff 64bit pref]
Dec  3 19:34:23 ubuntu kernel: [    3.470475] pci 0000:7d:00.2: BAR 9: assigned [mem 0x120900000-0x120bfffff 64bit pref]
Dec  3 19:34:23 ubuntu kernel: [    3.470479] pci 0000:7d:00.3: BAR 2: assigned [mem 0x120c00000-0x120cfffff 64bit pref]
Dec  3 19:34:23 ubuntu kernel: [    3.470483] pci 0000:7d:00.3: BAR 9: assigned [mem 0x120d00000-0x120ffffff 64bit pref]
Dec  3 19:34:23 ubuntu kernel: [    3.470487] pci 0000:7d:00.0: BAR 0: assigned [mem 0x121000000-0x12100ffff 64bit pref]
Dec  3 19:34:23 ubuntu kernel: [    3.470491] pci 0000:7d:00.0: BAR 7: assigned [mem 0x121010000-0x12103ffff 64bit pref]
Dec  3 19:34:23 ubuntu kernel: [    3.470495] pci 0000:7d:00.1: BAR 0: assigned [mem 0x121040000-0x12104ffff 64bit pref]
Dec  3 19:34:23 ubuntu kernel: [    3.470500] pci 0000:7d:00.1: BAR 7: assigned [mem 0x121050000-0x12107ffff 64bit pref]
Dec  3 19:34:23 ubuntu kernel: [    3.470504] pci 0000:7d:00.2: BAR 0: assigned [mem 0x121080000-0x12108ffff 64bit pref]
Dec  3 19:34:23 ubuntu kernel: [    3.470508] pci 0000:7d:00.2: BAR 7: assigned [mem 0x121090000-0x1210bffff 64bit pref]
Dec  3 19:34:23 ubuntu kernel: [    3.470512] pci 0000:7d:00.3: BAR 0: assigned [mem 0x1210c0000-0x1210cffff 64bit pref]
Dec  3 19:34:23 ubuntu kernel: [    3.470516] pci 0000:7d:00.3: BAR 7: assigned [mem 0x1210d0000-0x1210fffff 64bit pref]
Dec  3 19:34:23 ubuntu kernel: [    3.470522] pci 0000:7c:00.0: PCI bridge to [bus 7d]
Dec  3 19:34:23 ubuntu kernel: [    3.470526] pci 0000:7c:00.0:   bridge window [mem 0x120000000-0x1210fffff 64bit pref]
Dec  3 19:34:23 ubuntu kernel: [    3.470530] pci_bus 0000:7c: resource 4 [mem 0x120000000-0x13fffffff pref window]
Dec  3 19:34:23 ubuntu kernel: [    3.470533] pci_bus 0000:7d: resource 2 [mem 0x120000000-0x1210fffff 64bit pref]
Dec  3 19:34:23 ubuntu kernel: [    3.470578] ACPI: PCI Root Bridge [PCI5] (domain 0000 [bus 74-76])
Dec  3 19:34:23 ubuntu kernel: [    3.470583] acpi PNP0A08:05: _OSC: OS supports [ExtendedConfig ASPM ClockPM Segments MSI HPX-Type3]
Dec  3 19:34:23 ubuntu kernel: [    3.470678] acpi PNP0A08:05: _OSC: platform does not support [PCIeHotplug SHPCHotplug PME AER LTR]
Dec  3 19:34:23 ubuntu kernel: [    3.470766] acpi PNP0A08:05: _OSC: OS now controls [PCIeCapability]
Dec  3 19:34:23 ubuntu kernel: [    3.471340] acpi PNP0A08:05: ECAM area [mem 0xd7400000-0xd76fffff] reserved by PNP0C02:00
Dec  3 19:34:23 ubuntu kernel: [    3.471356] acpi PNP0A08:05: ECAM at [mem 0xd7400000-0xd76fffff] for [bus 74-76]
Dec  3 19:34:23 ubuntu kernel: [    3.471442] PCI host bridge to bus 0000:74
Dec  3 19:34:23 ubuntu kernel: [    3.471445] pci_bus 0000:74: root bus resource [mem 0x141000000-0x141ffffff pref window]
Dec  3 19:34:23 ubuntu kernel: [    3.471448] pci_bus 0000:74: root bus resource [mem 0x144000000-0x145ffffff pref window]
Dec  3 19:34:23 ubuntu kernel: [    3.471451] pci_bus 0000:74: root bus resource [mem 0xa2000000-0xa2ffffff window]
Dec  3 19:34:23 ubuntu kernel: [    3.471454] pci_bus 0000:74: root bus resource [bus 74-76]
Dec  3 19:34:23 ubuntu kernel: [    3.471462] pci 0000:74:01.0: [19e5:a121] type 01 class 0x060400
Dec  3 19:34:23 ubuntu kernel: [    3.471473] pci 0000:74:01.0: enabling Extended Tags
Dec  3 19:34:23 ubuntu kernel: [    3.471548] pci 0000:74:02.0: [19e5:a230] type 00 class 0x010700
Dec  3 19:34:23 ubuntu kernel: [    3.471558] pci 0000:74:02.0: reg 0x24: [mem 0xa2008000-0xa200ffff]
Dec  3 19:34:23 ubuntu kernel: [    3.471639] pci 0000:74:03.0: [19e5:a235] type 00 class 0x010601
Dec  3 19:34:23 ubuntu kernel: [    3.471652] pci 0000:74:03.0: reg 0x24: [mem 0xa2010000-0xa2010fff]
Dec  3 19:34:23 ubuntu kernel: [    3.471706] pci 0000:74:04.0: [19e5:a230] type 00 class 0x010700
Dec  3 19:34:23 ubuntu kernel: [    3.471715] pci 0000:74:04.0: reg 0x24: [mem 0xa2000000-0xa2007fff]
Dec  3 19:34:23 ubuntu kernel: [    3.471833] pci 0000:75:00.0: [19e5:a255] type 00 class 0x100000
Dec  3 19:34:23 ubuntu kernel: [    3.471842] pci 0000:75:00.0: reg 0x18: [mem 0x144000000-0x1443fffff 64bit pref]
Dec  3 19:34:23 ubuntu kernel: [    3.471867] pci 0000:75:00.0: reg 0x22c: [mem 0x144400000-0x14440ffff 64bit pref]
Dec  3 19:34:23 ubuntu kernel: [    3.471871] pci 0000:75:00.0: VF(n) BAR2 space: [mem 0x144400000-0x1447effff 64bit pref] (contains BAR2 for 63 VFs)
Dec  3 19:34:23 ubuntu kernel: [    3.471980] pci_bus 0000:74: on NUMA node 0
Dec  3 19:34:23 ubuntu kernel: [    3.471983] pci 0000:74:01.0: bridge window [mem 0x00400000-0x007fffff 64bit pref] to [bus 75] add_size 400000 add_align 400000
Dec  3 19:34:23 ubuntu kernel: [    3.471989] pci 0000:74:01.0: BAR 15: assigned [mem 0x141000000-0x1417fffff 64bit pref]
Dec  3 19:34:23 ubuntu kernel: [    3.471992] pci 0000:74:02.0: BAR 5: assigned [mem 0xa2000000-0xa2007fff]
Dec  3 19:34:23 ubuntu kernel: [    3.471996] pci 0000:74:04.0: BAR 5: assigned [mem 0xa2008000-0xa200ffff]
Dec  3 19:34:23 ubuntu kernel: [    3.472000] pci 0000:74:03.0: BAR 5: assigned [mem 0xa2010000-0xa2010fff]
Dec  3 19:34:23 ubuntu kernel: [    3.472003] pci 0000:75:00.0: BAR 2: assigned [mem 0x141000000-0x1413fffff 64bit pref]
Dec  3 19:34:23 ubuntu kernel: [    3.472008] pci 0000:75:00.0: BAR 9: assigned [mem 0x141400000-0x1417effff 64bit pref]
Dec  3 19:34:23 ubuntu kernel: [    3.472012] pci 0000:74:01.0: PCI bridge to [bus 75]
Dec  3 19:34:23 ubuntu kernel: [    3.472016] pci 0000:74:01.0:   bridge window [mem 0x141000000-0x1417fffff 64bit pref]
Dec  3 19:34:23 ubuntu kernel: [    3.472021] pci_bus 0000:74: resource 4 [mem 0x141000000-0x141ffffff pref window]
Dec  3 19:34:23 ubuntu kernel: [    3.472024] pci_bus 0000:74: resource 5 [mem 0x144000000-0x145ffffff pref window]
Dec  3 19:34:23 ubuntu kernel: [    3.472027] pci_bus 0000:74: resource 6 [mem 0xa2000000-0xa2ffffff window]
Dec  3 19:34:23 ubuntu kernel: [    3.472030] pci_bus 0000:75: resource 2 [mem 0x141000000-0x1417fffff 64bit pref]
Dec  3 19:34:23 ubuntu kernel: [    3.472093] ACPI: PCI Root Bridge [PCI6] (domain 0000 [bus 80-9f])
Dec  3 19:34:23 ubuntu kernel: [    3.472097] acpi PNP0A08:06: _OSC: OS supports [ExtendedConfig ASPM ClockPM Segments MSI HPX-Type3]
Dec  3 19:34:23 ubuntu kernel: [    3.472192] acpi PNP0A08:06: _OSC: platform does not support [SHPCHotplug LTR]
Dec  3 19:34:23 ubuntu kernel: [    3.472279] acpi PNP0A08:06: _OSC: OS now controls [PCIeHotplug PME AER PCIeCapability]
