Mar  3 20:11:24 ubuntu kernel: [    0.000000] Booting Linux on physical CPU 0x0000080000 [0x481fd010]
Mar  3 20:11:24 ubuntu kernel: [    0.000000] Linux version 5.7.1 (root@ubuntu) (gcc version 7.5.0 (Ubuntu/Linaro 7.5.0-3ubuntu1~18.04), GNU ld (GNU Binutils for Ubuntu) 2.30) #1 SMP Wed Mar 3 19:39:20 CST 2021
Mar  3 20:11:24 ubuntu kernel: [    0.000000] efi: EFI v2.70 by EDK II
Mar  3 20:11:24 ubuntu kernel: [    0.000000] efi:  ACPI 2.0=0x2fc50000  SMBIOS 3.0=0x2fbf0000  MEMATTR=0x35e93018  ESRT=0x36117b18  MEMRESERVE=0x2fb93018 
Mar  3 20:11:24 ubuntu kernel: [    0.000000] esrt: Reserving ESRT space from 0x0000000036117b18 to 0x0000000036117b50.
Mar  3 20:11:24 ubuntu kernel: [    0.000000] cma: Reserved 32 MiB at 0x000000007e000000
Mar  3 20:11:24 ubuntu kernel: [    0.000000] ACPI: Early table checksum verification disabled
Mar  3 20:11:24 ubuntu kernel: [    0.000000] ACPI: RSDP 0x000000002FC50000 000024 (v02 HISI  )
Mar  3 20:11:24 ubuntu kernel: [    0.000000] ACPI: XSDT 0x000000002FC40000 0000A4 (v01 HISI   HIP08    00000000      01000013)
Mar  3 20:11:24 ubuntu kernel: [    0.000000] ACPI: FACP 0x000000002F790000 000114 (v06 HISI   HIP08    00000000 HISI 20151124)
Mar  3 20:11:24 ubuntu kernel: [    0.000000] ACPI: DSDT 0x000000002F530000 00C441 (v02 HISI   HIP08    00000000 INTL 20181213)
Mar  3 20:11:24 ubuntu kernel: [    0.000000] ACPI: PCCT 0x000000002FC30000 00008A (v01 HISI   HIP08    00000000 HISI 20151124)
Mar  3 20:11:24 ubuntu kernel: [    0.000000] ACPI: SSDT 0x000000002FC20000 00E64A (v02 HISI   HIP07    00000000 INTL 20181213)
Mar  3 20:11:24 ubuntu kernel: [    0.000000] ACPI: BERT 0x000000002FBC0000 000030 (v01 HISI   HIP08    00000000 HISI 20151124)
Mar  3 20:11:24 ubuntu kernel: [    0.000000] ACPI: HEST 0x000000002FBA0000 00058C (v01 HISI   HIP08    00000000 HISI 20151124)
Mar  3 20:11:24 ubuntu kernel: [    0.000000] ACPI: ERST 0x000000002FB60000 000230 (v01 HISI   HIP08    00000000 HISI 20151124)
Mar  3 20:11:24 ubuntu kernel: [    0.000000] ACPI: EINJ 0x000000002FB50000 000170 (v01 HISI   HIP08    00000000 HISI 20151124)
Mar  3 20:11:24 ubuntu kernel: [    0.000000] ACPI: GTDT 0x000000002F590000 00007C (v02 HISI   HIP08    00000000 HISI 20151124)
Mar  3 20:11:24 ubuntu kernel: [    0.000000] ACPI: MCFG 0x000000002F580000 00003C (v01 HISI   HIP08    00000000 HISI 20151124)
Mar  3 20:11:24 ubuntu kernel: [    0.000000] ACPI: SLIT 0x000000002F570000 00003C (v01 HISI   HIP08    00000000 HISI 20151124)
Mar  3 20:11:24 ubuntu kernel: [    0.000000] ACPI: SRAT 0x000000002F560000 0007D0 (v03 HISI   HIP08    00000000 HISI 20151124)
Mar  3 20:11:24 ubuntu kernel: [    0.000000] ACPI: SDEI 0x000000002F550000 000030 (v01 HISI   HIP08    00000000 HISI 20151124)
Mar  3 20:11:24 ubuntu kernel: [    0.000000] ACPI: APIC 0x000000002F540000 001E6C (v04 HISI   HIP08    00000000 HISI 20151124)
Mar  3 20:11:24 ubuntu kernel: [    0.000000] ACPI: IORT 0x000000002F520000 001678 (v00 HISI   HIP08    00000000 INTL 20181213)
Mar  3 20:11:24 ubuntu kernel: [    0.000000] ACPI: PPTT 0x000000002ECE0000 0031B0 (v01 HISI   HIP08    00000000 HISI 20151124)
Mar  3 20:11:24 ubuntu kernel: [    0.000000] ACPI: SPMI 0x000000002ECD0000 000041 (v05 HISI   HIP08    00000000 HISI 20151124)
Mar  3 20:11:24 ubuntu kernel: [    0.000000] ACPI: SRAT: Node 0 PXM 0 [mem 0x2080000000-0x27ffffffff]
Mar  3 20:11:24 ubuntu kernel: [    0.000000] ACPI: SRAT: Node 1 PXM 1 [mem 0x2800000000-0x2fffffffff]
Mar  3 20:11:24 ubuntu kernel: [    0.000000] ACPI: SRAT: Node 0 PXM 0 [mem 0x00000000-0x7fffffff]
Mar  3 20:11:24 ubuntu kernel: [    0.000000] ACPI: SRAT: Node 2 PXM 2 [mem 0x202000000000-0x2027ffffffff]
Mar  3 20:11:24 ubuntu kernel: [    0.000000] ACPI: SRAT: Node 3 PXM 3 [mem 0x202800000000-0x202fffffffff]
Mar  3 20:11:24 ubuntu kernel: [    0.000000] NUMA: NODE_DATA [mem 0x27ffffc300-0x27ffffffff]
Mar  3 20:11:24 ubuntu kernel: [    0.000000] NUMA: NODE_DATA [mem 0x2fffffc300-0x2fffffffff]
Mar  3 20:11:24 ubuntu kernel: [    0.000000] NUMA: NODE_DATA [mem 0x2027ffffc300-0x2027ffffffff]
Mar  3 20:11:24 ubuntu kernel: [    0.000000] NUMA: NODE_DATA [mem 0x202ff0000300-0x202ff0003fff]
Mar  3 20:11:24 ubuntu kernel: [    0.000000] Zone ranges:
Mar  3 20:11:24 ubuntu kernel: [    0.000000]   DMA      [mem 0x0000000000000000-0x000000003fffffff]
Mar  3 20:11:24 ubuntu kernel: [    0.000000]   DMA32    [mem 0x0000000040000000-0x00000000ffffffff]
Mar  3 20:11:24 ubuntu kernel: [    0.000000]   Normal   [mem 0x0000000100000000-0x0000202fffffffff]
Mar  3 20:11:24 ubuntu kernel: [    0.000000] Movable zone start for each node
Mar  3 20:11:24 ubuntu kernel: [    0.000000] Early memory node ranges
Mar  3 20:11:24 ubuntu kernel: [    0.000000]   node   0: [mem 0x0000000000000000-0x000000000000ffff]
Mar  3 20:11:24 ubuntu kernel: [    0.000000]   node   0: [mem 0x0000000000010000-0x000000002e501fff]
Mar  3 20:11:24 ubuntu kernel: [    0.000000]   node   0: [mem 0x000000002e502000-0x000000002eccffff]
Mar  3 20:11:24 ubuntu kernel: [    0.000000]   node   0: [mem 0x000000002ecd0000-0x000000002f59ffff]
Mar  3 20:11:24 ubuntu kernel: [    0.000000]   node   0: [mem 0x000000002f5a0000-0x000000002f78ffff]
Mar  3 20:11:24 ubuntu kernel: [    0.000000]   node   0: [mem 0x000000002f790000-0x000000002f79ffff]
Mar  3 20:11:24 ubuntu kernel: [    0.000000]   node   0: [mem 0x000000002f7a0000-0x000000002f87ffff]
Mar  3 20:11:24 ubuntu kernel: [    0.000000]   node   0: [mem 0x000000002f880000-0x000000002f8bffff]
Mar  3 20:11:24 ubuntu kernel: [    0.000000]   node   0: [mem 0x000000002f8c0000-0x000000002f95ffff]
Mar  3 20:11:24 ubuntu kernel: [    0.000000]   node   0: [mem 0x000000002f960000-0x000000002f97ffff]
Mar  3 20:11:24 ubuntu kernel: [    0.000000]   node   0: [mem 0x000000002f980000-0x000000002fabffff]
Mar  3 20:11:24 ubuntu kernel: [    0.000000]   node   0: [mem 0x000000002fac0000-0x000000002fb6ffff]
Mar  3 20:11:24 ubuntu kernel: [    0.000000]   node   0: [mem 0x000000002fb70000-0x000000002fb71fff]
Mar  3 20:11:24 ubuntu kernel: [    0.000000]   node   0: [mem 0x000000002fb72000-0x000000002fb7ffff]
Mar  3 20:11:24 ubuntu kernel: [    0.000000]   node   0: [mem 0x000000002fb80000-0x000000002fb80fff]
Mar  3 20:11:24 ubuntu kernel: [    0.000000]   node   0: [mem 0x000000002fb81000-0x000000002fb8ffff]
Mar  3 20:11:24 ubuntu kernel: [    0.000000]   node   0: [mem 0x000000002fb90000-0x000000002fb91fff]
Mar  3 20:11:24 ubuntu kernel: [    0.000000]   node   0: [mem 0x000000002fb92000-0x000000002fbaffff]
Mar  3 20:11:24 ubuntu kernel: [    0.000000]   node   0: [mem 0x000000002fbb0000-0x000000002fbb1fff]
Mar  3 20:11:24 ubuntu kernel: [    0.000000]   node   0: [mem 0x000000002fbb2000-0x000000002fbcffff]
Mar  3 20:11:24 ubuntu kernel: [    0.000000]   node   0: [mem 0x000000002fbd0000-0x000000002fbd0fff]
Mar  3 20:11:24 ubuntu kernel: [    0.000000]   node   0: [mem 0x000000002fbd1000-0x000000002fbdffff]
Mar  3 20:11:24 ubuntu kernel: [    0.000000]   node   0: [mem 0x000000002fbe0000-0x000000002fbfffff]
Mar  3 20:11:24 ubuntu kernel: [    0.000000]   node   0: [mem 0x000000002fc00000-0x000000002fc5ffff]
Mar  3 20:11:24 ubuntu kernel: [    0.000000]   node   0: [mem 0x000000002fc60000-0x000000002fe5ffff]
Mar  3 20:11:24 ubuntu kernel: [    0.000000]   node   0: [mem 0x000000002fe60000-0x000000002fe60fff]
Mar  3 20:11:24 ubuntu kernel: [    0.000000]   node   0: [mem 0x000000002fe61000-0x000000002fe64fff]
Mar  3 20:11:24 ubuntu kernel: [    0.000000]   node   0: [mem 0x000000002fe65000-0x000000002fe6afff]
Mar  3 20:11:24 ubuntu kernel: [    0.000000]   node   0: [mem 0x000000002fe6b000-0x000000002fe6bfff]
Mar  3 20:11:24 ubuntu kernel: [    0.000000]   node   0: [mem 0x000000002fe6c000-0x000000003f02ffff]
Mar  3 20:11:24 ubuntu kernel: [    0.000000]   node   0: [mem 0x000000003f030000-0x000000003f05ffff]
Mar  3 20:11:24 ubuntu kernel: [    0.000000]   node   0: [mem 0x000000003f060000-0x000000003fbfffff]
Mar  3 20:11:24 ubuntu kernel: [    0.000000]   node   0: [mem 0x0000000040000000-0x0000000043ffffff]
Mar  3 20:11:24 ubuntu kernel: [    0.000000]   node   0: [mem 0x0000000044030000-0x000000004fffffff]
Mar  3 20:11:24 ubuntu kernel: [    0.000000]   node   0: [mem 0x0000000050000000-0x000000007fffffff]
Mar  3 20:11:24 ubuntu kernel: [    0.000000]   node   0: [mem 0x0000002080000000-0x00000027ffffffff]
Mar  3 20:11:24 ubuntu kernel: [    0.000000]   node   1: [mem 0x0000002800000000-0x0000002fffffffff]
Mar  3 20:11:24 ubuntu kernel: [    0.000000]   node   2: [mem 0x0000202000000000-0x00002027ffffffff]
Mar  3 20:11:24 ubuntu kernel: [    0.000000]   node   3: [mem 0x0000202800000000-0x0000202fffffffff]
Mar  3 20:11:24 ubuntu kernel: [    0.000000] Zeroed struct page in unavailable ranges: 814 pages
Mar  3 20:11:24 ubuntu kernel: [    0.000000] Initmem setup node 0 [mem 0x0000000000000000-0x00000027ffffffff]
Mar  3 20:11:24 ubuntu kernel: [    0.000000] On node 0 totalpages: 8387536
Mar  3 20:11:24 ubuntu kernel: [    0.000000]   DMA zone: 5120 pages used for memmap
Mar  3 20:11:24 ubuntu kernel: [    0.000000]   DMA zone: 0 pages reserved
Mar  3 20:11:24 ubuntu kernel: [    0.000000]   DMA zone: 261120 pages, LIFO batch:63
Mar  3 20:11:24 ubuntu kernel: [    0.000000]   DMA32 zone: 5120 pages used for memmap
Mar  3 20:11:24 ubuntu kernel: [    0.000000]   DMA32 zone: 262096 pages, LIFO batch:63
Mar  3 20:11:24 ubuntu kernel: [    0.000000]   Normal zone: 153600 pages used for memmap
Mar  3 20:11:24 ubuntu kernel: [    0.000000]   Normal zone: 7864320 pages, LIFO batch:63
Mar  3 20:11:24 ubuntu kernel: [    0.000000] Initmem setup node 1 [mem 0x0000002800000000-0x0000002fffffffff]
Mar  3 20:11:24 ubuntu kernel: [    0.000000] On node 1 totalpages: 8388608
Mar  3 20:11:24 ubuntu kernel: [    0.000000]   Normal zone: 163840 pages used for memmap
Mar  3 20:11:24 ubuntu kernel: [    0.000000]   Normal zone: 8388608 pages, LIFO batch:63
Mar  3 20:11:24 ubuntu kernel: [    0.000000] Initmem setup node 2 [mem 0x0000202000000000-0x00002027ffffffff]
Mar  3 20:11:24 ubuntu kernel: [    0.000000] On node 2 totalpages: 8388608
Mar  3 20:11:24 ubuntu kernel: [    0.000000]   Normal zone: 163840 pages used for memmap
Mar  3 20:11:24 ubuntu kernel: [    0.000000]   Normal zone: 8388608 pages, LIFO batch:63
Mar  3 20:11:24 ubuntu kernel: [    0.000000] Initmem setup node 3 [mem 0x0000202800000000-0x0000202fffffffff]
Mar  3 20:11:24 ubuntu kernel: [    0.000000] On node 3 totalpages: 8388608
Mar  3 20:11:24 ubuntu kernel: [    0.000000]   Normal zone: 163840 pages used for memmap
Mar  3 20:11:24 ubuntu kernel: [    0.000000]   Normal zone: 8388608 pages, LIFO batch:63
Mar  3 20:11:24 ubuntu kernel: [    0.000000] psci: probing for conduit method from ACPI.
Mar  3 20:11:24 ubuntu kernel: [    0.000000] psci: PSCIv1.1 detected in firmware.
Mar  3 20:11:24 ubuntu kernel: [    0.000000] psci: Using standard PSCI v0.2 function IDs
Mar  3 20:11:24 ubuntu kernel: [    0.000000] psci: MIGRATE_INFO_TYPE not supported.
Mar  3 20:11:24 ubuntu kernel: [    0.000000] psci: SMC Calling Convention v1.1
Mar  3 20:11:24 ubuntu kernel: [    0.000000] ACPI: NUMA: SRAT: PXM 0 -> MPIDR 0x80000 -> Node 0
Mar  3 20:11:24 ubuntu kernel: [    0.000000] ACPI: NUMA: SRAT: PXM 0 -> MPIDR 0x80100 -> Node 0
Mar  3 20:11:24 ubuntu kernel: [    0.000000] ACPI: NUMA: SRAT: PXM 0 -> MPIDR 0x80200 -> Node 0
Mar  3 20:11:24 ubuntu kernel: [    0.000000] ACPI: NUMA: SRAT: PXM 0 -> MPIDR 0x80300 -> Node 0
Mar  3 20:11:24 ubuntu kernel: [    0.000000] ACPI: NUMA: SRAT: PXM 0 -> MPIDR 0x90000 -> Node 0
Mar  3 20:11:24 ubuntu kernel: [    0.000000] ACPI: NUMA: SRAT: PXM 0 -> MPIDR 0x90100 -> Node 0
Mar  3 20:11:24 ubuntu kernel: [    0.000000] ACPI: NUMA: SRAT: PXM 0 -> MPIDR 0x90200 -> Node 0
Mar  3 20:11:24 ubuntu kernel: [    0.000000] ACPI: NUMA: SRAT: PXM 0 -> MPIDR 0x90300 -> Node 0
Mar  3 20:11:24 ubuntu kernel: [    0.000000] ACPI: NUMA: SRAT: PXM 0 -> MPIDR 0xa0000 -> Node 0
Mar  3 20:11:24 ubuntu kernel: [    0.000000] ACPI: NUMA: SRAT: PXM 0 -> MPIDR 0xa0100 -> Node 0
Mar  3 20:11:24 ubuntu kernel: [    0.000000] ACPI: NUMA: SRAT: PXM 0 -> MPIDR 0xa0200 -> Node 0
Mar  3 20:11:24 ubuntu kernel: [    0.000000] ACPI: NUMA: SRAT: PXM 0 -> MPIDR 0xa0300 -> Node 0
Mar  3 20:11:24 ubuntu kernel: [    0.000000] ACPI: NUMA: SRAT: PXM 0 -> MPIDR 0xb0000 -> Node 0
Mar  3 20:11:24 ubuntu kernel: [    0.000000] ACPI: NUMA: SRAT: PXM 0 -> MPIDR 0xb0100 -> Node 0
Mar  3 20:11:24 ubuntu kernel: [    0.000000] ACPI: NUMA: SRAT: PXM 0 -> MPIDR 0xb0200 -> Node 0
Mar  3 20:11:24 ubuntu kernel: [    0.000000] ACPI: NUMA: SRAT: PXM 0 -> MPIDR 0xb0300 -> Node 0
Mar  3 20:11:24 ubuntu kernel: [    0.000000] ACPI: NUMA: SRAT: PXM 0 -> MPIDR 0xc0000 -> Node 0
Mar  3 20:11:24 ubuntu kernel: [    0.000000] ACPI: NUMA: SRAT: PXM 0 -> MPIDR 0xc0100 -> Node 0
Mar  3 20:11:24 ubuntu kernel: [    0.000000] ACPI: NUMA: SRAT: PXM 0 -> MPIDR 0xc0200 -> Node 0
Mar  3 20:11:24 ubuntu kernel: [    0.000000] ACPI: NUMA: SRAT: PXM 0 -> MPIDR 0xc0300 -> Node 0
Mar  3 20:11:24 ubuntu kernel: [    0.000000] ACPI: NUMA: SRAT: PXM 0 -> MPIDR 0xd0000 -> Node 0
Mar  3 20:11:24 ubuntu kernel: [    0.000000] ACPI: NUMA: SRAT: PXM 0 -> MPIDR 0xd0100 -> Node 0
Mar  3 20:11:24 ubuntu kernel: [    0.000000] ACPI: NUMA: SRAT: PXM 0 -> MPIDR 0xd0200 -> Node 0
Mar  3 20:11:24 ubuntu kernel: [    0.000000] ACPI: NUMA: SRAT: PXM 0 -> MPIDR 0xd0300 -> Node 0
Mar  3 20:11:24 ubuntu kernel: [    0.000000] ACPI: NUMA: SRAT: PXM 1 -> MPIDR 0x180000 -> Node 1
Mar  3 20:11:24 ubuntu kernel: [    0.000000] ACPI: NUMA: SRAT: PXM 1 -> MPIDR 0x180100 -> Node 1
Mar  3 20:11:24 ubuntu kernel: [    0.000000] ACPI: NUMA: SRAT: PXM 1 -> MPIDR 0x180200 -> Node 1
Mar  3 20:11:24 ubuntu kernel: [    0.000000] ACPI: NUMA: SRAT: PXM 1 -> MPIDR 0x180300 -> Node 1
Mar  3 20:11:24 ubuntu kernel: [    0.000000] ACPI: NUMA: SRAT: PXM 1 -> MPIDR 0x190000 -> Node 1
Mar  3 20:11:24 ubuntu kernel: [    0.000000] ACPI: NUMA: SRAT: PXM 1 -> MPIDR 0x190100 -> Node 1
Mar  3 20:11:24 ubuntu kernel: [    0.000000] ACPI: NUMA: SRAT: PXM 1 -> MPIDR 0x190200 -> Node 1
Mar  3 20:11:24 ubuntu kernel: [    0.000000] ACPI: NUMA: SRAT: PXM 1 -> MPIDR 0x190300 -> Node 1
Mar  3 20:11:24 ubuntu kernel: [    0.000000] ACPI: NUMA: SRAT: PXM 1 -> MPIDR 0x1a0000 -> Node 1
Mar  3 20:11:24 ubuntu kernel: [    0.000000] ACPI: NUMA: SRAT: PXM 1 -> MPIDR 0x1a0100 -> Node 1
Mar  3 20:11:24 ubuntu kernel: [    0.000000] ACPI: NUMA: SRAT: PXM 1 -> MPIDR 0x1a0200 -> Node 1
Mar  3 20:11:24 ubuntu kernel: [    0.000000] ACPI: NUMA: SRAT: PXM 1 -> MPIDR 0x1a0300 -> Node 1
Mar  3 20:11:24 ubuntu kernel: [    0.000000] ACPI: NUMA: SRAT: PXM 1 -> MPIDR 0x1b0000 -> Node 1
Mar  3 20:11:24 ubuntu kernel: [    0.000000] ACPI: NUMA: SRAT: PXM 1 -> MPIDR 0x1b0100 -> Node 1
Mar  3 20:11:24 ubuntu kernel: [    0.000000] ACPI: NUMA: SRAT: PXM 1 -> MPIDR 0x1b0200 -> Node 1
Mar  3 20:11:24 ubuntu kernel: [    0.000000] ACPI: NUMA: SRAT: PXM 1 -> MPIDR 0x1b0300 -> Node 1
Mar  3 20:11:24 ubuntu kernel: [    0.000000] ACPI: NUMA: SRAT: PXM 1 -> MPIDR 0x1c0000 -> Node 1
Mar  3 20:11:24 ubuntu kernel: [    0.000000] ACPI: NUMA: SRAT: PXM 1 -> MPIDR 0x1c0100 -> Node 1
Mar  3 20:11:24 ubuntu kernel: [    0.000000] ACPI: NUMA: SRAT: PXM 1 -> MPIDR 0x1c0200 -> Node 1
Mar  3 20:11:24 ubuntu kernel: [    0.000000] ACPI: NUMA: SRAT: PXM 1 -> MPIDR 0x1c0300 -> Node 1
Mar  3 20:11:24 ubuntu kernel: [    0.000000] ACPI: NUMA: SRAT: PXM 1 -> MPIDR 0x1d0000 -> Node 1
Mar  3 20:11:24 ubuntu kernel: [    0.000000] ACPI: NUMA: SRAT: PXM 1 -> MPIDR 0x1d0100 -> Node 1
Mar  3 20:11:24 ubuntu kernel: [    0.000000] ACPI: NUMA: SRAT: PXM 1 -> MPIDR 0x1d0200 -> Node 1
Mar  3 20:11:24 ubuntu kernel: [    0.000000] ACPI: NUMA: SRAT: PXM 1 -> MPIDR 0x1d0300 -> Node 1
Mar  3 20:11:24 ubuntu kernel: [    0.000000] ACPI: NUMA: SRAT: PXM 2 -> MPIDR 0x280000 -> Node 2
Mar  3 20:11:24 ubuntu kernel: [    0.000000] ACPI: NUMA: SRAT: PXM 2 -> MPIDR 0x280100 -> Node 2
Mar  3 20:11:24 ubuntu kernel: [    0.000000] ACPI: NUMA: SRAT: PXM 2 -> MPIDR 0x280200 -> Node 2
Mar  3 20:11:24 ubuntu kernel: [    0.000000] ACPI: NUMA: SRAT: PXM 2 -> MPIDR 0x280300 -> Node 2
Mar  3 20:11:24 ubuntu kernel: [    0.000000] ACPI: NUMA: SRAT: PXM 2 -> MPIDR 0x290000 -> Node 2
Mar  3 20:11:24 ubuntu kernel: [    0.000000] ACPI: NUMA: SRAT: PXM 2 -> MPIDR 0x290100 -> Node 2
Mar  3 20:11:24 ubuntu kernel: [    0.000000] ACPI: NUMA: SRAT: PXM 2 -> MPIDR 0x290200 -> Node 2
Mar  3 20:11:24 ubuntu kernel: [    0.000000] ACPI: NUMA: SRAT: PXM 2 -> MPIDR 0x290300 -> Node 2
Mar  3 20:11:24 ubuntu kernel: [    0.000000] ACPI: NUMA: SRAT: PXM 2 -> MPIDR 0x2a0000 -> Node 2
Mar  3 20:11:24 ubuntu kernel: [    0.000000] ACPI: NUMA: SRAT: PXM 2 -> MPIDR 0x2a0100 -> Node 2
Mar  3 20:11:24 ubuntu kernel: [    0.000000] ACPI: NUMA: SRAT: PXM 2 -> MPIDR 0x2a0200 -> Node 2
Mar  3 20:11:24 ubuntu kernel: [    0.000000] ACPI: NUMA: SRAT: PXM 2 -> MPIDR 0x2a0300 -> Node 2
Mar  3 20:11:24 ubuntu kernel: [    0.000000] ACPI: NUMA: SRAT: PXM 2 -> MPIDR 0x2b0000 -> Node 2
Mar  3 20:11:24 ubuntu kernel: [    0.000000] ACPI: NUMA: SRAT: PXM 2 -> MPIDR 0x2b0100 -> Node 2
Mar  3 20:11:24 ubuntu kernel: [    0.000000] ACPI: NUMA: SRAT: PXM 2 -> MPIDR 0x2b0200 -> Node 2
Mar  3 20:11:24 ubuntu kernel: [    0.000000] ACPI: NUMA: SRAT: PXM 2 -> MPIDR 0x2b0300 -> Node 2
Mar  3 20:11:24 ubuntu kernel: [    0.000000] ACPI: NUMA: SRAT: PXM 2 -> MPIDR 0x2c0000 -> Node 2
Mar  3 20:11:24 ubuntu kernel: [    0.000000] ACPI: NUMA: SRAT: PXM 2 -> MPIDR 0x2c0100 -> Node 2
Mar  3 20:11:24 ubuntu kernel: [    0.000000] ACPI: NUMA: SRAT: PXM 2 -> MPIDR 0x2c0200 -> Node 2
Mar  3 20:11:24 ubuntu kernel: [    0.000000] ACPI: NUMA: SRAT: PXM 2 -> MPIDR 0x2c0300 -> Node 2
Mar  3 20:11:24 ubuntu kernel: [    0.000000] ACPI: NUMA: SRAT: PXM 2 -> MPIDR 0x2d0000 -> Node 2
Mar  3 20:11:24 ubuntu kernel: [    0.000000] ACPI: NUMA: SRAT: PXM 2 -> MPIDR 0x2d0100 -> Node 2
Mar  3 20:11:24 ubuntu kernel: [    0.000000] ACPI: NUMA: SRAT: PXM 2 -> MPIDR 0x2d0200 -> Node 2
Mar  3 20:11:24 ubuntu kernel: [    0.000000] ACPI: NUMA: SRAT: PXM 2 -> MPIDR 0x2d0300 -> Node 2
Mar  3 20:11:24 ubuntu kernel: [    0.000000] ACPI: NUMA: SRAT: PXM 3 -> MPIDR 0x380000 -> Node 3
Mar  3 20:11:24 ubuntu kernel: [    0.000000] ACPI: NUMA: SRAT: PXM 3 -> MPIDR 0x380100 -> Node 3
Mar  3 20:11:24 ubuntu kernel: [    0.000000] ACPI: NUMA: SRAT: PXM 3 -> MPIDR 0x380200 -> Node 3
Mar  3 20:11:24 ubuntu kernel: [    0.000000] ACPI: NUMA: SRAT: PXM 3 -> MPIDR 0x380300 -> Node 3
Mar  3 20:11:24 ubuntu kernel: [    0.000000] ACPI: NUMA: SRAT: PXM 3 -> MPIDR 0x390000 -> Node 3
Mar  3 20:11:24 ubuntu kernel: [    0.000000] ACPI: NUMA: SRAT: PXM 3 -> MPIDR 0x390100 -> Node 3
Mar  3 20:11:24 ubuntu kernel: [    0.000000] ACPI: NUMA: SRAT: PXM 3 -> MPIDR 0x390200 -> Node 3
Mar  3 20:11:24 ubuntu kernel: [    0.000000] ACPI: NUMA: SRAT: PXM 3 -> MPIDR 0x390300 -> Node 3
Mar  3 20:11:24 ubuntu kernel: [    0.000000] ACPI: NUMA: SRAT: PXM 3 -> MPIDR 0x3a0000 -> Node 3
Mar  3 20:11:24 ubuntu kernel: [    0.000000] ACPI: NUMA: SRAT: PXM 3 -> MPIDR 0x3a0100 -> Node 3
Mar  3 20:11:24 ubuntu kernel: [    0.000000] ACPI: NUMA: SRAT: PXM 3 -> MPIDR 0x3a0200 -> Node 3
Mar  3 20:11:24 ubuntu kernel: [    0.000000] ACPI: NUMA: SRAT: PXM 3 -> MPIDR 0x3a0300 -> Node 3
Mar  3 20:11:24 ubuntu kernel: [    0.000000] ACPI: NUMA: SRAT: PXM 3 -> MPIDR 0x3b0000 -> Node 3
Mar  3 20:11:24 ubuntu kernel: [    0.000000] ACPI: NUMA: SRAT: PXM 3 -> MPIDR 0x3b0100 -> Node 3
Mar  3 20:11:24 ubuntu kernel: [    0.000000] ACPI: NUMA: SRAT: PXM 3 -> MPIDR 0x3b0200 -> Node 3
Mar  3 20:11:24 ubuntu kernel: [    0.000000] ACPI: NUMA: SRAT: PXM 3 -> MPIDR 0x3b0300 -> Node 3
Mar  3 20:11:24 ubuntu kernel: [    0.000000] ACPI: NUMA: SRAT: PXM 3 -> MPIDR 0x3c0000 -> Node 3
Mar  3 20:11:24 ubuntu kernel: [    0.000000] ACPI: NUMA: SRAT: PXM 3 -> MPIDR 0x3c0100 -> Node 3
Mar  3 20:11:24 ubuntu kernel: [    0.000000] ACPI: NUMA: SRAT: PXM 3 -> MPIDR 0x3c0200 -> Node 3
Mar  3 20:11:24 ubuntu kernel: [    0.000000] ACPI: NUMA: SRAT: PXM 3 -> MPIDR 0x3c0300 -> Node 3
Mar  3 20:11:24 ubuntu kernel: [    0.000000] ACPI: NUMA: SRAT: PXM 3 -> MPIDR 0x3d0000 -> Node 3
Mar  3 20:11:24 ubuntu kernel: [    0.000000] ACPI: NUMA: SRAT: PXM 3 -> MPIDR 0x3d0100 -> Node 3
Mar  3 20:11:24 ubuntu kernel: [    0.000000] ACPI: NUMA: SRAT: PXM 3 -> MPIDR 0x3d0200 -> Node 3
Mar  3 20:11:24 ubuntu kernel: [    0.000000] ACPI: NUMA: SRAT: PXM 3 -> MPIDR 0x3d0300 -> Node 3
Mar  3 20:11:24 ubuntu kernel: [    0.000000] percpu: Embedded 33 pages/cpu s94616 r8192 d32360 u135168
Mar  3 20:11:24 ubuntu kernel: [    0.000000] pcpu-alloc: s94616 r8192 d32360 u135168 alloc=33*4096
Mar  3 20:11:24 ubuntu kernel: [    0.000000] pcpu-alloc: [0] 00 [0] 01 [0] 02 [0] 03 [0] 04 [0] 05 [0] 06 [0] 07 
Mar  3 20:11:24 ubuntu kernel: [    0.000000] pcpu-alloc: [0] 08 [0] 09 [0] 10 [0] 11 [0] 12 [0] 13 [0] 14 [0] 15 
Mar  3 20:11:24 ubuntu kernel: [    0.000000] pcpu-alloc: [0] 16 [0] 17 [0] 18 [0] 19 [0] 20 [0] 21 [0] 22 [0] 23 
Mar  3 20:11:24 ubuntu kernel: [    0.000000] pcpu-alloc: [1] 24 [1] 25 [1] 26 [1] 27 [1] 28 [1] 29 [1] 30 [1] 31 
Mar  3 20:11:24 ubuntu kernel: [    0.000000] pcpu-alloc: [1] 32 [1] 33 [1] 34 [1] 35 [1] 36 [1] 37 [1] 38 [1] 39 
Mar  3 20:11:24 ubuntu kernel: [    0.000000] pcpu-alloc: [1] 40 [1] 41 [1] 42 [1] 43 [1] 44 [1] 45 [1] 46 [1] 47 
Mar  3 20:11:24 ubuntu kernel: [    0.000000] pcpu-alloc: [2] 48 [2] 49 [2] 50 [2] 51 [2] 52 [2] 53 [2] 54 [2] 55 
Mar  3 20:11:24 ubuntu kernel: [    0.000000] pcpu-alloc: [2] 56 [2] 57 [2] 58 [2] 59 [2] 60 [2] 61 [2] 62 [2] 63 
Mar  3 20:11:24 ubuntu kernel: [    0.000000] pcpu-alloc: [2] 64 [2] 65 [2] 66 [2] 67 [2] 68 [2] 69 [2] 70 [2] 71 
Mar  3 20:11:24 ubuntu kernel: [    0.000000] pcpu-alloc: [3] 72 [3] 73 [3] 74 [3] 75 [3] 76 [3] 77 [3] 78 [3] 79 
Mar  3 20:11:24 ubuntu kernel: [    0.000000] pcpu-alloc: [3] 80 [3] 81 [3] 82 [3] 83 [3] 84 [3] 85 [3] 86 [3] 87 
Mar  3 20:11:24 ubuntu kernel: [    0.000000] pcpu-alloc: [3] 88 [3] 89 [3] 90 [3] 91 [3] 92 [3] 93 [3] 94 [3] 95 
Mar  3 20:11:24 ubuntu kernel: [    0.000000] Detected VIPT I-cache on CPU0
Mar  3 20:11:24 ubuntu kernel: [    0.000000] CPU features: detected: GIC system register CPU interface
Mar  3 20:11:24 ubuntu kernel: [    0.000000] CPU features: detected: Virtualization Host Extensions
Mar  3 20:11:24 ubuntu kernel: [    0.000000] CPU features: detected: Hardware dirty bit management
Mar  3 20:11:24 ubuntu kernel: [    0.000000] alternatives: patching kernel code
Mar  3 20:11:24 ubuntu kernel: [    0.000000] Built 4 zonelists, mobility grouping on.  Total pages: 32898000
Mar  3 20:11:24 ubuntu kernel: [    0.000000] Policy zone: Normal
Mar  3 20:11:24 ubuntu kernel: [    0.000000] Kernel command line: BOOT_IMAGE=/boot/vmlinuz-5.7.1 root=UUID=87f15ea3-75f7-4c9d-add6-30cc3fc19001 ro text
Mar  3 20:11:24 ubuntu kernel: [    0.000000] printk: log_buf_len individual max cpu contribution: 4096 bytes
Mar  3 20:11:24 ubuntu kernel: [    0.000000] printk: log_buf_len total cpu_extra contributions: 389120 bytes
Mar  3 20:11:24 ubuntu kernel: [    0.000000] printk: log_buf_len min size: 262144 bytes
Mar  3 20:11:24 ubuntu kernel: [    0.000000] printk: log_buf_len: 1048576 bytes
Mar  3 20:11:24 ubuntu kernel: [    0.000000] printk: early log buf free: 245796(93%)
Mar  3 20:11:24 ubuntu kernel: [    0.000000] mem auto-init: stack:off, heap alloc:on, heap free:off
Mar  3 20:11:24 ubuntu kernel: [    0.000000] software IO TLB: mapped [mem 0x3b030000-0x3f030000] (64MB)
Mar  3 20:11:24 ubuntu kernel: [    0.000000] Memory: 130841812K/134213440K available (14204K kernel code, 2354K rwdata, 6864K rodata, 7040K init, 1132K bss, 3338860K reserved, 32768K cma-reserved)
Mar  3 20:11:24 ubuntu kernel: [    0.000000] random: get_random_u64 called from __kmem_cache_create+0x54/0x5d8 with crng_init=0
Mar  3 20:11:24 ubuntu kernel: [    0.000000] SLUB: HWalign=64, Order=0-3, MinObjects=0, CPUs=96, Nodes=4
Mar  3 20:11:24 ubuntu kernel: [    0.000000] ftrace: allocating 46107 entries in 181 pages
Mar  3 20:11:24 ubuntu kernel: [    0.000000] ftrace: allocated 181 pages with 5 groups
Mar  3 20:11:24 ubuntu kernel: [    0.000000] rcu: Hierarchical RCU implementation.
Mar  3 20:11:24 ubuntu kernel: [    0.000000] rcu: 	RCU restricting CPUs from NR_CPUS=256 to nr_cpu_ids=96.
Mar  3 20:11:24 ubuntu kernel: [    0.000000] 	Tasks RCU enabled.
Mar  3 20:11:24 ubuntu kernel: [    0.000000] rcu: RCU calculated value of scheduler-enlistment delay is 25 jiffies.
Mar  3 20:11:24 ubuntu kernel: [    0.000000] rcu: Adjusting geometry for rcu_fanout_leaf=16, nr_cpu_ids=96
Mar  3 20:11:24 ubuntu kernel: [    0.000000] NR_IRQS: 64, nr_irqs: 64, preallocated irqs: 0
Mar  3 20:11:24 ubuntu kernel: [    0.000000] GICv3: GIC: Using split EOI/Deactivate mode
Mar  3 20:11:24 ubuntu kernel: [    0.000000] GICv3: 640 SPIs implemented
Mar  3 20:11:24 ubuntu kernel: [    0.000000] GICv3: 0 Extended SPIs implemented
Mar  3 20:11:24 ubuntu kernel: [    0.000000] GICv3: Distributor has no Range Selector support
Mar  3 20:11:24 ubuntu kernel: [    0.000000] GICv3: 16 PPIs implemented
Mar  3 20:11:24 ubuntu kernel: [    0.000000] GICv3: GICv4 features: DirectLPI 
Mar  3 20:11:24 ubuntu kernel: [    0.000000] GICv3: CPU0: found redistributor 80000 region 0:0x00000000ae100000
Mar  3 20:11:24 ubuntu kernel: [    0.000000] SRAT: PXM 0 -> ITS 0 -> Node 0
Mar  3 20:11:24 ubuntu kernel: [    0.000000] SRAT: PXM 2 -> ITS 1 -> Node 2
Mar  3 20:11:24 ubuntu kernel: [    0.000000] ITS [mem 0x202100000-0x20211ffff]
Mar  3 20:11:24 ubuntu kernel: [    0.000000] ITS@0x0000000202100000: Using ITS number 0
Mar  3 20:11:24 ubuntu kernel: [    0.000000] ITS@0x0000000202100000: allocated 65536 Devices @27ffb80000 (flat, esz 8, psz 16K, shr 1)
Mar  3 20:11:24 ubuntu kernel: [    0.000000] ITS@0x0000000202100000: allocated 65536 Virtual CPUs @27ff000000 (flat, esz 16, psz 4K, shr 1)
Mar  3 20:11:24 ubuntu kernel: [    0.000000] ITS@0x0000000202100000: allocated 256 Interrupt Collections @27ffb01000 (flat, esz 16, psz 4K, shr 1)
Mar  3 20:11:24 ubuntu kernel: [    0.000000] ITS [mem 0x200202100000-0x20020211ffff]
Mar  3 20:11:24 ubuntu kernel: [    0.000000] ITS@0x0000200202100000: Using ITS number 1
Mar  3 20:11:24 ubuntu kernel: [    0.000000] ITS@0x0000200202100000: allocated 65536 Devices @2027ff880000 (flat, esz 8, psz 16K, shr 1)
Mar  3 20:11:24 ubuntu kernel: [    0.000000] ITS@0x0000200202100000: allocated 65536 Virtual CPUs @2027ff900000 (flat, esz 16, psz 4K, shr 1)
Mar  3 20:11:24 ubuntu kernel: [    0.000000] ITS@0x0000200202100000: allocated 256 Interrupt Collections @2027ff801000 (flat, esz 16, psz 4K, shr 1)
Mar  3 20:11:24 ubuntu kernel: [    0.000000] GICv3: using LPI property table @0x00000027ffb20000
Mar  3 20:11:24 ubuntu kernel: [    0.000000] ITS: Using DirectLPI for VPE invalidation
Mar  3 20:11:24 ubuntu kernel: [    0.000000] ITS: Enabling GICv4 support
Mar  3 20:11:24 ubuntu kernel: [    0.000000] GICv3: CPU0: using allocated LPI pending table @0x00000027ffb30000
Mar  3 20:11:24 ubuntu kernel: [    0.000000] arch_timer: cp15 timer(s) running at 100.00MHz (phys).
Mar  3 20:11:24 ubuntu kernel: [    0.000000] clocksource: arch_sys_counter: mask: 0xffffffffffffff max_cycles: 0x171024e7e0, max_idle_ns: 440795205315 ns
Mar  3 20:11:24 ubuntu kernel: [    0.000001] sched_clock: 56 bits at 100MHz, resolution 10ns, wraps every 4398046511100ns
Mar  3 20:11:24 ubuntu kernel: [    0.000112] Console: colour dummy device 80x25
Mar  3 20:11:24 ubuntu kernel: [    0.000435] printk: console [tty0] enabled
Mar  3 20:11:24 ubuntu kernel: [    0.000498] mempolicy: Enabling automatic NUMA balancing. Configure with numa_balancing= or the kernel.numa_balancing sysctl
Mar  3 20:11:24 ubuntu kernel: [    0.000513] ACPI: Core revision 20200326
Mar  3 20:11:24 ubuntu kernel: [    0.000711] Calibrating delay loop (skipped), value calculated using timer frequency.. 200.00 BogoMIPS (lpj=400000)
Mar  3 20:11:24 ubuntu kernel: [    0.000716] pid_max: default: 98304 minimum: 768
Mar  3 20:11:24 ubuntu kernel: [    0.000793] LSM: Security Framework initializing
Mar  3 20:11:24 ubuntu kernel: [    0.000800] Yama: becoming mindful.
Mar  3 20:11:24 ubuntu kernel: [    0.000832] AppArmor: AppArmor initialized
Mar  3 20:11:24 ubuntu kernel: [    0.012270] Dentry cache hash table entries: 8388608 (order: 14, 67108864 bytes, vmalloc)
Mar  3 20:11:24 ubuntu kernel: [    0.018462] Inode-cache hash table entries: 4194304 (order: 13, 33554432 bytes, vmalloc)
Mar  3 20:11:24 ubuntu kernel: [    0.018714] Mount-cache hash table entries: 131072 (order: 8, 1048576 bytes, vmalloc)
Mar  3 20:11:24 ubuntu kernel: [    0.018913] Mountpoint-cache hash table entries: 131072 (order: 8, 1048576 bytes, vmalloc)
Mar  3 20:11:24 ubuntu kernel: [    0.021314] rcu: Hierarchical SRCU implementation.
Mar  3 20:11:24 ubuntu kernel: [    0.021755] Platform MSI: ITS@0x202100000 domain created
Mar  3 20:11:24 ubuntu kernel: [    0.021760] Platform MSI: ITS@0x200202100000 domain created
Mar  3 20:11:24 ubuntu kernel: [    0.021766] PCI/MSI: ITS@0x202100000 domain created
Mar  3 20:11:24 ubuntu kernel: [    0.021769] PCI/MSI: ITS@0x200202100000 domain created
Mar  3 20:11:24 ubuntu kernel: [    0.021782] Remapping and enabling EFI services.
Mar  3 20:11:24 ubuntu kernel: [    0.021988] efi: memattr: Entry attributes invalid: RO and XP bits both cleared
Mar  3 20:11:24 ubuntu kernel: [    0.021993] efi: memattr: ! 0x000000000000-0x00000000ffff [Runtime Code       |RUN|  |  |  |  |  |  |  |   |  |  |  |  ]
Mar  3 20:11:24 ubuntu kernel: [    0.023144] smp: Bringing up secondary CPUs ...
Mar  3 20:11:24 ubuntu kernel: [    0.052979] Detected VIPT I-cache on CPU1
Mar  3 20:11:24 ubuntu kernel: [    0.052986] GICv3: CPU1: found redistributor 80100 region 1:0x00000000ae140000
Mar  3 20:11:24 ubuntu kernel: [    0.053002] GICv3: CPU1: using allocated LPI pending table @0x00000027ffb40000
Mar  3 20:11:24 ubuntu kernel: [    0.053039] CPU1: Booted secondary processor 0x0000080100 [0x481fd010]
Mar  3 20:11:24 ubuntu kernel: [    0.085523] Detected VIPT I-cache on CPU2
Mar  3 20:11:24 ubuntu kernel: [    0.085527] GICv3: CPU2: found redistributor 80200 region 2:0x00000000ae180000
Mar  3 20:11:24 ubuntu kernel: [    0.085539] GICv3: CPU2: using allocated LPI pending table @0x00000027ffb50000
Mar  3 20:11:24 ubuntu kernel: [    0.085570] CPU2: Booted secondary processor 0x0000080200 [0x481fd010]
Mar  3 20:11:24 ubuntu kernel: [    0.118073] Detected VIPT I-cache on CPU3
Mar  3 20:11:24 ubuntu kernel: [    0.118077] GICv3: CPU3: found redistributor 80300 region 3:0x00000000ae1c0000
Mar  3 20:11:24 ubuntu kernel: [    0.118091] GICv3: CPU3: using allocated LPI pending table @0x00000027ffb60000
Mar  3 20:11:24 ubuntu kernel: [    0.118122] CPU3: Booted secondary processor 0x0000080300 [0x481fd010]
Mar  3 20:11:24 ubuntu kernel: [    0.150803] Detected VIPT I-cache on CPU4
Mar  3 20:11:24 ubuntu kernel: [    0.150811] GICv3: CPU4: found redistributor 90000 region 4:0x00000000ae200000
Mar  3 20:11:24 ubuntu kernel: [    0.150833] GICv3: CPU4: using allocated LPI pending table @0x00000027ffb70000
Mar  3 20:11:24 ubuntu kernel: [    0.150870] CPU4: Booted secondary processor 0x0000090000 [0x481fd010]
Mar  3 20:11:24 ubuntu kernel: [    0.183520] Detected VIPT I-cache on CPU5
Mar  3 20:11:24 ubuntu kernel: [    0.183525] GICv3: CPU5: found redistributor 90100 region 5:0x00000000ae240000
Mar  3 20:11:24 ubuntu kernel: [    0.183538] GICv3: CPU5: using allocated LPI pending table @0x00000027ff100000
Mar  3 20:11:24 ubuntu kernel: [    0.183570] CPU5: Booted secondary processor 0x0000090100 [0x481fd010]
Mar  3 20:11:24 ubuntu kernel: [    0.216244] Detected VIPT I-cache on CPU6
Mar  3 20:11:24 ubuntu kernel: [    0.216249] GICv3: CPU6: found redistributor 90200 region 6:0x00000000ae280000
Mar  3 20:11:24 ubuntu kernel: [    0.216261] GICv3: CPU6: using allocated LPI pending table @0x00000027ff110000
Mar  3 20:11:24 ubuntu kernel: [    0.216293] CPU6: Booted secondary processor 0x0000090200 [0x481fd010]
Mar  3 20:11:24 ubuntu kernel: [    0.248967] Detected VIPT I-cache on CPU7
Mar  3 20:11:24 ubuntu kernel: [    0.248973] GICv3: CPU7: found redistributor 90300 region 7:0x00000000ae2c0000
Mar  3 20:11:24 ubuntu kernel: [    0.248985] GICv3: CPU7: using allocated LPI pending table @0x00000027ff120000
Mar  3 20:11:24 ubuntu kernel: [    0.249016] CPU7: Booted secondary processor 0x0000090300 [0x481fd010]
Mar  3 20:11:24 ubuntu kernel: [    0.281869] Detected VIPT I-cache on CPU8
Mar  3 20:11:24 ubuntu kernel: [    0.281877] GICv3: CPU8: found redistributor a0000 region 8:0x00000000ae300000
Mar  3 20:11:24 ubuntu kernel: [    0.281894] GICv3: CPU8: using allocated LPI pending table @0x00000027ff130000
Mar  3 20:11:24 ubuntu kernel: [    0.281929] CPU8: Booted secondary processor 0x00000a0000 [0x481fd010]
Mar  3 20:11:24 ubuntu kernel: [    0.314762] Detected VIPT I-cache on CPU9
Mar  3 20:11:24 ubuntu kernel: [    0.314768] GICv3: CPU9: found redistributor a0100 region 9:0x00000000ae340000
Mar  3 20:11:24 ubuntu kernel: [    0.314781] GICv3: CPU9: using allocated LPI pending table @0x00000027ff140000
Mar  3 20:11:24 ubuntu kernel: [    0.314812] CPU9: Booted secondary processor 0x00000a0100 [0x481fd010]
Mar  3 20:11:24 ubuntu kernel: [    0.347659] Detected VIPT I-cache on CPU10
Mar  3 20:11:24 ubuntu kernel: [    0.347665] GICv3: CPU10: found redistributor a0200 region 10:0x00000000ae380000
Mar  3 20:11:24 ubuntu kernel: [    0.347678] GICv3: CPU10: using allocated LPI pending table @0x00000027ff150000
Mar  3 20:11:24 ubuntu kernel: [    0.347710] CPU10: Booted secondary processor 0x00000a0200 [0x481fd010]
Mar  3 20:11:24 ubuntu kernel: [    0.380557] Detected VIPT I-cache on CPU11
Mar  3 20:11:24 ubuntu kernel: [    0.380563] GICv3: CPU11: found redistributor a0300 region 11:0x00000000ae3c0000
Mar  3 20:11:24 ubuntu kernel: [    0.380576] GICv3: CPU11: using allocated LPI pending table @0x00000027ff160000
Mar  3 20:11:24 ubuntu kernel: [    0.380608] CPU11: Booted secondary processor 0x00000a0300 [0x481fd010]
Mar  3 20:11:24 ubuntu kernel: [    0.413631] Detected VIPT I-cache on CPU12
Mar  3 20:11:24 ubuntu kernel: [    0.413639] GICv3: CPU12: found redistributor b0000 region 12:0x00000000ae400000
Mar  3 20:11:24 ubuntu kernel: [    0.413657] GICv3: CPU12: using allocated LPI pending table @0x00000027ff170000
Mar  3 20:11:24 ubuntu kernel: [    0.413692] CPU12: Booted secondary processor 0x00000b0000 [0x481fd010]
Mar  3 20:11:24 ubuntu kernel: [    0.446698] Detected VIPT I-cache on CPU13
Mar  3 20:11:24 ubuntu kernel: [    0.446704] GICv3: CPU13: found redistributor b0100 region 13:0x00000000ae440000
Mar  3 20:11:24 ubuntu kernel: [    0.446718] GICv3: CPU13: using allocated LPI pending table @0x00000027ff180000
Mar  3 20:11:24 ubuntu kernel: [    0.446750] CPU13: Booted secondary processor 0x00000b0100 [0x481fd010]
Mar  3 20:11:24 ubuntu kernel: [    0.479769] Detected VIPT I-cache on CPU14
Mar  3 20:11:24 ubuntu kernel: [    0.479775] GICv3: CPU14: found redistributor b0200 region 14:0x00000000ae480000
Mar  3 20:11:24 ubuntu kernel: [    0.479788] GICv3: CPU14: using allocated LPI pending table @0x00000027ff190000
Mar  3 20:11:24 ubuntu kernel: [    0.479820] CPU14: Booted secondary processor 0x00000b0200 [0x481fd010]
Mar  3 20:11:24 ubuntu kernel: [    0.512840] Detected VIPT I-cache on CPU15
Mar  3 20:11:24 ubuntu kernel: [    0.512846] GICv3: CPU15: found redistributor b0300 region 15:0x00000000ae4c0000
Mar  3 20:11:24 ubuntu kernel: [    0.512861] GICv3: CPU15: using allocated LPI pending table @0x00000027ff1a0000
Mar  3 20:11:24 ubuntu kernel: [    0.512893] CPU15: Booted secondary processor 0x00000b0300 [0x481fd010]
Mar  3 20:11:24 ubuntu kernel: [    0.545394] Detected VIPT I-cache on CPU16
Mar  3 20:11:24 ubuntu kernel: [    0.545403] GICv3: CPU16: found redistributor c0000 region 16:0x00000000ae500000
Mar  3 20:11:24 ubuntu kernel: [    0.545422] GICv3: CPU16: using allocated LPI pending table @0x00000027ff1b0000
Mar  3 20:11:24 ubuntu kernel: [    0.545458] CPU16: Booted secondary processor 0x00000c0000 [0x481fd010]
Mar  3 20:11:24 ubuntu kernel: [    0.577940] Detected VIPT I-cache on CPU17
Mar  3 20:11:24 ubuntu kernel: [    0.577947] GICv3: CPU17: found redistributor c0100 region 17:0x00000000ae540000
Mar  3 20:11:24 ubuntu kernel: [    0.577961] GICv3: CPU17: using allocated LPI pending table @0x00000027ff1c0000
Mar  3 20:11:24 ubuntu kernel: [    0.577993] CPU17: Booted secondary processor 0x00000c0100 [0x481fd010]
Mar  3 20:11:24 ubuntu kernel: [    0.610490] Detected VIPT I-cache on CPU18
Mar  3 20:11:24 ubuntu kernel: [    0.610497] GICv3: CPU18: found redistributor c0200 region 18:0x00000000ae580000
Mar  3 20:11:24 ubuntu kernel: [    0.610511] GICv3: CPU18: using allocated LPI pending table @0x00000027ff1d0000
Mar  3 20:11:24 ubuntu kernel: [    0.610543] CPU18: Booted secondary processor 0x00000c0200 [0x481fd010]
Mar  3 20:11:24 ubuntu kernel: [    0.643040] Detected VIPT I-cache on CPU19
Mar  3 20:11:24 ubuntu kernel: [    0.643047] GICv3: CPU19: found redistributor c0300 region 19:0x00000000ae5c0000
Mar  3 20:11:24 ubuntu kernel: [    0.643061] GICv3: CPU19: using allocated LPI pending table @0x00000027ff1e0000
Mar  3 20:11:24 ubuntu kernel: [    0.643093] CPU19: Booted secondary processor 0x00000c0300 [0x481fd010]
Mar  3 20:11:24 ubuntu kernel: [    0.675767] Detected VIPT I-cache on CPU20
Mar  3 20:11:24 ubuntu kernel: [    0.675776] GICv3: CPU20: found redistributor d0000 region 20:0x00000000ae600000
Mar  3 20:11:24 ubuntu kernel: [    0.675796] GICv3: CPU20: using allocated LPI pending table @0x00000027ff1f0000
Mar  3 20:11:24 ubuntu kernel: [    0.675833] CPU20: Booted secondary processor 0x00000d0000 [0x481fd010]
Mar  3 20:11:24 ubuntu kernel: [    0.708487] Detected VIPT I-cache on CPU21
Mar  3 20:11:24 ubuntu kernel: [    0.708494] GICv3: CPU21: found redistributor d0100 region 21:0x00000000ae640000
Mar  3 20:11:24 ubuntu kernel: [    0.708509] GICv3: CPU21: using allocated LPI pending table @0x00000027ff200000
Mar  3 20:11:24 ubuntu kernel: [    0.708541] CPU21: Booted secondary processor 0x00000d0100 [0x481fd010]
Mar  3 20:11:24 ubuntu kernel: [    0.741211] Detected VIPT I-cache on CPU22
Mar  3 20:11:24 ubuntu kernel: [    0.741218] GICv3: CPU22: found redistributor d0200 region 22:0x00000000ae680000
Mar  3 20:11:24 ubuntu kernel: [    0.741231] GICv3: CPU22: using allocated LPI pending table @0x00000027ff210000
Mar  3 20:11:24 ubuntu kernel: [    0.741263] CPU22: Booted secondary processor 0x00000d0200 [0x481fd010]
Mar  3 20:11:24 ubuntu kernel: [    0.773934] Detected VIPT I-cache on CPU23
Mar  3 20:11:24 ubuntu kernel: [    0.773942] GICv3: CPU23: found redistributor d0300 region 23:0x00000000ae6c0000
Mar  3 20:11:24 ubuntu kernel: [    0.773956] GICv3: CPU23: using allocated LPI pending table @0x00000027ff220000
Mar  3 20:11:24 ubuntu kernel: [    0.773987] CPU23: Booted secondary processor 0x00000d0300 [0x481fd010]
Mar  3 20:11:24 ubuntu kernel: [    0.806499] Detected VIPT I-cache on CPU24
Mar  3 20:11:24 ubuntu kernel: [    0.806515] GICv3: CPU24: found redistributor 180000 region 24:0x00000000aa100000
Mar  3 20:11:24 ubuntu kernel: [    0.806560] GICv3: CPU24: using allocated LPI pending table @0x00000027ff230000
Mar  3 20:11:24 ubuntu kernel: [    0.806607] CPU24: Booted secondary processor 0x0000180000 [0x481fd010]
Mar  3 20:11:24 ubuntu kernel: [    0.839036] Detected VIPT I-cache on CPU25
Mar  3 20:11:24 ubuntu kernel: [    0.839045] GICv3: CPU25: found redistributor 180100 region 25:0x00000000aa140000
Mar  3 20:11:24 ubuntu kernel: [    0.839059] GICv3: CPU25: using allocated LPI pending table @0x00000027ff240000
Mar  3 20:11:24 ubuntu kernel: [    0.839097] CPU25: Booted secondary processor 0x0000180100 [0x481fd010]
Mar  3 20:11:24 ubuntu kernel: [    0.871586] Detected VIPT I-cache on CPU26
Mar  3 20:11:24 ubuntu kernel: [    0.871595] GICv3: CPU26: found redistributor 180200 region 26:0x00000000aa180000
Mar  3 20:11:24 ubuntu kernel: [    0.871610] GICv3: CPU26: using allocated LPI pending table @0x00000027ff250000
Mar  3 20:11:24 ubuntu kernel: [    0.871648] CPU26: Booted secondary processor 0x0000180200 [0x481fd010]
Mar  3 20:11:24 ubuntu kernel: [    0.904136] Detected VIPT I-cache on CPU27
Mar  3 20:11:24 ubuntu kernel: [    0.904145] GICv3: CPU27: found redistributor 180300 region 27:0x00000000aa1c0000
Mar  3 20:11:24 ubuntu kernel: [    0.904160] GICv3: CPU27: using allocated LPI pending table @0x00000027ff260000
Mar  3 20:11:24 ubuntu kernel: [    0.904197] CPU27: Booted secondary processor 0x0000180300 [0x481fd010]
Mar  3 20:11:24 ubuntu kernel: [    0.936868] Detected VIPT I-cache on CPU28
Mar  3 20:11:24 ubuntu kernel: [    0.936882] GICv3: CPU28: found redistributor 190000 region 28:0x00000000aa200000
Mar  3 20:11:24 ubuntu kernel: [    0.936909] GICv3: CPU28: using allocated LPI pending table @0x00000027ff270000
Mar  3 20:11:24 ubuntu kernel: [    0.936956] CPU28: Booted secondary processor 0x0000190000 [0x481fd010]
Mar  3 20:11:24 ubuntu kernel: [    0.969584] Detected VIPT I-cache on CPU29
Mar  3 20:11:24 ubuntu kernel: [    0.969594] GICv3: CPU29: found redistributor 190100 region 29:0x00000000aa240000
Mar  3 20:11:24 ubuntu kernel: [    0.969610] GICv3: CPU29: using allocated LPI pending table @0x00000027ff280000
Mar  3 20:11:24 ubuntu kernel: [    0.969647] CPU29: Booted secondary processor 0x0000190100 [0x481fd010]
Mar  3 20:11:24 ubuntu kernel: [    1.002307] Detected VIPT I-cache on CPU30
Mar  3 20:11:24 ubuntu kernel: [    1.002318] GICv3: CPU30: found redistributor 190200 region 30:0x00000000aa280000
Mar  3 20:11:24 ubuntu kernel: [    1.002340] GICv3: CPU30: using allocated LPI pending table @0x00000027ff290000
Mar  3 20:11:24 ubuntu kernel: [    1.002379] CPU30: Booted secondary processor 0x0000190200 [0x481fd010]
Mar  3 20:11:24 ubuntu kernel: [    1.035031] Detected VIPT I-cache on CPU31
Mar  3 20:11:24 ubuntu kernel: [    1.035041] GICv3: CPU31: found redistributor 190300 region 31:0x00000000aa2c0000
Mar  3 20:11:24 ubuntu kernel: [    1.035058] GICv3: CPU31: using allocated LPI pending table @0x00000027ff2a0000
Mar  3 20:11:24 ubuntu kernel: [    1.035096] CPU31: Booted secondary processor 0x0000190300 [0x481fd010]
Mar  3 20:11:24 ubuntu kernel: [    1.067934] Detected VIPT I-cache on CPU32
Mar  3 20:11:24 ubuntu kernel: [    1.067948] GICv3: CPU32: found redistributor 1a0000 region 32:0x00000000aa300000
Mar  3 20:11:24 ubuntu kernel: [    1.067975] GICv3: CPU32: using allocated LPI pending table @0x00000027ff2b0000
Mar  3 20:11:24 ubuntu kernel: [    1.068019] CPU32: Booted secondary processor 0x00001a0000 [0x481fd010]
Mar  3 20:11:24 ubuntu kernel: [    1.100825] Detected VIPT I-cache on CPU33
Mar  3 20:11:24 ubuntu kernel: [    1.100837] GICv3: CPU33: found redistributor 1a0100 region 33:0x00000000aa340000
Mar  3 20:11:24 ubuntu kernel: [    1.100853] GICv3: CPU33: using allocated LPI pending table @0x00000027ff2c0000
Mar  3 20:11:24 ubuntu kernel: [    1.100893] CPU33: Booted secondary processor 0x00001a0100 [0x481fd010]
Mar  3 20:11:24 ubuntu kernel: [    1.133722] Detected VIPT I-cache on CPU34
Mar  3 20:11:24 ubuntu kernel: [    1.133734] GICv3: CPU34: found redistributor 1a0200 region 34:0x00000000aa380000
Mar  3 20:11:24 ubuntu kernel: [    1.133750] GICv3: CPU34: using allocated LPI pending table @0x00000027ff2d0000
Mar  3 20:11:24 ubuntu kernel: [    1.133789] CPU34: Booted secondary processor 0x00001a0200 [0x481fd010]
Mar  3 20:11:24 ubuntu kernel: [    1.166619] Detected VIPT I-cache on CPU35
Mar  3 20:11:24 ubuntu kernel: [    1.166631] GICv3: CPU35: found redistributor 1a0300 region 35:0x00000000aa3c0000
Mar  3 20:11:24 ubuntu kernel: [    1.166647] GICv3: CPU35: using allocated LPI pending table @0x00000027ff2e0000
Mar  3 20:11:24 ubuntu kernel: [    1.166686] CPU35: Booted secondary processor 0x00001a0300 [0x481fd010]
Mar  3 20:11:24 ubuntu kernel: [    1.199696] Detected VIPT I-cache on CPU36
Mar  3 20:11:24 ubuntu kernel: [    1.199710] GICv3: CPU36: found redistributor 1b0000 region 36:0x00000000aa400000
Mar  3 20:11:24 ubuntu kernel: [    1.199734] GICv3: CPU36: using allocated LPI pending table @0x00000027ff2f0000
Mar  3 20:11:24 ubuntu kernel: [    1.199778] CPU36: Booted secondary processor 0x00001b0000 [0x481fd010]
Mar  3 20:11:24 ubuntu kernel: [    1.232761] Detected VIPT I-cache on CPU37
Mar  3 20:11:24 ubuntu kernel: [    1.232773] GICv3: CPU37: found redistributor 1b0100 region 37:0x00000000aa440000
Mar  3 20:11:24 ubuntu kernel: [    1.232790] GICv3: CPU37: using allocated LPI pending table @0x00000027ff300000
Mar  3 20:11:24 ubuntu kernel: [    1.232828] CPU37: Booted secondary processor 0x00001b0100 [0x481fd010]
Mar  3 20:11:24 ubuntu kernel: [    1.265832] Detected VIPT I-cache on CPU38
Mar  3 20:11:24 ubuntu kernel: [    1.265843] GICv3: CPU38: found redistributor 1b0200 region 38:0x00000000aa480000
Mar  3 20:11:24 ubuntu kernel: [    1.265863] GICv3: CPU38: using allocated LPI pending table @0x00000027ff310000
Mar  3 20:11:24 ubuntu kernel: [    1.265902] CPU38: Booted secondary processor 0x00001b0200 [0x481fd010]
Mar  3 20:11:24 ubuntu kernel: [    1.298903] Detected VIPT I-cache on CPU39
Mar  3 20:11:24 ubuntu kernel: [    1.298915] GICv3: CPU39: found redistributor 1b0300 region 39:0x00000000aa4c0000
Mar  3 20:11:24 ubuntu kernel: [    1.298935] GICv3: CPU39: using allocated LPI pending table @0x00000027ff320000
Mar  3 20:11:24 ubuntu kernel: [    1.298974] CPU39: Booted secondary processor 0x00001b0300 [0x481fd010]
Mar  3 20:11:24 ubuntu kernel: [    1.331458] Detected VIPT I-cache on CPU40
Mar  3 20:11:24 ubuntu kernel: [    1.331473] GICv3: CPU40: found redistributor 1c0000 region 40:0x00000000aa500000
Mar  3 20:11:24 ubuntu kernel: [    1.331500] GICv3: CPU40: using allocated LPI pending table @0x00000027ff330000
Mar  3 20:11:24 ubuntu kernel: [    1.331543] CPU40: Booted secondary processor 0x00001c0000 [0x481fd010]
Mar  3 20:11:24 ubuntu kernel: [    1.364003] Detected VIPT I-cache on CPU41
Mar  3 20:11:24 ubuntu kernel: [    1.364015] GICv3: CPU41: found redistributor 1c0100 region 41:0x00000000aa540000
Mar  3 20:11:24 ubuntu kernel: [    1.364033] GICv3: CPU41: using allocated LPI pending table @0x00000027ff340000
Mar  3 20:11:24 ubuntu kernel: [    1.364072] CPU41: Booted secondary processor 0x00001c0100 [0x481fd010]
Mar  3 20:11:24 ubuntu kernel: [    1.396552] Detected VIPT I-cache on CPU42
Mar  3 20:11:24 ubuntu kernel: [    1.396564] GICv3: CPU42: found redistributor 1c0200 region 42:0x00000000aa580000
Mar  3 20:11:24 ubuntu kernel: [    1.396583] GICv3: CPU42: using allocated LPI pending table @0x00000027ff350000
Mar  3 20:11:24 ubuntu kernel: [    1.396623] CPU42: Booted secondary processor 0x00001c0200 [0x481fd010]
Mar  3 20:11:24 ubuntu kernel: [    1.429103] Detected VIPT I-cache on CPU43
Mar  3 20:11:24 ubuntu kernel: [    1.429114] GICv3: CPU43: found redistributor 1c0300 region 43:0x00000000aa5c0000
Mar  3 20:11:24 ubuntu kernel: [    1.429133] GICv3: CPU43: using allocated LPI pending table @0x00000027ff360000
Mar  3 20:11:24 ubuntu kernel: [    1.429172] CPU43: Booted secondary processor 0x00001c0300 [0x481fd010]
Mar  3 20:11:24 ubuntu kernel: [    1.461832] Detected VIPT I-cache on CPU44
Mar  3 20:11:24 ubuntu kernel: [    1.461847] GICv3: CPU44: found redistributor 1d0000 region 44:0x00000000aa600000
Mar  3 20:11:24 ubuntu kernel: [    1.461874] GICv3: CPU44: using allocated LPI pending table @0x00000027ff370000
Mar  3 20:11:24 ubuntu kernel: [    1.461920] CPU44: Booted secondary processor 0x00001d0000 [0x481fd010]
Mar  3 20:11:24 ubuntu kernel: [    1.494550] Detected VIPT I-cache on CPU45
Mar  3 20:11:24 ubuntu kernel: [    1.494563] GICv3: CPU45: found redistributor 1d0100 region 45:0x00000000aa640000
Mar  3 20:11:24 ubuntu kernel: [    1.494582] GICv3: CPU45: using allocated LPI pending table @0x00000027ff380000
Mar  3 20:11:24 ubuntu kernel: [    1.494621] CPU45: Booted secondary processor 0x00001d0100 [0x481fd010]
Mar  3 20:11:24 ubuntu kernel: [    1.527273] Detected VIPT I-cache on CPU46
Mar  3 20:11:24 ubuntu kernel: [    1.527286] GICv3: CPU46: found redistributor 1d0200 region 46:0x00000000aa680000
Mar  3 20:11:24 ubuntu kernel: [    1.527306] GICv3: CPU46: using allocated LPI pending table @0x00000027ff390000
Mar  3 20:11:24 ubuntu kernel: [    1.527344] CPU46: Booted secondary processor 0x00001d0200 [0x481fd010]
Mar  3 20:11:24 ubuntu kernel: [    1.559997] Detected VIPT I-cache on CPU47
Mar  3 20:11:24 ubuntu kernel: [    1.560009] GICv3: CPU47: found redistributor 1d0300 region 47:0x00000000aa6c0000
Mar  3 20:11:24 ubuntu kernel: [    1.560027] GICv3: CPU47: using allocated LPI pending table @0x00000027ff3a0000
Mar  3 20:11:24 ubuntu kernel: [    1.560065] CPU47: Booted secondary processor 0x00001d0300 [0x481fd010]
Mar  3 20:11:24 ubuntu kernel: [    1.592837] Detected VIPT I-cache on CPU48
Mar  3 20:11:24 ubuntu kernel: [    1.592878] GICv3: CPU48: found redistributor 280000 region 48:0x00002000ae100000
Mar  3 20:11:24 ubuntu kernel: [    1.592942] GICv3: CPU48: using allocated LPI pending table @0x00000027ff3b0000
Mar  3 20:11:24 ubuntu kernel: [    1.593012] CPU48: Booted secondary processor 0x0000280000 [0x481fd010]
Mar  3 20:11:24 ubuntu kernel: [    1.625625] Detected VIPT I-cache on CPU49
Mar  3 20:11:24 ubuntu kernel: [    1.625653] GICv3: CPU49: found redistributor 280100 region 49:0x00002000ae140000
Mar  3 20:11:24 ubuntu kernel: [    1.625675] GICv3: CPU49: using allocated LPI pending table @0x00000027ff3c0000
Mar  3 20:11:24 ubuntu kernel: [    1.625727] CPU49: Booted secondary processor 0x0000280100 [0x481fd010]
Mar  3 20:11:24 ubuntu kernel: [    1.658435] Detected VIPT I-cache on CPU50
Mar  3 20:11:24 ubuntu kernel: [    1.658463] GICv3: CPU50: found redistributor 280200 region 50:0x00002000ae180000
Mar  3 20:11:24 ubuntu kernel: [    1.658485] GICv3: CPU50: using allocated LPI pending table @0x00000027ff3d0000
Mar  3 20:11:24 ubuntu kernel: [    1.658537] CPU50: Booted secondary processor 0x0000280200 [0x481fd010]
Mar  3 20:11:24 ubuntu kernel: [    1.691245] Detected VIPT I-cache on CPU51
Mar  3 20:11:24 ubuntu kernel: [    1.691273] GICv3: CPU51: found redistributor 280300 region 51:0x00002000ae1c0000
Mar  3 20:11:24 ubuntu kernel: [    1.691295] GICv3: CPU51: using allocated LPI pending table @0x00000027ff3e0000
Mar  3 20:11:24 ubuntu kernel: [    1.691347] CPU51: Booted secondary processor 0x0000280300 [0x481fd010]
Mar  3 20:11:24 ubuntu kernel: [    1.724234] Detected VIPT I-cache on CPU52
Mar  3 20:11:24 ubuntu kernel: [    1.724263] GICv3: CPU52: found redistributor 290000 region 52:0x00002000ae200000
Mar  3 20:11:24 ubuntu kernel: [    1.724301] GICv3: CPU52: using allocated LPI pending table @0x00000027ff3f0000
Mar  3 20:11:24 ubuntu kernel: [    1.724355] CPU52: Booted secondary processor 0x0000290000 [0x481fd010]
Mar  3 20:11:24 ubuntu kernel: [    1.757214] Detected VIPT I-cache on CPU53
Mar  3 20:11:24 ubuntu kernel: [    1.757242] GICv3: CPU53: found redistributor 290100 region 53:0x00002000ae240000
Mar  3 20:11:24 ubuntu kernel: [    1.757262] GICv3: CPU53: using allocated LPI pending table @0x00000027fec00000
Mar  3 20:11:24 ubuntu kernel: [    1.757314] CPU53: Booted secondary processor 0x0000290100 [0x481fd010]
Mar  3 20:11:24 ubuntu kernel: [    1.790197] Detected VIPT I-cache on CPU54
Mar  3 20:11:24 ubuntu kernel: [    1.790225] GICv3: CPU54: found redistributor 290200 region 54:0x00002000ae280000
Mar  3 20:11:24 ubuntu kernel: [    1.790246] GICv3: CPU54: using allocated LPI pending table @0x00000027fec10000
Mar  3 20:11:24 ubuntu kernel: [    1.790297] CPU54: Booted secondary processor 0x0000290200 [0x481fd010]
Mar  3 20:11:24 ubuntu kernel: [    1.823182] Detected VIPT I-cache on CPU55
Mar  3 20:11:24 ubuntu kernel: [    1.823210] GICv3: CPU55: found redistributor 290300 region 55:0x00002000ae2c0000
Mar  3 20:11:24 ubuntu kernel: [    1.823229] GICv3: CPU55: using allocated LPI pending table @0x00000027fec20000
Mar  3 20:11:24 ubuntu kernel: [    1.823282] CPU55: Booted secondary processor 0x0000290300 [0x481fd010]
Mar  3 20:11:24 ubuntu kernel: [    1.856343] Detected VIPT I-cache on CPU56
Mar  3 20:11:24 ubuntu kernel: [    1.856374] GICv3: CPU56: found redistributor 2a0000 region 56:0x00002000ae300000
Mar  3 20:11:24 ubuntu kernel: [    1.856403] GICv3: CPU56: using allocated LPI pending table @0x00000027fec30000
Mar  3 20:11:24 ubuntu kernel: [    1.856458] CPU56: Booted secondary processor 0x00002a0000 [0x481fd010]
Mar  3 20:11:24 ubuntu kernel: [    1.889497] Detected VIPT I-cache on CPU57
Mar  3 20:11:24 ubuntu kernel: [    1.889526] GICv3: CPU57: found redistributor 2a0100 region 57:0x00002000ae340000
Mar  3 20:11:24 ubuntu kernel: [    1.889547] GICv3: CPU57: using allocated LPI pending table @0x00000027fec40000
Mar  3 20:11:24 ubuntu kernel: [    1.889599] CPU57: Booted secondary processor 0x00002a0100 [0x481fd010]
Mar  3 20:11:24 ubuntu kernel: [    1.922654] Detected VIPT I-cache on CPU58
Mar  3 20:11:24 ubuntu kernel: [    1.922683] GICv3: CPU58: found redistributor 2a0200 region 58:0x00002000ae380000
Mar  3 20:11:24 ubuntu kernel: [    1.922703] GICv3: CPU58: using allocated LPI pending table @0x00000027fec50000
Mar  3 20:11:24 ubuntu kernel: [    1.922754] CPU58: Booted secondary processor 0x00002a0200 [0x481fd010]
Mar  3 20:11:24 ubuntu kernel: [    1.955812] Detected VIPT I-cache on CPU59
Mar  3 20:11:24 ubuntu kernel: [    1.955841] GICv3: CPU59: found redistributor 2a0300 region 59:0x00002000ae3c0000
Mar  3 20:11:24 ubuntu kernel: [    1.955862] GICv3: CPU59: using allocated LPI pending table @0x00000027fec60000
Mar  3 20:11:24 ubuntu kernel: [    1.955914] CPU59: Booted secondary processor 0x00002a0300 [0x481fd010]
Mar  3 20:11:24 ubuntu kernel: [    1.989147] Detected VIPT I-cache on CPU60
Mar  3 20:11:24 ubuntu kernel: [    1.989178] GICv3: CPU60: found redistributor 2b0000 region 60:0x00002000ae400000
Mar  3 20:11:24 ubuntu kernel: [    1.989210] GICv3: CPU60: using allocated LPI pending table @0x00000027fec70000
Mar  3 20:11:24 ubuntu kernel: [    1.989265] CPU60: Booted secondary processor 0x00002b0000 [0x481fd010]
Mar  3 20:11:24 ubuntu kernel: [    2.022475] Detected VIPT I-cache on CPU61
Mar  3 20:11:24 ubuntu kernel: [    2.022504] GICv3: CPU61: found redistributor 2b0100 region 61:0x00002000ae440000
Mar  3 20:11:24 ubuntu kernel: [    2.022526] GICv3: CPU61: using allocated LPI pending table @0x00000027fec80000
Mar  3 20:11:24 ubuntu kernel: [    2.022578] CPU61: Booted secondary processor 0x00002b0100 [0x481fd010]
Mar  3 20:11:24 ubuntu kernel: [    2.055805] Detected VIPT I-cache on CPU62
Mar  3 20:11:24 ubuntu kernel: [    2.055835] GICv3: CPU62: found redistributor 2b0200 region 62:0x00002000ae480000
Mar  3 20:11:24 ubuntu kernel: [    2.055856] GICv3: CPU62: using allocated LPI pending table @0x00000027fec90000
Mar  3 20:11:24 ubuntu kernel: [    2.055909] CPU62: Booted secondary processor 0x00002b0200 [0x481fd010]
Mar  3 20:11:24 ubuntu kernel: [    2.089137] Detected VIPT I-cache on CPU63
Mar  3 20:11:24 ubuntu kernel: [    2.089167] GICv3: CPU63: found redistributor 2b0300 region 63:0x00002000ae4c0000
Mar  3 20:11:24 ubuntu kernel: [    2.089189] GICv3: CPU63: using allocated LPI pending table @0x00000027feca0000
Mar  3 20:11:24 ubuntu kernel: [    2.089241] CPU63: Booted secondary processor 0x00002b0300 [0x481fd010]
Mar  3 20:11:24 ubuntu kernel: [    2.121951] Detected VIPT I-cache on CPU64
Mar  3 20:11:24 ubuntu kernel: [    2.121982] GICv3: CPU64: found redistributor 2c0000 region 64:0x00002000ae500000
Mar  3 20:11:24 ubuntu kernel: [    2.122013] GICv3: CPU64: using allocated LPI pending table @0x00000027fecb0000
Mar  3 20:11:24 ubuntu kernel: [    2.122068] CPU64: Booted secondary processor 0x00002c0000 [0x481fd010]
Mar  3 20:11:24 ubuntu kernel: [    2.154758] Detected VIPT I-cache on CPU65
Mar  3 20:11:24 ubuntu kernel: [    2.154787] GICv3: CPU65: found redistributor 2c0100 region 65:0x00002000ae540000
Mar  3 20:11:24 ubuntu kernel: [    2.154807] GICv3: CPU65: using allocated LPI pending table @0x00000027fecc0000
Mar  3 20:11:24 ubuntu kernel: [    2.154860] CPU65: Booted secondary processor 0x00002c0100 [0x481fd010]
Mar  3 20:11:24 ubuntu kernel: [    2.187568] Detected VIPT I-cache on CPU66
Mar  3 20:11:24 ubuntu kernel: [    2.187597] GICv3: CPU66: found redistributor 2c0200 region 66:0x00002000ae580000
Mar  3 20:11:24 ubuntu kernel: [    2.187618] GICv3: CPU66: using allocated LPI pending table @0x00000027fecd0000
Mar  3 20:11:24 ubuntu kernel: [    2.187672] CPU66: Booted secondary processor 0x00002c0200 [0x481fd010]
Mar  3 20:11:24 ubuntu kernel: [    2.220379] Detected VIPT I-cache on CPU67
Mar  3 20:11:24 ubuntu kernel: [    2.220408] GICv3: CPU67: found redistributor 2c0300 region 67:0x00002000ae5c0000
Mar  3 20:11:24 ubuntu kernel: [    2.220429] GICv3: CPU67: using allocated LPI pending table @0x00000027fece0000
Mar  3 20:11:24 ubuntu kernel: [    2.220481] CPU67: Booted secondary processor 0x00002c0300 [0x481fd010]
Mar  3 20:11:24 ubuntu kernel: [    2.253365] Detected VIPT I-cache on CPU68
Mar  3 20:11:24 ubuntu kernel: [    2.253397] GICv3: CPU68: found redistributor 2d0000 region 68:0x00002000ae600000
Mar  3 20:11:24 ubuntu kernel: [    2.253429] GICv3: CPU68: using allocated LPI pending table @0x00000027fecf0000
Mar  3 20:11:24 ubuntu kernel: [    2.253485] CPU68: Booted secondary processor 0x00002d0000 [0x481fd010]
Mar  3 20:11:24 ubuntu kernel: [    2.286346] Detected VIPT I-cache on CPU69
Mar  3 20:11:24 ubuntu kernel: [    2.286377] GICv3: CPU69: found redistributor 2d0100 region 69:0x00002000ae640000
Mar  3 20:11:24 ubuntu kernel: [    2.286399] GICv3: CPU69: using allocated LPI pending table @0x00000027fed00000
Mar  3 20:11:24 ubuntu kernel: [    2.286452] CPU69: Booted secondary processor 0x00002d0100 [0x481fd010]
Mar  3 20:11:24 ubuntu kernel: [    2.319330] Detected VIPT I-cache on CPU70
Mar  3 20:11:24 ubuntu kernel: [    2.319360] GICv3: CPU70: found redistributor 2d0200 region 70:0x00002000ae680000
Mar  3 20:11:24 ubuntu kernel: [    2.319382] GICv3: CPU70: using allocated LPI pending table @0x00000027fed10000
Mar  3 20:11:24 ubuntu kernel: [    2.319435] CPU70: Booted secondary processor 0x00002d0200 [0x481fd010]
Mar  3 20:11:24 ubuntu kernel: [    2.352315] Detected VIPT I-cache on CPU71
Mar  3 20:11:24 ubuntu kernel: [    2.352345] GICv3: CPU71: found redistributor 2d0300 region 71:0x00002000ae6c0000
Mar  3 20:11:24 ubuntu kernel: [    2.352366] GICv3: CPU71: using allocated LPI pending table @0x00000027fed20000
Mar  3 20:11:24 ubuntu kernel: [    2.352419] CPU71: Booted secondary processor 0x00002d0300 [0x481fd010]
Mar  3 20:11:24 ubuntu kernel: [    2.392444] Detected VIPT I-cache on CPU72
Mar  3 20:11:24 ubuntu kernel: [    2.392496] GICv3: CPU72: found redistributor 380000 region 72:0x00002000aa100000
Mar  3 20:11:24 ubuntu kernel: [    2.392537] GICv3: CPU72: using allocated LPI pending table @0x00000027fed30000
Mar  3 20:11:24 ubuntu kernel: [    2.392625] CPU72: Booted secondary processor 0x0000380000 [0x481fd010]
Mar  3 20:11:24 ubuntu kernel: [    2.432520] Detected VIPT I-cache on CPU73
Mar  3 20:11:24 ubuntu kernel: [    2.432556] GICv3: CPU73: found redistributor 380100 region 73:0x00002000aa140000
Mar  3 20:11:24 ubuntu kernel: [    2.432582] GICv3: CPU73: using allocated LPI pending table @0x00000027fed40000
Mar  3 20:11:24 ubuntu kernel: [    2.432640] CPU73: Booted secondary processor 0x0000380100 [0x481fd010]
Mar  3 20:11:24 ubuntu kernel: [    2.472621] Detected VIPT I-cache on CPU74
Mar  3 20:11:24 ubuntu kernel: [    2.472657] GICv3: CPU74: found redistributor 380200 region 74:0x00002000aa180000
Mar  3 20:11:24 ubuntu kernel: [    2.472680] GICv3: CPU74: using allocated LPI pending table @0x00000027fed50000
Mar  3 20:11:24 ubuntu kernel: [    2.472738] CPU74: Booted secondary processor 0x0000380200 [0x481fd010]
Mar  3 20:11:24 ubuntu kernel: [    2.512722] Detected VIPT I-cache on CPU75
Mar  3 20:11:24 ubuntu kernel: [    2.512758] GICv3: CPU75: found redistributor 380300 region 75:0x00002000aa1c0000
Mar  3 20:11:24 ubuntu kernel: [    2.512784] GICv3: CPU75: using allocated LPI pending table @0x00000027fed60000
Mar  3 20:11:24 ubuntu kernel: [    2.512842] CPU75: Booted secondary processor 0x0000380300 [0x481fd010]
Mar  3 20:11:24 ubuntu kernel: [    2.553001] Detected VIPT I-cache on CPU76
Mar  3 20:11:24 ubuntu kernel: [    2.553039] GICv3: CPU76: found redistributor 390000 region 76:0x00002000aa200000
Mar  3 20:11:24 ubuntu kernel: [    2.553074] GICv3: CPU76: using allocated LPI pending table @0x00000027fed70000
Mar  3 20:11:24 ubuntu kernel: [    2.553135] CPU76: Booted secondary processor 0x0000390000 [0x481fd010]
Mar  3 20:11:24 ubuntu kernel: [    2.593273] Detected VIPT I-cache on CPU77
Mar  3 20:11:24 ubuntu kernel: [    2.593309] GICv3: CPU77: found redistributor 390100 region 77:0x00002000aa240000
Mar  3 20:11:24 ubuntu kernel: [    2.593333] GICv3: CPU77: using allocated LPI pending table @0x00000027fed80000
Mar  3 20:11:24 ubuntu kernel: [    2.593390] CPU77: Booted secondary processor 0x0000390100 [0x481fd010]
Mar  3 20:11:24 ubuntu kernel: [    2.633549] Detected VIPT I-cache on CPU78
Mar  3 20:11:24 ubuntu kernel: [    2.633585] GICv3: CPU78: found redistributor 390200 region 78:0x00002000aa280000
Mar  3 20:11:24 ubuntu kernel: [    2.633609] GICv3: CPU78: using allocated LPI pending table @0x00000027fed90000
Mar  3 20:11:24 ubuntu kernel: [    2.633666] CPU78: Booted secondary processor 0x0000390200 [0x481fd010]
Mar  3 20:11:24 ubuntu kernel: [    2.673824] Detected VIPT I-cache on CPU79
Mar  3 20:11:24 ubuntu kernel: [    2.673860] GICv3: CPU79: found redistributor 390300 region 79:0x00002000aa2c0000
Mar  3 20:11:24 ubuntu kernel: [    2.673883] GICv3: CPU79: using allocated LPI pending table @0x00000027feda0000
Mar  3 20:11:24 ubuntu kernel: [    2.673941] CPU79: Booted secondary processor 0x0000390300 [0x481fd010]
Mar  3 20:11:24 ubuntu kernel: [    2.714275] Detected VIPT I-cache on CPU80
Mar  3 20:11:24 ubuntu kernel: [    2.714313] GICv3: CPU80: found redistributor 3a0000 region 80:0x00002000aa300000
Mar  3 20:11:24 ubuntu kernel: [    2.714348] GICv3: CPU80: using allocated LPI pending table @0x00000027fedb0000
Mar  3 20:11:24 ubuntu kernel: [    2.714410] CPU80: Booted secondary processor 0x00003a0000 [0x481fd010]
Mar  3 20:11:24 ubuntu kernel: [    2.754721] Detected VIPT I-cache on CPU81
Mar  3 20:11:24 ubuntu kernel: [    2.754758] GICv3: CPU81: found redistributor 3a0100 region 81:0x00002000aa340000
Mar  3 20:11:24 ubuntu kernel: [    2.754782] GICv3: CPU81: using allocated LPI pending table @0x00000027fedc0000
Mar  3 20:11:24 ubuntu kernel: [    2.754840] CPU81: Booted secondary processor 0x00003a0100 [0x481fd010]
Mar  3 20:11:24 ubuntu kernel: [    2.795170] Detected VIPT I-cache on CPU82
Mar  3 20:11:24 ubuntu kernel: [    2.795207] GICv3: CPU82: found redistributor 3a0200 region 82:0x00002000aa380000
Mar  3 20:11:24 ubuntu kernel: [    2.795232] GICv3: CPU82: using allocated LPI pending table @0x00000027fedd0000
Mar  3 20:11:24 ubuntu kernel: [    2.795290] CPU82: Booted secondary processor 0x00003a0200 [0x481fd010]
Mar  3 20:11:24 ubuntu kernel: [    2.835619] Detected VIPT I-cache on CPU83
Mar  3 20:11:24 ubuntu kernel: [    2.835656] GICv3: CPU83: found redistributor 3a0300 region 83:0x00002000aa3c0000
Mar  3 20:11:24 ubuntu kernel: [    2.835680] GICv3: CPU83: using allocated LPI pending table @0x00000027fede0000
Mar  3 20:11:24 ubuntu kernel: [    2.835738] CPU83: Booted secondary processor 0x00003a0300 [0x481fd010]
Mar  3 20:11:24 ubuntu kernel: [    2.876244] Detected VIPT I-cache on CPU84
Mar  3 20:11:24 ubuntu kernel: [    2.876284] GICv3: CPU84: found redistributor 3b0000 region 84:0x00002000aa400000
Mar  3 20:11:24 ubuntu kernel: [    2.876319] GICv3: CPU84: using allocated LPI pending table @0x00000027fedf0000
Mar  3 20:11:24 ubuntu kernel: [    2.876381] CPU84: Booted secondary processor 0x00003b0000 [0x481fd010]
Mar  3 20:11:24 ubuntu kernel: [    2.916864] Detected VIPT I-cache on CPU85
Mar  3 20:11:24 ubuntu kernel: [    2.916901] GICv3: CPU85: found redistributor 3b0100 region 85:0x00002000aa440000
Mar  3 20:11:24 ubuntu kernel: [    2.916927] GICv3: CPU85: using allocated LPI pending table @0x00000027fee00000
Mar  3 20:11:24 ubuntu kernel: [    2.916984] CPU85: Booted secondary processor 0x00003b0100 [0x481fd010]
Mar  3 20:11:24 ubuntu kernel: [    2.957486] Detected VIPT I-cache on CPU86
Mar  3 20:11:24 ubuntu kernel: [    2.957523] GICv3: CPU86: found redistributor 3b0200 region 86:0x00002000aa480000
Mar  3 20:11:24 ubuntu kernel: [    2.957548] GICv3: CPU86: using allocated LPI pending table @0x00000027fee10000
Mar  3 20:11:24 ubuntu kernel: [    2.957606] CPU86: Booted secondary processor 0x00003b0200 [0x481fd010]
Mar  3 20:11:24 ubuntu kernel: [    2.998109] Detected VIPT I-cache on CPU87
Mar  3 20:11:24 ubuntu kernel: [    2.998146] GICv3: CPU87: found redistributor 3b0300 region 87:0x00002000aa4c0000
Mar  3 20:11:24 ubuntu kernel: [    2.998170] GICv3: CPU87: using allocated LPI pending table @0x00000027fee20000
Mar  3 20:11:24 ubuntu kernel: [    2.998228] CPU87: Booted secondary processor 0x00003b0300 [0x481fd010]
Mar  3 20:11:24 ubuntu kernel: [    3.038213] Detected VIPT I-cache on CPU88
Mar  3 20:11:24 ubuntu kernel: [    3.038252] GICv3: CPU88: found redistributor 3c0000 region 88:0x00002000aa500000
Mar  3 20:11:24 ubuntu kernel: [    3.038288] GICv3: CPU88: using allocated LPI pending table @0x00000027fee30000
Mar  3 20:11:24 ubuntu kernel: [    3.038350] CPU88: Booted secondary processor 0x00003c0000 [0x481fd010]
Mar  3 20:11:24 ubuntu kernel: [    3.078311] Detected VIPT I-cache on CPU89
Mar  3 20:11:24 ubuntu kernel: [    3.078348] GICv3: CPU89: found redistributor 3c0100 region 89:0x00002000aa540000
Mar  3 20:11:24 ubuntu kernel: [    3.078378] GICv3: CPU89: using allocated LPI pending table @0x00000027fee40000
Mar  3 20:11:24 ubuntu kernel: [    3.078436] CPU89: Booted secondary processor 0x00003c0100 [0x481fd010]
Mar  3 20:11:24 ubuntu kernel: [    3.118413] Detected VIPT I-cache on CPU90
Mar  3 20:11:24 ubuntu kernel: [    3.118450] GICv3: CPU90: found redistributor 3c0200 region 90:0x00002000aa580000
Mar  3 20:11:24 ubuntu kernel: [    3.118476] GICv3: CPU90: using allocated LPI pending table @0x00000027fee50000
Mar  3 20:11:24 ubuntu kernel: [    3.118535] CPU90: Booted secondary processor 0x00003c0200 [0x481fd010]
Mar  3 20:11:24 ubuntu kernel: [    3.158515] Detected VIPT I-cache on CPU91
Mar  3 20:11:24 ubuntu kernel: [    3.158552] GICv3: CPU91: found redistributor 3c0300 region 91:0x00002000aa5c0000
Mar  3 20:11:24 ubuntu kernel: [    3.158578] GICv3: CPU91: using allocated LPI pending table @0x00000027fee60000
Mar  3 20:11:24 ubuntu kernel: [    3.158636] CPU91: Booted secondary processor 0x00003c0300 [0x481fd010]
Mar  3 20:11:24 ubuntu kernel: [    3.198793] Detected VIPT I-cache on CPU92
Mar  3 20:11:24 ubuntu kernel: [    3.198832] GICv3: CPU92: found redistributor 3d0000 region 92:0x00002000aa600000
Mar  3 20:11:24 ubuntu kernel: [    3.198869] GICv3: CPU92: using allocated LPI pending table @0x00000027fee70000
Mar  3 20:11:24 ubuntu kernel: [    3.198931] CPU92: Booted secondary processor 0x00003d0000 [0x481fd010]
Mar  3 20:11:24 ubuntu kernel: [    3.239066] Detected VIPT I-cache on CPU93
Mar  3 20:11:24 ubuntu kernel: [    3.239103] GICv3: CPU93: found redistributor 3d0100 region 93:0x00002000aa640000
Mar  3 20:11:24 ubuntu kernel: [    3.239129] GICv3: CPU93: using allocated LPI pending table @0x00000027fee80000
Mar  3 20:11:24 ubuntu kernel: [    3.239187] CPU93: Booted secondary processor 0x00003d0100 [0x481fd010]
Mar  3 20:11:24 ubuntu kernel: [    3.279341] Detected VIPT I-cache on CPU94
Mar  3 20:11:24 ubuntu kernel: [    3.279378] GICv3: CPU94: found redistributor 3d0200 region 94:0x00002000aa680000
Mar  3 20:11:24 ubuntu kernel: [    3.279404] GICv3: CPU94: using allocated LPI pending table @0x00000027fee90000
Mar  3 20:11:24 ubuntu kernel: [    3.279463] CPU94: Booted secondary processor 0x00003d0200 [0x481fd010]
Mar  3 20:11:24 ubuntu kernel: [    3.319616] Detected VIPT I-cache on CPU95
Mar  3 20:11:24 ubuntu kernel: [    3.319654] GICv3: CPU95: found redistributor 3d0300 region 95:0x00002000aa6c0000
Mar  3 20:11:24 ubuntu kernel: [    3.319679] GICv3: CPU95: using allocated LPI pending table @0x00000027feea0000
Mar  3 20:11:24 ubuntu kernel: [    3.319739] CPU95: Booted secondary processor 0x00003d0300 [0x481fd010]
Mar  3 20:11:24 ubuntu kernel: [    3.320566] smp: Brought up 4 nodes, 96 CPUs
Mar  3 20:11:24 ubuntu kernel: [    3.321118] SMP: Total of 96 processors activated.
Mar  3 20:11:24 ubuntu kernel: [    3.321120] CPU features: detected: Privileged Access Never
Mar  3 20:11:24 ubuntu kernel: [    3.321122] CPU features: detected: LSE atomic instructions
Mar  3 20:11:24 ubuntu kernel: [    3.321124] CPU features: detected: User Access Override
Mar  3 20:11:24 ubuntu kernel: [    3.321126] CPU features: detected: Common not Private translations
Mar  3 20:11:24 ubuntu kernel: [    3.321129] CPU features: detected: Data cache clean to Point of Persistence
Mar  3 20:11:24 ubuntu kernel: [    3.321131] CPU features: detected: RAS Extension Support
Mar  3 20:11:24 ubuntu kernel: [    3.321133] CPU features: detected: CRC32 instructions
Mar  3 20:11:24 ubuntu kernel: [    3.385912] CPU: All CPU(s) started at EL2
Mar  3 20:11:24 ubuntu kernel: [    3.401830] devtmpfs: initialized
Mar  3 20:11:24 ubuntu kernel: [    3.404046] Registered cp15_barrier emulation handler
Mar  3 20:11:24 ubuntu kernel: [    3.404085] Registered setend emulation handler
Mar  3 20:11:24 ubuntu kernel: [    3.404092] KASLR disabled due to lack of seed
Mar  3 20:11:24 ubuntu kernel: [    3.404499] clocksource: jiffies: mask: 0xffffffff max_cycles: 0xffffffff, max_idle_ns: 7645041785100000 ns
Mar  3 20:11:24 ubuntu kernel: [    3.404938] futex hash table entries: 32768 (order: 9, 2097152 bytes, vmalloc)
Mar  3 20:11:24 ubuntu kernel: [    3.405800] pinctrl core: initialized pinctrl subsystem
Mar  3 20:11:24 ubuntu kernel: [    3.405979] thermal_sys: Registered thermal governor 'fair_share'
Mar  3 20:11:24 ubuntu kernel: [    3.405980] thermal_sys: Registered thermal governor 'bang_bang'
Mar  3 20:11:24 ubuntu kernel: [    3.405983] thermal_sys: Registered thermal governor 'step_wise'
Mar  3 20:11:24 ubuntu kernel: [    3.405986] thermal_sys: Registered thermal governor 'user_space'
Mar  3 20:11:24 ubuntu kernel: [    3.406069] SMBIOS 3.1.1 present.
Mar  3 20:11:24 ubuntu kernel: [    3.406076] DMI: Huawei TaiShan 200 (Model 2280)/BC82AMDDA, BIOS 1.06 10/29/2019
Mar  3 20:11:24 ubuntu kernel: [    3.406422] NET: Registered protocol family 16
Mar  3 20:11:24 ubuntu kernel: [    3.407539] DMA: preallocated 256 KiB pool for atomic allocations
Mar  3 20:11:24 ubuntu kernel: [    3.407544] audit: initializing netlink subsys (disabled)
Mar  3 20:11:24 ubuntu kernel: [    3.407588] audit: type=2000 audit(0.484:1): state=initialized audit_enabled=0 res=1
Mar  3 20:11:24 ubuntu kernel: [    3.407851] cpuidle: using governor ladder
Mar  3 20:11:24 ubuntu kernel: [    3.407923] cpuidle: using governor menu
Mar  3 20:11:24 ubuntu kernel: [    3.407932] Detected 1 PCC Subspaces
Mar  3 20:11:24 ubuntu kernel: [    3.407962] Registering PCC driver as Mailbox controller
Mar  3 20:11:24 ubuntu kernel: [    3.408041] hw-breakpoint: found 6 breakpoint and 4 watchpoint registers.
Mar  3 20:11:24 ubuntu kernel: [    3.408913] ASID allocator initialised with 65536 entries
Mar  3 20:11:24 ubuntu kernel: [    3.409068] ACPI: bus type PCI registered
Mar  3 20:11:24 ubuntu kernel: [    3.409072] acpiphp: ACPI Hot Plug PCI Controller Driver version: 0.5
Mar  3 20:11:24 ubuntu kernel: [    3.409244] Serial: AMBA PL011 UART driver
Mar  3 20:11:24 ubuntu kernel: [    3.416155] HugeTLB registered 1.00 GiB page size, pre-allocated 0 pages
Mar  3 20:11:24 ubuntu kernel: [    3.416159] HugeTLB registered 32.0 MiB page size, pre-allocated 0 pages
Mar  3 20:11:24 ubuntu kernel: [    3.416162] HugeTLB registered 2.00 MiB page size, pre-allocated 0 pages
Mar  3 20:11:24 ubuntu kernel: [    3.416165] HugeTLB registered 64.0 KiB page size, pre-allocated 0 pages
Mar  3 20:11:24 ubuntu kernel: [    3.419736] fbcon: Taking over console
Mar  3 20:11:24 ubuntu kernel: [    3.420145] ACPI: Added _OSI(Module Device)
Mar  3 20:11:24 ubuntu kernel: [    3.420148] ACPI: Added _OSI(Processor Device)
Mar  3 20:11:24 ubuntu kernel: [    3.420150] ACPI: Added _OSI(3.0 _SCP Extensions)
Mar  3 20:11:24 ubuntu kernel: [    3.420152] ACPI: Added _OSI(Processor Aggregator Device)
Mar  3 20:11:24 ubuntu kernel: [    3.420155] ACPI: Added _OSI(Linux-Dell-Video)
Mar  3 20:11:24 ubuntu kernel: [    3.420157] ACPI: Added _OSI(Linux-Lenovo-NV-HDMI-Audio)
Mar  3 20:11:24 ubuntu kernel: [    3.420159] ACPI: Added _OSI(Linux-HPI-Hybrid-Graphics)
Mar  3 20:11:24 ubuntu kernel: [    3.429290] ACPI: 2 ACPI AML tables successfully acquired and loaded
Mar  3 20:11:24 ubuntu kernel: [    3.432742] ACPI: Interpreter enabled
Mar  3 20:11:24 ubuntu kernel: [    3.432745] ACPI: Using GIC for interrupt routing
Mar  3 20:11:24 ubuntu kernel: [    3.432761] ACPI: MCFG table detected, 1 entries
Mar  3 20:11:24 ubuntu kernel: [    3.432764] ACPI: IORT: [Firmware Bug]: ID count for ID mapping entry is wrong, applying workaround
Mar  3 20:11:24 ubuntu kernel: [    3.432769] ACPI: IORT: SMMU-v3[148000000] Mapped to Proximity domain 0
Mar  3 20:11:24 ubuntu kernel: [    3.432830] ACPI: IORT: SMMU-v3[201000000] Mapped to Proximity domain 0
Mar  3 20:11:24 ubuntu kernel: [    3.432854] ACPI: IORT: SMMU-v3[100000000] Mapped to Proximity domain 0
Mar  3 20:11:24 ubuntu kernel: [    3.432879] ACPI: IORT: SMMU-v3[140000000] Mapped to Proximity domain 0
Mar  3 20:11:24 ubuntu kernel: [    3.432902] ACPI: IORT: SMMU-v3[200148000000] Mapped to Proximity domain 2
Mar  3 20:11:24 ubuntu kernel: [    3.432927] ACPI: IORT: SMMU-v3[200201000000] Mapped to Proximity domain 2
Mar  3 20:11:24 ubuntu kernel: [    3.432949] ACPI: IORT: SMMU-v3[200100000000] Mapped to Proximity domain 2
Mar  3 20:11:24 ubuntu kernel: [    3.432972] ACPI: IORT: SMMU-v3[200140000000] Mapped to Proximity domain 2
Mar  3 20:11:24 ubuntu kernel: [    3.433616] HEST: Table parsing has been initialized.
Mar  3 20:11:24 ubuntu kernel: [    3.462014] ACPI: PCI Root Bridge [PCI0] (domain 0000 [bus 00-3f])
Mar  3 20:11:24 ubuntu kernel: [    3.462022] acpi PNP0A08:00: _OSC: OS supports [ExtendedConfig ASPM ClockPM Segments MSI HPX-Type3]
Mar  3 20:11:24 ubuntu kernel: [    3.462127] acpi PNP0A08:00: _OSC: platform does not support [SHPCHotplug LTR]
Mar  3 20:11:24 ubuntu kernel: [    3.462216] acpi PNP0A08:00: _OSC: OS now controls [PCIeHotplug PME AER PCIeCapability]
Mar  3 20:11:24 ubuntu kernel: [    3.462808] acpi PNP0A08:00: ECAM area [mem 0xd0000000-0xd3ffffff] reserved by PNP0C02:00
Mar  3 20:11:24 ubuntu kernel: [    3.462820] acpi PNP0A08:00: ECAM at [mem 0xd0000000-0xd3ffffff] for [bus 00-3f]
Mar  3 20:11:24 ubuntu kernel: [    3.462847] Remapped I/O 0x00000000f7ff0000 to [io  0x0000-0xffff window]
Mar  3 20:11:24 ubuntu kernel: [    3.462911] PCI host bridge to bus 0000:00
Mar  3 20:11:24 ubuntu kernel: [    3.462914] pci_bus 0000:00: root bus resource [mem 0x80000000000-0x82fffffffff pref window]
Mar  3 20:11:24 ubuntu kernel: [    3.462918] pci_bus 0000:00: root bus resource [mem 0xe0000000-0xf7feffff window]
Mar  3 20:11:24 ubuntu kernel: [    3.462921] pci_bus 0000:00: root bus resource [io  0x0000-0xffff window]
Mar  3 20:11:24 ubuntu kernel: [    3.462924] pci_bus 0000:00: root bus resource [bus 00-3f]
Mar  3 20:11:24 ubuntu kernel: [    3.462956] pci 0000:00:00.0: [19e5:a120] type 01 class 0x060400
Mar  3 20:11:24 ubuntu kernel: [    3.463022] pci 0000:00:00.0: PME# supported from D0 D1 D2 D3hot D3cold
Mar  3 20:11:24 ubuntu kernel: [    3.463098] pci 0000:00:04.0: [19e5:a120] type 01 class 0x060400
Mar  3 20:11:24 ubuntu kernel: [    3.463155] pci 0000:00:04.0: PME# supported from D0 D1 D2 D3hot D3cold
Mar  3 20:11:24 ubuntu kernel: [    3.463219] pci 0000:00:08.0: [19e5:a120] type 01 class 0x060400
Mar  3 20:11:24 ubuntu kernel: [    3.463274] pci 0000:00:08.0: PME# supported from D0 D1 D2 D3hot D3cold
Mar  3 20:11:24 ubuntu kernel: [    3.463333] pci 0000:00:0c.0: [19e5:a120] type 01 class 0x060400
Mar  3 20:11:24 ubuntu kernel: [    3.463387] pci 0000:00:0c.0: PME# supported from D0 D1 D2 D3hot D3cold
Mar  3 20:11:24 ubuntu kernel: [    3.463447] pci 0000:00:10.0: [19e5:a120] type 01 class 0x060400
Mar  3 20:11:24 ubuntu kernel: [    3.463501] pci 0000:00:10.0: PME# supported from D0 D1 D2 D3hot D3cold
Mar  3 20:11:24 ubuntu kernel: [    3.463561] pci 0000:00:11.0: [19e5:a120] type 01 class 0x060400
Mar  3 20:11:24 ubuntu kernel: [    3.463615] pci 0000:00:11.0: PME# supported from D0 D1 D2 D3hot D3cold
Mar  3 20:11:24 ubuntu kernel: [    3.463674] pci 0000:00:12.0: [19e5:a120] type 01 class 0x060400
Mar  3 20:11:24 ubuntu kernel: [    3.463728] pci 0000:00:12.0: PME# supported from D0 D1 D2 D3hot D3cold
Mar  3 20:11:24 ubuntu kernel: [    3.463863] pci 0000:03:00.0: [1000:0016] type 00 class 0x010400
Mar  3 20:11:24 ubuntu kernel: [    3.463885] pci 0000:03:00.0: reg 0x10: [mem 0x80000100000-0x800001fffff 64bit pref]
Mar  3 20:11:24 ubuntu kernel: [    3.463895] pci 0000:03:00.0: reg 0x18: [mem 0x80000000000-0x800000fffff 64bit pref]
Mar  3 20:11:24 ubuntu kernel: [    3.463903] pci 0000:03:00.0: reg 0x20: [mem 0xe6400000-0xe64fffff]
Mar  3 20:11:24 ubuntu kernel: [    3.463911] pci 0000:03:00.0: reg 0x24: [io  0x0000-0x00ff]
Mar  3 20:11:24 ubuntu kernel: [    3.463918] pci 0000:03:00.0: reg 0x30: [mem 0xe6300000-0xe63fffff pref]
Mar  3 20:11:24 ubuntu kernel: [    3.463986] pci 0000:03:00.0: supports D1 D2
Mar  3 20:11:24 ubuntu kernel: [    3.464130] pci 0000:05:00.0: [19e5:1710] type 00 class 0x118000
Mar  3 20:11:24 ubuntu kernel: [    3.464156] pci 0000:05:00.0: reg 0x10: [mem 0xe0000000-0xe3ffffff pref]
Mar  3 20:11:24 ubuntu kernel: [    3.464166] pci 0000:05:00.0: reg 0x14: [mem 0xe6200000-0xe62fffff]
Mar  3 20:11:24 ubuntu kernel: [    3.464321] pci 0000:05:00.0: supports D1
Mar  3 20:11:24 ubuntu kernel: [    3.464324] pci 0000:05:00.0: PME# supported from D0 D1 D3hot
Mar  3 20:11:24 ubuntu kernel: [    3.464462] pci 0000:06:00.0: [19e5:1711] type 00 class 0x030000
Mar  3 20:11:24 ubuntu kernel: [    3.464494] pci 0000:06:00.0: reg 0x10: [mem 0xe4000000-0xe5ffffff pref]
Mar  3 20:11:24 ubuntu kernel: [    3.464507] pci 0000:06:00.0: reg 0x14: [mem 0xe6000000-0xe61fffff]
Mar  3 20:11:24 ubuntu kernel: [    3.464634] pci 0000:06:00.0: BAR 0: assigned to efifb
Mar  3 20:11:24 ubuntu kernel: [    3.464694] pci 0000:06:00.0: supports D1
Mar  3 20:11:24 ubuntu kernel: [    3.464696] pci 0000:06:00.0: PME# supported from D0 D1 D3hot
Mar  3 20:11:24 ubuntu kernel: [    3.464835] pci_bus 0000:00: on NUMA node 0
Mar  3 20:11:24 ubuntu kernel: [    3.464837] pci 0000:00:00.0: PCI bridge to [bus 01]
Mar  3 20:11:24 ubuntu kernel: [    3.464842] pci 0000:00:04.0: PCI bridge to [bus 02]
Mar  3 20:11:24 ubuntu kernel: [    3.464846] pci 0000:00:08.0: PCI bridge to [bus 03]
Mar  3 20:11:24 ubuntu kernel: [    3.464849] pci 0000:00:08.0:   bridge window [io  0x0000-0x0fff]
Mar  3 20:11:24 ubuntu kernel: [    3.464852] pci 0000:00:08.0:   bridge window [mem 0xe6300000-0xe64fffff]
Mar  3 20:11:24 ubuntu kernel: [    3.464856] pci 0000:00:08.0:   bridge window [mem 0x80000000000-0x800001fffff 64bit pref]
Mar  3 20:11:24 ubuntu kernel: [    3.464860] pci 0000:00:0c.0: PCI bridge to [bus 04]
Mar  3 20:11:24 ubuntu kernel: [    3.464864] pci 0000:00:10.0: PCI bridge to [bus 05]
Mar  3 20:11:24 ubuntu kernel: [    3.464867] pci 0000:00:10.0:   bridge window [mem 0xe6200000-0xe62fffff]
Mar  3 20:11:24 ubuntu kernel: [    3.464871] pci 0000:00:10.0:   bridge window [mem 0xe0000000-0xe3ffffff 64bit pref]
Mar  3 20:11:24 ubuntu kernel: [    3.464874] pci 0000:00:11.0: PCI bridge to [bus 06]
Mar  3 20:11:24 ubuntu kernel: [    3.464877] pci 0000:00:11.0:   bridge window [mem 0xe6000000-0xe61fffff]
Mar  3 20:11:24 ubuntu kernel: [    3.464881] pci 0000:00:11.0:   bridge window [mem 0xe4000000-0xe5ffffff 64bit pref]
Mar  3 20:11:24 ubuntu kernel: [    3.464884] pci 0000:00:12.0: PCI bridge to [bus 07]
Mar  3 20:11:24 ubuntu kernel: [    3.464894] pci 0000:00:00.0: PCI bridge to [bus 01]
Mar  3 20:11:24 ubuntu kernel: [    3.464899] pci 0000:00:04.0: PCI bridge to [bus 02]
Mar  3 20:11:24 ubuntu kernel: [    3.464904] pci 0000:00:08.0: PCI bridge to [bus 03]
Mar  3 20:11:24 ubuntu kernel: [    3.464906] pci 0000:00:08.0:   bridge window [io  0x0000-0x0fff]
Mar  3 20:11:24 ubuntu kernel: [    3.464910] pci 0000:00:08.0:   bridge window [mem 0xe6300000-0xe64fffff]
Mar  3 20:11:24 ubuntu kernel: [    3.464913] pci 0000:00:08.0:   bridge window [mem 0x80000000000-0x800001fffff 64bit pref]
Mar  3 20:11:24 ubuntu kernel: [    3.464917] pci 0000:00:0c.0: PCI bridge to [bus 04]
Mar  3 20:11:24 ubuntu kernel: [    3.464922] pci 0000:00:10.0: PCI bridge to [bus 05]
Mar  3 20:11:24 ubuntu kernel: [    3.464925] pci 0000:00:10.0:   bridge window [mem 0xe6200000-0xe62fffff]
Mar  3 20:11:24 ubuntu kernel: [    3.464928] pci 0000:00:10.0:   bridge window [mem 0xe0000000-0xe3ffffff 64bit pref]
Mar  3 20:11:24 ubuntu kernel: [    3.464932] pci 0000:00:11.0: PCI bridge to [bus 06]
Mar  3 20:11:24 ubuntu kernel: [    3.464935] pci 0000:00:11.0:   bridge window [mem 0xe6000000-0xe61fffff]
Mar  3 20:11:24 ubuntu kernel: [    3.464938] pci 0000:00:11.0:   bridge window [mem 0xe4000000-0xe5ffffff 64bit pref]
Mar  3 20:11:24 ubuntu kernel: [    3.464942] pci 0000:00:12.0: PCI bridge to [bus 07]
Mar  3 20:11:24 ubuntu kernel: [    3.464947] pci_bus 0000:00: resource 4 [mem 0x80000000000-0x82fffffffff pref window]
Mar  3 20:11:24 ubuntu kernel: [    3.464950] pci_bus 0000:00: resource 5 [mem 0xe0000000-0xf7feffff window]
Mar  3 20:11:24 ubuntu kernel: [    3.464953] pci_bus 0000:00: resource 6 [io  0x0000-0xffff window]
Mar  3 20:11:24 ubuntu kernel: [    3.464956] pci_bus 0000:03: resource 0 [io  0x0000-0x0fff]
Mar  3 20:11:24 ubuntu kernel: [    3.464959] pci_bus 0000:03: resource 1 [mem 0xe6300000-0xe64fffff]
Mar  3 20:11:24 ubuntu kernel: [    3.464961] pci_bus 0000:03: resource 2 [mem 0x80000000000-0x800001fffff 64bit pref]
Mar  3 20:11:24 ubuntu kernel: [    3.464964] pci_bus 0000:05: resource 1 [mem 0xe6200000-0xe62fffff]
Mar  3 20:11:24 ubuntu kernel: [    3.464967] pci_bus 0000:05: resource 2 [mem 0xe0000000-0xe3ffffff 64bit pref]
Mar  3 20:11:24 ubuntu kernel: [    3.464970] pci_bus 0000:06: resource 1 [mem 0xe6000000-0xe61fffff]
Mar  3 20:11:24 ubuntu kernel: [    3.464973] pci_bus 0000:06: resource 2 [mem 0xe4000000-0xe5ffffff 64bit pref]
Mar  3 20:11:24 ubuntu kernel: [    3.465031] ACPI: PCI Root Bridge [PCI1] (domain 0000 [bus 7b])
Mar  3 20:11:24 ubuntu kernel: [    3.465036] acpi PNP0A08:01: _OSC: OS supports [ExtendedConfig ASPM ClockPM Segments MSI HPX-Type3]
Mar  3 20:11:24 ubuntu kernel: [    3.465134] acpi PNP0A08:01: _OSC: platform does not support [PCIeHotplug SHPCHotplug PME AER LTR]
Mar  3 20:11:24 ubuntu kernel: [    3.465221] acpi PNP0A08:01: _OSC: OS now controls [PCIeCapability]
Mar  3 20:11:24 ubuntu kernel: [    3.465803] acpi PNP0A08:01: ECAM area [mem 0xd7b00000-0xd7bfffff] reserved by PNP0C02:00
Mar  3 20:11:24 ubuntu kernel: [    3.465820] acpi PNP0A08:01: ECAM at [mem 0xd7b00000-0xd7bfffff] for [bus 7b]
Mar  3 20:11:24 ubuntu kernel: [    3.465873] PCI host bridge to bus 0000:7b
Mar  3 20:11:24 ubuntu kernel: [    3.465876] pci_bus 0000:7b: root bus resource [mem 0x148800000-0x148ffffff pref window]
Mar  3 20:11:24 ubuntu kernel: [    3.465880] pci_bus 0000:7b: root bus resource [bus 7b]
Mar  3 20:11:24 ubuntu kernel: [    3.465887] pci 0000:7b:00.0: [19e5:a122] type 00 class 0x088000
Mar  3 20:11:24 ubuntu kernel: [    3.465896] pci 0000:7b:00.0: reg 0x18: [mem 0x00000000-0x00003fff 64bit pref]
Mar  3 20:11:24 ubuntu kernel: [    3.465954] pci_bus 0000:7b: on NUMA node 0
Mar  3 20:11:24 ubuntu kernel: [    3.465958] pci 0000:7b:00.0: BAR 2: assigned [mem 0x148800000-0x148803fff 64bit pref]
Mar  3 20:11:24 ubuntu kernel: [    3.465963] pci_bus 0000:7b: resource 4 [mem 0x148800000-0x148ffffff pref window]
Mar  3 20:11:24 ubuntu kernel: [    3.466006] ACPI: PCI Root Bridge [PCI2] (domain 0000 [bus 7a])
Mar  3 20:11:24 ubuntu kernel: [    3.466010] acpi PNP0A08:02: _OSC: OS supports [ExtendedConfig ASPM ClockPM Segments MSI HPX-Type3]
Mar  3 20:11:24 ubuntu kernel: [    3.466105] acpi PNP0A08:02: _OSC: platform does not support [PCIeHotplug SHPCHotplug PME AER LTR]
Mar  3 20:11:24 ubuntu kernel: [    3.466192] acpi PNP0A08:02: _OSC: OS now controls [PCIeCapability]
Mar  3 20:11:24 ubuntu kernel: [    3.466763] acpi PNP0A08:02: ECAM area [mem 0xd7a00000-0xd7afffff] reserved by PNP0C02:00
Mar  3 20:11:24 ubuntu kernel: [    3.466778] acpi PNP0A08:02: ECAM at [mem 0xd7a00000-0xd7afffff] for [bus 7a]
Mar  3 20:11:24 ubuntu kernel: [    3.466831] PCI host bridge to bus 0000:7a
Mar  3 20:11:24 ubuntu kernel: [    3.466834] pci_bus 0000:7a: root bus resource [mem 0x20c000000-0x20c1fffff pref window]
Mar  3 20:11:24 ubuntu kernel: [    3.466837] pci_bus 0000:7a: root bus resource [bus 7a]
Mar  3 20:11:24 ubuntu kernel: [    3.466844] pci 0000:7a:00.0: [19e5:a23b] type 00 class 0x0c0310
Mar  3 20:11:24 ubuntu kernel: [    3.466851] pci 0000:7a:00.0: reg 0x10: [mem 0x20c100000-0x20c100fff 64bit pref]
Mar  3 20:11:24 ubuntu kernel: [    3.466903] pci 0000:7a:01.0: [19e5:a239] type 00 class 0x0c0320
Mar  3 20:11:24 ubuntu kernel: [    3.466910] pci 0000:7a:01.0: reg 0x10: [mem 0x20c101000-0x20c101fff 64bit pref]
Mar  3 20:11:24 ubuntu kernel: [    3.466963] pci 0000:7a:02.0: [19e5:a238] type 00 class 0x0c0330
Mar  3 20:11:24 ubuntu kernel: [    3.466969] pci 0000:7a:02.0: reg 0x10: [mem 0x20c000000-0x20c0fffff 64bit pref]
Mar  3 20:11:24 ubuntu kernel: [    3.467026] pci_bus 0000:7a: on NUMA node 0
Mar  3 20:11:24 ubuntu kernel: [    3.467029] pci 0000:7a:02.0: BAR 0: assigned [mem 0x20c000000-0x20c0fffff 64bit pref]
Mar  3 20:11:24 ubuntu kernel: [    3.467034] pci 0000:7a:00.0: BAR 0: assigned [mem 0x20c100000-0x20c100fff 64bit pref]
Mar  3 20:11:24 ubuntu kernel: [    3.467039] pci 0000:7a:01.0: BAR 0: assigned [mem 0x20c101000-0x20c101fff 64bit pref]
Mar  3 20:11:24 ubuntu kernel: [    3.467044] pci_bus 0000:7a: resource 4 [mem 0x20c000000-0x20c1fffff pref window]
Mar  3 20:11:24 ubuntu kernel: [    3.467084] ACPI: PCI Root Bridge [PCI3] (domain 0000 [bus 78-79])
Mar  3 20:11:24 ubuntu kernel: [    3.467089] acpi PNP0A08:03: _OSC: OS supports [ExtendedConfig ASPM ClockPM Segments MSI HPX-Type3]
Mar  3 20:11:24 ubuntu kernel: [    3.467183] acpi PNP0A08:03: _OSC: platform does not support [PCIeHotplug SHPCHotplug PME AER LTR]
Mar  3 20:11:24 ubuntu kernel: [    3.467269] acpi PNP0A08:03: _OSC: OS now controls [PCIeCapability]
Mar  3 20:11:24 ubuntu kernel: [    3.467840] acpi PNP0A08:03: ECAM area [mem 0xd7800000-0xd79fffff] reserved by PNP0C02:00
Mar  3 20:11:24 ubuntu kernel: [    3.467847] acpi PNP0A08:03: ECAM at [mem 0xd7800000-0xd79fffff] for [bus 78-79]
Mar  3 20:11:24 ubuntu kernel: [    3.467917] PCI host bridge to bus 0000:78
Mar  3 20:11:24 ubuntu kernel: [    3.467920] pci_bus 0000:78: root bus resource [mem 0x208000000-0x208bfffff pref window]
Mar  3 20:11:24 ubuntu kernel: [    3.467923] pci_bus 0000:78: root bus resource [bus 78-79]
Mar  3 20:11:24 ubuntu kernel: [    3.467935] pci_bus 0000:78: on NUMA node 0
Mar  3 20:11:24 ubuntu kernel: [    3.467937] pci_bus 0000:78: resource 4 [mem 0x208000000-0x208bfffff pref window]
Mar  3 20:11:24 ubuntu kernel: [    3.467982] ACPI: PCI Root Bridge [PCI4] (domain 0000 [bus 7c-7d])
Mar  3 20:11:24 ubuntu kernel: [    3.467986] acpi PNP0A08:04: _OSC: OS supports [ExtendedConfig ASPM ClockPM Segments MSI HPX-Type3]
Mar  3 20:11:24 ubuntu kernel: [    3.468079] acpi PNP0A08:04: _OSC: platform does not support [PCIeHotplug SHPCHotplug PME AER LTR]
Mar  3 20:11:24 ubuntu kernel: [    3.468165] acpi PNP0A08:04: _OSC: OS now controls [PCIeCapability]
Mar  3 20:11:24 ubuntu kernel: [    3.468737] acpi PNP0A08:04: ECAM area [mem 0xd7c00000-0xd7dfffff] reserved by PNP0C02:00
Mar  3 20:11:24 ubuntu kernel: [    3.468744] acpi PNP0A08:04: ECAM at [mem 0xd7c00000-0xd7dfffff] for [bus 7c-7d]
Mar  3 20:11:24 ubuntu kernel: [    3.468796] PCI host bridge to bus 0000:7c
Mar  3 20:11:24 ubuntu kernel: [    3.468799] pci_bus 0000:7c: root bus resource [mem 0x120000000-0x13fffffff pref window]
Mar  3 20:11:24 ubuntu kernel: [    3.468802] pci_bus 0000:7c: root bus resource [bus 7c-7d]
Mar  3 20:11:24 ubuntu kernel: [    3.468810] pci 0000:7c:00.0: [19e5:a121] type 01 class 0x060400
Mar  3 20:11:24 ubuntu kernel: [    3.468820] pci 0000:7c:00.0: enabling Extended Tags
Mar  3 20:11:24 ubuntu kernel: [    3.468896] pci 0000:7d:00.0: [19e5:a222] type 00 class 0x020000
Mar  3 20:11:24 ubuntu kernel: [    3.468904] pci 0000:7d:00.0: reg 0x10: [mem 0x1210f0000-0x1210fffff 64bit pref]
Mar  3 20:11:24 ubuntu kernel: [    3.468909] pci 0000:7d:00.0: reg 0x18: [mem 0x120f00000-0x120ffffff 64bit pref]
Mar  3 20:11:24 ubuntu kernel: [    3.468932] pci 0000:7d:00.0: reg 0x224: [mem 0x1210c0000-0x1210cffff 64bit pref]
Mar  3 20:11:24 ubuntu kernel: [    3.468936] pci 0000:7d:00.0: VF(n) BAR0 space: [mem 0x1210c0000-0x1210effff 64bit pref] (contains BAR0 for 3 VFs)
Mar  3 20:11:24 ubuntu kernel: [    3.468941] pci 0000:7d:00.0: reg 0x22c: [mem 0x120c00000-0x120cfffff 64bit pref]
Mar  3 20:11:24 ubuntu kernel: [    3.468945] pci 0000:7d:00.0: VF(n) BAR2 space: [mem 0x120c00000-0x120efffff 64bit pref] (contains BAR2 for 3 VFs)
Mar  3 20:11:24 ubuntu kernel: [    3.468997] pci 0000:7d:00.1: [19e5:a221] type 00 class 0x020000
Mar  3 20:11:24 ubuntu kernel: [    3.469004] pci 0000:7d:00.1: reg 0x10: [mem 0x1210b0000-0x1210bffff 64bit pref]
Mar  3 20:11:24 ubuntu kernel: [    3.469009] pci 0000:7d:00.1: reg 0x18: [mem 0x120b00000-0x120bfffff 64bit pref]
Mar  3 20:11:24 ubuntu kernel: [    3.469031] pci 0000:7d:00.1: reg 0x224: [mem 0x121080000-0x12108ffff 64bit pref]
Mar  3 20:11:24 ubuntu kernel: [    3.469034] pci 0000:7d:00.1: VF(n) BAR0 space: [mem 0x121080000-0x1210affff 64bit pref] (contains BAR0 for 3 VFs)
Mar  3 20:11:24 ubuntu kernel: [    3.469039] pci 0000:7d:00.1: reg 0x22c: [mem 0x120800000-0x1208fffff 64bit pref]
Mar  3 20:11:24 ubuntu kernel: [    3.469042] pci 0000:7d:00.1: VF(n) BAR2 space: [mem 0x120800000-0x120afffff 64bit pref] (contains BAR2 for 3 VFs)
Mar  3 20:11:24 ubuntu kernel: [    3.469093] pci 0000:7d:00.2: [19e5:a222] type 00 class 0x020000
Mar  3 20:11:24 ubuntu kernel: [    3.469100] pci 0000:7d:00.2: reg 0x10: [mem 0x121070000-0x12107ffff 64bit pref]
Mar  3 20:11:24 ubuntu kernel: [    3.469105] pci 0000:7d:00.2: reg 0x18: [mem 0x120700000-0x1207fffff 64bit pref]
Mar  3 20:11:24 ubuntu kernel: [    3.469126] pci 0000:7d:00.2: reg 0x224: [mem 0x121040000-0x12104ffff 64bit pref]
Mar  3 20:11:24 ubuntu kernel: [    3.469130] pci 0000:7d:00.2: VF(n) BAR0 space: [mem 0x121040000-0x12106ffff 64bit pref] (contains BAR0 for 3 VFs)
Mar  3 20:11:24 ubuntu kernel: [    3.469135] pci 0000:7d:00.2: reg 0x22c: [mem 0x120400000-0x1204fffff 64bit pref]
Mar  3 20:11:24 ubuntu kernel: [    3.469138] pci 0000:7d:00.2: VF(n) BAR2 space: [mem 0x120400000-0x1206fffff 64bit pref] (contains BAR2 for 3 VFs)
Mar  3 20:11:24 ubuntu kernel: [    3.469188] pci 0000:7d:00.3: [19e5:a221] type 00 class 0x020000
Mar  3 20:11:24 ubuntu kernel: [    3.469194] pci 0000:7d:00.3: reg 0x10: [mem 0x121030000-0x12103ffff 64bit pref]
Mar  3 20:11:24 ubuntu kernel: [    3.469199] pci 0000:7d:00.3: reg 0x18: [mem 0x120300000-0x1203fffff 64bit pref]
Mar  3 20:11:24 ubuntu kernel: [    3.469221] pci 0000:7d:00.3: reg 0x224: [mem 0x121000000-0x12100ffff 64bit pref]
Mar  3 20:11:24 ubuntu kernel: [    3.469224] pci 0000:7d:00.3: VF(n) BAR0 space: [mem 0x121000000-0x12102ffff 64bit pref] (contains BAR0 for 3 VFs)
Mar  3 20:11:24 ubuntu kernel: [    3.469229] pci 0000:7d:00.3: reg 0x22c: [mem 0x120000000-0x1200fffff 64bit pref]
Mar  3 20:11:24 ubuntu kernel: [    3.469233] pci 0000:7d:00.3: VF(n) BAR2 space: [mem 0x120000000-0x1202fffff 64bit pref] (contains BAR2 for 3 VFs)
Mar  3 20:11:24 ubuntu kernel: [    3.469290] pci_bus 0000:7c: on NUMA node 0
Mar  3 20:11:24 ubuntu kernel: [    3.469295] pci 0000:7c:00.0: bridge window [mem 0x00100000-0x005fffff 64bit pref] to [bus 7d] add_size c00000 add_align 100000
Mar  3 20:11:24 ubuntu kernel: [    3.469301] pci 0000:7c:00.0: BAR 15: assigned [mem 0x120000000-0x1210fffff 64bit pref]
Mar  3 20:11:24 ubuntu kernel: [    3.469309] pci 0000:7d:00.0: BAR 2: assigned [mem 0x120000000-0x1200fffff 64bit pref]
Mar  3 20:11:24 ubuntu kernel: [    3.469314] pci 0000:7d:00.0: BAR 9: assigned [mem 0x120100000-0x1203fffff 64bit pref]
Mar  3 20:11:24 ubuntu kernel: [    3.469318] pci 0000:7d:00.1: BAR 2: assigned [mem 0x120400000-0x1204fffff 64bit pref]
Mar  3 20:11:24 ubuntu kernel: [    3.469322] pci 0000:7d:00.1: BAR 9: assigned [mem 0x120500000-0x1207fffff 64bit pref]
Mar  3 20:11:24 ubuntu kernel: [    3.469326] pci 0000:7d:00.2: BAR 2: assigned [mem 0x120800000-0x1208fffff 64bit pref]
Mar  3 20:11:24 ubuntu kernel: [    3.469330] pci 0000:7d:00.2: BAR 9: assigned [mem 0x120900000-0x120bfffff 64bit pref]
Mar  3 20:11:24 ubuntu kernel: [    3.469334] pci 0000:7d:00.3: BAR 2: assigned [mem 0x120c00000-0x120cfffff 64bit pref]
Mar  3 20:11:24 ubuntu kernel: [    3.469339] pci 0000:7d:00.3: BAR 9: assigned [mem 0x120d00000-0x120ffffff 64bit pref]
Mar  3 20:11:24 ubuntu kernel: [    3.469343] pci 0000:7d:00.0: BAR 0: assigned [mem 0x121000000-0x12100ffff 64bit pref]
Mar  3 20:11:24 ubuntu kernel: [    3.469347] pci 0000:7d:00.0: BAR 7: assigned [mem 0x121010000-0x12103ffff 64bit pref]
Mar  3 20:11:24 ubuntu kernel: [    3.469351] pci 0000:7d:00.1: BAR 0: assigned [mem 0x121040000-0x12104ffff 64bit pref]
Mar  3 20:11:24 ubuntu kernel: [    3.469356] pci 0000:7d:00.1: BAR 7: assigned [mem 0x121050000-0x12107ffff 64bit pref]
Mar  3 20:11:24 ubuntu kernel: [    3.469359] pci 0000:7d:00.2: BAR 0: assigned [mem 0x121080000-0x12108ffff 64bit pref]
Mar  3 20:11:24 ubuntu kernel: [    3.469364] pci 0000:7d:00.2: BAR 7: assigned [mem 0x121090000-0x1210bffff 64bit pref]
Mar  3 20:11:24 ubuntu kernel: [    3.469368] pci 0000:7d:00.3: BAR 0: assigned [mem 0x1210c0000-0x1210cffff 64bit pref]
Mar  3 20:11:24 ubuntu kernel: [    3.469372] pci 0000:7d:00.3: BAR 7: assigned [mem 0x1210d0000-0x1210fffff 64bit pref]
Mar  3 20:11:24 ubuntu kernel: [    3.469378] pci 0000:7c:00.0: PCI bridge to [bus 7d]
Mar  3 20:11:24 ubuntu kernel: [    3.469382] pci 0000:7c:00.0:   bridge window [mem 0x120000000-0x1210fffff 64bit pref]
Mar  3 20:11:24 ubuntu kernel: [    3.469386] pci_bus 0000:7c: resource 4 [mem 0x120000000-0x13fffffff pref window]
Mar  3 20:11:24 ubuntu kernel: [    3.469390] pci_bus 0000:7d: resource 2 [mem 0x120000000-0x1210fffff 64bit pref]
Mar  3 20:11:24 ubuntu kernel: [    3.469432] ACPI: PCI Root Bridge [PCI5] (domain 0000 [bus 74-76])
Mar  3 20:11:24 ubuntu kernel: [    3.469436] acpi PNP0A08:05: _OSC: OS supports [ExtendedConfig ASPM ClockPM Segments MSI HPX-Type3]
Mar  3 20:11:24 ubuntu kernel: [    3.469530] acpi PNP0A08:05: _OSC: platform does not support [PCIeHotplug SHPCHotplug PME AER LTR]
Mar  3 20:11:24 ubuntu kernel: [    3.469616] acpi PNP0A08:05: _OSC: OS now controls [PCIeCapability]
Mar  3 20:11:24 ubuntu kernel: [    3.470188] acpi PNP0A08:05: ECAM area [mem 0xd7400000-0xd76fffff] reserved by PNP0C02:00
Mar  3 20:11:24 ubuntu kernel: [    3.470203] acpi PNP0A08:05: ECAM at [mem 0xd7400000-0xd76fffff] for [bus 74-76]
Mar  3 20:11:24 ubuntu kernel: [    3.470289] PCI host bridge to bus 0000:74
Mar  3 20:11:24 ubuntu kernel: [    3.470292] pci_bus 0000:74: root bus resource [mem 0x141000000-0x141ffffff pref window]
Mar  3 20:11:24 ubuntu kernel: [    3.470295] pci_bus 0000:74: root bus resource [mem 0x144000000-0x145ffffff pref window]
Mar  3 20:11:24 ubuntu kernel: [    3.470299] pci_bus 0000:74: root bus resource [mem 0xa2000000-0xa2ffffff window]
Mar  3 20:11:24 ubuntu kernel: [    3.470302] pci_bus 0000:74: root bus resource [bus 74-76]
Mar  3 20:11:24 ubuntu kernel: [    3.470309] pci 0000:74:01.0: [19e5:a121] type 01 class 0x060400
Mar  3 20:11:24 ubuntu kernel: [    3.470320] pci 0000:74:01.0: enabling Extended Tags
Mar  3 20:11:24 ubuntu kernel: [    3.470395] pci 0000:74:02.0: [19e5:a230] type 00 class 0x010700
Mar  3 20:11:24 ubuntu kernel: [    3.470405] pci 0000:74:02.0: reg 0x24: [mem 0xa2008000-0xa200ffff]
Mar  3 20:11:24 ubuntu kernel: [    3.470487] pci 0000:74:03.0: [19e5:a235] type 00 class 0x010601
Mar  3 20:11:24 ubuntu kernel: [    3.470500] pci 0000:74:03.0: reg 0x24: [mem 0xa2010000-0xa2010fff]
Mar  3 20:11:24 ubuntu kernel: [    3.470554] pci 0000:74:04.0: [19e5:a230] type 00 class 0x010700
Mar  3 20:11:24 ubuntu kernel: [    3.470563] pci 0000:74:04.0: reg 0x24: [mem 0xa2000000-0xa2007fff]
Mar  3 20:11:24 ubuntu kernel: [    3.470678] pci 0000:75:00.0: [19e5:a255] type 00 class 0x100000
Mar  3 20:11:24 ubuntu kernel: [    3.470687] pci 0000:75:00.0: reg 0x18: [mem 0x144000000-0x1443fffff 64bit pref]
Mar  3 20:11:24 ubuntu kernel: [    3.470712] pci 0000:75:00.0: reg 0x22c: [mem 0x144400000-0x14440ffff 64bit pref]
Mar  3 20:11:24 ubuntu kernel: [    3.470716] pci 0000:75:00.0: VF(n) BAR2 space: [mem 0x144400000-0x1447effff 64bit pref] (contains BAR2 for 63 VFs)
Mar  3 20:11:24 ubuntu kernel: [    3.470814] pci_bus 0000:74: on NUMA node 0
Mar  3 20:11:24 ubuntu kernel: [    3.470818] pci 0000:74:01.0: bridge window [mem 0x00400000-0x007fffff 64bit pref] to [bus 75] add_size 400000 add_align 400000
Mar  3 20:11:24 ubuntu kernel: [    3.470824] pci 0000:74:01.0: BAR 15: assigned [mem 0x141000000-0x1417fffff 64bit pref]
Mar  3 20:11:24 ubuntu kernel: [    3.470827] pci 0000:74:02.0: BAR 5: assigned [mem 0xa2000000-0xa2007fff]
Mar  3 20:11:24 ubuntu kernel: [    3.470831] pci 0000:74:04.0: BAR 5: assigned [mem 0xa2008000-0xa200ffff]
Mar  3 20:11:24 ubuntu kernel: [    3.470834] pci 0000:74:03.0: BAR 5: assigned [mem 0xa2010000-0xa2010fff]
Mar  3 20:11:24 ubuntu kernel: [    3.470839] pci 0000:75:00.0: BAR 2: assigned [mem 0x141000000-0x1413fffff 64bit pref]
Mar  3 20:11:24 ubuntu kernel: [    3.470843] pci 0000:75:00.0: BAR 9: assigned [mem 0x141400000-0x1417effff 64bit pref]
Mar  3 20:11:24 ubuntu kernel: [    3.470847] pci 0000:74:01.0: PCI bridge to [bus 75]
Mar  3 20:11:24 ubuntu kernel: [    3.470851] pci 0000:74:01.0:   bridge window [mem 0x141000000-0x1417fffff 64bit pref]
Mar  3 20:11:24 ubuntu kernel: [    3.470855] pci_bus 0000:74: resource 4 [mem 0x141000000-0x141ffffff pref window]
Mar  3 20:11:24 ubuntu kernel: [    3.470858] pci_bus 0000:74: resource 5 [mem 0x144000000-0x145ffffff pref window]
Mar  3 20:11:24 ubuntu kernel: [    3.470861] pci_bus 0000:74: resource 6 [mem 0xa2000000-0xa2ffffff window]
Mar  3 20:11:24 ubuntu kernel: [    3.470864] pci_bus 0000:75: resource 2 [mem 0x141000000-0x1417fffff 64bit pref]
Mar  3 20:11:24 ubuntu kernel: [    3.470924] ACPI: PCI Root Bridge [PCI6] (domain 0000 [bus 80-9f])
Mar  3 20:11:24 ubuntu kernel: [    3.470929] acpi PNP0A08:06: _OSC: OS supports [ExtendedConfig ASPM ClockPM Segments MSI HPX-Type3]
Mar  3 20:11:24 ubuntu kernel: [    3.471023] acpi PNP0A08:06: _OSC: platform does not support [SHPCHotplug LTR]
Mar  3 20:11:24 ubuntu kernel: [    3.471109] acpi PNP0A08:06: _OSC: OS now controls [PCIeHotplug PME AER PCIeCapability]
