Jul 30 16:06:37 ubuntu kernel: [    0.000000] Booting Linux on physical CPU 0x0000080000 [0x481fd010]
Jul 30 16:06:37 ubuntu kernel: [    0.000000] Linux version 5.7.1 (root@ubuntu) (gcc version 5.5.0 20171010 (Ubuntu/Linaro 5.5.0-12ubuntu1), GNU ld (GNU Binutils for Ubuntu) 2.30) #1 SMP Fri Jul 30 15:28:56 CST 2021
Jul 30 16:06:37 ubuntu kernel: [    0.000000] efi: EFI v2.70 by EDK II
Jul 30 16:06:37 ubuntu kernel: [    0.000000] efi:  ACPI 2.0=0x2fc50000  SMBIOS 3.0=0x2fbf0000  MEMATTR=0x35e93018  ESRT=0x36117b18  MEMRESERVE=0x2fb93018 
Jul 30 16:06:37 ubuntu kernel: [    0.000000] esrt: Reserving ESRT space from 0x0000000036117b18 to 0x0000000036117b50.
Jul 30 16:06:37 ubuntu kernel: [    0.000000] cma: Reserved 32 MiB at 0x000000007e000000
Jul 30 16:06:37 ubuntu kernel: [    0.000000] ACPI: Early table checksum verification disabled
Jul 30 16:06:37 ubuntu kernel: [    0.000000] ACPI: RSDP 0x000000002FC50000 000024 (v02 HISI  )
Jul 30 16:06:37 ubuntu kernel: [    0.000000] ACPI: XSDT 0x000000002FC40000 0000A4 (v01 HISI   HIP08    00000000      01000013)
Jul 30 16:06:37 ubuntu kernel: [    0.000000] ACPI: FACP 0x000000002F790000 000114 (v06 HISI   HIP08    00000000 HISI 20151124)
Jul 30 16:06:37 ubuntu kernel: [    0.000000] ACPI: DSDT 0x000000002F530000 00C441 (v02 HISI   HIP08    00000000 INTL 20181213)
Jul 30 16:06:37 ubuntu kernel: [    0.000000] ACPI: PCCT 0x000000002FC30000 00008A (v01 HISI   HIP08    00000000 HISI 20151124)
Jul 30 16:06:37 ubuntu kernel: [    0.000000] ACPI: SSDT 0x000000002FC20000 00E64A (v02 HISI   HIP07    00000000 INTL 20181213)
Jul 30 16:06:37 ubuntu kernel: [    0.000000] ACPI: BERT 0x000000002FBC0000 000030 (v01 HISI   HIP08    00000000 HISI 20151124)
Jul 30 16:06:37 ubuntu kernel: [    0.000000] ACPI: HEST 0x000000002FBA0000 00058C (v01 HISI   HIP08    00000000 HISI 20151124)
Jul 30 16:06:37 ubuntu kernel: [    0.000000] ACPI: ERST 0x000000002FB60000 000230 (v01 HISI   HIP08    00000000 HISI 20151124)
Jul 30 16:06:37 ubuntu kernel: [    0.000000] ACPI: EINJ 0x000000002FB50000 000170 (v01 HISI   HIP08    00000000 HISI 20151124)
Jul 30 16:06:37 ubuntu kernel: [    0.000000] ACPI: GTDT 0x000000002F590000 00007C (v02 HISI   HIP08    00000000 HISI 20151124)
Jul 30 16:06:37 ubuntu kernel: [    0.000000] ACPI: MCFG 0x000000002F580000 00003C (v01 HISI   HIP08    00000000 HISI 20151124)
Jul 30 16:06:37 ubuntu kernel: [    0.000000] ACPI: SLIT 0x000000002F570000 00003C (v01 HISI   HIP08    00000000 HISI 20151124)
Jul 30 16:06:37 ubuntu kernel: [    0.000000] ACPI: SRAT 0x000000002F560000 0007D0 (v03 HISI   HIP08    00000000 HISI 20151124)
Jul 30 16:06:37 ubuntu kernel: [    0.000000] ACPI: SDEI 0x000000002F550000 000030 (v01 HISI   HIP08    00000000 HISI 20151124)
Jul 30 16:06:37 ubuntu kernel: [    0.000000] ACPI: APIC 0x000000002F540000 001E6C (v04 HISI   HIP08    00000000 HISI 20151124)
Jul 30 16:06:37 ubuntu kernel: [    0.000000] ACPI: IORT 0x000000002F520000 001678 (v00 HISI   HIP08    00000000 INTL 20181213)
Jul 30 16:06:37 ubuntu kernel: [    0.000000] ACPI: PPTT 0x000000002ECE0000 0031B0 (v01 HISI   HIP08    00000000 HISI 20151124)
Jul 30 16:06:37 ubuntu kernel: [    0.000000] ACPI: SPMI 0x000000002ECD0000 000041 (v05 HISI   HIP08    00000000 HISI 20151124)
Jul 30 16:06:37 ubuntu kernel: [    0.000000] ACPI: SRAT: Node 0 PXM 0 [mem 0x2080000000-0x27ffffffff]
Jul 30 16:06:37 ubuntu kernel: [    0.000000] ACPI: SRAT: Node 1 PXM 1 [mem 0x2800000000-0x2fffffffff]
Jul 30 16:06:37 ubuntu kernel: [    0.000000] ACPI: SRAT: Node 0 PXM 0 [mem 0x00000000-0x7fffffff]
Jul 30 16:06:37 ubuntu kernel: [    0.000000] ACPI: SRAT: Node 2 PXM 2 [mem 0x202000000000-0x2027ffffffff]
Jul 30 16:06:37 ubuntu kernel: [    0.000000] ACPI: SRAT: Node 3 PXM 3 [mem 0x202800000000-0x202fffffffff]
Jul 30 16:06:37 ubuntu kernel: [    0.000000] NUMA: NODE_DATA [mem 0x27ffffc300-0x27ffffffff]
Jul 30 16:06:37 ubuntu kernel: [    0.000000] NUMA: NODE_DATA [mem 0x2fffffc300-0x2fffffffff]
Jul 30 16:06:37 ubuntu kernel: [    0.000000] NUMA: NODE_DATA [mem 0x2027ffffc300-0x2027ffffffff]
Jul 30 16:06:37 ubuntu kernel: [    0.000000] NUMA: NODE_DATA [mem 0x202feffff300-0x202ff0002fff]
Jul 30 16:06:37 ubuntu kernel: [    0.000000] Zone ranges:
Jul 30 16:06:37 ubuntu kernel: [    0.000000]   DMA      [mem 0x0000000000000000-0x000000003fffffff]
Jul 30 16:06:37 ubuntu kernel: [    0.000000]   DMA32    [mem 0x0000000040000000-0x00000000ffffffff]
Jul 30 16:06:37 ubuntu kernel: [    0.000000]   Normal   [mem 0x0000000100000000-0x0000202fffffffff]
Jul 30 16:06:37 ubuntu kernel: [    0.000000] Movable zone start for each node
Jul 30 16:06:37 ubuntu kernel: [    0.000000] Early memory node ranges
Jul 30 16:06:37 ubuntu kernel: [    0.000000]   node   0: [mem 0x0000000000000000-0x000000000000ffff]
Jul 30 16:06:37 ubuntu kernel: [    0.000000]   node   0: [mem 0x0000000000010000-0x000000002e501fff]
Jul 30 16:06:37 ubuntu kernel: [    0.000000]   node   0: [mem 0x000000002e502000-0x000000002eccffff]
Jul 30 16:06:37 ubuntu kernel: [    0.000000]   node   0: [mem 0x000000002ecd0000-0x000000002f59ffff]
Jul 30 16:06:37 ubuntu kernel: [    0.000000]   node   0: [mem 0x000000002f5a0000-0x000000002f78ffff]
Jul 30 16:06:37 ubuntu kernel: [    0.000000]   node   0: [mem 0x000000002f790000-0x000000002f79ffff]
Jul 30 16:06:37 ubuntu kernel: [    0.000000]   node   0: [mem 0x000000002f7a0000-0x000000002f87ffff]
Jul 30 16:06:37 ubuntu kernel: [    0.000000]   node   0: [mem 0x000000002f880000-0x000000002f8bffff]
Jul 30 16:06:37 ubuntu kernel: [    0.000000]   node   0: [mem 0x000000002f8c0000-0x000000002f95ffff]
Jul 30 16:06:37 ubuntu kernel: [    0.000000]   node   0: [mem 0x000000002f960000-0x000000002f97ffff]
Jul 30 16:06:37 ubuntu kernel: [    0.000000]   node   0: [mem 0x000000002f980000-0x000000002fabffff]
Jul 30 16:06:37 ubuntu kernel: [    0.000000]   node   0: [mem 0x000000002fac0000-0x000000002fb6ffff]
Jul 30 16:06:37 ubuntu kernel: [    0.000000]   node   0: [mem 0x000000002fb70000-0x000000002fb71fff]
Jul 30 16:06:37 ubuntu kernel: [    0.000000]   node   0: [mem 0x000000002fb72000-0x000000002fb7ffff]
Jul 30 16:06:37 ubuntu kernel: [    0.000000]   node   0: [mem 0x000000002fb80000-0x000000002fb80fff]
Jul 30 16:06:37 ubuntu kernel: [    0.000000]   node   0: [mem 0x000000002fb81000-0x000000002fb8ffff]
Jul 30 16:06:37 ubuntu kernel: [    0.000000]   node   0: [mem 0x000000002fb90000-0x000000002fb91fff]
Jul 30 16:06:37 ubuntu kernel: [    0.000000]   node   0: [mem 0x000000002fb92000-0x000000002fbaffff]
Jul 30 16:06:37 ubuntu kernel: [    0.000000]   node   0: [mem 0x000000002fbb0000-0x000000002fbb1fff]
Jul 30 16:06:37 ubuntu kernel: [    0.000000]   node   0: [mem 0x000000002fbb2000-0x000000002fbcffff]
Jul 30 16:06:37 ubuntu kernel: [    0.000000]   node   0: [mem 0x000000002fbd0000-0x000000002fbd0fff]
Jul 30 16:06:37 ubuntu kernel: [    0.000000]   node   0: [mem 0x000000002fbd1000-0x000000002fbdffff]
Jul 30 16:06:37 ubuntu kernel: [    0.000000]   node   0: [mem 0x000000002fbe0000-0x000000002fbfffff]
Jul 30 16:06:37 ubuntu kernel: [    0.000000]   node   0: [mem 0x000000002fc00000-0x000000002fc5ffff]
Jul 30 16:06:37 ubuntu kernel: [    0.000000]   node   0: [mem 0x000000002fc60000-0x000000002fe5ffff]
Jul 30 16:06:37 ubuntu kernel: [    0.000000]   node   0: [mem 0x000000002fe60000-0x000000002fe60fff]
Jul 30 16:06:37 ubuntu kernel: [    0.000000]   node   0: [mem 0x000000002fe61000-0x000000002fe64fff]
Jul 30 16:06:37 ubuntu kernel: [    0.000000]   node   0: [mem 0x000000002fe65000-0x000000002fe6afff]
Jul 30 16:06:37 ubuntu kernel: [    0.000000]   node   0: [mem 0x000000002fe6b000-0x000000002fe6bfff]
Jul 30 16:06:37 ubuntu kernel: [    0.000000]   node   0: [mem 0x000000002fe6c000-0x000000003f02ffff]
Jul 30 16:06:37 ubuntu kernel: [    0.000000]   node   0: [mem 0x000000003f030000-0x000000003f05ffff]
Jul 30 16:06:37 ubuntu kernel: [    0.000000]   node   0: [mem 0x000000003f060000-0x000000003fbfffff]
Jul 30 16:06:37 ubuntu kernel: [    0.000000]   node   0: [mem 0x0000000040000000-0x0000000043ffffff]
Jul 30 16:06:37 ubuntu kernel: [    0.000000]   node   0: [mem 0x0000000044030000-0x000000004fffffff]
Jul 30 16:06:37 ubuntu kernel: [    0.000000]   node   0: [mem 0x0000000050000000-0x000000007fffffff]
Jul 30 16:06:37 ubuntu kernel: [    0.000000]   node   0: [mem 0x0000002080000000-0x00000027ffffffff]
Jul 30 16:06:37 ubuntu kernel: [    0.000000]   node   1: [mem 0x0000002800000000-0x0000002fffffffff]
Jul 30 16:06:37 ubuntu kernel: [    0.000000]   node   2: [mem 0x0000202000000000-0x00002027ffffffff]
Jul 30 16:06:37 ubuntu kernel: [    0.000000]   node   3: [mem 0x0000202800000000-0x0000202fffffffff]
Jul 30 16:06:37 ubuntu kernel: [    0.000000] Zeroed struct page in unavailable ranges: 814 pages
Jul 30 16:06:37 ubuntu kernel: [    0.000000] Initmem setup node 0 [mem 0x0000000000000000-0x00000027ffffffff]
Jul 30 16:06:37 ubuntu kernel: [    0.000000] On node 0 totalpages: 8387536
Jul 30 16:06:37 ubuntu kernel: [    0.000000]   DMA zone: 5120 pages used for memmap
Jul 30 16:06:37 ubuntu kernel: [    0.000000]   DMA zone: 0 pages reserved
Jul 30 16:06:37 ubuntu kernel: [    0.000000]   DMA zone: 261120 pages, LIFO batch:63
Jul 30 16:06:37 ubuntu kernel: [    0.000000]   DMA32 zone: 5120 pages used for memmap
Jul 30 16:06:37 ubuntu kernel: [    0.000000]   DMA32 zone: 262096 pages, LIFO batch:63
Jul 30 16:06:37 ubuntu kernel: [    0.000000]   Normal zone: 153600 pages used for memmap
Jul 30 16:06:37 ubuntu kernel: [    0.000000]   Normal zone: 7864320 pages, LIFO batch:63
Jul 30 16:06:37 ubuntu kernel: [    0.000000] Initmem setup node 1 [mem 0x0000002800000000-0x0000002fffffffff]
Jul 30 16:06:37 ubuntu kernel: [    0.000000] On node 1 totalpages: 8388608
Jul 30 16:06:37 ubuntu kernel: [    0.000000]   Normal zone: 163840 pages used for memmap
Jul 30 16:06:37 ubuntu kernel: [    0.000000]   Normal zone: 8388608 pages, LIFO batch:63
Jul 30 16:06:37 ubuntu kernel: [    0.000000] Initmem setup node 2 [mem 0x0000202000000000-0x00002027ffffffff]
Jul 30 16:06:37 ubuntu kernel: [    0.000000] On node 2 totalpages: 8388608
Jul 30 16:06:37 ubuntu kernel: [    0.000000]   Normal zone: 163840 pages used for memmap
Jul 30 16:06:37 ubuntu kernel: [    0.000000]   Normal zone: 8388608 pages, LIFO batch:63
Jul 30 16:06:37 ubuntu kernel: [    0.000000] Initmem setup node 3 [mem 0x0000202800000000-0x0000202fffffffff]
Jul 30 16:06:37 ubuntu kernel: [    0.000000] On node 3 totalpages: 8388608
Jul 30 16:06:37 ubuntu kernel: [    0.000000]   Normal zone: 163840 pages used for memmap
Jul 30 16:06:37 ubuntu kernel: [    0.000000]   Normal zone: 8388608 pages, LIFO batch:63
Jul 30 16:06:37 ubuntu kernel: [    0.000000] psci: probing for conduit method from ACPI.
Jul 30 16:06:37 ubuntu kernel: [    0.000000] psci: PSCIv1.1 detected in firmware.
Jul 30 16:06:37 ubuntu kernel: [    0.000000] psci: Using standard PSCI v0.2 function IDs
Jul 30 16:06:37 ubuntu kernel: [    0.000000] psci: MIGRATE_INFO_TYPE not supported.
Jul 30 16:06:37 ubuntu kernel: [    0.000000] psci: SMC Calling Convention v1.1
Jul 30 16:06:37 ubuntu kernel: [    0.000000] ACPI: NUMA: SRAT: PXM 0 -> MPIDR 0x80000 -> Node 0
Jul 30 16:06:37 ubuntu kernel: [    0.000000] ACPI: NUMA: SRAT: PXM 0 -> MPIDR 0x80100 -> Node 0
Jul 30 16:06:37 ubuntu kernel: [    0.000000] ACPI: NUMA: SRAT: PXM 0 -> MPIDR 0x80200 -> Node 0
Jul 30 16:06:37 ubuntu kernel: [    0.000000] ACPI: NUMA: SRAT: PXM 0 -> MPIDR 0x80300 -> Node 0
Jul 30 16:06:37 ubuntu kernel: [    0.000000] ACPI: NUMA: SRAT: PXM 0 -> MPIDR 0x90000 -> Node 0
Jul 30 16:06:37 ubuntu kernel: [    0.000000] ACPI: NUMA: SRAT: PXM 0 -> MPIDR 0x90100 -> Node 0
Jul 30 16:06:37 ubuntu kernel: [    0.000000] ACPI: NUMA: SRAT: PXM 0 -> MPIDR 0x90200 -> Node 0
Jul 30 16:06:37 ubuntu kernel: [    0.000000] ACPI: NUMA: SRAT: PXM 0 -> MPIDR 0x90300 -> Node 0
Jul 30 16:06:37 ubuntu kernel: [    0.000000] ACPI: NUMA: SRAT: PXM 0 -> MPIDR 0xa0000 -> Node 0
Jul 30 16:06:37 ubuntu kernel: [    0.000000] ACPI: NUMA: SRAT: PXM 0 -> MPIDR 0xa0100 -> Node 0
Jul 30 16:06:37 ubuntu kernel: [    0.000000] ACPI: NUMA: SRAT: PXM 0 -> MPIDR 0xa0200 -> Node 0
Jul 30 16:06:37 ubuntu kernel: [    0.000000] ACPI: NUMA: SRAT: PXM 0 -> MPIDR 0xa0300 -> Node 0
Jul 30 16:06:37 ubuntu kernel: [    0.000000] ACPI: NUMA: SRAT: PXM 0 -> MPIDR 0xb0000 -> Node 0
Jul 30 16:06:37 ubuntu kernel: [    0.000000] ACPI: NUMA: SRAT: PXM 0 -> MPIDR 0xb0100 -> Node 0
Jul 30 16:06:37 ubuntu kernel: [    0.000000] ACPI: NUMA: SRAT: PXM 0 -> MPIDR 0xb0200 -> Node 0
Jul 30 16:06:37 ubuntu kernel: [    0.000000] ACPI: NUMA: SRAT: PXM 0 -> MPIDR 0xb0300 -> Node 0
Jul 30 16:06:37 ubuntu kernel: [    0.000000] ACPI: NUMA: SRAT: PXM 0 -> MPIDR 0xc0000 -> Node 0
Jul 30 16:06:37 ubuntu kernel: [    0.000000] ACPI: NUMA: SRAT: PXM 0 -> MPIDR 0xc0100 -> Node 0
Jul 30 16:06:37 ubuntu kernel: [    0.000000] ACPI: NUMA: SRAT: PXM 0 -> MPIDR 0xc0200 -> Node 0
Jul 30 16:06:37 ubuntu kernel: [    0.000000] ACPI: NUMA: SRAT: PXM 0 -> MPIDR 0xc0300 -> Node 0
Jul 30 16:06:37 ubuntu kernel: [    0.000000] ACPI: NUMA: SRAT: PXM 0 -> MPIDR 0xd0000 -> Node 0
Jul 30 16:06:37 ubuntu kernel: [    0.000000] ACPI: NUMA: SRAT: PXM 0 -> MPIDR 0xd0100 -> Node 0
Jul 30 16:06:37 ubuntu kernel: [    0.000000] ACPI: NUMA: SRAT: PXM 0 -> MPIDR 0xd0200 -> Node 0
Jul 30 16:06:37 ubuntu kernel: [    0.000000] ACPI: NUMA: SRAT: PXM 0 -> MPIDR 0xd0300 -> Node 0
Jul 30 16:06:37 ubuntu kernel: [    0.000000] ACPI: NUMA: SRAT: PXM 1 -> MPIDR 0x180000 -> Node 1
Jul 30 16:06:37 ubuntu kernel: [    0.000000] ACPI: NUMA: SRAT: PXM 1 -> MPIDR 0x180100 -> Node 1
Jul 30 16:06:37 ubuntu kernel: [    0.000000] ACPI: NUMA: SRAT: PXM 1 -> MPIDR 0x180200 -> Node 1
Jul 30 16:06:37 ubuntu kernel: [    0.000000] ACPI: NUMA: SRAT: PXM 1 -> MPIDR 0x180300 -> Node 1
Jul 30 16:06:37 ubuntu kernel: [    0.000000] ACPI: NUMA: SRAT: PXM 1 -> MPIDR 0x190000 -> Node 1
Jul 30 16:06:37 ubuntu kernel: [    0.000000] ACPI: NUMA: SRAT: PXM 1 -> MPIDR 0x190100 -> Node 1
Jul 30 16:06:37 ubuntu kernel: [    0.000000] ACPI: NUMA: SRAT: PXM 1 -> MPIDR 0x190200 -> Node 1
Jul 30 16:06:37 ubuntu kernel: [    0.000000] ACPI: NUMA: SRAT: PXM 1 -> MPIDR 0x190300 -> Node 1
Jul 30 16:06:37 ubuntu kernel: [    0.000000] ACPI: NUMA: SRAT: PXM 1 -> MPIDR 0x1a0000 -> Node 1
Jul 30 16:06:37 ubuntu kernel: [    0.000000] ACPI: NUMA: SRAT: PXM 1 -> MPIDR 0x1a0100 -> Node 1
Jul 30 16:06:37 ubuntu kernel: [    0.000000] ACPI: NUMA: SRAT: PXM 1 -> MPIDR 0x1a0200 -> Node 1
Jul 30 16:06:37 ubuntu kernel: [    0.000000] ACPI: NUMA: SRAT: PXM 1 -> MPIDR 0x1a0300 -> Node 1
Jul 30 16:06:37 ubuntu kernel: [    0.000000] ACPI: NUMA: SRAT: PXM 1 -> MPIDR 0x1b0000 -> Node 1
Jul 30 16:06:37 ubuntu kernel: [    0.000000] ACPI: NUMA: SRAT: PXM 1 -> MPIDR 0x1b0100 -> Node 1
Jul 30 16:06:37 ubuntu kernel: [    0.000000] ACPI: NUMA: SRAT: PXM 1 -> MPIDR 0x1b0200 -> Node 1
Jul 30 16:06:37 ubuntu kernel: [    0.000000] ACPI: NUMA: SRAT: PXM 1 -> MPIDR 0x1b0300 -> Node 1
Jul 30 16:06:37 ubuntu kernel: [    0.000000] ACPI: NUMA: SRAT: PXM 1 -> MPIDR 0x1c0000 -> Node 1
Jul 30 16:06:37 ubuntu kernel: [    0.000000] ACPI: NUMA: SRAT: PXM 1 -> MPIDR 0x1c0100 -> Node 1
Jul 30 16:06:37 ubuntu kernel: [    0.000000] ACPI: NUMA: SRAT: PXM 1 -> MPIDR 0x1c0200 -> Node 1
Jul 30 16:06:37 ubuntu kernel: [    0.000000] ACPI: NUMA: SRAT: PXM 1 -> MPIDR 0x1c0300 -> Node 1
Jul 30 16:06:37 ubuntu kernel: [    0.000000] ACPI: NUMA: SRAT: PXM 1 -> MPIDR 0x1d0000 -> Node 1
Jul 30 16:06:37 ubuntu kernel: [    0.000000] ACPI: NUMA: SRAT: PXM 1 -> MPIDR 0x1d0100 -> Node 1
Jul 30 16:06:37 ubuntu kernel: [    0.000000] ACPI: NUMA: SRAT: PXM 1 -> MPIDR 0x1d0200 -> Node 1
Jul 30 16:06:37 ubuntu kernel: [    0.000000] ACPI: NUMA: SRAT: PXM 1 -> MPIDR 0x1d0300 -> Node 1
Jul 30 16:06:37 ubuntu kernel: [    0.000000] ACPI: NUMA: SRAT: PXM 2 -> MPIDR 0x280000 -> Node 2
Jul 30 16:06:37 ubuntu kernel: [    0.000000] ACPI: NUMA: SRAT: PXM 2 -> MPIDR 0x280100 -> Node 2
Jul 30 16:06:37 ubuntu kernel: [    0.000000] ACPI: NUMA: SRAT: PXM 2 -> MPIDR 0x280200 -> Node 2
Jul 30 16:06:37 ubuntu kernel: [    0.000000] ACPI: NUMA: SRAT: PXM 2 -> MPIDR 0x280300 -> Node 2
Jul 30 16:06:37 ubuntu kernel: [    0.000000] ACPI: NUMA: SRAT: PXM 2 -> MPIDR 0x290000 -> Node 2
Jul 30 16:06:37 ubuntu kernel: [    0.000000] ACPI: NUMA: SRAT: PXM 2 -> MPIDR 0x290100 -> Node 2
Jul 30 16:06:37 ubuntu kernel: [    0.000000] ACPI: NUMA: SRAT: PXM 2 -> MPIDR 0x290200 -> Node 2
Jul 30 16:06:37 ubuntu kernel: [    0.000000] ACPI: NUMA: SRAT: PXM 2 -> MPIDR 0x290300 -> Node 2
Jul 30 16:06:37 ubuntu kernel: [    0.000000] ACPI: NUMA: SRAT: PXM 2 -> MPIDR 0x2a0000 -> Node 2
Jul 30 16:06:37 ubuntu kernel: [    0.000000] ACPI: NUMA: SRAT: PXM 2 -> MPIDR 0x2a0100 -> Node 2
Jul 30 16:06:37 ubuntu kernel: [    0.000000] ACPI: NUMA: SRAT: PXM 2 -> MPIDR 0x2a0200 -> Node 2
Jul 30 16:06:37 ubuntu kernel: [    0.000000] ACPI: NUMA: SRAT: PXM 2 -> MPIDR 0x2a0300 -> Node 2
Jul 30 16:06:37 ubuntu kernel: [    0.000000] ACPI: NUMA: SRAT: PXM 2 -> MPIDR 0x2b0000 -> Node 2
Jul 30 16:06:37 ubuntu kernel: [    0.000000] ACPI: NUMA: SRAT: PXM 2 -> MPIDR 0x2b0100 -> Node 2
Jul 30 16:06:37 ubuntu kernel: [    0.000000] ACPI: NUMA: SRAT: PXM 2 -> MPIDR 0x2b0200 -> Node 2
Jul 30 16:06:37 ubuntu kernel: [    0.000000] ACPI: NUMA: SRAT: PXM 2 -> MPIDR 0x2b0300 -> Node 2
Jul 30 16:06:37 ubuntu kernel: [    0.000000] ACPI: NUMA: SRAT: PXM 2 -> MPIDR 0x2c0000 -> Node 2
Jul 30 16:06:37 ubuntu kernel: [    0.000000] ACPI: NUMA: SRAT: PXM 2 -> MPIDR 0x2c0100 -> Node 2
Jul 30 16:06:37 ubuntu kernel: [    0.000000] ACPI: NUMA: SRAT: PXM 2 -> MPIDR 0x2c0200 -> Node 2
Jul 30 16:06:37 ubuntu kernel: [    0.000000] ACPI: NUMA: SRAT: PXM 2 -> MPIDR 0x2c0300 -> Node 2
Jul 30 16:06:37 ubuntu kernel: [    0.000000] ACPI: NUMA: SRAT: PXM 2 -> MPIDR 0x2d0000 -> Node 2
Jul 30 16:06:37 ubuntu kernel: [    0.000000] ACPI: NUMA: SRAT: PXM 2 -> MPIDR 0x2d0100 -> Node 2
Jul 30 16:06:37 ubuntu kernel: [    0.000000] ACPI: NUMA: SRAT: PXM 2 -> MPIDR 0x2d0200 -> Node 2
Jul 30 16:06:37 ubuntu kernel: [    0.000000] ACPI: NUMA: SRAT: PXM 2 -> MPIDR 0x2d0300 -> Node 2
Jul 30 16:06:37 ubuntu kernel: [    0.000000] ACPI: NUMA: SRAT: PXM 3 -> MPIDR 0x380000 -> Node 3
Jul 30 16:06:37 ubuntu kernel: [    0.000000] ACPI: NUMA: SRAT: PXM 3 -> MPIDR 0x380100 -> Node 3
Jul 30 16:06:37 ubuntu kernel: [    0.000000] ACPI: NUMA: SRAT: PXM 3 -> MPIDR 0x380200 -> Node 3
Jul 30 16:06:37 ubuntu kernel: [    0.000000] ACPI: NUMA: SRAT: PXM 3 -> MPIDR 0x380300 -> Node 3
Jul 30 16:06:37 ubuntu kernel: [    0.000000] ACPI: NUMA: SRAT: PXM 3 -> MPIDR 0x390000 -> Node 3
Jul 30 16:06:37 ubuntu kernel: [    0.000000] ACPI: NUMA: SRAT: PXM 3 -> MPIDR 0x390100 -> Node 3
Jul 30 16:06:37 ubuntu kernel: [    0.000000] ACPI: NUMA: SRAT: PXM 3 -> MPIDR 0x390200 -> Node 3
Jul 30 16:06:37 ubuntu kernel: [    0.000000] ACPI: NUMA: SRAT: PXM 3 -> MPIDR 0x390300 -> Node 3
Jul 30 16:06:37 ubuntu kernel: [    0.000000] ACPI: NUMA: SRAT: PXM 3 -> MPIDR 0x3a0000 -> Node 3
Jul 30 16:06:37 ubuntu kernel: [    0.000000] ACPI: NUMA: SRAT: PXM 3 -> MPIDR 0x3a0100 -> Node 3
Jul 30 16:06:37 ubuntu kernel: [    0.000000] ACPI: NUMA: SRAT: PXM 3 -> MPIDR 0x3a0200 -> Node 3
Jul 30 16:06:37 ubuntu kernel: [    0.000000] ACPI: NUMA: SRAT: PXM 3 -> MPIDR 0x3a0300 -> Node 3
Jul 30 16:06:37 ubuntu kernel: [    0.000000] ACPI: NUMA: SRAT: PXM 3 -> MPIDR 0x3b0000 -> Node 3
Jul 30 16:06:37 ubuntu kernel: [    0.000000] ACPI: NUMA: SRAT: PXM 3 -> MPIDR 0x3b0100 -> Node 3
Jul 30 16:06:37 ubuntu kernel: [    0.000000] ACPI: NUMA: SRAT: PXM 3 -> MPIDR 0x3b0200 -> Node 3
Jul 30 16:06:37 ubuntu kernel: [    0.000000] ACPI: NUMA: SRAT: PXM 3 -> MPIDR 0x3b0300 -> Node 3
Jul 30 16:06:37 ubuntu kernel: [    0.000000] ACPI: NUMA: SRAT: PXM 3 -> MPIDR 0x3c0000 -> Node 3
Jul 30 16:06:37 ubuntu kernel: [    0.000000] ACPI: NUMA: SRAT: PXM 3 -> MPIDR 0x3c0100 -> Node 3
Jul 30 16:06:37 ubuntu kernel: [    0.000000] ACPI: NUMA: SRAT: PXM 3 -> MPIDR 0x3c0200 -> Node 3
Jul 30 16:06:37 ubuntu kernel: [    0.000000] ACPI: NUMA: SRAT: PXM 3 -> MPIDR 0x3c0300 -> Node 3
Jul 30 16:06:37 ubuntu kernel: [    0.000000] ACPI: NUMA: SRAT: PXM 3 -> MPIDR 0x3d0000 -> Node 3
Jul 30 16:06:37 ubuntu kernel: [    0.000000] ACPI: NUMA: SRAT: PXM 3 -> MPIDR 0x3d0100 -> Node 3
Jul 30 16:06:37 ubuntu kernel: [    0.000000] ACPI: NUMA: SRAT: PXM 3 -> MPIDR 0x3d0200 -> Node 3
Jul 30 16:06:37 ubuntu kernel: [    0.000000] ACPI: NUMA: SRAT: PXM 3 -> MPIDR 0x3d0300 -> Node 3
Jul 30 16:06:37 ubuntu kernel: [    0.000000] percpu: Embedded 33 pages/cpu s94616 r8192 d32360 u135168
Jul 30 16:06:37 ubuntu kernel: [    0.000000] pcpu-alloc: s94616 r8192 d32360 u135168 alloc=33*4096
Jul 30 16:06:37 ubuntu kernel: [    0.000000] pcpu-alloc: [0] 00 [0] 01 [0] 02 [0] 03 [0] 04 [0] 05 [0] 06 [0] 07 
Jul 30 16:06:37 ubuntu kernel: [    0.000000] pcpu-alloc: [0] 08 [0] 09 [0] 10 [0] 11 [0] 12 [0] 13 [0] 14 [0] 15 
Jul 30 16:06:37 ubuntu kernel: [    0.000000] pcpu-alloc: [0] 16 [0] 17 [0] 18 [0] 19 [0] 20 [0] 21 [0] 22 [0] 23 
Jul 30 16:06:37 ubuntu kernel: [    0.000000] pcpu-alloc: [1] 24 [1] 25 [1] 26 [1] 27 [1] 28 [1] 29 [1] 30 [1] 31 
Jul 30 16:06:37 ubuntu kernel: [    0.000000] pcpu-alloc: [1] 32 [1] 33 [1] 34 [1] 35 [1] 36 [1] 37 [1] 38 [1] 39 
Jul 30 16:06:37 ubuntu kernel: [    0.000000] pcpu-alloc: [1] 40 [1] 41 [1] 42 [1] 43 [1] 44 [1] 45 [1] 46 [1] 47 
Jul 30 16:06:37 ubuntu kernel: [    0.000000] pcpu-alloc: [2] 48 [2] 49 [2] 50 [2] 51 [2] 52 [2] 53 [2] 54 [2] 55 
Jul 30 16:06:37 ubuntu kernel: [    0.000000] pcpu-alloc: [2] 56 [2] 57 [2] 58 [2] 59 [2] 60 [2] 61 [2] 62 [2] 63 
Jul 30 16:06:37 ubuntu kernel: [    0.000000] pcpu-alloc: [2] 64 [2] 65 [2] 66 [2] 67 [2] 68 [2] 69 [2] 70 [2] 71 
Jul 30 16:06:37 ubuntu kernel: [    0.000000] pcpu-alloc: [3] 72 [3] 73 [3] 74 [3] 75 [3] 76 [3] 77 [3] 78 [3] 79 
Jul 30 16:06:37 ubuntu kernel: [    0.000000] pcpu-alloc: [3] 80 [3] 81 [3] 82 [3] 83 [3] 84 [3] 85 [3] 86 [3] 87 
Jul 30 16:06:37 ubuntu kernel: [    0.000000] pcpu-alloc: [3] 88 [3] 89 [3] 90 [3] 91 [3] 92 [3] 93 [3] 94 [3] 95 
Jul 30 16:06:37 ubuntu kernel: [    0.000000] Detected VIPT I-cache on CPU0
Jul 30 16:06:37 ubuntu kernel: [    0.000000] CPU features: detected: GIC system register CPU interface
Jul 30 16:06:37 ubuntu kernel: [    0.000000] CPU features: detected: Virtualization Host Extensions
Jul 30 16:06:37 ubuntu kernel: [    0.000000] CPU features: detected: Hardware dirty bit management
Jul 30 16:06:37 ubuntu kernel: [    0.000000] alternatives: patching kernel code
Jul 30 16:06:37 ubuntu kernel: [    0.000000] Built 4 zonelists, mobility grouping on.  Total pages: 32898000
Jul 30 16:06:37 ubuntu kernel: [    0.000000] Policy zone: Normal
Jul 30 16:06:37 ubuntu kernel: [    0.000000] Kernel command line: BOOT_IMAGE=/boot/vmlinuz-5.7.1 root=UUID=87f15ea3-75f7-4c9d-add6-30cc3fc19001 ro text
Jul 30 16:06:37 ubuntu kernel: [    0.000000] printk: log_buf_len individual max cpu contribution: 4096 bytes
Jul 30 16:06:37 ubuntu kernel: [    0.000000] printk: log_buf_len total cpu_extra contributions: 389120 bytes
Jul 30 16:06:37 ubuntu kernel: [    0.000000] printk: log_buf_len min size: 262144 bytes
Jul 30 16:06:37 ubuntu kernel: [    0.000000] printk: log_buf_len: 1048576 bytes
Jul 30 16:06:37 ubuntu kernel: [    0.000000] printk: early log buf free: 245788(93%)
Jul 30 16:06:37 ubuntu kernel: [    0.000000] mem auto-init: stack:off, heap alloc:on, heap free:off
Jul 30 16:06:37 ubuntu kernel: [    0.000000] software IO TLB: mapped [mem 0x3b030000-0x3f030000] (64MB)
Jul 30 16:06:37 ubuntu kernel: [    0.000000] Memory: 130842212K/134213440K available (14140K kernel code, 2356K rwdata, 6884K rodata, 7040K init, 1134K bss, 3338460K reserved, 32768K cma-reserved)
Jul 30 16:06:37 ubuntu kernel: [    0.000000] random: get_random_u64 called from __kmem_cache_create+0x5c/0x5d8 with crng_init=0
Jul 30 16:06:37 ubuntu kernel: [    0.000000] SLUB: HWalign=64, Order=0-3, MinObjects=0, CPUs=96, Nodes=4
Jul 30 16:06:37 ubuntu kernel: [    0.000000] ftrace: allocating 46053 entries in 180 pages
Jul 30 16:06:37 ubuntu kernel: [    0.000000] ftrace: allocated 180 pages with 4 groups
Jul 30 16:06:37 ubuntu kernel: [    0.000000] rcu: Hierarchical RCU implementation.
Jul 30 16:06:37 ubuntu kernel: [    0.000000] rcu: 	RCU restricting CPUs from NR_CPUS=256 to nr_cpu_ids=96.
Jul 30 16:06:37 ubuntu kernel: [    0.000000] 	Tasks RCU enabled.
Jul 30 16:06:37 ubuntu kernel: [    0.000000] rcu: RCU calculated value of scheduler-enlistment delay is 25 jiffies.
Jul 30 16:06:37 ubuntu kernel: [    0.000000] rcu: Adjusting geometry for rcu_fanout_leaf=16, nr_cpu_ids=96
Jul 30 16:06:37 ubuntu kernel: [    0.000000] NR_IRQS: 64, nr_irqs: 64, preallocated irqs: 0
Jul 30 16:06:37 ubuntu kernel: [    0.000000] GICv3: GIC: Using split EOI/Deactivate mode
Jul 30 16:06:37 ubuntu kernel: [    0.000000] GICv3: 640 SPIs implemented
Jul 30 16:06:37 ubuntu kernel: [    0.000000] GICv3: 0 Extended SPIs implemented
Jul 30 16:06:37 ubuntu kernel: [    0.000000] GICv3: Distributor has no Range Selector support
Jul 30 16:06:37 ubuntu kernel: [    0.000000] GICv3: 16 PPIs implemented
Jul 30 16:06:37 ubuntu kernel: [    0.000000] GICv3: GICv4 features: DirectLPI 
Jul 30 16:06:37 ubuntu kernel: [    0.000000] GICv3: CPU0: found redistributor 80000 region 0:0x00000000ae100000
Jul 30 16:06:37 ubuntu kernel: [    0.000000] SRAT: PXM 0 -> ITS 0 -> Node 0
Jul 30 16:06:37 ubuntu kernel: [    0.000000] SRAT: PXM 2 -> ITS 1 -> Node 2
Jul 30 16:06:37 ubuntu kernel: [    0.000000] ITS [mem 0x202100000-0x20211ffff]
Jul 30 16:06:37 ubuntu kernel: [    0.000000] ITS@0x0000000202100000: Using ITS number 0
Jul 30 16:06:37 ubuntu kernel: [    0.000000] ITS@0x0000000202100000: allocated 65536 Devices @27ffb80000 (flat, esz 8, psz 16K, shr 1)
Jul 30 16:06:37 ubuntu kernel: [    0.000000] ITS@0x0000000202100000: allocated 65536 Virtual CPUs @27ff000000 (flat, esz 16, psz 4K, shr 1)
Jul 30 16:06:37 ubuntu kernel: [    0.000000] ITS@0x0000000202100000: allocated 256 Interrupt Collections @27ffb10000 (flat, esz 16, psz 4K, shr 1)
Jul 30 16:06:37 ubuntu kernel: [    0.000000] ITS [mem 0x200202100000-0x20020211ffff]
Jul 30 16:06:37 ubuntu kernel: [    0.000000] ITS@0x0000200202100000: Using ITS number 1
Jul 30 16:06:37 ubuntu kernel: [    0.000000] ITS@0x0000200202100000: allocated 65536 Devices @2027ff880000 (flat, esz 8, psz 16K, shr 1)
Jul 30 16:06:37 ubuntu kernel: [    0.000000] ITS@0x0000200202100000: allocated 65536 Virtual CPUs @2027ff900000 (flat, esz 16, psz 4K, shr 1)
Jul 30 16:06:37 ubuntu kernel: [    0.000000] ITS@0x0000200202100000: allocated 256 Interrupt Collections @2027ff801000 (flat, esz 16, psz 4K, shr 1)
Jul 30 16:06:37 ubuntu kernel: [    0.000000] GICv3: using LPI property table @0x00000027ffb20000
Jul 30 16:06:37 ubuntu kernel: [    0.000000] ITS: Using DirectLPI for VPE invalidation
Jul 30 16:06:37 ubuntu kernel: [    0.000000] ITS: Enabling GICv4 support
Jul 30 16:06:37 ubuntu kernel: [    0.000000] GICv3: CPU0: using allocated LPI pending table @0x00000027ffb30000
Jul 30 16:06:37 ubuntu kernel: [    0.000000] arch_timer: cp15 timer(s) running at 100.00MHz (phys).
Jul 30 16:06:37 ubuntu kernel: [    0.000000] clocksource: arch_sys_counter: mask: 0xffffffffffffff max_cycles: 0x171024e7e0, max_idle_ns: 440795205315 ns
Jul 30 16:06:37 ubuntu kernel: [    0.000001] sched_clock: 56 bits at 100MHz, resolution 10ns, wraps every 4398046511100ns
Jul 30 16:06:37 ubuntu kernel: [    0.000112] Console: colour dummy device 80x25
Jul 30 16:06:37 ubuntu kernel: [    0.000438] printk: console [tty0] enabled
Jul 30 16:06:37 ubuntu kernel: [    0.000506] mempolicy: Enabling automatic NUMA balancing. Configure with numa_balancing= or the kernel.numa_balancing sysctl
Jul 30 16:06:37 ubuntu kernel: [    0.000521] ACPI: Core revision 20200326
Jul 30 16:06:37 ubuntu kernel: [    0.000721] Calibrating delay loop (skipped), value calculated using timer frequency.. 200.00 BogoMIPS (lpj=400000)
Jul 30 16:06:37 ubuntu kernel: [    0.000725] pid_max: default: 98304 minimum: 768
Jul 30 16:06:37 ubuntu kernel: [    0.000802] LSM: Security Framework initializing
Jul 30 16:06:37 ubuntu kernel: [    0.000808] Yama: becoming mindful.
Jul 30 16:06:37 ubuntu kernel: [    0.000841] AppArmor: AppArmor initialized
Jul 30 16:06:37 ubuntu kernel: [    0.013335] Dentry cache hash table entries: 8388608 (order: 14, 67108864 bytes, vmalloc)
Jul 30 16:06:37 ubuntu kernel: [    0.019514] Inode-cache hash table entries: 4194304 (order: 13, 33554432 bytes, vmalloc)
Jul 30 16:06:37 ubuntu kernel: [    0.019770] Mount-cache hash table entries: 131072 (order: 8, 1048576 bytes, vmalloc)
Jul 30 16:06:37 ubuntu kernel: [    0.019971] Mountpoint-cache hash table entries: 131072 (order: 8, 1048576 bytes, vmalloc)
Jul 30 16:06:37 ubuntu kernel: [    0.022391] rcu: Hierarchical SRCU implementation.
Jul 30 16:06:37 ubuntu kernel: [    0.022848] Platform MSI: ITS@0x202100000 domain created
Jul 30 16:06:37 ubuntu kernel: [    0.022854] Platform MSI: ITS@0x200202100000 domain created
Jul 30 16:06:37 ubuntu kernel: [    0.022860] PCI/MSI: ITS@0x202100000 domain created
Jul 30 16:06:37 ubuntu kernel: [    0.022863] PCI/MSI: ITS@0x200202100000 domain created
Jul 30 16:06:37 ubuntu kernel: [    0.022876] Remapping and enabling EFI services.
Jul 30 16:06:37 ubuntu kernel: [    0.023081] efi: memattr: Entry attributes invalid: RO and XP bits both cleared
Jul 30 16:06:37 ubuntu kernel: [    0.023086] efi: memattr: ! 0x000000000000-0x00000000ffff [Runtime Code       |RUN|  |  |  |  |  |  |  |   |  |  |  |  ]
Jul 30 16:06:37 ubuntu kernel: [    0.024274] smp: Bringing up secondary CPUs ...
Jul 30 16:06:37 ubuntu kernel: [    0.054111] Detected VIPT I-cache on CPU1
Jul 30 16:06:37 ubuntu kernel: [    0.054117] GICv3: CPU1: found redistributor 80100 region 1:0x00000000ae140000
Jul 30 16:06:37 ubuntu kernel: [    0.054133] GICv3: CPU1: using allocated LPI pending table @0x00000027ffb40000
Jul 30 16:06:37 ubuntu kernel: [    0.054168] CPU1: Booted secondary processor 0x0000080100 [0x481fd010]
Jul 30 16:06:37 ubuntu kernel: [    0.086654] Detected VIPT I-cache on CPU2
Jul 30 16:06:37 ubuntu kernel: [    0.086659] GICv3: CPU2: found redistributor 80200 region 2:0x00000000ae180000
Jul 30 16:06:37 ubuntu kernel: [    0.086672] GICv3: CPU2: using allocated LPI pending table @0x00000027ffb50000
Jul 30 16:06:37 ubuntu kernel: [    0.086704] CPU2: Booted secondary processor 0x0000080200 [0x481fd010]
Jul 30 16:06:37 ubuntu kernel: [    0.119204] Detected VIPT I-cache on CPU3
Jul 30 16:06:37 ubuntu kernel: [    0.119209] GICv3: CPU3: found redistributor 80300 region 3:0x00000000ae1c0000
Jul 30 16:06:37 ubuntu kernel: [    0.119221] GICv3: CPU3: using allocated LPI pending table @0x00000027ffb60000
Jul 30 16:06:37 ubuntu kernel: [    0.119251] CPU3: Booted secondary processor 0x0000080300 [0x481fd010]
Jul 30 16:06:37 ubuntu kernel: [    0.151935] Detected VIPT I-cache on CPU4
Jul 30 16:06:37 ubuntu kernel: [    0.151943] GICv3: CPU4: found redistributor 90000 region 4:0x00000000ae200000
Jul 30 16:06:37 ubuntu kernel: [    0.151964] GICv3: CPU4: using allocated LPI pending table @0x00000027ffb70000
Jul 30 16:06:37 ubuntu kernel: [    0.152003] CPU4: Booted secondary processor 0x0000090000 [0x481fd010]
Jul 30 16:06:37 ubuntu kernel: [    0.184653] Detected VIPT I-cache on CPU5
Jul 30 16:06:37 ubuntu kernel: [    0.184658] GICv3: CPU5: found redistributor 90100 region 5:0x00000000ae240000
Jul 30 16:06:37 ubuntu kernel: [    0.184670] GICv3: CPU5: using allocated LPI pending table @0x00000027ff100000
Jul 30 16:06:37 ubuntu kernel: [    0.184701] CPU5: Booted secondary processor 0x0000090100 [0x481fd010]
Jul 30 16:06:37 ubuntu kernel: [    0.217376] Detected VIPT I-cache on CPU6
Jul 30 16:06:37 ubuntu kernel: [    0.217381] GICv3: CPU6: found redistributor 90200 region 6:0x00000000ae280000
Jul 30 16:06:37 ubuntu kernel: [    0.217392] GICv3: CPU6: using allocated LPI pending table @0x00000027ff110000
Jul 30 16:06:37 ubuntu kernel: [    0.217424] CPU6: Booted secondary processor 0x0000090200 [0x481fd010]
Jul 30 16:06:37 ubuntu kernel: [    0.250099] Detected VIPT I-cache on CPU7
Jul 30 16:06:37 ubuntu kernel: [    0.250104] GICv3: CPU7: found redistributor 90300 region 7:0x00000000ae2c0000
Jul 30 16:06:37 ubuntu kernel: [    0.250119] GICv3: CPU7: using allocated LPI pending table @0x00000027ff120000
Jul 30 16:06:37 ubuntu kernel: [    0.250150] CPU7: Booted secondary processor 0x0000090300 [0x481fd010]
Jul 30 16:06:37 ubuntu kernel: [    0.283001] Detected VIPT I-cache on CPU8
Jul 30 16:06:37 ubuntu kernel: [    0.283008] GICv3: CPU8: found redistributor a0000 region 8:0x00000000ae300000
Jul 30 16:06:37 ubuntu kernel: [    0.283025] GICv3: CPU8: using allocated LPI pending table @0x00000027ff130000
Jul 30 16:06:37 ubuntu kernel: [    0.283061] CPU8: Booted secondary processor 0x00000a0000 [0x481fd010]
Jul 30 16:06:37 ubuntu kernel: [    0.315894] Detected VIPT I-cache on CPU9
Jul 30 16:06:37 ubuntu kernel: [    0.315900] GICv3: CPU9: found redistributor a0100 region 9:0x00000000ae340000
Jul 30 16:06:37 ubuntu kernel: [    0.315913] GICv3: CPU9: using allocated LPI pending table @0x00000027ff140000
Jul 30 16:06:37 ubuntu kernel: [    0.315945] CPU9: Booted secondary processor 0x00000a0100 [0x481fd010]
Jul 30 16:06:37 ubuntu kernel: [    0.348791] Detected VIPT I-cache on CPU10
Jul 30 16:06:37 ubuntu kernel: [    0.348797] GICv3: CPU10: found redistributor a0200 region 10:0x00000000ae380000
Jul 30 16:06:37 ubuntu kernel: [    0.348810] GICv3: CPU10: using allocated LPI pending table @0x00000027ff150000
Jul 30 16:06:37 ubuntu kernel: [    0.348842] CPU10: Booted secondary processor 0x00000a0200 [0x481fd010]
Jul 30 16:06:37 ubuntu kernel: [    0.381688] Detected VIPT I-cache on CPU11
Jul 30 16:06:37 ubuntu kernel: [    0.381694] GICv3: CPU11: found redistributor a0300 region 11:0x00000000ae3c0000
Jul 30 16:06:37 ubuntu kernel: [    0.381707] GICv3: CPU11: using allocated LPI pending table @0x00000027ff160000
Jul 30 16:06:37 ubuntu kernel: [    0.381739] CPU11: Booted secondary processor 0x00000a0300 [0x481fd010]
Jul 30 16:06:37 ubuntu kernel: [    0.414763] Detected VIPT I-cache on CPU12
Jul 30 16:06:37 ubuntu kernel: [    0.414771] GICv3: CPU12: found redistributor b0000 region 12:0x00000000ae400000
Jul 30 16:06:37 ubuntu kernel: [    0.414790] GICv3: CPU12: using allocated LPI pending table @0x00000027ff170000
Jul 30 16:06:37 ubuntu kernel: [    0.414824] CPU12: Booted secondary processor 0x00000b0000 [0x481fd010]
Jul 30 16:06:37 ubuntu kernel: [    0.447830] Detected VIPT I-cache on CPU13
Jul 30 16:06:37 ubuntu kernel: [    0.447836] GICv3: CPU13: found redistributor b0100 region 13:0x00000000ae440000
Jul 30 16:06:37 ubuntu kernel: [    0.447850] GICv3: CPU13: using allocated LPI pending table @0x00000027ff180000
Jul 30 16:06:37 ubuntu kernel: [    0.447883] CPU13: Booted secondary processor 0x00000b0100 [0x481fd010]
Jul 30 16:06:37 ubuntu kernel: [    0.480901] Detected VIPT I-cache on CPU14
Jul 30 16:06:37 ubuntu kernel: [    0.480907] GICv3: CPU14: found redistributor b0200 region 14:0x00000000ae480000
Jul 30 16:06:37 ubuntu kernel: [    0.480920] GICv3: CPU14: using allocated LPI pending table @0x00000027ff190000
Jul 30 16:06:37 ubuntu kernel: [    0.480952] CPU14: Booted secondary processor 0x00000b0200 [0x481fd010]
Jul 30 16:06:37 ubuntu kernel: [    0.513972] Detected VIPT I-cache on CPU15
Jul 30 16:06:37 ubuntu kernel: [    0.513978] GICv3: CPU15: found redistributor b0300 region 15:0x00000000ae4c0000
Jul 30 16:06:37 ubuntu kernel: [    0.513993] GICv3: CPU15: using allocated LPI pending table @0x00000027ff1a0000
Jul 30 16:06:37 ubuntu kernel: [    0.514025] CPU15: Booted secondary processor 0x00000b0300 [0x481fd010]
Jul 30 16:06:37 ubuntu kernel: [    0.546526] Detected VIPT I-cache on CPU16
Jul 30 16:06:37 ubuntu kernel: [    0.546534] GICv3: CPU16: found redistributor c0000 region 16:0x00000000ae500000
Jul 30 16:06:37 ubuntu kernel: [    0.546553] GICv3: CPU16: using allocated LPI pending table @0x00000027ff1b0000
Jul 30 16:06:37 ubuntu kernel: [    0.546589] CPU16: Booted secondary processor 0x00000c0000 [0x481fd010]
Jul 30 16:06:37 ubuntu kernel: [    0.579072] Detected VIPT I-cache on CPU17
Jul 30 16:06:37 ubuntu kernel: [    0.579078] GICv3: CPU17: found redistributor c0100 region 17:0x00000000ae540000
Jul 30 16:06:37 ubuntu kernel: [    0.579093] GICv3: CPU17: using allocated LPI pending table @0x00000027ff1c0000
Jul 30 16:06:37 ubuntu kernel: [    0.579125] CPU17: Booted secondary processor 0x00000c0100 [0x481fd010]
Jul 30 16:06:37 ubuntu kernel: [    0.611622] Detected VIPT I-cache on CPU18
Jul 30 16:06:37 ubuntu kernel: [    0.611628] GICv3: CPU18: found redistributor c0200 region 18:0x00000000ae580000
Jul 30 16:06:37 ubuntu kernel: [    0.611642] GICv3: CPU18: using allocated LPI pending table @0x00000027ff1d0000
Jul 30 16:06:37 ubuntu kernel: [    0.611674] CPU18: Booted secondary processor 0x00000c0200 [0x481fd010]
Jul 30 16:06:37 ubuntu kernel: [    0.644172] Detected VIPT I-cache on CPU19
Jul 30 16:06:37 ubuntu kernel: [    0.644178] GICv3: CPU19: found redistributor c0300 region 19:0x00000000ae5c0000
Jul 30 16:06:37 ubuntu kernel: [    0.644193] GICv3: CPU19: using allocated LPI pending table @0x00000027ff1e0000
Jul 30 16:06:37 ubuntu kernel: [    0.644225] CPU19: Booted secondary processor 0x00000c0300 [0x481fd010]
Jul 30 16:06:37 ubuntu kernel: [    0.676899] Detected VIPT I-cache on CPU20
Jul 30 16:06:37 ubuntu kernel: [    0.676908] GICv3: CPU20: found redistributor d0000 region 20:0x00000000ae600000
Jul 30 16:06:37 ubuntu kernel: [    0.676927] GICv3: CPU20: using allocated LPI pending table @0x00000027ff1f0000
Jul 30 16:06:37 ubuntu kernel: [    0.676964] CPU20: Booted secondary processor 0x00000d0000 [0x481fd010]
Jul 30 16:06:37 ubuntu kernel: [    0.709619] Detected VIPT I-cache on CPU21
Jul 30 16:06:37 ubuntu kernel: [    0.709626] GICv3: CPU21: found redistributor d0100 region 21:0x00000000ae640000
Jul 30 16:06:37 ubuntu kernel: [    0.709641] GICv3: CPU21: using allocated LPI pending table @0x00000027ff200000
Jul 30 16:06:37 ubuntu kernel: [    0.709673] CPU21: Booted secondary processor 0x00000d0100 [0x481fd010]
Jul 30 16:06:37 ubuntu kernel: [    0.742342] Detected VIPT I-cache on CPU22
Jul 30 16:06:37 ubuntu kernel: [    0.742350] GICv3: CPU22: found redistributor d0200 region 22:0x00000000ae680000
Jul 30 16:06:37 ubuntu kernel: [    0.742364] GICv3: CPU22: using allocated LPI pending table @0x00000027ff210000
Jul 30 16:06:37 ubuntu kernel: [    0.742396] CPU22: Booted secondary processor 0x00000d0200 [0x481fd010]
Jul 30 16:06:37 ubuntu kernel: [    0.775066] Detected VIPT I-cache on CPU23
Jul 30 16:06:37 ubuntu kernel: [    0.775074] GICv3: CPU23: found redistributor d0300 region 23:0x00000000ae6c0000
Jul 30 16:06:37 ubuntu kernel: [    0.775089] GICv3: CPU23: using allocated LPI pending table @0x00000027ff220000
Jul 30 16:06:37 ubuntu kernel: [    0.775120] CPU23: Booted secondary processor 0x00000d0300 [0x481fd010]
Jul 30 16:06:37 ubuntu kernel: [    0.807633] Detected VIPT I-cache on CPU24
Jul 30 16:06:37 ubuntu kernel: [    0.807649] GICv3: CPU24: found redistributor 180000 region 24:0x00000000aa100000
Jul 30 16:06:37 ubuntu kernel: [    0.807705] GICv3: CPU24: using allocated LPI pending table @0x00000027ff230000
Jul 30 16:06:37 ubuntu kernel: [    0.807751] CPU24: Booted secondary processor 0x0000180000 [0x481fd010]
Jul 30 16:06:37 ubuntu kernel: [    0.840168] Detected VIPT I-cache on CPU25
Jul 30 16:06:37 ubuntu kernel: [    0.840178] GICv3: CPU25: found redistributor 180100 region 25:0x00000000aa140000
Jul 30 16:06:37 ubuntu kernel: [    0.840196] GICv3: CPU25: using allocated LPI pending table @0x00000027ff240000
Jul 30 16:06:37 ubuntu kernel: [    0.840233] CPU25: Booted secondary processor 0x0000180100 [0x481fd010]
Jul 30 16:06:37 ubuntu kernel: [    0.872717] Detected VIPT I-cache on CPU26
Jul 30 16:06:37 ubuntu kernel: [    0.872727] GICv3: CPU26: found redistributor 180200 region 26:0x00000000aa180000
Jul 30 16:06:37 ubuntu kernel: [    0.872744] GICv3: CPU26: using allocated LPI pending table @0x00000027ff250000
Jul 30 16:06:37 ubuntu kernel: [    0.872781] CPU26: Booted secondary processor 0x0000180200 [0x481fd010]
Jul 30 16:06:37 ubuntu kernel: [    0.905268] Detected VIPT I-cache on CPU27
Jul 30 16:06:37 ubuntu kernel: [    0.905278] GICv3: CPU27: found redistributor 180300 region 27:0x00000000aa1c0000
Jul 30 16:06:37 ubuntu kernel: [    0.905295] GICv3: CPU27: using allocated LPI pending table @0x00000027ff260000
Jul 30 16:06:37 ubuntu kernel: [    0.905332] CPU27: Booted secondary processor 0x0000180300 [0x481fd010]
Jul 30 16:06:37 ubuntu kernel: [    0.938000] Detected VIPT I-cache on CPU28
Jul 30 16:06:37 ubuntu kernel: [    0.938014] GICv3: CPU28: found redistributor 190000 region 28:0x00000000aa200000
Jul 30 16:06:37 ubuntu kernel: [    0.938042] GICv3: CPU28: using allocated LPI pending table @0x00000027ff270000
Jul 30 16:06:37 ubuntu kernel: [    0.938088] CPU28: Booted secondary processor 0x0000190000 [0x481fd010]
Jul 30 16:06:37 ubuntu kernel: [    0.970715] Detected VIPT I-cache on CPU29
Jul 30 16:06:37 ubuntu kernel: [    0.970726] GICv3: CPU29: found redistributor 190100 region 29:0x00000000aa240000
Jul 30 16:06:37 ubuntu kernel: [    0.970745] GICv3: CPU29: using allocated LPI pending table @0x00000027ff280000
Jul 30 16:06:37 ubuntu kernel: [    0.970782] CPU29: Booted secondary processor 0x0000190100 [0x481fd010]
Jul 30 16:06:37 ubuntu kernel: [    1.003438] Detected VIPT I-cache on CPU30
Jul 30 16:06:37 ubuntu kernel: [    1.003449] GICv3: CPU30: found redistributor 190200 region 30:0x00000000aa280000
Jul 30 16:06:37 ubuntu kernel: [    1.003465] GICv3: CPU30: using allocated LPI pending table @0x00000027ff290000
Jul 30 16:06:37 ubuntu kernel: [    1.003503] CPU30: Booted secondary processor 0x0000190200 [0x481fd010]
Jul 30 16:06:37 ubuntu kernel: [    1.036163] Detected VIPT I-cache on CPU31
Jul 30 16:06:37 ubuntu kernel: [    1.036173] GICv3: CPU31: found redistributor 190300 region 31:0x00000000aa2c0000
Jul 30 16:06:37 ubuntu kernel: [    1.036188] GICv3: CPU31: using allocated LPI pending table @0x00000027ff2a0000
Jul 30 16:06:37 ubuntu kernel: [    1.036226] CPU31: Booted secondary processor 0x0000190300 [0x481fd010]
Jul 30 16:06:37 ubuntu kernel: [    1.069066] Detected VIPT I-cache on CPU32
Jul 30 16:06:37 ubuntu kernel: [    1.069080] GICv3: CPU32: found redistributor 1a0000 region 32:0x00000000aa300000
Jul 30 16:06:37 ubuntu kernel: [    1.069102] GICv3: CPU32: using allocated LPI pending table @0x00000027ff2b0000
Jul 30 16:06:37 ubuntu kernel: [    1.069145] CPU32: Booted secondary processor 0x00001a0000 [0x481fd010]
Jul 30 16:06:37 ubuntu kernel: [    1.101957] Detected VIPT I-cache on CPU33
Jul 30 16:06:37 ubuntu kernel: [    1.101968] GICv3: CPU33: found redistributor 1a0100 region 33:0x00000000aa340000
Jul 30 16:06:37 ubuntu kernel: [    1.101988] GICv3: CPU33: using allocated LPI pending table @0x00000027ff2c0000
Jul 30 16:06:37 ubuntu kernel: [    1.102026] CPU33: Booted secondary processor 0x00001a0100 [0x481fd010]
Jul 30 16:06:37 ubuntu kernel: [    1.134855] Detected VIPT I-cache on CPU34
Jul 30 16:06:37 ubuntu kernel: [    1.134865] GICv3: CPU34: found redistributor 1a0200 region 34:0x00000000aa380000
Jul 30 16:06:37 ubuntu kernel: [    1.134884] GICv3: CPU34: using allocated LPI pending table @0x00000027ff2d0000
Jul 30 16:06:37 ubuntu kernel: [    1.134922] CPU34: Booted secondary processor 0x00001a0200 [0x481fd010]
Jul 30 16:06:37 ubuntu kernel: [    1.167751] Detected VIPT I-cache on CPU35
Jul 30 16:06:37 ubuntu kernel: [    1.167762] GICv3: CPU35: found redistributor 1a0300 region 35:0x00000000aa3c0000
Jul 30 16:06:37 ubuntu kernel: [    1.167783] GICv3: CPU35: using allocated LPI pending table @0x00000027ff2e0000
Jul 30 16:06:37 ubuntu kernel: [    1.167821] CPU35: Booted secondary processor 0x00001a0300 [0x481fd010]
Jul 30 16:06:37 ubuntu kernel: [    1.200828] Detected VIPT I-cache on CPU36
Jul 30 16:06:37 ubuntu kernel: [    1.200841] GICv3: CPU36: found redistributor 1b0000 region 36:0x00000000aa400000
Jul 30 16:06:37 ubuntu kernel: [    1.200866] GICv3: CPU36: using allocated LPI pending table @0x00000027ff2f0000
Jul 30 16:06:37 ubuntu kernel: [    1.200910] CPU36: Booted secondary processor 0x00001b0000 [0x481fd010]
Jul 30 16:06:37 ubuntu kernel: [    1.233894] Detected VIPT I-cache on CPU37
Jul 30 16:06:37 ubuntu kernel: [    1.233905] GICv3: CPU37: found redistributor 1b0100 region 37:0x00000000aa440000
Jul 30 16:06:37 ubuntu kernel: [    1.233925] GICv3: CPU37: using allocated LPI pending table @0x00000027ff300000
Jul 30 16:06:37 ubuntu kernel: [    1.233962] CPU37: Booted secondary processor 0x00001b0100 [0x481fd010]
Jul 30 16:06:37 ubuntu kernel: [    1.266964] Detected VIPT I-cache on CPU38
Jul 30 16:06:37 ubuntu kernel: [    1.266975] GICv3: CPU38: found redistributor 1b0200 region 38:0x00000000aa480000
Jul 30 16:06:37 ubuntu kernel: [    1.266991] GICv3: CPU38: using allocated LPI pending table @0x00000027ff310000
Jul 30 16:06:37 ubuntu kernel: [    1.267029] CPU38: Booted secondary processor 0x00001b0200 [0x481fd010]
Jul 30 16:06:37 ubuntu kernel: [    1.300035] Detected VIPT I-cache on CPU39
Jul 30 16:06:37 ubuntu kernel: [    1.300046] GICv3: CPU39: found redistributor 1b0300 region 39:0x00000000aa4c0000
Jul 30 16:06:37 ubuntu kernel: [    1.300061] GICv3: CPU39: using allocated LPI pending table @0x00000027ff320000
Jul 30 16:06:37 ubuntu kernel: [    1.300099] CPU39: Booted secondary processor 0x00001b0300 [0x481fd010]
Jul 30 16:06:37 ubuntu kernel: [    1.332590] Detected VIPT I-cache on CPU40
Jul 30 16:06:37 ubuntu kernel: [    1.332605] GICv3: CPU40: found redistributor 1c0000 region 40:0x00000000aa500000
Jul 30 16:06:37 ubuntu kernel: [    1.332630] GICv3: CPU40: using allocated LPI pending table @0x00000027ff330000
Jul 30 16:06:37 ubuntu kernel: [    1.332673] CPU40: Booted secondary processor 0x00001c0000 [0x481fd010]
Jul 30 16:06:37 ubuntu kernel: [    1.365135] Detected VIPT I-cache on CPU41
Jul 30 16:06:37 ubuntu kernel: [    1.365147] GICv3: CPU41: found redistributor 1c0100 region 41:0x00000000aa540000
Jul 30 16:06:37 ubuntu kernel: [    1.365163] GICv3: CPU41: using allocated LPI pending table @0x00000027ff340000
Jul 30 16:06:37 ubuntu kernel: [    1.365202] CPU41: Booted secondary processor 0x00001c0100 [0x481fd010]
Jul 30 16:06:37 ubuntu kernel: [    1.397685] Detected VIPT I-cache on CPU42
Jul 30 16:06:37 ubuntu kernel: [    1.397696] GICv3: CPU42: found redistributor 1c0200 region 42:0x00000000aa580000
Jul 30 16:06:37 ubuntu kernel: [    1.397712] GICv3: CPU42: using allocated LPI pending table @0x00000027ff350000
Jul 30 16:06:37 ubuntu kernel: [    1.397751] CPU42: Booted secondary processor 0x00001c0200 [0x481fd010]
Jul 30 16:06:37 ubuntu kernel: [    1.430235] Detected VIPT I-cache on CPU43
Jul 30 16:06:37 ubuntu kernel: [    1.430246] GICv3: CPU43: found redistributor 1c0300 region 43:0x00000000aa5c0000
Jul 30 16:06:37 ubuntu kernel: [    1.430263] GICv3: CPU43: using allocated LPI pending table @0x00000027ff360000
Jul 30 16:06:37 ubuntu kernel: [    1.430302] CPU43: Booted secondary processor 0x00001c0300 [0x481fd010]
Jul 30 16:06:37 ubuntu kernel: [    1.462963] Detected VIPT I-cache on CPU44
Jul 30 16:06:37 ubuntu kernel: [    1.462978] GICv3: CPU44: found redistributor 1d0000 region 44:0x00000000aa600000
Jul 30 16:06:37 ubuntu kernel: [    1.463003] GICv3: CPU44: using allocated LPI pending table @0x00000027ff370000
Jul 30 16:06:37 ubuntu kernel: [    1.463049] CPU44: Booted secondary processor 0x00001d0000 [0x481fd010]
Jul 30 16:06:37 ubuntu kernel: [    1.495682] Detected VIPT I-cache on CPU45
Jul 30 16:06:37 ubuntu kernel: [    1.495694] GICv3: CPU45: found redistributor 1d0100 region 45:0x00000000aa640000
Jul 30 16:06:37 ubuntu kernel: [    1.495711] GICv3: CPU45: using allocated LPI pending table @0x00000027ff380000
Jul 30 16:06:37 ubuntu kernel: [    1.495749] CPU45: Booted secondary processor 0x00001d0100 [0x481fd010]
Jul 30 16:06:37 ubuntu kernel: [    1.528405] Detected VIPT I-cache on CPU46
Jul 30 16:06:37 ubuntu kernel: [    1.528418] GICv3: CPU46: found redistributor 1d0200 region 46:0x00000000aa680000
Jul 30 16:06:37 ubuntu kernel: [    1.528435] GICv3: CPU46: using allocated LPI pending table @0x00000027ff390000
Jul 30 16:06:37 ubuntu kernel: [    1.528473] CPU46: Booted secondary processor 0x00001d0200 [0x481fd010]
Jul 30 16:06:37 ubuntu kernel: [    1.561128] Detected VIPT I-cache on CPU47
Jul 30 16:06:37 ubuntu kernel: [    1.561141] GICv3: CPU47: found redistributor 1d0300 region 47:0x00000000aa6c0000
Jul 30 16:06:37 ubuntu kernel: [    1.561161] GICv3: CPU47: using allocated LPI pending table @0x00000027ff3a0000
Jul 30 16:06:37 ubuntu kernel: [    1.561198] CPU47: Booted secondary processor 0x00001d0300 [0x481fd010]
Jul 30 16:06:37 ubuntu kernel: [    1.593969] Detected VIPT I-cache on CPU48
Jul 30 16:06:37 ubuntu kernel: [    1.594007] GICv3: CPU48: found redistributor 280000 region 48:0x00002000ae100000
Jul 30 16:06:37 ubuntu kernel: [    1.594064] GICv3: CPU48: using allocated LPI pending table @0x00000027ff3b0000
Jul 30 16:06:37 ubuntu kernel: [    1.594134] CPU48: Booted secondary processor 0x0000280000 [0x481fd010]
Jul 30 16:06:37 ubuntu kernel: [    1.626758] Detected VIPT I-cache on CPU49
Jul 30 16:06:37 ubuntu kernel: [    1.626786] GICv3: CPU49: found redistributor 280100 region 49:0x00002000ae140000
Jul 30 16:06:37 ubuntu kernel: [    1.626809] GICv3: CPU49: using allocated LPI pending table @0x00000027ff3c0000
Jul 30 16:06:37 ubuntu kernel: [    1.626861] CPU49: Booted secondary processor 0x0000280100 [0x481fd010]
Jul 30 16:06:37 ubuntu kernel: [    1.659567] Detected VIPT I-cache on CPU50
Jul 30 16:06:37 ubuntu kernel: [    1.659595] GICv3: CPU50: found redistributor 280200 region 50:0x00002000ae180000
Jul 30 16:06:37 ubuntu kernel: [    1.659615] GICv3: CPU50: using allocated LPI pending table @0x00000027ff3d0000
Jul 30 16:06:37 ubuntu kernel: [    1.659667] CPU50: Booted secondary processor 0x0000280200 [0x481fd010]
Jul 30 16:06:37 ubuntu kernel: [    1.692378] Detected VIPT I-cache on CPU51
Jul 30 16:06:37 ubuntu kernel: [    1.692406] GICv3: CPU51: found redistributor 280300 region 51:0x00002000ae1c0000
Jul 30 16:06:37 ubuntu kernel: [    1.692427] GICv3: CPU51: using allocated LPI pending table @0x00000027ff3e0000
Jul 30 16:06:37 ubuntu kernel: [    1.692479] CPU51: Booted secondary processor 0x0000280300 [0x481fd010]
Jul 30 16:06:37 ubuntu kernel: [    1.725366] Detected VIPT I-cache on CPU52
Jul 30 16:06:37 ubuntu kernel: [    1.725396] GICv3: CPU52: found redistributor 290000 region 52:0x00002000ae200000
Jul 30 16:06:37 ubuntu kernel: [    1.725432] GICv3: CPU52: using allocated LPI pending table @0x00000027ff3f0000
Jul 30 16:06:37 ubuntu kernel: [    1.725486] CPU52: Booted secondary processor 0x0000290000 [0x481fd010]
Jul 30 16:06:37 ubuntu kernel: [    1.758347] Detected VIPT I-cache on CPU53
Jul 30 16:06:37 ubuntu kernel: [    1.758375] GICv3: CPU53: found redistributor 290100 region 53:0x00002000ae240000
Jul 30 16:06:37 ubuntu kernel: [    1.758393] GICv3: CPU53: using allocated LPI pending table @0x00000027fec00000
Jul 30 16:06:37 ubuntu kernel: [    1.758445] CPU53: Booted secondary processor 0x0000290100 [0x481fd010]
Jul 30 16:06:37 ubuntu kernel: [    1.791329] Detected VIPT I-cache on CPU54
Jul 30 16:06:37 ubuntu kernel: [    1.791357] GICv3: CPU54: found redistributor 290200 region 54:0x00002000ae280000
Jul 30 16:06:37 ubuntu kernel: [    1.791375] GICv3: CPU54: using allocated LPI pending table @0x00000027fec10000
Jul 30 16:06:37 ubuntu kernel: [    1.791427] CPU54: Booted secondary processor 0x0000290200 [0x481fd010]
Jul 30 16:06:37 ubuntu kernel: [    1.824314] Detected VIPT I-cache on CPU55
Jul 30 16:06:37 ubuntu kernel: [    1.824342] GICv3: CPU55: found redistributor 290300 region 55:0x00002000ae2c0000
Jul 30 16:06:37 ubuntu kernel: [    1.824359] GICv3: CPU55: using allocated LPI pending table @0x00000027fec20000
Jul 30 16:06:37 ubuntu kernel: [    1.824411] CPU55: Booted secondary processor 0x0000290300 [0x481fd010]
Jul 30 16:06:37 ubuntu kernel: [    1.857476] Detected VIPT I-cache on CPU56
Jul 30 16:06:37 ubuntu kernel: [    1.857506] GICv3: CPU56: found redistributor 2a0000 region 56:0x00002000ae300000
Jul 30 16:06:37 ubuntu kernel: [    1.857532] GICv3: CPU56: using allocated LPI pending table @0x00000027fec30000
Jul 30 16:06:37 ubuntu kernel: [    1.857587] CPU56: Booted secondary processor 0x00002a0000 [0x481fd010]
Jul 30 16:06:37 ubuntu kernel: [    1.890629] Detected VIPT I-cache on CPU57
Jul 30 16:06:37 ubuntu kernel: [    1.890658] GICv3: CPU57: found redistributor 2a0100 region 57:0x00002000ae340000
Jul 30 16:06:37 ubuntu kernel: [    1.890676] GICv3: CPU57: using allocated LPI pending table @0x00000027fec40000
Jul 30 16:06:37 ubuntu kernel: [    1.890728] CPU57: Booted secondary processor 0x00002a0100 [0x481fd010]
Jul 30 16:06:37 ubuntu kernel: [    1.923786] Detected VIPT I-cache on CPU58
Jul 30 16:06:37 ubuntu kernel: [    1.923815] GICv3: CPU58: found redistributor 2a0200 region 58:0x00002000ae380000
Jul 30 16:06:37 ubuntu kernel: [    1.923834] GICv3: CPU58: using allocated LPI pending table @0x00000027fec50000
Jul 30 16:06:37 ubuntu kernel: [    1.923886] CPU58: Booted secondary processor 0x00002a0200 [0x481fd010]
Jul 30 16:06:37 ubuntu kernel: [    1.956944] Detected VIPT I-cache on CPU59
Jul 30 16:06:37 ubuntu kernel: [    1.956973] GICv3: CPU59: found redistributor 2a0300 region 59:0x00002000ae3c0000
Jul 30 16:06:37 ubuntu kernel: [    1.956991] GICv3: CPU59: using allocated LPI pending table @0x00000027fec60000
Jul 30 16:06:37 ubuntu kernel: [    1.957043] CPU59: Booted secondary processor 0x00002a0300 [0x481fd010]
Jul 30 16:06:37 ubuntu kernel: [    1.990279] Detected VIPT I-cache on CPU60
Jul 30 16:06:37 ubuntu kernel: [    1.990310] GICv3: CPU60: found redistributor 2b0000 region 60:0x00002000ae400000
Jul 30 16:06:37 ubuntu kernel: [    1.990337] GICv3: CPU60: using allocated LPI pending table @0x00000027fec70000
Jul 30 16:06:37 ubuntu kernel: [    1.990392] CPU60: Booted secondary processor 0x00002b0000 [0x481fd010]
Jul 30 16:06:37 ubuntu kernel: [    2.023606] Detected VIPT I-cache on CPU61
Jul 30 16:06:37 ubuntu kernel: [    2.023636] GICv3: CPU61: found redistributor 2b0100 region 61:0x00002000ae440000
Jul 30 16:06:37 ubuntu kernel: [    2.023657] GICv3: CPU61: using allocated LPI pending table @0x00000027fec80000
Jul 30 16:06:37 ubuntu kernel: [    2.023709] CPU61: Booted secondary processor 0x00002b0100 [0x481fd010]
Jul 30 16:06:37 ubuntu kernel: [    2.056937] Detected VIPT I-cache on CPU62
Jul 30 16:06:37 ubuntu kernel: [    2.056967] GICv3: CPU62: found redistributor 2b0200 region 62:0x00002000ae480000
Jul 30 16:06:37 ubuntu kernel: [    2.056986] GICv3: CPU62: using allocated LPI pending table @0x00000027fec90000
Jul 30 16:06:37 ubuntu kernel: [    2.057038] CPU62: Booted secondary processor 0x00002b0200 [0x481fd010]
Jul 30 16:06:37 ubuntu kernel: [    2.090269] Detected VIPT I-cache on CPU63
Jul 30 16:06:37 ubuntu kernel: [    2.090298] GICv3: CPU63: found redistributor 2b0300 region 63:0x00002000ae4c0000
Jul 30 16:06:37 ubuntu kernel: [    2.090321] GICv3: CPU63: using allocated LPI pending table @0x00000027feca0000
Jul 30 16:06:37 ubuntu kernel: [    2.090373] CPU63: Booted secondary processor 0x00002b0300 [0x481fd010]
Jul 30 16:06:37 ubuntu kernel: [    2.123083] Detected VIPT I-cache on CPU64
Jul 30 16:06:37 ubuntu kernel: [    2.123114] GICv3: CPU64: found redistributor 2c0000 region 64:0x00002000ae500000
Jul 30 16:06:37 ubuntu kernel: [    2.123144] GICv3: CPU64: using allocated LPI pending table @0x00000027fecb0000
Jul 30 16:06:37 ubuntu kernel: [    2.123200] CPU64: Booted secondary processor 0x00002c0000 [0x481fd010]
Jul 30 16:06:37 ubuntu kernel: [    2.155889] Detected VIPT I-cache on CPU65
Jul 30 16:06:37 ubuntu kernel: [    2.155918] GICv3: CPU65: found redistributor 2c0100 region 65:0x00002000ae540000
Jul 30 16:06:37 ubuntu kernel: [    2.155938] GICv3: CPU65: using allocated LPI pending table @0x00000027fecc0000
Jul 30 16:06:37 ubuntu kernel: [    2.155990] CPU65: Booted secondary processor 0x00002c0100 [0x481fd010]
Jul 30 16:06:37 ubuntu kernel: [    2.188700] Detected VIPT I-cache on CPU66
Jul 30 16:06:37 ubuntu kernel: [    2.188729] GICv3: CPU66: found redistributor 2c0200 region 66:0x00002000ae580000
Jul 30 16:06:37 ubuntu kernel: [    2.188749] GICv3: CPU66: using allocated LPI pending table @0x00000027fecd0000
Jul 30 16:06:37 ubuntu kernel: [    2.188801] CPU66: Booted secondary processor 0x00002c0200 [0x481fd010]
Jul 30 16:06:37 ubuntu kernel: [    2.221510] Detected VIPT I-cache on CPU67
Jul 30 16:06:37 ubuntu kernel: [    2.221540] GICv3: CPU67: found redistributor 2c0300 region 67:0x00002000ae5c0000
Jul 30 16:06:37 ubuntu kernel: [    2.221559] GICv3: CPU67: using allocated LPI pending table @0x00000027fece0000
Jul 30 16:06:37 ubuntu kernel: [    2.221613] CPU67: Booted secondary processor 0x00002c0300 [0x481fd010]
Jul 30 16:06:37 ubuntu kernel: [    2.254498] Detected VIPT I-cache on CPU68
Jul 30 16:06:37 ubuntu kernel: [    2.254530] GICv3: CPU68: found redistributor 2d0000 region 68:0x00002000ae600000
Jul 30 16:06:37 ubuntu kernel: [    2.254559] GICv3: CPU68: using allocated LPI pending table @0x00000027fecf0000
Jul 30 16:06:37 ubuntu kernel: [    2.254616] CPU68: Booted secondary processor 0x00002d0000 [0x481fd010]
Jul 30 16:06:37 ubuntu kernel: [    2.287478] Detected VIPT I-cache on CPU69
Jul 30 16:06:37 ubuntu kernel: [    2.287508] GICv3: CPU69: found redistributor 2d0100 region 69:0x00002000ae640000
Jul 30 16:06:37 ubuntu kernel: [    2.287528] GICv3: CPU69: using allocated LPI pending table @0x00000027fed00000
Jul 30 16:06:37 ubuntu kernel: [    2.287580] CPU69: Booted secondary processor 0x00002d0100 [0x481fd010]
Jul 30 16:06:37 ubuntu kernel: [    2.320462] Detected VIPT I-cache on CPU70
Jul 30 16:06:37 ubuntu kernel: [    2.320492] GICv3: CPU70: found redistributor 2d0200 region 70:0x00002000ae680000
Jul 30 16:06:37 ubuntu kernel: [    2.320512] GICv3: CPU70: using allocated LPI pending table @0x00000027fed10000
Jul 30 16:06:37 ubuntu kernel: [    2.320566] CPU70: Booted secondary processor 0x00002d0200 [0x481fd010]
Jul 30 16:06:37 ubuntu kernel: [    2.353446] Detected VIPT I-cache on CPU71
Jul 30 16:06:37 ubuntu kernel: [    2.353477] GICv3: CPU71: found redistributor 2d0300 region 71:0x00002000ae6c0000
Jul 30 16:06:37 ubuntu kernel: [    2.353496] GICv3: CPU71: using allocated LPI pending table @0x00000027fed20000
Jul 30 16:06:37 ubuntu kernel: [    2.353549] CPU71: Booted secondary processor 0x00002d0300 [0x481fd010]
Jul 30 16:06:37 ubuntu kernel: [    2.393576] Detected VIPT I-cache on CPU72
Jul 30 16:06:37 ubuntu kernel: [    2.393627] GICv3: CPU72: found redistributor 380000 region 72:0x00002000aa100000
Jul 30 16:06:37 ubuntu kernel: [    2.393682] GICv3: CPU72: using allocated LPI pending table @0x00000027fed30000
Jul 30 16:06:37 ubuntu kernel: [    2.393768] CPU72: Booted secondary processor 0x0000380000 [0x481fd010]
Jul 30 16:06:37 ubuntu kernel: [    2.433652] Detected VIPT I-cache on CPU73
Jul 30 16:06:37 ubuntu kernel: [    2.433688] GICv3: CPU73: found redistributor 380100 region 73:0x00002000aa140000
Jul 30 16:06:37 ubuntu kernel: [    2.433709] GICv3: CPU73: using allocated LPI pending table @0x00000027fed40000
Jul 30 16:06:37 ubuntu kernel: [    2.433768] CPU73: Booted secondary processor 0x0000380100 [0x481fd010]
Jul 30 16:06:37 ubuntu kernel: [    2.473753] Detected VIPT I-cache on CPU74
Jul 30 16:06:37 ubuntu kernel: [    2.473788] GICv3: CPU74: found redistributor 380200 region 74:0x00002000aa180000
Jul 30 16:06:37 ubuntu kernel: [    2.473810] GICv3: CPU74: using allocated LPI pending table @0x00000027fed50000
Jul 30 16:06:37 ubuntu kernel: [    2.473868] CPU74: Booted secondary processor 0x0000380200 [0x481fd010]
Jul 30 16:06:37 ubuntu kernel: [    2.513855] Detected VIPT I-cache on CPU75
Jul 30 16:06:37 ubuntu kernel: [    2.513890] GICv3: CPU75: found redistributor 380300 region 75:0x00002000aa1c0000
Jul 30 16:06:37 ubuntu kernel: [    2.513912] GICv3: CPU75: using allocated LPI pending table @0x00000027fed60000
Jul 30 16:06:37 ubuntu kernel: [    2.513970] CPU75: Booted secondary processor 0x0000380300 [0x481fd010]
Jul 30 16:06:37 ubuntu kernel: [    2.554133] Detected VIPT I-cache on CPU76
Jul 30 16:06:37 ubuntu kernel: [    2.554172] GICv3: CPU76: found redistributor 390000 region 76:0x00002000aa200000
Jul 30 16:06:37 ubuntu kernel: [    2.554206] GICv3: CPU76: using allocated LPI pending table @0x00000027fed70000
Jul 30 16:06:37 ubuntu kernel: [    2.554267] CPU76: Booted secondary processor 0x0000390000 [0x481fd010]
Jul 30 16:06:37 ubuntu kernel: [    2.594405] Detected VIPT I-cache on CPU77
Jul 30 16:06:37 ubuntu kernel: [    2.594441] GICv3: CPU77: found redistributor 390100 region 77:0x00002000aa240000
Jul 30 16:06:37 ubuntu kernel: [    2.594464] GICv3: CPU77: using allocated LPI pending table @0x00000027fed80000
Jul 30 16:06:37 ubuntu kernel: [    2.594521] CPU77: Booted secondary processor 0x0000390100 [0x481fd010]
Jul 30 16:06:37 ubuntu kernel: [    2.634681] Detected VIPT I-cache on CPU78
Jul 30 16:06:37 ubuntu kernel: [    2.634717] GICv3: CPU78: found redistributor 390200 region 78:0x00002000aa280000
Jul 30 16:06:37 ubuntu kernel: [    2.634741] GICv3: CPU78: using allocated LPI pending table @0x00000027fed90000
Jul 30 16:06:37 ubuntu kernel: [    2.634799] CPU78: Booted secondary processor 0x0000390200 [0x481fd010]
Jul 30 16:06:37 ubuntu kernel: [    2.674956] Detected VIPT I-cache on CPU79
Jul 30 16:06:37 ubuntu kernel: [    2.674992] GICv3: CPU79: found redistributor 390300 region 79:0x00002000aa2c0000
Jul 30 16:06:37 ubuntu kernel: [    2.675015] GICv3: CPU79: using allocated LPI pending table @0x00000027feda0000
Jul 30 16:06:37 ubuntu kernel: [    2.675073] CPU79: Booted secondary processor 0x0000390300 [0x481fd010]
Jul 30 16:06:37 ubuntu kernel: [    2.715408] Detected VIPT I-cache on CPU80
Jul 30 16:06:37 ubuntu kernel: [    2.715447] GICv3: CPU80: found redistributor 3a0000 region 80:0x00002000aa300000
Jul 30 16:06:37 ubuntu kernel: [    2.715479] GICv3: CPU80: using allocated LPI pending table @0x00000027fedb0000
Jul 30 16:06:37 ubuntu kernel: [    2.715539] CPU80: Booted secondary processor 0x00003a0000 [0x481fd010]
Jul 30 16:06:37 ubuntu kernel: [    2.755853] Detected VIPT I-cache on CPU81
Jul 30 16:06:37 ubuntu kernel: [    2.755890] GICv3: CPU81: found redistributor 3a0100 region 81:0x00002000aa340000
Jul 30 16:06:37 ubuntu kernel: [    2.755913] GICv3: CPU81: using allocated LPI pending table @0x00000027fedc0000
Jul 30 16:06:37 ubuntu kernel: [    2.755971] CPU81: Booted secondary processor 0x00003a0100 [0x481fd010]
Jul 30 16:06:37 ubuntu kernel: [    2.796302] Detected VIPT I-cache on CPU82
Jul 30 16:06:37 ubuntu kernel: [    2.796338] GICv3: CPU82: found redistributor 3a0200 region 82:0x00002000aa380000
Jul 30 16:06:37 ubuntu kernel: [    2.796361] GICv3: CPU82: using allocated LPI pending table @0x00000027fedd0000
Jul 30 16:06:37 ubuntu kernel: [    2.796418] CPU82: Booted secondary processor 0x00003a0200 [0x481fd010]
Jul 30 16:06:37 ubuntu kernel: [    2.836751] Detected VIPT I-cache on CPU83
Jul 30 16:06:37 ubuntu kernel: [    2.836788] GICv3: CPU83: found redistributor 3a0300 region 83:0x00002000aa3c0000
Jul 30 16:06:37 ubuntu kernel: [    2.836810] GICv3: CPU83: using allocated LPI pending table @0x00000027fede0000
Jul 30 16:06:37 ubuntu kernel: [    2.836868] CPU83: Booted secondary processor 0x00003a0300 [0x481fd010]
Jul 30 16:06:37 ubuntu kernel: [    2.877376] Detected VIPT I-cache on CPU84
Jul 30 16:06:37 ubuntu kernel: [    2.877415] GICv3: CPU84: found redistributor 3b0000 region 84:0x00002000aa400000
Jul 30 16:06:37 ubuntu kernel: [    2.877448] GICv3: CPU84: using allocated LPI pending table @0x00000027fedf0000
Jul 30 16:06:37 ubuntu kernel: [    2.877510] CPU84: Booted secondary processor 0x00003b0000 [0x481fd010]
Jul 30 16:06:37 ubuntu kernel: [    2.917996] Detected VIPT I-cache on CPU85
Jul 30 16:06:37 ubuntu kernel: [    2.918033] GICv3: CPU85: found redistributor 3b0100 region 85:0x00002000aa440000
Jul 30 16:06:37 ubuntu kernel: [    2.918057] GICv3: CPU85: using allocated LPI pending table @0x00000027fee00000
Jul 30 16:06:37 ubuntu kernel: [    2.918115] CPU85: Booted secondary processor 0x00003b0100 [0x481fd010]
Jul 30 16:06:37 ubuntu kernel: [    2.958618] Detected VIPT I-cache on CPU86
Jul 30 16:06:37 ubuntu kernel: [    2.958655] GICv3: CPU86: found redistributor 3b0200 region 86:0x00002000aa480000
Jul 30 16:06:37 ubuntu kernel: [    2.958678] GICv3: CPU86: using allocated LPI pending table @0x00000027fee10000
Jul 30 16:06:37 ubuntu kernel: [    2.958736] CPU86: Booted secondary processor 0x00003b0200 [0x481fd010]
Jul 30 16:06:37 ubuntu kernel: [    2.999240] Detected VIPT I-cache on CPU87
Jul 30 16:06:37 ubuntu kernel: [    2.999278] GICv3: CPU87: found redistributor 3b0300 region 87:0x00002000aa4c0000
Jul 30 16:06:37 ubuntu kernel: [    2.999301] GICv3: CPU87: using allocated LPI pending table @0x00000027fee20000
Jul 30 16:06:37 ubuntu kernel: [    2.999360] CPU87: Booted secondary processor 0x00003b0300 [0x481fd010]
Jul 30 16:06:37 ubuntu kernel: [    3.039345] Detected VIPT I-cache on CPU88
Jul 30 16:06:37 ubuntu kernel: [    3.039384] GICv3: CPU88: found redistributor 3c0000 region 88:0x00002000aa500000
Jul 30 16:06:37 ubuntu kernel: [    3.039418] GICv3: CPU88: using allocated LPI pending table @0x00000027fee30000
Jul 30 16:06:37 ubuntu kernel: [    3.039481] CPU88: Booted secondary processor 0x00003c0000 [0x481fd010]
Jul 30 16:06:37 ubuntu kernel: [    3.079443] Detected VIPT I-cache on CPU89
Jul 30 16:06:37 ubuntu kernel: [    3.079480] GICv3: CPU89: found redistributor 3c0100 region 89:0x00002000aa540000
Jul 30 16:06:37 ubuntu kernel: [    3.079504] GICv3: CPU89: using allocated LPI pending table @0x00000027fee40000
Jul 30 16:06:37 ubuntu kernel: [    3.079562] CPU89: Booted secondary processor 0x00003c0100 [0x481fd010]
Jul 30 16:06:37 ubuntu kernel: [    3.119545] Detected VIPT I-cache on CPU90
Jul 30 16:06:37 ubuntu kernel: [    3.119583] GICv3: CPU90: found redistributor 3c0200 region 90:0x00002000aa580000
Jul 30 16:06:37 ubuntu kernel: [    3.119605] GICv3: CPU90: using allocated LPI pending table @0x00000027fee50000
Jul 30 16:06:37 ubuntu kernel: [    3.119663] CPU90: Booted secondary processor 0x00003c0200 [0x481fd010]
Jul 30 16:06:37 ubuntu kernel: [    3.159646] Detected VIPT I-cache on CPU91
Jul 30 16:06:37 ubuntu kernel: [    3.159683] GICv3: CPU91: found redistributor 3c0300 region 91:0x00002000aa5c0000
Jul 30 16:06:37 ubuntu kernel: [    3.159706] GICv3: CPU91: using allocated LPI pending table @0x00000027fee60000
Jul 30 16:06:37 ubuntu kernel: [    3.159765] CPU91: Booted secondary processor 0x00003c0300 [0x481fd010]
Jul 30 16:06:37 ubuntu kernel: [    3.199925] Detected VIPT I-cache on CPU92
Jul 30 16:06:37 ubuntu kernel: [    3.199964] GICv3: CPU92: found redistributor 3d0000 region 92:0x00002000aa600000
Jul 30 16:06:37 ubuntu kernel: [    3.199998] GICv3: CPU92: using allocated LPI pending table @0x00000027fee70000
Jul 30 16:06:37 ubuntu kernel: [    3.200060] CPU92: Booted secondary processor 0x00003d0000 [0x481fd010]
Jul 30 16:06:37 ubuntu kernel: [    3.240197] Detected VIPT I-cache on CPU93
Jul 30 16:06:37 ubuntu kernel: [    3.240235] GICv3: CPU93: found redistributor 3d0100 region 93:0x00002000aa640000
Jul 30 16:06:37 ubuntu kernel: [    3.240258] GICv3: CPU93: using allocated LPI pending table @0x00000027fee80000
Jul 30 16:06:37 ubuntu kernel: [    3.240316] CPU93: Booted secondary processor 0x00003d0100 [0x481fd010]
Jul 30 16:06:37 ubuntu kernel: [    3.280472] Detected VIPT I-cache on CPU94
Jul 30 16:06:37 ubuntu kernel: [    3.280510] GICv3: CPU94: found redistributor 3d0200 region 94:0x00002000aa680000
Jul 30 16:06:37 ubuntu kernel: [    3.280533] GICv3: CPU94: using allocated LPI pending table @0x00000027fee90000
Jul 30 16:06:37 ubuntu kernel: [    3.280591] CPU94: Booted secondary processor 0x00003d0200 [0x481fd010]
Jul 30 16:06:37 ubuntu kernel: [    3.320748] Detected VIPT I-cache on CPU95
Jul 30 16:06:37 ubuntu kernel: [    3.320785] GICv3: CPU95: found redistributor 3d0300 region 95:0x00002000aa6c0000
Jul 30 16:06:37 ubuntu kernel: [    3.320808] GICv3: CPU95: using allocated LPI pending table @0x00000027feea0000
Jul 30 16:06:37 ubuntu kernel: [    3.320866] CPU95: Booted secondary processor 0x00003d0300 [0x481fd010]
Jul 30 16:06:37 ubuntu kernel: [    3.321700] smp: Brought up 4 nodes, 96 CPUs
Jul 30 16:06:37 ubuntu kernel: [    3.322271] SMP: Total of 96 processors activated.
Jul 30 16:06:37 ubuntu kernel: [    3.322274] CPU features: detected: Privileged Access Never
Jul 30 16:06:37 ubuntu kernel: [    3.322275] CPU features: detected: LSE atomic instructions
Jul 30 16:06:37 ubuntu kernel: [    3.322278] CPU features: detected: User Access Override
Jul 30 16:06:37 ubuntu kernel: [    3.322280] CPU features: detected: Common not Private translations
Jul 30 16:06:37 ubuntu kernel: [    3.322282] CPU features: detected: Data cache clean to Point of Persistence
Jul 30 16:06:37 ubuntu kernel: [    3.322284] CPU features: detected: RAS Extension Support
Jul 30 16:06:37 ubuntu kernel: [    3.322286] CPU features: detected: CRC32 instructions
Jul 30 16:06:37 ubuntu kernel: [    3.386453] CPU: All CPU(s) started at EL2
Jul 30 16:06:37 ubuntu kernel: [    3.402752] devtmpfs: initialized
Jul 30 16:06:37 ubuntu kernel: [    3.405377] Registered cp15_barrier emulation handler
Jul 30 16:06:37 ubuntu kernel: [    3.405417] Registered setend emulation handler
Jul 30 16:06:37 ubuntu kernel: [    3.405421] KASLR disabled due to lack of seed
Jul 30 16:06:37 ubuntu kernel: [    3.405834] clocksource: jiffies: mask: 0xffffffff max_cycles: 0xffffffff, max_idle_ns: 7645041785100000 ns
Jul 30 16:06:37 ubuntu kernel: [    3.406230] futex hash table entries: 32768 (order: 9, 2097152 bytes, vmalloc)
Jul 30 16:06:37 ubuntu kernel: [    3.407063] pinctrl core: initialized pinctrl subsystem
Jul 30 16:06:37 ubuntu kernel: [    3.407241] thermal_sys: Registered thermal governor 'fair_share'
Jul 30 16:06:37 ubuntu kernel: [    3.407242] thermal_sys: Registered thermal governor 'bang_bang'
Jul 30 16:06:37 ubuntu kernel: [    3.407246] thermal_sys: Registered thermal governor 'step_wise'
Jul 30 16:06:37 ubuntu kernel: [    3.407248] thermal_sys: Registered thermal governor 'user_space'
Jul 30 16:06:37 ubuntu kernel: [    3.407356] SMBIOS 3.1.1 present.
Jul 30 16:06:37 ubuntu kernel: [    3.407362] DMI: Huawei TaiShan 200 (Model 2280)/BC82AMDDA, BIOS 1.06 10/29/2019
Jul 30 16:06:37 ubuntu kernel: [    3.407778] NET: Registered protocol family 16
Jul 30 16:06:37 ubuntu kernel: [    3.408969] DMA: preallocated 256 KiB pool for atomic allocations
Jul 30 16:06:37 ubuntu kernel: [    3.408974] audit: initializing netlink subsys (disabled)
Jul 30 16:06:37 ubuntu kernel: [    3.409017] audit: type=2000 audit(0.488:1): state=initialized audit_enabled=0 res=1
Jul 30 16:06:37 ubuntu kernel: [    3.409272] cpuidle: using governor ladder
Jul 30 16:06:37 ubuntu kernel: [    3.409342] cpuidle: using governor menu
Jul 30 16:06:37 ubuntu kernel: [    3.409351] Detected 1 PCC Subspaces
Jul 30 16:06:37 ubuntu kernel: [    3.409378] Registering PCC driver as Mailbox controller
Jul 30 16:06:37 ubuntu kernel: [    3.409460] hw-breakpoint: found 6 breakpoint and 4 watchpoint registers.
Jul 30 16:06:37 ubuntu kernel: [    3.410375] ASID allocator initialised with 65536 entries
Jul 30 16:06:37 ubuntu kernel: [    3.410515] ACPI: bus type PCI registered
Jul 30 16:06:37 ubuntu kernel: [    3.410519] acpiphp: ACPI Hot Plug PCI Controller Driver version: 0.5
Jul 30 16:06:37 ubuntu kernel: [    3.410684] Serial: AMBA PL011 UART driver
Jul 30 16:06:37 ubuntu kernel: [    3.417739] HugeTLB registered 1.00 GiB page size, pre-allocated 0 pages
Jul 30 16:06:37 ubuntu kernel: [    3.417743] HugeTLB registered 32.0 MiB page size, pre-allocated 0 pages
Jul 30 16:06:37 ubuntu kernel: [    3.417746] HugeTLB registered 2.00 MiB page size, pre-allocated 0 pages
Jul 30 16:06:37 ubuntu kernel: [    3.417748] HugeTLB registered 64.0 KiB page size, pre-allocated 0 pages
Jul 30 16:06:37 ubuntu kernel: [    3.421395] fbcon: Taking over console
Jul 30 16:06:37 ubuntu kernel: [    3.421812] ACPI: Added _OSI(Module Device)
Jul 30 16:06:37 ubuntu kernel: [    3.421816] ACPI: Added _OSI(Processor Device)
Jul 30 16:06:37 ubuntu kernel: [    3.421818] ACPI: Added _OSI(3.0 _SCP Extensions)
Jul 30 16:06:37 ubuntu kernel: [    3.421820] ACPI: Added _OSI(Processor Aggregator Device)
Jul 30 16:06:37 ubuntu kernel: [    3.421823] ACPI: Added _OSI(Linux-Dell-Video)
Jul 30 16:06:37 ubuntu kernel: [    3.421825] ACPI: Added _OSI(Linux-Lenovo-NV-HDMI-Audio)
Jul 30 16:06:37 ubuntu kernel: [    3.421828] ACPI: Added _OSI(Linux-HPI-Hybrid-Graphics)
Jul 30 16:06:37 ubuntu kernel: [    3.431139] ACPI: 2 ACPI AML tables successfully acquired and loaded
Jul 30 16:06:37 ubuntu kernel: [    3.434739] ACPI: Interpreter enabled
Jul 30 16:06:37 ubuntu kernel: [    3.434743] ACPI: Using GIC for interrupt routing
Jul 30 16:06:37 ubuntu kernel: [    3.434758] ACPI: MCFG table detected, 1 entries
Jul 30 16:06:37 ubuntu kernel: [    3.434761] ACPI: IORT: [Firmware Bug]: ID count for ID mapping entry is wrong, applying workaround
Jul 30 16:06:37 ubuntu kernel: [    3.434766] ACPI: IORT: SMMU-v3[148000000] Mapped to Proximity domain 0
Jul 30 16:06:37 ubuntu kernel: [    3.434819] ACPI: IORT: SMMU-v3[201000000] Mapped to Proximity domain 0
Jul 30 16:06:37 ubuntu kernel: [    3.434844] ACPI: IORT: SMMU-v3[100000000] Mapped to Proximity domain 0
Jul 30 16:06:37 ubuntu kernel: [    3.434870] ACPI: IORT: SMMU-v3[140000000] Mapped to Proximity domain 0
Jul 30 16:06:37 ubuntu kernel: [    3.434891] ACPI: IORT: SMMU-v3[200148000000] Mapped to Proximity domain 2
Jul 30 16:06:37 ubuntu kernel: [    3.434915] ACPI: IORT: SMMU-v3[200201000000] Mapped to Proximity domain 2
Jul 30 16:06:37 ubuntu kernel: [    3.434937] ACPI: IORT: SMMU-v3[200100000000] Mapped to Proximity domain 2
Jul 30 16:06:37 ubuntu kernel: [    3.434959] ACPI: IORT: SMMU-v3[200140000000] Mapped to Proximity domain 2
Jul 30 16:06:37 ubuntu kernel: [    3.435584] HEST: Table parsing has been initialized.
Jul 30 16:06:37 ubuntu kernel: [    3.463980] ACPI: PCI Root Bridge [PCI0] (domain 0000 [bus 00-3f])
Jul 30 16:06:37 ubuntu kernel: [    3.463988] acpi PNP0A08:00: _OSC: OS supports [ExtendedConfig ASPM ClockPM Segments MSI HPX-Type3]
Jul 30 16:06:37 ubuntu kernel: [    3.464096] acpi PNP0A08:00: _OSC: platform does not support [SHPCHotplug LTR]
Jul 30 16:06:37 ubuntu kernel: [    3.464186] acpi PNP0A08:00: _OSC: OS now controls [PCIeHotplug PME AER PCIeCapability]
Jul 30 16:06:37 ubuntu kernel: [    3.464786] acpi PNP0A08:00: ECAM area [mem 0xd0000000-0xd3ffffff] reserved by PNP0C02:00
Jul 30 16:06:37 ubuntu kernel: [    3.464797] acpi PNP0A08:00: ECAM at [mem 0xd0000000-0xd3ffffff] for [bus 00-3f]
Jul 30 16:06:37 ubuntu kernel: [    3.464824] Remapped I/O 0x00000000f7ff0000 to [io  0x0000-0xffff window]
Jul 30 16:06:37 ubuntu kernel: [    3.464887] PCI host bridge to bus 0000:00
Jul 30 16:06:37 ubuntu kernel: [    3.464890] pci_bus 0000:00: root bus resource [mem 0x80000000000-0x82fffffffff pref window]
Jul 30 16:06:37 ubuntu kernel: [    3.464894] pci_bus 0000:00: root bus resource [mem 0xe0000000-0xf7feffff window]
Jul 30 16:06:37 ubuntu kernel: [    3.464897] pci_bus 0000:00: root bus resource [io  0x0000-0xffff window]
Jul 30 16:06:37 ubuntu kernel: [    3.464900] pci_bus 0000:00: root bus resource [bus 00-3f]
Jul 30 16:06:37 ubuntu kernel: [    3.464933] pci 0000:00:00.0: [19e5:a120] type 01 class 0x060400
Jul 30 16:06:37 ubuntu kernel: [    3.464999] pci 0000:00:00.0: PME# supported from D0 D1 D2 D3hot D3cold
Jul 30 16:06:37 ubuntu kernel: [    3.465073] pci 0000:00:04.0: [19e5:a120] type 01 class 0x060400
Jul 30 16:06:37 ubuntu kernel: [    3.465130] pci 0000:00:04.0: PME# supported from D0 D1 D2 D3hot D3cold
Jul 30 16:06:37 ubuntu kernel: [    3.465192] pci 0000:00:08.0: [19e5:a120] type 01 class 0x060400
Jul 30 16:06:37 ubuntu kernel: [    3.465247] pci 0000:00:08.0: PME# supported from D0 D1 D2 D3hot D3cold
Jul 30 16:06:37 ubuntu kernel: [    3.465304] pci 0000:00:0c.0: [19e5:a120] type 01 class 0x060400
Jul 30 16:06:37 ubuntu kernel: [    3.465358] pci 0000:00:0c.0: PME# supported from D0 D1 D2 D3hot D3cold
Jul 30 16:06:37 ubuntu kernel: [    3.465416] pci 0000:00:10.0: [19e5:a120] type 01 class 0x060400
Jul 30 16:06:37 ubuntu kernel: [    3.465475] pci 0000:00:10.0: PME# supported from D0 D1 D2 D3hot D3cold
Jul 30 16:06:37 ubuntu kernel: [    3.465533] pci 0000:00:11.0: [19e5:a120] type 01 class 0x060400
Jul 30 16:06:37 ubuntu kernel: [    3.465587] pci 0000:00:11.0: PME# supported from D0 D1 D2 D3hot D3cold
Jul 30 16:06:37 ubuntu kernel: [    3.465644] pci 0000:00:12.0: [19e5:a120] type 01 class 0x060400
Jul 30 16:06:37 ubuntu kernel: [    3.465698] pci 0000:00:12.0: PME# supported from D0 D1 D2 D3hot D3cold
Jul 30 16:06:37 ubuntu kernel: [    3.465827] pci 0000:03:00.0: [1000:0016] type 00 class 0x010400
Jul 30 16:06:37 ubuntu kernel: [    3.465849] pci 0000:03:00.0: reg 0x10: [mem 0x80000100000-0x800001fffff 64bit pref]
Jul 30 16:06:37 ubuntu kernel: [    3.465859] pci 0000:03:00.0: reg 0x18: [mem 0x80000000000-0x800000fffff 64bit pref]
Jul 30 16:06:37 ubuntu kernel: [    3.465867] pci 0000:03:00.0: reg 0x20: [mem 0xe6400000-0xe64fffff]
Jul 30 16:06:37 ubuntu kernel: [    3.465875] pci 0000:03:00.0: reg 0x24: [io  0x0000-0x00ff]
Jul 30 16:06:37 ubuntu kernel: [    3.465882] pci 0000:03:00.0: reg 0x30: [mem 0xe6300000-0xe63fffff pref]
Jul 30 16:06:37 ubuntu kernel: [    3.465950] pci 0000:03:00.0: supports D1 D2
Jul 30 16:06:37 ubuntu kernel: [    3.466092] pci 0000:05:00.0: [19e5:1710] type 00 class 0x118000
Jul 30 16:06:37 ubuntu kernel: [    3.466117] pci 0000:05:00.0: reg 0x10: [mem 0xe0000000-0xe3ffffff pref]
Jul 30 16:06:37 ubuntu kernel: [    3.466127] pci 0000:05:00.0: reg 0x14: [mem 0xe6200000-0xe62fffff]
Jul 30 16:06:37 ubuntu kernel: [    3.466278] pci 0000:05:00.0: supports D1
Jul 30 16:06:37 ubuntu kernel: [    3.466281] pci 0000:05:00.0: PME# supported from D0 D1 D3hot
Jul 30 16:06:37 ubuntu kernel: [    3.466418] pci 0000:06:00.0: [19e5:1711] type 00 class 0x030000
Jul 30 16:06:37 ubuntu kernel: [    3.466449] pci 0000:06:00.0: reg 0x10: [mem 0xe4000000-0xe5ffffff pref]
Jul 30 16:06:37 ubuntu kernel: [    3.466463] pci 0000:06:00.0: reg 0x14: [mem 0xe6000000-0xe61fffff]
Jul 30 16:06:37 ubuntu kernel: [    3.466588] pci 0000:06:00.0: BAR 0: assigned to efifb
Jul 30 16:06:37 ubuntu kernel: [    3.466648] pci 0000:06:00.0: supports D1
Jul 30 16:06:37 ubuntu kernel: [    3.466650] pci 0000:06:00.0: PME# supported from D0 D1 D3hot
Jul 30 16:06:37 ubuntu kernel: [    3.466787] pci_bus 0000:00: on NUMA node 0
Jul 30 16:06:37 ubuntu kernel: [    3.466789] pci 0000:00:00.0: PCI bridge to [bus 01]
Jul 30 16:06:37 ubuntu kernel: [    3.466794] pci 0000:00:04.0: PCI bridge to [bus 02]
Jul 30 16:06:37 ubuntu kernel: [    3.466798] pci 0000:00:08.0: PCI bridge to [bus 03]
Jul 30 16:06:37 ubuntu kernel: [    3.466801] pci 0000:00:08.0:   bridge window [io  0x0000-0x0fff]
Jul 30 16:06:37 ubuntu kernel: [    3.466805] pci 0000:00:08.0:   bridge window [mem 0xe6300000-0xe64fffff]
Jul 30 16:06:37 ubuntu kernel: [    3.466808] pci 0000:00:08.0:   bridge window [mem 0x80000000000-0x800001fffff 64bit pref]
Jul 30 16:06:37 ubuntu kernel: [    3.466812] pci 0000:00:0c.0: PCI bridge to [bus 04]
Jul 30 16:06:37 ubuntu kernel: [    3.466817] pci 0000:00:10.0: PCI bridge to [bus 05]
Jul 30 16:06:37 ubuntu kernel: [    3.466820] pci 0000:00:10.0:   bridge window [mem 0xe6200000-0xe62fffff]
Jul 30 16:06:37 ubuntu kernel: [    3.466824] pci 0000:00:10.0:   bridge window [mem 0xe0000000-0xe3ffffff 64bit pref]
Jul 30 16:06:37 ubuntu kernel: [    3.466827] pci 0000:00:11.0: PCI bridge to [bus 06]
Jul 30 16:06:37 ubuntu kernel: [    3.466830] pci 0000:00:11.0:   bridge window [mem 0xe6000000-0xe61fffff]
Jul 30 16:06:37 ubuntu kernel: [    3.466834] pci 0000:00:11.0:   bridge window [mem 0xe4000000-0xe5ffffff 64bit pref]
Jul 30 16:06:37 ubuntu kernel: [    3.466837] pci 0000:00:12.0: PCI bridge to [bus 07]
Jul 30 16:06:37 ubuntu kernel: [    3.466848] pci 0000:00:00.0: PCI bridge to [bus 01]
Jul 30 16:06:37 ubuntu kernel: [    3.466853] pci 0000:00:04.0: PCI bridge to [bus 02]
Jul 30 16:06:37 ubuntu kernel: [    3.466857] pci 0000:00:08.0: PCI bridge to [bus 03]
Jul 30 16:06:37 ubuntu kernel: [    3.466860] pci 0000:00:08.0:   bridge window [io  0x0000-0x0fff]
Jul 30 16:06:37 ubuntu kernel: [    3.466863] pci 0000:00:08.0:   bridge window [mem 0xe6300000-0xe64fffff]
Jul 30 16:06:37 ubuntu kernel: [    3.466866] pci 0000:00:08.0:   bridge window [mem 0x80000000000-0x800001fffff 64bit pref]
Jul 30 16:06:37 ubuntu kernel: [    3.466870] pci 0000:00:0c.0: PCI bridge to [bus 04]
Jul 30 16:06:37 ubuntu kernel: [    3.466875] pci 0000:00:10.0: PCI bridge to [bus 05]
Jul 30 16:06:37 ubuntu kernel: [    3.466878] pci 0000:00:10.0:   bridge window [mem 0xe6200000-0xe62fffff]
Jul 30 16:06:37 ubuntu kernel: [    3.466881] pci 0000:00:10.0:   bridge window [mem 0xe0000000-0xe3ffffff 64bit pref]
Jul 30 16:06:37 ubuntu kernel: [    3.466885] pci 0000:00:11.0: PCI bridge to [bus 06]
Jul 30 16:06:37 ubuntu kernel: [    3.466889] pci 0000:00:11.0:   bridge window [mem 0xe6000000-0xe61fffff]
Jul 30 16:06:37 ubuntu kernel: [    3.466891] pci 0000:00:11.0:   bridge window [mem 0xe4000000-0xe5ffffff 64bit pref]
Jul 30 16:06:37 ubuntu kernel: [    3.466895] pci 0000:00:12.0: PCI bridge to [bus 07]
Jul 30 16:06:37 ubuntu kernel: [    3.466900] pci_bus 0000:00: resource 4 [mem 0x80000000000-0x82fffffffff pref window]
Jul 30 16:06:37 ubuntu kernel: [    3.466904] pci_bus 0000:00: resource 5 [mem 0xe0000000-0xf7feffff window]
Jul 30 16:06:37 ubuntu kernel: [    3.466906] pci_bus 0000:00: resource 6 [io  0x0000-0xffff window]
Jul 30 16:06:37 ubuntu kernel: [    3.466909] pci_bus 0000:03: resource 0 [io  0x0000-0x0fff]
Jul 30 16:06:37 ubuntu kernel: [    3.466912] pci_bus 0000:03: resource 1 [mem 0xe6300000-0xe64fffff]
Jul 30 16:06:37 ubuntu kernel: [    3.466915] pci_bus 0000:03: resource 2 [mem 0x80000000000-0x800001fffff 64bit pref]
Jul 30 16:06:37 ubuntu kernel: [    3.466918] pci_bus 0000:05: resource 1 [mem 0xe6200000-0xe62fffff]
Jul 30 16:06:37 ubuntu kernel: [    3.466920] pci_bus 0000:05: resource 2 [mem 0xe0000000-0xe3ffffff 64bit pref]
Jul 30 16:06:37 ubuntu kernel: [    3.466924] pci_bus 0000:06: resource 1 [mem 0xe6000000-0xe61fffff]
Jul 30 16:06:37 ubuntu kernel: [    3.466926] pci_bus 0000:06: resource 2 [mem 0xe4000000-0xe5ffffff 64bit pref]
Jul 30 16:06:37 ubuntu kernel: [    3.466978] ACPI: PCI Root Bridge [PCI1] (domain 0000 [bus 7b])
Jul 30 16:06:37 ubuntu kernel: [    3.466983] acpi PNP0A08:01: _OSC: OS supports [ExtendedConfig ASPM ClockPM Segments MSI HPX-Type3]
Jul 30 16:06:37 ubuntu kernel: [    3.467081] acpi PNP0A08:01: _OSC: platform does not support [PCIeHotplug SHPCHotplug PME AER LTR]
Jul 30 16:06:37 ubuntu kernel: [    3.467170] acpi PNP0A08:01: _OSC: OS now controls [PCIeCapability]
Jul 30 16:06:37 ubuntu kernel: [    3.467760] acpi PNP0A08:01: ECAM area [mem 0xd7b00000-0xd7bfffff] reserved by PNP0C02:00
Jul 30 16:06:37 ubuntu kernel: [    3.467777] acpi PNP0A08:01: ECAM at [mem 0xd7b00000-0xd7bfffff] for [bus 7b]
Jul 30 16:06:37 ubuntu kernel: [    3.467831] PCI host bridge to bus 0000:7b
Jul 30 16:06:37 ubuntu kernel: [    3.467835] pci_bus 0000:7b: root bus resource [mem 0x148800000-0x148ffffff pref window]
Jul 30 16:06:37 ubuntu kernel: [    3.467838] pci_bus 0000:7b: root bus resource [bus 7b]
Jul 30 16:06:37 ubuntu kernel: [    3.467845] pci 0000:7b:00.0: [19e5:a122] type 00 class 0x088000
Jul 30 16:06:37 ubuntu kernel: [    3.467854] pci 0000:7b:00.0: reg 0x18: [mem 0x00000000-0x00003fff 64bit pref]
Jul 30 16:06:37 ubuntu kernel: [    3.467910] pci_bus 0000:7b: on NUMA node 0
Jul 30 16:06:37 ubuntu kernel: [    3.467915] pci 0000:7b:00.0: BAR 2: assigned [mem 0x148800000-0x148803fff 64bit pref]
Jul 30 16:06:37 ubuntu kernel: [    3.467921] pci_bus 0000:7b: resource 4 [mem 0x148800000-0x148ffffff pref window]
Jul 30 16:06:37 ubuntu kernel: [    3.467964] ACPI: PCI Root Bridge [PCI2] (domain 0000 [bus 7a])
Jul 30 16:06:37 ubuntu kernel: [    3.467968] acpi PNP0A08:02: _OSC: OS supports [ExtendedConfig ASPM ClockPM Segments MSI HPX-Type3]
Jul 30 16:06:37 ubuntu kernel: [    3.468063] acpi PNP0A08:02: _OSC: platform does not support [PCIeHotplug SHPCHotplug PME AER LTR]
Jul 30 16:06:37 ubuntu kernel: [    3.468151] acpi PNP0A08:02: _OSC: OS now controls [PCIeCapability]
Jul 30 16:06:37 ubuntu kernel: [    3.468730] acpi PNP0A08:02: ECAM area [mem 0xd7a00000-0xd7afffff] reserved by PNP0C02:00
Jul 30 16:06:37 ubuntu kernel: [    3.468746] acpi PNP0A08:02: ECAM at [mem 0xd7a00000-0xd7afffff] for [bus 7a]
Jul 30 16:06:37 ubuntu kernel: [    3.468799] PCI host bridge to bus 0000:7a
Jul 30 16:06:37 ubuntu kernel: [    3.468802] pci_bus 0000:7a: root bus resource [mem 0x20c000000-0x20c1fffff pref window]
Jul 30 16:06:37 ubuntu kernel: [    3.468805] pci_bus 0000:7a: root bus resource [bus 7a]
Jul 30 16:06:37 ubuntu kernel: [    3.468813] pci 0000:7a:00.0: [19e5:a23b] type 00 class 0x0c0310
Jul 30 16:06:37 ubuntu kernel: [    3.468819] pci 0000:7a:00.0: reg 0x10: [mem 0x20c100000-0x20c100fff 64bit pref]
Jul 30 16:06:37 ubuntu kernel: [    3.468864] pci 0000:7a:01.0: [19e5:a239] type 00 class 0x0c0320
Jul 30 16:06:37 ubuntu kernel: [    3.468871] pci 0000:7a:01.0: reg 0x10: [mem 0x20c101000-0x20c101fff 64bit pref]
Jul 30 16:06:37 ubuntu kernel: [    3.468915] pci 0000:7a:02.0: [19e5:a238] type 00 class 0x0c0330
Jul 30 16:06:37 ubuntu kernel: [    3.468922] pci 0000:7a:02.0: reg 0x10: [mem 0x20c000000-0x20c0fffff 64bit pref]
Jul 30 16:06:37 ubuntu kernel: [    3.468970] pci_bus 0000:7a: on NUMA node 0
Jul 30 16:06:37 ubuntu kernel: [    3.468974] pci 0000:7a:02.0: BAR 0: assigned [mem 0x20c000000-0x20c0fffff 64bit pref]
Jul 30 16:06:37 ubuntu kernel: [    3.468979] pci 0000:7a:00.0: BAR 0: assigned [mem 0x20c100000-0x20c100fff 64bit pref]
Jul 30 16:06:37 ubuntu kernel: [    3.468983] pci 0000:7a:01.0: BAR 0: assigned [mem 0x20c101000-0x20c101fff 64bit pref]
Jul 30 16:06:37 ubuntu kernel: [    3.468989] pci_bus 0000:7a: resource 4 [mem 0x20c000000-0x20c1fffff pref window]
Jul 30 16:06:37 ubuntu kernel: [    3.469029] ACPI: PCI Root Bridge [PCI3] (domain 0000 [bus 78-79])
Jul 30 16:06:37 ubuntu kernel: [    3.469033] acpi PNP0A08:03: _OSC: OS supports [ExtendedConfig ASPM ClockPM Segments MSI HPX-Type3]
Jul 30 16:06:37 ubuntu kernel: [    3.469128] acpi PNP0A08:03: _OSC: platform does not support [PCIeHotplug SHPCHotplug PME AER LTR]
Jul 30 16:06:37 ubuntu kernel: [    3.469216] acpi PNP0A08:03: _OSC: OS now controls [PCIeCapability]
Jul 30 16:06:37 ubuntu kernel: [    3.469798] acpi PNP0A08:03: ECAM area [mem 0xd7800000-0xd79fffff] reserved by PNP0C02:00
Jul 30 16:06:37 ubuntu kernel: [    3.469806] acpi PNP0A08:03: ECAM at [mem 0xd7800000-0xd79fffff] for [bus 78-79]
Jul 30 16:06:37 ubuntu kernel: [    3.469875] PCI host bridge to bus 0000:78
Jul 30 16:06:37 ubuntu kernel: [    3.469878] pci_bus 0000:78: root bus resource [mem 0x208000000-0x208bfffff pref window]
Jul 30 16:06:37 ubuntu kernel: [    3.469881] pci_bus 0000:78: root bus resource [bus 78-79]
Jul 30 16:06:37 ubuntu kernel: [    3.469893] pci_bus 0000:78: on NUMA node 0
Jul 30 16:06:37 ubuntu kernel: [    3.469895] pci_bus 0000:78: resource 4 [mem 0x208000000-0x208bfffff pref window]
Jul 30 16:06:37 ubuntu kernel: [    3.469943] ACPI: PCI Root Bridge [PCI4] (domain 0000 [bus 7c-7d])
Jul 30 16:06:37 ubuntu kernel: [    3.469947] acpi PNP0A08:04: _OSC: OS supports [ExtendedConfig ASPM ClockPM Segments MSI HPX-Type3]
Jul 30 16:06:37 ubuntu kernel: [    3.470041] acpi PNP0A08:04: _OSC: platform does not support [PCIeHotplug SHPCHotplug PME AER LTR]
Jul 30 16:06:37 ubuntu kernel: [    3.470128] acpi PNP0A08:04: _OSC: OS now controls [PCIeCapability]
Jul 30 16:06:37 ubuntu kernel: [    3.470702] acpi PNP0A08:04: ECAM area [mem 0xd7c00000-0xd7dfffff] reserved by PNP0C02:00
Jul 30 16:06:37 ubuntu kernel: [    3.470709] acpi PNP0A08:04: ECAM at [mem 0xd7c00000-0xd7dfffff] for [bus 7c-7d]
Jul 30 16:06:37 ubuntu kernel: [    3.470761] PCI host bridge to bus 0000:7c
Jul 30 16:06:37 ubuntu kernel: [    3.470764] pci_bus 0000:7c: root bus resource [mem 0x120000000-0x13fffffff pref window]
Jul 30 16:06:37 ubuntu kernel: [    3.470767] pci_bus 0000:7c: root bus resource [bus 7c-7d]
Jul 30 16:06:37 ubuntu kernel: [    3.470775] pci 0000:7c:00.0: [19e5:a121] type 01 class 0x060400
Jul 30 16:06:37 ubuntu kernel: [    3.470785] pci 0000:7c:00.0: enabling Extended Tags
Jul 30 16:06:37 ubuntu kernel: [    3.470858] pci 0000:7d:00.0: [19e5:a222] type 00 class 0x020000
Jul 30 16:06:37 ubuntu kernel: [    3.470866] pci 0000:7d:00.0: reg 0x10: [mem 0x1210f0000-0x1210fffff 64bit pref]
Jul 30 16:06:37 ubuntu kernel: [    3.470871] pci 0000:7d:00.0: reg 0x18: [mem 0x120f00000-0x120ffffff 64bit pref]
Jul 30 16:06:37 ubuntu kernel: [    3.470894] pci 0000:7d:00.0: reg 0x224: [mem 0x1210c0000-0x1210cffff 64bit pref]
Jul 30 16:06:37 ubuntu kernel: [    3.470898] pci 0000:7d:00.0: VF(n) BAR0 space: [mem 0x1210c0000-0x1210effff 64bit pref] (contains BAR0 for 3 VFs)
Jul 30 16:06:37 ubuntu kernel: [    3.470903] pci 0000:7d:00.0: reg 0x22c: [mem 0x120c00000-0x120cfffff 64bit pref]
Jul 30 16:06:37 ubuntu kernel: [    3.470906] pci 0000:7d:00.0: VF(n) BAR2 space: [mem 0x120c00000-0x120efffff 64bit pref] (contains BAR2 for 3 VFs)
Jul 30 16:06:37 ubuntu kernel: [    3.470957] pci 0000:7d:00.1: [19e5:a221] type 00 class 0x020000
Jul 30 16:06:37 ubuntu kernel: [    3.470964] pci 0000:7d:00.1: reg 0x10: [mem 0x1210b0000-0x1210bffff 64bit pref]
Jul 30 16:06:37 ubuntu kernel: [    3.470970] pci 0000:7d:00.1: reg 0x18: [mem 0x120b00000-0x120bfffff 64bit pref]
Jul 30 16:06:37 ubuntu kernel: [    3.470992] pci 0000:7d:00.1: reg 0x224: [mem 0x121080000-0x12108ffff 64bit pref]
Jul 30 16:06:37 ubuntu kernel: [    3.470995] pci 0000:7d:00.1: VF(n) BAR0 space: [mem 0x121080000-0x1210affff 64bit pref] (contains BAR0 for 3 VFs)
Jul 30 16:06:37 ubuntu kernel: [    3.471000] pci 0000:7d:00.1: reg 0x22c: [mem 0x120800000-0x1208fffff 64bit pref]
Jul 30 16:06:37 ubuntu kernel: [    3.471003] pci 0000:7d:00.1: VF(n) BAR2 space: [mem 0x120800000-0x120afffff 64bit pref] (contains BAR2 for 3 VFs)
Jul 30 16:06:37 ubuntu kernel: [    3.471058] pci 0000:7d:00.2: [19e5:a222] type 00 class 0x020000
Jul 30 16:06:37 ubuntu kernel: [    3.471065] pci 0000:7d:00.2: reg 0x10: [mem 0x121070000-0x12107ffff 64bit pref]
Jul 30 16:06:37 ubuntu kernel: [    3.471071] pci 0000:7d:00.2: reg 0x18: [mem 0x120700000-0x1207fffff 64bit pref]
Jul 30 16:06:37 ubuntu kernel: [    3.471092] pci 0000:7d:00.2: reg 0x224: [mem 0x121040000-0x12104ffff 64bit pref]
Jul 30 16:06:37 ubuntu kernel: [    3.471095] pci 0000:7d:00.2: VF(n) BAR0 space: [mem 0x121040000-0x12106ffff 64bit pref] (contains BAR0 for 3 VFs)
Jul 30 16:06:37 ubuntu kernel: [    3.471101] pci 0000:7d:00.2: reg 0x22c: [mem 0x120400000-0x1204fffff 64bit pref]
Jul 30 16:06:37 ubuntu kernel: [    3.471104] pci 0000:7d:00.2: VF(n) BAR2 space: [mem 0x120400000-0x1206fffff 64bit pref] (contains BAR2 for 3 VFs)
Jul 30 16:06:37 ubuntu kernel: [    3.471152] pci 0000:7d:00.3: [19e5:a221] type 00 class 0x020000
Jul 30 16:06:37 ubuntu kernel: [    3.471159] pci 0000:7d:00.3: reg 0x10: [mem 0x121030000-0x12103ffff 64bit pref]
Jul 30 16:06:37 ubuntu kernel: [    3.471164] pci 0000:7d:00.3: reg 0x18: [mem 0x120300000-0x1203fffff 64bit pref]
Jul 30 16:06:37 ubuntu kernel: [    3.471185] pci 0000:7d:00.3: reg 0x224: [mem 0x121000000-0x12100ffff 64bit pref]
Jul 30 16:06:37 ubuntu kernel: [    3.471188] pci 0000:7d:00.3: VF(n) BAR0 space: [mem 0x121000000-0x12102ffff 64bit pref] (contains BAR0 for 3 VFs)
Jul 30 16:06:37 ubuntu kernel: [    3.471194] pci 0000:7d:00.3: reg 0x22c: [mem 0x120000000-0x1200fffff 64bit pref]
Jul 30 16:06:37 ubuntu kernel: [    3.471197] pci 0000:7d:00.3: VF(n) BAR2 space: [mem 0x120000000-0x1202fffff 64bit pref] (contains BAR2 for 3 VFs)
Jul 30 16:06:37 ubuntu kernel: [    3.471252] pci_bus 0000:7c: on NUMA node 0
Jul 30 16:06:37 ubuntu kernel: [    3.471258] pci 0000:7c:00.0: bridge window [mem 0x00100000-0x005fffff 64bit pref] to [bus 7d] add_size c00000 add_align 100000
Jul 30 16:06:37 ubuntu kernel: [    3.471263] pci 0000:7c:00.0: BAR 15: assigned [mem 0x120000000-0x1210fffff 64bit pref]
Jul 30 16:06:37 ubuntu kernel: [    3.471272] pci 0000:7d:00.0: BAR 2: assigned [mem 0x120000000-0x1200fffff 64bit pref]
Jul 30 16:06:37 ubuntu kernel: [    3.471276] pci 0000:7d:00.0: BAR 9: assigned [mem 0x120100000-0x1203fffff 64bit pref]
Jul 30 16:06:37 ubuntu kernel: [    3.471280] pci 0000:7d:00.1: BAR 2: assigned [mem 0x120400000-0x1204fffff 64bit pref]
Jul 30 16:06:37 ubuntu kernel: [    3.471285] pci 0000:7d:00.1: BAR 9: assigned [mem 0x120500000-0x1207fffff 64bit pref]
Jul 30 16:06:37 ubuntu kernel: [    3.471289] pci 0000:7d:00.2: BAR 2: assigned [mem 0x120800000-0x1208fffff 64bit pref]
Jul 30 16:06:37 ubuntu kernel: [    3.471293] pci 0000:7d:00.2: BAR 9: assigned [mem 0x120900000-0x120bfffff 64bit pref]
Jul 30 16:06:37 ubuntu kernel: [    3.471297] pci 0000:7d:00.3: BAR 2: assigned [mem 0x120c00000-0x120cfffff 64bit pref]
Jul 30 16:06:37 ubuntu kernel: [    3.471302] pci 0000:7d:00.3: BAR 9: assigned [mem 0x120d00000-0x120ffffff 64bit pref]
Jul 30 16:06:37 ubuntu kernel: [    3.471306] pci 0000:7d:00.0: BAR 0: assigned [mem 0x121000000-0x12100ffff 64bit pref]
Jul 30 16:06:37 ubuntu kernel: [    3.471310] pci 0000:7d:00.0: BAR 7: assigned [mem 0x121010000-0x12103ffff 64bit pref]
Jul 30 16:06:37 ubuntu kernel: [    3.471314] pci 0000:7d:00.1: BAR 0: assigned [mem 0x121040000-0x12104ffff 64bit pref]
Jul 30 16:06:37 ubuntu kernel: [    3.471319] pci 0000:7d:00.1: BAR 7: assigned [mem 0x121050000-0x12107ffff 64bit pref]
Jul 30 16:06:37 ubuntu kernel: [    3.471322] pci 0000:7d:00.2: BAR 0: assigned [mem 0x121080000-0x12108ffff 64bit pref]
Jul 30 16:06:37 ubuntu kernel: [    3.471327] pci 0000:7d:00.2: BAR 7: assigned [mem 0x121090000-0x1210bffff 64bit pref]
Jul 30 16:06:37 ubuntu kernel: [    3.471331] pci 0000:7d:00.3: BAR 0: assigned [mem 0x1210c0000-0x1210cffff 64bit pref]
Jul 30 16:06:37 ubuntu kernel: [    3.471335] pci 0000:7d:00.3: BAR 7: assigned [mem 0x1210d0000-0x1210fffff 64bit pref]
Jul 30 16:06:37 ubuntu kernel: [    3.471341] pci 0000:7c:00.0: PCI bridge to [bus 7d]
Jul 30 16:06:37 ubuntu kernel: [    3.471345] pci 0000:7c:00.0:   bridge window [mem 0x120000000-0x1210fffff 64bit pref]
Jul 30 16:06:37 ubuntu kernel: [    3.471349] pci_bus 0000:7c: resource 4 [mem 0x120000000-0x13fffffff pref window]
Jul 30 16:06:37 ubuntu kernel: [    3.471352] pci_bus 0000:7d: resource 2 [mem 0x120000000-0x1210fffff 64bit pref]
Jul 30 16:06:37 ubuntu kernel: [    3.471397] ACPI: PCI Root Bridge [PCI5] (domain 0000 [bus 74-76])
Jul 30 16:06:37 ubuntu kernel: [    3.471402] acpi PNP0A08:05: _OSC: OS supports [ExtendedConfig ASPM ClockPM Segments MSI HPX-Type3]
Jul 30 16:06:37 ubuntu kernel: [    3.471497] acpi PNP0A08:05: _OSC: platform does not support [PCIeHotplug SHPCHotplug PME AER LTR]
Jul 30 16:06:37 ubuntu kernel: [    3.471585] acpi PNP0A08:05: _OSC: OS now controls [PCIeCapability]
Jul 30 16:06:37 ubuntu kernel: [    3.472167] acpi PNP0A08:05: ECAM area [mem 0xd7400000-0xd76fffff] reserved by PNP0C02:00
Jul 30 16:06:37 ubuntu kernel: [    3.472182] acpi PNP0A08:05: ECAM at [mem 0xd7400000-0xd76fffff] for [bus 74-76]
Jul 30 16:06:37 ubuntu kernel: [    3.472267] PCI host bridge to bus 0000:74
Jul 30 16:06:37 ubuntu kernel: [    3.472271] pci_bus 0000:74: root bus resource [mem 0x141000000-0x141ffffff pref window]
Jul 30 16:06:37 ubuntu kernel: [    3.472274] pci_bus 0000:74: root bus resource [mem 0x144000000-0x145ffffff pref window]
Jul 30 16:06:37 ubuntu kernel: [    3.472278] pci_bus 0000:74: root bus resource [mem 0xa2000000-0xa2ffffff window]
Jul 30 16:06:37 ubuntu kernel: [    3.472281] pci_bus 0000:74: root bus resource [bus 74-76]
Jul 30 16:06:37 ubuntu kernel: [    3.472289] pci 0000:74:01.0: [19e5:a121] type 01 class 0x060400
Jul 30 16:06:37 ubuntu kernel: [    3.472299] pci 0000:74:01.0: enabling Extended Tags
Jul 30 16:06:37 ubuntu kernel: [    3.472376] pci 0000:74:02.0: [19e5:a230] type 00 class 0x010700
Jul 30 16:06:37 ubuntu kernel: [    3.472386] pci 0000:74:02.0: reg 0x24: [mem 0xa2008000-0xa200ffff]
Jul 30 16:06:37 ubuntu kernel: [    3.472466] pci 0000:74:03.0: [19e5:a235] type 00 class 0x010601
Jul 30 16:06:37 ubuntu kernel: [    3.472479] pci 0000:74:03.0: reg 0x24: [mem 0xa2010000-0xa2010fff]
Jul 30 16:06:37 ubuntu kernel: [    3.472530] pci 0000:74:04.0: [19e5:a230] type 00 class 0x010700
Jul 30 16:06:37 ubuntu kernel: [    3.472540] pci 0000:74:04.0: reg 0x24: [mem 0xa2000000-0xa2007fff]
Jul 30 16:06:37 ubuntu kernel: [    3.472652] pci 0000:75:00.0: [19e5:a255] type 00 class 0x100000
Jul 30 16:06:37 ubuntu kernel: [    3.472661] pci 0000:75:00.0: reg 0x18: [mem 0x144000000-0x1443fffff 64bit pref]
Jul 30 16:06:37 ubuntu kernel: [    3.472686] pci 0000:75:00.0: reg 0x22c: [mem 0x144400000-0x14440ffff 64bit pref]
Jul 30 16:06:37 ubuntu kernel: [    3.472690] pci 0000:75:00.0: VF(n) BAR2 space: [mem 0x144400000-0x1447effff 64bit pref] (contains BAR2 for 63 VFs)
Jul 30 16:06:37 ubuntu kernel: [    3.472797] pci_bus 0000:74: on NUMA node 0
Jul 30 16:06:37 ubuntu kernel: [    3.472801] pci 0000:74:01.0: bridge window [mem 0x00400000-0x007fffff 64bit pref] to [bus 75] add_size 400000 add_align 400000
Jul 30 16:06:37 ubuntu kernel: [    3.472806] pci 0000:74:01.0: BAR 15: assigned [mem 0x141000000-0x1417fffff 64bit pref]
Jul 30 16:06:37 ubuntu kernel: [    3.472810] pci 0000:74:02.0: BAR 5: assigned [mem 0xa2000000-0xa2007fff]
Jul 30 16:06:37 ubuntu kernel: [    3.472813] pci 0000:74:04.0: BAR 5: assigned [mem 0xa2008000-0xa200ffff]
Jul 30 16:06:37 ubuntu kernel: [    3.472817] pci 0000:74:03.0: BAR 5: assigned [mem 0xa2010000-0xa2010fff]
Jul 30 16:06:37 ubuntu kernel: [    3.472821] pci 0000:75:00.0: BAR 2: assigned [mem 0x141000000-0x1413fffff 64bit pref]
Jul 30 16:06:37 ubuntu kernel: [    3.472825] pci 0000:75:00.0: BAR 9: assigned [mem 0x141400000-0x1417effff 64bit pref]
Jul 30 16:06:37 ubuntu kernel: [    3.472829] pci 0000:74:01.0: PCI bridge to [bus 75]
Jul 30 16:06:37 ubuntu kernel: [    3.472833] pci 0000:74:01.0:   bridge window [mem 0x141000000-0x1417fffff 64bit pref]
Jul 30 16:06:37 ubuntu kernel: [    3.472837] pci_bus 0000:74: resource 4 [mem 0x141000000-0x141ffffff pref window]
Jul 30 16:06:37 ubuntu kernel: [    3.472841] pci_bus 0000:74: resource 5 [mem 0x144000000-0x145ffffff pref window]
Jul 30 16:06:37 ubuntu kernel: [    3.472844] pci_bus 0000:74: resource 6 [mem 0xa2000000-0xa2ffffff window]
Jul 30 16:06:37 ubuntu kernel: [    3.472847] pci_bus 0000:75: resource 2 [mem 0x141000000-0x1417fffff 64bit pref]
Jul 30 16:06:37 ubuntu kernel: [    3.472912] ACPI: PCI Root Bridge [PCI6] (domain 0000 [bus 80-9f])
Jul 30 16:06:37 ubuntu kernel: [    3.472917] acpi PNP0A08:06: _OSC: OS supports [ExtendedConfig ASPM ClockPM Segments MSI HPX-Type3]
Jul 30 16:06:37 ubuntu kernel: [    3.473013] acpi PNP0A08:06: _OSC: platform does not support [SHPCHotplug LTR]
Jul 30 16:06:37 ubuntu kernel: [    3.473100] acpi PNP0A08:06: _OSC: OS now controls [PCIeHotplug PME AER PCIeCapability]
