Jul 26 08:59:17 ubuntu kernel: [    0.000000] Booting Linux on physical CPU 0x0000080000 [0x481fd010]
Jul 26 08:59:17 ubuntu kernel: [    0.000000] Linux version 5.7.1 (root@ubuntu) (gcc version 5.5.0 20171010 (Ubuntu/Linaro 5.5.0-12ubuntu1), GNU ld (GNU Binutils for Ubuntu) 2.30) #1 SMP Sat Jul 24 17:25:17 CST 2021
Jul 26 08:59:17 ubuntu kernel: [    0.000000] efi: EFI v2.70 by EDK II
Jul 26 08:59:17 ubuntu kernel: [    0.000000] efi:  ACPI 2.0=0x2fc50000  SMBIOS 3.0=0x2fbf0000  MEMATTR=0x35e93018  ESRT=0x36117b18  MEMRESERVE=0x2fb93018 
Jul 26 08:59:17 ubuntu kernel: [    0.000000] esrt: Reserving ESRT space from 0x0000000036117b18 to 0x0000000036117b50.
Jul 26 08:59:17 ubuntu kernel: [    0.000000] cma: Reserved 32 MiB at 0x000000007e000000
Jul 26 08:59:17 ubuntu kernel: [    0.000000] ACPI: Early table checksum verification disabled
Jul 26 08:59:17 ubuntu kernel: [    0.000000] ACPI: RSDP 0x000000002FC50000 000024 (v02 HISI  )
Jul 26 08:59:17 ubuntu kernel: [    0.000000] ACPI: XSDT 0x000000002FC40000 0000A4 (v01 HISI   HIP08    00000000      01000013)
Jul 26 08:59:17 ubuntu kernel: [    0.000000] ACPI: FACP 0x000000002F790000 000114 (v06 HISI   HIP08    00000000 HISI 20151124)
Jul 26 08:59:17 ubuntu kernel: [    0.000000] ACPI: DSDT 0x000000002F530000 00C441 (v02 HISI   HIP08    00000000 INTL 20181213)
Jul 26 08:59:17 ubuntu kernel: [    0.000000] ACPI: PCCT 0x000000002FC30000 00008A (v01 HISI   HIP08    00000000 HISI 20151124)
Jul 26 08:59:17 ubuntu kernel: [    0.000000] ACPI: SSDT 0x000000002FC20000 00E64A (v02 HISI   HIP07    00000000 INTL 20181213)
Jul 26 08:59:17 ubuntu kernel: [    0.000000] ACPI: BERT 0x000000002FBC0000 000030 (v01 HISI   HIP08    00000000 HISI 20151124)
Jul 26 08:59:17 ubuntu kernel: [    0.000000] ACPI: HEST 0x000000002FBA0000 00058C (v01 HISI   HIP08    00000000 HISI 20151124)
Jul 26 08:59:17 ubuntu kernel: [    0.000000] ACPI: ERST 0x000000002FB60000 000230 (v01 HISI   HIP08    00000000 HISI 20151124)
Jul 26 08:59:17 ubuntu kernel: [    0.000000] ACPI: EINJ 0x000000002FB50000 000170 (v01 HISI   HIP08    00000000 HISI 20151124)
Jul 26 08:59:17 ubuntu kernel: [    0.000000] ACPI: GTDT 0x000000002F590000 00007C (v02 HISI   HIP08    00000000 HISI 20151124)
Jul 26 08:59:17 ubuntu kernel: [    0.000000] ACPI: MCFG 0x000000002F580000 00003C (v01 HISI   HIP08    00000000 HISI 20151124)
Jul 26 08:59:17 ubuntu kernel: [    0.000000] ACPI: SLIT 0x000000002F570000 00003C (v01 HISI   HIP08    00000000 HISI 20151124)
Jul 26 08:59:17 ubuntu kernel: [    0.000000] ACPI: SRAT 0x000000002F560000 0007D0 (v03 HISI   HIP08    00000000 HISI 20151124)
Jul 26 08:59:17 ubuntu kernel: [    0.000000] ACPI: SDEI 0x000000002F550000 000030 (v01 HISI   HIP08    00000000 HISI 20151124)
Jul 26 08:59:17 ubuntu kernel: [    0.000000] ACPI: APIC 0x000000002F540000 001E6C (v04 HISI   HIP08    00000000 HISI 20151124)
Jul 26 08:59:17 ubuntu kernel: [    0.000000] ACPI: IORT 0x000000002F520000 001678 (v00 HISI   HIP08    00000000 INTL 20181213)
Jul 26 08:59:17 ubuntu kernel: [    0.000000] ACPI: PPTT 0x000000002ECE0000 0031B0 (v01 HISI   HIP08    00000000 HISI 20151124)
Jul 26 08:59:17 ubuntu kernel: [    0.000000] ACPI: SPMI 0x000000002ECD0000 000041 (v05 HISI   HIP08    00000000 HISI 20151124)
Jul 26 08:59:17 ubuntu kernel: [    0.000000] ACPI: SRAT: Node 0 PXM 0 [mem 0x2080000000-0x27ffffffff]
Jul 26 08:59:17 ubuntu kernel: [    0.000000] ACPI: SRAT: Node 1 PXM 1 [mem 0x2800000000-0x2fffffffff]
Jul 26 08:59:17 ubuntu kernel: [    0.000000] ACPI: SRAT: Node 0 PXM 0 [mem 0x00000000-0x7fffffff]
Jul 26 08:59:17 ubuntu kernel: [    0.000000] ACPI: SRAT: Node 2 PXM 2 [mem 0x202000000000-0x2027ffffffff]
Jul 26 08:59:17 ubuntu kernel: [    0.000000] ACPI: SRAT: Node 3 PXM 3 [mem 0x202800000000-0x202fffffffff]
Jul 26 08:59:17 ubuntu kernel: [    0.000000] NUMA: NODE_DATA [mem 0x27ffffc300-0x27ffffffff]
Jul 26 08:59:17 ubuntu kernel: [    0.000000] NUMA: NODE_DATA [mem 0x2fffffc300-0x2fffffffff]
Jul 26 08:59:17 ubuntu kernel: [    0.000000] NUMA: NODE_DATA [mem 0x2027ffffc300-0x2027ffffffff]
Jul 26 08:59:17 ubuntu kernel: [    0.000000] NUMA: NODE_DATA [mem 0x202feffff300-0x202ff0002fff]
Jul 26 08:59:17 ubuntu kernel: [    0.000000] Zone ranges:
Jul 26 08:59:17 ubuntu kernel: [    0.000000]   DMA      [mem 0x0000000000000000-0x000000003fffffff]
Jul 26 08:59:17 ubuntu kernel: [    0.000000]   DMA32    [mem 0x0000000040000000-0x00000000ffffffff]
Jul 26 08:59:17 ubuntu kernel: [    0.000000]   Normal   [mem 0x0000000100000000-0x0000202fffffffff]
Jul 26 08:59:17 ubuntu kernel: [    0.000000] Movable zone start for each node
Jul 26 08:59:17 ubuntu kernel: [    0.000000] Early memory node ranges
Jul 26 08:59:17 ubuntu kernel: [    0.000000]   node   0: [mem 0x0000000000000000-0x000000000000ffff]
Jul 26 08:59:17 ubuntu kernel: [    0.000000]   node   0: [mem 0x0000000000010000-0x000000002e501fff]
Jul 26 08:59:17 ubuntu kernel: [    0.000000]   node   0: [mem 0x000000002e502000-0x000000002eccffff]
Jul 26 08:59:17 ubuntu kernel: [    0.000000]   node   0: [mem 0x000000002ecd0000-0x000000002f59ffff]
Jul 26 08:59:17 ubuntu kernel: [    0.000000]   node   0: [mem 0x000000002f5a0000-0x000000002f78ffff]
Jul 26 08:59:17 ubuntu kernel: [    0.000000]   node   0: [mem 0x000000002f790000-0x000000002f79ffff]
Jul 26 08:59:17 ubuntu kernel: [    0.000000]   node   0: [mem 0x000000002f7a0000-0x000000002f87ffff]
Jul 26 08:59:17 ubuntu kernel: [    0.000000]   node   0: [mem 0x000000002f880000-0x000000002f8bffff]
Jul 26 08:59:17 ubuntu kernel: [    0.000000]   node   0: [mem 0x000000002f8c0000-0x000000002f95ffff]
Jul 26 08:59:17 ubuntu kernel: [    0.000000]   node   0: [mem 0x000000002f960000-0x000000002f97ffff]
Jul 26 08:59:17 ubuntu kernel: [    0.000000]   node   0: [mem 0x000000002f980000-0x000000002fabffff]
Jul 26 08:59:17 ubuntu kernel: [    0.000000]   node   0: [mem 0x000000002fac0000-0x000000002fb6ffff]
Jul 26 08:59:17 ubuntu kernel: [    0.000000]   node   0: [mem 0x000000002fb70000-0x000000002fb71fff]
Jul 26 08:59:17 ubuntu kernel: [    0.000000]   node   0: [mem 0x000000002fb72000-0x000000002fb7ffff]
Jul 26 08:59:17 ubuntu kernel: [    0.000000]   node   0: [mem 0x000000002fb80000-0x000000002fb80fff]
Jul 26 08:59:17 ubuntu kernel: [    0.000000]   node   0: [mem 0x000000002fb81000-0x000000002fb8ffff]
Jul 26 08:59:17 ubuntu kernel: [    0.000000]   node   0: [mem 0x000000002fb90000-0x000000002fb91fff]
Jul 26 08:59:17 ubuntu kernel: [    0.000000]   node   0: [mem 0x000000002fb92000-0x000000002fbaffff]
Jul 26 08:59:17 ubuntu kernel: [    0.000000]   node   0: [mem 0x000000002fbb0000-0x000000002fbb1fff]
Jul 26 08:59:17 ubuntu kernel: [    0.000000]   node   0: [mem 0x000000002fbb2000-0x000000002fbcffff]
Jul 26 08:59:17 ubuntu kernel: [    0.000000]   node   0: [mem 0x000000002fbd0000-0x000000002fbd0fff]
Jul 26 08:59:17 ubuntu kernel: [    0.000000]   node   0: [mem 0x000000002fbd1000-0x000000002fbdffff]
Jul 26 08:59:17 ubuntu kernel: [    0.000000]   node   0: [mem 0x000000002fbe0000-0x000000002fbfffff]
Jul 26 08:59:17 ubuntu kernel: [    0.000000]   node   0: [mem 0x000000002fc00000-0x000000002fc5ffff]
Jul 26 08:59:17 ubuntu kernel: [    0.000000]   node   0: [mem 0x000000002fc60000-0x000000002fe5ffff]
Jul 26 08:59:17 ubuntu kernel: [    0.000000]   node   0: [mem 0x000000002fe60000-0x000000002fe60fff]
Jul 26 08:59:17 ubuntu kernel: [    0.000000]   node   0: [mem 0x000000002fe61000-0x000000002fe64fff]
Jul 26 08:59:17 ubuntu kernel: [    0.000000]   node   0: [mem 0x000000002fe65000-0x000000002fe6afff]
Jul 26 08:59:17 ubuntu kernel: [    0.000000]   node   0: [mem 0x000000002fe6b000-0x000000002fe6bfff]
Jul 26 08:59:17 ubuntu kernel: [    0.000000]   node   0: [mem 0x000000002fe6c000-0x000000003f02ffff]
Jul 26 08:59:17 ubuntu kernel: [    0.000000]   node   0: [mem 0x000000003f030000-0x000000003f05ffff]
Jul 26 08:59:17 ubuntu kernel: [    0.000000]   node   0: [mem 0x000000003f060000-0x000000003fbfffff]
Jul 26 08:59:17 ubuntu kernel: [    0.000000]   node   0: [mem 0x0000000040000000-0x0000000043ffffff]
Jul 26 08:59:17 ubuntu kernel: [    0.000000]   node   0: [mem 0x0000000044030000-0x000000004fffffff]
Jul 26 08:59:17 ubuntu kernel: [    0.000000]   node   0: [mem 0x0000000050000000-0x000000007fffffff]
Jul 26 08:59:17 ubuntu kernel: [    0.000000]   node   0: [mem 0x0000002080000000-0x00000027ffffffff]
Jul 26 08:59:17 ubuntu kernel: [    0.000000]   node   1: [mem 0x0000002800000000-0x0000002fffffffff]
Jul 26 08:59:17 ubuntu kernel: [    0.000000]   node   2: [mem 0x0000202000000000-0x00002027ffffffff]
Jul 26 08:59:17 ubuntu kernel: [    0.000000]   node   3: [mem 0x0000202800000000-0x0000202fffffffff]
Jul 26 08:59:17 ubuntu kernel: [    0.000000] Zeroed struct page in unavailable ranges: 814 pages
Jul 26 08:59:17 ubuntu kernel: [    0.000000] Initmem setup node 0 [mem 0x0000000000000000-0x00000027ffffffff]
Jul 26 08:59:17 ubuntu kernel: [    0.000000] On node 0 totalpages: 8387536
Jul 26 08:59:17 ubuntu kernel: [    0.000000]   DMA zone: 5120 pages used for memmap
Jul 26 08:59:17 ubuntu kernel: [    0.000000]   DMA zone: 0 pages reserved
Jul 26 08:59:17 ubuntu kernel: [    0.000000]   DMA zone: 261120 pages, LIFO batch:63
Jul 26 08:59:17 ubuntu kernel: [    0.000000]   DMA32 zone: 5120 pages used for memmap
Jul 26 08:59:17 ubuntu kernel: [    0.000000]   DMA32 zone: 262096 pages, LIFO batch:63
Jul 26 08:59:17 ubuntu kernel: [    0.000000]   Normal zone: 153600 pages used for memmap
Jul 26 08:59:17 ubuntu kernel: [    0.000000]   Normal zone: 7864320 pages, LIFO batch:63
Jul 26 08:59:17 ubuntu kernel: [    0.000000] Initmem setup node 1 [mem 0x0000002800000000-0x0000002fffffffff]
Jul 26 08:59:17 ubuntu kernel: [    0.000000] On node 1 totalpages: 8388608
Jul 26 08:59:17 ubuntu kernel: [    0.000000]   Normal zone: 163840 pages used for memmap
Jul 26 08:59:17 ubuntu kernel: [    0.000000]   Normal zone: 8388608 pages, LIFO batch:63
Jul 26 08:59:17 ubuntu kernel: [    0.000000] Initmem setup node 2 [mem 0x0000202000000000-0x00002027ffffffff]
Jul 26 08:59:17 ubuntu kernel: [    0.000000] On node 2 totalpages: 8388608
Jul 26 08:59:17 ubuntu kernel: [    0.000000]   Normal zone: 163840 pages used for memmap
Jul 26 08:59:17 ubuntu kernel: [    0.000000]   Normal zone: 8388608 pages, LIFO batch:63
Jul 26 08:59:17 ubuntu kernel: [    0.000000] Initmem setup node 3 [mem 0x0000202800000000-0x0000202fffffffff]
Jul 26 08:59:17 ubuntu kernel: [    0.000000] On node 3 totalpages: 8388608
Jul 26 08:59:17 ubuntu kernel: [    0.000000]   Normal zone: 163840 pages used for memmap
Jul 26 08:59:17 ubuntu kernel: [    0.000000]   Normal zone: 8388608 pages, LIFO batch:63
Jul 26 08:59:17 ubuntu kernel: [    0.000000] psci: probing for conduit method from ACPI.
Jul 26 08:59:17 ubuntu kernel: [    0.000000] psci: PSCIv1.1 detected in firmware.
Jul 26 08:59:17 ubuntu kernel: [    0.000000] psci: Using standard PSCI v0.2 function IDs
Jul 26 08:59:17 ubuntu kernel: [    0.000000] psci: MIGRATE_INFO_TYPE not supported.
Jul 26 08:59:17 ubuntu kernel: [    0.000000] psci: SMC Calling Convention v1.1
Jul 26 08:59:17 ubuntu kernel: [    0.000000] ACPI: NUMA: SRAT: PXM 0 -> MPIDR 0x80000 -> Node 0
Jul 26 08:59:17 ubuntu kernel: [    0.000000] ACPI: NUMA: SRAT: PXM 0 -> MPIDR 0x80100 -> Node 0
Jul 26 08:59:17 ubuntu kernel: [    0.000000] ACPI: NUMA: SRAT: PXM 0 -> MPIDR 0x80200 -> Node 0
Jul 26 08:59:17 ubuntu kernel: [    0.000000] ACPI: NUMA: SRAT: PXM 0 -> MPIDR 0x80300 -> Node 0
Jul 26 08:59:17 ubuntu kernel: [    0.000000] ACPI: NUMA: SRAT: PXM 0 -> MPIDR 0x90000 -> Node 0
Jul 26 08:59:17 ubuntu kernel: [    0.000000] ACPI: NUMA: SRAT: PXM 0 -> MPIDR 0x90100 -> Node 0
Jul 26 08:59:17 ubuntu kernel: [    0.000000] ACPI: NUMA: SRAT: PXM 0 -> MPIDR 0x90200 -> Node 0
Jul 26 08:59:17 ubuntu kernel: [    0.000000] ACPI: NUMA: SRAT: PXM 0 -> MPIDR 0x90300 -> Node 0
Jul 26 08:59:17 ubuntu kernel: [    0.000000] ACPI: NUMA: SRAT: PXM 0 -> MPIDR 0xa0000 -> Node 0
Jul 26 08:59:17 ubuntu kernel: [    0.000000] ACPI: NUMA: SRAT: PXM 0 -> MPIDR 0xa0100 -> Node 0
Jul 26 08:59:17 ubuntu kernel: [    0.000000] ACPI: NUMA: SRAT: PXM 0 -> MPIDR 0xa0200 -> Node 0
Jul 26 08:59:17 ubuntu kernel: [    0.000000] ACPI: NUMA: SRAT: PXM 0 -> MPIDR 0xa0300 -> Node 0
Jul 26 08:59:17 ubuntu kernel: [    0.000000] ACPI: NUMA: SRAT: PXM 0 -> MPIDR 0xb0000 -> Node 0
Jul 26 08:59:17 ubuntu kernel: [    0.000000] ACPI: NUMA: SRAT: PXM 0 -> MPIDR 0xb0100 -> Node 0
Jul 26 08:59:17 ubuntu kernel: [    0.000000] ACPI: NUMA: SRAT: PXM 0 -> MPIDR 0xb0200 -> Node 0
Jul 26 08:59:17 ubuntu kernel: [    0.000000] ACPI: NUMA: SRAT: PXM 0 -> MPIDR 0xb0300 -> Node 0
Jul 26 08:59:17 ubuntu kernel: [    0.000000] ACPI: NUMA: SRAT: PXM 0 -> MPIDR 0xc0000 -> Node 0
Jul 26 08:59:17 ubuntu kernel: [    0.000000] ACPI: NUMA: SRAT: PXM 0 -> MPIDR 0xc0100 -> Node 0
Jul 26 08:59:17 ubuntu kernel: [    0.000000] ACPI: NUMA: SRAT: PXM 0 -> MPIDR 0xc0200 -> Node 0
Jul 26 08:59:17 ubuntu kernel: [    0.000000] ACPI: NUMA: SRAT: PXM 0 -> MPIDR 0xc0300 -> Node 0
Jul 26 08:59:17 ubuntu kernel: [    0.000000] ACPI: NUMA: SRAT: PXM 0 -> MPIDR 0xd0000 -> Node 0
Jul 26 08:59:17 ubuntu kernel: [    0.000000] ACPI: NUMA: SRAT: PXM 0 -> MPIDR 0xd0100 -> Node 0
Jul 26 08:59:17 ubuntu kernel: [    0.000000] ACPI: NUMA: SRAT: PXM 0 -> MPIDR 0xd0200 -> Node 0
Jul 26 08:59:17 ubuntu kernel: [    0.000000] ACPI: NUMA: SRAT: PXM 0 -> MPIDR 0xd0300 -> Node 0
Jul 26 08:59:17 ubuntu kernel: [    0.000000] ACPI: NUMA: SRAT: PXM 1 -> MPIDR 0x180000 -> Node 1
Jul 26 08:59:17 ubuntu kernel: [    0.000000] ACPI: NUMA: SRAT: PXM 1 -> MPIDR 0x180100 -> Node 1
Jul 26 08:59:17 ubuntu kernel: [    0.000000] ACPI: NUMA: SRAT: PXM 1 -> MPIDR 0x180200 -> Node 1
Jul 26 08:59:17 ubuntu kernel: [    0.000000] ACPI: NUMA: SRAT: PXM 1 -> MPIDR 0x180300 -> Node 1
Jul 26 08:59:17 ubuntu kernel: [    0.000000] ACPI: NUMA: SRAT: PXM 1 -> MPIDR 0x190000 -> Node 1
Jul 26 08:59:17 ubuntu kernel: [    0.000000] ACPI: NUMA: SRAT: PXM 1 -> MPIDR 0x190100 -> Node 1
Jul 26 08:59:17 ubuntu kernel: [    0.000000] ACPI: NUMA: SRAT: PXM 1 -> MPIDR 0x190200 -> Node 1
Jul 26 08:59:17 ubuntu kernel: [    0.000000] ACPI: NUMA: SRAT: PXM 1 -> MPIDR 0x190300 -> Node 1
Jul 26 08:59:17 ubuntu kernel: [    0.000000] ACPI: NUMA: SRAT: PXM 1 -> MPIDR 0x1a0000 -> Node 1
Jul 26 08:59:17 ubuntu kernel: [    0.000000] ACPI: NUMA: SRAT: PXM 1 -> MPIDR 0x1a0100 -> Node 1
Jul 26 08:59:17 ubuntu kernel: [    0.000000] ACPI: NUMA: SRAT: PXM 1 -> MPIDR 0x1a0200 -> Node 1
Jul 26 08:59:17 ubuntu kernel: [    0.000000] ACPI: NUMA: SRAT: PXM 1 -> MPIDR 0x1a0300 -> Node 1
Jul 26 08:59:17 ubuntu kernel: [    0.000000] ACPI: NUMA: SRAT: PXM 1 -> MPIDR 0x1b0000 -> Node 1
Jul 26 08:59:17 ubuntu kernel: [    0.000000] ACPI: NUMA: SRAT: PXM 1 -> MPIDR 0x1b0100 -> Node 1
Jul 26 08:59:17 ubuntu kernel: [    0.000000] ACPI: NUMA: SRAT: PXM 1 -> MPIDR 0x1b0200 -> Node 1
Jul 26 08:59:17 ubuntu kernel: [    0.000000] ACPI: NUMA: SRAT: PXM 1 -> MPIDR 0x1b0300 -> Node 1
Jul 26 08:59:17 ubuntu kernel: [    0.000000] ACPI: NUMA: SRAT: PXM 1 -> MPIDR 0x1c0000 -> Node 1
Jul 26 08:59:17 ubuntu kernel: [    0.000000] ACPI: NUMA: SRAT: PXM 1 -> MPIDR 0x1c0100 -> Node 1
Jul 26 08:59:17 ubuntu kernel: [    0.000000] ACPI: NUMA: SRAT: PXM 1 -> MPIDR 0x1c0200 -> Node 1
Jul 26 08:59:17 ubuntu kernel: [    0.000000] ACPI: NUMA: SRAT: PXM 1 -> MPIDR 0x1c0300 -> Node 1
Jul 26 08:59:17 ubuntu kernel: [    0.000000] ACPI: NUMA: SRAT: PXM 1 -> MPIDR 0x1d0000 -> Node 1
Jul 26 08:59:17 ubuntu kernel: [    0.000000] ACPI: NUMA: SRAT: PXM 1 -> MPIDR 0x1d0100 -> Node 1
Jul 26 08:59:17 ubuntu kernel: [    0.000000] ACPI: NUMA: SRAT: PXM 1 -> MPIDR 0x1d0200 -> Node 1
Jul 26 08:59:17 ubuntu kernel: [    0.000000] ACPI: NUMA: SRAT: PXM 1 -> MPIDR 0x1d0300 -> Node 1
Jul 26 08:59:17 ubuntu kernel: [    0.000000] ACPI: NUMA: SRAT: PXM 2 -> MPIDR 0x280000 -> Node 2
Jul 26 08:59:17 ubuntu kernel: [    0.000000] ACPI: NUMA: SRAT: PXM 2 -> MPIDR 0x280100 -> Node 2
Jul 26 08:59:17 ubuntu kernel: [    0.000000] ACPI: NUMA: SRAT: PXM 2 -> MPIDR 0x280200 -> Node 2
Jul 26 08:59:17 ubuntu kernel: [    0.000000] ACPI: NUMA: SRAT: PXM 2 -> MPIDR 0x280300 -> Node 2
Jul 26 08:59:17 ubuntu kernel: [    0.000000] ACPI: NUMA: SRAT: PXM 2 -> MPIDR 0x290000 -> Node 2
Jul 26 08:59:17 ubuntu kernel: [    0.000000] ACPI: NUMA: SRAT: PXM 2 -> MPIDR 0x290100 -> Node 2
Jul 26 08:59:17 ubuntu kernel: [    0.000000] ACPI: NUMA: SRAT: PXM 2 -> MPIDR 0x290200 -> Node 2
Jul 26 08:59:17 ubuntu kernel: [    0.000000] ACPI: NUMA: SRAT: PXM 2 -> MPIDR 0x290300 -> Node 2
Jul 26 08:59:17 ubuntu kernel: [    0.000000] ACPI: NUMA: SRAT: PXM 2 -> MPIDR 0x2a0000 -> Node 2
Jul 26 08:59:17 ubuntu kernel: [    0.000000] ACPI: NUMA: SRAT: PXM 2 -> MPIDR 0x2a0100 -> Node 2
Jul 26 08:59:17 ubuntu kernel: [    0.000000] ACPI: NUMA: SRAT: PXM 2 -> MPIDR 0x2a0200 -> Node 2
Jul 26 08:59:17 ubuntu kernel: [    0.000000] ACPI: NUMA: SRAT: PXM 2 -> MPIDR 0x2a0300 -> Node 2
Jul 26 08:59:17 ubuntu kernel: [    0.000000] ACPI: NUMA: SRAT: PXM 2 -> MPIDR 0x2b0000 -> Node 2
Jul 26 08:59:17 ubuntu kernel: [    0.000000] ACPI: NUMA: SRAT: PXM 2 -> MPIDR 0x2b0100 -> Node 2
Jul 26 08:59:17 ubuntu kernel: [    0.000000] ACPI: NUMA: SRAT: PXM 2 -> MPIDR 0x2b0200 -> Node 2
Jul 26 08:59:17 ubuntu kernel: [    0.000000] ACPI: NUMA: SRAT: PXM 2 -> MPIDR 0x2b0300 -> Node 2
Jul 26 08:59:17 ubuntu kernel: [    0.000000] ACPI: NUMA: SRAT: PXM 2 -> MPIDR 0x2c0000 -> Node 2
Jul 26 08:59:17 ubuntu kernel: [    0.000000] ACPI: NUMA: SRAT: PXM 2 -> MPIDR 0x2c0100 -> Node 2
Jul 26 08:59:17 ubuntu kernel: [    0.000000] ACPI: NUMA: SRAT: PXM 2 -> MPIDR 0x2c0200 -> Node 2
Jul 26 08:59:17 ubuntu kernel: [    0.000000] ACPI: NUMA: SRAT: PXM 2 -> MPIDR 0x2c0300 -> Node 2
Jul 26 08:59:17 ubuntu kernel: [    0.000000] ACPI: NUMA: SRAT: PXM 2 -> MPIDR 0x2d0000 -> Node 2
Jul 26 08:59:17 ubuntu kernel: [    0.000000] ACPI: NUMA: SRAT: PXM 2 -> MPIDR 0x2d0100 -> Node 2
Jul 26 08:59:17 ubuntu kernel: [    0.000000] ACPI: NUMA: SRAT: PXM 2 -> MPIDR 0x2d0200 -> Node 2
Jul 26 08:59:17 ubuntu kernel: [    0.000000] ACPI: NUMA: SRAT: PXM 2 -> MPIDR 0x2d0300 -> Node 2
Jul 26 08:59:17 ubuntu kernel: [    0.000000] ACPI: NUMA: SRAT: PXM 3 -> MPIDR 0x380000 -> Node 3
Jul 26 08:59:17 ubuntu kernel: [    0.000000] ACPI: NUMA: SRAT: PXM 3 -> MPIDR 0x380100 -> Node 3
Jul 26 08:59:17 ubuntu kernel: [    0.000000] ACPI: NUMA: SRAT: PXM 3 -> MPIDR 0x380200 -> Node 3
Jul 26 08:59:17 ubuntu kernel: [    0.000000] ACPI: NUMA: SRAT: PXM 3 -> MPIDR 0x380300 -> Node 3
Jul 26 08:59:17 ubuntu kernel: [    0.000000] ACPI: NUMA: SRAT: PXM 3 -> MPIDR 0x390000 -> Node 3
Jul 26 08:59:17 ubuntu kernel: [    0.000000] ACPI: NUMA: SRAT: PXM 3 -> MPIDR 0x390100 -> Node 3
Jul 26 08:59:17 ubuntu kernel: [    0.000000] ACPI: NUMA: SRAT: PXM 3 -> MPIDR 0x390200 -> Node 3
Jul 26 08:59:17 ubuntu kernel: [    0.000000] ACPI: NUMA: SRAT: PXM 3 -> MPIDR 0x390300 -> Node 3
Jul 26 08:59:17 ubuntu kernel: [    0.000000] ACPI: NUMA: SRAT: PXM 3 -> MPIDR 0x3a0000 -> Node 3
Jul 26 08:59:17 ubuntu kernel: [    0.000000] ACPI: NUMA: SRAT: PXM 3 -> MPIDR 0x3a0100 -> Node 3
Jul 26 08:59:17 ubuntu kernel: [    0.000000] ACPI: NUMA: SRAT: PXM 3 -> MPIDR 0x3a0200 -> Node 3
Jul 26 08:59:17 ubuntu kernel: [    0.000000] ACPI: NUMA: SRAT: PXM 3 -> MPIDR 0x3a0300 -> Node 3
Jul 26 08:59:17 ubuntu kernel: [    0.000000] ACPI: NUMA: SRAT: PXM 3 -> MPIDR 0x3b0000 -> Node 3
Jul 26 08:59:17 ubuntu kernel: [    0.000000] ACPI: NUMA: SRAT: PXM 3 -> MPIDR 0x3b0100 -> Node 3
Jul 26 08:59:17 ubuntu kernel: [    0.000000] ACPI: NUMA: SRAT: PXM 3 -> MPIDR 0x3b0200 -> Node 3
Jul 26 08:59:17 ubuntu kernel: [    0.000000] ACPI: NUMA: SRAT: PXM 3 -> MPIDR 0x3b0300 -> Node 3
Jul 26 08:59:17 ubuntu kernel: [    0.000000] ACPI: NUMA: SRAT: PXM 3 -> MPIDR 0x3c0000 -> Node 3
Jul 26 08:59:17 ubuntu kernel: [    0.000000] ACPI: NUMA: SRAT: PXM 3 -> MPIDR 0x3c0100 -> Node 3
Jul 26 08:59:17 ubuntu kernel: [    0.000000] ACPI: NUMA: SRAT: PXM 3 -> MPIDR 0x3c0200 -> Node 3
Jul 26 08:59:17 ubuntu kernel: [    0.000000] ACPI: NUMA: SRAT: PXM 3 -> MPIDR 0x3c0300 -> Node 3
Jul 26 08:59:17 ubuntu kernel: [    0.000000] ACPI: NUMA: SRAT: PXM 3 -> MPIDR 0x3d0000 -> Node 3
Jul 26 08:59:17 ubuntu kernel: [    0.000000] ACPI: NUMA: SRAT: PXM 3 -> MPIDR 0x3d0100 -> Node 3
Jul 26 08:59:17 ubuntu kernel: [    0.000000] ACPI: NUMA: SRAT: PXM 3 -> MPIDR 0x3d0200 -> Node 3
Jul 26 08:59:17 ubuntu kernel: [    0.000000] ACPI: NUMA: SRAT: PXM 3 -> MPIDR 0x3d0300 -> Node 3
Jul 26 08:59:17 ubuntu kernel: [    0.000000] percpu: Embedded 33 pages/cpu s94616 r8192 d32360 u135168
Jul 26 08:59:17 ubuntu kernel: [    0.000000] pcpu-alloc: s94616 r8192 d32360 u135168 alloc=33*4096
Jul 26 08:59:17 ubuntu kernel: [    0.000000] pcpu-alloc: [0] 00 [0] 01 [0] 02 [0] 03 [0] 04 [0] 05 [0] 06 [0] 07 
Jul 26 08:59:17 ubuntu kernel: [    0.000000] pcpu-alloc: [0] 08 [0] 09 [0] 10 [0] 11 [0] 12 [0] 13 [0] 14 [0] 15 
Jul 26 08:59:17 ubuntu kernel: [    0.000000] pcpu-alloc: [0] 16 [0] 17 [0] 18 [0] 19 [0] 20 [0] 21 [0] 22 [0] 23 
Jul 26 08:59:17 ubuntu kernel: [    0.000000] pcpu-alloc: [1] 24 [1] 25 [1] 26 [1] 27 [1] 28 [1] 29 [1] 30 [1] 31 
Jul 26 08:59:17 ubuntu kernel: [    0.000000] pcpu-alloc: [1] 32 [1] 33 [1] 34 [1] 35 [1] 36 [1] 37 [1] 38 [1] 39 
Jul 26 08:59:17 ubuntu kernel: [    0.000000] pcpu-alloc: [1] 40 [1] 41 [1] 42 [1] 43 [1] 44 [1] 45 [1] 46 [1] 47 
Jul 26 08:59:17 ubuntu kernel: [    0.000000] pcpu-alloc: [2] 48 [2] 49 [2] 50 [2] 51 [2] 52 [2] 53 [2] 54 [2] 55 
Jul 26 08:59:17 ubuntu kernel: [    0.000000] pcpu-alloc: [2] 56 [2] 57 [2] 58 [2] 59 [2] 60 [2] 61 [2] 62 [2] 63 
Jul 26 08:59:17 ubuntu kernel: [    0.000000] pcpu-alloc: [2] 64 [2] 65 [2] 66 [2] 67 [2] 68 [2] 69 [2] 70 [2] 71 
Jul 26 08:59:17 ubuntu kernel: [    0.000000] pcpu-alloc: [3] 72 [3] 73 [3] 74 [3] 75 [3] 76 [3] 77 [3] 78 [3] 79 
Jul 26 08:59:17 ubuntu kernel: [    0.000000] pcpu-alloc: [3] 80 [3] 81 [3] 82 [3] 83 [3] 84 [3] 85 [3] 86 [3] 87 
Jul 26 08:59:17 ubuntu kernel: [    0.000000] pcpu-alloc: [3] 88 [3] 89 [3] 90 [3] 91 [3] 92 [3] 93 [3] 94 [3] 95 
Jul 26 08:59:17 ubuntu kernel: [    0.000000] Detected VIPT I-cache on CPU0
Jul 26 08:59:17 ubuntu kernel: [    0.000000] CPU features: detected: GIC system register CPU interface
Jul 26 08:59:17 ubuntu kernel: [    0.000000] CPU features: detected: Virtualization Host Extensions
Jul 26 08:59:17 ubuntu kernel: [    0.000000] CPU features: detected: Hardware dirty bit management
Jul 26 08:59:17 ubuntu kernel: [    0.000000] alternatives: patching kernel code
Jul 26 08:59:17 ubuntu kernel: [    0.000000] Built 4 zonelists, mobility grouping on.  Total pages: 32898000
Jul 26 08:59:17 ubuntu kernel: [    0.000000] Policy zone: Normal
Jul 26 08:59:17 ubuntu kernel: [    0.000000] Kernel command line: BOOT_IMAGE=/boot/vmlinuz-5.7.1 root=UUID=87f15ea3-75f7-4c9d-add6-30cc3fc19001 ro text
Jul 26 08:59:17 ubuntu kernel: [    0.000000] printk: log_buf_len individual max cpu contribution: 4096 bytes
Jul 26 08:59:17 ubuntu kernel: [    0.000000] printk: log_buf_len total cpu_extra contributions: 389120 bytes
Jul 26 08:59:17 ubuntu kernel: [    0.000000] printk: log_buf_len min size: 262144 bytes
Jul 26 08:59:17 ubuntu kernel: [    0.000000] printk: log_buf_len: 1048576 bytes
Jul 26 08:59:17 ubuntu kernel: [    0.000000] printk: early log buf free: 245788(93%)
Jul 26 08:59:17 ubuntu kernel: [    0.000000] mem auto-init: stack:off, heap alloc:on, heap free:off
Jul 26 08:59:17 ubuntu kernel: [    0.000000] software IO TLB: mapped [mem 0x3b030000-0x3f030000] (64MB)
Jul 26 08:59:17 ubuntu kernel: [    0.000000] Memory: 130842204K/134213440K available (14140K kernel code, 2356K rwdata, 6884K rodata, 7040K init, 1134K bss, 3338468K reserved, 32768K cma-reserved)
Jul 26 08:59:17 ubuntu kernel: [    0.000000] random: get_random_u64 called from __kmem_cache_create+0x5c/0x5d8 with crng_init=0
Jul 26 08:59:17 ubuntu kernel: [    0.000000] SLUB: HWalign=64, Order=0-3, MinObjects=0, CPUs=96, Nodes=4
Jul 26 08:59:17 ubuntu kernel: [    0.000000] ftrace: allocating 46053 entries in 180 pages
Jul 26 08:59:17 ubuntu kernel: [    0.000000] ftrace: allocated 180 pages with 4 groups
Jul 26 08:59:17 ubuntu kernel: [    0.000000] rcu: Hierarchical RCU implementation.
Jul 26 08:59:17 ubuntu kernel: [    0.000000] rcu: 	RCU restricting CPUs from NR_CPUS=256 to nr_cpu_ids=96.
Jul 26 08:59:17 ubuntu kernel: [    0.000000] 	Tasks RCU enabled.
Jul 26 08:59:17 ubuntu kernel: [    0.000000] rcu: RCU calculated value of scheduler-enlistment delay is 25 jiffies.
Jul 26 08:59:17 ubuntu kernel: [    0.000000] rcu: Adjusting geometry for rcu_fanout_leaf=16, nr_cpu_ids=96
Jul 26 08:59:17 ubuntu kernel: [    0.000000] NR_IRQS: 64, nr_irqs: 64, preallocated irqs: 0
Jul 26 08:59:17 ubuntu kernel: [    0.000000] GICv3: GIC: Using split EOI/Deactivate mode
Jul 26 08:59:17 ubuntu kernel: [    0.000000] GICv3: 640 SPIs implemented
Jul 26 08:59:17 ubuntu kernel: [    0.000000] GICv3: 0 Extended SPIs implemented
Jul 26 08:59:17 ubuntu kernel: [    0.000000] GICv3: Distributor has no Range Selector support
Jul 26 08:59:17 ubuntu kernel: [    0.000000] GICv3: 16 PPIs implemented
Jul 26 08:59:17 ubuntu kernel: [    0.000000] GICv3: GICv4 features: DirectLPI 
Jul 26 08:59:17 ubuntu kernel: [    0.000000] GICv3: CPU0: found redistributor 80000 region 0:0x00000000ae100000
Jul 26 08:59:17 ubuntu kernel: [    0.000000] SRAT: PXM 0 -> ITS 0 -> Node 0
Jul 26 08:59:17 ubuntu kernel: [    0.000000] SRAT: PXM 2 -> ITS 1 -> Node 2
Jul 26 08:59:17 ubuntu kernel: [    0.000000] ITS [mem 0x202100000-0x20211ffff]
Jul 26 08:59:17 ubuntu kernel: [    0.000000] ITS@0x0000000202100000: Using ITS number 0
Jul 26 08:59:17 ubuntu kernel: [    0.000000] ITS@0x0000000202100000: allocated 65536 Devices @27ffb80000 (flat, esz 8, psz 16K, shr 1)
Jul 26 08:59:17 ubuntu kernel: [    0.000000] ITS@0x0000000202100000: allocated 65536 Virtual CPUs @27ff000000 (flat, esz 16, psz 4K, shr 1)
Jul 26 08:59:17 ubuntu kernel: [    0.000000] ITS@0x0000000202100000: allocated 256 Interrupt Collections @27ffb10000 (flat, esz 16, psz 4K, shr 1)
Jul 26 08:59:17 ubuntu kernel: [    0.000000] ITS [mem 0x200202100000-0x20020211ffff]
Jul 26 08:59:17 ubuntu kernel: [    0.000000] ITS@0x0000200202100000: Using ITS number 1
Jul 26 08:59:17 ubuntu kernel: [    0.000000] ITS@0x0000200202100000: allocated 65536 Devices @2027ff880000 (flat, esz 8, psz 16K, shr 1)
Jul 26 08:59:17 ubuntu kernel: [    0.000000] ITS@0x0000200202100000: allocated 65536 Virtual CPUs @2027ff900000 (flat, esz 16, psz 4K, shr 1)
Jul 26 08:59:17 ubuntu kernel: [    0.000000] ITS@0x0000200202100000: allocated 256 Interrupt Collections @2027ff801000 (flat, esz 16, psz 4K, shr 1)
Jul 26 08:59:17 ubuntu kernel: [    0.000000] GICv3: using LPI property table @0x00000027ffb20000
Jul 26 08:59:17 ubuntu kernel: [    0.000000] ITS: Using DirectLPI for VPE invalidation
Jul 26 08:59:17 ubuntu kernel: [    0.000000] ITS: Enabling GICv4 support
Jul 26 08:59:17 ubuntu kernel: [    0.000000] GICv3: CPU0: using allocated LPI pending table @0x00000027ffb30000
Jul 26 08:59:17 ubuntu kernel: [    0.000000] arch_timer: cp15 timer(s) running at 100.00MHz (phys).
Jul 26 08:59:17 ubuntu kernel: [    0.000000] clocksource: arch_sys_counter: mask: 0xffffffffffffff max_cycles: 0x171024e7e0, max_idle_ns: 440795205315 ns
Jul 26 08:59:17 ubuntu kernel: [    0.000001] sched_clock: 56 bits at 100MHz, resolution 10ns, wraps every 4398046511100ns
Jul 26 08:59:17 ubuntu kernel: [    0.000113] Console: colour dummy device 80x25
Jul 26 08:59:17 ubuntu kernel: [    0.000439] printk: console [tty0] enabled
Jul 26 08:59:17 ubuntu kernel: [    0.000503] mempolicy: Enabling automatic NUMA balancing. Configure with numa_balancing= or the kernel.numa_balancing sysctl
Jul 26 08:59:17 ubuntu kernel: [    0.000518] ACPI: Core revision 20200326
Jul 26 08:59:17 ubuntu kernel: [    0.000717] Calibrating delay loop (skipped), value calculated using timer frequency.. 200.00 BogoMIPS (lpj=400000)
Jul 26 08:59:17 ubuntu kernel: [    0.000723] pid_max: default: 98304 minimum: 768
Jul 26 08:59:17 ubuntu kernel: [    0.000800] LSM: Security Framework initializing
Jul 26 08:59:17 ubuntu kernel: [    0.000807] Yama: becoming mindful.
Jul 26 08:59:17 ubuntu kernel: [    0.000839] AppArmor: AppArmor initialized
Jul 26 08:59:17 ubuntu kernel: [    0.013253] Dentry cache hash table entries: 8388608 (order: 14, 67108864 bytes, vmalloc)
Jul 26 08:59:17 ubuntu kernel: [    0.019404] Inode-cache hash table entries: 4194304 (order: 13, 33554432 bytes, vmalloc)
Jul 26 08:59:17 ubuntu kernel: [    0.019650] Mount-cache hash table entries: 131072 (order: 8, 1048576 bytes, vmalloc)
Jul 26 08:59:17 ubuntu kernel: [    0.019847] Mountpoint-cache hash table entries: 131072 (order: 8, 1048576 bytes, vmalloc)
Jul 26 08:59:17 ubuntu kernel: [    0.022264] rcu: Hierarchical SRCU implementation.
Jul 26 08:59:17 ubuntu kernel: [    0.022727] Platform MSI: ITS@0x202100000 domain created
Jul 26 08:59:17 ubuntu kernel: [    0.022732] Platform MSI: ITS@0x200202100000 domain created
Jul 26 08:59:17 ubuntu kernel: [    0.022738] PCI/MSI: ITS@0x202100000 domain created
Jul 26 08:59:17 ubuntu kernel: [    0.022741] PCI/MSI: ITS@0x200202100000 domain created
Jul 26 08:59:17 ubuntu kernel: [    0.022755] Remapping and enabling EFI services.
Jul 26 08:59:17 ubuntu kernel: [    0.022962] efi: memattr: Entry attributes invalid: RO and XP bits both cleared
Jul 26 08:59:17 ubuntu kernel: [    0.022967] efi: memattr: ! 0x000000000000-0x00000000ffff [Runtime Code       |RUN|  |  |  |  |  |  |  |   |  |  |  |  ]
Jul 26 08:59:17 ubuntu kernel: [    0.024154] smp: Bringing up secondary CPUs ...
Jul 26 08:59:17 ubuntu kernel: [    0.053992] Detected VIPT I-cache on CPU1
Jul 26 08:59:17 ubuntu kernel: [    0.053998] GICv3: CPU1: found redistributor 80100 region 1:0x00000000ae140000
Jul 26 08:59:17 ubuntu kernel: [    0.054013] GICv3: CPU1: using allocated LPI pending table @0x00000027ffb40000
Jul 26 08:59:17 ubuntu kernel: [    0.054049] CPU1: Booted secondary processor 0x0000080100 [0x481fd010]
Jul 26 08:59:17 ubuntu kernel: [    0.086535] Detected VIPT I-cache on CPU2
Jul 26 08:59:17 ubuntu kernel: [    0.086539] GICv3: CPU2: found redistributor 80200 region 2:0x00000000ae180000
Jul 26 08:59:17 ubuntu kernel: [    0.086552] GICv3: CPU2: using allocated LPI pending table @0x00000027ffb50000
Jul 26 08:59:17 ubuntu kernel: [    0.086584] CPU2: Booted secondary processor 0x0000080200 [0x481fd010]
Jul 26 08:59:17 ubuntu kernel: [    0.119085] Detected VIPT I-cache on CPU3
Jul 26 08:59:17 ubuntu kernel: [    0.119089] GICv3: CPU3: found redistributor 80300 region 3:0x00000000ae1c0000
Jul 26 08:59:17 ubuntu kernel: [    0.119101] GICv3: CPU3: using allocated LPI pending table @0x00000027ffb60000
Jul 26 08:59:17 ubuntu kernel: [    0.119131] CPU3: Booted secondary processor 0x0000080300 [0x481fd010]
Jul 26 08:59:17 ubuntu kernel: [    0.151816] Detected VIPT I-cache on CPU4
Jul 26 08:59:17 ubuntu kernel: [    0.151824] GICv3: CPU4: found redistributor 90000 region 4:0x00000000ae200000
Jul 26 08:59:17 ubuntu kernel: [    0.151846] GICv3: CPU4: using allocated LPI pending table @0x00000027ffb70000
Jul 26 08:59:17 ubuntu kernel: [    0.151885] CPU4: Booted secondary processor 0x0000090000 [0x481fd010]
Jul 26 08:59:17 ubuntu kernel: [    0.184533] Detected VIPT I-cache on CPU5
Jul 26 08:59:17 ubuntu kernel: [    0.184538] GICv3: CPU5: found redistributor 90100 region 5:0x00000000ae240000
Jul 26 08:59:17 ubuntu kernel: [    0.184550] GICv3: CPU5: using allocated LPI pending table @0x00000027ff100000
Jul 26 08:59:17 ubuntu kernel: [    0.184582] CPU5: Booted secondary processor 0x0000090100 [0x481fd010]
Jul 26 08:59:17 ubuntu kernel: [    0.217256] Detected VIPT I-cache on CPU6
Jul 26 08:59:17 ubuntu kernel: [    0.217261] GICv3: CPU6: found redistributor 90200 region 6:0x00000000ae280000
Jul 26 08:59:17 ubuntu kernel: [    0.217273] GICv3: CPU6: using allocated LPI pending table @0x00000027ff110000
Jul 26 08:59:17 ubuntu kernel: [    0.217305] CPU6: Booted secondary processor 0x0000090200 [0x481fd010]
Jul 26 08:59:17 ubuntu kernel: [    0.249980] Detected VIPT I-cache on CPU7
Jul 26 08:59:17 ubuntu kernel: [    0.249985] GICv3: CPU7: found redistributor 90300 region 7:0x00000000ae2c0000
Jul 26 08:59:17 ubuntu kernel: [    0.249999] GICv3: CPU7: using allocated LPI pending table @0x00000027ff120000
Jul 26 08:59:17 ubuntu kernel: [    0.250031] CPU7: Booted secondary processor 0x0000090300 [0x481fd010]
Jul 26 08:59:17 ubuntu kernel: [    0.282881] Detected VIPT I-cache on CPU8
Jul 26 08:59:17 ubuntu kernel: [    0.282889] GICv3: CPU8: found redistributor a0000 region 8:0x00000000ae300000
Jul 26 08:59:17 ubuntu kernel: [    0.282906] GICv3: CPU8: using allocated LPI pending table @0x00000027ff130000
Jul 26 08:59:17 ubuntu kernel: [    0.282942] CPU8: Booted secondary processor 0x00000a0000 [0x481fd010]
Jul 26 08:59:17 ubuntu kernel: [    0.315775] Detected VIPT I-cache on CPU9
Jul 26 08:59:17 ubuntu kernel: [    0.315780] GICv3: CPU9: found redistributor a0100 region 9:0x00000000ae340000
Jul 26 08:59:17 ubuntu kernel: [    0.315794] GICv3: CPU9: using allocated LPI pending table @0x00000027ff140000
Jul 26 08:59:17 ubuntu kernel: [    0.315825] CPU9: Booted secondary processor 0x00000a0100 [0x481fd010]
Jul 26 08:59:17 ubuntu kernel: [    0.348672] Detected VIPT I-cache on CPU10
Jul 26 08:59:17 ubuntu kernel: [    0.348677] GICv3: CPU10: found redistributor a0200 region 10:0x00000000ae380000
Jul 26 08:59:17 ubuntu kernel: [    0.348691] GICv3: CPU10: using allocated LPI pending table @0x00000027ff150000
Jul 26 08:59:17 ubuntu kernel: [    0.348723] CPU10: Booted secondary processor 0x00000a0200 [0x481fd010]
Jul 26 08:59:17 ubuntu kernel: [    0.381569] Detected VIPT I-cache on CPU11
Jul 26 08:59:17 ubuntu kernel: [    0.381575] GICv3: CPU11: found redistributor a0300 region 11:0x00000000ae3c0000
Jul 26 08:59:17 ubuntu kernel: [    0.381589] GICv3: CPU11: using allocated LPI pending table @0x00000027ff160000
Jul 26 08:59:17 ubuntu kernel: [    0.381621] CPU11: Booted secondary processor 0x00000a0300 [0x481fd010]
Jul 26 08:59:17 ubuntu kernel: [    0.414643] Detected VIPT I-cache on CPU12
Jul 26 08:59:17 ubuntu kernel: [    0.414651] GICv3: CPU12: found redistributor b0000 region 12:0x00000000ae400000
Jul 26 08:59:17 ubuntu kernel: [    0.414669] GICv3: CPU12: using allocated LPI pending table @0x00000027ff170000
Jul 26 08:59:17 ubuntu kernel: [    0.414705] CPU12: Booted secondary processor 0x00000b0000 [0x481fd010]
Jul 26 08:59:17 ubuntu kernel: [    0.447711] Detected VIPT I-cache on CPU13
Jul 26 08:59:17 ubuntu kernel: [    0.447717] GICv3: CPU13: found redistributor b0100 region 13:0x00000000ae440000
Jul 26 08:59:17 ubuntu kernel: [    0.447731] GICv3: CPU13: using allocated LPI pending table @0x00000027ff180000
Jul 26 08:59:17 ubuntu kernel: [    0.447763] CPU13: Booted secondary processor 0x00000b0100 [0x481fd010]
Jul 26 08:59:17 ubuntu kernel: [    0.480782] Detected VIPT I-cache on CPU14
Jul 26 08:59:17 ubuntu kernel: [    0.480788] GICv3: CPU14: found redistributor b0200 region 14:0x00000000ae480000
Jul 26 08:59:17 ubuntu kernel: [    0.480802] GICv3: CPU14: using allocated LPI pending table @0x00000027ff190000
Jul 26 08:59:17 ubuntu kernel: [    0.480833] CPU14: Booted secondary processor 0x00000b0200 [0x481fd010]
Jul 26 08:59:17 ubuntu kernel: [    0.513852] Detected VIPT I-cache on CPU15
Jul 26 08:59:17 ubuntu kernel: [    0.513858] GICv3: CPU15: found redistributor b0300 region 15:0x00000000ae4c0000
Jul 26 08:59:17 ubuntu kernel: [    0.513874] GICv3: CPU15: using allocated LPI pending table @0x00000027ff1a0000
Jul 26 08:59:17 ubuntu kernel: [    0.513907] CPU15: Booted secondary processor 0x00000b0300 [0x481fd010]
Jul 26 08:59:17 ubuntu kernel: [    0.546407] Detected VIPT I-cache on CPU16
Jul 26 08:59:17 ubuntu kernel: [    0.546415] GICv3: CPU16: found redistributor c0000 region 16:0x00000000ae500000
Jul 26 08:59:17 ubuntu kernel: [    0.546434] GICv3: CPU16: using allocated LPI pending table @0x00000027ff1b0000
Jul 26 08:59:17 ubuntu kernel: [    0.546470] CPU16: Booted secondary processor 0x00000c0000 [0x481fd010]
Jul 26 08:59:17 ubuntu kernel: [    0.578952] Detected VIPT I-cache on CPU17
Jul 26 08:59:17 ubuntu kernel: [    0.578959] GICv3: CPU17: found redistributor c0100 region 17:0x00000000ae540000
Jul 26 08:59:17 ubuntu kernel: [    0.578973] GICv3: CPU17: using allocated LPI pending table @0x00000027ff1c0000
Jul 26 08:59:17 ubuntu kernel: [    0.579005] CPU17: Booted secondary processor 0x00000c0100 [0x481fd010]
Jul 26 08:59:17 ubuntu kernel: [    0.611502] Detected VIPT I-cache on CPU18
Jul 26 08:59:17 ubuntu kernel: [    0.611509] GICv3: CPU18: found redistributor c0200 region 18:0x00000000ae580000
Jul 26 08:59:17 ubuntu kernel: [    0.611523] GICv3: CPU18: using allocated LPI pending table @0x00000027ff1d0000
Jul 26 08:59:17 ubuntu kernel: [    0.611556] CPU18: Booted secondary processor 0x00000c0200 [0x481fd010]
Jul 26 08:59:17 ubuntu kernel: [    0.644052] Detected VIPT I-cache on CPU19
Jul 26 08:59:17 ubuntu kernel: [    0.644059] GICv3: CPU19: found redistributor c0300 region 19:0x00000000ae5c0000
Jul 26 08:59:17 ubuntu kernel: [    0.644073] GICv3: CPU19: using allocated LPI pending table @0x00000027ff1e0000
Jul 26 08:59:17 ubuntu kernel: [    0.644105] CPU19: Booted secondary processor 0x00000c0300 [0x481fd010]
Jul 26 08:59:17 ubuntu kernel: [    0.676780] Detected VIPT I-cache on CPU20
Jul 26 08:59:17 ubuntu kernel: [    0.676788] GICv3: CPU20: found redistributor d0000 region 20:0x00000000ae600000
Jul 26 08:59:17 ubuntu kernel: [    0.676809] GICv3: CPU20: using allocated LPI pending table @0x00000027ff1f0000
Jul 26 08:59:17 ubuntu kernel: [    0.676846] CPU20: Booted secondary processor 0x00000d0000 [0x481fd010]
Jul 26 08:59:17 ubuntu kernel: [    0.709500] Detected VIPT I-cache on CPU21
Jul 26 08:59:17 ubuntu kernel: [    0.709507] GICv3: CPU21: found redistributor d0100 region 21:0x00000000ae640000
Jul 26 08:59:17 ubuntu kernel: [    0.709522] GICv3: CPU21: using allocated LPI pending table @0x00000027ff200000
Jul 26 08:59:17 ubuntu kernel: [    0.709554] CPU21: Booted secondary processor 0x00000d0100 [0x481fd010]
Jul 26 08:59:17 ubuntu kernel: [    0.742223] Detected VIPT I-cache on CPU22
Jul 26 08:59:17 ubuntu kernel: [    0.742230] GICv3: CPU22: found redistributor d0200 region 22:0x00000000ae680000
Jul 26 08:59:17 ubuntu kernel: [    0.742244] GICv3: CPU22: using allocated LPI pending table @0x00000027ff210000
Jul 26 08:59:17 ubuntu kernel: [    0.742277] CPU22: Booted secondary processor 0x00000d0200 [0x481fd010]
Jul 26 08:59:17 ubuntu kernel: [    0.774946] Detected VIPT I-cache on CPU23
Jul 26 08:59:17 ubuntu kernel: [    0.774954] GICv3: CPU23: found redistributor d0300 region 23:0x00000000ae6c0000
Jul 26 08:59:17 ubuntu kernel: [    0.774969] GICv3: CPU23: using allocated LPI pending table @0x00000027ff220000
Jul 26 08:59:17 ubuntu kernel: [    0.775002] CPU23: Booted secondary processor 0x00000d0300 [0x481fd010]
Jul 26 08:59:17 ubuntu kernel: [    0.807513] Detected VIPT I-cache on CPU24
Jul 26 08:59:17 ubuntu kernel: [    0.807528] GICv3: CPU24: found redistributor 180000 region 24:0x00000000aa100000
Jul 26 08:59:17 ubuntu kernel: [    0.807584] GICv3: CPU24: using allocated LPI pending table @0x00000027ff230000
Jul 26 08:59:17 ubuntu kernel: [    0.807632] CPU24: Booted secondary processor 0x0000180000 [0x481fd010]
Jul 26 08:59:17 ubuntu kernel: [    0.840049] Detected VIPT I-cache on CPU25
Jul 26 08:59:17 ubuntu kernel: [    0.840058] GICv3: CPU25: found redistributor 180100 region 25:0x00000000aa140000
Jul 26 08:59:17 ubuntu kernel: [    0.840075] GICv3: CPU25: using allocated LPI pending table @0x00000027ff240000
Jul 26 08:59:17 ubuntu kernel: [    0.840113] CPU25: Booted secondary processor 0x0000180100 [0x481fd010]
Jul 26 08:59:17 ubuntu kernel: [    0.872598] Detected VIPT I-cache on CPU26
Jul 26 08:59:17 ubuntu kernel: [    0.872608] GICv3: CPU26: found redistributor 180200 region 26:0x00000000aa180000
Jul 26 08:59:17 ubuntu kernel: [    0.872625] GICv3: CPU26: using allocated LPI pending table @0x00000027ff250000
Jul 26 08:59:17 ubuntu kernel: [    0.872663] CPU26: Booted secondary processor 0x0000180200 [0x481fd010]
Jul 26 08:59:17 ubuntu kernel: [    0.905148] Detected VIPT I-cache on CPU27
Jul 26 08:59:17 ubuntu kernel: [    0.905158] GICv3: CPU27: found redistributor 180300 region 27:0x00000000aa1c0000
Jul 26 08:59:17 ubuntu kernel: [    0.905175] GICv3: CPU27: using allocated LPI pending table @0x00000027ff260000
Jul 26 08:59:17 ubuntu kernel: [    0.905213] CPU27: Booted secondary processor 0x0000180300 [0x481fd010]
Jul 26 08:59:17 ubuntu kernel: [    0.937881] Detected VIPT I-cache on CPU28
Jul 26 08:59:17 ubuntu kernel: [    0.937895] GICv3: CPU28: found redistributor 190000 region 28:0x00000000aa200000
Jul 26 08:59:17 ubuntu kernel: [    0.937924] GICv3: CPU28: using allocated LPI pending table @0x00000027ff270000
Jul 26 08:59:17 ubuntu kernel: [    0.937971] CPU28: Booted secondary processor 0x0000190000 [0x481fd010]
Jul 26 08:59:17 ubuntu kernel: [    0.970596] Detected VIPT I-cache on CPU29
Jul 26 08:59:17 ubuntu kernel: [    0.970607] GICv3: CPU29: found redistributor 190100 region 29:0x00000000aa240000
Jul 26 08:59:17 ubuntu kernel: [    0.970624] GICv3: CPU29: using allocated LPI pending table @0x00000027ff280000
Jul 26 08:59:17 ubuntu kernel: [    0.970662] CPU29: Booted secondary processor 0x0000190100 [0x481fd010]
Jul 26 08:59:17 ubuntu kernel: [    1.003319] Detected VIPT I-cache on CPU30
Jul 26 08:59:17 ubuntu kernel: [    1.003329] GICv3: CPU30: found redistributor 190200 region 30:0x00000000aa280000
Jul 26 08:59:17 ubuntu kernel: [    1.003346] GICv3: CPU30: using allocated LPI pending table @0x00000027ff290000
Jul 26 08:59:17 ubuntu kernel: [    1.003384] CPU30: Booted secondary processor 0x0000190200 [0x481fd010]
Jul 26 08:59:17 ubuntu kernel: [    1.036043] Detected VIPT I-cache on CPU31
Jul 26 08:59:17 ubuntu kernel: [    1.036053] GICv3: CPU31: found redistributor 190300 region 31:0x00000000aa2c0000
Jul 26 08:59:17 ubuntu kernel: [    1.036069] GICv3: CPU31: using allocated LPI pending table @0x00000027ff2a0000
Jul 26 08:59:17 ubuntu kernel: [    1.036107] CPU31: Booted secondary processor 0x0000190300 [0x481fd010]
Jul 26 08:59:17 ubuntu kernel: [    1.068946] Detected VIPT I-cache on CPU32
Jul 26 08:59:17 ubuntu kernel: [    1.068960] GICv3: CPU32: found redistributor 1a0000 region 32:0x00000000aa300000
Jul 26 08:59:17 ubuntu kernel: [    1.068982] GICv3: CPU32: using allocated LPI pending table @0x00000027ff2b0000
Jul 26 08:59:17 ubuntu kernel: [    1.069026] CPU32: Booted secondary processor 0x00001a0000 [0x481fd010]
Jul 26 08:59:17 ubuntu kernel: [    1.101838] Detected VIPT I-cache on CPU33
Jul 26 08:59:17 ubuntu kernel: [    1.101850] GICv3: CPU33: found redistributor 1a0100 region 33:0x00000000aa340000
Jul 26 08:59:17 ubuntu kernel: [    1.101868] GICv3: CPU33: using allocated LPI pending table @0x00000027ff2c0000
Jul 26 08:59:17 ubuntu kernel: [    1.101907] CPU33: Booted secondary processor 0x00001a0100 [0x481fd010]
Jul 26 08:59:17 ubuntu kernel: [    1.134735] Detected VIPT I-cache on CPU34
Jul 26 08:59:17 ubuntu kernel: [    1.134746] GICv3: CPU34: found redistributor 1a0200 region 34:0x00000000aa380000
Jul 26 08:59:17 ubuntu kernel: [    1.134765] GICv3: CPU34: using allocated LPI pending table @0x00000027ff2d0000
Jul 26 08:59:17 ubuntu kernel: [    1.134804] CPU34: Booted secondary processor 0x00001a0200 [0x481fd010]
Jul 26 08:59:17 ubuntu kernel: [    1.167632] Detected VIPT I-cache on CPU35
Jul 26 08:59:17 ubuntu kernel: [    1.167643] GICv3: CPU35: found redistributor 1a0300 region 35:0x00000000aa3c0000
Jul 26 08:59:17 ubuntu kernel: [    1.167663] GICv3: CPU35: using allocated LPI pending table @0x00000027ff2e0000
Jul 26 08:59:17 ubuntu kernel: [    1.167701] CPU35: Booted secondary processor 0x00001a0300 [0x481fd010]
Jul 26 08:59:17 ubuntu kernel: [    1.200708] Detected VIPT I-cache on CPU36
Jul 26 08:59:17 ubuntu kernel: [    1.200722] GICv3: CPU36: found redistributor 1b0000 region 36:0x00000000aa400000
Jul 26 08:59:17 ubuntu kernel: [    1.200747] GICv3: CPU36: using allocated LPI pending table @0x00000027ff2f0000
Jul 26 08:59:17 ubuntu kernel: [    1.200792] CPU36: Booted secondary processor 0x00001b0000 [0x481fd010]
Jul 26 08:59:17 ubuntu kernel: [    1.233774] Detected VIPT I-cache on CPU37
Jul 26 08:59:17 ubuntu kernel: [    1.233785] GICv3: CPU37: found redistributor 1b0100 region 37:0x00000000aa440000
Jul 26 08:59:17 ubuntu kernel: [    1.233803] GICv3: CPU37: using allocated LPI pending table @0x00000027ff300000
Jul 26 08:59:17 ubuntu kernel: [    1.233841] CPU37: Booted secondary processor 0x00001b0100 [0x481fd010]
Jul 26 08:59:17 ubuntu kernel: [    1.266844] Detected VIPT I-cache on CPU38
Jul 26 08:59:17 ubuntu kernel: [    1.266856] GICv3: CPU38: found redistributor 1b0200 region 38:0x00000000aa480000
Jul 26 08:59:17 ubuntu kernel: [    1.266872] GICv3: CPU38: using allocated LPI pending table @0x00000027ff310000
Jul 26 08:59:17 ubuntu kernel: [    1.266910] CPU38: Booted secondary processor 0x00001b0200 [0x481fd010]
Jul 26 08:59:17 ubuntu kernel: [    1.299915] Detected VIPT I-cache on CPU39
Jul 26 08:59:17 ubuntu kernel: [    1.299926] GICv3: CPU39: found redistributor 1b0300 region 39:0x00000000aa4c0000
Jul 26 08:59:17 ubuntu kernel: [    1.299942] GICv3: CPU39: using allocated LPI pending table @0x00000027ff320000
Jul 26 08:59:17 ubuntu kernel: [    1.299980] CPU39: Booted secondary processor 0x00001b0300 [0x481fd010]
Jul 26 08:59:17 ubuntu kernel: [    1.332472] Detected VIPT I-cache on CPU40
Jul 26 08:59:17 ubuntu kernel: [    1.332486] GICv3: CPU40: found redistributor 1c0000 region 40:0x00000000aa500000
Jul 26 08:59:17 ubuntu kernel: [    1.332510] GICv3: CPU40: using allocated LPI pending table @0x00000027ff330000
Jul 26 08:59:17 ubuntu kernel: [    1.332553] CPU40: Booted secondary processor 0x00001c0000 [0x481fd010]
Jul 26 08:59:17 ubuntu kernel: [    1.365016] Detected VIPT I-cache on CPU41
Jul 26 08:59:17 ubuntu kernel: [    1.365027] GICv3: CPU41: found redistributor 1c0100 region 41:0x00000000aa540000
Jul 26 08:59:17 ubuntu kernel: [    1.365045] GICv3: CPU41: using allocated LPI pending table @0x00000027ff340000
Jul 26 08:59:17 ubuntu kernel: [    1.365084] CPU41: Booted secondary processor 0x00001c0100 [0x481fd010]
Jul 26 08:59:17 ubuntu kernel: [    1.397565] Detected VIPT I-cache on CPU42
Jul 26 08:59:17 ubuntu kernel: [    1.397577] GICv3: CPU42: found redistributor 1c0200 region 42:0x00000000aa580000
Jul 26 08:59:17 ubuntu kernel: [    1.397593] GICv3: CPU42: using allocated LPI pending table @0x00000027ff350000
Jul 26 08:59:17 ubuntu kernel: [    1.397632] CPU42: Booted secondary processor 0x00001c0200 [0x481fd010]
Jul 26 08:59:17 ubuntu kernel: [    1.430115] Detected VIPT I-cache on CPU43
Jul 26 08:59:17 ubuntu kernel: [    1.430127] GICv3: CPU43: found redistributor 1c0300 region 43:0x00000000aa5c0000
Jul 26 08:59:17 ubuntu kernel: [    1.430145] GICv3: CPU43: using allocated LPI pending table @0x00000027ff360000
Jul 26 08:59:17 ubuntu kernel: [    1.430183] CPU43: Booted secondary processor 0x00001c0300 [0x481fd010]
Jul 26 08:59:17 ubuntu kernel: [    1.462845] Detected VIPT I-cache on CPU44
Jul 26 08:59:17 ubuntu kernel: [    1.462860] GICv3: CPU44: found redistributor 1d0000 region 44:0x00000000aa600000
Jul 26 08:59:17 ubuntu kernel: [    1.462885] GICv3: CPU44: using allocated LPI pending table @0x00000027ff370000
Jul 26 08:59:17 ubuntu kernel: [    1.462930] CPU44: Booted secondary processor 0x00001d0000 [0x481fd010]
Jul 26 08:59:17 ubuntu kernel: [    1.495562] Detected VIPT I-cache on CPU45
Jul 26 08:59:17 ubuntu kernel: [    1.495575] GICv3: CPU45: found redistributor 1d0100 region 45:0x00000000aa640000
Jul 26 08:59:17 ubuntu kernel: [    1.495592] GICv3: CPU45: using allocated LPI pending table @0x00000027ff380000
Jul 26 08:59:17 ubuntu kernel: [    1.495630] CPU45: Booted secondary processor 0x00001d0100 [0x481fd010]
Jul 26 08:59:17 ubuntu kernel: [    1.528285] Detected VIPT I-cache on CPU46
Jul 26 08:59:17 ubuntu kernel: [    1.528298] GICv3: CPU46: found redistributor 1d0200 region 46:0x00000000aa680000
Jul 26 08:59:17 ubuntu kernel: [    1.528315] GICv3: CPU46: using allocated LPI pending table @0x00000027ff390000
Jul 26 08:59:17 ubuntu kernel: [    1.528353] CPU46: Booted secondary processor 0x00001d0200 [0x481fd010]
Jul 26 08:59:17 ubuntu kernel: [    1.561009] Detected VIPT I-cache on CPU47
Jul 26 08:59:17 ubuntu kernel: [    1.561021] GICv3: CPU47: found redistributor 1d0300 region 47:0x00000000aa6c0000
Jul 26 08:59:17 ubuntu kernel: [    1.561040] GICv3: CPU47: using allocated LPI pending table @0x00000027ff3a0000
Jul 26 08:59:17 ubuntu kernel: [    1.561078] CPU47: Booted secondary processor 0x00001d0300 [0x481fd010]
Jul 26 08:59:17 ubuntu kernel: [    1.593850] Detected VIPT I-cache on CPU48
Jul 26 08:59:17 ubuntu kernel: [    1.593889] GICv3: CPU48: found redistributor 280000 region 48:0x00002000ae100000
Jul 26 08:59:17 ubuntu kernel: [    1.593948] GICv3: CPU48: using allocated LPI pending table @0x00000027ff3b0000
Jul 26 08:59:17 ubuntu kernel: [    1.594018] CPU48: Booted secondary processor 0x0000280000 [0x481fd010]
Jul 26 08:59:17 ubuntu kernel: [    1.626638] Detected VIPT I-cache on CPU49
Jul 26 08:59:17 ubuntu kernel: [    1.626666] GICv3: CPU49: found redistributor 280100 region 49:0x00002000ae140000
Jul 26 08:59:17 ubuntu kernel: [    1.626687] GICv3: CPU49: using allocated LPI pending table @0x00000027ff3c0000
Jul 26 08:59:17 ubuntu kernel: [    1.626739] CPU49: Booted secondary processor 0x0000280100 [0x481fd010]
Jul 26 08:59:17 ubuntu kernel: [    1.659448] Detected VIPT I-cache on CPU50
Jul 26 08:59:17 ubuntu kernel: [    1.659475] GICv3: CPU50: found redistributor 280200 region 50:0x00002000ae180000
Jul 26 08:59:17 ubuntu kernel: [    1.659495] GICv3: CPU50: using allocated LPI pending table @0x00000027ff3d0000
Jul 26 08:59:17 ubuntu kernel: [    1.659547] CPU50: Booted secondary processor 0x0000280200 [0x481fd010]
Jul 26 08:59:17 ubuntu kernel: [    1.692258] Detected VIPT I-cache on CPU51
Jul 26 08:59:17 ubuntu kernel: [    1.692286] GICv3: CPU51: found redistributor 280300 region 51:0x00002000ae1c0000
Jul 26 08:59:17 ubuntu kernel: [    1.692306] GICv3: CPU51: using allocated LPI pending table @0x00000027ff3e0000
Jul 26 08:59:17 ubuntu kernel: [    1.692358] CPU51: Booted secondary processor 0x0000280300 [0x481fd010]
Jul 26 08:59:17 ubuntu kernel: [    1.725247] Detected VIPT I-cache on CPU52
Jul 26 08:59:17 ubuntu kernel: [    1.725277] GICv3: CPU52: found redistributor 290000 region 52:0x00002000ae200000
Jul 26 08:59:17 ubuntu kernel: [    1.725313] GICv3: CPU52: using allocated LPI pending table @0x00000027ff3f0000
Jul 26 08:59:17 ubuntu kernel: [    1.725368] CPU52: Booted secondary processor 0x0000290000 [0x481fd010]
Jul 26 08:59:17 ubuntu kernel: [    1.758226] Detected VIPT I-cache on CPU53
Jul 26 08:59:17 ubuntu kernel: [    1.758255] GICv3: CPU53: found redistributor 290100 region 53:0x00002000ae240000
Jul 26 08:59:17 ubuntu kernel: [    1.758273] GICv3: CPU53: using allocated LPI pending table @0x00000027fec00000
Jul 26 08:59:17 ubuntu kernel: [    1.758325] CPU53: Booted secondary processor 0x0000290100 [0x481fd010]
Jul 26 08:59:17 ubuntu kernel: [    1.791210] Detected VIPT I-cache on CPU54
Jul 26 08:59:17 ubuntu kernel: [    1.791239] GICv3: CPU54: found redistributor 290200 region 54:0x00002000ae280000
Jul 26 08:59:17 ubuntu kernel: [    1.791256] GICv3: CPU54: using allocated LPI pending table @0x00000027fec10000
Jul 26 08:59:17 ubuntu kernel: [    1.791308] CPU54: Booted secondary processor 0x0000290200 [0x481fd010]
Jul 26 08:59:17 ubuntu kernel: [    1.824195] Detected VIPT I-cache on CPU55
Jul 26 08:59:17 ubuntu kernel: [    1.824223] GICv3: CPU55: found redistributor 290300 region 55:0x00002000ae2c0000
Jul 26 08:59:17 ubuntu kernel: [    1.824241] GICv3: CPU55: using allocated LPI pending table @0x00000027fec20000
Jul 26 08:59:17 ubuntu kernel: [    1.824293] CPU55: Booted secondary processor 0x0000290300 [0x481fd010]
Jul 26 08:59:17 ubuntu kernel: [    1.857356] Detected VIPT I-cache on CPU56
Jul 26 08:59:17 ubuntu kernel: [    1.857386] GICv3: CPU56: found redistributor 2a0000 region 56:0x00002000ae300000
Jul 26 08:59:17 ubuntu kernel: [    1.857412] GICv3: CPU56: using allocated LPI pending table @0x00000027fec30000
Jul 26 08:59:17 ubuntu kernel: [    1.857467] CPU56: Booted secondary processor 0x00002a0000 [0x481fd010]
Jul 26 08:59:17 ubuntu kernel: [    1.890509] Detected VIPT I-cache on CPU57
Jul 26 08:59:17 ubuntu kernel: [    1.890538] GICv3: CPU57: found redistributor 2a0100 region 57:0x00002000ae340000
Jul 26 08:59:17 ubuntu kernel: [    1.890557] GICv3: CPU57: using allocated LPI pending table @0x00000027fec40000
Jul 26 08:59:17 ubuntu kernel: [    1.890609] CPU57: Booted secondary processor 0x00002a0100 [0x481fd010]
Jul 26 08:59:17 ubuntu kernel: [    1.923667] Detected VIPT I-cache on CPU58
Jul 26 08:59:17 ubuntu kernel: [    1.923696] GICv3: CPU58: found redistributor 2a0200 region 58:0x00002000ae380000
Jul 26 08:59:17 ubuntu kernel: [    1.923714] GICv3: CPU58: using allocated LPI pending table @0x00000027fec50000
Jul 26 08:59:17 ubuntu kernel: [    1.923767] CPU58: Booted secondary processor 0x00002a0200 [0x481fd010]
Jul 26 08:59:17 ubuntu kernel: [    1.956825] Detected VIPT I-cache on CPU59
Jul 26 08:59:17 ubuntu kernel: [    1.956854] GICv3: CPU59: found redistributor 2a0300 region 59:0x00002000ae3c0000
Jul 26 08:59:17 ubuntu kernel: [    1.956872] GICv3: CPU59: using allocated LPI pending table @0x00000027fec60000
Jul 26 08:59:17 ubuntu kernel: [    1.956924] CPU59: Booted secondary processor 0x00002a0300 [0x481fd010]
Jul 26 08:59:17 ubuntu kernel: [    1.990160] Detected VIPT I-cache on CPU60
Jul 26 08:59:17 ubuntu kernel: [    1.990191] GICv3: CPU60: found redistributor 2b0000 region 60:0x00002000ae400000
Jul 26 08:59:17 ubuntu kernel: [    1.990220] GICv3: CPU60: using allocated LPI pending table @0x00000027fec70000
Jul 26 08:59:17 ubuntu kernel: [    1.990276] CPU60: Booted secondary processor 0x00002b0000 [0x481fd010]
Jul 26 08:59:17 ubuntu kernel: [    2.023488] Detected VIPT I-cache on CPU61
Jul 26 08:59:17 ubuntu kernel: [    2.023517] GICv3: CPU61: found redistributor 2b0100 region 61:0x00002000ae440000
Jul 26 08:59:17 ubuntu kernel: [    2.023536] GICv3: CPU61: using allocated LPI pending table @0x00000027fec80000
Jul 26 08:59:17 ubuntu kernel: [    2.023588] CPU61: Booted secondary processor 0x00002b0100 [0x481fd010]
Jul 26 08:59:17 ubuntu kernel: [    2.056818] Detected VIPT I-cache on CPU62
Jul 26 08:59:17 ubuntu kernel: [    2.056847] GICv3: CPU62: found redistributor 2b0200 region 62:0x00002000ae480000
Jul 26 08:59:17 ubuntu kernel: [    2.056866] GICv3: CPU62: using allocated LPI pending table @0x00000027fec90000
Jul 26 08:59:17 ubuntu kernel: [    2.056918] CPU62: Booted secondary processor 0x00002b0200 [0x481fd010]
Jul 26 08:59:17 ubuntu kernel: [    2.090150] Detected VIPT I-cache on CPU63
Jul 26 08:59:17 ubuntu kernel: [    2.090179] GICv3: CPU63: found redistributor 2b0300 region 63:0x00002000ae4c0000
Jul 26 08:59:17 ubuntu kernel: [    2.090201] GICv3: CPU63: using allocated LPI pending table @0x00000027feca0000
Jul 26 08:59:17 ubuntu kernel: [    2.090254] CPU63: Booted secondary processor 0x00002b0300 [0x481fd010]
Jul 26 08:59:17 ubuntu kernel: [    2.122964] Detected VIPT I-cache on CPU64
Jul 26 08:59:17 ubuntu kernel: [    2.122995] GICv3: CPU64: found redistributor 2c0000 region 64:0x00002000ae500000
Jul 26 08:59:17 ubuntu kernel: [    2.123025] GICv3: CPU64: using allocated LPI pending table @0x00000027fecb0000
Jul 26 08:59:17 ubuntu kernel: [    2.123081] CPU64: Booted secondary processor 0x00002c0000 [0x481fd010]
Jul 26 08:59:17 ubuntu kernel: [    2.155770] Detected VIPT I-cache on CPU65
Jul 26 08:59:17 ubuntu kernel: [    2.155799] GICv3: CPU65: found redistributor 2c0100 region 65:0x00002000ae540000
Jul 26 08:59:17 ubuntu kernel: [    2.155819] GICv3: CPU65: using allocated LPI pending table @0x00000027fecc0000
Jul 26 08:59:17 ubuntu kernel: [    2.155872] CPU65: Booted secondary processor 0x00002c0100 [0x481fd010]
Jul 26 08:59:17 ubuntu kernel: [    2.188581] Detected VIPT I-cache on CPU66
Jul 26 08:59:17 ubuntu kernel: [    2.188610] GICv3: CPU66: found redistributor 2c0200 region 66:0x00002000ae580000
Jul 26 08:59:17 ubuntu kernel: [    2.188630] GICv3: CPU66: using allocated LPI pending table @0x00000027fecd0000
Jul 26 08:59:17 ubuntu kernel: [    2.188683] CPU66: Booted secondary processor 0x00002c0200 [0x481fd010]
Jul 26 08:59:17 ubuntu kernel: [    2.221391] Detected VIPT I-cache on CPU67
Jul 26 08:59:17 ubuntu kernel: [    2.221420] GICv3: CPU67: found redistributor 2c0300 region 67:0x00002000ae5c0000
Jul 26 08:59:17 ubuntu kernel: [    2.221439] GICv3: CPU67: using allocated LPI pending table @0x00000027fece0000
Jul 26 08:59:17 ubuntu kernel: [    2.221492] CPU67: Booted secondary processor 0x00002c0300 [0x481fd010]
Jul 26 08:59:17 ubuntu kernel: [    2.254379] Detected VIPT I-cache on CPU68
Jul 26 08:59:17 ubuntu kernel: [    2.254411] GICv3: CPU68: found redistributor 2d0000 region 68:0x00002000ae600000
Jul 26 08:59:17 ubuntu kernel: [    2.254442] GICv3: CPU68: using allocated LPI pending table @0x00000027fecf0000
Jul 26 08:59:17 ubuntu kernel: [    2.254498] CPU68: Booted secondary processor 0x00002d0000 [0x481fd010]
Jul 26 08:59:17 ubuntu kernel: [    2.287359] Detected VIPT I-cache on CPU69
Jul 26 08:59:17 ubuntu kernel: [    2.287389] GICv3: CPU69: found redistributor 2d0100 region 69:0x00002000ae640000
Jul 26 08:59:17 ubuntu kernel: [    2.287408] GICv3: CPU69: using allocated LPI pending table @0x00000027fed00000
Jul 26 08:59:17 ubuntu kernel: [    2.287461] CPU69: Booted secondary processor 0x00002d0100 [0x481fd010]
Jul 26 08:59:17 ubuntu kernel: [    2.320343] Detected VIPT I-cache on CPU70
Jul 26 08:59:17 ubuntu kernel: [    2.320372] GICv3: CPU70: found redistributor 2d0200 region 70:0x00002000ae680000
Jul 26 08:59:17 ubuntu kernel: [    2.320392] GICv3: CPU70: using allocated LPI pending table @0x00000027fed10000
Jul 26 08:59:17 ubuntu kernel: [    2.320445] CPU70: Booted secondary processor 0x00002d0200 [0x481fd010]
Jul 26 08:59:17 ubuntu kernel: [    2.353327] Detected VIPT I-cache on CPU71
Jul 26 08:59:17 ubuntu kernel: [    2.353358] GICv3: CPU71: found redistributor 2d0300 region 71:0x00002000ae6c0000
Jul 26 08:59:17 ubuntu kernel: [    2.353376] GICv3: CPU71: using allocated LPI pending table @0x00000027fed20000
Jul 26 08:59:17 ubuntu kernel: [    2.353430] CPU71: Booted secondary processor 0x00002d0300 [0x481fd010]
Jul 26 08:59:17 ubuntu kernel: [    2.393457] Detected VIPT I-cache on CPU72
Jul 26 08:59:17 ubuntu kernel: [    2.393509] GICv3: CPU72: found redistributor 380000 region 72:0x00002000aa100000
Jul 26 08:59:17 ubuntu kernel: [    2.393564] GICv3: CPU72: using allocated LPI pending table @0x00000027fed30000
Jul 26 08:59:17 ubuntu kernel: [    2.393648] CPU72: Booted secondary processor 0x0000380000 [0x481fd010]
Jul 26 08:59:17 ubuntu kernel: [    2.433533] Detected VIPT I-cache on CPU73
Jul 26 08:59:17 ubuntu kernel: [    2.433569] GICv3: CPU73: found redistributor 380100 region 73:0x00002000aa140000
Jul 26 08:59:17 ubuntu kernel: [    2.433592] GICv3: CPU73: using allocated LPI pending table @0x00000027fed40000
Jul 26 08:59:17 ubuntu kernel: [    2.433650] CPU73: Booted secondary processor 0x0000380100 [0x481fd010]
Jul 26 08:59:17 ubuntu kernel: [    2.473634] Detected VIPT I-cache on CPU74
Jul 26 08:59:17 ubuntu kernel: [    2.473670] GICv3: CPU74: found redistributor 380200 region 74:0x00002000aa180000
Jul 26 08:59:17 ubuntu kernel: [    2.473690] GICv3: CPU74: using allocated LPI pending table @0x00000027fed50000
Jul 26 08:59:17 ubuntu kernel: [    2.473749] CPU74: Booted secondary processor 0x0000380200 [0x481fd010]
Jul 26 08:59:17 ubuntu kernel: [    2.513735] Detected VIPT I-cache on CPU75
Jul 26 08:59:17 ubuntu kernel: [    2.513771] GICv3: CPU75: found redistributor 380300 region 75:0x00002000aa1c0000
Jul 26 08:59:17 ubuntu kernel: [    2.513794] GICv3: CPU75: using allocated LPI pending table @0x00000027fed60000
Jul 26 08:59:17 ubuntu kernel: [    2.513851] CPU75: Booted secondary processor 0x0000380300 [0x481fd010]
Jul 26 08:59:17 ubuntu kernel: [    2.554014] Detected VIPT I-cache on CPU76
Jul 26 08:59:17 ubuntu kernel: [    2.554051] GICv3: CPU76: found redistributor 390000 region 76:0x00002000aa200000
Jul 26 08:59:17 ubuntu kernel: [    2.554085] GICv3: CPU76: using allocated LPI pending table @0x00000027fed70000
Jul 26 08:59:17 ubuntu kernel: [    2.554147] CPU76: Booted secondary processor 0x0000390000 [0x481fd010]
Jul 26 08:59:17 ubuntu kernel: [    2.594286] Detected VIPT I-cache on CPU77
Jul 26 08:59:17 ubuntu kernel: [    2.594323] GICv3: CPU77: found redistributor 390100 region 77:0x00002000aa240000
Jul 26 08:59:17 ubuntu kernel: [    2.594345] GICv3: CPU77: using allocated LPI pending table @0x00000027fed80000
Jul 26 08:59:17 ubuntu kernel: [    2.594402] CPU77: Booted secondary processor 0x0000390100 [0x481fd010]
Jul 26 08:59:17 ubuntu kernel: [    2.634561] Detected VIPT I-cache on CPU78
Jul 26 08:59:17 ubuntu kernel: [    2.634597] GICv3: CPU78: found redistributor 390200 region 78:0x00002000aa280000
Jul 26 08:59:17 ubuntu kernel: [    2.634622] GICv3: CPU78: using allocated LPI pending table @0x00000027fed90000
Jul 26 08:59:17 ubuntu kernel: [    2.634681] CPU78: Booted secondary processor 0x0000390200 [0x481fd010]
Jul 26 08:59:17 ubuntu kernel: [    2.674837] Detected VIPT I-cache on CPU79
Jul 26 08:59:17 ubuntu kernel: [    2.674873] GICv3: CPU79: found redistributor 390300 region 79:0x00002000aa2c0000
Jul 26 08:59:17 ubuntu kernel: [    2.674895] GICv3: CPU79: using allocated LPI pending table @0x00000027feda0000
Jul 26 08:59:17 ubuntu kernel: [    2.674953] CPU79: Booted secondary processor 0x0000390300 [0x481fd010]
Jul 26 08:59:17 ubuntu kernel: [    2.715288] Detected VIPT I-cache on CPU80
Jul 26 08:59:17 ubuntu kernel: [    2.715326] GICv3: CPU80: found redistributor 3a0000 region 80:0x00002000aa300000
Jul 26 08:59:17 ubuntu kernel: [    2.715360] GICv3: CPU80: using allocated LPI pending table @0x00000027fedb0000
Jul 26 08:59:17 ubuntu kernel: [    2.715421] CPU80: Booted secondary processor 0x00003a0000 [0x481fd010]
Jul 26 08:59:17 ubuntu kernel: [    2.755734] Detected VIPT I-cache on CPU81
Jul 26 08:59:17 ubuntu kernel: [    2.755772] GICv3: CPU81: found redistributor 3a0100 region 81:0x00002000aa340000
Jul 26 08:59:17 ubuntu kernel: [    2.755794] GICv3: CPU81: using allocated LPI pending table @0x00000027fedc0000
Jul 26 08:59:17 ubuntu kernel: [    2.755852] CPU81: Booted secondary processor 0x00003a0100 [0x481fd010]
Jul 26 08:59:17 ubuntu kernel: [    2.796183] Detected VIPT I-cache on CPU82
Jul 26 08:59:17 ubuntu kernel: [    2.796219] GICv3: CPU82: found redistributor 3a0200 region 82:0x00002000aa380000
Jul 26 08:59:17 ubuntu kernel: [    2.796242] GICv3: CPU82: using allocated LPI pending table @0x00000027fedd0000
Jul 26 08:59:17 ubuntu kernel: [    2.796301] CPU82: Booted secondary processor 0x00003a0200 [0x481fd010]
Jul 26 08:59:17 ubuntu kernel: [    2.836631] Detected VIPT I-cache on CPU83
Jul 26 08:59:17 ubuntu kernel: [    2.836669] GICv3: CPU83: found redistributor 3a0300 region 83:0x00002000aa3c0000
Jul 26 08:59:17 ubuntu kernel: [    2.836692] GICv3: CPU83: using allocated LPI pending table @0x00000027fede0000
Jul 26 08:59:17 ubuntu kernel: [    2.836750] CPU83: Booted secondary processor 0x00003a0300 [0x481fd010]
Jul 26 08:59:17 ubuntu kernel: [    2.877257] Detected VIPT I-cache on CPU84
Jul 26 08:59:17 ubuntu kernel: [    2.877296] GICv3: CPU84: found redistributor 3b0000 region 84:0x00002000aa400000
Jul 26 08:59:17 ubuntu kernel: [    2.877329] GICv3: CPU84: using allocated LPI pending table @0x00000027fedf0000
Jul 26 08:59:17 ubuntu kernel: [    2.877391] CPU84: Booted secondary processor 0x00003b0000 [0x481fd010]
Jul 26 08:59:17 ubuntu kernel: [    2.917876] Detected VIPT I-cache on CPU85
Jul 26 08:59:17 ubuntu kernel: [    2.917915] GICv3: CPU85: found redistributor 3b0100 region 85:0x00002000aa440000
Jul 26 08:59:17 ubuntu kernel: [    2.917938] GICv3: CPU85: using allocated LPI pending table @0x00000027fee00000
Jul 26 08:59:17 ubuntu kernel: [    2.917997] CPU85: Booted secondary processor 0x00003b0100 [0x481fd010]
Jul 26 08:59:17 ubuntu kernel: [    2.958499] Detected VIPT I-cache on CPU86
Jul 26 08:59:17 ubuntu kernel: [    2.958537] GICv3: CPU86: found redistributor 3b0200 region 86:0x00002000aa480000
Jul 26 08:59:17 ubuntu kernel: [    2.958559] GICv3: CPU86: using allocated LPI pending table @0x00000027fee10000
Jul 26 08:59:17 ubuntu kernel: [    2.958617] CPU86: Booted secondary processor 0x00003b0200 [0x481fd010]
Jul 26 08:59:17 ubuntu kernel: [    2.999121] Detected VIPT I-cache on CPU87
Jul 26 08:59:17 ubuntu kernel: [    2.999159] GICv3: CPU87: found redistributor 3b0300 region 87:0x00002000aa4c0000
Jul 26 08:59:17 ubuntu kernel: [    2.999182] GICv3: CPU87: using allocated LPI pending table @0x00000027fee20000
Jul 26 08:59:17 ubuntu kernel: [    2.999241] CPU87: Booted secondary processor 0x00003b0300 [0x481fd010]
Jul 26 08:59:17 ubuntu kernel: [    3.039226] Detected VIPT I-cache on CPU88
Jul 26 08:59:17 ubuntu kernel: [    3.039264] GICv3: CPU88: found redistributor 3c0000 region 88:0x00002000aa500000
Jul 26 08:59:17 ubuntu kernel: [    3.039301] GICv3: CPU88: using allocated LPI pending table @0x00000027fee30000
Jul 26 08:59:17 ubuntu kernel: [    3.039362] CPU88: Booted secondary processor 0x00003c0000 [0x481fd010]
Jul 26 08:59:17 ubuntu kernel: [    3.079324] Detected VIPT I-cache on CPU89
Jul 26 08:59:17 ubuntu kernel: [    3.079361] GICv3: CPU89: found redistributor 3c0100 region 89:0x00002000aa540000
Jul 26 08:59:17 ubuntu kernel: [    3.079383] GICv3: CPU89: using allocated LPI pending table @0x00000027fee40000
Jul 26 08:59:17 ubuntu kernel: [    3.079442] CPU89: Booted secondary processor 0x00003c0100 [0x481fd010]
Jul 26 08:59:17 ubuntu kernel: [    3.119425] Detected VIPT I-cache on CPU90
Jul 26 08:59:17 ubuntu kernel: [    3.119462] GICv3: CPU90: found redistributor 3c0200 region 90:0x00002000aa580000
Jul 26 08:59:17 ubuntu kernel: [    3.119485] GICv3: CPU90: using allocated LPI pending table @0x00000027fee50000
Jul 26 08:59:17 ubuntu kernel: [    3.119543] CPU90: Booted secondary processor 0x00003c0200 [0x481fd010]
Jul 26 08:59:17 ubuntu kernel: [    3.159527] Detected VIPT I-cache on CPU91
Jul 26 08:59:17 ubuntu kernel: [    3.159564] GICv3: CPU91: found redistributor 3c0300 region 91:0x00002000aa5c0000
Jul 26 08:59:17 ubuntu kernel: [    3.159586] GICv3: CPU91: using allocated LPI pending table @0x00000027fee60000
Jul 26 08:59:17 ubuntu kernel: [    3.159645] CPU91: Booted secondary processor 0x00003c0300 [0x481fd010]
Jul 26 08:59:17 ubuntu kernel: [    3.199808] Detected VIPT I-cache on CPU92
Jul 26 08:59:17 ubuntu kernel: [    3.199847] GICv3: CPU92: found redistributor 3d0000 region 92:0x00002000aa600000
Jul 26 08:59:17 ubuntu kernel: [    3.199881] GICv3: CPU92: using allocated LPI pending table @0x00000027fee70000
Jul 26 08:59:17 ubuntu kernel: [    3.199942] CPU92: Booted secondary processor 0x00003d0000 [0x481fd010]
Jul 26 08:59:17 ubuntu kernel: [    3.240078] Detected VIPT I-cache on CPU93
Jul 26 08:59:17 ubuntu kernel: [    3.240115] GICv3: CPU93: found redistributor 3d0100 region 93:0x00002000aa640000
Jul 26 08:59:17 ubuntu kernel: [    3.240138] GICv3: CPU93: using allocated LPI pending table @0x00000027fee80000
Jul 26 08:59:17 ubuntu kernel: [    3.240196] CPU93: Booted secondary processor 0x00003d0100 [0x481fd010]
Jul 26 08:59:17 ubuntu kernel: [    3.280353] Detected VIPT I-cache on CPU94
Jul 26 08:59:17 ubuntu kernel: [    3.280391] GICv3: CPU94: found redistributor 3d0200 region 94:0x00002000aa680000
Jul 26 08:59:17 ubuntu kernel: [    3.280414] GICv3: CPU94: using allocated LPI pending table @0x00000027fee90000
Jul 26 08:59:17 ubuntu kernel: [    3.280472] CPU94: Booted secondary processor 0x00003d0200 [0x481fd010]
Jul 26 08:59:17 ubuntu kernel: [    3.320628] Detected VIPT I-cache on CPU95
Jul 26 08:59:17 ubuntu kernel: [    3.320666] GICv3: CPU95: found redistributor 3d0300 region 95:0x00002000aa6c0000
Jul 26 08:59:17 ubuntu kernel: [    3.320689] GICv3: CPU95: using allocated LPI pending table @0x00000027feea0000
Jul 26 08:59:17 ubuntu kernel: [    3.320748] CPU95: Booted secondary processor 0x00003d0300 [0x481fd010]
Jul 26 08:59:17 ubuntu kernel: [    3.321578] smp: Brought up 4 nodes, 96 CPUs
Jul 26 08:59:17 ubuntu kernel: [    3.322150] SMP: Total of 96 processors activated.
Jul 26 08:59:17 ubuntu kernel: [    3.322153] CPU features: detected: Privileged Access Never
Jul 26 08:59:17 ubuntu kernel: [    3.322155] CPU features: detected: LSE atomic instructions
Jul 26 08:59:17 ubuntu kernel: [    3.322157] CPU features: detected: User Access Override
Jul 26 08:59:17 ubuntu kernel: [    3.322159] CPU features: detected: Common not Private translations
Jul 26 08:59:17 ubuntu kernel: [    3.322161] CPU features: detected: Data cache clean to Point of Persistence
Jul 26 08:59:17 ubuntu kernel: [    3.322163] CPU features: detected: RAS Extension Support
Jul 26 08:59:17 ubuntu kernel: [    3.322165] CPU features: detected: CRC32 instructions
Jul 26 08:59:17 ubuntu kernel: [    3.386368] CPU: All CPU(s) started at EL2
Jul 26 08:59:17 ubuntu kernel: [    3.402652] devtmpfs: initialized
Jul 26 08:59:17 ubuntu kernel: [    3.405307] Registered cp15_barrier emulation handler
Jul 26 08:59:17 ubuntu kernel: [    3.405346] Registered setend emulation handler
Jul 26 08:59:17 ubuntu kernel: [    3.405350] KASLR disabled due to lack of seed
Jul 26 08:59:17 ubuntu kernel: [    3.405769] clocksource: jiffies: mask: 0xffffffff max_cycles: 0xffffffff, max_idle_ns: 7645041785100000 ns
Jul 26 08:59:17 ubuntu kernel: [    3.406169] futex hash table entries: 32768 (order: 9, 2097152 bytes, vmalloc)
Jul 26 08:59:17 ubuntu kernel: [    3.407002] pinctrl core: initialized pinctrl subsystem
Jul 26 08:59:17 ubuntu kernel: [    3.407162] thermal_sys: Registered thermal governor 'fair_share'
Jul 26 08:59:17 ubuntu kernel: [    3.407163] thermal_sys: Registered thermal governor 'bang_bang'
Jul 26 08:59:17 ubuntu kernel: [    3.407167] thermal_sys: Registered thermal governor 'step_wise'
Jul 26 08:59:17 ubuntu kernel: [    3.407169] thermal_sys: Registered thermal governor 'user_space'
Jul 26 08:59:17 ubuntu kernel: [    3.407277] SMBIOS 3.1.1 present.
Jul 26 08:59:17 ubuntu kernel: [    3.407283] DMI: Huawei TaiShan 200 (Model 2280)/BC82AMDDA, BIOS 1.06 10/29/2019
Jul 26 08:59:17 ubuntu kernel: [    3.407692] NET: Registered protocol family 16
Jul 26 08:59:17 ubuntu kernel: [    3.408889] DMA: preallocated 256 KiB pool for atomic allocations
Jul 26 08:59:17 ubuntu kernel: [    3.408894] audit: initializing netlink subsys (disabled)
Jul 26 08:59:17 ubuntu kernel: [    3.408937] audit: type=2000 audit(0.488:1): state=initialized audit_enabled=0 res=1
Jul 26 08:59:17 ubuntu kernel: [    3.409192] cpuidle: using governor ladder
Jul 26 08:59:17 ubuntu kernel: [    3.409264] cpuidle: using governor menu
Jul 26 08:59:17 ubuntu kernel: [    3.409274] Detected 1 PCC Subspaces
Jul 26 08:59:17 ubuntu kernel: [    3.409302] Registering PCC driver as Mailbox controller
Jul 26 08:59:17 ubuntu kernel: [    3.409383] hw-breakpoint: found 6 breakpoint and 4 watchpoint registers.
Jul 26 08:59:17 ubuntu kernel: [    3.410290] ASID allocator initialised with 65536 entries
Jul 26 08:59:17 ubuntu kernel: [    3.410433] ACPI: bus type PCI registered
Jul 26 08:59:17 ubuntu kernel: [    3.410437] acpiphp: ACPI Hot Plug PCI Controller Driver version: 0.5
Jul 26 08:59:17 ubuntu kernel: [    3.410610] Serial: AMBA PL011 UART driver
Jul 26 08:59:17 ubuntu kernel: [    3.417474] HugeTLB registered 1.00 GiB page size, pre-allocated 0 pages
Jul 26 08:59:17 ubuntu kernel: [    3.417479] HugeTLB registered 32.0 MiB page size, pre-allocated 0 pages
Jul 26 08:59:17 ubuntu kernel: [    3.417481] HugeTLB registered 2.00 MiB page size, pre-allocated 0 pages
Jul 26 08:59:17 ubuntu kernel: [    3.417484] HugeTLB registered 64.0 KiB page size, pre-allocated 0 pages
Jul 26 08:59:17 ubuntu kernel: [    3.421122] fbcon: Taking over console
Jul 26 08:59:17 ubuntu kernel: [    3.421533] ACPI: Added _OSI(Module Device)
Jul 26 08:59:17 ubuntu kernel: [    3.421536] ACPI: Added _OSI(Processor Device)
Jul 26 08:59:17 ubuntu kernel: [    3.421538] ACPI: Added _OSI(3.0 _SCP Extensions)
Jul 26 08:59:17 ubuntu kernel: [    3.421541] ACPI: Added _OSI(Processor Aggregator Device)
Jul 26 08:59:17 ubuntu kernel: [    3.421543] ACPI: Added _OSI(Linux-Dell-Video)
Jul 26 08:59:17 ubuntu kernel: [    3.421546] ACPI: Added _OSI(Linux-Lenovo-NV-HDMI-Audio)
Jul 26 08:59:17 ubuntu kernel: [    3.421548] ACPI: Added _OSI(Linux-HPI-Hybrid-Graphics)
Jul 26 08:59:17 ubuntu kernel: [    3.430867] ACPI: 2 ACPI AML tables successfully acquired and loaded
Jul 26 08:59:17 ubuntu kernel: [    3.434454] ACPI: Interpreter enabled
Jul 26 08:59:17 ubuntu kernel: [    3.434458] ACPI: Using GIC for interrupt routing
Jul 26 08:59:17 ubuntu kernel: [    3.434473] ACPI: MCFG table detected, 1 entries
Jul 26 08:59:17 ubuntu kernel: [    3.434476] ACPI: IORT: [Firmware Bug]: ID count for ID mapping entry is wrong, applying workaround
Jul 26 08:59:17 ubuntu kernel: [    3.434480] ACPI: IORT: SMMU-v3[148000000] Mapped to Proximity domain 0
Jul 26 08:59:17 ubuntu kernel: [    3.434534] ACPI: IORT: SMMU-v3[201000000] Mapped to Proximity domain 0
Jul 26 08:59:17 ubuntu kernel: [    3.434557] ACPI: IORT: SMMU-v3[100000000] Mapped to Proximity domain 0
Jul 26 08:59:17 ubuntu kernel: [    3.434582] ACPI: IORT: SMMU-v3[140000000] Mapped to Proximity domain 0
Jul 26 08:59:17 ubuntu kernel: [    3.434604] ACPI: IORT: SMMU-v3[200148000000] Mapped to Proximity domain 2
Jul 26 08:59:17 ubuntu kernel: [    3.434628] ACPI: IORT: SMMU-v3[200201000000] Mapped to Proximity domain 2
Jul 26 08:59:17 ubuntu kernel: [    3.434649] ACPI: IORT: SMMU-v3[200100000000] Mapped to Proximity domain 2
Jul 26 08:59:17 ubuntu kernel: [    3.434672] ACPI: IORT: SMMU-v3[200140000000] Mapped to Proximity domain 2
Jul 26 08:59:17 ubuntu kernel: [    3.435295] HEST: Table parsing has been initialized.
Jul 26 08:59:17 ubuntu kernel: [    3.463795] ACPI: PCI Root Bridge [PCI0] (domain 0000 [bus 00-3f])
Jul 26 08:59:17 ubuntu kernel: [    3.463804] acpi PNP0A08:00: _OSC: OS supports [ExtendedConfig ASPM ClockPM Segments MSI HPX-Type3]
Jul 26 08:59:17 ubuntu kernel: [    3.463909] acpi PNP0A08:00: _OSC: platform does not support [SHPCHotplug LTR]
Jul 26 08:59:17 ubuntu kernel: [    3.463999] acpi PNP0A08:00: _OSC: OS now controls [PCIeHotplug PME AER PCIeCapability]
Jul 26 08:59:17 ubuntu kernel: [    3.464600] acpi PNP0A08:00: ECAM area [mem 0xd0000000-0xd3ffffff] reserved by PNP0C02:00
Jul 26 08:59:17 ubuntu kernel: [    3.464612] acpi PNP0A08:00: ECAM at [mem 0xd0000000-0xd3ffffff] for [bus 00-3f]
Jul 26 08:59:17 ubuntu kernel: [    3.464638] Remapped I/O 0x00000000f7ff0000 to [io  0x0000-0xffff window]
Jul 26 08:59:17 ubuntu kernel: [    3.464699] PCI host bridge to bus 0000:00
Jul 26 08:59:17 ubuntu kernel: [    3.464703] pci_bus 0000:00: root bus resource [mem 0x80000000000-0x82fffffffff pref window]
Jul 26 08:59:17 ubuntu kernel: [    3.464706] pci_bus 0000:00: root bus resource [mem 0xe0000000-0xf7feffff window]
Jul 26 08:59:17 ubuntu kernel: [    3.464710] pci_bus 0000:00: root bus resource [io  0x0000-0xffff window]
Jul 26 08:59:17 ubuntu kernel: [    3.464712] pci_bus 0000:00: root bus resource [bus 00-3f]
Jul 26 08:59:17 ubuntu kernel: [    3.464747] pci 0000:00:00.0: [19e5:a120] type 01 class 0x060400
Jul 26 08:59:17 ubuntu kernel: [    3.464815] pci 0000:00:00.0: PME# supported from D0 D1 D2 D3hot D3cold
Jul 26 08:59:17 ubuntu kernel: [    3.464889] pci 0000:00:04.0: [19e5:a120] type 01 class 0x060400
Jul 26 08:59:17 ubuntu kernel: [    3.464947] pci 0000:00:04.0: PME# supported from D0 D1 D2 D3hot D3cold
Jul 26 08:59:17 ubuntu kernel: [    3.465009] pci 0000:00:08.0: [19e5:a120] type 01 class 0x060400
Jul 26 08:59:17 ubuntu kernel: [    3.465065] pci 0000:00:08.0: PME# supported from D0 D1 D2 D3hot D3cold
Jul 26 08:59:17 ubuntu kernel: [    3.465122] pci 0000:00:0c.0: [19e5:a120] type 01 class 0x060400
Jul 26 08:59:17 ubuntu kernel: [    3.465176] pci 0000:00:0c.0: PME# supported from D0 D1 D2 D3hot D3cold
Jul 26 08:59:17 ubuntu kernel: [    3.465234] pci 0000:00:10.0: [19e5:a120] type 01 class 0x060400
Jul 26 08:59:17 ubuntu kernel: [    3.465288] pci 0000:00:10.0: PME# supported from D0 D1 D2 D3hot D3cold
Jul 26 08:59:17 ubuntu kernel: [    3.465350] pci 0000:00:11.0: [19e5:a120] type 01 class 0x060400
Jul 26 08:59:17 ubuntu kernel: [    3.465404] pci 0000:00:11.0: PME# supported from D0 D1 D2 D3hot D3cold
Jul 26 08:59:17 ubuntu kernel: [    3.465461] pci 0000:00:12.0: [19e5:a120] type 01 class 0x060400
Jul 26 08:59:17 ubuntu kernel: [    3.465515] pci 0000:00:12.0: PME# supported from D0 D1 D2 D3hot D3cold
Jul 26 08:59:17 ubuntu kernel: [    3.465646] pci 0000:03:00.0: [1000:0016] type 00 class 0x010400
Jul 26 08:59:17 ubuntu kernel: [    3.465668] pci 0000:03:00.0: reg 0x10: [mem 0x80000100000-0x800001fffff 64bit pref]
Jul 26 08:59:17 ubuntu kernel: [    3.465678] pci 0000:03:00.0: reg 0x18: [mem 0x80000000000-0x800000fffff 64bit pref]
Jul 26 08:59:17 ubuntu kernel: [    3.465686] pci 0000:03:00.0: reg 0x20: [mem 0xe6400000-0xe64fffff]
Jul 26 08:59:17 ubuntu kernel: [    3.465694] pci 0000:03:00.0: reg 0x24: [io  0x0000-0x00ff]
Jul 26 08:59:17 ubuntu kernel: [    3.465701] pci 0000:03:00.0: reg 0x30: [mem 0xe6300000-0xe63fffff pref]
Jul 26 08:59:17 ubuntu kernel: [    3.465769] pci 0000:03:00.0: supports D1 D2
Jul 26 08:59:17 ubuntu kernel: [    3.465916] pci 0000:05:00.0: [19e5:1710] type 00 class 0x118000
Jul 26 08:59:17 ubuntu kernel: [    3.465941] pci 0000:05:00.0: reg 0x10: [mem 0xe0000000-0xe3ffffff pref]
Jul 26 08:59:17 ubuntu kernel: [    3.465951] pci 0000:05:00.0: reg 0x14: [mem 0xe6200000-0xe62fffff]
Jul 26 08:59:17 ubuntu kernel: [    3.466101] pci 0000:05:00.0: supports D1
Jul 26 08:59:17 ubuntu kernel: [    3.466104] pci 0000:05:00.0: PME# supported from D0 D1 D3hot
Jul 26 08:59:17 ubuntu kernel: [    3.466241] pci 0000:06:00.0: [19e5:1711] type 00 class 0x030000
Jul 26 08:59:17 ubuntu kernel: [    3.466273] pci 0000:06:00.0: reg 0x10: [mem 0xe4000000-0xe5ffffff pref]
Jul 26 08:59:17 ubuntu kernel: [    3.466286] pci 0000:06:00.0: reg 0x14: [mem 0xe6000000-0xe61fffff]
Jul 26 08:59:17 ubuntu kernel: [    3.466412] pci 0000:06:00.0: BAR 0: assigned to efifb
Jul 26 08:59:17 ubuntu kernel: [    3.466473] pci 0000:06:00.0: supports D1
Jul 26 08:59:17 ubuntu kernel: [    3.466475] pci 0000:06:00.0: PME# supported from D0 D1 D3hot
Jul 26 08:59:17 ubuntu kernel: [    3.466614] pci_bus 0000:00: on NUMA node 0
Jul 26 08:59:17 ubuntu kernel: [    3.466616] pci 0000:00:00.0: PCI bridge to [bus 01]
Jul 26 08:59:17 ubuntu kernel: [    3.466621] pci 0000:00:04.0: PCI bridge to [bus 02]
Jul 26 08:59:17 ubuntu kernel: [    3.466625] pci 0000:00:08.0: PCI bridge to [bus 03]
Jul 26 08:59:17 ubuntu kernel: [    3.466628] pci 0000:00:08.0:   bridge window [io  0x0000-0x0fff]
Jul 26 08:59:17 ubuntu kernel: [    3.466631] pci 0000:00:08.0:   bridge window [mem 0xe6300000-0xe64fffff]
Jul 26 08:59:17 ubuntu kernel: [    3.466635] pci 0000:00:08.0:   bridge window [mem 0x80000000000-0x800001fffff 64bit pref]
Jul 26 08:59:17 ubuntu kernel: [    3.466639] pci 0000:00:0c.0: PCI bridge to [bus 04]
Jul 26 08:59:17 ubuntu kernel: [    3.466644] pci 0000:00:10.0: PCI bridge to [bus 05]
Jul 26 08:59:17 ubuntu kernel: [    3.466647] pci 0000:00:10.0:   bridge window [mem 0xe6200000-0xe62fffff]
Jul 26 08:59:17 ubuntu kernel: [    3.466651] pci 0000:00:10.0:   bridge window [mem 0xe0000000-0xe3ffffff 64bit pref]
Jul 26 08:59:17 ubuntu kernel: [    3.466654] pci 0000:00:11.0: PCI bridge to [bus 06]
Jul 26 08:59:17 ubuntu kernel: [    3.466657] pci 0000:00:11.0:   bridge window [mem 0xe6000000-0xe61fffff]
Jul 26 08:59:17 ubuntu kernel: [    3.466661] pci 0000:00:11.0:   bridge window [mem 0xe4000000-0xe5ffffff 64bit pref]
Jul 26 08:59:17 ubuntu kernel: [    3.466664] pci 0000:00:12.0: PCI bridge to [bus 07]
Jul 26 08:59:17 ubuntu kernel: [    3.466674] pci 0000:00:00.0: PCI bridge to [bus 01]
Jul 26 08:59:17 ubuntu kernel: [    3.466680] pci 0000:00:04.0: PCI bridge to [bus 02]
Jul 26 08:59:17 ubuntu kernel: [    3.466684] pci 0000:00:08.0: PCI bridge to [bus 03]
Jul 26 08:59:17 ubuntu kernel: [    3.466687] pci 0000:00:08.0:   bridge window [io  0x0000-0x0fff]
Jul 26 08:59:17 ubuntu kernel: [    3.466690] pci 0000:00:08.0:   bridge window [mem 0xe6300000-0xe64fffff]
Jul 26 08:59:17 ubuntu kernel: [    3.466694] pci 0000:00:08.0:   bridge window [mem 0x80000000000-0x800001fffff 64bit pref]
Jul 26 08:59:17 ubuntu kernel: [    3.466698] pci 0000:00:0c.0: PCI bridge to [bus 04]
Jul 26 08:59:17 ubuntu kernel: [    3.466702] pci 0000:00:10.0: PCI bridge to [bus 05]
Jul 26 08:59:17 ubuntu kernel: [    3.466706] pci 0000:00:10.0:   bridge window [mem 0xe6200000-0xe62fffff]
Jul 26 08:59:17 ubuntu kernel: [    3.466709] pci 0000:00:10.0:   bridge window [mem 0xe0000000-0xe3ffffff 64bit pref]
Jul 26 08:59:17 ubuntu kernel: [    3.466713] pci 0000:00:11.0: PCI bridge to [bus 06]
Jul 26 08:59:17 ubuntu kernel: [    3.466716] pci 0000:00:11.0:   bridge window [mem 0xe6000000-0xe61fffff]
Jul 26 08:59:17 ubuntu kernel: [    3.466719] pci 0000:00:11.0:   bridge window [mem 0xe4000000-0xe5ffffff 64bit pref]
Jul 26 08:59:17 ubuntu kernel: [    3.466723] pci 0000:00:12.0: PCI bridge to [bus 07]
Jul 26 08:59:17 ubuntu kernel: [    3.466728] pci_bus 0000:00: resource 4 [mem 0x80000000000-0x82fffffffff pref window]
Jul 26 08:59:17 ubuntu kernel: [    3.466731] pci_bus 0000:00: resource 5 [mem 0xe0000000-0xf7feffff window]
Jul 26 08:59:17 ubuntu kernel: [    3.466734] pci_bus 0000:00: resource 6 [io  0x0000-0xffff window]
Jul 26 08:59:17 ubuntu kernel: [    3.466737] pci_bus 0000:03: resource 0 [io  0x0000-0x0fff]
Jul 26 08:59:17 ubuntu kernel: [    3.466740] pci_bus 0000:03: resource 1 [mem 0xe6300000-0xe64fffff]
Jul 26 08:59:17 ubuntu kernel: [    3.466742] pci_bus 0000:03: resource 2 [mem 0x80000000000-0x800001fffff 64bit pref]
Jul 26 08:59:17 ubuntu kernel: [    3.466745] pci_bus 0000:05: resource 1 [mem 0xe6200000-0xe62fffff]
Jul 26 08:59:17 ubuntu kernel: [    3.466748] pci_bus 0000:05: resource 2 [mem 0xe0000000-0xe3ffffff 64bit pref]
Jul 26 08:59:17 ubuntu kernel: [    3.466751] pci_bus 0000:06: resource 1 [mem 0xe6000000-0xe61fffff]
Jul 26 08:59:17 ubuntu kernel: [    3.466754] pci_bus 0000:06: resource 2 [mem 0xe4000000-0xe5ffffff 64bit pref]
Jul 26 08:59:17 ubuntu kernel: [    3.466807] ACPI: PCI Root Bridge [PCI1] (domain 0000 [bus 7b])
Jul 26 08:59:17 ubuntu kernel: [    3.466812] acpi PNP0A08:01: _OSC: OS supports [ExtendedConfig ASPM ClockPM Segments MSI HPX-Type3]
Jul 26 08:59:17 ubuntu kernel: [    3.466909] acpi PNP0A08:01: _OSC: platform does not support [PCIeHotplug SHPCHotplug PME AER LTR]
Jul 26 08:59:17 ubuntu kernel: [    3.466997] acpi PNP0A08:01: _OSC: OS now controls [PCIeCapability]
Jul 26 08:59:17 ubuntu kernel: [    3.467583] acpi PNP0A08:01: ECAM area [mem 0xd7b00000-0xd7bfffff] reserved by PNP0C02:00
Jul 26 08:59:17 ubuntu kernel: [    3.467600] acpi PNP0A08:01: ECAM at [mem 0xd7b00000-0xd7bfffff] for [bus 7b]
Jul 26 08:59:17 ubuntu kernel: [    3.467655] PCI host bridge to bus 0000:7b
Jul 26 08:59:17 ubuntu kernel: [    3.467658] pci_bus 0000:7b: root bus resource [mem 0x148800000-0x148ffffff pref window]
Jul 26 08:59:17 ubuntu kernel: [    3.467662] pci_bus 0000:7b: root bus resource [bus 7b]
Jul 26 08:59:17 ubuntu kernel: [    3.467669] pci 0000:7b:00.0: [19e5:a122] type 00 class 0x088000
Jul 26 08:59:17 ubuntu kernel: [    3.467677] pci 0000:7b:00.0: reg 0x18: [mem 0x00000000-0x00003fff 64bit pref]
Jul 26 08:59:17 ubuntu kernel: [    3.467733] pci_bus 0000:7b: on NUMA node 0
Jul 26 08:59:17 ubuntu kernel: [    3.467737] pci 0000:7b:00.0: BAR 2: assigned [mem 0x148800000-0x148803fff 64bit pref]
Jul 26 08:59:17 ubuntu kernel: [    3.467743] pci_bus 0000:7b: resource 4 [mem 0x148800000-0x148ffffff pref window]
Jul 26 08:59:17 ubuntu kernel: [    3.467786] ACPI: PCI Root Bridge [PCI2] (domain 0000 [bus 7a])
Jul 26 08:59:17 ubuntu kernel: [    3.467791] acpi PNP0A08:02: _OSC: OS supports [ExtendedConfig ASPM ClockPM Segments MSI HPX-Type3]
Jul 26 08:59:17 ubuntu kernel: [    3.467886] acpi PNP0A08:02: _OSC: platform does not support [PCIeHotplug SHPCHotplug PME AER LTR]
Jul 26 08:59:17 ubuntu kernel: [    3.467973] acpi PNP0A08:02: _OSC: OS now controls [PCIeCapability]
Jul 26 08:59:17 ubuntu kernel: [    3.468551] acpi PNP0A08:02: ECAM area [mem 0xd7a00000-0xd7afffff] reserved by PNP0C02:00
Jul 26 08:59:17 ubuntu kernel: [    3.468566] acpi PNP0A08:02: ECAM at [mem 0xd7a00000-0xd7afffff] for [bus 7a]
Jul 26 08:59:17 ubuntu kernel: [    3.468613] PCI host bridge to bus 0000:7a
Jul 26 08:59:17 ubuntu kernel: [    3.468616] pci_bus 0000:7a: root bus resource [mem 0x20c000000-0x20c1fffff pref window]
Jul 26 08:59:17 ubuntu kernel: [    3.468619] pci_bus 0000:7a: root bus resource [bus 7a]
Jul 26 08:59:17 ubuntu kernel: [    3.468627] pci 0000:7a:00.0: [19e5:a23b] type 00 class 0x0c0310
Jul 26 08:59:17 ubuntu kernel: [    3.468633] pci 0000:7a:00.0: reg 0x10: [mem 0x20c100000-0x20c100fff 64bit pref]
Jul 26 08:59:17 ubuntu kernel: [    3.468675] pci 0000:7a:01.0: [19e5:a239] type 00 class 0x0c0320
Jul 26 08:59:17 ubuntu kernel: [    3.468682] pci 0000:7a:01.0: reg 0x10: [mem 0x20c101000-0x20c101fff 64bit pref]
Jul 26 08:59:17 ubuntu kernel: [    3.468732] pci 0000:7a:02.0: [19e5:a238] type 00 class 0x0c0330
Jul 26 08:59:17 ubuntu kernel: [    3.468739] pci 0000:7a:02.0: reg 0x10: [mem 0x20c000000-0x20c0fffff 64bit pref]
Jul 26 08:59:17 ubuntu kernel: [    3.468794] pci_bus 0000:7a: on NUMA node 0
Jul 26 08:59:17 ubuntu kernel: [    3.468797] pci 0000:7a:02.0: BAR 0: assigned [mem 0x20c000000-0x20c0fffff 64bit pref]
Jul 26 08:59:17 ubuntu kernel: [    3.468802] pci 0000:7a:00.0: BAR 0: assigned [mem 0x20c100000-0x20c100fff 64bit pref]
Jul 26 08:59:17 ubuntu kernel: [    3.468807] pci 0000:7a:01.0: BAR 0: assigned [mem 0x20c101000-0x20c101fff 64bit pref]
Jul 26 08:59:17 ubuntu kernel: [    3.468812] pci_bus 0000:7a: resource 4 [mem 0x20c000000-0x20c1fffff pref window]
Jul 26 08:59:17 ubuntu kernel: [    3.468854] ACPI: PCI Root Bridge [PCI3] (domain 0000 [bus 78-79])
Jul 26 08:59:17 ubuntu kernel: [    3.468859] acpi PNP0A08:03: _OSC: OS supports [ExtendedConfig ASPM ClockPM Segments MSI HPX-Type3]
Jul 26 08:59:17 ubuntu kernel: [    3.468953] acpi PNP0A08:03: _OSC: platform does not support [PCIeHotplug SHPCHotplug PME AER LTR]
Jul 26 08:59:17 ubuntu kernel: [    3.469041] acpi PNP0A08:03: _OSC: OS now controls [PCIeCapability]
Jul 26 08:59:17 ubuntu kernel: [    3.469626] acpi PNP0A08:03: ECAM area [mem 0xd7800000-0xd79fffff] reserved by PNP0C02:00
Jul 26 08:59:17 ubuntu kernel: [    3.469633] acpi PNP0A08:03: ECAM at [mem 0xd7800000-0xd79fffff] for [bus 78-79]
Jul 26 08:59:17 ubuntu kernel: [    3.469702] PCI host bridge to bus 0000:78
Jul 26 08:59:17 ubuntu kernel: [    3.469705] pci_bus 0000:78: root bus resource [mem 0x208000000-0x208bfffff pref window]
Jul 26 08:59:17 ubuntu kernel: [    3.469708] pci_bus 0000:78: root bus resource [bus 78-79]
Jul 26 08:59:17 ubuntu kernel: [    3.469720] pci_bus 0000:78: on NUMA node 0
Jul 26 08:59:17 ubuntu kernel: [    3.469722] pci_bus 0000:78: resource 4 [mem 0x208000000-0x208bfffff pref window]
Jul 26 08:59:17 ubuntu kernel: [    3.469769] ACPI: PCI Root Bridge [PCI4] (domain 0000 [bus 7c-7d])
Jul 26 08:59:17 ubuntu kernel: [    3.469773] acpi PNP0A08:04: _OSC: OS supports [ExtendedConfig ASPM ClockPM Segments MSI HPX-Type3]
Jul 26 08:59:17 ubuntu kernel: [    3.469867] acpi PNP0A08:04: _OSC: platform does not support [PCIeHotplug SHPCHotplug PME AER LTR]
Jul 26 08:59:17 ubuntu kernel: [    3.469954] acpi PNP0A08:04: _OSC: OS now controls [PCIeCapability]
Jul 26 08:59:17 ubuntu kernel: [    3.470530] acpi PNP0A08:04: ECAM area [mem 0xd7c00000-0xd7dfffff] reserved by PNP0C02:00
Jul 26 08:59:17 ubuntu kernel: [    3.470536] acpi PNP0A08:04: ECAM at [mem 0xd7c00000-0xd7dfffff] for [bus 7c-7d]
Jul 26 08:59:17 ubuntu kernel: [    3.470586] PCI host bridge to bus 0000:7c
Jul 26 08:59:17 ubuntu kernel: [    3.470590] pci_bus 0000:7c: root bus resource [mem 0x120000000-0x13fffffff pref window]
Jul 26 08:59:17 ubuntu kernel: [    3.470593] pci_bus 0000:7c: root bus resource [bus 7c-7d]
Jul 26 08:59:17 ubuntu kernel: [    3.470600] pci 0000:7c:00.0: [19e5:a121] type 01 class 0x060400
Jul 26 08:59:17 ubuntu kernel: [    3.470611] pci 0000:7c:00.0: enabling Extended Tags
Jul 26 08:59:17 ubuntu kernel: [    3.470684] pci 0000:7d:00.0: [19e5:a222] type 00 class 0x020000
Jul 26 08:59:17 ubuntu kernel: [    3.470692] pci 0000:7d:00.0: reg 0x10: [mem 0x1210f0000-0x1210fffff 64bit pref]
Jul 26 08:59:17 ubuntu kernel: [    3.470697] pci 0000:7d:00.0: reg 0x18: [mem 0x120f00000-0x120ffffff 64bit pref]
Jul 26 08:59:17 ubuntu kernel: [    3.470720] pci 0000:7d:00.0: reg 0x224: [mem 0x1210c0000-0x1210cffff 64bit pref]
Jul 26 08:59:17 ubuntu kernel: [    3.470724] pci 0000:7d:00.0: VF(n) BAR0 space: [mem 0x1210c0000-0x1210effff 64bit pref] (contains BAR0 for 3 VFs)
Jul 26 08:59:17 ubuntu kernel: [    3.470730] pci 0000:7d:00.0: reg 0x22c: [mem 0x120c00000-0x120cfffff 64bit pref]
Jul 26 08:59:17 ubuntu kernel: [    3.470733] pci 0000:7d:00.0: VF(n) BAR2 space: [mem 0x120c00000-0x120efffff 64bit pref] (contains BAR2 for 3 VFs)
Jul 26 08:59:17 ubuntu kernel: [    3.470776] pci 0000:7d:00.1: [19e5:a221] type 00 class 0x020000
Jul 26 08:59:17 ubuntu kernel: [    3.470783] pci 0000:7d:00.1: reg 0x10: [mem 0x1210b0000-0x1210bffff 64bit pref]
Jul 26 08:59:17 ubuntu kernel: [    3.470788] pci 0000:7d:00.1: reg 0x18: [mem 0x120b00000-0x120bfffff 64bit pref]
Jul 26 08:59:17 ubuntu kernel: [    3.470810] pci 0000:7d:00.1: reg 0x224: [mem 0x121080000-0x12108ffff 64bit pref]
Jul 26 08:59:17 ubuntu kernel: [    3.470814] pci 0000:7d:00.1: VF(n) BAR0 space: [mem 0x121080000-0x1210affff 64bit pref] (contains BAR0 for 3 VFs)
Jul 26 08:59:17 ubuntu kernel: [    3.470819] pci 0000:7d:00.1: reg 0x22c: [mem 0x120800000-0x1208fffff 64bit pref]
Jul 26 08:59:17 ubuntu kernel: [    3.470822] pci 0000:7d:00.1: VF(n) BAR2 space: [mem 0x120800000-0x120afffff 64bit pref] (contains BAR2 for 3 VFs)
Jul 26 08:59:17 ubuntu kernel: [    3.470875] pci 0000:7d:00.2: [19e5:a222] type 00 class 0x020000
Jul 26 08:59:17 ubuntu kernel: [    3.470882] pci 0000:7d:00.2: reg 0x10: [mem 0x121070000-0x12107ffff 64bit pref]
Jul 26 08:59:17 ubuntu kernel: [    3.470887] pci 0000:7d:00.2: reg 0x18: [mem 0x120700000-0x1207fffff 64bit pref]
Jul 26 08:59:17 ubuntu kernel: [    3.470909] pci 0000:7d:00.2: reg 0x224: [mem 0x121040000-0x12104ffff 64bit pref]
Jul 26 08:59:17 ubuntu kernel: [    3.470913] pci 0000:7d:00.2: VF(n) BAR0 space: [mem 0x121040000-0x12106ffff 64bit pref] (contains BAR0 for 3 VFs)
Jul 26 08:59:17 ubuntu kernel: [    3.470918] pci 0000:7d:00.2: reg 0x22c: [mem 0x120400000-0x1204fffff 64bit pref]
Jul 26 08:59:17 ubuntu kernel: [    3.470921] pci 0000:7d:00.2: VF(n) BAR2 space: [mem 0x120400000-0x1206fffff 64bit pref] (contains BAR2 for 3 VFs)
Jul 26 08:59:17 ubuntu kernel: [    3.470968] pci 0000:7d:00.3: [19e5:a221] type 00 class 0x020000
Jul 26 08:59:17 ubuntu kernel: [    3.470975] pci 0000:7d:00.3: reg 0x10: [mem 0x121030000-0x12103ffff 64bit pref]
Jul 26 08:59:17 ubuntu kernel: [    3.470981] pci 0000:7d:00.3: reg 0x18: [mem 0x120300000-0x1203fffff 64bit pref]
Jul 26 08:59:17 ubuntu kernel: [    3.471002] pci 0000:7d:00.3: reg 0x224: [mem 0x121000000-0x12100ffff 64bit pref]
Jul 26 08:59:17 ubuntu kernel: [    3.471005] pci 0000:7d:00.3: VF(n) BAR0 space: [mem 0x121000000-0x12102ffff 64bit pref] (contains BAR0 for 3 VFs)
Jul 26 08:59:17 ubuntu kernel: [    3.471011] pci 0000:7d:00.3: reg 0x22c: [mem 0x120000000-0x1200fffff 64bit pref]
Jul 26 08:59:17 ubuntu kernel: [    3.471014] pci 0000:7d:00.3: VF(n) BAR2 space: [mem 0x120000000-0x1202fffff 64bit pref] (contains BAR2 for 3 VFs)
Jul 26 08:59:17 ubuntu kernel: [    3.471069] pci_bus 0000:7c: on NUMA node 0
Jul 26 08:59:17 ubuntu kernel: [    3.471074] pci 0000:7c:00.0: bridge window [mem 0x00100000-0x005fffff 64bit pref] to [bus 7d] add_size c00000 add_align 100000
Jul 26 08:59:17 ubuntu kernel: [    3.471080] pci 0000:7c:00.0: BAR 15: assigned [mem 0x120000000-0x1210fffff 64bit pref]
Jul 26 08:59:17 ubuntu kernel: [    3.471089] pci 0000:7d:00.0: BAR 2: assigned [mem 0x120000000-0x1200fffff 64bit pref]
Jul 26 08:59:17 ubuntu kernel: [    3.471093] pci 0000:7d:00.0: BAR 9: assigned [mem 0x120100000-0x1203fffff 64bit pref]
Jul 26 08:59:17 ubuntu kernel: [    3.471097] pci 0000:7d:00.1: BAR 2: assigned [mem 0x120400000-0x1204fffff 64bit pref]
Jul 26 08:59:17 ubuntu kernel: [    3.471102] pci 0000:7d:00.1: BAR 9: assigned [mem 0x120500000-0x1207fffff 64bit pref]
Jul 26 08:59:17 ubuntu kernel: [    3.471106] pci 0000:7d:00.2: BAR 2: assigned [mem 0x120800000-0x1208fffff 64bit pref]
Jul 26 08:59:17 ubuntu kernel: [    3.471110] pci 0000:7d:00.2: BAR 9: assigned [mem 0x120900000-0x120bfffff 64bit pref]
Jul 26 08:59:17 ubuntu kernel: [    3.471114] pci 0000:7d:00.3: BAR 2: assigned [mem 0x120c00000-0x120cfffff 64bit pref]
Jul 26 08:59:17 ubuntu kernel: [    3.471118] pci 0000:7d:00.3: BAR 9: assigned [mem 0x120d00000-0x120ffffff 64bit pref]
Jul 26 08:59:17 ubuntu kernel: [    3.471122] pci 0000:7d:00.0: BAR 0: assigned [mem 0x121000000-0x12100ffff 64bit pref]
Jul 26 08:59:17 ubuntu kernel: [    3.471127] pci 0000:7d:00.0: BAR 7: assigned [mem 0x121010000-0x12103ffff 64bit pref]
Jul 26 08:59:17 ubuntu kernel: [    3.471131] pci 0000:7d:00.1: BAR 0: assigned [mem 0x121040000-0x12104ffff 64bit pref]
Jul 26 08:59:17 ubuntu kernel: [    3.471135] pci 0000:7d:00.1: BAR 7: assigned [mem 0x121050000-0x12107ffff 64bit pref]
Jul 26 08:59:17 ubuntu kernel: [    3.471139] pci 0000:7d:00.2: BAR 0: assigned [mem 0x121080000-0x12108ffff 64bit pref]
Jul 26 08:59:17 ubuntu kernel: [    3.471144] pci 0000:7d:00.2: BAR 7: assigned [mem 0x121090000-0x1210bffff 64bit pref]
Jul 26 08:59:17 ubuntu kernel: [    3.471147] pci 0000:7d:00.3: BAR 0: assigned [mem 0x1210c0000-0x1210cffff 64bit pref]
Jul 26 08:59:17 ubuntu kernel: [    3.471152] pci 0000:7d:00.3: BAR 7: assigned [mem 0x1210d0000-0x1210fffff 64bit pref]
Jul 26 08:59:17 ubuntu kernel: [    3.471158] pci 0000:7c:00.0: PCI bridge to [bus 7d]
Jul 26 08:59:17 ubuntu kernel: [    3.471162] pci 0000:7c:00.0:   bridge window [mem 0x120000000-0x1210fffff 64bit pref]
Jul 26 08:59:17 ubuntu kernel: [    3.471166] pci_bus 0000:7c: resource 4 [mem 0x120000000-0x13fffffff pref window]
Jul 26 08:59:17 ubuntu kernel: [    3.471170] pci_bus 0000:7d: resource 2 [mem 0x120000000-0x1210fffff 64bit pref]
Jul 26 08:59:17 ubuntu kernel: [    3.471212] ACPI: PCI Root Bridge [PCI5] (domain 0000 [bus 74-76])
Jul 26 08:59:17 ubuntu kernel: [    3.471217] acpi PNP0A08:05: _OSC: OS supports [ExtendedConfig ASPM ClockPM Segments MSI HPX-Type3]
Jul 26 08:59:17 ubuntu kernel: [    3.471313] acpi PNP0A08:05: _OSC: platform does not support [PCIeHotplug SHPCHotplug PME AER LTR]
Jul 26 08:59:17 ubuntu kernel: [    3.471400] acpi PNP0A08:05: _OSC: OS now controls [PCIeCapability]
Jul 26 08:59:17 ubuntu kernel: [    3.471981] acpi PNP0A08:05: ECAM area [mem 0xd7400000-0xd76fffff] reserved by PNP0C02:00
Jul 26 08:59:17 ubuntu kernel: [    3.471996] acpi PNP0A08:05: ECAM at [mem 0xd7400000-0xd76fffff] for [bus 74-76]
Jul 26 08:59:17 ubuntu kernel: [    3.472077] PCI host bridge to bus 0000:74
Jul 26 08:59:17 ubuntu kernel: [    3.472080] pci_bus 0000:74: root bus resource [mem 0x141000000-0x141ffffff pref window]
Jul 26 08:59:17 ubuntu kernel: [    3.472084] pci_bus 0000:74: root bus resource [mem 0x144000000-0x145ffffff pref window]
Jul 26 08:59:17 ubuntu kernel: [    3.472087] pci_bus 0000:74: root bus resource [mem 0xa2000000-0xa2ffffff window]
Jul 26 08:59:17 ubuntu kernel: [    3.472090] pci_bus 0000:74: root bus resource [bus 74-76]
Jul 26 08:59:17 ubuntu kernel: [    3.472098] pci 0000:74:01.0: [19e5:a121] type 01 class 0x060400
Jul 26 08:59:17 ubuntu kernel: [    3.472108] pci 0000:74:01.0: enabling Extended Tags
Jul 26 08:59:17 ubuntu kernel: [    3.472171] pci 0000:74:02.0: [19e5:a230] type 00 class 0x010700
Jul 26 08:59:17 ubuntu kernel: [    3.472181] pci 0000:74:02.0: reg 0x24: [mem 0xa2008000-0xa200ffff]
Jul 26 08:59:17 ubuntu kernel: [    3.472250] pci 0000:74:03.0: [19e5:a235] type 00 class 0x010601
Jul 26 08:59:17 ubuntu kernel: [    3.472263] pci 0000:74:03.0: reg 0x24: [mem 0xa2010000-0xa2010fff]
Jul 26 08:59:17 ubuntu kernel: [    3.472308] pci 0000:74:04.0: [19e5:a230] type 00 class 0x010700
Jul 26 08:59:17 ubuntu kernel: [    3.472318] pci 0000:74:04.0: reg 0x24: [mem 0xa2000000-0xa2007fff]
Jul 26 08:59:17 ubuntu kernel: [    3.472416] pci 0000:75:00.0: [19e5:a255] type 00 class 0x100000
Jul 26 08:59:17 ubuntu kernel: [    3.472425] pci 0000:75:00.0: reg 0x18: [mem 0x144000000-0x1443fffff 64bit pref]
Jul 26 08:59:17 ubuntu kernel: [    3.472450] pci 0000:75:00.0: reg 0x22c: [mem 0x144400000-0x14440ffff 64bit pref]
Jul 26 08:59:17 ubuntu kernel: [    3.472454] pci 0000:75:00.0: VF(n) BAR2 space: [mem 0x144400000-0x1447effff 64bit pref] (contains BAR2 for 63 VFs)
Jul 26 08:59:17 ubuntu kernel: [    3.472551] pci_bus 0000:74: on NUMA node 0
Jul 26 08:59:17 ubuntu kernel: [    3.472555] pci 0000:74:01.0: bridge window [mem 0x00400000-0x007fffff 64bit pref] to [bus 75] add_size 400000 add_align 400000
Jul 26 08:59:17 ubuntu kernel: [    3.472561] pci 0000:74:01.0: BAR 15: assigned [mem 0x141000000-0x1417fffff 64bit pref]
Jul 26 08:59:17 ubuntu kernel: [    3.472565] pci 0000:74:02.0: BAR 5: assigned [mem 0xa2000000-0xa2007fff]
Jul 26 08:59:17 ubuntu kernel: [    3.472568] pci 0000:74:04.0: BAR 5: assigned [mem 0xa2008000-0xa200ffff]
Jul 26 08:59:17 ubuntu kernel: [    3.472571] pci 0000:74:03.0: BAR 5: assigned [mem 0xa2010000-0xa2010fff]
Jul 26 08:59:17 ubuntu kernel: [    3.472575] pci 0000:75:00.0: BAR 2: assigned [mem 0x141000000-0x1413fffff 64bit pref]
Jul 26 08:59:17 ubuntu kernel: [    3.472580] pci 0000:75:00.0: BAR 9: assigned [mem 0x141400000-0x1417effff 64bit pref]
Jul 26 08:59:17 ubuntu kernel: [    3.472584] pci 0000:74:01.0: PCI bridge to [bus 75]
Jul 26 08:59:17 ubuntu kernel: [    3.472588] pci 0000:74:01.0:   bridge window [mem 0x141000000-0x1417fffff 64bit pref]
Jul 26 08:59:17 ubuntu kernel: [    3.472592] pci_bus 0000:74: resource 4 [mem 0x141000000-0x141ffffff pref window]
Jul 26 08:59:17 ubuntu kernel: [    3.472595] pci_bus 0000:74: resource 5 [mem 0x144000000-0x145ffffff pref window]
Jul 26 08:59:17 ubuntu kernel: [    3.472598] pci_bus 0000:74: resource 6 [mem 0xa2000000-0xa2ffffff window]
Jul 26 08:59:17 ubuntu kernel: [    3.472601] pci_bus 0000:75: resource 2 [mem 0x141000000-0x1417fffff 64bit pref]
Jul 26 08:59:17 ubuntu kernel: [    3.472665] ACPI: PCI Root Bridge [PCI6] (domain 0000 [bus 80-9f])
Jul 26 08:59:17 ubuntu kernel: [    3.472669] acpi PNP0A08:06: _OSC: OS supports [ExtendedConfig ASPM ClockPM Segments MSI HPX-Type3]
Jul 26 08:59:17 ubuntu kernel: [    3.472764] acpi PNP0A08:06: _OSC: platform does not support [SHPCHotplug LTR]
Jul 26 08:59:17 ubuntu kernel: [    3.472852] acpi PNP0A08:06: _OSC: OS now controls [PCIeHotplug PME AER PCIeCapability]
