Dec  3 15:11:39 ubuntu kernel: [    0.000000] Booting Linux on physical CPU 0x0000080000 [0x481fd010]
Dec  3 15:11:39 ubuntu kernel: [    0.000000] Linux version 5.7.1 (root@ubuntu) (gcc version 7.5.0 (Ubuntu/Linaro 7.5.0-3ubuntu1~18.04), GNU ld (GNU Binutils for Ubuntu) 2.30) #1 SMP Thu Dec 3 14:39:17 CST 2020
Dec  3 15:11:39 ubuntu kernel: [    0.000000] efi: EFI v2.70 by EDK II
Dec  3 15:11:39 ubuntu kernel: [    0.000000] efi:  ACPI 2.0=0x2fc50000  SMBIOS 3.0=0x2fbf0000  MEMATTR=0x35e92018  ESRT=0x36117b18  MEMRESERVE=0x2fb93018 
Dec  3 15:11:39 ubuntu kernel: [    0.000000] esrt: Reserving ESRT space from 0x0000000036117b18 to 0x0000000036117b50.
Dec  3 15:11:39 ubuntu kernel: [    0.000000] cma: Reserved 32 MiB at 0x000000007e000000
Dec  3 15:11:39 ubuntu kernel: [    0.000000] ACPI: Early table checksum verification disabled
Dec  3 15:11:39 ubuntu kernel: [    0.000000] ACPI: RSDP 0x000000002FC50000 000024 (v02 HISI  )
Dec  3 15:11:39 ubuntu kernel: [    0.000000] ACPI: XSDT 0x000000002FC40000 0000A4 (v01 HISI   HIP08    00000000      01000013)
Dec  3 15:11:39 ubuntu kernel: [    0.000000] ACPI: FACP 0x000000002F790000 000114 (v06 HISI   HIP08    00000000 HISI 20151124)
Dec  3 15:11:39 ubuntu kernel: [    0.000000] ACPI: DSDT 0x000000002F530000 00C441 (v02 HISI   HIP08    00000000 INTL 20181213)
Dec  3 15:11:39 ubuntu kernel: [    0.000000] ACPI: PCCT 0x000000002FC30000 00008A (v01 HISI   HIP08    00000000 HISI 20151124)
Dec  3 15:11:39 ubuntu kernel: [    0.000000] ACPI: SSDT 0x000000002FC20000 00E64A (v02 HISI   HIP07    00000000 INTL 20181213)
Dec  3 15:11:39 ubuntu kernel: [    0.000000] ACPI: BERT 0x000000002FBC0000 000030 (v01 HISI   HIP08    00000000 HISI 20151124)
Dec  3 15:11:39 ubuntu kernel: [    0.000000] ACPI: HEST 0x000000002FBA0000 00058C (v01 HISI   HIP08    00000000 HISI 20151124)
Dec  3 15:11:39 ubuntu kernel: [    0.000000] ACPI: ERST 0x000000002FB60000 000230 (v01 HISI   HIP08    00000000 HISI 20151124)
Dec  3 15:11:39 ubuntu kernel: [    0.000000] ACPI: EINJ 0x000000002FB50000 000170 (v01 HISI   HIP08    00000000 HISI 20151124)
Dec  3 15:11:39 ubuntu kernel: [    0.000000] ACPI: GTDT 0x000000002F590000 00007C (v02 HISI   HIP08    00000000 HISI 20151124)
Dec  3 15:11:39 ubuntu kernel: [    0.000000] ACPI: MCFG 0x000000002F580000 00003C (v01 HISI   HIP08    00000000 HISI 20151124)
Dec  3 15:11:39 ubuntu kernel: [    0.000000] ACPI: SLIT 0x000000002F570000 00003C (v01 HISI   HIP08    00000000 HISI 20151124)
Dec  3 15:11:39 ubuntu kernel: [    0.000000] ACPI: SRAT 0x000000002F560000 0007D0 (v03 HISI   HIP08    00000000 HISI 20151124)
Dec  3 15:11:39 ubuntu kernel: [    0.000000] ACPI: SDEI 0x000000002F550000 000030 (v01 HISI   HIP08    00000000 HISI 20151124)
Dec  3 15:11:39 ubuntu kernel: [    0.000000] ACPI: APIC 0x000000002F540000 001E6C (v04 HISI   HIP08    00000000 HISI 20151124)
Dec  3 15:11:39 ubuntu kernel: [    0.000000] ACPI: IORT 0x000000002F520000 001678 (v00 HISI   HIP08    00000000 INTL 20181213)
Dec  3 15:11:39 ubuntu kernel: [    0.000000] ACPI: PPTT 0x000000002ECE0000 0031B0 (v01 HISI   HIP08    00000000 HISI 20151124)
Dec  3 15:11:39 ubuntu kernel: [    0.000000] ACPI: SPMI 0x000000002ECD0000 000041 (v05 HISI   HIP08    00000000 HISI 20151124)
Dec  3 15:11:39 ubuntu kernel: [    0.000000] ACPI: SRAT: Node 0 PXM 0 [mem 0x2080000000-0x27ffffffff]
Dec  3 15:11:39 ubuntu kernel: [    0.000000] ACPI: SRAT: Node 1 PXM 1 [mem 0x2800000000-0x2fffffffff]
Dec  3 15:11:39 ubuntu kernel: [    0.000000] ACPI: SRAT: Node 0 PXM 0 [mem 0x00000000-0x7fffffff]
Dec  3 15:11:39 ubuntu kernel: [    0.000000] ACPI: SRAT: Node 2 PXM 2 [mem 0x202000000000-0x2027ffffffff]
Dec  3 15:11:39 ubuntu kernel: [    0.000000] ACPI: SRAT: Node 3 PXM 3 [mem 0x202800000000-0x202fffffffff]
Dec  3 15:11:39 ubuntu kernel: [    0.000000] NUMA: NODE_DATA [mem 0x27ffffc300-0x27ffffffff]
Dec  3 15:11:39 ubuntu kernel: [    0.000000] NUMA: NODE_DATA [mem 0x2fffffc300-0x2fffffffff]
Dec  3 15:11:39 ubuntu kernel: [    0.000000] NUMA: NODE_DATA [mem 0x2027ffffc300-0x2027ffffffff]
Dec  3 15:11:39 ubuntu kernel: [    0.000000] NUMA: NODE_DATA [mem 0x202ff0000300-0x202ff0003fff]
Dec  3 15:11:39 ubuntu kernel: [    0.000000] Zone ranges:
Dec  3 15:11:39 ubuntu kernel: [    0.000000]   DMA      [mem 0x0000000000000000-0x000000003fffffff]
Dec  3 15:11:39 ubuntu kernel: [    0.000000]   DMA32    [mem 0x0000000040000000-0x00000000ffffffff]
Dec  3 15:11:39 ubuntu kernel: [    0.000000]   Normal   [mem 0x0000000100000000-0x0000202fffffffff]
Dec  3 15:11:39 ubuntu kernel: [    0.000000] Movable zone start for each node
Dec  3 15:11:39 ubuntu kernel: [    0.000000] Early memory node ranges
Dec  3 15:11:39 ubuntu kernel: [    0.000000]   node   0: [mem 0x0000000000000000-0x000000000000ffff]
Dec  3 15:11:39 ubuntu kernel: [    0.000000]   node   0: [mem 0x0000000000010000-0x000000002e4f2fff]
Dec  3 15:11:39 ubuntu kernel: [    0.000000]   node   0: [mem 0x000000002e4f3000-0x000000002eccffff]
Dec  3 15:11:39 ubuntu kernel: [    0.000000]   node   0: [mem 0x000000002ecd0000-0x000000002f59ffff]
Dec  3 15:11:39 ubuntu kernel: [    0.000000]   node   0: [mem 0x000000002f5a0000-0x000000002f78ffff]
Dec  3 15:11:39 ubuntu kernel: [    0.000000]   node   0: [mem 0x000000002f790000-0x000000002f79ffff]
Dec  3 15:11:39 ubuntu kernel: [    0.000000]   node   0: [mem 0x000000002f7a0000-0x000000002f87ffff]
Dec  3 15:11:39 ubuntu kernel: [    0.000000]   node   0: [mem 0x000000002f880000-0x000000002f8bffff]
Dec  3 15:11:39 ubuntu kernel: [    0.000000]   node   0: [mem 0x000000002f8c0000-0x000000002f95ffff]
Dec  3 15:11:39 ubuntu kernel: [    0.000000]   node   0: [mem 0x000000002f960000-0x000000002f97ffff]
Dec  3 15:11:39 ubuntu kernel: [    0.000000]   node   0: [mem 0x000000002f980000-0x000000002fabffff]
Dec  3 15:11:39 ubuntu kernel: [    0.000000]   node   0: [mem 0x000000002fac0000-0x000000002fb6ffff]
Dec  3 15:11:39 ubuntu kernel: [    0.000000]   node   0: [mem 0x000000002fb70000-0x000000002fb71fff]
Dec  3 15:11:39 ubuntu kernel: [    0.000000]   node   0: [mem 0x000000002fb72000-0x000000002fb7ffff]
Dec  3 15:11:39 ubuntu kernel: [    0.000000]   node   0: [mem 0x000000002fb80000-0x000000002fb80fff]
Dec  3 15:11:39 ubuntu kernel: [    0.000000]   node   0: [mem 0x000000002fb81000-0x000000002fb8ffff]
Dec  3 15:11:39 ubuntu kernel: [    0.000000]   node   0: [mem 0x000000002fb90000-0x000000002fb91fff]
Dec  3 15:11:39 ubuntu kernel: [    0.000000]   node   0: [mem 0x000000002fb92000-0x000000002fbaffff]
Dec  3 15:11:39 ubuntu kernel: [    0.000000]   node   0: [mem 0x000000002fbb0000-0x000000002fbb1fff]
Dec  3 15:11:39 ubuntu kernel: [    0.000000]   node   0: [mem 0x000000002fbb2000-0x000000002fbcffff]
Dec  3 15:11:39 ubuntu kernel: [    0.000000]   node   0: [mem 0x000000002fbd0000-0x000000002fbd0fff]
Dec  3 15:11:39 ubuntu kernel: [    0.000000]   node   0: [mem 0x000000002fbd1000-0x000000002fbdffff]
Dec  3 15:11:39 ubuntu kernel: [    0.000000]   node   0: [mem 0x000000002fbe0000-0x000000002fbfffff]
Dec  3 15:11:39 ubuntu kernel: [    0.000000]   node   0: [mem 0x000000002fc00000-0x000000002fc5ffff]
Dec  3 15:11:39 ubuntu kernel: [    0.000000]   node   0: [mem 0x000000002fc60000-0x000000002fe5ffff]
Dec  3 15:11:39 ubuntu kernel: [    0.000000]   node   0: [mem 0x000000002fe60000-0x000000002fe60fff]
Dec  3 15:11:39 ubuntu kernel: [    0.000000]   node   0: [mem 0x000000002fe61000-0x000000002fe64fff]
Dec  3 15:11:39 ubuntu kernel: [    0.000000]   node   0: [mem 0x000000002fe65000-0x000000002fe6afff]
Dec  3 15:11:39 ubuntu kernel: [    0.000000]   node   0: [mem 0x000000002fe6b000-0x000000002fe6bfff]
Dec  3 15:11:39 ubuntu kernel: [    0.000000]   node   0: [mem 0x000000002fe6c000-0x000000003f02ffff]
Dec  3 15:11:39 ubuntu kernel: [    0.000000]   node   0: [mem 0x000000003f030000-0x000000003f05ffff]
Dec  3 15:11:39 ubuntu kernel: [    0.000000]   node   0: [mem 0x000000003f060000-0x000000003fbfffff]
Dec  3 15:11:39 ubuntu kernel: [    0.000000]   node   0: [mem 0x0000000040000000-0x0000000043ffffff]
Dec  3 15:11:39 ubuntu kernel: [    0.000000]   node   0: [mem 0x0000000044030000-0x000000004fffffff]
Dec  3 15:11:39 ubuntu kernel: [    0.000000]   node   0: [mem 0x0000000050000000-0x000000007fffffff]
Dec  3 15:11:39 ubuntu kernel: [    0.000000]   node   0: [mem 0x0000002080000000-0x00000027ffffffff]
Dec  3 15:11:39 ubuntu kernel: [    0.000000]   node   1: [mem 0x0000002800000000-0x0000002fffffffff]
Dec  3 15:11:39 ubuntu kernel: [    0.000000]   node   2: [mem 0x0000202000000000-0x00002027ffffffff]
Dec  3 15:11:39 ubuntu kernel: [    0.000000]   node   3: [mem 0x0000202800000000-0x0000202fffffffff]
Dec  3 15:11:39 ubuntu kernel: [    0.000000] Zeroed struct page in unavailable ranges: 829 pages
Dec  3 15:11:39 ubuntu kernel: [    0.000000] Initmem setup node 0 [mem 0x0000000000000000-0x00000027ffffffff]
Dec  3 15:11:39 ubuntu kernel: [    0.000000] On node 0 totalpages: 8387536
Dec  3 15:11:39 ubuntu kernel: [    0.000000]   DMA zone: 5120 pages used for memmap
Dec  3 15:11:39 ubuntu kernel: [    0.000000]   DMA zone: 0 pages reserved
Dec  3 15:11:39 ubuntu kernel: [    0.000000]   DMA zone: 261120 pages, LIFO batch:63
Dec  3 15:11:39 ubuntu kernel: [    0.000000]   DMA32 zone: 5120 pages used for memmap
Dec  3 15:11:39 ubuntu kernel: [    0.000000]   DMA32 zone: 262096 pages, LIFO batch:63
Dec  3 15:11:39 ubuntu kernel: [    0.000000]   Normal zone: 153600 pages used for memmap
Dec  3 15:11:39 ubuntu kernel: [    0.000000]   Normal zone: 7864320 pages, LIFO batch:63
Dec  3 15:11:39 ubuntu kernel: [    0.000000] Initmem setup node 1 [mem 0x0000002800000000-0x0000002fffffffff]
Dec  3 15:11:39 ubuntu kernel: [    0.000000] On node 1 totalpages: 8388608
Dec  3 15:11:39 ubuntu kernel: [    0.000000]   Normal zone: 163840 pages used for memmap
Dec  3 15:11:39 ubuntu kernel: [    0.000000]   Normal zone: 8388608 pages, LIFO batch:63
Dec  3 15:11:39 ubuntu kernel: [    0.000000] Initmem setup node 2 [mem 0x0000202000000000-0x00002027ffffffff]
Dec  3 15:11:39 ubuntu kernel: [    0.000000] On node 2 totalpages: 8388608
Dec  3 15:11:39 ubuntu kernel: [    0.000000]   Normal zone: 163840 pages used for memmap
Dec  3 15:11:39 ubuntu kernel: [    0.000000]   Normal zone: 8388608 pages, LIFO batch:63
Dec  3 15:11:39 ubuntu kernel: [    0.000000] Initmem setup node 3 [mem 0x0000202800000000-0x0000202fffffffff]
Dec  3 15:11:39 ubuntu kernel: [    0.000000] On node 3 totalpages: 8388608
Dec  3 15:11:39 ubuntu kernel: [    0.000000]   Normal zone: 163840 pages used for memmap
Dec  3 15:11:39 ubuntu kernel: [    0.000000]   Normal zone: 8388608 pages, LIFO batch:63
Dec  3 15:11:39 ubuntu kernel: [    0.000000] psci: probing for conduit method from ACPI.
Dec  3 15:11:39 ubuntu kernel: [    0.000000] psci: PSCIv1.1 detected in firmware.
Dec  3 15:11:39 ubuntu kernel: [    0.000000] psci: Using standard PSCI v0.2 function IDs
Dec  3 15:11:39 ubuntu kernel: [    0.000000] psci: MIGRATE_INFO_TYPE not supported.
Dec  3 15:11:39 ubuntu kernel: [    0.000000] psci: SMC Calling Convention v1.1
Dec  3 15:11:39 ubuntu kernel: [    0.000000] ACPI: NUMA: SRAT: PXM 0 -> MPIDR 0x80000 -> Node 0
Dec  3 15:11:39 ubuntu kernel: [    0.000000] ACPI: NUMA: SRAT: PXM 0 -> MPIDR 0x80100 -> Node 0
Dec  3 15:11:39 ubuntu kernel: [    0.000000] ACPI: NUMA: SRAT: PXM 0 -> MPIDR 0x80200 -> Node 0
Dec  3 15:11:39 ubuntu kernel: [    0.000000] ACPI: NUMA: SRAT: PXM 0 -> MPIDR 0x80300 -> Node 0
Dec  3 15:11:39 ubuntu kernel: [    0.000000] ACPI: NUMA: SRAT: PXM 0 -> MPIDR 0x90000 -> Node 0
Dec  3 15:11:39 ubuntu kernel: [    0.000000] ACPI: NUMA: SRAT: PXM 0 -> MPIDR 0x90100 -> Node 0
Dec  3 15:11:39 ubuntu kernel: [    0.000000] ACPI: NUMA: SRAT: PXM 0 -> MPIDR 0x90200 -> Node 0
Dec  3 15:11:39 ubuntu kernel: [    0.000000] ACPI: NUMA: SRAT: PXM 0 -> MPIDR 0x90300 -> Node 0
Dec  3 15:11:39 ubuntu kernel: [    0.000000] ACPI: NUMA: SRAT: PXM 0 -> MPIDR 0xa0000 -> Node 0
Dec  3 15:11:39 ubuntu kernel: [    0.000000] ACPI: NUMA: SRAT: PXM 0 -> MPIDR 0xa0100 -> Node 0
Dec  3 15:11:39 ubuntu kernel: [    0.000000] ACPI: NUMA: SRAT: PXM 0 -> MPIDR 0xa0200 -> Node 0
Dec  3 15:11:39 ubuntu kernel: [    0.000000] ACPI: NUMA: SRAT: PXM 0 -> MPIDR 0xa0300 -> Node 0
Dec  3 15:11:39 ubuntu kernel: [    0.000000] ACPI: NUMA: SRAT: PXM 0 -> MPIDR 0xb0000 -> Node 0
Dec  3 15:11:39 ubuntu kernel: [    0.000000] ACPI: NUMA: SRAT: PXM 0 -> MPIDR 0xb0100 -> Node 0
Dec  3 15:11:39 ubuntu kernel: [    0.000000] ACPI: NUMA: SRAT: PXM 0 -> MPIDR 0xb0200 -> Node 0
Dec  3 15:11:39 ubuntu kernel: [    0.000000] ACPI: NUMA: SRAT: PXM 0 -> MPIDR 0xb0300 -> Node 0
Dec  3 15:11:39 ubuntu kernel: [    0.000000] ACPI: NUMA: SRAT: PXM 0 -> MPIDR 0xc0000 -> Node 0
Dec  3 15:11:39 ubuntu kernel: [    0.000000] ACPI: NUMA: SRAT: PXM 0 -> MPIDR 0xc0100 -> Node 0
Dec  3 15:11:39 ubuntu kernel: [    0.000000] ACPI: NUMA: SRAT: PXM 0 -> MPIDR 0xc0200 -> Node 0
Dec  3 15:11:39 ubuntu kernel: [    0.000000] ACPI: NUMA: SRAT: PXM 0 -> MPIDR 0xc0300 -> Node 0
Dec  3 15:11:39 ubuntu kernel: [    0.000000] ACPI: NUMA: SRAT: PXM 0 -> MPIDR 0xd0000 -> Node 0
Dec  3 15:11:39 ubuntu kernel: [    0.000000] ACPI: NUMA: SRAT: PXM 0 -> MPIDR 0xd0100 -> Node 0
Dec  3 15:11:39 ubuntu kernel: [    0.000000] ACPI: NUMA: SRAT: PXM 0 -> MPIDR 0xd0200 -> Node 0
Dec  3 15:11:39 ubuntu kernel: [    0.000000] ACPI: NUMA: SRAT: PXM 0 -> MPIDR 0xd0300 -> Node 0
Dec  3 15:11:39 ubuntu kernel: [    0.000000] ACPI: NUMA: SRAT: PXM 1 -> MPIDR 0x180000 -> Node 1
Dec  3 15:11:39 ubuntu kernel: [    0.000000] ACPI: NUMA: SRAT: PXM 1 -> MPIDR 0x180100 -> Node 1
Dec  3 15:11:39 ubuntu kernel: [    0.000000] ACPI: NUMA: SRAT: PXM 1 -> MPIDR 0x180200 -> Node 1
Dec  3 15:11:39 ubuntu kernel: [    0.000000] ACPI: NUMA: SRAT: PXM 1 -> MPIDR 0x180300 -> Node 1
Dec  3 15:11:39 ubuntu kernel: [    0.000000] ACPI: NUMA: SRAT: PXM 1 -> MPIDR 0x190000 -> Node 1
Dec  3 15:11:39 ubuntu kernel: [    0.000000] ACPI: NUMA: SRAT: PXM 1 -> MPIDR 0x190100 -> Node 1
Dec  3 15:11:39 ubuntu kernel: [    0.000000] ACPI: NUMA: SRAT: PXM 1 -> MPIDR 0x190200 -> Node 1
Dec  3 15:11:39 ubuntu kernel: [    0.000000] ACPI: NUMA: SRAT: PXM 1 -> MPIDR 0x190300 -> Node 1
Dec  3 15:11:39 ubuntu kernel: [    0.000000] ACPI: NUMA: SRAT: PXM 1 -> MPIDR 0x1a0000 -> Node 1
Dec  3 15:11:39 ubuntu kernel: [    0.000000] ACPI: NUMA: SRAT: PXM 1 -> MPIDR 0x1a0100 -> Node 1
Dec  3 15:11:39 ubuntu kernel: [    0.000000] ACPI: NUMA: SRAT: PXM 1 -> MPIDR 0x1a0200 -> Node 1
Dec  3 15:11:39 ubuntu kernel: [    0.000000] ACPI: NUMA: SRAT: PXM 1 -> MPIDR 0x1a0300 -> Node 1
Dec  3 15:11:39 ubuntu kernel: [    0.000000] ACPI: NUMA: SRAT: PXM 1 -> MPIDR 0x1b0000 -> Node 1
Dec  3 15:11:39 ubuntu kernel: [    0.000000] ACPI: NUMA: SRAT: PXM 1 -> MPIDR 0x1b0100 -> Node 1
Dec  3 15:11:39 ubuntu kernel: [    0.000000] ACPI: NUMA: SRAT: PXM 1 -> MPIDR 0x1b0200 -> Node 1
Dec  3 15:11:39 ubuntu kernel: [    0.000000] ACPI: NUMA: SRAT: PXM 1 -> MPIDR 0x1b0300 -> Node 1
Dec  3 15:11:39 ubuntu kernel: [    0.000000] ACPI: NUMA: SRAT: PXM 1 -> MPIDR 0x1c0000 -> Node 1
Dec  3 15:11:39 ubuntu kernel: [    0.000000] ACPI: NUMA: SRAT: PXM 1 -> MPIDR 0x1c0100 -> Node 1
Dec  3 15:11:39 ubuntu kernel: [    0.000000] ACPI: NUMA: SRAT: PXM 1 -> MPIDR 0x1c0200 -> Node 1
Dec  3 15:11:39 ubuntu kernel: [    0.000000] ACPI: NUMA: SRAT: PXM 1 -> MPIDR 0x1c0300 -> Node 1
Dec  3 15:11:39 ubuntu kernel: [    0.000000] ACPI: NUMA: SRAT: PXM 1 -> MPIDR 0x1d0000 -> Node 1
Dec  3 15:11:39 ubuntu kernel: [    0.000000] ACPI: NUMA: SRAT: PXM 1 -> MPIDR 0x1d0100 -> Node 1
Dec  3 15:11:39 ubuntu kernel: [    0.000000] ACPI: NUMA: SRAT: PXM 1 -> MPIDR 0x1d0200 -> Node 1
Dec  3 15:11:39 ubuntu kernel: [    0.000000] ACPI: NUMA: SRAT: PXM 1 -> MPIDR 0x1d0300 -> Node 1
Dec  3 15:11:39 ubuntu kernel: [    0.000000] ACPI: NUMA: SRAT: PXM 2 -> MPIDR 0x280000 -> Node 2
Dec  3 15:11:39 ubuntu kernel: [    0.000000] ACPI: NUMA: SRAT: PXM 2 -> MPIDR 0x280100 -> Node 2
Dec  3 15:11:39 ubuntu kernel: [    0.000000] ACPI: NUMA: SRAT: PXM 2 -> MPIDR 0x280200 -> Node 2
Dec  3 15:11:39 ubuntu kernel: [    0.000000] ACPI: NUMA: SRAT: PXM 2 -> MPIDR 0x280300 -> Node 2
Dec  3 15:11:39 ubuntu kernel: [    0.000000] ACPI: NUMA: SRAT: PXM 2 -> MPIDR 0x290000 -> Node 2
Dec  3 15:11:39 ubuntu kernel: [    0.000000] ACPI: NUMA: SRAT: PXM 2 -> MPIDR 0x290100 -> Node 2
Dec  3 15:11:39 ubuntu kernel: [    0.000000] ACPI: NUMA: SRAT: PXM 2 -> MPIDR 0x290200 -> Node 2
Dec  3 15:11:39 ubuntu kernel: [    0.000000] ACPI: NUMA: SRAT: PXM 2 -> MPIDR 0x290300 -> Node 2
Dec  3 15:11:39 ubuntu kernel: [    0.000000] ACPI: NUMA: SRAT: PXM 2 -> MPIDR 0x2a0000 -> Node 2
Dec  3 15:11:39 ubuntu kernel: [    0.000000] ACPI: NUMA: SRAT: PXM 2 -> MPIDR 0x2a0100 -> Node 2
Dec  3 15:11:39 ubuntu kernel: [    0.000000] ACPI: NUMA: SRAT: PXM 2 -> MPIDR 0x2a0200 -> Node 2
Dec  3 15:11:39 ubuntu kernel: [    0.000000] ACPI: NUMA: SRAT: PXM 2 -> MPIDR 0x2a0300 -> Node 2
Dec  3 15:11:39 ubuntu kernel: [    0.000000] ACPI: NUMA: SRAT: PXM 2 -> MPIDR 0x2b0000 -> Node 2
Dec  3 15:11:39 ubuntu kernel: [    0.000000] ACPI: NUMA: SRAT: PXM 2 -> MPIDR 0x2b0100 -> Node 2
Dec  3 15:11:39 ubuntu kernel: [    0.000000] ACPI: NUMA: SRAT: PXM 2 -> MPIDR 0x2b0200 -> Node 2
Dec  3 15:11:39 ubuntu kernel: [    0.000000] ACPI: NUMA: SRAT: PXM 2 -> MPIDR 0x2b0300 -> Node 2
Dec  3 15:11:39 ubuntu kernel: [    0.000000] ACPI: NUMA: SRAT: PXM 2 -> MPIDR 0x2c0000 -> Node 2
Dec  3 15:11:39 ubuntu kernel: [    0.000000] ACPI: NUMA: SRAT: PXM 2 -> MPIDR 0x2c0100 -> Node 2
Dec  3 15:11:39 ubuntu kernel: [    0.000000] ACPI: NUMA: SRAT: PXM 2 -> MPIDR 0x2c0200 -> Node 2
Dec  3 15:11:39 ubuntu kernel: [    0.000000] ACPI: NUMA: SRAT: PXM 2 -> MPIDR 0x2c0300 -> Node 2
Dec  3 15:11:39 ubuntu kernel: [    0.000000] ACPI: NUMA: SRAT: PXM 2 -> MPIDR 0x2d0000 -> Node 2
Dec  3 15:11:39 ubuntu kernel: [    0.000000] ACPI: NUMA: SRAT: PXM 2 -> MPIDR 0x2d0100 -> Node 2
Dec  3 15:11:39 ubuntu kernel: [    0.000000] ACPI: NUMA: SRAT: PXM 2 -> MPIDR 0x2d0200 -> Node 2
Dec  3 15:11:39 ubuntu kernel: [    0.000000] ACPI: NUMA: SRAT: PXM 2 -> MPIDR 0x2d0300 -> Node 2
Dec  3 15:11:39 ubuntu kernel: [    0.000000] ACPI: NUMA: SRAT: PXM 3 -> MPIDR 0x380000 -> Node 3
Dec  3 15:11:39 ubuntu kernel: [    0.000000] ACPI: NUMA: SRAT: PXM 3 -> MPIDR 0x380100 -> Node 3
Dec  3 15:11:39 ubuntu kernel: [    0.000000] ACPI: NUMA: SRAT: PXM 3 -> MPIDR 0x380200 -> Node 3
Dec  3 15:11:39 ubuntu kernel: [    0.000000] ACPI: NUMA: SRAT: PXM 3 -> MPIDR 0x380300 -> Node 3
Dec  3 15:11:39 ubuntu kernel: [    0.000000] ACPI: NUMA: SRAT: PXM 3 -> MPIDR 0x390000 -> Node 3
Dec  3 15:11:39 ubuntu kernel: [    0.000000] ACPI: NUMA: SRAT: PXM 3 -> MPIDR 0x390100 -> Node 3
Dec  3 15:11:39 ubuntu kernel: [    0.000000] ACPI: NUMA: SRAT: PXM 3 -> MPIDR 0x390200 -> Node 3
Dec  3 15:11:39 ubuntu kernel: [    0.000000] ACPI: NUMA: SRAT: PXM 3 -> MPIDR 0x390300 -> Node 3
Dec  3 15:11:39 ubuntu kernel: [    0.000000] ACPI: NUMA: SRAT: PXM 3 -> MPIDR 0x3a0000 -> Node 3
Dec  3 15:11:39 ubuntu kernel: [    0.000000] ACPI: NUMA: SRAT: PXM 3 -> MPIDR 0x3a0100 -> Node 3
Dec  3 15:11:39 ubuntu kernel: [    0.000000] ACPI: NUMA: SRAT: PXM 3 -> MPIDR 0x3a0200 -> Node 3
Dec  3 15:11:39 ubuntu kernel: [    0.000000] ACPI: NUMA: SRAT: PXM 3 -> MPIDR 0x3a0300 -> Node 3
Dec  3 15:11:39 ubuntu kernel: [    0.000000] ACPI: NUMA: SRAT: PXM 3 -> MPIDR 0x3b0000 -> Node 3
Dec  3 15:11:39 ubuntu kernel: [    0.000000] ACPI: NUMA: SRAT: PXM 3 -> MPIDR 0x3b0100 -> Node 3
Dec  3 15:11:39 ubuntu kernel: [    0.000000] ACPI: NUMA: SRAT: PXM 3 -> MPIDR 0x3b0200 -> Node 3
Dec  3 15:11:39 ubuntu kernel: [    0.000000] ACPI: NUMA: SRAT: PXM 3 -> MPIDR 0x3b0300 -> Node 3
Dec  3 15:11:39 ubuntu kernel: [    0.000000] ACPI: NUMA: SRAT: PXM 3 -> MPIDR 0x3c0000 -> Node 3
Dec  3 15:11:39 ubuntu kernel: [    0.000000] ACPI: NUMA: SRAT: PXM 3 -> MPIDR 0x3c0100 -> Node 3
Dec  3 15:11:39 ubuntu kernel: [    0.000000] ACPI: NUMA: SRAT: PXM 3 -> MPIDR 0x3c0200 -> Node 3
Dec  3 15:11:39 ubuntu kernel: [    0.000000] ACPI: NUMA: SRAT: PXM 3 -> MPIDR 0x3c0300 -> Node 3
Dec  3 15:11:39 ubuntu kernel: [    0.000000] ACPI: NUMA: SRAT: PXM 3 -> MPIDR 0x3d0000 -> Node 3
Dec  3 15:11:39 ubuntu kernel: [    0.000000] ACPI: NUMA: SRAT: PXM 3 -> MPIDR 0x3d0100 -> Node 3
Dec  3 15:11:39 ubuntu kernel: [    0.000000] ACPI: NUMA: SRAT: PXM 3 -> MPIDR 0x3d0200 -> Node 3
Dec  3 15:11:39 ubuntu kernel: [    0.000000] ACPI: NUMA: SRAT: PXM 3 -> MPIDR 0x3d0300 -> Node 3
Dec  3 15:11:39 ubuntu kernel: [    0.000000] percpu: Embedded 33 pages/cpu s94616 r8192 d32360 u135168
Dec  3 15:11:39 ubuntu kernel: [    0.000000] pcpu-alloc: s94616 r8192 d32360 u135168 alloc=33*4096
Dec  3 15:11:39 ubuntu kernel: [    0.000000] pcpu-alloc: [0] 00 [0] 01 [0] 02 [0] 03 [0] 04 [0] 05 [0] 06 [0] 07 
Dec  3 15:11:39 ubuntu kernel: [    0.000000] pcpu-alloc: [0] 08 [0] 09 [0] 10 [0] 11 [0] 12 [0] 13 [0] 14 [0] 15 
Dec  3 15:11:39 ubuntu kernel: [    0.000000] pcpu-alloc: [0] 16 [0] 17 [0] 18 [0] 19 [0] 20 [0] 21 [0] 22 [0] 23 
Dec  3 15:11:39 ubuntu kernel: [    0.000000] pcpu-alloc: [1] 24 [1] 25 [1] 26 [1] 27 [1] 28 [1] 29 [1] 30 [1] 31 
Dec  3 15:11:39 ubuntu kernel: [    0.000000] pcpu-alloc: [1] 32 [1] 33 [1] 34 [1] 35 [1] 36 [1] 37 [1] 38 [1] 39 
Dec  3 15:11:39 ubuntu kernel: [    0.000000] pcpu-alloc: [1] 40 [1] 41 [1] 42 [1] 43 [1] 44 [1] 45 [1] 46 [1] 47 
Dec  3 15:11:39 ubuntu kernel: [    0.000000] pcpu-alloc: [2] 48 [2] 49 [2] 50 [2] 51 [2] 52 [2] 53 [2] 54 [2] 55 
Dec  3 15:11:39 ubuntu kernel: [    0.000000] pcpu-alloc: [2] 56 [2] 57 [2] 58 [2] 59 [2] 60 [2] 61 [2] 62 [2] 63 
Dec  3 15:11:39 ubuntu kernel: [    0.000000] pcpu-alloc: [2] 64 [2] 65 [2] 66 [2] 67 [2] 68 [2] 69 [2] 70 [2] 71 
Dec  3 15:11:39 ubuntu kernel: [    0.000000] pcpu-alloc: [3] 72 [3] 73 [3] 74 [3] 75 [3] 76 [3] 77 [3] 78 [3] 79 
Dec  3 15:11:39 ubuntu kernel: [    0.000000] pcpu-alloc: [3] 80 [3] 81 [3] 82 [3] 83 [3] 84 [3] 85 [3] 86 [3] 87 
Dec  3 15:11:39 ubuntu kernel: [    0.000000] pcpu-alloc: [3] 88 [3] 89 [3] 90 [3] 91 [3] 92 [3] 93 [3] 94 [3] 95 
Dec  3 15:11:39 ubuntu kernel: [    0.000000] Detected VIPT I-cache on CPU0
Dec  3 15:11:39 ubuntu kernel: [    0.000000] CPU features: detected: GIC system register CPU interface
Dec  3 15:11:39 ubuntu kernel: [    0.000000] CPU features: detected: Virtualization Host Extensions
Dec  3 15:11:39 ubuntu kernel: [    0.000000] CPU features: detected: Hardware dirty bit management
Dec  3 15:11:39 ubuntu kernel: [    0.000000] alternatives: patching kernel code
Dec  3 15:11:39 ubuntu kernel: [    0.000000] Built 4 zonelists, mobility grouping on.  Total pages: 32898000
Dec  3 15:11:39 ubuntu kernel: [    0.000000] Policy zone: Normal
Dec  3 15:11:39 ubuntu kernel: [    0.000000] Kernel command line: BOOT_IMAGE=/boot/vmlinuz-5.7.1 root=UUID=87f15ea3-75f7-4c9d-add6-30cc3fc19001 ro text
Dec  3 15:11:39 ubuntu kernel: [    0.000000] printk: log_buf_len individual max cpu contribution: 4096 bytes
Dec  3 15:11:39 ubuntu kernel: [    0.000000] printk: log_buf_len total cpu_extra contributions: 389120 bytes
Dec  3 15:11:39 ubuntu kernel: [    0.000000] printk: log_buf_len min size: 262144 bytes
Dec  3 15:11:39 ubuntu kernel: [    0.000000] printk: log_buf_len: 1048576 bytes
Dec  3 15:11:39 ubuntu kernel: [    0.000000] printk: early log buf free: 245796(93%)
Dec  3 15:11:39 ubuntu kernel: [    0.000000] mem auto-init: stack:off, heap alloc:on, heap free:off
Dec  3 15:11:39 ubuntu kernel: [    0.000000] software IO TLB: mapped [mem 0x3b030000-0x3f030000] (64MB)
Dec  3 15:11:39 ubuntu kernel: [    0.000000] Memory: 130841752K/134213440K available (14204K kernel code, 2354K rwdata, 6868K rodata, 7040K init, 1132K bss, 3338920K reserved, 32768K cma-reserved)
Dec  3 15:11:39 ubuntu kernel: [    0.000000] random: get_random_u64 called from __kmem_cache_create+0x54/0x5d8 with crng_init=0
Dec  3 15:11:39 ubuntu kernel: [    0.000000] SLUB: HWalign=64, Order=0-3, MinObjects=0, CPUs=96, Nodes=4
Dec  3 15:11:39 ubuntu kernel: [    0.000000] ftrace: allocating 46107 entries in 181 pages
Dec  3 15:11:39 ubuntu kernel: [    0.000000] ftrace: allocated 181 pages with 5 groups
Dec  3 15:11:39 ubuntu kernel: [    0.000000] rcu: Hierarchical RCU implementation.
Dec  3 15:11:39 ubuntu kernel: [    0.000000] rcu: 	RCU restricting CPUs from NR_CPUS=256 to nr_cpu_ids=96.
Dec  3 15:11:39 ubuntu kernel: [    0.000000] 	Tasks RCU enabled.
Dec  3 15:11:39 ubuntu kernel: [    0.000000] rcu: RCU calculated value of scheduler-enlistment delay is 25 jiffies.
Dec  3 15:11:39 ubuntu kernel: [    0.000000] rcu: Adjusting geometry for rcu_fanout_leaf=16, nr_cpu_ids=96
Dec  3 15:11:39 ubuntu kernel: [    0.000000] NR_IRQS: 64, nr_irqs: 64, preallocated irqs: 0
Dec  3 15:11:39 ubuntu kernel: [    0.000000] GICv3: GIC: Using split EOI/Deactivate mode
Dec  3 15:11:39 ubuntu kernel: [    0.000000] GICv3: 640 SPIs implemented
Dec  3 15:11:39 ubuntu kernel: [    0.000000] GICv3: 0 Extended SPIs implemented
Dec  3 15:11:39 ubuntu kernel: [    0.000000] GICv3: Distributor has no Range Selector support
Dec  3 15:11:39 ubuntu kernel: [    0.000000] GICv3: 16 PPIs implemented
Dec  3 15:11:39 ubuntu kernel: [    0.000000] GICv3: GICv4 features: DirectLPI 
Dec  3 15:11:39 ubuntu kernel: [    0.000000] GICv3: CPU0: found redistributor 80000 region 0:0x00000000ae100000
Dec  3 15:11:39 ubuntu kernel: [    0.000000] SRAT: PXM 0 -> ITS 0 -> Node 0
Dec  3 15:11:39 ubuntu kernel: [    0.000000] SRAT: PXM 2 -> ITS 1 -> Node 2
Dec  3 15:11:39 ubuntu kernel: [    0.000000] ITS [mem 0x202100000-0x20211ffff]
Dec  3 15:11:39 ubuntu kernel: [    0.000000] ITS@0x0000000202100000: Using ITS number 0
Dec  3 15:11:39 ubuntu kernel: [    0.000000] ITS@0x0000000202100000: allocated 65536 Devices @27ffb80000 (flat, esz 8, psz 16K, shr 1)
Dec  3 15:11:39 ubuntu kernel: [    0.000000] ITS@0x0000000202100000: allocated 65536 Virtual CPUs @27ff000000 (flat, esz 16, psz 4K, shr 1)
Dec  3 15:11:39 ubuntu kernel: [    0.000000] ITS@0x0000000202100000: allocated 256 Interrupt Collections @27ffb01000 (flat, esz 16, psz 4K, shr 1)
Dec  3 15:11:39 ubuntu kernel: [    0.000000] ITS [mem 0x200202100000-0x20020211ffff]
Dec  3 15:11:39 ubuntu kernel: [    0.000000] ITS@0x0000200202100000: Using ITS number 1
Dec  3 15:11:39 ubuntu kernel: [    0.000000] ITS@0x0000200202100000: allocated 65536 Devices @2027ff880000 (flat, esz 8, psz 16K, shr 1)
Dec  3 15:11:39 ubuntu kernel: [    0.000000] ITS@0x0000200202100000: allocated 65536 Virtual CPUs @2027ff900000 (flat, esz 16, psz 4K, shr 1)
Dec  3 15:11:39 ubuntu kernel: [    0.000000] ITS@0x0000200202100000: allocated 256 Interrupt Collections @2027ff801000 (flat, esz 16, psz 4K, shr 1)
Dec  3 15:11:39 ubuntu kernel: [    0.000000] GICv3: using LPI property table @0x00000027ffb20000
Dec  3 15:11:39 ubuntu kernel: [    0.000000] ITS: Using DirectLPI for VPE invalidation
Dec  3 15:11:39 ubuntu kernel: [    0.000000] ITS: Enabling GICv4 support
Dec  3 15:11:39 ubuntu kernel: [    0.000000] GICv3: CPU0: using allocated LPI pending table @0x00000027ffb30000
Dec  3 15:11:39 ubuntu kernel: [    0.000000] arch_timer: cp15 timer(s) running at 100.00MHz (phys).
Dec  3 15:11:39 ubuntu kernel: [    0.000000] clocksource: arch_sys_counter: mask: 0xffffffffffffff max_cycles: 0x171024e7e0, max_idle_ns: 440795205315 ns
Dec  3 15:11:39 ubuntu kernel: [    0.000001] sched_clock: 56 bits at 100MHz, resolution 10ns, wraps every 4398046511100ns
Dec  3 15:11:39 ubuntu kernel: [    0.000108] Console: colour dummy device 80x25
Dec  3 15:11:39 ubuntu kernel: [    0.000435] printk: console [tty0] enabled
Dec  3 15:11:39 ubuntu kernel: [    0.000498] mempolicy: Enabling automatic NUMA balancing. Configure with numa_balancing= or the kernel.numa_balancing sysctl
Dec  3 15:11:39 ubuntu kernel: [    0.000514] ACPI: Core revision 20200326
Dec  3 15:11:39 ubuntu kernel: [    0.000710] Calibrating delay loop (skipped), value calculated using timer frequency.. 200.00 BogoMIPS (lpj=400000)
Dec  3 15:11:39 ubuntu kernel: [    0.000715] pid_max: default: 98304 minimum: 768
Dec  3 15:11:39 ubuntu kernel: [    0.000791] LSM: Security Framework initializing
Dec  3 15:11:39 ubuntu kernel: [    0.000797] Yama: becoming mindful.
Dec  3 15:11:39 ubuntu kernel: [    0.000829] AppArmor: AppArmor initialized
Dec  3 15:11:39 ubuntu kernel: [    0.011574] Dentry cache hash table entries: 8388608 (order: 14, 67108864 bytes, vmalloc)
Dec  3 15:11:39 ubuntu kernel: [    0.016854] Inode-cache hash table entries: 4194304 (order: 13, 33554432 bytes, vmalloc)
Dec  3 15:11:39 ubuntu kernel: [    0.017084] Mount-cache hash table entries: 131072 (order: 8, 1048576 bytes, vmalloc)
Dec  3 15:11:39 ubuntu kernel: [    0.017255] Mountpoint-cache hash table entries: 131072 (order: 8, 1048576 bytes, vmalloc)
Dec  3 15:11:39 ubuntu kernel: [    0.019643] rcu: Hierarchical SRCU implementation.
Dec  3 15:11:39 ubuntu kernel: [    0.020102] Platform MSI: ITS@0x202100000 domain created
Dec  3 15:11:39 ubuntu kernel: [    0.020106] Platform MSI: ITS@0x200202100000 domain created
Dec  3 15:11:39 ubuntu kernel: [    0.020112] PCI/MSI: ITS@0x202100000 domain created
Dec  3 15:11:39 ubuntu kernel: [    0.020115] PCI/MSI: ITS@0x200202100000 domain created
Dec  3 15:11:39 ubuntu kernel: [    0.020127] Remapping and enabling EFI services.
Dec  3 15:11:39 ubuntu kernel: [    0.020331] efi: memattr: Entry attributes invalid: RO and XP bits both cleared
Dec  3 15:11:39 ubuntu kernel: [    0.020335] efi: memattr: ! 0x000000000000-0x00000000ffff [Runtime Code       |RUN|  |  |  |  |  |  |  |   |  |  |  |  ]
Dec  3 15:11:39 ubuntu kernel: [    0.021508] smp: Bringing up secondary CPUs ...
Dec  3 15:11:39 ubuntu kernel: [    0.051344] Detected VIPT I-cache on CPU1
Dec  3 15:11:39 ubuntu kernel: [    0.051351] GICv3: CPU1: found redistributor 80100 region 1:0x00000000ae140000
Dec  3 15:11:39 ubuntu kernel: [    0.051365] GICv3: CPU1: using allocated LPI pending table @0x00000027ffb40000
Dec  3 15:11:39 ubuntu kernel: [    0.051400] CPU1: Booted secondary processor 0x0000080100 [0x481fd010]
Dec  3 15:11:39 ubuntu kernel: [    0.083887] Detected VIPT I-cache on CPU2
Dec  3 15:11:39 ubuntu kernel: [    0.083892] GICv3: CPU2: found redistributor 80200 region 2:0x00000000ae180000
Dec  3 15:11:39 ubuntu kernel: [    0.083904] GICv3: CPU2: using allocated LPI pending table @0x00000027ffb50000
Dec  3 15:11:39 ubuntu kernel: [    0.083935] CPU2: Booted secondary processor 0x0000080200 [0x481fd010]
Dec  3 15:11:39 ubuntu kernel: [    0.116437] Detected VIPT I-cache on CPU3
Dec  3 15:11:39 ubuntu kernel: [    0.116442] GICv3: CPU3: found redistributor 80300 region 3:0x00000000ae1c0000
Dec  3 15:11:39 ubuntu kernel: [    0.116453] GICv3: CPU3: using allocated LPI pending table @0x00000027ffb60000
Dec  3 15:11:39 ubuntu kernel: [    0.116484] CPU3: Booted secondary processor 0x0000080300 [0x481fd010]
Dec  3 15:11:39 ubuntu kernel: [    0.149168] Detected VIPT I-cache on CPU4
Dec  3 15:11:39 ubuntu kernel: [    0.149177] GICv3: CPU4: found redistributor 90000 region 4:0x00000000ae200000
Dec  3 15:11:39 ubuntu kernel: [    0.149198] GICv3: CPU4: using allocated LPI pending table @0x00000027ffb70000
Dec  3 15:11:39 ubuntu kernel: [    0.149234] CPU4: Booted secondary processor 0x0000090000 [0x481fd010]
Dec  3 15:11:39 ubuntu kernel: [    0.181885] Detected VIPT I-cache on CPU5
Dec  3 15:11:39 ubuntu kernel: [    0.181890] GICv3: CPU5: found redistributor 90100 region 5:0x00000000ae240000
Dec  3 15:11:39 ubuntu kernel: [    0.181903] GICv3: CPU5: using allocated LPI pending table @0x00000027ff100000
Dec  3 15:11:39 ubuntu kernel: [    0.181934] CPU5: Booted secondary processor 0x0000090100 [0x481fd010]
Dec  3 15:11:39 ubuntu kernel: [    0.214609] Detected VIPT I-cache on CPU6
Dec  3 15:11:39 ubuntu kernel: [    0.214614] GICv3: CPU6: found redistributor 90200 region 6:0x00000000ae280000
Dec  3 15:11:39 ubuntu kernel: [    0.214626] GICv3: CPU6: using allocated LPI pending table @0x00000027ff110000
Dec  3 15:11:39 ubuntu kernel: [    0.214657] CPU6: Booted secondary processor 0x0000090200 [0x481fd010]
Dec  3 15:11:39 ubuntu kernel: [    0.247332] Detected VIPT I-cache on CPU7
Dec  3 15:11:39 ubuntu kernel: [    0.247337] GICv3: CPU7: found redistributor 90300 region 7:0x00000000ae2c0000
Dec  3 15:11:39 ubuntu kernel: [    0.247351] GICv3: CPU7: using allocated LPI pending table @0x00000027ff120000
Dec  3 15:11:39 ubuntu kernel: [    0.247382] CPU7: Booted secondary processor 0x0000090300 [0x481fd010]
Dec  3 15:11:39 ubuntu kernel: [    0.280234] Detected VIPT I-cache on CPU8
Dec  3 15:11:39 ubuntu kernel: [    0.280241] GICv3: CPU8: found redistributor a0000 region 8:0x00000000ae300000
Dec  3 15:11:39 ubuntu kernel: [    0.280258] GICv3: CPU8: using allocated LPI pending table @0x00000027ff130000
Dec  3 15:11:39 ubuntu kernel: [    0.280293] CPU8: Booted secondary processor 0x00000a0000 [0x481fd010]
Dec  3 15:11:39 ubuntu kernel: [    0.313127] Detected VIPT I-cache on CPU9
Dec  3 15:11:39 ubuntu kernel: [    0.313133] GICv3: CPU9: found redistributor a0100 region 9:0x00000000ae340000
Dec  3 15:11:39 ubuntu kernel: [    0.313146] GICv3: CPU9: using allocated LPI pending table @0x00000027ff140000
Dec  3 15:11:39 ubuntu kernel: [    0.313178] CPU9: Booted secondary processor 0x00000a0100 [0x481fd010]
Dec  3 15:11:39 ubuntu kernel: [    0.346024] Detected VIPT I-cache on CPU10
Dec  3 15:11:39 ubuntu kernel: [    0.346030] GICv3: CPU10: found redistributor a0200 region 10:0x00000000ae380000
Dec  3 15:11:39 ubuntu kernel: [    0.346043] GICv3: CPU10: using allocated LPI pending table @0x00000027ff150000
Dec  3 15:11:39 ubuntu kernel: [    0.346075] CPU10: Booted secondary processor 0x00000a0200 [0x481fd010]
Dec  3 15:11:39 ubuntu kernel: [    0.378921] Detected VIPT I-cache on CPU11
Dec  3 15:11:39 ubuntu kernel: [    0.378927] GICv3: CPU11: found redistributor a0300 region 11:0x00000000ae3c0000
Dec  3 15:11:39 ubuntu kernel: [    0.378941] GICv3: CPU11: using allocated LPI pending table @0x00000027ff160000
Dec  3 15:11:39 ubuntu kernel: [    0.378972] CPU11: Booted secondary processor 0x00000a0300 [0x481fd010]
Dec  3 15:11:39 ubuntu kernel: [    0.411996] Detected VIPT I-cache on CPU12
Dec  3 15:11:39 ubuntu kernel: [    0.412004] GICv3: CPU12: found redistributor b0000 region 12:0x00000000ae400000
Dec  3 15:11:39 ubuntu kernel: [    0.412022] GICv3: CPU12: using allocated LPI pending table @0x00000027ff170000
Dec  3 15:11:39 ubuntu kernel: [    0.412057] CPU12: Booted secondary processor 0x00000b0000 [0x481fd010]
Dec  3 15:11:39 ubuntu kernel: [    0.445063] Detected VIPT I-cache on CPU13
Dec  3 15:11:39 ubuntu kernel: [    0.445069] GICv3: CPU13: found redistributor b0100 region 13:0x00000000ae440000
Dec  3 15:11:39 ubuntu kernel: [    0.445083] GICv3: CPU13: using allocated LPI pending table @0x00000027ff180000
Dec  3 15:11:39 ubuntu kernel: [    0.445115] CPU13: Booted secondary processor 0x00000b0100 [0x481fd010]
Dec  3 15:11:39 ubuntu kernel: [    0.478134] Detected VIPT I-cache on CPU14
Dec  3 15:11:39 ubuntu kernel: [    0.478141] GICv3: CPU14: found redistributor b0200 region 14:0x00000000ae480000
Dec  3 15:11:39 ubuntu kernel: [    0.478154] GICv3: CPU14: using allocated LPI pending table @0x00000027ff190000
Dec  3 15:11:39 ubuntu kernel: [    0.478186] CPU14: Booted secondary processor 0x00000b0200 [0x481fd010]
Dec  3 15:11:39 ubuntu kernel: [    0.511204] Detected VIPT I-cache on CPU15
Dec  3 15:11:39 ubuntu kernel: [    0.511211] GICv3: CPU15: found redistributor b0300 region 15:0x00000000ae4c0000
Dec  3 15:11:39 ubuntu kernel: [    0.511226] GICv3: CPU15: using allocated LPI pending table @0x00000027ff1a0000
Dec  3 15:11:39 ubuntu kernel: [    0.511258] CPU15: Booted secondary processor 0x00000b0300 [0x481fd010]
Dec  3 15:11:39 ubuntu kernel: [    0.543759] Detected VIPT I-cache on CPU16
Dec  3 15:11:39 ubuntu kernel: [    0.543768] GICv3: CPU16: found redistributor c0000 region 16:0x00000000ae500000
Dec  3 15:11:39 ubuntu kernel: [    0.543788] GICv3: CPU16: using allocated LPI pending table @0x00000027ff1b0000
Dec  3 15:11:39 ubuntu kernel: [    0.543824] CPU16: Booted secondary processor 0x00000c0000 [0x481fd010]
Dec  3 15:11:39 ubuntu kernel: [    0.576305] Detected VIPT I-cache on CPU17
Dec  3 15:11:39 ubuntu kernel: [    0.576312] GICv3: CPU17: found redistributor c0100 region 17:0x00000000ae540000
Dec  3 15:11:39 ubuntu kernel: [    0.576326] GICv3: CPU17: using allocated LPI pending table @0x00000027ff1c0000
Dec  3 15:11:39 ubuntu kernel: [    0.576358] CPU17: Booted secondary processor 0x00000c0100 [0x481fd010]
Dec  3 15:11:39 ubuntu kernel: [    0.608855] Detected VIPT I-cache on CPU18
Dec  3 15:11:39 ubuntu kernel: [    0.608862] GICv3: CPU18: found redistributor c0200 region 18:0x00000000ae580000
Dec  3 15:11:39 ubuntu kernel: [    0.608876] GICv3: CPU18: using allocated LPI pending table @0x00000027ff1d0000
Dec  3 15:11:39 ubuntu kernel: [    0.608908] CPU18: Booted secondary processor 0x00000c0200 [0x481fd010]
Dec  3 15:11:39 ubuntu kernel: [    0.641405] Detected VIPT I-cache on CPU19
Dec  3 15:11:39 ubuntu kernel: [    0.641412] GICv3: CPU19: found redistributor c0300 region 19:0x00000000ae5c0000
Dec  3 15:11:39 ubuntu kernel: [    0.641427] GICv3: CPU19: using allocated LPI pending table @0x00000027ff1e0000
Dec  3 15:11:39 ubuntu kernel: [    0.641459] CPU19: Booted secondary processor 0x00000c0300 [0x481fd010]
Dec  3 15:11:39 ubuntu kernel: [    0.674133] Detected VIPT I-cache on CPU20
Dec  3 15:11:39 ubuntu kernel: [    0.674142] GICv3: CPU20: found redistributor d0000 region 20:0x00000000ae600000
Dec  3 15:11:39 ubuntu kernel: [    0.674162] GICv3: CPU20: using allocated LPI pending table @0x00000027ff1f0000
Dec  3 15:11:39 ubuntu kernel: [    0.674198] CPU20: Booted secondary processor 0x00000d0000 [0x481fd010]
Dec  3 15:11:39 ubuntu kernel: [    0.706852] Detected VIPT I-cache on CPU21
Dec  3 15:11:39 ubuntu kernel: [    0.706859] GICv3: CPU21: found redistributor d0100 region 21:0x00000000ae640000
Dec  3 15:11:39 ubuntu kernel: [    0.706874] GICv3: CPU21: using allocated LPI pending table @0x00000027ff200000
Dec  3 15:11:39 ubuntu kernel: [    0.706906] CPU21: Booted secondary processor 0x00000d0100 [0x481fd010]
Dec  3 15:11:39 ubuntu kernel: [    0.739575] Detected VIPT I-cache on CPU22
Dec  3 15:11:39 ubuntu kernel: [    0.739583] GICv3: CPU22: found redistributor d0200 region 22:0x00000000ae680000
Dec  3 15:11:39 ubuntu kernel: [    0.739597] GICv3: CPU22: using allocated LPI pending table @0x00000027ff210000
Dec  3 15:11:39 ubuntu kernel: [    0.739629] CPU22: Booted secondary processor 0x00000d0200 [0x481fd010]
Dec  3 15:11:39 ubuntu kernel: [    0.772299] Detected VIPT I-cache on CPU23
Dec  3 15:11:39 ubuntu kernel: [    0.772307] GICv3: CPU23: found redistributor d0300 region 23:0x00000000ae6c0000
Dec  3 15:11:39 ubuntu kernel: [    0.772321] GICv3: CPU23: using allocated LPI pending table @0x00000027ff220000
Dec  3 15:11:39 ubuntu kernel: [    0.772352] CPU23: Booted secondary processor 0x00000d0300 [0x481fd010]
Dec  3 15:11:39 ubuntu kernel: [    0.804865] Detected VIPT I-cache on CPU24
Dec  3 15:11:39 ubuntu kernel: [    0.804881] GICv3: CPU24: found redistributor 180000 region 24:0x00000000aa100000
Dec  3 15:11:39 ubuntu kernel: [    0.804921] GICv3: CPU24: using allocated LPI pending table @0x00000027ff230000
Dec  3 15:11:39 ubuntu kernel: [    0.804967] CPU24: Booted secondary processor 0x0000180000 [0x481fd010]
Dec  3 15:11:39 ubuntu kernel: [    0.837402] Detected VIPT I-cache on CPU25
Dec  3 15:11:39 ubuntu kernel: [    0.837411] GICv3: CPU25: found redistributor 180100 region 25:0x00000000aa140000
Dec  3 15:11:39 ubuntu kernel: [    0.837432] GICv3: CPU25: using allocated LPI pending table @0x00000027ff240000
Dec  3 15:11:39 ubuntu kernel: [    0.837470] CPU25: Booted secondary processor 0x0000180100 [0x481fd010]
Dec  3 15:11:39 ubuntu kernel: [    0.869951] Detected VIPT I-cache on CPU26
Dec  3 15:11:39 ubuntu kernel: [    0.869961] GICv3: CPU26: found redistributor 180200 region 26:0x00000000aa180000
Dec  3 15:11:39 ubuntu kernel: [    0.869979] GICv3: CPU26: using allocated LPI pending table @0x00000027ff250000
Dec  3 15:11:39 ubuntu kernel: [    0.870017] CPU26: Booted secondary processor 0x0000180200 [0x481fd010]
Dec  3 15:11:39 ubuntu kernel: [    0.902501] Detected VIPT I-cache on CPU27
Dec  3 15:11:39 ubuntu kernel: [    0.902511] GICv3: CPU27: found redistributor 180300 region 27:0x00000000aa1c0000
Dec  3 15:11:39 ubuntu kernel: [    0.902529] GICv3: CPU27: using allocated LPI pending table @0x00000027ff260000
Dec  3 15:11:39 ubuntu kernel: [    0.902566] CPU27: Booted secondary processor 0x0000180300 [0x481fd010]
Dec  3 15:11:39 ubuntu kernel: [    0.935233] Detected VIPT I-cache on CPU28
Dec  3 15:11:39 ubuntu kernel: [    0.935247] GICv3: CPU28: found redistributor 190000 region 28:0x00000000aa200000
Dec  3 15:11:39 ubuntu kernel: [    0.935277] GICv3: CPU28: using allocated LPI pending table @0x00000027ff270000
Dec  3 15:11:39 ubuntu kernel: [    0.935321] CPU28: Booted secondary processor 0x0000190000 [0x481fd010]
Dec  3 15:11:39 ubuntu kernel: [    0.967948] Detected VIPT I-cache on CPU29
Dec  3 15:11:39 ubuntu kernel: [    0.967959] GICv3: CPU29: found redistributor 190100 region 29:0x00000000aa240000
Dec  3 15:11:39 ubuntu kernel: [    0.967977] GICv3: CPU29: using allocated LPI pending table @0x00000027ff280000
Dec  3 15:11:39 ubuntu kernel: [    0.968014] CPU29: Booted secondary processor 0x0000190100 [0x481fd010]
Dec  3 15:11:39 ubuntu kernel: [    1.000671] Detected VIPT I-cache on CPU30
Dec  3 15:11:39 ubuntu kernel: [    1.000682] GICv3: CPU30: found redistributor 190200 region 30:0x00000000aa280000
Dec  3 15:11:39 ubuntu kernel: [    1.000699] GICv3: CPU30: using allocated LPI pending table @0x00000027ff290000
Dec  3 15:11:39 ubuntu kernel: [    1.000737] CPU30: Booted secondary processor 0x0000190200 [0x481fd010]
Dec  3 15:11:39 ubuntu kernel: [    1.033395] Detected VIPT I-cache on CPU31
Dec  3 15:11:39 ubuntu kernel: [    1.033406] GICv3: CPU31: found redistributor 190300 region 31:0x00000000aa2c0000
Dec  3 15:11:39 ubuntu kernel: [    1.033421] GICv3: CPU31: using allocated LPI pending table @0x00000027ff2a0000
Dec  3 15:11:39 ubuntu kernel: [    1.033459] CPU31: Booted secondary processor 0x0000190300 [0x481fd010]
Dec  3 15:11:39 ubuntu kernel: [    1.066299] Detected VIPT I-cache on CPU32
Dec  3 15:11:39 ubuntu kernel: [    1.066313] GICv3: CPU32: found redistributor 1a0000 region 32:0x00000000aa300000
Dec  3 15:11:39 ubuntu kernel: [    1.066337] GICv3: CPU32: using allocated LPI pending table @0x00000027ff2b0000
Dec  3 15:11:39 ubuntu kernel: [    1.066380] CPU32: Booted secondary processor 0x00001a0000 [0x481fd010]
Dec  3 15:11:39 ubuntu kernel: [    1.099190] Detected VIPT I-cache on CPU33
Dec  3 15:11:39 ubuntu kernel: [    1.099202] GICv3: CPU33: found redistributor 1a0100 region 33:0x00000000aa340000
Dec  3 15:11:39 ubuntu kernel: [    1.099221] GICv3: CPU33: using allocated LPI pending table @0x00000027ff2c0000
Dec  3 15:11:39 ubuntu kernel: [    1.099259] CPU33: Booted secondary processor 0x00001a0100 [0x481fd010]
Dec  3 15:11:39 ubuntu kernel: [    1.132087] Detected VIPT I-cache on CPU34
Dec  3 15:11:39 ubuntu kernel: [    1.132098] GICv3: CPU34: found redistributor 1a0200 region 34:0x00000000aa380000
Dec  3 15:11:39 ubuntu kernel: [    1.132117] GICv3: CPU34: using allocated LPI pending table @0x00000027ff2d0000
Dec  3 15:11:39 ubuntu kernel: [    1.132155] CPU34: Booted secondary processor 0x00001a0200 [0x481fd010]
Dec  3 15:11:39 ubuntu kernel: [    1.164984] Detected VIPT I-cache on CPU35
Dec  3 15:11:39 ubuntu kernel: [    1.164995] GICv3: CPU35: found redistributor 1a0300 region 35:0x00000000aa3c0000
Dec  3 15:11:39 ubuntu kernel: [    1.165014] GICv3: CPU35: using allocated LPI pending table @0x00000027ff2e0000
Dec  3 15:11:39 ubuntu kernel: [    1.165052] CPU35: Booted secondary processor 0x00001a0300 [0x481fd010]
Dec  3 15:11:39 ubuntu kernel: [    1.198061] Detected VIPT I-cache on CPU36
Dec  3 15:11:39 ubuntu kernel: [    1.198075] GICv3: CPU36: found redistributor 1b0000 region 36:0x00000000aa400000
Dec  3 15:11:39 ubuntu kernel: [    1.198103] GICv3: CPU36: using allocated LPI pending table @0x00000027ff2f0000
Dec  3 15:11:39 ubuntu kernel: [    1.198146] CPU36: Booted secondary processor 0x00001b0000 [0x481fd010]
Dec  3 15:11:39 ubuntu kernel: [    1.231126] Detected VIPT I-cache on CPU37
Dec  3 15:11:39 ubuntu kernel: [    1.231138] GICv3: CPU37: found redistributor 1b0100 region 37:0x00000000aa440000
Dec  3 15:11:39 ubuntu kernel: [    1.231158] GICv3: CPU37: using allocated LPI pending table @0x00000027ff300000
Dec  3 15:11:39 ubuntu kernel: [    1.231195] CPU37: Booted secondary processor 0x00001b0100 [0x481fd010]
Dec  3 15:11:39 ubuntu kernel: [    1.264197] Detected VIPT I-cache on CPU38
Dec  3 15:11:39 ubuntu kernel: [    1.264208] GICv3: CPU38: found redistributor 1b0200 region 38:0x00000000aa480000
Dec  3 15:11:39 ubuntu kernel: [    1.264225] GICv3: CPU38: using allocated LPI pending table @0x00000027ff310000
Dec  3 15:11:39 ubuntu kernel: [    1.264263] CPU38: Booted secondary processor 0x00001b0200 [0x481fd010]
Dec  3 15:11:39 ubuntu kernel: [    1.297267] Detected VIPT I-cache on CPU39
Dec  3 15:11:39 ubuntu kernel: [    1.297279] GICv3: CPU39: found redistributor 1b0300 region 39:0x00000000aa4c0000
Dec  3 15:11:39 ubuntu kernel: [    1.297295] GICv3: CPU39: using allocated LPI pending table @0x00000027ff320000
Dec  3 15:11:39 ubuntu kernel: [    1.297333] CPU39: Booted secondary processor 0x00001b0300 [0x481fd010]
Dec  3 15:11:39 ubuntu kernel: [    1.329823] Detected VIPT I-cache on CPU40
Dec  3 15:11:39 ubuntu kernel: [    1.329838] GICv3: CPU40: found redistributor 1c0000 region 40:0x00000000aa500000
Dec  3 15:11:39 ubuntu kernel: [    1.329862] GICv3: CPU40: using allocated LPI pending table @0x00000027ff330000
Dec  3 15:11:39 ubuntu kernel: [    1.329905] CPU40: Booted secondary processor 0x00001c0000 [0x481fd010]
Dec  3 15:11:39 ubuntu kernel: [    1.362368] Detected VIPT I-cache on CPU41
Dec  3 15:11:39 ubuntu kernel: [    1.362379] GICv3: CPU41: found redistributor 1c0100 region 41:0x00000000aa540000
Dec  3 15:11:39 ubuntu kernel: [    1.362396] GICv3: CPU41: using allocated LPI pending table @0x00000027ff340000
Dec  3 15:11:39 ubuntu kernel: [    1.362434] CPU41: Booted secondary processor 0x00001c0100 [0x481fd010]
Dec  3 15:11:39 ubuntu kernel: [    1.394917] Detected VIPT I-cache on CPU42
Dec  3 15:11:39 ubuntu kernel: [    1.394929] GICv3: CPU42: found redistributor 1c0200 region 42:0x00000000aa580000
Dec  3 15:11:39 ubuntu kernel: [    1.394946] GICv3: CPU42: using allocated LPI pending table @0x00000027ff350000
Dec  3 15:11:39 ubuntu kernel: [    1.394985] CPU42: Booted secondary processor 0x00001c0200 [0x481fd010]
Dec  3 15:11:39 ubuntu kernel: [    1.427467] Detected VIPT I-cache on CPU43
Dec  3 15:11:39 ubuntu kernel: [    1.427479] GICv3: CPU43: found redistributor 1c0300 region 43:0x00000000aa5c0000
Dec  3 15:11:39 ubuntu kernel: [    1.427495] GICv3: CPU43: using allocated LPI pending table @0x00000027ff360000
Dec  3 15:11:39 ubuntu kernel: [    1.427534] CPU43: Booted secondary processor 0x00001c0300 [0x481fd010]
Dec  3 15:11:39 ubuntu kernel: [    1.460197] Detected VIPT I-cache on CPU44
Dec  3 15:11:39 ubuntu kernel: [    1.460212] GICv3: CPU44: found redistributor 1d0000 region 44:0x00000000aa600000
Dec  3 15:11:39 ubuntu kernel: [    1.460237] GICv3: CPU44: using allocated LPI pending table @0x00000027ff370000
Dec  3 15:11:39 ubuntu kernel: [    1.460282] CPU44: Booted secondary processor 0x00001d0000 [0x481fd010]
Dec  3 15:11:39 ubuntu kernel: [    1.492915] Detected VIPT I-cache on CPU45
Dec  3 15:11:39 ubuntu kernel: [    1.492927] GICv3: CPU45: found redistributor 1d0100 region 45:0x00000000aa640000
Dec  3 15:11:39 ubuntu kernel: [    1.492944] GICv3: CPU45: using allocated LPI pending table @0x00000027ff380000
Dec  3 15:11:39 ubuntu kernel: [    1.492981] CPU45: Booted secondary processor 0x00001d0100 [0x481fd010]
Dec  3 15:11:39 ubuntu kernel: [    1.525638] Detected VIPT I-cache on CPU46
Dec  3 15:11:39 ubuntu kernel: [    1.525651] GICv3: CPU46: found redistributor 1d0200 region 46:0x00000000aa680000
Dec  3 15:11:39 ubuntu kernel: [    1.525668] GICv3: CPU46: using allocated LPI pending table @0x00000027ff390000
Dec  3 15:11:39 ubuntu kernel: [    1.525705] CPU46: Booted secondary processor 0x00001d0200 [0x481fd010]
Dec  3 15:11:39 ubuntu kernel: [    1.558362] Detected VIPT I-cache on CPU47
Dec  3 15:11:39 ubuntu kernel: [    1.558374] GICv3: CPU47: found redistributor 1d0300 region 47:0x00000000aa6c0000
Dec  3 15:11:39 ubuntu kernel: [    1.558395] GICv3: CPU47: using allocated LPI pending table @0x00000027ff3a0000
Dec  3 15:11:39 ubuntu kernel: [    1.558433] CPU47: Booted secondary processor 0x00001d0300 [0x481fd010]
Dec  3 15:11:39 ubuntu kernel: [    1.591203] Detected VIPT I-cache on CPU48
Dec  3 15:11:39 ubuntu kernel: [    1.591241] GICv3: CPU48: found redistributor 280000 region 48:0x00002000ae100000
Dec  3 15:11:39 ubuntu kernel: [    1.591303] GICv3: CPU48: using allocated LPI pending table @0x00000027ff3b0000
Dec  3 15:11:39 ubuntu kernel: [    1.591373] CPU48: Booted secondary processor 0x0000280000 [0x481fd010]
Dec  3 15:11:39 ubuntu kernel: [    1.623990] Detected VIPT I-cache on CPU49
Dec  3 15:11:39 ubuntu kernel: [    1.624018] GICv3: CPU49: found redistributor 280100 region 49:0x00002000ae140000
Dec  3 15:11:39 ubuntu kernel: [    1.624041] GICv3: CPU49: using allocated LPI pending table @0x00000027ff3c0000
Dec  3 15:11:39 ubuntu kernel: [    1.624093] CPU49: Booted secondary processor 0x0000280100 [0x481fd010]
Dec  3 15:11:39 ubuntu kernel: [    1.656800] Detected VIPT I-cache on CPU50
Dec  3 15:11:39 ubuntu kernel: [    1.656828] GICv3: CPU50: found redistributor 280200 region 50:0x00002000ae180000
Dec  3 15:11:39 ubuntu kernel: [    1.656849] GICv3: CPU50: using allocated LPI pending table @0x00000027ff3d0000
Dec  3 15:11:39 ubuntu kernel: [    1.656901] CPU50: Booted secondary processor 0x0000280200 [0x481fd010]
Dec  3 15:11:39 ubuntu kernel: [    1.689611] Detected VIPT I-cache on CPU51
Dec  3 15:11:39 ubuntu kernel: [    1.689639] GICv3: CPU51: found redistributor 280300 region 51:0x00002000ae1c0000
Dec  3 15:11:39 ubuntu kernel: [    1.689661] GICv3: CPU51: using allocated LPI pending table @0x00000027ff3e0000
Dec  3 15:11:39 ubuntu kernel: [    1.689713] CPU51: Booted secondary processor 0x0000280300 [0x481fd010]
Dec  3 15:11:39 ubuntu kernel: [    1.722599] Detected VIPT I-cache on CPU52
Dec  3 15:11:39 ubuntu kernel: [    1.722628] GICv3: CPU52: found redistributor 290000 region 52:0x00002000ae200000
Dec  3 15:11:39 ubuntu kernel: [    1.722666] GICv3: CPU52: using allocated LPI pending table @0x00000027ff3f0000
Dec  3 15:11:39 ubuntu kernel: [    1.722720] CPU52: Booted secondary processor 0x0000290000 [0x481fd010]
Dec  3 15:11:39 ubuntu kernel: [    1.755579] Detected VIPT I-cache on CPU53
Dec  3 15:11:39 ubuntu kernel: [    1.755608] GICv3: CPU53: found redistributor 290100 region 53:0x00002000ae240000
Dec  3 15:11:39 ubuntu kernel: [    1.755629] GICv3: CPU53: using allocated LPI pending table @0x00000027fec00000
Dec  3 15:11:39 ubuntu kernel: [    1.755680] CPU53: Booted secondary processor 0x0000290100 [0x481fd010]
Dec  3 15:11:39 ubuntu kernel: [    1.788563] Detected VIPT I-cache on CPU54
Dec  3 15:11:39 ubuntu kernel: [    1.788591] GICv3: CPU54: found redistributor 290200 region 54:0x00002000ae280000
Dec  3 15:11:39 ubuntu kernel: [    1.788610] GICv3: CPU54: using allocated LPI pending table @0x00000027fec10000
Dec  3 15:11:39 ubuntu kernel: [    1.788662] CPU54: Booted secondary processor 0x0000290200 [0x481fd010]
Dec  3 15:11:39 ubuntu kernel: [    1.821547] Detected VIPT I-cache on CPU55
Dec  3 15:11:39 ubuntu kernel: [    1.821576] GICv3: CPU55: found redistributor 290300 region 55:0x00002000ae2c0000
Dec  3 15:11:39 ubuntu kernel: [    1.821595] GICv3: CPU55: using allocated LPI pending table @0x00000027fec20000
Dec  3 15:11:39 ubuntu kernel: [    1.821647] CPU55: Booted secondary processor 0x0000290300 [0x481fd010]
Dec  3 15:11:39 ubuntu kernel: [    1.854708] Detected VIPT I-cache on CPU56
Dec  3 15:11:39 ubuntu kernel: [    1.854738] GICv3: CPU56: found redistributor 2a0000 region 56:0x00002000ae300000
Dec  3 15:11:39 ubuntu kernel: [    1.854766] GICv3: CPU56: using allocated LPI pending table @0x00000027fec30000
Dec  3 15:11:39 ubuntu kernel: [    1.854821] CPU56: Booted secondary processor 0x00002a0000 [0x481fd010]
Dec  3 15:11:39 ubuntu kernel: [    1.887862] Detected VIPT I-cache on CPU57
Dec  3 15:11:39 ubuntu kernel: [    1.887891] GICv3: CPU57: found redistributor 2a0100 region 57:0x00002000ae340000
Dec  3 15:11:39 ubuntu kernel: [    1.887912] GICv3: CPU57: using allocated LPI pending table @0x00000027fec40000
Dec  3 15:11:39 ubuntu kernel: [    1.887963] CPU57: Booted secondary processor 0x00002a0100 [0x481fd010]
Dec  3 15:11:39 ubuntu kernel: [    1.921020] Detected VIPT I-cache on CPU58
Dec  3 15:11:39 ubuntu kernel: [    1.921048] GICv3: CPU58: found redistributor 2a0200 region 58:0x00002000ae380000
Dec  3 15:11:39 ubuntu kernel: [    1.921068] GICv3: CPU58: using allocated LPI pending table @0x00000027fec50000
Dec  3 15:11:39 ubuntu kernel: [    1.921119] CPU58: Booted secondary processor 0x00002a0200 [0x481fd010]
Dec  3 15:11:39 ubuntu kernel: [    1.954177] Detected VIPT I-cache on CPU59
Dec  3 15:11:39 ubuntu kernel: [    1.954206] GICv3: CPU59: found redistributor 2a0300 region 59:0x00002000ae3c0000
Dec  3 15:11:39 ubuntu kernel: [    1.954226] GICv3: CPU59: using allocated LPI pending table @0x00000027fec60000
Dec  3 15:11:39 ubuntu kernel: [    1.954278] CPU59: Booted secondary processor 0x00002a0300 [0x481fd010]
Dec  3 15:11:39 ubuntu kernel: [    1.987512] Detected VIPT I-cache on CPU60
Dec  3 15:11:39 ubuntu kernel: [    1.987543] GICv3: CPU60: found redistributor 2b0000 region 60:0x00002000ae400000
Dec  3 15:11:39 ubuntu kernel: [    1.987572] GICv3: CPU60: using allocated LPI pending table @0x00000027fec70000
Dec  3 15:11:39 ubuntu kernel: [    1.987627] CPU60: Booted secondary processor 0x00002b0000 [0x481fd010]
Dec  3 15:11:39 ubuntu kernel: [    2.020840] Detected VIPT I-cache on CPU61
Dec  3 15:11:39 ubuntu kernel: [    2.020869] GICv3: CPU61: found redistributor 2b0100 region 61:0x00002000ae440000
Dec  3 15:11:39 ubuntu kernel: [    2.020889] GICv3: CPU61: using allocated LPI pending table @0x00000027fec80000
Dec  3 15:11:39 ubuntu kernel: [    2.020941] CPU61: Booted secondary processor 0x00002b0100 [0x481fd010]
Dec  3 15:11:39 ubuntu kernel: [    2.054171] Detected VIPT I-cache on CPU62
Dec  3 15:11:39 ubuntu kernel: [    2.054200] GICv3: CPU62: found redistributor 2b0200 region 62:0x00002000ae480000
Dec  3 15:11:39 ubuntu kernel: [    2.054222] GICv3: CPU62: using allocated LPI pending table @0x00000027fec90000
Dec  3 15:11:39 ubuntu kernel: [    2.054275] CPU62: Booted secondary processor 0x00002b0200 [0x481fd010]
Dec  3 15:11:39 ubuntu kernel: [    2.087502] Detected VIPT I-cache on CPU63
Dec  3 15:11:39 ubuntu kernel: [    2.087532] GICv3: CPU63: found redistributor 2b0300 region 63:0x00002000ae4c0000
Dec  3 15:11:39 ubuntu kernel: [    2.087555] GICv3: CPU63: using allocated LPI pending table @0x00000027feca0000
Dec  3 15:11:39 ubuntu kernel: [    2.087607] CPU63: Booted secondary processor 0x00002b0300 [0x481fd010]
Dec  3 15:11:39 ubuntu kernel: [    2.120316] Detected VIPT I-cache on CPU64
Dec  3 15:11:39 ubuntu kernel: [    2.120347] GICv3: CPU64: found redistributor 2c0000 region 64:0x00002000ae500000
Dec  3 15:11:39 ubuntu kernel: [    2.120379] GICv3: CPU64: using allocated LPI pending table @0x00000027fecb0000
Dec  3 15:11:39 ubuntu kernel: [    2.120433] CPU64: Booted secondary processor 0x00002c0000 [0x481fd010]
Dec  3 15:11:39 ubuntu kernel: [    2.153123] Detected VIPT I-cache on CPU65
Dec  3 15:11:39 ubuntu kernel: [    2.153152] GICv3: CPU65: found redistributor 2c0100 region 65:0x00002000ae540000
Dec  3 15:11:39 ubuntu kernel: [    2.153173] GICv3: CPU65: using allocated LPI pending table @0x00000027fecc0000
Dec  3 15:11:39 ubuntu kernel: [    2.153225] CPU65: Booted secondary processor 0x00002c0100 [0x481fd010]
Dec  3 15:11:39 ubuntu kernel: [    2.185933] Detected VIPT I-cache on CPU66
Dec  3 15:11:39 ubuntu kernel: [    2.185962] GICv3: CPU66: found redistributor 2c0200 region 66:0x00002000ae580000
Dec  3 15:11:39 ubuntu kernel: [    2.185983] GICv3: CPU66: using allocated LPI pending table @0x00000027fecd0000
Dec  3 15:11:39 ubuntu kernel: [    2.186035] CPU66: Booted secondary processor 0x00002c0200 [0x481fd010]
Dec  3 15:11:39 ubuntu kernel: [    2.218743] Detected VIPT I-cache on CPU67
Dec  3 15:11:39 ubuntu kernel: [    2.218773] GICv3: CPU67: found redistributor 2c0300 region 67:0x00002000ae5c0000
Dec  3 15:11:39 ubuntu kernel: [    2.218794] GICv3: CPU67: using allocated LPI pending table @0x00000027fece0000
Dec  3 15:11:39 ubuntu kernel: [    2.218846] CPU67: Booted secondary processor 0x00002c0300 [0x481fd010]
Dec  3 15:11:39 ubuntu kernel: [    2.251731] Detected VIPT I-cache on CPU68
Dec  3 15:11:39 ubuntu kernel: [    2.251762] GICv3: CPU68: found redistributor 2d0000 region 68:0x00002000ae600000
Dec  3 15:11:39 ubuntu kernel: [    2.251793] GICv3: CPU68: using allocated LPI pending table @0x00000027fecf0000
Dec  3 15:11:39 ubuntu kernel: [    2.251848] CPU68: Booted secondary processor 0x00002d0000 [0x481fd010]
Dec  3 15:11:39 ubuntu kernel: [    2.284711] Detected VIPT I-cache on CPU69
Dec  3 15:11:39 ubuntu kernel: [    2.284741] GICv3: CPU69: found redistributor 2d0100 region 69:0x00002000ae640000
Dec  3 15:11:39 ubuntu kernel: [    2.284763] GICv3: CPU69: using allocated LPI pending table @0x00000027fed00000
Dec  3 15:11:39 ubuntu kernel: [    2.284816] CPU69: Booted secondary processor 0x00002d0100 [0x481fd010]
Dec  3 15:11:39 ubuntu kernel: [    2.317695] Detected VIPT I-cache on CPU70
Dec  3 15:11:39 ubuntu kernel: [    2.317725] GICv3: CPU70: found redistributor 2d0200 region 70:0x00002000ae680000
Dec  3 15:11:39 ubuntu kernel: [    2.317746] GICv3: CPU70: using allocated LPI pending table @0x00000027fed10000
Dec  3 15:11:39 ubuntu kernel: [    2.317800] CPU70: Booted secondary processor 0x00002d0200 [0x481fd010]
Dec  3 15:11:39 ubuntu kernel: [    2.350680] Detected VIPT I-cache on CPU71
Dec  3 15:11:39 ubuntu kernel: [    2.350710] GICv3: CPU71: found redistributor 2d0300 region 71:0x00002000ae6c0000
Dec  3 15:11:39 ubuntu kernel: [    2.350730] GICv3: CPU71: using allocated LPI pending table @0x00000027fed20000
Dec  3 15:11:39 ubuntu kernel: [    2.350784] CPU71: Booted secondary processor 0x00002d0300 [0x481fd010]
Dec  3 15:11:39 ubuntu kernel: [    2.390809] Detected VIPT I-cache on CPU72
Dec  3 15:11:39 ubuntu kernel: [    2.390860] GICv3: CPU72: found redistributor 380000 region 72:0x00002000aa100000
Dec  3 15:11:39 ubuntu kernel: [    2.390922] GICv3: CPU72: using allocated LPI pending table @0x00000027fed30000
Dec  3 15:11:39 ubuntu kernel: [    2.391006] CPU72: Booted secondary processor 0x0000380000 [0x481fd010]
Dec  3 15:11:39 ubuntu kernel: [    2.430885] Detected VIPT I-cache on CPU73
Dec  3 15:11:39 ubuntu kernel: [    2.430920] GICv3: CPU73: found redistributor 380100 region 73:0x00002000aa140000
Dec  3 15:11:39 ubuntu kernel: [    2.430945] GICv3: CPU73: using allocated LPI pending table @0x00000027fed40000
Dec  3 15:11:39 ubuntu kernel: [    2.431003] CPU73: Booted secondary processor 0x0000380100 [0x481fd010]
Dec  3 15:11:39 ubuntu kernel: [    2.470986] Detected VIPT I-cache on CPU74
Dec  3 15:11:39 ubuntu kernel: [    2.471022] GICv3: CPU74: found redistributor 380200 region 74:0x00002000aa180000
Dec  3 15:11:39 ubuntu kernel: [    2.471045] GICv3: CPU74: using allocated LPI pending table @0x00000027fed50000
Dec  3 15:11:39 ubuntu kernel: [    2.471102] CPU74: Booted secondary processor 0x0000380200 [0x481fd010]
Dec  3 15:11:39 ubuntu kernel: [    2.511088] Detected VIPT I-cache on CPU75
Dec  3 15:11:39 ubuntu kernel: [    2.511124] GICv3: CPU75: found redistributor 380300 region 75:0x00002000aa1c0000
Dec  3 15:11:39 ubuntu kernel: [    2.511148] GICv3: CPU75: using allocated LPI pending table @0x00000027fed60000
Dec  3 15:11:39 ubuntu kernel: [    2.511205] CPU75: Booted secondary processor 0x0000380300 [0x481fd010]
Dec  3 15:11:39 ubuntu kernel: [    2.551367] Detected VIPT I-cache on CPU76
Dec  3 15:11:39 ubuntu kernel: [    2.551405] GICv3: CPU76: found redistributor 390000 region 76:0x00002000aa200000
Dec  3 15:11:39 ubuntu kernel: [    2.551441] GICv3: CPU76: using allocated LPI pending table @0x00000027fed70000
Dec  3 15:11:39 ubuntu kernel: [    2.551502] CPU76: Booted secondary processor 0x0000390000 [0x481fd010]
Dec  3 15:11:39 ubuntu kernel: [    2.591638] Detected VIPT I-cache on CPU77
Dec  3 15:11:39 ubuntu kernel: [    2.591675] GICv3: CPU77: found redistributor 390100 region 77:0x00002000aa240000
Dec  3 15:11:39 ubuntu kernel: [    2.591699] GICv3: CPU77: using allocated LPI pending table @0x00000027fed80000
Dec  3 15:11:39 ubuntu kernel: [    2.591756] CPU77: Booted secondary processor 0x0000390100 [0x481fd010]
Dec  3 15:11:39 ubuntu kernel: [    2.631914] Detected VIPT I-cache on CPU78
Dec  3 15:11:39 ubuntu kernel: [    2.631951] GICv3: CPU78: found redistributor 390200 region 78:0x00002000aa280000
Dec  3 15:11:39 ubuntu kernel: [    2.631975] GICv3: CPU78: using allocated LPI pending table @0x00000027fed90000
Dec  3 15:11:39 ubuntu kernel: [    2.632032] CPU78: Booted secondary processor 0x0000390200 [0x481fd010]
Dec  3 15:11:39 ubuntu kernel: [    2.672189] Detected VIPT I-cache on CPU79
Dec  3 15:11:39 ubuntu kernel: [    2.672225] GICv3: CPU79: found redistributor 390300 region 79:0x00002000aa2c0000
Dec  3 15:11:39 ubuntu kernel: [    2.672252] GICv3: CPU79: using allocated LPI pending table @0x00000027feda0000
Dec  3 15:11:39 ubuntu kernel: [    2.672309] CPU79: Booted secondary processor 0x0000390300 [0x481fd010]
Dec  3 15:11:39 ubuntu kernel: [    2.712641] Detected VIPT I-cache on CPU80
Dec  3 15:11:39 ubuntu kernel: [    2.712679] GICv3: CPU80: found redistributor 3a0000 region 80:0x00002000aa300000
Dec  3 15:11:39 ubuntu kernel: [    2.712714] GICv3: CPU80: using allocated LPI pending table @0x00000027fedb0000
Dec  3 15:11:39 ubuntu kernel: [    2.712774] CPU80: Booted secondary processor 0x00003a0000 [0x481fd010]
Dec  3 15:11:39 ubuntu kernel: [    2.753086] Detected VIPT I-cache on CPU81
Dec  3 15:11:39 ubuntu kernel: [    2.753123] GICv3: CPU81: found redistributor 3a0100 region 81:0x00002000aa340000
Dec  3 15:11:39 ubuntu kernel: [    2.753148] GICv3: CPU81: using allocated LPI pending table @0x00000027fedc0000
Dec  3 15:11:39 ubuntu kernel: [    2.753206] CPU81: Booted secondary processor 0x00003a0100 [0x481fd010]
Dec  3 15:11:39 ubuntu kernel: [    2.793535] Detected VIPT I-cache on CPU82
Dec  3 15:11:39 ubuntu kernel: [    2.793572] GICv3: CPU82: found redistributor 3a0200 region 82:0x00002000aa380000
Dec  3 15:11:39 ubuntu kernel: [    2.793597] GICv3: CPU82: using allocated LPI pending table @0x00000027fedd0000
Dec  3 15:11:39 ubuntu kernel: [    2.793654] CPU82: Booted secondary processor 0x00003a0200 [0x481fd010]
Dec  3 15:11:39 ubuntu kernel: [    2.833984] Detected VIPT I-cache on CPU83
Dec  3 15:11:39 ubuntu kernel: [    2.834021] GICv3: CPU83: found redistributor 3a0300 region 83:0x00002000aa3c0000
Dec  3 15:11:39 ubuntu kernel: [    2.834045] GICv3: CPU83: using allocated LPI pending table @0x00000027fede0000
Dec  3 15:11:39 ubuntu kernel: [    2.834103] CPU83: Booted secondary processor 0x00003a0300 [0x481fd010]
Dec  3 15:11:39 ubuntu kernel: [    2.874609] Detected VIPT I-cache on CPU84
Dec  3 15:11:39 ubuntu kernel: [    2.874649] GICv3: CPU84: found redistributor 3b0000 region 84:0x00002000aa400000
Dec  3 15:11:39 ubuntu kernel: [    2.874684] GICv3: CPU84: using allocated LPI pending table @0x00000027fedf0000
Dec  3 15:11:39 ubuntu kernel: [    2.874745] CPU84: Booted secondary processor 0x00003b0000 [0x481fd010]
Dec  3 15:11:39 ubuntu kernel: [    2.915229] Detected VIPT I-cache on CPU85
Dec  3 15:11:39 ubuntu kernel: [    2.915267] GICv3: CPU85: found redistributor 3b0100 region 85:0x00002000aa440000
Dec  3 15:11:39 ubuntu kernel: [    2.915292] GICv3: CPU85: using allocated LPI pending table @0x00000027fee00000
Dec  3 15:11:39 ubuntu kernel: [    2.915350] CPU85: Booted secondary processor 0x00003b0100 [0x481fd010]
Dec  3 15:11:39 ubuntu kernel: [    2.955852] Detected VIPT I-cache on CPU86
Dec  3 15:11:39 ubuntu kernel: [    2.955889] GICv3: CPU86: found redistributor 3b0200 region 86:0x00002000aa480000
Dec  3 15:11:39 ubuntu kernel: [    2.955914] GICv3: CPU86: using allocated LPI pending table @0x00000027fee10000
Dec  3 15:11:39 ubuntu kernel: [    2.955972] CPU86: Booted secondary processor 0x00003b0200 [0x481fd010]
Dec  3 15:11:39 ubuntu kernel: [    2.996474] Detected VIPT I-cache on CPU87
Dec  3 15:11:39 ubuntu kernel: [    2.996511] GICv3: CPU87: found redistributor 3b0300 region 87:0x00002000aa4c0000
Dec  3 15:11:39 ubuntu kernel: [    2.996536] GICv3: CPU87: using allocated LPI pending table @0x00000027fee20000
Dec  3 15:11:39 ubuntu kernel: [    2.996594] CPU87: Booted secondary processor 0x00003b0300 [0x481fd010]
Dec  3 15:11:39 ubuntu kernel: [    3.036578] Detected VIPT I-cache on CPU88
Dec  3 15:11:39 ubuntu kernel: [    3.036616] GICv3: CPU88: found redistributor 3c0000 region 88:0x00002000aa500000
Dec  3 15:11:39 ubuntu kernel: [    3.036652] GICv3: CPU88: using allocated LPI pending table @0x00000027fee30000
Dec  3 15:11:39 ubuntu kernel: [    3.036713] CPU88: Booted secondary processor 0x00003c0000 [0x481fd010]
Dec  3 15:11:39 ubuntu kernel: [    3.076676] Detected VIPT I-cache on CPU89
Dec  3 15:11:39 ubuntu kernel: [    3.076713] GICv3: CPU89: found redistributor 3c0100 region 89:0x00002000aa540000
Dec  3 15:11:39 ubuntu kernel: [    3.076740] GICv3: CPU89: using allocated LPI pending table @0x00000027fee40000
Dec  3 15:11:39 ubuntu kernel: [    3.076798] CPU89: Booted secondary processor 0x00003c0100 [0x481fd010]
Dec  3 15:11:39 ubuntu kernel: [    3.116779] Detected VIPT I-cache on CPU90
Dec  3 15:11:39 ubuntu kernel: [    3.116816] GICv3: CPU90: found redistributor 3c0200 region 90:0x00002000aa580000
Dec  3 15:11:39 ubuntu kernel: [    3.116841] GICv3: CPU90: using allocated LPI pending table @0x00000027fee50000
Dec  3 15:11:39 ubuntu kernel: [    3.116899] CPU90: Booted secondary processor 0x00003c0200 [0x481fd010]
Dec  3 15:11:39 ubuntu kernel: [    3.156880] Detected VIPT I-cache on CPU91
Dec  3 15:11:39 ubuntu kernel: [    3.156917] GICv3: CPU91: found redistributor 3c0300 region 91:0x00002000aa5c0000
Dec  3 15:11:39 ubuntu kernel: [    3.156941] GICv3: CPU91: using allocated LPI pending table @0x00000027fee60000
Dec  3 15:11:39 ubuntu kernel: [    3.156999] CPU91: Booted secondary processor 0x00003c0300 [0x481fd010]
Dec  3 15:11:39 ubuntu kernel: [    3.197158] Detected VIPT I-cache on CPU92
Dec  3 15:11:39 ubuntu kernel: [    3.197196] GICv3: CPU92: found redistributor 3d0000 region 92:0x00002000aa600000
Dec  3 15:11:39 ubuntu kernel: [    3.197234] GICv3: CPU92: using allocated LPI pending table @0x00000027fee70000
Dec  3 15:11:39 ubuntu kernel: [    3.197295] CPU92: Booted secondary processor 0x00003d0000 [0x481fd010]
Dec  3 15:11:39 ubuntu kernel: [    3.237430] Detected VIPT I-cache on CPU93
Dec  3 15:11:39 ubuntu kernel: [    3.237468] GICv3: CPU93: found redistributor 3d0100 region 93:0x00002000aa640000
Dec  3 15:11:39 ubuntu kernel: [    3.237492] GICv3: CPU93: using allocated LPI pending table @0x00000027fee80000
Dec  3 15:11:39 ubuntu kernel: [    3.237550] CPU93: Booted secondary processor 0x00003d0100 [0x481fd010]
Dec  3 15:11:39 ubuntu kernel: [    3.277705] Detected VIPT I-cache on CPU94
Dec  3 15:11:39 ubuntu kernel: [    3.277743] GICv3: CPU94: found redistributor 3d0200 region 94:0x00002000aa680000
Dec  3 15:11:39 ubuntu kernel: [    3.277768] GICv3: CPU94: using allocated LPI pending table @0x00000027fee90000
Dec  3 15:11:39 ubuntu kernel: [    3.277827] CPU94: Booted secondary processor 0x00003d0200 [0x481fd010]
Dec  3 15:11:39 ubuntu kernel: [    3.317981] Detected VIPT I-cache on CPU95
Dec  3 15:11:39 ubuntu kernel: [    3.318018] GICv3: CPU95: found redistributor 3d0300 region 95:0x00002000aa6c0000
Dec  3 15:11:39 ubuntu kernel: [    3.318044] GICv3: CPU95: using allocated LPI pending table @0x00000027feea0000
Dec  3 15:11:39 ubuntu kernel: [    3.318102] CPU95: Booted secondary processor 0x00003d0300 [0x481fd010]
Dec  3 15:11:39 ubuntu kernel: [    3.318930] smp: Brought up 4 nodes, 96 CPUs
Dec  3 15:11:39 ubuntu kernel: [    3.319475] SMP: Total of 96 processors activated.
Dec  3 15:11:39 ubuntu kernel: [    3.319477] CPU features: detected: Privileged Access Never
Dec  3 15:11:39 ubuntu kernel: [    3.319479] CPU features: detected: LSE atomic instructions
Dec  3 15:11:39 ubuntu kernel: [    3.319481] CPU features: detected: User Access Override
Dec  3 15:11:39 ubuntu kernel: [    3.319484] CPU features: detected: Common not Private translations
Dec  3 15:11:39 ubuntu kernel: [    3.319486] CPU features: detected: Data cache clean to Point of Persistence
Dec  3 15:11:39 ubuntu kernel: [    3.319488] CPU features: detected: RAS Extension Support
Dec  3 15:11:39 ubuntu kernel: [    3.319490] CPU features: detected: CRC32 instructions
Dec  3 15:11:39 ubuntu kernel: [    3.384538] CPU: All CPU(s) started at EL2
Dec  3 15:11:39 ubuntu kernel: [    3.400502] devtmpfs: initialized
Dec  3 15:11:39 ubuntu kernel: [    3.403254] Registered cp15_barrier emulation handler
Dec  3 15:11:39 ubuntu kernel: [    3.403291] Registered setend emulation handler
Dec  3 15:11:39 ubuntu kernel: [    3.403295] KASLR disabled due to lack of seed
Dec  3 15:11:39 ubuntu kernel: [    3.403691] clocksource: jiffies: mask: 0xffffffff max_cycles: 0xffffffff, max_idle_ns: 7645041785100000 ns
Dec  3 15:11:39 ubuntu kernel: [    3.404042] futex hash table entries: 32768 (order: 9, 2097152 bytes, vmalloc)
Dec  3 15:11:39 ubuntu kernel: [    3.404862] pinctrl core: initialized pinctrl subsystem
Dec  3 15:11:39 ubuntu kernel: [    3.405039] thermal_sys: Registered thermal governor 'fair_share'
Dec  3 15:11:39 ubuntu kernel: [    3.405040] thermal_sys: Registered thermal governor 'bang_bang'
Dec  3 15:11:39 ubuntu kernel: [    3.405044] thermal_sys: Registered thermal governor 'step_wise'
Dec  3 15:11:39 ubuntu kernel: [    3.405046] thermal_sys: Registered thermal governor 'user_space'
Dec  3 15:11:39 ubuntu kernel: [    3.405129] SMBIOS 3.1.1 present.
Dec  3 15:11:39 ubuntu kernel: [    3.405135] DMI: Huawei TaiShan 200 (Model 2280)/BC82AMDDA, BIOS 1.06 10/29/2019
Dec  3 15:11:39 ubuntu kernel: [    3.405474] NET: Registered protocol family 16
Dec  3 15:11:39 ubuntu kernel: [    3.406668] DMA: preallocated 256 KiB pool for atomic allocations
Dec  3 15:11:39 ubuntu kernel: [    3.406673] audit: initializing netlink subsys (disabled)
Dec  3 15:11:39 ubuntu kernel: [    3.406717] audit: type=2000 audit(0.484:1): state=initialized audit_enabled=0 res=1
Dec  3 15:11:39 ubuntu kernel: [    3.406980] cpuidle: using governor ladder
Dec  3 15:11:39 ubuntu kernel: [    3.407068] cpuidle: using governor menu
Dec  3 15:11:39 ubuntu kernel: [    3.407077] Detected 1 PCC Subspaces
Dec  3 15:11:39 ubuntu kernel: [    3.407106] Registering PCC driver as Mailbox controller
Dec  3 15:11:39 ubuntu kernel: [    3.407186] hw-breakpoint: found 6 breakpoint and 4 watchpoint registers.
Dec  3 15:11:39 ubuntu kernel: [    3.408085] ASID allocator initialised with 65536 entries
Dec  3 15:11:39 ubuntu kernel: [    3.408232] ACPI: bus type PCI registered
Dec  3 15:11:39 ubuntu kernel: [    3.408236] acpiphp: ACPI Hot Plug PCI Controller Driver version: 0.5
Dec  3 15:11:39 ubuntu kernel: [    3.408408] Serial: AMBA PL011 UART driver
Dec  3 15:11:39 ubuntu kernel: [    3.415669] HugeTLB registered 1.00 GiB page size, pre-allocated 0 pages
Dec  3 15:11:39 ubuntu kernel: [    3.415673] HugeTLB registered 32.0 MiB page size, pre-allocated 0 pages
Dec  3 15:11:39 ubuntu kernel: [    3.415676] HugeTLB registered 2.00 MiB page size, pre-allocated 0 pages
Dec  3 15:11:39 ubuntu kernel: [    3.415679] HugeTLB registered 64.0 KiB page size, pre-allocated 0 pages
Dec  3 15:11:39 ubuntu kernel: [    3.419511] fbcon: Taking over console
Dec  3 15:11:39 ubuntu kernel: [    3.419920] ACPI: Added _OSI(Module Device)
Dec  3 15:11:39 ubuntu kernel: [    3.419923] ACPI: Added _OSI(Processor Device)
Dec  3 15:11:39 ubuntu kernel: [    3.419925] ACPI: Added _OSI(3.0 _SCP Extensions)
Dec  3 15:11:39 ubuntu kernel: [    3.419927] ACPI: Added _OSI(Processor Aggregator Device)
Dec  3 15:11:39 ubuntu kernel: [    3.419930] ACPI: Added _OSI(Linux-Dell-Video)
Dec  3 15:11:39 ubuntu kernel: [    3.419932] ACPI: Added _OSI(Linux-Lenovo-NV-HDMI-Audio)
Dec  3 15:11:39 ubuntu kernel: [    3.419934] ACPI: Added _OSI(Linux-HPI-Hybrid-Graphics)
Dec  3 15:11:39 ubuntu kernel: [    3.429104] ACPI: 2 ACPI AML tables successfully acquired and loaded
Dec  3 15:11:39 ubuntu kernel: [    3.432524] ACPI: Interpreter enabled
Dec  3 15:11:39 ubuntu kernel: [    3.432528] ACPI: Using GIC for interrupt routing
Dec  3 15:11:39 ubuntu kernel: [    3.432542] ACPI: MCFG table detected, 1 entries
Dec  3 15:11:39 ubuntu kernel: [    3.432544] ACPI: IORT: [Firmware Bug]: ID count for ID mapping entry is wrong, applying workaround
Dec  3 15:11:39 ubuntu kernel: [    3.432550] ACPI: IORT: SMMU-v3[148000000] Mapped to Proximity domain 0
Dec  3 15:11:39 ubuntu kernel: [    3.432603] ACPI: IORT: SMMU-v3[201000000] Mapped to Proximity domain 0
Dec  3 15:11:39 ubuntu kernel: [    3.432630] ACPI: IORT: SMMU-v3[100000000] Mapped to Proximity domain 0
Dec  3 15:11:39 ubuntu kernel: [    3.432654] ACPI: IORT: SMMU-v3[140000000] Mapped to Proximity domain 0
Dec  3 15:11:39 ubuntu kernel: [    3.432679] ACPI: IORT: SMMU-v3[200148000000] Mapped to Proximity domain 2
Dec  3 15:11:39 ubuntu kernel: [    3.432701] ACPI: IORT: SMMU-v3[200201000000] Mapped to Proximity domain 2
Dec  3 15:11:39 ubuntu kernel: [    3.432725] ACPI: IORT: SMMU-v3[200100000000] Mapped to Proximity domain 2
Dec  3 15:11:39 ubuntu kernel: [    3.432747] ACPI: IORT: SMMU-v3[200140000000] Mapped to Proximity domain 2
Dec  3 15:11:39 ubuntu kernel: [    3.433378] HEST: Table parsing has been initialized.
Dec  3 15:11:39 ubuntu kernel: [    3.461694] ACPI: PCI Root Bridge [PCI0] (domain 0000 [bus 00-3f])
Dec  3 15:11:39 ubuntu kernel: [    3.461701] acpi PNP0A08:00: _OSC: OS supports [ExtendedConfig ASPM ClockPM Segments MSI HPX-Type3]
Dec  3 15:11:39 ubuntu kernel: [    3.461805] acpi PNP0A08:00: _OSC: platform does not support [SHPCHotplug LTR]
Dec  3 15:11:39 ubuntu kernel: [    3.461894] acpi PNP0A08:00: _OSC: OS now controls [PCIeHotplug PME AER PCIeCapability]
Dec  3 15:11:39 ubuntu kernel: [    3.462495] acpi PNP0A08:00: ECAM area [mem 0xd0000000-0xd3ffffff] reserved by PNP0C02:00
Dec  3 15:11:39 ubuntu kernel: [    3.462506] acpi PNP0A08:00: ECAM at [mem 0xd0000000-0xd3ffffff] for [bus 00-3f]
Dec  3 15:11:39 ubuntu kernel: [    3.462534] Remapped I/O 0x00000000f7ff0000 to [io  0x0000-0xffff window]
Dec  3 15:11:39 ubuntu kernel: [    3.462594] PCI host bridge to bus 0000:00
Dec  3 15:11:39 ubuntu kernel: [    3.462597] pci_bus 0000:00: root bus resource [mem 0x80000000000-0x82fffffffff pref window]
Dec  3 15:11:39 ubuntu kernel: [    3.462600] pci_bus 0000:00: root bus resource [mem 0xe0000000-0xf7feffff window]
Dec  3 15:11:39 ubuntu kernel: [    3.462604] pci_bus 0000:00: root bus resource [io  0x0000-0xffff window]
Dec  3 15:11:39 ubuntu kernel: [    3.462606] pci_bus 0000:00: root bus resource [bus 00-3f]
Dec  3 15:11:39 ubuntu kernel: [    3.462638] pci 0000:00:00.0: [19e5:a120] type 01 class 0x060400
Dec  3 15:11:39 ubuntu kernel: [    3.462705] pci 0000:00:00.0: PME# supported from D0 D1 D2 D3hot D3cold
Dec  3 15:11:39 ubuntu kernel: [    3.462784] pci 0000:00:04.0: [19e5:a120] type 01 class 0x060400
Dec  3 15:11:39 ubuntu kernel: [    3.462841] pci 0000:00:04.0: PME# supported from D0 D1 D2 D3hot D3cold
Dec  3 15:11:39 ubuntu kernel: [    3.462908] pci 0000:00:08.0: [19e5:a120] type 01 class 0x060400
Dec  3 15:11:39 ubuntu kernel: [    3.462965] pci 0000:00:08.0: PME# supported from D0 D1 D2 D3hot D3cold
Dec  3 15:11:39 ubuntu kernel: [    3.463024] pci 0000:00:0c.0: [19e5:a120] type 01 class 0x060400
Dec  3 15:11:39 ubuntu kernel: [    3.463078] pci 0000:00:0c.0: PME# supported from D0 D1 D2 D3hot D3cold
Dec  3 15:11:39 ubuntu kernel: [    3.463139] pci 0000:00:10.0: [19e5:a120] type 01 class 0x060400
Dec  3 15:11:39 ubuntu kernel: [    3.463193] pci 0000:00:10.0: PME# supported from D0 D1 D2 D3hot D3cold
Dec  3 15:11:39 ubuntu kernel: [    3.463253] pci 0000:00:11.0: [19e5:a120] type 01 class 0x060400
Dec  3 15:11:39 ubuntu kernel: [    3.463306] pci 0000:00:11.0: PME# supported from D0 D1 D2 D3hot D3cold
Dec  3 15:11:39 ubuntu kernel: [    3.463365] pci 0000:00:12.0: [19e5:a120] type 01 class 0x060400
Dec  3 15:11:39 ubuntu kernel: [    3.463418] pci 0000:00:12.0: PME# supported from D0 D1 D2 D3hot D3cold
Dec  3 15:11:39 ubuntu kernel: [    3.463554] pci 0000:03:00.0: [1000:0016] type 00 class 0x010400
Dec  3 15:11:39 ubuntu kernel: [    3.463576] pci 0000:03:00.0: reg 0x10: [mem 0x80000100000-0x800001fffff 64bit pref]
Dec  3 15:11:39 ubuntu kernel: [    3.463586] pci 0000:03:00.0: reg 0x18: [mem 0x80000000000-0x800000fffff 64bit pref]
Dec  3 15:11:39 ubuntu kernel: [    3.463595] pci 0000:03:00.0: reg 0x20: [mem 0xe6400000-0xe64fffff]
Dec  3 15:11:39 ubuntu kernel: [    3.463602] pci 0000:03:00.0: reg 0x24: [io  0x0000-0x00ff]
Dec  3 15:11:39 ubuntu kernel: [    3.463610] pci 0000:03:00.0: reg 0x30: [mem 0xe6300000-0xe63fffff pref]
Dec  3 15:11:39 ubuntu kernel: [    3.463677] pci 0000:03:00.0: supports D1 D2
Dec  3 15:11:39 ubuntu kernel: [    3.463823] pci 0000:05:00.0: [19e5:1710] type 00 class 0x118000
Dec  3 15:11:39 ubuntu kernel: [    3.463849] pci 0000:05:00.0: reg 0x10: [mem 0xe0000000-0xe3ffffff pref]
Dec  3 15:11:39 ubuntu kernel: [    3.463859] pci 0000:05:00.0: reg 0x14: [mem 0xe6200000-0xe62fffff]
Dec  3 15:11:39 ubuntu kernel: [    3.464011] pci 0000:05:00.0: supports D1
Dec  3 15:11:39 ubuntu kernel: [    3.464014] pci 0000:05:00.0: PME# supported from D0 D1 D3hot
Dec  3 15:11:39 ubuntu kernel: [    3.464155] pci 0000:06:00.0: [19e5:1711] type 00 class 0x030000
Dec  3 15:11:39 ubuntu kernel: [    3.464187] pci 0000:06:00.0: reg 0x10: [mem 0xe4000000-0xe5ffffff pref]
Dec  3 15:11:39 ubuntu kernel: [    3.464200] pci 0000:06:00.0: reg 0x14: [mem 0xe6000000-0xe61fffff]
Dec  3 15:11:39 ubuntu kernel: [    3.464325] pci 0000:06:00.0: BAR 0: assigned to efifb
Dec  3 15:11:39 ubuntu kernel: [    3.464385] pci 0000:06:00.0: supports D1
Dec  3 15:11:39 ubuntu kernel: [    3.464387] pci 0000:06:00.0: PME# supported from D0 D1 D3hot
Dec  3 15:11:39 ubuntu kernel: [    3.464531] pci_bus 0000:00: on NUMA node 0
Dec  3 15:11:39 ubuntu kernel: [    3.464533] pci 0000:00:00.0: PCI bridge to [bus 01]
Dec  3 15:11:39 ubuntu kernel: [    3.464537] pci 0000:00:04.0: PCI bridge to [bus 02]
Dec  3 15:11:39 ubuntu kernel: [    3.464542] pci 0000:00:08.0: PCI bridge to [bus 03]
Dec  3 15:11:39 ubuntu kernel: [    3.464545] pci 0000:00:08.0:   bridge window [io  0x0000-0x0fff]
Dec  3 15:11:39 ubuntu kernel: [    3.464548] pci 0000:00:08.0:   bridge window [mem 0xe6300000-0xe64fffff]
Dec  3 15:11:39 ubuntu kernel: [    3.464551] pci 0000:00:08.0:   bridge window [mem 0x80000000000-0x800001fffff 64bit pref]
Dec  3 15:11:39 ubuntu kernel: [    3.464555] pci 0000:00:0c.0: PCI bridge to [bus 04]
Dec  3 15:11:39 ubuntu kernel: [    3.464559] pci 0000:00:10.0: PCI bridge to [bus 05]
Dec  3 15:11:39 ubuntu kernel: [    3.464563] pci 0000:00:10.0:   bridge window [mem 0xe6200000-0xe62fffff]
Dec  3 15:11:39 ubuntu kernel: [    3.464566] pci 0000:00:10.0:   bridge window [mem 0xe0000000-0xe3ffffff 64bit pref]
Dec  3 15:11:39 ubuntu kernel: [    3.464570] pci 0000:00:11.0: PCI bridge to [bus 06]
Dec  3 15:11:39 ubuntu kernel: [    3.464573] pci 0000:00:11.0:   bridge window [mem 0xe6000000-0xe61fffff]
Dec  3 15:11:39 ubuntu kernel: [    3.464576] pci 0000:00:11.0:   bridge window [mem 0xe4000000-0xe5ffffff 64bit pref]
Dec  3 15:11:39 ubuntu kernel: [    3.464580] pci 0000:00:12.0: PCI bridge to [bus 07]
Dec  3 15:11:39 ubuntu kernel: [    3.464591] pci 0000:00:00.0: PCI bridge to [bus 01]
Dec  3 15:11:39 ubuntu kernel: [    3.464596] pci 0000:00:04.0: PCI bridge to [bus 02]
Dec  3 15:11:39 ubuntu kernel: [    3.464600] pci 0000:00:08.0: PCI bridge to [bus 03]
Dec  3 15:11:39 ubuntu kernel: [    3.464603] pci 0000:00:08.0:   bridge window [io  0x0000-0x0fff]
Dec  3 15:11:39 ubuntu kernel: [    3.464606] pci 0000:00:08.0:   bridge window [mem 0xe6300000-0xe64fffff]
Dec  3 15:11:39 ubuntu kernel: [    3.464610] pci 0000:00:08.0:   bridge window [mem 0x80000000000-0x800001fffff 64bit pref]
Dec  3 15:11:39 ubuntu kernel: [    3.464614] pci 0000:00:0c.0: PCI bridge to [bus 04]
Dec  3 15:11:39 ubuntu kernel: [    3.464618] pci 0000:00:10.0: PCI bridge to [bus 05]
Dec  3 15:11:39 ubuntu kernel: [    3.464622] pci 0000:00:10.0:   bridge window [mem 0xe6200000-0xe62fffff]
Dec  3 15:11:39 ubuntu kernel: [    3.464625] pci 0000:00:10.0:   bridge window [mem 0xe0000000-0xe3ffffff 64bit pref]
Dec  3 15:11:39 ubuntu kernel: [    3.464629] pci 0000:00:11.0: PCI bridge to [bus 06]
Dec  3 15:11:39 ubuntu kernel: [    3.464632] pci 0000:00:11.0:   bridge window [mem 0xe6000000-0xe61fffff]
Dec  3 15:11:39 ubuntu kernel: [    3.464635] pci 0000:00:11.0:   bridge window [mem 0xe4000000-0xe5ffffff 64bit pref]
Dec  3 15:11:39 ubuntu kernel: [    3.464639] pci 0000:00:12.0: PCI bridge to [bus 07]
Dec  3 15:11:39 ubuntu kernel: [    3.464644] pci_bus 0000:00: resource 4 [mem 0x80000000000-0x82fffffffff pref window]
Dec  3 15:11:39 ubuntu kernel: [    3.464647] pci_bus 0000:00: resource 5 [mem 0xe0000000-0xf7feffff window]
Dec  3 15:11:39 ubuntu kernel: [    3.464650] pci_bus 0000:00: resource 6 [io  0x0000-0xffff window]
Dec  3 15:11:39 ubuntu kernel: [    3.464653] pci_bus 0000:03: resource 0 [io  0x0000-0x0fff]
Dec  3 15:11:39 ubuntu kernel: [    3.464656] pci_bus 0000:03: resource 1 [mem 0xe6300000-0xe64fffff]
Dec  3 15:11:39 ubuntu kernel: [    3.464659] pci_bus 0000:03: resource 2 [mem 0x80000000000-0x800001fffff 64bit pref]
Dec  3 15:11:39 ubuntu kernel: [    3.464662] pci_bus 0000:05: resource 1 [mem 0xe6200000-0xe62fffff]
Dec  3 15:11:39 ubuntu kernel: [    3.464664] pci_bus 0000:05: resource 2 [mem 0xe0000000-0xe3ffffff 64bit pref]
Dec  3 15:11:39 ubuntu kernel: [    3.464667] pci_bus 0000:06: resource 1 [mem 0xe6000000-0xe61fffff]
Dec  3 15:11:39 ubuntu kernel: [    3.464670] pci_bus 0000:06: resource 2 [mem 0xe4000000-0xe5ffffff 64bit pref]
Dec  3 15:11:39 ubuntu kernel: [    3.464722] ACPI: PCI Root Bridge [PCI1] (domain 0000 [bus 7b])
Dec  3 15:11:39 ubuntu kernel: [    3.464727] acpi PNP0A08:01: _OSC: OS supports [ExtendedConfig ASPM ClockPM Segments MSI HPX-Type3]
Dec  3 15:11:39 ubuntu kernel: [    3.464825] acpi PNP0A08:01: _OSC: platform does not support [PCIeHotplug SHPCHotplug PME AER LTR]
Dec  3 15:11:39 ubuntu kernel: [    3.464913] acpi PNP0A08:01: _OSC: OS now controls [PCIeCapability]
Dec  3 15:11:39 ubuntu kernel: [    3.465501] acpi PNP0A08:01: ECAM area [mem 0xd7b00000-0xd7bfffff] reserved by PNP0C02:00
Dec  3 15:11:39 ubuntu kernel: [    3.465516] acpi PNP0A08:01: ECAM at [mem 0xd7b00000-0xd7bfffff] for [bus 7b]
Dec  3 15:11:39 ubuntu kernel: [    3.465569] PCI host bridge to bus 0000:7b
Dec  3 15:11:39 ubuntu kernel: [    3.465573] pci_bus 0000:7b: root bus resource [mem 0x148800000-0x148ffffff pref window]
Dec  3 15:11:39 ubuntu kernel: [    3.465576] pci_bus 0000:7b: root bus resource [bus 7b]
Dec  3 15:11:39 ubuntu kernel: [    3.465584] pci 0000:7b:00.0: [19e5:a122] type 00 class 0x088000
Dec  3 15:11:39 ubuntu kernel: [    3.465593] pci 0000:7b:00.0: reg 0x18: [mem 0x00000000-0x00003fff 64bit pref]
Dec  3 15:11:39 ubuntu kernel: [    3.465651] pci_bus 0000:7b: on NUMA node 0
Dec  3 15:11:39 ubuntu kernel: [    3.465655] pci 0000:7b:00.0: BAR 2: assigned [mem 0x148800000-0x148803fff 64bit pref]
Dec  3 15:11:39 ubuntu kernel: [    3.465661] pci_bus 0000:7b: resource 4 [mem 0x148800000-0x148ffffff pref window]
Dec  3 15:11:39 ubuntu kernel: [    3.465702] ACPI: PCI Root Bridge [PCI2] (domain 0000 [bus 7a])
Dec  3 15:11:39 ubuntu kernel: [    3.465706] acpi PNP0A08:02: _OSC: OS supports [ExtendedConfig ASPM ClockPM Segments MSI HPX-Type3]
Dec  3 15:11:39 ubuntu kernel: [    3.465802] acpi PNP0A08:02: _OSC: platform does not support [PCIeHotplug SHPCHotplug PME AER LTR]
Dec  3 15:11:39 ubuntu kernel: [    3.465888] acpi PNP0A08:02: _OSC: OS now controls [PCIeCapability]
Dec  3 15:11:39 ubuntu kernel: [    3.466467] acpi PNP0A08:02: ECAM area [mem 0xd7a00000-0xd7afffff] reserved by PNP0C02:00
Dec  3 15:11:39 ubuntu kernel: [    3.466484] acpi PNP0A08:02: ECAM at [mem 0xd7a00000-0xd7afffff] for [bus 7a]
Dec  3 15:11:39 ubuntu kernel: [    3.466537] PCI host bridge to bus 0000:7a
Dec  3 15:11:39 ubuntu kernel: [    3.466541] pci_bus 0000:7a: root bus resource [mem 0x20c000000-0x20c1fffff pref window]
Dec  3 15:11:39 ubuntu kernel: [    3.466544] pci_bus 0000:7a: root bus resource [bus 7a]
Dec  3 15:11:39 ubuntu kernel: [    3.466551] pci 0000:7a:00.0: [19e5:a23b] type 00 class 0x0c0310
Dec  3 15:11:39 ubuntu kernel: [    3.466558] pci 0000:7a:00.0: reg 0x10: [mem 0x20c100000-0x20c100fff 64bit pref]
Dec  3 15:11:39 ubuntu kernel: [    3.466611] pci 0000:7a:01.0: [19e5:a239] type 00 class 0x0c0320
Dec  3 15:11:39 ubuntu kernel: [    3.466618] pci 0000:7a:01.0: reg 0x10: [mem 0x20c101000-0x20c101fff 64bit pref]
Dec  3 15:11:39 ubuntu kernel: [    3.466671] pci 0000:7a:02.0: [19e5:a238] type 00 class 0x0c0330
Dec  3 15:11:39 ubuntu kernel: [    3.466677] pci 0000:7a:02.0: reg 0x10: [mem 0x20c000000-0x20c0fffff 64bit pref]
Dec  3 15:11:39 ubuntu kernel: [    3.466736] pci_bus 0000:7a: on NUMA node 0
Dec  3 15:11:39 ubuntu kernel: [    3.466739] pci 0000:7a:02.0: BAR 0: assigned [mem 0x20c000000-0x20c0fffff 64bit pref]
Dec  3 15:11:39 ubuntu kernel: [    3.466744] pci 0000:7a:00.0: BAR 0: assigned [mem 0x20c100000-0x20c100fff 64bit pref]
Dec  3 15:11:39 ubuntu kernel: [    3.466749] pci 0000:7a:01.0: BAR 0: assigned [mem 0x20c101000-0x20c101fff 64bit pref]
Dec  3 15:11:39 ubuntu kernel: [    3.466754] pci_bus 0000:7a: resource 4 [mem 0x20c000000-0x20c1fffff pref window]
Dec  3 15:11:39 ubuntu kernel: [    3.466795] ACPI: PCI Root Bridge [PCI3] (domain 0000 [bus 78-79])
Dec  3 15:11:39 ubuntu kernel: [    3.466800] acpi PNP0A08:03: _OSC: OS supports [ExtendedConfig ASPM ClockPM Segments MSI HPX-Type3]
Dec  3 15:11:39 ubuntu kernel: [    3.466895] acpi PNP0A08:03: _OSC: platform does not support [PCIeHotplug SHPCHotplug PME AER LTR]
Dec  3 15:11:39 ubuntu kernel: [    3.466981] acpi PNP0A08:03: _OSC: OS now controls [PCIeCapability]
Dec  3 15:11:39 ubuntu kernel: [    3.467556] acpi PNP0A08:03: ECAM area [mem 0xd7800000-0xd79fffff] reserved by PNP0C02:00
Dec  3 15:11:39 ubuntu kernel: [    3.467563] acpi PNP0A08:03: ECAM at [mem 0xd7800000-0xd79fffff] for [bus 78-79]
Dec  3 15:11:39 ubuntu kernel: [    3.467628] PCI host bridge to bus 0000:78
Dec  3 15:11:39 ubuntu kernel: [    3.467631] pci_bus 0000:78: root bus resource [mem 0x208000000-0x208bfffff pref window]
Dec  3 15:11:39 ubuntu kernel: [    3.467634] pci_bus 0000:78: root bus resource [bus 78-79]
Dec  3 15:11:39 ubuntu kernel: [    3.467646] pci_bus 0000:78: on NUMA node 0
Dec  3 15:11:39 ubuntu kernel: [    3.467648] pci_bus 0000:78: resource 4 [mem 0x208000000-0x208bfffff pref window]
Dec  3 15:11:39 ubuntu kernel: [    3.467691] ACPI: PCI Root Bridge [PCI4] (domain 0000 [bus 7c-7d])
Dec  3 15:11:39 ubuntu kernel: [    3.467695] acpi PNP0A08:04: _OSC: OS supports [ExtendedConfig ASPM ClockPM Segments MSI HPX-Type3]
Dec  3 15:11:39 ubuntu kernel: [    3.467789] acpi PNP0A08:04: _OSC: platform does not support [PCIeHotplug SHPCHotplug PME AER LTR]
Dec  3 15:11:39 ubuntu kernel: [    3.467876] acpi PNP0A08:04: _OSC: OS now controls [PCIeCapability]
Dec  3 15:11:39 ubuntu kernel: [    3.468447] acpi PNP0A08:04: ECAM area [mem 0xd7c00000-0xd7dfffff] reserved by PNP0C02:00
Dec  3 15:11:39 ubuntu kernel: [    3.468454] acpi PNP0A08:04: ECAM at [mem 0xd7c00000-0xd7dfffff] for [bus 7c-7d]
Dec  3 15:11:39 ubuntu kernel: [    3.468506] PCI host bridge to bus 0000:7c
Dec  3 15:11:39 ubuntu kernel: [    3.468509] pci_bus 0000:7c: root bus resource [mem 0x120000000-0x13fffffff pref window]
Dec  3 15:11:39 ubuntu kernel: [    3.468512] pci_bus 0000:7c: root bus resource [bus 7c-7d]
Dec  3 15:11:39 ubuntu kernel: [    3.468519] pci 0000:7c:00.0: [19e5:a121] type 01 class 0x060400
Dec  3 15:11:39 ubuntu kernel: [    3.468530] pci 0000:7c:00.0: enabling Extended Tags
Dec  3 15:11:39 ubuntu kernel: [    3.468602] pci 0000:7d:00.0: [19e5:a222] type 00 class 0x020000
Dec  3 15:11:39 ubuntu kernel: [    3.468609] pci 0000:7d:00.0: reg 0x10: [mem 0x1210f0000-0x1210fffff 64bit pref]
Dec  3 15:11:39 ubuntu kernel: [    3.468615] pci 0000:7d:00.0: reg 0x18: [mem 0x120f00000-0x120ffffff 64bit pref]
Dec  3 15:11:39 ubuntu kernel: [    3.468638] pci 0000:7d:00.0: reg 0x224: [mem 0x1210c0000-0x1210cffff 64bit pref]
Dec  3 15:11:39 ubuntu kernel: [    3.468642] pci 0000:7d:00.0: VF(n) BAR0 space: [mem 0x1210c0000-0x1210effff 64bit pref] (contains BAR0 for 3 VFs)
Dec  3 15:11:39 ubuntu kernel: [    3.468647] pci 0000:7d:00.0: reg 0x22c: [mem 0x120c00000-0x120cfffff 64bit pref]
Dec  3 15:11:39 ubuntu kernel: [    3.468650] pci 0000:7d:00.0: VF(n) BAR2 space: [mem 0x120c00000-0x120efffff 64bit pref] (contains BAR2 for 3 VFs)
Dec  3 15:11:39 ubuntu kernel: [    3.468696] pci 0000:7d:00.1: [19e5:a221] type 00 class 0x020000
Dec  3 15:11:39 ubuntu kernel: [    3.468703] pci 0000:7d:00.1: reg 0x10: [mem 0x1210b0000-0x1210bffff 64bit pref]
Dec  3 15:11:39 ubuntu kernel: [    3.468708] pci 0000:7d:00.1: reg 0x18: [mem 0x120b00000-0x120bfffff 64bit pref]
Dec  3 15:11:39 ubuntu kernel: [    3.468729] pci 0000:7d:00.1: reg 0x224: [mem 0x121080000-0x12108ffff 64bit pref]
Dec  3 15:11:39 ubuntu kernel: [    3.468733] pci 0000:7d:00.1: VF(n) BAR0 space: [mem 0x121080000-0x1210affff 64bit pref] (contains BAR0 for 3 VFs)
Dec  3 15:11:39 ubuntu kernel: [    3.468738] pci 0000:7d:00.1: reg 0x22c: [mem 0x120800000-0x1208fffff 64bit pref]
Dec  3 15:11:39 ubuntu kernel: [    3.468741] pci 0000:7d:00.1: VF(n) BAR2 space: [mem 0x120800000-0x120afffff 64bit pref] (contains BAR2 for 3 VFs)
Dec  3 15:11:39 ubuntu kernel: [    3.468782] pci 0000:7d:00.2: [19e5:a222] type 00 class 0x020000
Dec  3 15:11:39 ubuntu kernel: [    3.468789] pci 0000:7d:00.2: reg 0x10: [mem 0x121070000-0x12107ffff 64bit pref]
Dec  3 15:11:39 ubuntu kernel: [    3.468794] pci 0000:7d:00.2: reg 0x18: [mem 0x120700000-0x1207fffff 64bit pref]
Dec  3 15:11:39 ubuntu kernel: [    3.468816] pci 0000:7d:00.2: reg 0x224: [mem 0x121040000-0x12104ffff 64bit pref]
Dec  3 15:11:39 ubuntu kernel: [    3.468819] pci 0000:7d:00.2: VF(n) BAR0 space: [mem 0x121040000-0x12106ffff 64bit pref] (contains BAR0 for 3 VFs)
Dec  3 15:11:39 ubuntu kernel: [    3.468824] pci 0000:7d:00.2: reg 0x22c: [mem 0x120400000-0x1204fffff 64bit pref]
Dec  3 15:11:39 ubuntu kernel: [    3.468827] pci 0000:7d:00.2: VF(n) BAR2 space: [mem 0x120400000-0x1206fffff 64bit pref] (contains BAR2 for 3 VFs)
Dec  3 15:11:39 ubuntu kernel: [    3.468866] pci 0000:7d:00.3: [19e5:a221] type 00 class 0x020000
Dec  3 15:11:39 ubuntu kernel: [    3.468873] pci 0000:7d:00.3: reg 0x10: [mem 0x121030000-0x12103ffff 64bit pref]
Dec  3 15:11:39 ubuntu kernel: [    3.468878] pci 0000:7d:00.3: reg 0x18: [mem 0x120300000-0x1203fffff 64bit pref]
Dec  3 15:11:39 ubuntu kernel: [    3.468899] pci 0000:7d:00.3: reg 0x224: [mem 0x121000000-0x12100ffff 64bit pref]
Dec  3 15:11:39 ubuntu kernel: [    3.468902] pci 0000:7d:00.3: VF(n) BAR0 space: [mem 0x121000000-0x12102ffff 64bit pref] (contains BAR0 for 3 VFs)
Dec  3 15:11:39 ubuntu kernel: [    3.468908] pci 0000:7d:00.3: reg 0x22c: [mem 0x120000000-0x1200fffff 64bit pref]
Dec  3 15:11:39 ubuntu kernel: [    3.468911] pci 0000:7d:00.3: VF(n) BAR2 space: [mem 0x120000000-0x1202fffff 64bit pref] (contains BAR2 for 3 VFs)
Dec  3 15:11:39 ubuntu kernel: [    3.468957] pci_bus 0000:7c: on NUMA node 0
Dec  3 15:11:39 ubuntu kernel: [    3.468962] pci 0000:7c:00.0: bridge window [mem 0x00100000-0x005fffff 64bit pref] to [bus 7d] add_size c00000 add_align 100000
Dec  3 15:11:39 ubuntu kernel: [    3.468967] pci 0000:7c:00.0: BAR 15: assigned [mem 0x120000000-0x1210fffff 64bit pref]
Dec  3 15:11:39 ubuntu kernel: [    3.468982] pci 0000:7d:00.0: BAR 2: assigned [mem 0x120000000-0x1200fffff 64bit pref]
Dec  3 15:11:39 ubuntu kernel: [    3.468987] pci 0000:7d:00.0: BAR 9: assigned [mem 0x120100000-0x1203fffff 64bit pref]
Dec  3 15:11:39 ubuntu kernel: [    3.468991] pci 0000:7d:00.1: BAR 2: assigned [mem 0x120400000-0x1204fffff 64bit pref]
Dec  3 15:11:39 ubuntu kernel: [    3.468995] pci 0000:7d:00.1: BAR 9: assigned [mem 0x120500000-0x1207fffff 64bit pref]
Dec  3 15:11:39 ubuntu kernel: [    3.468999] pci 0000:7d:00.2: BAR 2: assigned [mem 0x120800000-0x1208fffff 64bit pref]
Dec  3 15:11:39 ubuntu kernel: [    3.469004] pci 0000:7d:00.2: BAR 9: assigned [mem 0x120900000-0x120bfffff 64bit pref]
Dec  3 15:11:39 ubuntu kernel: [    3.469007] pci 0000:7d:00.3: BAR 2: assigned [mem 0x120c00000-0x120cfffff 64bit pref]
Dec  3 15:11:39 ubuntu kernel: [    3.469012] pci 0000:7d:00.3: BAR 9: assigned [mem 0x120d00000-0x120ffffff 64bit pref]
Dec  3 15:11:39 ubuntu kernel: [    3.469016] pci 0000:7d:00.0: BAR 0: assigned [mem 0x121000000-0x12100ffff 64bit pref]
Dec  3 15:11:39 ubuntu kernel: [    3.469020] pci 0000:7d:00.0: BAR 7: assigned [mem 0x121010000-0x12103ffff 64bit pref]
Dec  3 15:11:39 ubuntu kernel: [    3.469024] pci 0000:7d:00.1: BAR 0: assigned [mem 0x121040000-0x12104ffff 64bit pref]
Dec  3 15:11:39 ubuntu kernel: [    3.469029] pci 0000:7d:00.1: BAR 7: assigned [mem 0x121050000-0x12107ffff 64bit pref]
Dec  3 15:11:39 ubuntu kernel: [    3.469032] pci 0000:7d:00.2: BAR 0: assigned [mem 0x121080000-0x12108ffff 64bit pref]
Dec  3 15:11:39 ubuntu kernel: [    3.469037] pci 0000:7d:00.2: BAR 7: assigned [mem 0x121090000-0x1210bffff 64bit pref]
Dec  3 15:11:39 ubuntu kernel: [    3.469041] pci 0000:7d:00.3: BAR 0: assigned [mem 0x1210c0000-0x1210cffff 64bit pref]
Dec  3 15:11:39 ubuntu kernel: [    3.469046] pci 0000:7d:00.3: BAR 7: assigned [mem 0x1210d0000-0x1210fffff 64bit pref]
Dec  3 15:11:39 ubuntu kernel: [    3.469051] pci 0000:7c:00.0: PCI bridge to [bus 7d]
Dec  3 15:11:39 ubuntu kernel: [    3.469055] pci 0000:7c:00.0:   bridge window [mem 0x120000000-0x1210fffff 64bit pref]
Dec  3 15:11:39 ubuntu kernel: [    3.469059] pci_bus 0000:7c: resource 4 [mem 0x120000000-0x13fffffff pref window]
Dec  3 15:11:39 ubuntu kernel: [    3.469063] pci_bus 0000:7d: resource 2 [mem 0x120000000-0x1210fffff 64bit pref]
Dec  3 15:11:39 ubuntu kernel: [    3.469103] ACPI: PCI Root Bridge [PCI5] (domain 0000 [bus 74-76])
Dec  3 15:11:39 ubuntu kernel: [    3.469108] acpi PNP0A08:05: _OSC: OS supports [ExtendedConfig ASPM ClockPM Segments MSI HPX-Type3]
Dec  3 15:11:39 ubuntu kernel: [    3.469203] acpi PNP0A08:05: _OSC: platform does not support [PCIeHotplug SHPCHotplug PME AER LTR]
Dec  3 15:11:39 ubuntu kernel: [    3.469290] acpi PNP0A08:05: _OSC: OS now controls [PCIeCapability]
Dec  3 15:11:39 ubuntu kernel: [    3.469869] acpi PNP0A08:05: ECAM area [mem 0xd7400000-0xd76fffff] reserved by PNP0C02:00
Dec  3 15:11:39 ubuntu kernel: [    3.469885] acpi PNP0A08:05: ECAM at [mem 0xd7400000-0xd76fffff] for [bus 74-76]
Dec  3 15:11:39 ubuntu kernel: [    3.469968] PCI host bridge to bus 0000:74
Dec  3 15:11:39 ubuntu kernel: [    3.469971] pci_bus 0000:74: root bus resource [mem 0x141000000-0x141ffffff pref window]
Dec  3 15:11:39 ubuntu kernel: [    3.469975] pci_bus 0000:74: root bus resource [mem 0x144000000-0x145ffffff pref window]
Dec  3 15:11:39 ubuntu kernel: [    3.469978] pci_bus 0000:74: root bus resource [mem 0xa2000000-0xa2ffffff window]
Dec  3 15:11:39 ubuntu kernel: [    3.469981] pci_bus 0000:74: root bus resource [bus 74-76]
Dec  3 15:11:39 ubuntu kernel: [    3.469988] pci 0000:74:01.0: [19e5:a121] type 01 class 0x060400
Dec  3 15:11:39 ubuntu kernel: [    3.469999] pci 0000:74:01.0: enabling Extended Tags
Dec  3 15:11:39 ubuntu kernel: [    3.470075] pci 0000:74:02.0: [19e5:a230] type 00 class 0x010700
Dec  3 15:11:39 ubuntu kernel: [    3.470085] pci 0000:74:02.0: reg 0x24: [mem 0xa2008000-0xa200ffff]
Dec  3 15:11:39 ubuntu kernel: [    3.470175] pci 0000:74:03.0: [19e5:a235] type 00 class 0x010601
Dec  3 15:11:39 ubuntu kernel: [    3.470187] pci 0000:74:03.0: reg 0x24: [mem 0xa2010000-0xa2010fff]
Dec  3 15:11:39 ubuntu kernel: [    3.470240] pci 0000:74:04.0: [19e5:a230] type 00 class 0x010700
Dec  3 15:11:39 ubuntu kernel: [    3.470250] pci 0000:74:04.0: reg 0x24: [mem 0xa2000000-0xa2007fff]
Dec  3 15:11:39 ubuntu kernel: [    3.470366] pci 0000:75:00.0: [19e5:a255] type 00 class 0x100000
Dec  3 15:11:39 ubuntu kernel: [    3.470374] pci 0000:75:00.0: reg 0x18: [mem 0x144000000-0x1443fffff 64bit pref]
Dec  3 15:11:39 ubuntu kernel: [    3.470400] pci 0000:75:00.0: reg 0x22c: [mem 0x144400000-0x14440ffff 64bit pref]
Dec  3 15:11:39 ubuntu kernel: [    3.470404] pci 0000:75:00.0: VF(n) BAR2 space: [mem 0x144400000-0x1447effff 64bit pref] (contains BAR2 for 63 VFs)
Dec  3 15:11:39 ubuntu kernel: [    3.470520] pci_bus 0000:74: on NUMA node 0
Dec  3 15:11:39 ubuntu kernel: [    3.470523] pci 0000:74:01.0: bridge window [mem 0x00400000-0x007fffff 64bit pref] to [bus 75] add_size 400000 add_align 400000
Dec  3 15:11:39 ubuntu kernel: [    3.470529] pci 0000:74:01.0: BAR 15: assigned [mem 0x141000000-0x1417fffff 64bit pref]
Dec  3 15:11:39 ubuntu kernel: [    3.470533] pci 0000:74:02.0: BAR 5: assigned [mem 0xa2000000-0xa2007fff]
Dec  3 15:11:39 ubuntu kernel: [    3.470537] pci 0000:74:04.0: BAR 5: assigned [mem 0xa2008000-0xa200ffff]
Dec  3 15:11:39 ubuntu kernel: [    3.470540] pci 0000:74:03.0: BAR 5: assigned [mem 0xa2010000-0xa2010fff]
Dec  3 15:11:39 ubuntu kernel: [    3.470544] pci 0000:75:00.0: BAR 2: assigned [mem 0x141000000-0x1413fffff 64bit pref]
Dec  3 15:11:39 ubuntu kernel: [    3.470549] pci 0000:75:00.0: BAR 9: assigned [mem 0x141400000-0x1417effff 64bit pref]
Dec  3 15:11:39 ubuntu kernel: [    3.470553] pci 0000:74:01.0: PCI bridge to [bus 75]
Dec  3 15:11:39 ubuntu kernel: [    3.470557] pci 0000:74:01.0:   bridge window [mem 0x141000000-0x1417fffff 64bit pref]
Dec  3 15:11:39 ubuntu kernel: [    3.470561] pci_bus 0000:74: resource 4 [mem 0x141000000-0x141ffffff pref window]
Dec  3 15:11:39 ubuntu kernel: [    3.470564] pci_bus 0000:74: resource 5 [mem 0x144000000-0x145ffffff pref window]
Dec  3 15:11:39 ubuntu kernel: [    3.470568] pci_bus 0000:74: resource 6 [mem 0xa2000000-0xa2ffffff window]
Dec  3 15:11:39 ubuntu kernel: [    3.470570] pci_bus 0000:75: resource 2 [mem 0x141000000-0x1417fffff 64bit pref]
Dec  3 15:11:39 ubuntu kernel: [    3.470633] ACPI: PCI Root Bridge [PCI6] (domain 0000 [bus 80-9f])
Dec  3 15:11:39 ubuntu kernel: [    3.470638] acpi PNP0A08:06: _OSC: OS supports [ExtendedConfig ASPM ClockPM Segments MSI HPX-Type3]
Dec  3 15:11:39 ubuntu kernel: [    3.470732] acpi PNP0A08:06: _OSC: platform does not support [SHPCHotplug LTR]
Dec  3 15:11:39 ubuntu kernel: [    3.470819] acpi PNP0A08:06: _OSC: OS now controls [PCIeHotplug PME AER PCIeCapability]
