Dec  2 13:45:01 ubuntu kernel: [    0.000000] Booting Linux on physical CPU 0x0000080000 [0x481fd010]
Dec  2 13:45:01 ubuntu kernel: [    0.000000] Linux version 5.7.1 (root@ubuntu) (gcc version 7.5.0 (Ubuntu/Linaro 7.5.0-3ubuntu1~18.04), GNU ld (GNU Binutils for Ubuntu) 2.30) #1 SMP Tue Dec 1 23:54:40 CST 2020
Dec  2 13:45:01 ubuntu kernel: [    0.000000] efi: EFI v2.70 by EDK II
Dec  2 13:45:01 ubuntu kernel: [    0.000000] efi:  ACPI 2.0=0x2fc50000  SMBIOS 3.0=0x2fbf0000  MEMATTR=0x35f10018  ESRT=0x36117b18  MEMRESERVE=0x2fb93018 
Dec  2 13:45:01 ubuntu kernel: [    0.000000] esrt: Reserving ESRT space from 0x0000000036117b18 to 0x0000000036117b50.
Dec  2 13:45:01 ubuntu kernel: [    0.000000] cma: Reserved 32 MiB at 0x000000007e000000
Dec  2 13:45:01 ubuntu kernel: [    0.000000] ACPI: Early table checksum verification disabled
Dec  2 13:45:01 ubuntu kernel: [    0.000000] ACPI: RSDP 0x000000002FC50000 000024 (v02 HISI  )
Dec  2 13:45:01 ubuntu kernel: [    0.000000] ACPI: XSDT 0x000000002FC40000 0000A4 (v01 HISI   HIP08    00000000      01000013)
Dec  2 13:45:01 ubuntu kernel: [    0.000000] ACPI: FACP 0x000000002F790000 000114 (v06 HISI   HIP08    00000000 HISI 20151124)
Dec  2 13:45:01 ubuntu kernel: [    0.000000] ACPI: DSDT 0x000000002F530000 00C441 (v02 HISI   HIP08    00000000 INTL 20181213)
Dec  2 13:45:01 ubuntu kernel: [    0.000000] ACPI: PCCT 0x000000002FC30000 00008A (v01 HISI   HIP08    00000000 HISI 20151124)
Dec  2 13:45:01 ubuntu kernel: [    0.000000] ACPI: SSDT 0x000000002FC20000 00E64A (v02 HISI   HIP07    00000000 INTL 20181213)
Dec  2 13:45:01 ubuntu kernel: [    0.000000] ACPI: BERT 0x000000002FBC0000 000030 (v01 HISI   HIP08    00000000 HISI 20151124)
Dec  2 13:45:01 ubuntu kernel: [    0.000000] ACPI: HEST 0x000000002FBA0000 00058C (v01 HISI   HIP08    00000000 HISI 20151124)
Dec  2 13:45:01 ubuntu kernel: [    0.000000] ACPI: ERST 0x000000002FB60000 000230 (v01 HISI   HIP08    00000000 HISI 20151124)
Dec  2 13:45:01 ubuntu kernel: [    0.000000] ACPI: EINJ 0x000000002FB50000 000170 (v01 HISI   HIP08    00000000 HISI 20151124)
Dec  2 13:45:01 ubuntu kernel: [    0.000000] ACPI: GTDT 0x000000002F590000 00007C (v02 HISI   HIP08    00000000 HISI 20151124)
Dec  2 13:45:01 ubuntu kernel: [    0.000000] ACPI: MCFG 0x000000002F580000 00003C (v01 HISI   HIP08    00000000 HISI 20151124)
Dec  2 13:45:01 ubuntu kernel: [    0.000000] ACPI: SLIT 0x000000002F570000 00003C (v01 HISI   HIP08    00000000 HISI 20151124)
Dec  2 13:45:01 ubuntu kernel: [    0.000000] ACPI: SRAT 0x000000002F560000 0007D0 (v03 HISI   HIP08    00000000 HISI 20151124)
Dec  2 13:45:01 ubuntu kernel: [    0.000000] ACPI: SDEI 0x000000002F550000 000030 (v01 HISI   HIP08    00000000 HISI 20151124)
Dec  2 13:45:01 ubuntu kernel: [    0.000000] ACPI: APIC 0x000000002F540000 001E6C (v04 HISI   HIP08    00000000 HISI 20151124)
Dec  2 13:45:01 ubuntu kernel: [    0.000000] ACPI: IORT 0x000000002F520000 001678 (v00 HISI   HIP08    00000000 INTL 20181213)
Dec  2 13:45:01 ubuntu kernel: [    0.000000] ACPI: PPTT 0x000000002ECE0000 0031B0 (v01 HISI   HIP08    00000000 HISI 20151124)
Dec  2 13:45:01 ubuntu kernel: [    0.000000] ACPI: SPMI 0x000000002ECD0000 000041 (v05 HISI   HIP08    00000000 HISI 20151124)
Dec  2 13:45:01 ubuntu kernel: [    0.000000] ACPI: SRAT: Node 0 PXM 0 [mem 0x2080000000-0x27ffffffff]
Dec  2 13:45:01 ubuntu kernel: [    0.000000] ACPI: SRAT: Node 1 PXM 1 [mem 0x2800000000-0x2fffffffff]
Dec  2 13:45:01 ubuntu kernel: [    0.000000] ACPI: SRAT: Node 0 PXM 0 [mem 0x00000000-0x7fffffff]
Dec  2 13:45:01 ubuntu kernel: [    0.000000] ACPI: SRAT: Node 2 PXM 2 [mem 0x202000000000-0x2027ffffffff]
Dec  2 13:45:01 ubuntu kernel: [    0.000000] ACPI: SRAT: Node 3 PXM 3 [mem 0x202800000000-0x202fffffffff]
Dec  2 13:45:01 ubuntu kernel: [    0.000000] NUMA: NODE_DATA [mem 0x27ffffc300-0x27ffffffff]
Dec  2 13:45:01 ubuntu kernel: [    0.000000] NUMA: NODE_DATA [mem 0x2fffffc300-0x2fffffffff]
Dec  2 13:45:01 ubuntu kernel: [    0.000000] NUMA: NODE_DATA [mem 0x2027ffffc300-0x2027ffffffff]
Dec  2 13:45:01 ubuntu kernel: [    0.000000] NUMA: NODE_DATA [mem 0x202ff0000300-0x202ff0003fff]
Dec  2 13:45:01 ubuntu kernel: [    0.000000] Zone ranges:
Dec  2 13:45:01 ubuntu kernel: [    0.000000]   DMA      [mem 0x0000000000000000-0x000000003fffffff]
Dec  2 13:45:01 ubuntu kernel: [    0.000000]   DMA32    [mem 0x0000000040000000-0x00000000ffffffff]
Dec  2 13:45:01 ubuntu kernel: [    0.000000]   Normal   [mem 0x0000000100000000-0x0000202fffffffff]
Dec  2 13:45:01 ubuntu kernel: [    0.000000] Movable zone start for each node
Dec  2 13:45:01 ubuntu kernel: [    0.000000] Early memory node ranges
Dec  2 13:45:01 ubuntu kernel: [    0.000000]   node   0: [mem 0x0000000000000000-0x000000000000ffff]
Dec  2 13:45:01 ubuntu kernel: [    0.000000]   node   0: [mem 0x0000000000010000-0x000000002e514fff]
Dec  2 13:45:01 ubuntu kernel: [    0.000000]   node   0: [mem 0x000000002e515000-0x000000002eccffff]
Dec  2 13:45:01 ubuntu kernel: [    0.000000]   node   0: [mem 0x000000002ecd0000-0x000000002f59ffff]
Dec  2 13:45:01 ubuntu kernel: [    0.000000]   node   0: [mem 0x000000002f5a0000-0x000000002f78ffff]
Dec  2 13:45:01 ubuntu kernel: [    0.000000]   node   0: [mem 0x000000002f790000-0x000000002f79ffff]
Dec  2 13:45:01 ubuntu kernel: [    0.000000]   node   0: [mem 0x000000002f7a0000-0x000000002f87ffff]
Dec  2 13:45:01 ubuntu kernel: [    0.000000]   node   0: [mem 0x000000002f880000-0x000000002f8bffff]
Dec  2 13:45:01 ubuntu kernel: [    0.000000]   node   0: [mem 0x000000002f8c0000-0x000000002f95ffff]
Dec  2 13:45:01 ubuntu kernel: [    0.000000]   node   0: [mem 0x000000002f960000-0x000000002f97ffff]
Dec  2 13:45:01 ubuntu kernel: [    0.000000]   node   0: [mem 0x000000002f980000-0x000000002fabffff]
Dec  2 13:45:01 ubuntu kernel: [    0.000000]   node   0: [mem 0x000000002fac0000-0x000000002fb6ffff]
Dec  2 13:45:01 ubuntu kernel: [    0.000000]   node   0: [mem 0x000000002fb70000-0x000000002fb71fff]
Dec  2 13:45:01 ubuntu kernel: [    0.000000]   node   0: [mem 0x000000002fb72000-0x000000002fb7ffff]
Dec  2 13:45:01 ubuntu kernel: [    0.000000]   node   0: [mem 0x000000002fb80000-0x000000002fb80fff]
Dec  2 13:45:01 ubuntu kernel: [    0.000000]   node   0: [mem 0x000000002fb81000-0x000000002fb8ffff]
Dec  2 13:45:01 ubuntu kernel: [    0.000000]   node   0: [mem 0x000000002fb90000-0x000000002fb91fff]
Dec  2 13:45:01 ubuntu kernel: [    0.000000]   node   0: [mem 0x000000002fb92000-0x000000002fbaffff]
Dec  2 13:45:01 ubuntu kernel: [    0.000000]   node   0: [mem 0x000000002fbb0000-0x000000002fbb1fff]
Dec  2 13:45:01 ubuntu kernel: [    0.000000]   node   0: [mem 0x000000002fbb2000-0x000000002fbcffff]
Dec  2 13:45:01 ubuntu kernel: [    0.000000]   node   0: [mem 0x000000002fbd0000-0x000000002fbd0fff]
Dec  2 13:45:01 ubuntu kernel: [    0.000000]   node   0: [mem 0x000000002fbd1000-0x000000002fbdffff]
Dec  2 13:45:01 ubuntu kernel: [    0.000000]   node   0: [mem 0x000000002fbe0000-0x000000002fbfffff]
Dec  2 13:45:01 ubuntu kernel: [    0.000000]   node   0: [mem 0x000000002fc00000-0x000000002fc5ffff]
Dec  2 13:45:01 ubuntu kernel: [    0.000000]   node   0: [mem 0x000000002fc60000-0x000000002fe5ffff]
Dec  2 13:45:01 ubuntu kernel: [    0.000000]   node   0: [mem 0x000000002fe60000-0x000000002fe60fff]
Dec  2 13:45:01 ubuntu kernel: [    0.000000]   node   0: [mem 0x000000002fe61000-0x000000002fe64fff]
Dec  2 13:45:01 ubuntu kernel: [    0.000000]   node   0: [mem 0x000000002fe65000-0x000000002fe6afff]
Dec  2 13:45:01 ubuntu kernel: [    0.000000]   node   0: [mem 0x000000002fe6b000-0x000000002fe6bfff]
Dec  2 13:45:01 ubuntu kernel: [    0.000000]   node   0: [mem 0x000000002fe6c000-0x000000003f02ffff]
Dec  2 13:45:01 ubuntu kernel: [    0.000000]   node   0: [mem 0x000000003f030000-0x000000003f05ffff]
Dec  2 13:45:01 ubuntu kernel: [    0.000000]   node   0: [mem 0x000000003f060000-0x000000003fbfffff]
Dec  2 13:45:01 ubuntu kernel: [    0.000000]   node   0: [mem 0x0000000040000000-0x0000000043ffffff]
Dec  2 13:45:01 ubuntu kernel: [    0.000000]   node   0: [mem 0x0000000044030000-0x000000004fffffff]
Dec  2 13:45:01 ubuntu kernel: [    0.000000]   node   0: [mem 0x0000000050000000-0x000000007fffffff]
Dec  2 13:45:01 ubuntu kernel: [    0.000000]   node   0: [mem 0x0000002080000000-0x00000027ffffffff]
Dec  2 13:45:01 ubuntu kernel: [    0.000000]   node   1: [mem 0x0000002800000000-0x0000002fffffffff]
Dec  2 13:45:01 ubuntu kernel: [    0.000000]   node   2: [mem 0x0000202000000000-0x00002027ffffffff]
Dec  2 13:45:01 ubuntu kernel: [    0.000000]   node   3: [mem 0x0000202800000000-0x0000202fffffffff]
Dec  2 13:45:01 ubuntu kernel: [    0.000000] Zeroed struct page in unavailable ranges: 795 pages
Dec  2 13:45:01 ubuntu kernel: [    0.000000] Initmem setup node 0 [mem 0x0000000000000000-0x00000027ffffffff]
Dec  2 13:45:01 ubuntu kernel: [    0.000000] On node 0 totalpages: 8387536
Dec  2 13:45:01 ubuntu kernel: [    0.000000]   DMA zone: 5120 pages used for memmap
Dec  2 13:45:01 ubuntu kernel: [    0.000000]   DMA zone: 0 pages reserved
Dec  2 13:45:01 ubuntu kernel: [    0.000000]   DMA zone: 261120 pages, LIFO batch:63
Dec  2 13:45:01 ubuntu kernel: [    0.000000]   DMA32 zone: 5120 pages used for memmap
Dec  2 13:45:01 ubuntu kernel: [    0.000000]   DMA32 zone: 262096 pages, LIFO batch:63
Dec  2 13:45:01 ubuntu kernel: [    0.000000]   Normal zone: 153600 pages used for memmap
Dec  2 13:45:01 ubuntu kernel: [    0.000000]   Normal zone: 7864320 pages, LIFO batch:63
Dec  2 13:45:01 ubuntu kernel: [    0.000000] Initmem setup node 1 [mem 0x0000002800000000-0x0000002fffffffff]
Dec  2 13:45:01 ubuntu kernel: [    0.000000] On node 1 totalpages: 8388608
Dec  2 13:45:01 ubuntu kernel: [    0.000000]   Normal zone: 163840 pages used for memmap
Dec  2 13:45:01 ubuntu kernel: [    0.000000]   Normal zone: 8388608 pages, LIFO batch:63
Dec  2 13:45:01 ubuntu kernel: [    0.000000] Initmem setup node 2 [mem 0x0000202000000000-0x00002027ffffffff]
Dec  2 13:45:01 ubuntu kernel: [    0.000000] On node 2 totalpages: 8388608
Dec  2 13:45:01 ubuntu kernel: [    0.000000]   Normal zone: 163840 pages used for memmap
Dec  2 13:45:01 ubuntu kernel: [    0.000000]   Normal zone: 8388608 pages, LIFO batch:63
Dec  2 13:45:01 ubuntu kernel: [    0.000000] Initmem setup node 3 [mem 0x0000202800000000-0x0000202fffffffff]
Dec  2 13:45:01 ubuntu kernel: [    0.000000] On node 3 totalpages: 8388608
Dec  2 13:45:01 ubuntu kernel: [    0.000000]   Normal zone: 163840 pages used for memmap
Dec  2 13:45:01 ubuntu kernel: [    0.000000]   Normal zone: 8388608 pages, LIFO batch:63
Dec  2 13:45:01 ubuntu kernel: [    0.000000] psci: probing for conduit method from ACPI.
Dec  2 13:45:01 ubuntu kernel: [    0.000000] psci: PSCIv1.1 detected in firmware.
Dec  2 13:45:01 ubuntu kernel: [    0.000000] psci: Using standard PSCI v0.2 function IDs
Dec  2 13:45:01 ubuntu kernel: [    0.000000] psci: MIGRATE_INFO_TYPE not supported.
Dec  2 13:45:01 ubuntu kernel: [    0.000000] psci: SMC Calling Convention v1.1
Dec  2 13:45:01 ubuntu kernel: [    0.000000] ACPI: NUMA: SRAT: PXM 0 -> MPIDR 0x80000 -> Node 0
Dec  2 13:45:01 ubuntu kernel: [    0.000000] ACPI: NUMA: SRAT: PXM 0 -> MPIDR 0x80100 -> Node 0
Dec  2 13:45:01 ubuntu kernel: [    0.000000] ACPI: NUMA: SRAT: PXM 0 -> MPIDR 0x80200 -> Node 0
Dec  2 13:45:01 ubuntu kernel: [    0.000000] ACPI: NUMA: SRAT: PXM 0 -> MPIDR 0x80300 -> Node 0
Dec  2 13:45:01 ubuntu kernel: [    0.000000] ACPI: NUMA: SRAT: PXM 0 -> MPIDR 0x90000 -> Node 0
Dec  2 13:45:01 ubuntu kernel: [    0.000000] ACPI: NUMA: SRAT: PXM 0 -> MPIDR 0x90100 -> Node 0
Dec  2 13:45:01 ubuntu kernel: [    0.000000] ACPI: NUMA: SRAT: PXM 0 -> MPIDR 0x90200 -> Node 0
Dec  2 13:45:01 ubuntu kernel: [    0.000000] ACPI: NUMA: SRAT: PXM 0 -> MPIDR 0x90300 -> Node 0
Dec  2 13:45:01 ubuntu kernel: [    0.000000] ACPI: NUMA: SRAT: PXM 0 -> MPIDR 0xa0000 -> Node 0
Dec  2 13:45:01 ubuntu kernel: [    0.000000] ACPI: NUMA: SRAT: PXM 0 -> MPIDR 0xa0100 -> Node 0
Dec  2 13:45:01 ubuntu kernel: [    0.000000] ACPI: NUMA: SRAT: PXM 0 -> MPIDR 0xa0200 -> Node 0
Dec  2 13:45:01 ubuntu kernel: [    0.000000] ACPI: NUMA: SRAT: PXM 0 -> MPIDR 0xa0300 -> Node 0
Dec  2 13:45:01 ubuntu kernel: [    0.000000] ACPI: NUMA: SRAT: PXM 0 -> MPIDR 0xb0000 -> Node 0
Dec  2 13:45:01 ubuntu kernel: [    0.000000] ACPI: NUMA: SRAT: PXM 0 -> MPIDR 0xb0100 -> Node 0
Dec  2 13:45:01 ubuntu kernel: [    0.000000] ACPI: NUMA: SRAT: PXM 0 -> MPIDR 0xb0200 -> Node 0
Dec  2 13:45:01 ubuntu kernel: [    0.000000] ACPI: NUMA: SRAT: PXM 0 -> MPIDR 0xb0300 -> Node 0
Dec  2 13:45:01 ubuntu kernel: [    0.000000] ACPI: NUMA: SRAT: PXM 0 -> MPIDR 0xc0000 -> Node 0
Dec  2 13:45:01 ubuntu kernel: [    0.000000] ACPI: NUMA: SRAT: PXM 0 -> MPIDR 0xc0100 -> Node 0
Dec  2 13:45:01 ubuntu kernel: [    0.000000] ACPI: NUMA: SRAT: PXM 0 -> MPIDR 0xc0200 -> Node 0
Dec  2 13:45:01 ubuntu kernel: [    0.000000] ACPI: NUMA: SRAT: PXM 0 -> MPIDR 0xc0300 -> Node 0
Dec  2 13:45:01 ubuntu kernel: [    0.000000] ACPI: NUMA: SRAT: PXM 0 -> MPIDR 0xd0000 -> Node 0
Dec  2 13:45:01 ubuntu kernel: [    0.000000] ACPI: NUMA: SRAT: PXM 0 -> MPIDR 0xd0100 -> Node 0
Dec  2 13:45:01 ubuntu kernel: [    0.000000] ACPI: NUMA: SRAT: PXM 0 -> MPIDR 0xd0200 -> Node 0
Dec  2 13:45:01 ubuntu kernel: [    0.000000] ACPI: NUMA: SRAT: PXM 0 -> MPIDR 0xd0300 -> Node 0
Dec  2 13:45:01 ubuntu kernel: [    0.000000] ACPI: NUMA: SRAT: PXM 1 -> MPIDR 0x180000 -> Node 1
Dec  2 13:45:01 ubuntu kernel: [    0.000000] ACPI: NUMA: SRAT: PXM 1 -> MPIDR 0x180100 -> Node 1
Dec  2 13:45:01 ubuntu kernel: [    0.000000] ACPI: NUMA: SRAT: PXM 1 -> MPIDR 0x180200 -> Node 1
Dec  2 13:45:01 ubuntu kernel: [    0.000000] ACPI: NUMA: SRAT: PXM 1 -> MPIDR 0x180300 -> Node 1
Dec  2 13:45:01 ubuntu kernel: [    0.000000] ACPI: NUMA: SRAT: PXM 1 -> MPIDR 0x190000 -> Node 1
Dec  2 13:45:01 ubuntu kernel: [    0.000000] ACPI: NUMA: SRAT: PXM 1 -> MPIDR 0x190100 -> Node 1
Dec  2 13:45:01 ubuntu kernel: [    0.000000] ACPI: NUMA: SRAT: PXM 1 -> MPIDR 0x190200 -> Node 1
Dec  2 13:45:01 ubuntu kernel: [    0.000000] ACPI: NUMA: SRAT: PXM 1 -> MPIDR 0x190300 -> Node 1
Dec  2 13:45:01 ubuntu kernel: [    0.000000] ACPI: NUMA: SRAT: PXM 1 -> MPIDR 0x1a0000 -> Node 1
Dec  2 13:45:01 ubuntu kernel: [    0.000000] ACPI: NUMA: SRAT: PXM 1 -> MPIDR 0x1a0100 -> Node 1
Dec  2 13:45:01 ubuntu kernel: [    0.000000] ACPI: NUMA: SRAT: PXM 1 -> MPIDR 0x1a0200 -> Node 1
Dec  2 13:45:01 ubuntu kernel: [    0.000000] ACPI: NUMA: SRAT: PXM 1 -> MPIDR 0x1a0300 -> Node 1
Dec  2 13:45:01 ubuntu kernel: [    0.000000] ACPI: NUMA: SRAT: PXM 1 -> MPIDR 0x1b0000 -> Node 1
Dec  2 13:45:01 ubuntu kernel: [    0.000000] ACPI: NUMA: SRAT: PXM 1 -> MPIDR 0x1b0100 -> Node 1
Dec  2 13:45:01 ubuntu kernel: [    0.000000] ACPI: NUMA: SRAT: PXM 1 -> MPIDR 0x1b0200 -> Node 1
Dec  2 13:45:01 ubuntu kernel: [    0.000000] ACPI: NUMA: SRAT: PXM 1 -> MPIDR 0x1b0300 -> Node 1
Dec  2 13:45:01 ubuntu kernel: [    0.000000] ACPI: NUMA: SRAT: PXM 1 -> MPIDR 0x1c0000 -> Node 1
Dec  2 13:45:01 ubuntu kernel: [    0.000000] ACPI: NUMA: SRAT: PXM 1 -> MPIDR 0x1c0100 -> Node 1
Dec  2 13:45:01 ubuntu kernel: [    0.000000] ACPI: NUMA: SRAT: PXM 1 -> MPIDR 0x1c0200 -> Node 1
Dec  2 13:45:01 ubuntu kernel: [    0.000000] ACPI: NUMA: SRAT: PXM 1 -> MPIDR 0x1c0300 -> Node 1
Dec  2 13:45:01 ubuntu kernel: [    0.000000] ACPI: NUMA: SRAT: PXM 1 -> MPIDR 0x1d0000 -> Node 1
Dec  2 13:45:01 ubuntu kernel: [    0.000000] ACPI: NUMA: SRAT: PXM 1 -> MPIDR 0x1d0100 -> Node 1
Dec  2 13:45:01 ubuntu kernel: [    0.000000] ACPI: NUMA: SRAT: PXM 1 -> MPIDR 0x1d0200 -> Node 1
Dec  2 13:45:01 ubuntu kernel: [    0.000000] ACPI: NUMA: SRAT: PXM 1 -> MPIDR 0x1d0300 -> Node 1
Dec  2 13:45:01 ubuntu kernel: [    0.000000] ACPI: NUMA: SRAT: PXM 2 -> MPIDR 0x280000 -> Node 2
Dec  2 13:45:01 ubuntu kernel: [    0.000000] ACPI: NUMA: SRAT: PXM 2 -> MPIDR 0x280100 -> Node 2
Dec  2 13:45:01 ubuntu kernel: [    0.000000] ACPI: NUMA: SRAT: PXM 2 -> MPIDR 0x280200 -> Node 2
Dec  2 13:45:01 ubuntu kernel: [    0.000000] ACPI: NUMA: SRAT: PXM 2 -> MPIDR 0x280300 -> Node 2
Dec  2 13:45:01 ubuntu kernel: [    0.000000] ACPI: NUMA: SRAT: PXM 2 -> MPIDR 0x290000 -> Node 2
Dec  2 13:45:01 ubuntu kernel: [    0.000000] ACPI: NUMA: SRAT: PXM 2 -> MPIDR 0x290100 -> Node 2
Dec  2 13:45:01 ubuntu kernel: [    0.000000] ACPI: NUMA: SRAT: PXM 2 -> MPIDR 0x290200 -> Node 2
Dec  2 13:45:01 ubuntu kernel: [    0.000000] ACPI: NUMA: SRAT: PXM 2 -> MPIDR 0x290300 -> Node 2
Dec  2 13:45:01 ubuntu kernel: [    0.000000] ACPI: NUMA: SRAT: PXM 2 -> MPIDR 0x2a0000 -> Node 2
Dec  2 13:45:01 ubuntu kernel: [    0.000000] ACPI: NUMA: SRAT: PXM 2 -> MPIDR 0x2a0100 -> Node 2
Dec  2 13:45:01 ubuntu kernel: [    0.000000] ACPI: NUMA: SRAT: PXM 2 -> MPIDR 0x2a0200 -> Node 2
Dec  2 13:45:01 ubuntu kernel: [    0.000000] ACPI: NUMA: SRAT: PXM 2 -> MPIDR 0x2a0300 -> Node 2
Dec  2 13:45:01 ubuntu kernel: [    0.000000] ACPI: NUMA: SRAT: PXM 2 -> MPIDR 0x2b0000 -> Node 2
Dec  2 13:45:01 ubuntu kernel: [    0.000000] ACPI: NUMA: SRAT: PXM 2 -> MPIDR 0x2b0100 -> Node 2
Dec  2 13:45:01 ubuntu kernel: [    0.000000] ACPI: NUMA: SRAT: PXM 2 -> MPIDR 0x2b0200 -> Node 2
Dec  2 13:45:01 ubuntu kernel: [    0.000000] ACPI: NUMA: SRAT: PXM 2 -> MPIDR 0x2b0300 -> Node 2
Dec  2 13:45:01 ubuntu kernel: [    0.000000] ACPI: NUMA: SRAT: PXM 2 -> MPIDR 0x2c0000 -> Node 2
Dec  2 13:45:01 ubuntu kernel: [    0.000000] ACPI: NUMA: SRAT: PXM 2 -> MPIDR 0x2c0100 -> Node 2
Dec  2 13:45:01 ubuntu kernel: [    0.000000] ACPI: NUMA: SRAT: PXM 2 -> MPIDR 0x2c0200 -> Node 2
Dec  2 13:45:01 ubuntu kernel: [    0.000000] ACPI: NUMA: SRAT: PXM 2 -> MPIDR 0x2c0300 -> Node 2
Dec  2 13:45:01 ubuntu kernel: [    0.000000] ACPI: NUMA: SRAT: PXM 2 -> MPIDR 0x2d0000 -> Node 2
Dec  2 13:45:01 ubuntu kernel: [    0.000000] ACPI: NUMA: SRAT: PXM 2 -> MPIDR 0x2d0100 -> Node 2
Dec  2 13:45:01 ubuntu kernel: [    0.000000] ACPI: NUMA: SRAT: PXM 2 -> MPIDR 0x2d0200 -> Node 2
Dec  2 13:45:01 ubuntu kernel: [    0.000000] ACPI: NUMA: SRAT: PXM 2 -> MPIDR 0x2d0300 -> Node 2
Dec  2 13:45:01 ubuntu kernel: [    0.000000] ACPI: NUMA: SRAT: PXM 3 -> MPIDR 0x380000 -> Node 3
Dec  2 13:45:01 ubuntu kernel: [    0.000000] ACPI: NUMA: SRAT: PXM 3 -> MPIDR 0x380100 -> Node 3
Dec  2 13:45:01 ubuntu kernel: [    0.000000] ACPI: NUMA: SRAT: PXM 3 -> MPIDR 0x380200 -> Node 3
Dec  2 13:45:01 ubuntu kernel: [    0.000000] ACPI: NUMA: SRAT: PXM 3 -> MPIDR 0x380300 -> Node 3
Dec  2 13:45:01 ubuntu kernel: [    0.000000] ACPI: NUMA: SRAT: PXM 3 -> MPIDR 0x390000 -> Node 3
Dec  2 13:45:01 ubuntu kernel: [    0.000000] ACPI: NUMA: SRAT: PXM 3 -> MPIDR 0x390100 -> Node 3
Dec  2 13:45:01 ubuntu kernel: [    0.000000] ACPI: NUMA: SRAT: PXM 3 -> MPIDR 0x390200 -> Node 3
Dec  2 13:45:01 ubuntu kernel: [    0.000000] ACPI: NUMA: SRAT: PXM 3 -> MPIDR 0x390300 -> Node 3
Dec  2 13:45:01 ubuntu kernel: [    0.000000] ACPI: NUMA: SRAT: PXM 3 -> MPIDR 0x3a0000 -> Node 3
Dec  2 13:45:01 ubuntu kernel: [    0.000000] ACPI: NUMA: SRAT: PXM 3 -> MPIDR 0x3a0100 -> Node 3
Dec  2 13:45:01 ubuntu kernel: [    0.000000] ACPI: NUMA: SRAT: PXM 3 -> MPIDR 0x3a0200 -> Node 3
Dec  2 13:45:01 ubuntu kernel: [    0.000000] ACPI: NUMA: SRAT: PXM 3 -> MPIDR 0x3a0300 -> Node 3
Dec  2 13:45:01 ubuntu kernel: [    0.000000] ACPI: NUMA: SRAT: PXM 3 -> MPIDR 0x3b0000 -> Node 3
Dec  2 13:45:01 ubuntu kernel: [    0.000000] ACPI: NUMA: SRAT: PXM 3 -> MPIDR 0x3b0100 -> Node 3
Dec  2 13:45:01 ubuntu kernel: [    0.000000] ACPI: NUMA: SRAT: PXM 3 -> MPIDR 0x3b0200 -> Node 3
Dec  2 13:45:01 ubuntu kernel: [    0.000000] ACPI: NUMA: SRAT: PXM 3 -> MPIDR 0x3b0300 -> Node 3
Dec  2 13:45:01 ubuntu kernel: [    0.000000] ACPI: NUMA: SRAT: PXM 3 -> MPIDR 0x3c0000 -> Node 3
Dec  2 13:45:01 ubuntu kernel: [    0.000000] ACPI: NUMA: SRAT: PXM 3 -> MPIDR 0x3c0100 -> Node 3
Dec  2 13:45:01 ubuntu kernel: [    0.000000] ACPI: NUMA: SRAT: PXM 3 -> MPIDR 0x3c0200 -> Node 3
Dec  2 13:45:01 ubuntu kernel: [    0.000000] ACPI: NUMA: SRAT: PXM 3 -> MPIDR 0x3c0300 -> Node 3
Dec  2 13:45:01 ubuntu kernel: [    0.000000] ACPI: NUMA: SRAT: PXM 3 -> MPIDR 0x3d0000 -> Node 3
Dec  2 13:45:01 ubuntu kernel: [    0.000000] ACPI: NUMA: SRAT: PXM 3 -> MPIDR 0x3d0100 -> Node 3
Dec  2 13:45:01 ubuntu kernel: [    0.000000] ACPI: NUMA: SRAT: PXM 3 -> MPIDR 0x3d0200 -> Node 3
Dec  2 13:45:01 ubuntu kernel: [    0.000000] ACPI: NUMA: SRAT: PXM 3 -> MPIDR 0x3d0300 -> Node 3
Dec  2 13:45:01 ubuntu kernel: [    0.000000] percpu: Embedded 33 pages/cpu s94616 r8192 d32360 u135168
Dec  2 13:45:01 ubuntu kernel: [    0.000000] pcpu-alloc: s94616 r8192 d32360 u135168 alloc=33*4096
Dec  2 13:45:01 ubuntu kernel: [    0.000000] pcpu-alloc: [0] 00 [0] 01 [0] 02 [0] 03 [0] 04 [0] 05 [0] 06 [0] 07 
Dec  2 13:45:01 ubuntu kernel: [    0.000000] pcpu-alloc: [0] 08 [0] 09 [0] 10 [0] 11 [0] 12 [0] 13 [0] 14 [0] 15 
Dec  2 13:45:01 ubuntu kernel: [    0.000000] pcpu-alloc: [0] 16 [0] 17 [0] 18 [0] 19 [0] 20 [0] 21 [0] 22 [0] 23 
Dec  2 13:45:01 ubuntu kernel: [    0.000000] pcpu-alloc: [1] 24 [1] 25 [1] 26 [1] 27 [1] 28 [1] 29 [1] 30 [1] 31 
Dec  2 13:45:01 ubuntu kernel: [    0.000000] pcpu-alloc: [1] 32 [1] 33 [1] 34 [1] 35 [1] 36 [1] 37 [1] 38 [1] 39 
Dec  2 13:45:01 ubuntu kernel: [    0.000000] pcpu-alloc: [1] 40 [1] 41 [1] 42 [1] 43 [1] 44 [1] 45 [1] 46 [1] 47 
Dec  2 13:45:01 ubuntu kernel: [    0.000000] pcpu-alloc: [2] 48 [2] 49 [2] 50 [2] 51 [2] 52 [2] 53 [2] 54 [2] 55 
Dec  2 13:45:01 ubuntu kernel: [    0.000000] pcpu-alloc: [2] 56 [2] 57 [2] 58 [2] 59 [2] 60 [2] 61 [2] 62 [2] 63 
Dec  2 13:45:01 ubuntu kernel: [    0.000000] pcpu-alloc: [2] 64 [2] 65 [2] 66 [2] 67 [2] 68 [2] 69 [2] 70 [2] 71 
Dec  2 13:45:01 ubuntu kernel: [    0.000000] pcpu-alloc: [3] 72 [3] 73 [3] 74 [3] 75 [3] 76 [3] 77 [3] 78 [3] 79 
Dec  2 13:45:01 ubuntu kernel: [    0.000000] pcpu-alloc: [3] 80 [3] 81 [3] 82 [3] 83 [3] 84 [3] 85 [3] 86 [3] 87 
Dec  2 13:45:01 ubuntu kernel: [    0.000000] pcpu-alloc: [3] 88 [3] 89 [3] 90 [3] 91 [3] 92 [3] 93 [3] 94 [3] 95 
Dec  2 13:45:01 ubuntu kernel: [    0.000000] Detected VIPT I-cache on CPU0
Dec  2 13:45:01 ubuntu kernel: [    0.000000] CPU features: detected: GIC system register CPU interface
Dec  2 13:45:01 ubuntu kernel: [    0.000000] CPU features: detected: Virtualization Host Extensions
Dec  2 13:45:01 ubuntu kernel: [    0.000000] CPU features: detected: Hardware dirty bit management
Dec  2 13:45:01 ubuntu kernel: [    0.000000] alternatives: patching kernel code
Dec  2 13:45:01 ubuntu kernel: [    0.000000] Built 4 zonelists, mobility grouping on.  Total pages: 32898000
Dec  2 13:45:01 ubuntu kernel: [    0.000000] Policy zone: Normal
Dec  2 13:45:01 ubuntu kernel: [    0.000000] Kernel command line: BOOT_IMAGE=/boot/vmlinuz-5.7.1 root=UUID=87f15ea3-75f7-4c9d-add6-30cc3fc19001 ro text
Dec  2 13:45:01 ubuntu kernel: [    0.000000] printk: log_buf_len individual max cpu contribution: 4096 bytes
Dec  2 13:45:01 ubuntu kernel: [    0.000000] printk: log_buf_len total cpu_extra contributions: 389120 bytes
Dec  2 13:45:01 ubuntu kernel: [    0.000000] printk: log_buf_len min size: 262144 bytes
Dec  2 13:45:01 ubuntu kernel: [    0.000000] printk: log_buf_len: 1048576 bytes
Dec  2 13:45:01 ubuntu kernel: [    0.000000] printk: early log buf free: 245796(93%)
Dec  2 13:45:01 ubuntu kernel: [    0.000000] mem auto-init: stack:off, heap alloc:on, heap free:off
Dec  2 13:45:01 ubuntu kernel: [    0.000000] software IO TLB: mapped [mem 0x3b030000-0x3f030000] (64MB)
Dec  2 13:45:01 ubuntu kernel: [    0.000000] Memory: 130841884K/134213440K available (14204K kernel code, 2354K rwdata, 6868K rodata, 7040K init, 1132K bss, 3338788K reserved, 32768K cma-reserved)
Dec  2 13:45:01 ubuntu kernel: [    0.000000] random: get_random_u64 called from __kmem_cache_create+0x54/0x5d8 with crng_init=0
Dec  2 13:45:01 ubuntu kernel: [    0.000000] SLUB: HWalign=64, Order=0-3, MinObjects=0, CPUs=96, Nodes=4
Dec  2 13:45:01 ubuntu kernel: [    0.000000] ftrace: allocating 46107 entries in 181 pages
Dec  2 13:45:01 ubuntu kernel: [    0.000000] ftrace: allocated 181 pages with 5 groups
Dec  2 13:45:01 ubuntu kernel: [    0.000000] rcu: Hierarchical RCU implementation.
Dec  2 13:45:01 ubuntu kernel: [    0.000000] rcu: 	RCU restricting CPUs from NR_CPUS=256 to nr_cpu_ids=96.
Dec  2 13:45:01 ubuntu kernel: [    0.000000] 	Tasks RCU enabled.
Dec  2 13:45:01 ubuntu kernel: [    0.000000] rcu: RCU calculated value of scheduler-enlistment delay is 25 jiffies.
Dec  2 13:45:01 ubuntu kernel: [    0.000000] rcu: Adjusting geometry for rcu_fanout_leaf=16, nr_cpu_ids=96
Dec  2 13:45:01 ubuntu kernel: [    0.000000] NR_IRQS: 64, nr_irqs: 64, preallocated irqs: 0
Dec  2 13:45:01 ubuntu kernel: [    0.000000] GICv3: GIC: Using split EOI/Deactivate mode
Dec  2 13:45:01 ubuntu kernel: [    0.000000] GICv3: 640 SPIs implemented
Dec  2 13:45:01 ubuntu kernel: [    0.000000] GICv3: 0 Extended SPIs implemented
Dec  2 13:45:01 ubuntu kernel: [    0.000000] GICv3: Distributor has no Range Selector support
Dec  2 13:45:01 ubuntu kernel: [    0.000000] GICv3: 16 PPIs implemented
Dec  2 13:45:01 ubuntu kernel: [    0.000000] GICv3: GICv4 features: DirectLPI 
Dec  2 13:45:01 ubuntu kernel: [    0.000000] GICv3: CPU0: found redistributor 80000 region 0:0x00000000ae100000
Dec  2 13:45:01 ubuntu kernel: [    0.000000] SRAT: PXM 0 -> ITS 0 -> Node 0
Dec  2 13:45:01 ubuntu kernel: [    0.000000] SRAT: PXM 2 -> ITS 1 -> Node 2
Dec  2 13:45:01 ubuntu kernel: [    0.000000] ITS [mem 0x202100000-0x20211ffff]
Dec  2 13:45:01 ubuntu kernel: [    0.000000] ITS@0x0000000202100000: Using ITS number 0
Dec  2 13:45:01 ubuntu kernel: [    0.000000] ITS@0x0000000202100000: allocated 65536 Devices @27ffb80000 (flat, esz 8, psz 16K, shr 1)
Dec  2 13:45:01 ubuntu kernel: [    0.000000] ITS@0x0000000202100000: allocated 65536 Virtual CPUs @27ff000000 (flat, esz 16, psz 4K, shr 1)
Dec  2 13:45:01 ubuntu kernel: [    0.000000] ITS@0x0000000202100000: allocated 256 Interrupt Collections @27ffb01000 (flat, esz 16, psz 4K, shr 1)
Dec  2 13:45:01 ubuntu kernel: [    0.000000] ITS [mem 0x200202100000-0x20020211ffff]
Dec  2 13:45:01 ubuntu kernel: [    0.000000] ITS@0x0000200202100000: Using ITS number 1
Dec  2 13:45:01 ubuntu kernel: [    0.000000] ITS@0x0000200202100000: allocated 65536 Devices @2027ff880000 (flat, esz 8, psz 16K, shr 1)
Dec  2 13:45:01 ubuntu kernel: [    0.000000] ITS@0x0000200202100000: allocated 65536 Virtual CPUs @2027ff900000 (flat, esz 16, psz 4K, shr 1)
Dec  2 13:45:01 ubuntu kernel: [    0.000000] ITS@0x0000200202100000: allocated 256 Interrupt Collections @2027ff801000 (flat, esz 16, psz 4K, shr 1)
Dec  2 13:45:01 ubuntu kernel: [    0.000000] GICv3: using LPI property table @0x00000027ffb20000
Dec  2 13:45:01 ubuntu kernel: [    0.000000] ITS: Using DirectLPI for VPE invalidation
Dec  2 13:45:01 ubuntu kernel: [    0.000000] ITS: Enabling GICv4 support
Dec  2 13:45:01 ubuntu kernel: [    0.000000] GICv3: CPU0: using allocated LPI pending table @0x00000027ffb30000
Dec  2 13:45:01 ubuntu kernel: [    0.000000] arch_timer: cp15 timer(s) running at 100.00MHz (phys).
Dec  2 13:45:01 ubuntu kernel: [    0.000000] clocksource: arch_sys_counter: mask: 0xffffffffffffff max_cycles: 0x171024e7e0, max_idle_ns: 440795205315 ns
Dec  2 13:45:01 ubuntu kernel: [    0.000001] sched_clock: 56 bits at 100MHz, resolution 10ns, wraps every 4398046511100ns
Dec  2 13:45:01 ubuntu kernel: [    0.000114] Console: colour dummy device 80x25
Dec  2 13:45:01 ubuntu kernel: [    0.000441] printk: console [tty0] enabled
Dec  2 13:45:01 ubuntu kernel: [    0.000503] mempolicy: Enabling automatic NUMA balancing. Configure with numa_balancing= or the kernel.numa_balancing sysctl
Dec  2 13:45:01 ubuntu kernel: [    0.000519] ACPI: Core revision 20200326
Dec  2 13:45:01 ubuntu kernel: [    0.000718] Calibrating delay loop (skipped), value calculated using timer frequency.. 200.00 BogoMIPS (lpj=400000)
Dec  2 13:45:01 ubuntu kernel: [    0.000723] pid_max: default: 98304 minimum: 768
Dec  2 13:45:01 ubuntu kernel: [    0.000798] LSM: Security Framework initializing
Dec  2 13:45:01 ubuntu kernel: [    0.000805] Yama: becoming mindful.
Dec  2 13:45:01 ubuntu kernel: [    0.000837] AppArmor: AppArmor initialized
Dec  2 13:45:01 ubuntu kernel: [    0.015517] Dentry cache hash table entries: 8388608 (order: 14, 67108864 bytes, vmalloc)
Dec  2 13:45:01 ubuntu kernel: [    0.022829] Inode-cache hash table entries: 4194304 (order: 13, 33554432 bytes, vmalloc)
Dec  2 13:45:01 ubuntu kernel: [    0.023099] Mount-cache hash table entries: 131072 (order: 8, 1048576 bytes, vmalloc)
Dec  2 13:45:01 ubuntu kernel: [    0.023329] Mountpoint-cache hash table entries: 131072 (order: 8, 1048576 bytes, vmalloc)
Dec  2 13:45:01 ubuntu kernel: [    0.025709] rcu: Hierarchical SRCU implementation.
Dec  2 13:45:01 ubuntu kernel: [    0.026180] Platform MSI: ITS@0x202100000 domain created
Dec  2 13:45:01 ubuntu kernel: [    0.026185] Platform MSI: ITS@0x200202100000 domain created
Dec  2 13:45:01 ubuntu kernel: [    0.026190] PCI/MSI: ITS@0x202100000 domain created
Dec  2 13:45:01 ubuntu kernel: [    0.026193] PCI/MSI: ITS@0x200202100000 domain created
Dec  2 13:45:01 ubuntu kernel: [    0.026206] Remapping and enabling EFI services.
Dec  2 13:45:01 ubuntu kernel: [    0.026406] efi: memattr: Entry attributes invalid: RO and XP bits both cleared
Dec  2 13:45:01 ubuntu kernel: [    0.026411] efi: memattr: ! 0x000000000000-0x00000000ffff [Runtime Code       |RUN|  |  |  |  |  |  |  |   |  |  |  |  ]
Dec  2 13:45:01 ubuntu kernel: [    0.027559] smp: Bringing up secondary CPUs ...
Dec  2 13:45:01 ubuntu kernel: [    0.057398] Detected VIPT I-cache on CPU1
Dec  2 13:45:01 ubuntu kernel: [    0.057404] GICv3: CPU1: found redistributor 80100 region 1:0x00000000ae140000
Dec  2 13:45:01 ubuntu kernel: [    0.057418] GICv3: CPU1: using allocated LPI pending table @0x00000027ffb40000
Dec  2 13:45:01 ubuntu kernel: [    0.057454] CPU1: Booted secondary processor 0x0000080100 [0x481fd010]
Dec  2 13:45:01 ubuntu kernel: [    0.089941] Detected VIPT I-cache on CPU2
Dec  2 13:45:01 ubuntu kernel: [    0.089945] GICv3: CPU2: found redistributor 80200 region 2:0x00000000ae180000
Dec  2 13:45:01 ubuntu kernel: [    0.089958] GICv3: CPU2: using allocated LPI pending table @0x00000027ffb50000
Dec  2 13:45:01 ubuntu kernel: [    0.089990] CPU2: Booted secondary processor 0x0000080200 [0x481fd010]
Dec  2 13:45:01 ubuntu kernel: [    0.122491] Detected VIPT I-cache on CPU3
Dec  2 13:45:01 ubuntu kernel: [    0.122495] GICv3: CPU3: found redistributor 80300 region 3:0x00000000ae1c0000
Dec  2 13:45:01 ubuntu kernel: [    0.122506] GICv3: CPU3: using allocated LPI pending table @0x00000027ffb60000
Dec  2 13:45:01 ubuntu kernel: [    0.122537] CPU3: Booted secondary processor 0x0000080300 [0x481fd010]
Dec  2 13:45:01 ubuntu kernel: [    0.155221] Detected VIPT I-cache on CPU4
Dec  2 13:45:01 ubuntu kernel: [    0.155228] GICv3: CPU4: found redistributor 90000 region 4:0x00000000ae200000
Dec  2 13:45:01 ubuntu kernel: [    0.155251] GICv3: CPU4: using allocated LPI pending table @0x00000027ffb70000
Dec  2 13:45:01 ubuntu kernel: [    0.155288] CPU4: Booted secondary processor 0x0000090000 [0x481fd010]
Dec  2 13:45:01 ubuntu kernel: [    0.187939] Detected VIPT I-cache on CPU5
Dec  2 13:45:01 ubuntu kernel: [    0.187944] GICv3: CPU5: found redistributor 90100 region 5:0x00000000ae240000
Dec  2 13:45:01 ubuntu kernel: [    0.187955] GICv3: CPU5: using allocated LPI pending table @0x00000027ff100000
Dec  2 13:45:01 ubuntu kernel: [    0.187987] CPU5: Booted secondary processor 0x0000090100 [0x481fd010]
Dec  2 13:45:01 ubuntu kernel: [    0.220661] Detected VIPT I-cache on CPU6
Dec  2 13:45:01 ubuntu kernel: [    0.220666] GICv3: CPU6: found redistributor 90200 region 6:0x00000000ae280000
Dec  2 13:45:01 ubuntu kernel: [    0.220678] GICv3: CPU6: using allocated LPI pending table @0x00000027ff110000
Dec  2 13:45:01 ubuntu kernel: [    0.220709] CPU6: Booted secondary processor 0x0000090200 [0x481fd010]
Dec  2 13:45:01 ubuntu kernel: [    0.253385] Detected VIPT I-cache on CPU7
Dec  2 13:45:01 ubuntu kernel: [    0.253390] GICv3: CPU7: found redistributor 90300 region 7:0x00000000ae2c0000
Dec  2 13:45:01 ubuntu kernel: [    0.253403] GICv3: CPU7: using allocated LPI pending table @0x00000027ff120000
Dec  2 13:45:01 ubuntu kernel: [    0.253434] CPU7: Booted secondary processor 0x0000090300 [0x481fd010]
Dec  2 13:45:01 ubuntu kernel: [    0.286287] Detected VIPT I-cache on CPU8
Dec  2 13:45:01 ubuntu kernel: [    0.286294] GICv3: CPU8: found redistributor a0000 region 8:0x00000000ae300000
Dec  2 13:45:01 ubuntu kernel: [    0.286311] GICv3: CPU8: using allocated LPI pending table @0x00000027ff130000
Dec  2 13:45:01 ubuntu kernel: [    0.286346] CPU8: Booted secondary processor 0x00000a0000 [0x481fd010]
Dec  2 13:45:01 ubuntu kernel: [    0.319180] Detected VIPT I-cache on CPU9
Dec  2 13:45:01 ubuntu kernel: [    0.319185] GICv3: CPU9: found redistributor a0100 region 9:0x00000000ae340000
Dec  2 13:45:01 ubuntu kernel: [    0.319198] GICv3: CPU9: using allocated LPI pending table @0x00000027ff140000
Dec  2 13:45:01 ubuntu kernel: [    0.319230] CPU9: Booted secondary processor 0x00000a0100 [0x481fd010]
Dec  2 13:45:01 ubuntu kernel: [    0.352077] Detected VIPT I-cache on CPU10
Dec  2 13:45:01 ubuntu kernel: [    0.352083] GICv3: CPU10: found redistributor a0200 region 10:0x00000000ae380000
Dec  2 13:45:01 ubuntu kernel: [    0.352097] GICv3: CPU10: using allocated LPI pending table @0x00000027ff150000
Dec  2 13:45:01 ubuntu kernel: [    0.352128] CPU10: Booted secondary processor 0x00000a0200 [0x481fd010]
Dec  2 13:45:01 ubuntu kernel: [    0.384974] Detected VIPT I-cache on CPU11
Dec  2 13:45:01 ubuntu kernel: [    0.384980] GICv3: CPU11: found redistributor a0300 region 11:0x00000000ae3c0000
Dec  2 13:45:01 ubuntu kernel: [    0.384994] GICv3: CPU11: using allocated LPI pending table @0x00000027ff160000
Dec  2 13:45:01 ubuntu kernel: [    0.385025] CPU11: Booted secondary processor 0x00000a0300 [0x481fd010]
Dec  2 13:45:01 ubuntu kernel: [    0.418049] Detected VIPT I-cache on CPU12
Dec  2 13:45:01 ubuntu kernel: [    0.418057] GICv3: CPU12: found redistributor b0000 region 12:0x00000000ae400000
Dec  2 13:45:01 ubuntu kernel: [    0.418076] GICv3: CPU12: using allocated LPI pending table @0x00000027ff170000
Dec  2 13:45:01 ubuntu kernel: [    0.418111] CPU12: Booted secondary processor 0x00000b0000 [0x481fd010]
Dec  2 13:45:01 ubuntu kernel: [    0.451116] Detected VIPT I-cache on CPU13
Dec  2 13:45:01 ubuntu kernel: [    0.451122] GICv3: CPU13: found redistributor b0100 region 13:0x00000000ae440000
Dec  2 13:45:01 ubuntu kernel: [    0.451136] GICv3: CPU13: using allocated LPI pending table @0x00000027ff180000
Dec  2 13:45:01 ubuntu kernel: [    0.451168] CPU13: Booted secondary processor 0x00000b0100 [0x481fd010]
Dec  2 13:45:01 ubuntu kernel: [    0.484187] Detected VIPT I-cache on CPU14
Dec  2 13:45:01 ubuntu kernel: [    0.484193] GICv3: CPU14: found redistributor b0200 region 14:0x00000000ae480000
Dec  2 13:45:01 ubuntu kernel: [    0.484206] GICv3: CPU14: using allocated LPI pending table @0x00000027ff190000
Dec  2 13:45:01 ubuntu kernel: [    0.484238] CPU14: Booted secondary processor 0x00000b0200 [0x481fd010]
Dec  2 13:45:01 ubuntu kernel: [    0.517258] Detected VIPT I-cache on CPU15
Dec  2 13:45:01 ubuntu kernel: [    0.517264] GICv3: CPU15: found redistributor b0300 region 15:0x00000000ae4c0000
Dec  2 13:45:01 ubuntu kernel: [    0.517279] GICv3: CPU15: using allocated LPI pending table @0x00000027ff1a0000
Dec  2 13:45:01 ubuntu kernel: [    0.517311] CPU15: Booted secondary processor 0x00000b0300 [0x481fd010]
Dec  2 13:45:01 ubuntu kernel: [    0.549812] Detected VIPT I-cache on CPU16
Dec  2 13:45:01 ubuntu kernel: [    0.549821] GICv3: CPU16: found redistributor c0000 region 16:0x00000000ae500000
Dec  2 13:45:01 ubuntu kernel: [    0.549840] GICv3: CPU16: using allocated LPI pending table @0x00000027ff1b0000
Dec  2 13:45:01 ubuntu kernel: [    0.549876] CPU16: Booted secondary processor 0x00000c0000 [0x481fd010]
Dec  2 13:45:01 ubuntu kernel: [    0.582358] Detected VIPT I-cache on CPU17
Dec  2 13:45:01 ubuntu kernel: [    0.582364] GICv3: CPU17: found redistributor c0100 region 17:0x00000000ae540000
Dec  2 13:45:01 ubuntu kernel: [    0.582378] GICv3: CPU17: using allocated LPI pending table @0x00000027ff1c0000
Dec  2 13:45:01 ubuntu kernel: [    0.582410] CPU17: Booted secondary processor 0x00000c0100 [0x481fd010]
Dec  2 13:45:01 ubuntu kernel: [    0.614908] Detected VIPT I-cache on CPU18
Dec  2 13:45:01 ubuntu kernel: [    0.614914] GICv3: CPU18: found redistributor c0200 region 18:0x00000000ae580000
Dec  2 13:45:01 ubuntu kernel: [    0.614928] GICv3: CPU18: using allocated LPI pending table @0x00000027ff1d0000
Dec  2 13:45:01 ubuntu kernel: [    0.614961] CPU18: Booted secondary processor 0x00000c0200 [0x481fd010]
Dec  2 13:45:01 ubuntu kernel: [    0.647458] Detected VIPT I-cache on CPU19
Dec  2 13:45:01 ubuntu kernel: [    0.647464] GICv3: CPU19: found redistributor c0300 region 19:0x00000000ae5c0000
Dec  2 13:45:01 ubuntu kernel: [    0.647478] GICv3: CPU19: using allocated LPI pending table @0x00000027ff1e0000
Dec  2 13:45:01 ubuntu kernel: [    0.647510] CPU19: Booted secondary processor 0x00000c0300 [0x481fd010]
Dec  2 13:45:01 ubuntu kernel: [    0.680185] Detected VIPT I-cache on CPU20
Dec  2 13:45:01 ubuntu kernel: [    0.680195] GICv3: CPU20: found redistributor d0000 region 20:0x00000000ae600000
Dec  2 13:45:01 ubuntu kernel: [    0.680215] GICv3: CPU20: using allocated LPI pending table @0x00000027ff1f0000
Dec  2 13:45:01 ubuntu kernel: [    0.680251] CPU20: Booted secondary processor 0x00000d0000 [0x481fd010]
Dec  2 13:45:01 ubuntu kernel: [    0.712905] Detected VIPT I-cache on CPU21
Dec  2 13:45:01 ubuntu kernel: [    0.712912] GICv3: CPU21: found redistributor d0100 region 21:0x00000000ae640000
Dec  2 13:45:01 ubuntu kernel: [    0.712927] GICv3: CPU21: using allocated LPI pending table @0x00000027ff200000
Dec  2 13:45:01 ubuntu kernel: [    0.712959] CPU21: Booted secondary processor 0x00000d0100 [0x481fd010]
Dec  2 13:45:01 ubuntu kernel: [    0.745629] Detected VIPT I-cache on CPU22
Dec  2 13:45:01 ubuntu kernel: [    0.745636] GICv3: CPU22: found redistributor d0200 region 22:0x00000000ae680000
Dec  2 13:45:01 ubuntu kernel: [    0.745650] GICv3: CPU22: using allocated LPI pending table @0x00000027ff210000
Dec  2 13:45:01 ubuntu kernel: [    0.745682] CPU22: Booted secondary processor 0x00000d0200 [0x481fd010]
Dec  2 13:45:01 ubuntu kernel: [    0.778352] Detected VIPT I-cache on CPU23
Dec  2 13:45:01 ubuntu kernel: [    0.778359] GICv3: CPU23: found redistributor d0300 region 23:0x00000000ae6c0000
Dec  2 13:45:01 ubuntu kernel: [    0.778373] GICv3: CPU23: using allocated LPI pending table @0x00000027ff220000
Dec  2 13:45:01 ubuntu kernel: [    0.778405] CPU23: Booted secondary processor 0x00000d0300 [0x481fd010]
Dec  2 13:45:01 ubuntu kernel: [    0.810917] Detected VIPT I-cache on CPU24
Dec  2 13:45:01 ubuntu kernel: [    0.810934] GICv3: CPU24: found redistributor 180000 region 24:0x00000000aa100000
Dec  2 13:45:01 ubuntu kernel: [    0.810971] GICv3: CPU24: using allocated LPI pending table @0x00000027ff230000
Dec  2 13:45:01 ubuntu kernel: [    0.811020] CPU24: Booted secondary processor 0x0000180000 [0x481fd010]
Dec  2 13:45:01 ubuntu kernel: [    0.843454] Detected VIPT I-cache on CPU25
Dec  2 13:45:01 ubuntu kernel: [    0.843464] GICv3: CPU25: found redistributor 180100 region 25:0x00000000aa140000
Dec  2 13:45:01 ubuntu kernel: [    0.843486] GICv3: CPU25: using allocated LPI pending table @0x00000027ff240000
Dec  2 13:45:01 ubuntu kernel: [    0.843524] CPU25: Booted secondary processor 0x0000180100 [0x481fd010]
Dec  2 13:45:01 ubuntu kernel: [    0.876004] Detected VIPT I-cache on CPU26
Dec  2 13:45:01 ubuntu kernel: [    0.876014] GICv3: CPU26: found redistributor 180200 region 26:0x00000000aa180000
Dec  2 13:45:01 ubuntu kernel: [    0.876031] GICv3: CPU26: using allocated LPI pending table @0x00000027ff250000
Dec  2 13:45:01 ubuntu kernel: [    0.876069] CPU26: Booted secondary processor 0x0000180200 [0x481fd010]
Dec  2 13:45:01 ubuntu kernel: [    0.908554] Detected VIPT I-cache on CPU27
Dec  2 13:45:01 ubuntu kernel: [    0.908563] GICv3: CPU27: found redistributor 180300 region 27:0x00000000aa1c0000
Dec  2 13:45:01 ubuntu kernel: [    0.908580] GICv3: CPU27: using allocated LPI pending table @0x00000027ff260000
Dec  2 13:45:01 ubuntu kernel: [    0.908617] CPU27: Booted secondary processor 0x0000180300 [0x481fd010]
Dec  2 13:45:01 ubuntu kernel: [    0.941286] Detected VIPT I-cache on CPU28
Dec  2 13:45:01 ubuntu kernel: [    0.941300] GICv3: CPU28: found redistributor 190000 region 28:0x00000000aa200000
Dec  2 13:45:01 ubuntu kernel: [    0.941327] GICv3: CPU28: using allocated LPI pending table @0x00000027ff270000
Dec  2 13:45:01 ubuntu kernel: [    0.941372] CPU28: Booted secondary processor 0x0000190000 [0x481fd010]
Dec  2 13:45:01 ubuntu kernel: [    0.974001] Detected VIPT I-cache on CPU29
Dec  2 13:45:01 ubuntu kernel: [    0.974011] GICv3: CPU29: found redistributor 190100 region 29:0x00000000aa240000
Dec  2 13:45:01 ubuntu kernel: [    0.974030] GICv3: CPU29: using allocated LPI pending table @0x00000027ff280000
Dec  2 13:45:01 ubuntu kernel: [    0.974067] CPU29: Booted secondary processor 0x0000190100 [0x481fd010]
Dec  2 13:45:01 ubuntu kernel: [    1.006725] Detected VIPT I-cache on CPU30
Dec  2 13:45:01 ubuntu kernel: [    1.006735] GICv3: CPU30: found redistributor 190200 region 30:0x00000000aa280000
Dec  2 13:45:01 ubuntu kernel: [    1.006752] GICv3: CPU30: using allocated LPI pending table @0x00000027ff290000
Dec  2 13:45:01 ubuntu kernel: [    1.006791] CPU30: Booted secondary processor 0x0000190200 [0x481fd010]
Dec  2 13:45:01 ubuntu kernel: [    1.039448] Detected VIPT I-cache on CPU31
Dec  2 13:45:01 ubuntu kernel: [    1.039459] GICv3: CPU31: found redistributor 190300 region 31:0x00000000aa2c0000
Dec  2 13:45:01 ubuntu kernel: [    1.039474] GICv3: CPU31: using allocated LPI pending table @0x00000027ff2a0000
Dec  2 13:45:01 ubuntu kernel: [    1.039512] CPU31: Booted secondary processor 0x0000190300 [0x481fd010]
Dec  2 13:45:01 ubuntu kernel: [    1.072352] Detected VIPT I-cache on CPU32
Dec  2 13:45:01 ubuntu kernel: [    1.072366] GICv3: CPU32: found redistributor 1a0000 region 32:0x00000000aa300000
Dec  2 13:45:01 ubuntu kernel: [    1.072389] GICv3: CPU32: using allocated LPI pending table @0x00000027ff2b0000
Dec  2 13:45:01 ubuntu kernel: [    1.072432] CPU32: Booted secondary processor 0x00001a0000 [0x481fd010]
Dec  2 13:45:01 ubuntu kernel: [    1.105243] Detected VIPT I-cache on CPU33
Dec  2 13:45:01 ubuntu kernel: [    1.105254] GICv3: CPU33: found redistributor 1a0100 region 33:0x00000000aa340000
Dec  2 13:45:01 ubuntu kernel: [    1.105275] GICv3: CPU33: using allocated LPI pending table @0x00000027ff2c0000
Dec  2 13:45:01 ubuntu kernel: [    1.105314] CPU33: Booted secondary processor 0x00001a0100 [0x481fd010]
Dec  2 13:45:01 ubuntu kernel: [    1.138140] Detected VIPT I-cache on CPU34
Dec  2 13:45:01 ubuntu kernel: [    1.138151] GICv3: CPU34: found redistributor 1a0200 region 34:0x00000000aa380000
Dec  2 13:45:01 ubuntu kernel: [    1.138171] GICv3: CPU34: using allocated LPI pending table @0x00000027ff2d0000
Dec  2 13:45:01 ubuntu kernel: [    1.138209] CPU34: Booted secondary processor 0x00001a0200 [0x481fd010]
Dec  2 13:45:01 ubuntu kernel: [    1.171037] Detected VIPT I-cache on CPU35
Dec  2 13:45:01 ubuntu kernel: [    1.171049] GICv3: CPU35: found redistributor 1a0300 region 35:0x00000000aa3c0000
Dec  2 13:45:01 ubuntu kernel: [    1.171068] GICv3: CPU35: using allocated LPI pending table @0x00000027ff2e0000
Dec  2 13:45:01 ubuntu kernel: [    1.171106] CPU35: Booted secondary processor 0x00001a0300 [0x481fd010]
Dec  2 13:45:01 ubuntu kernel: [    1.204114] Detected VIPT I-cache on CPU36
Dec  2 13:45:01 ubuntu kernel: [    1.204128] GICv3: CPU36: found redistributor 1b0000 region 36:0x00000000aa400000
Dec  2 13:45:01 ubuntu kernel: [    1.204154] GICv3: CPU36: using allocated LPI pending table @0x00000027ff2f0000
Dec  2 13:45:01 ubuntu kernel: [    1.204199] CPU36: Booted secondary processor 0x00001b0000 [0x481fd010]
Dec  2 13:45:01 ubuntu kernel: [    1.237179] Detected VIPT I-cache on CPU37
Dec  2 13:45:01 ubuntu kernel: [    1.237191] GICv3: CPU37: found redistributor 1b0100 region 37:0x00000000aa440000
Dec  2 13:45:01 ubuntu kernel: [    1.237213] GICv3: CPU37: using allocated LPI pending table @0x00000027ff300000
Dec  2 13:45:01 ubuntu kernel: [    1.237251] CPU37: Booted secondary processor 0x00001b0100 [0x481fd010]
Dec  2 13:45:01 ubuntu kernel: [    1.270249] Detected VIPT I-cache on CPU38
Dec  2 13:45:01 ubuntu kernel: [    1.270261] GICv3: CPU38: found redistributor 1b0200 region 38:0x00000000aa480000
Dec  2 13:45:01 ubuntu kernel: [    1.270278] GICv3: CPU38: using allocated LPI pending table @0x00000027ff310000
Dec  2 13:45:01 ubuntu kernel: [    1.270317] CPU38: Booted secondary processor 0x00001b0200 [0x481fd010]
Dec  2 13:45:01 ubuntu kernel: [    1.303320] Detected VIPT I-cache on CPU39
Dec  2 13:45:01 ubuntu kernel: [    1.303332] GICv3: CPU39: found redistributor 1b0300 region 39:0x00000000aa4c0000
Dec  2 13:45:01 ubuntu kernel: [    1.303348] GICv3: CPU39: using allocated LPI pending table @0x00000027ff320000
Dec  2 13:45:01 ubuntu kernel: [    1.303386] CPU39: Booted secondary processor 0x00001b0300 [0x481fd010]
Dec  2 13:45:01 ubuntu kernel: [    1.335876] Detected VIPT I-cache on CPU40
Dec  2 13:45:01 ubuntu kernel: [    1.335890] GICv3: CPU40: found redistributor 1c0000 region 40:0x00000000aa500000
Dec  2 13:45:01 ubuntu kernel: [    1.335914] GICv3: CPU40: using allocated LPI pending table @0x00000027ff330000
Dec  2 13:45:01 ubuntu kernel: [    1.335957] CPU40: Booted secondary processor 0x00001c0000 [0x481fd010]
Dec  2 13:45:01 ubuntu kernel: [    1.368421] Detected VIPT I-cache on CPU41
Dec  2 13:45:01 ubuntu kernel: [    1.368432] GICv3: CPU41: found redistributor 1c0100 region 41:0x00000000aa540000
Dec  2 13:45:01 ubuntu kernel: [    1.368449] GICv3: CPU41: using allocated LPI pending table @0x00000027ff340000
Dec  2 13:45:01 ubuntu kernel: [    1.368488] CPU41: Booted secondary processor 0x00001c0100 [0x481fd010]
Dec  2 13:45:01 ubuntu kernel: [    1.400970] Detected VIPT I-cache on CPU42
Dec  2 13:45:01 ubuntu kernel: [    1.400982] GICv3: CPU42: found redistributor 1c0200 region 42:0x00000000aa580000
Dec  2 13:45:01 ubuntu kernel: [    1.400998] GICv3: CPU42: using allocated LPI pending table @0x00000027ff350000
Dec  2 13:45:01 ubuntu kernel: [    1.401037] CPU42: Booted secondary processor 0x00001c0200 [0x481fd010]
Dec  2 13:45:01 ubuntu kernel: [    1.433520] Detected VIPT I-cache on CPU43
Dec  2 13:45:01 ubuntu kernel: [    1.433532] GICv3: CPU43: found redistributor 1c0300 region 43:0x00000000aa5c0000
Dec  2 13:45:01 ubuntu kernel: [    1.433549] GICv3: CPU43: using allocated LPI pending table @0x00000027ff360000
Dec  2 13:45:01 ubuntu kernel: [    1.433588] CPU43: Booted secondary processor 0x00001c0300 [0x481fd010]
Dec  2 13:45:01 ubuntu kernel: [    1.466250] Detected VIPT I-cache on CPU44
Dec  2 13:45:01 ubuntu kernel: [    1.466265] GICv3: CPU44: found redistributor 1d0000 region 44:0x00000000aa600000
Dec  2 13:45:01 ubuntu kernel: [    1.466290] GICv3: CPU44: using allocated LPI pending table @0x00000027ff370000
Dec  2 13:45:01 ubuntu kernel: [    1.466335] CPU44: Booted secondary processor 0x00001d0000 [0x481fd010]
Dec  2 13:45:01 ubuntu kernel: [    1.498968] Detected VIPT I-cache on CPU45
Dec  2 13:45:01 ubuntu kernel: [    1.498980] GICv3: CPU45: found redistributor 1d0100 region 45:0x00000000aa640000
Dec  2 13:45:01 ubuntu kernel: [    1.498997] GICv3: CPU45: using allocated LPI pending table @0x00000027ff380000
Dec  2 13:45:01 ubuntu kernel: [    1.499035] CPU45: Booted secondary processor 0x00001d0100 [0x481fd010]
Dec  2 13:45:01 ubuntu kernel: [    1.531691] Detected VIPT I-cache on CPU46
Dec  2 13:45:01 ubuntu kernel: [    1.531703] GICv3: CPU46: found redistributor 1d0200 region 46:0x00000000aa680000
Dec  2 13:45:01 ubuntu kernel: [    1.531720] GICv3: CPU46: using allocated LPI pending table @0x00000027ff390000
Dec  2 13:45:01 ubuntu kernel: [    1.531758] CPU46: Booted secondary processor 0x00001d0200 [0x481fd010]
Dec  2 13:45:01 ubuntu kernel: [    1.564414] Detected VIPT I-cache on CPU47
Dec  2 13:45:01 ubuntu kernel: [    1.564427] GICv3: CPU47: found redistributor 1d0300 region 47:0x00000000aa6c0000
Dec  2 13:45:01 ubuntu kernel: [    1.564447] GICv3: CPU47: using allocated LPI pending table @0x00000027ff3a0000
Dec  2 13:45:01 ubuntu kernel: [    1.564486] CPU47: Booted secondary processor 0x00001d0300 [0x481fd010]
Dec  2 13:45:01 ubuntu kernel: [    1.597256] Detected VIPT I-cache on CPU48
Dec  2 13:45:01 ubuntu kernel: [    1.597296] GICv3: CPU48: found redistributor 280000 region 48:0x00002000ae100000
Dec  2 13:45:01 ubuntu kernel: [    1.597356] GICv3: CPU48: using allocated LPI pending table @0x00000027ff3b0000
Dec  2 13:45:01 ubuntu kernel: [    1.597426] CPU48: Booted secondary processor 0x0000280000 [0x481fd010]
Dec  2 13:45:01 ubuntu kernel: [    1.630043] Detected VIPT I-cache on CPU49
Dec  2 13:45:01 ubuntu kernel: [    1.630071] GICv3: CPU49: found redistributor 280100 region 49:0x00002000ae140000
Dec  2 13:45:01 ubuntu kernel: [    1.630094] GICv3: CPU49: using allocated LPI pending table @0x00000027ff3c0000
Dec  2 13:45:01 ubuntu kernel: [    1.630147] CPU49: Booted secondary processor 0x0000280100 [0x481fd010]
Dec  2 13:45:01 ubuntu kernel: [    1.662853] Detected VIPT I-cache on CPU50
Dec  2 13:45:01 ubuntu kernel: [    1.662881] GICv3: CPU50: found redistributor 280200 region 50:0x00002000ae180000
Dec  2 13:45:01 ubuntu kernel: [    1.662904] GICv3: CPU50: using allocated LPI pending table @0x00000027ff3d0000
Dec  2 13:45:01 ubuntu kernel: [    1.662955] CPU50: Booted secondary processor 0x0000280200 [0x481fd010]
Dec  2 13:45:01 ubuntu kernel: [    1.695664] Detected VIPT I-cache on CPU51
Dec  2 13:45:01 ubuntu kernel: [    1.695692] GICv3: CPU51: found redistributor 280300 region 51:0x00002000ae1c0000
Dec  2 13:45:01 ubuntu kernel: [    1.695713] GICv3: CPU51: using allocated LPI pending table @0x00000027ff3e0000
Dec  2 13:45:01 ubuntu kernel: [    1.695765] CPU51: Booted secondary processor 0x0000280300 [0x481fd010]
Dec  2 13:45:01 ubuntu kernel: [    1.728653] Detected VIPT I-cache on CPU52
Dec  2 13:45:01 ubuntu kernel: [    1.728682] GICv3: CPU52: found redistributor 290000 region 52:0x00002000ae200000
Dec  2 13:45:01 ubuntu kernel: [    1.728721] GICv3: CPU52: using allocated LPI pending table @0x00000027ff3f0000
Dec  2 13:45:01 ubuntu kernel: [    1.728775] CPU52: Booted secondary processor 0x0000290000 [0x481fd010]
Dec  2 13:45:01 ubuntu kernel: [    1.761632] Detected VIPT I-cache on CPU53
Dec  2 13:45:01 ubuntu kernel: [    1.761660] GICv3: CPU53: found redistributor 290100 region 53:0x00002000ae240000
Dec  2 13:45:01 ubuntu kernel: [    1.761681] GICv3: CPU53: using allocated LPI pending table @0x00000027fec00000
Dec  2 13:45:01 ubuntu kernel: [    1.761732] CPU53: Booted secondary processor 0x0000290100 [0x481fd010]
Dec  2 13:45:01 ubuntu kernel: [    1.794616] Detected VIPT I-cache on CPU54
Dec  2 13:45:01 ubuntu kernel: [    1.794644] GICv3: CPU54: found redistributor 290200 region 54:0x00002000ae280000
Dec  2 13:45:01 ubuntu kernel: [    1.794664] GICv3: CPU54: using allocated LPI pending table @0x00000027fec10000
Dec  2 13:45:01 ubuntu kernel: [    1.794715] CPU54: Booted secondary processor 0x0000290200 [0x481fd010]
Dec  2 13:45:01 ubuntu kernel: [    1.827600] Detected VIPT I-cache on CPU55
Dec  2 13:45:01 ubuntu kernel: [    1.827628] GICv3: CPU55: found redistributor 290300 region 55:0x00002000ae2c0000
Dec  2 13:45:01 ubuntu kernel: [    1.827646] GICv3: CPU55: using allocated LPI pending table @0x00000027fec20000
Dec  2 13:45:01 ubuntu kernel: [    1.827699] CPU55: Booted secondary processor 0x0000290300 [0x481fd010]
Dec  2 13:45:01 ubuntu kernel: [    1.860761] Detected VIPT I-cache on CPU56
Dec  2 13:45:01 ubuntu kernel: [    1.860791] GICv3: CPU56: found redistributor 2a0000 region 56:0x00002000ae300000
Dec  2 13:45:01 ubuntu kernel: [    1.860821] GICv3: CPU56: using allocated LPI pending table @0x00000027fec30000
Dec  2 13:45:01 ubuntu kernel: [    1.860876] CPU56: Booted secondary processor 0x00002a0000 [0x481fd010]
Dec  2 13:45:01 ubuntu kernel: [    1.893915] Detected VIPT I-cache on CPU57
Dec  2 13:45:01 ubuntu kernel: [    1.893944] GICv3: CPU57: found redistributor 2a0100 region 57:0x00002000ae340000
Dec  2 13:45:01 ubuntu kernel: [    1.893964] GICv3: CPU57: using allocated LPI pending table @0x00000027fec40000
Dec  2 13:45:01 ubuntu kernel: [    1.894016] CPU57: Booted secondary processor 0x00002a0100 [0x481fd010]
Dec  2 13:45:01 ubuntu kernel: [    1.927072] Detected VIPT I-cache on CPU58
Dec  2 13:45:01 ubuntu kernel: [    1.927101] GICv3: CPU58: found redistributor 2a0200 region 58:0x00002000ae380000
Dec  2 13:45:01 ubuntu kernel: [    1.927122] GICv3: CPU58: using allocated LPI pending table @0x00000027fec50000
Dec  2 13:45:01 ubuntu kernel: [    1.927174] CPU58: Booted secondary processor 0x00002a0200 [0x481fd010]
Dec  2 13:45:01 ubuntu kernel: [    1.960230] Detected VIPT I-cache on CPU59
Dec  2 13:45:01 ubuntu kernel: [    1.960259] GICv3: CPU59: found redistributor 2a0300 region 59:0x00002000ae3c0000
Dec  2 13:45:01 ubuntu kernel: [    1.960278] GICv3: CPU59: using allocated LPI pending table @0x00000027fec60000
Dec  2 13:45:01 ubuntu kernel: [    1.960330] CPU59: Booted secondary processor 0x00002a0300 [0x481fd010]
Dec  2 13:45:01 ubuntu kernel: [    1.993565] Detected VIPT I-cache on CPU60
Dec  2 13:45:01 ubuntu kernel: [    1.993596] GICv3: CPU60: found redistributor 2b0000 region 60:0x00002000ae400000
Dec  2 13:45:01 ubuntu kernel: [    1.993626] GICv3: CPU60: using allocated LPI pending table @0x00000027fec70000
Dec  2 13:45:01 ubuntu kernel: [    1.993680] CPU60: Booted secondary processor 0x00002b0000 [0x481fd010]
Dec  2 13:45:01 ubuntu kernel: [    2.026893] Detected VIPT I-cache on CPU61
Dec  2 13:45:01 ubuntu kernel: [    2.026923] GICv3: CPU61: found redistributor 2b0100 region 61:0x00002000ae440000
Dec  2 13:45:01 ubuntu kernel: [    2.026944] GICv3: CPU61: using allocated LPI pending table @0x00000027fec80000
Dec  2 13:45:01 ubuntu kernel: [    2.026996] CPU61: Booted secondary processor 0x00002b0100 [0x481fd010]
Dec  2 13:45:01 ubuntu kernel: [    2.060224] Detected VIPT I-cache on CPU62
Dec  2 13:45:01 ubuntu kernel: [    2.060254] GICv3: CPU62: found redistributor 2b0200 region 62:0x00002000ae480000
Dec  2 13:45:01 ubuntu kernel: [    2.060277] GICv3: CPU62: using allocated LPI pending table @0x00000027fec90000
Dec  2 13:45:01 ubuntu kernel: [    2.060330] CPU62: Booted secondary processor 0x00002b0200 [0x481fd010]
Dec  2 13:45:01 ubuntu kernel: [    2.093556] Detected VIPT I-cache on CPU63
Dec  2 13:45:01 ubuntu kernel: [    2.093586] GICv3: CPU63: found redistributor 2b0300 region 63:0x00002000ae4c0000
Dec  2 13:45:01 ubuntu kernel: [    2.093609] GICv3: CPU63: using allocated LPI pending table @0x00000027feca0000
Dec  2 13:45:01 ubuntu kernel: [    2.093662] CPU63: Booted secondary processor 0x00002b0300 [0x481fd010]
Dec  2 13:45:01 ubuntu kernel: [    2.126370] Detected VIPT I-cache on CPU64
Dec  2 13:45:01 ubuntu kernel: [    2.126401] GICv3: CPU64: found redistributor 2c0000 region 64:0x00002000ae500000
Dec  2 13:45:01 ubuntu kernel: [    2.126431] GICv3: CPU64: using allocated LPI pending table @0x00000027fecb0000
Dec  2 13:45:01 ubuntu kernel: [    2.126487] CPU64: Booted secondary processor 0x00002c0000 [0x481fd010]
Dec  2 13:45:01 ubuntu kernel: [    2.159175] Detected VIPT I-cache on CPU65
Dec  2 13:45:01 ubuntu kernel: [    2.159205] GICv3: CPU65: found redistributor 2c0100 region 65:0x00002000ae540000
Dec  2 13:45:01 ubuntu kernel: [    2.159226] GICv3: CPU65: using allocated LPI pending table @0x00000027fecc0000
Dec  2 13:45:01 ubuntu kernel: [    2.159278] CPU65: Booted secondary processor 0x00002c0100 [0x481fd010]
Dec  2 13:45:01 ubuntu kernel: [    2.191986] Detected VIPT I-cache on CPU66
Dec  2 13:45:01 ubuntu kernel: [    2.192016] GICv3: CPU66: found redistributor 2c0200 region 66:0x00002000ae580000
Dec  2 13:45:01 ubuntu kernel: [    2.192038] GICv3: CPU66: using allocated LPI pending table @0x00000027fecd0000
Dec  2 13:45:01 ubuntu kernel: [    2.192091] CPU66: Booted secondary processor 0x00002c0200 [0x481fd010]
Dec  2 13:45:01 ubuntu kernel: [    2.224797] Detected VIPT I-cache on CPU67
Dec  2 13:45:01 ubuntu kernel: [    2.224826] GICv3: CPU67: found redistributor 2c0300 region 67:0x00002000ae5c0000
Dec  2 13:45:01 ubuntu kernel: [    2.224847] GICv3: CPU67: using allocated LPI pending table @0x00000027fece0000
Dec  2 13:45:01 ubuntu kernel: [    2.224899] CPU67: Booted secondary processor 0x00002c0300 [0x481fd010]
Dec  2 13:45:01 ubuntu kernel: [    2.257783] Detected VIPT I-cache on CPU68
Dec  2 13:45:01 ubuntu kernel: [    2.257815] GICv3: CPU68: found redistributor 2d0000 region 68:0x00002000ae600000
Dec  2 13:45:01 ubuntu kernel: [    2.257847] GICv3: CPU68: using allocated LPI pending table @0x00000027fecf0000
Dec  2 13:45:01 ubuntu kernel: [    2.257903] CPU68: Booted secondary processor 0x00002d0000 [0x481fd010]
Dec  2 13:45:01 ubuntu kernel: [    2.290764] Detected VIPT I-cache on CPU69
Dec  2 13:45:01 ubuntu kernel: [    2.290794] GICv3: CPU69: found redistributor 2d0100 region 69:0x00002000ae640000
Dec  2 13:45:01 ubuntu kernel: [    2.290815] GICv3: CPU69: using allocated LPI pending table @0x00000027fed00000
Dec  2 13:45:01 ubuntu kernel: [    2.290868] CPU69: Booted secondary processor 0x00002d0100 [0x481fd010]
Dec  2 13:45:01 ubuntu kernel: [    2.323749] Detected VIPT I-cache on CPU70
Dec  2 13:45:01 ubuntu kernel: [    2.323779] GICv3: CPU70: found redistributor 2d0200 region 70:0x00002000ae680000
Dec  2 13:45:01 ubuntu kernel: [    2.323800] GICv3: CPU70: using allocated LPI pending table @0x00000027fed10000
Dec  2 13:45:01 ubuntu kernel: [    2.323853] CPU70: Booted secondary processor 0x00002d0200 [0x481fd010]
Dec  2 13:45:01 ubuntu kernel: [    2.356733] Detected VIPT I-cache on CPU71
Dec  2 13:45:01 ubuntu kernel: [    2.356763] GICv3: CPU71: found redistributor 2d0300 region 71:0x00002000ae6c0000
Dec  2 13:45:01 ubuntu kernel: [    2.356784] GICv3: CPU71: using allocated LPI pending table @0x00000027fed20000
Dec  2 13:45:01 ubuntu kernel: [    2.356836] CPU71: Booted secondary processor 0x00002d0300 [0x481fd010]
Dec  2 13:45:01 ubuntu kernel: [    2.396863] Detected VIPT I-cache on CPU72
Dec  2 13:45:01 ubuntu kernel: [    2.396915] GICv3: CPU72: found redistributor 380000 region 72:0x00002000aa100000
Dec  2 13:45:01 ubuntu kernel: [    2.396975] GICv3: CPU72: using allocated LPI pending table @0x00000027fed30000
Dec  2 13:45:01 ubuntu kernel: [    2.397058] CPU72: Booted secondary processor 0x0000380000 [0x481fd010]
Dec  2 13:45:01 ubuntu kernel: [    2.436938] Detected VIPT I-cache on CPU73
Dec  2 13:45:01 ubuntu kernel: [    2.436974] GICv3: CPU73: found redistributor 380100 region 73:0x00002000aa140000
Dec  2 13:45:01 ubuntu kernel: [    2.436998] GICv3: CPU73: using allocated LPI pending table @0x00000027fed40000
Dec  2 13:45:01 ubuntu kernel: [    2.437056] CPU73: Booted secondary processor 0x0000380100 [0x481fd010]
Dec  2 13:45:01 ubuntu kernel: [    2.477039] Detected VIPT I-cache on CPU74
Dec  2 13:45:01 ubuntu kernel: [    2.477075] GICv3: CPU74: found redistributor 380200 region 74:0x00002000aa180000
Dec  2 13:45:01 ubuntu kernel: [    2.477098] GICv3: CPU74: using allocated LPI pending table @0x00000027fed50000
Dec  2 13:45:01 ubuntu kernel: [    2.477156] CPU74: Booted secondary processor 0x0000380200 [0x481fd010]
Dec  2 13:45:01 ubuntu kernel: [    2.517140] Detected VIPT I-cache on CPU75
Dec  2 13:45:01 ubuntu kernel: [    2.517176] GICv3: CPU75: found redistributor 380300 region 75:0x00002000aa1c0000
Dec  2 13:45:01 ubuntu kernel: [    2.517200] GICv3: CPU75: using allocated LPI pending table @0x00000027fed60000
Dec  2 13:45:01 ubuntu kernel: [    2.517257] CPU75: Booted secondary processor 0x0000380300 [0x481fd010]
Dec  2 13:45:01 ubuntu kernel: [    2.557420] Detected VIPT I-cache on CPU76
Dec  2 13:45:01 ubuntu kernel: [    2.557457] GICv3: CPU76: found redistributor 390000 region 76:0x00002000aa200000
Dec  2 13:45:01 ubuntu kernel: [    2.557492] GICv3: CPU76: using allocated LPI pending table @0x00000027fed70000
Dec  2 13:45:01 ubuntu kernel: [    2.557555] CPU76: Booted secondary processor 0x0000390000 [0x481fd010]
Dec  2 13:45:01 ubuntu kernel: [    2.597692] Detected VIPT I-cache on CPU77
Dec  2 13:45:01 ubuntu kernel: [    2.597728] GICv3: CPU77: found redistributor 390100 region 77:0x00002000aa240000
Dec  2 13:45:01 ubuntu kernel: [    2.597752] GICv3: CPU77: using allocated LPI pending table @0x00000027fed80000
Dec  2 13:45:01 ubuntu kernel: [    2.597808] CPU77: Booted secondary processor 0x0000390100 [0x481fd010]
Dec  2 13:45:01 ubuntu kernel: [    2.637967] Detected VIPT I-cache on CPU78
Dec  2 13:45:01 ubuntu kernel: [    2.638003] GICv3: CPU78: found redistributor 390200 region 78:0x00002000aa280000
Dec  2 13:45:01 ubuntu kernel: [    2.638027] GICv3: CPU78: using allocated LPI pending table @0x00000027fed90000
Dec  2 13:45:01 ubuntu kernel: [    2.638084] CPU78: Booted secondary processor 0x0000390200 [0x481fd010]
Dec  2 13:45:01 ubuntu kernel: [    2.678242] Detected VIPT I-cache on CPU79
Dec  2 13:45:01 ubuntu kernel: [    2.678278] GICv3: CPU79: found redistributor 390300 region 79:0x00002000aa2c0000
Dec  2 13:45:01 ubuntu kernel: [    2.678302] GICv3: CPU79: using allocated LPI pending table @0x00000027feda0000
Dec  2 13:45:01 ubuntu kernel: [    2.678359] CPU79: Booted secondary processor 0x0000390300 [0x481fd010]
Dec  2 13:45:01 ubuntu kernel: [    2.718694] Detected VIPT I-cache on CPU80
Dec  2 13:45:01 ubuntu kernel: [    2.718732] GICv3: CPU80: found redistributor 3a0000 region 80:0x00002000aa300000
Dec  2 13:45:01 ubuntu kernel: [    2.718770] GICv3: CPU80: using allocated LPI pending table @0x00000027fedb0000
Dec  2 13:45:01 ubuntu kernel: [    2.718832] CPU80: Booted secondary processor 0x00003a0000 [0x481fd010]
Dec  2 13:45:01 ubuntu kernel: [    2.759139] Detected VIPT I-cache on CPU81
Dec  2 13:45:01 ubuntu kernel: [    2.759176] GICv3: CPU81: found redistributor 3a0100 region 81:0x00002000aa340000
Dec  2 13:45:01 ubuntu kernel: [    2.759199] GICv3: CPU81: using allocated LPI pending table @0x00000027fedc0000
Dec  2 13:45:01 ubuntu kernel: [    2.759256] CPU81: Booted secondary processor 0x00003a0100 [0x481fd010]
Dec  2 13:45:01 ubuntu kernel: [    2.799588] Detected VIPT I-cache on CPU82
Dec  2 13:45:01 ubuntu kernel: [    2.799625] GICv3: CPU82: found redistributor 3a0200 region 82:0x00002000aa380000
Dec  2 13:45:01 ubuntu kernel: [    2.799651] GICv3: CPU82: using allocated LPI pending table @0x00000027fedd0000
Dec  2 13:45:01 ubuntu kernel: [    2.799709] CPU82: Booted secondary processor 0x00003a0200 [0x481fd010]
Dec  2 13:45:01 ubuntu kernel: [    2.840037] Detected VIPT I-cache on CPU83
Dec  2 13:45:01 ubuntu kernel: [    2.840074] GICv3: CPU83: found redistributor 3a0300 region 83:0x00002000aa3c0000
Dec  2 13:45:01 ubuntu kernel: [    2.840099] GICv3: CPU83: using allocated LPI pending table @0x00000027fede0000
Dec  2 13:45:01 ubuntu kernel: [    2.840158] CPU83: Booted secondary processor 0x00003a0300 [0x481fd010]
Dec  2 13:45:01 ubuntu kernel: [    2.880663] Detected VIPT I-cache on CPU84
Dec  2 13:45:01 ubuntu kernel: [    2.880702] GICv3: CPU84: found redistributor 3b0000 region 84:0x00002000aa400000
Dec  2 13:45:01 ubuntu kernel: [    2.880737] GICv3: CPU84: using allocated LPI pending table @0x00000027fedf0000
Dec  2 13:45:01 ubuntu kernel: [    2.880798] CPU84: Booted secondary processor 0x00003b0000 [0x481fd010]
Dec  2 13:45:01 ubuntu kernel: [    2.921282] Detected VIPT I-cache on CPU85
Dec  2 13:45:01 ubuntu kernel: [    2.921319] GICv3: CPU85: found redistributor 3b0100 region 85:0x00002000aa440000
Dec  2 13:45:01 ubuntu kernel: [    2.921344] GICv3: CPU85: using allocated LPI pending table @0x00000027fee00000
Dec  2 13:45:01 ubuntu kernel: [    2.921403] CPU85: Booted secondary processor 0x00003b0100 [0x481fd010]
Dec  2 13:45:01 ubuntu kernel: [    2.961904] Detected VIPT I-cache on CPU86
Dec  2 13:45:01 ubuntu kernel: [    2.961942] GICv3: CPU86: found redistributor 3b0200 region 86:0x00002000aa480000
Dec  2 13:45:01 ubuntu kernel: [    2.961967] GICv3: CPU86: using allocated LPI pending table @0x00000027fee10000
Dec  2 13:45:01 ubuntu kernel: [    2.962025] CPU86: Booted secondary processor 0x00003b0200 [0x481fd010]
Dec  2 13:45:01 ubuntu kernel: [    3.002527] Detected VIPT I-cache on CPU87
Dec  2 13:45:01 ubuntu kernel: [    3.002564] GICv3: CPU87: found redistributor 3b0300 region 87:0x00002000aa4c0000
Dec  2 13:45:01 ubuntu kernel: [    3.002590] GICv3: CPU87: using allocated LPI pending table @0x00000027fee20000
Dec  2 13:45:01 ubuntu kernel: [    3.002648] CPU87: Booted secondary processor 0x00003b0300 [0x481fd010]
Dec  2 13:45:01 ubuntu kernel: [    3.042631] Detected VIPT I-cache on CPU88
Dec  2 13:45:01 ubuntu kernel: [    3.042670] GICv3: CPU88: found redistributor 3c0000 region 88:0x00002000aa500000
Dec  2 13:45:01 ubuntu kernel: [    3.042706] GICv3: CPU88: using allocated LPI pending table @0x00000027fee30000
Dec  2 13:45:01 ubuntu kernel: [    3.042768] CPU88: Booted secondary processor 0x00003c0000 [0x481fd010]
Dec  2 13:45:01 ubuntu kernel: [    3.082730] Detected VIPT I-cache on CPU89
Dec  2 13:45:01 ubuntu kernel: [    3.082767] GICv3: CPU89: found redistributor 3c0100 region 89:0x00002000aa540000
Dec  2 13:45:01 ubuntu kernel: [    3.082793] GICv3: CPU89: using allocated LPI pending table @0x00000027fee40000
Dec  2 13:45:01 ubuntu kernel: [    3.082851] CPU89: Booted secondary processor 0x00003c0100 [0x481fd010]
Dec  2 13:45:01 ubuntu kernel: [    3.122831] Detected VIPT I-cache on CPU90
Dec  2 13:45:01 ubuntu kernel: [    3.122868] GICv3: CPU90: found redistributor 3c0200 region 90:0x00002000aa580000
Dec  2 13:45:01 ubuntu kernel: [    3.122893] GICv3: CPU90: using allocated LPI pending table @0x00000027fee50000
Dec  2 13:45:01 ubuntu kernel: [    3.122951] CPU90: Booted secondary processor 0x00003c0200 [0x481fd010]
Dec  2 13:45:01 ubuntu kernel: [    3.162933] Detected VIPT I-cache on CPU91
Dec  2 13:45:01 ubuntu kernel: [    3.162970] GICv3: CPU91: found redistributor 3c0300 region 91:0x00002000aa5c0000
Dec  2 13:45:01 ubuntu kernel: [    3.162995] GICv3: CPU91: using allocated LPI pending table @0x00000027fee60000
Dec  2 13:45:01 ubuntu kernel: [    3.163053] CPU91: Booted secondary processor 0x00003c0300 [0x481fd010]
Dec  2 13:45:01 ubuntu kernel: [    3.203211] Detected VIPT I-cache on CPU92
Dec  2 13:45:01 ubuntu kernel: [    3.203250] GICv3: CPU92: found redistributor 3d0000 region 92:0x00002000aa600000
Dec  2 13:45:01 ubuntu kernel: [    3.203288] GICv3: CPU92: using allocated LPI pending table @0x00000027fee70000
Dec  2 13:45:01 ubuntu kernel: [    3.203350] CPU92: Booted secondary processor 0x00003d0000 [0x481fd010]
Dec  2 13:45:01 ubuntu kernel: [    3.243483] Detected VIPT I-cache on CPU93
Dec  2 13:45:01 ubuntu kernel: [    3.243521] GICv3: CPU93: found redistributor 3d0100 region 93:0x00002000aa640000
Dec  2 13:45:01 ubuntu kernel: [    3.243547] GICv3: CPU93: using allocated LPI pending table @0x00000027fee80000
Dec  2 13:45:01 ubuntu kernel: [    3.243605] CPU93: Booted secondary processor 0x00003d0100 [0x481fd010]
Dec  2 13:45:01 ubuntu kernel: [    3.283758] Detected VIPT I-cache on CPU94
Dec  2 13:45:01 ubuntu kernel: [    3.283796] GICv3: CPU94: found redistributor 3d0200 region 94:0x00002000aa680000
Dec  2 13:45:01 ubuntu kernel: [    3.283821] GICv3: CPU94: using allocated LPI pending table @0x00000027fee90000
Dec  2 13:45:01 ubuntu kernel: [    3.283880] CPU94: Booted secondary processor 0x00003d0200 [0x481fd010]
Dec  2 13:45:01 ubuntu kernel: [    3.324034] Detected VIPT I-cache on CPU95
Dec  2 13:45:01 ubuntu kernel: [    3.324072] GICv3: CPU95: found redistributor 3d0300 region 95:0x00002000aa6c0000
Dec  2 13:45:01 ubuntu kernel: [    3.324097] GICv3: CPU95: using allocated LPI pending table @0x00000027feea0000
Dec  2 13:45:01 ubuntu kernel: [    3.324155] CPU95: Booted secondary processor 0x00003d0300 [0x481fd010]
Dec  2 13:45:01 ubuntu kernel: [    3.324999] smp: Brought up 4 nodes, 96 CPUs
Dec  2 13:45:01 ubuntu kernel: [    3.325548] SMP: Total of 96 processors activated.
Dec  2 13:45:01 ubuntu kernel: [    3.325550] CPU features: detected: Privileged Access Never
Dec  2 13:45:01 ubuntu kernel: [    3.325552] CPU features: detected: LSE atomic instructions
Dec  2 13:45:01 ubuntu kernel: [    3.325554] CPU features: detected: User Access Override
Dec  2 13:45:01 ubuntu kernel: [    3.325556] CPU features: detected: Common not Private translations
Dec  2 13:45:01 ubuntu kernel: [    3.325559] CPU features: detected: Data cache clean to Point of Persistence
Dec  2 13:45:01 ubuntu kernel: [    3.325561] CPU features: detected: RAS Extension Support
Dec  2 13:45:01 ubuntu kernel: [    3.325563] CPU features: detected: CRC32 instructions
Dec  2 13:45:01 ubuntu kernel: [    3.390474] CPU: All CPU(s) started at EL2
Dec  2 13:45:01 ubuntu kernel: [    3.406449] devtmpfs: initialized
Dec  2 13:45:01 ubuntu kernel: [    3.409199] Registered cp15_barrier emulation handler
Dec  2 13:45:01 ubuntu kernel: [    3.409238] Registered setend emulation handler
Dec  2 13:45:01 ubuntu kernel: [    3.409241] KASLR disabled due to lack of seed
Dec  2 13:45:01 ubuntu kernel: [    3.409640] clocksource: jiffies: mask: 0xffffffff max_cycles: 0xffffffff, max_idle_ns: 7645041785100000 ns
Dec  2 13:45:01 ubuntu kernel: [    3.410099] futex hash table entries: 32768 (order: 9, 2097152 bytes, vmalloc)
Dec  2 13:45:01 ubuntu kernel: [    3.410923] pinctrl core: initialized pinctrl subsystem
Dec  2 13:45:01 ubuntu kernel: [    3.411104] thermal_sys: Registered thermal governor 'fair_share'
Dec  2 13:45:01 ubuntu kernel: [    3.411105] thermal_sys: Registered thermal governor 'bang_bang'
Dec  2 13:45:01 ubuntu kernel: [    3.411108] thermal_sys: Registered thermal governor 'step_wise'
Dec  2 13:45:01 ubuntu kernel: [    3.411110] thermal_sys: Registered thermal governor 'user_space'
Dec  2 13:45:01 ubuntu kernel: [    3.411193] SMBIOS 3.1.1 present.
Dec  2 13:45:01 ubuntu kernel: [    3.411200] DMI: Huawei TaiShan 200 (Model 2280)/BC82AMDDA, BIOS 1.06 10/29/2019
Dec  2 13:45:01 ubuntu kernel: [    3.411541] NET: Registered protocol family 16
Dec  2 13:45:01 ubuntu kernel: [    3.412653] DMA: preallocated 256 KiB pool for atomic allocations
Dec  2 13:45:01 ubuntu kernel: [    3.412658] audit: initializing netlink subsys (disabled)
Dec  2 13:45:01 ubuntu kernel: [    3.412702] audit: type=2000 audit(0.488:1): state=initialized audit_enabled=0 res=1
Dec  2 13:45:01 ubuntu kernel: [    3.412960] cpuidle: using governor ladder
Dec  2 13:45:01 ubuntu kernel: [    3.413031] cpuidle: using governor menu
Dec  2 13:45:01 ubuntu kernel: [    3.413040] Detected 1 PCC Subspaces
Dec  2 13:45:01 ubuntu kernel: [    3.413067] Registering PCC driver as Mailbox controller
Dec  2 13:45:01 ubuntu kernel: [    3.413147] hw-breakpoint: found 6 breakpoint and 4 watchpoint registers.
Dec  2 13:45:01 ubuntu kernel: [    3.414038] ASID allocator initialised with 65536 entries
Dec  2 13:45:01 ubuntu kernel: [    3.414166] ACPI: bus type PCI registered
Dec  2 13:45:01 ubuntu kernel: [    3.414171] acpiphp: ACPI Hot Plug PCI Controller Driver version: 0.5
Dec  2 13:45:01 ubuntu kernel: [    3.414327] Serial: AMBA PL011 UART driver
Dec  2 13:45:01 ubuntu kernel: [    3.421382] HugeTLB registered 1.00 GiB page size, pre-allocated 0 pages
Dec  2 13:45:01 ubuntu kernel: [    3.421386] HugeTLB registered 32.0 MiB page size, pre-allocated 0 pages
Dec  2 13:45:01 ubuntu kernel: [    3.421389] HugeTLB registered 2.00 MiB page size, pre-allocated 0 pages
Dec  2 13:45:01 ubuntu kernel: [    3.421391] HugeTLB registered 64.0 KiB page size, pre-allocated 0 pages
Dec  2 13:45:01 ubuntu kernel: [    3.424969] fbcon: Taking over console
Dec  2 13:45:01 ubuntu kernel: [    3.425371] ACPI: Added _OSI(Module Device)
Dec  2 13:45:01 ubuntu kernel: [    3.425374] ACPI: Added _OSI(Processor Device)
Dec  2 13:45:01 ubuntu kernel: [    3.425376] ACPI: Added _OSI(3.0 _SCP Extensions)
Dec  2 13:45:01 ubuntu kernel: [    3.425378] ACPI: Added _OSI(Processor Aggregator Device)
Dec  2 13:45:01 ubuntu kernel: [    3.425381] ACPI: Added _OSI(Linux-Dell-Video)
Dec  2 13:45:01 ubuntu kernel: [    3.425388] ACPI: Added _OSI(Linux-Lenovo-NV-HDMI-Audio)
Dec  2 13:45:01 ubuntu kernel: [    3.425390] ACPI: Added _OSI(Linux-HPI-Hybrid-Graphics)
Dec  2 13:45:01 ubuntu kernel: [    3.434569] ACPI: 2 ACPI AML tables successfully acquired and loaded
Dec  2 13:45:01 ubuntu kernel: [    3.438011] ACPI: Interpreter enabled
Dec  2 13:45:01 ubuntu kernel: [    3.438014] ACPI: Using GIC for interrupt routing
Dec  2 13:45:01 ubuntu kernel: [    3.438029] ACPI: MCFG table detected, 1 entries
Dec  2 13:45:01 ubuntu kernel: [    3.438032] ACPI: IORT: [Firmware Bug]: ID count for ID mapping entry is wrong, applying workaround
Dec  2 13:45:01 ubuntu kernel: [    3.438038] ACPI: IORT: SMMU-v3[148000000] Mapped to Proximity domain 0
Dec  2 13:45:01 ubuntu kernel: [    3.438094] ACPI: IORT: SMMU-v3[201000000] Mapped to Proximity domain 0
Dec  2 13:45:01 ubuntu kernel: [    3.438118] ACPI: IORT: SMMU-v3[100000000] Mapped to Proximity domain 0
Dec  2 13:45:01 ubuntu kernel: [    3.438144] ACPI: IORT: SMMU-v3[140000000] Mapped to Proximity domain 0
Dec  2 13:45:01 ubuntu kernel: [    3.438167] ACPI: IORT: SMMU-v3[200148000000] Mapped to Proximity domain 2
Dec  2 13:45:01 ubuntu kernel: [    3.438191] ACPI: IORT: SMMU-v3[200201000000] Mapped to Proximity domain 2
Dec  2 13:45:01 ubuntu kernel: [    3.438213] ACPI: IORT: SMMU-v3[200100000000] Mapped to Proximity domain 2
Dec  2 13:45:01 ubuntu kernel: [    3.438237] ACPI: IORT: SMMU-v3[200140000000] Mapped to Proximity domain 2
Dec  2 13:45:01 ubuntu kernel: [    3.438881] HEST: Table parsing has been initialized.
Dec  2 13:45:01 ubuntu kernel: [    3.467275] ACPI: PCI Root Bridge [PCI0] (domain 0000 [bus 00-3f])
Dec  2 13:45:01 ubuntu kernel: [    3.467284] acpi PNP0A08:00: _OSC: OS supports [ExtendedConfig ASPM ClockPM Segments MSI HPX-Type3]
Dec  2 13:45:01 ubuntu kernel: [    3.467388] acpi PNP0A08:00: _OSC: platform does not support [SHPCHotplug LTR]
Dec  2 13:45:01 ubuntu kernel: [    3.467477] acpi PNP0A08:00: _OSC: OS now controls [PCIeHotplug PME AER PCIeCapability]
Dec  2 13:45:01 ubuntu kernel: [    3.468062] acpi PNP0A08:00: ECAM area [mem 0xd0000000-0xd3ffffff] reserved by PNP0C02:00
Dec  2 13:45:01 ubuntu kernel: [    3.468073] acpi PNP0A08:00: ECAM at [mem 0xd0000000-0xd3ffffff] for [bus 00-3f]
Dec  2 13:45:01 ubuntu kernel: [    3.468096] Remapped I/O 0x00000000f7ff0000 to [io  0x0000-0xffff window]
Dec  2 13:45:01 ubuntu kernel: [    3.468163] PCI host bridge to bus 0000:00
Dec  2 13:45:01 ubuntu kernel: [    3.468167] pci_bus 0000:00: root bus resource [mem 0x80000000000-0x82fffffffff pref window]
Dec  2 13:45:01 ubuntu kernel: [    3.468170] pci_bus 0000:00: root bus resource [mem 0xe0000000-0xf7feffff window]
Dec  2 13:45:01 ubuntu kernel: [    3.468173] pci_bus 0000:00: root bus resource [io  0x0000-0xffff window]
Dec  2 13:45:01 ubuntu kernel: [    3.468176] pci_bus 0000:00: root bus resource [bus 00-3f]
Dec  2 13:45:01 ubuntu kernel: [    3.468208] pci 0000:00:00.0: [19e5:a120] type 01 class 0x060400
Dec  2 13:45:01 ubuntu kernel: [    3.468274] pci 0000:00:00.0: PME# supported from D0 D1 D2 D3hot D3cold
Dec  2 13:45:01 ubuntu kernel: [    3.468351] pci 0000:00:04.0: [19e5:a120] type 01 class 0x060400
Dec  2 13:45:01 ubuntu kernel: [    3.468408] pci 0000:00:04.0: PME# supported from D0 D1 D2 D3hot D3cold
Dec  2 13:45:01 ubuntu kernel: [    3.468472] pci 0000:00:08.0: [19e5:a120] type 01 class 0x060400
Dec  2 13:45:01 ubuntu kernel: [    3.468526] pci 0000:00:08.0: PME# supported from D0 D1 D2 D3hot D3cold
Dec  2 13:45:01 ubuntu kernel: [    3.468585] pci 0000:00:0c.0: [19e5:a120] type 01 class 0x060400
Dec  2 13:45:01 ubuntu kernel: [    3.468641] pci 0000:00:0c.0: PME# supported from D0 D1 D2 D3hot D3cold
Dec  2 13:45:01 ubuntu kernel: [    3.468701] pci 0000:00:10.0: [19e5:a120] type 01 class 0x060400
Dec  2 13:45:01 ubuntu kernel: [    3.468760] pci 0000:00:10.0: PME# supported from D0 D1 D2 D3hot D3cold
Dec  2 13:45:01 ubuntu kernel: [    3.468820] pci 0000:00:11.0: [19e5:a120] type 01 class 0x060400
Dec  2 13:45:01 ubuntu kernel: [    3.468874] pci 0000:00:11.0: PME# supported from D0 D1 D2 D3hot D3cold
Dec  2 13:45:01 ubuntu kernel: [    3.468933] pci 0000:00:12.0: [19e5:a120] type 01 class 0x060400
Dec  2 13:45:01 ubuntu kernel: [    3.468987] pci 0000:00:12.0: PME# supported from D0 D1 D2 D3hot D3cold
Dec  2 13:45:01 ubuntu kernel: [    3.469120] pci 0000:03:00.0: [1000:0016] type 00 class 0x010400
Dec  2 13:45:01 ubuntu kernel: [    3.469142] pci 0000:03:00.0: reg 0x10: [mem 0x80000100000-0x800001fffff 64bit pref]
Dec  2 13:45:01 ubuntu kernel: [    3.469152] pci 0000:03:00.0: reg 0x18: [mem 0x80000000000-0x800000fffff 64bit pref]
Dec  2 13:45:01 ubuntu kernel: [    3.469160] pci 0000:03:00.0: reg 0x20: [mem 0xe6400000-0xe64fffff]
Dec  2 13:45:01 ubuntu kernel: [    3.469168] pci 0000:03:00.0: reg 0x24: [io  0x0000-0x00ff]
Dec  2 13:45:01 ubuntu kernel: [    3.469175] pci 0000:03:00.0: reg 0x30: [mem 0xe6300000-0xe63fffff pref]
Dec  2 13:45:01 ubuntu kernel: [    3.469245] pci 0000:03:00.0: supports D1 D2
Dec  2 13:45:01 ubuntu kernel: [    3.469391] pci 0000:05:00.0: [19e5:1710] type 00 class 0x118000
Dec  2 13:45:01 ubuntu kernel: [    3.469417] pci 0000:05:00.0: reg 0x10: [mem 0xe0000000-0xe3ffffff pref]
Dec  2 13:45:01 ubuntu kernel: [    3.469427] pci 0000:05:00.0: reg 0x14: [mem 0xe6200000-0xe62fffff]
Dec  2 13:45:01 ubuntu kernel: [    3.469577] pci 0000:05:00.0: supports D1
Dec  2 13:45:01 ubuntu kernel: [    3.469580] pci 0000:05:00.0: PME# supported from D0 D1 D3hot
Dec  2 13:45:01 ubuntu kernel: [    3.469718] pci 0000:06:00.0: [19e5:1711] type 00 class 0x030000
Dec  2 13:45:01 ubuntu kernel: [    3.469749] pci 0000:06:00.0: reg 0x10: [mem 0xe4000000-0xe5ffffff pref]
Dec  2 13:45:01 ubuntu kernel: [    3.469762] pci 0000:06:00.0: reg 0x14: [mem 0xe6000000-0xe61fffff]
Dec  2 13:45:01 ubuntu kernel: [    3.469888] pci 0000:06:00.0: BAR 0: assigned to efifb
Dec  2 13:45:01 ubuntu kernel: [    3.469948] pci 0000:06:00.0: supports D1
Dec  2 13:45:01 ubuntu kernel: [    3.469950] pci 0000:06:00.0: PME# supported from D0 D1 D3hot
Dec  2 13:45:01 ubuntu kernel: [    3.470091] pci_bus 0000:00: on NUMA node 0
Dec  2 13:45:01 ubuntu kernel: [    3.470093] pci 0000:00:00.0: PCI bridge to [bus 01]
Dec  2 13:45:01 ubuntu kernel: [    3.470098] pci 0000:00:04.0: PCI bridge to [bus 02]
Dec  2 13:45:01 ubuntu kernel: [    3.470102] pci 0000:00:08.0: PCI bridge to [bus 03]
Dec  2 13:45:01 ubuntu kernel: [    3.470105] pci 0000:00:08.0:   bridge window [io  0x0000-0x0fff]
Dec  2 13:45:01 ubuntu kernel: [    3.470108] pci 0000:00:08.0:   bridge window [mem 0xe6300000-0xe64fffff]
Dec  2 13:45:01 ubuntu kernel: [    3.470112] pci 0000:00:08.0:   bridge window [mem 0x80000000000-0x800001fffff 64bit pref]
Dec  2 13:45:01 ubuntu kernel: [    3.470116] pci 0000:00:0c.0: PCI bridge to [bus 04]
Dec  2 13:45:01 ubuntu kernel: [    3.470120] pci 0000:00:10.0: PCI bridge to [bus 05]
Dec  2 13:45:01 ubuntu kernel: [    3.470124] pci 0000:00:10.0:   bridge window [mem 0xe6200000-0xe62fffff]
Dec  2 13:45:01 ubuntu kernel: [    3.470127] pci 0000:00:10.0:   bridge window [mem 0xe0000000-0xe3ffffff 64bit pref]
Dec  2 13:45:01 ubuntu kernel: [    3.470130] pci 0000:00:11.0: PCI bridge to [bus 06]
Dec  2 13:45:01 ubuntu kernel: [    3.470134] pci 0000:00:11.0:   bridge window [mem 0xe6000000-0xe61fffff]
Dec  2 13:45:01 ubuntu kernel: [    3.470137] pci 0000:00:11.0:   bridge window [mem 0xe4000000-0xe5ffffff 64bit pref]
Dec  2 13:45:01 ubuntu kernel: [    3.470141] pci 0000:00:12.0: PCI bridge to [bus 07]
Dec  2 13:45:01 ubuntu kernel: [    3.470150] pci 0000:00:00.0: PCI bridge to [bus 01]
Dec  2 13:45:01 ubuntu kernel: [    3.470155] pci 0000:00:04.0: PCI bridge to [bus 02]
Dec  2 13:45:01 ubuntu kernel: [    3.470160] pci 0000:00:08.0: PCI bridge to [bus 03]
Dec  2 13:45:01 ubuntu kernel: [    3.470162] pci 0000:00:08.0:   bridge window [io  0x0000-0x0fff]
Dec  2 13:45:01 ubuntu kernel: [    3.470166] pci 0000:00:08.0:   bridge window [mem 0xe6300000-0xe64fffff]
Dec  2 13:45:01 ubuntu kernel: [    3.470169] pci 0000:00:08.0:   bridge window [mem 0x80000000000-0x800001fffff 64bit pref]
Dec  2 13:45:01 ubuntu kernel: [    3.470173] pci 0000:00:0c.0: PCI bridge to [bus 04]
Dec  2 13:45:01 ubuntu kernel: [    3.470178] pci 0000:00:10.0: PCI bridge to [bus 05]
Dec  2 13:45:01 ubuntu kernel: [    3.470181] pci 0000:00:10.0:   bridge window [mem 0xe6200000-0xe62fffff]
Dec  2 13:45:01 ubuntu kernel: [    3.470184] pci 0000:00:10.0:   bridge window [mem 0xe0000000-0xe3ffffff 64bit pref]
Dec  2 13:45:01 ubuntu kernel: [    3.470188] pci 0000:00:11.0: PCI bridge to [bus 06]
Dec  2 13:45:01 ubuntu kernel: [    3.470191] pci 0000:00:11.0:   bridge window [mem 0xe6000000-0xe61fffff]
Dec  2 13:45:01 ubuntu kernel: [    3.470194] pci 0000:00:11.0:   bridge window [mem 0xe4000000-0xe5ffffff 64bit pref]
Dec  2 13:45:01 ubuntu kernel: [    3.470198] pci 0000:00:12.0: PCI bridge to [bus 07]
Dec  2 13:45:01 ubuntu kernel: [    3.470203] pci_bus 0000:00: resource 4 [mem 0x80000000000-0x82fffffffff pref window]
Dec  2 13:45:01 ubuntu kernel: [    3.470206] pci_bus 0000:00: resource 5 [mem 0xe0000000-0xf7feffff window]
Dec  2 13:45:01 ubuntu kernel: [    3.470209] pci_bus 0000:00: resource 6 [io  0x0000-0xffff window]
Dec  2 13:45:01 ubuntu kernel: [    3.470212] pci_bus 0000:03: resource 0 [io  0x0000-0x0fff]
Dec  2 13:45:01 ubuntu kernel: [    3.470214] pci_bus 0000:03: resource 1 [mem 0xe6300000-0xe64fffff]
Dec  2 13:45:01 ubuntu kernel: [    3.470217] pci_bus 0000:03: resource 2 [mem 0x80000000000-0x800001fffff 64bit pref]
Dec  2 13:45:01 ubuntu kernel: [    3.470220] pci_bus 0000:05: resource 1 [mem 0xe6200000-0xe62fffff]
Dec  2 13:45:01 ubuntu kernel: [    3.470223] pci_bus 0000:05: resource 2 [mem 0xe0000000-0xe3ffffff 64bit pref]
Dec  2 13:45:01 ubuntu kernel: [    3.470226] pci_bus 0000:06: resource 1 [mem 0xe6000000-0xe61fffff]
Dec  2 13:45:01 ubuntu kernel: [    3.470228] pci_bus 0000:06: resource 2 [mem 0xe4000000-0xe5ffffff 64bit pref]
Dec  2 13:45:01 ubuntu kernel: [    3.470280] ACPI: PCI Root Bridge [PCI1] (domain 0000 [bus 7b])
Dec  2 13:45:01 ubuntu kernel: [    3.470285] acpi PNP0A08:01: _OSC: OS supports [ExtendedConfig ASPM ClockPM Segments MSI HPX-Type3]
Dec  2 13:45:01 ubuntu kernel: [    3.470383] acpi PNP0A08:01: _OSC: platform does not support [PCIeHotplug SHPCHotplug PME AER LTR]
Dec  2 13:45:01 ubuntu kernel: [    3.470471] acpi PNP0A08:01: _OSC: OS now controls [PCIeCapability]
Dec  2 13:45:01 ubuntu kernel: [    3.471050] acpi PNP0A08:01: ECAM area [mem 0xd7b00000-0xd7bfffff] reserved by PNP0C02:00
Dec  2 13:45:01 ubuntu kernel: [    3.471066] acpi PNP0A08:01: ECAM at [mem 0xd7b00000-0xd7bfffff] for [bus 7b]
Dec  2 13:45:01 ubuntu kernel: [    3.471120] PCI host bridge to bus 0000:7b
Dec  2 13:45:01 ubuntu kernel: [    3.471123] pci_bus 0000:7b: root bus resource [mem 0x148800000-0x148ffffff pref window]
Dec  2 13:45:01 ubuntu kernel: [    3.471127] pci_bus 0000:7b: root bus resource [bus 7b]
Dec  2 13:45:01 ubuntu kernel: [    3.471134] pci 0000:7b:00.0: [19e5:a122] type 00 class 0x088000
Dec  2 13:45:01 ubuntu kernel: [    3.471143] pci 0000:7b:00.0: reg 0x18: [mem 0x00000000-0x00003fff 64bit pref]
Dec  2 13:45:01 ubuntu kernel: [    3.471200] pci_bus 0000:7b: on NUMA node 0
Dec  2 13:45:01 ubuntu kernel: [    3.471204] pci 0000:7b:00.0: BAR 2: assigned [mem 0x148800000-0x148803fff 64bit pref]
Dec  2 13:45:01 ubuntu kernel: [    3.471210] pci_bus 0000:7b: resource 4 [mem 0x148800000-0x148ffffff pref window]
Dec  2 13:45:01 ubuntu kernel: [    3.471252] ACPI: PCI Root Bridge [PCI2] (domain 0000 [bus 7a])
Dec  2 13:45:01 ubuntu kernel: [    3.471257] acpi PNP0A08:02: _OSC: OS supports [ExtendedConfig ASPM ClockPM Segments MSI HPX-Type3]
Dec  2 13:45:01 ubuntu kernel: [    3.471352] acpi PNP0A08:02: _OSC: platform does not support [PCIeHotplug SHPCHotplug PME AER LTR]
Dec  2 13:45:01 ubuntu kernel: [    3.471439] acpi PNP0A08:02: _OSC: OS now controls [PCIeCapability]
Dec  2 13:45:01 ubuntu kernel: [    3.472008] acpi PNP0A08:02: ECAM area [mem 0xd7a00000-0xd7afffff] reserved by PNP0C02:00
Dec  2 13:45:01 ubuntu kernel: [    3.472024] acpi PNP0A08:02: ECAM at [mem 0xd7a00000-0xd7afffff] for [bus 7a]
Dec  2 13:45:01 ubuntu kernel: [    3.472077] PCI host bridge to bus 0000:7a
Dec  2 13:45:01 ubuntu kernel: [    3.472080] pci_bus 0000:7a: root bus resource [mem 0x20c000000-0x20c1fffff pref window]
Dec  2 13:45:01 ubuntu kernel: [    3.472083] pci_bus 0000:7a: root bus resource [bus 7a]
Dec  2 13:45:01 ubuntu kernel: [    3.472090] pci 0000:7a:00.0: [19e5:a23b] type 00 class 0x0c0310
Dec  2 13:45:01 ubuntu kernel: [    3.472097] pci 0000:7a:00.0: reg 0x10: [mem 0x20c100000-0x20c100fff 64bit pref]
Dec  2 13:45:01 ubuntu kernel: [    3.472152] pci 0000:7a:01.0: [19e5:a239] type 00 class 0x0c0320
Dec  2 13:45:01 ubuntu kernel: [    3.472159] pci 0000:7a:01.0: reg 0x10: [mem 0x20c101000-0x20c101fff 64bit pref]
Dec  2 13:45:01 ubuntu kernel: [    3.472211] pci 0000:7a:02.0: [19e5:a238] type 00 class 0x0c0330
Dec  2 13:45:01 ubuntu kernel: [    3.472218] pci 0000:7a:02.0: reg 0x10: [mem 0x20c000000-0x20c0fffff 64bit pref]
Dec  2 13:45:01 ubuntu kernel: [    3.472275] pci_bus 0000:7a: on NUMA node 0
Dec  2 13:45:01 ubuntu kernel: [    3.472278] pci 0000:7a:02.0: BAR 0: assigned [mem 0x20c000000-0x20c0fffff 64bit pref]
Dec  2 13:45:01 ubuntu kernel: [    3.472283] pci 0000:7a:00.0: BAR 0: assigned [mem 0x20c100000-0x20c100fff 64bit pref]
Dec  2 13:45:01 ubuntu kernel: [    3.472288] pci 0000:7a:01.0: BAR 0: assigned [mem 0x20c101000-0x20c101fff 64bit pref]
Dec  2 13:45:01 ubuntu kernel: [    3.472293] pci_bus 0000:7a: resource 4 [mem 0x20c000000-0x20c1fffff pref window]
Dec  2 13:45:01 ubuntu kernel: [    3.472334] ACPI: PCI Root Bridge [PCI3] (domain 0000 [bus 78-79])
Dec  2 13:45:01 ubuntu kernel: [    3.472338] acpi PNP0A08:03: _OSC: OS supports [ExtendedConfig ASPM ClockPM Segments MSI HPX-Type3]
Dec  2 13:45:01 ubuntu kernel: [    3.472433] acpi PNP0A08:03: _OSC: platform does not support [PCIeHotplug SHPCHotplug PME AER LTR]
Dec  2 13:45:01 ubuntu kernel: [    3.472520] acpi PNP0A08:03: _OSC: OS now controls [PCIeCapability]
Dec  2 13:45:01 ubuntu kernel: [    3.473095] acpi PNP0A08:03: ECAM area [mem 0xd7800000-0xd79fffff] reserved by PNP0C02:00
Dec  2 13:45:01 ubuntu kernel: [    3.473102] acpi PNP0A08:03: ECAM at [mem 0xd7800000-0xd79fffff] for [bus 78-79]
Dec  2 13:45:01 ubuntu kernel: [    3.473171] PCI host bridge to bus 0000:78
Dec  2 13:45:01 ubuntu kernel: [    3.473174] pci_bus 0000:78: root bus resource [mem 0x208000000-0x208bfffff pref window]
Dec  2 13:45:01 ubuntu kernel: [    3.473177] pci_bus 0000:78: root bus resource [bus 78-79]
Dec  2 13:45:01 ubuntu kernel: [    3.473189] pci_bus 0000:78: on NUMA node 0
Dec  2 13:45:01 ubuntu kernel: [    3.473191] pci_bus 0000:78: resource 4 [mem 0x208000000-0x208bfffff pref window]
Dec  2 13:45:01 ubuntu kernel: [    3.473236] ACPI: PCI Root Bridge [PCI4] (domain 0000 [bus 7c-7d])
Dec  2 13:45:01 ubuntu kernel: [    3.473240] acpi PNP0A08:04: _OSC: OS supports [ExtendedConfig ASPM ClockPM Segments MSI HPX-Type3]
Dec  2 13:45:01 ubuntu kernel: [    3.473334] acpi PNP0A08:04: _OSC: platform does not support [PCIeHotplug SHPCHotplug PME AER LTR]
Dec  2 13:45:01 ubuntu kernel: [    3.473420] acpi PNP0A08:04: _OSC: OS now controls [PCIeCapability]
Dec  2 13:45:01 ubuntu kernel: [    3.473985] acpi PNP0A08:04: ECAM area [mem 0xd7c00000-0xd7dfffff] reserved by PNP0C02:00
Dec  2 13:45:01 ubuntu kernel: [    3.473991] acpi PNP0A08:04: ECAM at [mem 0xd7c00000-0xd7dfffff] for [bus 7c-7d]
Dec  2 13:45:01 ubuntu kernel: [    3.474043] PCI host bridge to bus 0000:7c
Dec  2 13:45:01 ubuntu kernel: [    3.474047] pci_bus 0000:7c: root bus resource [mem 0x120000000-0x13fffffff pref window]
Dec  2 13:45:01 ubuntu kernel: [    3.474050] pci_bus 0000:7c: root bus resource [bus 7c-7d]
Dec  2 13:45:01 ubuntu kernel: [    3.474057] pci 0000:7c:00.0: [19e5:a121] type 01 class 0x060400
Dec  2 13:45:01 ubuntu kernel: [    3.474068] pci 0000:7c:00.0: enabling Extended Tags
Dec  2 13:45:01 ubuntu kernel: [    3.474144] pci 0000:7d:00.0: [19e5:a222] type 00 class 0x020000
Dec  2 13:45:01 ubuntu kernel: [    3.474151] pci 0000:7d:00.0: reg 0x10: [mem 0x1210f0000-0x1210fffff 64bit pref]
Dec  2 13:45:01 ubuntu kernel: [    3.474156] pci 0000:7d:00.0: reg 0x18: [mem 0x120f00000-0x120ffffff 64bit pref]
Dec  2 13:45:01 ubuntu kernel: [    3.474180] pci 0000:7d:00.0: reg 0x224: [mem 0x1210c0000-0x1210cffff 64bit pref]
Dec  2 13:45:01 ubuntu kernel: [    3.474183] pci 0000:7d:00.0: VF(n) BAR0 space: [mem 0x1210c0000-0x1210effff 64bit pref] (contains BAR0 for 3 VFs)
Dec  2 13:45:01 ubuntu kernel: [    3.474188] pci 0000:7d:00.0: reg 0x22c: [mem 0x120c00000-0x120cfffff 64bit pref]
Dec  2 13:45:01 ubuntu kernel: [    3.474192] pci 0000:7d:00.0: VF(n) BAR2 space: [mem 0x120c00000-0x120efffff 64bit pref] (contains BAR2 for 3 VFs)
Dec  2 13:45:01 ubuntu kernel: [    3.474244] pci 0000:7d:00.1: [19e5:a221] type 00 class 0x020000
Dec  2 13:45:01 ubuntu kernel: [    3.474251] pci 0000:7d:00.1: reg 0x10: [mem 0x1210b0000-0x1210bffff 64bit pref]
Dec  2 13:45:01 ubuntu kernel: [    3.474256] pci 0000:7d:00.1: reg 0x18: [mem 0x120b00000-0x120bfffff 64bit pref]
Dec  2 13:45:01 ubuntu kernel: [    3.474278] pci 0000:7d:00.1: reg 0x224: [mem 0x121080000-0x12108ffff 64bit pref]
Dec  2 13:45:01 ubuntu kernel: [    3.474282] pci 0000:7d:00.1: VF(n) BAR0 space: [mem 0x121080000-0x1210affff 64bit pref] (contains BAR0 for 3 VFs)
Dec  2 13:45:01 ubuntu kernel: [    3.474287] pci 0000:7d:00.1: reg 0x22c: [mem 0x120800000-0x1208fffff 64bit pref]
Dec  2 13:45:01 ubuntu kernel: [    3.474290] pci 0000:7d:00.1: VF(n) BAR2 space: [mem 0x120800000-0x120afffff 64bit pref] (contains BAR2 for 3 VFs)
Dec  2 13:45:01 ubuntu kernel: [    3.474342] pci 0000:7d:00.2: [19e5:a222] type 00 class 0x020000
Dec  2 13:45:01 ubuntu kernel: [    3.474348] pci 0000:7d:00.2: reg 0x10: [mem 0x121070000-0x12107ffff 64bit pref]
Dec  2 13:45:01 ubuntu kernel: [    3.474353] pci 0000:7d:00.2: reg 0x18: [mem 0x120700000-0x1207fffff 64bit pref]
Dec  2 13:45:01 ubuntu kernel: [    3.474375] pci 0000:7d:00.2: reg 0x224: [mem 0x121040000-0x12104ffff 64bit pref]
Dec  2 13:45:01 ubuntu kernel: [    3.474378] pci 0000:7d:00.2: VF(n) BAR0 space: [mem 0x121040000-0x12106ffff 64bit pref] (contains BAR0 for 3 VFs)
Dec  2 13:45:01 ubuntu kernel: [    3.474384] pci 0000:7d:00.2: reg 0x22c: [mem 0x120400000-0x1204fffff 64bit pref]
Dec  2 13:45:01 ubuntu kernel: [    3.474387] pci 0000:7d:00.2: VF(n) BAR2 space: [mem 0x120400000-0x1206fffff 64bit pref] (contains BAR2 for 3 VFs)
Dec  2 13:45:01 ubuntu kernel: [    3.474435] pci 0000:7d:00.3: [19e5:a221] type 00 class 0x020000
Dec  2 13:45:01 ubuntu kernel: [    3.474442] pci 0000:7d:00.3: reg 0x10: [mem 0x121030000-0x12103ffff 64bit pref]
Dec  2 13:45:01 ubuntu kernel: [    3.474447] pci 0000:7d:00.3: reg 0x18: [mem 0x120300000-0x1203fffff 64bit pref]
Dec  2 13:45:01 ubuntu kernel: [    3.474468] pci 0000:7d:00.3: reg 0x224: [mem 0x121000000-0x12100ffff 64bit pref]
Dec  2 13:45:01 ubuntu kernel: [    3.474471] pci 0000:7d:00.3: VF(n) BAR0 space: [mem 0x121000000-0x12102ffff 64bit pref] (contains BAR0 for 3 VFs)
Dec  2 13:45:01 ubuntu kernel: [    3.474477] pci 0000:7d:00.3: reg 0x22c: [mem 0x120000000-0x1200fffff 64bit pref]
Dec  2 13:45:01 ubuntu kernel: [    3.474480] pci 0000:7d:00.3: VF(n) BAR2 space: [mem 0x120000000-0x1202fffff 64bit pref] (contains BAR2 for 3 VFs)
Dec  2 13:45:01 ubuntu kernel: [    3.474538] pci_bus 0000:7c: on NUMA node 0
Dec  2 13:45:01 ubuntu kernel: [    3.474543] pci 0000:7c:00.0: bridge window [mem 0x00100000-0x005fffff 64bit pref] to [bus 7d] add_size c00000 add_align 100000
Dec  2 13:45:01 ubuntu kernel: [    3.474549] pci 0000:7c:00.0: BAR 15: assigned [mem 0x120000000-0x1210fffff 64bit pref]
Dec  2 13:45:01 ubuntu kernel: [    3.474557] pci 0000:7d:00.0: BAR 2: assigned [mem 0x120000000-0x1200fffff 64bit pref]
Dec  2 13:45:01 ubuntu kernel: [    3.474561] pci 0000:7d:00.0: BAR 9: assigned [mem 0x120100000-0x1203fffff 64bit pref]
Dec  2 13:45:01 ubuntu kernel: [    3.474565] pci 0000:7d:00.1: BAR 2: assigned [mem 0x120400000-0x1204fffff 64bit pref]
Dec  2 13:45:01 ubuntu kernel: [    3.474570] pci 0000:7d:00.1: BAR 9: assigned [mem 0x120500000-0x1207fffff 64bit pref]
Dec  2 13:45:01 ubuntu kernel: [    3.474574] pci 0000:7d:00.2: BAR 2: assigned [mem 0x120800000-0x1208fffff 64bit pref]
Dec  2 13:45:01 ubuntu kernel: [    3.474578] pci 0000:7d:00.2: BAR 9: assigned [mem 0x120900000-0x120bfffff 64bit pref]
Dec  2 13:45:01 ubuntu kernel: [    3.474582] pci 0000:7d:00.3: BAR 2: assigned [mem 0x120c00000-0x120cfffff 64bit pref]
Dec  2 13:45:01 ubuntu kernel: [    3.474586] pci 0000:7d:00.3: BAR 9: assigned [mem 0x120d00000-0x120ffffff 64bit pref]
Dec  2 13:45:01 ubuntu kernel: [    3.474590] pci 0000:7d:00.0: BAR 0: assigned [mem 0x121000000-0x12100ffff 64bit pref]
Dec  2 13:45:01 ubuntu kernel: [    3.474594] pci 0000:7d:00.0: BAR 7: assigned [mem 0x121010000-0x12103ffff 64bit pref]
Dec  2 13:45:01 ubuntu kernel: [    3.474598] pci 0000:7d:00.1: BAR 0: assigned [mem 0x121040000-0x12104ffff 64bit pref]
Dec  2 13:45:01 ubuntu kernel: [    3.474603] pci 0000:7d:00.1: BAR 7: assigned [mem 0x121050000-0x12107ffff 64bit pref]
Dec  2 13:45:01 ubuntu kernel: [    3.474606] pci 0000:7d:00.2: BAR 0: assigned [mem 0x121080000-0x12108ffff 64bit pref]
Dec  2 13:45:01 ubuntu kernel: [    3.474611] pci 0000:7d:00.2: BAR 7: assigned [mem 0x121090000-0x1210bffff 64bit pref]
Dec  2 13:45:01 ubuntu kernel: [    3.474615] pci 0000:7d:00.3: BAR 0: assigned [mem 0x1210c0000-0x1210cffff 64bit pref]
Dec  2 13:45:01 ubuntu kernel: [    3.474619] pci 0000:7d:00.3: BAR 7: assigned [mem 0x1210d0000-0x1210fffff 64bit pref]
Dec  2 13:45:01 ubuntu kernel: [    3.474625] pci 0000:7c:00.0: PCI bridge to [bus 7d]
Dec  2 13:45:01 ubuntu kernel: [    3.474629] pci 0000:7c:00.0:   bridge window [mem 0x120000000-0x1210fffff 64bit pref]
Dec  2 13:45:01 ubuntu kernel: [    3.474633] pci_bus 0000:7c: resource 4 [mem 0x120000000-0x13fffffff pref window]
Dec  2 13:45:01 ubuntu kernel: [    3.474636] pci_bus 0000:7d: resource 2 [mem 0x120000000-0x1210fffff 64bit pref]
Dec  2 13:45:01 ubuntu kernel: [    3.474679] ACPI: PCI Root Bridge [PCI5] (domain 0000 [bus 74-76])
Dec  2 13:45:01 ubuntu kernel: [    3.474683] acpi PNP0A08:05: _OSC: OS supports [ExtendedConfig ASPM ClockPM Segments MSI HPX-Type3]
Dec  2 13:45:01 ubuntu kernel: [    3.474778] acpi PNP0A08:05: _OSC: platform does not support [PCIeHotplug SHPCHotplug PME AER LTR]
Dec  2 13:45:01 ubuntu kernel: [    3.474865] acpi PNP0A08:05: _OSC: OS now controls [PCIeCapability]
Dec  2 13:45:01 ubuntu kernel: [    3.475437] acpi PNP0A08:05: ECAM area [mem 0xd7400000-0xd76fffff] reserved by PNP0C02:00
Dec  2 13:45:01 ubuntu kernel: [    3.475452] acpi PNP0A08:05: ECAM at [mem 0xd7400000-0xd76fffff] for [bus 74-76]
Dec  2 13:45:01 ubuntu kernel: [    3.475536] PCI host bridge to bus 0000:74
Dec  2 13:45:01 ubuntu kernel: [    3.475539] pci_bus 0000:74: root bus resource [mem 0x141000000-0x141ffffff pref window]
Dec  2 13:45:01 ubuntu kernel: [    3.475543] pci_bus 0000:74: root bus resource [mem 0x144000000-0x145ffffff pref window]
Dec  2 13:45:01 ubuntu kernel: [    3.475546] pci_bus 0000:74: root bus resource [mem 0xa2000000-0xa2ffffff window]
Dec  2 13:45:01 ubuntu kernel: [    3.475549] pci_bus 0000:74: root bus resource [bus 74-76]
Dec  2 13:45:01 ubuntu kernel: [    3.475556] pci 0000:74:01.0: [19e5:a121] type 01 class 0x060400
Dec  2 13:45:01 ubuntu kernel: [    3.475567] pci 0000:74:01.0: enabling Extended Tags
Dec  2 13:45:01 ubuntu kernel: [    3.475651] pci 0000:74:02.0: [19e5:a230] type 00 class 0x010700
Dec  2 13:45:01 ubuntu kernel: [    3.475661] pci 0000:74:02.0: reg 0x24: [mem 0xa2008000-0xa200ffff]
Dec  2 13:45:01 ubuntu kernel: [    3.475744] pci 0000:74:03.0: [19e5:a235] type 00 class 0x010601
Dec  2 13:45:01 ubuntu kernel: [    3.475757] pci 0000:74:03.0: reg 0x24: [mem 0xa2010000-0xa2010fff]
Dec  2 13:45:01 ubuntu kernel: [    3.475810] pci 0000:74:04.0: [19e5:a230] type 00 class 0x010700
Dec  2 13:45:01 ubuntu kernel: [    3.475820] pci 0000:74:04.0: reg 0x24: [mem 0xa2000000-0xa2007fff]
Dec  2 13:45:01 ubuntu kernel: [    3.475938] pci 0000:75:00.0: [19e5:a255] type 00 class 0x100000
Dec  2 13:45:01 ubuntu kernel: [    3.475947] pci 0000:75:00.0: reg 0x18: [mem 0x144000000-0x1443fffff 64bit pref]
Dec  2 13:45:01 ubuntu kernel: [    3.475972] pci 0000:75:00.0: reg 0x22c: [mem 0x144400000-0x14440ffff 64bit pref]
Dec  2 13:45:01 ubuntu kernel: [    3.475975] pci 0000:75:00.0: VF(n) BAR2 space: [mem 0x144400000-0x1447effff 64bit pref] (contains BAR2 for 63 VFs)
Dec  2 13:45:01 ubuntu kernel: [    3.476086] pci_bus 0000:74: on NUMA node 0
Dec  2 13:45:01 ubuntu kernel: [    3.476090] pci 0000:74:01.0: bridge window [mem 0x00400000-0x007fffff 64bit pref] to [bus 75] add_size 400000 add_align 400000
Dec  2 13:45:01 ubuntu kernel: [    3.476096] pci 0000:74:01.0: BAR 15: assigned [mem 0x141000000-0x1417fffff 64bit pref]
Dec  2 13:45:01 ubuntu kernel: [    3.476099] pci 0000:74:02.0: BAR 5: assigned [mem 0xa2000000-0xa2007fff]
Dec  2 13:45:01 ubuntu kernel: [    3.476103] pci 0000:74:04.0: BAR 5: assigned [mem 0xa2008000-0xa200ffff]
Dec  2 13:45:01 ubuntu kernel: [    3.476106] pci 0000:74:03.0: BAR 5: assigned [mem 0xa2010000-0xa2010fff]
Dec  2 13:45:01 ubuntu kernel: [    3.476110] pci 0000:75:00.0: BAR 2: assigned [mem 0x141000000-0x1413fffff 64bit pref]
Dec  2 13:45:01 ubuntu kernel: [    3.476115] pci 0000:75:00.0: BAR 9: assigned [mem 0x141400000-0x1417effff 64bit pref]
Dec  2 13:45:01 ubuntu kernel: [    3.476118] pci 0000:74:01.0: PCI bridge to [bus 75]
Dec  2 13:45:01 ubuntu kernel: [    3.476122] pci 0000:74:01.0:   bridge window [mem 0x141000000-0x1417fffff 64bit pref]
Dec  2 13:45:01 ubuntu kernel: [    3.476126] pci_bus 0000:74: resource 4 [mem 0x141000000-0x141ffffff pref window]
Dec  2 13:45:01 ubuntu kernel: [    3.476130] pci_bus 0000:74: resource 5 [mem 0x144000000-0x145ffffff pref window]
Dec  2 13:45:01 ubuntu kernel: [    3.476133] pci_bus 0000:74: resource 6 [mem 0xa2000000-0xa2ffffff window]
Dec  2 13:45:01 ubuntu kernel: [    3.476135] pci_bus 0000:75: resource 2 [mem 0x141000000-0x1417fffff 64bit pref]
Dec  2 13:45:01 ubuntu kernel: [    3.476202] ACPI: PCI Root Bridge [PCI6] (domain 0000 [bus 80-9f])
Dec  2 13:45:01 ubuntu kernel: [    3.476206] acpi PNP0A08:06: _OSC: OS supports [ExtendedConfig ASPM ClockPM Segments MSI HPX-Type3]
Dec  2 13:45:01 ubuntu kernel: [    3.476302] acpi PNP0A08:06: _OSC: platform does not support [SHPCHotplug LTR]
Dec  2 13:45:01 ubuntu kernel: [    3.476389] acpi PNP0A08:06: _OSC: OS now controls [PCIeHotplug PME AER PCIeCapability]
