Dec  2 16:32:36 ubuntu kernel: [    0.000000] Booting Linux on physical CPU 0x0000080000 [0x481fd010]
Dec  2 16:32:36 ubuntu kernel: [    0.000000] Linux version 5.7.1 (root@ubuntu) (gcc version 7.5.0 (Ubuntu/Linaro 7.5.0-3ubuntu1~18.04), GNU ld (GNU Binutils for Ubuntu) 2.30) #1 SMP Wed Dec 2 16:01:48 CST 2020
Dec  2 16:32:36 ubuntu kernel: [    0.000000] efi: EFI v2.70 by EDK II
Dec  2 16:32:36 ubuntu kernel: [    0.000000] efi:  ACPI 2.0=0x2fc50000  SMBIOS 3.0=0x2fbf0000  MEMATTR=0x35e92018  ESRT=0x36117b18  MEMRESERVE=0x2fb93018 
Dec  2 16:32:36 ubuntu kernel: [    0.000000] esrt: Reserving ESRT space from 0x0000000036117b18 to 0x0000000036117b50.
Dec  2 16:32:36 ubuntu kernel: [    0.000000] cma: Reserved 32 MiB at 0x000000007e000000
Dec  2 16:32:36 ubuntu kernel: [    0.000000] ACPI: Early table checksum verification disabled
Dec  2 16:32:36 ubuntu kernel: [    0.000000] ACPI: RSDP 0x000000002FC50000 000024 (v02 HISI  )
Dec  2 16:32:36 ubuntu kernel: [    0.000000] ACPI: XSDT 0x000000002FC40000 0000A4 (v01 HISI   HIP08    00000000      01000013)
Dec  2 16:32:36 ubuntu kernel: [    0.000000] ACPI: FACP 0x000000002F790000 000114 (v06 HISI   HIP08    00000000 HISI 20151124)
Dec  2 16:32:36 ubuntu kernel: [    0.000000] ACPI: DSDT 0x000000002F530000 00C441 (v02 HISI   HIP08    00000000 INTL 20181213)
Dec  2 16:32:36 ubuntu kernel: [    0.000000] ACPI: PCCT 0x000000002FC30000 00008A (v01 HISI   HIP08    00000000 HISI 20151124)
Dec  2 16:32:36 ubuntu kernel: [    0.000000] ACPI: SSDT 0x000000002FC20000 00E64A (v02 HISI   HIP07    00000000 INTL 20181213)
Dec  2 16:32:36 ubuntu kernel: [    0.000000] ACPI: BERT 0x000000002FBC0000 000030 (v01 HISI   HIP08    00000000 HISI 20151124)
Dec  2 16:32:36 ubuntu kernel: [    0.000000] ACPI: HEST 0x000000002FBA0000 00058C (v01 HISI   HIP08    00000000 HISI 20151124)
Dec  2 16:32:36 ubuntu kernel: [    0.000000] ACPI: ERST 0x000000002FB60000 000230 (v01 HISI   HIP08    00000000 HISI 20151124)
Dec  2 16:32:36 ubuntu kernel: [    0.000000] ACPI: EINJ 0x000000002FB50000 000170 (v01 HISI   HIP08    00000000 HISI 20151124)
Dec  2 16:32:36 ubuntu kernel: [    0.000000] ACPI: GTDT 0x000000002F590000 00007C (v02 HISI   HIP08    00000000 HISI 20151124)
Dec  2 16:32:36 ubuntu kernel: [    0.000000] ACPI: MCFG 0x000000002F580000 00003C (v01 HISI   HIP08    00000000 HISI 20151124)
Dec  2 16:32:36 ubuntu kernel: [    0.000000] ACPI: SLIT 0x000000002F570000 00003C (v01 HISI   HIP08    00000000 HISI 20151124)
Dec  2 16:32:36 ubuntu kernel: [    0.000000] ACPI: SRAT 0x000000002F560000 0007D0 (v03 HISI   HIP08    00000000 HISI 20151124)
Dec  2 16:32:36 ubuntu kernel: [    0.000000] ACPI: SDEI 0x000000002F550000 000030 (v01 HISI   HIP08    00000000 HISI 20151124)
Dec  2 16:32:36 ubuntu kernel: [    0.000000] ACPI: APIC 0x000000002F540000 001E6C (v04 HISI   HIP08    00000000 HISI 20151124)
Dec  2 16:32:36 ubuntu kernel: [    0.000000] ACPI: IORT 0x000000002F520000 001678 (v00 HISI   HIP08    00000000 INTL 20181213)
Dec  2 16:32:36 ubuntu kernel: [    0.000000] ACPI: PPTT 0x000000002ECE0000 0031B0 (v01 HISI   HIP08    00000000 HISI 20151124)
Dec  2 16:32:36 ubuntu kernel: [    0.000000] ACPI: SPMI 0x000000002ECD0000 000041 (v05 HISI   HIP08    00000000 HISI 20151124)
Dec  2 16:32:36 ubuntu kernel: [    0.000000] ACPI: SRAT: Node 0 PXM 0 [mem 0x2080000000-0x27ffffffff]
Dec  2 16:32:36 ubuntu kernel: [    0.000000] ACPI: SRAT: Node 1 PXM 1 [mem 0x2800000000-0x2fffffffff]
Dec  2 16:32:36 ubuntu kernel: [    0.000000] ACPI: SRAT: Node 0 PXM 0 [mem 0x00000000-0x7fffffff]
Dec  2 16:32:36 ubuntu kernel: [    0.000000] ACPI: SRAT: Node 2 PXM 2 [mem 0x202000000000-0x2027ffffffff]
Dec  2 16:32:36 ubuntu kernel: [    0.000000] ACPI: SRAT: Node 3 PXM 3 [mem 0x202800000000-0x202fffffffff]
Dec  2 16:32:36 ubuntu kernel: [    0.000000] NUMA: NODE_DATA [mem 0x27ffffc300-0x27ffffffff]
Dec  2 16:32:36 ubuntu kernel: [    0.000000] NUMA: NODE_DATA [mem 0x2fffffc300-0x2fffffffff]
Dec  2 16:32:36 ubuntu kernel: [    0.000000] NUMA: NODE_DATA [mem 0x2027ffffc300-0x2027ffffffff]
Dec  2 16:32:36 ubuntu kernel: [    0.000000] NUMA: NODE_DATA [mem 0x202ff0000300-0x202ff0003fff]
Dec  2 16:32:36 ubuntu kernel: [    0.000000] Zone ranges:
Dec  2 16:32:36 ubuntu kernel: [    0.000000]   DMA      [mem 0x0000000000000000-0x000000003fffffff]
Dec  2 16:32:36 ubuntu kernel: [    0.000000]   DMA32    [mem 0x0000000040000000-0x00000000ffffffff]
Dec  2 16:32:36 ubuntu kernel: [    0.000000]   Normal   [mem 0x0000000100000000-0x0000202fffffffff]
Dec  2 16:32:36 ubuntu kernel: [    0.000000] Movable zone start for each node
Dec  2 16:32:36 ubuntu kernel: [    0.000000] Early memory node ranges
Dec  2 16:32:36 ubuntu kernel: [    0.000000]   node   0: [mem 0x0000000000000000-0x000000000000ffff]
Dec  2 16:32:36 ubuntu kernel: [    0.000000]   node   0: [mem 0x0000000000010000-0x000000002e4f2fff]
Dec  2 16:32:36 ubuntu kernel: [    0.000000]   node   0: [mem 0x000000002e4f3000-0x000000002eccffff]
Dec  2 16:32:36 ubuntu kernel: [    0.000000]   node   0: [mem 0x000000002ecd0000-0x000000002f59ffff]
Dec  2 16:32:36 ubuntu kernel: [    0.000000]   node   0: [mem 0x000000002f5a0000-0x000000002f78ffff]
Dec  2 16:32:36 ubuntu kernel: [    0.000000]   node   0: [mem 0x000000002f790000-0x000000002f79ffff]
Dec  2 16:32:36 ubuntu kernel: [    0.000000]   node   0: [mem 0x000000002f7a0000-0x000000002f87ffff]
Dec  2 16:32:36 ubuntu kernel: [    0.000000]   node   0: [mem 0x000000002f880000-0x000000002f8bffff]
Dec  2 16:32:36 ubuntu kernel: [    0.000000]   node   0: [mem 0x000000002f8c0000-0x000000002f95ffff]
Dec  2 16:32:36 ubuntu kernel: [    0.000000]   node   0: [mem 0x000000002f960000-0x000000002f97ffff]
Dec  2 16:32:36 ubuntu kernel: [    0.000000]   node   0: [mem 0x000000002f980000-0x000000002fabffff]
Dec  2 16:32:36 ubuntu kernel: [    0.000000]   node   0: [mem 0x000000002fac0000-0x000000002fb6ffff]
Dec  2 16:32:36 ubuntu kernel: [    0.000000]   node   0: [mem 0x000000002fb70000-0x000000002fb71fff]
Dec  2 16:32:36 ubuntu kernel: [    0.000000]   node   0: [mem 0x000000002fb72000-0x000000002fb7ffff]
Dec  2 16:32:36 ubuntu kernel: [    0.000000]   node   0: [mem 0x000000002fb80000-0x000000002fb80fff]
Dec  2 16:32:36 ubuntu kernel: [    0.000000]   node   0: [mem 0x000000002fb81000-0x000000002fb8ffff]
Dec  2 16:32:36 ubuntu kernel: [    0.000000]   node   0: [mem 0x000000002fb90000-0x000000002fb91fff]
Dec  2 16:32:36 ubuntu kernel: [    0.000000]   node   0: [mem 0x000000002fb92000-0x000000002fbaffff]
Dec  2 16:32:36 ubuntu kernel: [    0.000000]   node   0: [mem 0x000000002fbb0000-0x000000002fbb1fff]
Dec  2 16:32:36 ubuntu kernel: [    0.000000]   node   0: [mem 0x000000002fbb2000-0x000000002fbcffff]
Dec  2 16:32:36 ubuntu kernel: [    0.000000]   node   0: [mem 0x000000002fbd0000-0x000000002fbd0fff]
Dec  2 16:32:36 ubuntu kernel: [    0.000000]   node   0: [mem 0x000000002fbd1000-0x000000002fbdffff]
Dec  2 16:32:36 ubuntu kernel: [    0.000000]   node   0: [mem 0x000000002fbe0000-0x000000002fbfffff]
Dec  2 16:32:36 ubuntu kernel: [    0.000000]   node   0: [mem 0x000000002fc00000-0x000000002fc5ffff]
Dec  2 16:32:36 ubuntu kernel: [    0.000000]   node   0: [mem 0x000000002fc60000-0x000000002fe5ffff]
Dec  2 16:32:36 ubuntu kernel: [    0.000000]   node   0: [mem 0x000000002fe60000-0x000000002fe60fff]
Dec  2 16:32:36 ubuntu kernel: [    0.000000]   node   0: [mem 0x000000002fe61000-0x000000002fe64fff]
Dec  2 16:32:36 ubuntu kernel: [    0.000000]   node   0: [mem 0x000000002fe65000-0x000000002fe6afff]
Dec  2 16:32:36 ubuntu kernel: [    0.000000]   node   0: [mem 0x000000002fe6b000-0x000000002fe6bfff]
Dec  2 16:32:36 ubuntu kernel: [    0.000000]   node   0: [mem 0x000000002fe6c000-0x000000003f02ffff]
Dec  2 16:32:36 ubuntu kernel: [    0.000000]   node   0: [mem 0x000000003f030000-0x000000003f05ffff]
Dec  2 16:32:36 ubuntu kernel: [    0.000000]   node   0: [mem 0x000000003f060000-0x000000003fbfffff]
Dec  2 16:32:36 ubuntu kernel: [    0.000000]   node   0: [mem 0x0000000040000000-0x0000000043ffffff]
Dec  2 16:32:36 ubuntu kernel: [    0.000000]   node   0: [mem 0x0000000044030000-0x000000004fffffff]
Dec  2 16:32:36 ubuntu kernel: [    0.000000]   node   0: [mem 0x0000000050000000-0x000000007fffffff]
Dec  2 16:32:36 ubuntu kernel: [    0.000000]   node   0: [mem 0x0000002080000000-0x00000027ffffffff]
Dec  2 16:32:36 ubuntu kernel: [    0.000000]   node   1: [mem 0x0000002800000000-0x0000002fffffffff]
Dec  2 16:32:36 ubuntu kernel: [    0.000000]   node   2: [mem 0x0000202000000000-0x00002027ffffffff]
Dec  2 16:32:36 ubuntu kernel: [    0.000000]   node   3: [mem 0x0000202800000000-0x0000202fffffffff]
Dec  2 16:32:36 ubuntu kernel: [    0.000000] Zeroed struct page in unavailable ranges: 829 pages
Dec  2 16:32:36 ubuntu kernel: [    0.000000] Initmem setup node 0 [mem 0x0000000000000000-0x00000027ffffffff]
Dec  2 16:32:36 ubuntu kernel: [    0.000000] On node 0 totalpages: 8387536
Dec  2 16:32:36 ubuntu kernel: [    0.000000]   DMA zone: 5120 pages used for memmap
Dec  2 16:32:36 ubuntu kernel: [    0.000000]   DMA zone: 0 pages reserved
Dec  2 16:32:36 ubuntu kernel: [    0.000000]   DMA zone: 261120 pages, LIFO batch:63
Dec  2 16:32:36 ubuntu kernel: [    0.000000]   DMA32 zone: 5120 pages used for memmap
Dec  2 16:32:36 ubuntu kernel: [    0.000000]   DMA32 zone: 262096 pages, LIFO batch:63
Dec  2 16:32:36 ubuntu kernel: [    0.000000]   Normal zone: 153600 pages used for memmap
Dec  2 16:32:36 ubuntu kernel: [    0.000000]   Normal zone: 7864320 pages, LIFO batch:63
Dec  2 16:32:36 ubuntu kernel: [    0.000000] Initmem setup node 1 [mem 0x0000002800000000-0x0000002fffffffff]
Dec  2 16:32:36 ubuntu kernel: [    0.000000] On node 1 totalpages: 8388608
Dec  2 16:32:36 ubuntu kernel: [    0.000000]   Normal zone: 163840 pages used for memmap
Dec  2 16:32:36 ubuntu kernel: [    0.000000]   Normal zone: 8388608 pages, LIFO batch:63
Dec  2 16:32:36 ubuntu kernel: [    0.000000] Initmem setup node 2 [mem 0x0000202000000000-0x00002027ffffffff]
Dec  2 16:32:36 ubuntu kernel: [    0.000000] On node 2 totalpages: 8388608
Dec  2 16:32:36 ubuntu kernel: [    0.000000]   Normal zone: 163840 pages used for memmap
Dec  2 16:32:36 ubuntu kernel: [    0.000000]   Normal zone: 8388608 pages, LIFO batch:63
Dec  2 16:32:36 ubuntu kernel: [    0.000000] Initmem setup node 3 [mem 0x0000202800000000-0x0000202fffffffff]
Dec  2 16:32:36 ubuntu kernel: [    0.000000] On node 3 totalpages: 8388608
Dec  2 16:32:36 ubuntu kernel: [    0.000000]   Normal zone: 163840 pages used for memmap
Dec  2 16:32:36 ubuntu kernel: [    0.000000]   Normal zone: 8388608 pages, LIFO batch:63
Dec  2 16:32:36 ubuntu kernel: [    0.000000] psci: probing for conduit method from ACPI.
Dec  2 16:32:36 ubuntu kernel: [    0.000000] psci: PSCIv1.1 detected in firmware.
Dec  2 16:32:36 ubuntu kernel: [    0.000000] psci: Using standard PSCI v0.2 function IDs
Dec  2 16:32:36 ubuntu kernel: [    0.000000] psci: MIGRATE_INFO_TYPE not supported.
Dec  2 16:32:36 ubuntu kernel: [    0.000000] psci: SMC Calling Convention v1.1
Dec  2 16:32:36 ubuntu kernel: [    0.000000] ACPI: NUMA: SRAT: PXM 0 -> MPIDR 0x80000 -> Node 0
Dec  2 16:32:36 ubuntu kernel: [    0.000000] ACPI: NUMA: SRAT: PXM 0 -> MPIDR 0x80100 -> Node 0
Dec  2 16:32:36 ubuntu kernel: [    0.000000] ACPI: NUMA: SRAT: PXM 0 -> MPIDR 0x80200 -> Node 0
Dec  2 16:32:36 ubuntu kernel: [    0.000000] ACPI: NUMA: SRAT: PXM 0 -> MPIDR 0x80300 -> Node 0
Dec  2 16:32:36 ubuntu kernel: [    0.000000] ACPI: NUMA: SRAT: PXM 0 -> MPIDR 0x90000 -> Node 0
Dec  2 16:32:36 ubuntu kernel: [    0.000000] ACPI: NUMA: SRAT: PXM 0 -> MPIDR 0x90100 -> Node 0
Dec  2 16:32:36 ubuntu kernel: [    0.000000] ACPI: NUMA: SRAT: PXM 0 -> MPIDR 0x90200 -> Node 0
Dec  2 16:32:36 ubuntu kernel: [    0.000000] ACPI: NUMA: SRAT: PXM 0 -> MPIDR 0x90300 -> Node 0
Dec  2 16:32:36 ubuntu kernel: [    0.000000] ACPI: NUMA: SRAT: PXM 0 -> MPIDR 0xa0000 -> Node 0
Dec  2 16:32:36 ubuntu kernel: [    0.000000] ACPI: NUMA: SRAT: PXM 0 -> MPIDR 0xa0100 -> Node 0
Dec  2 16:32:36 ubuntu kernel: [    0.000000] ACPI: NUMA: SRAT: PXM 0 -> MPIDR 0xa0200 -> Node 0
Dec  2 16:32:36 ubuntu kernel: [    0.000000] ACPI: NUMA: SRAT: PXM 0 -> MPIDR 0xa0300 -> Node 0
Dec  2 16:32:36 ubuntu kernel: [    0.000000] ACPI: NUMA: SRAT: PXM 0 -> MPIDR 0xb0000 -> Node 0
Dec  2 16:32:36 ubuntu kernel: [    0.000000] ACPI: NUMA: SRAT: PXM 0 -> MPIDR 0xb0100 -> Node 0
Dec  2 16:32:36 ubuntu kernel: [    0.000000] ACPI: NUMA: SRAT: PXM 0 -> MPIDR 0xb0200 -> Node 0
Dec  2 16:32:36 ubuntu kernel: [    0.000000] ACPI: NUMA: SRAT: PXM 0 -> MPIDR 0xb0300 -> Node 0
Dec  2 16:32:36 ubuntu kernel: [    0.000000] ACPI: NUMA: SRAT: PXM 0 -> MPIDR 0xc0000 -> Node 0
Dec  2 16:32:36 ubuntu kernel: [    0.000000] ACPI: NUMA: SRAT: PXM 0 -> MPIDR 0xc0100 -> Node 0
Dec  2 16:32:36 ubuntu kernel: [    0.000000] ACPI: NUMA: SRAT: PXM 0 -> MPIDR 0xc0200 -> Node 0
Dec  2 16:32:36 ubuntu kernel: [    0.000000] ACPI: NUMA: SRAT: PXM 0 -> MPIDR 0xc0300 -> Node 0
Dec  2 16:32:36 ubuntu kernel: [    0.000000] ACPI: NUMA: SRAT: PXM 0 -> MPIDR 0xd0000 -> Node 0
Dec  2 16:32:36 ubuntu kernel: [    0.000000] ACPI: NUMA: SRAT: PXM 0 -> MPIDR 0xd0100 -> Node 0
Dec  2 16:32:36 ubuntu kernel: [    0.000000] ACPI: NUMA: SRAT: PXM 0 -> MPIDR 0xd0200 -> Node 0
Dec  2 16:32:36 ubuntu kernel: [    0.000000] ACPI: NUMA: SRAT: PXM 0 -> MPIDR 0xd0300 -> Node 0
Dec  2 16:32:36 ubuntu kernel: [    0.000000] ACPI: NUMA: SRAT: PXM 1 -> MPIDR 0x180000 -> Node 1
Dec  2 16:32:36 ubuntu kernel: [    0.000000] ACPI: NUMA: SRAT: PXM 1 -> MPIDR 0x180100 -> Node 1
Dec  2 16:32:36 ubuntu kernel: [    0.000000] ACPI: NUMA: SRAT: PXM 1 -> MPIDR 0x180200 -> Node 1
Dec  2 16:32:36 ubuntu kernel: [    0.000000] ACPI: NUMA: SRAT: PXM 1 -> MPIDR 0x180300 -> Node 1
Dec  2 16:32:36 ubuntu kernel: [    0.000000] ACPI: NUMA: SRAT: PXM 1 -> MPIDR 0x190000 -> Node 1
Dec  2 16:32:36 ubuntu kernel: [    0.000000] ACPI: NUMA: SRAT: PXM 1 -> MPIDR 0x190100 -> Node 1
Dec  2 16:32:36 ubuntu kernel: [    0.000000] ACPI: NUMA: SRAT: PXM 1 -> MPIDR 0x190200 -> Node 1
Dec  2 16:32:36 ubuntu kernel: [    0.000000] ACPI: NUMA: SRAT: PXM 1 -> MPIDR 0x190300 -> Node 1
Dec  2 16:32:36 ubuntu kernel: [    0.000000] ACPI: NUMA: SRAT: PXM 1 -> MPIDR 0x1a0000 -> Node 1
Dec  2 16:32:36 ubuntu kernel: [    0.000000] ACPI: NUMA: SRAT: PXM 1 -> MPIDR 0x1a0100 -> Node 1
Dec  2 16:32:36 ubuntu kernel: [    0.000000] ACPI: NUMA: SRAT: PXM 1 -> MPIDR 0x1a0200 -> Node 1
Dec  2 16:32:36 ubuntu kernel: [    0.000000] ACPI: NUMA: SRAT: PXM 1 -> MPIDR 0x1a0300 -> Node 1
Dec  2 16:32:36 ubuntu kernel: [    0.000000] ACPI: NUMA: SRAT: PXM 1 -> MPIDR 0x1b0000 -> Node 1
Dec  2 16:32:36 ubuntu kernel: [    0.000000] ACPI: NUMA: SRAT: PXM 1 -> MPIDR 0x1b0100 -> Node 1
Dec  2 16:32:36 ubuntu kernel: [    0.000000] ACPI: NUMA: SRAT: PXM 1 -> MPIDR 0x1b0200 -> Node 1
Dec  2 16:32:36 ubuntu kernel: [    0.000000] ACPI: NUMA: SRAT: PXM 1 -> MPIDR 0x1b0300 -> Node 1
Dec  2 16:32:36 ubuntu kernel: [    0.000000] ACPI: NUMA: SRAT: PXM 1 -> MPIDR 0x1c0000 -> Node 1
Dec  2 16:32:36 ubuntu kernel: [    0.000000] ACPI: NUMA: SRAT: PXM 1 -> MPIDR 0x1c0100 -> Node 1
Dec  2 16:32:36 ubuntu kernel: [    0.000000] ACPI: NUMA: SRAT: PXM 1 -> MPIDR 0x1c0200 -> Node 1
Dec  2 16:32:36 ubuntu kernel: [    0.000000] ACPI: NUMA: SRAT: PXM 1 -> MPIDR 0x1c0300 -> Node 1
Dec  2 16:32:36 ubuntu kernel: [    0.000000] ACPI: NUMA: SRAT: PXM 1 -> MPIDR 0x1d0000 -> Node 1
Dec  2 16:32:36 ubuntu kernel: [    0.000000] ACPI: NUMA: SRAT: PXM 1 -> MPIDR 0x1d0100 -> Node 1
Dec  2 16:32:36 ubuntu kernel: [    0.000000] ACPI: NUMA: SRAT: PXM 1 -> MPIDR 0x1d0200 -> Node 1
Dec  2 16:32:36 ubuntu kernel: [    0.000000] ACPI: NUMA: SRAT: PXM 1 -> MPIDR 0x1d0300 -> Node 1
Dec  2 16:32:36 ubuntu kernel: [    0.000000] ACPI: NUMA: SRAT: PXM 2 -> MPIDR 0x280000 -> Node 2
Dec  2 16:32:36 ubuntu kernel: [    0.000000] ACPI: NUMA: SRAT: PXM 2 -> MPIDR 0x280100 -> Node 2
Dec  2 16:32:36 ubuntu kernel: [    0.000000] ACPI: NUMA: SRAT: PXM 2 -> MPIDR 0x280200 -> Node 2
Dec  2 16:32:36 ubuntu kernel: [    0.000000] ACPI: NUMA: SRAT: PXM 2 -> MPIDR 0x280300 -> Node 2
Dec  2 16:32:36 ubuntu kernel: [    0.000000] ACPI: NUMA: SRAT: PXM 2 -> MPIDR 0x290000 -> Node 2
Dec  2 16:32:36 ubuntu kernel: [    0.000000] ACPI: NUMA: SRAT: PXM 2 -> MPIDR 0x290100 -> Node 2
Dec  2 16:32:36 ubuntu kernel: [    0.000000] ACPI: NUMA: SRAT: PXM 2 -> MPIDR 0x290200 -> Node 2
Dec  2 16:32:36 ubuntu kernel: [    0.000000] ACPI: NUMA: SRAT: PXM 2 -> MPIDR 0x290300 -> Node 2
Dec  2 16:32:36 ubuntu kernel: [    0.000000] ACPI: NUMA: SRAT: PXM 2 -> MPIDR 0x2a0000 -> Node 2
Dec  2 16:32:36 ubuntu kernel: [    0.000000] ACPI: NUMA: SRAT: PXM 2 -> MPIDR 0x2a0100 -> Node 2
Dec  2 16:32:36 ubuntu kernel: [    0.000000] ACPI: NUMA: SRAT: PXM 2 -> MPIDR 0x2a0200 -> Node 2
Dec  2 16:32:36 ubuntu kernel: [    0.000000] ACPI: NUMA: SRAT: PXM 2 -> MPIDR 0x2a0300 -> Node 2
Dec  2 16:32:36 ubuntu kernel: [    0.000000] ACPI: NUMA: SRAT: PXM 2 -> MPIDR 0x2b0000 -> Node 2
Dec  2 16:32:36 ubuntu kernel: [    0.000000] ACPI: NUMA: SRAT: PXM 2 -> MPIDR 0x2b0100 -> Node 2
Dec  2 16:32:36 ubuntu kernel: [    0.000000] ACPI: NUMA: SRAT: PXM 2 -> MPIDR 0x2b0200 -> Node 2
Dec  2 16:32:36 ubuntu kernel: [    0.000000] ACPI: NUMA: SRAT: PXM 2 -> MPIDR 0x2b0300 -> Node 2
Dec  2 16:32:36 ubuntu kernel: [    0.000000] ACPI: NUMA: SRAT: PXM 2 -> MPIDR 0x2c0000 -> Node 2
Dec  2 16:32:36 ubuntu kernel: [    0.000000] ACPI: NUMA: SRAT: PXM 2 -> MPIDR 0x2c0100 -> Node 2
Dec  2 16:32:36 ubuntu kernel: [    0.000000] ACPI: NUMA: SRAT: PXM 2 -> MPIDR 0x2c0200 -> Node 2
Dec  2 16:32:36 ubuntu kernel: [    0.000000] ACPI: NUMA: SRAT: PXM 2 -> MPIDR 0x2c0300 -> Node 2
Dec  2 16:32:36 ubuntu kernel: [    0.000000] ACPI: NUMA: SRAT: PXM 2 -> MPIDR 0x2d0000 -> Node 2
Dec  2 16:32:36 ubuntu kernel: [    0.000000] ACPI: NUMA: SRAT: PXM 2 -> MPIDR 0x2d0100 -> Node 2
Dec  2 16:32:36 ubuntu kernel: [    0.000000] ACPI: NUMA: SRAT: PXM 2 -> MPIDR 0x2d0200 -> Node 2
Dec  2 16:32:36 ubuntu kernel: [    0.000000] ACPI: NUMA: SRAT: PXM 2 -> MPIDR 0x2d0300 -> Node 2
Dec  2 16:32:36 ubuntu kernel: [    0.000000] ACPI: NUMA: SRAT: PXM 3 -> MPIDR 0x380000 -> Node 3
Dec  2 16:32:36 ubuntu kernel: [    0.000000] ACPI: NUMA: SRAT: PXM 3 -> MPIDR 0x380100 -> Node 3
Dec  2 16:32:36 ubuntu kernel: [    0.000000] ACPI: NUMA: SRAT: PXM 3 -> MPIDR 0x380200 -> Node 3
Dec  2 16:32:36 ubuntu kernel: [    0.000000] ACPI: NUMA: SRAT: PXM 3 -> MPIDR 0x380300 -> Node 3
Dec  2 16:32:36 ubuntu kernel: [    0.000000] ACPI: NUMA: SRAT: PXM 3 -> MPIDR 0x390000 -> Node 3
Dec  2 16:32:36 ubuntu kernel: [    0.000000] ACPI: NUMA: SRAT: PXM 3 -> MPIDR 0x390100 -> Node 3
Dec  2 16:32:36 ubuntu kernel: [    0.000000] ACPI: NUMA: SRAT: PXM 3 -> MPIDR 0x390200 -> Node 3
Dec  2 16:32:36 ubuntu kernel: [    0.000000] ACPI: NUMA: SRAT: PXM 3 -> MPIDR 0x390300 -> Node 3
Dec  2 16:32:36 ubuntu kernel: [    0.000000] ACPI: NUMA: SRAT: PXM 3 -> MPIDR 0x3a0000 -> Node 3
Dec  2 16:32:36 ubuntu kernel: [    0.000000] ACPI: NUMA: SRAT: PXM 3 -> MPIDR 0x3a0100 -> Node 3
Dec  2 16:32:36 ubuntu kernel: [    0.000000] ACPI: NUMA: SRAT: PXM 3 -> MPIDR 0x3a0200 -> Node 3
Dec  2 16:32:36 ubuntu kernel: [    0.000000] ACPI: NUMA: SRAT: PXM 3 -> MPIDR 0x3a0300 -> Node 3
Dec  2 16:32:36 ubuntu kernel: [    0.000000] ACPI: NUMA: SRAT: PXM 3 -> MPIDR 0x3b0000 -> Node 3
Dec  2 16:32:36 ubuntu kernel: [    0.000000] ACPI: NUMA: SRAT: PXM 3 -> MPIDR 0x3b0100 -> Node 3
Dec  2 16:32:36 ubuntu kernel: [    0.000000] ACPI: NUMA: SRAT: PXM 3 -> MPIDR 0x3b0200 -> Node 3
Dec  2 16:32:36 ubuntu kernel: [    0.000000] ACPI: NUMA: SRAT: PXM 3 -> MPIDR 0x3b0300 -> Node 3
Dec  2 16:32:36 ubuntu kernel: [    0.000000] ACPI: NUMA: SRAT: PXM 3 -> MPIDR 0x3c0000 -> Node 3
Dec  2 16:32:36 ubuntu kernel: [    0.000000] ACPI: NUMA: SRAT: PXM 3 -> MPIDR 0x3c0100 -> Node 3
Dec  2 16:32:36 ubuntu kernel: [    0.000000] ACPI: NUMA: SRAT: PXM 3 -> MPIDR 0x3c0200 -> Node 3
Dec  2 16:32:36 ubuntu kernel: [    0.000000] ACPI: NUMA: SRAT: PXM 3 -> MPIDR 0x3c0300 -> Node 3
Dec  2 16:32:36 ubuntu kernel: [    0.000000] ACPI: NUMA: SRAT: PXM 3 -> MPIDR 0x3d0000 -> Node 3
Dec  2 16:32:36 ubuntu kernel: [    0.000000] ACPI: NUMA: SRAT: PXM 3 -> MPIDR 0x3d0100 -> Node 3
Dec  2 16:32:36 ubuntu kernel: [    0.000000] ACPI: NUMA: SRAT: PXM 3 -> MPIDR 0x3d0200 -> Node 3
Dec  2 16:32:36 ubuntu kernel: [    0.000000] ACPI: NUMA: SRAT: PXM 3 -> MPIDR 0x3d0300 -> Node 3
Dec  2 16:32:36 ubuntu kernel: [    0.000000] percpu: Embedded 33 pages/cpu s94616 r8192 d32360 u135168
Dec  2 16:32:36 ubuntu kernel: [    0.000000] pcpu-alloc: s94616 r8192 d32360 u135168 alloc=33*4096
Dec  2 16:32:36 ubuntu kernel: [    0.000000] pcpu-alloc: [0] 00 [0] 01 [0] 02 [0] 03 [0] 04 [0] 05 [0] 06 [0] 07 
Dec  2 16:32:36 ubuntu kernel: [    0.000000] pcpu-alloc: [0] 08 [0] 09 [0] 10 [0] 11 [0] 12 [0] 13 [0] 14 [0] 15 
Dec  2 16:32:36 ubuntu kernel: [    0.000000] pcpu-alloc: [0] 16 [0] 17 [0] 18 [0] 19 [0] 20 [0] 21 [0] 22 [0] 23 
Dec  2 16:32:36 ubuntu kernel: [    0.000000] pcpu-alloc: [1] 24 [1] 25 [1] 26 [1] 27 [1] 28 [1] 29 [1] 30 [1] 31 
Dec  2 16:32:36 ubuntu kernel: [    0.000000] pcpu-alloc: [1] 32 [1] 33 [1] 34 [1] 35 [1] 36 [1] 37 [1] 38 [1] 39 
Dec  2 16:32:36 ubuntu kernel: [    0.000000] pcpu-alloc: [1] 40 [1] 41 [1] 42 [1] 43 [1] 44 [1] 45 [1] 46 [1] 47 
Dec  2 16:32:36 ubuntu kernel: [    0.000000] pcpu-alloc: [2] 48 [2] 49 [2] 50 [2] 51 [2] 52 [2] 53 [2] 54 [2] 55 
Dec  2 16:32:36 ubuntu kernel: [    0.000000] pcpu-alloc: [2] 56 [2] 57 [2] 58 [2] 59 [2] 60 [2] 61 [2] 62 [2] 63 
Dec  2 16:32:36 ubuntu kernel: [    0.000000] pcpu-alloc: [2] 64 [2] 65 [2] 66 [2] 67 [2] 68 [2] 69 [2] 70 [2] 71 
Dec  2 16:32:36 ubuntu kernel: [    0.000000] pcpu-alloc: [3] 72 [3] 73 [3] 74 [3] 75 [3] 76 [3] 77 [3] 78 [3] 79 
Dec  2 16:32:36 ubuntu kernel: [    0.000000] pcpu-alloc: [3] 80 [3] 81 [3] 82 [3] 83 [3] 84 [3] 85 [3] 86 [3] 87 
Dec  2 16:32:36 ubuntu kernel: [    0.000000] pcpu-alloc: [3] 88 [3] 89 [3] 90 [3] 91 [3] 92 [3] 93 [3] 94 [3] 95 
Dec  2 16:32:36 ubuntu kernel: [    0.000000] Detected VIPT I-cache on CPU0
Dec  2 16:32:36 ubuntu kernel: [    0.000000] CPU features: detected: GIC system register CPU interface
Dec  2 16:32:36 ubuntu kernel: [    0.000000] CPU features: detected: Virtualization Host Extensions
Dec  2 16:32:36 ubuntu kernel: [    0.000000] CPU features: detected: Hardware dirty bit management
Dec  2 16:32:36 ubuntu kernel: [    0.000000] alternatives: patching kernel code
Dec  2 16:32:36 ubuntu kernel: [    0.000000] Built 4 zonelists, mobility grouping on.  Total pages: 32898000
Dec  2 16:32:36 ubuntu kernel: [    0.000000] Policy zone: Normal
Dec  2 16:32:36 ubuntu kernel: [    0.000000] Kernel command line: BOOT_IMAGE=/boot/vmlinuz-5.7.1 root=UUID=87f15ea3-75f7-4c9d-add6-30cc3fc19001 ro text
Dec  2 16:32:36 ubuntu kernel: [    0.000000] printk: log_buf_len individual max cpu contribution: 4096 bytes
Dec  2 16:32:36 ubuntu kernel: [    0.000000] printk: log_buf_len total cpu_extra contributions: 389120 bytes
Dec  2 16:32:36 ubuntu kernel: [    0.000000] printk: log_buf_len min size: 262144 bytes
Dec  2 16:32:36 ubuntu kernel: [    0.000000] printk: log_buf_len: 1048576 bytes
Dec  2 16:32:36 ubuntu kernel: [    0.000000] printk: early log buf free: 245796(93%)
Dec  2 16:32:36 ubuntu kernel: [    0.000000] mem auto-init: stack:off, heap alloc:on, heap free:off
Dec  2 16:32:36 ubuntu kernel: [    0.000000] software IO TLB: mapped [mem 0x3b030000-0x3f030000] (64MB)
Dec  2 16:32:36 ubuntu kernel: [    0.000000] Memory: 130841748K/134213440K available (14204K kernel code, 2354K rwdata, 6868K rodata, 7040K init, 1132K bss, 3338924K reserved, 32768K cma-reserved)
Dec  2 16:32:36 ubuntu kernel: [    0.000000] random: get_random_u64 called from __kmem_cache_create+0x54/0x5d8 with crng_init=0
Dec  2 16:32:36 ubuntu kernel: [    0.000000] SLUB: HWalign=64, Order=0-3, MinObjects=0, CPUs=96, Nodes=4
Dec  2 16:32:36 ubuntu kernel: [    0.000000] ftrace: allocating 46107 entries in 181 pages
Dec  2 16:32:36 ubuntu kernel: [    0.000000] ftrace: allocated 181 pages with 5 groups
Dec  2 16:32:36 ubuntu kernel: [    0.000000] rcu: Hierarchical RCU implementation.
Dec  2 16:32:36 ubuntu kernel: [    0.000000] rcu: 	RCU restricting CPUs from NR_CPUS=256 to nr_cpu_ids=96.
Dec  2 16:32:36 ubuntu kernel: [    0.000000] 	Tasks RCU enabled.
Dec  2 16:32:36 ubuntu kernel: [    0.000000] rcu: RCU calculated value of scheduler-enlistment delay is 25 jiffies.
Dec  2 16:32:36 ubuntu kernel: [    0.000000] rcu: Adjusting geometry for rcu_fanout_leaf=16, nr_cpu_ids=96
Dec  2 16:32:36 ubuntu kernel: [    0.000000] NR_IRQS: 64, nr_irqs: 64, preallocated irqs: 0
Dec  2 16:32:36 ubuntu kernel: [    0.000000] GICv3: GIC: Using split EOI/Deactivate mode
Dec  2 16:32:36 ubuntu kernel: [    0.000000] GICv3: 640 SPIs implemented
Dec  2 16:32:36 ubuntu kernel: [    0.000000] GICv3: 0 Extended SPIs implemented
Dec  2 16:32:36 ubuntu kernel: [    0.000000] GICv3: Distributor has no Range Selector support
Dec  2 16:32:36 ubuntu kernel: [    0.000000] GICv3: 16 PPIs implemented
Dec  2 16:32:36 ubuntu kernel: [    0.000000] GICv3: GICv4 features: DirectLPI 
Dec  2 16:32:36 ubuntu kernel: [    0.000000] GICv3: CPU0: found redistributor 80000 region 0:0x00000000ae100000
Dec  2 16:32:36 ubuntu kernel: [    0.000000] SRAT: PXM 0 -> ITS 0 -> Node 0
Dec  2 16:32:36 ubuntu kernel: [    0.000000] SRAT: PXM 2 -> ITS 1 -> Node 2
Dec  2 16:32:36 ubuntu kernel: [    0.000000] ITS [mem 0x202100000-0x20211ffff]
Dec  2 16:32:36 ubuntu kernel: [    0.000000] ITS@0x0000000202100000: Using ITS number 0
Dec  2 16:32:36 ubuntu kernel: [    0.000000] ITS@0x0000000202100000: allocated 65536 Devices @27ffb80000 (flat, esz 8, psz 16K, shr 1)
Dec  2 16:32:36 ubuntu kernel: [    0.000000] ITS@0x0000000202100000: allocated 65536 Virtual CPUs @27ff000000 (flat, esz 16, psz 4K, shr 1)
Dec  2 16:32:36 ubuntu kernel: [    0.000000] ITS@0x0000000202100000: allocated 256 Interrupt Collections @27ffb01000 (flat, esz 16, psz 4K, shr 1)
Dec  2 16:32:36 ubuntu kernel: [    0.000000] ITS [mem 0x200202100000-0x20020211ffff]
Dec  2 16:32:36 ubuntu kernel: [    0.000000] ITS@0x0000200202100000: Using ITS number 1
Dec  2 16:32:36 ubuntu kernel: [    0.000000] ITS@0x0000200202100000: allocated 65536 Devices @2027ff880000 (flat, esz 8, psz 16K, shr 1)
Dec  2 16:32:36 ubuntu kernel: [    0.000000] ITS@0x0000200202100000: allocated 65536 Virtual CPUs @2027ff900000 (flat, esz 16, psz 4K, shr 1)
Dec  2 16:32:36 ubuntu kernel: [    0.000000] ITS@0x0000200202100000: allocated 256 Interrupt Collections @2027ff801000 (flat, esz 16, psz 4K, shr 1)
Dec  2 16:32:36 ubuntu kernel: [    0.000000] GICv3: using LPI property table @0x00000027ffb20000
Dec  2 16:32:36 ubuntu kernel: [    0.000000] ITS: Using DirectLPI for VPE invalidation
Dec  2 16:32:36 ubuntu kernel: [    0.000000] ITS: Enabling GICv4 support
Dec  2 16:32:36 ubuntu kernel: [    0.000000] GICv3: CPU0: using allocated LPI pending table @0x00000027ffb30000
Dec  2 16:32:36 ubuntu kernel: [    0.000000] arch_timer: cp15 timer(s) running at 100.00MHz (phys).
Dec  2 16:32:36 ubuntu kernel: [    0.000000] clocksource: arch_sys_counter: mask: 0xffffffffffffff max_cycles: 0x171024e7e0, max_idle_ns: 440795205315 ns
Dec  2 16:32:36 ubuntu kernel: [    0.000001] sched_clock: 56 bits at 100MHz, resolution 10ns, wraps every 4398046511100ns
Dec  2 16:32:36 ubuntu kernel: [    0.000113] Console: colour dummy device 80x25
Dec  2 16:32:36 ubuntu kernel: [    0.000422] printk: console [tty0] enabled
Dec  2 16:32:36 ubuntu kernel: [    0.000486] mempolicy: Enabling automatic NUMA balancing. Configure with numa_balancing= or the kernel.numa_balancing sysctl
Dec  2 16:32:36 ubuntu kernel: [    0.000501] ACPI: Core revision 20200326
Dec  2 16:32:36 ubuntu kernel: [    0.000733] Calibrating delay loop (skipped), value calculated using timer frequency.. 200.00 BogoMIPS (lpj=400000)
Dec  2 16:32:36 ubuntu kernel: [    0.000739] pid_max: default: 98304 minimum: 768
Dec  2 16:32:36 ubuntu kernel: [    0.000815] LSM: Security Framework initializing
Dec  2 16:32:36 ubuntu kernel: [    0.000821] Yama: becoming mindful.
Dec  2 16:32:36 ubuntu kernel: [    0.000852] AppArmor: AppArmor initialized
Dec  2 16:32:36 ubuntu kernel: [    0.015641] Dentry cache hash table entries: 8388608 (order: 14, 67108864 bytes, vmalloc)
Dec  2 16:32:36 ubuntu kernel: [    0.023042] Inode-cache hash table entries: 4194304 (order: 13, 33554432 bytes, vmalloc)
Dec  2 16:32:36 ubuntu kernel: [    0.023308] Mount-cache hash table entries: 131072 (order: 8, 1048576 bytes, vmalloc)
Dec  2 16:32:36 ubuntu kernel: [    0.023546] Mountpoint-cache hash table entries: 131072 (order: 8, 1048576 bytes, vmalloc)
Dec  2 16:32:36 ubuntu kernel: [    0.025923] rcu: Hierarchical SRCU implementation.
Dec  2 16:32:36 ubuntu kernel: [    0.026378] Platform MSI: ITS@0x202100000 domain created
Dec  2 16:32:36 ubuntu kernel: [    0.026383] Platform MSI: ITS@0x200202100000 domain created
Dec  2 16:32:36 ubuntu kernel: [    0.026389] PCI/MSI: ITS@0x202100000 domain created
Dec  2 16:32:36 ubuntu kernel: [    0.026392] PCI/MSI: ITS@0x200202100000 domain created
Dec  2 16:32:36 ubuntu kernel: [    0.026405] Remapping and enabling EFI services.
Dec  2 16:32:36 ubuntu kernel: [    0.026609] efi: memattr: Entry attributes invalid: RO and XP bits both cleared
Dec  2 16:32:36 ubuntu kernel: [    0.026614] efi: memattr: ! 0x000000000000-0x00000000ffff [Runtime Code       |RUN|  |  |  |  |  |  |  |   |  |  |  |  ]
Dec  2 16:32:36 ubuntu kernel: [    0.027762] smp: Bringing up secondary CPUs ...
Dec  2 16:32:36 ubuntu kernel: [    0.057598] Detected VIPT I-cache on CPU1
Dec  2 16:32:36 ubuntu kernel: [    0.057605] GICv3: CPU1: found redistributor 80100 region 1:0x00000000ae140000
Dec  2 16:32:36 ubuntu kernel: [    0.057620] GICv3: CPU1: using allocated LPI pending table @0x00000027ffb40000
Dec  2 16:32:36 ubuntu kernel: [    0.057656] CPU1: Booted secondary processor 0x0000080100 [0x481fd010]
Dec  2 16:32:36 ubuntu kernel: [    0.090141] Detected VIPT I-cache on CPU2
Dec  2 16:32:36 ubuntu kernel: [    0.090145] GICv3: CPU2: found redistributor 80200 region 2:0x00000000ae180000
Dec  2 16:32:36 ubuntu kernel: [    0.090157] GICv3: CPU2: using allocated LPI pending table @0x00000027ffb50000
Dec  2 16:32:36 ubuntu kernel: [    0.090188] CPU2: Booted secondary processor 0x0000080200 [0x481fd010]
Dec  2 16:32:36 ubuntu kernel: [    0.122691] Detected VIPT I-cache on CPU3
Dec  2 16:32:36 ubuntu kernel: [    0.122695] GICv3: CPU3: found redistributor 80300 region 3:0x00000000ae1c0000
Dec  2 16:32:36 ubuntu kernel: [    0.122707] GICv3: CPU3: using allocated LPI pending table @0x00000027ffb60000
Dec  2 16:32:36 ubuntu kernel: [    0.122737] CPU3: Booted secondary processor 0x0000080300 [0x481fd010]
Dec  2 16:32:36 ubuntu kernel: [    0.155421] Detected VIPT I-cache on CPU4
Dec  2 16:32:36 ubuntu kernel: [    0.155429] GICv3: CPU4: found redistributor 90000 region 4:0x00000000ae200000
Dec  2 16:32:36 ubuntu kernel: [    0.155450] GICv3: CPU4: using allocated LPI pending table @0x00000027ffb70000
Dec  2 16:32:36 ubuntu kernel: [    0.155488] CPU4: Booted secondary processor 0x0000090000 [0x481fd010]
Dec  2 16:32:36 ubuntu kernel: [    0.188139] Detected VIPT I-cache on CPU5
Dec  2 16:32:36 ubuntu kernel: [    0.188144] GICv3: CPU5: found redistributor 90100 region 5:0x00000000ae240000
Dec  2 16:32:36 ubuntu kernel: [    0.188156] GICv3: CPU5: using allocated LPI pending table @0x00000027ff100000
Dec  2 16:32:36 ubuntu kernel: [    0.188188] CPU5: Booted secondary processor 0x0000090100 [0x481fd010]
Dec  2 16:32:36 ubuntu kernel: [    0.220862] Detected VIPT I-cache on CPU6
Dec  2 16:32:36 ubuntu kernel: [    0.220867] GICv3: CPU6: found redistributor 90200 region 6:0x00000000ae280000
Dec  2 16:32:36 ubuntu kernel: [    0.220880] GICv3: CPU6: using allocated LPI pending table @0x00000027ff110000
Dec  2 16:32:36 ubuntu kernel: [    0.220911] CPU6: Booted secondary processor 0x0000090200 [0x481fd010]
Dec  2 16:32:36 ubuntu kernel: [    0.253586] Detected VIPT I-cache on CPU7
Dec  2 16:32:36 ubuntu kernel: [    0.253591] GICv3: CPU7: found redistributor 90300 region 7:0x00000000ae2c0000
Dec  2 16:32:36 ubuntu kernel: [    0.253603] GICv3: CPU7: using allocated LPI pending table @0x00000027ff120000
Dec  2 16:32:36 ubuntu kernel: [    0.253635] CPU7: Booted secondary processor 0x0000090300 [0x481fd010]
Dec  2 16:32:36 ubuntu kernel: [    0.286487] Detected VIPT I-cache on CPU8
Dec  2 16:32:36 ubuntu kernel: [    0.286494] GICv3: CPU8: found redistributor a0000 region 8:0x00000000ae300000
Dec  2 16:32:36 ubuntu kernel: [    0.286511] GICv3: CPU8: using allocated LPI pending table @0x00000027ff130000
Dec  2 16:32:36 ubuntu kernel: [    0.286546] CPU8: Booted secondary processor 0x00000a0000 [0x481fd010]
Dec  2 16:32:36 ubuntu kernel: [    0.319380] Detected VIPT I-cache on CPU9
Dec  2 16:32:36 ubuntu kernel: [    0.319386] GICv3: CPU9: found redistributor a0100 region 9:0x00000000ae340000
Dec  2 16:32:36 ubuntu kernel: [    0.319398] GICv3: CPU9: using allocated LPI pending table @0x00000027ff140000
Dec  2 16:32:36 ubuntu kernel: [    0.319429] CPU9: Booted secondary processor 0x00000a0100 [0x481fd010]
Dec  2 16:32:36 ubuntu kernel: [    0.352278] Detected VIPT I-cache on CPU10
Dec  2 16:32:36 ubuntu kernel: [    0.352283] GICv3: CPU10: found redistributor a0200 region 10:0x00000000ae380000
Dec  2 16:32:36 ubuntu kernel: [    0.352296] GICv3: CPU10: using allocated LPI pending table @0x00000027ff150000
Dec  2 16:32:36 ubuntu kernel: [    0.352328] CPU10: Booted secondary processor 0x00000a0200 [0x481fd010]
Dec  2 16:32:36 ubuntu kernel: [    0.385175] Detected VIPT I-cache on CPU11
Dec  2 16:32:36 ubuntu kernel: [    0.385180] GICv3: CPU11: found redistributor a0300 region 11:0x00000000ae3c0000
Dec  2 16:32:36 ubuntu kernel: [    0.385193] GICv3: CPU11: using allocated LPI pending table @0x00000027ff160000
Dec  2 16:32:36 ubuntu kernel: [    0.385225] CPU11: Booted secondary processor 0x00000a0300 [0x481fd010]
Dec  2 16:32:36 ubuntu kernel: [    0.418249] Detected VIPT I-cache on CPU12
Dec  2 16:32:36 ubuntu kernel: [    0.418257] GICv3: CPU12: found redistributor b0000 region 12:0x00000000ae400000
Dec  2 16:32:36 ubuntu kernel: [    0.418275] GICv3: CPU12: using allocated LPI pending table @0x00000027ff170000
Dec  2 16:32:36 ubuntu kernel: [    0.418310] CPU12: Booted secondary processor 0x00000b0000 [0x481fd010]
Dec  2 16:32:36 ubuntu kernel: [    0.451316] Detected VIPT I-cache on CPU13
Dec  2 16:32:36 ubuntu kernel: [    0.451323] GICv3: CPU13: found redistributor b0100 region 13:0x00000000ae440000
Dec  2 16:32:36 ubuntu kernel: [    0.451335] GICv3: CPU13: using allocated LPI pending table @0x00000027ff180000
Dec  2 16:32:36 ubuntu kernel: [    0.451367] CPU13: Booted secondary processor 0x00000b0100 [0x481fd010]
Dec  2 16:32:36 ubuntu kernel: [    0.484387] Detected VIPT I-cache on CPU14
Dec  2 16:32:36 ubuntu kernel: [    0.484394] GICv3: CPU14: found redistributor b0200 region 14:0x00000000ae480000
Dec  2 16:32:36 ubuntu kernel: [    0.484406] GICv3: CPU14: using allocated LPI pending table @0x00000027ff190000
Dec  2 16:32:36 ubuntu kernel: [    0.484437] CPU14: Booted secondary processor 0x00000b0200 [0x481fd010]
Dec  2 16:32:36 ubuntu kernel: [    0.517458] Detected VIPT I-cache on CPU15
Dec  2 16:32:36 ubuntu kernel: [    0.517464] GICv3: CPU15: found redistributor b0300 region 15:0x00000000ae4c0000
Dec  2 16:32:36 ubuntu kernel: [    0.517478] GICv3: CPU15: using allocated LPI pending table @0x00000027ff1a0000
Dec  2 16:32:36 ubuntu kernel: [    0.517510] CPU15: Booted secondary processor 0x00000b0300 [0x481fd010]
Dec  2 16:32:36 ubuntu kernel: [    0.550013] Detected VIPT I-cache on CPU16
Dec  2 16:32:36 ubuntu kernel: [    0.550021] GICv3: CPU16: found redistributor c0000 region 16:0x00000000ae500000
Dec  2 16:32:36 ubuntu kernel: [    0.550039] GICv3: CPU16: using allocated LPI pending table @0x00000027ff1b0000
Dec  2 16:32:36 ubuntu kernel: [    0.550075] CPU16: Booted secondary processor 0x00000c0000 [0x481fd010]
Dec  2 16:32:36 ubuntu kernel: [    0.582558] Detected VIPT I-cache on CPU17
Dec  2 16:32:36 ubuntu kernel: [    0.582565] GICv3: CPU17: found redistributor c0100 region 17:0x00000000ae540000
Dec  2 16:32:36 ubuntu kernel: [    0.582578] GICv3: CPU17: using allocated LPI pending table @0x00000027ff1c0000
Dec  2 16:32:36 ubuntu kernel: [    0.582610] CPU17: Booted secondary processor 0x00000c0100 [0x481fd010]
Dec  2 16:32:36 ubuntu kernel: [    0.615108] Detected VIPT I-cache on CPU18
Dec  2 16:32:36 ubuntu kernel: [    0.615114] GICv3: CPU18: found redistributor c0200 region 18:0x00000000ae580000
Dec  2 16:32:36 ubuntu kernel: [    0.615128] GICv3: CPU18: using allocated LPI pending table @0x00000027ff1d0000
Dec  2 16:32:36 ubuntu kernel: [    0.615160] CPU18: Booted secondary processor 0x00000c0200 [0x481fd010]
Dec  2 16:32:36 ubuntu kernel: [    0.647658] Detected VIPT I-cache on CPU19
Dec  2 16:32:36 ubuntu kernel: [    0.647665] GICv3: CPU19: found redistributor c0300 region 19:0x00000000ae5c0000
Dec  2 16:32:36 ubuntu kernel: [    0.647678] GICv3: CPU19: using allocated LPI pending table @0x00000027ff1e0000
Dec  2 16:32:36 ubuntu kernel: [    0.647710] CPU19: Booted secondary processor 0x00000c0300 [0x481fd010]
Dec  2 16:32:36 ubuntu kernel: [    0.680386] Detected VIPT I-cache on CPU20
Dec  2 16:32:36 ubuntu kernel: [    0.680395] GICv3: CPU20: found redistributor d0000 region 20:0x00000000ae600000
Dec  2 16:32:36 ubuntu kernel: [    0.680414] GICv3: CPU20: using allocated LPI pending table @0x00000027ff1f0000
Dec  2 16:32:36 ubuntu kernel: [    0.680450] CPU20: Booted secondary processor 0x00000d0000 [0x481fd010]
Dec  2 16:32:36 ubuntu kernel: [    0.713106] Detected VIPT I-cache on CPU21
Dec  2 16:32:36 ubuntu kernel: [    0.713113] GICv3: CPU21: found redistributor d0100 region 21:0x00000000ae640000
Dec  2 16:32:36 ubuntu kernel: [    0.713127] GICv3: CPU21: using allocated LPI pending table @0x00000027ff200000
Dec  2 16:32:36 ubuntu kernel: [    0.713160] CPU21: Booted secondary processor 0x00000d0100 [0x481fd010]
Dec  2 16:32:36 ubuntu kernel: [    0.745829] Detected VIPT I-cache on CPU22
Dec  2 16:32:36 ubuntu kernel: [    0.745836] GICv3: CPU22: found redistributor d0200 region 22:0x00000000ae680000
Dec  2 16:32:36 ubuntu kernel: [    0.745850] GICv3: CPU22: using allocated LPI pending table @0x00000027ff210000
Dec  2 16:32:36 ubuntu kernel: [    0.745881] CPU22: Booted secondary processor 0x00000d0200 [0x481fd010]
Dec  2 16:32:36 ubuntu kernel: [    0.778552] Detected VIPT I-cache on CPU23
Dec  2 16:32:36 ubuntu kernel: [    0.778560] GICv3: CPU23: found redistributor d0300 region 23:0x00000000ae6c0000
Dec  2 16:32:36 ubuntu kernel: [    0.778574] GICv3: CPU23: using allocated LPI pending table @0x00000027ff220000
Dec  2 16:32:36 ubuntu kernel: [    0.778604] CPU23: Booted secondary processor 0x00000d0300 [0x481fd010]
Dec  2 16:32:36 ubuntu kernel: [    0.811118] Detected VIPT I-cache on CPU24
Dec  2 16:32:36 ubuntu kernel: [    0.811135] GICv3: CPU24: found redistributor 180000 region 24:0x00000000aa100000
Dec  2 16:32:36 ubuntu kernel: [    0.811180] GICv3: CPU24: using allocated LPI pending table @0x00000027ff230000
Dec  2 16:32:36 ubuntu kernel: [    0.811227] CPU24: Booted secondary processor 0x0000180000 [0x481fd010]
Dec  2 16:32:36 ubuntu kernel: [    0.843655] Detected VIPT I-cache on CPU25
Dec  2 16:32:36 ubuntu kernel: [    0.843664] GICv3: CPU25: found redistributor 180100 region 25:0x00000000aa140000
Dec  2 16:32:36 ubuntu kernel: [    0.843678] GICv3: CPU25: using allocated LPI pending table @0x00000027ff240000
Dec  2 16:32:36 ubuntu kernel: [    0.843717] CPU25: Booted secondary processor 0x0000180100 [0x481fd010]
Dec  2 16:32:36 ubuntu kernel: [    0.876204] Detected VIPT I-cache on CPU26
Dec  2 16:32:36 ubuntu kernel: [    0.876213] GICv3: CPU26: found redistributor 180200 region 26:0x00000000aa180000
Dec  2 16:32:36 ubuntu kernel: [    0.876228] GICv3: CPU26: using allocated LPI pending table @0x00000027ff250000
Dec  2 16:32:36 ubuntu kernel: [    0.876268] CPU26: Booted secondary processor 0x0000180200 [0x481fd010]
Dec  2 16:32:36 ubuntu kernel: [    0.908754] Detected VIPT I-cache on CPU27
Dec  2 16:32:36 ubuntu kernel: [    0.908764] GICv3: CPU27: found redistributor 180300 region 27:0x00000000aa1c0000
Dec  2 16:32:36 ubuntu kernel: [    0.908778] GICv3: CPU27: using allocated LPI pending table @0x00000027ff260000
Dec  2 16:32:36 ubuntu kernel: [    0.908816] CPU27: Booted secondary processor 0x0000180300 [0x481fd010]
Dec  2 16:32:36 ubuntu kernel: [    0.941487] Detected VIPT I-cache on CPU28
Dec  2 16:32:36 ubuntu kernel: [    0.941501] GICv3: CPU28: found redistributor 190000 region 28:0x00000000aa200000
Dec  2 16:32:36 ubuntu kernel: [    0.941527] GICv3: CPU28: using allocated LPI pending table @0x00000027ff270000
Dec  2 16:32:36 ubuntu kernel: [    0.941572] CPU28: Booted secondary processor 0x0000190000 [0x481fd010]
Dec  2 16:32:36 ubuntu kernel: [    0.974202] Detected VIPT I-cache on CPU29
Dec  2 16:32:36 ubuntu kernel: [    0.974212] GICv3: CPU29: found redistributor 190100 region 29:0x00000000aa240000
Dec  2 16:32:36 ubuntu kernel: [    0.974228] GICv3: CPU29: using allocated LPI pending table @0x00000027ff280000
Dec  2 16:32:36 ubuntu kernel: [    0.974265] CPU29: Booted secondary processor 0x0000190100 [0x481fd010]
Dec  2 16:32:36 ubuntu kernel: [    1.006925] Detected VIPT I-cache on CPU30
Dec  2 16:32:36 ubuntu kernel: [    1.006936] GICv3: CPU30: found redistributor 190200 region 30:0x00000000aa280000
Dec  2 16:32:36 ubuntu kernel: [    1.006957] GICv3: CPU30: using allocated LPI pending table @0x00000027ff290000
Dec  2 16:32:36 ubuntu kernel: [    1.006995] CPU30: Booted secondary processor 0x0000190200 [0x481fd010]
Dec  2 16:32:36 ubuntu kernel: [    1.039649] Detected VIPT I-cache on CPU31
Dec  2 16:32:36 ubuntu kernel: [    1.039659] GICv3: CPU31: found redistributor 190300 region 31:0x00000000aa2c0000
Dec  2 16:32:36 ubuntu kernel: [    1.039676] GICv3: CPU31: using allocated LPI pending table @0x00000027ff2a0000
Dec  2 16:32:36 ubuntu kernel: [    1.039712] CPU31: Booted secondary processor 0x0000190300 [0x481fd010]
Dec  2 16:32:36 ubuntu kernel: [    1.072553] Detected VIPT I-cache on CPU32
Dec  2 16:32:36 ubuntu kernel: [    1.072567] GICv3: CPU32: found redistributor 1a0000 region 32:0x00000000aa300000
Dec  2 16:32:36 ubuntu kernel: [    1.072591] GICv3: CPU32: using allocated LPI pending table @0x00000027ff2b0000
Dec  2 16:32:36 ubuntu kernel: [    1.072633] CPU32: Booted secondary processor 0x00001a0000 [0x481fd010]
Dec  2 16:32:36 ubuntu kernel: [    1.105443] Detected VIPT I-cache on CPU33
Dec  2 16:32:36 ubuntu kernel: [    1.105455] GICv3: CPU33: found redistributor 1a0100 region 33:0x00000000aa340000
Dec  2 16:32:36 ubuntu kernel: [    1.105471] GICv3: CPU33: using allocated LPI pending table @0x00000027ff2c0000
Dec  2 16:32:36 ubuntu kernel: [    1.105510] CPU33: Booted secondary processor 0x00001a0100 [0x481fd010]
Dec  2 16:32:36 ubuntu kernel: [    1.138340] Detected VIPT I-cache on CPU34
Dec  2 16:32:36 ubuntu kernel: [    1.138352] GICv3: CPU34: found redistributor 1a0200 region 34:0x00000000aa380000
Dec  2 16:32:36 ubuntu kernel: [    1.138367] GICv3: CPU34: using allocated LPI pending table @0x00000027ff2d0000
Dec  2 16:32:36 ubuntu kernel: [    1.138406] CPU34: Booted secondary processor 0x00001a0200 [0x481fd010]
Dec  2 16:32:36 ubuntu kernel: [    1.171237] Detected VIPT I-cache on CPU35
Dec  2 16:32:36 ubuntu kernel: [    1.171249] GICv3: CPU35: found redistributor 1a0300 region 35:0x00000000aa3c0000
Dec  2 16:32:36 ubuntu kernel: [    1.171264] GICv3: CPU35: using allocated LPI pending table @0x00000027ff2e0000
Dec  2 16:32:36 ubuntu kernel: [    1.171302] CPU35: Booted secondary processor 0x00001a0300 [0x481fd010]
Dec  2 16:32:36 ubuntu kernel: [    1.204314] Detected VIPT I-cache on CPU36
Dec  2 16:32:36 ubuntu kernel: [    1.204328] GICv3: CPU36: found redistributor 1b0000 region 36:0x00000000aa400000
Dec  2 16:32:36 ubuntu kernel: [    1.204352] GICv3: CPU36: using allocated LPI pending table @0x00000027ff2f0000
Dec  2 16:32:36 ubuntu kernel: [    1.204395] CPU36: Booted secondary processor 0x00001b0000 [0x481fd010]
Dec  2 16:32:36 ubuntu kernel: [    1.237379] Detected VIPT I-cache on CPU37
Dec  2 16:32:36 ubuntu kernel: [    1.237390] GICv3: CPU37: found redistributor 1b0100 region 37:0x00000000aa440000
Dec  2 16:32:36 ubuntu kernel: [    1.237407] GICv3: CPU37: using allocated LPI pending table @0x00000027ff300000
Dec  2 16:32:36 ubuntu kernel: [    1.237445] CPU37: Booted secondary processor 0x00001b0100 [0x481fd010]
Dec  2 16:32:36 ubuntu kernel: [    1.270450] Detected VIPT I-cache on CPU38
Dec  2 16:32:36 ubuntu kernel: [    1.270462] GICv3: CPU38: found redistributor 1b0200 region 38:0x00000000aa480000
Dec  2 16:32:36 ubuntu kernel: [    1.270480] GICv3: CPU38: using allocated LPI pending table @0x00000027ff310000
Dec  2 16:32:36 ubuntu kernel: [    1.270518] CPU38: Booted secondary processor 0x00001b0200 [0x481fd010]
Dec  2 16:32:36 ubuntu kernel: [    1.303521] Detected VIPT I-cache on CPU39
Dec  2 16:32:36 ubuntu kernel: [    1.303532] GICv3: CPU39: found redistributor 1b0300 region 39:0x00000000aa4c0000
Dec  2 16:32:36 ubuntu kernel: [    1.303552] GICv3: CPU39: using allocated LPI pending table @0x00000027ff320000
Dec  2 16:32:36 ubuntu kernel: [    1.303590] CPU39: Booted secondary processor 0x00001b0300 [0x481fd010]
Dec  2 16:32:36 ubuntu kernel: [    1.336077] Detected VIPT I-cache on CPU40
Dec  2 16:32:36 ubuntu kernel: [    1.336091] GICv3: CPU40: found redistributor 1c0000 region 40:0x00000000aa500000
Dec  2 16:32:36 ubuntu kernel: [    1.336117] GICv3: CPU40: using allocated LPI pending table @0x00000027ff330000
Dec  2 16:32:36 ubuntu kernel: [    1.336160] CPU40: Booted secondary processor 0x00001c0000 [0x481fd010]
Dec  2 16:32:36 ubuntu kernel: [    1.368621] Detected VIPT I-cache on CPU41
Dec  2 16:32:36 ubuntu kernel: [    1.368632] GICv3: CPU41: found redistributor 1c0100 region 41:0x00000000aa540000
Dec  2 16:32:36 ubuntu kernel: [    1.368651] GICv3: CPU41: using allocated LPI pending table @0x00000027ff340000
Dec  2 16:32:36 ubuntu kernel: [    1.368690] CPU41: Booted secondary processor 0x00001c0100 [0x481fd010]
Dec  2 16:32:36 ubuntu kernel: [    1.401171] Detected VIPT I-cache on CPU42
Dec  2 16:32:36 ubuntu kernel: [    1.401182] GICv3: CPU42: found redistributor 1c0200 region 42:0x00000000aa580000
Dec  2 16:32:36 ubuntu kernel: [    1.401201] GICv3: CPU42: using allocated LPI pending table @0x00000027ff350000
Dec  2 16:32:36 ubuntu kernel: [    1.401240] CPU42: Booted secondary processor 0x00001c0200 [0x481fd010]
Dec  2 16:32:36 ubuntu kernel: [    1.433721] Detected VIPT I-cache on CPU43
Dec  2 16:32:36 ubuntu kernel: [    1.433732] GICv3: CPU43: found redistributor 1c0300 region 43:0x00000000aa5c0000
Dec  2 16:32:36 ubuntu kernel: [    1.433751] GICv3: CPU43: using allocated LPI pending table @0x00000027ff360000
Dec  2 16:32:36 ubuntu kernel: [    1.433790] CPU43: Booted secondary processor 0x00001c0300 [0x481fd010]
Dec  2 16:32:36 ubuntu kernel: [    1.466450] Detected VIPT I-cache on CPU44
Dec  2 16:32:36 ubuntu kernel: [    1.466465] GICv3: CPU44: found redistributor 1d0000 region 44:0x00000000aa600000
Dec  2 16:32:36 ubuntu kernel: [    1.466491] GICv3: CPU44: using allocated LPI pending table @0x00000027ff370000
Dec  2 16:32:36 ubuntu kernel: [    1.466536] CPU44: Booted secondary processor 0x00001d0000 [0x481fd010]
Dec  2 16:32:36 ubuntu kernel: [    1.499168] Detected VIPT I-cache on CPU45
Dec  2 16:32:36 ubuntu kernel: [    1.499180] GICv3: CPU45: found redistributor 1d0100 region 45:0x00000000aa640000
Dec  2 16:32:36 ubuntu kernel: [    1.499198] GICv3: CPU45: using allocated LPI pending table @0x00000027ff380000
Dec  2 16:32:36 ubuntu kernel: [    1.499237] CPU45: Booted secondary processor 0x00001d0100 [0x481fd010]
Dec  2 16:32:36 ubuntu kernel: [    1.531891] Detected VIPT I-cache on CPU46
Dec  2 16:32:36 ubuntu kernel: [    1.531904] GICv3: CPU46: found redistributor 1d0200 region 46:0x00000000aa680000
Dec  2 16:32:36 ubuntu kernel: [    1.531923] GICv3: CPU46: using allocated LPI pending table @0x00000027ff390000
Dec  2 16:32:36 ubuntu kernel: [    1.531961] CPU46: Booted secondary processor 0x00001d0200 [0x481fd010]
Dec  2 16:32:36 ubuntu kernel: [    1.564615] Detected VIPT I-cache on CPU47
Dec  2 16:32:36 ubuntu kernel: [    1.564627] GICv3: CPU47: found redistributor 1d0300 region 47:0x00000000aa6c0000
Dec  2 16:32:36 ubuntu kernel: [    1.564644] GICv3: CPU47: using allocated LPI pending table @0x00000027ff3a0000
Dec  2 16:32:36 ubuntu kernel: [    1.564682] CPU47: Booted secondary processor 0x00001d0300 [0x481fd010]
Dec  2 16:32:36 ubuntu kernel: [    1.597456] Detected VIPT I-cache on CPU48
Dec  2 16:32:36 ubuntu kernel: [    1.597495] GICv3: CPU48: found redistributor 280000 region 48:0x00002000ae100000
Dec  2 16:32:36 ubuntu kernel: [    1.597559] GICv3: CPU48: using allocated LPI pending table @0x00000027ff3b0000
Dec  2 16:32:36 ubuntu kernel: [    1.597629] CPU48: Booted secondary processor 0x0000280000 [0x481fd010]
Dec  2 16:32:36 ubuntu kernel: [    1.630243] Detected VIPT I-cache on CPU49
Dec  2 16:32:36 ubuntu kernel: [    1.630271] GICv3: CPU49: found redistributor 280100 region 49:0x00002000ae140000
Dec  2 16:32:36 ubuntu kernel: [    1.630294] GICv3: CPU49: using allocated LPI pending table @0x00000027ff3c0000
Dec  2 16:32:36 ubuntu kernel: [    1.630346] CPU49: Booted secondary processor 0x0000280100 [0x481fd010]
Dec  2 16:32:36 ubuntu kernel: [    1.663054] Detected VIPT I-cache on CPU50
Dec  2 16:32:36 ubuntu kernel: [    1.663082] GICv3: CPU50: found redistributor 280200 region 50:0x00002000ae180000
Dec  2 16:32:36 ubuntu kernel: [    1.663104] GICv3: CPU50: using allocated LPI pending table @0x00000027ff3d0000
Dec  2 16:32:36 ubuntu kernel: [    1.663156] CPU50: Booted secondary processor 0x0000280200 [0x481fd010]
Dec  2 16:32:36 ubuntu kernel: [    1.695864] Detected VIPT I-cache on CPU51
Dec  2 16:32:36 ubuntu kernel: [    1.695892] GICv3: CPU51: found redistributor 280300 region 51:0x00002000ae1c0000
Dec  2 16:32:36 ubuntu kernel: [    1.695914] GICv3: CPU51: using allocated LPI pending table @0x00000027ff3e0000
Dec  2 16:32:36 ubuntu kernel: [    1.695965] CPU51: Booted secondary processor 0x0000280300 [0x481fd010]
Dec  2 16:32:36 ubuntu kernel: [    1.728852] Detected VIPT I-cache on CPU52
Dec  2 16:32:36 ubuntu kernel: [    1.728881] GICv3: CPU52: found redistributor 290000 region 52:0x00002000ae200000
Dec  2 16:32:36 ubuntu kernel: [    1.728918] GICv3: CPU52: using allocated LPI pending table @0x00000027ff3f0000
Dec  2 16:32:36 ubuntu kernel: [    1.728974] CPU52: Booted secondary processor 0x0000290000 [0x481fd010]
Dec  2 16:32:36 ubuntu kernel: [    1.761833] Detected VIPT I-cache on CPU53
Dec  2 16:32:36 ubuntu kernel: [    1.761860] GICv3: CPU53: found redistributor 290100 region 53:0x00002000ae240000
Dec  2 16:32:36 ubuntu kernel: [    1.761881] GICv3: CPU53: using allocated LPI pending table @0x00000027fec00000
Dec  2 16:32:36 ubuntu kernel: [    1.761933] CPU53: Booted secondary processor 0x0000290100 [0x481fd010]
Dec  2 16:32:36 ubuntu kernel: [    1.794816] Detected VIPT I-cache on CPU54
Dec  2 16:32:36 ubuntu kernel: [    1.794844] GICv3: CPU54: found redistributor 290200 region 54:0x00002000ae280000
Dec  2 16:32:36 ubuntu kernel: [    1.794864] GICv3: CPU54: using allocated LPI pending table @0x00000027fec10000
Dec  2 16:32:36 ubuntu kernel: [    1.794917] CPU54: Booted secondary processor 0x0000290200 [0x481fd010]
Dec  2 16:32:36 ubuntu kernel: [    1.827800] Detected VIPT I-cache on CPU55
Dec  2 16:32:36 ubuntu kernel: [    1.827828] GICv3: CPU55: found redistributor 290300 region 55:0x00002000ae2c0000
Dec  2 16:32:36 ubuntu kernel: [    1.827848] GICv3: CPU55: using allocated LPI pending table @0x00000027fec20000
Dec  2 16:32:36 ubuntu kernel: [    1.827900] CPU55: Booted secondary processor 0x0000290300 [0x481fd010]
Dec  2 16:32:36 ubuntu kernel: [    1.860962] Detected VIPT I-cache on CPU56
Dec  2 16:32:36 ubuntu kernel: [    1.860992] GICv3: CPU56: found redistributor 2a0000 region 56:0x00002000ae300000
Dec  2 16:32:36 ubuntu kernel: [    1.861022] GICv3: CPU56: using allocated LPI pending table @0x00000027fec30000
Dec  2 16:32:36 ubuntu kernel: [    1.861077] CPU56: Booted secondary processor 0x00002a0000 [0x481fd010]
Dec  2 16:32:36 ubuntu kernel: [    1.894115] Detected VIPT I-cache on CPU57
Dec  2 16:32:36 ubuntu kernel: [    1.894144] GICv3: CPU57: found redistributor 2a0100 region 57:0x00002000ae340000
Dec  2 16:32:36 ubuntu kernel: [    1.894163] GICv3: CPU57: using allocated LPI pending table @0x00000027fec40000
Dec  2 16:32:36 ubuntu kernel: [    1.894215] CPU57: Booted secondary processor 0x00002a0100 [0x481fd010]
Dec  2 16:32:36 ubuntu kernel: [    1.927273] Detected VIPT I-cache on CPU58
Dec  2 16:32:36 ubuntu kernel: [    1.927302] GICv3: CPU58: found redistributor 2a0200 region 58:0x00002000ae380000
Dec  2 16:32:36 ubuntu kernel: [    1.927322] GICv3: CPU58: using allocated LPI pending table @0x00000027fec50000
Dec  2 16:32:36 ubuntu kernel: [    1.927374] CPU58: Booted secondary processor 0x00002a0200 [0x481fd010]
Dec  2 16:32:36 ubuntu kernel: [    1.960431] Detected VIPT I-cache on CPU59
Dec  2 16:32:36 ubuntu kernel: [    1.960460] GICv3: CPU59: found redistributor 2a0300 region 59:0x00002000ae3c0000
Dec  2 16:32:36 ubuntu kernel: [    1.960481] GICv3: CPU59: using allocated LPI pending table @0x00000027fec60000
Dec  2 16:32:36 ubuntu kernel: [    1.960532] CPU59: Booted secondary processor 0x00002a0300 [0x481fd010]
Dec  2 16:32:36 ubuntu kernel: [    1.993766] Detected VIPT I-cache on CPU60
Dec  2 16:32:36 ubuntu kernel: [    1.993797] GICv3: CPU60: found redistributor 2b0000 region 60:0x00002000ae400000
Dec  2 16:32:36 ubuntu kernel: [    1.993826] GICv3: CPU60: using allocated LPI pending table @0x00000027fec70000
Dec  2 16:32:36 ubuntu kernel: [    1.993881] CPU60: Booted secondary processor 0x00002b0000 [0x481fd010]
Dec  2 16:32:36 ubuntu kernel: [    2.027093] Detected VIPT I-cache on CPU61
Dec  2 16:32:36 ubuntu kernel: [    2.027123] GICv3: CPU61: found redistributor 2b0100 region 61:0x00002000ae440000
Dec  2 16:32:36 ubuntu kernel: [    2.027146] GICv3: CPU61: using allocated LPI pending table @0x00000027fec80000
Dec  2 16:32:36 ubuntu kernel: [    2.027198] CPU61: Booted secondary processor 0x00002b0100 [0x481fd010]
Dec  2 16:32:36 ubuntu kernel: [    2.060424] Detected VIPT I-cache on CPU62
Dec  2 16:32:36 ubuntu kernel: [    2.060454] GICv3: CPU62: found redistributor 2b0200 region 62:0x00002000ae480000
Dec  2 16:32:36 ubuntu kernel: [    2.060474] GICv3: CPU62: using allocated LPI pending table @0x00000027fec90000
Dec  2 16:32:36 ubuntu kernel: [    2.060527] CPU62: Booted secondary processor 0x00002b0200 [0x481fd010]
Dec  2 16:32:36 ubuntu kernel: [    2.093756] Detected VIPT I-cache on CPU63
Dec  2 16:32:36 ubuntu kernel: [    2.093786] GICv3: CPU63: found redistributor 2b0300 region 63:0x00002000ae4c0000
Dec  2 16:32:36 ubuntu kernel: [    2.093809] GICv3: CPU63: using allocated LPI pending table @0x00000027feca0000
Dec  2 16:32:36 ubuntu kernel: [    2.093861] CPU63: Booted secondary processor 0x00002b0300 [0x481fd010]
Dec  2 16:32:36 ubuntu kernel: [    2.126569] Detected VIPT I-cache on CPU64
Dec  2 16:32:36 ubuntu kernel: [    2.126600] GICv3: CPU64: found redistributor 2c0000 region 64:0x00002000ae500000
Dec  2 16:32:36 ubuntu kernel: [    2.126631] GICv3: CPU64: using allocated LPI pending table @0x00000027fecb0000
Dec  2 16:32:36 ubuntu kernel: [    2.126687] CPU64: Booted secondary processor 0x00002c0000 [0x481fd010]
Dec  2 16:32:36 ubuntu kernel: [    2.159376] Detected VIPT I-cache on CPU65
Dec  2 16:32:36 ubuntu kernel: [    2.159405] GICv3: CPU65: found redistributor 2c0100 region 65:0x00002000ae540000
Dec  2 16:32:36 ubuntu kernel: [    2.159425] GICv3: CPU65: using allocated LPI pending table @0x00000027fecc0000
Dec  2 16:32:36 ubuntu kernel: [    2.159478] CPU65: Booted secondary processor 0x00002c0100 [0x481fd010]
Dec  2 16:32:36 ubuntu kernel: [    2.192187] Detected VIPT I-cache on CPU66
Dec  2 16:32:36 ubuntu kernel: [    2.192216] GICv3: CPU66: found redistributor 2c0200 region 66:0x00002000ae580000
Dec  2 16:32:36 ubuntu kernel: [    2.192238] GICv3: CPU66: using allocated LPI pending table @0x00000027fecd0000
Dec  2 16:32:36 ubuntu kernel: [    2.192291] CPU66: Booted secondary processor 0x00002c0200 [0x481fd010]
Dec  2 16:32:36 ubuntu kernel: [    2.224996] Detected VIPT I-cache on CPU67
Dec  2 16:32:36 ubuntu kernel: [    2.225025] GICv3: CPU67: found redistributor 2c0300 region 67:0x00002000ae5c0000
Dec  2 16:32:36 ubuntu kernel: [    2.225046] GICv3: CPU67: using allocated LPI pending table @0x00000027fece0000
Dec  2 16:32:36 ubuntu kernel: [    2.225100] CPU67: Booted secondary processor 0x00002c0300 [0x481fd010]
Dec  2 16:32:36 ubuntu kernel: [    2.257984] Detected VIPT I-cache on CPU68
Dec  2 16:32:36 ubuntu kernel: [    2.258015] GICv3: CPU68: found redistributor 2d0000 region 68:0x00002000ae600000
Dec  2 16:32:36 ubuntu kernel: [    2.258047] GICv3: CPU68: using allocated LPI pending table @0x00000027fecf0000
Dec  2 16:32:36 ubuntu kernel: [    2.258103] CPU68: Booted secondary processor 0x00002d0000 [0x481fd010]
Dec  2 16:32:36 ubuntu kernel: [    2.290965] Detected VIPT I-cache on CPU69
Dec  2 16:32:36 ubuntu kernel: [    2.290994] GICv3: CPU69: found redistributor 2d0100 region 69:0x00002000ae640000
Dec  2 16:32:36 ubuntu kernel: [    2.291016] GICv3: CPU69: using allocated LPI pending table @0x00000027fed00000
Dec  2 16:32:36 ubuntu kernel: [    2.291069] CPU69: Booted secondary processor 0x00002d0100 [0x481fd010]
Dec  2 16:32:36 ubuntu kernel: [    2.323949] Detected VIPT I-cache on CPU70
Dec  2 16:32:36 ubuntu kernel: [    2.323979] GICv3: CPU70: found redistributor 2d0200 region 70:0x00002000ae680000
Dec  2 16:32:36 ubuntu kernel: [    2.324001] GICv3: CPU70: using allocated LPI pending table @0x00000027fed10000
Dec  2 16:32:36 ubuntu kernel: [    2.324054] CPU70: Booted secondary processor 0x00002d0200 [0x481fd010]
Dec  2 16:32:36 ubuntu kernel: [    2.356933] Detected VIPT I-cache on CPU71
Dec  2 16:32:36 ubuntu kernel: [    2.356963] GICv3: CPU71: found redistributor 2d0300 region 71:0x00002000ae6c0000
Dec  2 16:32:36 ubuntu kernel: [    2.356985] GICv3: CPU71: using allocated LPI pending table @0x00000027fed20000
Dec  2 16:32:36 ubuntu kernel: [    2.357037] CPU71: Booted secondary processor 0x00002d0300 [0x481fd010]
Dec  2 16:32:36 ubuntu kernel: [    2.397062] Detected VIPT I-cache on CPU72
Dec  2 16:32:36 ubuntu kernel: [    2.397114] GICv3: CPU72: found redistributor 380000 region 72:0x00002000aa100000
Dec  2 16:32:36 ubuntu kernel: [    2.397174] GICv3: CPU72: using allocated LPI pending table @0x00000027fed30000
Dec  2 16:32:36 ubuntu kernel: [    2.397258] CPU72: Booted secondary processor 0x0000380000 [0x481fd010]
Dec  2 16:32:36 ubuntu kernel: [    2.437139] Detected VIPT I-cache on CPU73
Dec  2 16:32:36 ubuntu kernel: [    2.437174] GICv3: CPU73: found redistributor 380100 region 73:0x00002000aa140000
Dec  2 16:32:36 ubuntu kernel: [    2.437199] GICv3: CPU73: using allocated LPI pending table @0x00000027fed40000
Dec  2 16:32:36 ubuntu kernel: [    2.437256] CPU73: Booted secondary processor 0x0000380100 [0x481fd010]
Dec  2 16:32:36 ubuntu kernel: [    2.477240] Detected VIPT I-cache on CPU74
Dec  2 16:32:36 ubuntu kernel: [    2.477275] GICv3: CPU74: found redistributor 380200 region 74:0x00002000aa180000
Dec  2 16:32:36 ubuntu kernel: [    2.477299] GICv3: CPU74: using allocated LPI pending table @0x00000027fed50000
Dec  2 16:32:36 ubuntu kernel: [    2.477357] CPU74: Booted secondary processor 0x0000380200 [0x481fd010]
Dec  2 16:32:36 ubuntu kernel: [    2.517341] Detected VIPT I-cache on CPU75
Dec  2 16:32:36 ubuntu kernel: [    2.517377] GICv3: CPU75: found redistributor 380300 region 75:0x00002000aa1c0000
Dec  2 16:32:36 ubuntu kernel: [    2.517400] GICv3: CPU75: using allocated LPI pending table @0x00000027fed60000
Dec  2 16:32:36 ubuntu kernel: [    2.517457] CPU75: Booted secondary processor 0x0000380300 [0x481fd010]
Dec  2 16:32:36 ubuntu kernel: [    2.557620] Detected VIPT I-cache on CPU76
Dec  2 16:32:36 ubuntu kernel: [    2.557657] GICv3: CPU76: found redistributor 390000 region 76:0x00002000aa200000
Dec  2 16:32:36 ubuntu kernel: [    2.557691] GICv3: CPU76: using allocated LPI pending table @0x00000027fed70000
Dec  2 16:32:36 ubuntu kernel: [    2.557752] CPU76: Booted secondary processor 0x0000390000 [0x481fd010]
Dec  2 16:32:36 ubuntu kernel: [    2.597892] Detected VIPT I-cache on CPU77
Dec  2 16:32:36 ubuntu kernel: [    2.597928] GICv3: CPU77: found redistributor 390100 region 77:0x00002000aa240000
Dec  2 16:32:36 ubuntu kernel: [    2.597951] GICv3: CPU77: using allocated LPI pending table @0x00000027fed80000
Dec  2 16:32:36 ubuntu kernel: [    2.598008] CPU77: Booted secondary processor 0x0000390100 [0x481fd010]
Dec  2 16:32:36 ubuntu kernel: [    2.638167] Detected VIPT I-cache on CPU78
Dec  2 16:32:36 ubuntu kernel: [    2.638203] GICv3: CPU78: found redistributor 390200 region 78:0x00002000aa280000
Dec  2 16:32:36 ubuntu kernel: [    2.638227] GICv3: CPU78: using allocated LPI pending table @0x00000027fed90000
Dec  2 16:32:36 ubuntu kernel: [    2.638284] CPU78: Booted secondary processor 0x0000390200 [0x481fd010]
Dec  2 16:32:36 ubuntu kernel: [    2.678442] Detected VIPT I-cache on CPU79
Dec  2 16:32:36 ubuntu kernel: [    2.678478] GICv3: CPU79: found redistributor 390300 region 79:0x00002000aa2c0000
Dec  2 16:32:36 ubuntu kernel: [    2.678503] GICv3: CPU79: using allocated LPI pending table @0x00000027feda0000
Dec  2 16:32:36 ubuntu kernel: [    2.678560] CPU79: Booted secondary processor 0x0000390300 [0x481fd010]
Dec  2 16:32:36 ubuntu kernel: [    2.718894] Detected VIPT I-cache on CPU80
Dec  2 16:32:36 ubuntu kernel: [    2.718933] GICv3: CPU80: found redistributor 3a0000 region 80:0x00002000aa300000
Dec  2 16:32:36 ubuntu kernel: [    2.718967] GICv3: CPU80: using allocated LPI pending table @0x00000027fedb0000
Dec  2 16:32:36 ubuntu kernel: [    2.719028] CPU80: Booted secondary processor 0x00003a0000 [0x481fd010]
Dec  2 16:32:36 ubuntu kernel: [    2.759340] Detected VIPT I-cache on CPU81
Dec  2 16:32:36 ubuntu kernel: [    2.759377] GICv3: CPU81: found redistributor 3a0100 region 81:0x00002000aa340000
Dec  2 16:32:36 ubuntu kernel: [    2.759402] GICv3: CPU81: using allocated LPI pending table @0x00000027fedc0000
Dec  2 16:32:36 ubuntu kernel: [    2.759460] CPU81: Booted secondary processor 0x00003a0100 [0x481fd010]
Dec  2 16:32:36 ubuntu kernel: [    2.799789] Detected VIPT I-cache on CPU82
Dec  2 16:32:36 ubuntu kernel: [    2.799825] GICv3: CPU82: found redistributor 3a0200 region 82:0x00002000aa380000
Dec  2 16:32:36 ubuntu kernel: [    2.799850] GICv3: CPU82: using allocated LPI pending table @0x00000027fedd0000
Dec  2 16:32:36 ubuntu kernel: [    2.799907] CPU82: Booted secondary processor 0x00003a0200 [0x481fd010]
Dec  2 16:32:36 ubuntu kernel: [    2.840238] Detected VIPT I-cache on CPU83
Dec  2 16:32:36 ubuntu kernel: [    2.840274] GICv3: CPU83: found redistributor 3a0300 region 83:0x00002000aa3c0000
Dec  2 16:32:36 ubuntu kernel: [    2.840300] GICv3: CPU83: using allocated LPI pending table @0x00000027fede0000
Dec  2 16:32:36 ubuntu kernel: [    2.840357] CPU83: Booted secondary processor 0x00003a0300 [0x481fd010]
Dec  2 16:32:36 ubuntu kernel: [    2.880863] Detected VIPT I-cache on CPU84
Dec  2 16:32:36 ubuntu kernel: [    2.880902] GICv3: CPU84: found redistributor 3b0000 region 84:0x00002000aa400000
Dec  2 16:32:36 ubuntu kernel: [    2.880940] GICv3: CPU84: using allocated LPI pending table @0x00000027fedf0000
Dec  2 16:32:36 ubuntu kernel: [    2.881001] CPU84: Booted secondary processor 0x00003b0000 [0x481fd010]
Dec  2 16:32:36 ubuntu kernel: [    2.921483] Detected VIPT I-cache on CPU85
Dec  2 16:32:36 ubuntu kernel: [    2.921520] GICv3: CPU85: found redistributor 3b0100 region 85:0x00002000aa440000
Dec  2 16:32:36 ubuntu kernel: [    2.921544] GICv3: CPU85: using allocated LPI pending table @0x00000027fee00000
Dec  2 16:32:36 ubuntu kernel: [    2.921602] CPU85: Booted secondary processor 0x00003b0100 [0x481fd010]
Dec  2 16:32:36 ubuntu kernel: [    2.962105] Detected VIPT I-cache on CPU86
Dec  2 16:32:36 ubuntu kernel: [    2.962142] GICv3: CPU86: found redistributor 3b0200 region 86:0x00002000aa480000
Dec  2 16:32:36 ubuntu kernel: [    2.962167] GICv3: CPU86: using allocated LPI pending table @0x00000027fee10000
Dec  2 16:32:36 ubuntu kernel: [    2.962225] CPU86: Booted secondary processor 0x00003b0200 [0x481fd010]
Dec  2 16:32:36 ubuntu kernel: [    3.002727] Detected VIPT I-cache on CPU87
Dec  2 16:32:36 ubuntu kernel: [    3.002765] GICv3: CPU87: found redistributor 3b0300 region 87:0x00002000aa4c0000
Dec  2 16:32:36 ubuntu kernel: [    3.002789] GICv3: CPU87: using allocated LPI pending table @0x00000027fee20000
Dec  2 16:32:36 ubuntu kernel: [    3.002847] CPU87: Booted secondary processor 0x00003b0300 [0x481fd010]
Dec  2 16:32:36 ubuntu kernel: [    3.042831] Detected VIPT I-cache on CPU88
Dec  2 16:32:36 ubuntu kernel: [    3.042870] GICv3: CPU88: found redistributor 3c0000 region 88:0x00002000aa500000
Dec  2 16:32:36 ubuntu kernel: [    3.042905] GICv3: CPU88: using allocated LPI pending table @0x00000027fee30000
Dec  2 16:32:36 ubuntu kernel: [    3.042966] CPU88: Booted secondary processor 0x00003c0000 [0x481fd010]
Dec  2 16:32:36 ubuntu kernel: [    3.082930] Detected VIPT I-cache on CPU89
Dec  2 16:32:36 ubuntu kernel: [    3.082967] GICv3: CPU89: found redistributor 3c0100 region 89:0x00002000aa540000
Dec  2 16:32:36 ubuntu kernel: [    3.082996] GICv3: CPU89: using allocated LPI pending table @0x00000027fee40000
Dec  2 16:32:36 ubuntu kernel: [    3.083055] CPU89: Booted secondary processor 0x00003c0100 [0x481fd010]
Dec  2 16:32:36 ubuntu kernel: [    3.123031] Detected VIPT I-cache on CPU90
Dec  2 16:32:36 ubuntu kernel: [    3.123068] GICv3: CPU90: found redistributor 3c0200 region 90:0x00002000aa580000
Dec  2 16:32:36 ubuntu kernel: [    3.123094] GICv3: CPU90: using allocated LPI pending table @0x00000027fee50000
Dec  2 16:32:36 ubuntu kernel: [    3.123152] CPU90: Booted secondary processor 0x00003c0200 [0x481fd010]
Dec  2 16:32:36 ubuntu kernel: [    3.163133] Detected VIPT I-cache on CPU91
Dec  2 16:32:36 ubuntu kernel: [    3.163170] GICv3: CPU91: found redistributor 3c0300 region 91:0x00002000aa5c0000
Dec  2 16:32:36 ubuntu kernel: [    3.163195] GICv3: CPU91: using allocated LPI pending table @0x00000027fee60000
Dec  2 16:32:36 ubuntu kernel: [    3.163253] CPU91: Booted secondary processor 0x00003c0300 [0x481fd010]
Dec  2 16:32:36 ubuntu kernel: [    3.203412] Detected VIPT I-cache on CPU92
Dec  2 16:32:36 ubuntu kernel: [    3.203451] GICv3: CPU92: found redistributor 3d0000 region 92:0x00002000aa600000
Dec  2 16:32:36 ubuntu kernel: [    3.203487] GICv3: CPU92: using allocated LPI pending table @0x00000027fee70000
Dec  2 16:32:36 ubuntu kernel: [    3.203549] CPU92: Booted secondary processor 0x00003d0000 [0x481fd010]
Dec  2 16:32:36 ubuntu kernel: [    3.243684] Detected VIPT I-cache on CPU93
Dec  2 16:32:36 ubuntu kernel: [    3.243722] GICv3: CPU93: found redistributor 3d0100 region 93:0x00002000aa640000
Dec  2 16:32:36 ubuntu kernel: [    3.243746] GICv3: CPU93: using allocated LPI pending table @0x00000027fee80000
Dec  2 16:32:36 ubuntu kernel: [    3.243804] CPU93: Booted secondary processor 0x00003d0100 [0x481fd010]
Dec  2 16:32:36 ubuntu kernel: [    3.283959] Detected VIPT I-cache on CPU94
Dec  2 16:32:36 ubuntu kernel: [    3.283996] GICv3: CPU94: found redistributor 3d0200 region 94:0x00002000aa680000
Dec  2 16:32:36 ubuntu kernel: [    3.284022] GICv3: CPU94: using allocated LPI pending table @0x00000027fee90000
Dec  2 16:32:36 ubuntu kernel: [    3.284080] CPU94: Booted secondary processor 0x00003d0200 [0x481fd010]
Dec  2 16:32:36 ubuntu kernel: [    3.324234] Detected VIPT I-cache on CPU95
Dec  2 16:32:36 ubuntu kernel: [    3.324272] GICv3: CPU95: found redistributor 3d0300 region 95:0x00002000aa6c0000
Dec  2 16:32:36 ubuntu kernel: [    3.324297] GICv3: CPU95: using allocated LPI pending table @0x00000027feea0000
Dec  2 16:32:36 ubuntu kernel: [    3.324356] CPU95: Booted secondary processor 0x00003d0300 [0x481fd010]
Dec  2 16:32:36 ubuntu kernel: [    3.325205] smp: Brought up 4 nodes, 96 CPUs
Dec  2 16:32:36 ubuntu kernel: [    3.325754] SMP: Total of 96 processors activated.
Dec  2 16:32:36 ubuntu kernel: [    3.325757] CPU features: detected: Privileged Access Never
Dec  2 16:32:36 ubuntu kernel: [    3.325759] CPU features: detected: LSE atomic instructions
Dec  2 16:32:36 ubuntu kernel: [    3.325761] CPU features: detected: User Access Override
Dec  2 16:32:36 ubuntu kernel: [    3.325763] CPU features: detected: Common not Private translations
Dec  2 16:32:36 ubuntu kernel: [    3.325765] CPU features: detected: Data cache clean to Point of Persistence
Dec  2 16:32:36 ubuntu kernel: [    3.325767] CPU features: detected: RAS Extension Support
Dec  2 16:32:36 ubuntu kernel: [    3.325769] CPU features: detected: CRC32 instructions
Dec  2 16:32:36 ubuntu kernel: [    3.390603] CPU: All CPU(s) started at EL2
Dec  2 16:32:36 ubuntu kernel: [    3.406561] devtmpfs: initialized
Dec  2 16:32:36 ubuntu kernel: [    3.409302] Registered cp15_barrier emulation handler
Dec  2 16:32:36 ubuntu kernel: [    3.409341] Registered setend emulation handler
Dec  2 16:32:36 ubuntu kernel: [    3.409346] KASLR disabled due to lack of seed
Dec  2 16:32:36 ubuntu kernel: [    3.409747] clocksource: jiffies: mask: 0xffffffff max_cycles: 0xffffffff, max_idle_ns: 7645041785100000 ns
Dec  2 16:32:36 ubuntu kernel: [    3.410210] futex hash table entries: 32768 (order: 9, 2097152 bytes, vmalloc)
Dec  2 16:32:36 ubuntu kernel: [    3.411043] pinctrl core: initialized pinctrl subsystem
Dec  2 16:32:36 ubuntu kernel: [    3.411198] thermal_sys: Registered thermal governor 'fair_share'
Dec  2 16:32:36 ubuntu kernel: [    3.411199] thermal_sys: Registered thermal governor 'bang_bang'
Dec  2 16:32:36 ubuntu kernel: [    3.411202] thermal_sys: Registered thermal governor 'step_wise'
Dec  2 16:32:36 ubuntu kernel: [    3.411204] thermal_sys: Registered thermal governor 'user_space'
Dec  2 16:32:36 ubuntu kernel: [    3.411287] SMBIOS 3.1.1 present.
Dec  2 16:32:36 ubuntu kernel: [    3.411294] DMI: Huawei TaiShan 200 (Model 2280)/BC82AMDDA, BIOS 1.06 10/29/2019
Dec  2 16:32:36 ubuntu kernel: [    3.411634] NET: Registered protocol family 16
Dec  2 16:32:36 ubuntu kernel: [    3.412774] DMA: preallocated 256 KiB pool for atomic allocations
Dec  2 16:32:36 ubuntu kernel: [    3.412780] audit: initializing netlink subsys (disabled)
Dec  2 16:32:36 ubuntu kernel: [    3.412823] audit: type=2000 audit(0.488:1): state=initialized audit_enabled=0 res=1
Dec  2 16:32:36 ubuntu kernel: [    3.413064] cpuidle: using governor ladder
Dec  2 16:32:36 ubuntu kernel: [    3.413158] cpuidle: using governor menu
Dec  2 16:32:36 ubuntu kernel: [    3.413167] Detected 1 PCC Subspaces
Dec  2 16:32:36 ubuntu kernel: [    3.413197] Registering PCC driver as Mailbox controller
Dec  2 16:32:36 ubuntu kernel: [    3.413273] hw-breakpoint: found 6 breakpoint and 4 watchpoint registers.
Dec  2 16:32:36 ubuntu kernel: [    3.414167] ASID allocator initialised with 65536 entries
Dec  2 16:32:36 ubuntu kernel: [    3.414312] ACPI: bus type PCI registered
Dec  2 16:32:36 ubuntu kernel: [    3.414316] acpiphp: ACPI Hot Plug PCI Controller Driver version: 0.5
Dec  2 16:32:36 ubuntu kernel: [    3.414476] Serial: AMBA PL011 UART driver
Dec  2 16:32:36 ubuntu kernel: [    3.421339] HugeTLB registered 1.00 GiB page size, pre-allocated 0 pages
Dec  2 16:32:36 ubuntu kernel: [    3.421343] HugeTLB registered 32.0 MiB page size, pre-allocated 0 pages
Dec  2 16:32:36 ubuntu kernel: [    3.421346] HugeTLB registered 2.00 MiB page size, pre-allocated 0 pages
Dec  2 16:32:36 ubuntu kernel: [    3.421349] HugeTLB registered 64.0 KiB page size, pre-allocated 0 pages
Dec  2 16:32:36 ubuntu kernel: [    3.425164] fbcon: Taking over console
Dec  2 16:32:36 ubuntu kernel: [    3.425564] ACPI: Added _OSI(Module Device)
Dec  2 16:32:36 ubuntu kernel: [    3.425567] ACPI: Added _OSI(Processor Device)
Dec  2 16:32:36 ubuntu kernel: [    3.425570] ACPI: Added _OSI(3.0 _SCP Extensions)
Dec  2 16:32:36 ubuntu kernel: [    3.425572] ACPI: Added _OSI(Processor Aggregator Device)
Dec  2 16:32:36 ubuntu kernel: [    3.425574] ACPI: Added _OSI(Linux-Dell-Video)
Dec  2 16:32:36 ubuntu kernel: [    3.425577] ACPI: Added _OSI(Linux-Lenovo-NV-HDMI-Audio)
Dec  2 16:32:36 ubuntu kernel: [    3.425579] ACPI: Added _OSI(Linux-HPI-Hybrid-Graphics)
Dec  2 16:32:36 ubuntu kernel: [    3.434755] ACPI: 2 ACPI AML tables successfully acquired and loaded
Dec  2 16:32:36 ubuntu kernel: [    3.438135] ACPI: Interpreter enabled
Dec  2 16:32:36 ubuntu kernel: [    3.438138] ACPI: Using GIC for interrupt routing
Dec  2 16:32:36 ubuntu kernel: [    3.438153] ACPI: MCFG table detected, 1 entries
Dec  2 16:32:36 ubuntu kernel: [    3.438156] ACPI: IORT: [Firmware Bug]: ID count for ID mapping entry is wrong, applying workaround
Dec  2 16:32:36 ubuntu kernel: [    3.438162] ACPI: IORT: SMMU-v3[148000000] Mapped to Proximity domain 0
Dec  2 16:32:36 ubuntu kernel: [    3.438209] ACPI: IORT: SMMU-v3[201000000] Mapped to Proximity domain 0
Dec  2 16:32:36 ubuntu kernel: [    3.438236] ACPI: IORT: SMMU-v3[100000000] Mapped to Proximity domain 0
Dec  2 16:32:36 ubuntu kernel: [    3.438259] ACPI: IORT: SMMU-v3[140000000] Mapped to Proximity domain 0
Dec  2 16:32:36 ubuntu kernel: [    3.438284] ACPI: IORT: SMMU-v3[200148000000] Mapped to Proximity domain 2
Dec  2 16:32:36 ubuntu kernel: [    3.438307] ACPI: IORT: SMMU-v3[200201000000] Mapped to Proximity domain 2
Dec  2 16:32:36 ubuntu kernel: [    3.438332] ACPI: IORT: SMMU-v3[200100000000] Mapped to Proximity domain 2
Dec  2 16:32:36 ubuntu kernel: [    3.438354] ACPI: IORT: SMMU-v3[200140000000] Mapped to Proximity domain 2
Dec  2 16:32:36 ubuntu kernel: [    3.438992] HEST: Table parsing has been initialized.
Dec  2 16:32:36 ubuntu kernel: [    3.466904] ACPI: PCI Root Bridge [PCI0] (domain 0000 [bus 00-3f])
Dec  2 16:32:36 ubuntu kernel: [    3.466913] acpi PNP0A08:00: _OSC: OS supports [ExtendedConfig ASPM ClockPM Segments MSI HPX-Type3]
Dec  2 16:32:36 ubuntu kernel: [    3.467017] acpi PNP0A08:00: _OSC: platform does not support [SHPCHotplug LTR]
Dec  2 16:32:36 ubuntu kernel: [    3.467106] acpi PNP0A08:00: _OSC: OS now controls [PCIeHotplug PME AER PCIeCapability]
Dec  2 16:32:36 ubuntu kernel: [    3.467690] acpi PNP0A08:00: ECAM area [mem 0xd0000000-0xd3ffffff] reserved by PNP0C02:00
Dec  2 16:32:36 ubuntu kernel: [    3.467701] acpi PNP0A08:00: ECAM at [mem 0xd0000000-0xd3ffffff] for [bus 00-3f]
Dec  2 16:32:36 ubuntu kernel: [    3.467725] Remapped I/O 0x00000000f7ff0000 to [io  0x0000-0xffff window]
Dec  2 16:32:36 ubuntu kernel: [    3.467787] PCI host bridge to bus 0000:00
Dec  2 16:32:36 ubuntu kernel: [    3.467791] pci_bus 0000:00: root bus resource [mem 0x80000000000-0x82fffffffff pref window]
Dec  2 16:32:36 ubuntu kernel: [    3.467794] pci_bus 0000:00: root bus resource [mem 0xe0000000-0xf7feffff window]
Dec  2 16:32:36 ubuntu kernel: [    3.467797] pci_bus 0000:00: root bus resource [io  0x0000-0xffff window]
Dec  2 16:32:36 ubuntu kernel: [    3.467800] pci_bus 0000:00: root bus resource [bus 00-3f]
Dec  2 16:32:36 ubuntu kernel: [    3.467832] pci 0000:00:00.0: [19e5:a120] type 01 class 0x060400
Dec  2 16:32:36 ubuntu kernel: [    3.467900] pci 0000:00:00.0: PME# supported from D0 D1 D2 D3hot D3cold
Dec  2 16:32:36 ubuntu kernel: [    3.467979] pci 0000:00:04.0: [19e5:a120] type 01 class 0x060400
Dec  2 16:32:36 ubuntu kernel: [    3.468037] pci 0000:00:04.0: PME# supported from D0 D1 D2 D3hot D3cold
Dec  2 16:32:36 ubuntu kernel: [    3.468101] pci 0000:00:08.0: [19e5:a120] type 01 class 0x060400
Dec  2 16:32:36 ubuntu kernel: [    3.468154] pci 0000:00:08.0: PME# supported from D0 D1 D2 D3hot D3cold
Dec  2 16:32:36 ubuntu kernel: [    3.468214] pci 0000:00:0c.0: [19e5:a120] type 01 class 0x060400
Dec  2 16:32:36 ubuntu kernel: [    3.468268] pci 0000:00:0c.0: PME# supported from D0 D1 D2 D3hot D3cold
Dec  2 16:32:36 ubuntu kernel: [    3.468328] pci 0000:00:10.0: [19e5:a120] type 01 class 0x060400
Dec  2 16:32:36 ubuntu kernel: [    3.468386] pci 0000:00:10.0: PME# supported from D0 D1 D2 D3hot D3cold
Dec  2 16:32:36 ubuntu kernel: [    3.468446] pci 0000:00:11.0: [19e5:a120] type 01 class 0x060400
Dec  2 16:32:36 ubuntu kernel: [    3.468501] pci 0000:00:11.0: PME# supported from D0 D1 D2 D3hot D3cold
Dec  2 16:32:36 ubuntu kernel: [    3.468558] pci 0000:00:12.0: [19e5:a120] type 01 class 0x060400
Dec  2 16:32:36 ubuntu kernel: [    3.468611] pci 0000:00:12.0: PME# supported from D0 D1 D2 D3hot D3cold
Dec  2 16:32:36 ubuntu kernel: [    3.468749] pci 0000:03:00.0: [1000:0016] type 00 class 0x010400
Dec  2 16:32:36 ubuntu kernel: [    3.468771] pci 0000:03:00.0: reg 0x10: [mem 0x80000100000-0x800001fffff 64bit pref]
Dec  2 16:32:36 ubuntu kernel: [    3.468781] pci 0000:03:00.0: reg 0x18: [mem 0x80000000000-0x800000fffff 64bit pref]
Dec  2 16:32:36 ubuntu kernel: [    3.468789] pci 0000:03:00.0: reg 0x20: [mem 0xe6400000-0xe64fffff]
Dec  2 16:32:36 ubuntu kernel: [    3.468797] pci 0000:03:00.0: reg 0x24: [io  0x0000-0x00ff]
Dec  2 16:32:36 ubuntu kernel: [    3.468805] pci 0000:03:00.0: reg 0x30: [mem 0xe6300000-0xe63fffff pref]
Dec  2 16:32:36 ubuntu kernel: [    3.468873] pci 0000:03:00.0: supports D1 D2
Dec  2 16:32:36 ubuntu kernel: [    3.469016] pci 0000:05:00.0: [19e5:1710] type 00 class 0x118000
Dec  2 16:32:36 ubuntu kernel: [    3.469041] pci 0000:05:00.0: reg 0x10: [mem 0xe0000000-0xe3ffffff pref]
Dec  2 16:32:36 ubuntu kernel: [    3.469051] pci 0000:05:00.0: reg 0x14: [mem 0xe6200000-0xe62fffff]
Dec  2 16:32:36 ubuntu kernel: [    3.469203] pci 0000:05:00.0: supports D1
Dec  2 16:32:36 ubuntu kernel: [    3.469205] pci 0000:05:00.0: PME# supported from D0 D1 D3hot
Dec  2 16:32:36 ubuntu kernel: [    3.469348] pci 0000:06:00.0: [19e5:1711] type 00 class 0x030000
Dec  2 16:32:36 ubuntu kernel: [    3.469380] pci 0000:06:00.0: reg 0x10: [mem 0xe4000000-0xe5ffffff pref]
Dec  2 16:32:36 ubuntu kernel: [    3.469393] pci 0000:06:00.0: reg 0x14: [mem 0xe6000000-0xe61fffff]
Dec  2 16:32:36 ubuntu kernel: [    3.469519] pci 0000:06:00.0: BAR 0: assigned to efifb
Dec  2 16:32:36 ubuntu kernel: [    3.469579] pci 0000:06:00.0: supports D1
Dec  2 16:32:36 ubuntu kernel: [    3.469582] pci 0000:06:00.0: PME# supported from D0 D1 D3hot
Dec  2 16:32:36 ubuntu kernel: [    3.469723] pci_bus 0000:00: on NUMA node 0
Dec  2 16:32:36 ubuntu kernel: [    3.469725] pci 0000:00:00.0: PCI bridge to [bus 01]
Dec  2 16:32:36 ubuntu kernel: [    3.469729] pci 0000:00:04.0: PCI bridge to [bus 02]
Dec  2 16:32:36 ubuntu kernel: [    3.469734] pci 0000:00:08.0: PCI bridge to [bus 03]
Dec  2 16:32:36 ubuntu kernel: [    3.469737] pci 0000:00:08.0:   bridge window [io  0x0000-0x0fff]
Dec  2 16:32:36 ubuntu kernel: [    3.469740] pci 0000:00:08.0:   bridge window [mem 0xe6300000-0xe64fffff]
Dec  2 16:32:36 ubuntu kernel: [    3.469743] pci 0000:00:08.0:   bridge window [mem 0x80000000000-0x800001fffff 64bit pref]
Dec  2 16:32:36 ubuntu kernel: [    3.469747] pci 0000:00:0c.0: PCI bridge to [bus 04]
Dec  2 16:32:36 ubuntu kernel: [    3.469751] pci 0000:00:10.0: PCI bridge to [bus 05]
Dec  2 16:32:36 ubuntu kernel: [    3.469755] pci 0000:00:10.0:   bridge window [mem 0xe6200000-0xe62fffff]
Dec  2 16:32:36 ubuntu kernel: [    3.469758] pci 0000:00:10.0:   bridge window [mem 0xe0000000-0xe3ffffff 64bit pref]
Dec  2 16:32:36 ubuntu kernel: [    3.469761] pci 0000:00:11.0: PCI bridge to [bus 06]
Dec  2 16:32:36 ubuntu kernel: [    3.469765] pci 0000:00:11.0:   bridge window [mem 0xe6000000-0xe61fffff]
Dec  2 16:32:36 ubuntu kernel: [    3.469768] pci 0000:00:11.0:   bridge window [mem 0xe4000000-0xe5ffffff 64bit pref]
Dec  2 16:32:36 ubuntu kernel: [    3.469771] pci 0000:00:12.0: PCI bridge to [bus 07]
Dec  2 16:32:36 ubuntu kernel: [    3.469782] pci 0000:00:00.0: PCI bridge to [bus 01]
Dec  2 16:32:36 ubuntu kernel: [    3.469787] pci 0000:00:04.0: PCI bridge to [bus 02]
Dec  2 16:32:36 ubuntu kernel: [    3.469791] pci 0000:00:08.0: PCI bridge to [bus 03]
Dec  2 16:32:36 ubuntu kernel: [    3.469794] pci 0000:00:08.0:   bridge window [io  0x0000-0x0fff]
Dec  2 16:32:36 ubuntu kernel: [    3.469797] pci 0000:00:08.0:   bridge window [mem 0xe6300000-0xe64fffff]
Dec  2 16:32:36 ubuntu kernel: [    3.469800] pci 0000:00:08.0:   bridge window [mem 0x80000000000-0x800001fffff 64bit pref]
Dec  2 16:32:36 ubuntu kernel: [    3.469804] pci 0000:00:0c.0: PCI bridge to [bus 04]
Dec  2 16:32:36 ubuntu kernel: [    3.469809] pci 0000:00:10.0: PCI bridge to [bus 05]
Dec  2 16:32:36 ubuntu kernel: [    3.469812] pci 0000:00:10.0:   bridge window [mem 0xe6200000-0xe62fffff]
Dec  2 16:32:36 ubuntu kernel: [    3.469815] pci 0000:00:10.0:   bridge window [mem 0xe0000000-0xe3ffffff 64bit pref]
Dec  2 16:32:36 ubuntu kernel: [    3.469819] pci 0000:00:11.0: PCI bridge to [bus 06]
Dec  2 16:32:36 ubuntu kernel: [    3.469822] pci 0000:00:11.0:   bridge window [mem 0xe6000000-0xe61fffff]
Dec  2 16:32:36 ubuntu kernel: [    3.469825] pci 0000:00:11.0:   bridge window [mem 0xe4000000-0xe5ffffff 64bit pref]
Dec  2 16:32:36 ubuntu kernel: [    3.469829] pci 0000:00:12.0: PCI bridge to [bus 07]
Dec  2 16:32:36 ubuntu kernel: [    3.469835] pci_bus 0000:00: resource 4 [mem 0x80000000000-0x82fffffffff pref window]
Dec  2 16:32:36 ubuntu kernel: [    3.469838] pci_bus 0000:00: resource 5 [mem 0xe0000000-0xf7feffff window]
Dec  2 16:32:36 ubuntu kernel: [    3.469841] pci_bus 0000:00: resource 6 [io  0x0000-0xffff window]
Dec  2 16:32:36 ubuntu kernel: [    3.469843] pci_bus 0000:03: resource 0 [io  0x0000-0x0fff]
Dec  2 16:32:36 ubuntu kernel: [    3.469846] pci_bus 0000:03: resource 1 [mem 0xe6300000-0xe64fffff]
Dec  2 16:32:36 ubuntu kernel: [    3.469848] pci_bus 0000:03: resource 2 [mem 0x80000000000-0x800001fffff 64bit pref]
Dec  2 16:32:36 ubuntu kernel: [    3.469851] pci_bus 0000:05: resource 1 [mem 0xe6200000-0xe62fffff]
Dec  2 16:32:36 ubuntu kernel: [    3.469854] pci_bus 0000:05: resource 2 [mem 0xe0000000-0xe3ffffff 64bit pref]
Dec  2 16:32:36 ubuntu kernel: [    3.469857] pci_bus 0000:06: resource 1 [mem 0xe6000000-0xe61fffff]
Dec  2 16:32:36 ubuntu kernel: [    3.469860] pci_bus 0000:06: resource 2 [mem 0xe4000000-0xe5ffffff 64bit pref]
Dec  2 16:32:36 ubuntu kernel: [    3.469912] ACPI: PCI Root Bridge [PCI1] (domain 0000 [bus 7b])
Dec  2 16:32:36 ubuntu kernel: [    3.469917] acpi PNP0A08:01: _OSC: OS supports [ExtendedConfig ASPM ClockPM Segments MSI HPX-Type3]
Dec  2 16:32:36 ubuntu kernel: [    3.470016] acpi PNP0A08:01: _OSC: platform does not support [PCIeHotplug SHPCHotplug PME AER LTR]
Dec  2 16:32:36 ubuntu kernel: [    3.470104] acpi PNP0A08:01: _OSC: OS now controls [PCIeCapability]
Dec  2 16:32:36 ubuntu kernel: [    3.470684] acpi PNP0A08:01: ECAM area [mem 0xd7b00000-0xd7bfffff] reserved by PNP0C02:00
Dec  2 16:32:36 ubuntu kernel: [    3.470699] acpi PNP0A08:01: ECAM at [mem 0xd7b00000-0xd7bfffff] for [bus 7b]
Dec  2 16:32:36 ubuntu kernel: [    3.470754] PCI host bridge to bus 0000:7b
Dec  2 16:32:36 ubuntu kernel: [    3.470757] pci_bus 0000:7b: root bus resource [mem 0x148800000-0x148ffffff pref window]
Dec  2 16:32:36 ubuntu kernel: [    3.470760] pci_bus 0000:7b: root bus resource [bus 7b]
Dec  2 16:32:36 ubuntu kernel: [    3.470768] pci 0000:7b:00.0: [19e5:a122] type 00 class 0x088000
Dec  2 16:32:36 ubuntu kernel: [    3.470776] pci 0000:7b:00.0: reg 0x18: [mem 0x00000000-0x00003fff 64bit pref]
Dec  2 16:32:36 ubuntu kernel: [    3.470836] pci_bus 0000:7b: on NUMA node 0
Dec  2 16:32:36 ubuntu kernel: [    3.470840] pci 0000:7b:00.0: BAR 2: assigned [mem 0x148800000-0x148803fff 64bit pref]
Dec  2 16:32:36 ubuntu kernel: [    3.470846] pci_bus 0000:7b: resource 4 [mem 0x148800000-0x148ffffff pref window]
Dec  2 16:32:36 ubuntu kernel: [    3.470886] ACPI: PCI Root Bridge [PCI2] (domain 0000 [bus 7a])
Dec  2 16:32:36 ubuntu kernel: [    3.470890] acpi PNP0A08:02: _OSC: OS supports [ExtendedConfig ASPM ClockPM Segments MSI HPX-Type3]
Dec  2 16:32:36 ubuntu kernel: [    3.470985] acpi PNP0A08:02: _OSC: platform does not support [PCIeHotplug SHPCHotplug PME AER LTR]
Dec  2 16:32:36 ubuntu kernel: [    3.471072] acpi PNP0A08:02: _OSC: OS now controls [PCIeCapability]
Dec  2 16:32:36 ubuntu kernel: [    3.471640] acpi PNP0A08:02: ECAM area [mem 0xd7a00000-0xd7afffff] reserved by PNP0C02:00
Dec  2 16:32:36 ubuntu kernel: [    3.471656] acpi PNP0A08:02: ECAM at [mem 0xd7a00000-0xd7afffff] for [bus 7a]
Dec  2 16:32:36 ubuntu kernel: [    3.471709] PCI host bridge to bus 0000:7a
Dec  2 16:32:36 ubuntu kernel: [    3.471712] pci_bus 0000:7a: root bus resource [mem 0x20c000000-0x20c1fffff pref window]
Dec  2 16:32:36 ubuntu kernel: [    3.471715] pci_bus 0000:7a: root bus resource [bus 7a]
Dec  2 16:32:36 ubuntu kernel: [    3.471722] pci 0000:7a:00.0: [19e5:a23b] type 00 class 0x0c0310
Dec  2 16:32:36 ubuntu kernel: [    3.471729] pci 0000:7a:00.0: reg 0x10: [mem 0x20c100000-0x20c100fff 64bit pref]
Dec  2 16:32:36 ubuntu kernel: [    3.471781] pci 0000:7a:01.0: [19e5:a239] type 00 class 0x0c0320
Dec  2 16:32:36 ubuntu kernel: [    3.471788] pci 0000:7a:01.0: reg 0x10: [mem 0x20c101000-0x20c101fff 64bit pref]
Dec  2 16:32:36 ubuntu kernel: [    3.471842] pci 0000:7a:02.0: [19e5:a238] type 00 class 0x0c0330
Dec  2 16:32:36 ubuntu kernel: [    3.471848] pci 0000:7a:02.0: reg 0x10: [mem 0x20c000000-0x20c0fffff 64bit pref]
Dec  2 16:32:36 ubuntu kernel: [    3.471904] pci_bus 0000:7a: on NUMA node 0
Dec  2 16:32:36 ubuntu kernel: [    3.471907] pci 0000:7a:02.0: BAR 0: assigned [mem 0x20c000000-0x20c0fffff 64bit pref]
Dec  2 16:32:36 ubuntu kernel: [    3.471912] pci 0000:7a:00.0: BAR 0: assigned [mem 0x20c100000-0x20c100fff 64bit pref]
Dec  2 16:32:36 ubuntu kernel: [    3.471917] pci 0000:7a:01.0: BAR 0: assigned [mem 0x20c101000-0x20c101fff 64bit pref]
Dec  2 16:32:36 ubuntu kernel: [    3.471922] pci_bus 0000:7a: resource 4 [mem 0x20c000000-0x20c1fffff pref window]
Dec  2 16:32:36 ubuntu kernel: [    3.471963] ACPI: PCI Root Bridge [PCI3] (domain 0000 [bus 78-79])
Dec  2 16:32:36 ubuntu kernel: [    3.471967] acpi PNP0A08:03: _OSC: OS supports [ExtendedConfig ASPM ClockPM Segments MSI HPX-Type3]
Dec  2 16:32:36 ubuntu kernel: [    3.472062] acpi PNP0A08:03: _OSC: platform does not support [PCIeHotplug SHPCHotplug PME AER LTR]
Dec  2 16:32:36 ubuntu kernel: [    3.472149] acpi PNP0A08:03: _OSC: OS now controls [PCIeCapability]
Dec  2 16:32:36 ubuntu kernel: [    3.472723] acpi PNP0A08:03: ECAM area [mem 0xd7800000-0xd79fffff] reserved by PNP0C02:00
Dec  2 16:32:36 ubuntu kernel: [    3.472730] acpi PNP0A08:03: ECAM at [mem 0xd7800000-0xd79fffff] for [bus 78-79]
Dec  2 16:32:36 ubuntu kernel: [    3.472801] PCI host bridge to bus 0000:78
Dec  2 16:32:36 ubuntu kernel: [    3.472804] pci_bus 0000:78: root bus resource [mem 0x208000000-0x208bfffff pref window]
Dec  2 16:32:36 ubuntu kernel: [    3.472807] pci_bus 0000:78: root bus resource [bus 78-79]
Dec  2 16:32:36 ubuntu kernel: [    3.472819] pci_bus 0000:78: on NUMA node 0
Dec  2 16:32:36 ubuntu kernel: [    3.472821] pci_bus 0000:78: resource 4 [mem 0x208000000-0x208bfffff pref window]
Dec  2 16:32:36 ubuntu kernel: [    3.472865] ACPI: PCI Root Bridge [PCI4] (domain 0000 [bus 7c-7d])
Dec  2 16:32:36 ubuntu kernel: [    3.472869] acpi PNP0A08:04: _OSC: OS supports [ExtendedConfig ASPM ClockPM Segments MSI HPX-Type3]
Dec  2 16:32:36 ubuntu kernel: [    3.472962] acpi PNP0A08:04: _OSC: platform does not support [PCIeHotplug SHPCHotplug PME AER LTR]
Dec  2 16:32:36 ubuntu kernel: [    3.473049] acpi PNP0A08:04: _OSC: OS now controls [PCIeCapability]
Dec  2 16:32:36 ubuntu kernel: [    3.473613] acpi PNP0A08:04: ECAM area [mem 0xd7c00000-0xd7dfffff] reserved by PNP0C02:00
Dec  2 16:32:36 ubuntu kernel: [    3.473619] acpi PNP0A08:04: ECAM at [mem 0xd7c00000-0xd7dfffff] for [bus 7c-7d]
Dec  2 16:32:36 ubuntu kernel: [    3.473671] PCI host bridge to bus 0000:7c
Dec  2 16:32:36 ubuntu kernel: [    3.473674] pci_bus 0000:7c: root bus resource [mem 0x120000000-0x13fffffff pref window]
Dec  2 16:32:36 ubuntu kernel: [    3.473677] pci_bus 0000:7c: root bus resource [bus 7c-7d]
Dec  2 16:32:36 ubuntu kernel: [    3.473684] pci 0000:7c:00.0: [19e5:a121] type 01 class 0x060400
Dec  2 16:32:36 ubuntu kernel: [    3.473694] pci 0000:7c:00.0: enabling Extended Tags
Dec  2 16:32:36 ubuntu kernel: [    3.473772] pci 0000:7d:00.0: [19e5:a222] type 00 class 0x020000
Dec  2 16:32:36 ubuntu kernel: [    3.473780] pci 0000:7d:00.0: reg 0x10: [mem 0x1210f0000-0x1210fffff 64bit pref]
Dec  2 16:32:36 ubuntu kernel: [    3.473785] pci 0000:7d:00.0: reg 0x18: [mem 0x120f00000-0x120ffffff 64bit pref]
Dec  2 16:32:36 ubuntu kernel: [    3.473808] pci 0000:7d:00.0: reg 0x224: [mem 0x1210c0000-0x1210cffff 64bit pref]
Dec  2 16:32:36 ubuntu kernel: [    3.473812] pci 0000:7d:00.0: VF(n) BAR0 space: [mem 0x1210c0000-0x1210effff 64bit pref] (contains BAR0 for 3 VFs)
Dec  2 16:32:36 ubuntu kernel: [    3.473818] pci 0000:7d:00.0: reg 0x22c: [mem 0x120c00000-0x120cfffff 64bit pref]
Dec  2 16:32:36 ubuntu kernel: [    3.473821] pci 0000:7d:00.0: VF(n) BAR2 space: [mem 0x120c00000-0x120efffff 64bit pref] (contains BAR2 for 3 VFs)
Dec  2 16:32:36 ubuntu kernel: [    3.473876] pci 0000:7d:00.1: [19e5:a221] type 00 class 0x020000
Dec  2 16:32:36 ubuntu kernel: [    3.473883] pci 0000:7d:00.1: reg 0x10: [mem 0x1210b0000-0x1210bffff 64bit pref]
Dec  2 16:32:36 ubuntu kernel: [    3.473888] pci 0000:7d:00.1: reg 0x18: [mem 0x120b00000-0x120bfffff 64bit pref]
Dec  2 16:32:36 ubuntu kernel: [    3.473910] pci 0000:7d:00.1: reg 0x224: [mem 0x121080000-0x12108ffff 64bit pref]
Dec  2 16:32:36 ubuntu kernel: [    3.473913] pci 0000:7d:00.1: VF(n) BAR0 space: [mem 0x121080000-0x1210affff 64bit pref] (contains BAR0 for 3 VFs)
Dec  2 16:32:36 ubuntu kernel: [    3.473919] pci 0000:7d:00.1: reg 0x22c: [mem 0x120800000-0x1208fffff 64bit pref]
Dec  2 16:32:36 ubuntu kernel: [    3.473922] pci 0000:7d:00.1: VF(n) BAR2 space: [mem 0x120800000-0x120afffff 64bit pref] (contains BAR2 for 3 VFs)
Dec  2 16:32:36 ubuntu kernel: [    3.473971] pci 0000:7d:00.2: [19e5:a222] type 00 class 0x020000
Dec  2 16:32:36 ubuntu kernel: [    3.473978] pci 0000:7d:00.2: reg 0x10: [mem 0x121070000-0x12107ffff 64bit pref]
Dec  2 16:32:36 ubuntu kernel: [    3.473983] pci 0000:7d:00.2: reg 0x18: [mem 0x120700000-0x1207fffff 64bit pref]
Dec  2 16:32:36 ubuntu kernel: [    3.474005] pci 0000:7d:00.2: reg 0x224: [mem 0x121040000-0x12104ffff 64bit pref]
Dec  2 16:32:36 ubuntu kernel: [    3.474008] pci 0000:7d:00.2: VF(n) BAR0 space: [mem 0x121040000-0x12106ffff 64bit pref] (contains BAR0 for 3 VFs)
Dec  2 16:32:36 ubuntu kernel: [    3.474013] pci 0000:7d:00.2: reg 0x22c: [mem 0x120400000-0x1204fffff 64bit pref]
Dec  2 16:32:36 ubuntu kernel: [    3.474016] pci 0000:7d:00.2: VF(n) BAR2 space: [mem 0x120400000-0x1206fffff 64bit pref] (contains BAR2 for 3 VFs)
Dec  2 16:32:36 ubuntu kernel: [    3.474066] pci 0000:7d:00.3: [19e5:a221] type 00 class 0x020000
Dec  2 16:32:36 ubuntu kernel: [    3.474072] pci 0000:7d:00.3: reg 0x10: [mem 0x121030000-0x12103ffff 64bit pref]
Dec  2 16:32:36 ubuntu kernel: [    3.474077] pci 0000:7d:00.3: reg 0x18: [mem 0x120300000-0x1203fffff 64bit pref]
Dec  2 16:32:36 ubuntu kernel: [    3.474099] pci 0000:7d:00.3: reg 0x224: [mem 0x121000000-0x12100ffff 64bit pref]
Dec  2 16:32:36 ubuntu kernel: [    3.474103] pci 0000:7d:00.3: VF(n) BAR0 space: [mem 0x121000000-0x12102ffff 64bit pref] (contains BAR0 for 3 VFs)
Dec  2 16:32:36 ubuntu kernel: [    3.474108] pci 0000:7d:00.3: reg 0x22c: [mem 0x120000000-0x1200fffff 64bit pref]
Dec  2 16:32:36 ubuntu kernel: [    3.474111] pci 0000:7d:00.3: VF(n) BAR2 space: [mem 0x120000000-0x1202fffff 64bit pref] (contains BAR2 for 3 VFs)
Dec  2 16:32:36 ubuntu kernel: [    3.474169] pci_bus 0000:7c: on NUMA node 0
Dec  2 16:32:36 ubuntu kernel: [    3.474175] pci 0000:7c:00.0: bridge window [mem 0x00100000-0x005fffff 64bit pref] to [bus 7d] add_size c00000 add_align 100000
Dec  2 16:32:36 ubuntu kernel: [    3.474180] pci 0000:7c:00.0: BAR 15: assigned [mem 0x120000000-0x1210fffff 64bit pref]
Dec  2 16:32:36 ubuntu kernel: [    3.474188] pci 0000:7d:00.0: BAR 2: assigned [mem 0x120000000-0x1200fffff 64bit pref]
Dec  2 16:32:36 ubuntu kernel: [    3.474192] pci 0000:7d:00.0: BAR 9: assigned [mem 0x120100000-0x1203fffff 64bit pref]
Dec  2 16:32:36 ubuntu kernel: [    3.474196] pci 0000:7d:00.1: BAR 2: assigned [mem 0x120400000-0x1204fffff 64bit pref]
Dec  2 16:32:36 ubuntu kernel: [    3.474201] pci 0000:7d:00.1: BAR 9: assigned [mem 0x120500000-0x1207fffff 64bit pref]
Dec  2 16:32:36 ubuntu kernel: [    3.474204] pci 0000:7d:00.2: BAR 2: assigned [mem 0x120800000-0x1208fffff 64bit pref]
Dec  2 16:32:36 ubuntu kernel: [    3.474209] pci 0000:7d:00.2: BAR 9: assigned [mem 0x120900000-0x120bfffff 64bit pref]
Dec  2 16:32:36 ubuntu kernel: [    3.474213] pci 0000:7d:00.3: BAR 2: assigned [mem 0x120c00000-0x120cfffff 64bit pref]
Dec  2 16:32:36 ubuntu kernel: [    3.474217] pci 0000:7d:00.3: BAR 9: assigned [mem 0x120d00000-0x120ffffff 64bit pref]
Dec  2 16:32:36 ubuntu kernel: [    3.474221] pci 0000:7d:00.0: BAR 0: assigned [mem 0x121000000-0x12100ffff 64bit pref]
Dec  2 16:32:36 ubuntu kernel: [    3.474225] pci 0000:7d:00.0: BAR 7: assigned [mem 0x121010000-0x12103ffff 64bit pref]
Dec  2 16:32:36 ubuntu kernel: [    3.474229] pci 0000:7d:00.1: BAR 0: assigned [mem 0x121040000-0x12104ffff 64bit pref]
Dec  2 16:32:36 ubuntu kernel: [    3.474234] pci 0000:7d:00.1: BAR 7: assigned [mem 0x121050000-0x12107ffff 64bit pref]
Dec  2 16:32:36 ubuntu kernel: [    3.474237] pci 0000:7d:00.2: BAR 0: assigned [mem 0x121080000-0x12108ffff 64bit pref]
Dec  2 16:32:36 ubuntu kernel: [    3.474242] pci 0000:7d:00.2: BAR 7: assigned [mem 0x121090000-0x1210bffff 64bit pref]
Dec  2 16:32:36 ubuntu kernel: [    3.474245] pci 0000:7d:00.3: BAR 0: assigned [mem 0x1210c0000-0x1210cffff 64bit pref]
Dec  2 16:32:36 ubuntu kernel: [    3.474250] pci 0000:7d:00.3: BAR 7: assigned [mem 0x1210d0000-0x1210fffff 64bit pref]
Dec  2 16:32:36 ubuntu kernel: [    3.474256] pci 0000:7c:00.0: PCI bridge to [bus 7d]
Dec  2 16:32:36 ubuntu kernel: [    3.474259] pci 0000:7c:00.0:   bridge window [mem 0x120000000-0x1210fffff 64bit pref]
Dec  2 16:32:36 ubuntu kernel: [    3.474264] pci_bus 0000:7c: resource 4 [mem 0x120000000-0x13fffffff pref window]
Dec  2 16:32:36 ubuntu kernel: [    3.474267] pci_bus 0000:7d: resource 2 [mem 0x120000000-0x1210fffff 64bit pref]
Dec  2 16:32:36 ubuntu kernel: [    3.474310] ACPI: PCI Root Bridge [PCI5] (domain 0000 [bus 74-76])
Dec  2 16:32:36 ubuntu kernel: [    3.474314] acpi PNP0A08:05: _OSC: OS supports [ExtendedConfig ASPM ClockPM Segments MSI HPX-Type3]
Dec  2 16:32:36 ubuntu kernel: [    3.474410] acpi PNP0A08:05: _OSC: platform does not support [PCIeHotplug SHPCHotplug PME AER LTR]
Dec  2 16:32:36 ubuntu kernel: [    3.474497] acpi PNP0A08:05: _OSC: OS now controls [PCIeCapability]
Dec  2 16:32:36 ubuntu kernel: [    3.475070] acpi PNP0A08:05: ECAM area [mem 0xd7400000-0xd76fffff] reserved by PNP0C02:00
Dec  2 16:32:36 ubuntu kernel: [    3.475085] acpi PNP0A08:05: ECAM at [mem 0xd7400000-0xd76fffff] for [bus 74-76]
Dec  2 16:32:36 ubuntu kernel: [    3.475169] PCI host bridge to bus 0000:74
Dec  2 16:32:36 ubuntu kernel: [    3.475172] pci_bus 0000:74: root bus resource [mem 0x141000000-0x141ffffff pref window]
Dec  2 16:32:36 ubuntu kernel: [    3.475176] pci_bus 0000:74: root bus resource [mem 0x144000000-0x145ffffff pref window]
Dec  2 16:32:36 ubuntu kernel: [    3.475179] pci_bus 0000:74: root bus resource [mem 0xa2000000-0xa2ffffff window]
Dec  2 16:32:36 ubuntu kernel: [    3.475182] pci_bus 0000:74: root bus resource [bus 74-76]
Dec  2 16:32:36 ubuntu kernel: [    3.475189] pci 0000:74:01.0: [19e5:a121] type 01 class 0x060400
Dec  2 16:32:36 ubuntu kernel: [    3.475199] pci 0000:74:01.0: enabling Extended Tags
Dec  2 16:32:36 ubuntu kernel: [    3.475276] pci 0000:74:02.0: [19e5:a230] type 00 class 0x010700
Dec  2 16:32:36 ubuntu kernel: [    3.475286] pci 0000:74:02.0: reg 0x24: [mem 0xa2008000-0xa200ffff]
Dec  2 16:32:36 ubuntu kernel: [    3.475369] pci 0000:74:03.0: [19e5:a235] type 00 class 0x010601
Dec  2 16:32:36 ubuntu kernel: [    3.475382] pci 0000:74:03.0: reg 0x24: [mem 0xa2010000-0xa2010fff]
Dec  2 16:32:36 ubuntu kernel: [    3.475434] pci 0000:74:04.0: [19e5:a230] type 00 class 0x010700
Dec  2 16:32:36 ubuntu kernel: [    3.475443] pci 0000:74:04.0: reg 0x24: [mem 0xa2000000-0xa2007fff]
Dec  2 16:32:36 ubuntu kernel: [    3.475559] pci 0000:75:00.0: [19e5:a255] type 00 class 0x100000
Dec  2 16:32:36 ubuntu kernel: [    3.475568] pci 0000:75:00.0: reg 0x18: [mem 0x144000000-0x1443fffff 64bit pref]
Dec  2 16:32:36 ubuntu kernel: [    3.475592] pci 0000:75:00.0: reg 0x22c: [mem 0x144400000-0x14440ffff 64bit pref]
Dec  2 16:32:36 ubuntu kernel: [    3.475596] pci 0000:75:00.0: VF(n) BAR2 space: [mem 0x144400000-0x1447effff 64bit pref] (contains BAR2 for 63 VFs)
Dec  2 16:32:36 ubuntu kernel: [    3.475709] pci_bus 0000:74: on NUMA node 0
Dec  2 16:32:36 ubuntu kernel: [    3.475712] pci 0000:74:01.0: bridge window [mem 0x00400000-0x007fffff 64bit pref] to [bus 75] add_size 400000 add_align 400000
Dec  2 16:32:36 ubuntu kernel: [    3.475718] pci 0000:74:01.0: BAR 15: assigned [mem 0x141000000-0x1417fffff 64bit pref]
Dec  2 16:32:36 ubuntu kernel: [    3.475722] pci 0000:74:02.0: BAR 5: assigned [mem 0xa2000000-0xa2007fff]
Dec  2 16:32:36 ubuntu kernel: [    3.475725] pci 0000:74:04.0: BAR 5: assigned [mem 0xa2008000-0xa200ffff]
Dec  2 16:32:36 ubuntu kernel: [    3.475728] pci 0000:74:03.0: BAR 5: assigned [mem 0xa2010000-0xa2010fff]
Dec  2 16:32:36 ubuntu kernel: [    3.475732] pci 0000:75:00.0: BAR 2: assigned [mem 0x141000000-0x1413fffff 64bit pref]
Dec  2 16:32:36 ubuntu kernel: [    3.475737] pci 0000:75:00.0: BAR 9: assigned [mem 0x141400000-0x1417effff 64bit pref]
Dec  2 16:32:36 ubuntu kernel: [    3.475741] pci 0000:74:01.0: PCI bridge to [bus 75]
Dec  2 16:32:36 ubuntu kernel: [    3.475745] pci 0000:74:01.0:   bridge window [mem 0x141000000-0x1417fffff 64bit pref]
Dec  2 16:32:36 ubuntu kernel: [    3.475749] pci_bus 0000:74: resource 4 [mem 0x141000000-0x141ffffff pref window]
Dec  2 16:32:36 ubuntu kernel: [    3.475752] pci_bus 0000:74: resource 5 [mem 0x144000000-0x145ffffff pref window]
Dec  2 16:32:36 ubuntu kernel: [    3.475755] pci_bus 0000:74: resource 6 [mem 0xa2000000-0xa2ffffff window]
Dec  2 16:32:36 ubuntu kernel: [    3.475758] pci_bus 0000:75: resource 2 [mem 0x141000000-0x1417fffff 64bit pref]
Dec  2 16:32:36 ubuntu kernel: [    3.475822] ACPI: PCI Root Bridge [PCI6] (domain 0000 [bus 80-9f])
Dec  2 16:32:36 ubuntu kernel: [    3.475827] acpi PNP0A08:06: _OSC: OS supports [ExtendedConfig ASPM ClockPM Segments MSI HPX-Type3]
Dec  2 16:32:36 ubuntu kernel: [    3.475923] acpi PNP0A08:06: _OSC: platform does not support [SHPCHotplug LTR]
Dec  2 16:32:36 ubuntu kernel: [    3.476010] acpi PNP0A08:06: _OSC: OS now controls [PCIeHotplug PME AER PCIeCapability]
