Jun  8 13:53:53 ubuntu kernel: [    0.000000] Booting Linux on physical CPU 0x0000080000 [0x481fd010]
Jun  8 13:53:53 ubuntu kernel: [    0.000000] Linux version 5.7.1 (root@ubuntu) (gcc version 5.5.0 20171010 (Ubuntu/Linaro 5.5.0-12ubuntu1), GNU ld (GNU Binutils for Ubuntu) 2.30) #1 SMP Mon Jun 7 21:35:56 CST 2021
Jun  8 13:53:53 ubuntu kernel: [    0.000000] efi: EFI v2.70 by EDK II
Jun  8 13:53:53 ubuntu kernel: [    0.000000] efi:  ACPI 2.0=0x2fc50000  SMBIOS 3.0=0x2fbf0000  MEMATTR=0x35e93018  ESRT=0x36117b18  MEMRESERVE=0x2fb93018 
Jun  8 13:53:53 ubuntu kernel: [    0.000000] esrt: Reserving ESRT space from 0x0000000036117b18 to 0x0000000036117b50.
Jun  8 13:53:53 ubuntu kernel: [    0.000000] cma: Reserved 32 MiB at 0x000000007e000000
Jun  8 13:53:53 ubuntu kernel: [    0.000000] ACPI: Early table checksum verification disabled
Jun  8 13:53:53 ubuntu kernel: [    0.000000] ACPI: RSDP 0x000000002FC50000 000024 (v02 HISI  )
Jun  8 13:53:53 ubuntu kernel: [    0.000000] ACPI: XSDT 0x000000002FC40000 0000A4 (v01 HISI   HIP08    00000000      01000013)
Jun  8 13:53:53 ubuntu kernel: [    0.000000] ACPI: FACP 0x000000002F790000 000114 (v06 HISI   HIP08    00000000 HISI 20151124)
Jun  8 13:53:53 ubuntu kernel: [    0.000000] ACPI: DSDT 0x000000002F530000 00C441 (v02 HISI   HIP08    00000000 INTL 20181213)
Jun  8 13:53:53 ubuntu kernel: [    0.000000] ACPI: PCCT 0x000000002FC30000 00008A (v01 HISI   HIP08    00000000 HISI 20151124)
Jun  8 13:53:53 ubuntu kernel: [    0.000000] ACPI: SSDT 0x000000002FC20000 00E64A (v02 HISI   HIP07    00000000 INTL 20181213)
Jun  8 13:53:53 ubuntu kernel: [    0.000000] ACPI: BERT 0x000000002FBC0000 000030 (v01 HISI   HIP08    00000000 HISI 20151124)
Jun  8 13:53:53 ubuntu kernel: [    0.000000] ACPI: HEST 0x000000002FBA0000 00058C (v01 HISI   HIP08    00000000 HISI 20151124)
Jun  8 13:53:53 ubuntu kernel: [    0.000000] ACPI: ERST 0x000000002FB60000 000230 (v01 HISI   HIP08    00000000 HISI 20151124)
Jun  8 13:53:53 ubuntu kernel: [    0.000000] ACPI: EINJ 0x000000002FB50000 000170 (v01 HISI   HIP08    00000000 HISI 20151124)
Jun  8 13:53:53 ubuntu kernel: [    0.000000] ACPI: GTDT 0x000000002F590000 00007C (v02 HISI   HIP08    00000000 HISI 20151124)
Jun  8 13:53:53 ubuntu kernel: [    0.000000] ACPI: MCFG 0x000000002F580000 00003C (v01 HISI   HIP08    00000000 HISI 20151124)
Jun  8 13:53:53 ubuntu kernel: [    0.000000] ACPI: SLIT 0x000000002F570000 00003C (v01 HISI   HIP08    00000000 HISI 20151124)
Jun  8 13:53:53 ubuntu kernel: [    0.000000] ACPI: SRAT 0x000000002F560000 0007D0 (v03 HISI   HIP08    00000000 HISI 20151124)
Jun  8 13:53:53 ubuntu kernel: [    0.000000] ACPI: SDEI 0x000000002F550000 000030 (v01 HISI   HIP08    00000000 HISI 20151124)
Jun  8 13:53:53 ubuntu kernel: [    0.000000] ACPI: APIC 0x000000002F540000 001E6C (v04 HISI   HIP08    00000000 HISI 20151124)
Jun  8 13:53:53 ubuntu kernel: [    0.000000] ACPI: IORT 0x000000002F520000 001678 (v00 HISI   HIP08    00000000 INTL 20181213)
Jun  8 13:53:53 ubuntu kernel: [    0.000000] ACPI: PPTT 0x000000002ECE0000 0031B0 (v01 HISI   HIP08    00000000 HISI 20151124)
Jun  8 13:53:53 ubuntu kernel: [    0.000000] ACPI: SPMI 0x000000002ECD0000 000041 (v05 HISI   HIP08    00000000 HISI 20151124)
Jun  8 13:53:53 ubuntu kernel: [    0.000000] ACPI: SRAT: Node 0 PXM 0 [mem 0x2080000000-0x27ffffffff]
Jun  8 13:53:53 ubuntu kernel: [    0.000000] ACPI: SRAT: Node 1 PXM 1 [mem 0x2800000000-0x2fffffffff]
Jun  8 13:53:53 ubuntu kernel: [    0.000000] ACPI: SRAT: Node 0 PXM 0 [mem 0x00000000-0x7fffffff]
Jun  8 13:53:53 ubuntu kernel: [    0.000000] ACPI: SRAT: Node 2 PXM 2 [mem 0x202000000000-0x2027ffffffff]
Jun  8 13:53:53 ubuntu kernel: [    0.000000] ACPI: SRAT: Node 3 PXM 3 [mem 0x202800000000-0x202fffffffff]
Jun  8 13:53:53 ubuntu kernel: [    0.000000] NUMA: NODE_DATA [mem 0x27ffffc300-0x27ffffffff]
Jun  8 13:53:53 ubuntu kernel: [    0.000000] NUMA: NODE_DATA [mem 0x2fffffc300-0x2fffffffff]
Jun  8 13:53:53 ubuntu kernel: [    0.000000] NUMA: NODE_DATA [mem 0x2027ffffc300-0x2027ffffffff]
Jun  8 13:53:53 ubuntu kernel: [    0.000000] NUMA: NODE_DATA [mem 0x202feffff300-0x202ff0002fff]
Jun  8 13:53:53 ubuntu kernel: [    0.000000] Zone ranges:
Jun  8 13:53:53 ubuntu kernel: [    0.000000]   DMA      [mem 0x0000000000000000-0x000000003fffffff]
Jun  8 13:53:53 ubuntu kernel: [    0.000000]   DMA32    [mem 0x0000000040000000-0x00000000ffffffff]
Jun  8 13:53:53 ubuntu kernel: [    0.000000]   Normal   [mem 0x0000000100000000-0x0000202fffffffff]
Jun  8 13:53:53 ubuntu kernel: [    0.000000] Movable zone start for each node
Jun  8 13:53:53 ubuntu kernel: [    0.000000] Early memory node ranges
Jun  8 13:53:53 ubuntu kernel: [    0.000000]   node   0: [mem 0x0000000000000000-0x000000000000ffff]
Jun  8 13:53:53 ubuntu kernel: [    0.000000]   node   0: [mem 0x0000000000010000-0x000000002e501fff]
Jun  8 13:53:53 ubuntu kernel: [    0.000000]   node   0: [mem 0x000000002e502000-0x000000002eccffff]
Jun  8 13:53:53 ubuntu kernel: [    0.000000]   node   0: [mem 0x000000002ecd0000-0x000000002f59ffff]
Jun  8 13:53:53 ubuntu kernel: [    0.000000]   node   0: [mem 0x000000002f5a0000-0x000000002f78ffff]
Jun  8 13:53:53 ubuntu kernel: [    0.000000]   node   0: [mem 0x000000002f790000-0x000000002f79ffff]
Jun  8 13:53:53 ubuntu kernel: [    0.000000]   node   0: [mem 0x000000002f7a0000-0x000000002f87ffff]
Jun  8 13:53:53 ubuntu kernel: [    0.000000]   node   0: [mem 0x000000002f880000-0x000000002f8bffff]
Jun  8 13:53:53 ubuntu kernel: [    0.000000]   node   0: [mem 0x000000002f8c0000-0x000000002f95ffff]
Jun  8 13:53:53 ubuntu kernel: [    0.000000]   node   0: [mem 0x000000002f960000-0x000000002f97ffff]
Jun  8 13:53:53 ubuntu kernel: [    0.000000]   node   0: [mem 0x000000002f980000-0x000000002fabffff]
Jun  8 13:53:53 ubuntu kernel: [    0.000000]   node   0: [mem 0x000000002fac0000-0x000000002fb6ffff]
Jun  8 13:53:53 ubuntu kernel: [    0.000000]   node   0: [mem 0x000000002fb70000-0x000000002fb71fff]
Jun  8 13:53:53 ubuntu kernel: [    0.000000]   node   0: [mem 0x000000002fb72000-0x000000002fb7ffff]
Jun  8 13:53:53 ubuntu kernel: [    0.000000]   node   0: [mem 0x000000002fb80000-0x000000002fb80fff]
Jun  8 13:53:53 ubuntu kernel: [    0.000000]   node   0: [mem 0x000000002fb81000-0x000000002fb8ffff]
Jun  8 13:53:53 ubuntu kernel: [    0.000000]   node   0: [mem 0x000000002fb90000-0x000000002fb91fff]
Jun  8 13:53:53 ubuntu kernel: [    0.000000]   node   0: [mem 0x000000002fb92000-0x000000002fbaffff]
Jun  8 13:53:53 ubuntu kernel: [    0.000000]   node   0: [mem 0x000000002fbb0000-0x000000002fbb1fff]
Jun  8 13:53:53 ubuntu kernel: [    0.000000]   node   0: [mem 0x000000002fbb2000-0x000000002fbcffff]
Jun  8 13:53:53 ubuntu kernel: [    0.000000]   node   0: [mem 0x000000002fbd0000-0x000000002fbd0fff]
Jun  8 13:53:53 ubuntu kernel: [    0.000000]   node   0: [mem 0x000000002fbd1000-0x000000002fbdffff]
Jun  8 13:53:53 ubuntu kernel: [    0.000000]   node   0: [mem 0x000000002fbe0000-0x000000002fbfffff]
Jun  8 13:53:53 ubuntu kernel: [    0.000000]   node   0: [mem 0x000000002fc00000-0x000000002fc5ffff]
Jun  8 13:53:53 ubuntu kernel: [    0.000000]   node   0: [mem 0x000000002fc60000-0x000000002fe5ffff]
Jun  8 13:53:53 ubuntu kernel: [    0.000000]   node   0: [mem 0x000000002fe60000-0x000000002fe60fff]
Jun  8 13:53:53 ubuntu kernel: [    0.000000]   node   0: [mem 0x000000002fe61000-0x000000002fe64fff]
Jun  8 13:53:53 ubuntu kernel: [    0.000000]   node   0: [mem 0x000000002fe65000-0x000000002fe6afff]
Jun  8 13:53:53 ubuntu kernel: [    0.000000]   node   0: [mem 0x000000002fe6b000-0x000000002fe6bfff]
Jun  8 13:53:53 ubuntu kernel: [    0.000000]   node   0: [mem 0x000000002fe6c000-0x000000003f02ffff]
Jun  8 13:53:53 ubuntu kernel: [    0.000000]   node   0: [mem 0x000000003f030000-0x000000003f05ffff]
Jun  8 13:53:53 ubuntu kernel: [    0.000000]   node   0: [mem 0x000000003f060000-0x000000003fbfffff]
Jun  8 13:53:53 ubuntu kernel: [    0.000000]   node   0: [mem 0x0000000040000000-0x0000000043ffffff]
Jun  8 13:53:53 ubuntu kernel: [    0.000000]   node   0: [mem 0x0000000044030000-0x000000004fffffff]
Jun  8 13:53:53 ubuntu kernel: [    0.000000]   node   0: [mem 0x0000000050000000-0x000000007fffffff]
Jun  8 13:53:53 ubuntu kernel: [    0.000000]   node   0: [mem 0x0000002080000000-0x00000027ffffffff]
Jun  8 13:53:53 ubuntu kernel: [    0.000000]   node   1: [mem 0x0000002800000000-0x0000002fffffffff]
Jun  8 13:53:53 ubuntu kernel: [    0.000000]   node   2: [mem 0x0000202000000000-0x00002027ffffffff]
Jun  8 13:53:53 ubuntu kernel: [    0.000000]   node   3: [mem 0x0000202800000000-0x0000202fffffffff]
Jun  8 13:53:53 ubuntu kernel: [    0.000000] Zeroed struct page in unavailable ranges: 814 pages
Jun  8 13:53:53 ubuntu kernel: [    0.000000] Initmem setup node 0 [mem 0x0000000000000000-0x00000027ffffffff]
Jun  8 13:53:53 ubuntu kernel: [    0.000000] On node 0 totalpages: 8387536
Jun  8 13:53:53 ubuntu kernel: [    0.000000]   DMA zone: 5120 pages used for memmap
Jun  8 13:53:53 ubuntu kernel: [    0.000000]   DMA zone: 0 pages reserved
Jun  8 13:53:53 ubuntu kernel: [    0.000000]   DMA zone: 261120 pages, LIFO batch:63
Jun  8 13:53:53 ubuntu kernel: [    0.000000]   DMA32 zone: 5120 pages used for memmap
Jun  8 13:53:53 ubuntu kernel: [    0.000000]   DMA32 zone: 262096 pages, LIFO batch:63
Jun  8 13:53:53 ubuntu kernel: [    0.000000]   Normal zone: 153600 pages used for memmap
Jun  8 13:53:53 ubuntu kernel: [    0.000000]   Normal zone: 7864320 pages, LIFO batch:63
Jun  8 13:53:53 ubuntu kernel: [    0.000000] Initmem setup node 1 [mem 0x0000002800000000-0x0000002fffffffff]
Jun  8 13:53:53 ubuntu kernel: [    0.000000] On node 1 totalpages: 8388608
Jun  8 13:53:53 ubuntu kernel: [    0.000000]   Normal zone: 163840 pages used for memmap
Jun  8 13:53:53 ubuntu kernel: [    0.000000]   Normal zone: 8388608 pages, LIFO batch:63
Jun  8 13:53:53 ubuntu kernel: [    0.000000] Initmem setup node 2 [mem 0x0000202000000000-0x00002027ffffffff]
Jun  8 13:53:53 ubuntu kernel: [    0.000000] On node 2 totalpages: 8388608
Jun  8 13:53:53 ubuntu kernel: [    0.000000]   Normal zone: 163840 pages used for memmap
Jun  8 13:53:53 ubuntu kernel: [    0.000000]   Normal zone: 8388608 pages, LIFO batch:63
Jun  8 13:53:53 ubuntu kernel: [    0.000000] Initmem setup node 3 [mem 0x0000202800000000-0x0000202fffffffff]
Jun  8 13:53:53 ubuntu kernel: [    0.000000] On node 3 totalpages: 8388608
Jun  8 13:53:53 ubuntu kernel: [    0.000000]   Normal zone: 163840 pages used for memmap
Jun  8 13:53:53 ubuntu kernel: [    0.000000]   Normal zone: 8388608 pages, LIFO batch:63
Jun  8 13:53:53 ubuntu kernel: [    0.000000] psci: probing for conduit method from ACPI.
Jun  8 13:53:53 ubuntu kernel: [    0.000000] psci: PSCIv1.1 detected in firmware.
Jun  8 13:53:53 ubuntu kernel: [    0.000000] psci: Using standard PSCI v0.2 function IDs
Jun  8 13:53:53 ubuntu kernel: [    0.000000] psci: MIGRATE_INFO_TYPE not supported.
Jun  8 13:53:53 ubuntu kernel: [    0.000000] psci: SMC Calling Convention v1.1
Jun  8 13:53:53 ubuntu kernel: [    0.000000] ACPI: NUMA: SRAT: PXM 0 -> MPIDR 0x80000 -> Node 0
Jun  8 13:53:53 ubuntu kernel: [    0.000000] ACPI: NUMA: SRAT: PXM 0 -> MPIDR 0x80100 -> Node 0
Jun  8 13:53:53 ubuntu kernel: [    0.000000] ACPI: NUMA: SRAT: PXM 0 -> MPIDR 0x80200 -> Node 0
Jun  8 13:53:53 ubuntu kernel: [    0.000000] ACPI: NUMA: SRAT: PXM 0 -> MPIDR 0x80300 -> Node 0
Jun  8 13:53:53 ubuntu kernel: [    0.000000] ACPI: NUMA: SRAT: PXM 0 -> MPIDR 0x90000 -> Node 0
Jun  8 13:53:53 ubuntu kernel: [    0.000000] ACPI: NUMA: SRAT: PXM 0 -> MPIDR 0x90100 -> Node 0
Jun  8 13:53:53 ubuntu kernel: [    0.000000] ACPI: NUMA: SRAT: PXM 0 -> MPIDR 0x90200 -> Node 0
Jun  8 13:53:53 ubuntu kernel: [    0.000000] ACPI: NUMA: SRAT: PXM 0 -> MPIDR 0x90300 -> Node 0
Jun  8 13:53:53 ubuntu kernel: [    0.000000] ACPI: NUMA: SRAT: PXM 0 -> MPIDR 0xa0000 -> Node 0
Jun  8 13:53:53 ubuntu kernel: [    0.000000] ACPI: NUMA: SRAT: PXM 0 -> MPIDR 0xa0100 -> Node 0
Jun  8 13:53:53 ubuntu kernel: [    0.000000] ACPI: NUMA: SRAT: PXM 0 -> MPIDR 0xa0200 -> Node 0
Jun  8 13:53:53 ubuntu kernel: [    0.000000] ACPI: NUMA: SRAT: PXM 0 -> MPIDR 0xa0300 -> Node 0
Jun  8 13:53:53 ubuntu kernel: [    0.000000] ACPI: NUMA: SRAT: PXM 0 -> MPIDR 0xb0000 -> Node 0
Jun  8 13:53:53 ubuntu kernel: [    0.000000] ACPI: NUMA: SRAT: PXM 0 -> MPIDR 0xb0100 -> Node 0
Jun  8 13:53:53 ubuntu kernel: [    0.000000] ACPI: NUMA: SRAT: PXM 0 -> MPIDR 0xb0200 -> Node 0
Jun  8 13:53:53 ubuntu kernel: [    0.000000] ACPI: NUMA: SRAT: PXM 0 -> MPIDR 0xb0300 -> Node 0
Jun  8 13:53:53 ubuntu kernel: [    0.000000] ACPI: NUMA: SRAT: PXM 0 -> MPIDR 0xc0000 -> Node 0
Jun  8 13:53:53 ubuntu kernel: [    0.000000] ACPI: NUMA: SRAT: PXM 0 -> MPIDR 0xc0100 -> Node 0
Jun  8 13:53:53 ubuntu kernel: [    0.000000] ACPI: NUMA: SRAT: PXM 0 -> MPIDR 0xc0200 -> Node 0
Jun  8 13:53:53 ubuntu kernel: [    0.000000] ACPI: NUMA: SRAT: PXM 0 -> MPIDR 0xc0300 -> Node 0
Jun  8 13:53:53 ubuntu kernel: [    0.000000] ACPI: NUMA: SRAT: PXM 0 -> MPIDR 0xd0000 -> Node 0
Jun  8 13:53:53 ubuntu kernel: [    0.000000] ACPI: NUMA: SRAT: PXM 0 -> MPIDR 0xd0100 -> Node 0
Jun  8 13:53:53 ubuntu kernel: [    0.000000] ACPI: NUMA: SRAT: PXM 0 -> MPIDR 0xd0200 -> Node 0
Jun  8 13:53:53 ubuntu kernel: [    0.000000] ACPI: NUMA: SRAT: PXM 0 -> MPIDR 0xd0300 -> Node 0
Jun  8 13:53:53 ubuntu kernel: [    0.000000] ACPI: NUMA: SRAT: PXM 1 -> MPIDR 0x180000 -> Node 1
Jun  8 13:53:53 ubuntu kernel: [    0.000000] ACPI: NUMA: SRAT: PXM 1 -> MPIDR 0x180100 -> Node 1
Jun  8 13:53:53 ubuntu kernel: [    0.000000] ACPI: NUMA: SRAT: PXM 1 -> MPIDR 0x180200 -> Node 1
Jun  8 13:53:53 ubuntu kernel: [    0.000000] ACPI: NUMA: SRAT: PXM 1 -> MPIDR 0x180300 -> Node 1
Jun  8 13:53:53 ubuntu kernel: [    0.000000] ACPI: NUMA: SRAT: PXM 1 -> MPIDR 0x190000 -> Node 1
Jun  8 13:53:53 ubuntu kernel: [    0.000000] ACPI: NUMA: SRAT: PXM 1 -> MPIDR 0x190100 -> Node 1
Jun  8 13:53:53 ubuntu kernel: [    0.000000] ACPI: NUMA: SRAT: PXM 1 -> MPIDR 0x190200 -> Node 1
Jun  8 13:53:53 ubuntu kernel: [    0.000000] ACPI: NUMA: SRAT: PXM 1 -> MPIDR 0x190300 -> Node 1
Jun  8 13:53:53 ubuntu kernel: [    0.000000] ACPI: NUMA: SRAT: PXM 1 -> MPIDR 0x1a0000 -> Node 1
Jun  8 13:53:53 ubuntu kernel: [    0.000000] ACPI: NUMA: SRAT: PXM 1 -> MPIDR 0x1a0100 -> Node 1
Jun  8 13:53:53 ubuntu kernel: [    0.000000] ACPI: NUMA: SRAT: PXM 1 -> MPIDR 0x1a0200 -> Node 1
Jun  8 13:53:53 ubuntu kernel: [    0.000000] ACPI: NUMA: SRAT: PXM 1 -> MPIDR 0x1a0300 -> Node 1
Jun  8 13:53:53 ubuntu kernel: [    0.000000] ACPI: NUMA: SRAT: PXM 1 -> MPIDR 0x1b0000 -> Node 1
Jun  8 13:53:53 ubuntu kernel: [    0.000000] ACPI: NUMA: SRAT: PXM 1 -> MPIDR 0x1b0100 -> Node 1
Jun  8 13:53:53 ubuntu kernel: [    0.000000] ACPI: NUMA: SRAT: PXM 1 -> MPIDR 0x1b0200 -> Node 1
Jun  8 13:53:53 ubuntu kernel: [    0.000000] ACPI: NUMA: SRAT: PXM 1 -> MPIDR 0x1b0300 -> Node 1
Jun  8 13:53:53 ubuntu kernel: [    0.000000] ACPI: NUMA: SRAT: PXM 1 -> MPIDR 0x1c0000 -> Node 1
Jun  8 13:53:53 ubuntu kernel: [    0.000000] ACPI: NUMA: SRAT: PXM 1 -> MPIDR 0x1c0100 -> Node 1
Jun  8 13:53:53 ubuntu kernel: [    0.000000] ACPI: NUMA: SRAT: PXM 1 -> MPIDR 0x1c0200 -> Node 1
Jun  8 13:53:53 ubuntu kernel: [    0.000000] ACPI: NUMA: SRAT: PXM 1 -> MPIDR 0x1c0300 -> Node 1
Jun  8 13:53:53 ubuntu kernel: [    0.000000] ACPI: NUMA: SRAT: PXM 1 -> MPIDR 0x1d0000 -> Node 1
Jun  8 13:53:53 ubuntu kernel: [    0.000000] ACPI: NUMA: SRAT: PXM 1 -> MPIDR 0x1d0100 -> Node 1
Jun  8 13:53:53 ubuntu kernel: [    0.000000] ACPI: NUMA: SRAT: PXM 1 -> MPIDR 0x1d0200 -> Node 1
Jun  8 13:53:53 ubuntu kernel: [    0.000000] ACPI: NUMA: SRAT: PXM 1 -> MPIDR 0x1d0300 -> Node 1
Jun  8 13:53:53 ubuntu kernel: [    0.000000] ACPI: NUMA: SRAT: PXM 2 -> MPIDR 0x280000 -> Node 2
Jun  8 13:53:53 ubuntu kernel: [    0.000000] ACPI: NUMA: SRAT: PXM 2 -> MPIDR 0x280100 -> Node 2
Jun  8 13:53:53 ubuntu kernel: [    0.000000] ACPI: NUMA: SRAT: PXM 2 -> MPIDR 0x280200 -> Node 2
Jun  8 13:53:53 ubuntu kernel: [    0.000000] ACPI: NUMA: SRAT: PXM 2 -> MPIDR 0x280300 -> Node 2
Jun  8 13:53:53 ubuntu kernel: [    0.000000] ACPI: NUMA: SRAT: PXM 2 -> MPIDR 0x290000 -> Node 2
Jun  8 13:53:53 ubuntu kernel: [    0.000000] ACPI: NUMA: SRAT: PXM 2 -> MPIDR 0x290100 -> Node 2
Jun  8 13:53:53 ubuntu kernel: [    0.000000] ACPI: NUMA: SRAT: PXM 2 -> MPIDR 0x290200 -> Node 2
Jun  8 13:53:53 ubuntu kernel: [    0.000000] ACPI: NUMA: SRAT: PXM 2 -> MPIDR 0x290300 -> Node 2
Jun  8 13:53:53 ubuntu kernel: [    0.000000] ACPI: NUMA: SRAT: PXM 2 -> MPIDR 0x2a0000 -> Node 2
Jun  8 13:53:53 ubuntu kernel: [    0.000000] ACPI: NUMA: SRAT: PXM 2 -> MPIDR 0x2a0100 -> Node 2
Jun  8 13:53:53 ubuntu kernel: [    0.000000] ACPI: NUMA: SRAT: PXM 2 -> MPIDR 0x2a0200 -> Node 2
Jun  8 13:53:53 ubuntu kernel: [    0.000000] ACPI: NUMA: SRAT: PXM 2 -> MPIDR 0x2a0300 -> Node 2
Jun  8 13:53:53 ubuntu kernel: [    0.000000] ACPI: NUMA: SRAT: PXM 2 -> MPIDR 0x2b0000 -> Node 2
Jun  8 13:53:53 ubuntu kernel: [    0.000000] ACPI: NUMA: SRAT: PXM 2 -> MPIDR 0x2b0100 -> Node 2
Jun  8 13:53:53 ubuntu kernel: [    0.000000] ACPI: NUMA: SRAT: PXM 2 -> MPIDR 0x2b0200 -> Node 2
Jun  8 13:53:53 ubuntu kernel: [    0.000000] ACPI: NUMA: SRAT: PXM 2 -> MPIDR 0x2b0300 -> Node 2
Jun  8 13:53:53 ubuntu kernel: [    0.000000] ACPI: NUMA: SRAT: PXM 2 -> MPIDR 0x2c0000 -> Node 2
Jun  8 13:53:53 ubuntu kernel: [    0.000000] ACPI: NUMA: SRAT: PXM 2 -> MPIDR 0x2c0100 -> Node 2
Jun  8 13:53:53 ubuntu kernel: [    0.000000] ACPI: NUMA: SRAT: PXM 2 -> MPIDR 0x2c0200 -> Node 2
Jun  8 13:53:53 ubuntu kernel: [    0.000000] ACPI: NUMA: SRAT: PXM 2 -> MPIDR 0x2c0300 -> Node 2
Jun  8 13:53:53 ubuntu kernel: [    0.000000] ACPI: NUMA: SRAT: PXM 2 -> MPIDR 0x2d0000 -> Node 2
Jun  8 13:53:53 ubuntu kernel: [    0.000000] ACPI: NUMA: SRAT: PXM 2 -> MPIDR 0x2d0100 -> Node 2
Jun  8 13:53:53 ubuntu kernel: [    0.000000] ACPI: NUMA: SRAT: PXM 2 -> MPIDR 0x2d0200 -> Node 2
Jun  8 13:53:53 ubuntu kernel: [    0.000000] ACPI: NUMA: SRAT: PXM 2 -> MPIDR 0x2d0300 -> Node 2
Jun  8 13:53:53 ubuntu kernel: [    0.000000] ACPI: NUMA: SRAT: PXM 3 -> MPIDR 0x380000 -> Node 3
Jun  8 13:53:53 ubuntu kernel: [    0.000000] ACPI: NUMA: SRAT: PXM 3 -> MPIDR 0x380100 -> Node 3
Jun  8 13:53:53 ubuntu kernel: [    0.000000] ACPI: NUMA: SRAT: PXM 3 -> MPIDR 0x380200 -> Node 3
Jun  8 13:53:53 ubuntu kernel: [    0.000000] ACPI: NUMA: SRAT: PXM 3 -> MPIDR 0x380300 -> Node 3
Jun  8 13:53:53 ubuntu kernel: [    0.000000] ACPI: NUMA: SRAT: PXM 3 -> MPIDR 0x390000 -> Node 3
Jun  8 13:53:53 ubuntu kernel: [    0.000000] ACPI: NUMA: SRAT: PXM 3 -> MPIDR 0x390100 -> Node 3
Jun  8 13:53:53 ubuntu kernel: [    0.000000] ACPI: NUMA: SRAT: PXM 3 -> MPIDR 0x390200 -> Node 3
Jun  8 13:53:53 ubuntu kernel: [    0.000000] ACPI: NUMA: SRAT: PXM 3 -> MPIDR 0x390300 -> Node 3
Jun  8 13:53:53 ubuntu kernel: [    0.000000] ACPI: NUMA: SRAT: PXM 3 -> MPIDR 0x3a0000 -> Node 3
Jun  8 13:53:53 ubuntu kernel: [    0.000000] ACPI: NUMA: SRAT: PXM 3 -> MPIDR 0x3a0100 -> Node 3
Jun  8 13:53:53 ubuntu kernel: [    0.000000] ACPI: NUMA: SRAT: PXM 3 -> MPIDR 0x3a0200 -> Node 3
Jun  8 13:53:53 ubuntu kernel: [    0.000000] ACPI: NUMA: SRAT: PXM 3 -> MPIDR 0x3a0300 -> Node 3
Jun  8 13:53:53 ubuntu kernel: [    0.000000] ACPI: NUMA: SRAT: PXM 3 -> MPIDR 0x3b0000 -> Node 3
Jun  8 13:53:53 ubuntu kernel: [    0.000000] ACPI: NUMA: SRAT: PXM 3 -> MPIDR 0x3b0100 -> Node 3
Jun  8 13:53:53 ubuntu kernel: [    0.000000] ACPI: NUMA: SRAT: PXM 3 -> MPIDR 0x3b0200 -> Node 3
Jun  8 13:53:53 ubuntu kernel: [    0.000000] ACPI: NUMA: SRAT: PXM 3 -> MPIDR 0x3b0300 -> Node 3
Jun  8 13:53:53 ubuntu kernel: [    0.000000] ACPI: NUMA: SRAT: PXM 3 -> MPIDR 0x3c0000 -> Node 3
Jun  8 13:53:53 ubuntu kernel: [    0.000000] ACPI: NUMA: SRAT: PXM 3 -> MPIDR 0x3c0100 -> Node 3
Jun  8 13:53:53 ubuntu kernel: [    0.000000] ACPI: NUMA: SRAT: PXM 3 -> MPIDR 0x3c0200 -> Node 3
Jun  8 13:53:53 ubuntu kernel: [    0.000000] ACPI: NUMA: SRAT: PXM 3 -> MPIDR 0x3c0300 -> Node 3
Jun  8 13:53:53 ubuntu kernel: [    0.000000] ACPI: NUMA: SRAT: PXM 3 -> MPIDR 0x3d0000 -> Node 3
Jun  8 13:53:53 ubuntu kernel: [    0.000000] ACPI: NUMA: SRAT: PXM 3 -> MPIDR 0x3d0100 -> Node 3
Jun  8 13:53:53 ubuntu kernel: [    0.000000] ACPI: NUMA: SRAT: PXM 3 -> MPIDR 0x3d0200 -> Node 3
Jun  8 13:53:53 ubuntu kernel: [    0.000000] ACPI: NUMA: SRAT: PXM 3 -> MPIDR 0x3d0300 -> Node 3
Jun  8 13:53:53 ubuntu kernel: [    0.000000] percpu: Embedded 33 pages/cpu s94616 r8192 d32360 u135168
Jun  8 13:53:53 ubuntu kernel: [    0.000000] pcpu-alloc: s94616 r8192 d32360 u135168 alloc=33*4096
Jun  8 13:53:53 ubuntu kernel: [    0.000000] pcpu-alloc: [0] 00 [0] 01 [0] 02 [0] 03 [0] 04 [0] 05 [0] 06 [0] 07 
Jun  8 13:53:53 ubuntu kernel: [    0.000000] pcpu-alloc: [0] 08 [0] 09 [0] 10 [0] 11 [0] 12 [0] 13 [0] 14 [0] 15 
Jun  8 13:53:53 ubuntu kernel: [    0.000000] pcpu-alloc: [0] 16 [0] 17 [0] 18 [0] 19 [0] 20 [0] 21 [0] 22 [0] 23 
Jun  8 13:53:53 ubuntu kernel: [    0.000000] pcpu-alloc: [1] 24 [1] 25 [1] 26 [1] 27 [1] 28 [1] 29 [1] 30 [1] 31 
Jun  8 13:53:53 ubuntu kernel: [    0.000000] pcpu-alloc: [1] 32 [1] 33 [1] 34 [1] 35 [1] 36 [1] 37 [1] 38 [1] 39 
Jun  8 13:53:53 ubuntu kernel: [    0.000000] pcpu-alloc: [1] 40 [1] 41 [1] 42 [1] 43 [1] 44 [1] 45 [1] 46 [1] 47 
Jun  8 13:53:53 ubuntu kernel: [    0.000000] pcpu-alloc: [2] 48 [2] 49 [2] 50 [2] 51 [2] 52 [2] 53 [2] 54 [2] 55 
Jun  8 13:53:53 ubuntu kernel: [    0.000000] pcpu-alloc: [2] 56 [2] 57 [2] 58 [2] 59 [2] 60 [2] 61 [2] 62 [2] 63 
Jun  8 13:53:53 ubuntu kernel: [    0.000000] pcpu-alloc: [2] 64 [2] 65 [2] 66 [2] 67 [2] 68 [2] 69 [2] 70 [2] 71 
Jun  8 13:53:53 ubuntu kernel: [    0.000000] pcpu-alloc: [3] 72 [3] 73 [3] 74 [3] 75 [3] 76 [3] 77 [3] 78 [3] 79 
Jun  8 13:53:53 ubuntu kernel: [    0.000000] pcpu-alloc: [3] 80 [3] 81 [3] 82 [3] 83 [3] 84 [3] 85 [3] 86 [3] 87 
Jun  8 13:53:53 ubuntu kernel: [    0.000000] pcpu-alloc: [3] 88 [3] 89 [3] 90 [3] 91 [3] 92 [3] 93 [3] 94 [3] 95 
Jun  8 13:53:53 ubuntu kernel: [    0.000000] Detected VIPT I-cache on CPU0
Jun  8 13:53:53 ubuntu kernel: [    0.000000] CPU features: detected: GIC system register CPU interface
Jun  8 13:53:53 ubuntu kernel: [    0.000000] CPU features: detected: Virtualization Host Extensions
Jun  8 13:53:53 ubuntu kernel: [    0.000000] CPU features: detected: Hardware dirty bit management
Jun  8 13:53:53 ubuntu kernel: [    0.000000] alternatives: patching kernel code
Jun  8 13:53:53 ubuntu kernel: [    0.000000] Built 4 zonelists, mobility grouping on.  Total pages: 32898000
Jun  8 13:53:53 ubuntu kernel: [    0.000000] Policy zone: Normal
Jun  8 13:53:53 ubuntu kernel: [    0.000000] Kernel command line: BOOT_IMAGE=/boot/vmlinuz-5.7.1 root=UUID=87f15ea3-75f7-4c9d-add6-30cc3fc19001 ro text
Jun  8 13:53:53 ubuntu kernel: [    0.000000] printk: log_buf_len individual max cpu contribution: 4096 bytes
Jun  8 13:53:53 ubuntu kernel: [    0.000000] printk: log_buf_len total cpu_extra contributions: 389120 bytes
Jun  8 13:53:53 ubuntu kernel: [    0.000000] printk: log_buf_len min size: 262144 bytes
Jun  8 13:53:53 ubuntu kernel: [    0.000000] printk: log_buf_len: 1048576 bytes
Jun  8 13:53:53 ubuntu kernel: [    0.000000] printk: early log buf free: 245792(93%)
Jun  8 13:53:53 ubuntu kernel: [    0.000000] mem auto-init: stack:off, heap alloc:on, heap free:off
Jun  8 13:53:53 ubuntu kernel: [    0.000000] software IO TLB: mapped [mem 0x3b030000-0x3f030000] (64MB)
Jun  8 13:53:53 ubuntu kernel: [    0.000000] Memory: 130842204K/134213440K available (14140K kernel code, 2356K rwdata, 6880K rodata, 7040K init, 1134K bss, 3338468K reserved, 32768K cma-reserved)
Jun  8 13:53:53 ubuntu kernel: [    0.000000] random: get_random_u64 called from __kmem_cache_create+0x5c/0x5d8 with crng_init=0
Jun  8 13:53:53 ubuntu kernel: [    0.000000] SLUB: HWalign=64, Order=0-3, MinObjects=0, CPUs=96, Nodes=4
Jun  8 13:53:53 ubuntu kernel: [    0.000000] ftrace: allocating 46050 entries in 180 pages
Jun  8 13:53:53 ubuntu kernel: [    0.000000] ftrace: allocated 180 pages with 4 groups
Jun  8 13:53:53 ubuntu kernel: [    0.000000] rcu: Hierarchical RCU implementation.
Jun  8 13:53:53 ubuntu kernel: [    0.000000] rcu: 	RCU restricting CPUs from NR_CPUS=256 to nr_cpu_ids=96.
Jun  8 13:53:53 ubuntu kernel: [    0.000000] 	Tasks RCU enabled.
Jun  8 13:53:53 ubuntu kernel: [    0.000000] rcu: RCU calculated value of scheduler-enlistment delay is 25 jiffies.
Jun  8 13:53:53 ubuntu kernel: [    0.000000] rcu: Adjusting geometry for rcu_fanout_leaf=16, nr_cpu_ids=96
Jun  8 13:53:53 ubuntu kernel: [    0.000000] NR_IRQS: 64, nr_irqs: 64, preallocated irqs: 0
Jun  8 13:53:53 ubuntu kernel: [    0.000000] GICv3: GIC: Using split EOI/Deactivate mode
Jun  8 13:53:53 ubuntu kernel: [    0.000000] GICv3: 640 SPIs implemented
Jun  8 13:53:53 ubuntu kernel: [    0.000000] GICv3: 0 Extended SPIs implemented
Jun  8 13:53:53 ubuntu kernel: [    0.000000] GICv3: Distributor has no Range Selector support
Jun  8 13:53:53 ubuntu kernel: [    0.000000] GICv3: 16 PPIs implemented
Jun  8 13:53:53 ubuntu kernel: [    0.000000] GICv3: GICv4 features: DirectLPI 
Jun  8 13:53:53 ubuntu kernel: [    0.000000] GICv3: CPU0: found redistributor 80000 region 0:0x00000000ae100000
Jun  8 13:53:53 ubuntu kernel: [    0.000000] SRAT: PXM 0 -> ITS 0 -> Node 0
Jun  8 13:53:53 ubuntu kernel: [    0.000000] SRAT: PXM 2 -> ITS 1 -> Node 2
Jun  8 13:53:53 ubuntu kernel: [    0.000000] ITS [mem 0x202100000-0x20211ffff]
Jun  8 13:53:53 ubuntu kernel: [    0.000000] ITS@0x0000000202100000: Using ITS number 0
Jun  8 13:53:53 ubuntu kernel: [    0.000000] ITS@0x0000000202100000: allocated 65536 Devices @27ffb80000 (flat, esz 8, psz 16K, shr 1)
Jun  8 13:53:53 ubuntu kernel: [    0.000000] ITS@0x0000000202100000: allocated 65536 Virtual CPUs @27ff000000 (flat, esz 16, psz 4K, shr 1)
Jun  8 13:53:53 ubuntu kernel: [    0.000000] ITS@0x0000000202100000: allocated 256 Interrupt Collections @27ffb10000 (flat, esz 16, psz 4K, shr 1)
Jun  8 13:53:53 ubuntu kernel: [    0.000000] ITS [mem 0x200202100000-0x20020211ffff]
Jun  8 13:53:53 ubuntu kernel: [    0.000000] ITS@0x0000200202100000: Using ITS number 1
Jun  8 13:53:53 ubuntu kernel: [    0.000000] ITS@0x0000200202100000: allocated 65536 Devices @2027ff880000 (flat, esz 8, psz 16K, shr 1)
Jun  8 13:53:53 ubuntu kernel: [    0.000000] ITS@0x0000200202100000: allocated 65536 Virtual CPUs @2027ff900000 (flat, esz 16, psz 4K, shr 1)
Jun  8 13:53:53 ubuntu kernel: [    0.000000] ITS@0x0000200202100000: allocated 256 Interrupt Collections @2027ff801000 (flat, esz 16, psz 4K, shr 1)
Jun  8 13:53:53 ubuntu kernel: [    0.000000] GICv3: using LPI property table @0x00000027ffb20000
Jun  8 13:53:53 ubuntu kernel: [    0.000000] ITS: Using DirectLPI for VPE invalidation
Jun  8 13:53:53 ubuntu kernel: [    0.000000] ITS: Enabling GICv4 support
Jun  8 13:53:53 ubuntu kernel: [    0.000000] GICv3: CPU0: using allocated LPI pending table @0x00000027ffb30000
Jun  8 13:53:53 ubuntu kernel: [    0.000000] arch_timer: cp15 timer(s) running at 100.00MHz (phys).
Jun  8 13:53:53 ubuntu kernel: [    0.000000] clocksource: arch_sys_counter: mask: 0xffffffffffffff max_cycles: 0x171024e7e0, max_idle_ns: 440795205315 ns
Jun  8 13:53:53 ubuntu kernel: [    0.000001] sched_clock: 56 bits at 100MHz, resolution 10ns, wraps every 4398046511100ns
Jun  8 13:53:53 ubuntu kernel: [    0.000112] Console: colour dummy device 80x25
Jun  8 13:53:53 ubuntu kernel: [    0.000442] printk: console [tty0] enabled
Jun  8 13:53:53 ubuntu kernel: [    0.000511] mempolicy: Enabling automatic NUMA balancing. Configure with numa_balancing= or the kernel.numa_balancing sysctl
Jun  8 13:53:53 ubuntu kernel: [    0.000526] ACPI: Core revision 20200326
Jun  8 13:53:53 ubuntu kernel: [    0.000727] Calibrating delay loop (skipped), value calculated using timer frequency.. 200.00 BogoMIPS (lpj=400000)
Jun  8 13:53:53 ubuntu kernel: [    0.000732] pid_max: default: 98304 minimum: 768
Jun  8 13:53:53 ubuntu kernel: [    0.000810] LSM: Security Framework initializing
Jun  8 13:53:53 ubuntu kernel: [    0.000816] Yama: becoming mindful.
Jun  8 13:53:53 ubuntu kernel: [    0.000848] AppArmor: AppArmor initialized
Jun  8 13:53:53 ubuntu kernel: [    0.013348] Dentry cache hash table entries: 8388608 (order: 14, 67108864 bytes, vmalloc)
Jun  8 13:53:53 ubuntu kernel: [    0.019526] Inode-cache hash table entries: 4194304 (order: 13, 33554432 bytes, vmalloc)
Jun  8 13:53:53 ubuntu kernel: [    0.019777] Mount-cache hash table entries: 131072 (order: 8, 1048576 bytes, vmalloc)
Jun  8 13:53:53 ubuntu kernel: [    0.019976] Mountpoint-cache hash table entries: 131072 (order: 8, 1048576 bytes, vmalloc)
Jun  8 13:53:53 ubuntu kernel: [    0.022413] rcu: Hierarchical SRCU implementation.
Jun  8 13:53:53 ubuntu kernel: [    0.022879] Platform MSI: ITS@0x202100000 domain created
Jun  8 13:53:53 ubuntu kernel: [    0.022884] Platform MSI: ITS@0x200202100000 domain created
Jun  8 13:53:53 ubuntu kernel: [    0.022890] PCI/MSI: ITS@0x202100000 domain created
Jun  8 13:53:53 ubuntu kernel: [    0.022893] PCI/MSI: ITS@0x200202100000 domain created
Jun  8 13:53:53 ubuntu kernel: [    0.022908] Remapping and enabling EFI services.
Jun  8 13:53:53 ubuntu kernel: [    0.023108] efi: memattr: Entry attributes invalid: RO and XP bits both cleared
Jun  8 13:53:53 ubuntu kernel: [    0.023113] efi: memattr: ! 0x000000000000-0x00000000ffff [Runtime Code       |RUN|  |  |  |  |  |  |  |   |  |  |  |  ]
Jun  8 13:53:53 ubuntu kernel: [    0.024311] smp: Bringing up secondary CPUs ...
Jun  8 13:53:53 ubuntu kernel: [    0.054144] Detected VIPT I-cache on CPU1
Jun  8 13:53:53 ubuntu kernel: [    0.054151] GICv3: CPU1: found redistributor 80100 region 1:0x00000000ae140000
Jun  8 13:53:53 ubuntu kernel: [    0.054165] GICv3: CPU1: using allocated LPI pending table @0x00000027ffb40000
Jun  8 13:53:53 ubuntu kernel: [    0.054202] CPU1: Booted secondary processor 0x0000080100 [0x481fd010]
Jun  8 13:53:53 ubuntu kernel: [    0.086688] Detected VIPT I-cache on CPU2
Jun  8 13:53:53 ubuntu kernel: [    0.086692] GICv3: CPU2: found redistributor 80200 region 2:0x00000000ae180000
Jun  8 13:53:53 ubuntu kernel: [    0.086706] GICv3: CPU2: using allocated LPI pending table @0x00000027ffb50000
Jun  8 13:53:53 ubuntu kernel: [    0.086737] CPU2: Booted secondary processor 0x0000080200 [0x481fd010]
Jun  8 13:53:53 ubuntu kernel: [    0.119238] Detected VIPT I-cache on CPU3
Jun  8 13:53:53 ubuntu kernel: [    0.119242] GICv3: CPU3: found redistributor 80300 region 3:0x00000000ae1c0000
Jun  8 13:53:53 ubuntu kernel: [    0.119255] GICv3: CPU3: using allocated LPI pending table @0x00000027ffb60000
Jun  8 13:53:53 ubuntu kernel: [    0.119286] CPU3: Booted secondary processor 0x0000080300 [0x481fd010]
Jun  8 13:53:53 ubuntu kernel: [    0.151968] Detected VIPT I-cache on CPU4
Jun  8 13:53:53 ubuntu kernel: [    0.151976] GICv3: CPU4: found redistributor 90000 region 4:0x00000000ae200000
Jun  8 13:53:53 ubuntu kernel: [    0.151998] GICv3: CPU4: using allocated LPI pending table @0x00000027ffb70000
Jun  8 13:53:53 ubuntu kernel: [    0.152034] CPU4: Booted secondary processor 0x0000090000 [0x481fd010]
Jun  8 13:53:53 ubuntu kernel: [    0.184685] Detected VIPT I-cache on CPU5
Jun  8 13:53:53 ubuntu kernel: [    0.184690] GICv3: CPU5: found redistributor 90100 region 5:0x00000000ae240000
Jun  8 13:53:53 ubuntu kernel: [    0.184703] GICv3: CPU5: using allocated LPI pending table @0x00000027ff100000
Jun  8 13:53:53 ubuntu kernel: [    0.184734] CPU5: Booted secondary processor 0x0000090100 [0x481fd010]
Jun  8 13:53:53 ubuntu kernel: [    0.217409] Detected VIPT I-cache on CPU6
Jun  8 13:53:53 ubuntu kernel: [    0.217414] GICv3: CPU6: found redistributor 90200 region 6:0x00000000ae280000
Jun  8 13:53:53 ubuntu kernel: [    0.217426] GICv3: CPU6: using allocated LPI pending table @0x00000027ff110000
Jun  8 13:53:53 ubuntu kernel: [    0.217457] CPU6: Booted secondary processor 0x0000090200 [0x481fd010]
Jun  8 13:53:53 ubuntu kernel: [    0.250133] Detected VIPT I-cache on CPU7
Jun  8 13:53:53 ubuntu kernel: [    0.250138] GICv3: CPU7: found redistributor 90300 region 7:0x00000000ae2c0000
Jun  8 13:53:53 ubuntu kernel: [    0.250150] GICv3: CPU7: using allocated LPI pending table @0x00000027ff120000
Jun  8 13:53:53 ubuntu kernel: [    0.250182] CPU7: Booted secondary processor 0x0000090300 [0x481fd010]
Jun  8 13:53:53 ubuntu kernel: [    0.283034] Detected VIPT I-cache on CPU8
Jun  8 13:53:53 ubuntu kernel: [    0.283041] GICv3: CPU8: found redistributor a0000 region 8:0x00000000ae300000
Jun  8 13:53:53 ubuntu kernel: [    0.283058] GICv3: CPU8: using allocated LPI pending table @0x00000027ff130000
Jun  8 13:53:53 ubuntu kernel: [    0.283093] CPU8: Booted secondary processor 0x00000a0000 [0x481fd010]
Jun  8 13:53:53 ubuntu kernel: [    0.315927] Detected VIPT I-cache on CPU9
Jun  8 13:53:53 ubuntu kernel: [    0.315933] GICv3: CPU9: found redistributor a0100 region 9:0x00000000ae340000
Jun  8 13:53:53 ubuntu kernel: [    0.315946] GICv3: CPU9: using allocated LPI pending table @0x00000027ff140000
Jun  8 13:53:53 ubuntu kernel: [    0.315977] CPU9: Booted secondary processor 0x00000a0100 [0x481fd010]
Jun  8 13:53:53 ubuntu kernel: [    0.348824] Detected VIPT I-cache on CPU10
Jun  8 13:53:53 ubuntu kernel: [    0.348830] GICv3: CPU10: found redistributor a0200 region 10:0x00000000ae380000
Jun  8 13:53:53 ubuntu kernel: [    0.348843] GICv3: CPU10: using allocated LPI pending table @0x00000027ff150000
Jun  8 13:53:53 ubuntu kernel: [    0.348875] CPU10: Booted secondary processor 0x00000a0200 [0x481fd010]
Jun  8 13:53:53 ubuntu kernel: [    0.381722] Detected VIPT I-cache on CPU11
Jun  8 13:53:53 ubuntu kernel: [    0.381728] GICv3: CPU11: found redistributor a0300 region 11:0x00000000ae3c0000
Jun  8 13:53:53 ubuntu kernel: [    0.381741] GICv3: CPU11: using allocated LPI pending table @0x00000027ff160000
Jun  8 13:53:53 ubuntu kernel: [    0.381773] CPU11: Booted secondary processor 0x00000a0300 [0x481fd010]
Jun  8 13:53:53 ubuntu kernel: [    0.414796] Detected VIPT I-cache on CPU12
Jun  8 13:53:53 ubuntu kernel: [    0.414804] GICv3: CPU12: found redistributor b0000 region 12:0x00000000ae400000
Jun  8 13:53:53 ubuntu kernel: [    0.414823] GICv3: CPU12: using allocated LPI pending table @0x00000027ff170000
Jun  8 13:53:53 ubuntu kernel: [    0.414857] CPU12: Booted secondary processor 0x00000b0000 [0x481fd010]
Jun  8 13:53:53 ubuntu kernel: [    0.447863] Detected VIPT I-cache on CPU13
Jun  8 13:53:53 ubuntu kernel: [    0.447869] GICv3: CPU13: found redistributor b0100 region 13:0x00000000ae440000
Jun  8 13:53:53 ubuntu kernel: [    0.447884] GICv3: CPU13: using allocated LPI pending table @0x00000027ff180000
Jun  8 13:53:53 ubuntu kernel: [    0.447916] CPU13: Booted secondary processor 0x00000b0100 [0x481fd010]
Jun  8 13:53:53 ubuntu kernel: [    0.480934] Detected VIPT I-cache on CPU14
Jun  8 13:53:53 ubuntu kernel: [    0.480940] GICv3: CPU14: found redistributor b0200 region 14:0x00000000ae480000
Jun  8 13:53:53 ubuntu kernel: [    0.480954] GICv3: CPU14: using allocated LPI pending table @0x00000027ff190000
Jun  8 13:53:53 ubuntu kernel: [    0.480986] CPU14: Booted secondary processor 0x00000b0200 [0x481fd010]
Jun  8 13:53:53 ubuntu kernel: [    0.514004] Detected VIPT I-cache on CPU15
Jun  8 13:53:53 ubuntu kernel: [    0.514011] GICv3: CPU15: found redistributor b0300 region 15:0x00000000ae4c0000
Jun  8 13:53:53 ubuntu kernel: [    0.514026] GICv3: CPU15: using allocated LPI pending table @0x00000027ff1a0000
Jun  8 13:53:53 ubuntu kernel: [    0.514058] CPU15: Booted secondary processor 0x00000b0300 [0x481fd010]
Jun  8 13:53:53 ubuntu kernel: [    0.546559] Detected VIPT I-cache on CPU16
Jun  8 13:53:53 ubuntu kernel: [    0.546567] GICv3: CPU16: found redistributor c0000 region 16:0x00000000ae500000
Jun  8 13:53:53 ubuntu kernel: [    0.546589] GICv3: CPU16: using allocated LPI pending table @0x00000027ff1b0000
Jun  8 13:53:53 ubuntu kernel: [    0.546625] CPU16: Booted secondary processor 0x00000c0000 [0x481fd010]
Jun  8 13:53:53 ubuntu kernel: [    0.579105] Detected VIPT I-cache on CPU17
Jun  8 13:53:53 ubuntu kernel: [    0.579112] GICv3: CPU17: found redistributor c0100 region 17:0x00000000ae540000
Jun  8 13:53:53 ubuntu kernel: [    0.579126] GICv3: CPU17: using allocated LPI pending table @0x00000027ff1c0000
Jun  8 13:53:53 ubuntu kernel: [    0.579158] CPU17: Booted secondary processor 0x00000c0100 [0x481fd010]
Jun  8 13:53:53 ubuntu kernel: [    0.611655] Detected VIPT I-cache on CPU18
Jun  8 13:53:53 ubuntu kernel: [    0.611662] GICv3: CPU18: found redistributor c0200 region 18:0x00000000ae580000
Jun  8 13:53:53 ubuntu kernel: [    0.611676] GICv3: CPU18: using allocated LPI pending table @0x00000027ff1d0000
Jun  8 13:53:53 ubuntu kernel: [    0.611708] CPU18: Booted secondary processor 0x00000c0200 [0x481fd010]
Jun  8 13:53:53 ubuntu kernel: [    0.644205] Detected VIPT I-cache on CPU19
Jun  8 13:53:53 ubuntu kernel: [    0.644212] GICv3: CPU19: found redistributor c0300 region 19:0x00000000ae5c0000
Jun  8 13:53:53 ubuntu kernel: [    0.644226] GICv3: CPU19: using allocated LPI pending table @0x00000027ff1e0000
Jun  8 13:53:53 ubuntu kernel: [    0.644259] CPU19: Booted secondary processor 0x00000c0300 [0x481fd010]
Jun  8 13:53:53 ubuntu kernel: [    0.676932] Detected VIPT I-cache on CPU20
Jun  8 13:53:53 ubuntu kernel: [    0.676942] GICv3: CPU20: found redistributor d0000 region 20:0x00000000ae600000
Jun  8 13:53:53 ubuntu kernel: [    0.676962] GICv3: CPU20: using allocated LPI pending table @0x00000027ff1f0000
Jun  8 13:53:53 ubuntu kernel: [    0.676998] CPU20: Booted secondary processor 0x00000d0000 [0x481fd010]
Jun  8 13:53:53 ubuntu kernel: [    0.709652] Detected VIPT I-cache on CPU21
Jun  8 13:53:53 ubuntu kernel: [    0.709659] GICv3: CPU21: found redistributor d0100 region 21:0x00000000ae640000
Jun  8 13:53:53 ubuntu kernel: [    0.709673] GICv3: CPU21: using allocated LPI pending table @0x00000027ff200000
Jun  8 13:53:53 ubuntu kernel: [    0.709705] CPU21: Booted secondary processor 0x00000d0100 [0x481fd010]
Jun  8 13:53:53 ubuntu kernel: [    0.742375] Detected VIPT I-cache on CPU22
Jun  8 13:53:53 ubuntu kernel: [    0.742383] GICv3: CPU22: found redistributor d0200 region 22:0x00000000ae680000
Jun  8 13:53:53 ubuntu kernel: [    0.742398] GICv3: CPU22: using allocated LPI pending table @0x00000027ff210000
Jun  8 13:53:53 ubuntu kernel: [    0.742431] CPU22: Booted secondary processor 0x00000d0200 [0x481fd010]
Jun  8 13:53:53 ubuntu kernel: [    0.775099] Detected VIPT I-cache on CPU23
Jun  8 13:53:53 ubuntu kernel: [    0.775107] GICv3: CPU23: found redistributor d0300 region 23:0x00000000ae6c0000
Jun  8 13:53:53 ubuntu kernel: [    0.775123] GICv3: CPU23: using allocated LPI pending table @0x00000027ff220000
Jun  8 13:53:53 ubuntu kernel: [    0.775154] CPU23: Booted secondary processor 0x00000d0300 [0x481fd010]
Jun  8 13:53:53 ubuntu kernel: [    0.807665] Detected VIPT I-cache on CPU24
Jun  8 13:53:53 ubuntu kernel: [    0.807680] GICv3: CPU24: found redistributor 180000 region 24:0x00000000aa100000
Jun  8 13:53:53 ubuntu kernel: [    0.807718] GICv3: CPU24: using allocated LPI pending table @0x00000027ff230000
Jun  8 13:53:53 ubuntu kernel: [    0.807765] CPU24: Booted secondary processor 0x0000180000 [0x481fd010]
Jun  8 13:53:53 ubuntu kernel: [    0.840201] Detected VIPT I-cache on CPU25
Jun  8 13:53:53 ubuntu kernel: [    0.840210] GICv3: CPU25: found redistributor 180100 region 25:0x00000000aa140000
Jun  8 13:53:53 ubuntu kernel: [    0.840232] GICv3: CPU25: using allocated LPI pending table @0x00000027ff240000
Jun  8 13:53:53 ubuntu kernel: [    0.840270] CPU25: Booted secondary processor 0x0000180100 [0x481fd010]
Jun  8 13:53:53 ubuntu kernel: [    0.872751] Detected VIPT I-cache on CPU26
Jun  8 13:53:53 ubuntu kernel: [    0.872760] GICv3: CPU26: found redistributor 180200 region 26:0x00000000aa180000
Jun  8 13:53:53 ubuntu kernel: [    0.872779] GICv3: CPU26: using allocated LPI pending table @0x00000027ff250000
Jun  8 13:53:53 ubuntu kernel: [    0.872818] CPU26: Booted secondary processor 0x0000180200 [0x481fd010]
Jun  8 13:53:53 ubuntu kernel: [    0.905301] Detected VIPT I-cache on CPU27
Jun  8 13:53:53 ubuntu kernel: [    0.905311] GICv3: CPU27: found redistributor 180300 region 27:0x00000000aa1c0000
Jun  8 13:53:53 ubuntu kernel: [    0.905327] GICv3: CPU27: using allocated LPI pending table @0x00000027ff260000
Jun  8 13:53:53 ubuntu kernel: [    0.905364] CPU27: Booted secondary processor 0x0000180300 [0x481fd010]
Jun  8 13:53:53 ubuntu kernel: [    0.938033] Detected VIPT I-cache on CPU28
Jun  8 13:53:53 ubuntu kernel: [    0.938047] GICv3: CPU28: found redistributor 190000 region 28:0x00000000aa200000
Jun  8 13:53:53 ubuntu kernel: [    0.938074] GICv3: CPU28: using allocated LPI pending table @0x00000027ff270000
Jun  8 13:53:53 ubuntu kernel: [    0.938121] CPU28: Booted secondary processor 0x0000190000 [0x481fd010]
Jun  8 13:53:53 ubuntu kernel: [    0.970749] Detected VIPT I-cache on CPU29
Jun  8 13:53:53 ubuntu kernel: [    0.970759] GICv3: CPU29: found redistributor 190100 region 29:0x00000000aa240000
Jun  8 13:53:53 ubuntu kernel: [    0.970776] GICv3: CPU29: using allocated LPI pending table @0x00000027ff280000
Jun  8 13:53:53 ubuntu kernel: [    0.970813] CPU29: Booted secondary processor 0x0000190100 [0x481fd010]
Jun  8 13:53:53 ubuntu kernel: [    1.003472] Detected VIPT I-cache on CPU30
Jun  8 13:53:53 ubuntu kernel: [    1.003483] GICv3: CPU30: found redistributor 190200 region 30:0x00000000aa280000
Jun  8 13:53:53 ubuntu kernel: [    1.003499] GICv3: CPU30: using allocated LPI pending table @0x00000027ff290000
Jun  8 13:53:53 ubuntu kernel: [    1.003536] CPU30: Booted secondary processor 0x0000190200 [0x481fd010]
Jun  8 13:53:53 ubuntu kernel: [    1.036195] Detected VIPT I-cache on CPU31
Jun  8 13:53:53 ubuntu kernel: [    1.036206] GICv3: CPU31: found redistributor 190300 region 31:0x00000000aa2c0000
Jun  8 13:53:53 ubuntu kernel: [    1.036221] GICv3: CPU31: using allocated LPI pending table @0x00000027ff2a0000
Jun  8 13:53:53 ubuntu kernel: [    1.036258] CPU31: Booted secondary processor 0x0000190300 [0x481fd010]
Jun  8 13:53:53 ubuntu kernel: [    1.069099] Detected VIPT I-cache on CPU32
Jun  8 13:53:53 ubuntu kernel: [    1.069113] GICv3: CPU32: found redistributor 1a0000 region 32:0x00000000aa300000
Jun  8 13:53:53 ubuntu kernel: [    1.069135] GICv3: CPU32: using allocated LPI pending table @0x00000027ff2b0000
Jun  8 13:53:53 ubuntu kernel: [    1.069179] CPU32: Booted secondary processor 0x00001a0000 [0x481fd010]
Jun  8 13:53:53 ubuntu kernel: [    1.101990] Detected VIPT I-cache on CPU33
Jun  8 13:53:53 ubuntu kernel: [    1.102001] GICv3: CPU33: found redistributor 1a0100 region 33:0x00000000aa340000
Jun  8 13:53:53 ubuntu kernel: [    1.102019] GICv3: CPU33: using allocated LPI pending table @0x00000027ff2c0000
Jun  8 13:53:53 ubuntu kernel: [    1.102057] CPU33: Booted secondary processor 0x00001a0100 [0x481fd010]
Jun  8 13:53:53 ubuntu kernel: [    1.134888] Detected VIPT I-cache on CPU34
Jun  8 13:53:53 ubuntu kernel: [    1.134899] GICv3: CPU34: found redistributor 1a0200 region 34:0x00000000aa380000
Jun  8 13:53:53 ubuntu kernel: [    1.134916] GICv3: CPU34: using allocated LPI pending table @0x00000027ff2d0000
Jun  8 13:53:53 ubuntu kernel: [    1.134954] CPU34: Booted secondary processor 0x00001a0200 [0x481fd010]
Jun  8 13:53:53 ubuntu kernel: [    1.167785] Detected VIPT I-cache on CPU35
Jun  8 13:53:53 ubuntu kernel: [    1.167796] GICv3: CPU35: found redistributor 1a0300 region 35:0x00000000aa3c0000
Jun  8 13:53:53 ubuntu kernel: [    1.167814] GICv3: CPU35: using allocated LPI pending table @0x00000027ff2e0000
Jun  8 13:53:53 ubuntu kernel: [    1.167852] CPU35: Booted secondary processor 0x00001a0300 [0x481fd010]
Jun  8 13:53:53 ubuntu kernel: [    1.200861] Detected VIPT I-cache on CPU36
Jun  8 13:53:53 ubuntu kernel: [    1.200875] GICv3: CPU36: found redistributor 1b0000 region 36:0x00000000aa400000
Jun  8 13:53:53 ubuntu kernel: [    1.200902] GICv3: CPU36: using allocated LPI pending table @0x00000027ff2f0000
Jun  8 13:53:53 ubuntu kernel: [    1.200946] CPU36: Booted secondary processor 0x00001b0000 [0x481fd010]
Jun  8 13:53:53 ubuntu kernel: [    1.233926] Detected VIPT I-cache on CPU37
Jun  8 13:53:53 ubuntu kernel: [    1.233938] GICv3: CPU37: found redistributor 1b0100 region 37:0x00000000aa440000
Jun  8 13:53:53 ubuntu kernel: [    1.233956] GICv3: CPU37: using allocated LPI pending table @0x00000027ff300000
Jun  8 13:53:53 ubuntu kernel: [    1.233994] CPU37: Booted secondary processor 0x00001b0100 [0x481fd010]
Jun  8 13:53:53 ubuntu kernel: [    1.266997] Detected VIPT I-cache on CPU38
Jun  8 13:53:53 ubuntu kernel: [    1.267008] GICv3: CPU38: found redistributor 1b0200 region 38:0x00000000aa480000
Jun  8 13:53:53 ubuntu kernel: [    1.267025] GICv3: CPU38: using allocated LPI pending table @0x00000027ff310000
Jun  8 13:53:53 ubuntu kernel: [    1.267064] CPU38: Booted secondary processor 0x00001b0200 [0x481fd010]
Jun  8 13:53:53 ubuntu kernel: [    1.300067] Detected VIPT I-cache on CPU39
Jun  8 13:53:53 ubuntu kernel: [    1.300079] GICv3: CPU39: found redistributor 1b0300 region 39:0x00000000aa4c0000
Jun  8 13:53:53 ubuntu kernel: [    1.300095] GICv3: CPU39: using allocated LPI pending table @0x00000027ff320000
Jun  8 13:53:53 ubuntu kernel: [    1.300133] CPU39: Booted secondary processor 0x00001b0300 [0x481fd010]
Jun  8 13:53:53 ubuntu kernel: [    1.332624] Detected VIPT I-cache on CPU40
Jun  8 13:53:53 ubuntu kernel: [    1.332639] GICv3: CPU40: found redistributor 1c0000 region 40:0x00000000aa500000
Jun  8 13:53:53 ubuntu kernel: [    1.332663] GICv3: CPU40: using allocated LPI pending table @0x00000027ff330000
Jun  8 13:53:53 ubuntu kernel: [    1.332707] CPU40: Booted secondary processor 0x00001c0000 [0x481fd010]
Jun  8 13:53:53 ubuntu kernel: [    1.365168] Detected VIPT I-cache on CPU41
Jun  8 13:53:53 ubuntu kernel: [    1.365180] GICv3: CPU41: found redistributor 1c0100 region 41:0x00000000aa540000
Jun  8 13:53:53 ubuntu kernel: [    1.365197] GICv3: CPU41: using allocated LPI pending table @0x00000027ff340000
Jun  8 13:53:53 ubuntu kernel: [    1.365236] CPU41: Booted secondary processor 0x00001c0100 [0x481fd010]
Jun  8 13:53:53 ubuntu kernel: [    1.397718] Detected VIPT I-cache on CPU42
Jun  8 13:53:53 ubuntu kernel: [    1.397730] GICv3: CPU42: found redistributor 1c0200 region 42:0x00000000aa580000
Jun  8 13:53:53 ubuntu kernel: [    1.397746] GICv3: CPU42: using allocated LPI pending table @0x00000027ff350000
Jun  8 13:53:53 ubuntu kernel: [    1.397786] CPU42: Booted secondary processor 0x00001c0200 [0x481fd010]
Jun  8 13:53:53 ubuntu kernel: [    1.430268] Detected VIPT I-cache on CPU43
Jun  8 13:53:53 ubuntu kernel: [    1.430279] GICv3: CPU43: found redistributor 1c0300 region 43:0x00000000aa5c0000
Jun  8 13:53:53 ubuntu kernel: [    1.430296] GICv3: CPU43: using allocated LPI pending table @0x00000027ff360000
Jun  8 13:53:53 ubuntu kernel: [    1.430335] CPU43: Booted secondary processor 0x00001c0300 [0x481fd010]
Jun  8 13:53:53 ubuntu kernel: [    1.462996] Detected VIPT I-cache on CPU44
Jun  8 13:53:53 ubuntu kernel: [    1.463012] GICv3: CPU44: found redistributor 1d0000 region 44:0x00000000aa600000
Jun  8 13:53:53 ubuntu kernel: [    1.463036] GICv3: CPU44: using allocated LPI pending table @0x00000027ff370000
Jun  8 13:53:53 ubuntu kernel: [    1.463082] CPU44: Booted secondary processor 0x00001d0000 [0x481fd010]
Jun  8 13:53:53 ubuntu kernel: [    1.495715] Detected VIPT I-cache on CPU45
Jun  8 13:53:53 ubuntu kernel: [    1.495727] GICv3: CPU45: found redistributor 1d0100 region 45:0x00000000aa640000
Jun  8 13:53:53 ubuntu kernel: [    1.495744] GICv3: CPU45: using allocated LPI pending table @0x00000027ff380000
Jun  8 13:53:53 ubuntu kernel: [    1.495784] CPU45: Booted secondary processor 0x00001d0100 [0x481fd010]
Jun  8 13:53:53 ubuntu kernel: [    1.528437] Detected VIPT I-cache on CPU46
Jun  8 13:53:53 ubuntu kernel: [    1.528450] GICv3: CPU46: found redistributor 1d0200 region 46:0x00000000aa680000
Jun  8 13:53:53 ubuntu kernel: [    1.528467] GICv3: CPU46: using allocated LPI pending table @0x00000027ff390000
Jun  8 13:53:53 ubuntu kernel: [    1.528505] CPU46: Booted secondary processor 0x00001d0200 [0x481fd010]
Jun  8 13:53:53 ubuntu kernel: [    1.561162] Detected VIPT I-cache on CPU47
Jun  8 13:53:53 ubuntu kernel: [    1.561174] GICv3: CPU47: found redistributor 1d0300 region 47:0x00000000aa6c0000
Jun  8 13:53:53 ubuntu kernel: [    1.561192] GICv3: CPU47: using allocated LPI pending table @0x00000027ff3a0000
Jun  8 13:53:53 ubuntu kernel: [    1.561230] CPU47: Booted secondary processor 0x00001d0300 [0x481fd010]
Jun  8 13:53:53 ubuntu kernel: [    1.594003] Detected VIPT I-cache on CPU48
Jun  8 13:53:53 ubuntu kernel: [    1.594041] GICv3: CPU48: found redistributor 280000 region 48:0x00002000ae100000
Jun  8 13:53:53 ubuntu kernel: [    1.594100] GICv3: CPU48: using allocated LPI pending table @0x00000027ff3b0000
Jun  8 13:53:53 ubuntu kernel: [    1.594172] CPU48: Booted secondary processor 0x0000280000 [0x481fd010]
Jun  8 13:53:53 ubuntu kernel: [    1.626791] Detected VIPT I-cache on CPU49
Jun  8 13:53:53 ubuntu kernel: [    1.626818] GICv3: CPU49: found redistributor 280100 region 49:0x00002000ae140000
Jun  8 13:53:53 ubuntu kernel: [    1.626838] GICv3: CPU49: using allocated LPI pending table @0x00000027ff3c0000
Jun  8 13:53:53 ubuntu kernel: [    1.626890] CPU49: Booted secondary processor 0x0000280100 [0x481fd010]
Jun  8 13:53:53 ubuntu kernel: [    1.659600] Detected VIPT I-cache on CPU50
Jun  8 13:53:53 ubuntu kernel: [    1.659628] GICv3: CPU50: found redistributor 280200 region 50:0x00002000ae180000
Jun  8 13:53:53 ubuntu kernel: [    1.659647] GICv3: CPU50: using allocated LPI pending table @0x00000027ff3d0000
Jun  8 13:53:53 ubuntu kernel: [    1.659699] CPU50: Booted secondary processor 0x0000280200 [0x481fd010]
Jun  8 13:53:53 ubuntu kernel: [    1.692411] Detected VIPT I-cache on CPU51
Jun  8 13:53:53 ubuntu kernel: [    1.692439] GICv3: CPU51: found redistributor 280300 region 51:0x00002000ae1c0000
Jun  8 13:53:53 ubuntu kernel: [    1.692462] GICv3: CPU51: using allocated LPI pending table @0x00000027ff3e0000
Jun  8 13:53:53 ubuntu kernel: [    1.692514] CPU51: Booted secondary processor 0x0000280300 [0x481fd010]
Jun  8 13:53:53 ubuntu kernel: [    1.725399] Detected VIPT I-cache on CPU52
Jun  8 13:53:53 ubuntu kernel: [    1.725428] GICv3: CPU52: found redistributor 290000 region 52:0x00002000ae200000
Jun  8 13:53:53 ubuntu kernel: [    1.725463] GICv3: CPU52: using allocated LPI pending table @0x00000027ff3f0000
Jun  8 13:53:53 ubuntu kernel: [    1.725519] CPU52: Booted secondary processor 0x0000290000 [0x481fd010]
Jun  8 13:53:53 ubuntu kernel: [    1.758379] Detected VIPT I-cache on CPU53
Jun  8 13:53:53 ubuntu kernel: [    1.758407] GICv3: CPU53: found redistributor 290100 region 53:0x00002000ae240000
Jun  8 13:53:53 ubuntu kernel: [    1.758425] GICv3: CPU53: using allocated LPI pending table @0x00000027fec00000
Jun  8 13:53:53 ubuntu kernel: [    1.758477] CPU53: Booted secondary processor 0x0000290100 [0x481fd010]
Jun  8 13:53:53 ubuntu kernel: [    1.791363] Detected VIPT I-cache on CPU54
Jun  8 13:53:53 ubuntu kernel: [    1.791391] GICv3: CPU54: found redistributor 290200 region 54:0x00002000ae280000
Jun  8 13:53:53 ubuntu kernel: [    1.791408] GICv3: CPU54: using allocated LPI pending table @0x00000027fec10000
Jun  8 13:53:53 ubuntu kernel: [    1.791461] CPU54: Booted secondary processor 0x0000290200 [0x481fd010]
Jun  8 13:53:53 ubuntu kernel: [    1.824347] Detected VIPT I-cache on CPU55
Jun  8 13:53:53 ubuntu kernel: [    1.824375] GICv3: CPU55: found redistributor 290300 region 55:0x00002000ae2c0000
Jun  8 13:53:53 ubuntu kernel: [    1.824392] GICv3: CPU55: using allocated LPI pending table @0x00000027fec20000
Jun  8 13:53:53 ubuntu kernel: [    1.824445] CPU55: Booted secondary processor 0x0000290300 [0x481fd010]
Jun  8 13:53:53 ubuntu kernel: [    1.857509] Detected VIPT I-cache on CPU56
Jun  8 13:53:53 ubuntu kernel: [    1.857539] GICv3: CPU56: found redistributor 2a0000 region 56:0x00002000ae300000
Jun  8 13:53:53 ubuntu kernel: [    1.857567] GICv3: CPU56: using allocated LPI pending table @0x00000027fec30000
Jun  8 13:53:53 ubuntu kernel: [    1.857621] CPU56: Booted secondary processor 0x00002a0000 [0x481fd010]
Jun  8 13:53:53 ubuntu kernel: [    1.890661] Detected VIPT I-cache on CPU57
Jun  8 13:53:53 ubuntu kernel: [    1.890690] GICv3: CPU57: found redistributor 2a0100 region 57:0x00002000ae340000
Jun  8 13:53:53 ubuntu kernel: [    1.890708] GICv3: CPU57: using allocated LPI pending table @0x00000027fec40000
Jun  8 13:53:53 ubuntu kernel: [    1.890760] CPU57: Booted secondary processor 0x00002a0100 [0x481fd010]
Jun  8 13:53:53 ubuntu kernel: [    1.923819] Detected VIPT I-cache on CPU58
Jun  8 13:53:53 ubuntu kernel: [    1.923849] GICv3: CPU58: found redistributor 2a0200 region 58:0x00002000ae380000
Jun  8 13:53:53 ubuntu kernel: [    1.923867] GICv3: CPU58: using allocated LPI pending table @0x00000027fec50000
Jun  8 13:53:53 ubuntu kernel: [    1.923919] CPU58: Booted secondary processor 0x00002a0200 [0x481fd010]
Jun  8 13:53:53 ubuntu kernel: [    1.956977] Detected VIPT I-cache on CPU59
Jun  8 13:53:53 ubuntu kernel: [    1.957006] GICv3: CPU59: found redistributor 2a0300 region 59:0x00002000ae3c0000
Jun  8 13:53:53 ubuntu kernel: [    1.957024] GICv3: CPU59: using allocated LPI pending table @0x00000027fec60000
Jun  8 13:53:53 ubuntu kernel: [    1.957076] CPU59: Booted secondary processor 0x00002a0300 [0x481fd010]
Jun  8 13:53:53 ubuntu kernel: [    1.990313] Detected VIPT I-cache on CPU60
Jun  8 13:53:53 ubuntu kernel: [    1.990343] GICv3: CPU60: found redistributor 2b0000 region 60:0x00002000ae400000
Jun  8 13:53:53 ubuntu kernel: [    1.990369] GICv3: CPU60: using allocated LPI pending table @0x00000027fec70000
Jun  8 13:53:53 ubuntu kernel: [    1.990425] CPU60: Booted secondary processor 0x00002b0000 [0x481fd010]
Jun  8 13:53:53 ubuntu kernel: [    2.023640] Detected VIPT I-cache on CPU61
Jun  8 13:53:53 ubuntu kernel: [    2.023669] GICv3: CPU61: found redistributor 2b0100 region 61:0x00002000ae440000
Jun  8 13:53:53 ubuntu kernel: [    2.023687] GICv3: CPU61: using allocated LPI pending table @0x00000027fec80000
Jun  8 13:53:53 ubuntu kernel: [    2.023740] CPU61: Booted secondary processor 0x00002b0100 [0x481fd010]
Jun  8 13:53:53 ubuntu kernel: [    2.056971] Detected VIPT I-cache on CPU62
Jun  8 13:53:53 ubuntu kernel: [    2.057000] GICv3: CPU62: found redistributor 2b0200 region 62:0x00002000ae480000
Jun  8 13:53:53 ubuntu kernel: [    2.057018] GICv3: CPU62: using allocated LPI pending table @0x00000027fec90000
Jun  8 13:53:53 ubuntu kernel: [    2.057071] CPU62: Booted secondary processor 0x00002b0200 [0x481fd010]
Jun  8 13:53:53 ubuntu kernel: [    2.090302] Detected VIPT I-cache on CPU63
Jun  8 13:53:53 ubuntu kernel: [    2.090332] GICv3: CPU63: found redistributor 2b0300 region 63:0x00002000ae4c0000
Jun  8 13:53:53 ubuntu kernel: [    2.090351] GICv3: CPU63: using allocated LPI pending table @0x00000027feca0000
Jun  8 13:53:53 ubuntu kernel: [    2.090404] CPU63: Booted secondary processor 0x00002b0300 [0x481fd010]
Jun  8 13:53:53 ubuntu kernel: [    2.123117] Detected VIPT I-cache on CPU64
Jun  8 13:53:53 ubuntu kernel: [    2.123148] GICv3: CPU64: found redistributor 2c0000 region 64:0x00002000ae500000
Jun  8 13:53:53 ubuntu kernel: [    2.123177] GICv3: CPU64: using allocated LPI pending table @0x00000027fecb0000
Jun  8 13:53:53 ubuntu kernel: [    2.123233] CPU64: Booted secondary processor 0x00002c0000 [0x481fd010]
Jun  8 13:53:53 ubuntu kernel: [    2.155922] Detected VIPT I-cache on CPU65
Jun  8 13:53:53 ubuntu kernel: [    2.155952] GICv3: CPU65: found redistributor 2c0100 region 65:0x00002000ae540000
Jun  8 13:53:53 ubuntu kernel: [    2.155973] GICv3: CPU65: using allocated LPI pending table @0x00000027fecc0000
Jun  8 13:53:53 ubuntu kernel: [    2.156025] CPU65: Booted secondary processor 0x00002c0100 [0x481fd010]
Jun  8 13:53:53 ubuntu kernel: [    2.188733] Detected VIPT I-cache on CPU66
Jun  8 13:53:53 ubuntu kernel: [    2.188762] GICv3: CPU66: found redistributor 2c0200 region 66:0x00002000ae580000
Jun  8 13:53:53 ubuntu kernel: [    2.188781] GICv3: CPU66: using allocated LPI pending table @0x00000027fecd0000
Jun  8 13:53:53 ubuntu kernel: [    2.188833] CPU66: Booted secondary processor 0x00002c0200 [0x481fd010]
Jun  8 13:53:53 ubuntu kernel: [    2.221543] Detected VIPT I-cache on CPU67
Jun  8 13:53:53 ubuntu kernel: [    2.221573] GICv3: CPU67: found redistributor 2c0300 region 67:0x00002000ae5c0000
Jun  8 13:53:53 ubuntu kernel: [    2.221591] GICv3: CPU67: using allocated LPI pending table @0x00000027fece0000
Jun  8 13:53:53 ubuntu kernel: [    2.221643] CPU67: Booted secondary processor 0x00002c0300 [0x481fd010]
Jun  8 13:53:53 ubuntu kernel: [    2.254532] Detected VIPT I-cache on CPU68
Jun  8 13:53:53 ubuntu kernel: [    2.254563] GICv3: CPU68: found redistributor 2d0000 region 68:0x00002000ae600000
Jun  8 13:53:53 ubuntu kernel: [    2.254592] GICv3: CPU68: using allocated LPI pending table @0x00000027fecf0000
Jun  8 13:53:53 ubuntu kernel: [    2.254648] CPU68: Booted secondary processor 0x00002d0000 [0x481fd010]
Jun  8 13:53:53 ubuntu kernel: [    2.287511] Detected VIPT I-cache on CPU69
Jun  8 13:53:53 ubuntu kernel: [    2.287541] GICv3: CPU69: found redistributor 2d0100 region 69:0x00002000ae640000
Jun  8 13:53:53 ubuntu kernel: [    2.287560] GICv3: CPU69: using allocated LPI pending table @0x00000027fed00000
Jun  8 13:53:53 ubuntu kernel: [    2.287612] CPU69: Booted secondary processor 0x00002d0100 [0x481fd010]
Jun  8 13:53:53 ubuntu kernel: [    2.320495] Detected VIPT I-cache on CPU70
Jun  8 13:53:53 ubuntu kernel: [    2.320525] GICv3: CPU70: found redistributor 2d0200 region 70:0x00002000ae680000
Jun  8 13:53:53 ubuntu kernel: [    2.320545] GICv3: CPU70: using allocated LPI pending table @0x00000027fed10000
Jun  8 13:53:53 ubuntu kernel: [    2.320598] CPU70: Booted secondary processor 0x00002d0200 [0x481fd010]
Jun  8 13:53:53 ubuntu kernel: [    2.353480] Detected VIPT I-cache on CPU71
Jun  8 13:53:53 ubuntu kernel: [    2.353510] GICv3: CPU71: found redistributor 2d0300 region 71:0x00002000ae6c0000
Jun  8 13:53:53 ubuntu kernel: [    2.353528] GICv3: CPU71: using allocated LPI pending table @0x00000027fed20000
Jun  8 13:53:53 ubuntu kernel: [    2.353581] CPU71: Booted secondary processor 0x00002d0300 [0x481fd010]
Jun  8 13:53:53 ubuntu kernel: [    2.393608] Detected VIPT I-cache on CPU72
Jun  8 13:53:53 ubuntu kernel: [    2.393661] GICv3: CPU72: found redistributor 380000 region 72:0x00002000aa100000
Jun  8 13:53:53 ubuntu kernel: [    2.393714] GICv3: CPU72: using allocated LPI pending table @0x00000027fed30000
Jun  8 13:53:53 ubuntu kernel: [    2.393799] CPU72: Booted secondary processor 0x0000380000 [0x481fd010]
Jun  8 13:53:53 ubuntu kernel: [    2.433684] Detected VIPT I-cache on CPU73
Jun  8 13:53:53 ubuntu kernel: [    2.433720] GICv3: CPU73: found redistributor 380100 region 73:0x00002000aa140000
Jun  8 13:53:53 ubuntu kernel: [    2.433741] GICv3: CPU73: using allocated LPI pending table @0x00000027fed40000
Jun  8 13:53:53 ubuntu kernel: [    2.433800] CPU73: Booted secondary processor 0x0000380100 [0x481fd010]
Jun  8 13:53:53 ubuntu kernel: [    2.473786] Detected VIPT I-cache on CPU74
Jun  8 13:53:53 ubuntu kernel: [    2.473822] GICv3: CPU74: found redistributor 380200 region 74:0x00002000aa180000
Jun  8 13:53:53 ubuntu kernel: [    2.473843] GICv3: CPU74: using allocated LPI pending table @0x00000027fed50000
Jun  8 13:53:53 ubuntu kernel: [    2.473900] CPU74: Booted secondary processor 0x0000380200 [0x481fd010]
Jun  8 13:53:53 ubuntu kernel: [    2.513888] Detected VIPT I-cache on CPU75
Jun  8 13:53:53 ubuntu kernel: [    2.513923] GICv3: CPU75: found redistributor 380300 region 75:0x00002000aa1c0000
Jun  8 13:53:53 ubuntu kernel: [    2.513945] GICv3: CPU75: using allocated LPI pending table @0x00000027fed60000
Jun  8 13:53:53 ubuntu kernel: [    2.514002] CPU75: Booted secondary processor 0x0000380300 [0x481fd010]
Jun  8 13:53:53 ubuntu kernel: [    2.554167] Detected VIPT I-cache on CPU76
Jun  8 13:53:53 ubuntu kernel: [    2.554205] GICv3: CPU76: found redistributor 390000 region 76:0x00002000aa200000
Jun  8 13:53:53 ubuntu kernel: [    2.554236] GICv3: CPU76: using allocated LPI pending table @0x00000027fed70000
Jun  8 13:53:53 ubuntu kernel: [    2.554298] CPU76: Booted secondary processor 0x0000390000 [0x481fd010]
Jun  8 13:53:53 ubuntu kernel: [    2.594438] Detected VIPT I-cache on CPU77
Jun  8 13:53:53 ubuntu kernel: [    2.594475] GICv3: CPU77: found redistributor 390100 region 77:0x00002000aa240000
Jun  8 13:53:53 ubuntu kernel: [    2.594497] GICv3: CPU77: using allocated LPI pending table @0x00000027fed80000
Jun  8 13:53:53 ubuntu kernel: [    2.594554] CPU77: Booted secondary processor 0x0000390100 [0x481fd010]
Jun  8 13:53:53 ubuntu kernel: [    2.634713] Detected VIPT I-cache on CPU78
Jun  8 13:53:53 ubuntu kernel: [    2.634749] GICv3: CPU78: found redistributor 390200 region 78:0x00002000aa280000
Jun  8 13:53:53 ubuntu kernel: [    2.634771] GICv3: CPU78: using allocated LPI pending table @0x00000027fed90000
Jun  8 13:53:53 ubuntu kernel: [    2.634828] CPU78: Booted secondary processor 0x0000390200 [0x481fd010]
Jun  8 13:53:53 ubuntu kernel: [    2.674989] Detected VIPT I-cache on CPU79
Jun  8 13:53:53 ubuntu kernel: [    2.675025] GICv3: CPU79: found redistributor 390300 region 79:0x00002000aa2c0000
Jun  8 13:53:53 ubuntu kernel: [    2.675047] GICv3: CPU79: using allocated LPI pending table @0x00000027feda0000
Jun  8 13:53:53 ubuntu kernel: [    2.675104] CPU79: Booted secondary processor 0x0000390300 [0x481fd010]
Jun  8 13:53:53 ubuntu kernel: [    2.715441] Detected VIPT I-cache on CPU80
Jun  8 13:53:53 ubuntu kernel: [    2.715479] GICv3: CPU80: found redistributor 3a0000 region 80:0x00002000aa300000
Jun  8 13:53:53 ubuntu kernel: [    2.715511] GICv3: CPU80: using allocated LPI pending table @0x00000027fedb0000
Jun  8 13:53:53 ubuntu kernel: [    2.715573] CPU80: Booted secondary processor 0x00003a0000 [0x481fd010]
Jun  8 13:53:53 ubuntu kernel: [    2.755886] Detected VIPT I-cache on CPU81
Jun  8 13:53:53 ubuntu kernel: [    2.755923] GICv3: CPU81: found redistributor 3a0100 region 81:0x00002000aa340000
Jun  8 13:53:53 ubuntu kernel: [    2.755945] GICv3: CPU81: using allocated LPI pending table @0x00000027fedc0000
Jun  8 13:53:53 ubuntu kernel: [    2.756003] CPU81: Booted secondary processor 0x00003a0100 [0x481fd010]
Jun  8 13:53:53 ubuntu kernel: [    2.796335] Detected VIPT I-cache on CPU82
Jun  8 13:53:53 ubuntu kernel: [    2.796371] GICv3: CPU82: found redistributor 3a0200 region 82:0x00002000aa380000
Jun  8 13:53:53 ubuntu kernel: [    2.796393] GICv3: CPU82: using allocated LPI pending table @0x00000027fedd0000
Jun  8 13:53:53 ubuntu kernel: [    2.796452] CPU82: Booted secondary processor 0x00003a0200 [0x481fd010]
Jun  8 13:53:53 ubuntu kernel: [    2.836784] Detected VIPT I-cache on CPU83
Jun  8 13:53:53 ubuntu kernel: [    2.836821] GICv3: CPU83: found redistributor 3a0300 region 83:0x00002000aa3c0000
Jun  8 13:53:53 ubuntu kernel: [    2.836843] GICv3: CPU83: using allocated LPI pending table @0x00000027fede0000
Jun  8 13:53:53 ubuntu kernel: [    2.836901] CPU83: Booted secondary processor 0x00003a0300 [0x481fd010]
Jun  8 13:53:53 ubuntu kernel: [    2.877410] Detected VIPT I-cache on CPU84
Jun  8 13:53:53 ubuntu kernel: [    2.877448] GICv3: CPU84: found redistributor 3b0000 region 84:0x00002000aa400000
Jun  8 13:53:53 ubuntu kernel: [    2.877481] GICv3: CPU84: using allocated LPI pending table @0x00000027fedf0000
Jun  8 13:53:53 ubuntu kernel: [    2.877543] CPU84: Booted secondary processor 0x00003b0000 [0x481fd010]
Jun  8 13:53:53 ubuntu kernel: [    2.918028] Detected VIPT I-cache on CPU85
Jun  8 13:53:53 ubuntu kernel: [    2.918066] GICv3: CPU85: found redistributor 3b0100 region 85:0x00002000aa440000
Jun  8 13:53:53 ubuntu kernel: [    2.918089] GICv3: CPU85: using allocated LPI pending table @0x00000027fee00000
Jun  8 13:53:53 ubuntu kernel: [    2.918148] CPU85: Booted secondary processor 0x00003b0100 [0x481fd010]
Jun  8 13:53:53 ubuntu kernel: [    2.958651] Detected VIPT I-cache on CPU86
Jun  8 13:53:53 ubuntu kernel: [    2.958688] GICv3: CPU86: found redistributor 3b0200 region 86:0x00002000aa480000
Jun  8 13:53:53 ubuntu kernel: [    2.958710] GICv3: CPU86: using allocated LPI pending table @0x00000027fee10000
Jun  8 13:53:53 ubuntu kernel: [    2.958769] CPU86: Booted secondary processor 0x00003b0200 [0x481fd010]
Jun  8 13:53:53 ubuntu kernel: [    2.999273] Detected VIPT I-cache on CPU87
Jun  8 13:53:53 ubuntu kernel: [    2.999311] GICv3: CPU87: found redistributor 3b0300 region 87:0x00002000aa4c0000
Jun  8 13:53:53 ubuntu kernel: [    2.999334] GICv3: CPU87: using allocated LPI pending table @0x00000027fee20000
Jun  8 13:53:53 ubuntu kernel: [    2.999392] CPU87: Booted secondary processor 0x00003b0300 [0x481fd010]
Jun  8 13:53:53 ubuntu kernel: [    3.039378] Detected VIPT I-cache on CPU88
Jun  8 13:53:53 ubuntu kernel: [    3.039417] GICv3: CPU88: found redistributor 3c0000 region 88:0x00002000aa500000
Jun  8 13:53:53 ubuntu kernel: [    3.039451] GICv3: CPU88: using allocated LPI pending table @0x00000027fee30000
Jun  8 13:53:53 ubuntu kernel: [    3.039514] CPU88: Booted secondary processor 0x00003c0000 [0x481fd010]
Jun  8 13:53:53 ubuntu kernel: [    3.079477] Detected VIPT I-cache on CPU89
Jun  8 13:53:53 ubuntu kernel: [    3.079513] GICv3: CPU89: found redistributor 3c0100 region 89:0x00002000aa540000
Jun  8 13:53:53 ubuntu kernel: [    3.079540] GICv3: CPU89: using allocated LPI pending table @0x00000027fee40000
Jun  8 13:53:53 ubuntu kernel: [    3.079598] CPU89: Booted secondary processor 0x00003c0100 [0x481fd010]
Jun  8 13:53:53 ubuntu kernel: [    3.119578] Detected VIPT I-cache on CPU90
Jun  8 13:53:53 ubuntu kernel: [    3.119615] GICv3: CPU90: found redistributor 3c0200 region 90:0x00002000aa580000
Jun  8 13:53:53 ubuntu kernel: [    3.119638] GICv3: CPU90: using allocated LPI pending table @0x00000027fee50000
Jun  8 13:53:53 ubuntu kernel: [    3.119697] CPU90: Booted secondary processor 0x00003c0200 [0x481fd010]
Jun  8 13:53:53 ubuntu kernel: [    3.159680] Detected VIPT I-cache on CPU91
Jun  8 13:53:53 ubuntu kernel: [    3.159717] GICv3: CPU91: found redistributor 3c0300 region 91:0x00002000aa5c0000
Jun  8 13:53:53 ubuntu kernel: [    3.159740] GICv3: CPU91: using allocated LPI pending table @0x00000027fee60000
Jun  8 13:53:53 ubuntu kernel: [    3.159798] CPU91: Booted secondary processor 0x00003c0300 [0x481fd010]
Jun  8 13:53:53 ubuntu kernel: [    3.199958] Detected VIPT I-cache on CPU92
Jun  8 13:53:53 ubuntu kernel: [    3.199997] GICv3: CPU92: found redistributor 3d0000 region 92:0x00002000aa600000
Jun  8 13:53:53 ubuntu kernel: [    3.200035] GICv3: CPU92: using allocated LPI pending table @0x00000027fee70000
Jun  8 13:53:53 ubuntu kernel: [    3.200097] CPU92: Booted secondary processor 0x00003d0000 [0x481fd010]
Jun  8 13:53:53 ubuntu kernel: [    3.240230] Detected VIPT I-cache on CPU93
Jun  8 13:53:53 ubuntu kernel: [    3.240268] GICv3: CPU93: found redistributor 3d0100 region 93:0x00002000aa640000
Jun  8 13:53:53 ubuntu kernel: [    3.240293] GICv3: CPU93: using allocated LPI pending table @0x00000027fee80000
Jun  8 13:53:53 ubuntu kernel: [    3.240351] CPU93: Booted secondary processor 0x00003d0100 [0x481fd010]
Jun  8 13:53:53 ubuntu kernel: [    3.280505] Detected VIPT I-cache on CPU94
Jun  8 13:53:53 ubuntu kernel: [    3.280543] GICv3: CPU94: found redistributor 3d0200 region 94:0x00002000aa680000
Jun  8 13:53:53 ubuntu kernel: [    3.280567] GICv3: CPU94: using allocated LPI pending table @0x00000027fee90000
Jun  8 13:53:53 ubuntu kernel: [    3.280626] CPU94: Booted secondary processor 0x00003d0200 [0x481fd010]
Jun  8 13:53:53 ubuntu kernel: [    3.320781] Detected VIPT I-cache on CPU95
Jun  8 13:53:53 ubuntu kernel: [    3.320818] GICv3: CPU95: found redistributor 3d0300 region 95:0x00002000aa6c0000
Jun  8 13:53:53 ubuntu kernel: [    3.320841] GICv3: CPU95: using allocated LPI pending table @0x00000027feea0000
Jun  8 13:53:53 ubuntu kernel: [    3.320900] CPU95: Booted secondary processor 0x00003d0300 [0x481fd010]
Jun  8 13:53:53 ubuntu kernel: [    3.321753] smp: Brought up 4 nodes, 96 CPUs
Jun  8 13:53:53 ubuntu kernel: [    3.322316] SMP: Total of 96 processors activated.
Jun  8 13:53:53 ubuntu kernel: [    3.322319] CPU features: detected: Privileged Access Never
Jun  8 13:53:53 ubuntu kernel: [    3.322321] CPU features: detected: LSE atomic instructions
Jun  8 13:53:53 ubuntu kernel: [    3.322323] CPU features: detected: User Access Override
Jun  8 13:53:53 ubuntu kernel: [    3.322325] CPU features: detected: Common not Private translations
Jun  8 13:53:53 ubuntu kernel: [    3.322327] CPU features: detected: Data cache clean to Point of Persistence
Jun  8 13:53:53 ubuntu kernel: [    3.322329] CPU features: detected: RAS Extension Support
Jun  8 13:53:53 ubuntu kernel: [    3.322331] CPU features: detected: CRC32 instructions
Jun  8 13:53:53 ubuntu kernel: [    3.386545] CPU: All CPU(s) started at EL2
Jun  8 13:53:53 ubuntu kernel: [    3.402813] devtmpfs: initialized
Jun  8 13:53:53 ubuntu kernel: [    3.405578] Registered cp15_barrier emulation handler
Jun  8 13:53:53 ubuntu kernel: [    3.405617] Registered setend emulation handler
Jun  8 13:53:53 ubuntu kernel: [    3.405621] KASLR disabled due to lack of seed
Jun  8 13:53:53 ubuntu kernel: [    3.406047] clocksource: jiffies: mask: 0xffffffff max_cycles: 0xffffffff, max_idle_ns: 7645041785100000 ns
Jun  8 13:53:53 ubuntu kernel: [    3.406454] futex hash table entries: 32768 (order: 9, 2097152 bytes, vmalloc)
Jun  8 13:53:53 ubuntu kernel: [    3.407277] pinctrl core: initialized pinctrl subsystem
Jun  8 13:53:53 ubuntu kernel: [    3.407454] thermal_sys: Registered thermal governor 'fair_share'
Jun  8 13:53:53 ubuntu kernel: [    3.407456] thermal_sys: Registered thermal governor 'bang_bang'
Jun  8 13:53:53 ubuntu kernel: [    3.407459] thermal_sys: Registered thermal governor 'step_wise'
Jun  8 13:53:53 ubuntu kernel: [    3.407461] thermal_sys: Registered thermal governor 'user_space'
Jun  8 13:53:53 ubuntu kernel: [    3.407570] SMBIOS 3.1.1 present.
Jun  8 13:53:53 ubuntu kernel: [    3.407576] DMI: Huawei TaiShan 200 (Model 2280)/BC82AMDDA, BIOS 1.06 10/29/2019
Jun  8 13:53:53 ubuntu kernel: [    3.407986] NET: Registered protocol family 16
Jun  8 13:53:53 ubuntu kernel: [    3.409174] DMA: preallocated 256 KiB pool for atomic allocations
Jun  8 13:53:53 ubuntu kernel: [    3.409180] audit: initializing netlink subsys (disabled)
Jun  8 13:53:53 ubuntu kernel: [    3.409224] audit: type=2000 audit(0.488:1): state=initialized audit_enabled=0 res=1
Jun  8 13:53:53 ubuntu kernel: [    3.409487] cpuidle: using governor ladder
Jun  8 13:53:53 ubuntu kernel: [    3.409556] cpuidle: using governor menu
Jun  8 13:53:53 ubuntu kernel: [    3.409566] Detected 1 PCC Subspaces
Jun  8 13:53:53 ubuntu kernel: [    3.409593] Registering PCC driver as Mailbox controller
Jun  8 13:53:53 ubuntu kernel: [    3.409671] hw-breakpoint: found 6 breakpoint and 4 watchpoint registers.
Jun  8 13:53:53 ubuntu kernel: [    3.410582] ASID allocator initialised with 65536 entries
Jun  8 13:53:53 ubuntu kernel: [    3.410730] ACPI: bus type PCI registered
Jun  8 13:53:53 ubuntu kernel: [    3.410734] acpiphp: ACPI Hot Plug PCI Controller Driver version: 0.5
Jun  8 13:53:53 ubuntu kernel: [    3.410904] Serial: AMBA PL011 UART driver
Jun  8 13:53:53 ubuntu kernel: [    3.418080] HugeTLB registered 1.00 GiB page size, pre-allocated 0 pages
Jun  8 13:53:53 ubuntu kernel: [    3.418084] HugeTLB registered 32.0 MiB page size, pre-allocated 0 pages
Jun  8 13:53:53 ubuntu kernel: [    3.418087] HugeTLB registered 2.00 MiB page size, pre-allocated 0 pages
Jun  8 13:53:53 ubuntu kernel: [    3.418089] HugeTLB registered 64.0 KiB page size, pre-allocated 0 pages
Jun  8 13:53:53 ubuntu kernel: [    3.421742] fbcon: Taking over console
Jun  8 13:53:53 ubuntu kernel: [    3.422157] ACPI: Added _OSI(Module Device)
Jun  8 13:53:53 ubuntu kernel: [    3.422159] ACPI: Added _OSI(Processor Device)
Jun  8 13:53:53 ubuntu kernel: [    3.422162] ACPI: Added _OSI(3.0 _SCP Extensions)
Jun  8 13:53:53 ubuntu kernel: [    3.422164] ACPI: Added _OSI(Processor Aggregator Device)
Jun  8 13:53:53 ubuntu kernel: [    3.422166] ACPI: Added _OSI(Linux-Dell-Video)
Jun  8 13:53:53 ubuntu kernel: [    3.422178] ACPI: Added _OSI(Linux-Lenovo-NV-HDMI-Audio)
Jun  8 13:53:53 ubuntu kernel: [    3.422180] ACPI: Added _OSI(Linux-HPI-Hybrid-Graphics)
Jun  8 13:53:53 ubuntu kernel: [    3.431608] ACPI: 2 ACPI AML tables successfully acquired and loaded
Jun  8 13:53:53 ubuntu kernel: [    3.435189] ACPI: Interpreter enabled
Jun  8 13:53:53 ubuntu kernel: [    3.435193] ACPI: Using GIC for interrupt routing
Jun  8 13:53:53 ubuntu kernel: [    3.435207] ACPI: MCFG table detected, 1 entries
Jun  8 13:53:53 ubuntu kernel: [    3.435210] ACPI: IORT: [Firmware Bug]: ID count for ID mapping entry is wrong, applying workaround
Jun  8 13:53:53 ubuntu kernel: [    3.435215] ACPI: IORT: SMMU-v3[148000000] Mapped to Proximity domain 0
Jun  8 13:53:53 ubuntu kernel: [    3.435271] ACPI: IORT: SMMU-v3[201000000] Mapped to Proximity domain 0
Jun  8 13:53:53 ubuntu kernel: [    3.435295] ACPI: IORT: SMMU-v3[100000000] Mapped to Proximity domain 0
Jun  8 13:53:53 ubuntu kernel: [    3.435321] ACPI: IORT: SMMU-v3[140000000] Mapped to Proximity domain 0
Jun  8 13:53:53 ubuntu kernel: [    3.435344] ACPI: IORT: SMMU-v3[200148000000] Mapped to Proximity domain 2
Jun  8 13:53:53 ubuntu kernel: [    3.435369] ACPI: IORT: SMMU-v3[200201000000] Mapped to Proximity domain 2
Jun  8 13:53:53 ubuntu kernel: [    3.435392] ACPI: IORT: SMMU-v3[200100000000] Mapped to Proximity domain 2
Jun  8 13:53:53 ubuntu kernel: [    3.435415] ACPI: IORT: SMMU-v3[200140000000] Mapped to Proximity domain 2
Jun  8 13:53:53 ubuntu kernel: [    3.436054] HEST: Table parsing has been initialized.
Jun  8 13:53:53 ubuntu kernel: [    3.464708] ACPI: PCI Root Bridge [PCI0] (domain 0000 [bus 00-3f])
Jun  8 13:53:53 ubuntu kernel: [    3.464717] acpi PNP0A08:00: _OSC: OS supports [ExtendedConfig ASPM ClockPM Segments MSI HPX-Type3]
Jun  8 13:53:53 ubuntu kernel: [    3.464821] acpi PNP0A08:00: _OSC: platform does not support [SHPCHotplug LTR]
Jun  8 13:53:53 ubuntu kernel: [    3.464911] acpi PNP0A08:00: _OSC: OS now controls [PCIeHotplug PME AER PCIeCapability]
Jun  8 13:53:53 ubuntu kernel: [    3.465518] acpi PNP0A08:00: ECAM area [mem 0xd0000000-0xd3ffffff] reserved by PNP0C02:00
Jun  8 13:53:53 ubuntu kernel: [    3.465531] acpi PNP0A08:00: ECAM at [mem 0xd0000000-0xd3ffffff] for [bus 00-3f]
Jun  8 13:53:53 ubuntu kernel: [    3.465555] Remapped I/O 0x00000000f7ff0000 to [io  0x0000-0xffff window]
Jun  8 13:53:53 ubuntu kernel: [    3.465622] PCI host bridge to bus 0000:00
Jun  8 13:53:53 ubuntu kernel: [    3.465626] pci_bus 0000:00: root bus resource [mem 0x80000000000-0x82fffffffff pref window]
Jun  8 13:53:53 ubuntu kernel: [    3.465629] pci_bus 0000:00: root bus resource [mem 0xe0000000-0xf7feffff window]
Jun  8 13:53:53 ubuntu kernel: [    3.465632] pci_bus 0000:00: root bus resource [io  0x0000-0xffff window]
Jun  8 13:53:53 ubuntu kernel: [    3.465635] pci_bus 0000:00: root bus resource [bus 00-3f]
Jun  8 13:53:53 ubuntu kernel: [    3.465668] pci 0000:00:00.0: [19e5:a120] type 01 class 0x060400
Jun  8 13:53:53 ubuntu kernel: [    3.465736] pci 0000:00:00.0: PME# supported from D0 D1 D2 D3hot D3cold
Jun  8 13:53:53 ubuntu kernel: [    3.465812] pci 0000:00:04.0: [19e5:a120] type 01 class 0x060400
Jun  8 13:53:53 ubuntu kernel: [    3.465869] pci 0000:00:04.0: PME# supported from D0 D1 D2 D3hot D3cold
Jun  8 13:53:53 ubuntu kernel: [    3.465934] pci 0000:00:08.0: [19e5:a120] type 01 class 0x060400
Jun  8 13:53:53 ubuntu kernel: [    3.465987] pci 0000:00:08.0: PME# supported from D0 D1 D2 D3hot D3cold
Jun  8 13:53:53 ubuntu kernel: [    3.466047] pci 0000:00:0c.0: [19e5:a120] type 01 class 0x060400
Jun  8 13:53:53 ubuntu kernel: [    3.466103] pci 0000:00:0c.0: PME# supported from D0 D1 D2 D3hot D3cold
Jun  8 13:53:53 ubuntu kernel: [    3.466164] pci 0000:00:10.0: [19e5:a120] type 01 class 0x060400
Jun  8 13:53:53 ubuntu kernel: [    3.466219] pci 0000:00:10.0: PME# supported from D0 D1 D2 D3hot D3cold
Jun  8 13:53:53 ubuntu kernel: [    3.466280] pci 0000:00:11.0: [19e5:a120] type 01 class 0x060400
Jun  8 13:53:53 ubuntu kernel: [    3.466334] pci 0000:00:11.0: PME# supported from D0 D1 D2 D3hot D3cold
Jun  8 13:53:53 ubuntu kernel: [    3.466393] pci 0000:00:12.0: [19e5:a120] type 01 class 0x060400
Jun  8 13:53:53 ubuntu kernel: [    3.466447] pci 0000:00:12.0: PME# supported from D0 D1 D2 D3hot D3cold
Jun  8 13:53:53 ubuntu kernel: [    3.466571] pci 0000:03:00.0: [1000:0016] type 00 class 0x010400
Jun  8 13:53:53 ubuntu kernel: [    3.466592] pci 0000:03:00.0: reg 0x10: [mem 0x80000100000-0x800001fffff 64bit pref]
Jun  8 13:53:53 ubuntu kernel: [    3.466602] pci 0000:03:00.0: reg 0x18: [mem 0x80000000000-0x800000fffff 64bit pref]
Jun  8 13:53:53 ubuntu kernel: [    3.466610] pci 0000:03:00.0: reg 0x20: [mem 0xe6400000-0xe64fffff]
Jun  8 13:53:53 ubuntu kernel: [    3.466617] pci 0000:03:00.0: reg 0x24: [io  0x0000-0x00ff]
Jun  8 13:53:53 ubuntu kernel: [    3.466624] pci 0000:03:00.0: reg 0x30: [mem 0xe6300000-0xe63fffff pref]
Jun  8 13:53:53 ubuntu kernel: [    3.466694] pci 0000:03:00.0: supports D1 D2
Jun  8 13:53:53 ubuntu kernel: [    3.466826] pci 0000:05:00.0: [19e5:1710] type 00 class 0x118000
Jun  8 13:53:53 ubuntu kernel: [    3.466851] pci 0000:05:00.0: reg 0x10: [mem 0xe0000000-0xe3ffffff pref]
Jun  8 13:53:53 ubuntu kernel: [    3.466861] pci 0000:05:00.0: reg 0x14: [mem 0xe6200000-0xe62fffff]
Jun  8 13:53:53 ubuntu kernel: [    3.467013] pci 0000:05:00.0: supports D1
Jun  8 13:53:53 ubuntu kernel: [    3.467016] pci 0000:05:00.0: PME# supported from D0 D1 D3hot
Jun  8 13:53:53 ubuntu kernel: [    3.467142] pci 0000:06:00.0: [19e5:1711] type 00 class 0x030000
Jun  8 13:53:53 ubuntu kernel: [    3.467173] pci 0000:06:00.0: reg 0x10: [mem 0xe4000000-0xe5ffffff pref]
Jun  8 13:53:53 ubuntu kernel: [    3.467186] pci 0000:06:00.0: reg 0x14: [mem 0xe6000000-0xe61fffff]
Jun  8 13:53:53 ubuntu kernel: [    3.467311] pci 0000:06:00.0: BAR 0: assigned to efifb
Jun  8 13:53:53 ubuntu kernel: [    3.467371] pci 0000:06:00.0: supports D1
Jun  8 13:53:53 ubuntu kernel: [    3.467373] pci 0000:06:00.0: PME# supported from D0 D1 D3hot
Jun  8 13:53:53 ubuntu kernel: [    3.467498] pci_bus 0000:00: on NUMA node 0
Jun  8 13:53:53 ubuntu kernel: [    3.467500] pci 0000:00:00.0: PCI bridge to [bus 01]
Jun  8 13:53:53 ubuntu kernel: [    3.467504] pci 0000:00:04.0: PCI bridge to [bus 02]
Jun  8 13:53:53 ubuntu kernel: [    3.467509] pci 0000:00:08.0: PCI bridge to [bus 03]
Jun  8 13:53:53 ubuntu kernel: [    3.467512] pci 0000:00:08.0:   bridge window [io  0x0000-0x0fff]
Jun  8 13:53:53 ubuntu kernel: [    3.467515] pci 0000:00:08.0:   bridge window [mem 0xe6300000-0xe64fffff]
Jun  8 13:53:53 ubuntu kernel: [    3.467519] pci 0000:00:08.0:   bridge window [mem 0x80000000000-0x800001fffff 64bit pref]
Jun  8 13:53:53 ubuntu kernel: [    3.467522] pci 0000:00:0c.0: PCI bridge to [bus 04]
Jun  8 13:53:53 ubuntu kernel: [    3.467527] pci 0000:00:10.0: PCI bridge to [bus 05]
Jun  8 13:53:53 ubuntu kernel: [    3.467530] pci 0000:00:10.0:   bridge window [mem 0xe6200000-0xe62fffff]
Jun  8 13:53:53 ubuntu kernel: [    3.467534] pci 0000:00:10.0:   bridge window [mem 0xe0000000-0xe3ffffff 64bit pref]
Jun  8 13:53:53 ubuntu kernel: [    3.467537] pci 0000:00:11.0: PCI bridge to [bus 06]
Jun  8 13:53:53 ubuntu kernel: [    3.467540] pci 0000:00:11.0:   bridge window [mem 0xe6000000-0xe61fffff]
Jun  8 13:53:53 ubuntu kernel: [    3.467544] pci 0000:00:11.0:   bridge window [mem 0xe4000000-0xe5ffffff 64bit pref]
Jun  8 13:53:53 ubuntu kernel: [    3.467547] pci 0000:00:12.0: PCI bridge to [bus 07]
Jun  8 13:53:53 ubuntu kernel: [    3.467557] pci 0000:00:00.0: PCI bridge to [bus 01]
Jun  8 13:53:53 ubuntu kernel: [    3.467562] pci 0000:00:04.0: PCI bridge to [bus 02]
Jun  8 13:53:53 ubuntu kernel: [    3.467567] pci 0000:00:08.0: PCI bridge to [bus 03]
Jun  8 13:53:53 ubuntu kernel: [    3.467570] pci 0000:00:08.0:   bridge window [io  0x0000-0x0fff]
Jun  8 13:53:53 ubuntu kernel: [    3.467573] pci 0000:00:08.0:   bridge window [mem 0xe6300000-0xe64fffff]
Jun  8 13:53:53 ubuntu kernel: [    3.467576] pci 0000:00:08.0:   bridge window [mem 0x80000000000-0x800001fffff 64bit pref]
Jun  8 13:53:53 ubuntu kernel: [    3.467580] pci 0000:00:0c.0: PCI bridge to [bus 04]
Jun  8 13:53:53 ubuntu kernel: [    3.467585] pci 0000:00:10.0: PCI bridge to [bus 05]
Jun  8 13:53:53 ubuntu kernel: [    3.467588] pci 0000:00:10.0:   bridge window [mem 0xe6200000-0xe62fffff]
Jun  8 13:53:53 ubuntu kernel: [    3.467592] pci 0000:00:10.0:   bridge window [mem 0xe0000000-0xe3ffffff 64bit pref]
Jun  8 13:53:53 ubuntu kernel: [    3.467595] pci 0000:00:11.0: PCI bridge to [bus 06]
Jun  8 13:53:53 ubuntu kernel: [    3.467599] pci 0000:00:11.0:   bridge window [mem 0xe6000000-0xe61fffff]
Jun  8 13:53:53 ubuntu kernel: [    3.467602] pci 0000:00:11.0:   bridge window [mem 0xe4000000-0xe5ffffff 64bit pref]
Jun  8 13:53:53 ubuntu kernel: [    3.467606] pci 0000:00:12.0: PCI bridge to [bus 07]
Jun  8 13:53:53 ubuntu kernel: [    3.467611] pci_bus 0000:00: resource 4 [mem 0x80000000000-0x82fffffffff pref window]
Jun  8 13:53:53 ubuntu kernel: [    3.467614] pci_bus 0000:00: resource 5 [mem 0xe0000000-0xf7feffff window]
Jun  8 13:53:53 ubuntu kernel: [    3.467617] pci_bus 0000:00: resource 6 [io  0x0000-0xffff window]
Jun  8 13:53:53 ubuntu kernel: [    3.467620] pci_bus 0000:03: resource 0 [io  0x0000-0x0fff]
Jun  8 13:53:53 ubuntu kernel: [    3.467622] pci_bus 0000:03: resource 1 [mem 0xe6300000-0xe64fffff]
Jun  8 13:53:53 ubuntu kernel: [    3.467625] pci_bus 0000:03: resource 2 [mem 0x80000000000-0x800001fffff 64bit pref]
Jun  8 13:53:53 ubuntu kernel: [    3.467628] pci_bus 0000:05: resource 1 [mem 0xe6200000-0xe62fffff]
Jun  8 13:53:53 ubuntu kernel: [    3.467631] pci_bus 0000:05: resource 2 [mem 0xe0000000-0xe3ffffff 64bit pref]
Jun  8 13:53:53 ubuntu kernel: [    3.467634] pci_bus 0000:06: resource 1 [mem 0xe6000000-0xe61fffff]
Jun  8 13:53:53 ubuntu kernel: [    3.467636] pci_bus 0000:06: resource 2 [mem 0xe4000000-0xe5ffffff 64bit pref]
Jun  8 13:53:53 ubuntu kernel: [    3.467688] ACPI: PCI Root Bridge [PCI1] (domain 0000 [bus 7b])
Jun  8 13:53:53 ubuntu kernel: [    3.467692] acpi PNP0A08:01: _OSC: OS supports [ExtendedConfig ASPM ClockPM Segments MSI HPX-Type3]
Jun  8 13:53:53 ubuntu kernel: [    3.467790] acpi PNP0A08:01: _OSC: platform does not support [PCIeHotplug SHPCHotplug PME AER LTR]
Jun  8 13:53:53 ubuntu kernel: [    3.467878] acpi PNP0A08:01: _OSC: OS now controls [PCIeCapability]
Jun  8 13:53:53 ubuntu kernel: [    3.468473] acpi PNP0A08:01: ECAM area [mem 0xd7b00000-0xd7bfffff] reserved by PNP0C02:00
Jun  8 13:53:53 ubuntu kernel: [    3.468490] acpi PNP0A08:01: ECAM at [mem 0xd7b00000-0xd7bfffff] for [bus 7b]
Jun  8 13:53:53 ubuntu kernel: [    3.468545] PCI host bridge to bus 0000:7b
Jun  8 13:53:53 ubuntu kernel: [    3.468548] pci_bus 0000:7b: root bus resource [mem 0x148800000-0x148ffffff pref window]
Jun  8 13:53:53 ubuntu kernel: [    3.468551] pci_bus 0000:7b: root bus resource [bus 7b]
Jun  8 13:53:53 ubuntu kernel: [    3.468559] pci 0000:7b:00.0: [19e5:a122] type 00 class 0x088000
Jun  8 13:53:53 ubuntu kernel: [    3.468567] pci 0000:7b:00.0: reg 0x18: [mem 0x00000000-0x00003fff 64bit pref]
Jun  8 13:53:53 ubuntu kernel: [    3.468626] pci_bus 0000:7b: on NUMA node 0
Jun  8 13:53:53 ubuntu kernel: [    3.468630] pci 0000:7b:00.0: BAR 2: assigned [mem 0x148800000-0x148803fff 64bit pref]
Jun  8 13:53:53 ubuntu kernel: [    3.468636] pci_bus 0000:7b: resource 4 [mem 0x148800000-0x148ffffff pref window]
Jun  8 13:53:53 ubuntu kernel: [    3.468679] ACPI: PCI Root Bridge [PCI2] (domain 0000 [bus 7a])
Jun  8 13:53:53 ubuntu kernel: [    3.468684] acpi PNP0A08:02: _OSC: OS supports [ExtendedConfig ASPM ClockPM Segments MSI HPX-Type3]
Jun  8 13:53:53 ubuntu kernel: [    3.468780] acpi PNP0A08:02: _OSC: platform does not support [PCIeHotplug SHPCHotplug PME AER LTR]
Jun  8 13:53:53 ubuntu kernel: [    3.468869] acpi PNP0A08:02: _OSC: OS now controls [PCIeCapability]
Jun  8 13:53:53 ubuntu kernel: [    3.469452] acpi PNP0A08:02: ECAM area [mem 0xd7a00000-0xd7afffff] reserved by PNP0C02:00
Jun  8 13:53:53 ubuntu kernel: [    3.469467] acpi PNP0A08:02: ECAM at [mem 0xd7a00000-0xd7afffff] for [bus 7a]
Jun  8 13:53:53 ubuntu kernel: [    3.469527] PCI host bridge to bus 0000:7a
Jun  8 13:53:53 ubuntu kernel: [    3.469531] pci_bus 0000:7a: root bus resource [mem 0x20c000000-0x20c1fffff pref window]
Jun  8 13:53:53 ubuntu kernel: [    3.469534] pci_bus 0000:7a: root bus resource [bus 7a]
Jun  8 13:53:53 ubuntu kernel: [    3.469542] pci 0000:7a:00.0: [19e5:a23b] type 00 class 0x0c0310
Jun  8 13:53:53 ubuntu kernel: [    3.469548] pci 0000:7a:00.0: reg 0x10: [mem 0x20c100000-0x20c100fff 64bit pref]
Jun  8 13:53:53 ubuntu kernel: [    3.469600] pci 0000:7a:01.0: [19e5:a239] type 00 class 0x0c0320
Jun  8 13:53:53 ubuntu kernel: [    3.469607] pci 0000:7a:01.0: reg 0x10: [mem 0x20c101000-0x20c101fff 64bit pref]
Jun  8 13:53:53 ubuntu kernel: [    3.469660] pci 0000:7a:02.0: [19e5:a238] type 00 class 0x0c0330
Jun  8 13:53:53 ubuntu kernel: [    3.469666] pci 0000:7a:02.0: reg 0x10: [mem 0x20c000000-0x20c0fffff 64bit pref]
Jun  8 13:53:53 ubuntu kernel: [    3.469724] pci_bus 0000:7a: on NUMA node 0
Jun  8 13:53:53 ubuntu kernel: [    3.469728] pci 0000:7a:02.0: BAR 0: assigned [mem 0x20c000000-0x20c0fffff 64bit pref]
Jun  8 13:53:53 ubuntu kernel: [    3.469733] pci 0000:7a:00.0: BAR 0: assigned [mem 0x20c100000-0x20c100fff 64bit pref]
Jun  8 13:53:53 ubuntu kernel: [    3.469738] pci 0000:7a:01.0: BAR 0: assigned [mem 0x20c101000-0x20c101fff 64bit pref]
Jun  8 13:53:53 ubuntu kernel: [    3.469743] pci_bus 0000:7a: resource 4 [mem 0x20c000000-0x20c1fffff pref window]
Jun  8 13:53:53 ubuntu kernel: [    3.469786] ACPI: PCI Root Bridge [PCI3] (domain 0000 [bus 78-79])
Jun  8 13:53:53 ubuntu kernel: [    3.469790] acpi PNP0A08:03: _OSC: OS supports [ExtendedConfig ASPM ClockPM Segments MSI HPX-Type3]
Jun  8 13:53:53 ubuntu kernel: [    3.469886] acpi PNP0A08:03: _OSC: platform does not support [PCIeHotplug SHPCHotplug PME AER LTR]
Jun  8 13:53:53 ubuntu kernel: [    3.469974] acpi PNP0A08:03: _OSC: OS now controls [PCIeCapability]
Jun  8 13:53:53 ubuntu kernel: [    3.470559] acpi PNP0A08:03: ECAM area [mem 0xd7800000-0xd79fffff] reserved by PNP0C02:00
Jun  8 13:53:53 ubuntu kernel: [    3.470566] acpi PNP0A08:03: ECAM at [mem 0xd7800000-0xd79fffff] for [bus 78-79]
Jun  8 13:53:53 ubuntu kernel: [    3.470637] PCI host bridge to bus 0000:78
Jun  8 13:53:53 ubuntu kernel: [    3.470640] pci_bus 0000:78: root bus resource [mem 0x208000000-0x208bfffff pref window]
Jun  8 13:53:53 ubuntu kernel: [    3.470643] pci_bus 0000:78: root bus resource [bus 78-79]
Jun  8 13:53:53 ubuntu kernel: [    3.470655] pci_bus 0000:78: on NUMA node 0
Jun  8 13:53:53 ubuntu kernel: [    3.470658] pci_bus 0000:78: resource 4 [mem 0x208000000-0x208bfffff pref window]
Jun  8 13:53:53 ubuntu kernel: [    3.470705] ACPI: PCI Root Bridge [PCI4] (domain 0000 [bus 7c-7d])
Jun  8 13:53:53 ubuntu kernel: [    3.470710] acpi PNP0A08:04: _OSC: OS supports [ExtendedConfig ASPM ClockPM Segments MSI HPX-Type3]
Jun  8 13:53:53 ubuntu kernel: [    3.470804] acpi PNP0A08:04: _OSC: platform does not support [PCIeHotplug SHPCHotplug PME AER LTR]
Jun  8 13:53:53 ubuntu kernel: [    3.470891] acpi PNP0A08:04: _OSC: OS now controls [PCIeCapability]
Jun  8 13:53:53 ubuntu kernel: [    3.471471] acpi PNP0A08:04: ECAM area [mem 0xd7c00000-0xd7dfffff] reserved by PNP0C02:00
Jun  8 13:53:53 ubuntu kernel: [    3.471478] acpi PNP0A08:04: ECAM at [mem 0xd7c00000-0xd7dfffff] for [bus 7c-7d]
Jun  8 13:53:53 ubuntu kernel: [    3.471524] PCI host bridge to bus 0000:7c
Jun  8 13:53:53 ubuntu kernel: [    3.471527] pci_bus 0000:7c: root bus resource [mem 0x120000000-0x13fffffff pref window]
Jun  8 13:53:53 ubuntu kernel: [    3.471530] pci_bus 0000:7c: root bus resource [bus 7c-7d]
Jun  8 13:53:53 ubuntu kernel: [    3.471538] pci 0000:7c:00.0: [19e5:a121] type 01 class 0x060400
Jun  8 13:53:53 ubuntu kernel: [    3.471549] pci 0000:7c:00.0: enabling Extended Tags
Jun  8 13:53:53 ubuntu kernel: [    3.471617] pci 0000:7d:00.0: [19e5:a222] type 00 class 0x020000
Jun  8 13:53:53 ubuntu kernel: [    3.471624] pci 0000:7d:00.0: reg 0x10: [mem 0x1210f0000-0x1210fffff 64bit pref]
Jun  8 13:53:53 ubuntu kernel: [    3.471629] pci 0000:7d:00.0: reg 0x18: [mem 0x120f00000-0x120ffffff 64bit pref]
Jun  8 13:53:53 ubuntu kernel: [    3.471653] pci 0000:7d:00.0: reg 0x224: [mem 0x1210c0000-0x1210cffff 64bit pref]
Jun  8 13:53:53 ubuntu kernel: [    3.471657] pci 0000:7d:00.0: VF(n) BAR0 space: [mem 0x1210c0000-0x1210effff 64bit pref] (contains BAR0 for 3 VFs)
Jun  8 13:53:53 ubuntu kernel: [    3.471662] pci 0000:7d:00.0: reg 0x22c: [mem 0x120c00000-0x120cfffff 64bit pref]
Jun  8 13:53:53 ubuntu kernel: [    3.471665] pci 0000:7d:00.0: VF(n) BAR2 space: [mem 0x120c00000-0x120efffff 64bit pref] (contains BAR2 for 3 VFs)
Jun  8 13:53:53 ubuntu kernel: [    3.471709] pci 0000:7d:00.1: [19e5:a221] type 00 class 0x020000
Jun  8 13:53:53 ubuntu kernel: [    3.471716] pci 0000:7d:00.1: reg 0x10: [mem 0x1210b0000-0x1210bffff 64bit pref]
Jun  8 13:53:53 ubuntu kernel: [    3.471721] pci 0000:7d:00.1: reg 0x18: [mem 0x120b00000-0x120bfffff 64bit pref]
Jun  8 13:53:53 ubuntu kernel: [    3.471743] pci 0000:7d:00.1: reg 0x224: [mem 0x121080000-0x12108ffff 64bit pref]
Jun  8 13:53:53 ubuntu kernel: [    3.471747] pci 0000:7d:00.1: VF(n) BAR0 space: [mem 0x121080000-0x1210affff 64bit pref] (contains BAR0 for 3 VFs)
Jun  8 13:53:53 ubuntu kernel: [    3.471752] pci 0000:7d:00.1: reg 0x22c: [mem 0x120800000-0x1208fffff 64bit pref]
Jun  8 13:53:53 ubuntu kernel: [    3.471756] pci 0000:7d:00.1: VF(n) BAR2 space: [mem 0x120800000-0x120afffff 64bit pref] (contains BAR2 for 3 VFs)
Jun  8 13:53:53 ubuntu kernel: [    3.471798] pci 0000:7d:00.2: [19e5:a222] type 00 class 0x020000
Jun  8 13:53:53 ubuntu kernel: [    3.471805] pci 0000:7d:00.2: reg 0x10: [mem 0x121070000-0x12107ffff 64bit pref]
Jun  8 13:53:53 ubuntu kernel: [    3.471810] pci 0000:7d:00.2: reg 0x18: [mem 0x120700000-0x1207fffff 64bit pref]
Jun  8 13:53:53 ubuntu kernel: [    3.471831] pci 0000:7d:00.2: reg 0x224: [mem 0x121040000-0x12104ffff 64bit pref]
Jun  8 13:53:53 ubuntu kernel: [    3.471835] pci 0000:7d:00.2: VF(n) BAR0 space: [mem 0x121040000-0x12106ffff 64bit pref] (contains BAR0 for 3 VFs)
Jun  8 13:53:53 ubuntu kernel: [    3.471840] pci 0000:7d:00.2: reg 0x22c: [mem 0x120400000-0x1204fffff 64bit pref]
Jun  8 13:53:53 ubuntu kernel: [    3.471844] pci 0000:7d:00.2: VF(n) BAR2 space: [mem 0x120400000-0x1206fffff 64bit pref] (contains BAR2 for 3 VFs)
Jun  8 13:53:53 ubuntu kernel: [    3.471884] pci 0000:7d:00.3: [19e5:a221] type 00 class 0x020000
Jun  8 13:53:53 ubuntu kernel: [    3.471891] pci 0000:7d:00.3: reg 0x10: [mem 0x121030000-0x12103ffff 64bit pref]
Jun  8 13:53:53 ubuntu kernel: [    3.471896] pci 0000:7d:00.3: reg 0x18: [mem 0x120300000-0x1203fffff 64bit pref]
Jun  8 13:53:53 ubuntu kernel: [    3.471918] pci 0000:7d:00.3: reg 0x224: [mem 0x121000000-0x12100ffff 64bit pref]
Jun  8 13:53:53 ubuntu kernel: [    3.471921] pci 0000:7d:00.3: VF(n) BAR0 space: [mem 0x121000000-0x12102ffff 64bit pref] (contains BAR0 for 3 VFs)
Jun  8 13:53:53 ubuntu kernel: [    3.471927] pci 0000:7d:00.3: reg 0x22c: [mem 0x120000000-0x1200fffff 64bit pref]
Jun  8 13:53:53 ubuntu kernel: [    3.471930] pci 0000:7d:00.3: VF(n) BAR2 space: [mem 0x120000000-0x1202fffff 64bit pref] (contains BAR2 for 3 VFs)
Jun  8 13:53:53 ubuntu kernel: [    3.471983] pci_bus 0000:7c: on NUMA node 0
Jun  8 13:53:53 ubuntu kernel: [    3.471989] pci 0000:7c:00.0: bridge window [mem 0x00100000-0x005fffff 64bit pref] to [bus 7d] add_size c00000 add_align 100000
Jun  8 13:53:53 ubuntu kernel: [    3.471994] pci 0000:7c:00.0: BAR 15: assigned [mem 0x120000000-0x1210fffff 64bit pref]
Jun  8 13:53:53 ubuntu kernel: [    3.472002] pci 0000:7d:00.0: BAR 2: assigned [mem 0x120000000-0x1200fffff 64bit pref]
Jun  8 13:53:53 ubuntu kernel: [    3.472007] pci 0000:7d:00.0: BAR 9: assigned [mem 0x120100000-0x1203fffff 64bit pref]
Jun  8 13:53:53 ubuntu kernel: [    3.472011] pci 0000:7d:00.1: BAR 2: assigned [mem 0x120400000-0x1204fffff 64bit pref]
Jun  8 13:53:53 ubuntu kernel: [    3.472015] pci 0000:7d:00.1: BAR 9: assigned [mem 0x120500000-0x1207fffff 64bit pref]
Jun  8 13:53:53 ubuntu kernel: [    3.472019] pci 0000:7d:00.2: BAR 2: assigned [mem 0x120800000-0x1208fffff 64bit pref]
Jun  8 13:53:53 ubuntu kernel: [    3.472024] pci 0000:7d:00.2: BAR 9: assigned [mem 0x120900000-0x120bfffff 64bit pref]
Jun  8 13:53:53 ubuntu kernel: [    3.472028] pci 0000:7d:00.3: BAR 2: assigned [mem 0x120c00000-0x120cfffff 64bit pref]
Jun  8 13:53:53 ubuntu kernel: [    3.472032] pci 0000:7d:00.3: BAR 9: assigned [mem 0x120d00000-0x120ffffff 64bit pref]
Jun  8 13:53:53 ubuntu kernel: [    3.472036] pci 0000:7d:00.0: BAR 0: assigned [mem 0x121000000-0x12100ffff 64bit pref]
Jun  8 13:53:53 ubuntu kernel: [    3.472040] pci 0000:7d:00.0: BAR 7: assigned [mem 0x121010000-0x12103ffff 64bit pref]
Jun  8 13:53:53 ubuntu kernel: [    3.472044] pci 0000:7d:00.1: BAR 0: assigned [mem 0x121040000-0x12104ffff 64bit pref]
Jun  8 13:53:53 ubuntu kernel: [    3.472049] pci 0000:7d:00.1: BAR 7: assigned [mem 0x121050000-0x12107ffff 64bit pref]
Jun  8 13:53:53 ubuntu kernel: [    3.472053] pci 0000:7d:00.2: BAR 0: assigned [mem 0x121080000-0x12108ffff 64bit pref]
Jun  8 13:53:53 ubuntu kernel: [    3.472057] pci 0000:7d:00.2: BAR 7: assigned [mem 0x121090000-0x1210bffff 64bit pref]
Jun  8 13:53:53 ubuntu kernel: [    3.472061] pci 0000:7d:00.3: BAR 0: assigned [mem 0x1210c0000-0x1210cffff 64bit pref]
Jun  8 13:53:53 ubuntu kernel: [    3.472066] pci 0000:7d:00.3: BAR 7: assigned [mem 0x1210d0000-0x1210fffff 64bit pref]
Jun  8 13:53:53 ubuntu kernel: [    3.472072] pci 0000:7c:00.0: PCI bridge to [bus 7d]
Jun  8 13:53:53 ubuntu kernel: [    3.472075] pci 0000:7c:00.0:   bridge window [mem 0x120000000-0x1210fffff 64bit pref]
Jun  8 13:53:53 ubuntu kernel: [    3.472080] pci_bus 0000:7c: resource 4 [mem 0x120000000-0x13fffffff pref window]
Jun  8 13:53:53 ubuntu kernel: [    3.472083] pci_bus 0000:7d: resource 2 [mem 0x120000000-0x1210fffff 64bit pref]
Jun  8 13:53:53 ubuntu kernel: [    3.472124] ACPI: PCI Root Bridge [PCI5] (domain 0000 [bus 74-76])
Jun  8 13:53:53 ubuntu kernel: [    3.472129] acpi PNP0A08:05: _OSC: OS supports [ExtendedConfig ASPM ClockPM Segments MSI HPX-Type3]
Jun  8 13:53:53 ubuntu kernel: [    3.472226] acpi PNP0A08:05: _OSC: platform does not support [PCIeHotplug SHPCHotplug PME AER LTR]
Jun  8 13:53:53 ubuntu kernel: [    3.472314] acpi PNP0A08:05: _OSC: OS now controls [PCIeCapability]
Jun  8 13:53:53 ubuntu kernel: [    3.472901] acpi PNP0A08:05: ECAM area [mem 0xd7400000-0xd76fffff] reserved by PNP0C02:00
Jun  8 13:53:53 ubuntu kernel: [    3.472915] acpi PNP0A08:05: ECAM at [mem 0xd7400000-0xd76fffff] for [bus 74-76]
Jun  8 13:53:53 ubuntu kernel: [    3.473003] PCI host bridge to bus 0000:74
Jun  8 13:53:53 ubuntu kernel: [    3.473006] pci_bus 0000:74: root bus resource [mem 0x141000000-0x141ffffff pref window]
Jun  8 13:53:53 ubuntu kernel: [    3.473010] pci_bus 0000:74: root bus resource [mem 0x144000000-0x145ffffff pref window]
Jun  8 13:53:53 ubuntu kernel: [    3.473013] pci_bus 0000:74: root bus resource [mem 0xa2000000-0xa2ffffff window]
Jun  8 13:53:53 ubuntu kernel: [    3.473016] pci_bus 0000:74: root bus resource [bus 74-76]
Jun  8 13:53:53 ubuntu kernel: [    3.473024] pci 0000:74:01.0: [19e5:a121] type 01 class 0x060400
Jun  8 13:53:53 ubuntu kernel: [    3.473034] pci 0000:74:01.0: enabling Extended Tags
Jun  8 13:53:53 ubuntu kernel: [    3.473096] pci 0000:74:02.0: [19e5:a230] type 00 class 0x010700
Jun  8 13:53:53 ubuntu kernel: [    3.473106] pci 0000:74:02.0: reg 0x24: [mem 0xa2008000-0xa200ffff]
Jun  8 13:53:53 ubuntu kernel: [    3.473176] pci 0000:74:03.0: [19e5:a235] type 00 class 0x010601
Jun  8 13:53:53 ubuntu kernel: [    3.473189] pci 0000:74:03.0: reg 0x24: [mem 0xa2010000-0xa2010fff]
Jun  8 13:53:53 ubuntu kernel: [    3.473234] pci 0000:74:04.0: [19e5:a230] type 00 class 0x010700
Jun  8 13:53:53 ubuntu kernel: [    3.473244] pci 0000:74:04.0: reg 0x24: [mem 0xa2000000-0xa2007fff]
Jun  8 13:53:53 ubuntu kernel: [    3.473342] pci 0000:75:00.0: [19e5:a255] type 00 class 0x100000
Jun  8 13:53:53 ubuntu kernel: [    3.473351] pci 0000:75:00.0: reg 0x18: [mem 0x144000000-0x1443fffff 64bit pref]
Jun  8 13:53:53 ubuntu kernel: [    3.473376] pci 0000:75:00.0: reg 0x22c: [mem 0x144400000-0x14440ffff 64bit pref]
Jun  8 13:53:53 ubuntu kernel: [    3.473380] pci 0000:75:00.0: VF(n) BAR2 space: [mem 0x144400000-0x1447effff 64bit pref] (contains BAR2 for 63 VFs)
Jun  8 13:53:53 ubuntu kernel: [    3.473482] pci_bus 0000:74: on NUMA node 0
Jun  8 13:53:53 ubuntu kernel: [    3.473486] pci 0000:74:01.0: bridge window [mem 0x00400000-0x007fffff 64bit pref] to [bus 75] add_size 400000 add_align 400000
Jun  8 13:53:53 ubuntu kernel: [    3.473493] pci 0000:74:01.0: BAR 15: assigned [mem 0x141000000-0x1417fffff 64bit pref]
Jun  8 13:53:53 ubuntu kernel: [    3.473496] pci 0000:74:02.0: BAR 5: assigned [mem 0xa2000000-0xa2007fff]
Jun  8 13:53:53 ubuntu kernel: [    3.473499] pci 0000:74:04.0: BAR 5: assigned [mem 0xa2008000-0xa200ffff]
Jun  8 13:53:53 ubuntu kernel: [    3.473503] pci 0000:74:03.0: BAR 5: assigned [mem 0xa2010000-0xa2010fff]
Jun  8 13:53:53 ubuntu kernel: [    3.473507] pci 0000:75:00.0: BAR 2: assigned [mem 0x141000000-0x1413fffff 64bit pref]
Jun  8 13:53:53 ubuntu kernel: [    3.473511] pci 0000:75:00.0: BAR 9: assigned [mem 0x141400000-0x1417effff 64bit pref]
Jun  8 13:53:53 ubuntu kernel: [    3.473515] pci 0000:74:01.0: PCI bridge to [bus 75]
Jun  8 13:53:53 ubuntu kernel: [    3.473519] pci 0000:74:01.0:   bridge window [mem 0x141000000-0x1417fffff 64bit pref]
Jun  8 13:53:53 ubuntu kernel: [    3.473524] pci_bus 0000:74: resource 4 [mem 0x141000000-0x141ffffff pref window]
Jun  8 13:53:53 ubuntu kernel: [    3.473526] pci_bus 0000:74: resource 5 [mem 0x144000000-0x145ffffff pref window]
Jun  8 13:53:53 ubuntu kernel: [    3.473529] pci_bus 0000:74: resource 6 [mem 0xa2000000-0xa2ffffff window]
Jun  8 13:53:53 ubuntu kernel: [    3.473532] pci_bus 0000:75: resource 2 [mem 0x141000000-0x1417fffff 64bit pref]
Jun  8 13:53:53 ubuntu kernel: [    3.473599] ACPI: PCI Root Bridge [PCI6] (domain 0000 [bus 80-9f])
Jun  8 13:53:53 ubuntu kernel: [    3.473604] acpi PNP0A08:06: _OSC: OS supports [ExtendedConfig ASPM ClockPM Segments MSI HPX-Type3]
Jun  8 13:53:53 ubuntu kernel: [    3.473700] acpi PNP0A08:06: _OSC: platform does not support [SHPCHotplug LTR]
Jun  8 13:53:53 ubuntu kernel: [    3.473788] acpi PNP0A08:06: _OSC: OS now controls [PCIeHotplug PME AER PCIeCapability]
