Apr 19 09:32:52 ubuntu kernel: [234767.699000] [mitosis] PTREPL: free pgd start 
Apr 19 09:32:52 ubuntu kernel: [234767.699010] [mitosis] pgtable_repl_pgd_free freed pgd=ffff202fc3320000 and mm->pgd=ffff202fc3320000.
Apr 19 09:32:52 ubuntu kernel: [234767.699014] [mitosis]------PTREPL: free pgd done------
Apr 19 18:44:06 ubuntu kernel: [    0.000000] Booting Linux on physical CPU 0x0000080000 [0x481fd010]
Apr 19 18:44:06 ubuntu kernel: [    0.000000] Linux version 5.7.1 (root@ubuntu) (gcc version 7.5.0 (Ubuntu/Linaro 7.5.0-3ubuntu1~18.04), GNU ld (GNU Binutils for Ubuntu) 2.30) #1 SMP Wed Mar 3 19:39:20 CST 2021
Apr 19 18:44:06 ubuntu kernel: [    0.000000] efi: EFI v2.70 by EDK II
Apr 19 18:44:06 ubuntu kernel: [    0.000000] efi:  ACPI 2.0=0x2fc50000  SMBIOS 3.0=0x2fbf0000  MEMATTR=0x35e93018  ESRT=0x36117b18  MEMRESERVE=0x2fb93018 
Apr 19 18:44:06 ubuntu kernel: [    0.000000] esrt: Reserving ESRT space from 0x0000000036117b18 to 0x0000000036117b50.
Apr 19 18:44:06 ubuntu kernel: [    0.000000] cma: Reserved 32 MiB at 0x000000007e000000
Apr 19 18:44:06 ubuntu kernel: [    0.000000] ACPI: Early table checksum verification disabled
Apr 19 18:44:06 ubuntu kernel: [    0.000000] ACPI: RSDP 0x000000002FC50000 000024 (v02 HISI  )
Apr 19 18:44:06 ubuntu kernel: [    0.000000] ACPI: XSDT 0x000000002FC40000 0000A4 (v01 HISI   HIP08    00000000      01000013)
Apr 19 18:44:06 ubuntu kernel: [    0.000000] ACPI: FACP 0x000000002F790000 000114 (v06 HISI   HIP08    00000000 HISI 20151124)
Apr 19 18:44:06 ubuntu kernel: [    0.000000] ACPI: DSDT 0x000000002F530000 00C441 (v02 HISI   HIP08    00000000 INTL 20181213)
Apr 19 18:44:06 ubuntu kernel: [    0.000000] ACPI: PCCT 0x000000002FC30000 00008A (v01 HISI   HIP08    00000000 HISI 20151124)
Apr 19 18:44:06 ubuntu kernel: [    0.000000] ACPI: SSDT 0x000000002FC20000 00E64A (v02 HISI   HIP07    00000000 INTL 20181213)
Apr 19 18:44:06 ubuntu kernel: [    0.000000] ACPI: BERT 0x000000002FBC0000 000030 (v01 HISI   HIP08    00000000 HISI 20151124)
Apr 19 18:44:06 ubuntu kernel: [    0.000000] ACPI: HEST 0x000000002FBA0000 00058C (v01 HISI   HIP08    00000000 HISI 20151124)
Apr 19 18:44:06 ubuntu kernel: [    0.000000] ACPI: ERST 0x000000002FB60000 000230 (v01 HISI   HIP08    00000000 HISI 20151124)
Apr 19 18:44:06 ubuntu kernel: [    0.000000] ACPI: EINJ 0x000000002FB50000 000170 (v01 HISI   HIP08    00000000 HISI 20151124)
Apr 19 18:44:06 ubuntu kernel: [    0.000000] ACPI: GTDT 0x000000002F590000 00007C (v02 HISI   HIP08    00000000 HISI 20151124)
Apr 19 18:44:06 ubuntu kernel: [    0.000000] ACPI: MCFG 0x000000002F580000 00003C (v01 HISI   HIP08    00000000 HISI 20151124)
Apr 19 18:44:06 ubuntu kernel: [    0.000000] ACPI: SLIT 0x000000002F570000 00003C (v01 HISI   HIP08    00000000 HISI 20151124)
Apr 19 18:44:06 ubuntu kernel: [    0.000000] ACPI: SRAT 0x000000002F560000 0007D0 (v03 HISI   HIP08    00000000 HISI 20151124)
Apr 19 18:44:06 ubuntu kernel: [    0.000000] ACPI: SDEI 0x000000002F550000 000030 (v01 HISI   HIP08    00000000 HISI 20151124)
Apr 19 18:44:06 ubuntu kernel: [    0.000000] ACPI: APIC 0x000000002F540000 001E6C (v04 HISI   HIP08    00000000 HISI 20151124)
Apr 19 18:44:06 ubuntu kernel: [    0.000000] ACPI: IORT 0x000000002F520000 001678 (v00 HISI   HIP08    00000000 INTL 20181213)
Apr 19 18:44:06 ubuntu kernel: [    0.000000] ACPI: PPTT 0x000000002ECE0000 0031B0 (v01 HISI   HIP08    00000000 HISI 20151124)
Apr 19 18:44:06 ubuntu kernel: [    0.000000] ACPI: SPMI 0x000000002ECD0000 000041 (v05 HISI   HIP08    00000000 HISI 20151124)
Apr 19 18:44:06 ubuntu kernel: [    0.000000] ACPI: SRAT: Node 0 PXM 0 [mem 0x2080000000-0x27ffffffff]
Apr 19 18:44:06 ubuntu kernel: [    0.000000] ACPI: SRAT: Node 1 PXM 1 [mem 0x2800000000-0x2fffffffff]
Apr 19 18:44:06 ubuntu kernel: [    0.000000] ACPI: SRAT: Node 0 PXM 0 [mem 0x00000000-0x7fffffff]
Apr 19 18:44:06 ubuntu kernel: [    0.000000] ACPI: SRAT: Node 2 PXM 2 [mem 0x202000000000-0x2027ffffffff]
Apr 19 18:44:06 ubuntu kernel: [    0.000000] ACPI: SRAT: Node 3 PXM 3 [mem 0x202800000000-0x202fffffffff]
Apr 19 18:44:06 ubuntu kernel: [    0.000000] NUMA: NODE_DATA [mem 0x27ffffc300-0x27ffffffff]
Apr 19 18:44:06 ubuntu kernel: [    0.000000] NUMA: NODE_DATA [mem 0x2fffffc300-0x2fffffffff]
Apr 19 18:44:06 ubuntu kernel: [    0.000000] NUMA: NODE_DATA [mem 0x2027ffffc300-0x2027ffffffff]
Apr 19 18:44:06 ubuntu kernel: [    0.000000] NUMA: NODE_DATA [mem 0x202ff0000300-0x202ff0003fff]
Apr 19 18:44:06 ubuntu kernel: [    0.000000] Zone ranges:
Apr 19 18:44:06 ubuntu kernel: [    0.000000]   DMA      [mem 0x0000000000000000-0x000000003fffffff]
Apr 19 18:44:06 ubuntu kernel: [    0.000000]   DMA32    [mem 0x0000000040000000-0x00000000ffffffff]
Apr 19 18:44:06 ubuntu kernel: [    0.000000]   Normal   [mem 0x0000000100000000-0x0000202fffffffff]
Apr 19 18:44:06 ubuntu kernel: [    0.000000] Movable zone start for each node
Apr 19 18:44:06 ubuntu kernel: [    0.000000] Early memory node ranges
Apr 19 18:44:06 ubuntu kernel: [    0.000000]   node   0: [mem 0x0000000000000000-0x000000000000ffff]
Apr 19 18:44:06 ubuntu kernel: [    0.000000]   node   0: [mem 0x0000000000010000-0x000000002e501fff]
Apr 19 18:44:06 ubuntu kernel: [    0.000000]   node   0: [mem 0x000000002e502000-0x000000002eccffff]
Apr 19 18:44:06 ubuntu kernel: [    0.000000]   node   0: [mem 0x000000002ecd0000-0x000000002f59ffff]
Apr 19 18:44:06 ubuntu kernel: [    0.000000]   node   0: [mem 0x000000002f5a0000-0x000000002f78ffff]
Apr 19 18:44:06 ubuntu kernel: [    0.000000]   node   0: [mem 0x000000002f790000-0x000000002f79ffff]
Apr 19 18:44:06 ubuntu kernel: [    0.000000]   node   0: [mem 0x000000002f7a0000-0x000000002f87ffff]
Apr 19 18:44:06 ubuntu kernel: [    0.000000]   node   0: [mem 0x000000002f880000-0x000000002f8bffff]
Apr 19 18:44:06 ubuntu kernel: [    0.000000]   node   0: [mem 0x000000002f8c0000-0x000000002f95ffff]
Apr 19 18:44:06 ubuntu kernel: [    0.000000]   node   0: [mem 0x000000002f960000-0x000000002f97ffff]
Apr 19 18:44:06 ubuntu kernel: [    0.000000]   node   0: [mem 0x000000002f980000-0x000000002fabffff]
Apr 19 18:44:06 ubuntu kernel: [    0.000000]   node   0: [mem 0x000000002fac0000-0x000000002fb6ffff]
Apr 19 18:44:06 ubuntu kernel: [    0.000000]   node   0: [mem 0x000000002fb70000-0x000000002fb71fff]
Apr 19 18:44:06 ubuntu kernel: [    0.000000]   node   0: [mem 0x000000002fb72000-0x000000002fb7ffff]
Apr 19 18:44:06 ubuntu kernel: [    0.000000]   node   0: [mem 0x000000002fb80000-0x000000002fb80fff]
Apr 19 18:44:06 ubuntu kernel: [    0.000000]   node   0: [mem 0x000000002fb81000-0x000000002fb8ffff]
Apr 19 18:44:06 ubuntu kernel: [    0.000000]   node   0: [mem 0x000000002fb90000-0x000000002fb91fff]
Apr 19 18:44:06 ubuntu kernel: [    0.000000]   node   0: [mem 0x000000002fb92000-0x000000002fbaffff]
Apr 19 18:44:06 ubuntu kernel: [    0.000000]   node   0: [mem 0x000000002fbb0000-0x000000002fbb1fff]
Apr 19 18:44:06 ubuntu kernel: [    0.000000]   node   0: [mem 0x000000002fbb2000-0x000000002fbcffff]
Apr 19 18:44:06 ubuntu kernel: [    0.000000]   node   0: [mem 0x000000002fbd0000-0x000000002fbd0fff]
Apr 19 18:44:06 ubuntu kernel: [    0.000000]   node   0: [mem 0x000000002fbd1000-0x000000002fbdffff]
Apr 19 18:44:06 ubuntu kernel: [    0.000000]   node   0: [mem 0x000000002fbe0000-0x000000002fbfffff]
Apr 19 18:44:06 ubuntu kernel: [    0.000000]   node   0: [mem 0x000000002fc00000-0x000000002fc5ffff]
Apr 19 18:44:06 ubuntu kernel: [    0.000000]   node   0: [mem 0x000000002fc60000-0x000000002fe5ffff]
Apr 19 18:44:06 ubuntu kernel: [    0.000000]   node   0: [mem 0x000000002fe60000-0x000000002fe60fff]
Apr 19 18:44:06 ubuntu kernel: [    0.000000]   node   0: [mem 0x000000002fe61000-0x000000002fe64fff]
Apr 19 18:44:06 ubuntu kernel: [    0.000000]   node   0: [mem 0x000000002fe65000-0x000000002fe6afff]
Apr 19 18:44:06 ubuntu kernel: [    0.000000]   node   0: [mem 0x000000002fe6b000-0x000000002fe6bfff]
Apr 19 18:44:06 ubuntu kernel: [    0.000000]   node   0: [mem 0x000000002fe6c000-0x000000003f02ffff]
Apr 19 18:44:06 ubuntu kernel: [    0.000000]   node   0: [mem 0x000000003f030000-0x000000003f05ffff]
Apr 19 18:44:06 ubuntu kernel: [    0.000000]   node   0: [mem 0x000000003f060000-0x000000003fbfffff]
Apr 19 18:44:06 ubuntu kernel: [    0.000000]   node   0: [mem 0x0000000040000000-0x0000000043ffffff]
Apr 19 18:44:06 ubuntu kernel: [    0.000000]   node   0: [mem 0x0000000044030000-0x000000004fffffff]
Apr 19 18:44:06 ubuntu kernel: [    0.000000]   node   0: [mem 0x0000000050000000-0x000000007fffffff]
Apr 19 18:44:06 ubuntu kernel: [    0.000000]   node   0: [mem 0x0000002080000000-0x00000027ffffffff]
Apr 19 18:44:06 ubuntu kernel: [    0.000000]   node   1: [mem 0x0000002800000000-0x0000002fffffffff]
Apr 19 18:44:06 ubuntu kernel: [    0.000000]   node   2: [mem 0x0000202000000000-0x00002027ffffffff]
Apr 19 18:44:06 ubuntu kernel: [    0.000000]   node   3: [mem 0x0000202800000000-0x0000202fffffffff]
Apr 19 18:44:06 ubuntu kernel: [    0.000000] Zeroed struct page in unavailable ranges: 814 pages
Apr 19 18:44:06 ubuntu kernel: [    0.000000] Initmem setup node 0 [mem 0x0000000000000000-0x00000027ffffffff]
Apr 19 18:44:06 ubuntu kernel: [    0.000000] On node 0 totalpages: 8387536
Apr 19 18:44:06 ubuntu kernel: [    0.000000]   DMA zone: 5120 pages used for memmap
Apr 19 18:44:06 ubuntu kernel: [    0.000000]   DMA zone: 0 pages reserved
Apr 19 18:44:06 ubuntu kernel: [    0.000000]   DMA zone: 261120 pages, LIFO batch:63
Apr 19 18:44:06 ubuntu kernel: [    0.000000]   DMA32 zone: 5120 pages used for memmap
Apr 19 18:44:06 ubuntu kernel: [    0.000000]   DMA32 zone: 262096 pages, LIFO batch:63
Apr 19 18:44:06 ubuntu kernel: [    0.000000]   Normal zone: 153600 pages used for memmap
Apr 19 18:44:06 ubuntu kernel: [    0.000000]   Normal zone: 7864320 pages, LIFO batch:63
Apr 19 18:44:06 ubuntu kernel: [    0.000000] Initmem setup node 1 [mem 0x0000002800000000-0x0000002fffffffff]
Apr 19 18:44:06 ubuntu kernel: [    0.000000] On node 1 totalpages: 8388608
Apr 19 18:44:06 ubuntu kernel: [    0.000000]   Normal zone: 163840 pages used for memmap
Apr 19 18:44:06 ubuntu kernel: [    0.000000]   Normal zone: 8388608 pages, LIFO batch:63
Apr 19 18:44:06 ubuntu kernel: [    0.000000] Initmem setup node 2 [mem 0x0000202000000000-0x00002027ffffffff]
Apr 19 18:44:06 ubuntu kernel: [    0.000000] On node 2 totalpages: 8388608
Apr 19 18:44:06 ubuntu kernel: [    0.000000]   Normal zone: 163840 pages used for memmap
Apr 19 18:44:06 ubuntu kernel: [    0.000000]   Normal zone: 8388608 pages, LIFO batch:63
Apr 19 18:44:06 ubuntu kernel: [    0.000000] Initmem setup node 3 [mem 0x0000202800000000-0x0000202fffffffff]
Apr 19 18:44:06 ubuntu kernel: [    0.000000] On node 3 totalpages: 8388608
Apr 19 18:44:06 ubuntu kernel: [    0.000000]   Normal zone: 163840 pages used for memmap
Apr 19 18:44:06 ubuntu kernel: [    0.000000]   Normal zone: 8388608 pages, LIFO batch:63
Apr 19 18:44:06 ubuntu kernel: [    0.000000] psci: probing for conduit method from ACPI.
Apr 19 18:44:06 ubuntu kernel: [    0.000000] psci: PSCIv1.1 detected in firmware.
Apr 19 18:44:06 ubuntu kernel: [    0.000000] psci: Using standard PSCI v0.2 function IDs
Apr 19 18:44:06 ubuntu kernel: [    0.000000] psci: MIGRATE_INFO_TYPE not supported.
Apr 19 18:44:06 ubuntu kernel: [    0.000000] psci: SMC Calling Convention v1.1
Apr 19 18:44:06 ubuntu kernel: [    0.000000] ACPI: NUMA: SRAT: PXM 0 -> MPIDR 0x80000 -> Node 0
Apr 19 18:44:06 ubuntu kernel: [    0.000000] ACPI: NUMA: SRAT: PXM 0 -> MPIDR 0x80100 -> Node 0
Apr 19 18:44:06 ubuntu kernel: [    0.000000] ACPI: NUMA: SRAT: PXM 0 -> MPIDR 0x80200 -> Node 0
Apr 19 18:44:06 ubuntu kernel: [    0.000000] ACPI: NUMA: SRAT: PXM 0 -> MPIDR 0x80300 -> Node 0
Apr 19 18:44:06 ubuntu kernel: [    0.000000] ACPI: NUMA: SRAT: PXM 0 -> MPIDR 0x90000 -> Node 0
Apr 19 18:44:06 ubuntu kernel: [    0.000000] ACPI: NUMA: SRAT: PXM 0 -> MPIDR 0x90100 -> Node 0
Apr 19 18:44:06 ubuntu kernel: [    0.000000] ACPI: NUMA: SRAT: PXM 0 -> MPIDR 0x90200 -> Node 0
Apr 19 18:44:06 ubuntu kernel: [    0.000000] ACPI: NUMA: SRAT: PXM 0 -> MPIDR 0x90300 -> Node 0
Apr 19 18:44:06 ubuntu kernel: [    0.000000] ACPI: NUMA: SRAT: PXM 0 -> MPIDR 0xa0000 -> Node 0
Apr 19 18:44:06 ubuntu kernel: [    0.000000] ACPI: NUMA: SRAT: PXM 0 -> MPIDR 0xa0100 -> Node 0
Apr 19 18:44:06 ubuntu kernel: [    0.000000] ACPI: NUMA: SRAT: PXM 0 -> MPIDR 0xa0200 -> Node 0
Apr 19 18:44:06 ubuntu kernel: [    0.000000] ACPI: NUMA: SRAT: PXM 0 -> MPIDR 0xa0300 -> Node 0
Apr 19 18:44:06 ubuntu kernel: [    0.000000] ACPI: NUMA: SRAT: PXM 0 -> MPIDR 0xb0000 -> Node 0
Apr 19 18:44:06 ubuntu kernel: [    0.000000] ACPI: NUMA: SRAT: PXM 0 -> MPIDR 0xb0100 -> Node 0
Apr 19 18:44:06 ubuntu kernel: [    0.000000] ACPI: NUMA: SRAT: PXM 0 -> MPIDR 0xb0200 -> Node 0
Apr 19 18:44:06 ubuntu kernel: [    0.000000] ACPI: NUMA: SRAT: PXM 0 -> MPIDR 0xb0300 -> Node 0
Apr 19 18:44:06 ubuntu kernel: [    0.000000] ACPI: NUMA: SRAT: PXM 0 -> MPIDR 0xc0000 -> Node 0
Apr 19 18:44:06 ubuntu kernel: [    0.000000] ACPI: NUMA: SRAT: PXM 0 -> MPIDR 0xc0100 -> Node 0
Apr 19 18:44:06 ubuntu kernel: [    0.000000] ACPI: NUMA: SRAT: PXM 0 -> MPIDR 0xc0200 -> Node 0
Apr 19 18:44:06 ubuntu kernel: [    0.000000] ACPI: NUMA: SRAT: PXM 0 -> MPIDR 0xc0300 -> Node 0
Apr 19 18:44:06 ubuntu kernel: [    0.000000] ACPI: NUMA: SRAT: PXM 0 -> MPIDR 0xd0000 -> Node 0
Apr 19 18:44:06 ubuntu kernel: [    0.000000] ACPI: NUMA: SRAT: PXM 0 -> MPIDR 0xd0100 -> Node 0
Apr 19 18:44:06 ubuntu kernel: [    0.000000] ACPI: NUMA: SRAT: PXM 0 -> MPIDR 0xd0200 -> Node 0
Apr 19 18:44:06 ubuntu kernel: [    0.000000] ACPI: NUMA: SRAT: PXM 0 -> MPIDR 0xd0300 -> Node 0
Apr 19 18:44:06 ubuntu kernel: [    0.000000] ACPI: NUMA: SRAT: PXM 1 -> MPIDR 0x180000 -> Node 1
Apr 19 18:44:06 ubuntu kernel: [    0.000000] ACPI: NUMA: SRAT: PXM 1 -> MPIDR 0x180100 -> Node 1
Apr 19 18:44:06 ubuntu kernel: [    0.000000] ACPI: NUMA: SRAT: PXM 1 -> MPIDR 0x180200 -> Node 1
Apr 19 18:44:06 ubuntu kernel: [    0.000000] ACPI: NUMA: SRAT: PXM 1 -> MPIDR 0x180300 -> Node 1
Apr 19 18:44:06 ubuntu kernel: [    0.000000] ACPI: NUMA: SRAT: PXM 1 -> MPIDR 0x190000 -> Node 1
Apr 19 18:44:06 ubuntu kernel: [    0.000000] ACPI: NUMA: SRAT: PXM 1 -> MPIDR 0x190100 -> Node 1
Apr 19 18:44:06 ubuntu kernel: [    0.000000] ACPI: NUMA: SRAT: PXM 1 -> MPIDR 0x190200 -> Node 1
Apr 19 18:44:06 ubuntu kernel: [    0.000000] ACPI: NUMA: SRAT: PXM 1 -> MPIDR 0x190300 -> Node 1
Apr 19 18:44:06 ubuntu kernel: [    0.000000] ACPI: NUMA: SRAT: PXM 1 -> MPIDR 0x1a0000 -> Node 1
Apr 19 18:44:06 ubuntu kernel: [    0.000000] ACPI: NUMA: SRAT: PXM 1 -> MPIDR 0x1a0100 -> Node 1
Apr 19 18:44:06 ubuntu kernel: [    0.000000] ACPI: NUMA: SRAT: PXM 1 -> MPIDR 0x1a0200 -> Node 1
Apr 19 18:44:06 ubuntu kernel: [    0.000000] ACPI: NUMA: SRAT: PXM 1 -> MPIDR 0x1a0300 -> Node 1
Apr 19 18:44:06 ubuntu kernel: [    0.000000] ACPI: NUMA: SRAT: PXM 1 -> MPIDR 0x1b0000 -> Node 1
Apr 19 18:44:06 ubuntu kernel: [    0.000000] ACPI: NUMA: SRAT: PXM 1 -> MPIDR 0x1b0100 -> Node 1
Apr 19 18:44:06 ubuntu kernel: [    0.000000] ACPI: NUMA: SRAT: PXM 1 -> MPIDR 0x1b0200 -> Node 1
Apr 19 18:44:06 ubuntu kernel: [    0.000000] ACPI: NUMA: SRAT: PXM 1 -> MPIDR 0x1b0300 -> Node 1
Apr 19 18:44:06 ubuntu kernel: [    0.000000] ACPI: NUMA: SRAT: PXM 1 -> MPIDR 0x1c0000 -> Node 1
Apr 19 18:44:06 ubuntu kernel: [    0.000000] ACPI: NUMA: SRAT: PXM 1 -> MPIDR 0x1c0100 -> Node 1
Apr 19 18:44:06 ubuntu kernel: [    0.000000] ACPI: NUMA: SRAT: PXM 1 -> MPIDR 0x1c0200 -> Node 1
Apr 19 18:44:06 ubuntu kernel: [    0.000000] ACPI: NUMA: SRAT: PXM 1 -> MPIDR 0x1c0300 -> Node 1
Apr 19 18:44:06 ubuntu kernel: [    0.000000] ACPI: NUMA: SRAT: PXM 1 -> MPIDR 0x1d0000 -> Node 1
Apr 19 18:44:06 ubuntu kernel: [    0.000000] ACPI: NUMA: SRAT: PXM 1 -> MPIDR 0x1d0100 -> Node 1
Apr 19 18:44:06 ubuntu kernel: [    0.000000] ACPI: NUMA: SRAT: PXM 1 -> MPIDR 0x1d0200 -> Node 1
Apr 19 18:44:06 ubuntu kernel: [    0.000000] ACPI: NUMA: SRAT: PXM 1 -> MPIDR 0x1d0300 -> Node 1
Apr 19 18:44:06 ubuntu kernel: [    0.000000] ACPI: NUMA: SRAT: PXM 2 -> MPIDR 0x280000 -> Node 2
Apr 19 18:44:06 ubuntu kernel: [    0.000000] ACPI: NUMA: SRAT: PXM 2 -> MPIDR 0x280100 -> Node 2
Apr 19 18:44:06 ubuntu kernel: [    0.000000] ACPI: NUMA: SRAT: PXM 2 -> MPIDR 0x280200 -> Node 2
Apr 19 18:44:06 ubuntu kernel: [    0.000000] ACPI: NUMA: SRAT: PXM 2 -> MPIDR 0x280300 -> Node 2
Apr 19 18:44:06 ubuntu kernel: [    0.000000] ACPI: NUMA: SRAT: PXM 2 -> MPIDR 0x290000 -> Node 2
Apr 19 18:44:06 ubuntu kernel: [    0.000000] ACPI: NUMA: SRAT: PXM 2 -> MPIDR 0x290100 -> Node 2
Apr 19 18:44:06 ubuntu kernel: [    0.000000] ACPI: NUMA: SRAT: PXM 2 -> MPIDR 0x290200 -> Node 2
Apr 19 18:44:06 ubuntu kernel: [    0.000000] ACPI: NUMA: SRAT: PXM 2 -> MPIDR 0x290300 -> Node 2
Apr 19 18:44:06 ubuntu kernel: [    0.000000] ACPI: NUMA: SRAT: PXM 2 -> MPIDR 0x2a0000 -> Node 2
Apr 19 18:44:06 ubuntu kernel: [    0.000000] ACPI: NUMA: SRAT: PXM 2 -> MPIDR 0x2a0100 -> Node 2
Apr 19 18:44:06 ubuntu kernel: [    0.000000] ACPI: NUMA: SRAT: PXM 2 -> MPIDR 0x2a0200 -> Node 2
Apr 19 18:44:06 ubuntu kernel: [    0.000000] ACPI: NUMA: SRAT: PXM 2 -> MPIDR 0x2a0300 -> Node 2
Apr 19 18:44:06 ubuntu kernel: [    0.000000] ACPI: NUMA: SRAT: PXM 2 -> MPIDR 0x2b0000 -> Node 2
Apr 19 18:44:06 ubuntu kernel: [    0.000000] ACPI: NUMA: SRAT: PXM 2 -> MPIDR 0x2b0100 -> Node 2
Apr 19 18:44:06 ubuntu kernel: [    0.000000] ACPI: NUMA: SRAT: PXM 2 -> MPIDR 0x2b0200 -> Node 2
Apr 19 18:44:06 ubuntu kernel: [    0.000000] ACPI: NUMA: SRAT: PXM 2 -> MPIDR 0x2b0300 -> Node 2
Apr 19 18:44:06 ubuntu kernel: [    0.000000] ACPI: NUMA: SRAT: PXM 2 -> MPIDR 0x2c0000 -> Node 2
Apr 19 18:44:06 ubuntu kernel: [    0.000000] ACPI: NUMA: SRAT: PXM 2 -> MPIDR 0x2c0100 -> Node 2
Apr 19 18:44:06 ubuntu kernel: [    0.000000] ACPI: NUMA: SRAT: PXM 2 -> MPIDR 0x2c0200 -> Node 2
Apr 19 18:44:06 ubuntu kernel: [    0.000000] ACPI: NUMA: SRAT: PXM 2 -> MPIDR 0x2c0300 -> Node 2
Apr 19 18:44:06 ubuntu kernel: [    0.000000] ACPI: NUMA: SRAT: PXM 2 -> MPIDR 0x2d0000 -> Node 2
Apr 19 18:44:06 ubuntu kernel: [    0.000000] ACPI: NUMA: SRAT: PXM 2 -> MPIDR 0x2d0100 -> Node 2
Apr 19 18:44:06 ubuntu kernel: [    0.000000] ACPI: NUMA: SRAT: PXM 2 -> MPIDR 0x2d0200 -> Node 2
Apr 19 18:44:06 ubuntu kernel: [    0.000000] ACPI: NUMA: SRAT: PXM 2 -> MPIDR 0x2d0300 -> Node 2
Apr 19 18:44:06 ubuntu kernel: [    0.000000] ACPI: NUMA: SRAT: PXM 3 -> MPIDR 0x380000 -> Node 3
Apr 19 18:44:06 ubuntu kernel: [    0.000000] ACPI: NUMA: SRAT: PXM 3 -> MPIDR 0x380100 -> Node 3
Apr 19 18:44:06 ubuntu kernel: [    0.000000] ACPI: NUMA: SRAT: PXM 3 -> MPIDR 0x380200 -> Node 3
Apr 19 18:44:06 ubuntu kernel: [    0.000000] ACPI: NUMA: SRAT: PXM 3 -> MPIDR 0x380300 -> Node 3
Apr 19 18:44:06 ubuntu kernel: [    0.000000] ACPI: NUMA: SRAT: PXM 3 -> MPIDR 0x390000 -> Node 3
Apr 19 18:44:06 ubuntu kernel: [    0.000000] ACPI: NUMA: SRAT: PXM 3 -> MPIDR 0x390100 -> Node 3
Apr 19 18:44:06 ubuntu kernel: [    0.000000] ACPI: NUMA: SRAT: PXM 3 -> MPIDR 0x390200 -> Node 3
Apr 19 18:44:06 ubuntu kernel: [    0.000000] ACPI: NUMA: SRAT: PXM 3 -> MPIDR 0x390300 -> Node 3
Apr 19 18:44:06 ubuntu kernel: [    0.000000] ACPI: NUMA: SRAT: PXM 3 -> MPIDR 0x3a0000 -> Node 3
Apr 19 18:44:06 ubuntu kernel: [    0.000000] ACPI: NUMA: SRAT: PXM 3 -> MPIDR 0x3a0100 -> Node 3
Apr 19 18:44:06 ubuntu kernel: [    0.000000] ACPI: NUMA: SRAT: PXM 3 -> MPIDR 0x3a0200 -> Node 3
Apr 19 18:44:06 ubuntu kernel: [    0.000000] ACPI: NUMA: SRAT: PXM 3 -> MPIDR 0x3a0300 -> Node 3
Apr 19 18:44:06 ubuntu kernel: [    0.000000] ACPI: NUMA: SRAT: PXM 3 -> MPIDR 0x3b0000 -> Node 3
Apr 19 18:44:06 ubuntu kernel: [    0.000000] ACPI: NUMA: SRAT: PXM 3 -> MPIDR 0x3b0100 -> Node 3
Apr 19 18:44:06 ubuntu kernel: [    0.000000] ACPI: NUMA: SRAT: PXM 3 -> MPIDR 0x3b0200 -> Node 3
Apr 19 18:44:06 ubuntu kernel: [    0.000000] ACPI: NUMA: SRAT: PXM 3 -> MPIDR 0x3b0300 -> Node 3
Apr 19 18:44:06 ubuntu kernel: [    0.000000] ACPI: NUMA: SRAT: PXM 3 -> MPIDR 0x3c0000 -> Node 3
Apr 19 18:44:06 ubuntu kernel: [    0.000000] ACPI: NUMA: SRAT: PXM 3 -> MPIDR 0x3c0100 -> Node 3
Apr 19 18:44:06 ubuntu kernel: [    0.000000] ACPI: NUMA: SRAT: PXM 3 -> MPIDR 0x3c0200 -> Node 3
Apr 19 18:44:06 ubuntu kernel: [    0.000000] ACPI: NUMA: SRAT: PXM 3 -> MPIDR 0x3c0300 -> Node 3
Apr 19 18:44:06 ubuntu kernel: [    0.000000] ACPI: NUMA: SRAT: PXM 3 -> MPIDR 0x3d0000 -> Node 3
Apr 19 18:44:06 ubuntu kernel: [    0.000000] ACPI: NUMA: SRAT: PXM 3 -> MPIDR 0x3d0100 -> Node 3
Apr 19 18:44:06 ubuntu kernel: [    0.000000] ACPI: NUMA: SRAT: PXM 3 -> MPIDR 0x3d0200 -> Node 3
Apr 19 18:44:06 ubuntu kernel: [    0.000000] ACPI: NUMA: SRAT: PXM 3 -> MPIDR 0x3d0300 -> Node 3
Apr 19 18:44:06 ubuntu kernel: [    0.000000] percpu: Embedded 33 pages/cpu s94616 r8192 d32360 u135168
Apr 19 18:44:06 ubuntu kernel: [    0.000000] pcpu-alloc: s94616 r8192 d32360 u135168 alloc=33*4096
Apr 19 18:44:06 ubuntu kernel: [    0.000000] pcpu-alloc: [0] 00 [0] 01 [0] 02 [0] 03 [0] 04 [0] 05 [0] 06 [0] 07 
Apr 19 18:44:06 ubuntu kernel: [    0.000000] pcpu-alloc: [0] 08 [0] 09 [0] 10 [0] 11 [0] 12 [0] 13 [0] 14 [0] 15 
Apr 19 18:44:06 ubuntu kernel: [    0.000000] pcpu-alloc: [0] 16 [0] 17 [0] 18 [0] 19 [0] 20 [0] 21 [0] 22 [0] 23 
Apr 19 18:44:06 ubuntu kernel: [    0.000000] pcpu-alloc: [1] 24 [1] 25 [1] 26 [1] 27 [1] 28 [1] 29 [1] 30 [1] 31 
Apr 19 18:44:06 ubuntu kernel: [    0.000000] pcpu-alloc: [1] 32 [1] 33 [1] 34 [1] 35 [1] 36 [1] 37 [1] 38 [1] 39 
Apr 19 18:44:06 ubuntu kernel: [    0.000000] pcpu-alloc: [1] 40 [1] 41 [1] 42 [1] 43 [1] 44 [1] 45 [1] 46 [1] 47 
Apr 19 18:44:06 ubuntu kernel: [    0.000000] pcpu-alloc: [2] 48 [2] 49 [2] 50 [2] 51 [2] 52 [2] 53 [2] 54 [2] 55 
Apr 19 18:44:06 ubuntu kernel: [    0.000000] pcpu-alloc: [2] 56 [2] 57 [2] 58 [2] 59 [2] 60 [2] 61 [2] 62 [2] 63 
Apr 19 18:44:06 ubuntu kernel: [    0.000000] pcpu-alloc: [2] 64 [2] 65 [2] 66 [2] 67 [2] 68 [2] 69 [2] 70 [2] 71 
Apr 19 18:44:06 ubuntu kernel: [    0.000000] pcpu-alloc: [3] 72 [3] 73 [3] 74 [3] 75 [3] 76 [3] 77 [3] 78 [3] 79 
Apr 19 18:44:06 ubuntu kernel: [    0.000000] pcpu-alloc: [3] 80 [3] 81 [3] 82 [3] 83 [3] 84 [3] 85 [3] 86 [3] 87 
Apr 19 18:44:06 ubuntu kernel: [    0.000000] pcpu-alloc: [3] 88 [3] 89 [3] 90 [3] 91 [3] 92 [3] 93 [3] 94 [3] 95 
Apr 19 18:44:06 ubuntu kernel: [    0.000000] Detected VIPT I-cache on CPU0
Apr 19 18:44:06 ubuntu kernel: [    0.000000] CPU features: detected: GIC system register CPU interface
Apr 19 18:44:06 ubuntu kernel: [    0.000000] CPU features: detected: Virtualization Host Extensions
Apr 19 18:44:06 ubuntu kernel: [    0.000000] CPU features: detected: Hardware dirty bit management
Apr 19 18:44:06 ubuntu kernel: [    0.000000] alternatives: patching kernel code
Apr 19 18:44:06 ubuntu kernel: [    0.000000] Built 4 zonelists, mobility grouping on.  Total pages: 32898000
Apr 19 18:44:06 ubuntu kernel: [    0.000000] Policy zone: Normal
Apr 19 18:44:06 ubuntu kernel: [    0.000000] Kernel command line: BOOT_IMAGE=/boot/vmlinuz-5.7.1 root=UUID=87f15ea3-75f7-4c9d-add6-30cc3fc19001 ro text
Apr 19 18:44:06 ubuntu kernel: [    0.000000] printk: log_buf_len individual max cpu contribution: 4096 bytes
Apr 19 18:44:06 ubuntu kernel: [    0.000000] printk: log_buf_len total cpu_extra contributions: 389120 bytes
Apr 19 18:44:06 ubuntu kernel: [    0.000000] printk: log_buf_len min size: 262144 bytes
Apr 19 18:44:06 ubuntu kernel: [    0.000000] printk: log_buf_len: 1048576 bytes
Apr 19 18:44:06 ubuntu kernel: [    0.000000] printk: early log buf free: 245796(93%)
Apr 19 18:44:06 ubuntu kernel: [    0.000000] mem auto-init: stack:off, heap alloc:on, heap free:off
Apr 19 18:44:06 ubuntu kernel: [    0.000000] software IO TLB: mapped [mem 0x3b030000-0x3f030000] (64MB)
Apr 19 18:44:06 ubuntu kernel: [    0.000000] Memory: 130841812K/134213440K available (14204K kernel code, 2354K rwdata, 6864K rodata, 7040K init, 1132K bss, 3338860K reserved, 32768K cma-reserved)
Apr 19 18:44:06 ubuntu kernel: [    0.000000] random: get_random_u64 called from __kmem_cache_create+0x54/0x5d8 with crng_init=0
Apr 19 18:44:06 ubuntu kernel: [    0.000000] SLUB: HWalign=64, Order=0-3, MinObjects=0, CPUs=96, Nodes=4
Apr 19 18:44:06 ubuntu kernel: [    0.000000] ftrace: allocating 46107 entries in 181 pages
Apr 19 18:44:06 ubuntu kernel: [    0.000000] ftrace: allocated 181 pages with 5 groups
Apr 19 18:44:06 ubuntu kernel: [    0.000000] rcu: Hierarchical RCU implementation.
Apr 19 18:44:06 ubuntu kernel: [    0.000000] rcu: 	RCU restricting CPUs from NR_CPUS=256 to nr_cpu_ids=96.
Apr 19 18:44:06 ubuntu kernel: [    0.000000] 	Tasks RCU enabled.
Apr 19 18:44:06 ubuntu kernel: [    0.000000] rcu: RCU calculated value of scheduler-enlistment delay is 25 jiffies.
Apr 19 18:44:06 ubuntu kernel: [    0.000000] rcu: Adjusting geometry for rcu_fanout_leaf=16, nr_cpu_ids=96
Apr 19 18:44:06 ubuntu kernel: [    0.000000] NR_IRQS: 64, nr_irqs: 64, preallocated irqs: 0
Apr 19 18:44:06 ubuntu kernel: [    0.000000] GICv3: GIC: Using split EOI/Deactivate mode
Apr 19 18:44:06 ubuntu kernel: [    0.000000] GICv3: 640 SPIs implemented
Apr 19 18:44:06 ubuntu kernel: [    0.000000] GICv3: 0 Extended SPIs implemented
Apr 19 18:44:06 ubuntu kernel: [    0.000000] GICv3: Distributor has no Range Selector support
Apr 19 18:44:06 ubuntu kernel: [    0.000000] GICv3: 16 PPIs implemented
Apr 19 18:44:06 ubuntu kernel: [    0.000000] GICv3: GICv4 features: DirectLPI 
Apr 19 18:44:06 ubuntu kernel: [    0.000000] GICv3: CPU0: found redistributor 80000 region 0:0x00000000ae100000
Apr 19 18:44:06 ubuntu kernel: [    0.000000] SRAT: PXM 0 -> ITS 0 -> Node 0
Apr 19 18:44:06 ubuntu kernel: [    0.000000] SRAT: PXM 2 -> ITS 1 -> Node 2
Apr 19 18:44:06 ubuntu kernel: [    0.000000] ITS [mem 0x202100000-0x20211ffff]
Apr 19 18:44:06 ubuntu kernel: [    0.000000] ITS@0x0000000202100000: Using ITS number 0
Apr 19 18:44:06 ubuntu kernel: [    0.000000] ITS@0x0000000202100000: allocated 65536 Devices @27ffb80000 (flat, esz 8, psz 16K, shr 1)
Apr 19 18:44:06 ubuntu kernel: [    0.000000] ITS@0x0000000202100000: allocated 65536 Virtual CPUs @27ff000000 (flat, esz 16, psz 4K, shr 1)
Apr 19 18:44:06 ubuntu kernel: [    0.000000] ITS@0x0000000202100000: allocated 256 Interrupt Collections @27ffb01000 (flat, esz 16, psz 4K, shr 1)
Apr 19 18:44:06 ubuntu kernel: [    0.000000] ITS [mem 0x200202100000-0x20020211ffff]
Apr 19 18:44:06 ubuntu kernel: [    0.000000] ITS@0x0000200202100000: Using ITS number 1
Apr 19 18:44:06 ubuntu kernel: [    0.000000] ITS@0x0000200202100000: allocated 65536 Devices @2027ff880000 (flat, esz 8, psz 16K, shr 1)
Apr 19 18:44:06 ubuntu kernel: [    0.000000] ITS@0x0000200202100000: allocated 65536 Virtual CPUs @2027ff900000 (flat, esz 16, psz 4K, shr 1)
Apr 19 18:44:06 ubuntu kernel: [    0.000000] ITS@0x0000200202100000: allocated 256 Interrupt Collections @2027ff801000 (flat, esz 16, psz 4K, shr 1)
Apr 19 18:44:06 ubuntu kernel: [    0.000000] GICv3: using LPI property table @0x00000027ffb20000
Apr 19 18:44:06 ubuntu kernel: [    0.000000] ITS: Using DirectLPI for VPE invalidation
Apr 19 18:44:06 ubuntu kernel: [    0.000000] ITS: Enabling GICv4 support
Apr 19 18:44:06 ubuntu kernel: [    0.000000] GICv3: CPU0: using allocated LPI pending table @0x00000027ffb30000
Apr 19 18:44:06 ubuntu kernel: [    0.000000] arch_timer: cp15 timer(s) running at 100.00MHz (phys).
Apr 19 18:44:06 ubuntu kernel: [    0.000000] clocksource: arch_sys_counter: mask: 0xffffffffffffff max_cycles: 0x171024e7e0, max_idle_ns: 440795205315 ns
Apr 19 18:44:06 ubuntu kernel: [    0.000001] sched_clock: 56 bits at 100MHz, resolution 10ns, wraps every 4398046511100ns
Apr 19 18:44:06 ubuntu kernel: [    0.000112] Console: colour dummy device 80x25
Apr 19 18:44:06 ubuntu kernel: [    0.000434] printk: console [tty0] enabled
Apr 19 18:44:06 ubuntu kernel: [    0.000500] mempolicy: Enabling automatic NUMA balancing. Configure with numa_balancing= or the kernel.numa_balancing sysctl
Apr 19 18:44:06 ubuntu kernel: [    0.000515] ACPI: Core revision 20200326
Apr 19 18:44:06 ubuntu kernel: [    0.000713] Calibrating delay loop (skipped), value calculated using timer frequency.. 200.00 BogoMIPS (lpj=400000)
Apr 19 18:44:06 ubuntu kernel: [    0.000717] pid_max: default: 98304 minimum: 768
Apr 19 18:44:06 ubuntu kernel: [    0.000796] LSM: Security Framework initializing
Apr 19 18:44:06 ubuntu kernel: [    0.000802] Yama: becoming mindful.
Apr 19 18:44:06 ubuntu kernel: [    0.000834] AppArmor: AppArmor initialized
Apr 19 18:44:06 ubuntu kernel: [    0.012810] Dentry cache hash table entries: 8388608 (order: 14, 67108864 bytes, vmalloc)
Apr 19 18:44:06 ubuntu kernel: [    0.019064] Inode-cache hash table entries: 4194304 (order: 13, 33554432 bytes, vmalloc)
Apr 19 18:44:06 ubuntu kernel: [    0.019330] Mount-cache hash table entries: 131072 (order: 8, 1048576 bytes, vmalloc)
Apr 19 18:44:06 ubuntu kernel: [    0.019534] Mountpoint-cache hash table entries: 131072 (order: 8, 1048576 bytes, vmalloc)
Apr 19 18:44:06 ubuntu kernel: [    0.021933] rcu: Hierarchical SRCU implementation.
Apr 19 18:44:06 ubuntu kernel: [    0.022381] Platform MSI: ITS@0x202100000 domain created
Apr 19 18:44:06 ubuntu kernel: [    0.022386] Platform MSI: ITS@0x200202100000 domain created
Apr 19 18:44:06 ubuntu kernel: [    0.022393] PCI/MSI: ITS@0x202100000 domain created
Apr 19 18:44:06 ubuntu kernel: [    0.022395] PCI/MSI: ITS@0x200202100000 domain created
Apr 19 18:44:06 ubuntu kernel: [    0.022407] Remapping and enabling EFI services.
Apr 19 18:44:06 ubuntu kernel: [    0.022615] efi: memattr: Entry attributes invalid: RO and XP bits both cleared
Apr 19 18:44:06 ubuntu kernel: [    0.022620] efi: memattr: ! 0x000000000000-0x00000000ffff [Runtime Code       |RUN|  |  |  |  |  |  |  |   |  |  |  |  ]
Apr 19 18:44:06 ubuntu kernel: [    0.023768] smp: Bringing up secondary CPUs ...
Apr 19 18:44:06 ubuntu kernel: [    0.053603] Detected VIPT I-cache on CPU1
Apr 19 18:44:06 ubuntu kernel: [    0.053609] GICv3: CPU1: found redistributor 80100 region 1:0x00000000ae140000
Apr 19 18:44:06 ubuntu kernel: [    0.053625] GICv3: CPU1: using allocated LPI pending table @0x00000027ffb40000
Apr 19 18:44:06 ubuntu kernel: [    0.053661] CPU1: Booted secondary processor 0x0000080100 [0x481fd010]
Apr 19 18:44:06 ubuntu kernel: [    0.086147] Detected VIPT I-cache on CPU2
Apr 19 18:44:06 ubuntu kernel: [    0.086152] GICv3: CPU2: found redistributor 80200 region 2:0x00000000ae180000
Apr 19 18:44:06 ubuntu kernel: [    0.086163] GICv3: CPU2: using allocated LPI pending table @0x00000027ffb50000
Apr 19 18:44:06 ubuntu kernel: [    0.086196] CPU2: Booted secondary processor 0x0000080200 [0x481fd010]
Apr 19 18:44:06 ubuntu kernel: [    0.118697] Detected VIPT I-cache on CPU3
Apr 19 18:44:06 ubuntu kernel: [    0.118701] GICv3: CPU3: found redistributor 80300 region 3:0x00000000ae1c0000
Apr 19 18:44:06 ubuntu kernel: [    0.118714] GICv3: CPU3: using allocated LPI pending table @0x00000027ffb60000
Apr 19 18:44:06 ubuntu kernel: [    0.118745] CPU3: Booted secondary processor 0x0000080300 [0x481fd010]
Apr 19 18:44:06 ubuntu kernel: [    0.151427] Detected VIPT I-cache on CPU4
Apr 19 18:44:06 ubuntu kernel: [    0.151435] GICv3: CPU4: found redistributor 90000 region 4:0x00000000ae200000
Apr 19 18:44:06 ubuntu kernel: [    0.151456] GICv3: CPU4: using allocated LPI pending table @0x00000027ffb70000
Apr 19 18:44:06 ubuntu kernel: [    0.151492] CPU4: Booted secondary processor 0x0000090000 [0x481fd010]
Apr 19 18:44:06 ubuntu kernel: [    0.184145] Detected VIPT I-cache on CPU5
Apr 19 18:44:06 ubuntu kernel: [    0.184150] GICv3: CPU5: found redistributor 90100 region 5:0x00000000ae240000
Apr 19 18:44:06 ubuntu kernel: [    0.184163] GICv3: CPU5: using allocated LPI pending table @0x00000027ff100000
Apr 19 18:44:06 ubuntu kernel: [    0.184195] CPU5: Booted secondary processor 0x0000090100 [0x481fd010]
Apr 19 18:44:06 ubuntu kernel: [    0.216868] Detected VIPT I-cache on CPU6
Apr 19 18:44:06 ubuntu kernel: [    0.216873] GICv3: CPU6: found redistributor 90200 region 6:0x00000000ae280000
Apr 19 18:44:06 ubuntu kernel: [    0.216886] GICv3: CPU6: using allocated LPI pending table @0x00000027ff110000
Apr 19 18:44:06 ubuntu kernel: [    0.216918] CPU6: Booted secondary processor 0x0000090200 [0x481fd010]
Apr 19 18:44:06 ubuntu kernel: [    0.249592] Detected VIPT I-cache on CPU7
Apr 19 18:44:06 ubuntu kernel: [    0.249597] GICv3: CPU7: found redistributor 90300 region 7:0x00000000ae2c0000
Apr 19 18:44:06 ubuntu kernel: [    0.249609] GICv3: CPU7: using allocated LPI pending table @0x00000027ff120000
Apr 19 18:44:06 ubuntu kernel: [    0.249641] CPU7: Booted secondary processor 0x0000090300 [0x481fd010]
Apr 19 18:44:06 ubuntu kernel: [    0.282493] Detected VIPT I-cache on CPU8
Apr 19 18:44:06 ubuntu kernel: [    0.282500] GICv3: CPU8: found redistributor a0000 region 8:0x00000000ae300000
Apr 19 18:44:06 ubuntu kernel: [    0.282517] GICv3: CPU8: using allocated LPI pending table @0x00000027ff130000
Apr 19 18:44:06 ubuntu kernel: [    0.282553] CPU8: Booted secondary processor 0x00000a0000 [0x481fd010]
Apr 19 18:44:06 ubuntu kernel: [    0.315386] Detected VIPT I-cache on CPU9
Apr 19 18:44:06 ubuntu kernel: [    0.315392] GICv3: CPU9: found redistributor a0100 region 9:0x00000000ae340000
Apr 19 18:44:06 ubuntu kernel: [    0.315405] GICv3: CPU9: using allocated LPI pending table @0x00000027ff140000
Apr 19 18:44:06 ubuntu kernel: [    0.315437] CPU9: Booted secondary processor 0x00000a0100 [0x481fd010]
Apr 19 18:44:06 ubuntu kernel: [    0.348284] Detected VIPT I-cache on CPU10
Apr 19 18:44:06 ubuntu kernel: [    0.348290] GICv3: CPU10: found redistributor a0200 region 10:0x00000000ae380000
Apr 19 18:44:06 ubuntu kernel: [    0.348303] GICv3: CPU10: using allocated LPI pending table @0x00000027ff150000
Apr 19 18:44:06 ubuntu kernel: [    0.348335] CPU10: Booted secondary processor 0x00000a0200 [0x481fd010]
Apr 19 18:44:06 ubuntu kernel: [    0.381181] Detected VIPT I-cache on CPU11
Apr 19 18:44:06 ubuntu kernel: [    0.381187] GICv3: CPU11: found redistributor a0300 region 11:0x00000000ae3c0000
Apr 19 18:44:06 ubuntu kernel: [    0.381199] GICv3: CPU11: using allocated LPI pending table @0x00000027ff160000
Apr 19 18:44:06 ubuntu kernel: [    0.381231] CPU11: Booted secondary processor 0x00000a0300 [0x481fd010]
Apr 19 18:44:06 ubuntu kernel: [    0.414255] Detected VIPT I-cache on CPU12
Apr 19 18:44:06 ubuntu kernel: [    0.414263] GICv3: CPU12: found redistributor b0000 region 12:0x00000000ae400000
Apr 19 18:44:06 ubuntu kernel: [    0.414281] GICv3: CPU12: using allocated LPI pending table @0x00000027ff170000
Apr 19 18:44:06 ubuntu kernel: [    0.414316] CPU12: Booted secondary processor 0x00000b0000 [0x481fd010]
Apr 19 18:44:06 ubuntu kernel: [    0.447323] Detected VIPT I-cache on CPU13
Apr 19 18:44:06 ubuntu kernel: [    0.447329] GICv3: CPU13: found redistributor b0100 region 13:0x00000000ae440000
Apr 19 18:44:06 ubuntu kernel: [    0.447342] GICv3: CPU13: using allocated LPI pending table @0x00000027ff180000
Apr 19 18:44:06 ubuntu kernel: [    0.447374] CPU13: Booted secondary processor 0x00000b0100 [0x481fd010]
Apr 19 18:44:06 ubuntu kernel: [    0.480393] Detected VIPT I-cache on CPU14
Apr 19 18:44:06 ubuntu kernel: [    0.480399] GICv3: CPU14: found redistributor b0200 region 14:0x00000000ae480000
Apr 19 18:44:06 ubuntu kernel: [    0.480413] GICv3: CPU14: using allocated LPI pending table @0x00000027ff190000
Apr 19 18:44:06 ubuntu kernel: [    0.480445] CPU14: Booted secondary processor 0x00000b0200 [0x481fd010]
Apr 19 18:44:06 ubuntu kernel: [    0.513464] Detected VIPT I-cache on CPU15
Apr 19 18:44:06 ubuntu kernel: [    0.513470] GICv3: CPU15: found redistributor b0300 region 15:0x00000000ae4c0000
Apr 19 18:44:06 ubuntu kernel: [    0.513485] GICv3: CPU15: using allocated LPI pending table @0x00000027ff1a0000
Apr 19 18:44:06 ubuntu kernel: [    0.513518] CPU15: Booted secondary processor 0x00000b0300 [0x481fd010]
Apr 19 18:44:06 ubuntu kernel: [    0.546019] Detected VIPT I-cache on CPU16
Apr 19 18:44:06 ubuntu kernel: [    0.546027] GICv3: CPU16: found redistributor c0000 region 16:0x00000000ae500000
Apr 19 18:44:06 ubuntu kernel: [    0.546047] GICv3: CPU16: using allocated LPI pending table @0x00000027ff1b0000
Apr 19 18:44:06 ubuntu kernel: [    0.546083] CPU16: Booted secondary processor 0x00000c0000 [0x481fd010]
Apr 19 18:44:06 ubuntu kernel: [    0.578564] Detected VIPT I-cache on CPU17
Apr 19 18:44:06 ubuntu kernel: [    0.578571] GICv3: CPU17: found redistributor c0100 region 17:0x00000000ae540000
Apr 19 18:44:06 ubuntu kernel: [    0.578585] GICv3: CPU17: using allocated LPI pending table @0x00000027ff1c0000
Apr 19 18:44:06 ubuntu kernel: [    0.578617] CPU17: Booted secondary processor 0x00000c0100 [0x481fd010]
Apr 19 18:44:06 ubuntu kernel: [    0.611114] Detected VIPT I-cache on CPU18
Apr 19 18:44:06 ubuntu kernel: [    0.611121] GICv3: CPU18: found redistributor c0200 region 18:0x00000000ae580000
Apr 19 18:44:06 ubuntu kernel: [    0.611135] GICv3: CPU18: using allocated LPI pending table @0x00000027ff1d0000
Apr 19 18:44:06 ubuntu kernel: [    0.611167] CPU18: Booted secondary processor 0x00000c0200 [0x481fd010]
Apr 19 18:44:06 ubuntu kernel: [    0.643664] Detected VIPT I-cache on CPU19
Apr 19 18:44:06 ubuntu kernel: [    0.643671] GICv3: CPU19: found redistributor c0300 region 19:0x00000000ae5c0000
Apr 19 18:44:06 ubuntu kernel: [    0.643685] GICv3: CPU19: using allocated LPI pending table @0x00000027ff1e0000
Apr 19 18:44:06 ubuntu kernel: [    0.643717] CPU19: Booted secondary processor 0x00000c0300 [0x481fd010]
Apr 19 18:44:06 ubuntu kernel: [    0.676392] Detected VIPT I-cache on CPU20
Apr 19 18:44:06 ubuntu kernel: [    0.676400] GICv3: CPU20: found redistributor d0000 region 20:0x00000000ae600000
Apr 19 18:44:06 ubuntu kernel: [    0.676421] GICv3: CPU20: using allocated LPI pending table @0x00000027ff1f0000
Apr 19 18:44:06 ubuntu kernel: [    0.676457] CPU20: Booted secondary processor 0x00000d0000 [0x481fd010]
Apr 19 18:44:06 ubuntu kernel: [    0.709111] Detected VIPT I-cache on CPU21
Apr 19 18:44:06 ubuntu kernel: [    0.709119] GICv3: CPU21: found redistributor d0100 region 21:0x00000000ae640000
Apr 19 18:44:06 ubuntu kernel: [    0.709133] GICv3: CPU21: using allocated LPI pending table @0x00000027ff200000
Apr 19 18:44:06 ubuntu kernel: [    0.709165] CPU21: Booted secondary processor 0x00000d0100 [0x481fd010]
Apr 19 18:44:06 ubuntu kernel: [    0.741835] Detected VIPT I-cache on CPU22
Apr 19 18:44:06 ubuntu kernel: [    0.741842] GICv3: CPU22: found redistributor d0200 region 22:0x00000000ae680000
Apr 19 18:44:06 ubuntu kernel: [    0.741856] GICv3: CPU22: using allocated LPI pending table @0x00000027ff210000
Apr 19 18:44:06 ubuntu kernel: [    0.741888] CPU22: Booted secondary processor 0x00000d0200 [0x481fd010]
Apr 19 18:44:06 ubuntu kernel: [    0.774558] Detected VIPT I-cache on CPU23
Apr 19 18:44:06 ubuntu kernel: [    0.774566] GICv3: CPU23: found redistributor d0300 region 23:0x00000000ae6c0000
Apr 19 18:44:06 ubuntu kernel: [    0.774579] GICv3: CPU23: using allocated LPI pending table @0x00000027ff220000
Apr 19 18:44:06 ubuntu kernel: [    0.774611] CPU23: Booted secondary processor 0x00000d0300 [0x481fd010]
Apr 19 18:44:06 ubuntu kernel: [    0.807124] Detected VIPT I-cache on CPU24
Apr 19 18:44:06 ubuntu kernel: [    0.807139] GICv3: CPU24: found redistributor 180000 region 24:0x00000000aa100000
Apr 19 18:44:06 ubuntu kernel: [    0.807184] GICv3: CPU24: using allocated LPI pending table @0x00000027ff230000
Apr 19 18:44:06 ubuntu kernel: [    0.807233] CPU24: Booted secondary processor 0x0000180000 [0x481fd010]
Apr 19 18:44:06 ubuntu kernel: [    0.839660] Detected VIPT I-cache on CPU25
Apr 19 18:44:06 ubuntu kernel: [    0.839670] GICv3: CPU25: found redistributor 180100 region 25:0x00000000aa140000
Apr 19 18:44:06 ubuntu kernel: [    0.839684] GICv3: CPU25: using allocated LPI pending table @0x00000027ff240000
Apr 19 18:44:06 ubuntu kernel: [    0.839722] CPU25: Booted secondary processor 0x0000180100 [0x481fd010]
Apr 19 18:44:06 ubuntu kernel: [    0.872210] Detected VIPT I-cache on CPU26
Apr 19 18:44:06 ubuntu kernel: [    0.872220] GICv3: CPU26: found redistributor 180200 region 26:0x00000000aa180000
Apr 19 18:44:06 ubuntu kernel: [    0.872234] GICv3: CPU26: using allocated LPI pending table @0x00000027ff250000
Apr 19 18:44:06 ubuntu kernel: [    0.872272] CPU26: Booted secondary processor 0x0000180200 [0x481fd010]
Apr 19 18:44:06 ubuntu kernel: [    0.904760] Detected VIPT I-cache on CPU27
Apr 19 18:44:06 ubuntu kernel: [    0.904770] GICv3: CPU27: found redistributor 180300 region 27:0x00000000aa1c0000
Apr 19 18:44:06 ubuntu kernel: [    0.904785] GICv3: CPU27: using allocated LPI pending table @0x00000027ff260000
Apr 19 18:44:06 ubuntu kernel: [    0.904823] CPU27: Booted secondary processor 0x0000180300 [0x481fd010]
Apr 19 18:44:06 ubuntu kernel: [    0.937493] Detected VIPT I-cache on CPU28
Apr 19 18:44:06 ubuntu kernel: [    0.937506] GICv3: CPU28: found redistributor 190000 region 28:0x00000000aa200000
Apr 19 18:44:06 ubuntu kernel: [    0.937534] GICv3: CPU28: using allocated LPI pending table @0x00000027ff270000
Apr 19 18:44:06 ubuntu kernel: [    0.937579] CPU28: Booted secondary processor 0x0000190000 [0x481fd010]
Apr 19 18:44:06 ubuntu kernel: [    0.970208] Detected VIPT I-cache on CPU29
Apr 19 18:44:06 ubuntu kernel: [    0.970219] GICv3: CPU29: found redistributor 190100 region 29:0x00000000aa240000
Apr 19 18:44:06 ubuntu kernel: [    0.970234] GICv3: CPU29: using allocated LPI pending table @0x00000027ff280000
Apr 19 18:44:06 ubuntu kernel: [    0.970271] CPU29: Booted secondary processor 0x0000190100 [0x481fd010]
Apr 19 18:44:06 ubuntu kernel: [    1.002931] Detected VIPT I-cache on CPU30
Apr 19 18:44:06 ubuntu kernel: [    1.002942] GICv3: CPU30: found redistributor 190200 region 30:0x00000000aa280000
Apr 19 18:44:06 ubuntu kernel: [    1.002964] GICv3: CPU30: using allocated LPI pending table @0x00000027ff290000
Apr 19 18:44:06 ubuntu kernel: [    1.003002] CPU30: Booted secondary processor 0x0000190200 [0x481fd010]
Apr 19 18:44:06 ubuntu kernel: [    1.035655] Detected VIPT I-cache on CPU31
Apr 19 18:44:06 ubuntu kernel: [    1.035666] GICv3: CPU31: found redistributor 190300 region 31:0x00000000aa2c0000
Apr 19 18:44:06 ubuntu kernel: [    1.035682] GICv3: CPU31: using allocated LPI pending table @0x00000027ff2a0000
Apr 19 18:44:06 ubuntu kernel: [    1.035720] CPU31: Booted secondary processor 0x0000190300 [0x481fd010]
Apr 19 18:44:06 ubuntu kernel: [    1.068558] Detected VIPT I-cache on CPU32
Apr 19 18:44:06 ubuntu kernel: [    1.068572] GICv3: CPU32: found redistributor 1a0000 region 32:0x00000000aa300000
Apr 19 18:44:06 ubuntu kernel: [    1.068598] GICv3: CPU32: using allocated LPI pending table @0x00000027ff2b0000
Apr 19 18:44:06 ubuntu kernel: [    1.068641] CPU32: Booted secondary processor 0x00001a0000 [0x481fd010]
Apr 19 18:44:06 ubuntu kernel: [    1.101450] Detected VIPT I-cache on CPU33
Apr 19 18:44:06 ubuntu kernel: [    1.101461] GICv3: CPU33: found redistributor 1a0100 region 33:0x00000000aa340000
Apr 19 18:44:06 ubuntu kernel: [    1.101477] GICv3: CPU33: using allocated LPI pending table @0x00000027ff2c0000
Apr 19 18:44:06 ubuntu kernel: [    1.101517] CPU33: Booted secondary processor 0x00001a0100 [0x481fd010]
Apr 19 18:44:06 ubuntu kernel: [    1.134347] Detected VIPT I-cache on CPU34
Apr 19 18:44:06 ubuntu kernel: [    1.134358] GICv3: CPU34: found redistributor 1a0200 region 34:0x00000000aa380000
Apr 19 18:44:06 ubuntu kernel: [    1.134374] GICv3: CPU34: using allocated LPI pending table @0x00000027ff2d0000
Apr 19 18:44:06 ubuntu kernel: [    1.134413] CPU34: Booted secondary processor 0x00001a0200 [0x481fd010]
Apr 19 18:44:06 ubuntu kernel: [    1.167244] Detected VIPT I-cache on CPU35
Apr 19 18:44:06 ubuntu kernel: [    1.167256] GICv3: CPU35: found redistributor 1a0300 region 35:0x00000000aa3c0000
Apr 19 18:44:06 ubuntu kernel: [    1.167272] GICv3: CPU35: using allocated LPI pending table @0x00000027ff2e0000
Apr 19 18:44:06 ubuntu kernel: [    1.167311] CPU35: Booted secondary processor 0x00001a0300 [0x481fd010]
Apr 19 18:44:06 ubuntu kernel: [    1.200320] Detected VIPT I-cache on CPU36
Apr 19 18:44:06 ubuntu kernel: [    1.200335] GICv3: CPU36: found redistributor 1b0000 region 36:0x00000000aa400000
Apr 19 18:44:06 ubuntu kernel: [    1.200359] GICv3: CPU36: using allocated LPI pending table @0x00000027ff2f0000
Apr 19 18:44:06 ubuntu kernel: [    1.200403] CPU36: Booted secondary processor 0x00001b0000 [0x481fd010]
Apr 19 18:44:06 ubuntu kernel: [    1.233386] Detected VIPT I-cache on CPU37
Apr 19 18:44:06 ubuntu kernel: [    1.233397] GICv3: CPU37: found redistributor 1b0100 region 37:0x00000000aa440000
Apr 19 18:44:06 ubuntu kernel: [    1.233413] GICv3: CPU37: using allocated LPI pending table @0x00000027ff300000
Apr 19 18:44:06 ubuntu kernel: [    1.233452] CPU37: Booted secondary processor 0x00001b0100 [0x481fd010]
Apr 19 18:44:06 ubuntu kernel: [    1.266456] Detected VIPT I-cache on CPU38
Apr 19 18:44:06 ubuntu kernel: [    1.266467] GICv3: CPU38: found redistributor 1b0200 region 38:0x00000000aa480000
Apr 19 18:44:06 ubuntu kernel: [    1.266488] GICv3: CPU38: using allocated LPI pending table @0x00000027ff310000
Apr 19 18:44:06 ubuntu kernel: [    1.266526] CPU38: Booted secondary processor 0x00001b0200 [0x481fd010]
Apr 19 18:44:06 ubuntu kernel: [    1.299527] Detected VIPT I-cache on CPU39
Apr 19 18:44:06 ubuntu kernel: [    1.299539] GICv3: CPU39: found redistributor 1b0300 region 39:0x00000000aa4c0000
Apr 19 18:44:06 ubuntu kernel: [    1.299560] GICv3: CPU39: using allocated LPI pending table @0x00000027ff320000
Apr 19 18:44:06 ubuntu kernel: [    1.299598] CPU39: Booted secondary processor 0x00001b0300 [0x481fd010]
Apr 19 18:44:06 ubuntu kernel: [    1.332083] Detected VIPT I-cache on CPU40
Apr 19 18:44:06 ubuntu kernel: [    1.332097] GICv3: CPU40: found redistributor 1c0000 region 40:0x00000000aa500000
Apr 19 18:44:06 ubuntu kernel: [    1.332125] GICv3: CPU40: using allocated LPI pending table @0x00000027ff330000
Apr 19 18:44:06 ubuntu kernel: [    1.332170] CPU40: Booted secondary processor 0x00001c0000 [0x481fd010]
Apr 19 18:44:06 ubuntu kernel: [    1.364627] Detected VIPT I-cache on CPU41
Apr 19 18:44:06 ubuntu kernel: [    1.364639] GICv3: CPU41: found redistributor 1c0100 region 41:0x00000000aa540000
Apr 19 18:44:06 ubuntu kernel: [    1.364659] GICv3: CPU41: using allocated LPI pending table @0x00000027ff340000
Apr 19 18:44:06 ubuntu kernel: [    1.364697] CPU41: Booted secondary processor 0x00001c0100 [0x481fd010]
Apr 19 18:44:06 ubuntu kernel: [    1.397177] Detected VIPT I-cache on CPU42
Apr 19 18:44:06 ubuntu kernel: [    1.397189] GICv3: CPU42: found redistributor 1c0200 region 42:0x00000000aa580000
Apr 19 18:44:06 ubuntu kernel: [    1.397209] GICv3: CPU42: using allocated LPI pending table @0x00000027ff350000
Apr 19 18:44:06 ubuntu kernel: [    1.397248] CPU42: Booted secondary processor 0x00001c0200 [0x481fd010]
Apr 19 18:44:06 ubuntu kernel: [    1.429727] Detected VIPT I-cache on CPU43
Apr 19 18:44:06 ubuntu kernel: [    1.429739] GICv3: CPU43: found redistributor 1c0300 region 43:0x00000000aa5c0000
Apr 19 18:44:06 ubuntu kernel: [    1.429758] GICv3: CPU43: using allocated LPI pending table @0x00000027ff360000
Apr 19 18:44:06 ubuntu kernel: [    1.429796] CPU43: Booted secondary processor 0x00001c0300 [0x481fd010]
Apr 19 18:44:06 ubuntu kernel: [    1.462456] Detected VIPT I-cache on CPU44
Apr 19 18:44:06 ubuntu kernel: [    1.462471] GICv3: CPU44: found redistributor 1d0000 region 44:0x00000000aa600000
Apr 19 18:44:06 ubuntu kernel: [    1.462501] GICv3: CPU44: using allocated LPI pending table @0x00000027ff370000
Apr 19 18:44:06 ubuntu kernel: [    1.462546] CPU44: Booted secondary processor 0x00001d0000 [0x481fd010]
Apr 19 18:44:06 ubuntu kernel: [    1.495174] Detected VIPT I-cache on CPU45
Apr 19 18:44:06 ubuntu kernel: [    1.495186] GICv3: CPU45: found redistributor 1d0100 region 45:0x00000000aa640000
Apr 19 18:44:06 ubuntu kernel: [    1.495206] GICv3: CPU45: using allocated LPI pending table @0x00000027ff380000
Apr 19 18:44:06 ubuntu kernel: [    1.495245] CPU45: Booted secondary processor 0x00001d0100 [0x481fd010]
Apr 19 18:44:06 ubuntu kernel: [    1.527897] Detected VIPT I-cache on CPU46
Apr 19 18:44:06 ubuntu kernel: [    1.527910] GICv3: CPU46: found redistributor 1d0200 region 46:0x00000000aa680000
Apr 19 18:44:06 ubuntu kernel: [    1.527930] GICv3: CPU46: using allocated LPI pending table @0x00000027ff390000
Apr 19 18:44:06 ubuntu kernel: [    1.527968] CPU46: Booted secondary processor 0x00001d0200 [0x481fd010]
Apr 19 18:44:06 ubuntu kernel: [    1.560621] Detected VIPT I-cache on CPU47
Apr 19 18:44:06 ubuntu kernel: [    1.560633] GICv3: CPU47: found redistributor 1d0300 region 47:0x00000000aa6c0000
Apr 19 18:44:06 ubuntu kernel: [    1.560651] GICv3: CPU47: using allocated LPI pending table @0x00000027ff3a0000
Apr 19 18:44:06 ubuntu kernel: [    1.560689] CPU47: Booted secondary processor 0x00001d0300 [0x481fd010]
Apr 19 18:44:06 ubuntu kernel: [    1.593462] Detected VIPT I-cache on CPU48
Apr 19 18:44:06 ubuntu kernel: [    1.593501] GICv3: CPU48: found redistributor 280000 region 48:0x00002000ae100000
Apr 19 18:44:06 ubuntu kernel: [    1.593567] GICv3: CPU48: using allocated LPI pending table @0x00000027ff3b0000
Apr 19 18:44:06 ubuntu kernel: [    1.593639] CPU48: Booted secondary processor 0x0000280000 [0x481fd010]
Apr 19 18:44:06 ubuntu kernel: [    1.626249] Detected VIPT I-cache on CPU49
Apr 19 18:44:06 ubuntu kernel: [    1.626277] GICv3: CPU49: found redistributor 280100 region 49:0x00002000ae140000
Apr 19 18:44:06 ubuntu kernel: [    1.626301] GICv3: CPU49: using allocated LPI pending table @0x00000027ff3c0000
Apr 19 18:44:06 ubuntu kernel: [    1.626352] CPU49: Booted secondary processor 0x0000280100 [0x481fd010]
Apr 19 18:44:06 ubuntu kernel: [    1.659060] Detected VIPT I-cache on CPU50
Apr 19 18:44:06 ubuntu kernel: [    1.659087] GICv3: CPU50: found redistributor 280200 region 50:0x00002000ae180000
Apr 19 18:44:06 ubuntu kernel: [    1.659111] GICv3: CPU50: using allocated LPI pending table @0x00000027ff3d0000
Apr 19 18:44:06 ubuntu kernel: [    1.659163] CPU50: Booted secondary processor 0x0000280200 [0x481fd010]
Apr 19 18:44:06 ubuntu kernel: [    1.691870] Detected VIPT I-cache on CPU51
Apr 19 18:44:06 ubuntu kernel: [    1.691897] GICv3: CPU51: found redistributor 280300 region 51:0x00002000ae1c0000
Apr 19 18:44:06 ubuntu kernel: [    1.691920] GICv3: CPU51: using allocated LPI pending table @0x00000027ff3e0000
Apr 19 18:44:06 ubuntu kernel: [    1.691971] CPU51: Booted secondary processor 0x0000280300 [0x481fd010]
Apr 19 18:44:06 ubuntu kernel: [    1.724858] Detected VIPT I-cache on CPU52
Apr 19 18:44:06 ubuntu kernel: [    1.724888] GICv3: CPU52: found redistributor 290000 region 52:0x00002000ae200000
Apr 19 18:44:06 ubuntu kernel: [    1.724925] GICv3: CPU52: using allocated LPI pending table @0x00000027ff3f0000
Apr 19 18:44:06 ubuntu kernel: [    1.724981] CPU52: Booted secondary processor 0x0000290000 [0x481fd010]
Apr 19 18:44:06 ubuntu kernel: [    1.757838] Detected VIPT I-cache on CPU53
Apr 19 18:44:06 ubuntu kernel: [    1.757866] GICv3: CPU53: found redistributor 290100 region 53:0x00002000ae240000
Apr 19 18:44:06 ubuntu kernel: [    1.757886] GICv3: CPU53: using allocated LPI pending table @0x00000027fec00000
Apr 19 18:44:06 ubuntu kernel: [    1.757937] CPU53: Booted secondary processor 0x0000290100 [0x481fd010]
Apr 19 18:44:06 ubuntu kernel: [    1.790823] Detected VIPT I-cache on CPU54
Apr 19 18:44:06 ubuntu kernel: [    1.790851] GICv3: CPU54: found redistributor 290200 region 54:0x00002000ae280000
Apr 19 18:44:06 ubuntu kernel: [    1.790871] GICv3: CPU54: using allocated LPI pending table @0x00000027fec10000
Apr 19 18:44:06 ubuntu kernel: [    1.790923] CPU54: Booted secondary processor 0x0000290200 [0x481fd010]
Apr 19 18:44:06 ubuntu kernel: [    1.823806] Detected VIPT I-cache on CPU55
Apr 19 18:44:06 ubuntu kernel: [    1.823834] GICv3: CPU55: found redistributor 290300 region 55:0x00002000ae2c0000
Apr 19 18:44:06 ubuntu kernel: [    1.823854] GICv3: CPU55: using allocated LPI pending table @0x00000027fec20000
Apr 19 18:44:06 ubuntu kernel: [    1.823906] CPU55: Booted secondary processor 0x0000290300 [0x481fd010]
Apr 19 18:44:06 ubuntu kernel: [    1.856968] Detected VIPT I-cache on CPU56
Apr 19 18:44:06 ubuntu kernel: [    1.856998] GICv3: CPU56: found redistributor 2a0000 region 56:0x00002000ae300000
Apr 19 18:44:06 ubuntu kernel: [    1.857026] GICv3: CPU56: using allocated LPI pending table @0x00000027fec30000
Apr 19 18:44:06 ubuntu kernel: [    1.857081] CPU56: Booted secondary processor 0x00002a0000 [0x481fd010]
Apr 19 18:44:06 ubuntu kernel: [    1.890121] Detected VIPT I-cache on CPU57
Apr 19 18:44:06 ubuntu kernel: [    1.890150] GICv3: CPU57: found redistributor 2a0100 region 57:0x00002000ae340000
Apr 19 18:44:06 ubuntu kernel: [    1.890169] GICv3: CPU57: using allocated LPI pending table @0x00000027fec40000
Apr 19 18:44:06 ubuntu kernel: [    1.890222] CPU57: Booted secondary processor 0x00002a0100 [0x481fd010]
Apr 19 18:44:06 ubuntu kernel: [    1.923279] Detected VIPT I-cache on CPU58
Apr 19 18:44:06 ubuntu kernel: [    1.923308] GICv3: CPU58: found redistributor 2a0200 region 58:0x00002000ae380000
Apr 19 18:44:06 ubuntu kernel: [    1.923328] GICv3: CPU58: using allocated LPI pending table @0x00000027fec50000
Apr 19 18:44:06 ubuntu kernel: [    1.923380] CPU58: Booted secondary processor 0x00002a0200 [0x481fd010]
Apr 19 18:44:06 ubuntu kernel: [    1.956437] Detected VIPT I-cache on CPU59
Apr 19 18:44:06 ubuntu kernel: [    1.956466] GICv3: CPU59: found redistributor 2a0300 region 59:0x00002000ae3c0000
Apr 19 18:44:06 ubuntu kernel: [    1.956486] GICv3: CPU59: using allocated LPI pending table @0x00000027fec60000
Apr 19 18:44:06 ubuntu kernel: [    1.956538] CPU59: Booted secondary processor 0x00002a0300 [0x481fd010]
Apr 19 18:44:06 ubuntu kernel: [    1.989771] Detected VIPT I-cache on CPU60
Apr 19 18:44:06 ubuntu kernel: [    1.989803] GICv3: CPU60: found redistributor 2b0000 region 60:0x00002000ae400000
Apr 19 18:44:06 ubuntu kernel: [    1.989835] GICv3: CPU60: using allocated LPI pending table @0x00000027fec70000
Apr 19 18:44:06 ubuntu kernel: [    1.989889] CPU60: Booted secondary processor 0x00002b0000 [0x481fd010]
Apr 19 18:44:06 ubuntu kernel: [    2.023099] Detected VIPT I-cache on CPU61
Apr 19 18:44:06 ubuntu kernel: [    2.023128] GICv3: CPU61: found redistributor 2b0100 region 61:0x00002000ae440000
Apr 19 18:44:06 ubuntu kernel: [    2.023150] GICv3: CPU61: using allocated LPI pending table @0x00000027fec80000
Apr 19 18:44:06 ubuntu kernel: [    2.023203] CPU61: Booted secondary processor 0x00002b0100 [0x481fd010]
Apr 19 18:44:06 ubuntu kernel: [    2.056430] Detected VIPT I-cache on CPU62
Apr 19 18:44:06 ubuntu kernel: [    2.056459] GICv3: CPU62: found redistributor 2b0200 region 62:0x00002000ae480000
Apr 19 18:44:06 ubuntu kernel: [    2.056480] GICv3: CPU62: using allocated LPI pending table @0x00000027fec90000
Apr 19 18:44:06 ubuntu kernel: [    2.056532] CPU62: Booted secondary processor 0x00002b0200 [0x481fd010]
Apr 19 18:44:06 ubuntu kernel: [    2.089762] Detected VIPT I-cache on CPU63
Apr 19 18:44:06 ubuntu kernel: [    2.089791] GICv3: CPU63: found redistributor 2b0300 region 63:0x00002000ae4c0000
Apr 19 18:44:06 ubuntu kernel: [    2.089815] GICv3: CPU63: using allocated LPI pending table @0x00000027feca0000
Apr 19 18:44:06 ubuntu kernel: [    2.089867] CPU63: Booted secondary processor 0x00002b0300 [0x481fd010]
Apr 19 18:44:06 ubuntu kernel: [    2.122575] Detected VIPT I-cache on CPU64
Apr 19 18:44:06 ubuntu kernel: [    2.122606] GICv3: CPU64: found redistributor 2c0000 region 64:0x00002000ae500000
Apr 19 18:44:06 ubuntu kernel: [    2.122637] GICv3: CPU64: using allocated LPI pending table @0x00000027fecb0000
Apr 19 18:44:06 ubuntu kernel: [    2.122693] CPU64: Booted secondary processor 0x00002c0000 [0x481fd010]
Apr 19 18:44:06 ubuntu kernel: [    2.155382] Detected VIPT I-cache on CPU65
Apr 19 18:44:06 ubuntu kernel: [    2.155411] GICv3: CPU65: found redistributor 2c0100 region 65:0x00002000ae540000
Apr 19 18:44:06 ubuntu kernel: [    2.155432] GICv3: CPU65: using allocated LPI pending table @0x00000027fecc0000
Apr 19 18:44:06 ubuntu kernel: [    2.155484] CPU65: Booted secondary processor 0x00002c0100 [0x481fd010]
Apr 19 18:44:06 ubuntu kernel: [    2.188193] Detected VIPT I-cache on CPU66
Apr 19 18:44:06 ubuntu kernel: [    2.188222] GICv3: CPU66: found redistributor 2c0200 region 66:0x00002000ae580000
Apr 19 18:44:06 ubuntu kernel: [    2.188244] GICv3: CPU66: using allocated LPI pending table @0x00000027fecd0000
Apr 19 18:44:06 ubuntu kernel: [    2.188296] CPU66: Booted secondary processor 0x00002c0200 [0x481fd010]
Apr 19 18:44:06 ubuntu kernel: [    2.221003] Detected VIPT I-cache on CPU67
Apr 19 18:44:06 ubuntu kernel: [    2.221033] GICv3: CPU67: found redistributor 2c0300 region 67:0x00002000ae5c0000
Apr 19 18:44:06 ubuntu kernel: [    2.221054] GICv3: CPU67: using allocated LPI pending table @0x00000027fece0000
Apr 19 18:44:06 ubuntu kernel: [    2.221106] CPU67: Booted secondary processor 0x00002c0300 [0x481fd010]
Apr 19 18:44:06 ubuntu kernel: [    2.253991] Detected VIPT I-cache on CPU68
Apr 19 18:44:06 ubuntu kernel: [    2.254022] GICv3: CPU68: found redistributor 2d0000 region 68:0x00002000ae600000
Apr 19 18:44:06 ubuntu kernel: [    2.254054] GICv3: CPU68: using allocated LPI pending table @0x00000027fecf0000
Apr 19 18:44:06 ubuntu kernel: [    2.254110] CPU68: Booted secondary processor 0x00002d0000 [0x481fd010]
Apr 19 18:44:06 ubuntu kernel: [    2.286970] Detected VIPT I-cache on CPU69
Apr 19 18:44:06 ubuntu kernel: [    2.287000] GICv3: CPU69: found redistributor 2d0100 region 69:0x00002000ae640000
Apr 19 18:44:06 ubuntu kernel: [    2.287021] GICv3: CPU69: using allocated LPI pending table @0x00000027fed00000
Apr 19 18:44:06 ubuntu kernel: [    2.287073] CPU69: Booted secondary processor 0x00002d0100 [0x481fd010]
Apr 19 18:44:06 ubuntu kernel: [    2.319955] Detected VIPT I-cache on CPU70
Apr 19 18:44:06 ubuntu kernel: [    2.319985] GICv3: CPU70: found redistributor 2d0200 region 70:0x00002000ae680000
Apr 19 18:44:06 ubuntu kernel: [    2.320007] GICv3: CPU70: using allocated LPI pending table @0x00000027fed10000
Apr 19 18:44:06 ubuntu kernel: [    2.320060] CPU70: Booted secondary processor 0x00002d0200 [0x481fd010]
Apr 19 18:44:06 ubuntu kernel: [    2.352939] Detected VIPT I-cache on CPU71
Apr 19 18:44:06 ubuntu kernel: [    2.352969] GICv3: CPU71: found redistributor 2d0300 region 71:0x00002000ae6c0000
Apr 19 18:44:06 ubuntu kernel: [    2.352992] GICv3: CPU71: using allocated LPI pending table @0x00000027fed20000
Apr 19 18:44:06 ubuntu kernel: [    2.353045] CPU71: Booted secondary processor 0x00002d0300 [0x481fd010]
Apr 19 18:44:06 ubuntu kernel: [    2.393068] Detected VIPT I-cache on CPU72
Apr 19 18:44:06 ubuntu kernel: [    2.393121] GICv3: CPU72: found redistributor 380000 region 72:0x00002000aa100000
Apr 19 18:44:06 ubuntu kernel: [    2.393162] GICv3: CPU72: using allocated LPI pending table @0x00000027fed30000
Apr 19 18:44:06 ubuntu kernel: [    2.393249] CPU72: Booted secondary processor 0x0000380000 [0x481fd010]
Apr 19 18:44:06 ubuntu kernel: [    2.433144] Detected VIPT I-cache on CPU73
Apr 19 18:44:06 ubuntu kernel: [    2.433180] GICv3: CPU73: found redistributor 380100 region 73:0x00002000aa140000
Apr 19 18:44:06 ubuntu kernel: [    2.433205] GICv3: CPU73: using allocated LPI pending table @0x00000027fed40000
Apr 19 18:44:06 ubuntu kernel: [    2.433263] CPU73: Booted secondary processor 0x0000380100 [0x481fd010]
Apr 19 18:44:06 ubuntu kernel: [    2.473246] Detected VIPT I-cache on CPU74
Apr 19 18:44:06 ubuntu kernel: [    2.473281] GICv3: CPU74: found redistributor 380200 region 74:0x00002000aa180000
Apr 19 18:44:06 ubuntu kernel: [    2.473304] GICv3: CPU74: using allocated LPI pending table @0x00000027fed50000
Apr 19 18:44:06 ubuntu kernel: [    2.473362] CPU74: Booted secondary processor 0x0000380200 [0x481fd010]
Apr 19 18:44:06 ubuntu kernel: [    2.513347] Detected VIPT I-cache on CPU75
Apr 19 18:44:06 ubuntu kernel: [    2.513382] GICv3: CPU75: found redistributor 380300 region 75:0x00002000aa1c0000
Apr 19 18:44:06 ubuntu kernel: [    2.513406] GICv3: CPU75: using allocated LPI pending table @0x00000027fed60000
Apr 19 18:44:06 ubuntu kernel: [    2.513463] CPU75: Booted secondary processor 0x0000380300 [0x481fd010]
Apr 19 18:44:06 ubuntu kernel: [    2.553626] Detected VIPT I-cache on CPU76
Apr 19 18:44:06 ubuntu kernel: [    2.553663] GICv3: CPU76: found redistributor 390000 region 76:0x00002000aa200000
Apr 19 18:44:06 ubuntu kernel: [    2.553702] GICv3: CPU76: using allocated LPI pending table @0x00000027fed70000
Apr 19 18:44:06 ubuntu kernel: [    2.553763] CPU76: Booted secondary processor 0x0000390000 [0x481fd010]
Apr 19 18:44:06 ubuntu kernel: [    2.593898] Detected VIPT I-cache on CPU77
Apr 19 18:44:06 ubuntu kernel: [    2.593934] GICv3: CPU77: found redistributor 390100 region 77:0x00002000aa240000
Apr 19 18:44:06 ubuntu kernel: [    2.593958] GICv3: CPU77: using allocated LPI pending table @0x00000027fed80000
Apr 19 18:44:06 ubuntu kernel: [    2.594016] CPU77: Booted secondary processor 0x0000390100 [0x481fd010]
Apr 19 18:44:06 ubuntu kernel: [    2.634173] Detected VIPT I-cache on CPU78
Apr 19 18:44:06 ubuntu kernel: [    2.634209] GICv3: CPU78: found redistributor 390200 region 78:0x00002000aa280000
Apr 19 18:44:06 ubuntu kernel: [    2.634232] GICv3: CPU78: using allocated LPI pending table @0x00000027fed90000
Apr 19 18:44:06 ubuntu kernel: [    2.634290] CPU78: Booted secondary processor 0x0000390200 [0x481fd010]
Apr 19 18:44:06 ubuntu kernel: [    2.674448] Detected VIPT I-cache on CPU79
Apr 19 18:44:06 ubuntu kernel: [    2.674485] GICv3: CPU79: found redistributor 390300 region 79:0x00002000aa2c0000
Apr 19 18:44:06 ubuntu kernel: [    2.674508] GICv3: CPU79: using allocated LPI pending table @0x00000027feda0000
Apr 19 18:44:06 ubuntu kernel: [    2.674566] CPU79: Booted secondary processor 0x0000390300 [0x481fd010]
Apr 19 18:44:06 ubuntu kernel: [    2.714900] Detected VIPT I-cache on CPU80
Apr 19 18:44:06 ubuntu kernel: [    2.714939] GICv3: CPU80: found redistributor 3a0000 region 80:0x00002000aa300000
Apr 19 18:44:06 ubuntu kernel: [    2.714973] GICv3: CPU80: using allocated LPI pending table @0x00000027fedb0000
Apr 19 18:44:06 ubuntu kernel: [    2.715034] CPU80: Booted secondary processor 0x00003a0000 [0x481fd010]
Apr 19 18:44:06 ubuntu kernel: [    2.755346] Detected VIPT I-cache on CPU81
Apr 19 18:44:06 ubuntu kernel: [    2.755382] GICv3: CPU81: found redistributor 3a0100 region 81:0x00002000aa340000
Apr 19 18:44:06 ubuntu kernel: [    2.755406] GICv3: CPU81: using allocated LPI pending table @0x00000027fedc0000
Apr 19 18:44:06 ubuntu kernel: [    2.755464] CPU81: Booted secondary processor 0x00003a0100 [0x481fd010]
Apr 19 18:44:06 ubuntu kernel: [    2.795794] Detected VIPT I-cache on CPU82
Apr 19 18:44:06 ubuntu kernel: [    2.795831] GICv3: CPU82: found redistributor 3a0200 region 82:0x00002000aa380000
Apr 19 18:44:06 ubuntu kernel: [    2.795855] GICv3: CPU82: using allocated LPI pending table @0x00000027fedd0000
Apr 19 18:44:06 ubuntu kernel: [    2.795913] CPU82: Booted secondary processor 0x00003a0200 [0x481fd010]
Apr 19 18:44:06 ubuntu kernel: [    2.836243] Detected VIPT I-cache on CPU83
Apr 19 18:44:06 ubuntu kernel: [    2.836280] GICv3: CPU83: found redistributor 3a0300 region 83:0x00002000aa3c0000
Apr 19 18:44:06 ubuntu kernel: [    2.836305] GICv3: CPU83: using allocated LPI pending table @0x00000027fede0000
Apr 19 18:44:06 ubuntu kernel: [    2.836363] CPU83: Booted secondary processor 0x00003a0300 [0x481fd010]
Apr 19 18:44:06 ubuntu kernel: [    2.876869] Detected VIPT I-cache on CPU84
Apr 19 18:44:06 ubuntu kernel: [    2.876908] GICv3: CPU84: found redistributor 3b0000 region 84:0x00002000aa400000
Apr 19 18:44:06 ubuntu kernel: [    2.876943] GICv3: CPU84: using allocated LPI pending table @0x00000027fedf0000
Apr 19 18:44:06 ubuntu kernel: [    2.877004] CPU84: Booted secondary processor 0x00003b0000 [0x481fd010]
Apr 19 18:44:06 ubuntu kernel: [    2.917488] Detected VIPT I-cache on CPU85
Apr 19 18:44:06 ubuntu kernel: [    2.917525] GICv3: CPU85: found redistributor 3b0100 region 85:0x00002000aa440000
Apr 19 18:44:06 ubuntu kernel: [    2.917550] GICv3: CPU85: using allocated LPI pending table @0x00000027fee00000
Apr 19 18:44:06 ubuntu kernel: [    2.917608] CPU85: Booted secondary processor 0x00003b0100 [0x481fd010]
Apr 19 18:44:06 ubuntu kernel: [    2.958111] Detected VIPT I-cache on CPU86
Apr 19 18:44:06 ubuntu kernel: [    2.958148] GICv3: CPU86: found redistributor 3b0200 region 86:0x00002000aa480000
Apr 19 18:44:06 ubuntu kernel: [    2.958174] GICv3: CPU86: using allocated LPI pending table @0x00000027fee10000
Apr 19 18:44:06 ubuntu kernel: [    2.958232] CPU86: Booted secondary processor 0x00003b0200 [0x481fd010]
Apr 19 18:44:06 ubuntu kernel: [    2.998733] Detected VIPT I-cache on CPU87
Apr 19 18:44:06 ubuntu kernel: [    2.998771] GICv3: CPU87: found redistributor 3b0300 region 87:0x00002000aa4c0000
Apr 19 18:44:06 ubuntu kernel: [    2.998795] GICv3: CPU87: using allocated LPI pending table @0x00000027fee20000
Apr 19 18:44:06 ubuntu kernel: [    2.998853] CPU87: Booted secondary processor 0x00003b0300 [0x481fd010]
Apr 19 18:44:06 ubuntu kernel: [    3.038837] Detected VIPT I-cache on CPU88
Apr 19 18:44:06 ubuntu kernel: [    3.038876] GICv3: CPU88: found redistributor 3c0000 region 88:0x00002000aa500000
Apr 19 18:44:06 ubuntu kernel: [    3.038912] GICv3: CPU88: using allocated LPI pending table @0x00000027fee30000
Apr 19 18:44:06 ubuntu kernel: [    3.038974] CPU88: Booted secondary processor 0x00003c0000 [0x481fd010]
Apr 19 18:44:06 ubuntu kernel: [    3.078936] Detected VIPT I-cache on CPU89
Apr 19 18:44:06 ubuntu kernel: [    3.078972] GICv3: CPU89: found redistributor 3c0100 region 89:0x00002000aa540000
Apr 19 18:44:06 ubuntu kernel: [    3.079002] GICv3: CPU89: using allocated LPI pending table @0x00000027fee40000
Apr 19 18:44:06 ubuntu kernel: [    3.079059] CPU89: Booted secondary processor 0x00003c0100 [0x481fd010]
Apr 19 18:44:06 ubuntu kernel: [    3.119037] Detected VIPT I-cache on CPU90
Apr 19 18:44:06 ubuntu kernel: [    3.119074] GICv3: CPU90: found redistributor 3c0200 region 90:0x00002000aa580000
Apr 19 18:44:06 ubuntu kernel: [    3.119100] GICv3: CPU90: using allocated LPI pending table @0x00000027fee50000
Apr 19 18:44:06 ubuntu kernel: [    3.119158] CPU90: Booted secondary processor 0x00003c0200 [0x481fd010]
Apr 19 18:44:06 ubuntu kernel: [    3.159138] Detected VIPT I-cache on CPU91
Apr 19 18:44:06 ubuntu kernel: [    3.159175] GICv3: CPU91: found redistributor 3c0300 region 91:0x00002000aa5c0000
Apr 19 18:44:06 ubuntu kernel: [    3.159202] GICv3: CPU91: using allocated LPI pending table @0x00000027fee60000
Apr 19 18:44:06 ubuntu kernel: [    3.159260] CPU91: Booted secondary processor 0x00003c0300 [0x481fd010]
Apr 19 18:44:06 ubuntu kernel: [    3.199418] Detected VIPT I-cache on CPU92
Apr 19 18:44:06 ubuntu kernel: [    3.199456] GICv3: CPU92: found redistributor 3d0000 region 92:0x00002000aa600000
Apr 19 18:44:06 ubuntu kernel: [    3.199494] GICv3: CPU92: using allocated LPI pending table @0x00000027fee70000
Apr 19 18:44:06 ubuntu kernel: [    3.199556] CPU92: Booted secondary processor 0x00003d0000 [0x481fd010]
Apr 19 18:44:06 ubuntu kernel: [    3.239689] Detected VIPT I-cache on CPU93
Apr 19 18:44:06 ubuntu kernel: [    3.239727] GICv3: CPU93: found redistributor 3d0100 region 93:0x00002000aa640000
Apr 19 18:44:06 ubuntu kernel: [    3.239754] GICv3: CPU93: using allocated LPI pending table @0x00000027fee80000
Apr 19 18:44:06 ubuntu kernel: [    3.239812] CPU93: Booted secondary processor 0x00003d0100 [0x481fd010]
Apr 19 18:44:06 ubuntu kernel: [    3.279965] Detected VIPT I-cache on CPU94
Apr 19 18:44:06 ubuntu kernel: [    3.280003] GICv3: CPU94: found redistributor 3d0200 region 94:0x00002000aa680000
Apr 19 18:44:06 ubuntu kernel: [    3.280029] GICv3: CPU94: using allocated LPI pending table @0x00000027fee90000
Apr 19 18:44:06 ubuntu kernel: [    3.280087] CPU94: Booted secondary processor 0x00003d0200 [0x481fd010]
Apr 19 18:44:06 ubuntu kernel: [    3.320240] Detected VIPT I-cache on CPU95
Apr 19 18:44:06 ubuntu kernel: [    3.320278] GICv3: CPU95: found redistributor 3d0300 region 95:0x00002000aa6c0000
Apr 19 18:44:06 ubuntu kernel: [    3.320304] GICv3: CPU95: using allocated LPI pending table @0x00000027feea0000
Apr 19 18:44:06 ubuntu kernel: [    3.320363] CPU95: Booted secondary processor 0x00003d0300 [0x481fd010]
Apr 19 18:44:06 ubuntu kernel: [    3.321194] smp: Brought up 4 nodes, 96 CPUs
Apr 19 18:44:06 ubuntu kernel: [    3.321736] SMP: Total of 96 processors activated.
Apr 19 18:44:06 ubuntu kernel: [    3.321738] CPU features: detected: Privileged Access Never
Apr 19 18:44:06 ubuntu kernel: [    3.321740] CPU features: detected: LSE atomic instructions
Apr 19 18:44:06 ubuntu kernel: [    3.321742] CPU features: detected: User Access Override
Apr 19 18:44:06 ubuntu kernel: [    3.321744] CPU features: detected: Common not Private translations
Apr 19 18:44:06 ubuntu kernel: [    3.321746] CPU features: detected: Data cache clean to Point of Persistence
Apr 19 18:44:06 ubuntu kernel: [    3.321748] CPU features: detected: RAS Extension Support
Apr 19 18:44:06 ubuntu kernel: [    3.321750] CPU features: detected: CRC32 instructions
Apr 19 18:44:06 ubuntu kernel: [    3.386702] CPU: All CPU(s) started at EL2
Apr 19 18:44:06 ubuntu kernel: [    3.402648] devtmpfs: initialized
Apr 19 18:44:06 ubuntu kernel: [    3.405436] Registered cp15_barrier emulation handler
Apr 19 18:44:06 ubuntu kernel: [    3.405476] Registered setend emulation handler
Apr 19 18:44:06 ubuntu kernel: [    3.405482] KASLR disabled due to lack of seed
Apr 19 18:44:06 ubuntu kernel: [    3.405896] clocksource: jiffies: mask: 0xffffffff max_cycles: 0xffffffff, max_idle_ns: 7645041785100000 ns
Apr 19 18:44:06 ubuntu kernel: [    3.406368] futex hash table entries: 32768 (order: 9, 2097152 bytes, vmalloc)
Apr 19 18:44:06 ubuntu kernel: [    3.407246] pinctrl core: initialized pinctrl subsystem
Apr 19 18:44:06 ubuntu kernel: [    3.407423] thermal_sys: Registered thermal governor 'fair_share'
Apr 19 18:44:06 ubuntu kernel: [    3.407424] thermal_sys: Registered thermal governor 'bang_bang'
Apr 19 18:44:06 ubuntu kernel: [    3.407428] thermal_sys: Registered thermal governor 'step_wise'
Apr 19 18:44:06 ubuntu kernel: [    3.407430] thermal_sys: Registered thermal governor 'user_space'
Apr 19 18:44:06 ubuntu kernel: [    3.407514] SMBIOS 3.1.1 present.
Apr 19 18:44:06 ubuntu kernel: [    3.407520] DMI: Huawei TaiShan 200 (Model 2280)/BC82AMDDA, BIOS 1.06 10/29/2019
Apr 19 18:44:06 ubuntu kernel: [    3.407863] NET: Registered protocol family 16
Apr 19 18:44:06 ubuntu kernel: [    3.408986] DMA: preallocated 256 KiB pool for atomic allocations
Apr 19 18:44:06 ubuntu kernel: [    3.408991] audit: initializing netlink subsys (disabled)
Apr 19 18:44:06 ubuntu kernel: [    3.409034] audit: type=2000 audit(0.484:1): state=initialized audit_enabled=0 res=1
Apr 19 18:44:06 ubuntu kernel: [    3.409345] cpuidle: using governor ladder
Apr 19 18:44:06 ubuntu kernel: [    3.409417] cpuidle: using governor menu
Apr 19 18:44:06 ubuntu kernel: [    3.409427] Detected 1 PCC Subspaces
Apr 19 18:44:06 ubuntu kernel: [    3.409455] Registering PCC driver as Mailbox controller
Apr 19 18:44:06 ubuntu kernel: [    3.409535] hw-breakpoint: found 6 breakpoint and 4 watchpoint registers.
Apr 19 18:44:06 ubuntu kernel: [    3.410398] ASID allocator initialised with 65536 entries
Apr 19 18:44:06 ubuntu kernel: [    3.410549] ACPI: bus type PCI registered
Apr 19 18:44:06 ubuntu kernel: [    3.410553] acpiphp: ACPI Hot Plug PCI Controller Driver version: 0.5
Apr 19 18:44:06 ubuntu kernel: [    3.410716] Serial: AMBA PL011 UART driver
Apr 19 18:44:06 ubuntu kernel: [    3.417885] HugeTLB registered 1.00 GiB page size, pre-allocated 0 pages
Apr 19 18:44:06 ubuntu kernel: [    3.417889] HugeTLB registered 32.0 MiB page size, pre-allocated 0 pages
Apr 19 18:44:06 ubuntu kernel: [    3.417892] HugeTLB registered 2.00 MiB page size, pre-allocated 0 pages
Apr 19 18:44:06 ubuntu kernel: [    3.417894] HugeTLB registered 64.0 KiB page size, pre-allocated 0 pages
Apr 19 18:44:06 ubuntu kernel: [    3.421481] fbcon: Taking over console
Apr 19 18:44:06 ubuntu kernel: [    3.421887] ACPI: Added _OSI(Module Device)
Apr 19 18:44:06 ubuntu kernel: [    3.421889] ACPI: Added _OSI(Processor Device)
Apr 19 18:44:06 ubuntu kernel: [    3.421892] ACPI: Added _OSI(3.0 _SCP Extensions)
Apr 19 18:44:06 ubuntu kernel: [    3.421894] ACPI: Added _OSI(Processor Aggregator Device)
Apr 19 18:44:06 ubuntu kernel: [    3.421896] ACPI: Added _OSI(Linux-Dell-Video)
Apr 19 18:44:06 ubuntu kernel: [    3.421899] ACPI: Added _OSI(Linux-Lenovo-NV-HDMI-Audio)
Apr 19 18:44:06 ubuntu kernel: [    3.421901] ACPI: Added _OSI(Linux-HPI-Hybrid-Graphics)
Apr 19 18:44:06 ubuntu kernel: [    3.431035] ACPI: 2 ACPI AML tables successfully acquired and loaded
Apr 19 18:44:06 ubuntu kernel: [    3.434475] ACPI: Interpreter enabled
Apr 19 18:44:06 ubuntu kernel: [    3.434478] ACPI: Using GIC for interrupt routing
Apr 19 18:44:06 ubuntu kernel: [    3.434494] ACPI: MCFG table detected, 1 entries
Apr 19 18:44:06 ubuntu kernel: [    3.434497] ACPI: IORT: [Firmware Bug]: ID count for ID mapping entry is wrong, applying workaround
Apr 19 18:44:06 ubuntu kernel: [    3.434501] ACPI: IORT: SMMU-v3[148000000] Mapped to Proximity domain 0
Apr 19 18:44:06 ubuntu kernel: [    3.434559] ACPI: IORT: SMMU-v3[201000000] Mapped to Proximity domain 0
Apr 19 18:44:06 ubuntu kernel: [    3.434584] ACPI: IORT: SMMU-v3[100000000] Mapped to Proximity domain 0
Apr 19 18:44:06 ubuntu kernel: [    3.434610] ACPI: IORT: SMMU-v3[140000000] Mapped to Proximity domain 0
Apr 19 18:44:06 ubuntu kernel: [    3.434632] ACPI: IORT: SMMU-v3[200148000000] Mapped to Proximity domain 2
Apr 19 18:44:06 ubuntu kernel: [    3.434656] ACPI: IORT: SMMU-v3[200201000000] Mapped to Proximity domain 2
Apr 19 18:44:06 ubuntu kernel: [    3.434678] ACPI: IORT: SMMU-v3[200100000000] Mapped to Proximity domain 2
Apr 19 18:44:06 ubuntu kernel: [    3.434701] ACPI: IORT: SMMU-v3[200140000000] Mapped to Proximity domain 2
Apr 19 18:44:06 ubuntu kernel: [    3.435393] HEST: Table parsing has been initialized.
Apr 19 18:44:06 ubuntu kernel: [    3.463786] ACPI: PCI Root Bridge [PCI0] (domain 0000 [bus 00-3f])
Apr 19 18:44:06 ubuntu kernel: [    3.463795] acpi PNP0A08:00: _OSC: OS supports [ExtendedConfig ASPM ClockPM Segments MSI HPX-Type3]
Apr 19 18:44:06 ubuntu kernel: [    3.463900] acpi PNP0A08:00: _OSC: platform does not support [SHPCHotplug LTR]
Apr 19 18:44:06 ubuntu kernel: [    3.463990] acpi PNP0A08:00: _OSC: OS now controls [PCIeHotplug PME AER PCIeCapability]
Apr 19 18:44:06 ubuntu kernel: [    3.464586] acpi PNP0A08:00: ECAM area [mem 0xd0000000-0xd3ffffff] reserved by PNP0C02:00
Apr 19 18:44:06 ubuntu kernel: [    3.464598] acpi PNP0A08:00: ECAM at [mem 0xd0000000-0xd3ffffff] for [bus 00-3f]
Apr 19 18:44:06 ubuntu kernel: [    3.464624] Remapped I/O 0x00000000f7ff0000 to [io  0x0000-0xffff window]
Apr 19 18:44:06 ubuntu kernel: [    3.464687] PCI host bridge to bus 0000:00
Apr 19 18:44:06 ubuntu kernel: [    3.464690] pci_bus 0000:00: root bus resource [mem 0x80000000000-0x82fffffffff pref window]
Apr 19 18:44:06 ubuntu kernel: [    3.464694] pci_bus 0000:00: root bus resource [mem 0xe0000000-0xf7feffff window]
Apr 19 18:44:06 ubuntu kernel: [    3.464697] pci_bus 0000:00: root bus resource [io  0x0000-0xffff window]
Apr 19 18:44:06 ubuntu kernel: [    3.464700] pci_bus 0000:00: root bus resource [bus 00-3f]
Apr 19 18:44:06 ubuntu kernel: [    3.464732] pci 0000:00:00.0: [19e5:a120] type 01 class 0x060400
Apr 19 18:44:06 ubuntu kernel: [    3.464799] pci 0000:00:00.0: PME# supported from D0 D1 D2 D3hot D3cold
Apr 19 18:44:06 ubuntu kernel: [    3.464876] pci 0000:00:04.0: [19e5:a120] type 01 class 0x060400
Apr 19 18:44:06 ubuntu kernel: [    3.464937] pci 0000:00:04.0: PME# supported from D0 D1 D2 D3hot D3cold
Apr 19 18:44:06 ubuntu kernel: [    3.465002] pci 0000:00:08.0: [19e5:a120] type 01 class 0x060400
Apr 19 18:44:06 ubuntu kernel: [    3.465058] pci 0000:00:08.0: PME# supported from D0 D1 D2 D3hot D3cold
Apr 19 18:44:06 ubuntu kernel: [    3.465118] pci 0000:00:0c.0: [19e5:a120] type 01 class 0x060400
Apr 19 18:44:06 ubuntu kernel: [    3.465172] pci 0000:00:0c.0: PME# supported from D0 D1 D2 D3hot D3cold
Apr 19 18:44:06 ubuntu kernel: [    3.465232] pci 0000:00:10.0: [19e5:a120] type 01 class 0x060400
Apr 19 18:44:06 ubuntu kernel: [    3.465286] pci 0000:00:10.0: PME# supported from D0 D1 D2 D3hot D3cold
Apr 19 18:44:06 ubuntu kernel: [    3.465346] pci 0000:00:11.0: [19e5:a120] type 01 class 0x060400
Apr 19 18:44:06 ubuntu kernel: [    3.465400] pci 0000:00:11.0: PME# supported from D0 D1 D2 D3hot D3cold
Apr 19 18:44:06 ubuntu kernel: [    3.465460] pci 0000:00:12.0: [19e5:a120] type 01 class 0x060400
Apr 19 18:44:06 ubuntu kernel: [    3.465514] pci 0000:00:12.0: PME# supported from D0 D1 D2 D3hot D3cold
Apr 19 18:44:06 ubuntu kernel: [    3.465650] pci 0000:03:00.0: [1000:0016] type 00 class 0x010400
Apr 19 18:44:06 ubuntu kernel: [    3.465672] pci 0000:03:00.0: reg 0x10: [mem 0x80000100000-0x800001fffff 64bit pref]
Apr 19 18:44:06 ubuntu kernel: [    3.465682] pci 0000:03:00.0: reg 0x18: [mem 0x80000000000-0x800000fffff 64bit pref]
Apr 19 18:44:06 ubuntu kernel: [    3.465690] pci 0000:03:00.0: reg 0x20: [mem 0xe6400000-0xe64fffff]
Apr 19 18:44:06 ubuntu kernel: [    3.465698] pci 0000:03:00.0: reg 0x24: [io  0x0000-0x00ff]
Apr 19 18:44:06 ubuntu kernel: [    3.465705] pci 0000:03:00.0: reg 0x30: [mem 0xe6300000-0xe63fffff pref]
Apr 19 18:44:06 ubuntu kernel: [    3.465773] pci 0000:03:00.0: supports D1 D2
Apr 19 18:44:06 ubuntu kernel: [    3.465918] pci 0000:05:00.0: [19e5:1710] type 00 class 0x118000
Apr 19 18:44:06 ubuntu kernel: [    3.465943] pci 0000:05:00.0: reg 0x10: [mem 0xe0000000-0xe3ffffff pref]
Apr 19 18:44:06 ubuntu kernel: [    3.465954] pci 0000:05:00.0: reg 0x14: [mem 0xe6200000-0xe62fffff]
Apr 19 18:44:06 ubuntu kernel: [    3.466104] pci 0000:05:00.0: supports D1
Apr 19 18:44:06 ubuntu kernel: [    3.466106] pci 0000:05:00.0: PME# supported from D0 D1 D3hot
Apr 19 18:44:06 ubuntu kernel: [    3.466245] pci 0000:06:00.0: [19e5:1711] type 00 class 0x030000
Apr 19 18:44:06 ubuntu kernel: [    3.466277] pci 0000:06:00.0: reg 0x10: [mem 0xe4000000-0xe5ffffff pref]
Apr 19 18:44:06 ubuntu kernel: [    3.466290] pci 0000:06:00.0: reg 0x14: [mem 0xe6000000-0xe61fffff]
Apr 19 18:44:06 ubuntu kernel: [    3.466415] pci 0000:06:00.0: BAR 0: assigned to efifb
Apr 19 18:44:06 ubuntu kernel: [    3.466475] pci 0000:06:00.0: supports D1
Apr 19 18:44:06 ubuntu kernel: [    3.466477] pci 0000:06:00.0: PME# supported from D0 D1 D3hot
Apr 19 18:44:06 ubuntu kernel: [    3.466618] pci_bus 0000:00: on NUMA node 0
Apr 19 18:44:06 ubuntu kernel: [    3.466620] pci 0000:00:00.0: PCI bridge to [bus 01]
Apr 19 18:44:06 ubuntu kernel: [    3.466625] pci 0000:00:04.0: PCI bridge to [bus 02]
Apr 19 18:44:06 ubuntu kernel: [    3.466629] pci 0000:00:08.0: PCI bridge to [bus 03]
Apr 19 18:44:06 ubuntu kernel: [    3.466632] pci 0000:00:08.0:   bridge window [io  0x0000-0x0fff]
Apr 19 18:44:06 ubuntu kernel: [    3.466635] pci 0000:00:08.0:   bridge window [mem 0xe6300000-0xe64fffff]
Apr 19 18:44:06 ubuntu kernel: [    3.466639] pci 0000:00:08.0:   bridge window [mem 0x80000000000-0x800001fffff 64bit pref]
Apr 19 18:44:06 ubuntu kernel: [    3.466643] pci 0000:00:0c.0: PCI bridge to [bus 04]
Apr 19 18:44:06 ubuntu kernel: [    3.466647] pci 0000:00:10.0: PCI bridge to [bus 05]
Apr 19 18:44:06 ubuntu kernel: [    3.466651] pci 0000:00:10.0:   bridge window [mem 0xe6200000-0xe62fffff]
Apr 19 18:44:06 ubuntu kernel: [    3.466654] pci 0000:00:10.0:   bridge window [mem 0xe0000000-0xe3ffffff 64bit pref]
Apr 19 18:44:06 ubuntu kernel: [    3.466657] pci 0000:00:11.0: PCI bridge to [bus 06]
Apr 19 18:44:06 ubuntu kernel: [    3.466661] pci 0000:00:11.0:   bridge window [mem 0xe6000000-0xe61fffff]
Apr 19 18:44:06 ubuntu kernel: [    3.466664] pci 0000:00:11.0:   bridge window [mem 0xe4000000-0xe5ffffff 64bit pref]
Apr 19 18:44:06 ubuntu kernel: [    3.466667] pci 0000:00:12.0: PCI bridge to [bus 07]
Apr 19 18:44:06 ubuntu kernel: [    3.466678] pci 0000:00:00.0: PCI bridge to [bus 01]
Apr 19 18:44:06 ubuntu kernel: [    3.466683] pci 0000:00:04.0: PCI bridge to [bus 02]
Apr 19 18:44:06 ubuntu kernel: [    3.466688] pci 0000:00:08.0: PCI bridge to [bus 03]
Apr 19 18:44:06 ubuntu kernel: [    3.466690] pci 0000:00:08.0:   bridge window [io  0x0000-0x0fff]
Apr 19 18:44:06 ubuntu kernel: [    3.466694] pci 0000:00:08.0:   bridge window [mem 0xe6300000-0xe64fffff]
Apr 19 18:44:06 ubuntu kernel: [    3.466697] pci 0000:00:08.0:   bridge window [mem 0x80000000000-0x800001fffff 64bit pref]
Apr 19 18:44:06 ubuntu kernel: [    3.466701] pci 0000:00:0c.0: PCI bridge to [bus 04]
Apr 19 18:44:06 ubuntu kernel: [    3.466706] pci 0000:00:10.0: PCI bridge to [bus 05]
Apr 19 18:44:06 ubuntu kernel: [    3.466709] pci 0000:00:10.0:   bridge window [mem 0xe6200000-0xe62fffff]
Apr 19 18:44:06 ubuntu kernel: [    3.466712] pci 0000:00:10.0:   bridge window [mem 0xe0000000-0xe3ffffff 64bit pref]
Apr 19 18:44:06 ubuntu kernel: [    3.466716] pci 0000:00:11.0: PCI bridge to [bus 06]
Apr 19 18:44:06 ubuntu kernel: [    3.466719] pci 0000:00:11.0:   bridge window [mem 0xe6000000-0xe61fffff]
Apr 19 18:44:06 ubuntu kernel: [    3.466722] pci 0000:00:11.0:   bridge window [mem 0xe4000000-0xe5ffffff 64bit pref]
Apr 19 18:44:06 ubuntu kernel: [    3.466726] pci 0000:00:12.0: PCI bridge to [bus 07]
Apr 19 18:44:06 ubuntu kernel: [    3.466731] pci_bus 0000:00: resource 4 [mem 0x80000000000-0x82fffffffff pref window]
Apr 19 18:44:06 ubuntu kernel: [    3.466734] pci_bus 0000:00: resource 5 [mem 0xe0000000-0xf7feffff window]
Apr 19 18:44:06 ubuntu kernel: [    3.466737] pci_bus 0000:00: resource 6 [io  0x0000-0xffff window]
Apr 19 18:44:06 ubuntu kernel: [    3.466740] pci_bus 0000:03: resource 0 [io  0x0000-0x0fff]
Apr 19 18:44:06 ubuntu kernel: [    3.466743] pci_bus 0000:03: resource 1 [mem 0xe6300000-0xe64fffff]
Apr 19 18:44:06 ubuntu kernel: [    3.466745] pci_bus 0000:03: resource 2 [mem 0x80000000000-0x800001fffff 64bit pref]
Apr 19 18:44:06 ubuntu kernel: [    3.466748] pci_bus 0000:05: resource 1 [mem 0xe6200000-0xe62fffff]
Apr 19 18:44:06 ubuntu kernel: [    3.466751] pci_bus 0000:05: resource 2 [mem 0xe0000000-0xe3ffffff 64bit pref]
Apr 19 18:44:06 ubuntu kernel: [    3.466754] pci_bus 0000:06: resource 1 [mem 0xe6000000-0xe61fffff]
Apr 19 18:44:06 ubuntu kernel: [    3.466757] pci_bus 0000:06: resource 2 [mem 0xe4000000-0xe5ffffff 64bit pref]
Apr 19 18:44:06 ubuntu kernel: [    3.466810] ACPI: PCI Root Bridge [PCI1] (domain 0000 [bus 7b])
Apr 19 18:44:06 ubuntu kernel: [    3.466815] acpi PNP0A08:01: _OSC: OS supports [ExtendedConfig ASPM ClockPM Segments MSI HPX-Type3]
Apr 19 18:44:06 ubuntu kernel: [    3.466913] acpi PNP0A08:01: _OSC: platform does not support [PCIeHotplug SHPCHotplug PME AER LTR]
Apr 19 18:44:06 ubuntu kernel: [    3.467000] acpi PNP0A08:01: _OSC: OS now controls [PCIeCapability]
Apr 19 18:44:06 ubuntu kernel: [    3.467583] acpi PNP0A08:01: ECAM area [mem 0xd7b00000-0xd7bfffff] reserved by PNP0C02:00
Apr 19 18:44:06 ubuntu kernel: [    3.467600] acpi PNP0A08:01: ECAM at [mem 0xd7b00000-0xd7bfffff] for [bus 7b]
Apr 19 18:44:06 ubuntu kernel: [    3.467654] PCI host bridge to bus 0000:7b
Apr 19 18:44:06 ubuntu kernel: [    3.467657] pci_bus 0000:7b: root bus resource [mem 0x148800000-0x148ffffff pref window]
Apr 19 18:44:06 ubuntu kernel: [    3.467660] pci_bus 0000:7b: root bus resource [bus 7b]
Apr 19 18:44:06 ubuntu kernel: [    3.467668] pci 0000:7b:00.0: [19e5:a122] type 00 class 0x088000
Apr 19 18:44:06 ubuntu kernel: [    3.467677] pci 0000:7b:00.0: reg 0x18: [mem 0x00000000-0x00003fff 64bit pref]
Apr 19 18:44:06 ubuntu kernel: [    3.467735] pci_bus 0000:7b: on NUMA node 0
Apr 19 18:44:06 ubuntu kernel: [    3.467739] pci 0000:7b:00.0: BAR 2: assigned [mem 0x148800000-0x148803fff 64bit pref]
Apr 19 18:44:06 ubuntu kernel: [    3.467744] pci_bus 0000:7b: resource 4 [mem 0x148800000-0x148ffffff pref window]
Apr 19 18:44:06 ubuntu kernel: [    3.467787] ACPI: PCI Root Bridge [PCI2] (domain 0000 [bus 7a])
Apr 19 18:44:06 ubuntu kernel: [    3.467792] acpi PNP0A08:02: _OSC: OS supports [ExtendedConfig ASPM ClockPM Segments MSI HPX-Type3]
Apr 19 18:44:06 ubuntu kernel: [    3.467886] acpi PNP0A08:02: _OSC: platform does not support [PCIeHotplug SHPCHotplug PME AER LTR]
Apr 19 18:44:06 ubuntu kernel: [    3.467973] acpi PNP0A08:02: _OSC: OS now controls [PCIeCapability]
Apr 19 18:44:06 ubuntu kernel: [    3.468546] acpi PNP0A08:02: ECAM area [mem 0xd7a00000-0xd7afffff] reserved by PNP0C02:00
Apr 19 18:44:06 ubuntu kernel: [    3.468562] acpi PNP0A08:02: ECAM at [mem 0xd7a00000-0xd7afffff] for [bus 7a]
Apr 19 18:44:06 ubuntu kernel: [    3.468615] PCI host bridge to bus 0000:7a
Apr 19 18:44:06 ubuntu kernel: [    3.468618] pci_bus 0000:7a: root bus resource [mem 0x20c000000-0x20c1fffff pref window]
Apr 19 18:44:06 ubuntu kernel: [    3.468621] pci_bus 0000:7a: root bus resource [bus 7a]
Apr 19 18:44:06 ubuntu kernel: [    3.468629] pci 0000:7a:00.0: [19e5:a23b] type 00 class 0x0c0310
Apr 19 18:44:06 ubuntu kernel: [    3.468635] pci 0000:7a:00.0: reg 0x10: [mem 0x20c100000-0x20c100fff 64bit pref]
Apr 19 18:44:06 ubuntu kernel: [    3.468688] pci 0000:7a:01.0: [19e5:a239] type 00 class 0x0c0320
Apr 19 18:44:06 ubuntu kernel: [    3.468695] pci 0000:7a:01.0: reg 0x10: [mem 0x20c101000-0x20c101fff 64bit pref]
Apr 19 18:44:06 ubuntu kernel: [    3.468748] pci 0000:7a:02.0: [19e5:a238] type 00 class 0x0c0330
Apr 19 18:44:06 ubuntu kernel: [    3.468754] pci 0000:7a:02.0: reg 0x10: [mem 0x20c000000-0x20c0fffff 64bit pref]
Apr 19 18:44:06 ubuntu kernel: [    3.468811] pci_bus 0000:7a: on NUMA node 0
Apr 19 18:44:06 ubuntu kernel: [    3.468815] pci 0000:7a:02.0: BAR 0: assigned [mem 0x20c000000-0x20c0fffff 64bit pref]
Apr 19 18:44:06 ubuntu kernel: [    3.468820] pci 0000:7a:00.0: BAR 0: assigned [mem 0x20c100000-0x20c100fff 64bit pref]
Apr 19 18:44:06 ubuntu kernel: [    3.468825] pci 0000:7a:01.0: BAR 0: assigned [mem 0x20c101000-0x20c101fff 64bit pref]
Apr 19 18:44:06 ubuntu kernel: [    3.468830] pci_bus 0000:7a: resource 4 [mem 0x20c000000-0x20c1fffff pref window]
Apr 19 18:44:06 ubuntu kernel: [    3.468872] ACPI: PCI Root Bridge [PCI3] (domain 0000 [bus 78-79])
Apr 19 18:44:06 ubuntu kernel: [    3.468876] acpi PNP0A08:03: _OSC: OS supports [ExtendedConfig ASPM ClockPM Segments MSI HPX-Type3]
Apr 19 18:44:06 ubuntu kernel: [    3.468975] acpi PNP0A08:03: _OSC: platform does not support [PCIeHotplug SHPCHotplug PME AER LTR]
Apr 19 18:44:06 ubuntu kernel: [    3.469062] acpi PNP0A08:03: _OSC: OS now controls [PCIeCapability]
Apr 19 18:44:06 ubuntu kernel: [    3.469637] acpi PNP0A08:03: ECAM area [mem 0xd7800000-0xd79fffff] reserved by PNP0C02:00
Apr 19 18:44:06 ubuntu kernel: [    3.469644] acpi PNP0A08:03: ECAM at [mem 0xd7800000-0xd79fffff] for [bus 78-79]
Apr 19 18:44:06 ubuntu kernel: [    3.469713] PCI host bridge to bus 0000:78
Apr 19 18:44:06 ubuntu kernel: [    3.469716] pci_bus 0000:78: root bus resource [mem 0x208000000-0x208bfffff pref window]
Apr 19 18:44:06 ubuntu kernel: [    3.469719] pci_bus 0000:78: root bus resource [bus 78-79]
Apr 19 18:44:06 ubuntu kernel: [    3.469732] pci_bus 0000:78: on NUMA node 0
Apr 19 18:44:06 ubuntu kernel: [    3.469734] pci_bus 0000:78: resource 4 [mem 0x208000000-0x208bfffff pref window]
Apr 19 18:44:06 ubuntu kernel: [    3.469779] ACPI: PCI Root Bridge [PCI4] (domain 0000 [bus 7c-7d])
Apr 19 18:44:06 ubuntu kernel: [    3.469784] acpi PNP0A08:04: _OSC: OS supports [ExtendedConfig ASPM ClockPM Segments MSI HPX-Type3]
Apr 19 18:44:06 ubuntu kernel: [    3.469877] acpi PNP0A08:04: _OSC: platform does not support [PCIeHotplug SHPCHotplug PME AER LTR]
Apr 19 18:44:06 ubuntu kernel: [    3.469963] acpi PNP0A08:04: _OSC: OS now controls [PCIeCapability]
Apr 19 18:44:06 ubuntu kernel: [    3.470532] acpi PNP0A08:04: ECAM area [mem 0xd7c00000-0xd7dfffff] reserved by PNP0C02:00
Apr 19 18:44:06 ubuntu kernel: [    3.470538] acpi PNP0A08:04: ECAM at [mem 0xd7c00000-0xd7dfffff] for [bus 7c-7d]
Apr 19 18:44:06 ubuntu kernel: [    3.470591] PCI host bridge to bus 0000:7c
Apr 19 18:44:06 ubuntu kernel: [    3.470594] pci_bus 0000:7c: root bus resource [mem 0x120000000-0x13fffffff pref window]
Apr 19 18:44:06 ubuntu kernel: [    3.470597] pci_bus 0000:7c: root bus resource [bus 7c-7d]
Apr 19 18:44:06 ubuntu kernel: [    3.470604] pci 0000:7c:00.0: [19e5:a121] type 01 class 0x060400
Apr 19 18:44:06 ubuntu kernel: [    3.470615] pci 0000:7c:00.0: enabling Extended Tags
Apr 19 18:44:06 ubuntu kernel: [    3.470691] pci 0000:7d:00.0: [19e5:a222] type 00 class 0x020000
Apr 19 18:44:06 ubuntu kernel: [    3.470699] pci 0000:7d:00.0: reg 0x10: [mem 0x1210f0000-0x1210fffff 64bit pref]
Apr 19 18:44:06 ubuntu kernel: [    3.470704] pci 0000:7d:00.0: reg 0x18: [mem 0x120f00000-0x120ffffff 64bit pref]
Apr 19 18:44:06 ubuntu kernel: [    3.470727] pci 0000:7d:00.0: reg 0x224: [mem 0x1210c0000-0x1210cffff 64bit pref]
Apr 19 18:44:06 ubuntu kernel: [    3.470731] pci 0000:7d:00.0: VF(n) BAR0 space: [mem 0x1210c0000-0x1210effff 64bit pref] (contains BAR0 for 3 VFs)
Apr 19 18:44:06 ubuntu kernel: [    3.470736] pci 0000:7d:00.0: reg 0x22c: [mem 0x120c00000-0x120cfffff 64bit pref]
Apr 19 18:44:06 ubuntu kernel: [    3.470739] pci 0000:7d:00.0: VF(n) BAR2 space: [mem 0x120c00000-0x120efffff 64bit pref] (contains BAR2 for 3 VFs)
Apr 19 18:44:06 ubuntu kernel: [    3.470794] pci 0000:7d:00.1: [19e5:a221] type 00 class 0x020000
Apr 19 18:44:06 ubuntu kernel: [    3.470800] pci 0000:7d:00.1: reg 0x10: [mem 0x1210b0000-0x1210bffff 64bit pref]
Apr 19 18:44:06 ubuntu kernel: [    3.470805] pci 0000:7d:00.1: reg 0x18: [mem 0x120b00000-0x120bfffff 64bit pref]
Apr 19 18:44:06 ubuntu kernel: [    3.470827] pci 0000:7d:00.1: reg 0x224: [mem 0x121080000-0x12108ffff 64bit pref]
Apr 19 18:44:06 ubuntu kernel: [    3.470831] pci 0000:7d:00.1: VF(n) BAR0 space: [mem 0x121080000-0x1210affff 64bit pref] (contains BAR0 for 3 VFs)
Apr 19 18:44:06 ubuntu kernel: [    3.470836] pci 0000:7d:00.1: reg 0x22c: [mem 0x120800000-0x1208fffff 64bit pref]
Apr 19 18:44:06 ubuntu kernel: [    3.470839] pci 0000:7d:00.1: VF(n) BAR2 space: [mem 0x120800000-0x120afffff 64bit pref] (contains BAR2 for 3 VFs)
Apr 19 18:44:06 ubuntu kernel: [    3.470890] pci 0000:7d:00.2: [19e5:a222] type 00 class 0x020000
Apr 19 18:44:06 ubuntu kernel: [    3.470896] pci 0000:7d:00.2: reg 0x10: [mem 0x121070000-0x12107ffff 64bit pref]
Apr 19 18:44:06 ubuntu kernel: [    3.470901] pci 0000:7d:00.2: reg 0x18: [mem 0x120700000-0x1207fffff 64bit pref]
Apr 19 18:44:06 ubuntu kernel: [    3.470923] pci 0000:7d:00.2: reg 0x224: [mem 0x121040000-0x12104ffff 64bit pref]
Apr 19 18:44:06 ubuntu kernel: [    3.470926] pci 0000:7d:00.2: VF(n) BAR0 space: [mem 0x121040000-0x12106ffff 64bit pref] (contains BAR0 for 3 VFs)
Apr 19 18:44:06 ubuntu kernel: [    3.470931] pci 0000:7d:00.2: reg 0x22c: [mem 0x120400000-0x1204fffff 64bit pref]
Apr 19 18:44:06 ubuntu kernel: [    3.470935] pci 0000:7d:00.2: VF(n) BAR2 space: [mem 0x120400000-0x1206fffff 64bit pref] (contains BAR2 for 3 VFs)
Apr 19 18:44:06 ubuntu kernel: [    3.470984] pci 0000:7d:00.3: [19e5:a221] type 00 class 0x020000
Apr 19 18:44:06 ubuntu kernel: [    3.470991] pci 0000:7d:00.3: reg 0x10: [mem 0x121030000-0x12103ffff 64bit pref]
Apr 19 18:44:06 ubuntu kernel: [    3.470996] pci 0000:7d:00.3: reg 0x18: [mem 0x120300000-0x1203fffff 64bit pref]
Apr 19 18:44:06 ubuntu kernel: [    3.471018] pci 0000:7d:00.3: reg 0x224: [mem 0x121000000-0x12100ffff 64bit pref]
Apr 19 18:44:06 ubuntu kernel: [    3.471021] pci 0000:7d:00.3: VF(n) BAR0 space: [mem 0x121000000-0x12102ffff 64bit pref] (contains BAR0 for 3 VFs)
Apr 19 18:44:06 ubuntu kernel: [    3.471027] pci 0000:7d:00.3: reg 0x22c: [mem 0x120000000-0x1200fffff 64bit pref]
Apr 19 18:44:06 ubuntu kernel: [    3.471030] pci 0000:7d:00.3: VF(n) BAR2 space: [mem 0x120000000-0x1202fffff 64bit pref] (contains BAR2 for 3 VFs)
Apr 19 18:44:06 ubuntu kernel: [    3.471088] pci_bus 0000:7c: on NUMA node 0
Apr 19 18:44:06 ubuntu kernel: [    3.471093] pci 0000:7c:00.0: bridge window [mem 0x00100000-0x005fffff 64bit pref] to [bus 7d] add_size c00000 add_align 100000
Apr 19 18:44:06 ubuntu kernel: [    3.471099] pci 0000:7c:00.0: BAR 15: assigned [mem 0x120000000-0x1210fffff 64bit pref]
Apr 19 18:44:06 ubuntu kernel: [    3.471107] pci 0000:7d:00.0: BAR 2: assigned [mem 0x120000000-0x1200fffff 64bit pref]
Apr 19 18:44:06 ubuntu kernel: [    3.471112] pci 0000:7d:00.0: BAR 9: assigned [mem 0x120100000-0x1203fffff 64bit pref]
Apr 19 18:44:06 ubuntu kernel: [    3.471116] pci 0000:7d:00.1: BAR 2: assigned [mem 0x120400000-0x1204fffff 64bit pref]
Apr 19 18:44:06 ubuntu kernel: [    3.471120] pci 0000:7d:00.1: BAR 9: assigned [mem 0x120500000-0x1207fffff 64bit pref]
Apr 19 18:44:06 ubuntu kernel: [    3.471124] pci 0000:7d:00.2: BAR 2: assigned [mem 0x120800000-0x1208fffff 64bit pref]
Apr 19 18:44:06 ubuntu kernel: [    3.471129] pci 0000:7d:00.2: BAR 9: assigned [mem 0x120900000-0x120bfffff 64bit pref]
Apr 19 18:44:06 ubuntu kernel: [    3.471133] pci 0000:7d:00.3: BAR 2: assigned [mem 0x120c00000-0x120cfffff 64bit pref]
Apr 19 18:44:06 ubuntu kernel: [    3.471137] pci 0000:7d:00.3: BAR 9: assigned [mem 0x120d00000-0x120ffffff 64bit pref]
Apr 19 18:44:06 ubuntu kernel: [    3.471141] pci 0000:7d:00.0: BAR 0: assigned [mem 0x121000000-0x12100ffff 64bit pref]
Apr 19 18:44:06 ubuntu kernel: [    3.471145] pci 0000:7d:00.0: BAR 7: assigned [mem 0x121010000-0x12103ffff 64bit pref]
Apr 19 18:44:06 ubuntu kernel: [    3.471149] pci 0000:7d:00.1: BAR 0: assigned [mem 0x121040000-0x12104ffff 64bit pref]
Apr 19 18:44:06 ubuntu kernel: [    3.471153] pci 0000:7d:00.1: BAR 7: assigned [mem 0x121050000-0x12107ffff 64bit pref]
Apr 19 18:44:06 ubuntu kernel: [    3.471157] pci 0000:7d:00.2: BAR 0: assigned [mem 0x121080000-0x12108ffff 64bit pref]
Apr 19 18:44:06 ubuntu kernel: [    3.471161] pci 0000:7d:00.2: BAR 7: assigned [mem 0x121090000-0x1210bffff 64bit pref]
Apr 19 18:44:06 ubuntu kernel: [    3.471165] pci 0000:7d:00.3: BAR 0: assigned [mem 0x1210c0000-0x1210cffff 64bit pref]
Apr 19 18:44:06 ubuntu kernel: [    3.471170] pci 0000:7d:00.3: BAR 7: assigned [mem 0x1210d0000-0x1210fffff 64bit pref]
Apr 19 18:44:06 ubuntu kernel: [    3.471176] pci 0000:7c:00.0: PCI bridge to [bus 7d]
Apr 19 18:44:06 ubuntu kernel: [    3.471180] pci 0000:7c:00.0:   bridge window [mem 0x120000000-0x1210fffff 64bit pref]
Apr 19 18:44:06 ubuntu kernel: [    3.471184] pci_bus 0000:7c: resource 4 [mem 0x120000000-0x13fffffff pref window]
Apr 19 18:44:06 ubuntu kernel: [    3.471187] pci_bus 0000:7d: resource 2 [mem 0x120000000-0x1210fffff 64bit pref]
Apr 19 18:44:06 ubuntu kernel: [    3.471229] ACPI: PCI Root Bridge [PCI5] (domain 0000 [bus 74-76])
Apr 19 18:44:06 ubuntu kernel: [    3.471234] acpi PNP0A08:05: _OSC: OS supports [ExtendedConfig ASPM ClockPM Segments MSI HPX-Type3]
Apr 19 18:44:06 ubuntu kernel: [    3.471329] acpi PNP0A08:05: _OSC: platform does not support [PCIeHotplug SHPCHotplug PME AER LTR]
Apr 19 18:44:06 ubuntu kernel: [    3.471416] acpi PNP0A08:05: _OSC: OS now controls [PCIeCapability]
Apr 19 18:44:06 ubuntu kernel: [    3.471991] acpi PNP0A08:05: ECAM area [mem 0xd7400000-0xd76fffff] reserved by PNP0C02:00
Apr 19 18:44:06 ubuntu kernel: [    3.472008] acpi PNP0A08:05: ECAM at [mem 0xd7400000-0xd76fffff] for [bus 74-76]
Apr 19 18:44:06 ubuntu kernel: [    3.472092] PCI host bridge to bus 0000:74
Apr 19 18:44:06 ubuntu kernel: [    3.472096] pci_bus 0000:74: root bus resource [mem 0x141000000-0x141ffffff pref window]
Apr 19 18:44:06 ubuntu kernel: [    3.472099] pci_bus 0000:74: root bus resource [mem 0x144000000-0x145ffffff pref window]
Apr 19 18:44:06 ubuntu kernel: [    3.472102] pci_bus 0000:74: root bus resource [mem 0xa2000000-0xa2ffffff window]
Apr 19 18:44:06 ubuntu kernel: [    3.472105] pci_bus 0000:74: root bus resource [bus 74-76]
Apr 19 18:44:06 ubuntu kernel: [    3.472112] pci 0000:74:01.0: [19e5:a121] type 01 class 0x060400
Apr 19 18:44:06 ubuntu kernel: [    3.472123] pci 0000:74:01.0: enabling Extended Tags
Apr 19 18:44:06 ubuntu kernel: [    3.472198] pci 0000:74:02.0: [19e5:a230] type 00 class 0x010700
Apr 19 18:44:06 ubuntu kernel: [    3.472208] pci 0000:74:02.0: reg 0x24: [mem 0xa2008000-0xa200ffff]
Apr 19 18:44:06 ubuntu kernel: [    3.472290] pci 0000:74:03.0: [19e5:a235] type 00 class 0x010601
Apr 19 18:44:06 ubuntu kernel: [    3.472303] pci 0000:74:03.0: reg 0x24: [mem 0xa2010000-0xa2010fff]
Apr 19 18:44:06 ubuntu kernel: [    3.472356] pci 0000:74:04.0: [19e5:a230] type 00 class 0x010700
Apr 19 18:44:06 ubuntu kernel: [    3.472365] pci 0000:74:04.0: reg 0x24: [mem 0xa2000000-0xa2007fff]
Apr 19 18:44:06 ubuntu kernel: [    3.472481] pci 0000:75:00.0: [19e5:a255] type 00 class 0x100000
Apr 19 18:44:06 ubuntu kernel: [    3.472490] pci 0000:75:00.0: reg 0x18: [mem 0x144000000-0x1443fffff 64bit pref]
Apr 19 18:44:06 ubuntu kernel: [    3.472515] pci 0000:75:00.0: reg 0x22c: [mem 0x144400000-0x14440ffff 64bit pref]
Apr 19 18:44:06 ubuntu kernel: [    3.472519] pci 0000:75:00.0: VF(n) BAR2 space: [mem 0x144400000-0x1447effff 64bit pref] (contains BAR2 for 63 VFs)
Apr 19 18:44:06 ubuntu kernel: [    3.472627] pci_bus 0000:74: on NUMA node 0
Apr 19 18:44:06 ubuntu kernel: [    3.472630] pci 0000:74:01.0: bridge window [mem 0x00400000-0x007fffff 64bit pref] to [bus 75] add_size 400000 add_align 400000
Apr 19 18:44:06 ubuntu kernel: [    3.472636] pci 0000:74:01.0: BAR 15: assigned [mem 0x141000000-0x1417fffff 64bit pref]
Apr 19 18:44:06 ubuntu kernel: [    3.472640] pci 0000:74:02.0: BAR 5: assigned [mem 0xa2000000-0xa2007fff]
Apr 19 18:44:06 ubuntu kernel: [    3.472643] pci 0000:74:04.0: BAR 5: assigned [mem 0xa2008000-0xa200ffff]
Apr 19 18:44:06 ubuntu kernel: [    3.472647] pci 0000:74:03.0: BAR 5: assigned [mem 0xa2010000-0xa2010fff]
Apr 19 18:44:06 ubuntu kernel: [    3.472651] pci 0000:75:00.0: BAR 2: assigned [mem 0x141000000-0x1413fffff 64bit pref]
Apr 19 18:44:06 ubuntu kernel: [    3.472656] pci 0000:75:00.0: BAR 9: assigned [mem 0x141400000-0x1417effff 64bit pref]
Apr 19 18:44:06 ubuntu kernel: [    3.472660] pci 0000:74:01.0: PCI bridge to [bus 75]
Apr 19 18:44:06 ubuntu kernel: [    3.472664] pci 0000:74:01.0:   bridge window [mem 0x141000000-0x1417fffff 64bit pref]
Apr 19 18:44:06 ubuntu kernel: [    3.472668] pci_bus 0000:74: resource 4 [mem 0x141000000-0x141ffffff pref window]
Apr 19 18:44:06 ubuntu kernel: [    3.472671] pci_bus 0000:74: resource 5 [mem 0x144000000-0x145ffffff pref window]
Apr 19 18:44:06 ubuntu kernel: [    3.472674] pci_bus 0000:74: resource 6 [mem 0xa2000000-0xa2ffffff window]
Apr 19 18:44:06 ubuntu kernel: [    3.472677] pci_bus 0000:75: resource 2 [mem 0x141000000-0x1417fffff 64bit pref]
Apr 19 18:44:06 ubuntu kernel: [    3.472739] ACPI: PCI Root Bridge [PCI6] (domain 0000 [bus 80-9f])
