Jun  9 20:37:10 ubuntu kernel: [    0.000000] Booting Linux on physical CPU 0x0000080000 [0x481fd010]
Jun  9 20:37:10 ubuntu kernel: [    0.000000] Linux version 5.7.1 (root@ubuntu) (gcc version 5.5.0 20171010 (Ubuntu/Linaro 5.5.0-12ubuntu1), GNU ld (GNU Binutils for Ubuntu) 2.30) #1 SMP Wed Jun 9 17:49:27 CST 2021
Jun  9 20:37:10 ubuntu kernel: [    0.000000] efi: EFI v2.70 by EDK II
Jun  9 20:37:10 ubuntu kernel: [    0.000000] efi:  ACPI 2.0=0x2fc50000  SMBIOS 3.0=0x2fbf0000  MEMATTR=0x35e93018  ESRT=0x36117b18  MEMRESERVE=0x2fb93018 
Jun  9 20:37:10 ubuntu kernel: [    0.000000] esrt: Reserving ESRT space from 0x0000000036117b18 to 0x0000000036117b50.
Jun  9 20:37:10 ubuntu kernel: [    0.000000] cma: Reserved 32 MiB at 0x000000007e000000
Jun  9 20:37:10 ubuntu kernel: [    0.000000] ACPI: Early table checksum verification disabled
Jun  9 20:37:10 ubuntu kernel: [    0.000000] ACPI: RSDP 0x000000002FC50000 000024 (v02 HISI  )
Jun  9 20:37:10 ubuntu kernel: [    0.000000] ACPI: XSDT 0x000000002FC40000 0000A4 (v01 HISI   HIP08    00000000      01000013)
Jun  9 20:37:10 ubuntu kernel: [    0.000000] ACPI: FACP 0x000000002F790000 000114 (v06 HISI   HIP08    00000000 HISI 20151124)
Jun  9 20:37:10 ubuntu kernel: [    0.000000] ACPI: DSDT 0x000000002F530000 00C441 (v02 HISI   HIP08    00000000 INTL 20181213)
Jun  9 20:37:10 ubuntu kernel: [    0.000000] ACPI: PCCT 0x000000002FC30000 00008A (v01 HISI   HIP08    00000000 HISI 20151124)
Jun  9 20:37:10 ubuntu kernel: [    0.000000] ACPI: SSDT 0x000000002FC20000 00E64A (v02 HISI   HIP07    00000000 INTL 20181213)
Jun  9 20:37:10 ubuntu kernel: [    0.000000] ACPI: BERT 0x000000002FBC0000 000030 (v01 HISI   HIP08    00000000 HISI 20151124)
Jun  9 20:37:10 ubuntu kernel: [    0.000000] ACPI: HEST 0x000000002FBA0000 00058C (v01 HISI   HIP08    00000000 HISI 20151124)
Jun  9 20:37:10 ubuntu kernel: [    0.000000] ACPI: ERST 0x000000002FB60000 000230 (v01 HISI   HIP08    00000000 HISI 20151124)
Jun  9 20:37:10 ubuntu kernel: [    0.000000] ACPI: EINJ 0x000000002FB50000 000170 (v01 HISI   HIP08    00000000 HISI 20151124)
Jun  9 20:37:10 ubuntu kernel: [    0.000000] ACPI: GTDT 0x000000002F590000 00007C (v02 HISI   HIP08    00000000 HISI 20151124)
Jun  9 20:37:10 ubuntu kernel: [    0.000000] ACPI: MCFG 0x000000002F580000 00003C (v01 HISI   HIP08    00000000 HISI 20151124)
Jun  9 20:37:10 ubuntu kernel: [    0.000000] ACPI: SLIT 0x000000002F570000 00003C (v01 HISI   HIP08    00000000 HISI 20151124)
Jun  9 20:37:10 ubuntu kernel: [    0.000000] ACPI: SRAT 0x000000002F560000 0007D0 (v03 HISI   HIP08    00000000 HISI 20151124)
Jun  9 20:37:10 ubuntu kernel: [    0.000000] ACPI: SDEI 0x000000002F550000 000030 (v01 HISI   HIP08    00000000 HISI 20151124)
Jun  9 20:37:10 ubuntu kernel: [    0.000000] ACPI: APIC 0x000000002F540000 001E6C (v04 HISI   HIP08    00000000 HISI 20151124)
Jun  9 20:37:10 ubuntu kernel: [    0.000000] ACPI: IORT 0x000000002F520000 001678 (v00 HISI   HIP08    00000000 INTL 20181213)
Jun  9 20:37:10 ubuntu kernel: [    0.000000] ACPI: PPTT 0x000000002ECE0000 0031B0 (v01 HISI   HIP08    00000000 HISI 20151124)
Jun  9 20:37:10 ubuntu kernel: [    0.000000] ACPI: SPMI 0x000000002ECD0000 000041 (v05 HISI   HIP08    00000000 HISI 20151124)
Jun  9 20:37:10 ubuntu kernel: [    0.000000] ACPI: SRAT: Node 0 PXM 0 [mem 0x2080000000-0x27ffffffff]
Jun  9 20:37:10 ubuntu kernel: [    0.000000] ACPI: SRAT: Node 1 PXM 1 [mem 0x2800000000-0x2fffffffff]
Jun  9 20:37:10 ubuntu kernel: [    0.000000] ACPI: SRAT: Node 0 PXM 0 [mem 0x00000000-0x7fffffff]
Jun  9 20:37:10 ubuntu kernel: [    0.000000] ACPI: SRAT: Node 2 PXM 2 [mem 0x202000000000-0x2027ffffffff]
Jun  9 20:37:10 ubuntu kernel: [    0.000000] ACPI: SRAT: Node 3 PXM 3 [mem 0x202800000000-0x202fffffffff]
Jun  9 20:37:10 ubuntu kernel: [    0.000000] NUMA: NODE_DATA [mem 0x27ffffc300-0x27ffffffff]
Jun  9 20:37:10 ubuntu kernel: [    0.000000] NUMA: NODE_DATA [mem 0x2fffffc300-0x2fffffffff]
Jun  9 20:37:10 ubuntu kernel: [    0.000000] NUMA: NODE_DATA [mem 0x2027ffffc300-0x2027ffffffff]
Jun  9 20:37:10 ubuntu kernel: [    0.000000] NUMA: NODE_DATA [mem 0x202feffff300-0x202ff0002fff]
Jun  9 20:37:10 ubuntu kernel: [    0.000000] Zone ranges:
Jun  9 20:37:10 ubuntu kernel: [    0.000000]   DMA      [mem 0x0000000000000000-0x000000003fffffff]
Jun  9 20:37:10 ubuntu kernel: [    0.000000]   DMA32    [mem 0x0000000040000000-0x00000000ffffffff]
Jun  9 20:37:10 ubuntu kernel: [    0.000000]   Normal   [mem 0x0000000100000000-0x0000202fffffffff]
Jun  9 20:37:10 ubuntu kernel: [    0.000000] Movable zone start for each node
Jun  9 20:37:10 ubuntu kernel: [    0.000000] Early memory node ranges
Jun  9 20:37:10 ubuntu kernel: [    0.000000]   node   0: [mem 0x0000000000000000-0x000000000000ffff]
Jun  9 20:37:10 ubuntu kernel: [    0.000000]   node   0: [mem 0x0000000000010000-0x000000002e501fff]
Jun  9 20:37:10 ubuntu kernel: [    0.000000]   node   0: [mem 0x000000002e502000-0x000000002eccffff]
Jun  9 20:37:10 ubuntu kernel: [    0.000000]   node   0: [mem 0x000000002ecd0000-0x000000002f59ffff]
Jun  9 20:37:10 ubuntu kernel: [    0.000000]   node   0: [mem 0x000000002f5a0000-0x000000002f78ffff]
Jun  9 20:37:10 ubuntu kernel: [    0.000000]   node   0: [mem 0x000000002f790000-0x000000002f79ffff]
Jun  9 20:37:10 ubuntu kernel: [    0.000000]   node   0: [mem 0x000000002f7a0000-0x000000002f87ffff]
Jun  9 20:37:10 ubuntu kernel: [    0.000000]   node   0: [mem 0x000000002f880000-0x000000002f8bffff]
Jun  9 20:37:10 ubuntu kernel: [    0.000000]   node   0: [mem 0x000000002f8c0000-0x000000002f95ffff]
Jun  9 20:37:10 ubuntu kernel: [    0.000000]   node   0: [mem 0x000000002f960000-0x000000002f97ffff]
Jun  9 20:37:10 ubuntu kernel: [    0.000000]   node   0: [mem 0x000000002f980000-0x000000002fabffff]
Jun  9 20:37:10 ubuntu kernel: [    0.000000]   node   0: [mem 0x000000002fac0000-0x000000002fb6ffff]
Jun  9 20:37:10 ubuntu kernel: [    0.000000]   node   0: [mem 0x000000002fb70000-0x000000002fb71fff]
Jun  9 20:37:10 ubuntu kernel: [    0.000000]   node   0: [mem 0x000000002fb72000-0x000000002fb7ffff]
Jun  9 20:37:10 ubuntu kernel: [    0.000000]   node   0: [mem 0x000000002fb80000-0x000000002fb80fff]
Jun  9 20:37:10 ubuntu kernel: [    0.000000]   node   0: [mem 0x000000002fb81000-0x000000002fb8ffff]
Jun  9 20:37:10 ubuntu kernel: [    0.000000]   node   0: [mem 0x000000002fb90000-0x000000002fb91fff]
Jun  9 20:37:10 ubuntu kernel: [    0.000000]   node   0: [mem 0x000000002fb92000-0x000000002fbaffff]
Jun  9 20:37:10 ubuntu kernel: [    0.000000]   node   0: [mem 0x000000002fbb0000-0x000000002fbb1fff]
Jun  9 20:37:10 ubuntu kernel: [    0.000000]   node   0: [mem 0x000000002fbb2000-0x000000002fbcffff]
Jun  9 20:37:10 ubuntu kernel: [    0.000000]   node   0: [mem 0x000000002fbd0000-0x000000002fbd0fff]
Jun  9 20:37:10 ubuntu kernel: [    0.000000]   node   0: [mem 0x000000002fbd1000-0x000000002fbdffff]
Jun  9 20:37:10 ubuntu kernel: [    0.000000]   node   0: [mem 0x000000002fbe0000-0x000000002fbfffff]
Jun  9 20:37:10 ubuntu kernel: [    0.000000]   node   0: [mem 0x000000002fc00000-0x000000002fc5ffff]
Jun  9 20:37:10 ubuntu kernel: [    0.000000]   node   0: [mem 0x000000002fc60000-0x000000002fe5ffff]
Jun  9 20:37:10 ubuntu kernel: [    0.000000]   node   0: [mem 0x000000002fe60000-0x000000002fe60fff]
Jun  9 20:37:10 ubuntu kernel: [    0.000000]   node   0: [mem 0x000000002fe61000-0x000000002fe64fff]
Jun  9 20:37:10 ubuntu kernel: [    0.000000]   node   0: [mem 0x000000002fe65000-0x000000002fe6afff]
Jun  9 20:37:10 ubuntu kernel: [    0.000000]   node   0: [mem 0x000000002fe6b000-0x000000002fe6bfff]
Jun  9 20:37:10 ubuntu kernel: [    0.000000]   node   0: [mem 0x000000002fe6c000-0x000000003f02ffff]
Jun  9 20:37:10 ubuntu kernel: [    0.000000]   node   0: [mem 0x000000003f030000-0x000000003f05ffff]
Jun  9 20:37:10 ubuntu kernel: [    0.000000]   node   0: [mem 0x000000003f060000-0x000000003fbfffff]
Jun  9 20:37:10 ubuntu kernel: [    0.000000]   node   0: [mem 0x0000000040000000-0x0000000043ffffff]
Jun  9 20:37:10 ubuntu kernel: [    0.000000]   node   0: [mem 0x0000000044030000-0x000000004fffffff]
Jun  9 20:37:10 ubuntu kernel: [    0.000000]   node   0: [mem 0x0000000050000000-0x000000007fffffff]
Jun  9 20:37:10 ubuntu kernel: [    0.000000]   node   0: [mem 0x0000002080000000-0x00000027ffffffff]
Jun  9 20:37:10 ubuntu kernel: [    0.000000]   node   1: [mem 0x0000002800000000-0x0000002fffffffff]
Jun  9 20:37:10 ubuntu kernel: [    0.000000]   node   2: [mem 0x0000202000000000-0x00002027ffffffff]
Jun  9 20:37:10 ubuntu kernel: [    0.000000]   node   3: [mem 0x0000202800000000-0x0000202fffffffff]
Jun  9 20:37:10 ubuntu kernel: [    0.000000] Zeroed struct page in unavailable ranges: 814 pages
Jun  9 20:37:10 ubuntu kernel: [    0.000000] Initmem setup node 0 [mem 0x0000000000000000-0x00000027ffffffff]
Jun  9 20:37:10 ubuntu kernel: [    0.000000] On node 0 totalpages: 8387536
Jun  9 20:37:10 ubuntu kernel: [    0.000000]   DMA zone: 5120 pages used for memmap
Jun  9 20:37:10 ubuntu kernel: [    0.000000]   DMA zone: 0 pages reserved
Jun  9 20:37:10 ubuntu kernel: [    0.000000]   DMA zone: 261120 pages, LIFO batch:63
Jun  9 20:37:10 ubuntu kernel: [    0.000000]   DMA32 zone: 5120 pages used for memmap
Jun  9 20:37:10 ubuntu kernel: [    0.000000]   DMA32 zone: 262096 pages, LIFO batch:63
Jun  9 20:37:10 ubuntu kernel: [    0.000000]   Normal zone: 153600 pages used for memmap
Jun  9 20:37:10 ubuntu kernel: [    0.000000]   Normal zone: 7864320 pages, LIFO batch:63
Jun  9 20:37:10 ubuntu kernel: [    0.000000] Initmem setup node 1 [mem 0x0000002800000000-0x0000002fffffffff]
Jun  9 20:37:10 ubuntu kernel: [    0.000000] On node 1 totalpages: 8388608
Jun  9 20:37:10 ubuntu kernel: [    0.000000]   Normal zone: 163840 pages used for memmap
Jun  9 20:37:10 ubuntu kernel: [    0.000000]   Normal zone: 8388608 pages, LIFO batch:63
Jun  9 20:37:10 ubuntu kernel: [    0.000000] Initmem setup node 2 [mem 0x0000202000000000-0x00002027ffffffff]
Jun  9 20:37:10 ubuntu kernel: [    0.000000] On node 2 totalpages: 8388608
Jun  9 20:37:10 ubuntu kernel: [    0.000000]   Normal zone: 163840 pages used for memmap
Jun  9 20:37:10 ubuntu kernel: [    0.000000]   Normal zone: 8388608 pages, LIFO batch:63
Jun  9 20:37:10 ubuntu kernel: [    0.000000] Initmem setup node 3 [mem 0x0000202800000000-0x0000202fffffffff]
Jun  9 20:37:10 ubuntu kernel: [    0.000000] On node 3 totalpages: 8388608
Jun  9 20:37:10 ubuntu kernel: [    0.000000]   Normal zone: 163840 pages used for memmap
Jun  9 20:37:10 ubuntu kernel: [    0.000000]   Normal zone: 8388608 pages, LIFO batch:63
Jun  9 20:37:10 ubuntu kernel: [    0.000000] psci: probing for conduit method from ACPI.
Jun  9 20:37:10 ubuntu kernel: [    0.000000] psci: PSCIv1.1 detected in firmware.
Jun  9 20:37:10 ubuntu kernel: [    0.000000] psci: Using standard PSCI v0.2 function IDs
Jun  9 20:37:10 ubuntu kernel: [    0.000000] psci: MIGRATE_INFO_TYPE not supported.
Jun  9 20:37:10 ubuntu kernel: [    0.000000] psci: SMC Calling Convention v1.1
Jun  9 20:37:10 ubuntu kernel: [    0.000000] ACPI: NUMA: SRAT: PXM 0 -> MPIDR 0x80000 -> Node 0
Jun  9 20:37:10 ubuntu kernel: [    0.000000] ACPI: NUMA: SRAT: PXM 0 -> MPIDR 0x80100 -> Node 0
Jun  9 20:37:10 ubuntu kernel: [    0.000000] ACPI: NUMA: SRAT: PXM 0 -> MPIDR 0x80200 -> Node 0
Jun  9 20:37:10 ubuntu kernel: [    0.000000] ACPI: NUMA: SRAT: PXM 0 -> MPIDR 0x80300 -> Node 0
Jun  9 20:37:10 ubuntu kernel: [    0.000000] ACPI: NUMA: SRAT: PXM 0 -> MPIDR 0x90000 -> Node 0
Jun  9 20:37:10 ubuntu kernel: [    0.000000] ACPI: NUMA: SRAT: PXM 0 -> MPIDR 0x90100 -> Node 0
Jun  9 20:37:10 ubuntu kernel: [    0.000000] ACPI: NUMA: SRAT: PXM 0 -> MPIDR 0x90200 -> Node 0
Jun  9 20:37:10 ubuntu kernel: [    0.000000] ACPI: NUMA: SRAT: PXM 0 -> MPIDR 0x90300 -> Node 0
Jun  9 20:37:10 ubuntu kernel: [    0.000000] ACPI: NUMA: SRAT: PXM 0 -> MPIDR 0xa0000 -> Node 0
Jun  9 20:37:10 ubuntu kernel: [    0.000000] ACPI: NUMA: SRAT: PXM 0 -> MPIDR 0xa0100 -> Node 0
Jun  9 20:37:10 ubuntu kernel: [    0.000000] ACPI: NUMA: SRAT: PXM 0 -> MPIDR 0xa0200 -> Node 0
Jun  9 20:37:10 ubuntu kernel: [    0.000000] ACPI: NUMA: SRAT: PXM 0 -> MPIDR 0xa0300 -> Node 0
Jun  9 20:37:10 ubuntu kernel: [    0.000000] ACPI: NUMA: SRAT: PXM 0 -> MPIDR 0xb0000 -> Node 0
Jun  9 20:37:10 ubuntu kernel: [    0.000000] ACPI: NUMA: SRAT: PXM 0 -> MPIDR 0xb0100 -> Node 0
Jun  9 20:37:10 ubuntu kernel: [    0.000000] ACPI: NUMA: SRAT: PXM 0 -> MPIDR 0xb0200 -> Node 0
Jun  9 20:37:10 ubuntu kernel: [    0.000000] ACPI: NUMA: SRAT: PXM 0 -> MPIDR 0xb0300 -> Node 0
Jun  9 20:37:10 ubuntu kernel: [    0.000000] ACPI: NUMA: SRAT: PXM 0 -> MPIDR 0xc0000 -> Node 0
Jun  9 20:37:10 ubuntu kernel: [    0.000000] ACPI: NUMA: SRAT: PXM 0 -> MPIDR 0xc0100 -> Node 0
Jun  9 20:37:10 ubuntu kernel: [    0.000000] ACPI: NUMA: SRAT: PXM 0 -> MPIDR 0xc0200 -> Node 0
Jun  9 20:37:10 ubuntu kernel: [    0.000000] ACPI: NUMA: SRAT: PXM 0 -> MPIDR 0xc0300 -> Node 0
Jun  9 20:37:10 ubuntu kernel: [    0.000000] ACPI: NUMA: SRAT: PXM 0 -> MPIDR 0xd0000 -> Node 0
Jun  9 20:37:10 ubuntu kernel: [    0.000000] ACPI: NUMA: SRAT: PXM 0 -> MPIDR 0xd0100 -> Node 0
Jun  9 20:37:10 ubuntu kernel: [    0.000000] ACPI: NUMA: SRAT: PXM 0 -> MPIDR 0xd0200 -> Node 0
Jun  9 20:37:10 ubuntu kernel: [    0.000000] ACPI: NUMA: SRAT: PXM 0 -> MPIDR 0xd0300 -> Node 0
Jun  9 20:37:10 ubuntu kernel: [    0.000000] ACPI: NUMA: SRAT: PXM 1 -> MPIDR 0x180000 -> Node 1
Jun  9 20:37:10 ubuntu kernel: [    0.000000] ACPI: NUMA: SRAT: PXM 1 -> MPIDR 0x180100 -> Node 1
Jun  9 20:37:10 ubuntu kernel: [    0.000000] ACPI: NUMA: SRAT: PXM 1 -> MPIDR 0x180200 -> Node 1
Jun  9 20:37:10 ubuntu kernel: [    0.000000] ACPI: NUMA: SRAT: PXM 1 -> MPIDR 0x180300 -> Node 1
Jun  9 20:37:10 ubuntu kernel: [    0.000000] ACPI: NUMA: SRAT: PXM 1 -> MPIDR 0x190000 -> Node 1
Jun  9 20:37:10 ubuntu kernel: [    0.000000] ACPI: NUMA: SRAT: PXM 1 -> MPIDR 0x190100 -> Node 1
Jun  9 20:37:10 ubuntu kernel: [    0.000000] ACPI: NUMA: SRAT: PXM 1 -> MPIDR 0x190200 -> Node 1
Jun  9 20:37:10 ubuntu kernel: [    0.000000] ACPI: NUMA: SRAT: PXM 1 -> MPIDR 0x190300 -> Node 1
Jun  9 20:37:10 ubuntu kernel: [    0.000000] ACPI: NUMA: SRAT: PXM 1 -> MPIDR 0x1a0000 -> Node 1
Jun  9 20:37:10 ubuntu kernel: [    0.000000] ACPI: NUMA: SRAT: PXM 1 -> MPIDR 0x1a0100 -> Node 1
Jun  9 20:37:10 ubuntu kernel: [    0.000000] ACPI: NUMA: SRAT: PXM 1 -> MPIDR 0x1a0200 -> Node 1
Jun  9 20:37:10 ubuntu kernel: [    0.000000] ACPI: NUMA: SRAT: PXM 1 -> MPIDR 0x1a0300 -> Node 1
Jun  9 20:37:10 ubuntu kernel: [    0.000000] ACPI: NUMA: SRAT: PXM 1 -> MPIDR 0x1b0000 -> Node 1
Jun  9 20:37:10 ubuntu kernel: [    0.000000] ACPI: NUMA: SRAT: PXM 1 -> MPIDR 0x1b0100 -> Node 1
Jun  9 20:37:10 ubuntu kernel: [    0.000000] ACPI: NUMA: SRAT: PXM 1 -> MPIDR 0x1b0200 -> Node 1
Jun  9 20:37:10 ubuntu kernel: [    0.000000] ACPI: NUMA: SRAT: PXM 1 -> MPIDR 0x1b0300 -> Node 1
Jun  9 20:37:10 ubuntu kernel: [    0.000000] ACPI: NUMA: SRAT: PXM 1 -> MPIDR 0x1c0000 -> Node 1
Jun  9 20:37:10 ubuntu kernel: [    0.000000] ACPI: NUMA: SRAT: PXM 1 -> MPIDR 0x1c0100 -> Node 1
Jun  9 20:37:10 ubuntu kernel: [    0.000000] ACPI: NUMA: SRAT: PXM 1 -> MPIDR 0x1c0200 -> Node 1
Jun  9 20:37:10 ubuntu kernel: [    0.000000] ACPI: NUMA: SRAT: PXM 1 -> MPIDR 0x1c0300 -> Node 1
Jun  9 20:37:10 ubuntu kernel: [    0.000000] ACPI: NUMA: SRAT: PXM 1 -> MPIDR 0x1d0000 -> Node 1
Jun  9 20:37:10 ubuntu kernel: [    0.000000] ACPI: NUMA: SRAT: PXM 1 -> MPIDR 0x1d0100 -> Node 1
Jun  9 20:37:10 ubuntu kernel: [    0.000000] ACPI: NUMA: SRAT: PXM 1 -> MPIDR 0x1d0200 -> Node 1
Jun  9 20:37:10 ubuntu kernel: [    0.000000] ACPI: NUMA: SRAT: PXM 1 -> MPIDR 0x1d0300 -> Node 1
Jun  9 20:37:10 ubuntu kernel: [    0.000000] ACPI: NUMA: SRAT: PXM 2 -> MPIDR 0x280000 -> Node 2
Jun  9 20:37:10 ubuntu kernel: [    0.000000] ACPI: NUMA: SRAT: PXM 2 -> MPIDR 0x280100 -> Node 2
Jun  9 20:37:10 ubuntu kernel: [    0.000000] ACPI: NUMA: SRAT: PXM 2 -> MPIDR 0x280200 -> Node 2
Jun  9 20:37:10 ubuntu kernel: [    0.000000] ACPI: NUMA: SRAT: PXM 2 -> MPIDR 0x280300 -> Node 2
Jun  9 20:37:10 ubuntu kernel: [    0.000000] ACPI: NUMA: SRAT: PXM 2 -> MPIDR 0x290000 -> Node 2
Jun  9 20:37:10 ubuntu kernel: [    0.000000] ACPI: NUMA: SRAT: PXM 2 -> MPIDR 0x290100 -> Node 2
Jun  9 20:37:10 ubuntu kernel: [    0.000000] ACPI: NUMA: SRAT: PXM 2 -> MPIDR 0x290200 -> Node 2
Jun  9 20:37:10 ubuntu kernel: [    0.000000] ACPI: NUMA: SRAT: PXM 2 -> MPIDR 0x290300 -> Node 2
Jun  9 20:37:10 ubuntu kernel: [    0.000000] ACPI: NUMA: SRAT: PXM 2 -> MPIDR 0x2a0000 -> Node 2
Jun  9 20:37:10 ubuntu kernel: [    0.000000] ACPI: NUMA: SRAT: PXM 2 -> MPIDR 0x2a0100 -> Node 2
Jun  9 20:37:10 ubuntu kernel: [    0.000000] ACPI: NUMA: SRAT: PXM 2 -> MPIDR 0x2a0200 -> Node 2
Jun  9 20:37:10 ubuntu kernel: [    0.000000] ACPI: NUMA: SRAT: PXM 2 -> MPIDR 0x2a0300 -> Node 2
Jun  9 20:37:10 ubuntu kernel: [    0.000000] ACPI: NUMA: SRAT: PXM 2 -> MPIDR 0x2b0000 -> Node 2
Jun  9 20:37:10 ubuntu kernel: [    0.000000] ACPI: NUMA: SRAT: PXM 2 -> MPIDR 0x2b0100 -> Node 2
Jun  9 20:37:10 ubuntu kernel: [    0.000000] ACPI: NUMA: SRAT: PXM 2 -> MPIDR 0x2b0200 -> Node 2
Jun  9 20:37:10 ubuntu kernel: [    0.000000] ACPI: NUMA: SRAT: PXM 2 -> MPIDR 0x2b0300 -> Node 2
Jun  9 20:37:10 ubuntu kernel: [    0.000000] ACPI: NUMA: SRAT: PXM 2 -> MPIDR 0x2c0000 -> Node 2
Jun  9 20:37:10 ubuntu kernel: [    0.000000] ACPI: NUMA: SRAT: PXM 2 -> MPIDR 0x2c0100 -> Node 2
Jun  9 20:37:10 ubuntu kernel: [    0.000000] ACPI: NUMA: SRAT: PXM 2 -> MPIDR 0x2c0200 -> Node 2
Jun  9 20:37:10 ubuntu kernel: [    0.000000] ACPI: NUMA: SRAT: PXM 2 -> MPIDR 0x2c0300 -> Node 2
Jun  9 20:37:10 ubuntu kernel: [    0.000000] ACPI: NUMA: SRAT: PXM 2 -> MPIDR 0x2d0000 -> Node 2
Jun  9 20:37:10 ubuntu kernel: [    0.000000] ACPI: NUMA: SRAT: PXM 2 -> MPIDR 0x2d0100 -> Node 2
Jun  9 20:37:10 ubuntu kernel: [    0.000000] ACPI: NUMA: SRAT: PXM 2 -> MPIDR 0x2d0200 -> Node 2
Jun  9 20:37:10 ubuntu kernel: [    0.000000] ACPI: NUMA: SRAT: PXM 2 -> MPIDR 0x2d0300 -> Node 2
Jun  9 20:37:10 ubuntu kernel: [    0.000000] ACPI: NUMA: SRAT: PXM 3 -> MPIDR 0x380000 -> Node 3
Jun  9 20:37:10 ubuntu kernel: [    0.000000] ACPI: NUMA: SRAT: PXM 3 -> MPIDR 0x380100 -> Node 3
Jun  9 20:37:10 ubuntu kernel: [    0.000000] ACPI: NUMA: SRAT: PXM 3 -> MPIDR 0x380200 -> Node 3
Jun  9 20:37:10 ubuntu kernel: [    0.000000] ACPI: NUMA: SRAT: PXM 3 -> MPIDR 0x380300 -> Node 3
Jun  9 20:37:10 ubuntu kernel: [    0.000000] ACPI: NUMA: SRAT: PXM 3 -> MPIDR 0x390000 -> Node 3
Jun  9 20:37:10 ubuntu kernel: [    0.000000] ACPI: NUMA: SRAT: PXM 3 -> MPIDR 0x390100 -> Node 3
Jun  9 20:37:10 ubuntu kernel: [    0.000000] ACPI: NUMA: SRAT: PXM 3 -> MPIDR 0x390200 -> Node 3
Jun  9 20:37:10 ubuntu kernel: [    0.000000] ACPI: NUMA: SRAT: PXM 3 -> MPIDR 0x390300 -> Node 3
Jun  9 20:37:10 ubuntu kernel: [    0.000000] ACPI: NUMA: SRAT: PXM 3 -> MPIDR 0x3a0000 -> Node 3
Jun  9 20:37:10 ubuntu kernel: [    0.000000] ACPI: NUMA: SRAT: PXM 3 -> MPIDR 0x3a0100 -> Node 3
Jun  9 20:37:10 ubuntu kernel: [    0.000000] ACPI: NUMA: SRAT: PXM 3 -> MPIDR 0x3a0200 -> Node 3
Jun  9 20:37:10 ubuntu kernel: [    0.000000] ACPI: NUMA: SRAT: PXM 3 -> MPIDR 0x3a0300 -> Node 3
Jun  9 20:37:10 ubuntu kernel: [    0.000000] ACPI: NUMA: SRAT: PXM 3 -> MPIDR 0x3b0000 -> Node 3
Jun  9 20:37:10 ubuntu kernel: [    0.000000] ACPI: NUMA: SRAT: PXM 3 -> MPIDR 0x3b0100 -> Node 3
Jun  9 20:37:10 ubuntu kernel: [    0.000000] ACPI: NUMA: SRAT: PXM 3 -> MPIDR 0x3b0200 -> Node 3
Jun  9 20:37:10 ubuntu kernel: [    0.000000] ACPI: NUMA: SRAT: PXM 3 -> MPIDR 0x3b0300 -> Node 3
Jun  9 20:37:10 ubuntu kernel: [    0.000000] ACPI: NUMA: SRAT: PXM 3 -> MPIDR 0x3c0000 -> Node 3
Jun  9 20:37:10 ubuntu kernel: [    0.000000] ACPI: NUMA: SRAT: PXM 3 -> MPIDR 0x3c0100 -> Node 3
Jun  9 20:37:10 ubuntu kernel: [    0.000000] ACPI: NUMA: SRAT: PXM 3 -> MPIDR 0x3c0200 -> Node 3
Jun  9 20:37:10 ubuntu kernel: [    0.000000] ACPI: NUMA: SRAT: PXM 3 -> MPIDR 0x3c0300 -> Node 3
Jun  9 20:37:10 ubuntu kernel: [    0.000000] ACPI: NUMA: SRAT: PXM 3 -> MPIDR 0x3d0000 -> Node 3
Jun  9 20:37:10 ubuntu kernel: [    0.000000] ACPI: NUMA: SRAT: PXM 3 -> MPIDR 0x3d0100 -> Node 3
Jun  9 20:37:10 ubuntu kernel: [    0.000000] ACPI: NUMA: SRAT: PXM 3 -> MPIDR 0x3d0200 -> Node 3
Jun  9 20:37:10 ubuntu kernel: [    0.000000] ACPI: NUMA: SRAT: PXM 3 -> MPIDR 0x3d0300 -> Node 3
Jun  9 20:37:10 ubuntu kernel: [    0.000000] percpu: Embedded 33 pages/cpu s94616 r8192 d32360 u135168
Jun  9 20:37:10 ubuntu kernel: [    0.000000] pcpu-alloc: s94616 r8192 d32360 u135168 alloc=33*4096
Jun  9 20:37:10 ubuntu kernel: [    0.000000] pcpu-alloc: [0] 00 [0] 01 [0] 02 [0] 03 [0] 04 [0] 05 [0] 06 [0] 07 
Jun  9 20:37:10 ubuntu kernel: [    0.000000] pcpu-alloc: [0] 08 [0] 09 [0] 10 [0] 11 [0] 12 [0] 13 [0] 14 [0] 15 
Jun  9 20:37:10 ubuntu kernel: [    0.000000] pcpu-alloc: [0] 16 [0] 17 [0] 18 [0] 19 [0] 20 [0] 21 [0] 22 [0] 23 
Jun  9 20:37:10 ubuntu kernel: [    0.000000] pcpu-alloc: [1] 24 [1] 25 [1] 26 [1] 27 [1] 28 [1] 29 [1] 30 [1] 31 
Jun  9 20:37:10 ubuntu kernel: [    0.000000] pcpu-alloc: [1] 32 [1] 33 [1] 34 [1] 35 [1] 36 [1] 37 [1] 38 [1] 39 
Jun  9 20:37:10 ubuntu kernel: [    0.000000] pcpu-alloc: [1] 40 [1] 41 [1] 42 [1] 43 [1] 44 [1] 45 [1] 46 [1] 47 
Jun  9 20:37:10 ubuntu kernel: [    0.000000] pcpu-alloc: [2] 48 [2] 49 [2] 50 [2] 51 [2] 52 [2] 53 [2] 54 [2] 55 
Jun  9 20:37:10 ubuntu kernel: [    0.000000] pcpu-alloc: [2] 56 [2] 57 [2] 58 [2] 59 [2] 60 [2] 61 [2] 62 [2] 63 
Jun  9 20:37:10 ubuntu kernel: [    0.000000] pcpu-alloc: [2] 64 [2] 65 [2] 66 [2] 67 [2] 68 [2] 69 [2] 70 [2] 71 
Jun  9 20:37:10 ubuntu kernel: [    0.000000] pcpu-alloc: [3] 72 [3] 73 [3] 74 [3] 75 [3] 76 [3] 77 [3] 78 [3] 79 
Jun  9 20:37:10 ubuntu kernel: [    0.000000] pcpu-alloc: [3] 80 [3] 81 [3] 82 [3] 83 [3] 84 [3] 85 [3] 86 [3] 87 
Jun  9 20:37:10 ubuntu kernel: [    0.000000] pcpu-alloc: [3] 88 [3] 89 [3] 90 [3] 91 [3] 92 [3] 93 [3] 94 [3] 95 
Jun  9 20:37:10 ubuntu kernel: [    0.000000] Detected VIPT I-cache on CPU0
Jun  9 20:37:10 ubuntu kernel: [    0.000000] CPU features: detected: GIC system register CPU interface
Jun  9 20:37:10 ubuntu kernel: [    0.000000] CPU features: detected: Virtualization Host Extensions
Jun  9 20:37:10 ubuntu kernel: [    0.000000] CPU features: detected: Hardware dirty bit management
Jun  9 20:37:10 ubuntu kernel: [    0.000000] alternatives: patching kernel code
Jun  9 20:37:10 ubuntu kernel: [    0.000000] Built 4 zonelists, mobility grouping on.  Total pages: 32898000
Jun  9 20:37:10 ubuntu kernel: [    0.000000] Policy zone: Normal
Jun  9 20:37:10 ubuntu kernel: [    0.000000] Kernel command line: BOOT_IMAGE=/boot/vmlinuz-5.7.1 root=UUID=87f15ea3-75f7-4c9d-add6-30cc3fc19001 ro text
Jun  9 20:37:10 ubuntu kernel: [    0.000000] printk: log_buf_len individual max cpu contribution: 4096 bytes
Jun  9 20:37:10 ubuntu kernel: [    0.000000] printk: log_buf_len total cpu_extra contributions: 389120 bytes
Jun  9 20:37:10 ubuntu kernel: [    0.000000] printk: log_buf_len min size: 262144 bytes
Jun  9 20:37:10 ubuntu kernel: [    0.000000] printk: log_buf_len: 1048576 bytes
Jun  9 20:37:10 ubuntu kernel: [    0.000000] printk: early log buf free: 245792(93%)
Jun  9 20:37:10 ubuntu kernel: [    0.000000] mem auto-init: stack:off, heap alloc:on, heap free:off
Jun  9 20:37:10 ubuntu kernel: [    0.000000] software IO TLB: mapped [mem 0x3b030000-0x3f030000] (64MB)
Jun  9 20:37:10 ubuntu kernel: [    0.000000] Memory: 130842212K/134213440K available (14140K kernel code, 2356K rwdata, 6880K rodata, 7040K init, 1134K bss, 3338460K reserved, 32768K cma-reserved)
Jun  9 20:37:10 ubuntu kernel: [    0.000000] random: get_random_u64 called from __kmem_cache_create+0x5c/0x5d8 with crng_init=0
Jun  9 20:37:10 ubuntu kernel: [    0.000000] SLUB: HWalign=64, Order=0-3, MinObjects=0, CPUs=96, Nodes=4
Jun  9 20:37:10 ubuntu kernel: [    0.000000] ftrace: allocating 46050 entries in 180 pages
Jun  9 20:37:10 ubuntu kernel: [    0.000000] ftrace: allocated 180 pages with 4 groups
Jun  9 20:37:10 ubuntu kernel: [    0.000000] rcu: Hierarchical RCU implementation.
Jun  9 20:37:10 ubuntu kernel: [    0.000000] rcu: 	RCU restricting CPUs from NR_CPUS=256 to nr_cpu_ids=96.
Jun  9 20:37:10 ubuntu kernel: [    0.000000] 	Tasks RCU enabled.
Jun  9 20:37:10 ubuntu kernel: [    0.000000] rcu: RCU calculated value of scheduler-enlistment delay is 25 jiffies.
Jun  9 20:37:10 ubuntu kernel: [    0.000000] rcu: Adjusting geometry for rcu_fanout_leaf=16, nr_cpu_ids=96
Jun  9 20:37:10 ubuntu kernel: [    0.000000] NR_IRQS: 64, nr_irqs: 64, preallocated irqs: 0
Jun  9 20:37:10 ubuntu kernel: [    0.000000] GICv3: GIC: Using split EOI/Deactivate mode
Jun  9 20:37:10 ubuntu kernel: [    0.000000] GICv3: 640 SPIs implemented
Jun  9 20:37:10 ubuntu kernel: [    0.000000] GICv3: 0 Extended SPIs implemented
Jun  9 20:37:10 ubuntu kernel: [    0.000000] GICv3: Distributor has no Range Selector support
Jun  9 20:37:10 ubuntu kernel: [    0.000000] GICv3: 16 PPIs implemented
Jun  9 20:37:10 ubuntu kernel: [    0.000000] GICv3: GICv4 features: DirectLPI 
Jun  9 20:37:10 ubuntu kernel: [    0.000000] GICv3: CPU0: found redistributor 80000 region 0:0x00000000ae100000
Jun  9 20:37:10 ubuntu kernel: [    0.000000] SRAT: PXM 0 -> ITS 0 -> Node 0
Jun  9 20:37:10 ubuntu kernel: [    0.000000] SRAT: PXM 2 -> ITS 1 -> Node 2
Jun  9 20:37:10 ubuntu kernel: [    0.000000] ITS [mem 0x202100000-0x20211ffff]
Jun  9 20:37:10 ubuntu kernel: [    0.000000] ITS@0x0000000202100000: Using ITS number 0
Jun  9 20:37:10 ubuntu kernel: [    0.000000] ITS@0x0000000202100000: allocated 65536 Devices @27ffb80000 (flat, esz 8, psz 16K, shr 1)
Jun  9 20:37:10 ubuntu kernel: [    0.000000] ITS@0x0000000202100000: allocated 65536 Virtual CPUs @27ff000000 (flat, esz 16, psz 4K, shr 1)
Jun  9 20:37:10 ubuntu kernel: [    0.000000] ITS@0x0000000202100000: allocated 256 Interrupt Collections @27ffb10000 (flat, esz 16, psz 4K, shr 1)
Jun  9 20:37:10 ubuntu kernel: [    0.000000] ITS [mem 0x200202100000-0x20020211ffff]
Jun  9 20:37:10 ubuntu kernel: [    0.000000] ITS@0x0000200202100000: Using ITS number 1
Jun  9 20:37:10 ubuntu kernel: [    0.000000] ITS@0x0000200202100000: allocated 65536 Devices @2027ff880000 (flat, esz 8, psz 16K, shr 1)
Jun  9 20:37:10 ubuntu kernel: [    0.000000] ITS@0x0000200202100000: allocated 65536 Virtual CPUs @2027ff900000 (flat, esz 16, psz 4K, shr 1)
Jun  9 20:37:10 ubuntu kernel: [    0.000000] ITS@0x0000200202100000: allocated 256 Interrupt Collections @2027ff801000 (flat, esz 16, psz 4K, shr 1)
Jun  9 20:37:10 ubuntu kernel: [    0.000000] GICv3: using LPI property table @0x00000027ffb20000
Jun  9 20:37:10 ubuntu kernel: [    0.000000] ITS: Using DirectLPI for VPE invalidation
Jun  9 20:37:10 ubuntu kernel: [    0.000000] ITS: Enabling GICv4 support
Jun  9 20:37:10 ubuntu kernel: [    0.000000] GICv3: CPU0: using allocated LPI pending table @0x00000027ffb30000
Jun  9 20:37:10 ubuntu kernel: [    0.000000] arch_timer: cp15 timer(s) running at 100.00MHz (phys).
Jun  9 20:37:10 ubuntu kernel: [    0.000000] clocksource: arch_sys_counter: mask: 0xffffffffffffff max_cycles: 0x171024e7e0, max_idle_ns: 440795205315 ns
Jun  9 20:37:10 ubuntu kernel: [    0.000001] sched_clock: 56 bits at 100MHz, resolution 10ns, wraps every 4398046511100ns
Jun  9 20:37:10 ubuntu kernel: [    0.000115] Console: colour dummy device 80x25
Jun  9 20:37:10 ubuntu kernel: [    0.000442] printk: console [tty0] enabled
Jun  9 20:37:10 ubuntu kernel: [    0.000511] mempolicy: Enabling automatic NUMA balancing. Configure with numa_balancing= or the kernel.numa_balancing sysctl
Jun  9 20:37:10 ubuntu kernel: [    0.000526] ACPI: Core revision 20200326
Jun  9 20:37:10 ubuntu kernel: [    0.000721] Calibrating delay loop (skipped), value calculated using timer frequency.. 200.00 BogoMIPS (lpj=400000)
Jun  9 20:37:10 ubuntu kernel: [    0.000726] pid_max: default: 98304 minimum: 768
Jun  9 20:37:10 ubuntu kernel: [    0.000803] LSM: Security Framework initializing
Jun  9 20:37:10 ubuntu kernel: [    0.000809] Yama: becoming mindful.
Jun  9 20:37:10 ubuntu kernel: [    0.000841] AppArmor: AppArmor initialized
Jun  9 20:37:10 ubuntu kernel: [    0.013234] Dentry cache hash table entries: 8388608 (order: 14, 67108864 bytes, vmalloc)
Jun  9 20:37:10 ubuntu kernel: [    0.019354] Inode-cache hash table entries: 4194304 (order: 13, 33554432 bytes, vmalloc)
Jun  9 20:37:10 ubuntu kernel: [    0.019610] Mount-cache hash table entries: 131072 (order: 8, 1048576 bytes, vmalloc)
Jun  9 20:37:10 ubuntu kernel: [    0.019809] Mountpoint-cache hash table entries: 131072 (order: 8, 1048576 bytes, vmalloc)
Jun  9 20:37:10 ubuntu kernel: [    0.022249] rcu: Hierarchical SRCU implementation.
Jun  9 20:37:10 ubuntu kernel: [    0.022699] Platform MSI: ITS@0x202100000 domain created
Jun  9 20:37:10 ubuntu kernel: [    0.022704] Platform MSI: ITS@0x200202100000 domain created
Jun  9 20:37:10 ubuntu kernel: [    0.022711] PCI/MSI: ITS@0x202100000 domain created
Jun  9 20:37:10 ubuntu kernel: [    0.022714] PCI/MSI: ITS@0x200202100000 domain created
Jun  9 20:37:10 ubuntu kernel: [    0.022726] Remapping and enabling EFI services.
Jun  9 20:37:10 ubuntu kernel: [    0.022926] efi: memattr: Entry attributes invalid: RO and XP bits both cleared
Jun  9 20:37:10 ubuntu kernel: [    0.022932] efi: memattr: ! 0x000000000000-0x00000000ffff [Runtime Code       |RUN|  |  |  |  |  |  |  |   |  |  |  |  ]
Jun  9 20:37:10 ubuntu kernel: [    0.024097] smp: Bringing up secondary CPUs ...
Jun  9 20:37:10 ubuntu kernel: [    0.053933] Detected VIPT I-cache on CPU1
Jun  9 20:37:10 ubuntu kernel: [    0.053939] GICv3: CPU1: found redistributor 80100 region 1:0x00000000ae140000
Jun  9 20:37:10 ubuntu kernel: [    0.053955] GICv3: CPU1: using allocated LPI pending table @0x00000027ffb40000
Jun  9 20:37:10 ubuntu kernel: [    0.053992] CPU1: Booted secondary processor 0x0000080100 [0x481fd010]
Jun  9 20:37:10 ubuntu kernel: [    0.086477] Detected VIPT I-cache on CPU2
Jun  9 20:37:10 ubuntu kernel: [    0.086481] GICv3: CPU2: found redistributor 80200 region 2:0x00000000ae180000
Jun  9 20:37:10 ubuntu kernel: [    0.086493] GICv3: CPU2: using allocated LPI pending table @0x00000027ffb50000
Jun  9 20:37:10 ubuntu kernel: [    0.086524] CPU2: Booted secondary processor 0x0000080200 [0x481fd010]
Jun  9 20:37:10 ubuntu kernel: [    0.119027] Detected VIPT I-cache on CPU3
Jun  9 20:37:10 ubuntu kernel: [    0.119031] GICv3: CPU3: found redistributor 80300 region 3:0x00000000ae1c0000
Jun  9 20:37:10 ubuntu kernel: [    0.119044] GICv3: CPU3: using allocated LPI pending table @0x00000027ffb60000
Jun  9 20:37:10 ubuntu kernel: [    0.119075] CPU3: Booted secondary processor 0x0000080300 [0x481fd010]
Jun  9 20:37:10 ubuntu kernel: [    0.151756] Detected VIPT I-cache on CPU4
Jun  9 20:37:10 ubuntu kernel: [    0.151765] GICv3: CPU4: found redistributor 90000 region 4:0x00000000ae200000
Jun  9 20:37:10 ubuntu kernel: [    0.151785] GICv3: CPU4: using allocated LPI pending table @0x00000027ffb70000
Jun  9 20:37:10 ubuntu kernel: [    0.151822] CPU4: Booted secondary processor 0x0000090000 [0x481fd010]
Jun  9 20:37:10 ubuntu kernel: [    0.184475] Detected VIPT I-cache on CPU5
Jun  9 20:37:10 ubuntu kernel: [    0.184480] GICv3: CPU5: found redistributor 90100 region 5:0x00000000ae240000
Jun  9 20:37:10 ubuntu kernel: [    0.184492] GICv3: CPU5: using allocated LPI pending table @0x00000027ff100000
Jun  9 20:37:10 ubuntu kernel: [    0.184523] CPU5: Booted secondary processor 0x0000090100 [0x481fd010]
Jun  9 20:37:10 ubuntu kernel: [    0.217198] Detected VIPT I-cache on CPU6
Jun  9 20:37:10 ubuntu kernel: [    0.217203] GICv3: CPU6: found redistributor 90200 region 6:0x00000000ae280000
Jun  9 20:37:10 ubuntu kernel: [    0.217217] GICv3: CPU6: using allocated LPI pending table @0x00000027ff110000
Jun  9 20:37:10 ubuntu kernel: [    0.217249] CPU6: Booted secondary processor 0x0000090200 [0x481fd010]
Jun  9 20:37:10 ubuntu kernel: [    0.249922] Detected VIPT I-cache on CPU7
Jun  9 20:37:10 ubuntu kernel: [    0.249927] GICv3: CPU7: found redistributor 90300 region 7:0x00000000ae2c0000
Jun  9 20:37:10 ubuntu kernel: [    0.249940] GICv3: CPU7: using allocated LPI pending table @0x00000027ff120000
Jun  9 20:37:10 ubuntu kernel: [    0.249972] CPU7: Booted secondary processor 0x0000090300 [0x481fd010]
Jun  9 20:37:10 ubuntu kernel: [    0.282824] Detected VIPT I-cache on CPU8
Jun  9 20:37:10 ubuntu kernel: [    0.282831] GICv3: CPU8: found redistributor a0000 region 8:0x00000000ae300000
Jun  9 20:37:10 ubuntu kernel: [    0.282848] GICv3: CPU8: using allocated LPI pending table @0x00000027ff130000
Jun  9 20:37:10 ubuntu kernel: [    0.282885] CPU8: Booted secondary processor 0x00000a0000 [0x481fd010]
Jun  9 20:37:10 ubuntu kernel: [    0.315716] Detected VIPT I-cache on CPU9
Jun  9 20:37:10 ubuntu kernel: [    0.315722] GICv3: CPU9: found redistributor a0100 region 9:0x00000000ae340000
Jun  9 20:37:10 ubuntu kernel: [    0.315734] GICv3: CPU9: using allocated LPI pending table @0x00000027ff140000
Jun  9 20:37:10 ubuntu kernel: [    0.315766] CPU9: Booted secondary processor 0x00000a0100 [0x481fd010]
Jun  9 20:37:10 ubuntu kernel: [    0.348613] Detected VIPT I-cache on CPU10
Jun  9 20:37:10 ubuntu kernel: [    0.348619] GICv3: CPU10: found redistributor a0200 region 10:0x00000000ae380000
Jun  9 20:37:10 ubuntu kernel: [    0.348631] GICv3: CPU10: using allocated LPI pending table @0x00000027ff150000
Jun  9 20:37:10 ubuntu kernel: [    0.348663] CPU10: Booted secondary processor 0x00000a0200 [0x481fd010]
Jun  9 20:37:10 ubuntu kernel: [    0.381510] Detected VIPT I-cache on CPU11
Jun  9 20:37:10 ubuntu kernel: [    0.381516] GICv3: CPU11: found redistributor a0300 region 11:0x00000000ae3c0000
Jun  9 20:37:10 ubuntu kernel: [    0.381528] GICv3: CPU11: using allocated LPI pending table @0x00000027ff160000
Jun  9 20:37:10 ubuntu kernel: [    0.381560] CPU11: Booted secondary processor 0x00000a0300 [0x481fd010]
Jun  9 20:37:10 ubuntu kernel: [    0.414585] Detected VIPT I-cache on CPU12
Jun  9 20:37:10 ubuntu kernel: [    0.414593] GICv3: CPU12: found redistributor b0000 region 12:0x00000000ae400000
Jun  9 20:37:10 ubuntu kernel: [    0.414610] GICv3: CPU12: using allocated LPI pending table @0x00000027ff170000
Jun  9 20:37:10 ubuntu kernel: [    0.414646] CPU12: Booted secondary processor 0x00000b0000 [0x481fd010]
Jun  9 20:37:10 ubuntu kernel: [    0.447652] Detected VIPT I-cache on CPU13
Jun  9 20:37:10 ubuntu kernel: [    0.447658] GICv3: CPU13: found redistributor b0100 region 13:0x00000000ae440000
Jun  9 20:37:10 ubuntu kernel: [    0.447671] GICv3: CPU13: using allocated LPI pending table @0x00000027ff180000
Jun  9 20:37:10 ubuntu kernel: [    0.447703] CPU13: Booted secondary processor 0x00000b0100 [0x481fd010]
Jun  9 20:37:10 ubuntu kernel: [    0.480723] Detected VIPT I-cache on CPU14
Jun  9 20:37:10 ubuntu kernel: [    0.480729] GICv3: CPU14: found redistributor b0200 region 14:0x00000000ae480000
Jun  9 20:37:10 ubuntu kernel: [    0.480742] GICv3: CPU14: using allocated LPI pending table @0x00000027ff190000
Jun  9 20:37:10 ubuntu kernel: [    0.480774] CPU14: Booted secondary processor 0x00000b0200 [0x481fd010]
Jun  9 20:37:10 ubuntu kernel: [    0.513794] Detected VIPT I-cache on CPU15
Jun  9 20:37:10 ubuntu kernel: [    0.513800] GICv3: CPU15: found redistributor b0300 region 15:0x00000000ae4c0000
Jun  9 20:37:10 ubuntu kernel: [    0.513813] GICv3: CPU15: using allocated LPI pending table @0x00000027ff1a0000
Jun  9 20:37:10 ubuntu kernel: [    0.513845] CPU15: Booted secondary processor 0x00000b0300 [0x481fd010]
Jun  9 20:37:10 ubuntu kernel: [    0.546348] Detected VIPT I-cache on CPU16
Jun  9 20:37:10 ubuntu kernel: [    0.546356] GICv3: CPU16: found redistributor c0000 region 16:0x00000000ae500000
Jun  9 20:37:10 ubuntu kernel: [    0.546375] GICv3: CPU16: using allocated LPI pending table @0x00000027ff1b0000
Jun  9 20:37:10 ubuntu kernel: [    0.546411] CPU16: Booted secondary processor 0x00000c0000 [0x481fd010]
Jun  9 20:37:10 ubuntu kernel: [    0.578894] Detected VIPT I-cache on CPU17
Jun  9 20:37:10 ubuntu kernel: [    0.578901] GICv3: CPU17: found redistributor c0100 region 17:0x00000000ae540000
Jun  9 20:37:10 ubuntu kernel: [    0.578914] GICv3: CPU17: using allocated LPI pending table @0x00000027ff1c0000
Jun  9 20:37:10 ubuntu kernel: [    0.578946] CPU17: Booted secondary processor 0x00000c0100 [0x481fd010]
Jun  9 20:37:10 ubuntu kernel: [    0.611444] Detected VIPT I-cache on CPU18
Jun  9 20:37:10 ubuntu kernel: [    0.611450] GICv3: CPU18: found redistributor c0200 region 18:0x00000000ae580000
Jun  9 20:37:10 ubuntu kernel: [    0.611463] GICv3: CPU18: using allocated LPI pending table @0x00000027ff1d0000
Jun  9 20:37:10 ubuntu kernel: [    0.611495] CPU18: Booted secondary processor 0x00000c0200 [0x481fd010]
Jun  9 20:37:10 ubuntu kernel: [    0.643994] Detected VIPT I-cache on CPU19
Jun  9 20:37:10 ubuntu kernel: [    0.644001] GICv3: CPU19: found redistributor c0300 region 19:0x00000000ae5c0000
Jun  9 20:37:10 ubuntu kernel: [    0.644014] GICv3: CPU19: using allocated LPI pending table @0x00000027ff1e0000
Jun  9 20:37:10 ubuntu kernel: [    0.644046] CPU19: Booted secondary processor 0x00000c0300 [0x481fd010]
Jun  9 20:37:10 ubuntu kernel: [    0.676721] Detected VIPT I-cache on CPU20
Jun  9 20:37:10 ubuntu kernel: [    0.676730] GICv3: CPU20: found redistributor d0000 region 20:0x00000000ae600000
Jun  9 20:37:10 ubuntu kernel: [    0.676749] GICv3: CPU20: using allocated LPI pending table @0x00000027ff1f0000
Jun  9 20:37:10 ubuntu kernel: [    0.676786] CPU20: Booted secondary processor 0x00000d0000 [0x481fd010]
Jun  9 20:37:10 ubuntu kernel: [    0.709441] Detected VIPT I-cache on CPU21
Jun  9 20:37:10 ubuntu kernel: [    0.709448] GICv3: CPU21: found redistributor d0100 region 21:0x00000000ae640000
Jun  9 20:37:10 ubuntu kernel: [    0.709462] GICv3: CPU21: using allocated LPI pending table @0x00000027ff200000
Jun  9 20:37:10 ubuntu kernel: [    0.709493] CPU21: Booted secondary processor 0x00000d0100 [0x481fd010]
Jun  9 20:37:10 ubuntu kernel: [    0.742165] Detected VIPT I-cache on CPU22
Jun  9 20:37:10 ubuntu kernel: [    0.742172] GICv3: CPU22: found redistributor d0200 region 22:0x00000000ae680000
Jun  9 20:37:10 ubuntu kernel: [    0.742185] GICv3: CPU22: using allocated LPI pending table @0x00000027ff210000
Jun  9 20:37:10 ubuntu kernel: [    0.742218] CPU22: Booted secondary processor 0x00000d0200 [0x481fd010]
Jun  9 20:37:10 ubuntu kernel: [    0.774888] Detected VIPT I-cache on CPU23
Jun  9 20:37:10 ubuntu kernel: [    0.774895] GICv3: CPU23: found redistributor d0300 region 23:0x00000000ae6c0000
Jun  9 20:37:10 ubuntu kernel: [    0.774908] GICv3: CPU23: using allocated LPI pending table @0x00000027ff220000
Jun  9 20:37:10 ubuntu kernel: [    0.774941] CPU23: Booted secondary processor 0x00000d0300 [0x481fd010]
Jun  9 20:37:10 ubuntu kernel: [    0.807454] Detected VIPT I-cache on CPU24
Jun  9 20:37:10 ubuntu kernel: [    0.807470] GICv3: CPU24: found redistributor 180000 region 24:0x00000000aa100000
Jun  9 20:37:10 ubuntu kernel: [    0.807517] GICv3: CPU24: using allocated LPI pending table @0x00000027ff230000
Jun  9 20:37:10 ubuntu kernel: [    0.807564] CPU24: Booted secondary processor 0x0000180000 [0x481fd010]
Jun  9 20:37:10 ubuntu kernel: [    0.839990] Detected VIPT I-cache on CPU25
Jun  9 20:37:10 ubuntu kernel: [    0.839999] GICv3: CPU25: found redistributor 180100 region 25:0x00000000aa140000
Jun  9 20:37:10 ubuntu kernel: [    0.840014] GICv3: CPU25: using allocated LPI pending table @0x00000027ff240000
Jun  9 20:37:10 ubuntu kernel: [    0.840051] CPU25: Booted secondary processor 0x0000180100 [0x481fd010]
Jun  9 20:37:10 ubuntu kernel: [    0.872540] Detected VIPT I-cache on CPU26
Jun  9 20:37:10 ubuntu kernel: [    0.872550] GICv3: CPU26: found redistributor 180200 region 26:0x00000000aa180000
Jun  9 20:37:10 ubuntu kernel: [    0.872564] GICv3: CPU26: using allocated LPI pending table @0x00000027ff250000
Jun  9 20:37:10 ubuntu kernel: [    0.872602] CPU26: Booted secondary processor 0x0000180200 [0x481fd010]
Jun  9 20:37:10 ubuntu kernel: [    0.905090] Detected VIPT I-cache on CPU27
Jun  9 20:37:10 ubuntu kernel: [    0.905100] GICv3: CPU27: found redistributor 180300 region 27:0x00000000aa1c0000
Jun  9 20:37:10 ubuntu kernel: [    0.905120] GICv3: CPU27: using allocated LPI pending table @0x00000027ff260000
Jun  9 20:37:10 ubuntu kernel: [    0.905158] CPU27: Booted secondary processor 0x0000180300 [0x481fd010]
Jun  9 20:37:10 ubuntu kernel: [    0.937823] Detected VIPT I-cache on CPU28
Jun  9 20:37:10 ubuntu kernel: [    0.937838] GICv3: CPU28: found redistributor 190000 region 28:0x00000000aa200000
Jun  9 20:37:10 ubuntu kernel: [    0.937865] GICv3: CPU28: using allocated LPI pending table @0x00000027ff270000
Jun  9 20:37:10 ubuntu kernel: [    0.937910] CPU28: Booted secondary processor 0x0000190000 [0x481fd010]
Jun  9 20:37:10 ubuntu kernel: [    0.970537] Detected VIPT I-cache on CPU29
Jun  9 20:37:10 ubuntu kernel: [    0.970548] GICv3: CPU29: found redistributor 190100 region 29:0x00000000aa240000
Jun  9 20:37:10 ubuntu kernel: [    0.970563] GICv3: CPU29: using allocated LPI pending table @0x00000027ff280000
Jun  9 20:37:10 ubuntu kernel: [    0.970600] CPU29: Booted secondary processor 0x0000190100 [0x481fd010]
Jun  9 20:37:10 ubuntu kernel: [    1.003260] Detected VIPT I-cache on CPU30
Jun  9 20:37:10 ubuntu kernel: [    1.003271] GICv3: CPU30: found redistributor 190200 region 30:0x00000000aa280000
Jun  9 20:37:10 ubuntu kernel: [    1.003290] GICv3: CPU30: using allocated LPI pending table @0x00000027ff290000
Jun  9 20:37:10 ubuntu kernel: [    1.003328] CPU30: Booted secondary processor 0x0000190200 [0x481fd010]
Jun  9 20:37:10 ubuntu kernel: [    1.035984] Detected VIPT I-cache on CPU31
Jun  9 20:37:10 ubuntu kernel: [    1.035995] GICv3: CPU31: found redistributor 190300 region 31:0x00000000aa2c0000
Jun  9 20:37:10 ubuntu kernel: [    1.036011] GICv3: CPU31: using allocated LPI pending table @0x00000027ff2a0000
Jun  9 20:37:10 ubuntu kernel: [    1.036049] CPU31: Booted secondary processor 0x0000190300 [0x481fd010]
Jun  9 20:37:10 ubuntu kernel: [    1.068887] Detected VIPT I-cache on CPU32
Jun  9 20:37:10 ubuntu kernel: [    1.068901] GICv3: CPU32: found redistributor 1a0000 region 32:0x00000000aa300000
Jun  9 20:37:10 ubuntu kernel: [    1.068926] GICv3: CPU32: using allocated LPI pending table @0x00000027ff2b0000
Jun  9 20:37:10 ubuntu kernel: [    1.068970] CPU32: Booted secondary processor 0x00001a0000 [0x481fd010]
Jun  9 20:37:10 ubuntu kernel: [    1.101779] Detected VIPT I-cache on CPU33
Jun  9 20:37:10 ubuntu kernel: [    1.101790] GICv3: CPU33: found redistributor 1a0100 region 33:0x00000000aa340000
Jun  9 20:37:10 ubuntu kernel: [    1.101806] GICv3: CPU33: using allocated LPI pending table @0x00000027ff2c0000
Jun  9 20:37:10 ubuntu kernel: [    1.101844] CPU33: Booted secondary processor 0x00001a0100 [0x481fd010]
Jun  9 20:37:10 ubuntu kernel: [    1.134676] Detected VIPT I-cache on CPU34
Jun  9 20:37:10 ubuntu kernel: [    1.134687] GICv3: CPU34: found redistributor 1a0200 region 34:0x00000000aa380000
Jun  9 20:37:10 ubuntu kernel: [    1.134703] GICv3: CPU34: using allocated LPI pending table @0x00000027ff2d0000
Jun  9 20:37:10 ubuntu kernel: [    1.134741] CPU34: Booted secondary processor 0x00001a0200 [0x481fd010]
Jun  9 20:37:10 ubuntu kernel: [    1.167573] Detected VIPT I-cache on CPU35
Jun  9 20:37:10 ubuntu kernel: [    1.167584] GICv3: CPU35: found redistributor 1a0300 region 35:0x00000000aa3c0000
Jun  9 20:37:10 ubuntu kernel: [    1.167599] GICv3: CPU35: using allocated LPI pending table @0x00000027ff2e0000
Jun  9 20:37:10 ubuntu kernel: [    1.167638] CPU35: Booted secondary processor 0x00001a0300 [0x481fd010]
Jun  9 20:37:10 ubuntu kernel: [    1.200650] Detected VIPT I-cache on CPU36
Jun  9 20:37:10 ubuntu kernel: [    1.200664] GICv3: CPU36: found redistributor 1b0000 region 36:0x00000000aa400000
Jun  9 20:37:10 ubuntu kernel: [    1.200689] GICv3: CPU36: using allocated LPI pending table @0x00000027ff2f0000
Jun  9 20:37:10 ubuntu kernel: [    1.200733] CPU36: Booted secondary processor 0x00001b0000 [0x481fd010]
Jun  9 20:37:10 ubuntu kernel: [    1.233715] Detected VIPT I-cache on CPU37
Jun  9 20:37:10 ubuntu kernel: [    1.233727] GICv3: CPU37: found redistributor 1b0100 region 37:0x00000000aa440000
Jun  9 20:37:10 ubuntu kernel: [    1.233743] GICv3: CPU37: using allocated LPI pending table @0x00000027ff300000
Jun  9 20:37:10 ubuntu kernel: [    1.233781] CPU37: Booted secondary processor 0x00001b0100 [0x481fd010]
Jun  9 20:37:10 ubuntu kernel: [    1.266786] Detected VIPT I-cache on CPU38
Jun  9 20:37:10 ubuntu kernel: [    1.266797] GICv3: CPU38: found redistributor 1b0200 region 38:0x00000000aa480000
Jun  9 20:37:10 ubuntu kernel: [    1.266814] GICv3: CPU38: using allocated LPI pending table @0x00000027ff310000
Jun  9 20:37:10 ubuntu kernel: [    1.266853] CPU38: Booted secondary processor 0x00001b0200 [0x481fd010]
Jun  9 20:37:10 ubuntu kernel: [    1.299856] Detected VIPT I-cache on CPU39
Jun  9 20:37:10 ubuntu kernel: [    1.299868] GICv3: CPU39: found redistributor 1b0300 region 39:0x00000000aa4c0000
Jun  9 20:37:10 ubuntu kernel: [    1.299886] GICv3: CPU39: using allocated LPI pending table @0x00000027ff320000
Jun  9 20:37:10 ubuntu kernel: [    1.299925] CPU39: Booted secondary processor 0x00001b0300 [0x481fd010]
Jun  9 20:37:10 ubuntu kernel: [    1.332412] Detected VIPT I-cache on CPU40
Jun  9 20:37:10 ubuntu kernel: [    1.332427] GICv3: CPU40: found redistributor 1c0000 region 40:0x00000000aa500000
Jun  9 20:37:10 ubuntu kernel: [    1.332453] GICv3: CPU40: using allocated LPI pending table @0x00000027ff330000
Jun  9 20:37:10 ubuntu kernel: [    1.332497] CPU40: Booted secondary processor 0x00001c0000 [0x481fd010]
Jun  9 20:37:10 ubuntu kernel: [    1.364957] Detected VIPT I-cache on CPU41
Jun  9 20:37:10 ubuntu kernel: [    1.364969] GICv3: CPU41: found redistributor 1c0100 region 41:0x00000000aa540000
Jun  9 20:37:10 ubuntu kernel: [    1.364986] GICv3: CPU41: using allocated LPI pending table @0x00000027ff340000
Jun  9 20:37:10 ubuntu kernel: [    1.365025] CPU41: Booted secondary processor 0x00001c0100 [0x481fd010]
Jun  9 20:37:10 ubuntu kernel: [    1.397507] Detected VIPT I-cache on CPU42
Jun  9 20:37:10 ubuntu kernel: [    1.397519] GICv3: CPU42: found redistributor 1c0200 region 42:0x00000000aa580000
Jun  9 20:37:10 ubuntu kernel: [    1.397536] GICv3: CPU42: using allocated LPI pending table @0x00000027ff350000
Jun  9 20:37:10 ubuntu kernel: [    1.397575] CPU42: Booted secondary processor 0x00001c0200 [0x481fd010]
Jun  9 20:37:10 ubuntu kernel: [    1.430056] Detected VIPT I-cache on CPU43
Jun  9 20:37:10 ubuntu kernel: [    1.430068] GICv3: CPU43: found redistributor 1c0300 region 43:0x00000000aa5c0000
Jun  9 20:37:10 ubuntu kernel: [    1.430086] GICv3: CPU43: using allocated LPI pending table @0x00000027ff360000
Jun  9 20:37:10 ubuntu kernel: [    1.430125] CPU43: Booted secondary processor 0x00001c0300 [0x481fd010]
Jun  9 20:37:10 ubuntu kernel: [    1.462786] Detected VIPT I-cache on CPU44
Jun  9 20:37:10 ubuntu kernel: [    1.462800] GICv3: CPU44: found redistributor 1d0000 region 44:0x00000000aa600000
Jun  9 20:37:10 ubuntu kernel: [    1.462828] GICv3: CPU44: using allocated LPI pending table @0x00000027ff370000
Jun  9 20:37:10 ubuntu kernel: [    1.462874] CPU44: Booted secondary processor 0x00001d0000 [0x481fd010]
Jun  9 20:37:10 ubuntu kernel: [    1.495504] Detected VIPT I-cache on CPU45
Jun  9 20:37:10 ubuntu kernel: [    1.495516] GICv3: CPU45: found redistributor 1d0100 region 45:0x00000000aa640000
Jun  9 20:37:10 ubuntu kernel: [    1.495535] GICv3: CPU45: using allocated LPI pending table @0x00000027ff380000
Jun  9 20:37:10 ubuntu kernel: [    1.495574] CPU45: Booted secondary processor 0x00001d0100 [0x481fd010]
Jun  9 20:37:10 ubuntu kernel: [    1.528227] Detected VIPT I-cache on CPU46
Jun  9 20:37:10 ubuntu kernel: [    1.528239] GICv3: CPU46: found redistributor 1d0200 region 46:0x00000000aa680000
Jun  9 20:37:10 ubuntu kernel: [    1.528258] GICv3: CPU46: using allocated LPI pending table @0x00000027ff390000
Jun  9 20:37:10 ubuntu kernel: [    1.528296] CPU46: Booted secondary processor 0x00001d0200 [0x481fd010]
Jun  9 20:37:10 ubuntu kernel: [    1.560951] Detected VIPT I-cache on CPU47
Jun  9 20:37:10 ubuntu kernel: [    1.560963] GICv3: CPU47: found redistributor 1d0300 region 47:0x00000000aa6c0000
Jun  9 20:37:10 ubuntu kernel: [    1.560979] GICv3: CPU47: using allocated LPI pending table @0x00000027ff3a0000
Jun  9 20:37:10 ubuntu kernel: [    1.561017] CPU47: Booted secondary processor 0x00001d0300 [0x481fd010]
Jun  9 20:37:10 ubuntu kernel: [    1.593791] Detected VIPT I-cache on CPU48
Jun  9 20:37:10 ubuntu kernel: [    1.593829] GICv3: CPU48: found redistributor 280000 region 48:0x00002000ae100000
Jun  9 20:37:10 ubuntu kernel: [    1.593889] GICv3: CPU48: using allocated LPI pending table @0x00000027ff3b0000
Jun  9 20:37:10 ubuntu kernel: [    1.593960] CPU48: Booted secondary processor 0x0000280000 [0x481fd010]
Jun  9 20:37:10 ubuntu kernel: [    1.626579] Detected VIPT I-cache on CPU49
Jun  9 20:37:10 ubuntu kernel: [    1.626607] GICv3: CPU49: found redistributor 280100 region 49:0x00002000ae140000
Jun  9 20:37:10 ubuntu kernel: [    1.626630] GICv3: CPU49: using allocated LPI pending table @0x00000027ff3c0000
Jun  9 20:37:10 ubuntu kernel: [    1.626682] CPU49: Booted secondary processor 0x0000280100 [0x481fd010]
Jun  9 20:37:10 ubuntu kernel: [    1.659389] Detected VIPT I-cache on CPU50
Jun  9 20:37:10 ubuntu kernel: [    1.659417] GICv3: CPU50: found redistributor 280200 region 50:0x00002000ae180000
Jun  9 20:37:10 ubuntu kernel: [    1.659437] GICv3: CPU50: using allocated LPI pending table @0x00000027ff3d0000
Jun  9 20:37:10 ubuntu kernel: [    1.659488] CPU50: Booted secondary processor 0x0000280200 [0x481fd010]
Jun  9 20:37:10 ubuntu kernel: [    1.692200] Detected VIPT I-cache on CPU51
Jun  9 20:37:10 ubuntu kernel: [    1.692228] GICv3: CPU51: found redistributor 280300 region 51:0x00002000ae1c0000
Jun  9 20:37:10 ubuntu kernel: [    1.692248] GICv3: CPU51: using allocated LPI pending table @0x00000027ff3e0000
Jun  9 20:37:10 ubuntu kernel: [    1.692300] CPU51: Booted secondary processor 0x0000280300 [0x481fd010]
Jun  9 20:37:10 ubuntu kernel: [    1.725187] Detected VIPT I-cache on CPU52
Jun  9 20:37:10 ubuntu kernel: [    1.725216] GICv3: CPU52: found redistributor 290000 region 52:0x00002000ae200000
Jun  9 20:37:10 ubuntu kernel: [    1.725251] GICv3: CPU52: using allocated LPI pending table @0x00000027ff3f0000
Jun  9 20:37:10 ubuntu kernel: [    1.725307] CPU52: Booted secondary processor 0x0000290000 [0x481fd010]
Jun  9 20:37:10 ubuntu kernel: [    1.758168] Detected VIPT I-cache on CPU53
Jun  9 20:37:10 ubuntu kernel: [    1.758197] GICv3: CPU53: found redistributor 290100 region 53:0x00002000ae240000
Jun  9 20:37:10 ubuntu kernel: [    1.758215] GICv3: CPU53: using allocated LPI pending table @0x00000027fec00000
Jun  9 20:37:10 ubuntu kernel: [    1.758267] CPU53: Booted secondary processor 0x0000290100 [0x481fd010]
Jun  9 20:37:10 ubuntu kernel: [    1.791152] Detected VIPT I-cache on CPU54
Jun  9 20:37:10 ubuntu kernel: [    1.791180] GICv3: CPU54: found redistributor 290200 region 54:0x00002000ae280000
Jun  9 20:37:10 ubuntu kernel: [    1.791199] GICv3: CPU54: using allocated LPI pending table @0x00000027fec10000
Jun  9 20:37:10 ubuntu kernel: [    1.791251] CPU54: Booted secondary processor 0x0000290200 [0x481fd010]
Jun  9 20:37:10 ubuntu kernel: [    1.824137] Detected VIPT I-cache on CPU55
Jun  9 20:37:10 ubuntu kernel: [    1.824165] GICv3: CPU55: found redistributor 290300 region 55:0x00002000ae2c0000
Jun  9 20:37:10 ubuntu kernel: [    1.824183] GICv3: CPU55: using allocated LPI pending table @0x00000027fec20000
Jun  9 20:37:10 ubuntu kernel: [    1.824236] CPU55: Booted secondary processor 0x0000290300 [0x481fd010]
Jun  9 20:37:10 ubuntu kernel: [    1.857297] Detected VIPT I-cache on CPU56
Jun  9 20:37:10 ubuntu kernel: [    1.857327] GICv3: CPU56: found redistributor 2a0000 region 56:0x00002000ae300000
Jun  9 20:37:10 ubuntu kernel: [    1.857353] GICv3: CPU56: using allocated LPI pending table @0x00000027fec30000
Jun  9 20:37:10 ubuntu kernel: [    1.857407] CPU56: Booted secondary processor 0x00002a0000 [0x481fd010]
Jun  9 20:37:10 ubuntu kernel: [    1.890451] Detected VIPT I-cache on CPU57
Jun  9 20:37:10 ubuntu kernel: [    1.890480] GICv3: CPU57: found redistributor 2a0100 region 57:0x00002000ae340000
Jun  9 20:37:10 ubuntu kernel: [    1.890498] GICv3: CPU57: using allocated LPI pending table @0x00000027fec40000
Jun  9 20:37:10 ubuntu kernel: [    1.890550] CPU57: Booted secondary processor 0x00002a0100 [0x481fd010]
Jun  9 20:37:10 ubuntu kernel: [    1.923608] Detected VIPT I-cache on CPU58
Jun  9 20:37:10 ubuntu kernel: [    1.923637] GICv3: CPU58: found redistributor 2a0200 region 58:0x00002000ae380000
Jun  9 20:37:10 ubuntu kernel: [    1.923656] GICv3: CPU58: using allocated LPI pending table @0x00000027fec50000
Jun  9 20:37:10 ubuntu kernel: [    1.923708] CPU58: Booted secondary processor 0x00002a0200 [0x481fd010]
Jun  9 20:37:10 ubuntu kernel: [    1.956766] Detected VIPT I-cache on CPU59
Jun  9 20:37:10 ubuntu kernel: [    1.956795] GICv3: CPU59: found redistributor 2a0300 region 59:0x00002000ae3c0000
Jun  9 20:37:10 ubuntu kernel: [    1.956814] GICv3: CPU59: using allocated LPI pending table @0x00000027fec60000
Jun  9 20:37:10 ubuntu kernel: [    1.956866] CPU59: Booted secondary processor 0x00002a0300 [0x481fd010]
Jun  9 20:37:10 ubuntu kernel: [    1.990102] Detected VIPT I-cache on CPU60
Jun  9 20:37:10 ubuntu kernel: [    1.990133] GICv3: CPU60: found redistributor 2b0000 region 60:0x00002000ae400000
Jun  9 20:37:10 ubuntu kernel: [    1.990159] GICv3: CPU60: using allocated LPI pending table @0x00000027fec70000
Jun  9 20:37:10 ubuntu kernel: [    1.990215] CPU60: Booted secondary processor 0x00002b0000 [0x481fd010]
Jun  9 20:37:10 ubuntu kernel: [    2.023429] Detected VIPT I-cache on CPU61
Jun  9 20:37:10 ubuntu kernel: [    2.023458] GICv3: CPU61: found redistributor 2b0100 region 61:0x00002000ae440000
Jun  9 20:37:10 ubuntu kernel: [    2.023477] GICv3: CPU61: using allocated LPI pending table @0x00000027fec80000
Jun  9 20:37:10 ubuntu kernel: [    2.023530] CPU61: Booted secondary processor 0x00002b0100 [0x481fd010]
Jun  9 20:37:10 ubuntu kernel: [    2.056759] Detected VIPT I-cache on CPU62
Jun  9 20:37:10 ubuntu kernel: [    2.056789] GICv3: CPU62: found redistributor 2b0200 region 62:0x00002000ae480000
Jun  9 20:37:10 ubuntu kernel: [    2.056808] GICv3: CPU62: using allocated LPI pending table @0x00000027fec90000
Jun  9 20:37:10 ubuntu kernel: [    2.056860] CPU62: Booted secondary processor 0x00002b0200 [0x481fd010]
Jun  9 20:37:10 ubuntu kernel: [    2.090091] Detected VIPT I-cache on CPU63
Jun  9 20:37:10 ubuntu kernel: [    2.090120] GICv3: CPU63: found redistributor 2b0300 region 63:0x00002000ae4c0000
Jun  9 20:37:10 ubuntu kernel: [    2.090141] GICv3: CPU63: using allocated LPI pending table @0x00000027feca0000
Jun  9 20:37:10 ubuntu kernel: [    2.090194] CPU63: Booted secondary processor 0x00002b0300 [0x481fd010]
Jun  9 20:37:10 ubuntu kernel: [    2.122906] Detected VIPT I-cache on CPU64
Jun  9 20:37:10 ubuntu kernel: [    2.122937] GICv3: CPU64: found redistributor 2c0000 region 64:0x00002000ae500000
Jun  9 20:37:10 ubuntu kernel: [    2.122965] GICv3: CPU64: using allocated LPI pending table @0x00000027fecb0000
Jun  9 20:37:10 ubuntu kernel: [    2.123022] CPU64: Booted secondary processor 0x00002c0000 [0x481fd010]
Jun  9 20:37:10 ubuntu kernel: [    2.155712] Detected VIPT I-cache on CPU65
Jun  9 20:37:10 ubuntu kernel: [    2.155741] GICv3: CPU65: found redistributor 2c0100 region 65:0x00002000ae540000
Jun  9 20:37:10 ubuntu kernel: [    2.155760] GICv3: CPU65: using allocated LPI pending table @0x00000027fecc0000
Jun  9 20:37:10 ubuntu kernel: [    2.155813] CPU65: Booted secondary processor 0x00002c0100 [0x481fd010]
Jun  9 20:37:10 ubuntu kernel: [    2.188522] Detected VIPT I-cache on CPU66
Jun  9 20:37:10 ubuntu kernel: [    2.188551] GICv3: CPU66: found redistributor 2c0200 region 66:0x00002000ae580000
Jun  9 20:37:10 ubuntu kernel: [    2.188570] GICv3: CPU66: using allocated LPI pending table @0x00000027fecd0000
Jun  9 20:37:10 ubuntu kernel: [    2.188623] CPU66: Booted secondary processor 0x00002c0200 [0x481fd010]
Jun  9 20:37:10 ubuntu kernel: [    2.221333] Detected VIPT I-cache on CPU67
Jun  9 20:37:10 ubuntu kernel: [    2.221363] GICv3: CPU67: found redistributor 2c0300 region 67:0x00002000ae5c0000
Jun  9 20:37:10 ubuntu kernel: [    2.221382] GICv3: CPU67: using allocated LPI pending table @0x00000027fece0000
Jun  9 20:37:10 ubuntu kernel: [    2.221435] CPU67: Booted secondary processor 0x00002c0300 [0x481fd010]
Jun  9 20:37:10 ubuntu kernel: [    2.254320] Detected VIPT I-cache on CPU68
Jun  9 20:37:10 ubuntu kernel: [    2.254351] GICv3: CPU68: found redistributor 2d0000 region 68:0x00002000ae600000
Jun  9 20:37:10 ubuntu kernel: [    2.254382] GICv3: CPU68: using allocated LPI pending table @0x00000027fecf0000
Jun  9 20:37:10 ubuntu kernel: [    2.254439] CPU68: Booted secondary processor 0x00002d0000 [0x481fd010]
Jun  9 20:37:10 ubuntu kernel: [    2.287301] Detected VIPT I-cache on CPU69
Jun  9 20:37:10 ubuntu kernel: [    2.287330] GICv3: CPU69: found redistributor 2d0100 region 69:0x00002000ae640000
Jun  9 20:37:10 ubuntu kernel: [    2.287350] GICv3: CPU69: using allocated LPI pending table @0x00000027fed00000
Jun  9 20:37:10 ubuntu kernel: [    2.287402] CPU69: Booted secondary processor 0x00002d0100 [0x481fd010]
Jun  9 20:37:10 ubuntu kernel: [    2.320285] Detected VIPT I-cache on CPU70
Jun  9 20:37:10 ubuntu kernel: [    2.320315] GICv3: CPU70: found redistributor 2d0200 region 70:0x00002000ae680000
Jun  9 20:37:10 ubuntu kernel: [    2.320334] GICv3: CPU70: using allocated LPI pending table @0x00000027fed10000
Jun  9 20:37:10 ubuntu kernel: [    2.320387] CPU70: Booted secondary processor 0x00002d0200 [0x481fd010]
Jun  9 20:37:10 ubuntu kernel: [    2.353269] Detected VIPT I-cache on CPU71
Jun  9 20:37:10 ubuntu kernel: [    2.353299] GICv3: CPU71: found redistributor 2d0300 region 71:0x00002000ae6c0000
Jun  9 20:37:10 ubuntu kernel: [    2.353318] GICv3: CPU71: using allocated LPI pending table @0x00000027fed20000
Jun  9 20:37:10 ubuntu kernel: [    2.353371] CPU71: Booted secondary processor 0x00002d0300 [0x481fd010]
Jun  9 20:37:10 ubuntu kernel: [    2.393396] Detected VIPT I-cache on CPU72
Jun  9 20:37:10 ubuntu kernel: [    2.393449] GICv3: CPU72: found redistributor 380000 region 72:0x00002000aa100000
Jun  9 20:37:10 ubuntu kernel: [    2.393507] GICv3: CPU72: using allocated LPI pending table @0x00000027fed30000
Jun  9 20:37:10 ubuntu kernel: [    2.393590] CPU72: Booted secondary processor 0x0000380000 [0x481fd010]
Jun  9 20:37:10 ubuntu kernel: [    2.433474] Detected VIPT I-cache on CPU73
Jun  9 20:37:10 ubuntu kernel: [    2.433509] GICv3: CPU73: found redistributor 380100 region 73:0x00002000aa140000
Jun  9 20:37:10 ubuntu kernel: [    2.433530] GICv3: CPU73: using allocated LPI pending table @0x00000027fed40000
Jun  9 20:37:10 ubuntu kernel: [    2.433587] CPU73: Booted secondary processor 0x0000380100 [0x481fd010]
Jun  9 20:37:10 ubuntu kernel: [    2.473576] Detected VIPT I-cache on CPU74
Jun  9 20:37:10 ubuntu kernel: [    2.473611] GICv3: CPU74: found redistributor 380200 region 74:0x00002000aa180000
Jun  9 20:37:10 ubuntu kernel: [    2.473631] GICv3: CPU74: using allocated LPI pending table @0x00000027fed50000
Jun  9 20:37:10 ubuntu kernel: [    2.473689] CPU74: Booted secondary processor 0x0000380200 [0x481fd010]
Jun  9 20:37:10 ubuntu kernel: [    2.513677] Detected VIPT I-cache on CPU75
Jun  9 20:37:10 ubuntu kernel: [    2.513713] GICv3: CPU75: found redistributor 380300 region 75:0x00002000aa1c0000
Jun  9 20:37:10 ubuntu kernel: [    2.513733] GICv3: CPU75: using allocated LPI pending table @0x00000027fed60000
Jun  9 20:37:10 ubuntu kernel: [    2.513791] CPU75: Booted secondary processor 0x0000380300 [0x481fd010]
Jun  9 20:37:10 ubuntu kernel: [    2.553955] Detected VIPT I-cache on CPU76
Jun  9 20:37:10 ubuntu kernel: [    2.553992] GICv3: CPU76: found redistributor 390000 region 76:0x00002000aa200000
Jun  9 20:37:10 ubuntu kernel: [    2.554024] GICv3: CPU76: using allocated LPI pending table @0x00000027fed70000
Jun  9 20:37:10 ubuntu kernel: [    2.554086] CPU76: Booted secondary processor 0x0000390000 [0x481fd010]
Jun  9 20:37:10 ubuntu kernel: [    2.594227] Detected VIPT I-cache on CPU77
Jun  9 20:37:10 ubuntu kernel: [    2.594264] GICv3: CPU77: found redistributor 390100 region 77:0x00002000aa240000
Jun  9 20:37:10 ubuntu kernel: [    2.594284] GICv3: CPU77: using allocated LPI pending table @0x00000027fed80000
Jun  9 20:37:10 ubuntu kernel: [    2.594341] CPU77: Booted secondary processor 0x0000390100 [0x481fd010]
Jun  9 20:37:10 ubuntu kernel: [    2.634502] Detected VIPT I-cache on CPU78
Jun  9 20:37:10 ubuntu kernel: [    2.634539] GICv3: CPU78: found redistributor 390200 region 78:0x00002000aa280000
Jun  9 20:37:10 ubuntu kernel: [    2.634559] GICv3: CPU78: using allocated LPI pending table @0x00000027fed90000
Jun  9 20:37:10 ubuntu kernel: [    2.634616] CPU78: Booted secondary processor 0x0000390200 [0x481fd010]
Jun  9 20:37:10 ubuntu kernel: [    2.674778] Detected VIPT I-cache on CPU79
Jun  9 20:37:10 ubuntu kernel: [    2.674815] GICv3: CPU79: found redistributor 390300 region 79:0x00002000aa2c0000
Jun  9 20:37:10 ubuntu kernel: [    2.674835] GICv3: CPU79: using allocated LPI pending table @0x00000027feda0000
Jun  9 20:37:10 ubuntu kernel: [    2.674893] CPU79: Booted secondary processor 0x0000390300 [0x481fd010]
Jun  9 20:37:10 ubuntu kernel: [    2.715230] Detected VIPT I-cache on CPU80
Jun  9 20:37:10 ubuntu kernel: [    2.715268] GICv3: CPU80: found redistributor 3a0000 region 80:0x00002000aa300000
Jun  9 20:37:10 ubuntu kernel: [    2.715299] GICv3: CPU80: using allocated LPI pending table @0x00000027fedb0000
Jun  9 20:37:10 ubuntu kernel: [    2.715361] CPU80: Booted secondary processor 0x00003a0000 [0x481fd010]
Jun  9 20:37:10 ubuntu kernel: [    2.755675] Detected VIPT I-cache on CPU81
Jun  9 20:37:10 ubuntu kernel: [    2.755712] GICv3: CPU81: found redistributor 3a0100 region 81:0x00002000aa340000
Jun  9 20:37:10 ubuntu kernel: [    2.755734] GICv3: CPU81: using allocated LPI pending table @0x00000027fedc0000
Jun  9 20:37:10 ubuntu kernel: [    2.755792] CPU81: Booted secondary processor 0x00003a0100 [0x481fd010]
Jun  9 20:37:10 ubuntu kernel: [    2.796124] Detected VIPT I-cache on CPU82
Jun  9 20:37:10 ubuntu kernel: [    2.796161] GICv3: CPU82: found redistributor 3a0200 region 82:0x00002000aa380000
Jun  9 20:37:10 ubuntu kernel: [    2.796182] GICv3: CPU82: using allocated LPI pending table @0x00000027fedd0000
Jun  9 20:37:10 ubuntu kernel: [    2.796241] CPU82: Booted secondary processor 0x00003a0200 [0x481fd010]
Jun  9 20:37:10 ubuntu kernel: [    2.836573] Detected VIPT I-cache on CPU83
Jun  9 20:37:10 ubuntu kernel: [    2.836610] GICv3: CPU83: found redistributor 3a0300 region 83:0x00002000aa3c0000
Jun  9 20:37:10 ubuntu kernel: [    2.836631] GICv3: CPU83: using allocated LPI pending table @0x00000027fede0000
Jun  9 20:37:10 ubuntu kernel: [    2.836689] CPU83: Booted secondary processor 0x00003a0300 [0x481fd010]
Jun  9 20:37:10 ubuntu kernel: [    2.877199] Detected VIPT I-cache on CPU84
Jun  9 20:37:10 ubuntu kernel: [    2.877238] GICv3: CPU84: found redistributor 3b0000 region 84:0x00002000aa400000
Jun  9 20:37:10 ubuntu kernel: [    2.877271] GICv3: CPU84: using allocated LPI pending table @0x00000027fedf0000
Jun  9 20:37:10 ubuntu kernel: [    2.877333] CPU84: Booted secondary processor 0x00003b0000 [0x481fd010]
Jun  9 20:37:10 ubuntu kernel: [    2.917818] Detected VIPT I-cache on CPU85
Jun  9 20:37:10 ubuntu kernel: [    2.917856] GICv3: CPU85: found redistributor 3b0100 region 85:0x00002000aa440000
Jun  9 20:37:10 ubuntu kernel: [    2.917876] GICv3: CPU85: using allocated LPI pending table @0x00000027fee00000
Jun  9 20:37:10 ubuntu kernel: [    2.917935] CPU85: Booted secondary processor 0x00003b0100 [0x481fd010]
Jun  9 20:37:10 ubuntu kernel: [    2.958440] Detected VIPT I-cache on CPU86
Jun  9 20:37:10 ubuntu kernel: [    2.958478] GICv3: CPU86: found redistributor 3b0200 region 86:0x00002000aa480000
Jun  9 20:37:10 ubuntu kernel: [    2.958499] GICv3: CPU86: using allocated LPI pending table @0x00000027fee10000
Jun  9 20:37:10 ubuntu kernel: [    2.958557] CPU86: Booted secondary processor 0x00003b0200 [0x481fd010]
Jun  9 20:37:10 ubuntu kernel: [    2.999062] Detected VIPT I-cache on CPU87
Jun  9 20:37:10 ubuntu kernel: [    2.999100] GICv3: CPU87: found redistributor 3b0300 region 87:0x00002000aa4c0000
Jun  9 20:37:10 ubuntu kernel: [    2.999121] GICv3: CPU87: using allocated LPI pending table @0x00000027fee20000
Jun  9 20:37:10 ubuntu kernel: [    2.999180] CPU87: Booted secondary processor 0x00003b0300 [0x481fd010]
Jun  9 20:37:10 ubuntu kernel: [    3.039168] Detected VIPT I-cache on CPU88
Jun  9 20:37:10 ubuntu kernel: [    3.039206] GICv3: CPU88: found redistributor 3c0000 region 88:0x00002000aa500000
Jun  9 20:37:10 ubuntu kernel: [    3.039241] GICv3: CPU88: using allocated LPI pending table @0x00000027fee30000
Jun  9 20:37:10 ubuntu kernel: [    3.039304] CPU88: Booted secondary processor 0x00003c0000 [0x481fd010]
Jun  9 20:37:10 ubuntu kernel: [    3.079265] Detected VIPT I-cache on CPU89
Jun  9 20:37:10 ubuntu kernel: [    3.079303] GICv3: CPU89: found redistributor 3c0100 region 89:0x00002000aa540000
Jun  9 20:37:10 ubuntu kernel: [    3.079326] GICv3: CPU89: using allocated LPI pending table @0x00000027fee40000
Jun  9 20:37:10 ubuntu kernel: [    3.079384] CPU89: Booted secondary processor 0x00003c0100 [0x481fd010]
Jun  9 20:37:10 ubuntu kernel: [    3.119367] Detected VIPT I-cache on CPU90
Jun  9 20:37:10 ubuntu kernel: [    3.119404] GICv3: CPU90: found redistributor 3c0200 region 90:0x00002000aa580000
Jun  9 20:37:10 ubuntu kernel: [    3.119428] GICv3: CPU90: using allocated LPI pending table @0x00000027fee50000
Jun  9 20:37:10 ubuntu kernel: [    3.119487] CPU90: Booted secondary processor 0x00003c0200 [0x481fd010]
Jun  9 20:37:10 ubuntu kernel: [    3.159469] Detected VIPT I-cache on CPU91
Jun  9 20:37:10 ubuntu kernel: [    3.159506] GICv3: CPU91: found redistributor 3c0300 region 91:0x00002000aa5c0000
Jun  9 20:37:10 ubuntu kernel: [    3.159530] GICv3: CPU91: using allocated LPI pending table @0x00000027fee60000
Jun  9 20:37:10 ubuntu kernel: [    3.159588] CPU91: Booted secondary processor 0x00003c0300 [0x481fd010]
Jun  9 20:37:10 ubuntu kernel: [    3.199747] Detected VIPT I-cache on CPU92
Jun  9 20:37:10 ubuntu kernel: [    3.199786] GICv3: CPU92: found redistributor 3d0000 region 92:0x00002000aa600000
Jun  9 20:37:10 ubuntu kernel: [    3.199823] GICv3: CPU92: using allocated LPI pending table @0x00000027fee70000
Jun  9 20:37:10 ubuntu kernel: [    3.199886] CPU92: Booted secondary processor 0x00003d0000 [0x481fd010]
Jun  9 20:37:10 ubuntu kernel: [    3.240019] Detected VIPT I-cache on CPU93
Jun  9 20:37:10 ubuntu kernel: [    3.240057] GICv3: CPU93: found redistributor 3d0100 region 93:0x00002000aa640000
Jun  9 20:37:10 ubuntu kernel: [    3.240079] GICv3: CPU93: using allocated LPI pending table @0x00000027fee80000
Jun  9 20:37:10 ubuntu kernel: [    3.240138] CPU93: Booted secondary processor 0x00003d0100 [0x481fd010]
Jun  9 20:37:10 ubuntu kernel: [    3.280294] Detected VIPT I-cache on CPU94
Jun  9 20:37:10 ubuntu kernel: [    3.280332] GICv3: CPU94: found redistributor 3d0200 region 94:0x00002000aa680000
Jun  9 20:37:10 ubuntu kernel: [    3.280356] GICv3: CPU94: using allocated LPI pending table @0x00000027fee90000
Jun  9 20:37:10 ubuntu kernel: [    3.280416] CPU94: Booted secondary processor 0x00003d0200 [0x481fd010]
Jun  9 20:37:10 ubuntu kernel: [    3.320569] Detected VIPT I-cache on CPU95
Jun  9 20:37:10 ubuntu kernel: [    3.320607] GICv3: CPU95: found redistributor 3d0300 region 95:0x00002000aa6c0000
Jun  9 20:37:10 ubuntu kernel: [    3.320630] GICv3: CPU95: using allocated LPI pending table @0x00000027feea0000
Jun  9 20:37:10 ubuntu kernel: [    3.320688] CPU95: Booted secondary processor 0x00003d0300 [0x481fd010]
Jun  9 20:37:10 ubuntu kernel: [    3.321539] smp: Brought up 4 nodes, 96 CPUs
Jun  9 20:37:10 ubuntu kernel: [    3.322104] SMP: Total of 96 processors activated.
Jun  9 20:37:10 ubuntu kernel: [    3.322106] CPU features: detected: Privileged Access Never
Jun  9 20:37:10 ubuntu kernel: [    3.322108] CPU features: detected: LSE atomic instructions
Jun  9 20:37:10 ubuntu kernel: [    3.322110] CPU features: detected: User Access Override
Jun  9 20:37:10 ubuntu kernel: [    3.322112] CPU features: detected: Common not Private translations
Jun  9 20:37:10 ubuntu kernel: [    3.322114] CPU features: detected: Data cache clean to Point of Persistence
Jun  9 20:37:10 ubuntu kernel: [    3.322117] CPU features: detected: RAS Extension Support
Jun  9 20:37:10 ubuntu kernel: [    3.322119] CPU features: detected: CRC32 instructions
Jun  9 20:37:10 ubuntu kernel: [    3.386309] CPU: All CPU(s) started at EL2
Jun  9 20:37:10 ubuntu kernel: [    3.402597] devtmpfs: initialized
Jun  9 20:37:10 ubuntu kernel: [    3.405339] Registered cp15_barrier emulation handler
Jun  9 20:37:10 ubuntu kernel: [    3.405380] Registered setend emulation handler
Jun  9 20:37:10 ubuntu kernel: [    3.405384] KASLR disabled due to lack of seed
Jun  9 20:37:10 ubuntu kernel: [    3.405796] clocksource: jiffies: mask: 0xffffffff max_cycles: 0xffffffff, max_idle_ns: 7645041785100000 ns
Jun  9 20:37:10 ubuntu kernel: [    3.406193] futex hash table entries: 32768 (order: 9, 2097152 bytes, vmalloc)
Jun  9 20:37:10 ubuntu kernel: [    3.406996] pinctrl core: initialized pinctrl subsystem
Jun  9 20:37:10 ubuntu kernel: [    3.407178] thermal_sys: Registered thermal governor 'fair_share'
Jun  9 20:37:10 ubuntu kernel: [    3.407179] thermal_sys: Registered thermal governor 'bang_bang'
Jun  9 20:37:10 ubuntu kernel: [    3.407183] thermal_sys: Registered thermal governor 'step_wise'
Jun  9 20:37:10 ubuntu kernel: [    3.407185] thermal_sys: Registered thermal governor 'user_space'
Jun  9 20:37:10 ubuntu kernel: [    3.407295] SMBIOS 3.1.1 present.
Jun  9 20:37:10 ubuntu kernel: [    3.407301] DMI: Huawei TaiShan 200 (Model 2280)/BC82AMDDA, BIOS 1.06 10/29/2019
Jun  9 20:37:10 ubuntu kernel: [    3.407710] NET: Registered protocol family 16
Jun  9 20:37:10 ubuntu kernel: [    3.408917] DMA: preallocated 256 KiB pool for atomic allocations
Jun  9 20:37:10 ubuntu kernel: [    3.408922] audit: initializing netlink subsys (disabled)
Jun  9 20:37:10 ubuntu kernel: [    3.408967] audit: type=2000 audit(0.488:1): state=initialized audit_enabled=0 res=1
Jun  9 20:37:10 ubuntu kernel: [    3.409217] cpuidle: using governor ladder
Jun  9 20:37:10 ubuntu kernel: [    3.409287] cpuidle: using governor menu
Jun  9 20:37:10 ubuntu kernel: [    3.409299] Detected 1 PCC Subspaces
Jun  9 20:37:10 ubuntu kernel: [    3.409326] Registering PCC driver as Mailbox controller
Jun  9 20:37:10 ubuntu kernel: [    3.409405] hw-breakpoint: found 6 breakpoint and 4 watchpoint registers.
Jun  9 20:37:10 ubuntu kernel: [    3.410311] ASID allocator initialised with 65536 entries
Jun  9 20:37:10 ubuntu kernel: [    3.410450] ACPI: bus type PCI registered
Jun  9 20:37:10 ubuntu kernel: [    3.410454] acpiphp: ACPI Hot Plug PCI Controller Driver version: 0.5
Jun  9 20:37:10 ubuntu kernel: [    3.410628] Serial: AMBA PL011 UART driver
Jun  9 20:37:10 ubuntu kernel: [    3.417659] HugeTLB registered 1.00 GiB page size, pre-allocated 0 pages
Jun  9 20:37:10 ubuntu kernel: [    3.417664] HugeTLB registered 32.0 MiB page size, pre-allocated 0 pages
Jun  9 20:37:10 ubuntu kernel: [    3.417666] HugeTLB registered 2.00 MiB page size, pre-allocated 0 pages
Jun  9 20:37:10 ubuntu kernel: [    3.417669] HugeTLB registered 64.0 KiB page size, pre-allocated 0 pages
Jun  9 20:37:10 ubuntu kernel: [    3.421328] fbcon: Taking over console
Jun  9 20:37:10 ubuntu kernel: [    3.421751] ACPI: Added _OSI(Module Device)
Jun  9 20:37:10 ubuntu kernel: [    3.421754] ACPI: Added _OSI(Processor Device)
Jun  9 20:37:10 ubuntu kernel: [    3.421756] ACPI: Added _OSI(3.0 _SCP Extensions)
Jun  9 20:37:10 ubuntu kernel: [    3.421758] ACPI: Added _OSI(Processor Aggregator Device)
Jun  9 20:37:10 ubuntu kernel: [    3.421761] ACPI: Added _OSI(Linux-Dell-Video)
Jun  9 20:37:10 ubuntu kernel: [    3.421763] ACPI: Added _OSI(Linux-Lenovo-NV-HDMI-Audio)
Jun  9 20:37:10 ubuntu kernel: [    3.421765] ACPI: Added _OSI(Linux-HPI-Hybrid-Graphics)
Jun  9 20:37:10 ubuntu kernel: [    3.431150] ACPI: 2 ACPI AML tables successfully acquired and loaded
Jun  9 20:37:10 ubuntu kernel: [    3.434724] ACPI: Interpreter enabled
Jun  9 20:37:10 ubuntu kernel: [    3.434729] ACPI: Using GIC for interrupt routing
Jun  9 20:37:10 ubuntu kernel: [    3.434743] ACPI: MCFG table detected, 1 entries
Jun  9 20:37:10 ubuntu kernel: [    3.434746] ACPI: IORT: [Firmware Bug]: ID count for ID mapping entry is wrong, applying workaround
Jun  9 20:37:10 ubuntu kernel: [    3.434752] ACPI: IORT: SMMU-v3[148000000] Mapped to Proximity domain 0
Jun  9 20:37:10 ubuntu kernel: [    3.434812] ACPI: IORT: SMMU-v3[201000000] Mapped to Proximity domain 0
Jun  9 20:37:10 ubuntu kernel: [    3.434836] ACPI: IORT: SMMU-v3[100000000] Mapped to Proximity domain 0
Jun  9 20:37:10 ubuntu kernel: [    3.434863] ACPI: IORT: SMMU-v3[140000000] Mapped to Proximity domain 0
Jun  9 20:37:10 ubuntu kernel: [    3.434885] ACPI: IORT: SMMU-v3[200148000000] Mapped to Proximity domain 2
Jun  9 20:37:10 ubuntu kernel: [    3.434911] ACPI: IORT: SMMU-v3[200201000000] Mapped to Proximity domain 2
Jun  9 20:37:10 ubuntu kernel: [    3.434933] ACPI: IORT: SMMU-v3[200100000000] Mapped to Proximity domain 2
Jun  9 20:37:10 ubuntu kernel: [    3.434956] ACPI: IORT: SMMU-v3[200140000000] Mapped to Proximity domain 2
Jun  9 20:37:10 ubuntu kernel: [    3.435565] HEST: Table parsing has been initialized.
Jun  9 20:37:10 ubuntu kernel: [    3.464688] ACPI: PCI Root Bridge [PCI0] (domain 0000 [bus 00-3f])
Jun  9 20:37:10 ubuntu kernel: [    3.464696] acpi PNP0A08:00: _OSC: OS supports [ExtendedConfig ASPM ClockPM Segments MSI HPX-Type3]
Jun  9 20:37:10 ubuntu kernel: [    3.464801] acpi PNP0A08:00: _OSC: platform does not support [SHPCHotplug LTR]
Jun  9 20:37:10 ubuntu kernel: [    3.464892] acpi PNP0A08:00: _OSC: OS now controls [PCIeHotplug PME AER PCIeCapability]
Jun  9 20:37:10 ubuntu kernel: [    3.465499] acpi PNP0A08:00: ECAM area [mem 0xd0000000-0xd3ffffff] reserved by PNP0C02:00
Jun  9 20:37:10 ubuntu kernel: [    3.465513] acpi PNP0A08:00: ECAM at [mem 0xd0000000-0xd3ffffff] for [bus 00-3f]
Jun  9 20:37:10 ubuntu kernel: [    3.465539] Remapped I/O 0x00000000f7ff0000 to [io  0x0000-0xffff window]
Jun  9 20:37:10 ubuntu kernel: [    3.465602] PCI host bridge to bus 0000:00
Jun  9 20:37:10 ubuntu kernel: [    3.465606] pci_bus 0000:00: root bus resource [mem 0x80000000000-0x82fffffffff pref window]
Jun  9 20:37:10 ubuntu kernel: [    3.465609] pci_bus 0000:00: root bus resource [mem 0xe0000000-0xf7feffff window]
Jun  9 20:37:10 ubuntu kernel: [    3.465613] pci_bus 0000:00: root bus resource [io  0x0000-0xffff window]
Jun  9 20:37:10 ubuntu kernel: [    3.465616] pci_bus 0000:00: root bus resource [bus 00-3f]
Jun  9 20:37:10 ubuntu kernel: [    3.465648] pci 0000:00:00.0: [19e5:a120] type 01 class 0x060400
Jun  9 20:37:10 ubuntu kernel: [    3.465716] pci 0000:00:00.0: PME# supported from D0 D1 D2 D3hot D3cold
Jun  9 20:37:10 ubuntu kernel: [    3.465795] pci 0000:00:04.0: [19e5:a120] type 01 class 0x060400
Jun  9 20:37:10 ubuntu kernel: [    3.465853] pci 0000:00:04.0: PME# supported from D0 D1 D2 D3hot D3cold
Jun  9 20:37:10 ubuntu kernel: [    3.465919] pci 0000:00:08.0: [19e5:a120] type 01 class 0x060400
Jun  9 20:37:10 ubuntu kernel: [    3.465975] pci 0000:00:08.0: PME# supported from D0 D1 D2 D3hot D3cold
Jun  9 20:37:10 ubuntu kernel: [    3.466035] pci 0000:00:0c.0: [19e5:a120] type 01 class 0x060400
Jun  9 20:37:10 ubuntu kernel: [    3.466088] pci 0000:00:0c.0: PME# supported from D0 D1 D2 D3hot D3cold
Jun  9 20:37:10 ubuntu kernel: [    3.466149] pci 0000:00:10.0: [19e5:a120] type 01 class 0x060400
Jun  9 20:37:10 ubuntu kernel: [    3.466203] pci 0000:00:10.0: PME# supported from D0 D1 D2 D3hot D3cold
Jun  9 20:37:10 ubuntu kernel: [    3.466262] pci 0000:00:11.0: [19e5:a120] type 01 class 0x060400
Jun  9 20:37:10 ubuntu kernel: [    3.466316] pci 0000:00:11.0: PME# supported from D0 D1 D2 D3hot D3cold
Jun  9 20:37:10 ubuntu kernel: [    3.466378] pci 0000:00:12.0: [19e5:a120] type 01 class 0x060400
Jun  9 20:37:10 ubuntu kernel: [    3.466433] pci 0000:00:12.0: PME# supported from D0 D1 D2 D3hot D3cold
Jun  9 20:37:10 ubuntu kernel: [    3.466568] pci 0000:03:00.0: [1000:0016] type 00 class 0x010400
Jun  9 20:37:10 ubuntu kernel: [    3.466590] pci 0000:03:00.0: reg 0x10: [mem 0x80000100000-0x800001fffff 64bit pref]
Jun  9 20:37:10 ubuntu kernel: [    3.466600] pci 0000:03:00.0: reg 0x18: [mem 0x80000000000-0x800000fffff 64bit pref]
Jun  9 20:37:10 ubuntu kernel: [    3.466608] pci 0000:03:00.0: reg 0x20: [mem 0xe6400000-0xe64fffff]
Jun  9 20:37:10 ubuntu kernel: [    3.466616] pci 0000:03:00.0: reg 0x24: [io  0x0000-0x00ff]
Jun  9 20:37:10 ubuntu kernel: [    3.466623] pci 0000:03:00.0: reg 0x30: [mem 0xe6300000-0xe63fffff pref]
Jun  9 20:37:10 ubuntu kernel: [    3.466691] pci 0000:03:00.0: supports D1 D2
Jun  9 20:37:10 ubuntu kernel: [    3.466842] pci 0000:05:00.0: [19e5:1710] type 00 class 0x118000
Jun  9 20:37:10 ubuntu kernel: [    3.466869] pci 0000:05:00.0: reg 0x10: [mem 0xe0000000-0xe3ffffff pref]
Jun  9 20:37:10 ubuntu kernel: [    3.466879] pci 0000:05:00.0: reg 0x14: [mem 0xe6200000-0xe62fffff]
Jun  9 20:37:10 ubuntu kernel: [    3.467031] pci 0000:05:00.0: supports D1
Jun  9 20:37:10 ubuntu kernel: [    3.467034] pci 0000:05:00.0: PME# supported from D0 D1 D3hot
Jun  9 20:37:10 ubuntu kernel: [    3.467174] pci 0000:06:00.0: [19e5:1711] type 00 class 0x030000
Jun  9 20:37:10 ubuntu kernel: [    3.467206] pci 0000:06:00.0: reg 0x10: [mem 0xe4000000-0xe5ffffff pref]
Jun  9 20:37:10 ubuntu kernel: [    3.467219] pci 0000:06:00.0: reg 0x14: [mem 0xe6000000-0xe61fffff]
Jun  9 20:37:10 ubuntu kernel: [    3.467345] pci 0000:06:00.0: BAR 0: assigned to efifb
Jun  9 20:37:10 ubuntu kernel: [    3.467406] pci 0000:06:00.0: supports D1
Jun  9 20:37:10 ubuntu kernel: [    3.467408] pci 0000:06:00.0: PME# supported from D0 D1 D3hot
Jun  9 20:37:10 ubuntu kernel: [    3.467547] pci_bus 0000:00: on NUMA node 0
Jun  9 20:37:10 ubuntu kernel: [    3.467549] pci 0000:00:00.0: PCI bridge to [bus 01]
Jun  9 20:37:10 ubuntu kernel: [    3.467554] pci 0000:00:04.0: PCI bridge to [bus 02]
Jun  9 20:37:10 ubuntu kernel: [    3.467559] pci 0000:00:08.0: PCI bridge to [bus 03]
Jun  9 20:37:10 ubuntu kernel: [    3.467562] pci 0000:00:08.0:   bridge window [io  0x0000-0x0fff]
Jun  9 20:37:10 ubuntu kernel: [    3.467565] pci 0000:00:08.0:   bridge window [mem 0xe6300000-0xe64fffff]
Jun  9 20:37:10 ubuntu kernel: [    3.467569] pci 0000:00:08.0:   bridge window [mem 0x80000000000-0x800001fffff 64bit pref]
Jun  9 20:37:10 ubuntu kernel: [    3.467573] pci 0000:00:0c.0: PCI bridge to [bus 04]
Jun  9 20:37:10 ubuntu kernel: [    3.467577] pci 0000:00:10.0: PCI bridge to [bus 05]
Jun  9 20:37:10 ubuntu kernel: [    3.467581] pci 0000:00:10.0:   bridge window [mem 0xe6200000-0xe62fffff]
Jun  9 20:37:10 ubuntu kernel: [    3.467585] pci 0000:00:10.0:   bridge window [mem 0xe0000000-0xe3ffffff 64bit pref]
Jun  9 20:37:10 ubuntu kernel: [    3.467588] pci 0000:00:11.0: PCI bridge to [bus 06]
Jun  9 20:37:10 ubuntu kernel: [    3.467591] pci 0000:00:11.0:   bridge window [mem 0xe6000000-0xe61fffff]
Jun  9 20:37:10 ubuntu kernel: [    3.467595] pci 0000:00:11.0:   bridge window [mem 0xe4000000-0xe5ffffff 64bit pref]
Jun  9 20:37:10 ubuntu kernel: [    3.467598] pci 0000:00:12.0: PCI bridge to [bus 07]
Jun  9 20:37:10 ubuntu kernel: [    3.467608] pci 0000:00:00.0: PCI bridge to [bus 01]
Jun  9 20:37:10 ubuntu kernel: [    3.467614] pci 0000:00:04.0: PCI bridge to [bus 02]
Jun  9 20:37:10 ubuntu kernel: [    3.467618] pci 0000:00:08.0: PCI bridge to [bus 03]
Jun  9 20:37:10 ubuntu kernel: [    3.467621] pci 0000:00:08.0:   bridge window [io  0x0000-0x0fff]
Jun  9 20:37:10 ubuntu kernel: [    3.467625] pci 0000:00:08.0:   bridge window [mem 0xe6300000-0xe64fffff]
Jun  9 20:37:10 ubuntu kernel: [    3.467628] pci 0000:00:08.0:   bridge window [mem 0x80000000000-0x800001fffff 64bit pref]
Jun  9 20:37:10 ubuntu kernel: [    3.467632] pci 0000:00:0c.0: PCI bridge to [bus 04]
Jun  9 20:37:10 ubuntu kernel: [    3.467637] pci 0000:00:10.0: PCI bridge to [bus 05]
Jun  9 20:37:10 ubuntu kernel: [    3.467640] pci 0000:00:10.0:   bridge window [mem 0xe6200000-0xe62fffff]
Jun  9 20:37:10 ubuntu kernel: [    3.467643] pci 0000:00:10.0:   bridge window [mem 0xe0000000-0xe3ffffff 64bit pref]
Jun  9 20:37:10 ubuntu kernel: [    3.467647] pci 0000:00:11.0: PCI bridge to [bus 06]
Jun  9 20:37:10 ubuntu kernel: [    3.467650] pci 0000:00:11.0:   bridge window [mem 0xe6000000-0xe61fffff]
Jun  9 20:37:10 ubuntu kernel: [    3.467653] pci 0000:00:11.0:   bridge window [mem 0xe4000000-0xe5ffffff 64bit pref]
Jun  9 20:37:10 ubuntu kernel: [    3.467657] pci 0000:00:12.0: PCI bridge to [bus 07]
Jun  9 20:37:10 ubuntu kernel: [    3.467663] pci_bus 0000:00: resource 4 [mem 0x80000000000-0x82fffffffff pref window]
Jun  9 20:37:10 ubuntu kernel: [    3.467666] pci_bus 0000:00: resource 5 [mem 0xe0000000-0xf7feffff window]
Jun  9 20:37:10 ubuntu kernel: [    3.467668] pci_bus 0000:00: resource 6 [io  0x0000-0xffff window]
Jun  9 20:37:10 ubuntu kernel: [    3.467671] pci_bus 0000:03: resource 0 [io  0x0000-0x0fff]
Jun  9 20:37:10 ubuntu kernel: [    3.467674] pci_bus 0000:03: resource 1 [mem 0xe6300000-0xe64fffff]
Jun  9 20:37:10 ubuntu kernel: [    3.467676] pci_bus 0000:03: resource 2 [mem 0x80000000000-0x800001fffff 64bit pref]
Jun  9 20:37:10 ubuntu kernel: [    3.467679] pci_bus 0000:05: resource 1 [mem 0xe6200000-0xe62fffff]
Jun  9 20:37:10 ubuntu kernel: [    3.467682] pci_bus 0000:05: resource 2 [mem 0xe0000000-0xe3ffffff 64bit pref]
Jun  9 20:37:10 ubuntu kernel: [    3.467685] pci_bus 0000:06: resource 1 [mem 0xe6000000-0xe61fffff]
Jun  9 20:37:10 ubuntu kernel: [    3.467687] pci_bus 0000:06: resource 2 [mem 0xe4000000-0xe5ffffff 64bit pref]
Jun  9 20:37:10 ubuntu kernel: [    3.467743] ACPI: PCI Root Bridge [PCI1] (domain 0000 [bus 7b])
Jun  9 20:37:10 ubuntu kernel: [    3.467748] acpi PNP0A08:01: _OSC: OS supports [ExtendedConfig ASPM ClockPM Segments MSI HPX-Type3]
Jun  9 20:37:10 ubuntu kernel: [    3.467846] acpi PNP0A08:01: _OSC: platform does not support [PCIeHotplug SHPCHotplug PME AER LTR]
Jun  9 20:37:10 ubuntu kernel: [    3.467935] acpi PNP0A08:01: _OSC: OS now controls [PCIeCapability]
Jun  9 20:37:10 ubuntu kernel: [    3.468530] acpi PNP0A08:01: ECAM area [mem 0xd7b00000-0xd7bfffff] reserved by PNP0C02:00
Jun  9 20:37:10 ubuntu kernel: [    3.468546] acpi PNP0A08:01: ECAM at [mem 0xd7b00000-0xd7bfffff] for [bus 7b]
Jun  9 20:37:10 ubuntu kernel: [    3.468601] PCI host bridge to bus 0000:7b
Jun  9 20:37:10 ubuntu kernel: [    3.468604] pci_bus 0000:7b: root bus resource [mem 0x148800000-0x148ffffff pref window]
Jun  9 20:37:10 ubuntu kernel: [    3.468608] pci_bus 0000:7b: root bus resource [bus 7b]
Jun  9 20:37:10 ubuntu kernel: [    3.468615] pci 0000:7b:00.0: [19e5:a122] type 00 class 0x088000
Jun  9 20:37:10 ubuntu kernel: [    3.468624] pci 0000:7b:00.0: reg 0x18: [mem 0x00000000-0x00003fff 64bit pref]
Jun  9 20:37:10 ubuntu kernel: [    3.468681] pci_bus 0000:7b: on NUMA node 0
Jun  9 20:37:10 ubuntu kernel: [    3.468685] pci 0000:7b:00.0: BAR 2: assigned [mem 0x148800000-0x148803fff 64bit pref]
Jun  9 20:37:10 ubuntu kernel: [    3.468691] pci_bus 0000:7b: resource 4 [mem 0x148800000-0x148ffffff pref window]
Jun  9 20:37:10 ubuntu kernel: [    3.468735] ACPI: PCI Root Bridge [PCI2] (domain 0000 [bus 7a])
Jun  9 20:37:10 ubuntu kernel: [    3.468739] acpi PNP0A08:02: _OSC: OS supports [ExtendedConfig ASPM ClockPM Segments MSI HPX-Type3]
Jun  9 20:37:10 ubuntu kernel: [    3.468834] acpi PNP0A08:02: _OSC: platform does not support [PCIeHotplug SHPCHotplug PME AER LTR]
Jun  9 20:37:10 ubuntu kernel: [    3.468922] acpi PNP0A08:02: _OSC: OS now controls [PCIeCapability]
Jun  9 20:37:10 ubuntu kernel: [    3.469510] acpi PNP0A08:02: ECAM area [mem 0xd7a00000-0xd7afffff] reserved by PNP0C02:00
Jun  9 20:37:10 ubuntu kernel: [    3.469526] acpi PNP0A08:02: ECAM at [mem 0xd7a00000-0xd7afffff] for [bus 7a]
Jun  9 20:37:10 ubuntu kernel: [    3.469574] PCI host bridge to bus 0000:7a
Jun  9 20:37:10 ubuntu kernel: [    3.469577] pci_bus 0000:7a: root bus resource [mem 0x20c000000-0x20c1fffff pref window]
Jun  9 20:37:10 ubuntu kernel: [    3.469580] pci_bus 0000:7a: root bus resource [bus 7a]
Jun  9 20:37:10 ubuntu kernel: [    3.469588] pci 0000:7a:00.0: [19e5:a23b] type 00 class 0x0c0310
Jun  9 20:37:10 ubuntu kernel: [    3.469595] pci 0000:7a:00.0: reg 0x10: [mem 0x20c100000-0x20c100fff 64bit pref]
Jun  9 20:37:10 ubuntu kernel: [    3.469639] pci 0000:7a:01.0: [19e5:a239] type 00 class 0x0c0320
Jun  9 20:37:10 ubuntu kernel: [    3.469646] pci 0000:7a:01.0: reg 0x10: [mem 0x20c101000-0x20c101fff 64bit pref]
Jun  9 20:37:10 ubuntu kernel: [    3.469690] pci 0000:7a:02.0: [19e5:a238] type 00 class 0x0c0330
Jun  9 20:37:10 ubuntu kernel: [    3.469697] pci 0000:7a:02.0: reg 0x10: [mem 0x20c000000-0x20c0fffff 64bit pref]
Jun  9 20:37:10 ubuntu kernel: [    3.469745] pci_bus 0000:7a: on NUMA node 0
Jun  9 20:37:10 ubuntu kernel: [    3.469749] pci 0000:7a:02.0: BAR 0: assigned [mem 0x20c000000-0x20c0fffff 64bit pref]
Jun  9 20:37:10 ubuntu kernel: [    3.469754] pci 0000:7a:00.0: BAR 0: assigned [mem 0x20c100000-0x20c100fff 64bit pref]
Jun  9 20:37:10 ubuntu kernel: [    3.469759] pci 0000:7a:01.0: BAR 0: assigned [mem 0x20c101000-0x20c101fff 64bit pref]
Jun  9 20:37:10 ubuntu kernel: [    3.469764] pci_bus 0000:7a: resource 4 [mem 0x20c000000-0x20c1fffff pref window]
Jun  9 20:37:10 ubuntu kernel: [    3.469804] ACPI: PCI Root Bridge [PCI3] (domain 0000 [bus 78-79])
Jun  9 20:37:10 ubuntu kernel: [    3.469808] acpi PNP0A08:03: _OSC: OS supports [ExtendedConfig ASPM ClockPM Segments MSI HPX-Type3]
Jun  9 20:37:10 ubuntu kernel: [    3.469905] acpi PNP0A08:03: _OSC: platform does not support [PCIeHotplug SHPCHotplug PME AER LTR]
Jun  9 20:37:10 ubuntu kernel: [    3.469992] acpi PNP0A08:03: _OSC: OS now controls [PCIeCapability]
Jun  9 20:37:10 ubuntu kernel: [    3.470576] acpi PNP0A08:03: ECAM area [mem 0xd7800000-0xd79fffff] reserved by PNP0C02:00
Jun  9 20:37:10 ubuntu kernel: [    3.470583] acpi PNP0A08:03: ECAM at [mem 0xd7800000-0xd79fffff] for [bus 78-79]
Jun  9 20:37:10 ubuntu kernel: [    3.470649] PCI host bridge to bus 0000:78
Jun  9 20:37:10 ubuntu kernel: [    3.470652] pci_bus 0000:78: root bus resource [mem 0x208000000-0x208bfffff pref window]
Jun  9 20:37:10 ubuntu kernel: [    3.470655] pci_bus 0000:78: root bus resource [bus 78-79]
Jun  9 20:37:10 ubuntu kernel: [    3.470668] pci_bus 0000:78: on NUMA node 0
Jun  9 20:37:10 ubuntu kernel: [    3.470670] pci_bus 0000:78: resource 4 [mem 0x208000000-0x208bfffff pref window]
Jun  9 20:37:10 ubuntu kernel: [    3.470714] ACPI: PCI Root Bridge [PCI4] (domain 0000 [bus 7c-7d])
Jun  9 20:37:10 ubuntu kernel: [    3.470718] acpi PNP0A08:04: _OSC: OS supports [ExtendedConfig ASPM ClockPM Segments MSI HPX-Type3]
Jun  9 20:37:10 ubuntu kernel: [    3.470812] acpi PNP0A08:04: _OSC: platform does not support [PCIeHotplug SHPCHotplug PME AER LTR]
Jun  9 20:37:10 ubuntu kernel: [    3.470900] acpi PNP0A08:04: _OSC: OS now controls [PCIeCapability]
Jun  9 20:37:10 ubuntu kernel: [    3.471478] acpi PNP0A08:04: ECAM area [mem 0xd7c00000-0xd7dfffff] reserved by PNP0C02:00
Jun  9 20:37:10 ubuntu kernel: [    3.471485] acpi PNP0A08:04: ECAM at [mem 0xd7c00000-0xd7dfffff] for [bus 7c-7d]
Jun  9 20:37:10 ubuntu kernel: [    3.471532] PCI host bridge to bus 0000:7c
Jun  9 20:37:10 ubuntu kernel: [    3.471535] pci_bus 0000:7c: root bus resource [mem 0x120000000-0x13fffffff pref window]
Jun  9 20:37:10 ubuntu kernel: [    3.471538] pci_bus 0000:7c: root bus resource [bus 7c-7d]
Jun  9 20:37:10 ubuntu kernel: [    3.471546] pci 0000:7c:00.0: [19e5:a121] type 01 class 0x060400
Jun  9 20:37:10 ubuntu kernel: [    3.471556] pci 0000:7c:00.0: enabling Extended Tags
Jun  9 20:37:10 ubuntu kernel: [    3.471621] pci 0000:7d:00.0: [19e5:a222] type 00 class 0x020000
Jun  9 20:37:10 ubuntu kernel: [    3.471628] pci 0000:7d:00.0: reg 0x10: [mem 0x1210f0000-0x1210fffff 64bit pref]
Jun  9 20:37:10 ubuntu kernel: [    3.471634] pci 0000:7d:00.0: reg 0x18: [mem 0x120f00000-0x120ffffff 64bit pref]
Jun  9 20:37:10 ubuntu kernel: [    3.471657] pci 0000:7d:00.0: reg 0x224: [mem 0x1210c0000-0x1210cffff 64bit pref]
Jun  9 20:37:10 ubuntu kernel: [    3.471661] pci 0000:7d:00.0: VF(n) BAR0 space: [mem 0x1210c0000-0x1210effff 64bit pref] (contains BAR0 for 3 VFs)
Jun  9 20:37:10 ubuntu kernel: [    3.471666] pci 0000:7d:00.0: reg 0x22c: [mem 0x120c00000-0x120cfffff 64bit pref]
Jun  9 20:37:10 ubuntu kernel: [    3.471670] pci 0000:7d:00.0: VF(n) BAR2 space: [mem 0x120c00000-0x120efffff 64bit pref] (contains BAR2 for 3 VFs)
Jun  9 20:37:10 ubuntu kernel: [    3.471715] pci 0000:7d:00.1: [19e5:a221] type 00 class 0x020000
Jun  9 20:37:10 ubuntu kernel: [    3.471722] pci 0000:7d:00.1: reg 0x10: [mem 0x1210b0000-0x1210bffff 64bit pref]
Jun  9 20:37:10 ubuntu kernel: [    3.471727] pci 0000:7d:00.1: reg 0x18: [mem 0x120b00000-0x120bfffff 64bit pref]
Jun  9 20:37:10 ubuntu kernel: [    3.471749] pci 0000:7d:00.1: reg 0x224: [mem 0x121080000-0x12108ffff 64bit pref]
Jun  9 20:37:10 ubuntu kernel: [    3.471752] pci 0000:7d:00.1: VF(n) BAR0 space: [mem 0x121080000-0x1210affff 64bit pref] (contains BAR0 for 3 VFs)
Jun  9 20:37:10 ubuntu kernel: [    3.471758] pci 0000:7d:00.1: reg 0x22c: [mem 0x120800000-0x1208fffff 64bit pref]
Jun  9 20:37:10 ubuntu kernel: [    3.471761] pci 0000:7d:00.1: VF(n) BAR2 space: [mem 0x120800000-0x120afffff 64bit pref] (contains BAR2 for 3 VFs)
Jun  9 20:37:10 ubuntu kernel: [    3.471802] pci 0000:7d:00.2: [19e5:a222] type 00 class 0x020000
Jun  9 20:37:10 ubuntu kernel: [    3.471809] pci 0000:7d:00.2: reg 0x10: [mem 0x121070000-0x12107ffff 64bit pref]
Jun  9 20:37:10 ubuntu kernel: [    3.471815] pci 0000:7d:00.2: reg 0x18: [mem 0x120700000-0x1207fffff 64bit pref]
Jun  9 20:37:10 ubuntu kernel: [    3.471836] pci 0000:7d:00.2: reg 0x224: [mem 0x121040000-0x12104ffff 64bit pref]
Jun  9 20:37:10 ubuntu kernel: [    3.471840] pci 0000:7d:00.2: VF(n) BAR0 space: [mem 0x121040000-0x12106ffff 64bit pref] (contains BAR0 for 3 VFs)
Jun  9 20:37:10 ubuntu kernel: [    3.471845] pci 0000:7d:00.2: reg 0x22c: [mem 0x120400000-0x1204fffff 64bit pref]
Jun  9 20:37:10 ubuntu kernel: [    3.471848] pci 0000:7d:00.2: VF(n) BAR2 space: [mem 0x120400000-0x1206fffff 64bit pref] (contains BAR2 for 3 VFs)
Jun  9 20:37:10 ubuntu kernel: [    3.471887] pci 0000:7d:00.3: [19e5:a221] type 00 class 0x020000
Jun  9 20:37:10 ubuntu kernel: [    3.471894] pci 0000:7d:00.3: reg 0x10: [mem 0x121030000-0x12103ffff 64bit pref]
Jun  9 20:37:10 ubuntu kernel: [    3.471899] pci 0000:7d:00.3: reg 0x18: [mem 0x120300000-0x1203fffff 64bit pref]
Jun  9 20:37:10 ubuntu kernel: [    3.471921] pci 0000:7d:00.3: reg 0x224: [mem 0x121000000-0x12100ffff 64bit pref]
Jun  9 20:37:10 ubuntu kernel: [    3.471925] pci 0000:7d:00.3: VF(n) BAR0 space: [mem 0x121000000-0x12102ffff 64bit pref] (contains BAR0 for 3 VFs)
Jun  9 20:37:10 ubuntu kernel: [    3.471930] pci 0000:7d:00.3: reg 0x22c: [mem 0x120000000-0x1200fffff 64bit pref]
Jun  9 20:37:10 ubuntu kernel: [    3.471933] pci 0000:7d:00.3: VF(n) BAR2 space: [mem 0x120000000-0x1202fffff 64bit pref] (contains BAR2 for 3 VFs)
Jun  9 20:37:10 ubuntu kernel: [    3.471990] pci_bus 0000:7c: on NUMA node 0
Jun  9 20:37:10 ubuntu kernel: [    3.471996] pci 0000:7c:00.0: bridge window [mem 0x00100000-0x005fffff 64bit pref] to [bus 7d] add_size c00000 add_align 100000
Jun  9 20:37:10 ubuntu kernel: [    3.472002] pci 0000:7c:00.0: BAR 15: assigned [mem 0x120000000-0x1210fffff 64bit pref]
Jun  9 20:37:10 ubuntu kernel: [    3.472010] pci 0000:7d:00.0: BAR 2: assigned [mem 0x120000000-0x1200fffff 64bit pref]
Jun  9 20:37:10 ubuntu kernel: [    3.472015] pci 0000:7d:00.0: BAR 9: assigned [mem 0x120100000-0x1203fffff 64bit pref]
Jun  9 20:37:10 ubuntu kernel: [    3.472019] pci 0000:7d:00.1: BAR 2: assigned [mem 0x120400000-0x1204fffff 64bit pref]
Jun  9 20:37:10 ubuntu kernel: [    3.472024] pci 0000:7d:00.1: BAR 9: assigned [mem 0x120500000-0x1207fffff 64bit pref]
Jun  9 20:37:10 ubuntu kernel: [    3.472028] pci 0000:7d:00.2: BAR 2: assigned [mem 0x120800000-0x1208fffff 64bit pref]
Jun  9 20:37:10 ubuntu kernel: [    3.472032] pci 0000:7d:00.2: BAR 9: assigned [mem 0x120900000-0x120bfffff 64bit pref]
Jun  9 20:37:10 ubuntu kernel: [    3.472036] pci 0000:7d:00.3: BAR 2: assigned [mem 0x120c00000-0x120cfffff 64bit pref]
Jun  9 20:37:10 ubuntu kernel: [    3.472041] pci 0000:7d:00.3: BAR 9: assigned [mem 0x120d00000-0x120ffffff 64bit pref]
Jun  9 20:37:10 ubuntu kernel: [    3.472044] pci 0000:7d:00.0: BAR 0: assigned [mem 0x121000000-0x12100ffff 64bit pref]
Jun  9 20:37:10 ubuntu kernel: [    3.472049] pci 0000:7d:00.0: BAR 7: assigned [mem 0x121010000-0x12103ffff 64bit pref]
Jun  9 20:37:10 ubuntu kernel: [    3.472053] pci 0000:7d:00.1: BAR 0: assigned [mem 0x121040000-0x12104ffff 64bit pref]
Jun  9 20:37:10 ubuntu kernel: [    3.472057] pci 0000:7d:00.1: BAR 7: assigned [mem 0x121050000-0x12107ffff 64bit pref]
Jun  9 20:37:10 ubuntu kernel: [    3.472061] pci 0000:7d:00.2: BAR 0: assigned [mem 0x121080000-0x12108ffff 64bit pref]
Jun  9 20:37:10 ubuntu kernel: [    3.472066] pci 0000:7d:00.2: BAR 7: assigned [mem 0x121090000-0x1210bffff 64bit pref]
Jun  9 20:37:10 ubuntu kernel: [    3.472070] pci 0000:7d:00.3: BAR 0: assigned [mem 0x1210c0000-0x1210cffff 64bit pref]
Jun  9 20:37:10 ubuntu kernel: [    3.472074] pci 0000:7d:00.3: BAR 7: assigned [mem 0x1210d0000-0x1210fffff 64bit pref]
Jun  9 20:37:10 ubuntu kernel: [    3.472080] pci 0000:7c:00.0: PCI bridge to [bus 7d]
Jun  9 20:37:10 ubuntu kernel: [    3.472084] pci 0000:7c:00.0:   bridge window [mem 0x120000000-0x1210fffff 64bit pref]
Jun  9 20:37:10 ubuntu kernel: [    3.472088] pci_bus 0000:7c: resource 4 [mem 0x120000000-0x13fffffff pref window]
Jun  9 20:37:10 ubuntu kernel: [    3.472091] pci_bus 0000:7d: resource 2 [mem 0x120000000-0x1210fffff 64bit pref]
Jun  9 20:37:10 ubuntu kernel: [    3.472138] ACPI: PCI Root Bridge [PCI5] (domain 0000 [bus 74-76])
Jun  9 20:37:10 ubuntu kernel: [    3.472142] acpi PNP0A08:05: _OSC: OS supports [ExtendedConfig ASPM ClockPM Segments MSI HPX-Type3]
Jun  9 20:37:10 ubuntu kernel: [    3.472238] acpi PNP0A08:05: _OSC: platform does not support [PCIeHotplug SHPCHotplug PME AER LTR]
Jun  9 20:37:10 ubuntu kernel: [    3.472326] acpi PNP0A08:05: _OSC: OS now controls [PCIeCapability]
Jun  9 20:37:10 ubuntu kernel: [    3.472908] acpi PNP0A08:05: ECAM area [mem 0xd7400000-0xd76fffff] reserved by PNP0C02:00
Jun  9 20:37:10 ubuntu kernel: [    3.472925] acpi PNP0A08:05: ECAM at [mem 0xd7400000-0xd76fffff] for [bus 74-76]
Jun  9 20:37:10 ubuntu kernel: [    3.473004] PCI host bridge to bus 0000:74
Jun  9 20:37:10 ubuntu kernel: [    3.473007] pci_bus 0000:74: root bus resource [mem 0x141000000-0x141ffffff pref window]
Jun  9 20:37:10 ubuntu kernel: [    3.473010] pci_bus 0000:74: root bus resource [mem 0x144000000-0x145ffffff pref window]
Jun  9 20:37:10 ubuntu kernel: [    3.473013] pci_bus 0000:74: root bus resource [mem 0xa2000000-0xa2ffffff window]
Jun  9 20:37:10 ubuntu kernel: [    3.473017] pci_bus 0000:74: root bus resource [bus 74-76]
Jun  9 20:37:10 ubuntu kernel: [    3.473024] pci 0000:74:01.0: [19e5:a121] type 01 class 0x060400
Jun  9 20:37:10 ubuntu kernel: [    3.473035] pci 0000:74:01.0: enabling Extended Tags
Jun  9 20:37:10 ubuntu kernel: [    3.473098] pci 0000:74:02.0: [19e5:a230] type 00 class 0x010700
Jun  9 20:37:10 ubuntu kernel: [    3.473108] pci 0000:74:02.0: reg 0x24: [mem 0xa2008000-0xa200ffff]
Jun  9 20:37:10 ubuntu kernel: [    3.473180] pci 0000:74:03.0: [19e5:a235] type 00 class 0x010601
Jun  9 20:37:10 ubuntu kernel: [    3.473193] pci 0000:74:03.0: reg 0x24: [mem 0xa2010000-0xa2010fff]
Jun  9 20:37:10 ubuntu kernel: [    3.473238] pci 0000:74:04.0: [19e5:a230] type 00 class 0x010700
Jun  9 20:37:10 ubuntu kernel: [    3.473248] pci 0000:74:04.0: reg 0x24: [mem 0xa2000000-0xa2007fff]
Jun  9 20:37:10 ubuntu kernel: [    3.473355] pci 0000:75:00.0: [19e5:a255] type 00 class 0x100000
Jun  9 20:37:10 ubuntu kernel: [    3.473364] pci 0000:75:00.0: reg 0x18: [mem 0x144000000-0x1443fffff 64bit pref]
Jun  9 20:37:10 ubuntu kernel: [    3.473389] pci 0000:75:00.0: reg 0x22c: [mem 0x144400000-0x14440ffff 64bit pref]
Jun  9 20:37:10 ubuntu kernel: [    3.473393] pci 0000:75:00.0: VF(n) BAR2 space: [mem 0x144400000-0x1447effff 64bit pref] (contains BAR2 for 63 VFs)
Jun  9 20:37:10 ubuntu kernel: [    3.473489] pci_bus 0000:74: on NUMA node 0
Jun  9 20:37:10 ubuntu kernel: [    3.473493] pci 0000:74:01.0: bridge window [mem 0x00400000-0x007fffff 64bit pref] to [bus 75] add_size 400000 add_align 400000
Jun  9 20:37:10 ubuntu kernel: [    3.473499] pci 0000:74:01.0: BAR 15: assigned [mem 0x141000000-0x1417fffff 64bit pref]
Jun  9 20:37:10 ubuntu kernel: [    3.473503] pci 0000:74:02.0: BAR 5: assigned [mem 0xa2000000-0xa2007fff]
Jun  9 20:37:10 ubuntu kernel: [    3.473506] pci 0000:74:04.0: BAR 5: assigned [mem 0xa2008000-0xa200ffff]
Jun  9 20:37:10 ubuntu kernel: [    3.473509] pci 0000:74:03.0: BAR 5: assigned [mem 0xa2010000-0xa2010fff]
Jun  9 20:37:10 ubuntu kernel: [    3.473513] pci 0000:75:00.0: BAR 2: assigned [mem 0x141000000-0x1413fffff 64bit pref]
Jun  9 20:37:10 ubuntu kernel: [    3.473518] pci 0000:75:00.0: BAR 9: assigned [mem 0x141400000-0x1417effff 64bit pref]
Jun  9 20:37:10 ubuntu kernel: [    3.473522] pci 0000:74:01.0: PCI bridge to [bus 75]
Jun  9 20:37:10 ubuntu kernel: [    3.473526] pci 0000:74:01.0:   bridge window [mem 0x141000000-0x1417fffff 64bit pref]
Jun  9 20:37:10 ubuntu kernel: [    3.473530] pci_bus 0000:74: resource 4 [mem 0x141000000-0x141ffffff pref window]
Jun  9 20:37:10 ubuntu kernel: [    3.473533] pci_bus 0000:74: resource 5 [mem 0x144000000-0x145ffffff pref window]
Jun  9 20:37:10 ubuntu kernel: [    3.473536] pci_bus 0000:74: resource 6 [mem 0xa2000000-0xa2ffffff window]
Jun  9 20:37:10 ubuntu kernel: [    3.473539] pci_bus 0000:75: resource 2 [mem 0x141000000-0x1417fffff 64bit pref]
Jun  9 20:37:10 ubuntu kernel: [    3.473603] ACPI: PCI Root Bridge [PCI6] (domain 0000 [bus 80-9f])
Jun  9 20:37:10 ubuntu kernel: [    3.473608] acpi PNP0A08:06: _OSC: OS supports [ExtendedConfig ASPM ClockPM Segments MSI HPX-Type3]
Jun  9 20:37:10 ubuntu kernel: [    3.473704] acpi PNP0A08:06: _OSC: platform does not support [SHPCHotplug LTR]
Jun  9 20:37:10 ubuntu kernel: [    3.473792] acpi PNP0A08:06: _OSC: OS now controls [PCIeHotplug PME AER PCIeCapability]
