Nov 25 15:12:08 ubuntu systemd-modules-load[828]: Inserted module 'iscsi_tcp'
Nov 25 15:12:08 ubuntu systemd-modules-load[828]: Inserted module 'ib_iser'
Nov 25 15:12:08 ubuntu kernel: [    0.000000] Booting Linux on physical CPU 0x0000000000 [0x481fd010]
Nov 25 15:12:08 ubuntu systemd[1]: Started Load/Save Random Seed.
Nov 25 15:12:08 ubuntu kernel: [    0.000000] Linux version 5.7.1 (root@ubuntu) (gcc version 7.5.0 (Ubuntu/Linaro 7.5.0-3ubuntu1~18.04), GNU ld (GNU Binutils for Ubuntu) 2.30) #1 SMP Wed Nov 25 14:40:10 CST 2020
Nov 25 15:12:08 ubuntu systemd[1]: Starting Flush Journal to Persistent Storage...
Nov 25 15:12:08 ubuntu kernel: [    0.000000] efi: EFI v2.70 by EDK II
Nov 25 15:12:08 ubuntu kernel: [    0.000000] efi:  SMBIOS 3.0=0x53f710000  ACPI 2.0=0x53c020000  MEMATTR=0x53cc7ca98  MEMRESERVE=0x53becd018 
Nov 25 15:12:08 ubuntu kernel: [    0.000000] cma: Reserved 32 MiB at 0x00000000fe000000
Nov 25 15:12:08 ubuntu kernel: [    0.000000] ACPI: Early table checksum verification disabled
Nov 25 15:12:08 ubuntu systemd[1]: Starting Apply Kernel Variables...
Nov 25 15:12:08 ubuntu kernel: [    0.000000] ACPI: RSDP 0x000000053C020000 000024 (v02 BOCHS )
Nov 25 15:12:08 ubuntu kernel: [    0.000000] ACPI: XSDT 0x000000053BED0000 000054 (v01 BOCHS  BXPCFACP 00000001      01000013)
Nov 25 15:12:08 ubuntu kernel: [    0.000000] ACPI: FACP 0x000000053BE90000 00010C (v05 BOCHS  BXPCFACP 00000001 BXPC 00000001)
Nov 25 15:12:08 ubuntu kernel: [    0.000000] ACPI: DSDT 0x000000053BEA0000 001523 (v02 BOCHS  BXPCDSDT 00000001 BXPC 00000001)
Nov 25 15:12:08 ubuntu kernel: [    0.000000] ACPI: APIC 0x000000053BE80000 0009E8 (v03 BOCHS  BXPCAPIC 00000001 BXPC 00000001)
Nov 25 15:12:08 ubuntu lvm[839]:   2 logical volume(s) in volume group "ubuntu-vg" monitored
Nov 25 15:12:08 ubuntu kernel: [    0.000000] ACPI: GTDT 0x000000053BE70000 000060 (v02 BOCHS  BXPCGTDT 00000001 BXPC 00000001)
Nov 25 15:12:08 ubuntu kernel: [    0.000000] ACPI: MCFG 0x000000053BE60000 00003C (v01 BOCHS  BXPCMCFG 00000001 BXPC 00000001)
Nov 25 15:12:08 ubuntu systemd[1]: Mounting FUSE Control File System...
Nov 25 15:12:08 ubuntu kernel: [    0.000000] ACPI: SPCR 0x000000053BE50000 000050 (v02 BOCHS  BXPCSPCR 00000001 BXPC 00000001)
Nov 25 15:12:08 ubuntu systemd[1]: Mounting Kernel Configuration File System...
Nov 25 15:12:08 ubuntu kernel: [    0.000000] ACPI: IORT 0x000000053BE40000 00007C (v00 BOCHS  BXPCIORT 00000001 BXPC 00000001)
Nov 25 15:12:08 ubuntu kernel: [    0.000000] ACPI: SPCR: console: pl011,mmio,0x9000000,9600
Nov 25 15:12:08 ubuntu kernel: [    0.000000] ACPI: NUMA: Failed to initialise from firmware
Nov 25 15:12:08 ubuntu systemd[1]: Started Monitoring of LVM2 mirrors, snapshots etc. using dmeventd or progress polling.
Nov 25 15:12:08 ubuntu kernel: [    0.000000] NUMA: Faking a node at [mem 0x0000000040000000-0x000000053fffffff]
Nov 25 15:12:08 ubuntu kernel: [    0.000000] NUMA: NODE_DATA [mem 0x53d409300-0x53d40cfff]
Nov 25 15:12:08 ubuntu kernel: [    0.000000] Zone ranges:
Nov 25 15:12:08 ubuntu kernel: [    0.000000]   DMA      [mem 0x0000000040000000-0x000000007fffffff]
Nov 25 15:12:08 ubuntu kernel: [    0.000000]   DMA32    [mem 0x0000000080000000-0x00000000ffffffff]
Nov 25 15:12:08 ubuntu kernel: [    0.000000]   Normal   [mem 0x0000000100000000-0x000000053fffffff]
Nov 25 15:12:08 ubuntu kernel: [    0.000000] Movable zone start for each node
Nov 25 15:12:08 ubuntu kernel: [    0.000000] Early memory node ranges
Nov 25 15:12:08 ubuntu kernel: [    0.000000]   node   0: [mem 0x0000000040000000-0x000000053bedffff]
Nov 25 15:12:08 ubuntu kernel: [    0.000000]   node   0: [mem 0x000000053bee0000-0x000000053bffffff]
Nov 25 15:12:08 ubuntu kernel: [    0.000000]   node   0: [mem 0x000000053c000000-0x000000053c02ffff]
Nov 25 15:12:08 ubuntu kernel: [    0.000000]   node   0: [mem 0x000000053c030000-0x000000053c0affff]
Nov 25 15:12:08 ubuntu kernel: [    0.000000]   node   0: [mem 0x000000053c0b0000-0x000000053f57ffff]
Nov 25 15:12:08 ubuntu kernel: [    0.000000]   node   0: [mem 0x000000053f580000-0x000000053f95ffff]
Nov 25 15:12:08 ubuntu kernel: [    0.000000]   node   0: [mem 0x000000053f960000-0x000000053fffffff]
Nov 25 15:12:08 ubuntu kernel: [    0.000000] Zeroed struct page in unavailable ranges: 544 pages
Nov 25 15:12:08 ubuntu kernel: [    0.000000] Initmem setup node 0 [mem 0x0000000040000000-0x000000053fffffff]
Nov 25 15:12:08 ubuntu kernel: [    0.000000] On node 0 totalpages: 5242880
Nov 25 15:12:08 ubuntu systemd[1]: Started Create Static Device Nodes in /dev.
Nov 25 15:12:08 ubuntu kernel: [    0.000000]   DMA zone: 5120 pages used for memmap
Nov 25 15:12:08 ubuntu kernel: [    0.000000]   DMA zone: 0 pages reserved
Nov 25 15:12:08 ubuntu kernel: [    0.000000]   DMA zone: 262144 pages, LIFO batch:63
Nov 25 15:12:08 ubuntu systemd[1]: Started Apply Kernel Variables.
Nov 25 15:12:08 ubuntu kernel: [    0.000000]   DMA32 zone: 10240 pages used for memmap
Nov 25 15:12:08 ubuntu kernel: [    0.000000]   DMA32 zone: 524288 pages, LIFO batch:63
Nov 25 15:12:08 ubuntu kernel: [    0.000000]   Normal zone: 87040 pages used for memmap
Nov 25 15:12:08 ubuntu kernel: [    0.000000]   Normal zone: 4456448 pages, LIFO batch:63
Nov 25 15:12:08 ubuntu kernel: [    0.000000] psci: probing for conduit method from ACPI.
Nov 25 15:12:08 ubuntu kernel: [    0.000000] psci: PSCIv1.0 detected in firmware.
Nov 25 15:12:08 ubuntu systemd[1]: Mounted FUSE Control File System.
Nov 25 15:12:08 ubuntu systemd[1]: Mounted Kernel Configuration File System.
Nov 25 15:12:08 ubuntu kernel: [    0.000000] psci: Using standard PSCI v0.2 function IDs
Nov 25 15:12:08 ubuntu systemd[1]: Starting udev Kernel Device Manager...
Nov 25 15:12:08 ubuntu kernel: [    0.000000] psci: Trusted OS migration not required
Nov 25 15:12:08 ubuntu kernel: [    0.000000] psci: SMC Calling Convention v1.1
Nov 25 15:12:08 ubuntu kernel: [    0.000000] ACPI: SRAT not present
Nov 25 15:12:08 ubuntu kernel: [    0.000000] percpu: Embedded 33 pages/cpu s94616 r8192 d32360 u135168
Nov 25 15:12:08 ubuntu systemd[1]: Started Set the console keyboard layout.
Nov 25 15:12:08 ubuntu kernel: [    0.000000] pcpu-alloc: s94616 r8192 d32360 u135168 alloc=33*4096
Nov 25 15:12:08 ubuntu systemd[1]: Reached target Local File Systems (Pre).
Nov 25 15:12:08 ubuntu kernel: [    0.000000] pcpu-alloc: [0] 00 [0] 01 [0] 02 [0] 03 [0] 04 [0] 05 [0] 06 [0] 07 
Nov 25 15:12:08 ubuntu kernel: [    0.000000] pcpu-alloc: [0] 08 [0] 09 [0] 10 [0] 11 [0] 12 [0] 13 [0] 14 [0] 15 
Nov 25 15:12:08 ubuntu systemd[1]: Started udev Kernel Device Manager.
Nov 25 15:12:08 ubuntu kernel: [    0.000000] pcpu-alloc: [0] 16 [0] 17 [0] 18 [0] 19 [0] 20 [0] 21 [0] 22 [0] 23 
Nov 25 15:12:08 ubuntu kernel: [    0.000000] pcpu-alloc: [0] 24 [0] 25 [0] 26 [0] 27 [0] 28 [0] 29 [0] 30 [0] 31 
Nov 25 15:12:08 ubuntu kernel: [    0.000000] Detected VIPT I-cache on CPU0
Nov 25 15:12:08 ubuntu systemd[1]: Started udev Coldplug all Devices.
Nov 25 15:12:08 ubuntu systemd[1]: Started Dispatch Password Requests to Console Directory Watch.
Nov 25 15:12:08 ubuntu kernel: [    0.000000] CPU features: detected: GIC system register CPU interface
Nov 25 15:12:08 ubuntu systemd[1]: Reached target Local Encrypted Volumes.
Nov 25 15:12:08 ubuntu kernel: [    0.000000] CPU features: detected: Hardware dirty bit management
Nov 25 15:12:08 ubuntu kernel: [    0.000000] Built 1 zonelists, mobility grouping on.  Total pages: 5140480
Nov 25 15:12:08 ubuntu systemd[1]: Started Flush Journal to Persistent Storage.
Nov 25 15:12:08 ubuntu systemd[1]: Found device /dev/ttyAMA0.
Nov 25 15:12:08 ubuntu systemd-udevd[888]: link_config: autonegotiation is unset or enabled, the speed and duplex are not writable.
Nov 25 15:12:08 ubuntu kernel: [    0.000000] Policy zone: Normal
Nov 25 15:12:08 ubuntu kernel: [    0.000000] Kernel command line: BOOT_IMAGE=/boot/vmlinuz-5.7.1 root=/dev/mapper/ubuntu--vg-root ro
Nov 25 15:12:08 ubuntu kernel: [    0.000000] Dentry cache hash table entries: 4194304 (order: 13, 33554432 bytes, linear)
Nov 25 15:12:08 ubuntu kernel: [    0.000000] Inode-cache hash table entries: 2097152 (order: 12, 16777216 bytes, linear)
Nov 25 15:12:08 ubuntu kernel: [    0.000000] mem auto-init: stack:off, heap alloc:on, heap free:off
Nov 25 15:12:08 ubuntu kernel: [    0.000000] software IO TLB: mapped [mem 0x7bfff000-0x7ffff000] (64MB)
Nov 25 15:12:08 ubuntu kernel: [    0.000000] Memory: 20269608K/20971520K available (14204K kernel code, 2354K rwdata, 6868K rodata, 7040K init, 1132K bss, 669144K reserved, 32768K cma-reserved)
Nov 25 15:12:08 ubuntu kernel: [    0.000000] random: get_random_u64 called from __kmem_cache_create+0x54/0x5d8 with crng_init=0
Nov 25 15:12:08 ubuntu systemd-udevd[869]: link_config: autonegotiation is unset or enabled, the speed and duplex are not writable.
Nov 25 15:12:08 ubuntu kernel: [    0.000000] SLUB: HWalign=64, Order=0-3, MinObjects=0, CPUs=32, Nodes=1
Nov 25 15:12:08 ubuntu systemd[1]: Listening on Load/Save RF Kill Switch Status /dev/rfkill Watch.
Nov 25 15:12:08 ubuntu kernel: [    0.000000] ftrace: allocating 46107 entries in 181 pages
Nov 25 15:12:08 ubuntu kernel: [    0.000000] ftrace: allocated 181 pages with 5 groups
Nov 25 15:12:08 ubuntu kernel: [    0.000000] rcu: Hierarchical RCU implementation.
Nov 25 15:12:08 ubuntu systemd[1]: Found device /dev/mapper/ubuntu--vg-swap_1.
Nov 25 15:12:08 ubuntu kernel: [    0.000000] rcu: 	RCU restricting CPUs from NR_CPUS=256 to nr_cpu_ids=32.
Nov 25 15:12:08 ubuntu kernel: [    0.000000] 	Tasks RCU enabled.
Nov 25 15:12:08 ubuntu kernel: [    0.000000] rcu: RCU calculated value of scheduler-enlistment delay is 25 jiffies.
Nov 25 15:12:08 ubuntu kernel: [    0.000000] rcu: Adjusting geometry for rcu_fanout_leaf=16, nr_cpu_ids=32
Nov 25 15:12:08 ubuntu kernel: [    0.000000] NR_IRQS: 64, nr_irqs: 64, preallocated irqs: 0
Nov 25 15:12:08 ubuntu systemd[1]: Activating swap /dev/mapper/ubuntu--vg-swap_1...
Nov 25 15:12:08 ubuntu kernel: [    0.000000] GICv3: 256 SPIs implemented
Nov 25 15:12:08 ubuntu kernel: [    0.000000] GICv3: 0 Extended SPIs implemented
Nov 25 15:12:08 ubuntu kernel: [    0.000000] GICv3: Distributor has no Range Selector support
Nov 25 15:12:08 ubuntu kernel: [    0.000000] GICv3: 16 PPIs implemented
Nov 25 15:12:08 ubuntu systemd[1]: Found device QEMU_HARDDISK 1.
Nov 25 15:12:08 ubuntu kernel: [    0.000000] GICv3: CPU0: found redistributor 0 region 0:0x00000000080a0000
Nov 25 15:12:08 ubuntu kernel: [    0.000000] ACPI: SRAT not present
Nov 25 15:12:08 ubuntu kernel: [    0.000000] ITS [mem 0x08080000-0x0809ffff]
Nov 25 15:12:08 ubuntu systemd[1]: Activated swap /dev/mapper/ubuntu--vg-swap_1.
Nov 25 15:12:08 ubuntu systemd[1]: Reached target Swap.
Nov 25 15:12:08 ubuntu systemd[1]: Starting File System Check on /dev/disk/by-uuid/5EA9-3D4C...
Nov 25 15:12:08 ubuntu kernel: [    0.000000] ITS@0x0000000008080000: allocated 8192 Devices @53ca00000 (indirect, esz 8, psz 64K, shr 1)
Nov 25 15:12:08 ubuntu systemd[1]: Created slice system-lvm2\x2dpvscan.slice.
Nov 25 15:12:08 ubuntu kernel: [    0.000000] ITS@0x0000000008080000: allocated 8192 Interrupt Collections @53ca10000 (flat, esz 8, psz 64K, shr 1)
Nov 25 15:12:08 ubuntu kernel: [    0.000000] GICv3: using LPI property table @0x000000053ca20000
Nov 25 15:12:08 ubuntu kernel: [    0.000000] GICv3: CPU0: using allocated LPI pending table @0x000000053ca30000
Nov 25 15:12:08 ubuntu systemd[1]: Starting LVM2 PV scan on device 8:2...
Nov 25 15:12:08 ubuntu kernel: [    0.000000] arch_timer: cp15 timer(s) running at 100.00MHz (virt).
Nov 25 15:12:08 ubuntu systemd[1]: Started File System Check Daemon to report status.
Nov 25 15:12:08 ubuntu systemd-fsck[1029]: fsck.fat 4.1 (2017-01-24)
Nov 25 15:12:08 ubuntu kernel: [    0.000000] clocksource: arch_sys_counter: mask: 0xffffffffffffff max_cycles: 0x171024e7e0, max_idle_ns: 440795205315 ns
Nov 25 15:12:08 ubuntu systemd-fsck[1029]: /dev/sda1: 5 files, 41/65501 clusters
Nov 25 15:12:08 ubuntu kernel: [    0.000001] sched_clock: 56 bits at 100MHz, resolution 10ns, wraps every 4398046511100ns
Nov 25 15:12:08 ubuntu kernel: [    0.000055] Console: colour dummy device 80x25
Nov 25 15:12:08 ubuntu systemd[1]: Started File System Check on /dev/disk/by-uuid/5EA9-3D4C.
Nov 25 15:12:08 ubuntu kernel: [    0.000080] ACPI: Core revision 20200326
Nov 25 15:12:08 ubuntu kernel: [    0.000125] Calibrating delay loop (skipped), value calculated using timer frequency.. 200.00 BogoMIPS (lpj=400000)
Nov 25 15:12:08 ubuntu kernel: [    0.000127] pid_max: default: 32768 minimum: 301
Nov 25 15:12:08 ubuntu lvm[1030]:   2 logical volume(s) in volume group "ubuntu-vg" now active
Nov 25 15:12:08 ubuntu kernel: [    0.000160] LSM: Security Framework initializing
Nov 25 15:12:08 ubuntu kernel: [    0.000166] Yama: becoming mindful.
Nov 25 15:12:08 ubuntu kernel: [    0.000190] AppArmor: AppArmor initialized
Nov 25 15:12:08 ubuntu kernel: [    0.000252] Mount-cache hash table entries: 65536 (order: 7, 524288 bytes, linear)
Nov 25 15:12:08 ubuntu kernel: [    0.000280] Mountpoint-cache hash table entries: 65536 (order: 7, 524288 bytes, linear)
Nov 25 15:12:08 ubuntu systemd[1]: Mounting /boot/efi...
Nov 25 15:12:08 ubuntu kernel: [    0.000619] ACPI PPTT: No PPTT table found, CPU and cache topology may be inaccurate
Nov 25 15:12:08 ubuntu systemd[1]: Started LVM2 PV scan on device 8:2.
Nov 25 15:12:08 ubuntu kernel: [    0.000772] rcu: Hierarchical SRCU implementation.
Nov 25 15:12:08 ubuntu kernel: [    0.001207] Platform MSI: ITS@0x8080000 domain created
Nov 25 15:12:08 ubuntu kernel: [    0.001212] PCI/MSI: ITS@0x8080000 domain created
Nov 25 15:12:08 ubuntu systemd[1]: Mounted /boot/efi.
Nov 25 15:12:08 ubuntu kernel: [    0.001220] Remapping and enabling EFI services.
Nov 25 15:12:08 ubuntu systemd[1]: Reached target Local File Systems.
Nov 25 15:12:08 ubuntu kernel: [    0.002074] smp: Bringing up secondary CPUs ...
Nov 25 15:12:08 ubuntu kernel: [    0.229435] Detected VIPT I-cache on CPU1
Nov 25 15:12:08 ubuntu kernel: [    0.229462] GICv3: CPU1: found redistributor 1 region 0:0x00000000080c0000
Nov 25 15:12:08 ubuntu kernel: [    0.229746] GICv3: CPU1: using allocated LPI pending table @0x000000053ca40000
Nov 25 15:12:08 ubuntu kernel: [    0.229786] CPU1: Booted secondary processor 0x0000000001 [0x481fd010]
Nov 25 15:12:08 ubuntu kernel: [    0.458070] Detected VIPT I-cache on CPU2
Nov 25 15:12:08 ubuntu kernel: [    0.458114] GICv3: CPU2: found redistributor 2 region 0:0x00000000080e0000
Nov 25 15:12:08 ubuntu systemd[1]: Starting Create Volatile Files and Directories...
Nov 25 15:12:08 ubuntu systemd[1]: Starting Tell Plymouth To Write Out Runtime Data...
Nov 25 15:12:08 ubuntu systemd[1]: Starting Set console font and keymap...
Nov 25 15:12:08 ubuntu systemd[1]: Starting ebtables ruleset management...
Nov 25 15:12:08 ubuntu systemd[1]: Starting AppArmor initialization...
Nov 25 15:12:08 ubuntu systemd[1]: Started Create Volatile Files and Directories.
Nov 25 15:12:08 ubuntu systemd[1]: Started Set console font and keymap.
Nov 25 15:12:08 ubuntu kernel: [    0.458363] GICv3: CPU2: using allocated LPI pending table @0x000000053ca50000
Nov 25 15:12:08 ubuntu kernel: [    0.458394] CPU2: Booted secondary processor 0x0000000002 [0x481fd010]
Nov 25 15:12:08 ubuntu kernel: [    0.546126] Detected VIPT I-cache on CPU3
Nov 25 15:12:08 ubuntu kernel: [    0.546144] GICv3: CPU3: found redistributor 3 region 0:0x0000000008100000
Nov 25 15:12:08 ubuntu kernel: [    0.546351] GICv3: CPU3: using allocated LPI pending table @0x000000053ca60000
Nov 25 15:12:08 ubuntu kernel: [    0.546376] CPU3: Booted secondary processor 0x0000000003 [0x481fd010]
Nov 25 15:12:08 ubuntu kernel: [    0.634710] Detected VIPT I-cache on CPU4
Nov 25 15:12:08 ubuntu systemd[1]: Started Tell Plymouth To Write Out Runtime Data.
Nov 25 15:12:08 ubuntu systemd[1]: Starting Network Time Synchronization...
Nov 25 15:12:08 ubuntu kernel: [    0.634728] GICv3: CPU4: found redistributor 4 region 0:0x0000000008120000
Nov 25 15:12:08 ubuntu systemd[1]: Starting Update UTMP about System Boot/Shutdown...
Nov 25 15:12:08 ubuntu kernel: [    0.634907] GICv3: CPU4: using allocated LPI pending table @0x000000053ca70000
Nov 25 15:12:08 ubuntu kernel: [    0.634931] CPU4: Booted secondary processor 0x0000000004 [0x481fd010]
Nov 25 15:12:08 ubuntu kernel: [    0.723056] Detected VIPT I-cache on CPU5
Nov 25 15:12:08 ubuntu systemd[1]: Started Update UTMP about System Boot/Shutdown.
Nov 25 15:12:08 ubuntu kernel: [    0.723073] GICv3: CPU5: found redistributor 5 region 0:0x0000000008140000
Nov 25 15:12:08 ubuntu apparmor[1046]:  * Starting AppArmor profiles
Nov 25 15:12:08 ubuntu systemd[1]: Started ebtables ruleset management.
Nov 25 15:12:08 ubuntu kernel: [    0.723308] GICv3: CPU5: using allocated LPI pending table @0x000000053ca80000
Nov 25 15:12:08 ubuntu systemd[1]: Reached target Network (Pre).
Nov 25 15:12:08 ubuntu kernel: [    0.723330] CPU5: Booted secondary processor 0x0000000005 [0x481fd010]
Nov 25 15:12:08 ubuntu systemd[1]: Starting Network Service...
Nov 25 15:12:08 ubuntu kernel: [    0.953366] Detected VIPT I-cache on CPU6
Nov 25 15:12:08 ubuntu systemd[1]: Started Network Time Synchronization.
Nov 25 15:12:08 ubuntu kernel: [    0.953387] GICv3: CPU6: found redistributor 6 region 0:0x0000000008160000
Nov 25 15:12:08 ubuntu systemd[1]: Reached target System Time Synchronized.
Nov 25 15:12:08 ubuntu kernel: [    0.953602] GICv3: CPU6: using allocated LPI pending table @0x000000053ca90000
Nov 25 15:12:08 ubuntu kernel: [    0.953642] CPU6: Booted secondary processor 0x0000000006 [0x481fd010]
Nov 25 15:12:08 ubuntu kernel: [    1.185867] Detected VIPT I-cache on CPU7
Nov 25 15:12:08 ubuntu kernel: [    1.185892] GICv3: CPU7: found redistributor 7 region 0:0x0000000008180000
Nov 25 15:12:08 ubuntu kernel: [    1.186140] GICv3: CPU7: using allocated LPI pending table @0x000000053caa0000
Nov 25 15:12:08 ubuntu kernel: [    1.186165] CPU7: Booted secondary processor 0x0000000007 [0x481fd010]
Nov 25 15:12:08 ubuntu kernel: [    1.274676] Detected VIPT I-cache on CPU8
Nov 25 15:12:08 ubuntu systemd-networkd[1065]: Enumeration completed
Nov 25 15:12:08 ubuntu systemd[1]: Started Network Service.
Nov 25 15:12:08 ubuntu systemd-networkd[1065]: lo: Link is not managed by us
Nov 25 15:12:08 ubuntu kernel: [    1.274726] GICv3: CPU8: found redistributor 8 region 0:0x00000000081a0000
Nov 25 15:12:08 ubuntu systemd[1]: Starting Network Name Resolution...
Nov 25 15:12:08 ubuntu kernel: [    1.275758] GICv3: CPU8: using allocated LPI pending table @0x000000053cab0000
Nov 25 15:12:08 ubuntu kernel: [    1.275810] CPU8: Booted secondary processor 0x0000000008 [0x481fd010]
Nov 25 15:12:08 ubuntu kernel: [    1.477946] Detected VIPT I-cache on CPU9
Nov 25 15:12:08 ubuntu kernel: [    1.477971] GICv3: CPU9: found redistributor 9 region 0:0x00000000081c0000
Nov 25 15:12:08 ubuntu kernel: [    1.478205] GICv3: CPU9: using allocated LPI pending table @0x000000053cac0000
Nov 25 15:12:08 ubuntu systemd[1]: Starting Wait for Network to be Configured...
Nov 25 15:12:08 ubuntu kernel: [    1.478233] CPU9: Booted secondary processor 0x0000000009 [0x481fd010]
Nov 25 15:12:08 ubuntu kernel: [    1.650521] Detected VIPT I-cache on CPU10
Nov 25 15:12:08 ubuntu systemd-resolved[1094]: Positive Trust Anchors:
Nov 25 15:12:08 ubuntu kernel: [    1.650557] GICv3: CPU10: found redistributor a region 0:0x00000000081e0000
Nov 25 15:12:08 ubuntu systemd-resolved[1094]: . IN DS 19036 8 2 49aac11d7b6f6446702e54a1607371607a1a41855200fd2ce1cdde32f24e8fb5
Nov 25 15:12:08 ubuntu systemd-resolved[1094]: . IN DS 20326 8 2 e06d44b80b8f1d39a95c0b0d7c65d08458e880409bbc683457104237c7f8ec8d
Nov 25 15:12:08 ubuntu kernel: [    1.650775] GICv3: CPU10: using allocated LPI pending table @0x000000053cad0000
Nov 25 15:12:08 ubuntu kernel: [    1.650811] CPU10: Booted secondary processor 0x000000000a [0x481fd010]
Nov 25 15:12:08 ubuntu kernel: [    1.739628] Detected VIPT I-cache on CPU11
Nov 25 15:12:08 ubuntu systemd-resolved[1094]: Negative trust anchors: 10.in-addr.arpa 16.172.in-addr.arpa 17.172.in-addr.arpa 18.172.in-addr.arpa 19.172.in-addr.arpa 20.172.in-addr.arpa 21.172.in-addr.arpa 22.172.in-addr.arpa 23.172.in-addr.arpa 24.172.in-addr.arpa 25.172.in-addr.arpa 26.172.in-addr.arpa 27.172.in-addr.arpa 28.172.in-addr.arpa 29.172.in-addr.arpa 30.172.in-addr.arpa 31.172.in-addr.arpa 168.192.in-addr.arpa d.f.ip6.arpa corp home internal intranet lan local private test
Nov 25 15:12:08 ubuntu kernel: [    1.739658] GICv3: CPU11: found redistributor b region 0:0x0000000008200000
Nov 25 15:12:08 ubuntu systemd-resolved[1094]: Using system hostname 'ubuntu'.
Nov 25 15:12:08 ubuntu kernel: [    1.739848] GICv3: CPU11: using allocated LPI pending table @0x000000053cae0000
Nov 25 15:12:08 ubuntu kernel: [    1.739872] CPU11: Booted secondary processor 0x000000000b [0x481fd010]
Nov 25 15:12:08 ubuntu systemd[1]: Started Network Name Resolution.
Nov 25 15:12:08 ubuntu systemd[1]: Reached target Host and Network Name Lookups.
Nov 25 15:12:08 ubuntu kernel: [    1.828904] Detected VIPT I-cache on CPU12
Nov 25 15:12:08 ubuntu kernel: [    1.828941] GICv3: CPU12: found redistributor c region 0:0x0000000008220000
Nov 25 15:12:08 ubuntu systemd[1]: Reached target Network.
Nov 25 15:12:08 ubuntu kernel: [    1.829150] GICv3: CPU12: using allocated LPI pending table @0x000000053caf0000
Nov 25 15:12:08 ubuntu systemd-networkd[1065]: enp1s0: Gained carrier
Nov 25 15:12:08 ubuntu kernel: [    1.829180] CPU12: Booted secondary processor 0x000000000c [0x481fd010]
Nov 25 15:12:08 ubuntu kernel: [    2.004239] Detected VIPT I-cache on CPU13
Nov 25 15:12:08 ubuntu systemd-timesyncd[1055]: Network configuration changed, trying to establish connection.
Nov 25 15:12:08 ubuntu apparmor[1046]: Skipping profile in /etc/apparmor.d/disable: usr.sbin.rsyslogd
Nov 25 15:12:08 ubuntu kernel: [    2.004277] GICv3: CPU13: found redistributor d region 0:0x0000000008240000
Nov 25 15:12:08 ubuntu apparmor[1046]:    ...done.
Nov 25 15:12:08 ubuntu systemd[1]: Started AppArmor initialization.
Nov 25 15:12:08 ubuntu kernel: [    2.004513] GICv3: CPU13: using allocated LPI pending table @0x000000053cb00000
Nov 25 15:12:08 ubuntu systemd[1]: Reached target System Initialization.
Nov 25 15:12:08 ubuntu systemd[1]: Starting LXD - unix socket.
Nov 25 15:12:08 ubuntu systemd[1]: Started Daily apt download activities.
Nov 25 15:12:08 ubuntu kernel: [    2.004548] CPU13: Booted secondary processor 0x000000000d [0x481fd010]
Nov 25 15:12:08 ubuntu kernel: [    2.237509] Detected VIPT I-cache on CPU14
Nov 25 15:12:08 ubuntu kernel: [    2.237544] GICv3: CPU14: found redistributor e region 0:0x0000000008260000
Nov 25 15:12:08 ubuntu kernel: [    2.237730] GICv3: CPU14: using allocated LPI pending table @0x000000053cb10000
Nov 25 15:12:08 ubuntu kernel: [    2.237757] CPU14: Booted secondary processor 0x000000000e [0x481fd010]
Nov 25 15:12:08 ubuntu kernel: [    2.473848] Detected VIPT I-cache on CPU15
Nov 25 15:12:08 ubuntu kernel: [    2.473888] GICv3: CPU15: found redistributor f region 0:0x0000000008280000
Nov 25 15:12:08 ubuntu kernel: [    2.474114] GICv3: CPU15: using allocated LPI pending table @0x000000053cb20000
Nov 25 15:12:08 ubuntu kernel: [    2.474146] CPU15: Booted secondary processor 0x000000000f [0x481fd010]
Nov 25 15:12:08 ubuntu kernel: [    2.564022] Detected VIPT I-cache on CPU16
Nov 25 15:12:08 ubuntu kernel: [    2.564108] GICv3: CPU16: found redistributor 100 region 0:0x00000000082a0000
Nov 25 15:12:08 ubuntu systemd[1]: Started Daily apt upgrade and clean activities.
Nov 25 15:12:08 ubuntu kernel: [    2.564446] GICv3: CPU16: using allocated LPI pending table @0x000000053cb30000
Nov 25 15:12:08 ubuntu systemd[1]: Started Message of the Day.
Nov 25 15:12:08 ubuntu kernel: [    2.564500] CPU16: Booted secondary processor 0x0000000100 [0x481fd010]
Nov 25 15:12:08 ubuntu systemd[1]: Started Daily Cleanup of Temporary Directories.
Nov 25 15:12:08 ubuntu kernel: [    2.801177] Detected VIPT I-cache on CPU17
Nov 25 15:12:08 ubuntu kernel: [    2.801219] GICv3: CPU17: found redistributor 101 region 0:0x00000000082c0000
Nov 25 15:12:08 ubuntu systemd[1]: Starting Socket activation for snappy daemon.
Nov 25 15:12:08 ubuntu kernel: [    2.801713] GICv3: CPU17: using allocated LPI pending table @0x000000053cb40000
Nov 25 15:12:08 ubuntu kernel: [    2.801742] CPU17: Booted secondary processor 0x0000000101 [0x481fd010]
Nov 25 15:12:08 ubuntu kernel: [    2.891907] Detected VIPT I-cache on CPU18
Nov 25 15:12:08 ubuntu kernel: [    2.891951] GICv3: CPU18: found redistributor 102 region 0:0x00000000082e0000
Nov 25 15:12:08 ubuntu kernel: [    2.892143] GICv3: CPU18: using allocated LPI pending table @0x000000053cb50000
Nov 25 15:12:08 ubuntu systemd[1]: Started Discard unused blocks once a week.
Nov 25 15:12:08 ubuntu kernel: [    2.892178] CPU18: Booted secondary processor 0x0000000102 [0x481fd010]
Nov 25 15:12:08 ubuntu kernel: [    2.982626] Detected VIPT I-cache on CPU19
Nov 25 15:12:08 ubuntu kernel: [    2.982722] GICv3: CPU19: found redistributor 103 region 0:0x0000000008300000
Nov 25 15:12:08 ubuntu systemd[1]: Listening on Open-iSCSI iscsid Socket.
Nov 25 15:12:08 ubuntu kernel: [    2.982977] GICv3: CPU19: using allocated LPI pending table @0x000000053cb60000
Nov 25 15:12:08 ubuntu systemd[1]: Listening on UUID daemon activation socket.
Nov 25 15:12:08 ubuntu kernel: [    2.983033] CPU19: Booted secondary processor 0x0000000103 [0x481fd010]
Nov 25 15:12:08 ubuntu kernel: [    3.219795] Detected VIPT I-cache on CPU20
Nov 25 15:12:08 ubuntu kernel: [    3.219838] GICv3: CPU20: found redistributor 104 region 0:0x0000000008320000
Nov 25 15:12:08 ubuntu systemd[1]: Listening on ACPID Listen Socket.
Nov 25 15:12:08 ubuntu kernel: [    3.220018] GICv3: CPU20: using allocated LPI pending table @0x000000053cb70000
Nov 25 15:12:08 ubuntu kernel: [    3.220041] CPU20: Booted secondary processor 0x0000000104 [0x481fd010]
Nov 25 15:12:08 ubuntu kernel: [    3.458341] Detected VIPT I-cache on CPU21
Nov 25 15:12:08 ubuntu kernel: [    3.458386] GICv3: CPU21: found redistributor 105 region 0:0x0000000008340000
Nov 25 15:12:08 ubuntu kernel: [    3.458867] GICv3: CPU21: using allocated LPI pending table @0x000000053cb80000
Nov 25 15:12:08 ubuntu kernel: [    3.458897] CPU21: Booted secondary processor 0x0000000105 [0x481fd010]
Nov 25 15:12:08 ubuntu kernel: [    3.549545] Detected VIPT I-cache on CPU22
Nov 25 15:12:08 ubuntu kernel: [    3.549653] GICv3: CPU22: found redistributor 106 region 0:0x0000000008360000
Nov 25 15:12:08 ubuntu kernel: [    3.549982] GICv3: CPU22: using allocated LPI pending table @0x000000053cb90000
Nov 25 15:12:08 ubuntu systemd[1]: Reached target Timers.
Nov 25 15:12:08 ubuntu systemd[1]: Started ACPI Events Check.
Nov 25 15:12:08 ubuntu kernel: [    3.550038] CPU22: Booted secondary processor 0x0000000106 [0x481fd010]
Nov 25 15:12:08 ubuntu kernel: [    3.789801] Detected VIPT I-cache on CPU23
Nov 25 15:12:08 ubuntu systemd[1]: Listening on D-Bus System Message Bus Socket.
Nov 25 15:12:08 ubuntu systemd[1]: Reached target Paths.
Nov 25 15:12:08 ubuntu systemd[1]: Listening on LXD - unix socket.
Nov 25 15:12:08 ubuntu kernel: [    3.789858] GICv3: CPU23: found redistributor 107 region 0:0x0000000008380000
Nov 25 15:12:08 ubuntu systemd[1]: Listening on Socket activation for snappy daemon.
Nov 25 15:12:08 ubuntu kernel: [    3.790059] GICv3: CPU23: using allocated LPI pending table @0x000000053cba0000
Nov 25 15:12:08 ubuntu systemd[1]: Reached target Sockets.
Nov 25 15:12:08 ubuntu kernel: [    3.790092] CPU23: Booted secondary processor 0x0000000107 [0x481fd010]
Nov 25 15:12:08 ubuntu kernel: [    3.881094] Detected VIPT I-cache on CPU24
Nov 25 15:12:08 ubuntu kernel: [    3.881149] GICv3: CPU24: found redistributor 108 region 0:0x00000000083a0000
Nov 25 15:12:08 ubuntu kernel: [    3.881365] GICv3: CPU24: using allocated LPI pending table @0x000000053cbb0000
Nov 25 15:12:08 ubuntu kernel: [    3.881397] CPU24: Booted secondary processor 0x0000000108 [0x481fd010]
Nov 25 15:12:08 ubuntu kernel: [    4.118654] Detected VIPT I-cache on CPU25
Nov 25 15:12:08 ubuntu kernel: [    4.118776] GICv3: CPU25: found redistributor 109 region 0:0x00000000083c0000
Nov 25 15:12:08 ubuntu kernel: [    4.119674] GICv3: CPU25: using allocated LPI pending table @0x000000053cbc0000
Nov 25 15:12:08 ubuntu kernel: [    4.119734] CPU25: Booted secondary processor 0x0000000109 [0x481fd010]
Nov 25 15:12:08 ubuntu kernel: [    4.358654] Detected VIPT I-cache on CPU26
Nov 25 15:12:08 ubuntu kernel: [    4.358711] GICv3: CPU26: found redistributor 10a region 0:0x00000000083e0000
Nov 25 15:12:08 ubuntu systemd[1]: Reached target Basic System.
Nov 25 15:12:08 ubuntu systemd[1]: Starting System Logging Service...
Nov 25 15:12:08 ubuntu kernel: [    4.358930] GICv3: CPU26: using allocated LPI pending table @0x000000053cbd0000
Nov 25 15:12:08 ubuntu systemd[1]: Starting Accounts Service...
Nov 25 15:12:08 ubuntu kernel: [    4.358965] CPU26: Booted secondary processor 0x000000010a [0x481fd010]
Nov 25 15:12:08 ubuntu kernel: [    4.450235] Detected VIPT I-cache on CPU27
Nov 25 15:12:08 ubuntu systemd[1]: Starting Login Service...
Nov 25 15:12:08 ubuntu kernel: [    4.450364] GICv3: CPU27: found redistributor 10b region 0:0x0000000008400000
Nov 25 15:12:08 ubuntu systemd[1]: Started irqbalance daemon.
Nov 25 15:12:08 ubuntu kernel: [    4.450785] GICv3: CPU27: using allocated LPI pending table @0x000000053cbe0000
Nov 25 15:12:08 ubuntu systemd[1]: Started FUSE filesystem for LXC.
Nov 25 15:12:08 ubuntu kernel: [    4.450845] CPU27: Booted secondary processor 0x000000010b [0x481fd010]
Nov 25 15:12:08 ubuntu systemd[1]: Starting LSB: Record successful boot for GRUB...
Nov 25 15:12:08 ubuntu kernel: [    4.691401] Detected VIPT I-cache on CPU28
Nov 25 15:12:08 ubuntu rsyslogd: imuxsock: Acquired UNIX socket '/run/systemd/journal/syslog' (fd 3) from systemd.  [v8.32.0]
Nov 25 15:12:08 ubuntu rsyslogd: rsyslogd's groupid changed to 106
Nov 25 15:12:08 ubuntu rsyslogd: rsyslogd's userid changed to 102
Nov 25 15:12:08 ubuntu kernel: [    4.691521] GICv3: CPU28: found redistributor 10c region 0:0x0000000008420000
Nov 25 15:12:08 ubuntu kernel: [    4.691758] GICv3: CPU28: using allocated LPI pending table @0x000000053cbf0000
Nov 25 15:12:08 ubuntu rsyslogd:  [origin software="rsyslogd" swVersion="8.32.0" x-pid="1133" x-info="http://www.rsyslog.com"] start
Nov 25 15:12:08 ubuntu kernel: [    4.691793] CPU28: Booted secondary processor 0x000000010c [0x481fd010]
Nov 25 15:12:08 ubuntu kernel: [    4.783072] Detected VIPT I-cache on CPU29
Nov 25 15:12:08 ubuntu kernel: [    4.783228] GICv3: CPU29: found redistributor 10d region 0:0x0000000008440000
Nov 25 15:12:08 ubuntu kernel: [    4.783516] GICv3: CPU29: using allocated LPI pending table @0x000000051f800000
Nov 25 15:12:08 ubuntu kernel: [    4.783573] CPU29: Booted secondary processor 0x000000010d [0x481fd010]
Nov 25 15:12:08 ubuntu kernel: [    4.874964] Detected VIPT I-cache on CPU30
Nov 25 15:12:08 ubuntu kernel: [    4.875030] GICv3: CPU30: found redistributor 10e region 0:0x0000000008460000
Nov 25 15:12:08 ubuntu kernel: [    4.875242] GICv3: CPU30: using allocated LPI pending table @0x000000051f810000
Nov 25 15:12:08 ubuntu kernel: [    4.875276] CPU30: Booted secondary processor 0x000000010e [0x481fd010]
Nov 25 15:12:08 ubuntu kernel: [    4.970244] Detected VIPT I-cache on CPU31
Nov 25 15:12:08 ubuntu kernel: [    4.970332] GICv3: CPU31: found redistributor 10f region 0:0x0000000008480000
Nov 25 15:12:08 ubuntu kernel: [    4.970478] GICv3: CPU31: using allocated LPI pending table @0x000000051f820000
Nov 25 15:12:08 ubuntu kernel: [    4.970506] CPU31: Booted secondary processor 0x000000010f [0x481fd010]
Nov 25 15:12:08 ubuntu kernel: [    4.970587] smp: Brought up 1 node, 32 CPUs
Nov 25 15:12:08 ubuntu kernel: [    4.970634] SMP: Total of 32 processors activated.
Nov 25 15:12:08 ubuntu kernel: [    4.970636] CPU features: detected: Privileged Access Never
Nov 25 15:12:08 ubuntu kernel: [    4.970637] CPU features: detected: LSE atomic instructions
Nov 25 15:12:08 ubuntu kernel: [    4.970638] CPU features: detected: User Access Override
Nov 25 15:12:08 ubuntu kernel: [    4.970640] CPU features: detected: Common not Private translations
Nov 25 15:12:08 ubuntu kernel: [    4.970641] CPU features: detected: Data cache clean to Point of Persistence
Nov 25 15:12:08 ubuntu kernel: [    4.970642] CPU features: detected: RAS Extension Support
Nov 25 15:12:08 ubuntu kernel: [    4.970643] CPU features: detected: CRC32 instructions
Nov 25 15:12:08 ubuntu kernel: [    5.066719] CPU: All CPU(s) started at EL1
Nov 25 15:12:08 ubuntu kernel: [    5.066965] alternatives: patching kernel code
Nov 25 15:12:08 ubuntu kernel: [    5.069857] devtmpfs: initialized
Nov 25 15:12:08 ubuntu kernel: [    5.070569] Registered cp15_barrier emulation handler
Nov 25 15:12:08 ubuntu kernel: [    5.070694] Registered setend emulation handler
Nov 25 15:12:08 ubuntu kernel: [    5.070697] KASLR disabled due to lack of seed
Nov 25 15:12:08 ubuntu kernel: [    5.071204] clocksource: jiffies: mask: 0xffffffff max_cycles: 0xffffffff, max_idle_ns: 7645041785100000 ns
Nov 25 15:12:08 ubuntu kernel: [    5.071231] futex hash table entries: 8192 (order: 7, 524288 bytes, linear)
Nov 25 15:12:08 ubuntu kernel: [    5.071981] pinctrl core: initialized pinctrl subsystem
Nov 25 15:12:08 ubuntu kernel: [    5.072147] thermal_sys: Registered thermal governor 'fair_share'
Nov 25 15:12:08 ubuntu kernel: [    5.072148] thermal_sys: Registered thermal governor 'bang_bang'
Nov 25 15:12:08 ubuntu kernel: [    5.072149] thermal_sys: Registered thermal governor 'step_wise'
Nov 25 15:12:08 ubuntu kernel: [    5.072150] thermal_sys: Registered thermal governor 'user_space'
Nov 25 15:12:08 ubuntu kernel: [    5.072194] SMBIOS 3.0.0 present.
Nov 25 15:12:08 ubuntu kernel: [    5.072198] DMI: QEMU KVM Virtual Machine, BIOS 0.0.0 02/06/2015
Nov 25 15:12:08 ubuntu kernel: [    5.072792] NET: Registered protocol family 16
Nov 25 15:12:08 ubuntu kernel: [    5.074849] DMA: preallocated 256 KiB pool for atomic allocations
Nov 25 15:12:08 ubuntu kernel: [    5.074855] audit: initializing netlink subsys (disabled)
Nov 25 15:12:08 ubuntu kernel: [    5.074971] audit: type=2000 audit(5.040:1): state=initialized audit_enabled=0 res=1
Nov 25 15:12:08 ubuntu kernel: [    5.075134] cpuidle: using governor ladder
Nov 25 15:12:08 ubuntu kernel: [    5.075144] cpuidle: using governor menu
Nov 25 15:12:08 ubuntu kernel: [    5.075203] hw-breakpoint: found 6 breakpoint and 4 watchpoint registers.
Nov 25 15:12:08 ubuntu kernel: [    5.076776] ASID allocator initialised with 65536 entries
Nov 25 15:12:08 ubuntu kernel: [    5.076856] ACPI: bus type PCI registered
Nov 25 15:12:08 ubuntu kernel: [    5.076858] acpiphp: ACPI Hot Plug PCI Controller Driver version: 0.5
Nov 25 15:12:08 ubuntu kernel: [    5.076939] Serial: AMBA PL011 UART driver
Nov 25 15:12:08 ubuntu kernel: [    5.080038] HugeTLB registered 1.00 GiB page size, pre-allocated 0 pages
Nov 25 15:12:08 ubuntu kernel: [    5.080041] HugeTLB registered 32.0 MiB page size, pre-allocated 0 pages
Nov 25 15:12:08 ubuntu kernel: [    5.080043] HugeTLB registered 2.00 MiB page size, pre-allocated 0 pages
Nov 25 15:12:08 ubuntu kernel: [    5.080044] HugeTLB registered 64.0 KiB page size, pre-allocated 0 pages
Nov 25 15:12:08 ubuntu kernel: [    5.088669] ACPI: Added _OSI(Module Device)
Nov 25 15:12:08 ubuntu kernel: [    5.088671] ACPI: Added _OSI(Processor Device)
Nov 25 15:12:08 ubuntu kernel: [    5.088673] ACPI: Added _OSI(3.0 _SCP Extensions)
Nov 25 15:12:08 ubuntu kernel: [    5.088674] ACPI: Added _OSI(Processor Aggregator Device)
Nov 25 15:12:08 ubuntu kernel: [    5.088676] ACPI: Added _OSI(Linux-Dell-Video)
Nov 25 15:12:08 ubuntu kernel: [    5.088677] ACPI: Added _OSI(Linux-Lenovo-NV-HDMI-Audio)
Nov 25 15:12:08 ubuntu kernel: [    5.088679] ACPI: Added _OSI(Linux-HPI-Hybrid-Graphics)
Nov 25 15:12:08 ubuntu kernel: [    5.089326] ACPI: 1 ACPI AML tables successfully acquired and loaded
Nov 25 15:12:08 ubuntu kernel: [    5.089814] ACPI: Interpreter enabled
Nov 25 15:12:08 ubuntu kernel: [    5.089816] ACPI: Using GIC for interrupt routing
Nov 25 15:12:08 ubuntu kernel: [    5.089825] ACPI: MCFG table detected, 1 entries
Nov 25 15:12:08 ubuntu kernel: [    5.116419] ARMH0011:00: ttyAMA0 at MMIO 0x9000000 (irq = 4, base_baud = 0) is a SBSA
Nov 25 15:12:08 ubuntu kernel: [    5.273172] printk: console [ttyAMA0] enabled
Nov 25 15:12:08 ubuntu kernel: [    5.275566] ACPI: PCI Root Bridge [PCI0] (domain 0000 [bus 00-0f])
Nov 25 15:12:08 ubuntu kernel: [    5.276198] acpi PNP0A08:00: _OSC: OS supports [ExtendedConfig ASPM ClockPM Segments MSI HPX-Type3]
Nov 25 15:12:08 ubuntu kernel: [    5.277165] acpi PNP0A08:00: _OSC: platform does not support [SHPCHotplug LTR]
Nov 25 15:12:08 ubuntu kernel: [    5.278044] acpi PNP0A08:00: _OSC: OS now controls [PCIeHotplug PME AER PCIeCapability]
Nov 25 15:12:08 ubuntu kernel: [    5.279099] acpi PNP0A08:00: ECAM area [mem 0x3f000000-0x3fffffff] reserved by PNP0C02:00
Nov 25 15:12:08 ubuntu kernel: [    5.279924] acpi PNP0A08:00: ECAM at [mem 0x3f000000-0x3fffffff] for [bus 00-0f]
Nov 25 15:12:08 ubuntu kernel: [    5.280664] Remapped I/O 0x000000003eff0000 to [io  0x0000-0xffff window]
Nov 25 15:12:08 ubuntu kernel: [    5.281413] PCI host bridge to bus 0000:00
Nov 25 15:12:08 ubuntu kernel: [    5.281805] pci_bus 0000:00: root bus resource [mem 0x10000000-0x3efeffff window]
Nov 25 15:12:08 ubuntu kernel: [    5.282568] pci_bus 0000:00: root bus resource [io  0x0000-0xffff window]
Nov 25 15:12:08 ubuntu kernel: [    5.283236] pci_bus 0000:00: root bus resource [mem 0x8000000000-0xffffffffff window]
Nov 25 15:12:08 ubuntu kernel: [    5.283995] pci_bus 0000:00: root bus resource [bus 00-0f]
Nov 25 15:12:08 ubuntu kernel: [    5.284563] pci 0000:00:00.0: [1b36:0008] type 00 class 0x060000
Nov 25 15:12:08 ubuntu kernel: [    5.285357] pci 0000:00:01.0: [1b36:000c] type 01 class 0x060400
Nov 25 15:12:08 ubuntu kernel: [    5.287232] pci 0000:00:01.0: reg 0x10: [mem 0x10303000-0x10303fff]
Nov 25 15:12:08 ubuntu kernel: [    5.290058] pci 0000:00:01.1: [1b36:000c] type 01 class 0x060400
Nov 25 15:12:08 ubuntu kernel: [    5.291804] pci 0000:00:01.1: reg 0x10: [mem 0x10302000-0x10302fff]
Nov 25 15:12:08 ubuntu kernel: [    5.294716] pci 0000:00:01.2: [1b36:000c] type 01 class 0x060400
Nov 25 15:12:08 ubuntu kernel: [    5.296595] pci 0000:00:01.2: reg 0x10: [mem 0x10301000-0x10301fff]
Nov 25 15:12:08 ubuntu kernel: [    5.301253] pci 0000:00:01.3: [1b36:000c] type 01 class 0x060400
Nov 25 15:12:08 ubuntu kernel: [    5.303329] pci 0000:00:01.3: reg 0x10: [mem 0x10300000-0x10300fff]
Nov 25 15:12:08 ubuntu kernel: [    5.307477] pci 0000:01:00.0: [1af4:1041] type 00 class 0x020000
Nov 25 15:12:08 ubuntu kernel: [    5.311449] pci 0000:01:00.0: reg 0x14: [mem 0x10200000-0x10200fff]
Nov 25 15:12:08 ubuntu kernel: [    5.314281] pci 0000:01:00.0: reg 0x20: [mem 0x8000000000-0x8000003fff 64bit pref]
Nov 25 15:12:08 ubuntu kernel: [    5.315862] pci 0000:01:00.0: reg 0x30: [mem 0xfff80000-0xffffffff pref]
Nov 25 15:12:08 ubuntu kernel: [    5.317713] pci 0000:02:00.0: [1b36:000d] type 00 class 0x0c0330
Nov 25 15:12:08 ubuntu kernel: [    5.318469] pci 0000:02:00.0: reg 0x10: [mem 0x10100000-0x10103fff 64bit]
Nov 25 15:12:08 ubuntu kernel: [    5.320070] pci 0000:03:00.0: [1af4:1048] type 00 class 0x010000
Nov 25 15:12:08 ubuntu kernel: [    5.323538] pci 0000:03:00.0: reg 0x14: [mem 0x10000000-0x10000fff]
Nov 25 15:12:08 ubuntu kernel: [    5.325953] pci 0000:03:00.0: reg 0x20: [mem 0x8000100000-0x8000103fff 64bit pref]
Nov 25 15:12:08 ubuntu kernel: [    5.330824] pci 0000:00:01.0: bridge window [io  0x1000-0x0fff] to [bus 01] add_size 1000
Nov 25 15:12:08 ubuntu kernel: [    5.333668] pci 0000:00:01.0: bridge window [mem 0x00100000-0x001fffff 64bit pref] to [bus 01] add_size 100000 add_align 100000
Nov 25 15:12:08 ubuntu kernel: [    5.335122] pci 0000:00:01.0: bridge window [mem 0x00100000-0x001fffff] to [bus 01] add_size 100000 add_align 100000
Nov 25 15:12:08 ubuntu kernel: [    5.336358] pci 0000:00:01.1: bridge window [io  0x1000-0x0fff] to [bus 02] add_size 1000
Nov 25 15:12:08 ubuntu kernel: [    5.337324] pci 0000:00:01.1: bridge window [mem 0x00100000-0x000fffff 64bit pref] to [bus 02] add_size 200000 add_align 100000
Nov 25 15:12:08 ubuntu kernel: [    5.338799] pci 0000:00:01.1: bridge window [mem 0x00100000-0x001fffff] to [bus 02] add_size 100000 add_align 100000
Nov 25 15:12:08 ubuntu kernel: [    5.340095] pci 0000:00:01.2: bridge window [io  0x1000-0x0fff] to [bus 03] add_size 1000
Nov 25 15:12:08 ubuntu kernel: [    5.341058] pci 0000:00:01.2: bridge window [mem 0x00100000-0x001fffff 64bit pref] to [bus 03] add_size 100000 add_align 100000
Nov 25 15:12:08 ubuntu kernel: [    5.342431] pci 0000:00:01.2: bridge window [mem 0x00100000-0x001fffff] to [bus 03] add_size 100000 add_align 100000
Nov 25 15:12:08 ubuntu kernel: [    5.343473] pci 0000:00:01.3: bridge window [io  0x1000-0x0fff] to [bus 04] add_size 1000
Nov 25 15:12:08 ubuntu kernel: [    5.344260] pci 0000:00:01.3: bridge window [mem 0x00100000-0x000fffff 64bit pref] to [bus 04] add_size 200000 add_align 100000
Nov 25 15:12:08 ubuntu kernel: [    5.345365] pci 0000:00:01.3: bridge window [mem 0x00100000-0x000fffff] to [bus 04] add_size 200000 add_align 100000
Nov 25 15:12:08 ubuntu kernel: [    5.346392] pci 0000:00:01.0: BAR 14: assigned [mem 0x10000000-0x101fffff]
Nov 25 15:12:08 ubuntu kernel: [    5.347050] pci 0000:00:01.0: BAR 15: assigned [mem 0x8000000000-0x80001fffff 64bit pref]
Nov 25 15:12:08 ubuntu kernel: [    5.347860] pci 0000:00:01.1: BAR 14: assigned [mem 0x10200000-0x103fffff]
Nov 25 15:12:08 ubuntu kernel: [    5.348520] pci 0000:00:01.1: BAR 15: assigned [mem 0x8000200000-0x80003fffff 64bit pref]
Nov 25 15:12:08 ubuntu kernel: [    5.349297] pci 0000:00:01.2: BAR 14: assigned [mem 0x10400000-0x105fffff]
Nov 25 15:12:08 ubuntu kernel: [    5.349953] pci 0000:00:01.2: BAR 15: assigned [mem 0x8000400000-0x80005fffff 64bit pref]
Nov 25 15:12:08 ubuntu kernel: [    5.350732] pci 0000:00:01.3: BAR 14: assigned [mem 0x10600000-0x107fffff]
Nov 25 15:12:08 ubuntu kernel: [    5.351401] pci 0000:00:01.3: BAR 15: assigned [mem 0x8000600000-0x80007fffff 64bit pref]
Nov 25 15:12:08 ubuntu kernel: [    5.352198] pci 0000:00:01.0: BAR 0: assigned [mem 0x10800000-0x10800fff]
Nov 25 15:12:08 ubuntu kernel: [    5.353216] pci 0000:00:01.0: BAR 13: assigned [io  0x1000-0x1fff]
Nov 25 15:12:08 ubuntu kernel: [    5.353818] pci 0000:00:01.1: BAR 0: assigned [mem 0x10801000-0x10801fff]
Nov 25 15:12:08 ubuntu kernel: [    5.354794] pci 0000:00:01.1: BAR 13: assigned [io  0x2000-0x2fff]
Nov 25 15:12:08 ubuntu kernel: [    5.355424] pci 0000:00:01.2: BAR 0: assigned [mem 0x10802000-0x10802fff]
Nov 25 15:12:08 ubuntu kernel: [    5.356401] pci 0000:00:01.2: BAR 13: assigned [io  0x3000-0x3fff]
Nov 25 15:12:08 ubuntu kernel: [    5.357012] pci 0000:00:01.3: BAR 0: assigned [mem 0x10803000-0x10803fff]
Nov 25 15:12:08 ubuntu kernel: [    5.357983] pci 0000:00:01.3: BAR 13: assigned [io  0x4000-0x4fff]
Nov 25 15:12:08 ubuntu kernel: [    5.358614] pci 0000:01:00.0: BAR 6: assigned [mem 0x10000000-0x1007ffff pref]
Nov 25 15:12:08 ubuntu kernel: [    5.359331] pci 0000:01:00.0: BAR 4: assigned [mem 0x8000000000-0x8000003fff 64bit pref]
Nov 25 15:12:08 ubuntu kernel: [    5.360738] pci 0000:01:00.0: BAR 1: assigned [mem 0x10080000-0x10080fff]
Nov 25 15:12:08 ubuntu kernel: [    5.361658] pci 0000:00:01.0: PCI bridge to [bus 01]
Nov 25 15:12:08 ubuntu kernel: [    5.362160] pci 0000:00:01.0:   bridge window [io  0x1000-0x1fff]
Nov 25 15:12:08 ubuntu kernel: [    5.363808] pci 0000:00:01.0:   bridge window [mem 0x10000000-0x101fffff]
Nov 25 15:12:08 ubuntu kernel: [    5.364877] pci 0000:00:01.0:   bridge window [mem 0x8000000000-0x80001fffff 64bit pref]
Nov 25 15:12:08 ubuntu kernel: [    5.366424] pci 0000:02:00.0: BAR 0: assigned [mem 0x10200000-0x10203fff 64bit]
Nov 25 15:12:08 ubuntu kernel: [    5.367236] pci 0000:00:01.1: PCI bridge to [bus 02]
Nov 25 15:12:08 ubuntu kernel: [    5.367729] pci 0000:00:01.1:   bridge window [io  0x2000-0x2fff]
Nov 25 15:12:08 ubuntu kernel: [    5.368943] pci 0000:00:01.1:   bridge window [mem 0x10200000-0x103fffff]
Nov 25 15:12:08 ubuntu kernel: [    5.370013] pci 0000:00:01.1:   bridge window [mem 0x8000200000-0x80003fffff 64bit pref]
Nov 25 15:12:08 ubuntu kernel: [    5.371625] pci 0000:03:00.0: BAR 4: assigned [mem 0x8000400000-0x8000403fff 64bit pref]
Nov 25 15:12:08 ubuntu kernel: [    5.373047] pci 0000:03:00.0: BAR 1: assigned [mem 0x10400000-0x10400fff]
Nov 25 15:12:08 ubuntu kernel: [    5.374832] pci 0000:00:01.2: PCI bridge to [bus 03]
Nov 25 15:12:08 ubuntu kernel: [    5.375378] pci 0000:00:01.2:   bridge window [io  0x3000-0x3fff]
Nov 25 15:12:08 ubuntu kernel: [    5.376631] pci 0000:00:01.2:   bridge window [mem 0x10400000-0x105fffff]
Nov 25 15:12:08 ubuntu kernel: [    5.377778] pci 0000:00:01.2:   bridge window [mem 0x8000400000-0x80005fffff 64bit pref]
Nov 25 15:12:08 ubuntu kernel: [    5.379477] pci 0000:00:01.3: PCI bridge to [bus 04]
Nov 25 15:12:08 ubuntu kernel: [    5.380009] pci 0000:00:01.3:   bridge window [io  0x4000-0x4fff]
Nov 25 15:12:08 ubuntu kernel: [    5.381292] pci 0000:00:01.3:   bridge window [mem 0x10600000-0x107fffff]
Nov 25 15:12:08 ubuntu kernel: [    5.382496] pci 0000:00:01.3:   bridge window [mem 0x8000600000-0x80007fffff 64bit pref]
Nov 25 15:12:08 ubuntu kernel: [    5.384112] pci_bus 0000:00: resource 4 [mem 0x10000000-0x3efeffff window]
Nov 25 15:12:08 ubuntu kernel: [    5.385492] pci_bus 0000:00: resource 5 [io  0x0000-0xffff window]
Nov 25 15:12:08 ubuntu kernel: [    5.386062] pci_bus 0000:00: resource 6 [mem 0x8000000000-0xffffffffff window]
Nov 25 15:12:08 ubuntu kernel: [    5.386806] pci_bus 0000:01: resource 0 [io  0x1000-0x1fff]
Nov 25 15:12:08 ubuntu kernel: [    5.387358] pci_bus 0000:01: resource 1 [mem 0x10000000-0x101fffff]
Nov 25 15:12:08 ubuntu kernel: [    5.387966] pci_bus 0000:01: resource 2 [mem 0x8000000000-0x80001fffff 64bit pref]
Nov 25 15:12:08 ubuntu kernel: [    5.388687] pci_bus 0000:02: resource 0 [io  0x2000-0x2fff]
Nov 25 15:12:08 ubuntu kernel: [    5.389210] pci_bus 0000:02: resource 1 [mem 0x10200000-0x103fffff]
Nov 25 15:12:08 ubuntu kernel: [    5.389809] pci_bus 0000:02: resource 2 [mem 0x8000200000-0x80003fffff 64bit pref]
Nov 25 15:12:08 ubuntu kernel: [    5.390527] pci_bus 0000:03: resource 0 [io  0x3000-0x3fff]
Nov 25 15:12:08 ubuntu kernel: [    5.391132] pci_bus 0000:03: resource 1 [mem 0x10400000-0x105fffff]
Nov 25 15:12:08 ubuntu kernel: [    5.391807] pci_bus 0000:03: resource 2 [mem 0x8000400000-0x80005fffff 64bit pref]
Nov 25 15:12:08 ubuntu kernel: [    5.392603] pci_bus 0000:04: resource 0 [io  0x4000-0x4fff]
Nov 25 15:12:08 ubuntu kernel: [    5.393184] pci_bus 0000:04: resource 1 [mem 0x10600000-0x107fffff]
Nov 25 15:12:08 ubuntu kernel: [    5.393836] pci_bus 0000:04: resource 2 [mem 0x8000600000-0x80007fffff 64bit pref]
Nov 25 15:12:08 ubuntu kernel: [    5.394697] ACPI: PCI Interrupt Link [GSI0] (IRQs *35)
Nov 25 15:12:08 ubuntu kernel: [    5.395276] ACPI: PCI Interrupt Link [GSI1] (IRQs *36)
Nov 25 15:12:08 ubuntu kernel: [    5.395830] ACPI: PCI Interrupt Link [GSI2] (IRQs *37)
Nov 25 15:12:08 ubuntu kernel: [    5.396380] ACPI: PCI Interrupt Link [GSI3] (IRQs *38)
Nov 25 15:12:08 ubuntu kernel: [    5.398027] iommu: Default domain type: Translated 
Nov 25 15:12:08 ubuntu kernel: [    5.398928] vgaarb: loaded
Nov 25 15:12:08 ubuntu kernel: [    5.400114] SCSI subsystem initialized
Nov 25 15:12:08 ubuntu kernel: [    5.400775] libata version 3.00 loaded.
Nov 25 15:12:08 ubuntu kernel: [    5.401062] ACPI: bus type USB registered
Nov 25 15:12:08 ubuntu kernel: [    5.401478] usbcore: registered new interface driver usbfs
Nov 25 15:12:08 ubuntu kernel: [    5.402023] usbcore: registered new interface driver hub
Nov 25 15:12:08 ubuntu kernel: [    5.402852] usbcore: registered new device driver usb
Nov 25 15:12:08 ubuntu kernel: [    5.403422] pps_core: LinuxPPS API ver. 1 registered
Nov 25 15:12:08 ubuntu kernel: [    5.403902] pps_core: Software ver. 5.3.6 - Copyright 2005-2007 Rodolfo Giometti <giometti@linux.it>
Nov 25 15:12:08 ubuntu kernel: [    5.404775] PTP clock support registered
Nov 25 15:12:08 ubuntu kernel: [    5.405550] EDAC MC: Ver: 3.0.0
Nov 25 15:12:08 ubuntu kernel: [    5.406111] Registered efivars operations
Nov 25 15:12:08 ubuntu kernel: [    5.408429] NetLabel: Initializing
Nov 25 15:12:08 ubuntu kernel: [    5.408788] NetLabel:  domain hash size = 128
Nov 25 15:12:08 ubuntu kernel: [    5.409205] NetLabel:  protocols = UNLABELED CIPSOv4 CALIPSO
Nov 25 15:12:08 ubuntu kernel: [    5.409768] NetLabel:  unlabeled traffic allowed by default
Nov 25 15:12:08 ubuntu kernel: [    5.410959] clocksource: Switched to clocksource arch_sys_counter
Nov 25 15:12:08 ubuntu kernel: [    5.430747] VFS: Disk quotas dquot_6.6.0
Nov 25 15:12:08 ubuntu kernel: [    5.431354] VFS: Dquot-cache hash table entries: 512 (order 0, 4096 bytes)
Nov 25 15:12:08 ubuntu kernel: [    5.432470] AppArmor: AppArmor Filesystem Enabled
Nov 25 15:12:08 ubuntu kernel: [    5.432968] pnp: PnP ACPI init
Nov 25 15:12:08 ubuntu kernel: [    5.433435] system 00:00: [mem 0x3f000000-0x3fffffff] could not be reserved
Nov 25 15:12:08 ubuntu kernel: [    5.434088] system 00:00: Plug and Play ACPI device, IDs PNP0c02 (active)
Nov 25 15:12:08 ubuntu kernel: [    5.434095] pnp: PnP ACPI: found 1 devices
Nov 25 15:12:08 ubuntu kernel: [    5.436579] NET: Registered protocol family 2
Nov 25 15:12:08 ubuntu kernel: [    5.437229] tcp_listen_portaddr_hash hash table entries: 16384 (order: 6, 262144 bytes, linear)
Nov 25 15:12:08 ubuntu kernel: [    5.438475] TCP established hash table entries: 262144 (order: 9, 2097152 bytes, linear)
Nov 25 15:12:08 ubuntu kernel: [    5.439883] TCP bind hash table entries: 65536 (order: 8, 1048576 bytes, linear)
Nov 25 15:12:08 ubuntu kernel: [    5.440724] TCP: Hash tables configured (established 262144 bind 65536)
Nov 25 15:12:08 ubuntu kernel: [    5.441461] UDP hash table entries: 16384 (order: 7, 524288 bytes, linear)
Nov 25 15:12:08 ubuntu kernel: [    5.442181] UDP-Lite hash table entries: 16384 (order: 7, 524288 bytes, linear)
Nov 25 15:12:08 ubuntu kernel: [    5.443022] NET: Registered protocol family 1
Nov 25 15:12:08 ubuntu kernel: [    5.443460] NET: Registered protocol family 44
Nov 25 15:12:08 ubuntu kernel: [    5.443926] pci 0000:02:00.0: enabling device (0000 -> 0002)
Nov 25 15:12:08 ubuntu kernel: [    5.444828] PCI: CLS 0 bytes, default 64
Nov 25 15:12:08 ubuntu kernel: [    5.445249] Trying to unpack rootfs image as initramfs...
Nov 25 15:12:08 ubuntu kernel: [    6.340150] Freeing initrd memory: 61288K
Nov 25 15:12:08 ubuntu kernel: [    6.399911] hw perfevents: enabled with armv8_pmuv3_0 PMU driver, 13 counters available
Nov 25 15:12:08 ubuntu kernel: [    6.400861] kvm [1]: HYP mode not available
Nov 25 15:12:08 ubuntu kernel: [    6.402250] Initialise system trusted keyrings
Nov 25 15:12:08 ubuntu kernel: [    6.402752] Key type blacklist registered
Nov 25 15:12:08 ubuntu kernel: [    6.403377] workingset: timestamp_bits=40 max_order=23 bucket_order=0
Nov 25 15:12:08 ubuntu kernel: [    6.406304] zbud: loaded
Nov 25 15:12:08 ubuntu kernel: [    6.407056] squashfs: version 4.0 (2009/01/31) Phillip Lougher
Nov 25 15:12:08 ubuntu kernel: [    6.408333] fuse: init (API version 7.31)
Nov 25 15:12:08 ubuntu kernel: [    6.409558] integrity: Platform Keyring initialized
Nov 25 15:12:08 ubuntu kernel: [    6.420105] Key type asymmetric registered
Nov 25 15:12:08 ubuntu kernel: [    6.420579] Asymmetric key parser 'x509' registered
Nov 25 15:12:08 ubuntu kernel: [    6.421209] Block layer SCSI generic (bsg) driver version 0.4 loaded (major 244)
Nov 25 15:12:08 ubuntu kernel: [    6.422357] io scheduler mq-deadline registered
Nov 25 15:12:08 ubuntu kernel: [    6.424963] pl061_gpio ARMH0061:00: PL061 GPIO chip registered
Nov 25 15:12:08 ubuntu kernel: [    6.425779] PCI Interrupt Link [GSI1] enabled at IRQ 36
Nov 25 15:12:08 ubuntu kernel: [    6.427552] pcieport 0000:00:01.0: PME: Signaling with IRQ 44
Nov 25 15:12:08 ubuntu kernel: [    6.428467] pcieport 0000:00:01.0: AER: enabled with IRQ 44
Nov 25 15:12:08 ubuntu kernel: [    6.429194] pcieport 0000:00:01.0: pciehp: Slot #0 AttnBtn+ PwrCtrl+ MRL- AttnInd+ PwrInd+ HotPlug+ Surprise+ Interlock+ NoCompl- IbPresDis- LLActRep-
Nov 25 15:12:08 ubuntu kernel: [    6.432030] pcieport 0000:00:01.1: PME: Signaling with IRQ 45
Nov 25 15:12:08 ubuntu kernel: [    6.432989] pcieport 0000:00:01.1: AER: enabled with IRQ 45
Nov 25 15:12:08 ubuntu kernel: [    6.433708] pcieport 0000:00:01.1: pciehp: Slot #0 AttnBtn+ PwrCtrl+ MRL- AttnInd+ PwrInd+ HotPlug+ Surprise+ Interlock+ NoCompl- IbPresDis- LLActRep-
Nov 25 15:12:08 ubuntu kernel: [    6.436106] pcieport 0000:00:01.2: PME: Signaling with IRQ 46
Nov 25 15:12:08 ubuntu kernel: [    6.436798] pcieport 0000:00:01.2: AER: enabled with IRQ 46
Nov 25 15:12:08 ubuntu kernel: [    6.437325] pcieport 0000:00:01.2: pciehp: Slot #0 AttnBtn+ PwrCtrl+ MRL- AttnInd+ PwrInd+ HotPlug+ Surprise+ Interlock+ NoCompl- IbPresDis- LLActRep-
Nov 25 15:12:08 ubuntu kernel: [    6.439395] pcieport 0000:00:01.3: PME: Signaling with IRQ 47
Nov 25 15:12:08 ubuntu kernel: [    6.440047] pcieport 0000:00:01.3: AER: enabled with IRQ 47
Nov 25 15:12:08 ubuntu kernel: [    6.440566] pcieport 0000:00:01.3: pciehp: Slot #0 AttnBtn+ PwrCtrl+ MRL- AttnInd+ PwrInd+ HotPlug+ Surprise+ Interlock+ NoCompl- IbPresDis- LLActRep-
Nov 25 15:12:08 ubuntu kernel: [    6.441954] pcieport 0000:00:01.3: pciehp: Slot(0-3): Link Up
Nov 25 15:12:08 ubuntu kernel: [    6.442379] shpchp: Standard Hot Plug PCI Controller Driver version: 0.4
Nov 25 15:12:08 ubuntu kernel: [    6.443859] input: Power Button as /devices/LNXSYSTM:00/LNXSYBUS:00/PNP0C0C:00/input/input0
Nov 25 15:12:08 ubuntu kernel: [    6.444623] ACPI: Power Button [PWRB]
Nov 25 15:12:08 ubuntu kernel: [    6.449782] Serial: 8250/16550 driver, 32 ports, IRQ sharing enabled
Nov 25 15:12:08 ubuntu kernel: [    6.452833] msm_serial: driver initialized
Nov 25 15:12:08 ubuntu kernel: [    6.453778] cacheinfo: Unable to detect cache hierarchy for CPU 0
Nov 25 15:12:08 ubuntu kernel: [    6.463913] loop: module loaded
Nov 25 15:12:08 ubuntu kernel: [    6.466183] libphy: Fixed MDIO Bus: probed
Nov 25 15:12:08 ubuntu kernel: [    6.467543] tun: Universal TUN/TAP device driver, 1.6
Nov 25 15:12:08 ubuntu kernel: [    6.469123] PPP generic driver version 2.4.2
Nov 25 15:12:08 ubuntu kernel: [    6.470498] ehci_hcd: USB 2.0 'Enhanced' Host Controller (EHCI) Driver
Nov 25 15:12:08 ubuntu kernel: [    6.472288] ehci-pci: EHCI PCI platform driver
Nov 25 15:12:08 ubuntu kernel: [    6.473405] ehci-orion: EHCI orion driver
Nov 25 15:12:08 ubuntu kernel: [    6.474440] ohci_hcd: USB 1.1 'Open' Host Controller (OHCI) Driver
Nov 25 15:12:08 ubuntu kernel: [    6.475981] ohci-pci: OHCI PCI platform driver
Nov 25 15:12:08 ubuntu kernel: [    6.476508] uhci_hcd: USB Universal Host Controller Interface driver
Nov 25 15:12:08 ubuntu kernel: [    6.477867] xhci_hcd 0000:02:00.0: xHCI Host Controller
Nov 25 15:12:08 ubuntu kernel: [    6.478791] xhci_hcd 0000:02:00.0: new USB bus registered, assigned bus number 1
Nov 25 15:12:08 ubuntu kernel: [    6.479988] xhci_hcd 0000:02:00.0: hcc params 0x00087001 hci version 0x100 quirks 0x0000000000000010
Nov 25 15:12:08 ubuntu kernel: [    6.482013] usb usb1: New USB device found, idVendor=1d6b, idProduct=0002, bcdDevice= 5.07
Nov 25 15:12:08 ubuntu kernel: [    6.482890] usb usb1: New USB device strings: Mfr=3, Product=2, SerialNumber=1
Nov 25 15:12:08 ubuntu kernel: [    6.483730] usb usb1: Product: xHCI Host Controller
Nov 25 15:12:08 ubuntu kernel: [    6.484256] usb usb1: Manufacturer: Linux 5.7.1 xhci-hcd
Nov 25 15:12:08 ubuntu kernel: [    6.484713] usb usb1: SerialNumber: 0000:02:00.0
Nov 25 15:12:08 ubuntu kernel: [    6.485259] hub 1-0:1.0: USB hub found
Nov 25 15:12:08 ubuntu kernel: [    6.485624] hub 1-0:1.0: 8 ports detected
Nov 25 15:12:08 ubuntu kernel: [    6.486254] xhci_hcd 0000:02:00.0: xHCI Host Controller
Nov 25 15:12:08 ubuntu kernel: [    6.486711] xhci_hcd 0000:02:00.0: new USB bus registered, assigned bus number 2
Nov 25 15:12:08 ubuntu kernel: [    6.487407] xhci_hcd 0000:02:00.0: Host supports USB 3.0 SuperSpeed
Nov 25 15:12:08 ubuntu kernel: [    6.488025] usb usb2: We don't know the algorithms for LPM for this host, disabling LPM.
Nov 25 15:12:08 ubuntu kernel: [    6.488804] usb usb2: New USB device found, idVendor=1d6b, idProduct=0003, bcdDevice= 5.07
Nov 25 15:12:08 ubuntu kernel: [    6.489590] usb usb2: New USB device strings: Mfr=3, Product=2, SerialNumber=1
Nov 25 15:12:08 ubuntu kernel: [    6.490276] usb usb2: Product: xHCI Host Controller
Nov 25 15:12:08 ubuntu kernel: [    6.490736] usb usb2: Manufacturer: Linux 5.7.1 xhci-hcd
Nov 25 15:12:08 ubuntu kernel: [    6.491277] usb usb2: SerialNumber: 0000:02:00.0
Nov 25 15:12:08 ubuntu kernel: [    6.491836] hub 2-0:1.0: USB hub found
Nov 25 15:12:08 ubuntu kernel: [    6.492224] hub 2-0:1.0: 8 ports detected
Nov 25 15:12:08 ubuntu kernel: [    6.492966] mousedev: PS/2 mouse device common for all mice
Nov 25 15:12:08 ubuntu kernel: [    6.493719] rtc-efi rtc-efi.0: registered as rtc0
Nov 25 15:12:08 ubuntu kernel: [    6.494295] rtc-efi rtc-efi.0: setting system clock to 2020-11-25T07:12:04 UTC (1606288324)
Nov 25 15:12:08 ubuntu kernel: [    6.495101] i2c /dev entries driver
Nov 25 15:12:08 ubuntu kernel: [    6.495630] device-mapper: uevent: version 1.0.3
Nov 25 15:12:08 ubuntu kernel: [    6.496216] device-mapper: ioctl: 4.42.0-ioctl (2020-02-27) initialised: dm-devel@redhat.com
Nov 25 15:12:08 ubuntu kernel: [    6.497841] ledtrig-cpu: registered to indicate activity on CPUs
Nov 25 15:12:08 ubuntu kernel: [    6.498433] EFI Variables Facility v0.08 2004-May-17
Nov 25 15:12:08 ubuntu kernel: [    6.502632] NET: Registered protocol family 10
Nov 25 15:12:08 ubuntu kernel: [    6.510333] Segment Routing with IPv6
Nov 25 15:12:08 ubuntu kernel: [    6.511097] NET: Registered protocol family 17
Nov 25 15:12:08 ubuntu kernel: [    6.512123] Key type dns_resolver registered
Nov 25 15:12:08 ubuntu kernel: [    6.513591] registered taskstats version 1
Nov 25 15:12:08 ubuntu kernel: [    6.514618] Loading compiled-in X.509 certificates
Nov 25 15:12:08 ubuntu kernel: [    6.518106] Loaded X.509 cert 'Build time autogenerated kernel key: 5fc9bbbf10d23f3f9dda6c889ba5358a20950e89'
Nov 25 15:12:08 ubuntu kernel: [    6.521329] zswap: loaded using pool lzo/zbud
Nov 25 15:12:08 ubuntu kernel: [    6.523492] Key type ._fscrypt registered
Nov 25 15:12:08 ubuntu kernel: [    6.524576] Key type .fscrypt registered
Nov 25 15:12:08 ubuntu kernel: [    6.525552] Key type fscrypt-provisioning registered
Nov 25 15:12:08 ubuntu kernel: [    6.536434] cryptd: max_cpu_qlen set to 1000
Nov 25 15:12:08 ubuntu kernel: [    6.594182] Key type big_key registered
Nov 25 15:12:08 ubuntu kernel: [    6.628162] Key type encrypted registered
Nov 25 15:12:08 ubuntu kernel: [    6.628577] AppArmor: AppArmor sha1 policy hashing enabled
Nov 25 15:12:08 ubuntu kernel: [    6.630287] ima: No TPM chip found, activating TPM-bypass!
Nov 25 15:12:08 ubuntu kernel: [    6.630834] ima: Allocated hash algorithm: sha1
Nov 25 15:12:08 ubuntu kernel: [    6.631338] ima: No architecture policies found
Nov 25 15:12:08 ubuntu kernel: [    6.631795] evm: Initialising EVM extended attributes:
Nov 25 15:12:08 ubuntu kernel: [    6.632293] evm: security.selinux
Nov 25 15:12:08 ubuntu kernel: [    6.632612] evm: security.SMACK64
Nov 25 15:12:08 ubuntu kernel: [    6.632933] evm: security.SMACK64EXEC
Nov 25 15:12:08 ubuntu kernel: [    6.633285] evm: security.SMACK64TRANSMUTE
Nov 25 15:12:08 ubuntu kernel: [    6.633676] evm: security.SMACK64MMAP
Nov 25 15:12:08 ubuntu kernel: [    6.634029] evm: security.apparmor
Nov 25 15:12:08 ubuntu kernel: [    6.634357] evm: security.ima
Nov 25 15:12:08 ubuntu kernel: [    6.634641] evm: security.capability
Nov 25 15:12:08 ubuntu kernel: [    6.635028] evm: HMAC attrs: 0x1
Nov 25 15:12:08 ubuntu kernel: [    6.640031] Freeing unused kernel memory: 7040K
Nov 25 15:12:08 ubuntu kernel: [    6.733896] Checked W+X mappings: passed, no W+X pages found
Nov 25 15:12:08 ubuntu kernel: [    6.734486] Run /init as init process
Nov 25 15:12:08 ubuntu kernel: [    6.734835]   with arguments:
Nov 25 15:12:08 ubuntu kernel: [    6.734836]     /init
Nov 25 15:12:08 ubuntu kernel: [    6.734837]   with environment:
Nov 25 15:12:08 ubuntu kernel: [    6.734838]     HOME=/
Nov 25 15:12:08 ubuntu kernel: [    6.734838]     TERM=linux
Nov 25 15:12:08 ubuntu kernel: [    6.734839]     BOOT_IMAGE=/boot/vmlinuz-5.7.1
Nov 25 15:12:08 ubuntu kernel: [    6.845314] scsi host0: Virtio SCSI HBA
Nov 25 15:12:08 ubuntu kernel: [    6.847895] scsi 0:0:0:0: Direct-Access     QEMU     QEMU HARDDISK    2.5+ PQ: 0 ANSI: 5
Nov 25 15:12:08 ubuntu kernel: [    6.849964] scsi 0:0:0:1: CD-ROM            QEMU     QEMU CD-ROM      2.5+ PQ: 0 ANSI: 5
Nov 25 15:12:08 ubuntu kernel: [    6.869905] virtio_net virtio0 enp1s0: renamed from eth0
Nov 25 15:12:08 ubuntu kernel: [    6.882337] random: fast init done
Nov 25 15:12:08 ubuntu kernel: [    6.884042] sd 0:0:0:0: Attached scsi generic sg0 type 0
Nov 25 15:12:08 ubuntu kernel: [    6.884649] sd 0:0:0:0: Power-on or device reset occurred
Nov 25 15:12:08 ubuntu kernel: [    6.886209] sr 0:0:0:1: Power-on or device reset occurred
Nov 25 15:12:08 ubuntu kernel: [    6.887048] sr 0:0:0:1: [sr0] scsi3-mmc drive: 16x/50x cd/rw xa/form2 cdda tray
Nov 25 15:12:08 ubuntu kernel: [    6.887827] cdrom: Uniform CD-ROM driver Revision: 3.20
Nov 25 15:12:08 ubuntu kernel: [    6.888419] sd 0:0:0:0: [sda] 31457280 512-byte logical blocks: (16.1 GB/15.0 GiB)
Nov 25 15:12:08 ubuntu kernel: [    6.890386] sd 0:0:0:0: [sda] Write Protect is off
Nov 25 15:12:08 ubuntu kernel: [    6.891189] sd 0:0:0:0: [sda] Mode Sense: 63 00 00 08
Nov 25 15:12:08 ubuntu kernel: [    6.891436] sd 0:0:0:0: [sda] Write cache: enabled, read cache: enabled, doesn't support DPO or FUA
Nov 25 15:12:08 ubuntu kernel: [    6.917796] sr 0:0:0:1: Attached scsi CD-ROM sr0
Nov 25 15:12:08 ubuntu kernel: [    6.918195] sr 0:0:0:1: Attached scsi generic sg1 type 5
Nov 25 15:12:08 ubuntu kernel: [    6.925744]  sda: sda1 sda2
Nov 25 15:12:08 ubuntu kernel: [    6.927910] sd 0:0:0:0: [sda] Attached SCSI disk
Nov 25 15:12:08 ubuntu kernel: [    6.951195] random: lvm: uninitialized urandom read (4 bytes read)
Nov 25 15:12:08 ubuntu kernel: [    6.969829] random: lvm: uninitialized urandom read (2 bytes read)
Nov 25 15:12:08 ubuntu kernel: [    8.262964] raid6: neonx8   gen() 11663 MB/s
Nov 25 15:12:08 ubuntu kernel: [    8.330973] raid6: neonx8   xor()  8485 MB/s
Nov 25 15:12:08 ubuntu kernel: [    8.398967] raid6: neonx4   gen() 11093 MB/s
Nov 25 15:12:08 ubuntu kernel: [    8.466971] raid6: neonx4   xor()  7790 MB/s
Nov 25 15:12:08 ubuntu kernel: [    8.534969] raid6: neonx2   gen()  9017 MB/s
Nov 25 15:12:08 ubuntu kernel: [    8.602959] raid6: neonx2   xor()  6581 MB/s
Nov 25 15:12:08 ubuntu kernel: [    8.670960] raid6: neonx1   gen()  6736 MB/s
Nov 25 15:12:08 ubuntu kernel: [    8.738974] raid6: neonx1   xor()  2866 MB/s
Nov 25 15:12:08 ubuntu kernel: [    8.814976] raid6: int64x8  gen()  5693 MB/s
Nov 25 15:12:08 ubuntu kernel: [    8.882960] raid6: int64x8  xor()  3601 MB/s
Nov 25 15:12:08 ubuntu kernel: [    8.950970] raid6: int64x4  gen()  7215 MB/s
Nov 25 15:12:08 ubuntu kernel: [    8.974976] pcieport 0000:00:01.3: pciehp: Failed to check link status
Nov 25 15:12:08 ubuntu kernel: [    9.018971] raid6: int64x4  xor()  3672 MB/s
Nov 25 15:12:08 ubuntu kernel: [    9.086964] raid6: int64x2  gen()  5943 MB/s
Nov 25 15:12:08 ubuntu kernel: [    9.154971] raid6: int64x2  xor()  1804 MB/s
Nov 25 15:12:08 ubuntu kernel: [    9.222984] raid6: int64x1  gen()  4527 MB/s
Nov 25 15:12:08 ubuntu kernel: [    9.290980] raid6: int64x1  xor()  1229 MB/s
Nov 25 15:12:08 ubuntu kernel: [    9.291428] raid6: using algorithm neonx8 gen() 11663 MB/s
Nov 25 15:12:08 ubuntu kernel: [    9.291916] raid6: .... xor() 8485 MB/s, rmw enabled
Nov 25 15:12:08 ubuntu kernel: [    9.292347] raid6: using neon recovery algorithm
Nov 25 15:12:08 ubuntu kernel: [    9.296048] xor: measuring software checksum speed
Nov 25 15:12:08 ubuntu kernel: [    9.334970]    8regs     : 13031.000 MB/sec
Nov 25 15:12:08 ubuntu kernel: [    9.374979]    32regs    : 16014.000 MB/sec
Nov 25 15:12:08 ubuntu kernel: [    9.414991]    arm64_neon: 19292.000 MB/sec
Nov 25 15:12:08 ubuntu kernel: [    9.415406] xor: using function: arm64_neon (19292.000 MB/sec)
Nov 25 15:12:08 ubuntu kernel: [    9.417295] async_tx: api initialized (async)
Nov 25 15:12:08 ubuntu kernel: [    9.461700] random: lvm: uninitialized urandom read (4 bytes read)
Nov 25 15:12:08 ubuntu kernel: [    9.480738] random: lvm: uninitialized urandom read (4 bytes read)
Nov 25 15:12:08 ubuntu kernel: [    9.560335] Btrfs loaded, crc32c=crc32c-generic
Nov 25 15:12:08 ubuntu kernel: [    9.610926] EXT4-fs (dm-0): mounted filesystem with ordered data mode. Opts: (null)
Nov 25 15:12:08 ubuntu kernel: [    9.803970] systemd[1]: systemd 237 running in system mode. (+PAM +AUDIT +SELINUX +IMA +APPARMOR +SMACK +SYSVINIT +UTMP +LIBCRYPTSETUP +GCRYPT +GNUTLS +ACL +XZ +LZ4 +SECCOMP +BLKID +ELFUTILS +KMOD -IDN2 +IDN -PCRE2 default-hierarchy=hybrid)
Nov 25 15:12:08 ubuntu kernel: [    9.806085] systemd[1]: Detected virtualization kvm.
Nov 25 15:12:08 ubuntu kernel: [    9.806570] systemd[1]: Detected architecture arm64.
Nov 25 15:12:08 ubuntu kernel: [    9.827412] systemd[1]: Set hostname to <ubuntu>.
Nov 25 15:12:08 ubuntu kernel: [    9.900512] random: systemd: uninitialized urandom read (16 bytes read)
Nov 25 15:12:08 ubuntu kernel: [    9.901340] systemd[1]: Started Forward Password Requests to Wall Directory Watch.
Nov 25 15:12:08 ubuntu kernel: [    9.903100] systemd[1]: Set up automount Arbitrary Executable File Formats File System Automount Point.
Nov 25 15:12:08 ubuntu kernel: [    9.905646] systemd[1]: Created slice System Slice.
Nov 25 15:12:08 ubuntu kernel: [    9.906770] systemd[1]: Listening on Journal Socket.
Nov 25 15:12:08 ubuntu kernel: [    9.909461] systemd[1]: Starting Load Kernel Modules...
Nov 25 15:12:08 ubuntu kernel: [    9.910594] systemd[1]: Listening on Syslog Socket.
Nov 25 15:12:08 ubuntu kernel: [    9.918969] Loading iSCSI transport class v2.0-870.
Nov 25 15:12:08 ubuntu kernel: [    9.927800] iscsi: registered transport (tcp)
Nov 25 15:12:08 ubuntu kernel: [    9.952548] EXT4-fs (dm-0): re-mounted. Opts: errors=remount-ro
Nov 25 15:12:08 ubuntu kernel: [    9.959045] iscsi: registered transport (iser)
Nov 25 15:12:08 ubuntu kernel: [    9.997027] systemd-journald[830]: Received request to flush runtime journal from PID 1
Nov 25 15:12:08 ubuntu kernel: [   10.196060] pstore: Using crash dump compression: deflate
Nov 25 15:12:08 ubuntu kernel: [   10.201876] pstore: Registered efi as persistent store backend
Nov 25 15:12:08 ubuntu kernel: [   10.327081] Adding 1003516k swap on /dev/mapper/ubuntu--vg-swap_1.  Priority:-2 extents:1 across:1003516k FS
Nov 25 15:12:08 ubuntu kernel: [   10.503926] audit: type=1400 audit(1606288328.508:2): apparmor="STATUS" operation="profile_load" profile="unconfined" name="/usr/bin/lxc-start" pid=1120 comm="apparmor_parser"
Nov 25 15:12:08 ubuntu kernel: [   10.565921] audit: type=1400 audit(1606288328.568:3): apparmor="STATUS" operation="profile_load" profile="unconfined" name="/usr/bin/man" pid=1123 comm="apparmor_parser"
Nov 25 15:12:08 ubuntu kernel: [   10.566865] audit: type=1400 audit(1606288328.568:4): apparmor="STATUS" operation="profile_load" profile="unconfined" name="man_filter" pid=1123 comm="apparmor_parser"
Nov 25 15:12:08 ubuntu kernel: [   10.568120] audit: type=1400 audit(1606288328.572:5): apparmor="STATUS" operation="profile_load" profile="unconfined" name="man_groff" pid=1123 comm="apparmor_parser"
Nov 25 15:12:08 ubuntu kernel: [   10.588061] audit: type=1400 audit(1606288328.592:6): apparmor="STATUS" operation="profile_load" profile="unconfined" name="/usr/sbin/tcpdump" pid=1128 comm="apparmor_parser"
Nov 25 15:12:08 ubuntu kernel: [   10.646806] audit: type=1400 audit(1606288328.648:7): apparmor="STATUS" operation="profile_load" profile="unconfined" name="/sbin/dhclient" pid=1122 comm="apparmor_parser"
Nov 25 15:12:08 ubuntu kernel: [   10.648337] audit: type=1400 audit(1606288328.652:8): apparmor="STATUS" operation="profile_load" profile="unconfined" name="/usr/lib/NetworkManager/nm-dhcp-client.action" pid=1122 comm="apparmor_parser"
Nov 25 15:12:08 ubuntu kernel: [   10.649767] audit: type=1400 audit(1606288328.652:9): apparmor="STATUS" operation="profile_load" profile="unconfined" name="/usr/lib/NetworkManager/nm-dhcp-helper" pid=1122 comm="apparmor_parser"
Nov 25 15:12:08 ubuntu kernel: [   10.651161] audit: type=1400 audit(1606288328.656:10): apparmor="STATUS" operation="profile_load" profile="unconfined" name="/usr/lib/connman/scripts/dhclient-script" pid=1122 comm="apparmor_parser"
Nov 25 15:12:08 ubuntu kernel: [   10.707236] audit: type=1400 audit(1606288328.712:11): apparmor="STATUS" operation="profile_load" profile="unconfined" name="/usr/lib/snapd/snap-confine" pid=1126 comm="apparmor_parser"
Nov 25 15:12:08 ubuntu systemd[1]: Starting Snappy daemon...
Nov 25 15:12:08 ubuntu kernel: [   10.794277] new mount options do not match the existing superblock, will be ignored
Nov 25 15:12:08 ubuntu lxcfs[1138]: mount namespace: 5
Nov 25 15:12:08 ubuntu lxcfs[1138]: hierarchies:
Nov 25 15:12:08 ubuntu lxcfs[1138]:   0: fd:   6: perf_event
Nov 25 15:12:08 ubuntu lxcfs[1138]:   1: fd:   7: rdma
Nov 25 15:12:08 ubuntu lxcfs[1138]:   2: fd:   8: pids
Nov 25 15:12:08 ubuntu lxcfs[1138]:   3: fd:   9: blkio
Nov 25 15:12:08 ubuntu lxcfs[1138]:   4: fd:  10: net_cls,net_prio
Nov 25 15:12:08 ubuntu lxcfs[1138]:   5: fd:  11: cpuset
Nov 25 15:12:08 ubuntu lxcfs[1138]:   6: fd:  12: hugetlb
Nov 25 15:12:08 ubuntu lxcfs[1138]:   7: fd:  13: freezer
Nov 25 15:12:08 ubuntu lxcfs[1138]:   8: fd:  14: devices
Nov 25 15:12:08 ubuntu lxcfs[1138]:   9: fd:  15: cpu,cpuacct
Nov 25 15:12:08 ubuntu lxcfs[1138]:  10: fd:  16: memory
Nov 25 15:12:08 ubuntu lxcfs[1138]:  11: fd:  17: name=systemd
Nov 25 15:12:08 ubuntu lxcfs[1138]:  12: fd:  18: unified
Nov 25 15:12:08 ubuntu /usr/sbin/irqbalance: IRQ arch_timer(2) guessed as class 0
Nov 25 15:12:08 ubuntu systemd[1]: Starting Dispatcher daemon for systemd-networkd...
Nov 25 15:12:08 ubuntu /usr/sbin/irqbalance: IRQ uart-pl011(4) guessed as class 0
Nov 25 15:12:08 ubuntu /usr/sbin/irqbalance: IRQ arm-pmu(42) guessed as class 0
Nov 25 15:12:08 ubuntu /usr/sbin/irqbalance: IRQ ACPI:Event(43) guessed as class 0
Nov 25 15:12:08 ubuntu /usr/sbin/irqbalance: IRQ pciehp(44) guessed as class 0
Nov 25 15:12:08 ubuntu /usr/sbin/irqbalance: IRQ pciehp(45) guessed as class 0
Nov 25 15:12:08 ubuntu /usr/sbin/irqbalance: IRQ pciehp(46) guessed as class 0
Nov 25 15:12:08 ubuntu /usr/sbin/irqbalance: IRQ pciehp(47) guessed as class 0
Nov 25 15:12:08 ubuntu /usr/sbin/irqbalance: IRQ xhci_hcd(48) guessed as class 0
Nov 25 15:12:08 ubuntu /usr/sbin/irqbalance: IRQ xhci_hcd(49) guessed as class 0
Nov 25 15:12:08 ubuntu /usr/sbin/irqbalance: IRQ xhci_hcd(50) guessed as class 0
Nov 25 15:12:08 ubuntu /usr/sbin/irqbalance: IRQ xhci_hcd(51) guessed as class 0
Nov 25 15:12:08 ubuntu /usr/sbin/irqbalance: IRQ xhci_hcd(52) guessed as class 0
Nov 25 15:12:08 ubuntu /usr/sbin/irqbalance: IRQ xhci_hcd(53) guessed as class 0
Nov 25 15:12:08 ubuntu /usr/sbin/irqbalance: IRQ xhci_hcd(54) guessed as class 0
Nov 25 15:12:08 ubuntu /usr/sbin/irqbalance: IRQ xhci_hcd(55) guessed as class 0
Nov 25 15:12:08 ubuntu /usr/sbin/irqbalance: IRQ xhci_hcd(56) guessed as class 0
Nov 25 15:12:08 ubuntu /usr/sbin/irqbalance: IRQ xhci_hcd(57) guessed as class 0
Nov 25 15:12:08 ubuntu /usr/sbin/irqbalance: IRQ xhci_hcd(58) guessed as class 0
Nov 25 15:12:08 ubuntu /usr/sbin/irqbalance: IRQ xhci_hcd(59) guessed as class 0
Nov 25 15:12:08 ubuntu /usr/sbin/irqbalance: IRQ xhci_hcd(60) guessed as class 0
Nov 25 15:12:08 ubuntu /usr/sbin/irqbalance: IRQ xhci_hcd(61) guessed as class 0
Nov 25 15:12:08 ubuntu /usr/sbin/irqbalance: IRQ xhci_hcd(62) guessed as class 0
Nov 25 15:12:08 ubuntu /usr/sbin/irqbalance: IRQ xhci_hcd(63) guessed as class 0
Nov 25 15:12:08 ubuntu /usr/sbin/irqbalance: IRQ virtio1-config(64) guessed as class 0
Nov 25 15:12:08 ubuntu /usr/sbin/irqbalance: IRQ virtio1-control(65) guessed as class 0
Nov 25 15:12:08 ubuntu /usr/sbin/irqbalance: IRQ virtio1-event(66) guessed as class 0
Nov 25 15:12:08 ubuntu /usr/sbin/irqbalance: IRQ virtio1-request(67) guessed as class 0
Nov 25 15:12:08 ubuntu /usr/sbin/irqbalance: IRQ virtio0-config(68) guessed as class 0
Nov 25 15:12:08 ubuntu /usr/sbin/irqbalance: IRQ virtio0-input.0(69) guessed as class 0
Nov 25 15:12:08 ubuntu /usr/sbin/irqbalance: IRQ virtio0-output.0(70) guessed as class 0
Nov 25 15:12:08 ubuntu systemd[1]: Started D-Bus System Message Bus.
Nov 25 15:12:08 ubuntu systemd[1]: Started Login Service.
Nov 25 15:12:08 ubuntu systemd[1]: Started Regular background program processing daemon.
Nov 25 15:12:08 ubuntu dbus-daemon[1151]: [system] Activating via systemd: service name='org.freedesktop.PolicyKit1' unit='polkit.service' requested by ':1.4' (uid=0 pid=1134 comm="/usr/lib/accountsservice/accounts-daemon ")
Nov 25 15:12:08 ubuntu systemd[1]: Starting LXD - container startup/shutdown...
Nov 25 15:12:08 ubuntu cron[1157]: (CRON) INFO (pidfile fd = 3)
Nov 25 15:12:08 ubuntu cron[1157]: (CRON) INFO (Running @reboot jobs)
Nov 25 15:12:08 ubuntu systemd[1]: Started Unattended Upgrades Shutdown.
Nov 25 15:12:08 ubuntu systemd[1]: Started Deferred execution scheduler.
Nov 25 15:12:08 ubuntu systemd[1]: Started System Logging Service.
Nov 25 15:12:08 ubuntu systemd[1]: Starting Authorization Manager...
Nov 25 15:12:08 ubuntu grub-common[1140]:  * Recording successful boot for GRUB
Nov 25 15:12:08 ubuntu snapd[1145]: AppArmor status: apparmor is enabled but some kernel features are missing: dbus, network
Nov 25 15:12:08 ubuntu grub-common[1140]:    ...done.
Nov 25 15:12:08 ubuntu systemd[1]: Started LSB: Record successful boot for GRUB.
Nov 25 15:12:08 ubuntu polkitd[1168]: started daemon version 0.105 using authority implementation `local' version `0.105'
Nov 25 15:12:08 ubuntu dbus-daemon[1151]: [system] Successfully activated service 'org.freedesktop.PolicyKit1'
Nov 25 15:12:08 ubuntu systemd[1]: Started Authorization Manager.
Nov 25 15:12:08 ubuntu accounts-daemon[1134]: started daemon version 0.6.45
Nov 25 15:12:08 ubuntu systemd[1]: Started Accounts Service.
Nov 25 15:12:08 ubuntu snapd[1145]: daemon.go:346: started snapd/2.42.1+18.04 (series 16; classic; devmode) ubuntu/18.04 (arm64) linux/5.7.1.
Nov 25 15:12:08 ubuntu snapd[1145]: daemon.go:439: adjusting startup timeout by 30s (pessimistic estimate of 30s plus 5s per snap)
Nov 25 15:12:08 ubuntu networkd-dispatcher[1147]: No valid path found for iwconfig
Nov 25 15:12:08 ubuntu systemd[1]: Started Dispatcher daemon for systemd-networkd.
Nov 25 15:12:08 ubuntu systemd[1]: Started Snappy daemon.
Nov 25 15:12:08 ubuntu systemd[1]: Starting Wait until snapd is fully seeded...
Nov 25 15:12:09 ubuntu systemd[1]: Started Wait until snapd is fully seeded.
Nov 25 15:12:09 ubuntu systemd-networkd[1065]: enp1s0: Gained IPv6LL
Nov 25 15:12:09 ubuntu systemd-networkd[1065]: enp1s0: Configured
Nov 25 15:12:09 ubuntu systemd-timesyncd[1055]: Network configuration changed, trying to establish connection.
Nov 25 15:12:09 ubuntu systemd-networkd-wait-online[1098]: managing: enp1s0
Nov 25 15:12:09 ubuntu systemd-networkd-wait-online[1098]: ignoring: lo
Nov 25 15:12:09 ubuntu systemd[1]: Started Wait for Network to be Configured.
Nov 25 15:12:09 ubuntu systemd[1]: Reached target Network is Online.
Nov 25 15:12:09 ubuntu systemd[1]: Starting OpenBSD Secure Shell server...
Nov 25 15:12:09 ubuntu systemd[1]: Reached target Remote File Systems (Pre).
Nov 25 15:12:09 ubuntu systemd[1]: Reached target Remote File Systems.
Nov 25 15:12:09 ubuntu systemd[1]: Starting Permit User Sessions...
Nov 25 15:12:09 ubuntu systemd[1]: Starting LSB: automatic crash report generation...
Nov 25 15:12:09 ubuntu systemd[1]: Starting Availability of block devices...
Nov 25 15:12:09 ubuntu systemd[1]: Started Permit User Sessions.
Nov 25 15:12:09 ubuntu systemd[1]: Started Availability of block devices.
Nov 25 15:12:09 ubuntu systemd[1]: Starting Hold until boot process finishes up...
Nov 25 15:12:09 ubuntu systemd[1]: Starting Terminate Plymouth Boot Screen...
Nov 25 15:12:09 ubuntu systemd[1]: Started Hold until boot process finishes up.
Nov 25 15:12:09 ubuntu systemd[1]: Started Serial Getty on ttyAMA0.
Nov 25 15:12:09 ubuntu systemd[1]: Starting Set console scheme...
Nov 25 15:12:09 ubuntu systemd[1]: Started OpenBSD Secure Shell server.
Nov 25 15:12:09 ubuntu systemd[1]: Started Terminate Plymouth Boot Screen.
Nov 25 15:12:09 ubuntu systemd[1]: Started Set console scheme.
Nov 25 15:12:09 ubuntu apport[1232]:  * Starting automatic crash report generation: apport
Nov 25 15:12:09 ubuntu systemd[1]: Created slice system-getty.slice.
Nov 25 15:12:09 ubuntu systemd[1]: Started Getty on tty1.
Nov 25 15:12:09 ubuntu systemd[1]: Reached target Login Prompts.
Nov 25 15:12:09 ubuntu apport[1232]:    ...done.
Nov 25 15:12:09 ubuntu systemd[1]: Started LSB: automatic crash report generation.
Nov 25 15:12:10 ubuntu kernel: [   12.351030] random: crng init done
Nov 25 15:12:10 ubuntu kernel: [   12.351035] random: 5 urandom warning(s) missed due to ratelimiting
Nov 25 15:12:10 ubuntu systemd[1]: Started LXD - container startup/shutdown.
Nov 25 15:12:10 ubuntu systemd[1]: Reached target Multi-User System.
Nov 25 15:12:10 ubuntu systemd[1]: Reached target Graphical Interface.
Nov 25 15:12:10 ubuntu systemd[1]: Starting Update UTMP about System Runlevel Changes...
Nov 25 15:12:10 ubuntu systemd[1]: Started Update UTMP about System Runlevel Changes.
Nov 25 15:12:10 ubuntu systemd[1]: Startup finished in 9.695s (kernel) + 2.611s (userspace) = 12.306s.
Nov 25 15:12:10 ubuntu kernel: [   12.395350] fbcon: Taking over console
Nov 25 15:12:19 ubuntu systemd[1]: Created slice User Slice of huawei.
Nov 25 15:12:19 ubuntu systemd[1]: Starting User Manager for UID 1000...
Nov 25 15:12:19 ubuntu systemd[1]: Started Session 1 of user huawei.
Nov 25 15:12:19 ubuntu systemd[1431]: Listening on GnuPG cryptographic agent and passphrase cache (restricted).
Nov 25 15:12:19 ubuntu systemd[1431]: Listening on GnuPG cryptographic agent (ssh-agent emulation).
Nov 25 15:12:19 ubuntu systemd[1431]: Listening on GnuPG cryptographic agent and passphrase cache (access for web browsers).
Nov 25 15:12:19 ubuntu systemd[1431]: Reached target Paths.
Nov 25 15:12:19 ubuntu systemd[1431]: Reached target Timers.
Nov 25 15:12:19 ubuntu systemd[1431]: Listening on GnuPG network certificate management daemon.
Nov 25 15:12:19 ubuntu systemd[1431]: Listening on REST API socket for snapd user session agent.
Nov 25 15:12:19 ubuntu systemd[1431]: Listening on GnuPG cryptographic agent and passphrase cache.
Nov 25 15:12:19 ubuntu systemd[1431]: Reached target Sockets.
Nov 25 15:12:19 ubuntu systemd[1431]: Reached target Basic System.
Nov 25 15:12:19 ubuntu systemd[1431]: Reached target Default.
Nov 25 15:12:19 ubuntu systemd[1431]: Startup finished in 50ms.
Nov 25 15:12:19 ubuntu systemd[1]: Started User Manager for UID 1000.
Nov 25 15:12:23 ubuntu snapd[1145]: daemon.go:540: gracefully waiting for running hooks
Nov 25 15:12:23 ubuntu snapd[1145]: daemon.go:542: done waiting for running hooks
Nov 25 15:12:23 ubuntu snapd[1145]: daemon stop requested to wait for socket activation
Nov 25 15:12:33 ubuntu kernel: [   35.965995] Page table allocation set to fixed on node 0
Nov 25 15:12:33 ubuntu kernel: [   35.967129] [mitosis] pgd_alloc: pid = 1480
Nov 25 15:12:33 ubuntu kernel: [   35.967134] [mitosis] pgd_alloc for mm=ffff0004d8deb000 and mm->pgd =ffff0004d7bd7000.
Nov 25 15:12:33 ubuntu kernel: [   35.967136] PTREPL: set state to deactivated.
Nov 25 15:12:33 ubuntu kernel: [   35.979616] PROCFS: Command ot drain the pgtable cache
Nov 25 15:12:33 ubuntu kernel: [   35.990651] PROCFS: Command ot populate the pgtable cache
Nov 25 15:12:33 ubuntu kernel: [   35.990654] PGREPL: populating pgtable cache with 1100000 tables per node
Nov 25 15:12:33 ubuntu kernel: [   35.990655] PGREPL: populating pgtable cache node[0] with 1100000 tables
Nov 25 15:12:35 ubuntu kernel: [   37.648348] PGREPL: node[0] populated with 1100000  tables
Nov 25 15:12:35 ubuntu huawei: Waiting for benchmark: to be ready
Nov 25 15:12:35 ubuntu kernel: [   37.697564] [mitosis] kernel_set_pgtlbreplpolicy: pid = 1525
Nov 25 15:12:35 ubuntu kernel: [   37.697569] PTREP: Called pgtbl_repl_prepare_replication
Nov 25 15:12:35 ubuntu kernel: [   37.697571] [mitosis] pgtbl_repl_prepare_replication  for mm=ffff0004d8dff800.
Nov 25 15:12:35 ubuntu kernel: [   37.697573] [mitosis]------PTREPL: alloc pgd start------
Nov 25 15:12:35 ubuntu kernel: [   37.697574] [mitosis] nr_node_ids=1.
Nov 25 15:12:35 ubuntu kernel: [   37.697576] [mitosis] pgd_alloc origin mm->pgd =ffff0003b98dd000.
Nov 25 15:12:35 ubuntu kernel: [   37.697579] [mitosis] pgd_alloc mm->repl_pgd[0]=ffff0003b98b4000.
Nov 25 15:12:35 ubuntu kernel: [   37.697581] ------PTREPL: alloc pgd success------
Nov 25 15:12:35 ubuntu kernel: [   37.697583] pgtbl_repl_prepare_replication:1150 pgd=ffff0003b98dd000..ffff0003b98ddfff
Nov 25 15:12:35 ubuntu kernel: [   37.697587] PTREP: pgd_idx = 341and pgd=ffff0003b98ddaa8  and pgd[341]=3f98e9003
Nov 25 15:12:35 ubuntu kernel: [   37.697589] pgtbl_repl_prepare_replication:1158 pgd[341]'s pud=ffff0003b98e9000..ffff0003b98e9fff
Nov 25 15:12:35 ubuntu kernel: [   37.697591] pgtbl_repl_prepare_replication:1162 another func __va pud=ffff0003b98e9000..ffff0003b98e9fff
Nov 25 15:12:35 ubuntu kernel: [   37.697593] pgtbl_repl_prepare_replication:1163 1 pfn=3f98e9   2 pfn=3f98e9
Nov 25 15:12:35 ubuntu kernel: [   37.697597] [mitosis] __pgtable_repl_alloc_one origin pagep=ffff0003b98e9000 and new pagep = ffff0003b98b3000
Nov 25 15:12:35 ubuntu kernel: [   37.697599] ------PTREPL: set_pgd start------
Nov 25 15:12:35 ubuntu kernel: [   37.697601] ------ 1 . page_pgd->replica_node_id = -1------
Nov 25 15:12:35 ubuntu kernel: [   37.697604] PTREP: set_pgd offset=aa8 and node0 origin pgd=ffff0003b98b4000  and pgd+offset=ffff0003b98b4aa8  and pud=ffff0003b98b3000 and pdgval=3f98b3003
Nov 25 15:12:35 ubuntu kernel: [   37.697606] PTREP: set_pgd  origin pgdval=3f98b3003  and another func pgdval=3f98b3003
Nov 25 15:12:35 ubuntu kernel: [   37.697608] ------PTREPL: set_pgd done------
Nov 25 15:12:35 ubuntu kernel: [   37.697609] [mitosis] start search pud .......
Nov 25 15:12:35 ubuntu kernel: [   37.697612] PTREP: pud_idx = 170and pud=ffff0003b98e9550  and pud[170]=3f98e8003
Nov 25 15:12:35 ubuntu kernel: [   37.697614] pgtbl_repl_prepare_replication:1182 pud[170]'s pmd=ffff0003b98e8000..ffff0003b98e8fff
Nov 25 15:12:35 ubuntu kernel: [   37.697616] pgtbl_repl_prepare_replication:1183 1 pfn=3f98e8   2 pfn=3f98e8
Nov 25 15:12:35 ubuntu kernel: [   37.697619] [mitosis] __pgtable_repl_alloc_one origin pagep=ffff0003b98e8000 and new pagep = ffff0003b98b2000
Nov 25 15:12:35 ubuntu kernel: [   37.697621] ------PTREPL: set_pud start------
Nov 25 15:12:35 ubuntu kernel: [   37.697622] ------ 1 . page_pud->replica_node_id = -1------
Nov 25 15:12:35 ubuntu kernel: [   37.697625] PTREP: set_pud offset=550 and node0 origin pud=ffff0003b98b3000  and pud+offset=ffff0003b98b3550  and pmd=ffff0003b98b2000 and pudval=3f98b2003
Nov 25 15:12:35 ubuntu kernel: [   37.697627] ------PTREPL: set_pud done------
Nov 25 15:12:35 ubuntu kernel: [   37.697630] PTREP: pmd_idx = 423and pmd=ffff0003b98e8d38  and pmd[423]=3f98e2003
Nov 25 15:12:35 ubuntu kernel: [   37.697632] pgtbl_repl_prepare_replication:1202 pmd[423]'s pte=ffff0003b98e2000..ffff0003b98e2fff
Nov 25 15:12:35 ubuntu kernel: [   37.697634] pgtbl_repl_prepare_replication:1203 1 pfn=3f98e2   2 pfn=3f98e2
Nov 25 15:12:35 ubuntu kernel: [   37.697637] [mitosis] __pgtable_repl_alloc_one origin pagep=ffff0003b98e2000 and new pagep = ffff0003b98b1000
Nov 25 15:12:35 ubuntu kernel: [   37.697639] ------PTREPL: set_pmd start------
Nov 25 15:12:35 ubuntu kernel: [   37.697641] ------ 1 . page_pmd->replica_node_id = -1------
Nov 25 15:12:35 ubuntu kernel: [   37.697644] PTREP: set_pmd offset=d38 and node0 origin pmd=ffff0003b98b2000  and pmd+offset=ffff0003b98b2d38  and pte=ffff0003b98b1000 and pmdval=3f98b1003
Nov 25 15:12:35 ubuntu kernel: [   37.697646] ------PTREPL: set_pmd done------
Nov 25 15:12:35 ubuntu kernel: [   37.697648] ------PTREPL: set_pte start------
Nov 25 15:12:35 ubuntu kernel: [   37.697650] ------ 1 . page_pte->replica_node_id = -1------
Nov 25 15:12:35 ubuntu kernel: [   37.697652] PTREP: set_pte offset=cf0 and node0 origin pte=ffff0003b98b1000  and pte+offset=ffff0003b98b1cf0  and pteval=2000050f27afd3
Nov 25 15:12:35 ubuntu kernel: [   37.697653] ------PTREPL: set_pte start------
Nov 25 15:12:35 ubuntu kernel: [   37.697654] ------ 1 . page_pte->replica_node_id = -1------
Nov 25 15:12:35 ubuntu kernel: [   37.697656] PTREP: set_pte offset=cf8 and node0 origin pte=ffff0003b98b1000  and pte+offset=ffff0003b98b1cf8  and pteval=2000050c4b6fd3
Nov 25 15:12:35 ubuntu kernel: [   37.697657] ------PTREPL: set_pte start------
Nov 25 15:12:35 ubuntu kernel: [   37.697659] ------ 1 . page_pte->replica_node_id = -1------
Nov 25 15:12:35 ubuntu kernel: [   37.697661] PTREP: set_pte offset=d00 and node0 origin pte=ffff0003b98b1000  and pte+offset=ffff0003b98b1d00  and pteval=2000050606efd3
Nov 25 15:12:35 ubuntu kernel: [   37.697662] ------PTREPL: set_pte start------
Nov 25 15:12:35 ubuntu kernel: [   37.697663] ------ 1 . page_pte->replica_node_id = -1------
Nov 25 15:12:35 ubuntu kernel: [   37.697665] PTREP: set_pte offset=d08 and node0 origin pte=ffff0003b98b1000  and pte+offset=ffff0003b98b1d08  and pteval=2000050ebe4fd3
Nov 25 15:12:35 ubuntu kernel: [   37.697666] ------PTREPL: set_pte start------
Nov 25 15:12:35 ubuntu kernel: [   37.697667] ------ 1 . page_pte->replica_node_id = -1------
Nov 25 15:12:35 ubuntu kernel: [   37.697669] PTREP: set_pte offset=d10 and node0 origin pte=ffff0003b98b1000  and pte+offset=ffff0003b98b1d10  and pteval=2000050e02bfd3
Nov 25 15:12:35 ubuntu kernel: [   37.697670] ------PTREPL: set_pte start------
Nov 25 15:12:35 ubuntu kernel: [   37.697672] ------ 1 . page_pte->replica_node_id = -1------
Nov 25 15:12:35 ubuntu kernel: [   37.697674] PTREP: set_pte offset=d18 and node0 origin pte=ffff0003b98b1000  and pte+offset=ffff0003b98b1d18  and pteval=2000050df5bfd3
Nov 25 15:12:35 ubuntu kernel: [   37.697675] ------PTREPL: set_pte start------
Nov 25 15:12:35 ubuntu kernel: [   37.697676] ------ 1 . page_pte->replica_node_id = -1------
Nov 25 15:12:35 ubuntu kernel: [   37.697678] PTREP: set_pte offset=da0 and node0 origin pte=ffff0003b98b1000  and pte+offset=ffff0003b98b1da0  and pteval=e000050719ffd3
Nov 25 15:12:35 ubuntu kernel: [   37.697679] ------PTREPL: set_pte start------
Nov 25 15:12:35 ubuntu kernel: [   37.697680] ------ 1 . page_pte->replica_node_id = -1------
Nov 25 15:12:35 ubuntu kernel: [   37.697682] PTREP: set_pte offset=da8 and node0 origin pte=ffff0003b98b1000  and pte+offset=ffff0003b98b1da8  and pteval=e800050fa91f53
Nov 25 15:12:35 ubuntu kernel: [   37.697685] PTREP: pud_idx = 171and pud=ffff0003b98e9558  and pud[171]=3f98e4003
Nov 25 15:12:35 ubuntu kernel: [   37.697687] pgtbl_repl_prepare_replication:1182 pud[171]'s pmd=ffff0003b98e4000..ffff0003b98e4fff
Nov 25 15:12:35 ubuntu kernel: [   37.697688] pgtbl_repl_prepare_replication:1183 1 pfn=3f98e4   2 pfn=3f98e4
Nov 25 15:12:35 ubuntu kernel: [   37.697691] [mitosis] __pgtable_repl_alloc_one origin pagep=ffff0003b98e4000 and new pagep = ffff0003b98b0000
Nov 25 15:12:35 ubuntu kernel: [   37.697692] ------PTREPL: set_pud start------
Nov 25 15:12:35 ubuntu kernel: [   37.697694] ------ 1 . page_pud->replica_node_id = -1------
Nov 25 15:12:35 ubuntu kernel: [   37.697696] PTREP: set_pud offset=558 and node0 origin pud=ffff0003b98b3000  and pud+offset=ffff0003b98b3558  and pmd=ffff0003b98b0000 and pudval=3f98b0003
Nov 25 15:12:35 ubuntu kernel: [   37.697697] ------PTREPL: set_pud done------
Nov 25 15:12:35 ubuntu kernel: [   37.697700] PTREP: pmd_idx = 292and pmd=ffff0003b98e4920  and pmd[292]=3f98ef003
Nov 25 15:12:35 ubuntu kernel: [   37.697702] pgtbl_repl_prepare_replication:1202 pmd[292]'s pte=ffff0003b98ef000..ffff0003b98effff
Nov 25 15:12:35 ubuntu kernel: [   37.697704] pgtbl_repl_prepare_replication:1203 1 pfn=3f98ef   2 pfn=3f98ef
Nov 25 15:12:35 ubuntu kernel: [   37.697707] [mitosis] __pgtable_repl_alloc_one origin pagep=ffff0003b98ef000 and new pagep = ffff0003b98af000
Nov 25 15:12:35 ubuntu kernel: [   37.697709] ------PTREPL: set_pmd start------
Nov 25 15:12:35 ubuntu kernel: [   37.697710] ------ 1 . page_pmd->replica_node_id = -1------
Nov 25 15:12:35 ubuntu kernel: [   37.697712] PTREP: set_pmd offset=920 and node0 origin pmd=ffff0003b98b0000  and pmd+offset=ffff0003b98b0920  and pte=ffff0003b98af000 and pmdval=3f98af003
Nov 25 15:12:35 ubuntu kernel: [   37.697714] ------PTREPL: set_pmd done------
Nov 25 15:12:35 ubuntu kernel: [   37.697715] ------PTREPL: set_pte start------
Nov 25 15:12:35 ubuntu kernel: [   37.697716] ------ 1 . page_pte->replica_node_id = -1------
Nov 25 15:12:35 ubuntu kernel: [   37.697718] PTREP: set_pte offset=c8 and node0 origin pte=ffff0003b98af000  and pte+offset=ffff0003b98af0c8  and pteval=e80004d5d07f53
Nov 25 15:12:35 ubuntu kernel: [   37.697720] ------PTREPL: set_pte start------
Nov 25 15:12:35 ubuntu kernel: [   37.697721] ------ 1 . page_pte->replica_node_id = -1------
Nov 25 15:12:35 ubuntu kernel: [   37.697723] PTREP: set_pte offset=d0 and node0 origin pte=ffff0003b98af000  and pte+offset=ffff0003b98af0d0  and pteval=e80004d5d4df53
Nov 25 15:12:35 ubuntu kernel: [   37.697724] ------PTREPL: set_pte start------
Nov 25 15:12:35 ubuntu kernel: [   37.697726] ------ 1 . page_pte->replica_node_id = -1------
Nov 25 15:12:35 ubuntu kernel: [   37.697728] PTREP: set_pte offset=108 and node0 origin pte=ffff0003b98af000  and pte+offset=ffff0003b98af108  and pteval=e800050ea7bf53
Nov 25 15:12:35 ubuntu kernel: [   37.697729] ------PTREPL: set_pte start------
Nov 25 15:12:35 ubuntu kernel: [   37.697730] ------ 1 . page_pte->replica_node_id = -1------
Nov 25 15:12:35 ubuntu kernel: [   37.697732] PTREP: set_pte offset=110 and node0 origin pte=ffff0003b98af000  and pte+offset=ffff0003b98af110  and pteval=e800050ea0ff53
Nov 25 15:12:35 ubuntu kernel: [   37.697736] ===================================== end of a page
Nov 25 15:12:35 ubuntu kernel: [   37.697738] PTREP: pgd_idx = 511and pgd=ffff0003b98ddff8  and pgd[511]=5167e6003
Nov 25 15:12:35 ubuntu kernel: [   37.697740] pgtbl_repl_prepare_replication:1158 pgd[511]'s pud=ffff0004d67e6000..ffff0004d67e6fff
Nov 25 15:12:35 ubuntu kernel: [   37.697742] pgtbl_repl_prepare_replication:1162 another func __va pud=ffff0004d67e6000..ffff0004d67e6fff
Nov 25 15:12:35 ubuntu kernel: [   37.697744] pgtbl_repl_prepare_replication:1163 1 pfn=5167e6   2 pfn=5167e6
Nov 25 15:12:35 ubuntu kernel: [   37.697746] [mitosis] __pgtable_repl_alloc_one origin pagep=ffff0004d67e6000 and new pagep = ffff0003b98ae000
Nov 25 15:12:35 ubuntu kernel: [   37.697748] ------PTREPL: set_pgd start------
Nov 25 15:12:35 ubuntu kernel: [   37.697749] ------ 1 . page_pgd->replica_node_id = -1------
Nov 25 15:12:35 ubuntu kernel: [   37.697751] PTREP: set_pgd offset=ff8 and node0 origin pgd=ffff0003b98b4000  and pgd+offset=ffff0003b98b4ff8  and pud=ffff0003b98ae000 and pdgval=3f98ae003
Nov 25 15:12:35 ubuntu kernel: [   37.697753] PTREP: set_pgd  origin pgdval=3f98ae003  and another func pgdval=3f98ae003
Nov 25 15:12:35 ubuntu kernel: [   37.697754] ------PTREPL: set_pgd done------
Nov 25 15:12:35 ubuntu kernel: [   37.697756] [mitosis] start search pud .......
Nov 25 15:12:35 ubuntu kernel: [   37.697758] PTREP: pud_idx = 510and pud=ffff0004d67e6ff0  and pud[510]=3f98e3003
Nov 25 15:12:35 ubuntu kernel: [   37.697760] pgtbl_repl_prepare_replication:1182 pud[510]'s pmd=ffff0003b98e3000..ffff0003b98e3fff
Nov 25 15:12:35 ubuntu kernel: [   37.697762] pgtbl_repl_prepare_replication:1183 1 pfn=3f98e3   2 pfn=3f98e3
Nov 25 15:12:35 ubuntu kernel: [   37.697765] [mitosis] __pgtable_repl_alloc_one origin pagep=ffff0003b98e3000 and new pagep = ffff0003b98ad000
Nov 25 15:12:35 ubuntu kernel: [   37.697766] ------PTREPL: set_pud start------
Nov 25 15:12:35 ubuntu kernel: [   37.697768] ------ 1 . page_pud->replica_node_id = -1------
Nov 25 15:12:35 ubuntu kernel: [   37.697770] PTREP: set_pud offset=ff0 and node0 origin pud=ffff0003b98ae000  and pud+offset=ffff0003b98aeff0  and pmd=ffff0003b98ad000 and pudval=3f98ad003
Nov 25 15:12:35 ubuntu kernel: [   37.697771] ------PTREPL: set_pud done------
Nov 25 15:12:35 ubuntu kernel: [   37.697774] PTREP: pmd_idx = 203and pmd=ffff0003b98e3658  and pmd[203]=3f98e5003
Nov 25 15:12:35 ubuntu kernel: [   37.697776] pgtbl_repl_prepare_replication:1202 pmd[203]'s pte=ffff0003b98e5000..ffff0003b98e5fff
Nov 25 15:12:35 ubuntu kernel: [   37.697777] pgtbl_repl_prepare_replication:1203 1 pfn=3f98e5   2 pfn=3f98e5
Nov 25 15:12:35 ubuntu kernel: [   37.697780] [mitosis] __pgtable_repl_alloc_one origin pagep=ffff0003b98e5000 and new pagep = ffff0003b98ac000
Nov 25 15:12:35 ubuntu kernel: [   37.697781] ------PTREPL: set_pmd start------
Nov 25 15:12:35 ubuntu kernel: [   37.697783] ------ 1 . page_pmd->replica_node_id = -1------
Nov 25 15:12:35 ubuntu kernel: [   37.697785] PTREP: set_pmd offset=658 and node0 origin pmd=ffff0003b98ad000  and pmd+offset=ffff0003b98ad658  and pte=ffff0003b98ac000 and pmdval=3f98ac003
Nov 25 15:12:35 ubuntu kernel: [   37.697786] ------PTREPL: set_pmd done------
Nov 25 15:12:35 ubuntu kernel: [   37.697787] ------PTREPL: set_pte start------
Nov 25 15:12:35 ubuntu kernel: [   37.697789] ------ 1 . page_pte->replica_node_id = -1------
Nov 25 15:12:35 ubuntu kernel: [   37.697790] PTREP: set_pte offset=98 and node0 origin pte=ffff0003b98ac000  and pte+offset=ffff0003b98ac098  and pteval=e800050f469f53
Nov 25 15:12:35 ubuntu kernel: [   37.697792] ------PTREPL: set_pte start------
Nov 25 15:12:35 ubuntu kernel: [   37.697793] ------ 1 . page_pte->replica_node_id = -1------
Nov 25 15:12:35 ubuntu kernel: [   37.697795] PTREP: set_pte offset=a8 and node0 origin pte=ffff0003b98ac000  and pte+offset=ffff0003b98ac0a8  and pteval=200004d2102fd3
Nov 25 15:12:35 ubuntu kernel: [   37.697796] ------PTREPL: set_pte start------
Nov 25 15:12:35 ubuntu kernel: [   37.697797] ------ 1 . page_pte->replica_node_id = -1------
Nov 25 15:12:35 ubuntu kernel: [   37.697799] PTREP: set_pte offset=b0 and node0 origin pte=ffff0003b98ac000  and pte+offset=ffff0003b98ac0b0  and pteval=200004d6204fd3
Nov 25 15:12:35 ubuntu kernel: [   37.697800] ------PTREPL: set_pte start------
Nov 25 15:12:35 ubuntu kernel: [   37.697802] ------ 1 . page_pte->replica_node_id = -1------
Nov 25 15:12:35 ubuntu kernel: [   37.697804] PTREP: set_pte offset=b8 and node0 origin pte=ffff0003b98ac000  and pte+offset=ffff0003b98ac0b8  and pteval=2000053ce58fd3
Nov 25 15:12:35 ubuntu kernel: [   37.697805] ------PTREPL: set_pte start------
Nov 25 15:12:35 ubuntu kernel: [   37.697806] ------ 1 . page_pte->replica_node_id = -1------
Nov 25 15:12:35 ubuntu kernel: [   37.697808] PTREP: set_pte offset=c0 and node0 origin pte=ffff0003b98ac000  and pte+offset=ffff0003b98ac0c0  and pteval=2000053c3f9fd3
Nov 25 15:12:35 ubuntu kernel: [   37.697809] ------PTREPL: set_pte start------
Nov 25 15:12:35 ubuntu kernel: [   37.697810] ------ 1 . page_pte->replica_node_id = -1------
Nov 25 15:12:35 ubuntu kernel: [   37.697812] PTREP: set_pte offset=c8 and node0 origin pte=ffff0003b98ac000  and pte+offset=ffff0003b98ac0c8  and pteval=200004d6345fd3
Nov 25 15:12:35 ubuntu kernel: [   37.697813] ------PTREPL: set_pte start------
Nov 25 15:12:35 ubuntu kernel: [   37.697814] ------ 1 . page_pte->replica_node_id = -1------
Nov 25 15:12:35 ubuntu kernel: [   37.697816] PTREP: set_pte offset=d0 and node0 origin pte=ffff0003b98ac000  and pte+offset=ffff0003b98ac0d0  and pteval=200004d6346fd3
Nov 25 15:12:35 ubuntu kernel: [   37.697817] ------PTREPL: set_pte start------
Nov 25 15:12:35 ubuntu kernel: [   37.697819] ------ 1 . page_pte->replica_node_id = -1------
Nov 25 15:12:35 ubuntu kernel: [   37.697821] PTREP: set_pte offset=d8 and node0 origin pte=ffff0003b98ac000  and pte+offset=ffff0003b98ac0d8  and pteval=200004d6347fd3
Nov 25 15:12:35 ubuntu kernel: [   37.697822] ------PTREPL: set_pte start------
Nov 25 15:12:35 ubuntu kernel: [   37.697823] ------ 1 . page_pte->replica_node_id = -1------
Nov 25 15:12:35 ubuntu kernel: [   37.697825] PTREP: set_pte offset=e0 and node0 origin pte=ffff0003b98ac000  and pte+offset=ffff0003b98ac0e0  and pteval=2000053cdabfd3
Nov 25 15:12:35 ubuntu kernel: [   37.697826] ------PTREPL: set_pte start------
Nov 25 15:12:35 ubuntu kernel: [   37.697827] ------ 1 . page_pte->replica_node_id = -1------
Nov 25 15:12:35 ubuntu kernel: [   37.697829] PTREP: set_pte offset=e8 and node0 origin pte=ffff0003b98ac000  and pte+offset=ffff0003b98ac0e8  and pteval=2000053cefafd3
Nov 25 15:12:35 ubuntu kernel: [   37.697830] ------PTREPL: set_pte start------
Nov 25 15:12:35 ubuntu kernel: [   37.697832] ------ 1 . page_pte->replica_node_id = -1------
Nov 25 15:12:35 ubuntu kernel: [   37.697833] PTREP: set_pte offset=f0 and node0 origin pte=ffff0003b98ac000  and pte+offset=ffff0003b98ac0f0  and pteval=200004d2ceafd3
Nov 25 15:12:35 ubuntu kernel: [   37.697834] ------PTREPL: set_pte start------
Nov 25 15:12:35 ubuntu kernel: [   37.697836] ------ 1 . page_pte->replica_node_id = -1------
Nov 25 15:12:35 ubuntu kernel: [   37.697838] PTREP: set_pte offset=f8 and node0 origin pte=ffff0003b98ac000  and pte+offset=ffff0003b98ac0f8  and pteval=200004d2ce9fd3
Nov 25 15:12:35 ubuntu kernel: [   37.697839] ------PTREPL: set_pte start------
Nov 25 15:12:35 ubuntu kernel: [   37.697840] ------ 1 . page_pte->replica_node_id = -1------
Nov 25 15:12:35 ubuntu kernel: [   37.697842] PTREP: set_pte offset=100 and node0 origin pte=ffff0003b98ac000  and pte+offset=ffff0003b98ac100  and pteval=200004d5f64fd3
Nov 25 15:12:35 ubuntu kernel: [   37.697843] ------PTREPL: set_pte start------
Nov 25 15:12:35 ubuntu kernel: [   37.697844] ------ 1 . page_pte->replica_node_id = -1------
Nov 25 15:12:35 ubuntu kernel: [   37.697846] PTREP: set_pte offset=108 and node0 origin pte=ffff0003b98ac000  and pte+offset=ffff0003b98ac108  and pteval=2000053ced0fd3
Nov 25 15:12:35 ubuntu kernel: [   37.697847] ------PTREPL: set_pte start------
Nov 25 15:12:35 ubuntu kernel: [   37.697848] ------ 1 . page_pte->replica_node_id = -1------
Nov 25 15:12:35 ubuntu kernel: [   37.697850] PTREP: set_pte offset=110 and node0 origin pte=ffff0003b98ac000  and pte+offset=ffff0003b98ac110  and pteval=2000053c0b1fd3
Nov 25 15:12:35 ubuntu kernel: [   37.697851] ------PTREPL: set_pte start------
Nov 25 15:12:35 ubuntu kernel: [   37.697853] ------ 1 . page_pte->replica_node_id = -1------
Nov 25 15:12:35 ubuntu kernel: [   37.697854] PTREP: set_pte offset=118 and node0 origin pte=ffff0003b98ac000  and pte+offset=ffff0003b98ac118  and pteval=200004d61fefd3
