Oct 25 20:51:23 ubuntu systemd-modules-load[839]: Inserted module 'iscsi_tcp'
Oct 25 20:51:23 ubuntu kernel: [    0.000000] Booting Linux on physical CPU 0x0000000000 [0x481fd010]
Oct 25 20:51:23 ubuntu kernel: [    0.000000] Linux version 5.7.1 (root@ubuntu) (gcc version 7.5.0 (Ubuntu/Linaro 7.5.0-3ubuntu1~18.04), GNU ld (GNU Binutils for Ubuntu) 2.30) #1 SMP Sun Oct 25 20:21:42 CST 2020
Oct 25 20:51:23 ubuntu kernel: [    0.000000] efi: EFI v2.70 by EDK II
Oct 25 20:51:23 ubuntu kernel: [    0.000000] efi:  SMBIOS 3.0=0x53f710000  ACPI 2.0=0x53c020000  MEMATTR=0x53cc7ca98  MEMRESERVE=0x53becd018 
Oct 25 20:51:23 ubuntu systemd-modules-load[839]: Inserted module 'ib_iser'
Oct 25 20:51:23 ubuntu kernel: [    0.000000] cma: Reserved 32 MiB at 0x00000000fe000000
Oct 25 20:51:23 ubuntu lvm[853]:   2 logical volume(s) in volume group "ubuntu-vg" monitored
Oct 25 20:51:23 ubuntu kernel: [    0.000000] ACPI: Early table checksum verification disabled
Oct 25 20:51:23 ubuntu kernel: [    0.000000] ACPI: RSDP 0x000000053C020000 000024 (v02 BOCHS )
Oct 25 20:51:23 ubuntu kernel: [    0.000000] ACPI: XSDT 0x000000053BED0000 000054 (v01 BOCHS  BXPCFACP 00000001      01000013)
Oct 25 20:51:23 ubuntu kernel: [    0.000000] ACPI: FACP 0x000000053BE90000 00010C (v05 BOCHS  BXPCFACP 00000001 BXPC 00000001)
Oct 25 20:51:23 ubuntu systemd[1]: Started Monitoring of LVM2 mirrors, snapshots etc. using dmeventd or progress polling.
Oct 25 20:51:23 ubuntu kernel: [    0.000000] ACPI: DSDT 0x000000053BEA0000 001523 (v02 BOCHS  BXPCDSDT 00000001 BXPC 00000001)
Oct 25 20:51:23 ubuntu kernel: [    0.000000] ACPI: APIC 0x000000053BE80000 0009E8 (v03 BOCHS  BXPCAPIC 00000001 BXPC 00000001)
Oct 25 20:51:23 ubuntu kernel: [    0.000000] ACPI: GTDT 0x000000053BE70000 000060 (v02 BOCHS  BXPCGTDT 00000001 BXPC 00000001)
Oct 25 20:51:23 ubuntu kernel: [    0.000000] ACPI: MCFG 0x000000053BE60000 00003C (v01 BOCHS  BXPCMCFG 00000001 BXPC 00000001)
Oct 25 20:51:23 ubuntu systemd[1]: Started Create Static Device Nodes in /dev.
Oct 25 20:51:23 ubuntu kernel: [    0.000000] ACPI: SPCR 0x000000053BE50000 000050 (v02 BOCHS  BXPCSPCR 00000001 BXPC 00000001)
Oct 25 20:51:23 ubuntu kernel: [    0.000000] ACPI: IORT 0x000000053BE40000 00007C (v00 BOCHS  BXPCIORT 00000001 BXPC 00000001)
Oct 25 20:51:23 ubuntu kernel: [    0.000000] ACPI: SPCR: console: pl011,mmio,0x9000000,9600
Oct 25 20:51:23 ubuntu kernel: [    0.000000] ACPI: NUMA: Failed to initialise from firmware
Oct 25 20:51:23 ubuntu systemd[1]: Started Load/Save Random Seed.
Oct 25 20:51:23 ubuntu kernel: [    0.000000] NUMA: Faking a node at [mem 0x0000000040000000-0x000000053fffffff]
Oct 25 20:51:23 ubuntu systemd[1]: Mounted Kernel Configuration File System.
Oct 25 20:51:23 ubuntu systemd[1]: Mounted FUSE Control File System.
Oct 25 20:51:23 ubuntu systemd[1]: Started Apply Kernel Variables.
Oct 25 20:51:23 ubuntu kernel: [    0.000000] NUMA: NODE_DATA [mem 0x53d409300-0x53d40cfff]
Oct 25 20:51:23 ubuntu kernel: [    0.000000] Zone ranges:
Oct 25 20:51:23 ubuntu systemd[1]: Starting udev Kernel Device Manager...
Oct 25 20:51:23 ubuntu kernel: [    0.000000]   DMA      [mem 0x0000000040000000-0x000000007fffffff]
Oct 25 20:51:23 ubuntu kernel: [    0.000000]   DMA32    [mem 0x0000000080000000-0x00000000ffffffff]
Oct 25 20:51:23 ubuntu kernel: [    0.000000]   Normal   [mem 0x0000000100000000-0x000000053fffffff]
Oct 25 20:51:23 ubuntu kernel: [    0.000000] Movable zone start for each node
Oct 25 20:51:23 ubuntu systemd[1]: Reached target Local File Systems (Pre).
Oct 25 20:51:23 ubuntu kernel: [    0.000000] Early memory node ranges
Oct 25 20:51:23 ubuntu kernel: [    0.000000]   node   0: [mem 0x0000000040000000-0x000000053bedffff]
Oct 25 20:51:23 ubuntu kernel: [    0.000000]   node   0: [mem 0x000000053bee0000-0x000000053bffffff]
Oct 25 20:51:23 ubuntu kernel: [    0.000000]   node   0: [mem 0x000000053c000000-0x000000053c02ffff]
Oct 25 20:51:23 ubuntu kernel: [    0.000000]   node   0: [mem 0x000000053c030000-0x000000053c0affff]
Oct 25 20:51:23 ubuntu systemd[1]: Starting Flush Journal to Persistent Storage...
Oct 25 20:51:23 ubuntu kernel: [    0.000000]   node   0: [mem 0x000000053c0b0000-0x000000053f57ffff]
Oct 25 20:51:23 ubuntu systemd[1]: Started udev Kernel Device Manager.
Oct 25 20:51:23 ubuntu kernel: [    0.000000]   node   0: [mem 0x000000053f580000-0x000000053f95ffff]
Oct 25 20:51:23 ubuntu systemd[1]: Started Flush Journal to Persistent Storage.
Oct 25 20:51:23 ubuntu kernel: [    0.000000]   node   0: [mem 0x000000053f960000-0x000000053fffffff]
Oct 25 20:51:23 ubuntu kernel: [    0.000000] Zeroed struct page in unavailable ranges: 544 pages
Oct 25 20:51:23 ubuntu systemd[1]: Started udev Coldplug all Devices.
Oct 25 20:51:23 ubuntu kernel: [    0.000000] Initmem setup node 0 [mem 0x0000000040000000-0x000000053fffffff]
Oct 25 20:51:23 ubuntu systemd[1]: Started Dispatch Password Requests to Console Directory Watch.
Oct 25 20:51:23 ubuntu kernel: [    0.000000] On node 0 totalpages: 5242880
Oct 25 20:51:23 ubuntu kernel: [    0.000000]   DMA zone: 5120 pages used for memmap
Oct 25 20:51:23 ubuntu kernel: [    0.000000]   DMA zone: 0 pages reserved
Oct 25 20:51:23 ubuntu systemd[1]: Reached target Local Encrypted Volumes.
Oct 25 20:51:23 ubuntu kernel: [    0.000000]   DMA zone: 262144 pages, LIFO batch:63
Oct 25 20:51:23 ubuntu kernel: [    0.000000]   DMA32 zone: 10240 pages used for memmap
Oct 25 20:51:23 ubuntu kernel: [    0.000000]   DMA32 zone: 524288 pages, LIFO batch:63
Oct 25 20:51:23 ubuntu kernel: [    0.000000]   Normal zone: 87040 pages used for memmap
Oct 25 20:51:23 ubuntu kernel: [    0.000000]   Normal zone: 4456448 pages, LIFO batch:63
Oct 25 20:51:23 ubuntu systemd[1]: Found device /dev/ttyAMA0.
Oct 25 20:51:23 ubuntu kernel: [    0.000000] psci: probing for conduit method from ACPI.
Oct 25 20:51:23 ubuntu systemd-udevd[943]: link_config: autonegotiation is unset or enabled, the speed and duplex are not writable.
Oct 25 20:51:23 ubuntu kernel: [    0.000000] psci: PSCIv1.0 detected in firmware.
Oct 25 20:51:23 ubuntu systemd[1]: Listening on Load/Save RF Kill Switch Status /dev/rfkill Watch.
Oct 25 20:51:23 ubuntu kernel: [    0.000000] psci: Using standard PSCI v0.2 function IDs
Oct 25 20:51:23 ubuntu systemd-udevd[945]: link_config: autonegotiation is unset or enabled, the speed and duplex are not writable.
Oct 25 20:51:23 ubuntu kernel: [    0.000000] psci: Trusted OS migration not required
Oct 25 20:51:23 ubuntu kernel: [    0.000000] psci: SMC Calling Convention v1.1
Oct 25 20:51:23 ubuntu kernel: [    0.000000] ACPI: SRAT not present
Oct 25 20:51:23 ubuntu systemd[1]: Found device /dev/mapper/ubuntu--vg-swap_1.
Oct 25 20:51:23 ubuntu kernel: [    0.000000] percpu: Embedded 33 pages/cpu s94616 r8192 d32360 u135168
Oct 25 20:51:23 ubuntu systemd[1]: Activating swap /dev/mapper/ubuntu--vg-swap_1...
Oct 25 20:51:23 ubuntu systemd[1]: Activated swap /dev/mapper/ubuntu--vg-swap_1.
Oct 25 20:51:23 ubuntu systemd[1]: Found device QEMU_HARDDISK 1.
Oct 25 20:51:23 ubuntu kernel: [    0.000000] pcpu-alloc: s94616 r8192 d32360 u135168 alloc=33*4096
Oct 25 20:51:23 ubuntu systemd[1]: Starting File System Check on /dev/disk/by-uuid/5EA9-3D4C...
Oct 25 20:51:23 ubuntu systemd[1]: Reached target Swap.
Oct 25 20:51:23 ubuntu kernel: [    0.000000] pcpu-alloc: [0] 00 [0] 01 [0] 02 [0] 03 [0] 04 [0] 05 [0] 06 [0] 07 
Oct 25 20:51:23 ubuntu systemd[1]: Created slice system-lvm2\x2dpvscan.slice.
Oct 25 20:51:23 ubuntu kernel: [    0.000000] pcpu-alloc: [0] 08 [0] 09 [0] 10 [0] 11 [0] 12 [0] 13 [0] 14 [0] 15 
Oct 25 20:51:23 ubuntu kernel: [    0.000000] pcpu-alloc: [0] 16 [0] 17 [0] 18 [0] 19 [0] 20 [0] 21 [0] 22 [0] 23 
Oct 25 20:51:23 ubuntu kernel: [    0.000000] pcpu-alloc: [0] 24 [0] 25 [0] 26 [0] 27 [0] 28 [0] 29 [0] 30 [0] 31 
Oct 25 20:51:23 ubuntu kernel: [    0.000000] Detected VIPT I-cache on CPU0
Oct 25 20:51:23 ubuntu systemd[1]: Starting LVM2 PV scan on device 8:2...
Oct 25 20:51:23 ubuntu systemd[1]: Started File System Check Daemon to report status.
Oct 25 20:51:23 ubuntu kernel: [    0.000000] CPU features: detected: GIC system register CPU interface
Oct 25 20:51:23 ubuntu kernel: [    0.000000] CPU features: detected: Hardware dirty bit management
Oct 25 20:51:23 ubuntu systemd-fsck[1045]: fsck.fat 4.1 (2017-01-24)
Oct 25 20:51:23 ubuntu kernel: [    0.000000] Built 1 zonelists, mobility grouping on.  Total pages: 5140480
Oct 25 20:51:23 ubuntu systemd-fsck[1045]: /dev/sda1: 5 files, 41/65501 clusters
Oct 25 20:51:23 ubuntu kernel: [    0.000000] Policy zone: Normal
Oct 25 20:51:23 ubuntu kernel: [    0.000000] Kernel command line: BOOT_IMAGE=/boot/vmlinuz-5.7.1 root=/dev/mapper/ubuntu--vg-root ro
Oct 25 20:51:23 ubuntu kernel: [    0.000000] Dentry cache hash table entries: 4194304 (order: 13, 33554432 bytes, linear)
Oct 25 20:51:23 ubuntu kernel: [    0.000000] Inode-cache hash table entries: 2097152 (order: 12, 16777216 bytes, linear)
Oct 25 20:51:23 ubuntu systemd[1]: Started File System Check on /dev/disk/by-uuid/5EA9-3D4C.
Oct 25 20:51:23 ubuntu kernel: [    0.000000] mem auto-init: stack:off, heap alloc:on, heap free:off
Oct 25 20:51:23 ubuntu lvm[1046]:   2 logical volume(s) in volume group "ubuntu-vg" now active
Oct 25 20:51:23 ubuntu kernel: [    0.000000] software IO TLB: mapped [mem 0x7bfff000-0x7ffff000] (64MB)
Oct 25 20:51:23 ubuntu kernel: [    0.000000] Memory: 20269608K/20971520K available (14204K kernel code, 2354K rwdata, 6868K rodata, 7040K init, 1132K bss, 669144K reserved, 32768K cma-reserved)
Oct 25 20:51:23 ubuntu kernel: [    0.000000] random: get_random_u64 called from __kmem_cache_create+0x54/0x5d8 with crng_init=0
Oct 25 20:51:23 ubuntu kernel: [    0.000000] SLUB: HWalign=64, Order=0-3, MinObjects=0, CPUs=32, Nodes=1
Oct 25 20:51:23 ubuntu systemd[1]: Mounting /boot/efi...
Oct 25 20:51:23 ubuntu kernel: [    0.000000] ftrace: allocating 46106 entries in 181 pages
Oct 25 20:51:23 ubuntu kernel: [    0.000000] ftrace: allocated 181 pages with 5 groups
Oct 25 20:51:23 ubuntu kernel: [    0.000000] rcu: Hierarchical RCU implementation.
Oct 25 20:51:23 ubuntu systemd[1]: Started LVM2 PV scan on device 8:2.
Oct 25 20:51:23 ubuntu kernel: [    0.000000] rcu: 	RCU restricting CPUs from NR_CPUS=256 to nr_cpu_ids=32.
Oct 25 20:51:23 ubuntu kernel: [    0.000000] 	Tasks RCU enabled.
Oct 25 20:51:23 ubuntu kernel: [    0.000000] rcu: RCU calculated value of scheduler-enlistment delay is 25 jiffies.
Oct 25 20:51:23 ubuntu systemd[1]: Mounted /boot/efi.
Oct 25 20:51:23 ubuntu kernel: [    0.000000] rcu: Adjusting geometry for rcu_fanout_leaf=16, nr_cpu_ids=32
Oct 25 20:51:23 ubuntu kernel: [    0.000000] NR_IRQS: 64, nr_irqs: 64, preallocated irqs: 0
Oct 25 20:51:23 ubuntu kernel: [    0.000000] GICv3: 256 SPIs implemented
Oct 25 20:51:23 ubuntu kernel: [    0.000000] GICv3: 0 Extended SPIs implemented
Oct 25 20:51:23 ubuntu kernel: [    0.000000] GICv3: Distributor has no Range Selector support
Oct 25 20:51:23 ubuntu systemd[1]: Reached target Local File Systems.
Oct 25 20:51:23 ubuntu kernel: [    0.000000] GICv3: 16 PPIs implemented
Oct 25 20:51:23 ubuntu kernel: [    0.000000] GICv3: CPU0: found redistributor 0 region 0:0x00000000080a0000
Oct 25 20:51:23 ubuntu kernel: [    0.000000] ACPI: SRAT not present
Oct 25 20:51:23 ubuntu kernel: [    0.000000] ITS [mem 0x08080000-0x0809ffff]
Oct 25 20:51:23 ubuntu systemd[1]: Starting Create Volatile Files and Directories...
Oct 25 20:51:23 ubuntu kernel: [    0.000000] ITS@0x0000000008080000: allocated 8192 Devices @53ca00000 (indirect, esz 8, psz 64K, shr 1)
Oct 25 20:51:23 ubuntu kernel: [    0.000000] ITS@0x0000000008080000: allocated 8192 Interrupt Collections @53ca10000 (flat, esz 8, psz 64K, shr 1)
Oct 25 20:51:23 ubuntu kernel: [    0.000000] GICv3: using LPI property table @0x000000053ca20000
Oct 25 20:51:23 ubuntu kernel: [    0.000000] GICv3: CPU0: using allocated LPI pending table @0x000000053ca30000
Oct 25 20:51:23 ubuntu kernel: [    0.000000] arch_timer: cp15 timer(s) running at 100.00MHz (virt).
Oct 25 20:51:23 ubuntu kernel: [    0.000000] clocksource: arch_sys_counter: mask: 0xffffffffffffff max_cycles: 0x171024e7e0, max_idle_ns: 440795205315 ns
Oct 25 20:51:23 ubuntu kernel: [    0.000002] sched_clock: 56 bits at 100MHz, resolution 10ns, wraps every 4398046511100ns
Oct 25 20:51:23 ubuntu kernel: [    0.000265] Console: colour dummy device 80x25
Oct 25 20:51:23 ubuntu kernel: [    0.000336] ACPI: Core revision 20200326
Oct 25 20:51:23 ubuntu systemd[1]: Starting ebtables ruleset management...
Oct 25 20:51:23 ubuntu kernel: [    0.000505] Calibrating delay loop (skipped), value calculated using timer frequency.. 200.00 BogoMIPS (lpj=400000)
Oct 25 20:51:23 ubuntu kernel: [    0.000508] pid_max: default: 32768 minimum: 301
Oct 25 20:51:23 ubuntu kernel: [    0.000585] LSM: Security Framework initializing
Oct 25 20:51:23 ubuntu kernel: [    0.000607] Yama: becoming mindful.
Oct 25 20:51:23 ubuntu kernel: [    0.000786] AppArmor: AppArmor initialized
Oct 25 20:51:23 ubuntu kernel: [    0.001197] Mount-cache hash table entries: 65536 (order: 7, 524288 bytes, linear)
Oct 25 20:51:23 ubuntu kernel: [    0.001533] Mountpoint-cache hash table entries: 65536 (order: 7, 524288 bytes, linear)
Oct 25 20:51:23 ubuntu kernel: [    0.003361] ACPI PPTT: No PPTT table found, CPU and cache topology may be inaccurate
Oct 25 20:51:23 ubuntu kernel: [    0.003693] rcu: Hierarchical SRCU implementation.
Oct 25 20:51:23 ubuntu kernel: [    0.004516] Platform MSI: ITS@0x8080000 domain created
Oct 25 20:51:23 ubuntu kernel: [    0.004533] PCI/MSI: ITS@0x8080000 domain created
Oct 25 20:51:23 ubuntu systemd[1]: Starting AppArmor initialization...
Oct 25 20:51:23 ubuntu kernel: [    0.004590] Remapping and enabling EFI services.
Oct 25 20:51:23 ubuntu kernel: [    0.004605] [mitosis-origin] pgd_alloc for mm=ffff800011dcda40 and mm->pgd =ffff0004df9ba000.
Oct 25 20:51:23 ubuntu kernel: [    0.005948] smp: Bringing up secondary CPUs ...
Oct 25 20:51:23 ubuntu systemd[1]: Starting Set console font and keymap...
Oct 25 20:51:23 ubuntu kernel: [    0.295772] Detected VIPT I-cache on CPU1
Oct 25 20:51:23 ubuntu kernel: [    0.295827] GICv3: CPU1: found redistributor 1 region 0:0x00000000080c0000
Oct 25 20:51:23 ubuntu kernel: [    0.296290] GICv3: CPU1: using allocated LPI pending table @0x000000053ca40000
Oct 25 20:51:23 ubuntu systemd[1]: Starting Tell Plymouth To Write Out Runtime Data...
Oct 25 20:51:23 ubuntu kernel: [    0.296379] CPU1: Booted secondary processor 0x0000000001 [0x481fd010]
Oct 25 20:51:23 ubuntu systemd[1]: Started Create Volatile Files and Directories.
Oct 25 20:51:23 ubuntu systemd[1]: Starting Network Time Synchronization...
Oct 25 20:51:23 ubuntu systemd[1]: Starting Update UTMP about System Boot/Shutdown...
Oct 25 20:51:23 ubuntu systemd[1]: Started Set console font and keymap.
Oct 25 20:51:23 ubuntu systemd[1]: Started Tell Plymouth To Write Out Runtime Data.
Oct 25 20:51:23 ubuntu systemd[1]: Started Update UTMP about System Boot/Shutdown.
Oct 25 20:51:23 ubuntu kernel: [    0.559294] Detected VIPT I-cache on CPU2
Oct 25 20:51:23 ubuntu kernel: [    0.559332] GICv3: CPU2: found redistributor 2 region 0:0x00000000080e0000
Oct 25 20:51:23 ubuntu kernel: [    0.559649] GICv3: CPU2: using allocated LPI pending table @0x000000053ca50000
Oct 25 20:51:23 ubuntu apparmor[1055]:  * Starting AppArmor profiles
Oct 25 20:51:23 ubuntu kernel: [    0.559703] CPU2: Booted secondary processor 0x0000000002 [0x481fd010]
Oct 25 20:51:23 ubuntu kernel: [    0.849422] Detected VIPT I-cache on CPU3
Oct 25 20:51:23 ubuntu kernel: [    0.849442] GICv3: CPU3: found redistributor 3 region 0:0x0000000008100000
Oct 25 20:51:23 ubuntu systemd[1]: Started ebtables ruleset management.
Oct 25 20:51:23 ubuntu kernel: [    0.849680] GICv3: CPU3: using allocated LPI pending table @0x000000053ca60000
Oct 25 20:51:23 ubuntu kernel: [    0.849711] CPU3: Booted secondary processor 0x0000000003 [0x481fd010]
Oct 25 20:51:23 ubuntu kernel: [    0.963145] Detected VIPT I-cache on CPU4
Oct 25 20:51:23 ubuntu kernel: [    0.963205] GICv3: CPU4: found redistributor 4 region 0:0x0000000008120000
Oct 25 20:51:23 ubuntu kernel: [    0.963671] GICv3: CPU4: using allocated LPI pending table @0x000000053ca70000
Oct 25 20:51:23 ubuntu systemd[1]: Reached target Network (Pre).
Oct 25 20:51:23 ubuntu kernel: [    0.963748] CPU4: Booted secondary processor 0x0000000004 [0x481fd010]
Oct 25 20:51:23 ubuntu systemd[1]: Starting Network Service...
Oct 25 20:51:23 ubuntu systemd[1]: Started Network Time Synchronization.
Oct 25 20:51:23 ubuntu kernel: [    1.225576] Detected VIPT I-cache on CPU5
Oct 25 20:51:23 ubuntu kernel: [    1.225604] GICv3: CPU5: found redistributor 5 region 0:0x0000000008140000
Oct 25 20:51:23 ubuntu kernel: [    1.225860] GICv3: CPU5: using allocated LPI pending table @0x000000053ca80000
Oct 25 20:51:23 ubuntu kernel: [    1.225893] CPU5: Booted secondary processor 0x0000000005 [0x481fd010]
Oct 25 20:51:23 ubuntu systemd[1]: Reached target System Time Synchronized.
Oct 25 20:51:23 ubuntu kernel: [    1.332056] Detected VIPT I-cache on CPU6
Oct 25 20:51:23 ubuntu kernel: [    1.332108] GICv3: CPU6: found redistributor 6 region 0:0x0000000008160000
Oct 25 20:51:23 ubuntu kernel: [    1.332493] GICv3: CPU6: using allocated LPI pending table @0x000000053ca90000
Oct 25 20:51:23 ubuntu systemd-networkd[1076]: Enumeration completed
Oct 25 20:51:23 ubuntu kernel: [    1.332555] CPU6: Booted secondary processor 0x0000000006 [0x481fd010]
Oct 25 20:51:23 ubuntu kernel: [    1.616623] Detected VIPT I-cache on CPU7
Oct 25 20:51:23 ubuntu kernel: [    1.616654] GICv3: CPU7: found redistributor 7 region 0:0x0000000008180000
Oct 25 20:51:23 ubuntu kernel: [    1.616929] GICv3: CPU7: using allocated LPI pending table @0x000000053caa0000
Oct 25 20:51:23 ubuntu kernel: [    1.616968] CPU7: Booted secondary processor 0x0000000007 [0x481fd010]
Oct 25 20:51:23 ubuntu kernel: [    1.728695] Detected VIPT I-cache on CPU8
Oct 25 20:51:23 ubuntu systemd[1]: Started Network Service.
Oct 25 20:51:23 ubuntu systemd-networkd[1076]: lo: Link is not managed by us
Oct 25 20:51:23 ubuntu kernel: [    1.728727] GICv3: CPU8: found redistributor 8 region 0:0x00000000081a0000
Oct 25 20:51:23 ubuntu kernel: [    1.728941] GICv3: CPU8: using allocated LPI pending table @0x000000053cab0000
Oct 25 20:51:23 ubuntu kernel: [    1.728974] CPU8: Booted secondary processor 0x0000000008 [0x481fd010]
Oct 25 20:51:23 ubuntu kernel: [    1.837612] Detected VIPT I-cache on CPU9
Oct 25 20:51:23 ubuntu systemd[1]: Starting Wait for Network to be Configured...
Oct 25 20:51:23 ubuntu kernel: [    1.837648] GICv3: CPU9: found redistributor 9 region 0:0x00000000081c0000
Oct 25 20:51:23 ubuntu kernel: [    1.837901] GICv3: CPU9: using allocated LPI pending table @0x000000053cac0000
Oct 25 20:51:23 ubuntu kernel: [    1.837936] CPU9: Booted secondary processor 0x0000000009 [0x481fd010]
Oct 25 20:51:23 ubuntu systemd[1]: Starting Network Name Resolution...
Oct 25 20:51:23 ubuntu kernel: [    2.112895] Detected VIPT I-cache on CPU10
Oct 25 20:51:23 ubuntu systemd-networkd-wait-online[1101]: ignoring: lo
Oct 25 20:51:23 ubuntu kernel: [    2.112972] GICv3: CPU10: found redistributor a region 0:0x00000000081e0000
Oct 25 20:51:23 ubuntu kernel: [    2.113322] GICv3: CPU10: using allocated LPI pending table @0x000000053cad0000
Oct 25 20:51:23 ubuntu apparmor[1055]: Skipping profile in /etc/apparmor.d/disable: usr.sbin.rsyslogd
Oct 25 20:51:23 ubuntu kernel: [    2.113358] CPU10: Booted secondary processor 0x000000000a [0x481fd010]
Oct 25 20:51:23 ubuntu kernel: [    2.235373] Detected VIPT I-cache on CPU11
Oct 25 20:51:23 ubuntu kernel: [    2.235414] GICv3: CPU11: found redistributor b region 0:0x0000000008200000
Oct 25 20:51:23 ubuntu kernel: [    2.235720] GICv3: CPU11: using allocated LPI pending table @0x000000053cae0000
Oct 25 20:51:23 ubuntu kernel: [    2.235759] CPU11: Booted secondary processor 0x000000000b [0x481fd010]
Oct 25 20:51:23 ubuntu kernel: [    2.344737] Detected VIPT I-cache on CPU12
Oct 25 20:51:23 ubuntu kernel: [    2.344778] GICv3: CPU12: found redistributor c region 0:0x0000000008220000
Oct 25 20:51:23 ubuntu kernel: [    2.345085] GICv3: CPU12: using allocated LPI pending table @0x000000053caf0000
Oct 25 20:51:23 ubuntu kernel: [    2.345117] CPU12: Booted secondary processor 0x000000000c [0x481fd010]
Oct 25 20:51:23 ubuntu kernel: [    2.625669] Detected VIPT I-cache on CPU13
Oct 25 20:51:23 ubuntu kernel: [    2.625716] GICv3: CPU13: found redistributor d region 0:0x0000000008240000
Oct 25 20:51:23 ubuntu kernel: [    2.625996] GICv3: CPU13: using allocated LPI pending table @0x000000053cb00000
Oct 25 20:51:23 ubuntu kernel: [    2.626033] CPU13: Booted secondary processor 0x000000000d [0x481fd010]
Oct 25 20:51:23 ubuntu kernel: [    2.876564] Detected VIPT I-cache on CPU14
Oct 25 20:51:23 ubuntu kernel: [    2.876630] GICv3: CPU14: found redistributor e region 0:0x0000000008260000
Oct 25 20:51:23 ubuntu kernel: [    2.876889] GICv3: CPU14: using allocated LPI pending table @0x000000053cb10000
Oct 25 20:51:23 ubuntu kernel: [    2.876924] CPU14: Booted secondary processor 0x000000000e [0x481fd010]
Oct 25 20:51:23 ubuntu kernel: [    3.158893] Detected VIPT I-cache on CPU15
Oct 25 20:51:23 ubuntu kernel: [    3.158938] GICv3: CPU15: found redistributor f region 0:0x0000000008280000
Oct 25 20:51:23 ubuntu kernel: [    3.159204] GICv3: CPU15: using allocated LPI pending table @0x000000053cb20000
Oct 25 20:51:23 ubuntu kernel: [    3.159238] CPU15: Booted secondary processor 0x000000000f [0x481fd010]
Oct 25 20:51:23 ubuntu kernel: [    3.268196] Detected VIPT I-cache on CPU16
Oct 25 20:51:23 ubuntu kernel: [    3.268297] GICv3: CPU16: found redistributor 100 region 0:0x00000000082a0000
Oct 25 20:51:23 ubuntu apparmor[1055]:    ...done.
Oct 25 20:51:23 ubuntu kernel: [    3.268665] GICv3: CPU16: using allocated LPI pending table @0x000000053cb30000
Oct 25 20:51:23 ubuntu systemd-networkd[1076]: enp1s0: Gained carrier
Oct 25 20:51:23 ubuntu kernel: [    3.268734] CPU16: Booted secondary processor 0x0000000100 [0x481fd010]
Oct 25 20:51:23 ubuntu kernel: [    3.553396] Detected VIPT I-cache on CPU17
Oct 25 20:51:23 ubuntu systemd[1]: Started AppArmor initialization.
Oct 25 20:51:23 ubuntu kernel: [    3.553441] GICv3: CPU17: found redistributor 101 region 0:0x00000000082c0000
Oct 25 20:51:23 ubuntu systemd-networkd-wait-online[1101]: ignoring: lo
Oct 25 20:51:23 ubuntu kernel: [    3.553715] GICv3: CPU17: using allocated LPI pending table @0x000000053cb40000
Oct 25 20:51:23 ubuntu kernel: [    3.553752] CPU17: Booted secondary processor 0x0000000101 [0x481fd010]
Oct 25 20:51:23 ubuntu kernel: [    3.663682] Detected VIPT I-cache on CPU18
Oct 25 20:51:23 ubuntu kernel: [    3.663787] GICv3: CPU18: found redistributor 102 region 0:0x00000000082e0000
Oct 25 20:51:23 ubuntu kernel: [    3.664188] GICv3: CPU18: using allocated LPI pending table @0x000000053cb50000
Oct 25 20:51:23 ubuntu kernel: [    3.664256] CPU18: Booted secondary processor 0x0000000102 [0x481fd010]
Oct 25 20:51:23 ubuntu kernel: [    3.946297] Detected VIPT I-cache on CPU19
Oct 25 20:51:23 ubuntu kernel: [    3.946355] GICv3: CPU19: found redistributor 103 region 0:0x0000000008300000
Oct 25 20:51:23 ubuntu systemd-networkd-wait-online[1101]: ignoring: lo
Oct 25 20:51:23 ubuntu systemd-timesyncd[1066]: Network configuration changed, trying to establish connection.
Oct 25 20:51:23 ubuntu kernel: [    3.946605] GICv3: CPU19: using allocated LPI pending table @0x000000053cb60000
Oct 25 20:51:23 ubuntu kernel: [    3.946646] CPU19: Booted secondary processor 0x0000000103 [0x481fd010]
Oct 25 20:51:23 ubuntu kernel: [    4.054962] Detected VIPT I-cache on CPU20
Oct 25 20:51:23 ubuntu systemd[1]: Reached target System Initialization.
Oct 25 20:51:23 ubuntu kernel: [    4.055041] GICv3: CPU20: found redistributor 104 region 0:0x0000000008320000
Oct 25 20:51:23 ubuntu kernel: [    4.055260] GICv3: CPU20: using allocated LPI pending table @0x000000053cb70000
Oct 25 20:51:23 ubuntu kernel: [    4.055293] CPU20: Booted secondary processor 0x0000000104 [0x481fd010]
Oct 25 20:51:23 ubuntu systemd[1]: Listening on UUID daemon activation socket.
Oct 25 20:51:23 ubuntu kernel: [    4.163700] Detected VIPT I-cache on CPU21
Oct 25 20:51:23 ubuntu kernel: [    4.163823] GICv3: CPU21: found redistributor 105 region 0:0x0000000008340000
Oct 25 20:51:23 ubuntu systemd[1]: Started Daily apt download activities.
Oct 25 20:51:23 ubuntu kernel: [    4.164221] GICv3: CPU21: using allocated LPI pending table @0x000000053cb80000
Oct 25 20:51:23 ubuntu kernel: [    4.164291] CPU21: Booted secondary processor 0x0000000105 [0x481fd010]
Oct 25 20:51:23 ubuntu kernel: [    4.447460] Detected VIPT I-cache on CPU22
Oct 25 20:51:23 ubuntu systemd[1]: Started Discard unused blocks once a week.
Oct 25 20:51:23 ubuntu kernel: [    4.447520] GICv3: CPU22: found redistributor 106 region 0:0x0000000008360000
Oct 25 20:51:23 ubuntu kernel: [    4.447775] GICv3: CPU22: using allocated LPI pending table @0x000000053cb90000
Oct 25 20:51:23 ubuntu systemd[1]: Started Message of the Day.
Oct 25 20:51:23 ubuntu kernel: [    4.447813] CPU22: Booted secondary processor 0x0000000106 [0x481fd010]
Oct 25 20:51:23 ubuntu kernel: [    4.739309] Detected VIPT I-cache on CPU23
Oct 25 20:51:23 ubuntu kernel: [    4.739393] GICv3: CPU23: found redistributor 107 region 0:0x0000000008380000
Oct 25 20:51:23 ubuntu systemd[1]: Started Daily apt upgrade and clean activities.
Oct 25 20:51:23 ubuntu kernel: [    4.739692] GICv3: CPU23: using allocated LPI pending table @0x000000053cba0000
Oct 25 20:51:23 ubuntu kernel: [    4.739732] CPU23: Booted secondary processor 0x0000000107 [0x481fd010]
Oct 25 20:51:23 ubuntu kernel: [    5.032063] Detected VIPT I-cache on CPU24
Oct 25 20:51:23 ubuntu kernel: [    5.032129] GICv3: CPU24: found redistributor 108 region 0:0x00000000083a0000
Oct 25 20:51:23 ubuntu systemd[1]: Listening on ACPID Listen Socket.
Oct 25 20:51:23 ubuntu kernel: [    5.032399] GICv3: CPU24: using allocated LPI pending table @0x000000053cbb0000
Oct 25 20:51:23 ubuntu kernel: [    5.032452] CPU24: Booted secondary processor 0x0000000108 [0x481fd010]
Oct 25 20:51:23 ubuntu kernel: [    5.152711] Detected VIPT I-cache on CPU25
Oct 25 20:51:23 ubuntu kernel: [    5.152771] GICv3: CPU25: found redistributor 109 region 0:0x00000000083c0000
Oct 25 20:51:23 ubuntu systemd[1]: Started Daily Cleanup of Temporary Directories.
Oct 25 20:51:23 ubuntu kernel: [    5.153035] GICv3: CPU25: using allocated LPI pending table @0x000000053cbc0000
Oct 25 20:51:23 ubuntu kernel: [    5.153082] CPU25: Booted secondary processor 0x0000000109 [0x481fd010]
Oct 25 20:51:23 ubuntu kernel: [    5.442772] Detected VIPT I-cache on CPU26
Oct 25 20:51:23 ubuntu systemd[1]: Started ACPI Events Check.
Oct 25 20:51:23 ubuntu kernel: [    5.442841] GICv3: CPU26: found redistributor 10a region 0:0x00000000083e0000
Oct 25 20:51:23 ubuntu kernel: [    5.443128] GICv3: CPU26: using allocated LPI pending table @0x000000053cbd0000
Oct 25 20:51:23 ubuntu kernel: [    5.443166] CPU26: Booted secondary processor 0x000000010a [0x481fd010]
Oct 25 20:51:23 ubuntu kernel: [    5.737081] Detected VIPT I-cache on CPU27
Oct 25 20:51:23 ubuntu systemd[1]: Reached target Paths.
Oct 25 20:51:23 ubuntu kernel: [    5.737154] GICv3: CPU27: found redistributor 10b region 0:0x0000000008400000
Oct 25 20:51:23 ubuntu kernel: [    5.737489] GICv3: CPU27: using allocated LPI pending table @0x000000053cbe0000
Oct 25 20:51:23 ubuntu kernel: [    5.737526] CPU27: Booted secondary processor 0x000000010b [0x481fd010]
Oct 25 20:51:23 ubuntu systemd[1]: Listening on D-Bus System Message Bus Socket.
Oct 25 20:51:23 ubuntu kernel: [    5.854263] Detected VIPT I-cache on CPU28
Oct 25 20:51:23 ubuntu kernel: [    5.854341] GICv3: CPU28: found redistributor 10c region 0:0x0000000008420000
Oct 25 20:51:23 ubuntu kernel: [    5.854719] GICv3: CPU28: using allocated LPI pending table @0x000000053cbf0000
Oct 25 20:51:23 ubuntu kernel: [    5.854762] CPU28: Booted secondary processor 0x000000010c [0x481fd010]
Oct 25 20:51:23 ubuntu systemd[1]: Reached target Timers.
Oct 25 20:51:23 ubuntu kernel: [    5.970179] Detected VIPT I-cache on CPU29
Oct 25 20:51:23 ubuntu kernel: [    5.970255] GICv3: CPU29: found redistributor 10d region 0:0x0000000008440000
Oct 25 20:51:23 ubuntu systemd[1]: Listening on Open-iSCSI iscsid Socket.
Oct 25 20:51:23 ubuntu systemd-resolved[1108]: Positive Trust Anchors:
Oct 25 20:51:23 ubuntu systemd-resolved[1108]: . IN DS 19036 8 2 49aac11d7b6f6446702e54a1607371607a1a41855200fd2ce1cdde32f24e8fb5
Oct 25 20:51:23 ubuntu systemd-resolved[1108]: . IN DS 20326 8 2 e06d44b80b8f1d39a95c0b0d7c65d08458e880409bbc683457104237c7f8ec8d
Oct 25 20:51:23 ubuntu systemd-resolved[1108]: Negative trust anchors: 10.in-addr.arpa 16.172.in-addr.arpa 17.172.in-addr.arpa 18.172.in-addr.arpa 19.172.in-addr.arpa 20.172.in-addr.arpa 21.172.in-addr.arpa 22.172.in-addr.arpa 23.172.in-addr.arpa 24.172.in-addr.arpa 25.172.in-addr.arpa 26.172.in-addr.arpa 27.172.in-addr.arpa 28.172.in-addr.arpa 29.172.in-addr.arpa 30.172.in-addr.arpa 31.172.in-addr.arpa 168.192.in-addr.arpa d.f.ip6.arpa corp home internal intranet lan local private test
Oct 25 20:51:23 ubuntu systemd-resolved[1108]: Using system hostname 'ubuntu'.
Oct 25 20:51:23 ubuntu kernel: [    5.970480] GICv3: CPU29: using allocated LPI pending table @0x000000051f800000
Oct 25 20:51:23 ubuntu kernel: [    5.970517] CPU29: Booted secondary processor 0x000000010d [0x481fd010]
Oct 25 20:51:23 ubuntu kernel: [    6.264776] Detected VIPT I-cache on CPU30
Oct 25 20:51:23 ubuntu systemd[1]: Starting LXD - unix socket.
Oct 25 20:51:23 ubuntu kernel: [    6.264854] GICv3: CPU30: found redistributor 10e region 0:0x0000000008460000
Oct 25 20:51:23 ubuntu systemd[1]: Starting Socket activation for snappy daemon.
Oct 25 20:51:23 ubuntu kernel: [    6.265249] GICv3: CPU30: using allocated LPI pending table @0x000000051f810000
Oct 25 20:51:23 ubuntu kernel: [    6.265294] CPU30: Booted secondary processor 0x000000010e [0x481fd010]
Oct 25 20:51:23 ubuntu systemd[1]: Started Network Name Resolution.
Oct 25 20:51:23 ubuntu kernel: [    6.561656] Detected VIPT I-cache on CPU31
Oct 25 20:51:23 ubuntu systemd[1]: Listening on LXD - unix socket.
Oct 25 20:51:23 ubuntu kernel: [    6.561730] GICv3: CPU31: found redistributor 10f region 0:0x0000000008480000
Oct 25 20:51:23 ubuntu kernel: [    6.562018] GICv3: CPU31: using allocated LPI pending table @0x000000051f820000
Oct 25 20:51:23 ubuntu kernel: [    6.562057] CPU31: Booted secondary processor 0x000000010f [0x481fd010]
Oct 25 20:51:23 ubuntu systemd[1]: Reached target Host and Network Name Lookups.
Oct 25 20:51:23 ubuntu kernel: [    6.562168] smp: Brought up 1 node, 32 CPUs
Oct 25 20:51:23 ubuntu systemd[1]: Reached target Network.
Oct 25 20:51:23 ubuntu kernel: [    6.562226] SMP: Total of 32 processors activated.
Oct 25 20:51:23 ubuntu kernel: [    6.562228] CPU features: detected: Privileged Access Never
Oct 25 20:51:23 ubuntu kernel: [    6.562229] CPU features: detected: LSE atomic instructions
Oct 25 20:51:23 ubuntu kernel: [    6.562231] CPU features: detected: User Access Override
Oct 25 20:51:23 ubuntu systemd[1]: Listening on Socket activation for snappy daemon.
Oct 25 20:51:23 ubuntu kernel: [    6.562233] CPU features: detected: Common not Private translations
Oct 25 20:51:23 ubuntu kernel: [    6.562234] CPU features: detected: Data cache clean to Point of Persistence
Oct 25 20:51:23 ubuntu kernel: [    6.562236] CPU features: detected: RAS Extension Support
Oct 25 20:51:23 ubuntu kernel: [    6.562237] CPU features: detected: CRC32 instructions
Oct 25 20:51:23 ubuntu systemd[1]: Reached target Sockets.
Oct 25 20:51:23 ubuntu kernel: [    6.678847] CPU: All CPU(s) started at EL1
Oct 25 20:51:23 ubuntu kernel: [    6.679223] alternatives: patching kernel code
Oct 25 20:51:23 ubuntu kernel: [    6.684533] devtmpfs: initialized
Oct 25 20:51:23 ubuntu kernel: [    6.686182] Registered cp15_barrier emulation handler
Oct 25 20:51:23 ubuntu kernel: [    6.686353] Registered setend emulation handler
Oct 25 20:51:23 ubuntu systemd[1]: Reached target Basic System.
Oct 25 20:51:23 ubuntu kernel: [    6.686358] KASLR disabled due to lack of seed
Oct 25 20:51:23 ubuntu kernel: [    6.687225] clocksource: jiffies: mask: 0xffffffff max_cycles: 0xffffffff, max_idle_ns: 7645041785100000 ns
Oct 25 20:51:23 ubuntu kernel: [    6.687572] futex hash table entries: 8192 (order: 7, 524288 bytes, linear)
Oct 25 20:51:23 ubuntu systemd[1]: Started D-Bus System Message Bus.
Oct 25 20:51:23 ubuntu kernel: [    6.688720] pinctrl core: initialized pinctrl subsystem
Oct 25 20:51:23 ubuntu kernel: [    6.689269] thermal_sys: Registered thermal governor 'fair_share'
Oct 25 20:51:23 ubuntu systemd[1]: Starting Dispatcher daemon for systemd-networkd...
Oct 25 20:51:23 ubuntu kernel: [    6.689280] thermal_sys: Registered thermal governor 'bang_bang'
Oct 25 20:51:23 ubuntu kernel: [    6.689282] thermal_sys: Registered thermal governor 'step_wise'
Oct 25 20:51:23 ubuntu systemd[1]: Starting LSB: Record successful boot for GRUB...
Oct 25 20:51:23 ubuntu kernel: [    6.689284] thermal_sys: Registered thermal governor 'user_space'
Oct 25 20:51:23 ubuntu kernel: [    6.689403] SMBIOS 3.0.0 present.
Oct 25 20:51:23 ubuntu kernel: [    6.689407] DMI: QEMU KVM Virtual Machine, BIOS 0.0.0 02/06/2015
Oct 25 20:51:23 ubuntu systemd[1]: Started Deferred execution scheduler.
Oct 25 20:51:23 ubuntu kernel: [    6.690173] NET: Registered protocol family 16
Oct 25 20:51:23 ubuntu kernel: [    6.692647] DMA: preallocated 256 KiB pool for atomic allocations
Oct 25 20:51:23 ubuntu systemd[1]: Started FUSE filesystem for LXC.
Oct 25 20:51:23 ubuntu kernel: [    6.692656] audit: initializing netlink subsys (disabled)
Oct 25 20:51:23 ubuntu kernel: [    6.693031] audit: type=2000 audit(6.560:1): state=initialized audit_enabled=0 res=1
Oct 25 20:51:23 ubuntu systemd[1]: Starting LXD - container startup/shutdown...
Oct 25 20:51:23 ubuntu kernel: [    6.693523] cpuidle: using governor ladder
Oct 25 20:51:23 ubuntu kernel: [    6.693537] cpuidle: using governor menu
Oct 25 20:51:23 ubuntu kernel: [    6.693627] hw-breakpoint: found 6 breakpoint and 4 watchpoint registers.
Oct 25 20:51:23 ubuntu systemd[1]: Started irqbalance daemon.
Oct 25 20:51:23 ubuntu kernel: [    6.696057] ASID allocator initialised with 65536 entries
Oct 25 20:51:23 ubuntu kernel: [    6.696228] ACPI: bus type PCI registered
Oct 25 20:51:23 ubuntu kernel: [    6.696240] acpiphp: ACPI Hot Plug PCI Controller Driver version: 0.5
Oct 25 20:51:23 ubuntu kernel: [    6.696484] Serial: AMBA PL011 UART driver
Oct 25 20:51:23 ubuntu lxcfs[1134]: mount namespace: 5
Oct 25 20:51:23 ubuntu kernel: [    6.700872] HugeTLB registered 1.00 GiB page size, pre-allocated 0 pages
Oct 25 20:51:23 ubuntu kernel: [    6.700874] HugeTLB registered 32.0 MiB page size, pre-allocated 0 pages
Oct 25 20:51:23 ubuntu kernel: [    6.700876] HugeTLB registered 2.00 MiB page size, pre-allocated 0 pages
Oct 25 20:51:23 ubuntu kernel: [    6.700877] HugeTLB registered 64.0 KiB page size, pre-allocated 0 pages
Oct 25 20:51:23 ubuntu lxcfs[1134]: hierarchies:
Oct 25 20:51:23 ubuntu kernel: [    6.719179] ACPI: Added _OSI(Module Device)
Oct 25 20:51:23 ubuntu kernel: [    6.719183] ACPI: Added _OSI(Processor Device)
Oct 25 20:51:23 ubuntu kernel: [    6.719185] ACPI: Added _OSI(3.0 _SCP Extensions)
Oct 25 20:51:23 ubuntu kernel: [    6.719186] ACPI: Added _OSI(Processor Aggregator Device)
Oct 25 20:51:23 ubuntu lxcfs[1134]:   0: fd:   6: perf_event
Oct 25 20:51:23 ubuntu kernel: [    6.719188] ACPI: Added _OSI(Linux-Dell-Video)
Oct 25 20:51:23 ubuntu kernel: [    6.719190] ACPI: Added _OSI(Linux-Lenovo-NV-HDMI-Audio)
Oct 25 20:51:23 ubuntu kernel: [    6.719191] ACPI: Added _OSI(Linux-HPI-Hybrid-Graphics)
Oct 25 20:51:23 ubuntu kernel: [    6.720068] ACPI: 1 ACPI AML tables successfully acquired and loaded
Oct 25 20:51:23 ubuntu kernel: [    6.720672] ACPI: Interpreter enabled
Oct 25 20:51:23 ubuntu lxcfs[1134]:   1: fd:   7: cpuset
Oct 25 20:51:23 ubuntu kernel: [    6.720674] ACPI: Using GIC for interrupt routing
Oct 25 20:51:23 ubuntu kernel: [    6.720692] ACPI: MCFG table detected, 1 entries
Oct 25 20:51:23 ubuntu kernel: [    6.725392] ARMH0011:00: ttyAMA0 at MMIO 0x9000000 (irq = 4, base_baud = 0) is a SBSA
Oct 25 20:51:23 ubuntu lxcfs[1134]:   2: fd:   8: hugetlb
Oct 25 20:51:23 ubuntu kernel: [    6.874375] printk: console [ttyAMA0] enabled
Oct 25 20:51:23 ubuntu kernel: [    6.876869] ACPI: PCI Root Bridge [PCI0] (domain 0000 [bus 00-0f])
Oct 25 20:51:23 ubuntu kernel: [    6.877503] acpi PNP0A08:00: _OSC: OS supports [ExtendedConfig ASPM ClockPM Segments MSI HPX-Type3]
Oct 25 20:51:23 ubuntu kernel: [    6.878493] acpi PNP0A08:00: _OSC: platform does not support [SHPCHotplug LTR]
Oct 25 20:51:23 ubuntu kernel: [    6.879258] acpi PNP0A08:00: _OSC: OS now controls [PCIeHotplug PME AER PCIeCapability]
Oct 25 20:51:23 ubuntu kernel: [    6.880352] acpi PNP0A08:00: ECAM area [mem 0x3f000000-0x3fffffff] reserved by PNP0C02:00
Oct 25 20:51:23 ubuntu kernel: [    6.881199] acpi PNP0A08:00: ECAM at [mem 0x3f000000-0x3fffffff] for [bus 00-0f]
Oct 25 20:51:23 ubuntu kernel: [    6.881951] Remapped I/O 0x000000003eff0000 to [io  0x0000-0xffff window]
Oct 25 20:51:23 ubuntu kernel: [    6.882786] PCI host bridge to bus 0000:00
Oct 25 20:51:23 ubuntu lxcfs[1134]:   3: fd:   9: devices
Oct 25 20:51:23 ubuntu kernel: [    6.883175] pci_bus 0000:00: root bus resource [mem 0x10000000-0x3efeffff window]
Oct 25 20:51:23 ubuntu kernel: [    6.883863] pci_bus 0000:00: root bus resource [io  0x0000-0xffff window]
Oct 25 20:51:23 ubuntu kernel: [    6.884494] pci_bus 0000:00: root bus resource [mem 0x8000000000-0xffffffffff window]
Oct 25 20:51:23 ubuntu kernel: [    6.885214] pci_bus 0000:00: root bus resource [bus 00-0f]
Oct 25 20:51:23 ubuntu kernel: [    6.885796] pci 0000:00:00.0: [1b36:0008] type 00 class 0x060000
Oct 25 20:51:23 ubuntu lxcfs[1134]:   4: fd:  10: freezer
Oct 25 20:51:23 ubuntu kernel: [    6.886772] pci 0000:00:01.0: [1b36:000c] type 01 class 0x060400
Oct 25 20:51:23 ubuntu kernel: [    6.888859] pci 0000:00:01.0: reg 0x10: [mem 0x10303000-0x10303fff]
Oct 25 20:51:23 ubuntu kernel: [    6.892163] pci 0000:00:01.1: [1b36:000c] type 01 class 0x060400
Oct 25 20:51:23 ubuntu kernel: [    6.894195] pci 0000:00:01.1: reg 0x10: [mem 0x10302000-0x10302fff]
Oct 25 20:51:23 ubuntu lxcfs[1134]:   5: fd:  11: blkio
Oct 25 20:51:23 ubuntu kernel: [    6.897685] pci 0000:00:01.2: [1b36:000c] type 01 class 0x060400
Oct 25 20:51:23 ubuntu kernel: [    6.903691] pci 0000:00:01.2: reg 0x10: [mem 0x10301000-0x10301fff]
Oct 25 20:51:23 ubuntu kernel: [    6.910951] pci 0000:00:01.3: [1b36:000c] type 01 class 0x060400
Oct 25 20:51:23 ubuntu kernel: [    6.915798] pci 0000:00:01.3: reg 0x10: [mem 0x10300000-0x10300fff]
Oct 25 20:51:23 ubuntu lxcfs[1134]:   6: fd:  12: rdma
Oct 25 20:51:23 ubuntu kernel: [    6.920466] pci 0000:01:00.0: [1af4:1041] type 00 class 0x020000
Oct 25 20:51:23 ubuntu kernel: [    6.922990] pci 0000:01:00.0: reg 0x14: [mem 0x10200000-0x10200fff]
Oct 25 20:51:23 ubuntu kernel: [    6.928735] pci 0000:01:00.0: reg 0x20: [mem 0x8000000000-0x8000003fff 64bit pref]
Oct 25 20:51:23 ubuntu lxcfs[1134]:   7: fd:  13: pids
Oct 25 20:51:23 ubuntu kernel: [    6.930479] pci 0000:01:00.0: reg 0x30: [mem 0xfff80000-0xffffffff pref]
Oct 25 20:51:23 ubuntu kernel: [    6.932800] pci 0000:02:00.0: [1b36:000d] type 00 class 0x0c0330
Oct 25 20:51:23 ubuntu kernel: [    6.933665] pci 0000:02:00.0: reg 0x10: [mem 0x10100000-0x10103fff 64bit]
Oct 25 20:51:23 ubuntu kernel: [    6.935451] pci 0000:03:00.0: [1af4:1048] type 00 class 0x010000
Oct 25 20:51:23 ubuntu lxcfs[1134]:   8: fd:  14: memory
Oct 25 20:51:23 ubuntu kernel: [    6.939284] pci 0000:03:00.0: reg 0x14: [mem 0x10000000-0x10000fff]
Oct 25 20:51:23 ubuntu kernel: [    6.941824] pci 0000:03:00.0: reg 0x20: [mem 0x8000100000-0x8000103fff 64bit pref]
Oct 25 20:51:23 ubuntu kernel: [    6.947486] pci 0000:00:01.0: bridge window [io  0x1000-0x0fff] to [bus 01] add_size 1000
Oct 25 20:51:23 ubuntu lxcfs[1134]:   9: fd:  15: net_cls,net_prio
Oct 25 20:51:23 ubuntu kernel: [    6.951848] pci 0000:00:01.0: bridge window [mem 0x00100000-0x001fffff 64bit pref] to [bus 01] add_size 100000 add_align 100000
Oct 25 20:51:23 ubuntu kernel: [    6.953359] pci 0000:00:01.0: bridge window [mem 0x00100000-0x001fffff] to [bus 01] add_size 100000 add_align 100000
Oct 25 20:51:23 ubuntu lxcfs[1134]:  10: fd:  16: cpu,cpuacct
Oct 25 20:51:23 ubuntu kernel: [    6.954743] pci 0000:00:01.1: bridge window [io  0x1000-0x0fff] to [bus 02] add_size 1000
Oct 25 20:51:23 ubuntu kernel: [    6.955834] pci 0000:00:01.1: bridge window [mem 0x00100000-0x000fffff 64bit pref] to [bus 02] add_size 200000 add_align 100000
Oct 25 20:51:23 ubuntu lxcfs[1134]:  11: fd:  17: name=systemd
Oct 25 20:51:23 ubuntu kernel: [    6.957475] pci 0000:00:01.1: bridge window [mem 0x00100000-0x001fffff] to [bus 02] add_size 100000 add_align 100000
Oct 25 20:51:23 ubuntu kernel: [    6.958803] pci 0000:00:01.2: bridge window [io  0x1000-0x0fff] to [bus 03] add_size 1000
Oct 25 20:51:23 ubuntu lxcfs[1134]:  12: fd:  18: unified
Oct 25 20:51:23 ubuntu kernel: [    6.959684] pci 0000:00:01.2: bridge window [mem 0x00100000-0x001fffff 64bit pref] to [bus 03] add_size 100000 add_align 100000
Oct 25 20:51:23 ubuntu kernel: [    6.960916] pci 0000:00:01.2: bridge window [mem 0x00100000-0x001fffff] to [bus 03] add_size 100000 add_align 100000
Oct 25 20:51:23 ubuntu systemd[1]: Starting Login Service...
Oct 25 20:51:23 ubuntu kernel: [    6.962066] pci 0000:00:01.3: bridge window [io  0x1000-0x0fff] to [bus 04] add_size 1000
Oct 25 20:51:23 ubuntu kernel: [    6.962937] pci 0000:00:01.3: bridge window [mem 0x00100000-0x000fffff 64bit pref] to [bus 04] add_size 200000 add_align 100000
Oct 25 20:51:23 ubuntu kernel: [    6.964140] pci 0000:00:01.3: bridge window [mem 0x00100000-0x000fffff] to [bus 04] add_size 200000 add_align 100000
Oct 25 20:51:23 ubuntu kernel: [    6.965307] pci 0000:00:01.0: BAR 14: assigned [mem 0x10000000-0x101fffff]
Oct 25 20:51:23 ubuntu systemd[1]: Starting Accounts Service...
Oct 25 20:51:23 ubuntu kernel: [    6.966058] pci 0000:00:01.0: BAR 15: assigned [mem 0x8000000000-0x80001fffff 64bit pref]
Oct 25 20:51:23 ubuntu systemd[1]: Starting System Logging Service...
Oct 25 20:51:23 ubuntu systemd[1]: Started Regular background program processing daemon.
Oct 25 20:51:23 ubuntu systemd[1]: Starting Snappy daemon...
Oct 25 20:51:23 ubuntu /usr/sbin/irqbalance: IRQ arch_timer(2) guessed as class 0
Oct 25 20:51:23 ubuntu kernel: [    6.967014] pci 0000:00:01.1: BAR 14: assigned [mem 0x10200000-0x103fffff]
Oct 25 20:51:23 ubuntu kernel: [    6.967700] pci 0000:00:01.1: BAR 15: assigned [mem 0x8000200000-0x80003fffff 64bit pref]
Oct 25 20:51:23 ubuntu kernel: [    6.968531] pci 0000:00:01.2: BAR 14: assigned [mem 0x10400000-0x105fffff]
Oct 25 20:51:23 ubuntu /usr/sbin/irqbalance: IRQ uart-pl011(4) guessed as class 0
Oct 25 20:51:23 ubuntu kernel: [    6.969213] pci 0000:00:01.2: BAR 15: assigned [mem 0x8000400000-0x80005fffff 64bit pref]
Oct 25 20:51:23 ubuntu kernel: [    6.970024] pci 0000:00:01.3: BAR 14: assigned [mem 0x10600000-0x107fffff]
Oct 25 20:51:23 ubuntu kernel: [    6.970707] pci 0000:00:01.3: BAR 15: assigned [mem 0x8000600000-0x80007fffff 64bit pref]
Oct 25 20:51:23 ubuntu kernel: [    6.971533] pci 0000:00:01.0: BAR 0: assigned [mem 0x10800000-0x10800fff]
Oct 25 20:51:23 ubuntu kernel: [    6.972678] pci 0000:00:01.0: BAR 13: assigned [io  0x1000-0x1fff]
Oct 25 20:51:23 ubuntu kernel: [    6.973288] pci 0000:00:01.1: BAR 0: assigned [mem 0x10801000-0x10801fff]
Oct 25 20:51:23 ubuntu kernel: [    6.974359] pci 0000:00:01.1: BAR 13: assigned [io  0x2000-0x2fff]
Oct 25 20:51:23 ubuntu kernel: [    6.974955] pci 0000:00:01.2: BAR 0: assigned [mem 0x10802000-0x10802fff]
Oct 25 20:51:23 ubuntu kernel: [    6.976004] pci 0000:00:01.2: BAR 13: assigned [io  0x3000-0x3fff]
Oct 25 20:51:23 ubuntu kernel: [    6.976636] pci 0000:00:01.3: BAR 0: assigned [mem 0x10803000-0x10803fff]
Oct 25 20:51:23 ubuntu /usr/sbin/irqbalance: IRQ arm-pmu(42) guessed as class 0
Oct 25 20:51:23 ubuntu kernel: [    6.977635] pci 0000:00:01.3: BAR 13: assigned [io  0x4000-0x4fff]
Oct 25 20:51:23 ubuntu kernel: [    6.978276] pci 0000:01:00.0: BAR 6: assigned [mem 0x10000000-0x1007ffff pref]
Oct 25 20:51:23 ubuntu kernel: [    6.979010] pci 0000:01:00.0: BAR 4: assigned [mem 0x8000000000-0x8000003fff 64bit pref]
Oct 25 20:51:23 ubuntu /usr/sbin/irqbalance: IRQ ACPI:Event(43) guessed as class 0
Oct 25 20:51:23 ubuntu kernel: [    6.980537] pci 0000:01:00.0: BAR 1: assigned [mem 0x10080000-0x10080fff]
Oct 25 20:51:23 ubuntu kernel: [    6.981550] pci 0000:00:01.0: PCI bridge to [bus 01]
Oct 25 20:51:23 ubuntu kernel: [    6.982069] pci 0000:00:01.0:   bridge window [io  0x1000-0x1fff]
Oct 25 20:51:23 ubuntu kernel: [    6.983315] pci 0000:00:01.0:   bridge window [mem 0x10000000-0x101fffff]
Oct 25 20:51:23 ubuntu /usr/sbin/irqbalance: IRQ pciehp(44) guessed as class 0
Oct 25 20:51:23 ubuntu kernel: [    6.984466] pci 0000:00:01.0:   bridge window [mem 0x8000000000-0x80001fffff 64bit pref]
Oct 25 20:51:23 ubuntu kernel: [    6.986140] pci 0000:02:00.0: BAR 0: assigned [mem 0x10200000-0x10203fff 64bit]
Oct 25 20:51:23 ubuntu kernel: [    6.986886] pci 0000:00:01.1: PCI bridge to [bus 02]
Oct 25 20:51:23 ubuntu /usr/sbin/irqbalance: IRQ pciehp(45) guessed as class 0
Oct 25 20:51:23 ubuntu kernel: [    6.987405] pci 0000:00:01.1:   bridge window [io  0x2000-0x2fff]
Oct 25 20:51:23 ubuntu kernel: [    6.988707] pci 0000:00:01.1:   bridge window [mem 0x10200000-0x103fffff]
Oct 25 20:51:23 ubuntu kernel: [    6.989783] pci 0000:00:01.1:   bridge window [mem 0x8000200000-0x80003fffff 64bit pref]
Oct 25 20:51:23 ubuntu /usr/sbin/irqbalance: IRQ pciehp(46) guessed as class 0
Oct 25 20:51:23 ubuntu kernel: [    6.991442] pci 0000:03:00.0: BAR 4: assigned [mem 0x8000400000-0x8000403fff 64bit pref]
Oct 25 20:51:23 ubuntu kernel: [    6.995977] pci 0000:03:00.0: BAR 1: assigned [mem 0x10400000-0x10400fff]
Oct 25 20:51:23 ubuntu kernel: [    6.997032] pci 0000:00:01.2: PCI bridge to [bus 03]
Oct 25 20:51:23 ubuntu /usr/sbin/irqbalance: IRQ pciehp(47) guessed as class 0
Oct 25 20:51:23 ubuntu kernel: [    6.997514] pci 0000:00:01.2:   bridge window [io  0x3000-0x3fff]
Oct 25 20:51:23 ubuntu kernel: [    6.998817] pci 0000:00:01.2:   bridge window [mem 0x10400000-0x105fffff]
Oct 25 20:51:23 ubuntu kernel: [    7.000386] pci 0000:00:01.2:   bridge window [mem 0x8000400000-0x80005fffff 64bit pref]
Oct 25 20:51:23 ubuntu /usr/sbin/irqbalance: IRQ xhci_hcd(48) guessed as class 0
Oct 25 20:51:23 ubuntu kernel: [    7.002836] pci 0000:00:01.3: PCI bridge to [bus 04]
Oct 25 20:51:23 ubuntu kernel: [    7.003534] pci 0000:00:01.3:   bridge window [io  0x4000-0x4fff]
Oct 25 20:51:23 ubuntu kernel: [    7.005305] pci 0000:00:01.3:   bridge window [mem 0x10600000-0x107fffff]
Oct 25 20:51:23 ubuntu kernel: [    7.008361] pci 0000:00:01.3:   bridge window [mem 0x8000600000-0x80007fffff 64bit pref]
Oct 25 20:51:23 ubuntu /usr/sbin/irqbalance: IRQ xhci_hcd(49) guessed as class 0
Oct 25 20:51:23 ubuntu kernel: [    7.010169] pci_bus 0000:00: resource 4 [mem 0x10000000-0x3efeffff window]
Oct 25 20:51:23 ubuntu kernel: [    7.010891] pci_bus 0000:00: resource 5 [io  0x0000-0xffff window]
Oct 25 20:51:23 ubuntu kernel: [    7.011526] pci_bus 0000:00: resource 6 [mem 0x8000000000-0xffffffffff window]
Oct 25 20:51:23 ubuntu kernel: [    7.012322] pci_bus 0000:01: resource 0 [io  0x1000-0x1fff]
Oct 25 20:51:23 ubuntu /usr/sbin/irqbalance: IRQ xhci_hcd(50) guessed as class 0
Oct 25 20:51:23 ubuntu kernel: [    7.012946] pci_bus 0000:01: resource 1 [mem 0x10000000-0x101fffff]
Oct 25 20:51:23 ubuntu kernel: [    7.013617] pci_bus 0000:01: resource 2 [mem 0x8000000000-0x80001fffff 64bit pref]
Oct 25 20:51:23 ubuntu /usr/sbin/irqbalance: IRQ xhci_hcd(51) guessed as class 0
Oct 25 20:51:23 ubuntu kernel: [    7.014435] pci_bus 0000:02: resource 0 [io  0x2000-0x2fff]
Oct 25 20:51:23 ubuntu kernel: [    7.015041] pci_bus 0000:02: resource 1 [mem 0x10200000-0x103fffff]
Oct 25 20:51:23 ubuntu kernel: [    7.015693] pci_bus 0000:02: resource 2 [mem 0x8000200000-0x80003fffff 64bit pref]
Oct 25 20:51:23 ubuntu kernel: [    7.016533] pci_bus 0000:03: resource 0 [io  0x3000-0x3fff]
Oct 25 20:51:23 ubuntu /usr/sbin/irqbalance: IRQ xhci_hcd(52) guessed as class 0
Oct 25 20:51:23 ubuntu kernel: [    7.017166] pci_bus 0000:03: resource 1 [mem 0x10400000-0x105fffff]
Oct 25 20:51:23 ubuntu kernel: [    7.017808] pci_bus 0000:03: resource 2 [mem 0x8000400000-0x80005fffff 64bit pref]
Oct 25 20:51:23 ubuntu kernel: [    7.018641] pci_bus 0000:04: resource 0 [io  0x4000-0x4fff]
Oct 25 20:51:23 ubuntu /usr/sbin/irqbalance: IRQ xhci_hcd(53) guessed as class 0
Oct 25 20:51:23 ubuntu kernel: [    7.019224] pci_bus 0000:04: resource 1 [mem 0x10600000-0x107fffff]
Oct 25 20:51:23 ubuntu /usr/sbin/irqbalance: IRQ xhci_hcd(54) guessed as class 0
Oct 25 20:51:23 ubuntu kernel: [    7.019895] pci_bus 0000:04: resource 2 [mem 0x8000600000-0x80007fffff 64bit pref]
Oct 25 20:51:23 ubuntu /usr/sbin/irqbalance: IRQ xhci_hcd(55) guessed as class 0
Oct 25 20:51:23 ubuntu kernel: [    7.020869] ACPI: PCI Interrupt Link [GSI0] (IRQs *35)
Oct 25 20:51:23 ubuntu kernel: [    7.021461] ACPI: PCI Interrupt Link [GSI1] (IRQs *36)
Oct 25 20:51:23 ubuntu kernel: [    7.022014] ACPI: PCI Interrupt Link [GSI2] (IRQs *37)
Oct 25 20:51:23 ubuntu /usr/sbin/irqbalance: IRQ xhci_hcd(56) guessed as class 0
Oct 25 20:51:23 ubuntu kernel: [    7.022653] ACPI: PCI Interrupt Link [GSI3] (IRQs *38)
Oct 25 20:51:23 ubuntu kernel: [    7.025065] iommu: Default domain type: Translated 
Oct 25 20:51:23 ubuntu kernel: [    7.025704] vgaarb: loaded
Oct 25 20:51:23 ubuntu /usr/sbin/irqbalance: IRQ xhci_hcd(57) guessed as class 0
Oct 25 20:51:23 ubuntu kernel: [    7.026674] SCSI subsystem initialized
Oct 25 20:51:23 ubuntu kernel: [    7.027774] libata version 3.00 loaded.
Oct 25 20:51:23 ubuntu kernel: [    7.027841] ACPI: bus type USB registered
Oct 25 20:51:23 ubuntu kernel: [    7.028296] usbcore: registered new interface driver usbfs
Oct 25 20:51:23 ubuntu /usr/sbin/irqbalance: IRQ xhci_hcd(58) guessed as class 0
Oct 25 20:51:23 ubuntu kernel: [    7.028899] usbcore: registered new interface driver hub
Oct 25 20:51:23 ubuntu kernel: [    7.030175] usbcore: registered new device driver usb
Oct 25 20:51:23 ubuntu kernel: [    7.030799] pps_core: LinuxPPS API ver. 1 registered
Oct 25 20:51:23 ubuntu /usr/sbin/irqbalance: IRQ xhci_hcd(59) guessed as class 0
Oct 25 20:51:23 ubuntu kernel: [    7.031298] pps_core: Software ver. 5.3.6 - Copyright 2005-2007 Rodolfo Giometti <giometti@linux.it>
Oct 25 20:51:23 ubuntu kernel: [    7.032197] PTP clock support registered
Oct 25 20:51:23 ubuntu kernel: [    7.033661] EDAC MC: Ver: 3.0.0
Oct 25 20:51:23 ubuntu kernel: [    7.034543] Registered efivars operations
Oct 25 20:51:23 ubuntu /usr/sbin/irqbalance: IRQ xhci_hcd(60) guessed as class 0
Oct 25 20:51:23 ubuntu kernel: [    7.038213] NetLabel: Initializing
Oct 25 20:51:23 ubuntu kernel: [    7.038584] NetLabel:  domain hash size = 128
Oct 25 20:51:23 ubuntu kernel: [    7.039078] NetLabel:  protocols = UNLABELED CIPSOv4 CALIPSO
Oct 25 20:51:23 ubuntu kernel: [    7.039739] NetLabel:  unlabeled traffic allowed by default
Oct 25 20:51:23 ubuntu /usr/sbin/irqbalance: IRQ xhci_hcd(61) guessed as class 0
Oct 25 20:51:23 ubuntu kernel: [    7.041440] clocksource: Switched to clocksource arch_sys_counter
Oct 25 20:51:23 ubuntu kernel: [    7.067140] VFS: Disk quotas dquot_6.6.0
Oct 25 20:51:23 ubuntu kernel: [    7.067565] VFS: Dquot-cache hash table entries: 512 (order 0, 4096 bytes)
Oct 25 20:51:23 ubuntu kernel: [    7.069277] AppArmor: AppArmor Filesystem Enabled
Oct 25 20:51:23 ubuntu /usr/sbin/irqbalance: IRQ xhci_hcd(62) guessed as class 0
Oct 25 20:51:23 ubuntu kernel: [    7.069889] pnp: PnP ACPI init
Oct 25 20:51:23 ubuntu kernel: [    7.070502] system 00:00: [mem 0x3f000000-0x3fffffff] could not be reserved
Oct 25 20:51:23 ubuntu kernel: [    7.071246] system 00:00: Plug and Play ACPI device, IDs PNP0c02 (active)
Oct 25 20:51:23 ubuntu kernel: [    7.071253] pnp: PnP ACPI: found 1 devices
Oct 25 20:51:23 ubuntu /usr/sbin/irqbalance: IRQ xhci_hcd(63) guessed as class 0
Oct 25 20:51:23 ubuntu kernel: [    7.077112] NET: Registered protocol family 2
Oct 25 20:51:23 ubuntu kernel: [    7.079399] tcp_listen_portaddr_hash hash table entries: 16384 (order: 6, 262144 bytes, linear)
Oct 25 20:51:23 ubuntu kernel: [    7.084708] TCP established hash table entries: 262144 (order: 9, 2097152 bytes, linear)
Oct 25 20:51:23 ubuntu /usr/sbin/irqbalance: IRQ virtio1-config(64) guessed as class 0
Oct 25 20:51:23 ubuntu kernel: [    7.087470] TCP bind hash table entries: 65536 (order: 8, 1048576 bytes, linear)
Oct 25 20:51:23 ubuntu kernel: [    7.088383] TCP: Hash tables configured (established 262144 bind 65536)
Oct 25 20:51:23 ubuntu kernel: [    7.089712] UDP hash table entries: 16384 (order: 7, 524288 bytes, linear)
Oct 25 20:51:23 ubuntu kernel: [    7.090863] UDP-Lite hash table entries: 16384 (order: 7, 524288 bytes, linear)
Oct 25 20:51:23 ubuntu /usr/sbin/irqbalance: IRQ virtio1-control(65) guessed as class 0
Oct 25 20:51:23 ubuntu kernel: [    7.091992] NET: Registered protocol family 1
Oct 25 20:51:23 ubuntu kernel: [    7.092504] NET: Registered protocol family 44
Oct 25 20:51:23 ubuntu kernel: [    7.093093] pci 0000:02:00.0: enabling device (0000 -> 0002)
Oct 25 20:51:23 ubuntu kernel: [    7.094285] PCI: CLS 0 bytes, default 64
Oct 25 20:51:23 ubuntu /usr/sbin/irqbalance: IRQ virtio1-event(66) guessed as class 0
Oct 25 20:51:23 ubuntu kernel: [    7.094957] Trying to unpack rootfs image as initramfs...
Oct 25 20:51:23 ubuntu kernel: [    8.113033] Freeing initrd memory: 61288K
Oct 25 20:51:23 ubuntu kernel: [    8.141331] hw perfevents: enabled with armv8_pmuv3_0 PMU driver, 13 counters available
Oct 25 20:51:23 ubuntu kernel: [    8.142854] kvm [1]: HYP mode not available
Oct 25 20:51:23 ubuntu /usr/sbin/irqbalance: IRQ virtio1-request(67) guessed as class 0
Oct 25 20:51:23 ubuntu kernel: [    8.144845] Initialise system trusted keyrings
Oct 25 20:51:23 ubuntu kernel: [    8.145743] Key type blacklist registered
Oct 25 20:51:23 ubuntu kernel: [    8.146528] workingset: timestamp_bits=40 max_order=23 bucket_order=0
Oct 25 20:51:23 ubuntu kernel: [    8.148636] zbud: loaded
Oct 25 20:51:23 ubuntu /usr/sbin/irqbalance: IRQ virtio0-config(68) guessed as class 0
Oct 25 20:51:23 ubuntu kernel: [    8.149442] squashfs: version 4.0 (2009/01/31) Phillip Lougher
Oct 25 20:51:23 ubuntu kernel: [    8.150412] fuse: init (API version 7.31)
Oct 25 20:51:23 ubuntu kernel: [    8.151301] integrity: Platform Keyring initialized
Oct 25 20:51:23 ubuntu kernel: [    8.156650] [mitosis-origin] pgd_alloc for mm=ffff000495874c00 and mm->pgd =ffff0004df366000.
Oct 25 20:51:23 ubuntu /usr/sbin/irqbalance: IRQ virtio0-input.0(69) guessed as class 0
Oct 25 20:51:23 ubuntu kernel: [    8.164471] Key type asymmetric registered
Oct 25 20:51:23 ubuntu kernel: [    8.165541] Asymmetric key parser 'x509' registered
Oct 25 20:51:23 ubuntu kernel: [    8.166745] Block layer SCSI generic (bsg) driver version 0.4 loaded (major 244)
Oct 25 20:51:23 ubuntu kernel: [    8.169535] io scheduler mq-deadline registered
Oct 25 20:51:23 ubuntu /usr/sbin/irqbalance: IRQ virtio0-output.0(70) guessed as class 0
Oct 25 20:51:23 ubuntu kernel: [    8.173889] pl061_gpio ARMH0061:00: PL061 GPIO chip registered
Oct 25 20:51:23 ubuntu kernel: [    8.174733] PCI Interrupt Link [GSI1] enabled at IRQ 36
Oct 25 20:51:23 ubuntu kernel: [    8.176139] pcieport 0000:00:01.0: PME: Signaling with IRQ 44
Oct 25 20:51:23 ubuntu kernel: [    8.177056] pcieport 0000:00:01.0: AER: enabled with IRQ 44
Oct 25 20:51:23 ubuntu systemd[1]: Started Login Service.
Oct 25 20:51:23 ubuntu kernel: [    8.177716] pcieport 0000:00:01.0: pciehp: Slot #0 AttnBtn+ PwrCtrl+ MRL- AttnInd+ PwrInd+ HotPlug+ Surprise+ Interlock+ NoCompl- IbPresDis- LLActRep-
Oct 25 20:51:23 ubuntu kernel: [    8.180059] pcieport 0000:00:01.1: PME: Signaling with IRQ 45
Oct 25 20:51:23 ubuntu kernel: [    8.181005] pcieport 0000:00:01.1: AER: enabled with IRQ 45
Oct 25 20:51:23 ubuntu cron[1146]: (CRON) INFO (pidfile fd = 3)
Oct 25 20:51:23 ubuntu cron[1146]: (CRON) INFO (Running @reboot jobs)
Oct 25 20:51:23 ubuntu grub-common[1132]:  * Recording successful boot for GRUB
Oct 25 20:51:23 ubuntu rsyslogd: imuxsock: Acquired UNIX socket '/run/systemd/journal/syslog' (fd 3) from systemd.  [v8.32.0]
Oct 25 20:51:23 ubuntu rsyslogd: rsyslogd's groupid changed to 106
Oct 25 20:51:23 ubuntu rsyslogd: rsyslogd's userid changed to 102
Oct 25 20:51:23 ubuntu rsyslogd:  [origin software="rsyslogd" swVersion="8.32.0" x-pid="1145" x-info="http://www.rsyslog.com"] start
Oct 25 20:51:23 ubuntu systemd[1]: Started Unattended Upgrades Shutdown.
Oct 25 20:51:23 ubuntu kernel: [    8.181603] pcieport 0000:00:01.1: pciehp: Slot #0 AttnBtn+ PwrCtrl+ MRL- AttnInd+ PwrInd+ HotPlug+ Surprise+ Interlock+ NoCompl- IbPresDis- LLActRep-
Oct 25 20:51:23 ubuntu kernel: [    8.183843] pcieport 0000:00:01.2: PME: Signaling with IRQ 46
Oct 25 20:51:23 ubuntu kernel: [    8.184765] pcieport 0000:00:01.2: AER: enabled with IRQ 46
Oct 25 20:51:23 ubuntu kernel: [    8.185343] pcieport 0000:00:01.2: pciehp: Slot #0 AttnBtn+ PwrCtrl+ MRL- AttnInd+ PwrInd+ HotPlug+ Surprise+ Interlock+ NoCompl- IbPresDis- LLActRep-
Oct 25 20:51:23 ubuntu kernel: [    8.187641] pcieport 0000:00:01.3: PME: Signaling with IRQ 47
Oct 25 20:51:23 ubuntu systemd[1]: Started System Logging Service.
Oct 25 20:51:23 ubuntu kernel: [    8.188405] pcieport 0000:00:01.3: AER: enabled with IRQ 47
Oct 25 20:51:23 ubuntu kernel: [    8.188963] pcieport 0000:00:01.3: pciehp: Slot #0 AttnBtn+ PwrCtrl+ MRL- AttnInd+ PwrInd+ HotPlug+ Surprise+ Interlock+ NoCompl- IbPresDis- LLActRep-
Oct 25 20:51:23 ubuntu kernel: [    8.190532] pcieport 0000:00:01.3: pciehp: Slot(0-3): Link Up
Oct 25 20:51:23 ubuntu kernel: [    8.190918] shpchp: Standard Hot Plug PCI Controller Driver version: 0.4
Oct 25 20:51:23 ubuntu kernel: [    8.192521] input: Power Button as /devices/LNXSYSTM:00/LNXSYBUS:00/PNP0C0C:00/input/input0
Oct 25 20:51:23 ubuntu kernel: [    8.193337] ACPI: Power Button [PWRB]
Oct 25 20:51:23 ubuntu kernel: [    8.199189] Serial: 8250/16550 driver, 32 ports, IRQ sharing enabled
Oct 25 20:51:23 ubuntu kernel: [    8.202672] msm_serial: driver initialized
Oct 25 20:51:23 ubuntu kernel: [    8.203781] cacheinfo: Unable to detect cache hierarchy for CPU 0
Oct 25 20:51:23 ubuntu kernel: [    8.223191] loop: module loaded
Oct 25 20:51:23 ubuntu kernel: [    8.225695] libphy: Fixed MDIO Bus: probed
Oct 25 20:51:23 ubuntu kernel: [    8.227369] tun: Universal TUN/TAP device driver, 1.6
Oct 25 20:51:23 ubuntu kernel: [    8.229138] PPP generic driver version 2.4.2
Oct 25 20:51:23 ubuntu kernel: [    8.230642] ehci_hcd: USB 2.0 'Enhanced' Host Controller (EHCI) Driver
Oct 25 20:51:23 ubuntu kernel: [    8.232185] ehci-pci: EHCI PCI platform driver
Oct 25 20:51:23 ubuntu kernel: [    8.232661] ehci-orion: EHCI orion driver
Oct 25 20:51:23 ubuntu kernel: [    8.233096] ohci_hcd: USB 1.1 'Open' Host Controller (OHCI) Driver
Oct 25 20:51:23 ubuntu kernel: [    8.233972] ohci-pci: OHCI PCI platform driver
Oct 25 20:51:23 ubuntu kernel: [    8.234402] uhci_hcd: USB Universal Host Controller Interface driver
Oct 25 20:51:23 ubuntu kernel: [    8.235681] xhci_hcd 0000:02:00.0: xHCI Host Controller
Oct 25 20:51:23 ubuntu kernel: [    8.236189] xhci_hcd 0000:02:00.0: new USB bus registered, assigned bus number 1
Oct 25 20:51:23 ubuntu kernel: [    8.237187] xhci_hcd 0000:02:00.0: hcc params 0x00087001 hci version 0x100 quirks 0x0000000000000010
Oct 25 20:51:23 ubuntu kernel: [    8.239220] usb usb1: New USB device found, idVendor=1d6b, idProduct=0002, bcdDevice= 5.07
Oct 25 20:51:23 ubuntu kernel: [    8.239969] usb usb1: New USB device strings: Mfr=3, Product=2, SerialNumber=1
Oct 25 20:51:23 ubuntu kernel: [    8.240671] usb usb1: Product: xHCI Host Controller
Oct 25 20:51:23 ubuntu kernel: [    8.241098] usb usb1: Manufacturer: Linux 5.7.1 xhci-hcd
Oct 25 20:51:23 ubuntu kernel: [    8.241596] usb usb1: SerialNumber: 0000:02:00.0
Oct 25 20:51:23 ubuntu kernel: [    8.242291] hub 1-0:1.0: USB hub found
Oct 25 20:51:23 ubuntu kernel: [    8.242668] hub 1-0:1.0: 8 ports detected
Oct 25 20:51:23 ubuntu kernel: [    8.243412] xhci_hcd 0000:02:00.0: xHCI Host Controller
Oct 25 20:51:23 ubuntu kernel: [    8.243870] xhci_hcd 0000:02:00.0: new USB bus registered, assigned bus number 2
Oct 25 20:51:23 ubuntu kernel: [    8.244524] xhci_hcd 0000:02:00.0: Host supports USB 3.0 SuperSpeed
Oct 25 20:51:23 ubuntu kernel: [    8.245104] usb usb2: We don't know the algorithms for LPM for this host, disabling LPM.
Oct 25 20:51:23 ubuntu kernel: [    8.245890] usb usb2: New USB device found, idVendor=1d6b, idProduct=0003, bcdDevice= 5.07
Oct 25 20:51:23 ubuntu kernel: [    8.246599] usb usb2: New USB device strings: Mfr=3, Product=2, SerialNumber=1
Oct 25 20:51:23 ubuntu kernel: [    8.247221] usb usb2: Product: xHCI Host Controller
Oct 25 20:51:23 ubuntu kernel: [    8.247639] usb usb2: Manufacturer: Linux 5.7.1 xhci-hcd
Oct 25 20:51:23 ubuntu kernel: [    8.248090] usb usb2: SerialNumber: 0000:02:00.0
Oct 25 20:51:23 ubuntu kernel: [    8.248663] hub 2-0:1.0: USB hub found
Oct 25 20:51:23 ubuntu kernel: [    8.249028] hub 2-0:1.0: 8 ports detected
Oct 25 20:51:23 ubuntu kernel: [    8.249940] mousedev: PS/2 mouse device common for all mice
Oct 25 20:51:23 ubuntu kernel: [    8.251094] rtc-efi rtc-efi.0: registered as rtc0
Oct 25 20:51:23 ubuntu kernel: [    8.251827] rtc-efi rtc-efi.0: setting system clock to 2020-10-25T12:51:17 UTC (1603630277)
Oct 25 20:51:23 ubuntu kernel: [    8.252680] i2c /dev entries driver
Oct 25 20:51:23 ubuntu kernel: [    8.253263] device-mapper: uevent: version 1.0.3
Oct 25 20:51:23 ubuntu kernel: [    8.253876] device-mapper: ioctl: 4.42.0-ioctl (2020-02-27) initialised: dm-devel@redhat.com
Oct 25 20:51:23 ubuntu kernel: [    8.256249] ledtrig-cpu: registered to indicate activity on CPUs
Oct 25 20:51:23 ubuntu kernel: [    8.256910] EFI Variables Facility v0.08 2004-May-17
Oct 25 20:51:23 ubuntu kernel: [    8.259869] NET: Registered protocol family 10
Oct 25 20:51:23 ubuntu kernel: [    8.261753] [mitosis-origin] pgd_alloc for mm=ffff0004955ed800 and mm->pgd =ffff000495a13000.
Oct 25 20:51:23 ubuntu kernel: [    8.264132] [mitosis-origin] pgd_alloc for mm=ffff000495609000 and mm->pgd =ffff00049555b000.
Oct 25 20:51:23 ubuntu kernel: [    8.267046] [mitosis-origin] pgd_alloc for mm=ffff000495617800 and mm->pgd =ffff0004de49f000.
Oct 25 20:51:23 ubuntu kernel: [    8.270708] [mitosis-origin] pgd_alloc for mm=ffff000495616400 and mm->pgd =ffff0004de456000.
Oct 25 20:51:23 ubuntu kernel: [    8.272240] [mitosis-origin] pgd_free for mm=ffff000495617800 and pgd =ffff0004de49f000 and mm->pgd=ffff0004de49f000.
Oct 25 20:51:23 ubuntu kernel: [    8.275705] [mitosis-origin] pgd_alloc for mm=ffff000495617800 and mm->pgd =ffff0004de8a3000.
Oct 25 20:51:23 ubuntu kernel: [    8.276585] [mitosis-origin] pgd_free for mm=ffff000495616400 and pgd =ffff0004de456000 and mm->pgd=ffff0004de456000.
Oct 25 20:51:23 ubuntu kernel: [    8.279433] [mitosis-origin] pgd_alloc for mm=ffff000495616400 and mm->pgd =ffff0004dfbf0000.
Oct 25 20:51:23 ubuntu kernel: [    8.280322] [mitosis-origin] pgd_free for mm=ffff000495617800 and pgd =ffff0004de8a3000 and mm->pgd=ffff0004de8a3000.
Oct 25 20:51:23 ubuntu kernel: [    8.282398] Segment Routing with IPv6
Oct 25 20:51:23 ubuntu kernel: [    8.283564] NET: Registered protocol family 17
Oct 25 20:51:23 ubuntu kernel: [    8.285078] Key type dns_resolver registered
Oct 25 20:51:23 ubuntu kernel: [    8.286603] registered taskstats version 1
Oct 25 20:51:23 ubuntu kernel: [    8.287929] Loading compiled-in X.509 certificates
Oct 25 20:51:23 ubuntu kernel: [    8.289931] [mitosis-origin] pgd_alloc for mm=ffff000495870800 and mm->pgd =ffff000495a1c000.
Oct 25 20:51:23 ubuntu kernel: [    8.290927] [mitosis-origin] pgd_free for mm=ffff000495874c00 and pgd =ffff0004df366000 and mm->pgd=ffff0004df366000.
Oct 25 20:51:23 ubuntu kernel: [    8.294219] Loaded X.509 cert 'Build time autogenerated kernel key: 5fc9bbbf10d23f3f9dda6c889ba5358a20950e89'
Oct 25 20:51:23 ubuntu kernel: [    8.295907] zswap: loaded using pool lzo/zbud
Oct 25 20:51:23 ubuntu kernel: [    8.297466] Key type ._fscrypt registered
Oct 25 20:51:23 ubuntu kernel: [    8.298060] Key type .fscrypt registered
Oct 25 20:51:23 ubuntu kernel: [    8.298621] Key type fscrypt-provisioning registered
Oct 25 20:51:23 ubuntu kernel: [    8.299587] [mitosis-origin] pgd_alloc for mm=ffff00049575b400 and mm->pgd =ffff0004debbf000.
Oct 25 20:51:23 ubuntu kernel: [    8.302454] [mitosis-origin] pgd_alloc for mm=ffff00049575cc00 and mm->pgd =ffff0004dfb0a000.
Oct 25 20:51:23 ubuntu kernel: [    8.303558] [mitosis-origin] pgd_free for mm=ffff00049575b400 and pgd =ffff0004debbf000 and mm->pgd=ffff0004debbf000.
Oct 25 20:51:23 ubuntu kernel: [    8.306328] [mitosis-origin] pgd_alloc for mm=ffff00049575b400 and mm->pgd =ffff0004dfb0e000.
Oct 25 20:51:23 ubuntu kernel: [    8.307440] [mitosis-origin] pgd_free for mm=ffff00049575cc00 and pgd =ffff0004dfb0a000 and mm->pgd=ffff0004dfb0a000.
Oct 25 20:51:23 ubuntu kernel: [    8.311603] [mitosis-origin] pgd_alloc for mm=ffff00049575cc00 and mm->pgd =ffff000495641000.
Oct 25 20:51:23 ubuntu kernel: [    8.317025] cryptd: max_cpu_qlen set to 1000
Oct 25 20:51:23 ubuntu kernel: [    8.323691] [mitosis-origin] pgd_alloc for mm=ffff0004957e7400 and mm->pgd =ffff0004df265000.
Oct 25 20:51:23 ubuntu kernel: [    8.326985] [mitosis-origin] pgd_alloc for mm=ffff000495009400 and mm->pgd =ffff0004df325000.
Oct 25 20:51:23 ubuntu kernel: [    8.331713] [mitosis-origin] pgd_free for mm=ffff000495009400 and pgd =ffff0004df325000 and mm->pgd=ffff0004df325000.
Oct 25 20:51:23 ubuntu kernel: [    8.333688] [mitosis-origin] pgd_free for mm=ffff000495870800 and pgd =ffff000495a1c000 and mm->pgd=ffff000495a1c000.
Oct 25 20:51:23 ubuntu kernel: [    8.335241] [mitosis-origin] pgd_alloc for mm=ffff000495870800 and mm->pgd =ffff000495a1c000.
Oct 25 20:51:23 ubuntu kernel: [    8.337365] [mitosis-origin] pgd_free for mm=ffff000495870800 and pgd =ffff000495a1c000 and mm->pgd=ffff000495a1c000.
Oct 25 20:51:23 ubuntu kernel: [    8.339322] [mitosis-origin] pgd_alloc for mm=ffff000495870800 and mm->pgd =ffff00049566d000.
Oct 25 20:51:23 ubuntu kernel: [    8.342006] [mitosis-origin] pgd_alloc for mm=ffff00049506f400 and mm->pgd =ffff0004deca1000.
Oct 25 20:51:23 ubuntu kernel: [    8.344744] [mitosis-origin] pgd_alloc for mm=ffff0004950c0400 and mm->pgd =ffff0004dece8000.
Oct 25 20:51:23 ubuntu kernel: [    8.350299] [mitosis-origin] pgd_alloc for mm=ffff0004950d9000 and mm->pgd =ffff0004ded6e000.
Oct 25 20:51:23 ubuntu kernel: [    8.355393] [mitosis-origin] pgd_alloc for mm=ffff0004950dc800 and mm->pgd =ffff0004ded7d000.
Oct 25 20:51:23 ubuntu kernel: [    8.357736] [mitosis-origin] pgd_free for mm=ffff0004950d9000 and pgd =ffff0004ded6e000 and mm->pgd=ffff0004ded6e000.
Oct 25 20:51:23 ubuntu kernel: [    8.360257] [mitosis-origin] pgd_alloc for mm=ffff0004950f3800 and mm->pgd =ffff0004dee63000.
Oct 25 20:51:23 ubuntu kernel: [    8.364173] [mitosis-origin] pgd_alloc for mm=ffff00049510f800 and mm->pgd =ffff00049549f000.
Oct 25 20:51:23 ubuntu kernel: [    8.369325] [mitosis-origin] pgd_alloc for mm=ffff000495120000 and mm->pgd =ffff0004def22000.
Oct 25 20:51:23 ubuntu kernel: [    8.374058] [mitosis-origin] pgd_free for mm=ffff000495609000 and pgd =ffff00049555b000 and mm->pgd=ffff00049555b000.
Oct 25 20:51:23 ubuntu kernel: [    8.375940] [mitosis-origin] pgd_alloc for mm=ffff000495609000 and mm->pgd =ffff00049555b000.
Oct 25 20:51:23 ubuntu kernel: [    8.378551] [mitosis-origin] pgd_free for mm=ffff000495609000 and pgd =ffff00049555b000 and mm->pgd=ffff00049555b000.
Oct 25 20:51:23 ubuntu kernel: [    8.380485] [mitosis-origin] pgd_free for mm=ffff000495616400 and pgd =ffff0004dfbf0000 and mm->pgd=ffff0004dfbf0000.
Oct 25 20:51:23 ubuntu kernel: [    8.382538] [mitosis-origin] pgd_alloc for mm=ffff000495609000 and mm->pgd =ffff000495097000.
Oct 25 20:51:23 ubuntu kernel: [    8.385088] [mitosis-origin] pgd_alloc for mm=ffff000495616400 and mm->pgd =ffff0004dfbf0000.
Oct 25 20:51:23 ubuntu kernel: [    8.387655] [mitosis-origin] pgd_free for mm=ffff00049575cc00 and pgd =ffff000495641000 and mm->pgd=ffff000495641000.
Oct 25 20:51:23 ubuntu kernel: [    8.389182] [mitosis-origin] pgd_alloc for mm=ffff000495617800 and mm->pgd =ffff00049509f000.
Oct 25 20:51:23 ubuntu kernel: [    8.390423] [mitosis-origin] pgd_free for mm=ffff000495616400 and pgd =ffff0004dfbf0000 and mm->pgd=ffff0004dfbf0000.
Oct 25 20:51:23 ubuntu kernel: [    8.393846] [mitosis-origin] pgd_alloc for mm=ffff00049575cc00 and mm->pgd =ffff000495641000.
Oct 25 20:51:23 ubuntu kernel: [    8.403993] [mitosis-origin] pgd_free for mm=ffff000495609000 and pgd =ffff000495097000 and mm->pgd=ffff000495097000.
Oct 25 20:51:23 ubuntu kernel: [    8.406345] [mitosis-origin] pgd_alloc for mm=ffff000495127800 and mm->pgd =ffff0004950a7000.
Oct 25 20:51:23 ubuntu kernel: [    8.407460] [mitosis-origin] pgd_free for mm=ffff000495120000 and pgd =ffff0004def22000 and mm->pgd=ffff0004def22000.
Oct 25 20:51:23 ubuntu kernel: [    8.409922] [mitosis-origin] pgd_free for mm=ffff000495617800 and pgd =ffff00049509f000 and mm->pgd=ffff00049509f000.
Oct 25 20:51:23 ubuntu kernel: [    8.412102] [mitosis-origin] pgd_alloc for mm=ffff000495617800 and mm->pgd =ffff00049509f000.
Oct 25 20:51:23 ubuntu kernel: [    8.415538] [mitosis-origin] pgd_free for mm=ffff00049575cc00 and pgd =ffff000495641000 and mm->pgd=ffff000495641000.
Oct 25 20:51:23 ubuntu kernel: [    8.418221] [mitosis-origin] pgd_alloc for mm=ffff000495616400 and mm->pgd =ffff000495174000.
Oct 25 20:51:23 ubuntu kernel: [    8.419387] [mitosis-origin] pgd_free for mm=ffff000495617800 and pgd =ffff00049509f000 and mm->pgd=ffff00049509f000.
Oct 25 20:51:23 ubuntu kernel: [    8.422375] [mitosis-origin] pgd_alloc for mm=ffff00049575cc00 and mm->pgd =ffff000495641000.
Oct 25 20:51:23 ubuntu kernel: [    8.426130] [mitosis-origin] pgd_alloc for mm=ffff000495758800 and mm->pgd =ffff00049517c000.
Oct 25 20:51:23 ubuntu kernel: [    8.427685] [mitosis-origin] pgd_free for mm=ffff00049575cc00 and pgd =ffff000495641000 and mm->pgd=ffff000495641000.
Oct 25 20:51:23 ubuntu kernel: [    8.431269] [mitosis-origin] pgd_alloc for mm=ffff00049575cc00 and mm->pgd =ffff000495180000.
Oct 25 20:51:23 ubuntu kernel: [    8.432690] [mitosis-origin] pgd_free for mm=ffff000495758800 and pgd =ffff00049517c000 and mm->pgd=ffff00049517c000.
Oct 25 20:51:23 ubuntu kernel: [    8.434985] [mitosis-origin] pgd_alloc for mm=ffff0004951f1800 and mm->pgd =ffff0004df44f000.
Oct 25 20:51:23 ubuntu kernel: [    8.437664] [mitosis-origin] pgd_free for mm=ffff0004957e7400 and pgd =ffff0004df265000 and mm->pgd=ffff0004df265000.
Oct 25 20:51:23 ubuntu kernel: [    8.438876] [mitosis-origin] pgd_alloc for mm=ffff0004957e7400 and mm->pgd =ffff0004df265000.
Oct 25 20:51:23 ubuntu kernel: [    8.441334] [mitosis-origin] pgd_alloc for mm=ffff0004957e4400 and mm->pgd =ffff00049518c000.
Oct 25 20:51:23 ubuntu kernel: [    8.443583] [mitosis-origin] pgd_free for mm=ffff0004957e7400 and pgd =ffff0004df265000 and mm->pgd=ffff0004df265000.
Oct 25 20:51:23 ubuntu kernel: [    8.448452] [mitosis-origin] pgd_alloc for mm=ffff000495009400 and mm->pgd =ffff0004df337000.
Oct 25 20:51:23 ubuntu kernel: [    8.451378] [mitosis-origin] pgd_free for mm=ffff000495009400 and pgd =ffff0004df337000 and mm->pgd=ffff0004df337000.
Oct 25 20:51:23 ubuntu kernel: [    8.453344] [mitosis-origin] pgd_free for mm=ffff000495870800 and pgd =ffff00049566d000 and mm->pgd=ffff00049566d000.
Oct 25 20:51:23 ubuntu kernel: [    8.455707] [mitosis-origin] pgd_alloc for mm=ffff000495009400 and mm->pgd =ffff000495195000.
Oct 25 20:51:23 ubuntu kernel: [    8.459043] [mitosis-origin] pgd_alloc for mm=ffff000495870800 and mm->pgd =ffff000495199000.
Oct 25 20:51:23 ubuntu kernel: [    8.461671] [mitosis-origin] pgd_free for mm=ffff00049506f400 and pgd =ffff0004deca1000 and mm->pgd=ffff0004deca1000.
Oct 25 20:51:23 ubuntu kernel: [    8.463155] [mitosis-origin] pgd_alloc for mm=ffff000495211000 and mm->pgd =ffff00049519c000.
Oct 25 20:51:23 ubuntu kernel: [    8.465995] [mitosis-origin] pgd_alloc for mm=ffff000495120000 and mm->pgd =ffff0004951a1000.
Oct 25 20:51:23 ubuntu kernel: [    8.468246] [mitosis-origin] pgd_free for mm=ffff000495127800 and pgd =ffff0004950a7000 and mm->pgd=ffff0004950a7000.
Oct 25 20:51:23 ubuntu kernel: [    8.473051] [mitosis-origin] pgd_free for mm=ffff0004950c0400 and pgd =ffff0004dece8000 and mm->pgd=ffff0004dece8000.
Oct 25 20:51:23 ubuntu kernel: [    8.474729] [mitosis-origin] pgd_alloc for mm=ffff00049506f400 and mm->pgd =ffff0004951a5000.
Oct 25 20:51:23 ubuntu kernel: [    8.477608] [mitosis-origin] pgd_free for mm=ffff0004950dc800 and pgd =ffff0004ded7d000 and mm->pgd=ffff0004ded7d000.
Oct 25 20:51:23 ubuntu kernel: [    8.480514] [mitosis-origin] pgd_alloc for mm=ffff0004950dc800 and mm->pgd =ffff0004ded7d000.
Oct 25 20:51:23 ubuntu kernel: [    8.484836] [mitosis-origin] pgd_free for mm=ffff0004950dc800 and pgd =ffff0004ded7d000 and mm->pgd=ffff0004ded7d000.
Oct 25 20:51:23 ubuntu kernel: [    8.491032] [mitosis-origin] pgd_alloc for mm=ffff0004950dc800 and mm->pgd =ffff000495133000.
Oct 25 20:51:23 ubuntu kernel: [    8.493072] [mitosis-origin] pgd_alloc for mm=ffff0004950d9000 and mm->pgd =ffff0004951e4000.
Oct 25 20:51:23 ubuntu kernel: [    8.494022] [mitosis-origin] pgd_free for mm=ffff0004950dc800 and pgd =ffff000495133000 and mm->pgd=ffff000495133000.
Oct 25 20:51:23 ubuntu kernel: [    8.496178] [mitosis-origin] pgd_alloc for mm=ffff0004950dc800 and mm->pgd =ffff000495224000.
Oct 25 20:51:23 ubuntu kernel: [    8.496985] [mitosis-origin] pgd_free for mm=ffff0004950d9000 and pgd =ffff0004951e4000 and mm->pgd=ffff0004951e4000.
Oct 25 20:51:23 ubuntu kernel: [    8.499194] [mitosis-origin] pgd_alloc for mm=ffff0004950d9000 and mm->pgd =ffff000495228000.
Oct 25 20:51:23 ubuntu kernel: [    8.500040] [mitosis-origin] pgd_free for mm=ffff0004950dc800 and pgd =ffff000495224000 and mm->pgd=ffff000495224000.
Oct 25 20:51:23 ubuntu kernel: [    8.502183] [mitosis-origin] pgd_alloc for mm=ffff0004950dc800 and mm->pgd =ffff00049522c000.
Oct 25 20:51:23 ubuntu kernel: [    8.503056] [mitosis-origin] pgd_free for mm=ffff0004950d9000 and pgd =ffff000495228000 and mm->pgd=ffff000495228000.
Oct 25 20:51:23 ubuntu kernel: [    8.505115] [mitosis-origin] pgd_alloc for mm=ffff0004950d9000 and mm->pgd =ffff000495230000.
Oct 25 20:51:23 ubuntu kernel: [    8.505984] [mitosis-origin] pgd_free for mm=ffff0004950dc800 and pgd =ffff00049522c000 and mm->pgd=ffff00049522c000.
Oct 25 20:51:23 ubuntu kernel: [    8.508193] [mitosis-origin] pgd_alloc for mm=ffff0004950dc800 and mm->pgd =ffff000495234000.
Oct 25 20:51:23 ubuntu kernel: [    8.508998] [mitosis-origin] pgd_free for mm=ffff0004950d9000 and pgd =ffff000495230000 and mm->pgd=ffff000495230000.
Oct 25 20:51:23 ubuntu kernel: [    8.511121] [mitosis-origin] pgd_alloc for mm=ffff0004950d9000 and mm->pgd =ffff000495238000.
Oct 25 20:51:23 ubuntu kernel: [    8.511980] [mitosis-origin] pgd_free for mm=ffff0004950dc800 and pgd =ffff000495234000 and mm->pgd=ffff000495234000.
Oct 25 20:51:23 ubuntu kernel: [    8.514068] [mitosis-origin] pgd_alloc for mm=ffff0004950dc800 and mm->pgd =ffff00049523c000.
Oct 25 20:51:23 ubuntu kernel: [    8.514908] [mitosis-origin] pgd_free for mm=ffff0004950d9000 and pgd =ffff000495238000 and mm->pgd=ffff000495238000.
Oct 25 20:51:23 ubuntu kernel: [    8.518213] [mitosis-origin] pgd_alloc for mm=ffff000495127800 and mm->pgd =ffff00049504a000.
Oct 25 20:51:23 ubuntu kernel: [    8.520289] [mitosis-origin] pgd_free for mm=ffff000495120000 and pgd =ffff0004951a1000 and mm->pgd=ffff0004951a1000.
Oct 25 20:51:23 ubuntu kernel: [    8.525253] [mitosis-origin] pgd_alloc for mm=ffff000495120000 and mm->pgd =ffff000495244000.
Oct 25 20:51:23 ubuntu kernel: [    8.526297] [mitosis-origin] pgd_free for mm=ffff000495127800 and pgd =ffff00049504a000 and mm->pgd=ffff00049504a000.
Oct 25 20:51:23 ubuntu kernel: [    8.528569] Key type big_key registered
Oct 25 20:51:23 ubuntu kernel: [    8.529222] [mitosis-origin] pgd_alloc for mm=ffff000495609000 and mm->pgd =ffff00049563d000.
Oct 25 20:51:23 ubuntu kernel: [    8.544147] [mitosis-origin] pgd_alloc for mm=ffff00049560c800 and mm->pgd =ffff0004dfb1a000.
Oct 25 20:51:23 ubuntu kernel: [    8.545010] [mitosis-origin] pgd_free for mm=ffff000495609000 and pgd =ffff00049563d000 and mm->pgd=ffff00049563d000.
Oct 25 20:51:23 ubuntu kernel: [    8.547680] [mitosis-origin] pgd_alloc for mm=ffff000495617800 and mm->pgd =ffff0004de47f000.
Oct 25 20:51:23 ubuntu kernel: [    8.549341] [mitosis-origin] pgd_free for mm=ffff000495616400 and pgd =ffff000495174000 and mm->pgd=ffff000495174000.
Oct 25 20:51:23 ubuntu kernel: [    8.552836] Key type encrypted registered
Oct 25 20:51:23 ubuntu kernel: [    8.553380] AppArmor: AppArmor sha1 policy hashing enabled
Oct 25 20:51:23 ubuntu kernel: [    8.554488] ima: No TPM chip found, activating TPM-bypass!
Oct 25 20:51:23 ubuntu kernel: [    8.555211] ima: Allocated hash algorithm: sha1
Oct 25 20:51:23 ubuntu kernel: [    8.555835] ima: No architecture policies found
Oct 25 20:51:23 ubuntu kernel: [    8.556469] evm: Initialising EVM extended attributes:
Oct 25 20:51:23 ubuntu kernel: [    8.557137] evm: security.selinux
Oct 25 20:51:23 ubuntu kernel: [    8.557772] evm: security.SMACK64
Oct 25 20:51:23 ubuntu kernel: [    8.558304] evm: security.SMACK64EXEC
Oct 25 20:51:23 ubuntu kernel: [    8.558891] evm: security.SMACK64TRANSMUTE
Oct 25 20:51:23 ubuntu kernel: [    8.559552] evm: security.SMACK64MMAP
Oct 25 20:51:23 ubuntu kernel: [    8.560141] evm: security.apparmor
Oct 25 20:51:23 ubuntu kernel: [    8.560700] evm: security.ima
Oct 25 20:51:23 ubuntu kernel: [    8.561179] evm: security.capability
Oct 25 20:51:23 ubuntu kernel: [    8.561809] evm: HMAC attrs: 0x1
Oct 25 20:51:23 ubuntu kernel: [    8.567597] Freeing unused kernel memory: 7040K
Oct 25 20:51:23 ubuntu kernel: [    8.661487] Checked W+X mappings: passed, no W+X pages found
Oct 25 20:51:23 ubuntu kernel: [    8.662250] Run /init as init process
Oct 25 20:51:23 ubuntu kernel: [    8.662597]   with arguments:
Oct 25 20:51:23 ubuntu kernel: [    8.662598]     /init
Oct 25 20:51:23 ubuntu kernel: [    8.662599]   with environment:
Oct 25 20:51:23 ubuntu kernel: [    8.662600]     HOME=/
Oct 25 20:51:23 ubuntu kernel: [    8.662601]     TERM=linux
Oct 25 20:51:23 ubuntu kernel: [    8.662601]     BOOT_IMAGE=/boot/vmlinuz-5.7.1
Oct 25 20:51:23 ubuntu kernel: [    8.662655] [mitosis-origin] pgd_alloc for mm=ffff00049530bc00 and mm->pgd =ffff000495291000.
Oct 25 20:51:23 ubuntu kernel: [    8.664700] [mitosis-origin] pgd_alloc for mm=ffff000495308000 and mm->pgd =ffff0004952f3000.
Oct 25 20:51:23 ubuntu kernel: [    8.665641] [mitosis-origin] pgd_free for mm=ffff00049575cc00 and pgd =ffff000495180000 and mm->pgd=ffff000495180000.
Oct 25 20:51:23 ubuntu kernel: [    8.667080] [mitosis-origin] pgd_alloc for mm=ffff00049530f800 and mm->pgd =ffff000495319000.
Oct 25 20:51:23 ubuntu kernel: [    8.667967] [mitosis-origin] pgd_free for mm=ffff000495308000 and pgd =ffff0004952f3000 and mm->pgd=ffff0004952f3000.
Oct 25 20:51:23 ubuntu kernel: [    8.669469] [mitosis-origin] pgd_alloc for mm=ffff00049530e400 and mm->pgd =ffff000495314000.
Oct 25 20:51:23 ubuntu kernel: [    8.670561] [mitosis-origin] pgd_free for mm=ffff00049530f800 and pgd =ffff000495319000 and mm->pgd=ffff000495319000.
Oct 25 20:51:23 ubuntu kernel: [    8.671993] [mitosis-origin] pgd_alloc for mm=ffff00049530e000 and mm->pgd =ffff00049532b000.
Oct 25 20:51:23 ubuntu kernel: [    8.673092] [mitosis-origin] pgd_free for mm=ffff00049530e400 and pgd =ffff000495314000 and mm->pgd=ffff000495314000.
Oct 25 20:51:23 ubuntu kernel: [    8.674630] [mitosis-origin] pgd_alloc for mm=ffff000495309c00 and mm->pgd =ffff00049533a000.
Oct 25 20:51:23 ubuntu kernel: [    8.675717] [mitosis-origin] pgd_free for mm=ffff00049530e000 and pgd =ffff00049532b000 and mm->pgd=ffff00049532b000.
Oct 25 20:51:23 ubuntu kernel: [    8.677111] [mitosis-origin] pgd_alloc for mm=ffff00049575cc00 and mm->pgd =ffff00049532a000.
Oct 25 20:51:23 ubuntu kernel: [    8.678493] [mitosis-origin] pgd_free for mm=ffff000495309c00 and pgd =ffff00049533a000 and mm->pgd=ffff00049533a000.
Oct 25 20:51:23 ubuntu kernel: [    8.680867] [mitosis-origin] pgd_alloc for mm=ffff00049530a800 and mm->pgd =ffff00049534d000.
Oct 25 20:51:23 ubuntu kernel: [    8.682282] [mitosis-origin] pgd_free for mm=ffff00049575cc00 and pgd =ffff00049532a000 and mm->pgd=ffff00049532a000.
Oct 25 20:51:23 ubuntu kernel: [    8.683914] [mitosis-origin] pgd_alloc for mm=ffff00049575cc00 and mm->pgd =ffff0004952f1000.
Oct 25 20:51:23 ubuntu kernel: [    8.685265] [mitosis-origin] pgd_free for mm=ffff00049530a800 and pgd =ffff00049534d000 and mm->pgd=ffff00049534d000.
Oct 25 20:51:23 ubuntu kernel: [    8.687187] [mitosis-origin] pgd_alloc for mm=ffff00049530d000 and mm->pgd =ffff00049535a000.
Oct 25 20:51:23 ubuntu kernel: [    8.688239] [mitosis-origin] pgd_free for mm=ffff00049575cc00 and pgd =ffff0004952f1000 and mm->pgd=ffff0004952f1000.
Oct 25 20:51:23 ubuntu kernel: [    8.689612] [mitosis-origin] pgd_alloc for mm=ffff00049575cc00 and mm->pgd =ffff000495331000.
Oct 25 20:51:23 ubuntu kernel: [    8.690609] [mitosis-origin] pgd_free for mm=ffff00049530d000 and pgd =ffff00049535a000 and mm->pgd=ffff00049535a000.
Oct 25 20:51:23 ubuntu kernel: [    8.692241] [mitosis-origin] pgd_free for mm=ffff0004951f1800 and pgd =ffff0004df44f000 and mm->pgd=ffff0004df44f000.
Oct 25 20:51:23 ubuntu kernel: [    8.694201] [mitosis-origin] pgd_alloc for mm=ffff0004951f1800 and mm->pgd =ffff0004df44f000.
Oct 25 20:51:23 ubuntu kernel: [    8.695859] [mitosis-origin] pgd_alloc for mm=ffff0004953bbc00 and mm->pgd =ffff0004dfb0c000.
Oct 25 20:51:23 ubuntu kernel: [    8.698350] [mitosis-origin] pgd_free for mm=ffff0004951f1800 and pgd =ffff0004df44f000 and mm->pgd=ffff0004df44f000.
Oct 25 20:51:23 ubuntu kernel: [    8.702668] [mitosis-origin] pgd_alloc for mm=ffff0004951f6800 and mm->pgd =ffff0004df1ef000.
Oct 25 20:51:23 ubuntu kernel: [    8.703872] [mitosis-origin] pgd_free for mm=ffff0004953bbc00 and pgd =ffff0004dfb0c000 and mm->pgd=ffff0004dfb0c000.
Oct 25 20:51:23 ubuntu kernel: [    8.705511] [mitosis-origin] pgd_alloc for mm=ffff0004951f0c00 and mm->pgd =ffff0004df1fb000.
Oct 25 20:51:23 ubuntu kernel: [    8.706648] [mitosis-origin] pgd_free for mm=ffff0004951f6800 and pgd =ffff0004df1ef000 and mm->pgd=ffff0004df1ef000.
Oct 25 20:51:23 ubuntu kernel: [    8.707905] [mitosis-origin] pgd_alloc for mm=ffff0004953bbc00 and mm->pgd =ffff000495188000.
Oct 25 20:51:23 ubuntu kernel: [    8.708910] [mitosis-origin] pgd_free for mm=ffff0004951f0c00 and pgd =ffff0004df1fb000 and mm->pgd=ffff0004df1fb000.
Oct 25 20:51:23 ubuntu kernel: [    8.710962] [mitosis-origin] pgd_alloc for mm=ffff0004951f3800 and mm->pgd =ffff0004df20a000.
Oct 25 20:51:23 ubuntu kernel: [    8.712283] [mitosis-origin] pgd_free for mm=ffff0004953bbc00 and pgd =ffff000495188000 and mm->pgd=ffff000495188000.
Oct 25 20:51:23 ubuntu kernel: [    8.713925] [mitosis-origin] pgd_alloc for mm=ffff0004953bbc00 and mm->pgd =ffff0004df1fa000.
Oct 25 20:51:23 ubuntu kernel: [    8.715177] [mitosis-origin] pgd_free for mm=ffff0004951f3800 and pgd =ffff0004df20a000 and mm->pgd=ffff0004df20a000.
Oct 25 20:51:23 ubuntu kernel: [    8.717541] [mitosis-origin] pgd_alloc for mm=ffff0004951f1400 and mm->pgd =ffff0004953d3000.
Oct 25 20:51:23 ubuntu kernel: [    8.718660] [mitosis-origin] pgd_free for mm=ffff0004953bbc00 and pgd =ffff0004df1fa000 and mm->pgd=ffff0004df1fa000.
Oct 25 20:51:23 ubuntu kernel: [    8.721973] [mitosis-origin] pgd_alloc for mm=ffff0004951f2000 and mm->pgd =ffff0004953e2000.
Oct 25 20:51:23 ubuntu kernel: [    8.723084] [mitosis-origin] pgd_free for mm=ffff0004951f1400 and pgd =ffff0004953d3000 and mm->pgd=ffff0004953d3000.
Oct 25 20:51:23 ubuntu kernel: [    8.724410] [mitosis-origin] pgd_alloc for mm=ffff0004953bbc00 and mm->pgd =ffff0004951bc000.
Oct 25 20:51:23 ubuntu kernel: [    8.725458] [mitosis-origin] pgd_free for mm=ffff0004951f2000 and pgd =ffff0004953e2000 and mm->pgd=ffff0004953e2000.
Oct 25 20:51:23 ubuntu kernel: [    8.727595] [mitosis-origin] pgd_alloc for mm=ffff00049530dc00 and mm->pgd =ffff000495368000.
Oct 25 20:51:23 ubuntu kernel: [    8.730267] [mitosis-origin] pgd_alloc for mm=ffff0004951f6c00 and mm->pgd =ffff0004953ee000.
Oct 25 20:51:23 ubuntu kernel: [    8.731444] [mitosis-origin] pgd_free for mm=ffff00049530dc00 and pgd =ffff000495368000 and mm->pgd=ffff000495368000.
Oct 25 20:51:23 ubuntu kernel: [    8.733510] [mitosis-origin] pgd_alloc for mm=ffff0004951f1000 and mm->pgd =ffff0004953ff000.
Oct 25 20:51:23 ubuntu kernel: [    8.735212] [mitosis-origin] pgd_alloc for mm=ffff00049530d400 and mm->pgd =ffff000495374000.
Oct 25 20:51:23 ubuntu kernel: [    8.737562] [mitosis-origin] pgd_free for mm=ffff0004951f1000 and pgd =ffff0004953ff000 and mm->pgd=ffff0004953ff000.
Oct 25 20:51:23 ubuntu kernel: [    8.740926] [mitosis-origin] pgd_free for mm=ffff00049530d400 and pgd =ffff000495374000 and mm->pgd=ffff000495374000.
Oct 25 20:51:23 ubuntu kernel: [    8.743299] [mitosis-origin] pgd_alloc for mm=ffff00049530d400 and mm->pgd =ffff000495374000.
Oct 25 20:51:23 ubuntu kernel: [    8.745298] [mitosis-origin] pgd_alloc for mm=ffff0004951f4800 and mm->pgd =ffff000494c0a000.
Oct 25 20:51:23 ubuntu kernel: [    8.746571] [mitosis-origin] pgd_free for mm=ffff00049530d400 and pgd =ffff000495374000 and mm->pgd=ffff000495374000.
Oct 25 20:51:23 ubuntu kernel: [    8.748487] [mitosis-origin] pgd_alloc for mm=ffff0004951f7c00 and mm->pgd =ffff000494c1b000.
Oct 25 20:51:23 ubuntu kernel: [    8.749802] [mitosis-origin] pgd_alloc for mm=ffff00049530a400 and mm->pgd =ffff000494c4b000.
Oct 25 20:51:23 ubuntu kernel: [    8.750886] [mitosis-origin] pgd_free for mm=ffff0004951f7c00 and pgd =ffff000494c1b000 and mm->pgd=ffff000494c1b000.
Oct 25 20:51:23 ubuntu kernel: [    8.752565] [mitosis-origin] pgd_free for mm=ffff0004951f6c00 and pgd =ffff0004953ee000 and mm->pgd=ffff0004953ee000.
Oct 25 20:51:23 ubuntu kernel: [    8.754151] [mitosis-origin] pgd_free for mm=ffff00049530a400 and pgd =ffff000494c4b000 and mm->pgd=ffff000494c4b000.
Oct 25 20:51:23 ubuntu kernel: [    8.755588] [mitosis-origin] pgd_alloc for mm=ffff00049530a400 and mm->pgd =ffff000494c4b000.
Oct 25 20:51:23 ubuntu kernel: [    8.757265] [mitosis-origin] pgd_free for mm=ffff0004957e4400 and pgd =ffff00049518c000 and mm->pgd=ffff00049518c000.
Oct 25 20:51:23 ubuntu kernel: [    8.759584] [mitosis-origin] pgd_alloc for mm=ffff0004957e4400 and mm->pgd =ffff0004df283000.
Oct 25 20:51:23 ubuntu kernel: [    8.761320] [mitosis-origin] pgd_free for mm=ffff00049530a400 and pgd =ffff000494c4b000 and mm->pgd=ffff000494c4b000.
Oct 25 20:51:23 ubuntu kernel: [    8.764147] [mitosis-origin] pgd_alloc for mm=ffff0004957e7400 and mm->pgd =ffff0004df27f000.
Oct 25 20:51:23 ubuntu kernel: [    8.765400] [mitosis-origin] pgd_alloc for mm=ffff00049530d800 and mm->pgd =ffff000494c64000.
Oct 25 20:51:23 ubuntu kernel: [    8.766550] [mitosis-origin] pgd_free for mm=ffff0004957e7400 and pgd =ffff0004df27f000 and mm->pgd=ffff0004df27f000.
Oct 25 20:51:23 ubuntu kernel: [    8.768849] [mitosis-origin] pgd_free for mm=ffff00049530d800 and pgd =ffff000494c64000 and mm->pgd=ffff000494c64000.
Oct 25 20:51:23 ubuntu kernel: [    8.770355] [mitosis-origin] pgd_alloc for mm=ffff00049530d800 and mm->pgd =ffff000494c64000.
Oct 25 20:51:23 ubuntu kernel: [    8.771655] [mitosis-origin] pgd_alloc for mm=ffff000494caa400 and mm->pgd =ffff0004df2a8000.
Oct 25 20:51:23 ubuntu kernel: [    8.772906] [mitosis-origin] pgd_free for mm=ffff00049530d800 and pgd =ffff000494c64000 and mm->pgd=ffff000494c64000.
Oct 25 20:51:23 ubuntu kernel: [    8.775156] [mitosis-origin] pgd_alloc for mm=ffff000494cad800 and mm->pgd =ffff0004df2ba000.
Oct 25 20:51:23 ubuntu kernel: [    8.776482] [mitosis-origin] pgd_alloc for mm=ffff00049530b000 and mm->pgd =ffff000495377000.
Oct 25 20:51:23 ubuntu kernel: [    8.777644] [mitosis-origin] pgd_free for mm=ffff000494cad800 and pgd =ffff0004df2ba000 and mm->pgd=ffff0004df2ba000.
Oct 25 20:51:23 ubuntu kernel: [    8.782825] [mitosis-origin] pgd_alloc for mm=ffff000495308400 and mm->pgd =ffff000494c78000.
Oct 25 20:51:23 ubuntu kernel: [    8.784651] [mitosis-origin] pgd_free for mm=ffff000495009400 and pgd =ffff000495195000 and mm->pgd=ffff000495195000.
Oct 25 20:51:23 ubuntu kernel: [    8.786690] [mitosis-origin] pgd_alloc for mm=ffff000495009400 and mm->pgd =ffff0004df33c000.
Oct 25 20:51:23 ubuntu kernel: [    8.788142] [mitosis-origin] pgd_free for mm=ffff00049530b000 and pgd =ffff000495377000 and mm->pgd=ffff000495377000.
Oct 25 20:51:23 ubuntu kernel: [    8.789974] [mitosis-origin] pgd_alloc for mm=ffff00049530b000 and mm->pgd =ffff000494c59000.
Oct 25 20:51:23 ubuntu kernel: [    8.791310] [mitosis-origin] pgd_free for mm=ffff000495009400 and pgd =ffff0004df33c000 and mm->pgd=ffff0004df33c000.
Oct 25 20:51:23 ubuntu kernel: [    8.826028] [mitosis-origin] pgd_alloc for mm=ffff000494cab000 and mm->pgd =ffff0004df2ab000.
Oct 25 20:51:23 ubuntu kernel: [    8.827487] [mitosis-origin] pgd_alloc for mm=ffff000494ca8400 and mm->pgd =ffff0004df2cd000.
Oct 25 20:51:23 ubuntu kernel: [    8.828799] [mitosis-origin] pgd_free for mm=ffff000495870800 and pgd =ffff000495199000 and mm->pgd=ffff000495199000.
Oct 25 20:51:23 ubuntu kernel: [    8.828802] [mitosis-origin] pgd_alloc for mm=ffff000494cab400 and mm->pgd =ffff0004df2e0000.
Oct 25 20:51:23 ubuntu kernel: [    8.829048] [mitosis-origin] pgd_alloc for mm=ffff000494cacc00 and mm->pgd =ffff000494ee1000.
Oct 25 20:51:23 ubuntu kernel: [    8.832577] [mitosis-origin] pgd_alloc for mm=ffff00049500a000 and mm->pgd =ffff0004df326000.
Oct 25 20:51:23 ubuntu kernel: [    8.833551] [mitosis-origin] pgd_free for mm=ffff00049530b000 and pgd =ffff000494c59000 and mm->pgd=ffff000494c59000.
Oct 25 20:51:23 ubuntu kernel: [    8.833646] [mitosis-origin] pgd_alloc for mm=ffff000494ca8800 and mm->pgd =ffff000494ef2000.
Oct 25 20:51:23 ubuntu kernel: [    8.833833] [mitosis-origin] pgd_alloc for mm=ffff000494cac000 and mm->pgd =ffff000494f05000.
Oct 25 20:51:23 ubuntu kernel: [    8.834034] [mitosis-origin] pgd_alloc for mm=ffff000494caac00 and mm->pgd =ffff000494f69000.
Oct 25 20:51:23 ubuntu kernel: [    8.834219] [mitosis-origin] pgd_free for mm=ffff0004953bbc00 and pgd =ffff0004951bc000 and mm->pgd=ffff0004951bc000.
Oct 25 20:51:23 ubuntu kernel: [    8.834265] [mitosis-origin] pgd_alloc for mm=ffff000494ca9800 and mm->pgd =ffff000494f7b000.
Oct 25 20:51:23 ubuntu kernel: [    8.834760] [mitosis-origin] pgd_free for mm=ffff000495211000 and pgd =ffff00049519c000 and mm->pgd=ffff00049519c000.
Oct 25 20:51:23 ubuntu kernel: [    8.834857] [mitosis-origin] pgd_free for mm=ffff00049506f400 and pgd =ffff0004951a5000 and mm->pgd=ffff0004951a5000.
Oct 25 20:51:23 ubuntu kernel: [    8.834985] [mitosis-origin] pgd_free for mm=ffff0004950dc800 and pgd =ffff00049523c000 and mm->pgd=ffff00049523c000.
Oct 25 20:51:23 ubuntu kernel: [    8.834988] [mitosis-origin] pgd_alloc for mm=ffff000494cae800 and mm->pgd =ffff000494d0d000.
Oct 25 20:51:23 ubuntu kernel: [    8.845117] [mitosis-origin] pgd_alloc for mm=ffff0004953bbc00 and mm->pgd =ffff0004ded7b000.
Oct 25 20:51:23 ubuntu kernel: [    8.858415] [mitosis-origin] pgd_free for mm=ffff00049500a000 and pgd =ffff0004df326000 and mm->pgd=ffff0004df326000.
Oct 25 20:51:23 ubuntu kernel: [    8.894707] [mitosis-origin] pgd_alloc for mm=ffff00049500ec00 and mm->pgd =ffff0004951cb000.
Oct 25 20:51:23 ubuntu kernel: [    8.897258] [mitosis-origin] pgd_free for mm=ffff000494cab400 and pgd =ffff0004df2e0000 and mm->pgd=ffff0004df2e0000.
Oct 25 20:51:23 ubuntu kernel: [    8.898236] [mitosis-origin] pgd_alloc for mm=ffff000495009000 and mm->pgd =ffff0004df34b000.
Oct 25 20:51:23 ubuntu kernel: [    8.899575] [mitosis-origin] pgd_free for mm=ffff000494ca8400 and pgd =ffff0004df2cd000 and mm->pgd=ffff0004df2cd000.
Oct 25 20:51:23 ubuntu kernel: [    8.899945] [mitosis-origin] pgd_alloc for mm=ffff000495211000 and mm->pgd =ffff0004dec1e000.
Oct 25 20:51:23 ubuntu kernel: [    8.900144] [mitosis-origin] pgd_free for mm=ffff0004953bbc00 and pgd =ffff0004ded7b000 and mm->pgd=ffff0004ded7b000.
Oct 25 20:51:23 ubuntu kernel: [    8.902354] [mitosis-origin] pgd_alloc for mm=ffff00049500c800 and mm->pgd =ffff0004df35d000.
Oct 25 20:51:23 ubuntu kernel: [    8.903017] [mitosis-origin] pgd_alloc for mm=ffff0004953bbc00 and mm->pgd =ffff000495669000.
Oct 25 20:51:23 ubuntu kernel: [    8.904524] [mitosis-origin] pgd_free for mm=ffff000494ca8800 and pgd =ffff000494ef2000 and mm->pgd=ffff000494ef2000.
Oct 25 20:51:23 ubuntu kernel: [    8.904564] [mitosis-origin] pgd_alloc for mm=ffff00049500fc00 and mm->pgd =ffff000494c67000.
Oct 25 20:51:23 ubuntu kernel: [    8.904725] [mitosis-origin] pgd_free for mm=ffff000494ca9800 and pgd =ffff000494f7b000 and mm->pgd=ffff000494f7b000.
Oct 25 20:51:23 ubuntu kernel: [    8.904881] [mitosis-origin] pgd_alloc for mm=ffff00049500f400 and mm->pgd =ffff000494f34000.
Oct 25 20:51:23 ubuntu kernel: [    8.904944] [mitosis-origin] pgd_free for mm=ffff000495211000 and pgd =ffff0004dec1e000 and mm->pgd=ffff0004dec1e000.
Oct 25 20:51:23 ubuntu kernel: [    8.911842] [mitosis-origin] pgd_alloc for mm=ffff00049500c400 and mm->pgd =ffff000494fa1000.
Oct 25 20:51:23 ubuntu kernel: [    8.912974] [mitosis-origin] pgd_alloc for mm=ffff00049500f000 and mm->pgd =ffff000494409000.
Oct 25 20:51:23 ubuntu kernel: [    8.914123] [mitosis-origin] pgd_alloc for mm=ffff00049500bc00 and mm->pgd =ffff00049441b000.
Oct 25 20:51:23 ubuntu kernel: [    8.915354] [mitosis-origin] pgd_alloc for mm=ffff000495008000 and mm->pgd =ffff00049442d000.
Oct 25 20:51:23 ubuntu kernel: [    8.916923] [mitosis-origin] pgd_free for mm=ffff000494cac000 and pgd =ffff000494f05000 and mm->pgd=ffff000494f05000.
Oct 25 20:51:23 ubuntu kernel: [    8.917165] [mitosis-origin] pgd_free for mm=ffff000494cab000 and pgd =ffff0004df2ab000 and mm->pgd=ffff0004df2ab000.
Oct 25 20:51:23 ubuntu kernel: [    8.917418] [mitosis-origin] pgd_free for mm=ffff00049575b400 and pgd =ffff0004dfb0e000 and mm->pgd=ffff0004dfb0e000.
Oct 25 20:51:23 ubuntu kernel: [    8.917481] [mitosis-origin] pgd_free for mm=ffff00049510f800 and pgd =ffff00049549f000 and mm->pgd=ffff00049549f000.
Oct 25 20:51:23 ubuntu kernel: [    8.917517] [mitosis-origin] pgd_alloc for mm=ffff00049500f800 and mm->pgd =ffff000494440000.
Oct 25 20:51:23 ubuntu kernel: [    8.917774] [mitosis-origin] pgd_free for mm=ffff000494cacc00 and pgd =ffff000494ee1000 and mm->pgd=ffff000494ee1000.
Oct 25 20:51:23 ubuntu kernel: [    8.918523] [mitosis-origin] pgd_free for mm=ffff0004950f3800 and pgd =ffff0004dee63000 and mm->pgd=ffff0004dee63000.
Oct 25 20:51:23 ubuntu kernel: [    8.921868] [mitosis-origin] pgd_alloc for mm=ffff00049500e400 and mm->pgd =ffff000494445000.
Oct 25 20:51:23 ubuntu kernel: [    8.930090] [mitosis-origin] pgd_alloc for mm=ffff00049500e000 and mm->pgd =ffff000494d88000.
Oct 25 20:51:23 ubuntu kernel: [    8.934677] scsi host0: Virtio SCSI HBA
Oct 25 20:51:23 ubuntu kernel: [    8.935247] [mitosis-origin] pgd_alloc for mm=ffff000495009c00 and mm->pgd =ffff000494fd2000.
Oct 25 20:51:23 ubuntu kernel: [    8.937725] scsi 0:0:0:0: Direct-Access     QEMU     QEMU HARDDISK    2.5+ PQ: 0 ANSI: 5
Oct 25 20:51:23 ubuntu kernel: [    8.939084] scsi 0:0:0:1: CD-ROM            QEMU     QEMU CD-ROM      2.5+ PQ: 0 ANSI: 5
Oct 25 20:51:23 ubuntu kernel: [    8.941174] [mitosis-origin] pgd_free for mm=ffff000494cae800 and pgd =ffff000494d0d000 and mm->pgd=ffff000494d0d000.
Oct 25 20:51:23 ubuntu kernel: [    8.941277] [mitosis-origin] pgd_alloc for mm=ffff00049500a800 and mm->pgd =ffff0004944d0000.
Oct 25 20:51:23 ubuntu kernel: [    8.946950] [mitosis-origin] pgd_alloc for mm=ffff00049469c000 and mm->pgd =ffff0004df4b7000.
Oct 25 20:51:23 ubuntu kernel: [    8.947094] [mitosis-origin] pgd_alloc for mm=ffff00049500d000 and mm->pgd =ffff0004944e3000.
Oct 25 20:51:23 ubuntu kernel: [    8.951007] [mitosis-origin] pgd_alloc for mm=ffff00049500dc00 and mm->pgd =ffff0004944f6000.
Oct 25 20:51:23 ubuntu kernel: [    8.951147] [mitosis-origin] pgd_free for mm=ffff00049469c000 and pgd =ffff0004df4b7000 and mm->pgd=ffff0004df4b7000.
Oct 25 20:51:23 ubuntu kernel: [    8.953115] [mitosis-origin] pgd_alloc for mm=ffff00049500d400 and mm->pgd =ffff000494508000.
Oct 25 20:51:23 ubuntu kernel: [    8.956068] [mitosis-origin] pgd_alloc for mm=ffff000493d1b000 and mm->pgd =ffff0004df279000.
Oct 25 20:51:23 ubuntu kernel: [    8.957187] [mitosis-origin] pgd_alloc for mm=ffff00049500a400 and mm->pgd =ffff000493d7e000.
Oct 25 20:51:23 ubuntu kernel: [    8.959639] [mitosis-origin] pgd_alloc for mm=ffff000493d18400 and mm->pgd =ffff000495953000.
Oct 25 20:51:23 ubuntu kernel: [    8.960079] [mitosis-origin] pgd_alloc for mm=ffff00049500d800 and mm->pgd =ffff000493d91000.
Oct 25 20:51:23 ubuntu kernel: [    8.960713] [mitosis-origin] pgd_free for mm=ffff000493d1b000 and pgd =ffff0004df279000 and mm->pgd=ffff0004df279000.
Oct 25 20:51:23 ubuntu kernel: [    8.962352] [mitosis-origin] pgd_alloc for mm=ffff00049500b000 and mm->pgd =ffff000493da2000.
Oct 25 20:51:23 ubuntu kernel: [    8.964299] [mitosis-origin] pgd_alloc for mm=ffff000493856400 and mm->pgd =ffff000494dc4000.
Oct 25 20:51:23 ubuntu kernel: [    8.964482] [mitosis-origin] pgd_free for mm=ffff0004955ed800 and pgd =ffff000495a13000 and mm->pgd=ffff000495a13000.
Oct 25 20:51:23 ubuntu kernel: [    8.964777] [mitosis-origin] pgd_alloc for mm=ffff000495008400 and mm->pgd =ffff000493861000.
Oct 25 20:51:23 ubuntu kernel: [    8.965192] [mitosis-origin] pgd_alloc for mm=ffff00049500b400 and mm->pgd =ffff000493873000.
Oct 25 20:51:23 ubuntu kernel: [    8.965634] [mitosis-origin] pgd_alloc for mm=ffff00049500cc00 and mm->pgd =ffff000493885000.
Oct 25 20:51:23 ubuntu kernel: [    8.967051] [mitosis-origin] pgd_alloc for mm=ffff0004950f3800 and mm->pgd =ffff0004dee78000.
Oct 25 20:51:23 ubuntu kernel: [    8.968260] [mitosis-origin] pgd_alloc for mm=ffff000495008800 and mm->pgd =ffff000493956000.
Oct 25 20:51:23 ubuntu kernel: [    8.970307] [mitosis-origin] pgd_free for mm=ffff000493d18400 and pgd =ffff000495953000 and mm->pgd=ffff000495953000.
Oct 25 20:51:23 ubuntu kernel: [    8.970413] [mitosis-origin] pgd_free for mm=ffff0004950f3800 and pgd =ffff0004dee78000 and mm->pgd=ffff0004dee78000.
Oct 25 20:51:23 ubuntu kernel: [    8.970423] [mitosis-origin] pgd_free for mm=ffff000495120000 and pgd =ffff000495244000 and mm->pgd=ffff000495244000.
Oct 25 20:51:23 ubuntu kernel: [    8.970438] [mitosis-origin] pgd_free for mm=ffff00049560c800 and pgd =ffff0004dfb1a000 and mm->pgd=ffff0004dfb1a000.
Oct 25 20:51:23 ubuntu kernel: [    8.970448] [mitosis-origin] pgd_free for mm=ffff00049575cc00 and pgd =ffff000495331000 and mm->pgd=ffff000495331000.
