Nov 24 06:55:30 ubuntu systemd[1]: Starting Daily apt upgrade and clean activities...
Nov 24 06:55:30 ubuntu systemd[1]: Started Daily apt upgrade and clean activities.
Nov 24 07:17:01 ubuntu CRON[5897]: (root) CMD (   cd / && run-parts --report /etc/cron.hourly)
Nov 24 08:17:01 ubuntu CRON[5904]: (root) CMD (   cd / && run-parts --report /etc/cron.hourly)
Nov 24 09:16:30 ubuntu systemd[1]: Starting Message of the Day...
Nov 24 09:16:31 ubuntu 50-motd-news[5909]:  * Introducing self-healing high availability clustering for MicroK8s!
Nov 24 09:16:31 ubuntu 50-motd-news[5909]:    Super simple, hardened and opinionated Kubernetes for production.
Nov 24 09:16:31 ubuntu 50-motd-news[5909]:      https://microk8s.io/high-availability
Nov 24 09:16:31 ubuntu systemd[1]: Started Message of the Day.
Nov 24 09:17:01 ubuntu CRON[5957]: (root) CMD (   cd / && run-parts --report /etc/cron.hourly)
Nov 24 09:28:30 ubuntu systemd[1]: Starting Cleanup of Temporary Directories...
Nov 24 09:28:30 ubuntu systemd[1]: Started Cleanup of Temporary Directories.
Nov 24 10:17:01 ubuntu CRON[5976]: (root) CMD (   cd / && run-parts --report /etc/cron.hourly)
Nov 24 10:21:30 ubuntu systemd[1]: Starting Daily apt download activities...
Nov 24 10:22:37 ubuntu systemd[1]: Started Daily apt download activities.
Nov 24 11:17:02 ubuntu CRON[6060]: (root) CMD (   cd / && run-parts --report /etc/cron.hourly)
Nov 24 11:18:28 ubuntu systemd[1]: Stopping LVM2 PV scan on device 8:2...
Nov 24 11:18:28 ubuntu systemd[1]: Stopped target Timers.
Nov 24 11:18:28 ubuntu systemd[1]: Stopped target Host and Network Name Lookups.
Nov 24 11:18:28 ubuntu systemd[1]: Stopping Authorization Manager...
Nov 24 11:18:28 ubuntu systemd[1]: Closed Load/Save RF Kill Switch Status /dev/rfkill Watch.
Nov 24 11:18:28 ubuntu systemd[1]: Stopped Message of the Day.
Nov 24 11:18:28 ubuntu systemd[1]: Stopped Daily apt upgrade and clean activities.
Nov 24 11:18:28 ubuntu systemd[1]: Stopped Daily Cleanup of Temporary Directories.
Nov 24 11:18:28 ubuntu systemd[1]: Stopping Availability of block devices...
Nov 24 11:18:28 ubuntu systemd[1]: Stopped target Network is Online.
Nov 24 11:18:28 ubuntu systemd[1]: Stopped Wait for Network to be Configured.
Nov 24 11:18:28 ubuntu systemd[1]: Stopped Discard unused blocks once a week.
Nov 24 11:18:28 ubuntu systemd[1]: Stopped Daily apt download activities.
Nov 24 11:18:28 ubuntu systemd[1]: Stopped target System Time Synchronized.
Nov 24 11:18:28 ubuntu systemd[1]: Stopped target Graphical Interface.
Nov 24 11:18:28 ubuntu systemd[1]: Stopping Accounts Service...
Nov 24 11:18:28 ubuntu systemd[1]: Stopped target Multi-User System.
Nov 24 11:18:28 ubuntu systemd[1]: Stopping D-Bus System Message Bus...
Nov 24 11:18:28 ubuntu systemd[1]: Stopping FUSE filesystem for LXC...
Nov 24 11:18:56 ubuntu systemd-modules-load[680]: Inserted module 'iscsi_tcp'
Nov 24 11:18:56 ubuntu kernel: [    0.000000] Booting Linux on physical CPU 0x0000000000 [0x481fd010]
Nov 24 11:18:56 ubuntu systemd-modules-load[680]: Inserted module 'ib_iser'
Nov 24 11:18:56 ubuntu kernel: [    0.000000] Linux version 4.15.0-76-generic (buildd@bos02-arm64-060) (gcc version 7.4.0 (Ubuntu/Linaro 7.4.0-1ubuntu1~18.04.1)) #86-Ubuntu SMP Fri Jan 17 17:25:58 UTC 2020 (Ubuntu 4.15.0-76.86-generic 4.15.18)
Nov 24 11:18:56 ubuntu systemd[1]: Started Create Static Device Nodes in /dev.
Nov 24 11:18:56 ubuntu kernel: [    0.000000] efi: Getting EFI parameters from FDT:
Nov 24 11:18:56 ubuntu systemd[1]: Started Set the console keyboard layout.
Nov 24 11:18:56 ubuntu kernel: [    0.000000] efi: EFI v2.70 by EDK II
Nov 24 11:18:56 ubuntu kernel: [    0.000000] efi:  SMBIOS 3.0=0x53f710000  ACPI 2.0=0x53c020000  MEMATTR=0x53cc7ca98 
Nov 24 11:18:56 ubuntu kernel: [    0.000000] ACPI: Early table checksum verification disabled
Nov 24 11:18:56 ubuntu kernel: [    0.000000] ACPI: RSDP 0x000000053C020000 000024 (v02 BOCHS )
Nov 24 11:18:56 ubuntu kernel: [    0.000000] ACPI: XSDT 0x000000053BED0000 000054 (v01 BOCHS  BXPCFACP 00000001      01000013)
Nov 24 11:18:56 ubuntu kernel: [    0.000000] ACPI: FACP 0x000000053BE90000 00010C (v05 BOCHS  BXPCFACP 00000001 BXPC 00000001)
Nov 24 11:18:56 ubuntu lvm[694]:   2 logical volume(s) in volume group "ubuntu-vg" monitored
Nov 24 11:18:56 ubuntu kernel: [    0.000000] ACPI: DSDT 0x000000053BEA0000 001523 (v02 BOCHS  BXPCDSDT 00000001 BXPC 00000001)
Nov 24 11:18:56 ubuntu systemd[1]: Started Load/Save Random Seed.
Nov 24 11:18:56 ubuntu kernel: [    0.000000] ACPI: APIC 0x000000053BE80000 0009E8 (v03 BOCHS  BXPCAPIC 00000001 BXPC 00000001)
Nov 24 11:18:56 ubuntu systemd[1]: Started Monitoring of LVM2 mirrors, snapshots etc. using dmeventd or progress polling.
Nov 24 11:18:56 ubuntu kernel: [    0.000000] ACPI: GTDT 0x000000053BE70000 000060 (v02 BOCHS  BXPCGTDT 00000001 BXPC 00000001)
Nov 24 11:18:56 ubuntu kernel: [    0.000000] ACPI: MCFG 0x000000053BE60000 00003C (v01 BOCHS  BXPCMCFG 00000001 BXPC 00000001)
Nov 24 11:18:56 ubuntu systemd[1]: Mounted FUSE Control File System.
Nov 24 11:18:56 ubuntu kernel: [    0.000000] ACPI: SPCR 0x000000053BE50000 000050 (v02 BOCHS  BXPCSPCR 00000001 BXPC 00000001)
Nov 24 11:18:56 ubuntu systemd[1]: Started Apply Kernel Variables.
Nov 24 11:18:56 ubuntu kernel: [    0.000000] ACPI: IORT 0x000000053BE40000 00007C (v00 BOCHS  BXPCIORT 00000001 BXPC 00000001)
Nov 24 11:18:56 ubuntu systemd[1]: Mounted Kernel Configuration File System.
Nov 24 11:18:56 ubuntu systemd[1]: Reached target Local File Systems (Pre).
Nov 24 11:18:56 ubuntu kernel: [    0.000000] ACPI: SPCR: console: pl011,mmio,0x9000000,9600
Nov 24 11:18:56 ubuntu kernel: [    0.000000] ACPI: NUMA: Failed to initialise from firmware
Nov 24 11:18:56 ubuntu kernel: [    0.000000] NUMA: Faking a node at [mem 0x0000000040000000-0x000000053fffffff]
Nov 24 11:18:56 ubuntu systemd[1]: Starting udev Kernel Device Manager...
Nov 24 11:18:56 ubuntu systemd[1]: Starting Flush Journal to Persistent Storage...
Nov 24 11:18:56 ubuntu kernel: [    0.000000] NUMA: NODE_DATA [mem 0x53ffead00-0x53ffedfff]
Nov 24 11:18:56 ubuntu kernel: [    0.000000] Zone ranges:
Nov 24 11:18:56 ubuntu systemd[1]: Started udev Coldplug all Devices.
Nov 24 11:18:56 ubuntu kernel: [    0.000000]   DMA      [mem 0x0000000040000000-0x00000000ffffffff]
Nov 24 11:18:56 ubuntu kernel: [    0.000000]   Normal   [mem 0x0000000100000000-0x000000053fffffff]
Nov 24 11:18:56 ubuntu kernel: [    0.000000] Movable zone start for each node
Nov 24 11:18:56 ubuntu kernel: [    0.000000] Early memory node ranges
Nov 24 11:18:56 ubuntu kernel: [    0.000000]   node   0: [mem 0x0000000040000000-0x000000053bedffff]
Nov 24 11:18:56 ubuntu kernel: [    0.000000]   node   0: [mem 0x000000053bee0000-0x000000053bffffff]
Nov 24 11:18:56 ubuntu kernel: [    0.000000]   node   0: [mem 0x000000053c000000-0x000000053c02ffff]
Nov 24 11:18:56 ubuntu systemd[1]: Started udev Kernel Device Manager.
Nov 24 11:18:56 ubuntu kernel: [    0.000000]   node   0: [mem 0x000000053c030000-0x000000053c0affff]
Nov 24 11:18:56 ubuntu systemd[1]: Started Dispatch Password Requests to Console Directory Watch.
Nov 24 11:18:56 ubuntu kernel: [    0.000000]   node   0: [mem 0x000000053c0b0000-0x000000053f57ffff]
Nov 24 11:18:56 ubuntu kernel: [    0.000000]   node   0: [mem 0x000000053f580000-0x000000053f95ffff]
Nov 24 11:18:56 ubuntu systemd[1]: Reached target Local Encrypted Volumes.
Nov 24 11:18:56 ubuntu kernel: [    0.000000]   node   0: [mem 0x000000053f960000-0x000000053fffffff]
Nov 24 11:18:56 ubuntu systemd[1]: Started Flush Journal to Persistent Storage.
Nov 24 11:18:56 ubuntu kernel: [    0.000000] Initmem setup node 0 [mem 0x0000000040000000-0x000000053fffffff]
Nov 24 11:18:56 ubuntu systemd[1]: Found device /dev/ttyAMA0.
Nov 24 11:18:56 ubuntu kernel: [    0.000000] On node 0 totalpages: 5242880
Nov 24 11:18:56 ubuntu kernel: [    0.000000]   DMA zone: 12288 pages used for memmap
Nov 24 11:18:56 ubuntu kernel: [    0.000000]   DMA zone: 0 pages reserved
Nov 24 11:18:56 ubuntu systemd-udevd[726]: link_config: autonegotiation is unset or enabled, the speed and duplex are not writable.
Nov 24 11:18:56 ubuntu kernel: [    0.000000]   DMA zone: 786432 pages, LIFO batch:31
Nov 24 11:18:56 ubuntu kernel: [    0.000000]   Normal zone: 69632 pages used for memmap
Nov 24 11:18:56 ubuntu kernel: [    0.000000]   Normal zone: 4456448 pages, LIFO batch:31
Nov 24 11:18:56 ubuntu kernel: [    0.000000] psci: probing for conduit method from ACPI.
Nov 24 11:18:56 ubuntu kernel: [    0.000000] psci: PSCIv1.0 detected in firmware.
Nov 24 11:18:56 ubuntu kernel: [    0.000000] psci: Using standard PSCI v0.2 function IDs
Nov 24 11:18:56 ubuntu kernel: [    0.000000] psci: Trusted OS migration not required
Nov 24 11:18:56 ubuntu systemd[1]: Listening on Load/Save RF Kill Switch Status /dev/rfkill Watch.
Nov 24 11:18:56 ubuntu kernel: [    0.000000] psci: SMC Calling Convention v1.1
Nov 24 11:18:56 ubuntu systemd-udevd[735]: link_config: autonegotiation is unset or enabled, the speed and duplex are not writable.
Nov 24 11:18:56 ubuntu kernel: [    0.000000] random: get_random_bytes called from start_kernel+0xa8/0x474 with crng_init=0
Nov 24 11:18:56 ubuntu systemd[1]: Found device /dev/mapper/ubuntu--vg-swap_1.
Nov 24 11:18:56 ubuntu kernel: [    0.000000] percpu: Embedded 25 pages/cpu s62104 r8192 d32104 u102400
Nov 24 11:18:56 ubuntu systemd[1]: Activating swap /dev/mapper/ubuntu--vg-swap_1...
Nov 24 11:18:56 ubuntu kernel: [    0.000000] pcpu-alloc: s62104 r8192 d32104 u102400 alloc=25*4096
Nov 24 11:18:56 ubuntu kernel: [    0.000000] pcpu-alloc: [0] 00 [0] 01 [0] 02 [0] 03 [0] 04 [0] 05 [0] 06 [0] 07 
Nov 24 11:18:56 ubuntu kernel: [    0.000000] pcpu-alloc: [0] 08 [0] 09 [0] 10 [0] 11 [0] 12 [0] 13 [0] 14 [0] 15 
Nov 24 11:18:56 ubuntu kernel: [    0.000000] pcpu-alloc: [0] 16 [0] 17 [0] 18 [0] 19 [0] 20 [0] 21 [0] 22 [0] 23 
Nov 24 11:18:56 ubuntu systemd[1]: Activated swap /dev/mapper/ubuntu--vg-swap_1.
Nov 24 11:18:56 ubuntu kernel: [    0.000000] pcpu-alloc: [0] 24 [0] 25 [0] 26 [0] 27 [0] 28 [0] 29 [0] 30 [0] 31 
Nov 24 11:18:56 ubuntu kernel: [    0.000000] Detected VIPT I-cache on CPU0
Nov 24 11:18:56 ubuntu systemd[1]: Reached target Swap.
Nov 24 11:18:56 ubuntu systemd[1]: Found device QEMU_HARDDISK 1.
Nov 24 11:18:56 ubuntu systemd[1]: Starting File System Check on /dev/disk/by-uuid/5EA9-3D4C...
Nov 24 11:18:56 ubuntu systemd[1]: Created slice system-lvm2\x2dpvscan.slice.
Nov 24 11:18:56 ubuntu kernel: [    0.000000] ARM_SMCCC_ARCH_WORKAROUND_1 missing from firmware
Nov 24 11:18:56 ubuntu systemd[1]: Starting LVM2 PV scan on device 8:2...
Nov 24 11:18:56 ubuntu kernel: [    0.000000] Built 1 zonelists, mobility grouping on.  Total pages: 5160960
Nov 24 11:18:56 ubuntu systemd[1]: Started File System Check Daemon to report status.
Nov 24 11:18:56 ubuntu kernel: [    0.000000] Policy zone: Normal
Nov 24 11:18:56 ubuntu systemd-fsck[875]: fsck.fat 4.1 (2017-01-24)
Nov 24 11:18:56 ubuntu kernel: [    0.000000] Kernel command line: BOOT_IMAGE=/boot/vmlinuz-4.15.0-76-generic root=/dev/mapper/ubuntu--vg-root ro
Nov 24 11:18:56 ubuntu kernel: [    0.000000] software IO TLB: mapped [mem 0xfbfff000-0xfffff000] (64MB)
Nov 24 11:18:56 ubuntu kernel: [    0.000000] Memory: 20490720K/20971520K available (11068K kernel code, 1698K rwdata, 4464K rodata, 5952K init, 1183K bss, 480800K reserved, 0K cma-reserved)
Nov 24 11:18:56 ubuntu kernel: [    0.000000] Virtual kernel memory layout:
Nov 24 11:18:56 ubuntu systemd-fsck[875]: /dev/sda1: 5 files, 41/65501 clusters
Nov 24 11:18:56 ubuntu kernel: [    0.000000]     modules : 0xffff000000000000 - 0xffff000008000000   (   128 MB)
Nov 24 11:18:56 ubuntu systemd[1]: Started File System Check on /dev/disk/by-uuid/5EA9-3D4C.
Nov 24 11:18:56 ubuntu kernel: [    0.000000]     vmalloc : 0xffff000008000000 - 0xffff7dffbfff0000   (129022 GB)
Nov 24 11:18:56 ubuntu kernel: [    0.000000]       .text : 0x        (ptrval) - 0x        (ptrval)   ( 11072 KB)
Nov 24 11:18:56 ubuntu kernel: [    0.000000]     .rodata : 0x        (ptrval) - 0x        (ptrval)   (  4480 KB)
Nov 24 11:18:56 ubuntu kernel: [    0.000000]       .init : 0x        (ptrval) - 0x        (ptrval)   (  5952 KB)
Nov 24 11:18:56 ubuntu kernel: [    0.000000]       .data : 0x        (ptrval) - 0x        (ptrval)   (  1699 KB)
Nov 24 11:18:56 ubuntu kernel: [    0.000000]        .bss : 0x        (ptrval) - 0x        (ptrval)   (  1184 KB)
Nov 24 11:18:56 ubuntu lvm[876]:   2 logical volume(s) in volume group "ubuntu-vg" now active
Nov 24 11:18:56 ubuntu kernel: [    0.000000]     fixed   : 0xffff7dfffe7f9000 - 0xffff7dfffec00000   (  4124 KB)
Nov 24 11:18:56 ubuntu kernel: [    0.000000]     PCI I/O : 0xffff7dfffee00000 - 0xffff7dffffe00000   (    16 MB)
Nov 24 11:18:56 ubuntu kernel: [    0.000000]     vmemmap : 0xffff7e0000000000 - 0xffff800000000000   (  2048 GB maximum)
Nov 24 11:18:56 ubuntu systemd[1]: Mounting /boot/efi...
Nov 24 11:18:56 ubuntu kernel: [    0.000000]               0xffff7e0000000000 - 0xffff7e0014000000   (   320 MB actual)
Nov 24 11:18:56 ubuntu systemd[1]: Started LVM2 PV scan on device 8:2.
Nov 24 11:18:56 ubuntu kernel: [    0.000000]     memory  : 0xffff800000000000 - 0xffff800500000000   ( 20480 MB)
Nov 24 11:18:56 ubuntu kernel: [    0.000000] SLUB: HWalign=64, Order=0-3, MinObjects=0, CPUs=32, Nodes=1
Nov 24 11:18:56 ubuntu kernel: [    0.000000] ftrace: allocating 39368 entries in 154 pages
Nov 24 11:18:56 ubuntu kernel: [    0.000000] Hierarchical RCU implementation.
Nov 24 11:18:56 ubuntu kernel: [    0.000000] 	RCU restricting CPUs from NR_CPUS=256 to nr_cpu_ids=32.
Nov 24 11:18:56 ubuntu kernel: [    0.000000] 	Tasks RCU enabled.
Nov 24 11:18:56 ubuntu kernel: [    0.000000] RCU: Adjusting geometry for rcu_fanout_leaf=16, nr_cpu_ids=32
Nov 24 11:18:56 ubuntu systemd[1]: Mounted /boot/efi.
Nov 24 11:18:56 ubuntu kernel: [    0.000000] NR_IRQS: 64, nr_irqs: 64, preallocated irqs: 0
Nov 24 11:18:56 ubuntu kernel: [    0.000000] GICv3: Distributor has no Range Selector support
Nov 24 11:18:56 ubuntu kernel: [    0.000000] GICv3: no VLPI support, no direct LPI support
Nov 24 11:18:56 ubuntu kernel: [    0.000000] ACPI: SRAT not present
Nov 24 11:18:56 ubuntu kernel: [    0.000000] ITS [mem 0x08080000-0x0809ffff]
Nov 24 11:18:56 ubuntu kernel: [    0.000000] ITS@0x0000000008080000: allocated 8192 Devices @529120000 (indirect, esz 8, psz 64K, shr 1)
Nov 24 11:18:56 ubuntu kernel: [    0.000000] ITS@0x0000000008080000: allocated 8192 Interrupt Collections @529130000 (flat, esz 8, psz 64K, shr 1)
Nov 24 11:18:56 ubuntu systemd[1]: Reached target Local File Systems.
Nov 24 11:18:56 ubuntu kernel: [    0.000000] GIC: using LPI property table @0x0000000529140000
Nov 24 11:18:56 ubuntu systemd[1]: Starting AppArmor initialization...
Nov 24 11:18:56 ubuntu kernel: [    0.000000] ITS: Allocated 1792 chunks for LPIs
Nov 24 11:18:56 ubuntu kernel: [    0.000000] GICv3: CPU0: found redistributor 0 region 0:0x00000000080a0000
Nov 24 11:18:56 ubuntu kernel: [    0.000000] CPU0: using LPI pending table @0x0000000529150000
Nov 24 11:18:56 ubuntu kernel: [    0.000000] arch_timer: cp15 timer(s) running at 100.00MHz (virt).
Nov 24 11:18:56 ubuntu systemd[1]: Starting Create Volatile Files and Directories...
Nov 24 11:18:56 ubuntu kernel: [    0.000000] clocksource: arch_sys_counter: mask: 0xffffffffffffff max_cycles: 0x171024e7e0, max_idle_ns: 440795205315 ns
Nov 24 11:18:56 ubuntu systemd[1]: Starting Tell Plymouth To Write Out Runtime Data...
Nov 24 11:18:56 ubuntu kernel: [    0.000002] sched_clock: 56 bits at 100MHz, resolution 10ns, wraps every 4398046511100ns
Nov 24 11:18:56 ubuntu systemd[1]: Starting ebtables ruleset management...
Nov 24 11:18:56 ubuntu kernel: [    0.000225] Console: colour dummy device 80x25
Nov 24 11:18:56 ubuntu kernel: [    0.000295] ACPI: Core revision 20170831
Nov 24 11:18:56 ubuntu kernel: [    0.001058] ACPI: 1 ACPI AML tables successfully acquired and loaded
Nov 24 11:18:56 ubuntu kernel: [    0.001071] Calibrating delay loop (skipped), value calculated using timer frequency.. 200.00 BogoMIPS (lpj=400000)
Nov 24 11:18:56 ubuntu kernel: [    0.001076] pid_max: default: 32768 minimum: 301
Nov 24 11:18:56 ubuntu systemd[1]: Starting Set console font and keymap...
Nov 24 11:18:56 ubuntu kernel: [    0.001146] Security Framework initialized
Nov 24 11:18:56 ubuntu kernel: [    0.001157] Yama: becoming mindful.
Nov 24 11:18:56 ubuntu kernel: [    0.001432] AppArmor: AppArmor initialized
Nov 24 11:18:56 ubuntu kernel: [    0.023430] Dentry cache hash table entries: 4194304 (order: 13, 33554432 bytes)
Nov 24 11:18:56 ubuntu systemd[1]: Started Create Volatile Files and Directories.
Nov 24 11:18:56 ubuntu kernel: [    0.034167] Inode-cache hash table entries: 2097152 (order: 12, 16777216 bytes)
Nov 24 11:18:56 ubuntu systemd[1]: Started Tell Plymouth To Write Out Runtime Data.
Nov 24 11:18:56 ubuntu kernel: [    0.034525] Mount-cache hash table entries: 65536 (order: 7, 524288 bytes)
Nov 24 11:18:56 ubuntu kernel: [    0.034858] Mountpoint-cache hash table entries: 65536 (order: 7, 524288 bytes)
Nov 24 11:18:56 ubuntu kernel: [    0.036335] ACPI PPTT: No PPTT table found, cpu topology may be inaccurate
Nov 24 11:18:56 ubuntu kernel: [    0.036607] ASID allocator initialised with 32768 entries
Nov 24 11:18:56 ubuntu kernel: [    0.036655] Hierarchical SRCU implementation.
Nov 24 11:18:56 ubuntu kernel: [    0.037326] Platform MSI: ITS@0x8080000 domain created
Nov 24 11:18:56 ubuntu kernel: [    0.037344] PCI/MSI: ITS@0x8080000 domain created
Nov 24 11:18:56 ubuntu apparmor[883]:  * Starting AppArmor profiles
Nov 24 11:18:56 ubuntu systemd[1]: Started Set console font and keymap.
Nov 24 11:18:56 ubuntu systemd[1]: Starting Update UTMP about System Boot/Shutdown...
Nov 24 11:18:56 ubuntu systemd[1]: Starting Network Time Synchronization...
Nov 24 11:18:56 ubuntu systemd[1]: Started Update UTMP about System Boot/Shutdown.
Nov 24 11:18:56 ubuntu kernel: [    0.037430] Remapping and enabling EFI services.
Nov 24 11:18:56 ubuntu kernel: [    0.037451]   EFI remap 0x0000000004000000 =>         (ptrval)
Nov 24 11:18:56 ubuntu kernel: [    0.037460]   EFI remap 0x0000000009010000 =>         (ptrval)
Nov 24 11:18:56 ubuntu kernel: [    0.037481]   EFI remap 0x000000053bee0000 =>         (ptrval)
Nov 24 11:18:56 ubuntu kernel: [    0.037495]   EFI remap 0x000000053bf60000 =>         (ptrval)
Nov 24 11:18:56 ubuntu kernel: [    0.037509]   EFI remap 0x000000053bfb0000 =>         (ptrval)
Nov 24 11:18:56 ubuntu kernel: [    0.037529]   EFI remap 0x000000053c030000 =>         (ptrval)
Nov 24 11:18:56 ubuntu systemd[1]: Started ebtables ruleset management.
Nov 24 11:18:56 ubuntu kernel: [    0.037586]   EFI remap 0x000000053f580000 =>         (ptrval)
Nov 24 11:18:56 ubuntu kernel: [    0.037667]   EFI remap 0x000000053f710000 =>         (ptrval)
Nov 24 11:18:56 ubuntu systemd[1]: Reached target Network (Pre).
Nov 24 11:18:56 ubuntu kernel: [    0.038550] smp: Bringing up secondary CPUs ...
Nov 24 11:18:56 ubuntu systemd[1]: Starting Network Service...
Nov 24 11:18:56 ubuntu kernel: [    0.261039] Detected VIPT I-cache on CPU1
Nov 24 11:18:56 ubuntu systemd-networkd[919]: Enumeration completed
Nov 24 11:18:56 ubuntu kernel: [    0.261069] GICv3: CPU1: found redistributor 1 region 0:0x00000000080c0000
Nov 24 11:18:56 ubuntu kernel: [    0.261387] CPU1: using LPI pending table @0x00000005254a0000
Nov 24 11:18:56 ubuntu kernel: [    0.261452] CPU1: Booted secondary processor 0x0000000001 [0x481fd010]
Nov 24 11:18:56 ubuntu systemd[1]: Started Network Service.
Nov 24 11:18:56 ubuntu kernel: [    0.344752] Detected VIPT I-cache on CPU2
Nov 24 11:18:56 ubuntu systemd-networkd[919]: lo: Link is not managed by us
Nov 24 11:18:56 ubuntu kernel: [    0.344811] GICv3: CPU2: found redistributor 2 region 0:0x00000000080e0000
Nov 24 11:18:56 ubuntu kernel: [    0.345268] CPU2: using LPI pending table @0x00000005254e0000
Nov 24 11:18:56 ubuntu kernel: [    0.345381] CPU2: Booted secondary processor 0x0000000002 [0x481fd010]
Nov 24 11:18:56 ubuntu systemd[1]: Starting Wait for Network to be Configured...
Nov 24 11:18:56 ubuntu kernel: [    0.447335] Detected VIPT I-cache on CPU3
Nov 24 11:18:56 ubuntu apparmor[883]: Skipping profile in /etc/apparmor.d/disable: usr.sbin.rsyslogd
Nov 24 11:18:56 ubuntu kernel: [    0.447361] GICv3: CPU3: found redistributor 3 region 0:0x0000000008100000
Nov 24 11:18:56 ubuntu kernel: [    0.447649] CPU3: using LPI pending table @0x0000000525520000
Nov 24 11:18:56 ubuntu systemd[1]: Starting Network Name Resolution...
Nov 24 11:18:56 ubuntu kernel: [    0.447703] CPU3: Booted secondary processor 0x0000000003 [0x481fd010]
Nov 24 11:18:56 ubuntu apparmor[883]:    ...done.
Nov 24 11:18:56 ubuntu kernel: [    0.534681] Detected VIPT I-cache on CPU4
Nov 24 11:18:56 ubuntu kernel: [    0.534708] GICv3: CPU4: found redistributor 4 region 0:0x0000000008120000
Nov 24 11:18:56 ubuntu systemd[1]: Started AppArmor initialization.
Nov 24 11:18:56 ubuntu kernel: [    0.534970] CPU4: using LPI pending table @0x0000000525550000
Nov 24 11:18:56 ubuntu kernel: [    0.535013] CPU4: Booted secondary processor 0x0000000004 [0x481fd010]
Nov 24 11:18:56 ubuntu kernel: [    0.620868] Detected VIPT I-cache on CPU5
Nov 24 11:18:56 ubuntu kernel: [    0.620897] GICv3: CPU5: found redistributor 5 region 0:0x0000000008140000
Nov 24 11:18:56 ubuntu systemd-networkd[919]: enp1s0: Gained carrier
Nov 24 11:18:56 ubuntu kernel: [    0.621166] CPU5: using LPI pending table @0x0000000525590000
Nov 24 11:18:56 ubuntu kernel: [    0.621208] CPU5: Booted secondary processor 0x0000000005 [0x481fd010]
Nov 24 11:18:56 ubuntu kernel: [    0.705281] Detected VIPT I-cache on CPU6
Nov 24 11:18:56 ubuntu kernel: [    0.705346] GICv3: CPU6: found redistributor 6 region 0:0x0000000008160000
Nov 24 11:18:56 ubuntu kernel: [    0.705723] CPU6: using LPI pending table @0x00000005255c0000
Nov 24 11:18:56 ubuntu kernel: [    0.705819] CPU6: Booted secondary processor 0x0000000006 [0x481fd010]
Nov 24 11:18:56 ubuntu kernel: [    0.922112] Detected VIPT I-cache on CPU7
Nov 24 11:18:56 ubuntu kernel: [    0.922179] GICv3: CPU7: found redistributor 7 region 0:0x0000000008180000
Nov 24 11:18:56 ubuntu kernel: [    0.922577] CPU7: using LPI pending table @0x0000000525620000
Nov 24 11:18:56 ubuntu kernel: [    0.922635] CPU7: Booted secondary processor 0x0000000007 [0x481fd010]
Nov 24 11:18:56 ubuntu kernel: [    1.006629] Detected VIPT I-cache on CPU8
Nov 24 11:18:56 ubuntu kernel: [    1.006669] GICv3: CPU8: found redistributor 8 region 0:0x00000000081a0000
Nov 24 11:18:56 ubuntu kernel: [    1.006975] CPU8: using LPI pending table @0x0000000525770000
Nov 24 11:18:56 ubuntu systemd[1]: Started Network Time Synchronization.
Nov 24 11:18:56 ubuntu kernel: [    1.007015] CPU8: Booted secondary processor 0x0000000008 [0x481fd010]
Nov 24 11:18:56 ubuntu kernel: [    1.090623] Detected VIPT I-cache on CPU9
Nov 24 11:18:56 ubuntu systemd[1]: Reached target System Time Synchronized.
Nov 24 11:18:56 ubuntu kernel: [    1.090687] GICv3: CPU9: found redistributor 9 region 0:0x00000000081c0000
Nov 24 11:18:56 ubuntu kernel: [    1.091163] CPU9: using LPI pending table @0x00000005257b0000
Nov 24 11:18:56 ubuntu kernel: [    1.091251] CPU9: Booted secondary processor 0x0000000009 [0x481fd010]
Nov 24 11:18:56 ubuntu kernel: [    1.311208] Detected VIPT I-cache on CPU10
Nov 24 11:18:56 ubuntu kernel: [    1.311250] GICv3: CPU10: found redistributor a region 0:0x00000000081e0000
Nov 24 11:18:56 ubuntu systemd[1]: Reached target System Initialization.
Nov 24 11:18:56 ubuntu kernel: [    1.311561] CPU10: using LPI pending table @0x00000005257e0000
Nov 24 11:18:56 ubuntu kernel: [    1.311610] CPU10: Booted secondary processor 0x000000000a [0x481fd010]
Nov 24 11:18:56 ubuntu systemd[1]: Started Discard unused blocks once a week.
Nov 24 11:18:56 ubuntu kernel: [    1.395232] Detected VIPT I-cache on CPU11
Nov 24 11:18:56 ubuntu kernel: [    1.395272] GICv3: CPU11: found redistributor b region 0:0x0000000008200000
Nov 24 11:18:56 ubuntu kernel: [    1.395504] CPU11: using LPI pending table @0x0000000525820000
Nov 24 11:18:56 ubuntu kernel: [    1.395548] CPU11: Booted secondary processor 0x000000000b [0x481fd010]
Nov 24 11:18:56 ubuntu kernel: [    1.480003] Detected VIPT I-cache on CPU12
Nov 24 11:18:56 ubuntu kernel: [    1.480044] GICv3: CPU12: found redistributor c region 0:0x0000000008220000
Nov 24 11:18:56 ubuntu kernel: [    1.480296] CPU12: using LPI pending table @0x0000000525860000
Nov 24 11:18:56 ubuntu kernel: [    1.480342] CPU12: Booted secondary processor 0x000000000c [0x481fd010]
Nov 24 11:18:56 ubuntu kernel: [    1.699213] Detected VIPT I-cache on CPU13
Nov 24 11:18:56 ubuntu kernel: [    1.699281] GICv3: CPU13: found redistributor d region 0:0x0000000008240000
Nov 24 11:18:56 ubuntu kernel: [    1.699607] CPU13: using LPI pending table @0x00000005258a0000
Nov 24 11:18:56 ubuntu kernel: [    1.699663] CPU13: Booted secondary processor 0x000000000d [0x481fd010]
Nov 24 11:18:56 ubuntu kernel: [    1.784113] Detected VIPT I-cache on CPU14
Nov 24 11:18:56 ubuntu kernel: [    1.784158] GICv3: CPU14: found redistributor e region 0:0x0000000008260000
Nov 24 11:18:56 ubuntu kernel: [    1.784478] CPU14: using LPI pending table @0x00000005258d0000
Nov 24 11:18:56 ubuntu systemd[1]: Started ACPI Events Check.
Nov 24 11:18:56 ubuntu systemd[1]: Listening on UUID daemon activation socket.
Nov 24 11:18:56 ubuntu kernel: [    1.784531] CPU14: Booted secondary processor 0x000000000e [0x481fd010]
Nov 24 11:18:56 ubuntu systemd[1]: Started Daily apt download activities.
Nov 24 11:18:56 ubuntu kernel: [    2.006924] Detected VIPT I-cache on CPU15
Nov 24 11:18:56 ubuntu kernel: [    2.006990] GICv3: CPU15: found redistributor f region 0:0x0000000008280000
Nov 24 11:18:56 ubuntu systemd[1]: Started Message of the Day.
Nov 24 11:18:56 ubuntu kernel: [    2.007290] CPU15: using LPI pending table @0x0000000525930000
Nov 24 11:18:56 ubuntu systemd[1]: Listening on D-Bus System Message Bus Socket.
Nov 24 11:18:56 ubuntu systemd[1]: Listening on Open-iSCSI iscsid Socket.
Nov 24 11:18:56 ubuntu kernel: [    2.007349] CPU15: Booted secondary processor 0x000000000f [0x481fd010]
Nov 24 11:18:56 ubuntu systemd[1]: Started Daily apt upgrade and clean activities.
Nov 24 11:18:56 ubuntu kernel: [    2.199604] Detected VIPT I-cache on CPU16
Nov 24 11:18:56 ubuntu kernel: [    2.199651] GICv3: CPU16: found redistributor 100 region 0:0x00000000082a0000
Nov 24 11:18:56 ubuntu kernel: [    2.199944] CPU16: using LPI pending table @0x0000000525aa0000
Nov 24 11:18:56 ubuntu systemd[1]: Reached target Paths.
Nov 24 11:18:56 ubuntu kernel: [    2.199996] CPU16: Booted secondary processor 0x0000000100 [0x481fd010]
Nov 24 11:18:56 ubuntu systemd[1]: Started Daily Cleanup of Temporary Directories.
Nov 24 11:18:56 ubuntu kernel: [    2.424364] Detected VIPT I-cache on CPU17
Nov 24 11:18:56 ubuntu systemd[1]: Starting Socket activation for snappy daemon.
Nov 24 11:18:56 ubuntu systemd[1]: Listening on ACPID Listen Socket.
Nov 24 11:18:56 ubuntu systemd[1]: Reached target Timers.
Nov 24 11:18:56 ubuntu kernel: [    2.424431] GICv3: CPU17: found redistributor 101 region 0:0x00000000082c0000
Nov 24 11:18:56 ubuntu systemd[1]: Starting LXD - unix socket.
Nov 24 11:18:56 ubuntu kernel: [    2.424769] CPU17: using LPI pending table @0x0000000525ad0000
Nov 24 11:18:56 ubuntu kernel: [    2.424825] CPU17: Booted secondary processor 0x0000000101 [0x481fd010]
Nov 24 11:18:56 ubuntu kernel: [    2.602484] Detected VIPT I-cache on CPU18
Nov 24 11:18:56 ubuntu systemd[1]: Listening on Socket activation for snappy daemon.
Nov 24 11:18:56 ubuntu kernel: [    2.602535] GICv3: CPU18: found redistributor 102 region 0:0x00000000082e0000
Nov 24 11:18:56 ubuntu systemd[1]: Listening on LXD - unix socket.
Nov 24 11:18:56 ubuntu kernel: [    2.602805] CPU18: using LPI pending table @0x0000000525b10000
Nov 24 11:18:56 ubuntu kernel: [    2.602858] CPU18: Booted secondary processor 0x0000000102 [0x481fd010]
Nov 24 11:18:56 ubuntu kernel: [    2.825360] Detected VIPT I-cache on CPU19
Nov 24 11:18:56 ubuntu kernel: [    2.825431] GICv3: CPU19: found redistributor 103 region 0:0x0000000008300000
Nov 24 11:18:56 ubuntu systemd[1]: Reached target Sockets.
Nov 24 11:18:56 ubuntu kernel: [    2.825717] CPU19: using LPI pending table @0x0000000525b40000
Nov 24 11:18:56 ubuntu kernel: [    2.825760] CPU19: Booted secondary processor 0x0000000103 [0x481fd010]
Nov 24 11:18:56 ubuntu kernel: [    2.911797] Detected VIPT I-cache on CPU20
Nov 24 11:18:56 ubuntu systemd[1]: Reached target Basic System.
Nov 24 11:18:56 ubuntu kernel: [    2.911908] GICv3: CPU20: found redistributor 104 region 0:0x0000000008320000
Nov 24 11:18:56 ubuntu systemd[1]: Starting Snappy daemon...
Nov 24 11:18:56 ubuntu kernel: [    2.912223] CPU20: using LPI pending table @0x0000000525b80000
Nov 24 11:18:56 ubuntu systemd[1]: Starting Accounts Service...
Nov 24 11:18:56 ubuntu kernel: [    2.912311] CPU20: Booted secondary processor 0x0000000104 [0x481fd010]
Nov 24 11:18:56 ubuntu kernel: [    2.996480] Detected VIPT I-cache on CPU21
Nov 24 11:18:56 ubuntu kernel: [    2.996552] GICv3: CPU21: found redistributor 105 region 0:0x0000000008340000
Nov 24 11:18:56 ubuntu kernel: [    2.996767] CPU21: using LPI pending table @0x0000000525be0000
Nov 24 11:18:56 ubuntu kernel: [    2.996815] CPU21: Booted secondary processor 0x0000000105 [0x481fd010]
Nov 24 11:18:56 ubuntu kernel: [    3.220937] Detected VIPT I-cache on CPU22
Nov 24 11:18:56 ubuntu kernel: [    3.220995] GICv3: CPU22: found redistributor 106 region 0:0x0000000008360000
Nov 24 11:18:56 ubuntu kernel: [    3.221256] CPU22: using LPI pending table @0x0000000525cf0000
Nov 24 11:18:56 ubuntu kernel: [    3.221308] CPU22: Booted secondary processor 0x0000000106 [0x481fd010]
Nov 24 11:18:56 ubuntu kernel: [    3.447024] Detected VIPT I-cache on CPU23
Nov 24 11:18:56 ubuntu kernel: [    3.447082] GICv3: CPU23: found redistributor 107 region 0:0x0000000008380000
Nov 24 11:18:56 ubuntu kernel: [    3.447340] CPU23: using LPI pending table @0x0000000525d40000
Nov 24 11:18:56 ubuntu kernel: [    3.447386] CPU23: Booted secondary processor 0x0000000107 [0x481fd010]
Nov 24 11:18:56 ubuntu kernel: [    3.532642] Detected VIPT I-cache on CPU24
Nov 24 11:18:56 ubuntu systemd[1]: Starting Login Service...
Nov 24 11:18:56 ubuntu kernel: [    3.532770] GICv3: CPU24: found redistributor 108 region 0:0x00000000083a0000
Nov 24 11:18:56 ubuntu systemd[1]: Started D-Bus System Message Bus.
Nov 24 11:18:56 ubuntu kernel: [    3.533104] CPU24: using LPI pending table @0x0000000525d80000
Nov 24 11:18:56 ubuntu kernel: [    3.533185] CPU24: Booted secondary processor 0x0000000108 [0x481fd010]
Nov 24 11:18:56 ubuntu kernel: [    3.757317] Detected VIPT I-cache on CPU25
Nov 24 11:18:56 ubuntu kernel: [    3.757430] GICv3: CPU25: found redistributor 109 region 0:0x00000000083c0000
Nov 24 11:18:56 ubuntu kernel: [    3.757742] CPU25: using LPI pending table @0x0000000525db0000
Nov 24 11:18:56 ubuntu kernel: [    3.757785] CPU25: Booted secondary processor 0x0000000109 [0x481fd010]
Nov 24 11:18:56 ubuntu kernel: [    3.982161] Detected VIPT I-cache on CPU26
Nov 24 11:18:56 ubuntu kernel: [    3.982229] GICv3: CPU26: found redistributor 10a region 0:0x00000000083e0000
Nov 24 11:18:56 ubuntu kernel: [    3.982506] CPU26: using LPI pending table @0x0000000525df0000
Nov 24 11:18:56 ubuntu kernel: [    3.982561] CPU26: Booted secondary processor 0x000000010a [0x481fd010]
Nov 24 11:18:56 ubuntu kernel: [    4.069880] Detected VIPT I-cache on CPU27
Nov 24 11:18:56 ubuntu dbus-daemon[962]: [system] AppArmor D-Bus mediation is enabled
Nov 24 11:18:56 ubuntu kernel: [    4.070041] GICv3: CPU27: found redistributor 10b region 0:0x0000000008400000
Nov 24 11:18:56 ubuntu systemd[1]: Starting LXD - container startup/shutdown...
Nov 24 11:18:56 ubuntu kernel: [    4.070488] CPU27: using LPI pending table @0x0000000525e30000
Nov 24 11:18:56 ubuntu systemd[1]: Started Regular background program processing daemon.
Nov 24 11:18:56 ubuntu dbus-daemon[962]: [system] Activating via systemd: service name='org.freedesktop.PolicyKit1' unit='polkit.service' requested by ':1.3' (uid=0 pid=960 comm="/usr/lib/accountsservice/accounts-daemon " label="unconfined")
Nov 24 11:18:56 ubuntu systemd[1]: Started Deferred execution scheduler.
Nov 24 11:18:56 ubuntu cron[972]: (CRON) INFO (pidfile fd = 3)
Nov 24 11:18:56 ubuntu cron[972]: (CRON) INFO (Running @reboot jobs)
Nov 24 11:18:56 ubuntu systemd[1]: Started irqbalance daemon.
Nov 24 11:18:56 ubuntu snapd[959]: AppArmor status: apparmor is enabled and all features are available
Nov 24 11:18:56 ubuntu systemd[1]: Starting System Logging Service...
Nov 24 11:18:56 ubuntu systemd-resolved[955]: Positive Trust Anchors:
Nov 24 11:18:56 ubuntu systemd-resolved[955]: . IN DS 19036 8 2 49aac11d7b6f6446702e54a1607371607a1a41855200fd2ce1cdde32f24e8fb5
Nov 24 11:18:56 ubuntu systemd-resolved[955]: . IN DS 20326 8 2 e06d44b80b8f1d39a95c0b0d7c65d08458e880409bbc683457104237c7f8ec8d
Nov 24 11:18:56 ubuntu kernel: [    4.070603] CPU27: Booted secondary processor 0x000000010b [0x481fd010]
Nov 24 11:18:56 ubuntu kernel: [    4.299392] Detected VIPT I-cache on CPU28
Nov 24 11:18:56 ubuntu kernel: [    4.299466] GICv3: CPU28: found redistributor 10c region 0:0x0000000008420000
Nov 24 11:18:56 ubuntu kernel: [    4.299827] CPU28: using LPI pending table @0x0000000525f50000
Nov 24 11:18:56 ubuntu kernel: [    4.299883] CPU28: Booted secondary processor 0x000000010c [0x481fd010]
Nov 24 11:18:56 ubuntu kernel: [    4.386182] Detected VIPT I-cache on CPU29
Nov 24 11:18:56 ubuntu kernel: [    4.386256] GICv3: CPU29: found redistributor 10d region 0:0x0000000008440000
Nov 24 11:18:56 ubuntu kernel: [    4.386528] CPU29: using LPI pending table @0x0000000525f90000
Nov 24 11:18:56 ubuntu kernel: [    4.386569] CPU29: Booted secondary processor 0x000000010d [0x481fd010]
Nov 24 11:18:56 ubuntu systemd-resolved[955]: Negative trust anchors: 10.in-addr.arpa 16.172.in-addr.arpa 17.172.in-addr.arpa 18.172.in-addr.arpa 19.172.in-addr.arpa 20.172.in-addr.arpa 21.172.in-addr.arpa 22.172.in-addr.arpa 23.172.in-addr.arpa 24.172.in-addr.arpa 25.172.in-addr.arpa 26.172.in-addr.arpa 27.172.in-addr.arpa 28.172.in-addr.arpa 29.172.in-addr.arpa 30.172.in-addr.arpa 31.172.in-addr.arpa 168.192.in-addr.arpa d.f.ip6.arpa corp home internal intranet lan local private test
Nov 24 11:18:56 ubuntu kernel: [    4.617963] Detected VIPT I-cache on CPU30
Nov 24 11:18:56 ubuntu kernel: [    4.618059] GICv3: CPU30: found redistributor 10e region 0:0x0000000008460000
Nov 24 11:18:56 ubuntu kernel: [    4.618363] CPU30: using LPI pending table @0x0000000525fc0000
Nov 24 11:18:56 ubuntu kernel: [    4.618424] CPU30: Booted secondary processor 0x000000010e [0x481fd010]
Nov 24 11:18:56 ubuntu kernel: [    4.846151] Detected VIPT I-cache on CPU31
Nov 24 11:18:56 ubuntu kernel: [    4.846226] GICv3: CPU31: found redistributor 10f region 0:0x0000000008480000
Nov 24 11:18:56 ubuntu systemd-resolved[955]: Using system hostname 'ubuntu'.
Nov 24 11:18:56 ubuntu kernel: [    4.846472] CPU31: using LPI pending table @0x0000000524010000
Nov 24 11:18:56 ubuntu systemd[1]: Started FUSE filesystem for LXC.
Nov 24 11:18:56 ubuntu kernel: [    4.846521] CPU31: Booted secondary processor 0x000000010f [0x481fd010]
Nov 24 11:18:56 ubuntu kernel: [    4.846719] smp: Brought up 1 node, 32 CPUs
Nov 24 11:18:56 ubuntu kernel: [    4.846854] SMP: Total of 32 processors activated.
Nov 24 11:18:56 ubuntu kernel: [    4.846863] CPU features: detected: GIC system register CPU interface
Nov 24 11:18:56 ubuntu kernel: [    4.846866] CPU features: detected: Privileged Access Never
Nov 24 11:18:56 ubuntu kernel: [    4.846869] CPU features: detected: LSE atomic instructions
Nov 24 11:18:56 ubuntu kernel: [    4.846872] CPU features: detected: User Access Override
Nov 24 11:18:56 ubuntu kernel: [    4.846876] CPU features: detected: Data cache clean to Point of Persistence
Nov 24 11:18:56 ubuntu systemd[1]: Starting Dispatcher daemon for systemd-networkd...
Nov 24 11:18:56 ubuntu kernel: [    4.846879] CPU features: detected: RAS Extension Support
Nov 24 11:18:56 ubuntu /usr/sbin/irqbalance: IRQ arch_timer(2) guessed as class 0
Nov 24 11:18:56 ubuntu kernel: [    5.161340] CPU: All CPU(s) started at EL1
Nov 24 11:18:56 ubuntu kernel: [    5.161576] alternatives: patching kernel code
Nov 24 11:18:56 ubuntu kernel: [    5.180872] devtmpfs: initialized
Nov 24 11:18:56 ubuntu kernel: [    5.181171] evm: security.selinux
Nov 24 11:18:56 ubuntu kernel: [    5.181174] evm: security.SMACK64
Nov 24 11:18:56 ubuntu kernel: [    5.181175] evm: security.SMACK64EXEC
Nov 24 11:18:56 ubuntu /usr/sbin/irqbalance: IRQ uart-pl011(4) guessed as class 0
Nov 24 11:18:56 ubuntu kernel: [    5.181176] evm: security.SMACK64TRANSMUTE
Nov 24 11:18:56 ubuntu kernel: [    5.181177] evm: security.SMACK64MMAP
Nov 24 11:18:56 ubuntu kernel: [    5.181178] evm: security.apparmor
Nov 24 11:18:56 ubuntu kernel: [    5.181179] evm: security.ima
Nov 24 11:18:56 ubuntu kernel: [    5.181181] evm: security.capability
Nov 24 11:18:56 ubuntu kernel: [    5.181783] Registered cp15_barrier emulation handler
Nov 24 11:18:56 ubuntu kernel: [    5.181953] Registered setend emulation handler
Nov 24 11:18:56 ubuntu kernel: [    5.182681] clocksource: jiffies: mask: 0xffffffff max_cycles: 0xffffffff, max_idle_ns: 7645041785100000 ns
Nov 24 11:18:56 ubuntu /usr/sbin/irqbalance: IRQ arm-pmu(42) guessed as class 0
Nov 24 11:18:56 ubuntu /usr/sbin/irqbalance: IRQ ACPI:Event(43) guessed as class 0
Nov 24 11:18:56 ubuntu kernel: [    5.182791] futex hash table entries: 8192 (order: 8, 1048576 bytes)
Nov 24 11:18:56 ubuntu /usr/sbin/irqbalance: IRQ pciehp(44) guessed as class 0
Nov 24 11:18:56 ubuntu kernel: [    5.184147] pinctrl core: initialized pinctrl subsystem
Nov 24 11:18:56 ubuntu kernel: [    5.184828] SMBIOS 3.0.0 present.
Nov 24 11:18:56 ubuntu kernel: [    5.184832] DMI: QEMU KVM Virtual Machine, BIOS 0.0.0 02/06/2015
Nov 24 11:18:56 ubuntu /usr/sbin/irqbalance: IRQ pciehp(45) guessed as class 0
Nov 24 11:18:56 ubuntu kernel: [    5.185198] NET: Registered protocol family 16
Nov 24 11:18:56 ubuntu kernel: [    5.186601] audit: initializing netlink subsys (disabled)
Nov 24 11:18:56 ubuntu kernel: [    5.186861] audit: type=2000 audit(5.012:1): state=initialized audit_enabled=0 res=1
Nov 24 11:18:56 ubuntu kernel: [    5.187128] cpuidle: using governor ladder
Nov 24 11:18:56 ubuntu kernel: [    5.187139] cpuidle: using governor menu
Nov 24 11:18:56 ubuntu kernel: [    5.187199] vdso: 2 pages (1 code @         (ptrval), 1 data @         (ptrval))
Nov 24 11:18:56 ubuntu /usr/sbin/irqbalance: IRQ pciehp(46) guessed as class 0
Nov 24 11:18:56 ubuntu kernel: [    5.187215] hw-breakpoint: found 6 breakpoint and 4 watchpoint registers.
Nov 24 11:18:56 ubuntu /usr/sbin/irqbalance: IRQ pciehp(47) guessed as class 0
Nov 24 11:18:56 ubuntu kernel: [    5.189605] DMA: preallocated 256 KiB pool for atomic allocations
Nov 24 11:18:56 ubuntu kernel: [    5.189643] ACPI: bus type PCI registered
Nov 24 11:18:56 ubuntu /usr/sbin/irqbalance: IRQ xhci_hcd(48) guessed as class 0
Nov 24 11:18:56 ubuntu kernel: [    5.189656] acpiphp: ACPI Hot Plug PCI Controller Driver version: 0.5
Nov 24 11:18:56 ubuntu /usr/sbin/irqbalance: IRQ xhci_hcd(49) guessed as class 0
Nov 24 11:18:56 ubuntu kernel: [    5.189784] Serial: AMBA PL011 UART driver
Nov 24 11:18:56 ubuntu /usr/sbin/irqbalance: IRQ xhci_hcd(50) guessed as class 0
Nov 24 11:18:56 ubuntu kernel: [    5.192434] HugeTLB registered 2.00 MiB page size, pre-allocated 0 pages
Nov 24 11:18:56 ubuntu /usr/sbin/irqbalance: IRQ xhci_hcd(51) guessed as class 0
Nov 24 11:18:56 ubuntu kernel: [    5.194932] ACPI: Added _OSI(Module Device)
Nov 24 11:18:56 ubuntu /usr/sbin/irqbalance: IRQ xhci_hcd(52) guessed as class 0
Nov 24 11:18:56 ubuntu kernel: [    5.194935] ACPI: Added _OSI(Processor Device)
Nov 24 11:18:56 ubuntu /usr/sbin/irqbalance: IRQ xhci_hcd(53) guessed as class 0
Nov 24 11:18:56 ubuntu kernel: [    5.194937] ACPI: Added _OSI(3.0 _SCP Extensions)
Nov 24 11:18:56 ubuntu kernel: [    5.194938] ACPI: Added _OSI(Processor Aggregator Device)
Nov 24 11:18:56 ubuntu kernel: [    5.194940] ACPI: Added _OSI(Linux-Dell-Video)
Nov 24 11:18:56 ubuntu kernel: [    5.194942] ACPI: Added _OSI(Linux-Lenovo-NV-HDMI-Audio)
Nov 24 11:18:56 ubuntu kernel: [    5.194944] ACPI: Added _OSI(Linux-HPI-Hybrid-Graphics)
Nov 24 11:18:56 ubuntu kernel: [    5.195958] ACPI: Interpreter enabled
Nov 24 11:18:56 ubuntu kernel: [    5.195961] ACPI: Using GIC for interrupt routing
Nov 24 11:18:56 ubuntu kernel: [    5.195983] ACPI: MCFG table detected, 1 entries
Nov 24 11:18:56 ubuntu kernel: [    5.200302] ARMH0011:00: ttyAMA0 at MMIO 0x9000000 (irq = 4, base_baud = 0) is a SBSA
Nov 24 11:18:56 ubuntu kernel: [    5.362228] console [ttyAMA0] enabled
Nov 24 11:18:56 ubuntu kernel: [    5.364193] ACPI: PCI Root Bridge [PCI0] (domain 0000 [bus 00-0f])
Nov 24 11:18:56 ubuntu kernel: [    5.364850] acpi PNP0A08:00: _OSC: OS supports [ExtendedConfig ASPM ClockPM Segments MSI]
Nov 24 11:18:56 ubuntu kernel: [    5.365906] acpi PNP0A08:00: _OSC: OS now controls [PCIeHotplug PME AER PCIeCapability]
Nov 24 11:18:56 ubuntu kernel: [    5.366926] acpi PNP0A08:00: ECAM area [mem 0x3f000000-0x3fffffff] reserved by PNP0C02:00
Nov 24 11:18:56 ubuntu kernel: [    5.367749] acpi PNP0A08:00: ECAM at [mem 0x3f000000-0x3fffffff] for [bus 00-0f]
Nov 24 11:18:56 ubuntu /usr/sbin/irqbalance: IRQ xhci_hcd(54) guessed as class 0
Nov 24 11:18:56 ubuntu kernel: [    5.368534] Remapped I/O 0x000000003eff0000 to [io  0x0000-0xffff window]
Nov 24 11:18:56 ubuntu /usr/sbin/irqbalance: IRQ xhci_hcd(55) guessed as class 0
Nov 24 11:18:56 ubuntu kernel: [    5.369362] PCI host bridge to bus 0000:00
Nov 24 11:18:56 ubuntu kernel: [    5.369817] pci_bus 0000:00: root bus resource [mem 0x10000000-0x3efeffff window]
Nov 24 11:18:56 ubuntu kernel: [    5.370536] pci_bus 0000:00: root bus resource [io  0x0000-0xffff window]
Nov 24 11:18:56 ubuntu /usr/sbin/irqbalance: IRQ xhci_hcd(56) guessed as class 0
Nov 24 11:18:56 ubuntu kernel: [    5.371226] pci_bus 0000:00: root bus resource [mem 0x8000000000-0xffffffffff window]
Nov 24 11:18:56 ubuntu kernel: [    5.371970] pci_bus 0000:00: root bus resource [bus 00-0f]
Nov 24 11:18:56 ubuntu kernel: [    5.372550] pci 0000:00:00.0: [1b36:0008] type 00 class 0x060000
Nov 24 11:18:56 ubuntu kernel: [    5.372873] pci 0000:00:01.0: [1b36:000c] type 01 class 0x060400
Nov 24 11:18:56 ubuntu kernel: [    5.374621] pci 0000:00:01.0: reg 0x10: [mem 0x10303000-0x10303fff]
Nov 24 11:18:56 ubuntu kernel: [    5.376692] pci 0000:00:01.1: [1b36:000c] type 01 class 0x060400
Nov 24 11:18:56 ubuntu /usr/sbin/irqbalance: IRQ xhci_hcd(57) guessed as class 0
Nov 24 11:18:56 ubuntu /usr/sbin/irqbalance: IRQ xhci_hcd(58) guessed as class 0
Nov 24 11:18:56 ubuntu kernel: [    5.378288] pci 0000:00:01.1: reg 0x10: [mem 0x10302000-0x10302fff]
Nov 24 11:18:56 ubuntu /usr/sbin/irqbalance: IRQ xhci_hcd(59) guessed as class 0
Nov 24 11:18:56 ubuntu kernel: [    5.380354] pci 0000:00:01.2: [1b36:000c] type 01 class 0x060400
Nov 24 11:18:56 ubuntu kernel: [    5.381952] pci 0000:00:01.2: reg 0x10: [mem 0x10301000-0x10301fff]
Nov 24 11:18:56 ubuntu kernel: [    5.387247] pci 0000:00:01.3: [1b36:000c] type 01 class 0x060400
Nov 24 11:18:56 ubuntu kernel: [    5.389070] pci 0000:00:01.3: reg 0x10: [mem 0x10300000-0x10300fff]
Nov 24 11:18:56 ubuntu kernel: [    5.391742] pci 0000:01:00.0: [1af4:1041] type 00 class 0x020000
Nov 24 11:18:56 ubuntu kernel: [    5.393483] pci 0000:01:00.0: reg 0x14: [mem 0x10200000-0x10200fff]
Nov 24 11:18:56 ubuntu kernel: [    5.395933] pci 0000:01:00.0: reg 0x20: [mem 0x8000000000-0x8000003fff 64bit pref]
Nov 24 11:18:56 ubuntu kernel: [    5.396810] pci 0000:01:00.0: reg 0x30: [mem 0xfff80000-0xffffffff pref]
Nov 24 11:18:56 ubuntu kernel: [    5.401139] pci 0000:02:00.0: [1b36:000d] type 00 class 0x0c0330
Nov 24 11:18:56 ubuntu kernel: [    5.401211] pci 0000:02:00.0: reg 0x10: [mem 0x10100000-0x10103fff 64bit]
Nov 24 11:18:56 ubuntu /usr/sbin/irqbalance: IRQ xhci_hcd(60) guessed as class 0
Nov 24 11:18:56 ubuntu kernel: [    5.402537] pci 0000:03:00.0: [1af4:1048] type 00 class 0x010000
Nov 24 11:18:56 ubuntu kernel: [    5.404558] pci 0000:03:00.0: reg 0x14: [mem 0x10000000-0x10000fff]
Nov 24 11:18:56 ubuntu kernel: [    5.407488] pci 0000:03:00.0: reg 0x20: [mem 0x8000100000-0x8000103fff 64bit pref]
Nov 24 11:18:56 ubuntu /usr/sbin/irqbalance: IRQ xhci_hcd(61) guessed as class 0
Nov 24 11:18:56 ubuntu kernel: [    5.416392] pci 0000:00:01.0: BAR 14: assigned [mem 0x10000000-0x101fffff]
Nov 24 11:18:56 ubuntu /usr/sbin/irqbalance: IRQ xhci_hcd(62) guessed as class 0
Nov 24 11:18:56 ubuntu kernel: [    5.417092] pci 0000:00:01.0: BAR 15: assigned [mem 0x8000000000-0x80001fffff 64bit pref]
Nov 24 11:18:56 ubuntu /usr/sbin/irqbalance: IRQ xhci_hcd(63) guessed as class 0
Nov 24 11:18:56 ubuntu kernel: [    5.418212] pci 0000:00:01.1: BAR 14: assigned [mem 0x10200000-0x103fffff]
Nov 24 11:18:56 ubuntu kernel: [    5.419091] pci 0000:00:01.1: BAR 15: assigned [mem 0x8000200000-0x80003fffff 64bit pref]
Nov 24 11:18:56 ubuntu kernel: [    5.420132] pci 0000:00:01.2: BAR 14: assigned [mem 0x10400000-0x105fffff]
Nov 24 11:18:56 ubuntu kernel: [    5.421017] pci 0000:00:01.2: BAR 15: assigned [mem 0x8000400000-0x80005fffff 64bit pref]
Nov 24 11:18:56 ubuntu kernel: [    5.422063] pci 0000:00:01.3: BAR 14: assigned [mem 0x10600000-0x107fffff]
Nov 24 11:18:56 ubuntu kernel: [    5.423004] pci 0000:00:01.3: BAR 15: assigned [mem 0x8000600000-0x80007fffff 64bit pref]
Nov 24 11:18:56 ubuntu kernel: [    5.424963] pci 0000:00:01.0: BAR 0: assigned [mem 0x10800000-0x10800fff]
Nov 24 11:18:56 ubuntu /usr/sbin/irqbalance: IRQ virtio0-config(64) guessed as class 0
Nov 24 11:18:56 ubuntu kernel: [    5.426362] pci 0000:00:01.0: BAR 13: assigned [io  0x1000-0x1fff]
Nov 24 11:18:56 ubuntu kernel: [    5.427034] pci 0000:00:01.1: BAR 0: assigned [mem 0x10801000-0x10801fff]
Nov 24 11:18:56 ubuntu /usr/sbin/irqbalance: IRQ virtio0-input.0(65) guessed as class 0
Nov 24 11:18:56 ubuntu kernel: [    5.428137] pci 0000:00:01.1: BAR 13: assigned [io  0x2000-0x2fff]
Nov 24 11:18:56 ubuntu /usr/sbin/irqbalance: IRQ virtio0-output.0(66) guessed as class 0
Nov 24 11:18:56 ubuntu kernel: [    5.428806] pci 0000:00:01.2: BAR 0: assigned [mem 0x10802000-0x10802fff]
Nov 24 11:18:56 ubuntu kernel: [    5.429937] pci 0000:00:01.2: BAR 13: assigned [io  0x3000-0x3fff]
Nov 24 11:18:56 ubuntu /usr/sbin/irqbalance: IRQ virtio1-config(67) guessed as class 0
Nov 24 11:18:56 ubuntu kernel: [    5.430611] pci 0000:00:01.3: BAR 0: assigned [mem 0x10803000-0x10803fff]
Nov 24 11:18:56 ubuntu kernel: [    5.431727] pci 0000:00:01.3: BAR 13: assigned [io  0x4000-0x4fff]
Nov 24 11:18:56 ubuntu /usr/sbin/irqbalance: IRQ virtio1-control(68) guessed as class 0
Nov 24 11:18:56 ubuntu kernel: [    5.432383] pci 0000:01:00.0: BAR 6: assigned [mem 0x10000000-0x1007ffff pref]
Nov 24 11:18:56 ubuntu /usr/sbin/irqbalance: IRQ virtio1-event(69) guessed as class 0
Nov 24 11:18:56 ubuntu kernel: [    5.433178] pci 0000:01:00.0: BAR 4: assigned [mem 0x8000000000-0x8000003fff 64bit pref]
Nov 24 11:18:56 ubuntu /usr/sbin/irqbalance: IRQ virtio1-request(70) guessed as class 0
Nov 24 11:18:56 ubuntu kernel: [    5.434769] pci 0000:01:00.0: BAR 1: assigned [mem 0x10080000-0x10080fff]
Nov 24 11:18:56 ubuntu rsyslogd: imuxsock: Acquired UNIX socket '/run/systemd/journal/syslog' (fd 3) from systemd.  [v8.32.0]
Nov 24 11:18:56 ubuntu kernel: [    5.435758] pci 0000:00:01.0: PCI bridge to [bus 01]
Nov 24 11:18:56 ubuntu rsyslogd: rsyslogd's groupid changed to 106
Nov 24 11:18:56 ubuntu snapd[959]: daemon.go:346: started snapd/2.42.1+18.04 (series 16; classic) ubuntu/18.04 (arm64) linux/4.15.0-76-generic.
Nov 24 11:18:56 ubuntu systemd[1]: Starting LSB: Record successful boot for GRUB...
Nov 24 11:18:56 ubuntu kernel: [    5.436240] pci 0000:00:01.0:   bridge window [io  0x1000-0x1fff]
Nov 24 11:18:56 ubuntu kernel: [    5.437467] pci 0000:00:01.0:   bridge window [mem 0x10000000-0x101fffff]
Nov 24 11:18:56 ubuntu kernel: [    5.438625] pci 0000:00:01.0:   bridge window [mem 0x8000000000-0x80001fffff 64bit pref]
Nov 24 11:18:56 ubuntu kernel: [    5.440263] pci 0000:02:00.0: BAR 0: assigned [mem 0x10200000-0x10203fff 64bit]
Nov 24 11:18:56 ubuntu kernel: [    5.441011] pci 0000:00:01.1: PCI bridge to [bus 02]
Nov 24 11:18:56 ubuntu kernel: [    5.441480] pci 0000:00:01.1:   bridge window [io  0x2000-0x2fff]
Nov 24 11:18:56 ubuntu rsyslogd: rsyslogd's userid changed to 102
Nov 24 11:18:56 ubuntu rsyslogd:  [origin software="rsyslogd" swVersion="8.32.0" x-pid="977" x-info="http://www.rsyslog.com"] start
Nov 24 11:18:56 ubuntu kernel: [    5.442778] pci 0000:00:01.1:   bridge window [mem 0x10200000-0x103fffff]
Nov 24 11:18:56 ubuntu systemd[1]: Started Network Name Resolution.
Nov 24 11:18:56 ubuntu kernel: [    5.443860] pci 0000:00:01.1:   bridge window [mem 0x8000200000-0x80003fffff 64bit pref]
Nov 24 11:18:56 ubuntu kernel: [    5.447284] pci 0000:03:00.0: BAR 4: assigned [mem 0x8000400000-0x8000403fff 64bit pref]
Nov 24 11:18:56 ubuntu kernel: [    5.448761] pci 0000:03:00.0: BAR 1: assigned [mem 0x10400000-0x10400fff]
Nov 24 11:18:56 ubuntu systemd[1]: Started System Logging Service.
Nov 24 11:18:56 ubuntu kernel: [    5.449960] pci 0000:00:01.2: PCI bridge to [bus 03]
Nov 24 11:18:56 ubuntu kernel: [    5.450541] pci 0000:00:01.2:   bridge window [io  0x3000-0x3fff]
Nov 24 11:18:56 ubuntu kernel: [    5.451967] pci 0000:00:01.2:   bridge window [mem 0x10400000-0x105fffff]
Nov 24 11:18:56 ubuntu kernel: [    5.453323] pci 0000:00:01.2:   bridge window [mem 0x8000400000-0x80005fffff 64bit pref]
Nov 24 11:18:56 ubuntu kernel: [    5.455323] pci 0000:00:01.3: PCI bridge to [bus 04]
Nov 24 11:18:56 ubuntu kernel: [    5.457095] pci 0000:00:01.3:   bridge window [io  0x4000-0x4fff]
Nov 24 11:18:56 ubuntu kernel: [    5.458792] pci 0000:00:01.3:   bridge window [mem 0x10600000-0x107fffff]
Nov 24 11:18:56 ubuntu kernel: [    5.460037] pci 0000:00:01.3:   bridge window [mem 0x8000600000-0x80007fffff 64bit pref]
Nov 24 11:18:56 ubuntu kernel: [    5.462026] ACPI: PCI Interrupt Link [GSI0] (IRQs *35)
Nov 24 11:18:56 ubuntu kernel: [    5.462639] ACPI: PCI Interrupt Link [GSI1] (IRQs *36)
Nov 24 11:18:56 ubuntu kernel: [    5.463206] ACPI: PCI Interrupt Link [GSI2] (IRQs *37)
Nov 24 11:18:56 ubuntu kernel: [    5.463771] ACPI: PCI Interrupt Link [GSI3] (IRQs *38)
Nov 24 11:18:56 ubuntu kernel: [    5.465544] SCSI subsystem initialized
Nov 24 11:18:56 ubuntu kernel: [    5.466508] libata version 3.00 loaded.
Nov 24 11:18:56 ubuntu kernel: [    5.466610] vgaarb: loaded
Nov 24 11:18:56 ubuntu kernel: [    5.466942] ACPI: bus type USB registered
Nov 24 11:18:56 ubuntu kernel: [    5.467382] usbcore: registered new interface driver usbfs
Nov 24 11:18:56 ubuntu kernel: [    5.467930] usbcore: registered new interface driver hub
Nov 24 11:18:56 ubuntu kernel: [    5.468965] usbcore: registered new device driver usb
Nov 24 11:18:56 ubuntu kernel: [    5.470208] EDAC MC: Ver: 3.0.0
Nov 24 11:18:56 ubuntu kernel: [    5.470820] Registered efivars operations
Nov 24 11:18:56 ubuntu kernel: [    5.473133] NetLabel: Initializing
Nov 24 11:18:56 ubuntu kernel: [    5.473487] NetLabel:  domain hash size = 128
Nov 24 11:18:56 ubuntu kernel: [    5.474068] NetLabel:  protocols = UNLABELED CIPSOv4 CALIPSO
Nov 24 11:18:56 ubuntu kernel: [    5.474676] NetLabel:  unlabeled traffic allowed by default
Nov 24 11:18:56 ubuntu kernel: [    5.476116] clocksource: Switched to clocksource arch_sys_counter
Nov 24 11:18:56 ubuntu kernel: [    5.489643] VFS: Disk quotas dquot_6.6.0
Nov 24 11:18:56 ubuntu kernel: [    5.490090] VFS: Dquot-cache hash table entries: 512 (order 0, 4096 bytes)
Nov 24 11:18:56 ubuntu kernel: [    5.491037] AppArmor: AppArmor Filesystem Enabled
Nov 24 11:18:56 ubuntu kernel: [    5.491594] pnp: PnP ACPI init
Nov 24 11:18:56 ubuntu kernel: [    5.492191] system 00:00: [mem 0x3f000000-0x3fffffff] could not be reserved
Nov 24 11:18:56 ubuntu kernel: [    5.492919] system 00:00: Plug and Play ACPI device, IDs PNP0c02 (active)
Nov 24 11:18:56 ubuntu kernel: [    5.492928] pnp: PnP ACPI: found 1 devices
Nov 24 11:18:56 ubuntu kernel: [    5.499153] NET: Registered protocol family 2
Nov 24 11:18:56 ubuntu kernel: [    5.500295] TCP established hash table entries: 262144 (order: 9, 2097152 bytes)
Nov 24 11:18:56 ubuntu kernel: [    5.502534] TCP bind hash table entries: 65536 (order: 8, 1048576 bytes)
Nov 24 11:18:56 ubuntu kernel: [    5.503838] TCP: Hash tables configured (established 262144 bind 65536)
Nov 24 11:18:56 ubuntu kernel: [    5.504809] UDP hash table entries: 16384 (order: 7, 524288 bytes)
Nov 24 11:18:56 ubuntu kernel: [    5.505760] UDP-Lite hash table entries: 16384 (order: 7, 524288 bytes)
Nov 24 11:18:56 ubuntu kernel: [    5.506995] NET: Registered protocol family 1
Nov 24 11:18:56 ubuntu kernel: [    5.507543] pci 0000:02:00.0: enabling device (0000 -> 0002)
Nov 24 11:18:56 ubuntu kernel: [    5.508547] PCI: CLS 0 bytes, default 128
Nov 24 11:18:56 ubuntu kernel: [    5.508701] Unpacking initramfs...
Nov 24 11:18:56 ubuntu kernel: [    6.313857] Freeing initrd memory: 53208K
Nov 24 11:18:56 ubuntu kernel: [    6.342640] hw perfevents: enabled with armv8_pmuv3_0 PMU driver, 13 counters available
Nov 24 11:18:56 ubuntu kernel: [    6.343401] kvm [1]: HYP mode not available
Nov 24 11:18:56 ubuntu kernel: [    6.344796] Initialise system trusted keyrings
Nov 24 11:18:56 ubuntu kernel: [    6.345247] Key type blacklist registered
Nov 24 11:18:56 ubuntu kernel: [    6.345824] workingset: timestamp_bits=40 max_order=23 bucket_order=0
Nov 24 11:18:56 ubuntu kernel: [    6.347638] zbud: loaded
Nov 24 11:18:56 ubuntu kernel: [    6.348604] squashfs: version 4.0 (2009/01/31) Phillip Lougher
Nov 24 11:18:56 ubuntu kernel: [    6.349686] fuse init (API version 7.26)
Nov 24 11:18:56 ubuntu kernel: [    6.355578] Key type asymmetric registered
Nov 24 11:18:56 ubuntu kernel: [    6.356002] Asymmetric key parser 'x509' registered
Nov 24 11:18:56 ubuntu kernel: [    6.356601] Block layer SCSI generic (bsg) driver version 0.4 loaded (major 247)
Nov 24 11:18:56 ubuntu kernel: [    6.357841] io scheduler noop registered
Nov 24 11:18:56 ubuntu kernel: [    6.358227] io scheduler deadline registered
Nov 24 11:18:56 ubuntu kernel: [    6.358701] io scheduler cfq registered (default)
Nov 24 11:18:56 ubuntu kernel: [    6.361264] pl061_gpio ARMH0061:00: PL061 GPIO chip @0x0000000009030000 registered
Nov 24 11:18:56 ubuntu kernel: [    6.362233] ACPI: PCI Interrupt Link [GSI1] enabled at IRQ 36
Nov 24 11:18:56 ubuntu kernel: [    6.366025] pcieport 0000:00:01.0: AER enabled with IRQ 44
Nov 24 11:18:56 ubuntu kernel: [    6.366608] pcieport 0000:00:01.1: AER enabled with IRQ 45
Nov 24 11:18:56 ubuntu kernel: [    6.367129] pcieport 0000:00:01.2: AER enabled with IRQ 46
Nov 24 11:18:56 ubuntu kernel: [    6.367726] pcieport 0000:00:01.3: AER enabled with IRQ 47
Nov 24 11:18:56 ubuntu kernel: [    6.368321] pcieport 0000:00:01.0: Signaling PME with IRQ 44
Nov 24 11:18:56 ubuntu kernel: [    6.368906] pcieport 0000:00:01.1: Signaling PME with IRQ 45
Nov 24 11:18:56 ubuntu kernel: [    6.369481] pcieport 0000:00:01.2: Signaling PME with IRQ 46
Nov 24 11:18:56 ubuntu kernel: [    6.370052] pcieport 0000:00:01.3: Signaling PME with IRQ 47
Nov 24 11:18:56 ubuntu kernel: [    6.370653] pciehp 0000:00:01.0:pcie004: Slot #0 AttnBtn+ PwrCtrl+ MRL- AttnInd+ PwrInd+ HotPlug+ Surprise+ Interlock+ NoCompl- LLActRep-
Nov 24 11:18:56 ubuntu kernel: [    6.371945] pciehp 0000:00:01.1:pcie004: Slot #0 AttnBtn+ PwrCtrl+ MRL- AttnInd+ PwrInd+ HotPlug+ Surprise+ Interlock+ NoCompl- LLActRep-
Nov 24 11:18:56 ubuntu kernel: [    6.373301] pciehp 0000:00:01.2:pcie004: Slot #0 AttnBtn+ PwrCtrl+ MRL- AttnInd+ PwrInd+ HotPlug+ Surprise+ Interlock+ NoCompl- LLActRep-
Nov 24 11:18:56 ubuntu kernel: [    6.374533] pciehp 0000:00:01.3:pcie004: Slot #0 AttnBtn+ PwrCtrl+ MRL- AttnInd+ PwrInd+ HotPlug+ Surprise+ Interlock+ NoCompl- LLActRep-
Nov 24 11:18:56 ubuntu kernel: [    6.376171] input: Power Button as /devices/LNXSYSTM:00/LNXSYBUS:00/PNP0C0C:00/input/input0
Nov 24 11:18:56 ubuntu kernel: [    6.377018] ACPI: Power Button [PWRB]
Nov 24 11:18:56 ubuntu kernel: [    6.382025] Serial: 8250/16550 driver, 32 ports, IRQ sharing enabled
Nov 24 11:18:56 ubuntu kernel: [    6.385970] msm_serial: driver initialized
Nov 24 11:18:56 ubuntu kernel: [    6.387014] ACPI PPTT: No PPTT table found, cache topology may be inaccurate
Nov 24 11:18:56 ubuntu kernel: [    6.387719] ACPI PPTT: No PPTT table found, cache topology may be inaccurate
Nov 24 11:18:56 ubuntu kernel: [    6.388456] cacheinfo: Unable to detect cache hierarchy for CPU 0
Nov 24 11:18:56 ubuntu kernel: [    6.400891] loop: module loaded
Nov 24 11:18:56 ubuntu kernel: [    6.401866] libphy: Fixed MDIO Bus: probed
Nov 24 11:18:56 ubuntu kernel: [    6.402269] tun: Universal TUN/TAP device driver, 1.6
Nov 24 11:18:56 ubuntu kernel: [    6.402943] PPP generic driver version 2.4.2
Nov 24 11:18:56 ubuntu kernel: [    6.403442] ehci_hcd: USB 2.0 'Enhanced' Host Controller (EHCI) Driver
Nov 24 11:18:56 ubuntu kernel: [    6.404070] ehci-pci: EHCI PCI platform driver
Nov 24 11:18:56 ubuntu kernel: [    6.404625] ohci_hcd: USB 1.1 'Open' Host Controller (OHCI) Driver
Nov 24 11:18:56 ubuntu kernel: [    6.405216] ohci-pci: OHCI PCI platform driver
Nov 24 11:18:56 ubuntu kernel: [    6.405655] uhci_hcd: USB Universal Host Controller Interface driver
Nov 24 11:18:56 ubuntu kernel: [    6.407270] xhci_hcd 0000:02:00.0: xHCI Host Controller
Nov 24 11:18:56 ubuntu kernel: [    6.407791] xhci_hcd 0000:02:00.0: new USB bus registered, assigned bus number 1
Nov 24 11:18:56 ubuntu kernel: [    6.408942] xhci_hcd 0000:02:00.0: hcc params 0x00087001 hci version 0x100 quirks 0x0000000000000010
Nov 24 11:18:56 ubuntu kernel: [    6.410966] usb usb1: New USB device found, idVendor=1d6b, idProduct=0002
Nov 24 11:18:56 ubuntu kernel: [    6.411622] usb usb1: New USB device strings: Mfr=3, Product=2, SerialNumber=1
Nov 24 11:18:56 ubuntu kernel: [    6.412328] usb usb1: Product: xHCI Host Controller
Nov 24 11:18:56 ubuntu kernel: [    6.412797] usb usb1: Manufacturer: Linux 4.15.0-76-generic xhci-hcd
Nov 24 11:18:56 ubuntu kernel: [    6.413394] usb usb1: SerialNumber: 0000:02:00.0
Nov 24 11:18:56 ubuntu kernel: [    6.414438] hub 1-0:1.0: USB hub found
Nov 24 11:18:56 ubuntu kernel: [    6.414843] hub 1-0:1.0: 8 ports detected
Nov 24 11:18:56 ubuntu kernel: [    6.415555] xhci_hcd 0000:02:00.0: xHCI Host Controller
Nov 24 11:18:56 ubuntu kernel: [    6.416050] xhci_hcd 0000:02:00.0: new USB bus registered, assigned bus number 2
Nov 24 11:18:56 ubuntu kernel: [    6.416882] xhci_hcd 0000:02:00.0: Host supports USB 3.0  SuperSpeed
Nov 24 11:18:56 ubuntu kernel: [    6.417523] usb usb2: We don't know the algorithms for LPM for this host, disabling LPM.
Nov 24 11:18:56 ubuntu kernel: [    6.418334] usb usb2: New USB device found, idVendor=1d6b, idProduct=0003
Nov 24 11:18:56 ubuntu kernel: [    6.418981] usb usb2: New USB device strings: Mfr=3, Product=2, SerialNumber=1
Nov 24 11:18:56 ubuntu kernel: [    6.419667] usb usb2: Product: xHCI Host Controller
Nov 24 11:18:56 ubuntu kernel: [    6.420143] usb usb2: Manufacturer: Linux 4.15.0-76-generic xhci-hcd
Nov 24 11:18:56 ubuntu kernel: [    6.420753] usb usb2: SerialNumber: 0000:02:00.0
Nov 24 11:18:56 ubuntu kernel: [    6.421404] hub 2-0:1.0: USB hub found
Nov 24 11:18:56 ubuntu kernel: [    6.421798] hub 2-0:1.0: 8 ports detected
Nov 24 11:18:56 ubuntu kernel: [    6.422681] mousedev: PS/2 mouse device common for all mice
Nov 24 11:18:56 ubuntu kernel: [    6.423620] rtc-efi rtc-efi: rtc core: registered rtc-efi as rtc0
Nov 24 11:18:56 ubuntu kernel: [    6.424310] i2c /dev entries driver
Nov 24 11:18:56 ubuntu kernel: [    6.424892] device-mapper: uevent: version 1.0.3
Nov 24 11:18:56 ubuntu kernel: [    6.425466] device-mapper: ioctl: 4.37.0-ioctl (2017-09-20) initialised: dm-devel@redhat.com
Nov 24 11:18:56 ubuntu kernel: [    6.428207] ledtrig-cpu: registered to indicate activity on CPUs
Nov 24 11:18:56 ubuntu kernel: [    6.428826] EFI Variables Facility v0.08 2004-May-17
Nov 24 11:18:56 ubuntu kernel: [    6.430919] NET: Registered protocol family 10
Nov 24 11:18:56 ubuntu kernel: [    6.448542] Segment Routing with IPv6
Nov 24 11:18:56 ubuntu kernel: [    6.449566] NET: Registered protocol family 17
Nov 24 11:18:56 ubuntu kernel: [    6.451061] Key type dns_resolver registered
Nov 24 11:18:56 ubuntu kernel: [    6.452946] registered taskstats version 1
Nov 24 11:18:56 ubuntu kernel: [    6.454011] Loading compiled-in X.509 certificates
Nov 24 11:18:56 ubuntu kernel: [    6.461137] Loaded X.509 cert 'Build time autogenerated kernel key: bb7877984f0f74d37a1bef33e5ee3d7490819652'
Nov 24 11:18:56 ubuntu kernel: [    6.462097] Couldn't get size: 0x800000000000000e
Nov 24 11:18:56 ubuntu kernel: [    6.462531] MODSIGN: Couldn't get UEFI db list
Nov 24 11:18:56 ubuntu kernel: [    6.462947] Couldn't get size: 0x800000000000000e
Nov 24 11:18:56 ubuntu kernel: [    6.463377] MODSIGN: Couldn't get UEFI MokListRT
Nov 24 11:18:56 ubuntu kernel: [    6.463808] Couldn't get size: 0x800000000000000e
Nov 24 11:18:56 ubuntu kernel: [    6.464269] MODSIGN: Couldn't get UEFI dbx list
Nov 24 11:18:56 ubuntu kernel: [    6.464894] zswap: loaded using pool lzo/zbud
Nov 24 11:18:56 ubuntu kernel: [    6.488336] Key type big_key registered
Nov 24 11:18:56 ubuntu kernel: [    6.488728] Key type trusted registered
Nov 24 11:18:56 ubuntu kernel: [    6.504058] Key type encrypted registered
Nov 24 11:18:56 ubuntu kernel: [    6.505171] AppArmor: AppArmor sha1 policy hashing enabled
Nov 24 11:18:56 ubuntu kernel: [    6.506563] ima: No TPM chip found, activating TPM-bypass! (rc=-19)
Nov 24 11:18:56 ubuntu kernel: [    6.508125] ima: Allocated hash algorithm: sha1
Nov 24 11:18:56 ubuntu kernel: [    6.509001] evm: HMAC attrs: 0x1
Nov 24 11:18:56 ubuntu kernel: [    6.510362] rtc-efi rtc-efi: setting system clock to 2020-11-24 03:18:48 UTC (1606187928)
Nov 24 11:18:56 ubuntu kernel: [    6.517194] Freeing unused kernel memory: 5952K
Nov 24 11:18:56 ubuntu kernel: [    6.560887] Checked W+X mappings: passed, no W+X pages found
Nov 24 11:18:56 ubuntu kernel: [    6.681316] scsi host0: Virtio SCSI HBA
Nov 24 11:18:56 ubuntu kernel: [    6.684256] scsi 0:0:0:0: Direct-Access     QEMU     QEMU HARDDISK    2.5+ PQ: 0 ANSI: 5
Nov 24 11:18:56 ubuntu kernel: [    6.685518] scsi 0:0:0:1: CD-ROM            QEMU     QEMU CD-ROM      2.5+ PQ: 0 ANSI: 5
Nov 24 11:18:56 ubuntu kernel: [    6.709042] virtio_net virtio0 enp1s0: renamed from eth0
Nov 24 11:18:56 ubuntu kernel: [   10.696394] random: fast init done
Nov 24 11:18:56 ubuntu kernel: [   10.840373] random: systemd-udevd: uninitialized urandom read (16 bytes read)
Nov 24 11:18:56 ubuntu kernel: [   10.840649] sd 0:0:0:0: Attached scsi generic sg0 type 0
Nov 24 11:18:56 ubuntu kernel: [   10.841083] sd 0:0:0:0: Power-on or device reset occurred
Nov 24 11:18:56 ubuntu kernel: [   10.841432] random: systemd-udevd: uninitialized urandom read (16 bytes read)
Nov 24 11:18:56 ubuntu kernel: [   10.842259] sd 0:0:0:0: [sda] 31457280 512-byte logical blocks: (16.1 GB/15.0 GiB)
Nov 24 11:18:56 ubuntu kernel: [   10.842497] sr 0:0:0:1: Power-on or device reset occurred
Nov 24 11:18:56 ubuntu kernel: [   10.842866] random: systemd-udevd: uninitialized urandom read (16 bytes read)
Nov 24 11:18:56 ubuntu kernel: [   10.842930] sr 0:0:0:1: [sr0] scsi3-mmc drive: 16x/50x cd/rw xa/form2 cdda tray
Nov 24 11:18:56 ubuntu kernel: [   10.842972] cdrom: Uniform CD-ROM driver Revision: 3.20
Nov 24 11:18:56 ubuntu kernel: [   10.844250] sr 0:0:0:1: Attached scsi CD-ROM sr0
Nov 24 11:18:56 ubuntu kernel: [   10.844514] sr 0:0:0:1: Attached scsi generic sg1 type 5
Nov 24 11:18:56 ubuntu kernel: [   10.845081] sd 0:0:0:0: [sda] Write Protect is off
Nov 24 11:18:56 ubuntu kernel: [   10.851077] sd 0:0:0:0: [sda] Mode Sense: 63 00 00 08
Nov 24 11:18:56 ubuntu kernel: [   10.851263] sd 0:0:0:0: [sda] Write cache: enabled, read cache: enabled, doesn't support DPO or FUA
Nov 24 11:18:56 ubuntu kernel: [   10.854529]  sda: sda1 sda2
Nov 24 11:18:56 ubuntu kernel: [   10.856174] sd 0:0:0:0: [sda] Attached SCSI disk
Nov 24 11:18:56 ubuntu kernel: [   12.132112] raid6: int64x1  gen()  3314 MB/s
Nov 24 11:18:56 ubuntu kernel: [   12.180126] raid6: int64x1  xor()  1826 MB/s
Nov 24 11:18:56 ubuntu kernel: [   12.228106] raid6: int64x2  gen()  5089 MB/s
Nov 24 11:18:56 ubuntu kernel: [   12.276108] raid6: int64x2  xor()  2361 MB/s
Nov 24 11:18:56 ubuntu kernel: [   12.324091] raid6: int64x4  gen()  6626 MB/s
Nov 24 11:18:56 ubuntu kernel: [   12.372118] raid6: int64x4  xor()  3515 MB/s
Nov 24 11:18:56 ubuntu kernel: [   12.420113] raid6: int64x8  gen()  5537 MB/s
Nov 24 11:18:56 ubuntu kernel: [   12.468125] raid6: int64x8  xor()  3625 MB/s
Nov 24 11:18:56 ubuntu kernel: [   12.516105] raid6: neonx1   gen()  4898 MB/s
Nov 24 11:18:56 ubuntu kernel: [   12.564093] raid6: neonx1   xor()  3955 MB/s
Nov 24 11:18:56 ubuntu kernel: [   12.612133] raid6: neonx2   gen()  7898 MB/s
Nov 24 11:18:56 ubuntu kernel: [   12.660102] raid6: neonx2   xor()  6402 MB/s
Nov 24 11:18:56 ubuntu kernel: [   12.708095] raid6: neonx4   gen()  9956 MB/s
Nov 24 11:18:56 ubuntu kernel: [   12.756120] raid6: neonx4   xor()  7932 MB/s
Nov 24 11:18:56 ubuntu kernel: [   12.804098] raid6: neonx8   gen() 10616 MB/s
Nov 24 11:18:56 ubuntu kernel: [   12.852117] raid6: neonx8   xor()  8583 MB/s
Nov 24 11:18:56 ubuntu kernel: [   12.852529] raid6: using algorithm neonx8 gen() 10616 MB/s
Nov 24 11:18:56 ubuntu kernel: [   12.853019] raid6: .... xor() 8583 MB/s, rmw enabled
Nov 24 11:18:56 ubuntu kernel: [   12.853457] raid6: using neon recovery algorithm
Nov 24 11:18:56 ubuntu kernel: [   12.855655] xor: measuring software checksum speed
Nov 24 11:18:56 ubuntu kernel: [   12.896131]    8regs     : 13208.000 MB/sec
Nov 24 11:18:56 ubuntu kernel: [   12.936099]    8regs_prefetch: 11427.000 MB/sec
Nov 24 11:18:56 ubuntu kernel: [   12.976094]    32regs    : 16026.000 MB/sec
Nov 24 11:18:56 ubuntu kernel: [   13.016098]    32regs_prefetch: 13838.000 MB/sec
Nov 24 11:18:56 ubuntu kernel: [   13.016621] xor: using function: 32regs (16026.000 MB/sec)
Nov 24 11:18:56 ubuntu kernel: [   13.018704] async_tx: api initialized (async)
Nov 24 11:18:56 ubuntu kernel: [   13.183414] Btrfs loaded, crc32c=crc32c-arm64-ce
Nov 24 11:18:56 ubuntu kernel: [   13.255107] EXT4-fs (dm-0): mounted filesystem with ordered data mode. Opts: (null)
Nov 24 11:18:56 ubuntu kernel: [   13.441327] ip_tables: (C) 2000-2006 Netfilter Core Team
Nov 24 11:18:56 ubuntu kernel: [   13.450094] systemd[1]: systemd 237 running in system mode. (+PAM +AUDIT +SELINUX +IMA +APPARMOR +SMACK +SYSVINIT +UTMP +LIBCRYPTSETUP +GCRYPT +GNUTLS +ACL +XZ +LZ4 +SECCOMP +BLKID +ELFUTILS +KMOD -IDN2 +IDN -PCRE2 default-hierarchy=hybrid)
Nov 24 11:18:56 ubuntu kernel: [   13.452226] systemd[1]: Detected virtualization kvm.
Nov 24 11:18:56 ubuntu kernel: [   13.452730] systemd[1]: Detected architecture arm64.
Nov 24 11:18:56 ubuntu kernel: [   13.464121] systemd[1]: Set hostname to <ubuntu>.
Nov 24 11:18:56 ubuntu kernel: [   13.561727] systemd[1]: Created slice System Slice.
Nov 24 11:18:56 ubuntu kernel: [   13.563349] systemd[1]: Listening on Journal Socket.
Nov 24 11:18:56 ubuntu kernel: [   13.564584] systemd[1]: Listening on udev Kernel Socket.
Nov 24 11:18:56 ubuntu kernel: [   13.566272] systemd[1]: Created slice system-systemd\x2dfsck.slice.
Nov 24 11:18:56 ubuntu kernel: [   13.567646] systemd[1]: Listening on LVM2 poll daemon socket.
Nov 24 11:18:56 ubuntu kernel: [   13.568923] systemd[1]: Listening on Device-mapper event daemon FIFOs.
Nov 24 11:18:56 ubuntu kernel: [   13.590351] EXT4-fs (dm-0): re-mounted. Opts: errors=remount-ro
Nov 24 11:18:56 ubuntu kernel: [   13.600712] Loading iSCSI transport class v2.0-870.
Nov 24 11:18:56 ubuntu kernel: [   13.609098] iscsi: registered transport (tcp)
Nov 24 11:18:56 ubuntu kernel: [   13.632164] iscsi: registered transport (iser)
Nov 24 11:18:56 ubuntu kernel: [   13.690257] systemd-journald[692]: Received request to flush runtime journal from PID 1
Nov 24 11:18:56 ubuntu kernel: [   13.975423] shpchp: Standard Hot Plug PCI Controller Driver version: 0.4
Nov 24 11:18:56 ubuntu kernel: [   14.193121] Adding 1003516k swap on /dev/mapper/ubuntu--vg-swap_1.  Priority:-2 extents:1 across:1003516k FS
Nov 24 11:18:56 ubuntu kernel: [   14.418818] audit: type=1400 audit(1606187936.404:2): apparmor="STATUS" operation="profile_load" profile="unconfined" name="/usr/bin/lxc-start" pid=950 comm="apparmor_parser"
Nov 24 11:18:56 ubuntu kernel: [   14.419267] audit: type=1400 audit(1606187936.404:3): apparmor="STATUS" operation="profile_load" profile="unconfined" name="/usr/bin/man" pid=951 comm="apparmor_parser"
Nov 24 11:18:56 ubuntu kernel: [   14.419275] audit: type=1400 audit(1606187936.404:4): apparmor="STATUS" operation="profile_load" profile="unconfined" name="man_filter" pid=951 comm="apparmor_parser"
Nov 24 11:18:56 ubuntu kernel: [   14.419280] audit: type=1400 audit(1606187936.404:5): apparmor="STATUS" operation="profile_load" profile="unconfined" name="man_groff" pid=951 comm="apparmor_parser"
Nov 24 11:18:56 ubuntu kernel: [   14.419608] audit: type=1400 audit(1606187936.404:6): apparmor="STATUS" operation="profile_load" profile="unconfined" name="/usr/lib/snapd/snap-confine" pid=952 comm="apparmor_parser"
Nov 24 11:18:56 ubuntu kernel: [   14.419616] audit: type=1400 audit(1606187936.404:7): apparmor="STATUS" operation="profile_load" profile="unconfined" name="/usr/lib/snapd/snap-confine//mount-namespace-capture-helper" pid=952 comm="apparmor_parser"
Nov 24 11:18:56 ubuntu kernel: [   14.420868] audit: type=1400 audit(1606187936.408:8): apparmor="STATUS" operation="profile_load" profile="unconfined" name="/usr/sbin/tcpdump" pid=954 comm="apparmor_parser"
Nov 24 11:18:56 ubuntu kernel: [   14.423160] audit: type=1400 audit(1606187936.408:9): apparmor="STATUS" operation="profile_load" profile="unconfined" name="lxc-container-default" pid=948 comm="apparmor_parser"
Nov 24 11:18:56 ubuntu kernel: [   14.423165] audit: type=1400 audit(1606187936.408:10): apparmor="STATUS" operation="profile_load" profile="unconfined" name="lxc-container-default-cgns" pid=948 comm="apparmor_parser"
Nov 24 11:18:56 ubuntu kernel: [   14.423169] audit: type=1400 audit(1606187936.408:11): apparmor="STATUS" operation="profile_load" profile="unconfined" name="lxc-container-default-with-mounting" pid=948 comm="apparmor_parser"
Nov 24 11:18:56 ubuntu kernel: [   14.645638] new mount options do not match the existing superblock, will be ignored
Nov 24 11:18:56 ubuntu systemd[1]: Started Login Service.
Nov 24 11:18:56 ubuntu systemd[1]: Starting Authorization Manager...
Nov 24 11:18:56 ubuntu systemd[1]: Reached target Host and Network Name Lookups.
Nov 24 11:18:56 ubuntu systemd[1]: Reached target Network.
Nov 24 11:18:56 ubuntu systemd[1]: Started Unattended Upgrades Shutdown.
Nov 24 11:18:56 ubuntu grub-common[988]:  * Recording successful boot for GRUB
Nov 24 11:18:56 ubuntu polkitd[1002]: started daemon version 0.105 using authority implementation `local' version `0.105'
Nov 24 11:18:56 ubuntu dbus-daemon[962]: [system] Successfully activated service 'org.freedesktop.PolicyKit1'
Nov 24 11:18:56 ubuntu systemd[1]: Started Authorization Manager.
Nov 24 11:18:56 ubuntu accounts-daemon[960]: started daemon version 0.6.45
Nov 24 11:18:56 ubuntu systemd[1]: Started Accounts Service.
Nov 24 11:18:56 ubuntu grub-common[988]:    ...done.
Nov 24 11:18:56 ubuntu lxcfs[979]: mount namespace: 5
Nov 24 11:18:56 ubuntu lxcfs[979]: hierarchies:
Nov 24 11:18:56 ubuntu lxcfs[979]:   0: fd:   6: pids
Nov 24 11:18:56 ubuntu lxcfs[979]:   1: fd:   7: hugetlb
Nov 24 11:18:56 ubuntu lxcfs[979]:   2: fd:   8: rdma
Nov 24 11:18:56 ubuntu lxcfs[979]:   3: fd:   9: blkio
Nov 24 11:18:56 ubuntu lxcfs[979]:   4: fd:  10: cpuset
Nov 24 11:18:56 ubuntu lxcfs[979]:   5: fd:  11: net_cls,net_prio
Nov 24 11:18:56 ubuntu lxcfs[979]:   6: fd:  12: memory
Nov 24 11:18:56 ubuntu lxcfs[979]:   7: fd:  13: cpu,cpuacct
Nov 24 11:18:56 ubuntu lxcfs[979]:   8: fd:  14: perf_event
Nov 24 11:18:56 ubuntu lxcfs[979]:   9: fd:  15: freezer
Nov 24 11:18:56 ubuntu lxcfs[979]:  10: fd:  16: devices
Nov 24 11:18:56 ubuntu lxcfs[979]:  11: fd:  17: name=systemd
Nov 24 11:18:56 ubuntu lxcfs[979]:  12: fd:  18: unified
Nov 24 11:18:56 ubuntu systemd[1]: Started LSB: Record successful boot for GRUB.
Nov 24 11:18:56 ubuntu systemd[1]: Started LXD - container startup/shutdown.
Nov 24 11:18:56 ubuntu snapd[959]: daemon.go:439: adjusting startup timeout by 30s (pessimistic estimate of 30s plus 5s per snap)
Nov 24 11:18:56 ubuntu networkd-dispatcher[982]: No valid path found for iwconfig
Nov 24 11:18:56 ubuntu systemd[1]: Started Snappy daemon.
Nov 24 11:18:56 ubuntu systemd[1]: Starting Wait until snapd is fully seeded...
Nov 24 11:18:56 ubuntu systemd[1]: Started Dispatcher daemon for systemd-networkd.
Nov 24 11:18:56 ubuntu systemd[1]: Started Wait until snapd is fully seeded.
Nov 24 11:18:58 ubuntu systemd-networkd[919]: enp1s0: Gained IPv6LL
Nov 24 11:18:58 ubuntu systemd-networkd[919]: enp1s0: Configured
Nov 24 11:18:58 ubuntu systemd-timesyncd[907]: Network configuration changed, trying to establish connection.
Nov 24 11:18:58 ubuntu systemd-networkd-wait-online[947]: managing: enp1s0
Nov 24 11:18:58 ubuntu systemd-networkd-wait-online[947]: ignoring: lo
Nov 24 11:18:58 ubuntu systemd[1]: Started Wait for Network to be Configured.
Nov 24 11:18:58 ubuntu systemd[1]: Reached target Network is Online.
Nov 24 11:18:58 ubuntu systemd[1]: Reached target Remote File Systems (Pre).
Nov 24 11:18:58 ubuntu systemd[1]: Reached target Remote File Systems.
Nov 24 11:18:58 ubuntu systemd[1]: Starting LSB: automatic crash report generation...
Nov 24 11:18:58 ubuntu systemd[1]: Starting Permit User Sessions...
Nov 24 11:18:58 ubuntu systemd[1]: Starting Availability of block devices...
Nov 24 11:18:58 ubuntu systemd[1]: Starting OpenBSD Secure Shell server...
Nov 24 11:18:58 ubuntu systemd[1]: Started Permit User Sessions.
Nov 24 11:18:58 ubuntu systemd[1]: Started Availability of block devices.
Nov 24 11:18:58 ubuntu systemd[1]: Starting Terminate Plymouth Boot Screen...
Nov 24 11:18:58 ubuntu systemd[1]: Starting Hold until boot process finishes up...
Nov 24 11:18:58 ubuntu systemd[1]: Started Hold until boot process finishes up.
Nov 24 11:18:58 ubuntu apport[1049]:  * Starting automatic crash report generation: apport
Nov 24 11:18:58 ubuntu systemd[1]: Started Terminate Plymouth Boot Screen.
Nov 24 11:18:58 ubuntu apport[1049]:    ...done.
Nov 24 11:18:58 ubuntu systemd[1]: Started LSB: automatic crash report generation.
Nov 24 11:18:58 ubuntu systemd[1]: Started Serial Getty on ttyAMA0.
Nov 24 11:18:58 ubuntu systemd[1]: Starting Set console scheme...
Nov 24 11:18:58 ubuntu systemd[1]: Started OpenBSD Secure Shell server.
Nov 24 11:18:58 ubuntu systemd[1]: Started Set console scheme.
Nov 24 11:18:58 ubuntu systemd[1]: Created slice system-getty.slice.
Nov 24 11:18:58 ubuntu systemd[1]: Started Getty on tty1.
Nov 24 11:18:58 ubuntu systemd[1]: Reached target Login Prompts.
Nov 24 11:18:58 ubuntu systemd[1]: Reached target Multi-User System.
Nov 24 11:18:58 ubuntu systemd[1]: Reached target Graphical Interface.
Nov 24 11:18:58 ubuntu systemd[1]: Starting Update UTMP about System Runlevel Changes...
Nov 24 11:18:58 ubuntu systemd[1]: Started Update UTMP about System Runlevel Changes.
Nov 24 11:18:58 ubuntu systemd[1]: Startup finished in 13.223s (kernel) + 3.071s (userspace) = 16.294s.
Nov 24 11:19:11 ubuntu snapd[959]: daemon.go:540: gracefully waiting for running hooks
Nov 24 11:19:11 ubuntu snapd[959]: daemon.go:542: done waiting for running hooks
Nov 24 11:19:11 ubuntu snapd[959]: daemon stop requested to wait for socket activation
Nov 24 11:19:25 ubuntu systemd[1]: Created slice User Slice of huawei.
Nov 24 11:19:25 ubuntu systemd[1]: Starting User Manager for UID 1000...
Nov 24 11:19:25 ubuntu systemd[1]: Started Session 1 of user huawei.
Nov 24 11:19:25 ubuntu systemd[1299]: Listening on GnuPG network certificate management daemon.
Nov 24 11:19:25 ubuntu systemd[1299]: Listening on GnuPG cryptographic agent and passphrase cache.
Nov 24 11:19:25 ubuntu systemd[1299]: Reached target Paths.
Nov 24 11:19:25 ubuntu systemd[1299]: Listening on GnuPG cryptographic agent (ssh-agent emulation).
Nov 24 11:19:25 ubuntu systemd[1299]: Reached target Timers.
Nov 24 11:19:25 ubuntu systemd[1299]: Listening on REST API socket for snapd user session agent.
Nov 24 11:19:25 ubuntu systemd[1299]: Listening on GnuPG cryptographic agent and passphrase cache (access for web browsers).
Nov 24 11:19:25 ubuntu systemd[1299]: Listening on GnuPG cryptographic agent and passphrase cache (restricted).
Nov 24 11:19:25 ubuntu systemd[1299]: Reached target Sockets.
Nov 24 11:19:25 ubuntu systemd[1299]: Reached target Basic System.
Nov 24 11:19:25 ubuntu systemd[1299]: Reached target Default.
Nov 24 11:19:25 ubuntu systemd[1299]: Startup finished in 58ms.
Nov 24 11:19:25 ubuntu systemd[1]: Started User Manager for UID 1000.
Nov 24 11:19:27 ubuntu systemd-timesyncd[907]: Synchronized to time server 91.189.94.4:123 (ntp.ubuntu.com).
Nov 24 11:20:57 ubuntu kernel: [  137.157857] random: crng init done
Nov 24 11:20:57 ubuntu kernel: [  137.157872] random: 7 urandom warning(s) missed due to ratelimiting
Nov 24 11:34:16 ubuntu systemd[1]: Starting Cleanup of Temporary Directories...
Nov 24 11:34:16 ubuntu systemd[1]: Started Cleanup of Temporary Directories.
Nov 24 12:17:01 ubuntu CRON[1369]: (root) CMD (   cd / && run-parts --report /etc/cron.hourly)
Nov 24 13:17:01 ubuntu CRON[1375]: (root) CMD (   cd / && run-parts --report /etc/cron.hourly)
Nov 24 13:37:18 ubuntu systemd-timesyncd[907]: Timed out waiting for reply from 91.189.94.4:123 (ntp.ubuntu.com).
Nov 24 13:37:28 ubuntu systemd-timesyncd[907]: Timed out waiting for reply from 91.189.89.199:123 (ntp.ubuntu.com).
Nov 24 13:37:38 ubuntu systemd-timesyncd[907]: Timed out waiting for reply from 91.189.89.198:123 (ntp.ubuntu.com).
Nov 24 13:37:49 ubuntu systemd-timesyncd[907]: Timed out waiting for reply from 91.189.91.157:123 (ntp.ubuntu.com).
Nov 24 14:11:58 ubuntu systemd-resolved[955]: Using degraded feature set (UDP) for DNS server 172.20.1.4.
Nov 24 14:12:03 ubuntu systemd-resolved[955]: Using degraded feature set (UDP) for DNS server 172.20.1.6.
Nov 24 14:12:15 ubuntu systemd-resolved[955]: Using degraded feature set (TCP) for DNS server 172.20.1.4.
Nov 24 14:12:29 ubuntu systemd-resolved[955]: Using degraded feature set (TCP) for DNS server 172.20.1.6.
Nov 24 14:13:36 ubuntu systemd-resolved[955]: Using degraded feature set (UDP) for DNS server 172.20.1.4.
Nov 24 14:13:41 ubuntu systemd-resolved[955]: Using degraded feature set (UDP) for DNS server 172.20.1.6.
Nov 24 14:17:01 ubuntu CRON[1381]: (root) CMD (   cd / && run-parts --report /etc/cron.hourly)
Nov 24 14:46:25 ubuntu systemd-resolved[955]: Using degraded feature set (TCP) for DNS server 172.20.1.6.
Nov 24 14:46:31 ubuntu systemd-resolved[955]: Using degraded feature set (TCP) for DNS server 172.20.1.4.
Nov 24 14:47:38 ubuntu systemd-resolved[955]: Using degraded feature set (UDP) for DNS server 172.20.1.4.
Nov 24 14:47:43 ubuntu systemd-resolved[955]: Using degraded feature set (UDP) for DNS server 172.20.1.6.
Nov 24 15:17:01 ubuntu CRON[1387]: (root) CMD (   cd / && run-parts --report /etc/cron.hourly)
Nov 24 15:20:38 ubuntu systemd-resolved[955]: Using degraded feature set (TCP) for DNS server 172.20.1.4.
Nov 24 15:20:38 ubuntu systemd-resolved[955]: Using degraded feature set (TCP) for DNS server 172.20.1.6.
Nov 24 15:54:52 ubuntu systemd-timesyncd[907]: Synchronized to time server 91.189.91.157:123 (ntp.ubuntu.com).
Nov 24 16:17:01 ubuntu CRON[1395]: (root) CMD (   cd / && run-parts --report /etc/cron.hourly)
Nov 24 16:22:47 ubuntu kernel: [18246.319911] SGI XFS with ACLs, security attributes, realtime, no debug enabled
Nov 24 16:22:47 ubuntu kernel: [18246.338322] JFS: nTxBlock = 8192, nTxLock = 65536
Nov 24 16:22:47 ubuntu kernel: [18246.370002] ntfs: driver 2.1.32 [Flags: R/O MODULE].
Nov 24 16:22:47 ubuntu kernel: [18246.408241] QNX4 filesystem 0.2.3 registered.
Nov 24 16:22:47 ubuntu os-prober: debug: running /usr/lib/os-probes/mounted/40lsb on mounted /dev/sda1
Nov 24 16:22:47 ubuntu os-prober: debug: running /usr/lib/os-probes/mounted/90linux-distro on mounted /dev/sda1
Nov 24 16:22:47 ubuntu os-prober: debug: running /usr/lib/os-probes/50mounted-tests on /dev/sda2
Nov 24 16:22:47 ubuntu 50mounted-tests: debug: /dev/sda2 is an LVM member; skipping
Nov 24 16:22:47 ubuntu os-prober: debug: os detected by /usr/lib/os-probes/50mounted-tests
Nov 24 16:22:47 ubuntu os-prober: debug: /dev/mapper/ubuntu--vg-swap_1: is active swap
Nov 24 16:23:29 ubuntu systemd[1]: Stopping Authorization Manager...
Nov 24 16:23:29 ubuntu systemd[1]: Stopping Availability of block devices...
Nov 24 16:23:29 ubuntu systemd[1]: Stopping User Manager for UID 1000...
Nov 24 16:23:29 ubuntu systemd[1]: Stopping Session 1 of user huawei.
Nov 24 16:23:29 ubuntu systemd[1299]: Stopped target Default.
Nov 24 16:23:29 ubuntu systemd[1299]: Stopped target Basic System.
Nov 24 16:23:29 ubuntu systemd[1299]: Stopped target Paths.
Nov 24 16:23:29 ubuntu systemd[1299]: Stopped target Timers.
Nov 24 16:23:29 ubuntu systemd[1299]: Stopped target Sockets.
Nov 24 16:23:29 ubuntu systemd[1299]: Closed GnuPG cryptographic agent and passphrase cache (restricted).
Nov 24 16:23:29 ubuntu blkdeactivate[13246]: Deactivating block devices:
Nov 24 16:23:29 ubuntu systemd[1299]: Closed REST API socket for snapd user session agent.
Nov 24 16:23:29 ubuntu systemd[1299]: Closed GnuPG cryptographic agent and passphrase cache.
Nov 24 16:23:29 ubuntu systemd[1299]: Closed GnuPG network certificate management daemon.
Nov 24 16:23:29 ubuntu systemd[1299]: Closed GnuPG cryptographic agent (ssh-agent emulation).
Nov 24 16:23:29 ubuntu systemd[1299]: Closed GnuPG cryptographic agent and passphrase cache (access for web browsers).
Nov 24 16:23:29 ubuntu systemd[1299]: Reached target Shutdown.
Nov 24 16:23:29 ubuntu systemd[1]: Stopped target Graphical Interface.
Nov 24 16:23:29 ubuntu systemd[1299]: Starting Exit the Session...
Nov 24 16:23:29 ubuntu systemd[1]: Stopped target Multi-User System.
Nov 24 16:23:29 ubuntu systemd[1]: Stopping D-Bus System Message Bus...
Nov 24 16:23:29 ubuntu systemd[1299]: Received SIGRTMIN+24 from PID 13253 (kill).
Nov 24 16:23:29 ubuntu systemd[1]: Stopping irqbalance daemon...
Nov 24 16:23:29 ubuntu systemd[1]: Stopping LSB: automatic crash report generation...
Nov 24 16:23:29 ubuntu blkdeactivate[13246]:   [SKIP]: unmount of ubuntu--vg-swap_1 (dm-1) mounted on [SWAP]
Nov 24 16:23:29 ubuntu blkdeactivate[13246]:   [SKIP]: unmount of ubuntu--vg-root (dm-0) mounted on /
Nov 24 16:23:29 ubuntu systemd[1]: Stopping LXD - container startup/shutdown...
Nov 24 16:23:29 ubuntu systemd[1]: Stopping FUSE filesystem for LXC...
Nov 24 16:23:29 ubuntu systemd[1]: Stopping LSB: Record successful boot for GRUB...
Nov 24 16:23:29 ubuntu systemd[1]: Stopping Regular background program processing daemon...
Nov 24 16:23:29 ubuntu systemd[1]: Stopped target Host and Network Name Lookups.
Nov 24 16:23:29 ubuntu systemd[1]: Stopping Deferred execution scheduler...
Nov 24 16:23:29 ubuntu systemd[1]: Stopped target Network is Online.
Nov 24 16:23:29 ubuntu systemd[1]: Stopping LVM2 PV scan on device 8:2...
Nov 24 16:24:02 ubuntu systemd-modules-load[848]: Inserted module 'iscsi_tcp'
Nov 24 16:24:02 ubuntu kernel: [    0.000000] Booting Linux on physical CPU 0x0000000000 [0x481fd010]
Nov 24 16:24:02 ubuntu systemd-modules-load[848]: Inserted module 'ib_iser'
Nov 24 16:24:02 ubuntu kernel: [    0.000000] Linux version 5.7.1 (root@ubuntu) (gcc version 7.5.0 (Ubuntu/Linaro 7.5.0-3ubuntu1~18.04), GNU ld (GNU Binutils for Ubuntu) 2.30) #1 SMP Tue Nov 24 15:13:17 CST 2020
Nov 24 16:24:02 ubuntu kernel: [    0.000000] efi: EFI v2.70 by EDK II
Nov 24 16:24:02 ubuntu kernel: [    0.000000] efi:  SMBIOS 3.0=0x53f710000  ACPI 2.0=0x53c020000  MEMATTR=0x53cc7ca98  MEMRESERVE=0x53becd018 
Nov 24 16:24:02 ubuntu lvm[865]:   2 logical volume(s) in volume group "ubuntu-vg" monitored
Nov 24 16:24:02 ubuntu kernel: [    0.000000] cma: Reserved 32 MiB at 0x00000000fe000000
Nov 24 16:24:02 ubuntu kernel: [    0.000000] ACPI: Early table checksum verification disabled
Nov 24 16:24:02 ubuntu kernel: [    0.000000] ACPI: RSDP 0x000000053C020000 000024 (v02 BOCHS )
Nov 24 16:24:02 ubuntu kernel: [    0.000000] ACPI: XSDT 0x000000053BED0000 000054 (v01 BOCHS  BXPCFACP 00000001      01000013)
Nov 24 16:24:02 ubuntu kernel: [    0.000000] ACPI: FACP 0x000000053BE90000 00010C (v05 BOCHS  BXPCFACP 00000001 BXPC 00000001)
Nov 24 16:24:02 ubuntu kernel: [    0.000000] ACPI: DSDT 0x000000053BEA0000 001523 (v02 BOCHS  BXPCDSDT 00000001 BXPC 00000001)
Nov 24 16:24:02 ubuntu kernel: [    0.000000] ACPI: APIC 0x000000053BE80000 0009E8 (v03 BOCHS  BXPCAPIC 00000001 BXPC 00000001)
Nov 24 16:24:02 ubuntu kernel: [    0.000000] ACPI: GTDT 0x000000053BE70000 000060 (v02 BOCHS  BXPCGTDT 00000001 BXPC 00000001)
Nov 24 16:24:02 ubuntu kernel: [    0.000000] ACPI: MCFG 0x000000053BE60000 00003C (v01 BOCHS  BXPCMCFG 00000001 BXPC 00000001)
Nov 24 16:24:02 ubuntu systemd[1]: Started Load/Save Random Seed.
Nov 24 16:24:02 ubuntu kernel: [    0.000000] ACPI: SPCR 0x000000053BE50000 000050 (v02 BOCHS  BXPCSPCR 00000001 BXPC 00000001)
Nov 24 16:24:02 ubuntu kernel: [    0.000000] ACPI: IORT 0x000000053BE40000 00007C (v00 BOCHS  BXPCIORT 00000001 BXPC 00000001)
Nov 24 16:24:02 ubuntu kernel: [    0.000000] ACPI: SPCR: console: pl011,mmio,0x9000000,9600
Nov 24 16:24:02 ubuntu kernel: [    0.000000] ACPI: NUMA: Failed to initialise from firmware
Nov 24 16:24:02 ubuntu kernel: [    0.000000] NUMA: Faking a node at [mem 0x0000000040000000-0x000000053fffffff]
Nov 24 16:24:02 ubuntu systemd[1]: Started Create Static Device Nodes in /dev.
Nov 24 16:24:02 ubuntu kernel: [    0.000000] NUMA: NODE_DATA [mem 0x53d409300-0x53d40cfff]
Nov 24 16:24:02 ubuntu kernel: [    0.000000] Zone ranges:
Nov 24 16:24:02 ubuntu kernel: [    0.000000]   DMA      [mem 0x0000000040000000-0x000000007fffffff]
Nov 24 16:24:02 ubuntu kernel: [    0.000000]   DMA32    [mem 0x0000000080000000-0x00000000ffffffff]
Nov 24 16:24:02 ubuntu kernel: [    0.000000]   Normal   [mem 0x0000000100000000-0x000000053fffffff]
Nov 24 16:24:02 ubuntu kernel: [    0.000000] Movable zone start for each node
Nov 24 16:24:02 ubuntu kernel: [    0.000000] Early memory node ranges
Nov 24 16:24:02 ubuntu systemd[1]: Started Apply Kernel Variables.
Nov 24 16:24:02 ubuntu kernel: [    0.000000]   node   0: [mem 0x0000000040000000-0x000000053bedffff]
Nov 24 16:24:02 ubuntu kernel: [    0.000000]   node   0: [mem 0x000000053bee0000-0x000000053bffffff]
Nov 24 16:24:02 ubuntu kernel: [    0.000000]   node   0: [mem 0x000000053c000000-0x000000053c02ffff]
Nov 24 16:24:02 ubuntu kernel: [    0.000000]   node   0: [mem 0x000000053c030000-0x000000053c0affff]
Nov 24 16:24:02 ubuntu kernel: [    0.000000]   node   0: [mem 0x000000053c0b0000-0x000000053f57ffff]
Nov 24 16:24:02 ubuntu kernel: [    0.000000]   node   0: [mem 0x000000053f580000-0x000000053f95ffff]
Nov 24 16:24:02 ubuntu systemd[1]: Mounted FUSE Control File System.
Nov 24 16:24:02 ubuntu kernel: [    0.000000]   node   0: [mem 0x000000053f960000-0x000000053fffffff]
Nov 24 16:24:02 ubuntu kernel: [    0.000000] Zeroed struct page in unavailable ranges: 544 pages
Nov 24 16:24:02 ubuntu kernel: [    0.000000] Initmem setup node 0 [mem 0x0000000040000000-0x000000053fffffff]
Nov 24 16:24:02 ubuntu kernel: [    0.000000] On node 0 totalpages: 5242880
Nov 24 16:24:02 ubuntu systemd[1]: Mounted Kernel Configuration File System.
Nov 24 16:24:02 ubuntu kernel: [    0.000000]   DMA zone: 5120 pages used for memmap
Nov 24 16:24:02 ubuntu systemd[1]: Starting udev Kernel Device Manager...
Nov 24 16:24:02 ubuntu kernel: [    0.000000]   DMA zone: 0 pages reserved
Nov 24 16:24:02 ubuntu systemd[1]: Starting Flush Journal to Persistent Storage...
Nov 24 16:24:02 ubuntu kernel: [    0.000000]   DMA zone: 262144 pages, LIFO batch:63
Nov 24 16:24:02 ubuntu kernel: [    0.000000]   DMA32 zone: 10240 pages used for memmap
Nov 24 16:24:02 ubuntu kernel: [    0.000000]   DMA32 zone: 524288 pages, LIFO batch:63
Nov 24 16:24:02 ubuntu kernel: [    0.000000]   Normal zone: 87040 pages used for memmap
Nov 24 16:24:02 ubuntu systemd[1]: Reached target Local File Systems (Pre).
Nov 24 16:24:02 ubuntu kernel: [    0.000000]   Normal zone: 4456448 pages, LIFO batch:63
Nov 24 16:24:02 ubuntu kernel: [    0.000000] psci: probing for conduit method from ACPI.
Nov 24 16:24:02 ubuntu kernel: [    0.000000] psci: PSCIv1.0 detected in firmware.
Nov 24 16:24:02 ubuntu systemd[1]: Started udev Kernel Device Manager.
Nov 24 16:24:02 ubuntu kernel: [    0.000000] psci: Using standard PSCI v0.2 function IDs
Nov 24 16:24:02 ubuntu kernel: [    0.000000] psci: Trusted OS migration not required
Nov 24 16:24:02 ubuntu kernel: [    0.000000] psci: SMC Calling Convention v1.1
Nov 24 16:24:02 ubuntu kernel: [    0.000000] ACPI: SRAT not present
Nov 24 16:24:02 ubuntu kernel: [    0.000000] percpu: Embedded 33 pages/cpu s94616 r8192 d32360 u135168
Nov 24 16:24:02 ubuntu systemd[1]: Started Flush Journal to Persistent Storage.
Nov 24 16:24:02 ubuntu kernel: [    0.000000] pcpu-alloc: s94616 r8192 d32360 u135168 alloc=33*4096
Nov 24 16:24:02 ubuntu systemd[1]: Started udev Coldplug all Devices.
Nov 24 16:24:02 ubuntu kernel: [    0.000000] pcpu-alloc: [0] 00 [0] 01 [0] 02 [0] 03 [0] 04 [0] 05 [0] 06 [0] 07 
Nov 24 16:24:02 ubuntu kernel: [    0.000000] pcpu-alloc: [0] 08 [0] 09 [0] 10 [0] 11 [0] 12 [0] 13 [0] 14 [0] 15 
Nov 24 16:24:02 ubuntu kernel: [    0.000000] pcpu-alloc: [0] 16 [0] 17 [0] 18 [0] 19 [0] 20 [0] 21 [0] 22 [0] 23 
Nov 24 16:24:02 ubuntu kernel: [    0.000000] pcpu-alloc: [0] 24 [0] 25 [0] 26 [0] 27 [0] 28 [0] 29 [0] 30 [0] 31 
Nov 24 16:24:02 ubuntu systemd[1]: Started Dispatch Password Requests to Console Directory Watch.
Nov 24 16:24:02 ubuntu kernel: [    0.000000] Detected VIPT I-cache on CPU0
Nov 24 16:24:02 ubuntu kernel: [    0.000000] CPU features: detected: GIC system register CPU interface
Nov 24 16:24:02 ubuntu systemd[1]: Reached target Local Encrypted Volumes.
Nov 24 16:24:02 ubuntu kernel: [    0.000000] CPU features: detected: Hardware dirty bit management
Nov 24 16:24:02 ubuntu systemd[1]: Found device /dev/ttyAMA0.
Nov 24 16:24:02 ubuntu kernel: [    0.000000] Built 1 zonelists, mobility grouping on.  Total pages: 5140480
Nov 24 16:24:02 ubuntu kernel: [    0.000000] Policy zone: Normal
Nov 24 16:24:02 ubuntu kernel: [    0.000000] Kernel command line: BOOT_IMAGE=/boot/vmlinuz-5.7.1 root=/dev/mapper/ubuntu--vg-root ro
Nov 24 16:24:02 ubuntu kernel: [    0.000000] Dentry cache hash table entries: 4194304 (order: 13, 33554432 bytes, linear)
Nov 24 16:24:02 ubuntu kernel: [    0.000000] Inode-cache hash table entries: 2097152 (order: 12, 16777216 bytes, linear)
Nov 24 16:24:02 ubuntu kernel: [    0.000000] mem auto-init: stack:off, heap alloc:on, heap free:off
Nov 24 16:24:02 ubuntu systemd-udevd[937]: link_config: autonegotiation is unset or enabled, the speed and duplex are not writable.
Nov 24 16:24:02 ubuntu kernel: [    0.000000] software IO TLB: mapped [mem 0x7bfff000-0x7ffff000] (64MB)
Nov 24 16:24:02 ubuntu kernel: [    0.000000] Memory: 20269608K/20971520K available (14204K kernel code, 2354K rwdata, 6868K rodata, 7040K init, 1132K bss, 669144K reserved, 32768K cma-reserved)
Nov 24 16:24:02 ubuntu kernel: [    0.000000] random: get_random_u64 called from __kmem_cache_create+0x54/0x5d8 with crng_init=0
Nov 24 16:24:02 ubuntu kernel: [    0.000000] SLUB: HWalign=64, Order=0-3, MinObjects=0, CPUs=32, Nodes=1
Nov 24 16:24:02 ubuntu kernel: [    0.000000] ftrace: allocating 46107 entries in 181 pages
Nov 24 16:24:02 ubuntu systemd-udevd[946]: link_config: autonegotiation is unset or enabled, the speed and duplex are not writable.
Nov 24 16:24:02 ubuntu kernel: [    0.000000] ftrace: allocated 181 pages with 5 groups
Nov 24 16:24:02 ubuntu kernel: [    0.000000] rcu: Hierarchical RCU implementation.
Nov 24 16:24:02 ubuntu kernel: [    0.000000] rcu: 	RCU restricting CPUs from NR_CPUS=256 to nr_cpu_ids=32.
Nov 24 16:24:02 ubuntu systemd[1]: Listening on Load/Save RF Kill Switch Status /dev/rfkill Watch.
Nov 24 16:24:02 ubuntu kernel: [    0.000000] 	Tasks RCU enabled.
Nov 24 16:24:02 ubuntu kernel: [    0.000000] rcu: RCU calculated value of scheduler-enlistment delay is 25 jiffies.
Nov 24 16:24:02 ubuntu kernel: [    0.000000] rcu: Adjusting geometry for rcu_fanout_leaf=16, nr_cpu_ids=32
Nov 24 16:24:02 ubuntu kernel: [    0.000000] NR_IRQS: 64, nr_irqs: 64, preallocated irqs: 0
Nov 24 16:24:02 ubuntu kernel: [    0.000000] GICv3: 256 SPIs implemented
Nov 24 16:24:02 ubuntu systemd[1]: Found device /dev/mapper/ubuntu--vg-swap_1.
Nov 24 16:24:02 ubuntu kernel: [    0.000000] GICv3: 0 Extended SPIs implemented
Nov 24 16:24:02 ubuntu systemd[1]: Activating swap /dev/mapper/ubuntu--vg-swap_1...
Nov 24 16:24:02 ubuntu kernel: [    0.000000] GICv3: Distributor has no Range Selector support
Nov 24 16:24:02 ubuntu systemd[1]: Found device QEMU_HARDDISK 1.
Nov 24 16:24:02 ubuntu kernel: [    0.000000] GICv3: 16 PPIs implemented
Nov 24 16:24:02 ubuntu kernel: [    0.000000] GICv3: CPU0: found redistributor 0 region 0:0x00000000080a0000
Nov 24 16:24:02 ubuntu kernel: [    0.000000] ACPI: SRAT not present
Nov 24 16:24:02 ubuntu kernel: [    0.000000] ITS [mem 0x08080000-0x0809ffff]
Nov 24 16:24:02 ubuntu systemd[1]: Created slice system-lvm2\x2dpvscan.slice.
Nov 24 16:24:02 ubuntu kernel: [    0.000000] ITS@0x0000000008080000: allocated 8192 Devices @53ca00000 (indirect, esz 8, psz 64K, shr 1)
Nov 24 16:24:02 ubuntu systemd[1]: Starting LVM2 PV scan on device 8:2...
Nov 24 16:24:02 ubuntu kernel: [    0.000000] ITS@0x0000000008080000: allocated 8192 Interrupt Collections @53ca10000 (flat, esz 8, psz 64K, shr 1)
Nov 24 16:24:02 ubuntu kernel: [    0.000000] GICv3: using LPI property table @0x000000053ca20000
Nov 24 16:24:02 ubuntu systemd[1]: Starting File System Check on /dev/disk/by-uuid/5EA9-3D4C...
Nov 24 16:24:02 ubuntu kernel: [    0.000000] GICv3: CPU0: using allocated LPI pending table @0x000000053ca30000
Nov 24 16:24:02 ubuntu kernel: [    0.000000] arch_timer: cp15 timer(s) running at 100.00MHz (virt).
Nov 24 16:24:02 ubuntu kernel: [    0.000000] clocksource: arch_sys_counter: mask: 0xffffffffffffff max_cycles: 0x171024e7e0, max_idle_ns: 440795205315 ns
Nov 24 16:24:02 ubuntu kernel: [    0.000003] sched_clock: 56 bits at 100MHz, resolution 10ns, wraps every 4398046511100ns
Nov 24 16:24:02 ubuntu systemd[1]: Activated swap /dev/mapper/ubuntu--vg-swap_1.
Nov 24 16:24:02 ubuntu kernel: [    0.000248] Console: colour dummy device 80x25
Nov 24 16:24:02 ubuntu systemd[1]: Reached target Swap.
Nov 24 16:24:02 ubuntu kernel: [    0.000329] ACPI: Core revision 20200326
Nov 24 16:24:02 ubuntu kernel: [    0.000481] Calibrating delay loop (skipped), value calculated using timer frequency.. 200.00 BogoMIPS (lpj=400000)
Nov 24 16:24:02 ubuntu kernel: [    0.000484] pid_max: default: 32768 minimum: 301
Nov 24 16:24:02 ubuntu systemd[1]: Started File System Check Daemon to report status.
Nov 24 16:24:02 ubuntu kernel: [    0.000557] LSM: Security Framework initializing
Nov 24 16:24:02 ubuntu kernel: [    0.000587] Yama: becoming mindful.
Nov 24 16:24:02 ubuntu kernel: [    0.000749] AppArmor: AppArmor initialized
Nov 24 16:24:02 ubuntu kernel: [    0.001228] Mount-cache hash table entries: 65536 (order: 7, 524288 bytes, linear)
Nov 24 16:24:02 ubuntu lvm[1060]:   2 logical volume(s) in volume group "ubuntu-vg" now active
Nov 24 16:24:02 ubuntu kernel: [    0.001651] Mountpoint-cache hash table entries: 65536 (order: 7, 524288 bytes, linear)
Nov 24 16:24:02 ubuntu kernel: [    0.003355] ACPI PPTT: No PPTT table found, CPU and cache topology may be inaccurate
Nov 24 16:24:02 ubuntu systemd-fsck[1061]: fsck.fat 4.1 (2017-01-24)
Nov 24 16:24:02 ubuntu kernel: [    0.003717] rcu: Hierarchical SRCU implementation.
Nov 24 16:24:02 ubuntu kernel: [    0.004652] Platform MSI: ITS@0x8080000 domain created
Nov 24 16:24:02 ubuntu systemd-fsck[1061]: /dev/sda1: 5 files, 41/65501 clusters
Nov 24 16:24:02 ubuntu kernel: [    0.004668] PCI/MSI: ITS@0x8080000 domain created
Nov 24 16:24:02 ubuntu systemd[1]: Started LVM2 PV scan on device 8:2.
Nov 24 16:24:02 ubuntu kernel: [    0.004718] Remapping and enabling EFI services.
Nov 24 16:24:02 ubuntu kernel: [    0.004725] [mitosis-origin] pgd_alloc for mm=ffff800011dcda40 and mm->pgd =ffff0004df9ba000.
Nov 24 16:24:02 ubuntu kernel: [    0.006098] smp: Bringing up secondary CPUs ...
Nov 24 16:24:02 ubuntu kernel: [    0.122818] Detected VIPT I-cache on CPU1
Nov 24 16:24:02 ubuntu kernel: [    0.122838] GICv3: CPU1: found redistributor 1 region 0:0x00000000080c0000
Nov 24 16:24:02 ubuntu systemd[1]: Started File System Check on /dev/disk/by-uuid/5EA9-3D4C.
Nov 24 16:24:02 ubuntu kernel: [    0.123040] GICv3: CPU1: using allocated LPI pending table @0x000000053ca40000
Nov 24 16:24:02 ubuntu systemd[1]: Mounting /boot/efi...
Nov 24 16:24:02 ubuntu kernel: [    0.123072] CPU1: Booted secondary processor 0x0000000001 [0x481fd010]
Nov 24 16:24:02 ubuntu systemd[1]: Mounted /boot/efi.
Nov 24 16:24:02 ubuntu systemd[1]: Reached target Local File Systems.
Nov 24 16:24:02 ubuntu systemd[1]: Starting Create Volatile Files and Directories...
Nov 24 16:24:02 ubuntu systemd[1]: Starting ebtables ruleset management...
Nov 24 16:24:02 ubuntu kernel: [    0.228555] Detected VIPT I-cache on CPU2
Nov 24 16:24:02 ubuntu kernel: [    0.228608] GICv3: CPU2: found redistributor 2 region 0:0x00000000080e0000
Nov 24 16:24:02 ubuntu systemd[1]: Starting AppArmor initialization...
Nov 24 16:24:02 ubuntu kernel: [    0.229048] GICv3: CPU2: using allocated LPI pending table @0x000000053ca50000
Nov 24 16:24:02 ubuntu systemd[1]: Starting Tell Plymouth To Write Out Runtime Data...
Nov 24 16:24:02 ubuntu kernel: [    0.229131] CPU2: Booted secondary processor 0x0000000002 [0x481fd010]
Nov 24 16:24:02 ubuntu kernel: [    0.509967] Detected VIPT I-cache on CPU3
Nov 24 16:24:02 ubuntu kernel: [    0.510002] GICv3: CPU3: found redistributor 3 region 0:0x0000000008100000
Nov 24 16:24:02 ubuntu kernel: [    0.510322] GICv3: CPU3: using allocated LPI pending table @0x000000053ca60000
Nov 24 16:24:02 ubuntu systemd[1]: Starting Set console font and keymap...
Nov 24 16:24:02 ubuntu kernel: [    0.510371] CPU3: Booted secondary processor 0x0000000003 [0x481fd010]
Nov 24 16:24:02 ubuntu kernel: [    0.621182] Detected VIPT I-cache on CPU4
Nov 24 16:24:02 ubuntu kernel: [    0.621243] GICv3: CPU4: found redistributor 4 region 0:0x0000000008120000
Nov 24 16:24:02 ubuntu systemd[1]: Started Create Volatile Files and Directories.
Nov 24 16:24:02 ubuntu kernel: [    0.621647] GICv3: CPU4: using allocated LPI pending table @0x000000053ca70000
Nov 24 16:24:02 ubuntu kernel: [    0.621723] CPU4: Booted secondary processor 0x0000000004 [0x481fd010]
Nov 24 16:24:02 ubuntu kernel: [    0.899426] Detected VIPT I-cache on CPU5
