Dec  2 18:38:30 ubuntu systemd-modules-load[817]: Inserted module 'iscsi_tcp'
Dec  2 18:38:30 ubuntu kernel: [    0.000000] Booting Linux on physical CPU 0x0000000000 [0x481fd010]
Dec  2 18:38:30 ubuntu systemd-modules-load[817]: Inserted module 'ib_iser'
Dec  2 18:38:30 ubuntu kernel: [    0.000000] Linux version 5.7.1 (root@ubuntu) (gcc version 7.5.0 (Ubuntu/Linaro 7.5.0-3ubuntu1~18.04), GNU ld (GNU Binutils for Ubuntu) 2.30) #1 SMP Wed Dec 2 18:11:01 CST 2020
Dec  2 18:38:30 ubuntu kernel: [    0.000000] efi: EFI v2.70 by EDK II
Dec  2 18:38:30 ubuntu kernel: [    0.000000] efi:  SMBIOS 3.0=0x53f710000  ACPI 2.0=0x53c020000  MEMATTR=0x53cc7ca98  MEMRESERVE=0x53becd018 
Dec  2 18:38:30 ubuntu kernel: [    0.000000] cma: Reserved 32 MiB at 0x00000000fe000000
Dec  2 18:38:30 ubuntu kernel: [    0.000000] ACPI: Early table checksum verification disabled
Dec  2 18:38:30 ubuntu kernel: [    0.000000] ACPI: RSDP 0x000000053C020000 000024 (v02 BOCHS )
Dec  2 18:38:30 ubuntu kernel: [    0.000000] ACPI: XSDT 0x000000053BED0000 000054 (v01 BOCHS  BXPCFACP 00000001      01000013)
Dec  2 18:38:30 ubuntu kernel: [    0.000000] ACPI: FACP 0x000000053BE90000 00010C (v05 BOCHS  BXPCFACP 00000001 BXPC 00000001)
Dec  2 18:38:30 ubuntu kernel: [    0.000000] ACPI: DSDT 0x000000053BEA0000 001523 (v02 BOCHS  BXPCDSDT 00000001 BXPC 00000001)
Dec  2 18:38:30 ubuntu lvm[832]:   2 logical volume(s) in volume group "ubuntu-vg" monitored
Dec  2 18:38:30 ubuntu kernel: [    0.000000] ACPI: APIC 0x000000053BE80000 0009E8 (v03 BOCHS  BXPCAPIC 00000001 BXPC 00000001)
Dec  2 18:38:30 ubuntu systemd[1]: Started Apply Kernel Variables.
Dec  2 18:38:30 ubuntu kernel: [    0.000000] ACPI: GTDT 0x000000053BE70000 000060 (v02 BOCHS  BXPCGTDT 00000001 BXPC 00000001)
Dec  2 18:38:30 ubuntu kernel: [    0.000000] ACPI: MCFG 0x000000053BE60000 00003C (v01 BOCHS  BXPCMCFG 00000001 BXPC 00000001)
Dec  2 18:38:30 ubuntu kernel: [    0.000000] ACPI: SPCR 0x000000053BE50000 000050 (v02 BOCHS  BXPCSPCR 00000001 BXPC 00000001)
Dec  2 18:38:30 ubuntu systemd[1]: Mounted FUSE Control File System.
Dec  2 18:38:30 ubuntu kernel: [    0.000000] ACPI: IORT 0x000000053BE40000 00007C (v00 BOCHS  BXPCIORT 00000001 BXPC 00000001)
Dec  2 18:38:30 ubuntu systemd[1]: Mounted Kernel Configuration File System.
Dec  2 18:38:30 ubuntu kernel: [    0.000000] ACPI: SPCR: console: pl011,mmio,0x9000000,9600
Dec  2 18:38:30 ubuntu kernel: [    0.000000] ACPI: NUMA: Failed to initialise from firmware
Dec  2 18:38:30 ubuntu kernel: [    0.000000] NUMA: Faking a node at [mem 0x0000000040000000-0x000000053fffffff]
Dec  2 18:38:30 ubuntu systemd[1]: Starting Flush Journal to Persistent Storage...
Dec  2 18:38:30 ubuntu kernel: [    0.000000] NUMA: NODE_DATA [mem 0x53d409300-0x53d40cfff]
Dec  2 18:38:30 ubuntu kernel: [    0.000000] Zone ranges:
Dec  2 18:38:30 ubuntu kernel: [    0.000000]   DMA      [mem 0x0000000040000000-0x000000007fffffff]
Dec  2 18:38:30 ubuntu systemd[1]: Reached target Local File Systems (Pre).
Dec  2 18:38:30 ubuntu kernel: [    0.000000]   DMA32    [mem 0x0000000080000000-0x00000000ffffffff]
Dec  2 18:38:30 ubuntu systemd[1]: Started udev Kernel Device Manager.
Dec  2 18:38:30 ubuntu kernel: [    0.000000]   Normal   [mem 0x0000000100000000-0x000000053fffffff]
Dec  2 18:38:30 ubuntu kernel: [    0.000000] Movable zone start for each node
Dec  2 18:38:30 ubuntu systemd[1]: Started Flush Journal to Persistent Storage.
Dec  2 18:38:30 ubuntu kernel: [    0.000000] Early memory node ranges
Dec  2 18:38:30 ubuntu kernel: [    0.000000]   node   0: [mem 0x0000000040000000-0x000000053bedffff]
Dec  2 18:38:30 ubuntu systemd[1]: Found device /dev/ttyAMA0.
Dec  2 18:38:30 ubuntu kernel: [    0.000000]   node   0: [mem 0x000000053bee0000-0x000000053bffffff]
Dec  2 18:38:30 ubuntu kernel: [    0.000000]   node   0: [mem 0x000000053c000000-0x000000053c02ffff]
Dec  2 18:38:30 ubuntu kernel: [    0.000000]   node   0: [mem 0x000000053c030000-0x000000053c0affff]
Dec  2 18:38:30 ubuntu kernel: [    0.000000]   node   0: [mem 0x000000053c0b0000-0x000000053f57ffff]
Dec  2 18:38:30 ubuntu kernel: [    0.000000]   node   0: [mem 0x000000053f580000-0x000000053f95ffff]
Dec  2 18:38:30 ubuntu systemd-udevd[879]: link_config: autonegotiation is unset or enabled, the speed and duplex are not writable.
Dec  2 18:38:30 ubuntu kernel: [    0.000000]   node   0: [mem 0x000000053f960000-0x000000053fffffff]
Dec  2 18:38:30 ubuntu kernel: [    0.000000] Zeroed struct page in unavailable ranges: 544 pages
Dec  2 18:38:30 ubuntu kernel: [    0.000000] Initmem setup node 0 [mem 0x0000000040000000-0x000000053fffffff]
Dec  2 18:38:30 ubuntu kernel: [    0.000000] On node 0 totalpages: 5242880
Dec  2 18:38:30 ubuntu systemd-udevd[886]: link_config: autonegotiation is unset or enabled, the speed and duplex are not writable.
Dec  2 18:38:30 ubuntu kernel: [    0.000000]   DMA zone: 5120 pages used for memmap
Dec  2 18:38:30 ubuntu kernel: [    0.000000]   DMA zone: 0 pages reserved
Dec  2 18:38:30 ubuntu systemd[1]: Started udev Coldplug all Devices.
Dec  2 18:38:30 ubuntu kernel: [    0.000000]   DMA zone: 262144 pages, LIFO batch:63
Dec  2 18:38:30 ubuntu kernel: [    0.000000]   DMA32 zone: 10240 pages used for memmap
Dec  2 18:38:30 ubuntu systemd[1]: Started Dispatch Password Requests to Console Directory Watch.
Dec  2 18:38:30 ubuntu kernel: [    0.000000]   DMA32 zone: 524288 pages, LIFO batch:63
Dec  2 18:38:30 ubuntu kernel: [    0.000000]   Normal zone: 87040 pages used for memmap
Dec  2 18:38:30 ubuntu systemd[1]: Reached target Local Encrypted Volumes.
Dec  2 18:38:30 ubuntu kernel: [    0.000000]   Normal zone: 4456448 pages, LIFO batch:63
Dec  2 18:38:30 ubuntu systemd[1]: Listening on Load/Save RF Kill Switch Status /dev/rfkill Watch.
Dec  2 18:38:30 ubuntu kernel: [    0.000000] psci: probing for conduit method from ACPI.
Dec  2 18:38:30 ubuntu kernel: [    0.000000] psci: PSCIv1.0 detected in firmware.
Dec  2 18:38:30 ubuntu systemd[1]: Found device /dev/mapper/ubuntu--vg-swap_1.
Dec  2 18:38:30 ubuntu kernel: [    0.000000] psci: Using standard PSCI v0.2 function IDs
Dec  2 18:38:30 ubuntu systemd[1]: Activating swap /dev/mapper/ubuntu--vg-swap_1...
Dec  2 18:38:30 ubuntu kernel: [    0.000000] psci: Trusted OS migration not required
Dec  2 18:38:30 ubuntu systemd[1]: Found device QEMU_HARDDISK 1.
Dec  2 18:38:30 ubuntu kernel: [    0.000000] psci: SMC Calling Convention v1.1
Dec  2 18:38:30 ubuntu systemd[1]: Activated swap /dev/mapper/ubuntu--vg-swap_1.
Dec  2 18:38:30 ubuntu kernel: [    0.000000] ACPI: SRAT not present
Dec  2 18:38:30 ubuntu kernel: [    0.000000] percpu: Embedded 33 pages/cpu s94616 r8192 d32360 u135168
Dec  2 18:38:30 ubuntu systemd[1]: Reached target Swap.
Dec  2 18:38:30 ubuntu kernel: [    0.000000] pcpu-alloc: s94616 r8192 d32360 u135168 alloc=33*4096
Dec  2 18:38:30 ubuntu kernel: [    0.000000] pcpu-alloc: [0] 00 [0] 01 [0] 02 [0] 03 [0] 04 [0] 05 [0] 06 [0] 07 
Dec  2 18:38:30 ubuntu systemd[1]: Starting File System Check on /dev/disk/by-uuid/5EA9-3D4C...
Dec  2 18:38:30 ubuntu kernel: [    0.000000] pcpu-alloc: [0] 08 [0] 09 [0] 10 [0] 11 [0] 12 [0] 13 [0] 14 [0] 15 
Dec  2 18:38:30 ubuntu kernel: [    0.000000] pcpu-alloc: [0] 16 [0] 17 [0] 18 [0] 19 [0] 20 [0] 21 [0] 22 [0] 23 
Dec  2 18:38:30 ubuntu kernel: [    0.000000] pcpu-alloc: [0] 24 [0] 25 [0] 26 [0] 27 [0] 28 [0] 29 [0] 30 [0] 31 
Dec  2 18:38:30 ubuntu kernel: [    0.000000] Detected VIPT I-cache on CPU0
Dec  2 18:38:30 ubuntu systemd[1]: Created slice system-lvm2\x2dpvscan.slice.
Dec  2 18:38:30 ubuntu kernel: [    0.000000] CPU features: detected: GIC system register CPU interface
Dec  2 18:38:30 ubuntu kernel: [    0.000000] CPU features: detected: Hardware dirty bit management
Dec  2 18:38:30 ubuntu systemd[1]: Starting LVM2 PV scan on device 8:2...
Dec  2 18:38:30 ubuntu kernel: [    0.000000] Built 1 zonelists, mobility grouping on.  Total pages: 5140480
Dec  2 18:38:30 ubuntu kernel: [    0.000000] Policy zone: Normal
Dec  2 18:38:30 ubuntu systemd[1]: Started File System Check Daemon to report status.
Dec  2 18:38:30 ubuntu kernel: [    0.000000] Kernel command line: BOOT_IMAGE=/boot/vmlinuz-5.7.1 root=/dev/mapper/ubuntu--vg-root ro
Dec  2 18:38:30 ubuntu systemd-fsck[1024]: fsck.fat 4.1 (2017-01-24)
Dec  2 18:38:30 ubuntu kernel: [    0.000000] Dentry cache hash table entries: 4194304 (order: 13, 33554432 bytes, linear)
Dec  2 18:38:30 ubuntu kernel: [    0.000000] Inode-cache hash table entries: 2097152 (order: 12, 16777216 bytes, linear)
Dec  2 18:38:30 ubuntu systemd-fsck[1024]: /dev/sda1: 5 files, 41/65501 clusters
Dec  2 18:38:30 ubuntu kernel: [    0.000000] mem auto-init: stack:off, heap alloc:on, heap free:off
Dec  2 18:38:30 ubuntu systemd[1]: Started File System Check on /dev/disk/by-uuid/5EA9-3D4C.
Dec  2 18:38:30 ubuntu kernel: [    0.000000] software IO TLB: mapped [mem 0x7bfff000-0x7ffff000] (64MB)
Dec  2 18:38:30 ubuntu lvm[1025]:   2 logical volume(s) in volume group "ubuntu-vg" now active
Dec  2 18:38:30 ubuntu kernel: [    0.000000] Memory: 20269608K/20971520K available (14204K kernel code, 2354K rwdata, 6868K rodata, 7040K init, 1132K bss, 669144K reserved, 32768K cma-reserved)
Dec  2 18:38:30 ubuntu systemd[1]: Mounting /boot/efi...
Dec  2 18:38:30 ubuntu kernel: [    0.000000] random: get_random_u64 called from __kmem_cache_create+0x54/0x5d8 with crng_init=0
Dec  2 18:38:30 ubuntu systemd[1]: Started LVM2 PV scan on device 8:2.
Dec  2 18:38:30 ubuntu kernel: [    0.000000] SLUB: HWalign=64, Order=0-3, MinObjects=0, CPUs=32, Nodes=1
Dec  2 18:38:30 ubuntu systemd[1]: Mounted /boot/efi.
Dec  2 18:38:30 ubuntu kernel: [    0.000000] ftrace: allocating 46107 entries in 181 pages
Dec  2 18:38:30 ubuntu kernel: [    0.000000] ftrace: allocated 181 pages with 5 groups
Dec  2 18:38:30 ubuntu kernel: [    0.000000] rcu: Hierarchical RCU implementation.
Dec  2 18:38:30 ubuntu kernel: [    0.000000] rcu: 	RCU restricting CPUs from NR_CPUS=256 to nr_cpu_ids=32.
Dec  2 18:38:30 ubuntu kernel: [    0.000000] 	Tasks RCU enabled.
Dec  2 18:38:30 ubuntu kernel: [    0.000000] rcu: RCU calculated value of scheduler-enlistment delay is 25 jiffies.
Dec  2 18:38:30 ubuntu kernel: [    0.000000] rcu: Adjusting geometry for rcu_fanout_leaf=16, nr_cpu_ids=32
Dec  2 18:38:30 ubuntu kernel: [    0.000000] NR_IRQS: 64, nr_irqs: 64, preallocated irqs: 0
Dec  2 18:38:30 ubuntu kernel: [    0.000000] GICv3: 256 SPIs implemented
Dec  2 18:38:30 ubuntu kernel: [    0.000000] GICv3: 0 Extended SPIs implemented
Dec  2 18:38:30 ubuntu kernel: [    0.000000] GICv3: Distributor has no Range Selector support
Dec  2 18:38:30 ubuntu kernel: [    0.000000] GICv3: 16 PPIs implemented
Dec  2 18:38:30 ubuntu kernel: [    0.000000] GICv3: CPU0: found redistributor 0 region 0:0x00000000080a0000
Dec  2 18:38:30 ubuntu kernel: [    0.000000] ACPI: SRAT not present
Dec  2 18:38:30 ubuntu kernel: [    0.000000] ITS [mem 0x08080000-0x0809ffff]
Dec  2 18:38:30 ubuntu kernel: [    0.000000] ITS@0x0000000008080000: allocated 8192 Devices @53ca00000 (indirect, esz 8, psz 64K, shr 1)
Dec  2 18:38:30 ubuntu kernel: [    0.000000] ITS@0x0000000008080000: allocated 8192 Interrupt Collections @53ca10000 (flat, esz 8, psz 64K, shr 1)
Dec  2 18:38:30 ubuntu kernel: [    0.000000] GICv3: using LPI property table @0x000000053ca20000
Dec  2 18:38:30 ubuntu kernel: [    0.000000] GICv3: CPU0: using allocated LPI pending table @0x000000053ca30000
Dec  2 18:38:30 ubuntu kernel: [    0.000000] arch_timer: cp15 timer(s) running at 100.00MHz (virt).
Dec  2 18:38:30 ubuntu kernel: [    0.000000] clocksource: arch_sys_counter: mask: 0xffffffffffffff max_cycles: 0x171024e7e0, max_idle_ns: 440795205315 ns
Dec  2 18:38:30 ubuntu kernel: [    0.000001] sched_clock: 56 bits at 100MHz, resolution 10ns, wraps every 4398046511100ns
Dec  2 18:38:30 ubuntu kernel: [    0.000055] Console: colour dummy device 80x25
Dec  2 18:38:30 ubuntu kernel: [    0.000081] ACPI: Core revision 20200326
Dec  2 18:38:30 ubuntu kernel: [    0.000131] Calibrating delay loop (skipped), value calculated using timer frequency.. 200.00 BogoMIPS (lpj=400000)
Dec  2 18:38:30 ubuntu kernel: [    0.000134] pid_max: default: 32768 minimum: 301
Dec  2 18:38:30 ubuntu kernel: [    0.000167] LSM: Security Framework initializing
Dec  2 18:38:30 ubuntu kernel: [    0.000172] Yama: becoming mindful.
Dec  2 18:38:30 ubuntu kernel: [    0.000196] AppArmor: AppArmor initialized
Dec  2 18:38:30 ubuntu kernel: [    0.000257] Mount-cache hash table entries: 65536 (order: 7, 524288 bytes, linear)
Dec  2 18:38:30 ubuntu kernel: [    0.000287] Mountpoint-cache hash table entries: 65536 (order: 7, 524288 bytes, linear)
Dec  2 18:38:30 ubuntu kernel: [    0.000655] ACPI PPTT: No PPTT table found, CPU and cache topology may be inaccurate
Dec  2 18:38:30 ubuntu kernel: [    0.000814] rcu: Hierarchical SRCU implementation.
Dec  2 18:38:30 ubuntu kernel: [    0.001262] Platform MSI: ITS@0x8080000 domain created
Dec  2 18:38:30 ubuntu kernel: [    0.001267] PCI/MSI: ITS@0x8080000 domain created
Dec  2 18:38:30 ubuntu kernel: [    0.001276] Remapping and enabling EFI services.
Dec  2 18:38:30 ubuntu kernel: [    0.002152] smp: Bringing up secondary CPUs ...
Dec  2 18:38:30 ubuntu systemd[1]: Reached target Local File Systems.
Dec  2 18:38:30 ubuntu kernel: [    0.092306] Detected VIPT I-cache on CPU1
Dec  2 18:38:30 ubuntu systemd[1]: Starting Tell Plymouth To Write Out Runtime Data...
Dec  2 18:38:30 ubuntu kernel: [    0.092323] GICv3: CPU1: found redistributor 1 region 0:0x00000000080c0000
Dec  2 18:38:30 ubuntu kernel: [    0.092556] GICv3: CPU1: using allocated LPI pending table @0x000000053ca40000
Dec  2 18:38:30 ubuntu kernel: [    0.092584] CPU1: Booted secondary processor 0x0000000001 [0x481fd010]
Dec  2 18:38:30 ubuntu kernel: [    0.327392] Detected VIPT I-cache on CPU2
Dec  2 18:38:30 ubuntu kernel: [    0.327418] GICv3: CPU2: found redistributor 2 region 0:0x00000000080e0000
Dec  2 18:38:30 ubuntu systemd[1]: Starting ebtables ruleset management...
Dec  2 18:38:30 ubuntu systemd[1]: Starting AppArmor initialization...
Dec  2 18:38:30 ubuntu systemd[1]: Starting Set console font and keymap...
Dec  2 18:38:30 ubuntu systemd[1]: Starting Create Volatile Files and Directories...
Dec  2 18:38:30 ubuntu systemd[1]: Started Tell Plymouth To Write Out Runtime Data.
Dec  2 18:38:30 ubuntu systemd[1]: Started Set console font and keymap.
Dec  2 18:38:30 ubuntu systemd[1]: Started Create Volatile Files and Directories.
Dec  2 18:38:30 ubuntu systemd[1]: Starting Network Time Synchronization...
Dec  2 18:38:30 ubuntu systemd[1]: Starting Update UTMP about System Boot/Shutdown...
Dec  2 18:38:30 ubuntu apparmor[1038]:  * Starting AppArmor profiles
Dec  2 18:38:30 ubuntu systemd[1]: Started ebtables ruleset management.
Dec  2 18:38:30 ubuntu systemd[1]: Reached target Network (Pre).
Dec  2 18:38:30 ubuntu systemd[1]: Starting Network Service...
Dec  2 18:38:30 ubuntu kernel: [    0.327709] GICv3: CPU2: using allocated LPI pending table @0x000000053ca50000
Dec  2 18:38:30 ubuntu kernel: [    0.327750] CPU2: Booted secondary processor 0x0000000002 [0x481fd010]
Dec  2 18:38:30 ubuntu kernel: [    0.563498] Detected VIPT I-cache on CPU3
Dec  2 18:38:30 ubuntu systemd[1]: Started Update UTMP about System Boot/Shutdown.
Dec  2 18:38:30 ubuntu kernel: [    0.563519] GICv3: CPU3: found redistributor 3 region 0:0x0000000008100000
Dec  2 18:38:30 ubuntu kernel: [    0.563783] GICv3: CPU3: using allocated LPI pending table @0x000000053ca60000
Dec  2 18:38:30 ubuntu kernel: [    0.563819] CPU3: Booted secondary processor 0x0000000003 [0x481fd010]
Dec  2 18:38:30 ubuntu systemd[1]: Started Network Time Synchronization.
Dec  2 18:38:30 ubuntu kernel: [    0.654880] Detected VIPT I-cache on CPU4
Dec  2 18:38:30 ubuntu kernel: [    0.654924] GICv3: CPU4: found redistributor 4 region 0:0x0000000008120000
Dec  2 18:38:30 ubuntu systemd-networkd[1061]: Enumeration completed
Dec  2 18:38:30 ubuntu systemd-timesyncd[1053]: No network connectivity, watching for changes.
Dec  2 18:38:30 ubuntu systemd[1]: Started Network Service.
Dec  2 18:38:30 ubuntu kernel: [    0.655249] GICv3: CPU4: using allocated LPI pending table @0x000000053ca70000
Dec  2 18:38:30 ubuntu systemd-networkd[1061]: lo: Link is not managed by us
Dec  2 18:38:30 ubuntu kernel: [    0.655300] CPU4: Booted secondary processor 0x0000000004 [0x481fd010]
Dec  2 18:38:30 ubuntu systemd[1]: Starting Wait for Network to be Configured...
Dec  2 18:38:30 ubuntu kernel: [    0.746791] Detected VIPT I-cache on CPU5
Dec  2 18:38:30 ubuntu systemd[1]: Starting Network Name Resolution...
Dec  2 18:38:30 ubuntu kernel: [    0.746813] GICv3: CPU5: found redistributor 5 region 0:0x0000000008140000
Dec  2 18:38:30 ubuntu kernel: [    0.747019] GICv3: CPU5: using allocated LPI pending table @0x000000053ca80000
Dec  2 18:38:30 ubuntu kernel: [    0.747050] CPU5: Booted secondary processor 0x0000000005 [0x481fd010]
Dec  2 18:38:30 ubuntu kernel: [    0.984240] Detected VIPT I-cache on CPU6
Dec  2 18:38:30 ubuntu kernel: [    0.984266] GICv3: CPU6: found redistributor 6 region 0:0x0000000008160000
Dec  2 18:38:30 ubuntu kernel: [    0.984521] GICv3: CPU6: using allocated LPI pending table @0x000000053ca90000
Dec  2 18:38:30 ubuntu kernel: [    0.984558] CPU6: Booted secondary processor 0x0000000006 [0x481fd010]
Dec  2 18:38:30 ubuntu kernel: [    1.223031] Detected VIPT I-cache on CPU7
Dec  2 18:38:30 ubuntu kernel: [    1.223052] GICv3: CPU7: found redistributor 7 region 0:0x0000000008180000
Dec  2 18:38:30 ubuntu kernel: [    1.223291] GICv3: CPU7: using allocated LPI pending table @0x000000053caa0000
Dec  2 18:38:30 ubuntu kernel: [    1.223320] CPU7: Booted secondary processor 0x0000000007 [0x481fd010]
Dec  2 18:38:30 ubuntu kernel: [    1.460528] Detected VIPT I-cache on CPU8
Dec  2 18:38:30 ubuntu systemd[1]: Reached target System Time Synchronized.
Dec  2 18:38:30 ubuntu kernel: [    1.460554] GICv3: CPU8: found redistributor 8 region 0:0x00000000081a0000
Dec  2 18:38:30 ubuntu kernel: [    1.461081] GICv3: CPU8: using allocated LPI pending table @0x000000053cab0000
Dec  2 18:38:30 ubuntu kernel: [    1.461116] CPU8: Booted secondary processor 0x0000000008 [0x481fd010]
Dec  2 18:38:30 ubuntu apparmor[1038]: Skipping profile in /etc/apparmor.d/disable: usr.sbin.rsyslogd
Dec  2 18:38:30 ubuntu kernel: [    1.701378] Detected VIPT I-cache on CPU9
Dec  2 18:38:30 ubuntu systemd-networkd[1061]: enp1s0: Gained carrier
Dec  2 18:38:30 ubuntu kernel: [    1.701405] GICv3: CPU9: found redistributor 9 region 0:0x00000000081c0000
Dec  2 18:38:30 ubuntu kernel: [    1.701625] GICv3: CPU9: using allocated LPI pending table @0x000000053cac0000
Dec  2 18:38:30 ubuntu systemd-timesyncd[1053]: Network configuration changed, trying to establish connection.
Dec  2 18:38:30 ubuntu kernel: [    1.701654] CPU9: Booted secondary processor 0x0000000009 [0x481fd010]
Dec  2 18:38:30 ubuntu systemd-resolved[1098]: Positive Trust Anchors:
Dec  2 18:38:30 ubuntu kernel: [    1.793427] Detected VIPT I-cache on CPU10
Dec  2 18:38:30 ubuntu kernel: [    1.793457] GICv3: CPU10: found redistributor a region 0:0x00000000081e0000
Dec  2 18:38:30 ubuntu kernel: [    1.793651] GICv3: CPU10: using allocated LPI pending table @0x000000053cad0000
Dec  2 18:38:30 ubuntu systemd-resolved[1098]: . IN DS 19036 8 2 49aac11d7b6f6446702e54a1607371607a1a41855200fd2ce1cdde32f24e8fb5
Dec  2 18:38:30 ubuntu kernel: [    1.793683] CPU10: Booted secondary processor 0x000000000a [0x481fd010]
Dec  2 18:38:30 ubuntu systemd-resolved[1098]: . IN DS 20326 8 2 e06d44b80b8f1d39a95c0b0d7c65d08458e880409bbc683457104237c7f8ec8d
Dec  2 18:38:30 ubuntu kernel: [    2.033105] Detected VIPT I-cache on CPU11
Dec  2 18:38:30 ubuntu kernel: [    2.033137] GICv3: CPU11: found redistributor b region 0:0x0000000008200000
Dec  2 18:38:30 ubuntu kernel: [    2.033368] GICv3: CPU11: using allocated LPI pending table @0x000000053cae0000
Dec  2 18:38:30 ubuntu systemd-resolved[1098]: Negative trust anchors: 10.in-addr.arpa 16.172.in-addr.arpa 17.172.in-addr.arpa 18.172.in-addr.arpa 19.172.in-addr.arpa 20.172.in-addr.arpa 21.172.in-addr.arpa 22.172.in-addr.arpa 23.172.in-addr.arpa 24.172.in-addr.arpa 25.172.in-addr.arpa 26.172.in-addr.arpa 27.172.in-addr.arpa 28.172.in-addr.arpa 29.172.in-addr.arpa 30.172.in-addr.arpa 31.172.in-addr.arpa 168.192.in-addr.arpa d.f.ip6.arpa corp home internal intranet lan local private test
Dec  2 18:38:30 ubuntu kernel: [    2.033404] CPU11: Booted secondary processor 0x000000000b [0x481fd010]
Dec  2 18:38:30 ubuntu systemd-resolved[1098]: Using system hostname 'ubuntu'.
Dec  2 18:38:30 ubuntu systemd[1]: Started Network Name Resolution.
Dec  2 18:38:30 ubuntu kernel: [    2.275429] Detected VIPT I-cache on CPU12
Dec  2 18:38:30 ubuntu systemd[1]: Reached target Host and Network Name Lookups.
Dec  2 18:38:30 ubuntu kernel: [    2.275463] GICv3: CPU12: found redistributor c region 0:0x0000000008220000
Dec  2 18:38:30 ubuntu kernel: [    2.275665] GICv3: CPU12: using allocated LPI pending table @0x000000053caf0000
Dec  2 18:38:30 ubuntu systemd[1]: Reached target Network.
Dec  2 18:38:30 ubuntu kernel: [    2.275698] CPU12: Booted secondary processor 0x000000000c [0x481fd010]
Dec  2 18:38:30 ubuntu apparmor[1038]:    ...done.
Dec  2 18:38:30 ubuntu kernel: [    2.368276] Detected VIPT I-cache on CPU13
Dec  2 18:38:30 ubuntu kernel: [    2.368350] GICv3: CPU13: found redistributor d region 0:0x0000000008240000
Dec  2 18:38:30 ubuntu kernel: [    2.368703] GICv3: CPU13: using allocated LPI pending table @0x000000053cb00000
Dec  2 18:38:30 ubuntu systemd[1]: Started AppArmor initialization.
Dec  2 18:38:30 ubuntu kernel: [    2.368761] CPU13: Booted secondary processor 0x000000000d [0x481fd010]
Dec  2 18:38:30 ubuntu systemd[1]: Reached target System Initialization.
Dec  2 18:38:30 ubuntu kernel: [    2.610836] Detected VIPT I-cache on CPU14
Dec  2 18:38:30 ubuntu kernel: [    2.610871] GICv3: CPU14: found redistributor e region 0:0x0000000008260000
Dec  2 18:38:30 ubuntu kernel: [    2.611082] GICv3: CPU14: using allocated LPI pending table @0x000000053cb10000
Dec  2 18:38:30 ubuntu systemd[1]: Starting LXD - unix socket.
Dec  2 18:38:30 ubuntu systemd[1]: Started Message of the Day.
Dec  2 18:38:30 ubuntu systemd[1]: Started Daily Cleanup of Temporary Directories.
Dec  2 18:38:30 ubuntu kernel: [    2.611114] CPU14: Booted secondary processor 0x000000000e [0x481fd010]
Dec  2 18:38:30 ubuntu systemd[1]: Starting Socket activation for snappy daemon.
Dec  2 18:38:30 ubuntu kernel: [    2.703646] Detected VIPT I-cache on CPU15
Dec  2 18:38:30 ubuntu kernel: [    2.703689] GICv3: CPU15: found redistributor f region 0:0x0000000008280000
Dec  2 18:38:30 ubuntu kernel: [    2.703890] GICv3: CPU15: using allocated LPI pending table @0x000000053cb20000
Dec  2 18:38:30 ubuntu kernel: [    2.703919] CPU15: Booted secondary processor 0x000000000f [0x481fd010]
Dec  2 18:38:30 ubuntu kernel: [    2.796479] Detected VIPT I-cache on CPU16
Dec  2 18:38:30 ubuntu kernel: [    2.796521] GICv3: CPU16: found redistributor 100 region 0:0x00000000082a0000
Dec  2 18:38:30 ubuntu kernel: [    2.796737] GICv3: CPU16: using allocated LPI pending table @0x000000053cb30000
Dec  2 18:38:30 ubuntu kernel: [    2.796763] CPU16: Booted secondary processor 0x0000000100 [0x481fd010]
Dec  2 18:38:30 ubuntu kernel: [    3.040207] Detected VIPT I-cache on CPU17
Dec  2 18:38:30 ubuntu kernel: [    3.040250] GICv3: CPU17: found redistributor 101 region 0:0x00000000082c0000
Dec  2 18:38:30 ubuntu kernel: [    3.040756] GICv3: CPU17: using allocated LPI pending table @0x000000053cb40000
Dec  2 18:38:30 ubuntu systemd[1]: Started Daily apt download activities.
Dec  2 18:38:30 ubuntu kernel: [    3.040795] CPU17: Booted secondary processor 0x0000000101 [0x481fd010]
Dec  2 18:38:30 ubuntu kernel: [    3.284873] Detected VIPT I-cache on CPU18
Dec  2 18:38:30 ubuntu kernel: [    3.284919] GICv3: CPU18: found redistributor 102 region 0:0x00000000082e0000
Dec  2 18:38:30 ubuntu kernel: [    3.285105] GICv3: CPU18: using allocated LPI pending table @0x000000053cb50000
Dec  2 18:38:30 ubuntu systemd[1]: Started Daily apt upgrade and clean activities.
Dec  2 18:38:30 ubuntu kernel: [    3.285137] CPU18: Booted secondary processor 0x0000000102 [0x481fd010]
Dec  2 18:38:30 ubuntu kernel: [    3.378162] Detected VIPT I-cache on CPU19
Dec  2 18:38:30 ubuntu kernel: [    3.378263] GICv3: CPU19: found redistributor 103 region 0:0x0000000008300000
Dec  2 18:38:30 ubuntu kernel: [    3.378622] GICv3: CPU19: using allocated LPI pending table @0x000000053cb60000
Dec  2 18:38:30 ubuntu kernel: [    3.378691] CPU19: Booted secondary processor 0x0000000103 [0x481fd010]
Dec  2 18:38:30 ubuntu kernel: [    3.478543] Detected VIPT I-cache on CPU20
Dec  2 18:38:30 ubuntu kernel: [    3.478599] GICv3: CPU20: found redistributor 104 region 0:0x0000000008320000
Dec  2 18:38:30 ubuntu kernel: [    3.478774] GICv3: CPU20: using allocated LPI pending table @0x000000053cb70000
Dec  2 18:38:30 ubuntu kernel: [    3.478804] CPU20: Booted secondary processor 0x0000000104 [0x481fd010]
Dec  2 18:38:30 ubuntu kernel: [    3.571681] Detected VIPT I-cache on CPU21
Dec  2 18:38:30 ubuntu systemd[1]: Started Discard unused blocks once a week.
Dec  2 18:38:30 ubuntu kernel: [    3.571728] GICv3: CPU21: found redistributor 105 region 0:0x0000000008340000
Dec  2 18:38:30 ubuntu systemd[1]: Reached target Timers.
Dec  2 18:38:30 ubuntu kernel: [    3.572160] GICv3: CPU21: using allocated LPI pending table @0x000000053cb80000
Dec  2 18:38:30 ubuntu systemd[1]: Listening on ACPID Listen Socket.
Dec  2 18:38:30 ubuntu kernel: [    3.572187] CPU21: Booted secondary processor 0x0000000105 [0x481fd010]
Dec  2 18:38:30 ubuntu systemd[1]: Listening on UUID daemon activation socket.
Dec  2 18:38:30 ubuntu systemd[1]: Listening on D-Bus System Message Bus Socket.
Dec  2 18:38:30 ubuntu kernel: [    3.817554] Detected VIPT I-cache on CPU22
Dec  2 18:38:30 ubuntu kernel: [    3.817609] GICv3: CPU22: found redistributor 106 region 0:0x0000000008360000
Dec  2 18:38:30 ubuntu systemd[1]: Listening on Open-iSCSI iscsid Socket.
Dec  2 18:38:30 ubuntu systemd[1]: Started ACPI Events Check.
Dec  2 18:38:30 ubuntu kernel: [    3.817841] GICv3: CPU22: using allocated LPI pending table @0x000000053cb90000
Dec  2 18:38:30 ubuntu kernel: [    3.817880] CPU22: Booted secondary processor 0x0000000106 [0x481fd010]
Dec  2 18:38:30 ubuntu systemd[1]: Reached target Paths.
Dec  2 18:38:30 ubuntu systemd[1]: Listening on LXD - unix socket.
Dec  2 18:38:30 ubuntu systemd[1]: Listening on Socket activation for snappy daemon.
Dec  2 18:38:30 ubuntu kernel: [    4.066803] Detected VIPT I-cache on CPU23
Dec  2 18:38:30 ubuntu kernel: [    4.066858] GICv3: CPU23: found redistributor 107 region 0:0x0000000008380000
Dec  2 18:38:30 ubuntu systemd[1]: Reached target Sockets.
Dec  2 18:38:30 ubuntu kernel: [    4.067020] GICv3: CPU23: using allocated LPI pending table @0x000000053cba0000
Dec  2 18:38:30 ubuntu kernel: [    4.067052] CPU23: Booted secondary processor 0x0000000107 [0x481fd010]
Dec  2 18:38:30 ubuntu systemd[1]: Reached target Basic System.
Dec  2 18:38:30 ubuntu kernel: [    4.312224] Detected VIPT I-cache on CPU24
Dec  2 18:38:30 ubuntu kernel: [    4.312274] GICv3: CPU24: found redistributor 108 region 0:0x00000000083a0000
Dec  2 18:38:30 ubuntu kernel: [    4.312669] GICv3: CPU24: using allocated LPI pending table @0x000000053cbb0000
Dec  2 18:38:30 ubuntu kernel: [    4.312701] CPU24: Booted secondary processor 0x0000000108 [0x481fd010]
Dec  2 18:38:30 ubuntu kernel: [    4.406261] Detected VIPT I-cache on CPU25
Dec  2 18:38:30 ubuntu kernel: [    4.406321] GICv3: CPU25: found redistributor 109 region 0:0x00000000083c0000
Dec  2 18:38:30 ubuntu kernel: [    4.406514] GICv3: CPU25: using allocated LPI pending table @0x000000053cbc0000
Dec  2 18:38:30 ubuntu kernel: [    4.406548] CPU25: Booted secondary processor 0x0000000109 [0x481fd010]
Dec  2 18:38:30 ubuntu kernel: [    4.656318] Detected VIPT I-cache on CPU26
Dec  2 18:38:30 ubuntu systemd[1]: Starting System Logging Service...
Dec  2 18:38:30 ubuntu kernel: [    4.656407] GICv3: CPU26: found redistributor 10a region 0:0x00000000083e0000
Dec  2 18:38:30 ubuntu systemd[1]: Starting Accounts Service...
Dec  2 18:38:30 ubuntu kernel: [    4.656636] GICv3: CPU26: using allocated LPI pending table @0x000000053cbd0000
Dec  2 18:38:30 ubuntu kernel: [    4.656672] CPU26: Booted secondary processor 0x000000010a [0x481fd010]
Dec  2 18:38:30 ubuntu kernel: [    4.750797] Detected VIPT I-cache on CPU27
Dec  2 18:38:30 ubuntu systemd[1]: Started D-Bus System Message Bus.
Dec  2 18:38:30 ubuntu kernel: [    4.750925] GICv3: CPU27: found redistributor 10b region 0:0x0000000008400000
Dec  2 18:38:30 ubuntu rsyslogd: imuxsock: Acquired UNIX socket '/run/systemd/journal/syslog' (fd 3) from systemd.  [v8.32.0]
Dec  2 18:38:30 ubuntu kernel: [    4.751482] GICv3: CPU27: using allocated LPI pending table @0x000000053cbe0000
Dec  2 18:38:30 ubuntu kernel: [    4.751541] CPU27: Booted secondary processor 0x000000010b [0x481fd010]
Dec  2 18:38:30 ubuntu kernel: [    4.997946] Detected VIPT I-cache on CPU28
Dec  2 18:38:30 ubuntu rsyslogd: rsyslogd's groupid changed to 106
Dec  2 18:38:30 ubuntu kernel: [    4.998002] GICv3: CPU28: found redistributor 10c region 0:0x0000000008420000
Dec  2 18:38:30 ubuntu rsyslogd: rsyslogd's userid changed to 102
Dec  2 18:38:30 ubuntu kernel: [    4.998180] GICv3: CPU28: using allocated LPI pending table @0x000000053cbf0000
Dec  2 18:38:30 ubuntu rsyslogd:  [origin software="rsyslogd" swVersion="8.32.0" x-pid="1128" x-info="http://www.rsyslog.com"] start
Dec  2 18:38:30 ubuntu kernel: [    4.998204] CPU28: Booted secondary processor 0x000000010c [0x481fd010]
Dec  2 18:38:30 ubuntu kernel: [    5.169595] Detected VIPT I-cache on CPU29
Dec  2 18:38:30 ubuntu kernel: [    5.169660] GICv3: CPU29: found redistributor 10d region 0:0x0000000008440000
Dec  2 18:38:30 ubuntu kernel: [    5.169856] GICv3: CPU29: using allocated LPI pending table @0x000000051f800000
Dec  2 18:38:30 ubuntu kernel: [    5.169894] CPU29: Booted secondary processor 0x000000010d [0x481fd010]
Dec  2 18:38:30 ubuntu kernel: [    5.417192] Detected VIPT I-cache on CPU30
Dec  2 18:38:30 ubuntu kernel: [    5.417252] GICv3: CPU30: found redistributor 10e region 0:0x0000000008460000
Dec  2 18:38:30 ubuntu kernel: [    5.417447] GICv3: CPU30: using allocated LPI pending table @0x000000051f810000
Dec  2 18:38:30 ubuntu kernel: [    5.417478] CPU30: Booted secondary processor 0x000000010e [0x481fd010]
Dec  2 18:38:30 ubuntu kernel: [    5.511565] Detected VIPT I-cache on CPU31
Dec  2 18:38:30 ubuntu kernel: [    5.511724] GICv3: CPU31: found redistributor 10f region 0:0x0000000008480000
Dec  2 18:38:30 ubuntu kernel: [    5.512041] GICv3: CPU31: using allocated LPI pending table @0x000000051f820000
Dec  2 18:38:30 ubuntu kernel: [    5.512111] CPU31: Booted secondary processor 0x000000010f [0x481fd010]
Dec  2 18:38:30 ubuntu kernel: [    5.512315] smp: Brought up 1 node, 32 CPUs
Dec  2 18:38:30 ubuntu kernel: [    5.512446] SMP: Total of 32 processors activated.
Dec  2 18:38:30 ubuntu kernel: [    5.512451] CPU features: detected: Privileged Access Never
Dec  2 18:38:30 ubuntu kernel: [    5.512454] CPU features: detected: LSE atomic instructions
Dec  2 18:38:30 ubuntu kernel: [    5.512456] CPU features: detected: User Access Override
Dec  2 18:38:30 ubuntu kernel: [    5.512460] CPU features: detected: Common not Private translations
Dec  2 18:38:30 ubuntu kernel: [    5.512463] CPU features: detected: Data cache clean to Point of Persistence
Dec  2 18:38:30 ubuntu kernel: [    5.512465] CPU features: detected: RAS Extension Support
Dec  2 18:38:30 ubuntu kernel: [    5.512469] CPU features: detected: CRC32 instructions
Dec  2 18:38:30 ubuntu kernel: [    5.627067] CPU: All CPU(s) started at EL1
Dec  2 18:38:30 ubuntu kernel: [    5.627332] alternatives: patching kernel code
Dec  2 18:38:30 ubuntu kernel: [    5.630261] devtmpfs: initialized
Dec  2 18:38:30 ubuntu kernel: [    5.631167] Registered cp15_barrier emulation handler
Dec  2 18:38:30 ubuntu kernel: [    5.631296] Registered setend emulation handler
Dec  2 18:38:30 ubuntu kernel: [    5.631299] KASLR disabled due to lack of seed
Dec  2 18:38:30 ubuntu kernel: [    5.631863] clocksource: jiffies: mask: 0xffffffff max_cycles: 0xffffffff, max_idle_ns: 7645041785100000 ns
Dec  2 18:38:30 ubuntu kernel: [    5.632157] futex hash table entries: 8192 (order: 7, 524288 bytes, linear)
Dec  2 18:38:30 ubuntu kernel: [    5.632856] pinctrl core: initialized pinctrl subsystem
Dec  2 18:38:30 ubuntu kernel: [    5.633027] thermal_sys: Registered thermal governor 'fair_share'
Dec  2 18:38:30 ubuntu kernel: [    5.633027] thermal_sys: Registered thermal governor 'bang_bang'
Dec  2 18:38:30 ubuntu kernel: [    5.633029] thermal_sys: Registered thermal governor 'step_wise'
Dec  2 18:38:30 ubuntu kernel: [    5.633030] thermal_sys: Registered thermal governor 'user_space'
Dec  2 18:38:30 ubuntu kernel: [    5.633076] SMBIOS 3.0.0 present.
Dec  2 18:38:30 ubuntu kernel: [    5.633080] DMI: QEMU KVM Virtual Machine, BIOS 0.0.0 02/06/2015
Dec  2 18:38:30 ubuntu kernel: [    5.633561] NET: Registered protocol family 16
Dec  2 18:38:30 ubuntu kernel: [    5.636062] DMA: preallocated 256 KiB pool for atomic allocations
Dec  2 18:38:30 ubuntu kernel: [    5.636067] audit: initializing netlink subsys (disabled)
Dec  2 18:38:30 ubuntu kernel: [    5.636208] audit: type=2000 audit(5.596:1): state=initialized audit_enabled=0 res=1
Dec  2 18:38:30 ubuntu kernel: [    5.636433] cpuidle: using governor ladder
Dec  2 18:38:30 ubuntu kernel: [    5.636444] cpuidle: using governor menu
Dec  2 18:38:30 ubuntu kernel: [    5.636493] hw-breakpoint: found 6 breakpoint and 4 watchpoint registers.
Dec  2 18:38:30 ubuntu kernel: [    5.638297] ASID allocator initialised with 65536 entries
Dec  2 18:38:30 ubuntu kernel: [    5.638369] ACPI: bus type PCI registered
Dec  2 18:38:30 ubuntu kernel: [    5.638371] acpiphp: ACPI Hot Plug PCI Controller Driver version: 0.5
Dec  2 18:38:30 ubuntu kernel: [    5.638438] Serial: AMBA PL011 UART driver
Dec  2 18:38:30 ubuntu kernel: [    5.641757] HugeTLB registered 1.00 GiB page size, pre-allocated 0 pages
Dec  2 18:38:30 ubuntu kernel: [    5.641759] HugeTLB registered 32.0 MiB page size, pre-allocated 0 pages
Dec  2 18:38:30 ubuntu kernel: [    5.641761] HugeTLB registered 2.00 MiB page size, pre-allocated 0 pages
Dec  2 18:38:30 ubuntu kernel: [    5.641762] HugeTLB registered 64.0 KiB page size, pre-allocated 0 pages
Dec  2 18:38:30 ubuntu kernel: [    5.650823] ACPI: Added _OSI(Module Device)
Dec  2 18:38:30 ubuntu kernel: [    5.650826] ACPI: Added _OSI(Processor Device)
Dec  2 18:38:30 ubuntu kernel: [    5.650827] ACPI: Added _OSI(3.0 _SCP Extensions)
Dec  2 18:38:30 ubuntu kernel: [    5.650828] ACPI: Added _OSI(Processor Aggregator Device)
Dec  2 18:38:30 ubuntu kernel: [    5.650830] ACPI: Added _OSI(Linux-Dell-Video)
Dec  2 18:38:30 ubuntu kernel: [    5.650831] ACPI: Added _OSI(Linux-Lenovo-NV-HDMI-Audio)
Dec  2 18:38:30 ubuntu kernel: [    5.650833] ACPI: Added _OSI(Linux-HPI-Hybrid-Graphics)
Dec  2 18:38:30 ubuntu kernel: [    5.651478] ACPI: 1 ACPI AML tables successfully acquired and loaded
Dec  2 18:38:30 ubuntu kernel: [    5.651947] ACPI: Interpreter enabled
Dec  2 18:38:30 ubuntu kernel: [    5.651948] ACPI: Using GIC for interrupt routing
Dec  2 18:38:30 ubuntu kernel: [    5.651959] ACPI: MCFG table detected, 1 entries
Dec  2 18:38:30 ubuntu kernel: [    5.656726] ARMH0011:00: ttyAMA0 at MMIO 0x9000000 (irq = 4, base_baud = 0) is a SBSA
Dec  2 18:38:30 ubuntu kernel: [    5.814082] printk: console [ttyAMA0] enabled
Dec  2 18:38:30 ubuntu kernel: [    5.816198] ACPI: PCI Root Bridge [PCI0] (domain 0000 [bus 00-0f])
Dec  2 18:38:30 ubuntu kernel: [    5.816837] acpi PNP0A08:00: _OSC: OS supports [ExtendedConfig ASPM ClockPM Segments MSI HPX-Type3]
Dec  2 18:38:30 ubuntu kernel: [    5.817851] acpi PNP0A08:00: _OSC: platform does not support [SHPCHotplug LTR]
Dec  2 18:38:30 ubuntu kernel: [    5.818664] acpi PNP0A08:00: _OSC: OS now controls [PCIeHotplug PME AER PCIeCapability]
Dec  2 18:38:30 ubuntu kernel: [    5.819732] acpi PNP0A08:00: ECAM area [mem 0x3f000000-0x3fffffff] reserved by PNP0C02:00
Dec  2 18:38:30 ubuntu kernel: [    5.820589] acpi PNP0A08:00: ECAM at [mem 0x3f000000-0x3fffffff] for [bus 00-0f]
Dec  2 18:38:30 ubuntu kernel: [    5.821311] Remapped I/O 0x000000003eff0000 to [io  0x0000-0xffff window]
Dec  2 18:38:30 ubuntu kernel: [    5.822072] PCI host bridge to bus 0000:00
Dec  2 18:38:30 ubuntu kernel: [    5.822476] pci_bus 0000:00: root bus resource [mem 0x10000000-0x3efeffff window]
Dec  2 18:38:30 ubuntu kernel: [    5.823179] pci_bus 0000:00: root bus resource [io  0x0000-0xffff window]
Dec  2 18:38:30 ubuntu kernel: [    5.823873] pci_bus 0000:00: root bus resource [mem 0x8000000000-0xffffffffff window]
Dec  2 18:38:30 ubuntu kernel: [    5.824656] pci_bus 0000:00: root bus resource [bus 00-0f]
Dec  2 18:38:30 ubuntu kernel: [    5.825218] pci 0000:00:00.0: [1b36:0008] type 00 class 0x060000
Dec  2 18:38:30 ubuntu kernel: [    5.826017] pci 0000:00:01.0: [1b36:000c] type 01 class 0x060400
Dec  2 18:38:30 ubuntu kernel: [    5.828150] pci 0000:00:01.0: reg 0x10: [mem 0x10303000-0x10303fff]
Dec  2 18:38:30 ubuntu kernel: [    5.831288] pci 0000:00:01.1: [1b36:000c] type 01 class 0x060400
Dec  2 18:38:30 ubuntu kernel: [    5.833172] pci 0000:00:01.1: reg 0x10: [mem 0x10302000-0x10302fff]
Dec  2 18:38:30 ubuntu kernel: [    5.836329] pci 0000:00:01.2: [1b36:000c] type 01 class 0x060400
Dec  2 18:38:30 ubuntu kernel: [    5.840104] pci 0000:00:01.2: reg 0x10: [mem 0x10301000-0x10301fff]
Dec  2 18:38:30 ubuntu kernel: [    5.843716] pci 0000:00:01.3: [1b36:000c] type 01 class 0x060400
Dec  2 18:38:30 ubuntu kernel: [    5.845954] pci 0000:00:01.3: reg 0x10: [mem 0x10300000-0x10300fff]
Dec  2 18:38:30 ubuntu kernel: [    5.851470] pci 0000:01:00.0: [1af4:1041] type 00 class 0x020000
Dec  2 18:38:30 ubuntu kernel: [    5.853358] pci 0000:01:00.0: reg 0x14: [mem 0x10200000-0x10200fff]
Dec  2 18:38:30 ubuntu kernel: [    5.855751] pci 0000:01:00.0: reg 0x20: [mem 0x8000000000-0x8000003fff 64bit pref]
Dec  2 18:38:30 ubuntu kernel: [    5.857340] pci 0000:01:00.0: reg 0x30: [mem 0xfff80000-0xffffffff pref]
Dec  2 18:38:30 ubuntu kernel: [    5.859396] pci 0000:02:00.0: [1b36:000d] type 00 class 0x0c0330
Dec  2 18:38:30 ubuntu kernel: [    5.860148] pci 0000:02:00.0: reg 0x10: [mem 0x10100000-0x10103fff 64bit]
Dec  2 18:38:30 ubuntu kernel: [    5.863511] pci 0000:03:00.0: [1af4:1048] type 00 class 0x010000
Dec  2 18:38:30 ubuntu kernel: [    5.865676] pci 0000:03:00.0: reg 0x14: [mem 0x10000000-0x10000fff]
Dec  2 18:38:30 ubuntu kernel: [    5.868600] pci 0000:03:00.0: reg 0x20: [mem 0x8000100000-0x8000103fff 64bit pref]
Dec  2 18:38:30 ubuntu kernel: [    5.875120] pci 0000:00:01.0: bridge window [io  0x1000-0x0fff] to [bus 01] add_size 1000
Dec  2 18:38:30 ubuntu kernel: [    5.875924] pci 0000:00:01.0: bridge window [mem 0x00100000-0x001fffff 64bit pref] to [bus 01] add_size 100000 add_align 100000
Dec  2 18:38:30 ubuntu kernel: [    5.877074] pci 0000:00:01.0: bridge window [mem 0x00100000-0x001fffff] to [bus 01] add_size 100000 add_align 100000
Dec  2 18:38:30 ubuntu kernel: [    5.878042] pci 0000:00:01.1: bridge window [io  0x1000-0x0fff] to [bus 02] add_size 1000
Dec  2 18:38:30 ubuntu kernel: [    5.878979] pci 0000:00:01.1: bridge window [mem 0x00100000-0x000fffff 64bit pref] to [bus 02] add_size 200000 add_align 100000
Dec  2 18:38:30 ubuntu kernel: [    5.880051] pci 0000:00:01.1: bridge window [mem 0x00100000-0x001fffff] to [bus 02] add_size 100000 add_align 100000
Dec  2 18:38:30 ubuntu kernel: [    5.881187] pci 0000:00:01.2: bridge window [io  0x1000-0x0fff] to [bus 03] add_size 1000
Dec  2 18:38:30 ubuntu kernel: [    5.882115] pci 0000:00:01.2: bridge window [mem 0x00100000-0x001fffff 64bit pref] to [bus 03] add_size 100000 add_align 100000
Dec  2 18:38:30 ubuntu kernel: [    5.883491] pci 0000:00:01.2: bridge window [mem 0x00100000-0x001fffff] to [bus 03] add_size 100000 add_align 100000
Dec  2 18:38:30 ubuntu kernel: [    5.884715] pci 0000:00:01.3: bridge window [io  0x1000-0x0fff] to [bus 04] add_size 1000
Dec  2 18:38:30 ubuntu kernel: [    5.885641] pci 0000:00:01.3: bridge window [mem 0x00100000-0x000fffff 64bit pref] to [bus 04] add_size 200000 add_align 100000
Dec  2 18:38:30 ubuntu kernel: [    5.886966] pci 0000:00:01.3: bridge window [mem 0x00100000-0x000fffff] to [bus 04] add_size 200000 add_align 100000
Dec  2 18:38:30 ubuntu kernel: [    5.888199] pci 0000:00:01.0: BAR 14: assigned [mem 0x10000000-0x101fffff]
Dec  2 18:38:30 ubuntu kernel: [    5.889012] pci 0000:00:01.0: BAR 15: assigned [mem 0x8000000000-0x80001fffff 64bit pref]
Dec  2 18:38:30 ubuntu kernel: [    5.889785] pci 0000:00:01.1: BAR 14: assigned [mem 0x10200000-0x103fffff]
Dec  2 18:38:30 ubuntu kernel: [    5.890477] pci 0000:00:01.1: BAR 15: assigned [mem 0x8000200000-0x80003fffff 64bit pref]
Dec  2 18:38:30 ubuntu kernel: [    5.891257] pci 0000:00:01.2: BAR 14: assigned [mem 0x10400000-0x105fffff]
Dec  2 18:38:30 ubuntu kernel: [    5.891922] pci 0000:00:01.2: BAR 15: assigned [mem 0x8000400000-0x80005fffff 64bit pref]
Dec  2 18:38:30 ubuntu kernel: [    5.892778] pci 0000:00:01.3: BAR 14: assigned [mem 0x10600000-0x107fffff]
Dec  2 18:38:30 ubuntu kernel: [    5.893438] pci 0000:00:01.3: BAR 15: assigned [mem 0x8000600000-0x80007fffff 64bit pref]
Dec  2 18:38:30 ubuntu kernel: [    5.894229] pci 0000:00:01.0: BAR 0: assigned [mem 0x10800000-0x10800fff]
Dec  2 18:38:30 ubuntu kernel: [    5.895232] pci 0000:00:01.0: BAR 13: assigned [io  0x1000-0x1fff]
Dec  2 18:38:30 ubuntu kernel: [    5.895819] pci 0000:00:01.1: BAR 0: assigned [mem 0x10801000-0x10801fff]
Dec  2 18:38:30 ubuntu kernel: [    5.896806] pci 0000:00:01.1: BAR 13: assigned [io  0x2000-0x2fff]
Dec  2 18:38:30 ubuntu kernel: [    5.897354] pci 0000:00:01.2: BAR 0: assigned [mem 0x10802000-0x10802fff]
Dec  2 18:38:30 ubuntu kernel: [    5.898316] pci 0000:00:01.2: BAR 13: assigned [io  0x3000-0x3fff]
Dec  2 18:38:30 ubuntu kernel: [    5.898927] pci 0000:00:01.3: BAR 0: assigned [mem 0x10803000-0x10803fff]
Dec  2 18:38:30 ubuntu kernel: [    5.899909] pci 0000:00:01.3: BAR 13: assigned [io  0x4000-0x4fff]
Dec  2 18:38:30 ubuntu kernel: [    5.900537] pci 0000:01:00.0: BAR 6: assigned [mem 0x10000000-0x1007ffff pref]
Dec  2 18:38:30 ubuntu kernel: [    5.901288] pci 0000:01:00.0: BAR 4: assigned [mem 0x8000000000-0x8000003fff 64bit pref]
Dec  2 18:38:30 ubuntu kernel: [    5.902727] pci 0000:01:00.0: BAR 1: assigned [mem 0x10080000-0x10080fff]
Dec  2 18:38:30 ubuntu kernel: [    5.903681] pci 0000:00:01.0: PCI bridge to [bus 01]
Dec  2 18:38:30 ubuntu kernel: [    5.904160] pci 0000:00:01.0:   bridge window [io  0x1000-0x1fff]
Dec  2 18:38:30 ubuntu kernel: [    5.906418] pci 0000:00:01.0:   bridge window [mem 0x10000000-0x101fffff]
Dec  2 18:38:30 ubuntu kernel: [    5.907556] pci 0000:00:01.0:   bridge window [mem 0x8000000000-0x80001fffff 64bit pref]
Dec  2 18:38:30 ubuntu kernel: [    5.909175] pci 0000:02:00.0: BAR 0: assigned [mem 0x10200000-0x10203fff 64bit]
Dec  2 18:38:30 ubuntu kernel: [    5.909977] pci 0000:00:01.1: PCI bridge to [bus 02]
Dec  2 18:38:30 ubuntu kernel: [    5.910507] pci 0000:00:01.1:   bridge window [io  0x2000-0x2fff]
Dec  2 18:38:30 ubuntu kernel: [    5.911730] pci 0000:00:01.1:   bridge window [mem 0x10200000-0x103fffff]
Dec  2 18:38:30 ubuntu kernel: [    5.912835] pci 0000:00:01.1:   bridge window [mem 0x8000200000-0x80003fffff 64bit pref]
Dec  2 18:38:30 ubuntu kernel: [    5.914492] pci 0000:03:00.0: BAR 4: assigned [mem 0x8000400000-0x8000403fff 64bit pref]
Dec  2 18:38:30 ubuntu kernel: [    5.916330] pci 0000:03:00.0: BAR 1: assigned [mem 0x10400000-0x10400fff]
Dec  2 18:38:30 ubuntu kernel: [    5.917320] pci 0000:00:01.2: PCI bridge to [bus 03]
Dec  2 18:38:30 ubuntu kernel: [    5.917789] pci 0000:00:01.2:   bridge window [io  0x3000-0x3fff]
Dec  2 18:38:30 ubuntu kernel: [    5.918964] pci 0000:00:01.2:   bridge window [mem 0x10400000-0x105fffff]
Dec  2 18:38:30 ubuntu kernel: [    5.920024] pci 0000:00:01.2:   bridge window [mem 0x8000400000-0x80005fffff 64bit pref]
Dec  2 18:38:30 ubuntu kernel: [    5.921620] pci 0000:00:01.3: PCI bridge to [bus 04]
Dec  2 18:38:30 ubuntu kernel: [    5.922129] pci 0000:00:01.3:   bridge window [io  0x4000-0x4fff]
Dec  2 18:38:30 ubuntu kernel: [    5.923370] pci 0000:00:01.3:   bridge window [mem 0x10600000-0x107fffff]
Dec  2 18:38:30 ubuntu kernel: [    5.924425] pci 0000:00:01.3:   bridge window [mem 0x8000600000-0x80007fffff 64bit pref]
Dec  2 18:38:30 ubuntu kernel: [    5.926056] pci_bus 0000:00: resource 4 [mem 0x10000000-0x3efeffff window]
Dec  2 18:38:30 ubuntu kernel: [    5.927904] pci_bus 0000:00: resource 5 [io  0x0000-0xffff window]
Dec  2 18:38:30 ubuntu kernel: [    5.928540] pci_bus 0000:00: resource 6 [mem 0x8000000000-0xffffffffff window]
Dec  2 18:38:30 ubuntu kernel: [    5.929293] pci_bus 0000:01: resource 0 [io  0x1000-0x1fff]
Dec  2 18:38:30 ubuntu kernel: [    5.929825] pci_bus 0000:01: resource 1 [mem 0x10000000-0x101fffff]
Dec  2 18:38:30 ubuntu kernel: [    5.930480] pci_bus 0000:01: resource 2 [mem 0x8000000000-0x80001fffff 64bit pref]
Dec  2 18:38:30 ubuntu kernel: [    5.931330] pci_bus 0000:02: resource 0 [io  0x2000-0x2fff]
Dec  2 18:38:30 ubuntu kernel: [    5.931944] pci_bus 0000:02: resource 1 [mem 0x10200000-0x103fffff]
Dec  2 18:38:30 ubuntu kernel: [    5.932640] pci_bus 0000:02: resource 2 [mem 0x8000200000-0x80003fffff 64bit pref]
Dec  2 18:38:30 ubuntu kernel: [    5.933497] pci_bus 0000:03: resource 0 [io  0x3000-0x3fff]
Dec  2 18:38:30 ubuntu kernel: [    5.934100] pci_bus 0000:03: resource 1 [mem 0x10400000-0x105fffff]
Dec  2 18:38:30 ubuntu kernel: [    5.934820] pci_bus 0000:03: resource 2 [mem 0x8000400000-0x80005fffff 64bit pref]
Dec  2 18:38:30 ubuntu kernel: [    5.935659] pci_bus 0000:04: resource 0 [io  0x4000-0x4fff]
Dec  2 18:38:30 ubuntu kernel: [    5.936292] pci_bus 0000:04: resource 1 [mem 0x10600000-0x107fffff]
Dec  2 18:38:30 ubuntu kernel: [    5.937013] pci_bus 0000:04: resource 2 [mem 0x8000600000-0x80007fffff 64bit pref]
Dec  2 18:38:30 ubuntu kernel: [    5.937902] ACPI: PCI Interrupt Link [GSI0] (IRQs *35)
Dec  2 18:38:30 ubuntu kernel: [    5.938474] ACPI: PCI Interrupt Link [GSI1] (IRQs *36)
Dec  2 18:38:30 ubuntu kernel: [    5.938988] ACPI: PCI Interrupt Link [GSI2] (IRQs *37)
Dec  2 18:38:30 ubuntu kernel: [    5.939454] ACPI: PCI Interrupt Link [GSI3] (IRQs *38)
Dec  2 18:38:30 ubuntu kernel: [    5.940849] iommu: Default domain type: Translated 
Dec  2 18:38:30 ubuntu kernel: [    5.941404] vgaarb: loaded
Dec  2 18:38:30 ubuntu kernel: [    5.941929] SCSI subsystem initialized
Dec  2 18:38:30 ubuntu kernel: [    5.942658] libata version 3.00 loaded.
Dec  2 18:38:30 ubuntu kernel: [    5.942686] ACPI: bus type USB registered
Dec  2 18:38:30 ubuntu kernel: [    5.943063] usbcore: registered new interface driver usbfs
Dec  2 18:38:30 ubuntu kernel: [    5.943560] usbcore: registered new interface driver hub
Dec  2 18:38:30 ubuntu kernel: [    5.944498] usbcore: registered new device driver usb
Dec  2 18:38:30 ubuntu kernel: [    5.945061] pps_core: LinuxPPS API ver. 1 registered
Dec  2 18:38:30 ubuntu kernel: [    5.945532] pps_core: Software ver. 5.3.6 - Copyright 2005-2007 Rodolfo Giometti <giometti@linux.it>
Dec  2 18:38:30 ubuntu kernel: [    5.946398] PTP clock support registered
Dec  2 18:38:30 ubuntu kernel: [    5.947331] EDAC MC: Ver: 3.0.0
Dec  2 18:38:30 ubuntu kernel: [    5.948690] Registered efivars operations
Dec  2 18:38:30 ubuntu kernel: [    5.950735] NetLabel: Initializing
Dec  2 18:38:30 ubuntu kernel: [    5.951075] NetLabel:  domain hash size = 128
Dec  2 18:38:30 ubuntu kernel: [    5.951487] NetLabel:  protocols = UNLABELED CIPSOv4 CALIPSO
Dec  2 18:38:30 ubuntu kernel: [    5.952045] NetLabel:  unlabeled traffic allowed by default
Dec  2 18:38:30 ubuntu kernel: [    5.953220] clocksource: Switched to clocksource arch_sys_counter
Dec  2 18:38:30 ubuntu kernel: [    5.971466] VFS: Disk quotas dquot_6.6.0
Dec  2 18:38:30 ubuntu kernel: [    5.972024] VFS: Dquot-cache hash table entries: 512 (order 0, 4096 bytes)
Dec  2 18:38:30 ubuntu kernel: [    5.973005] AppArmor: AppArmor Filesystem Enabled
Dec  2 18:38:30 ubuntu kernel: [    5.973537] pnp: PnP ACPI init
Dec  2 18:38:30 ubuntu kernel: [    5.974013] system 00:00: [mem 0x3f000000-0x3fffffff] could not be reserved
Dec  2 18:38:30 ubuntu kernel: [    5.974674] system 00:00: Plug and Play ACPI device, IDs PNP0c02 (active)
Dec  2 18:38:30 ubuntu kernel: [    5.974680] pnp: PnP ACPI: found 1 devices
Dec  2 18:38:30 ubuntu kernel: [    5.978540] NET: Registered protocol family 2
Dec  2 18:38:30 ubuntu kernel: [    5.979184] tcp_listen_portaddr_hash hash table entries: 16384 (order: 6, 262144 bytes, linear)
Dec  2 18:38:30 ubuntu kernel: [    5.980415] TCP established hash table entries: 262144 (order: 9, 2097152 bytes, linear)
Dec  2 18:38:30 ubuntu kernel: [    5.981776] TCP bind hash table entries: 65536 (order: 8, 1048576 bytes, linear)
Dec  2 18:38:30 ubuntu kernel: [    5.982596] TCP: Hash tables configured (established 262144 bind 65536)
Dec  2 18:38:30 ubuntu kernel: [    5.983283] UDP hash table entries: 16384 (order: 7, 524288 bytes, linear)
Dec  2 18:38:30 ubuntu kernel: [    5.983960] UDP-Lite hash table entries: 16384 (order: 7, 524288 bytes, linear)
Dec  2 18:38:30 ubuntu kernel: [    5.984728] NET: Registered protocol family 1
Dec  2 18:38:30 ubuntu kernel: [    5.985118] NET: Registered protocol family 44
Dec  2 18:38:30 ubuntu kernel: [    5.985583] pci 0000:02:00.0: enabling device (0000 -> 0002)
Dec  2 18:38:30 ubuntu kernel: [    5.986510] PCI: CLS 0 bytes, default 64
Dec  2 18:38:30 ubuntu kernel: [    5.986918] Trying to unpack rootfs image as initramfs...
Dec  2 18:38:30 ubuntu kernel: [    6.897073] Freeing initrd memory: 61288K
Dec  2 18:38:30 ubuntu kernel: [    6.928748] hw perfevents: enabled with armv8_pmuv3_0 PMU driver, 13 counters available
Dec  2 18:38:30 ubuntu kernel: [    6.930282] kvm [1]: HYP mode not available
Dec  2 18:38:30 ubuntu kernel: [    6.932312] Initialise system trusted keyrings
Dec  2 18:38:30 ubuntu kernel: [    6.933126] Key type blacklist registered
Dec  2 18:38:30 ubuntu kernel: [    6.934160] workingset: timestamp_bits=40 max_order=23 bucket_order=0
Dec  2 18:38:30 ubuntu kernel: [    6.935861] zbud: loaded
Dec  2 18:38:30 ubuntu kernel: [    6.936571] squashfs: version 4.0 (2009/01/31) Phillip Lougher
Dec  2 18:38:30 ubuntu kernel: [    6.937506] fuse: init (API version 7.31)
Dec  2 18:38:30 ubuntu kernel: [    6.938261] integrity: Platform Keyring initialized
Dec  2 18:38:30 ubuntu kernel: [    6.946884] Key type asymmetric registered
Dec  2 18:38:30 ubuntu kernel: [    6.947427] Asymmetric key parser 'x509' registered
Dec  2 18:38:30 ubuntu kernel: [    6.947896] Block layer SCSI generic (bsg) driver version 0.4 loaded (major 244)
Dec  2 18:38:30 ubuntu kernel: [    6.949059] io scheduler mq-deadline registered
Dec  2 18:38:30 ubuntu kernel: [    6.951719] pl061_gpio ARMH0061:00: PL061 GPIO chip registered
Dec  2 18:38:30 ubuntu kernel: [    6.952630] PCI Interrupt Link [GSI1] enabled at IRQ 36
Dec  2 18:38:30 ubuntu kernel: [    6.954627] pcieport 0000:00:01.0: PME: Signaling with IRQ 44
Dec  2 18:38:30 ubuntu kernel: [    6.955779] pcieport 0000:00:01.0: AER: enabled with IRQ 44
Dec  2 18:38:30 ubuntu kernel: [    6.956671] pcieport 0000:00:01.0: pciehp: Slot #0 AttnBtn+ PwrCtrl+ MRL- AttnInd+ PwrInd+ HotPlug+ Surprise+ Interlock+ NoCompl- IbPresDis- LLActRep-
Dec  2 18:38:30 ubuntu kernel: [    6.960092] pcieport 0000:00:01.1: PME: Signaling with IRQ 45
Dec  2 18:38:30 ubuntu kernel: [    6.960976] pcieport 0000:00:01.1: AER: enabled with IRQ 45
Dec  2 18:38:30 ubuntu kernel: [    6.961601] pcieport 0000:00:01.1: pciehp: Slot #0 AttnBtn+ PwrCtrl+ MRL- AttnInd+ PwrInd+ HotPlug+ Surprise+ Interlock+ NoCompl- IbPresDis- LLActRep-
Dec  2 18:38:30 ubuntu kernel: [    6.963857] pcieport 0000:00:01.2: PME: Signaling with IRQ 46
Dec  2 18:38:30 ubuntu kernel: [    6.964667] pcieport 0000:00:01.2: AER: enabled with IRQ 46
Dec  2 18:38:30 ubuntu kernel: [    6.965272] pcieport 0000:00:01.2: pciehp: Slot #0 AttnBtn+ PwrCtrl+ MRL- AttnInd+ PwrInd+ HotPlug+ Surprise+ Interlock+ NoCompl- IbPresDis- LLActRep-
Dec  2 18:38:30 ubuntu kernel: [    6.967510] pcieport 0000:00:01.3: PME: Signaling with IRQ 47
Dec  2 18:38:30 ubuntu kernel: [    6.968297] pcieport 0000:00:01.3: AER: enabled with IRQ 47
Dec  2 18:38:30 ubuntu kernel: [    6.969040] pcieport 0000:00:01.3: pciehp: Slot #0 AttnBtn+ PwrCtrl+ MRL- AttnInd+ PwrInd+ HotPlug+ Surprise+ Interlock+ NoCompl- IbPresDis- LLActRep-
Dec  2 18:38:30 ubuntu kernel: [    6.970713] pcieport 0000:00:01.3: pciehp: Slot(0-3): Link Up
Dec  2 18:38:30 ubuntu kernel: [    6.971146] shpchp: Standard Hot Plug PCI Controller Driver version: 0.4
Dec  2 18:38:30 ubuntu kernel: [    6.972579] input: Power Button as /devices/LNXSYSTM:00/LNXSYBUS:00/PNP0C0C:00/input/input0
Dec  2 18:38:30 ubuntu kernel: [    6.973460] ACPI: Power Button [PWRB]
Dec  2 18:38:30 ubuntu kernel: [    6.979042] Serial: 8250/16550 driver, 32 ports, IRQ sharing enabled
Dec  2 18:38:30 ubuntu kernel: [    6.982066] msm_serial: driver initialized
Dec  2 18:38:30 ubuntu kernel: [    6.983014] cacheinfo: Unable to detect cache hierarchy for CPU 0
Dec  2 18:38:30 ubuntu kernel: [    6.998174] loop: module loaded
Dec  2 18:38:30 ubuntu kernel: [    7.000466] libphy: Fixed MDIO Bus: probed
Dec  2 18:38:30 ubuntu kernel: [    7.001571] tun: Universal TUN/TAP device driver, 1.6
Dec  2 18:38:30 ubuntu kernel: [    7.003207] PPP generic driver version 2.4.2
Dec  2 18:38:30 ubuntu kernel: [    7.004491] ehci_hcd: USB 2.0 'Enhanced' Host Controller (EHCI) Driver
Dec  2 18:38:30 ubuntu kernel: [    7.005446] ehci-pci: EHCI PCI platform driver
Dec  2 18:38:30 ubuntu kernel: [    7.005904] ehci-orion: EHCI orion driver
Dec  2 18:38:30 ubuntu kernel: [    7.006301] ohci_hcd: USB 1.1 'Open' Host Controller (OHCI) Driver
Dec  2 18:38:30 ubuntu kernel: [    7.006890] ohci-pci: OHCI PCI platform driver
Dec  2 18:38:30 ubuntu kernel: [    7.007319] uhci_hcd: USB Universal Host Controller Interface driver
Dec  2 18:38:30 ubuntu kernel: [    7.008680] xhci_hcd 0000:02:00.0: xHCI Host Controller
Dec  2 18:38:30 ubuntu kernel: [    7.009212] xhci_hcd 0000:02:00.0: new USB bus registered, assigned bus number 1
Dec  2 18:38:30 ubuntu kernel: [    7.010157] xhci_hcd 0000:02:00.0: hcc params 0x00087001 hci version 0x100 quirks 0x0000000000000010
Dec  2 18:38:30 ubuntu kernel: [    7.011990] usb usb1: New USB device found, idVendor=1d6b, idProduct=0002, bcdDevice= 5.07
Dec  2 18:38:30 ubuntu kernel: [    7.012861] usb usb1: New USB device strings: Mfr=3, Product=2, SerialNumber=1
Dec  2 18:38:30 ubuntu kernel: [    7.013583] usb usb1: Product: xHCI Host Controller
Dec  2 18:38:30 ubuntu kernel: [    7.014036] usb usb1: Manufacturer: Linux 5.7.1 xhci-hcd
Dec  2 18:38:30 ubuntu kernel: [    7.014526] usb usb1: SerialNumber: 0000:02:00.0
Dec  2 18:38:30 ubuntu kernel: [    7.015194] hub 1-0:1.0: USB hub found
Dec  2 18:38:30 ubuntu kernel: [    7.015581] hub 1-0:1.0: 8 ports detected
Dec  2 18:38:30 ubuntu kernel: [    7.016301] xhci_hcd 0000:02:00.0: xHCI Host Controller
Dec  2 18:38:30 ubuntu kernel: [    7.016804] xhci_hcd 0000:02:00.0: new USB bus registered, assigned bus number 2
Dec  2 18:38:30 ubuntu kernel: [    7.017525] xhci_hcd 0000:02:00.0: Host supports USB 3.0 SuperSpeed
Dec  2 18:38:30 ubuntu kernel: [    7.018134] usb usb2: We don't know the algorithms for LPM for this host, disabling LPM.
Dec  2 18:38:30 ubuntu kernel: [    7.018898] usb usb2: New USB device found, idVendor=1d6b, idProduct=0003, bcdDevice= 5.07
Dec  2 18:38:30 ubuntu kernel: [    7.019655] usb usb2: New USB device strings: Mfr=3, Product=2, SerialNumber=1
Dec  2 18:38:30 ubuntu kernel: [    7.020314] usb usb2: Product: xHCI Host Controller
Dec  2 18:38:30 ubuntu kernel: [    7.020772] usb usb2: Manufacturer: Linux 5.7.1 xhci-hcd
Dec  2 18:38:30 ubuntu kernel: [    7.021304] usb usb2: SerialNumber: 0000:02:00.0
Dec  2 18:38:30 ubuntu kernel: [    7.021888] hub 2-0:1.0: USB hub found
Dec  2 18:38:30 ubuntu kernel: [    7.022274] hub 2-0:1.0: 8 ports detected
Dec  2 18:38:30 ubuntu kernel: [    7.023149] mousedev: PS/2 mouse device common for all mice
Dec  2 18:38:30 ubuntu kernel: [    7.024181] rtc-efi rtc-efi.0: registered as rtc0
Dec  2 18:38:30 ubuntu kernel: [    7.024923] rtc-efi rtc-efi.0: setting system clock to 2020-12-02T10:38:25 UTC (1606905505)
Dec  2 18:38:30 ubuntu kernel: [    7.025824] i2c /dev entries driver
Dec  2 18:38:30 ubuntu kernel: [    7.026386] device-mapper: uevent: version 1.0.3
Dec  2 18:38:30 ubuntu kernel: [    7.026969] device-mapper: ioctl: 4.42.0-ioctl (2020-02-27) initialised: dm-devel@redhat.com
Dec  2 18:38:30 ubuntu kernel: [    7.029084] ledtrig-cpu: registered to indicate activity on CPUs
Dec  2 18:38:30 ubuntu kernel: [    7.029789] EFI Variables Facility v0.08 2004-May-17
Dec  2 18:38:30 ubuntu kernel: [    7.032205] NET: Registered protocol family 10
Dec  2 18:38:30 ubuntu kernel: [    7.041148] Segment Routing with IPv6
Dec  2 18:38:30 ubuntu kernel: [    7.041814] NET: Registered protocol family 17
Dec  2 18:38:30 ubuntu kernel: [    7.042504] Key type dns_resolver registered
Dec  2 18:38:30 ubuntu kernel: [    7.043227] registered taskstats version 1
Dec  2 18:38:30 ubuntu kernel: [    7.043711] Loading compiled-in X.509 certificates
Dec  2 18:38:30 ubuntu kernel: [    7.046815] Loaded X.509 cert 'Build time autogenerated kernel key: 5fc9bbbf10d23f3f9dda6c889ba5358a20950e89'
Dec  2 18:38:30 ubuntu kernel: [    7.049790] zswap: loaded using pool lzo/zbud
Dec  2 18:38:30 ubuntu kernel: [    7.051816] Key type ._fscrypt registered
Dec  2 18:38:30 ubuntu kernel: [    7.052835] Key type .fscrypt registered
Dec  2 18:38:30 ubuntu kernel: [    7.053899] Key type fscrypt-provisioning registered
Dec  2 18:38:30 ubuntu kernel: [    7.068956] cryptd: max_cpu_qlen set to 1000
Dec  2 18:38:30 ubuntu kernel: [    7.150544] Key type big_key registered
Dec  2 18:38:30 ubuntu kernel: [    7.167022] Key type encrypted registered
Dec  2 18:38:30 ubuntu kernel: [    7.167623] AppArmor: AppArmor sha1 policy hashing enabled
Dec  2 18:38:30 ubuntu kernel: [    7.168293] ima: No TPM chip found, activating TPM-bypass!
Dec  2 18:38:30 ubuntu kernel: [    7.168840] ima: Allocated hash algorithm: sha1
Dec  2 18:38:30 ubuntu kernel: [    7.169312] ima: No architecture policies found
Dec  2 18:38:30 ubuntu kernel: [    7.169756] evm: Initialising EVM extended attributes:
Dec  2 18:38:30 ubuntu kernel: [    7.170229] evm: security.selinux
Dec  2 18:38:30 ubuntu kernel: [    7.170531] evm: security.SMACK64
Dec  2 18:38:30 ubuntu kernel: [    7.170832] evm: security.SMACK64EXEC
Dec  2 18:38:30 ubuntu kernel: [    7.171167] evm: security.SMACK64TRANSMUTE
Dec  2 18:38:30 ubuntu kernel: [    7.171544] evm: security.SMACK64MMAP
Dec  2 18:38:30 ubuntu kernel: [    7.171878] evm: security.apparmor
Dec  2 18:38:30 ubuntu kernel: [    7.172187] evm: security.ima
Dec  2 18:38:30 ubuntu kernel: [    7.172466] evm: security.capability
Dec  2 18:38:30 ubuntu kernel: [    7.172794] evm: HMAC attrs: 0x1
Dec  2 18:38:30 ubuntu kernel: [    7.177426] Freeing unused kernel memory: 7040K
Dec  2 18:38:30 ubuntu kernel: [    7.254568] Checked W+X mappings: passed, no W+X pages found
Dec  2 18:38:30 ubuntu kernel: [    7.284893] Run /init as init process
Dec  2 18:38:30 ubuntu kernel: [    7.285312]   with arguments:
Dec  2 18:38:30 ubuntu kernel: [    7.285313]     /init
Dec  2 18:38:30 ubuntu kernel: [    7.285314]   with environment:
Dec  2 18:38:30 ubuntu kernel: [    7.285315]     HOME=/
Dec  2 18:38:30 ubuntu kernel: [    7.285315]     TERM=linux
Dec  2 18:38:30 ubuntu kernel: [    7.285316]     BOOT_IMAGE=/boot/vmlinuz-5.7.1
Dec  2 18:38:30 ubuntu kernel: [    7.415510] scsi host0: Virtio SCSI HBA
Dec  2 18:38:30 ubuntu kernel: [    7.422497] scsi 0:0:0:0: Direct-Access     QEMU     QEMU HARDDISK    2.5+ PQ: 0 ANSI: 5
Dec  2 18:38:30 ubuntu kernel: [    7.425348] scsi 0:0:0:1: CD-ROM            QEMU     QEMU CD-ROM      2.5+ PQ: 0 ANSI: 5
Dec  2 18:38:30 ubuntu kernel: [    7.433374] virtio_net virtio0 enp1s0: renamed from eth0
Dec  2 18:38:30 ubuntu kernel: [    7.448767] random: fast init done
Dec  2 18:38:30 ubuntu kernel: [    7.450245] sd 0:0:0:0: Attached scsi generic sg0 type 0
Dec  2 18:38:30 ubuntu kernel: [    7.450279] sd 0:0:0:0: Power-on or device reset occurred
Dec  2 18:38:30 ubuntu kernel: [    7.451520] sr 0:0:0:1: Power-on or device reset occurred
Dec  2 18:38:30 ubuntu kernel: [    7.451767] sd 0:0:0:0: [sda] 31457280 512-byte logical blocks: (16.1 GB/15.0 GiB)
Dec  2 18:38:30 ubuntu kernel: [    7.452286] sr 0:0:0:1: [sr0] scsi3-mmc drive: 16x/50x cd/rw xa/form2 cdda tray
Dec  2 18:38:30 ubuntu kernel: [    7.453023] sd 0:0:0:0: [sda] Write Protect is off
Dec  2 18:38:30 ubuntu kernel: [    7.453754] cdrom: Uniform CD-ROM driver Revision: 3.20
Dec  2 18:38:30 ubuntu kernel: [    7.454706] sd 0:0:0:0: [sda] Mode Sense: 63 00 00 08
Dec  2 18:38:30 ubuntu kernel: [    7.454790] sd 0:0:0:0: [sda] Write cache: enabled, read cache: enabled, doesn't support DPO or FUA
Dec  2 18:38:30 ubuntu kernel: [    7.482084]  sda: sda1 sda2
Dec  2 18:38:30 ubuntu kernel: [    7.484800] sd 0:0:0:0: [sda] Attached SCSI disk
Dec  2 18:38:30 ubuntu kernel: [    7.490335] sr 0:0:0:1: Attached scsi CD-ROM sr0
Dec  2 18:38:30 ubuntu kernel: [    7.490617] sr 0:0:0:1: Attached scsi generic sg1 type 5
Dec  2 18:38:30 ubuntu kernel: [    7.521360] random: lvm: uninitialized urandom read (4 bytes read)
Dec  2 18:38:30 ubuntu kernel: [    7.542808] random: lvm: uninitialized urandom read (2 bytes read)
Dec  2 18:38:30 ubuntu kernel: [    8.841211] raid6: neonx8   gen() 11746 MB/s
Dec  2 18:38:30 ubuntu kernel: [    8.909229] raid6: neonx8   xor()  8486 MB/s
Dec  2 18:38:30 ubuntu kernel: [    8.977218] raid6: neonx4   gen() 11100 MB/s
Dec  2 18:38:30 ubuntu kernel: [    9.045222] raid6: neonx4   xor()  7801 MB/s
Dec  2 18:38:30 ubuntu kernel: [    9.113200] raid6: neonx2   gen()  9148 MB/s
Dec  2 18:38:30 ubuntu kernel: [    9.181228] raid6: neonx2   xor()  6598 MB/s
Dec  2 18:38:30 ubuntu kernel: [    9.249198] raid6: neonx1   gen()  6750 MB/s
Dec  2 18:38:30 ubuntu kernel: [    9.317220] raid6: neonx1   xor()  2895 MB/s
Dec  2 18:38:30 ubuntu kernel: [    9.385202] raid6: int64x8  gen()  5821 MB/s
Dec  2 18:38:30 ubuntu kernel: [    9.453220] raid6: int64x8  xor()  3613 MB/s
Dec  2 18:38:30 ubuntu kernel: [    9.489248] pcieport 0000:00:01.3: pciehp: Failed to check link status
Dec  2 18:38:30 ubuntu kernel: [    9.521201] raid6: int64x4  gen()  7229 MB/s
Dec  2 18:38:30 ubuntu kernel: [    9.589223] raid6: int64x4  xor()  3680 MB/s
Dec  2 18:38:30 ubuntu kernel: [    9.657202] raid6: int64x2  gen()  5960 MB/s
Dec  2 18:38:30 ubuntu kernel: [    9.725217] raid6: int64x2  xor()  1761 MB/s
Dec  2 18:38:30 ubuntu kernel: [    9.793199] raid6: int64x1  gen()  4541 MB/s
Dec  2 18:38:30 ubuntu kernel: [    9.861232] raid6: int64x1  xor()  1207 MB/s
Dec  2 18:38:30 ubuntu kernel: [    9.861647] raid6: using algorithm neonx8 gen() 11746 MB/s
Dec  2 18:38:30 ubuntu kernel: [    9.862158] raid6: .... xor() 8486 MB/s, rmw enabled
Dec  2 18:38:30 ubuntu kernel: [    9.862618] raid6: using neon recovery algorithm
Dec  2 18:38:30 ubuntu kernel: [    9.868960] xor: measuring software checksum speed
Dec  2 18:38:30 ubuntu kernel: [    9.909216]    8regs     : 13018.000 MB/sec
Dec  2 18:38:30 ubuntu kernel: [    9.949213]    32regs    : 15993.000 MB/sec
Dec  2 18:38:30 ubuntu kernel: [    9.989227]    arm64_neon: 19247.000 MB/sec
Dec  2 18:38:30 ubuntu kernel: [    9.989665] xor: using function: arm64_neon (19247.000 MB/sec)
Dec  2 18:38:30 ubuntu kernel: [    9.991572] async_tx: api initialized (async)
Dec  2 18:38:30 ubuntu kernel: [   10.043392] random: lvm: uninitialized urandom read (4 bytes read)
Dec  2 18:38:30 ubuntu kernel: [   10.062055] random: lvm: uninitialized urandom read (4 bytes read)
Dec  2 18:38:30 ubuntu kernel: [   10.146440] Btrfs loaded, crc32c=crc32c-generic
Dec  2 18:38:30 ubuntu kernel: [   10.208545] EXT4-fs (dm-0): mounted filesystem with ordered data mode. Opts: (null)
Dec  2 18:38:30 ubuntu kernel: [   10.444585] systemd[1]: systemd 237 running in system mode. (+PAM +AUDIT +SELINUX +IMA +APPARMOR +SMACK +SYSVINIT +UTMP +LIBCRYPTSETUP +GCRYPT +GNUTLS +ACL +XZ +LZ4 +SECCOMP +BLKID +ELFUTILS +KMOD -IDN2 +IDN -PCRE2 default-hierarchy=hybrid)
Dec  2 18:38:30 ubuntu kernel: [   10.446562] systemd[1]: Detected virtualization kvm.
Dec  2 18:38:30 ubuntu kernel: [   10.447001] systemd[1]: Detected architecture arm64.
Dec  2 18:38:30 ubuntu kernel: [   10.466189] systemd[1]: Set hostname to <ubuntu>.
Dec  2 18:38:30 ubuntu kernel: [   10.545809] random: systemd: uninitialized urandom read (16 bytes read)
Dec  2 18:38:30 ubuntu kernel: [   10.547223] systemd[1]: Created slice System Slice.
Dec  2 18:38:30 ubuntu kernel: [   10.548704] systemd[1]: Created slice system-serial\x2dgetty.slice.
Dec  2 18:38:30 ubuntu kernel: [   10.550024] systemd[1]: Reached target User and Group Name Lookups.
Dec  2 18:38:30 ubuntu kernel: [   10.551203] systemd[1]: Listening on Device-mapper event daemon FIFOs.
Dec  2 18:38:30 ubuntu kernel: [   10.552489] systemd[1]: Listening on Journal Socket.
Dec  2 18:38:30 ubuntu kernel: [   10.553522] systemd[1]: Listening on Journal Socket (/dev/log).
Dec  2 18:38:30 ubuntu kernel: [   10.579252] Loading iSCSI transport class v2.0-870.
Dec  2 18:38:30 ubuntu kernel: [   10.589234] iscsi: registered transport (tcp)
Dec  2 18:38:30 ubuntu kernel: [   10.595689] EXT4-fs (dm-0): re-mounted. Opts: errors=remount-ro
Dec  2 18:38:30 ubuntu kernel: [   10.662969] iscsi: registered transport (iser)
Dec  2 18:38:30 ubuntu kernel: [   10.693437] systemd-journald[824]: Received request to flush runtime journal from PID 1
Dec  2 18:38:30 ubuntu kernel: [   10.963659] pstore: Using crash dump compression: deflate
Dec  2 18:38:30 ubuntu kernel: [   10.963670] pstore: Registered efi as persistent store backend
Dec  2 18:38:30 ubuntu kernel: [   11.125615] Adding 1003516k swap on /dev/mapper/ubuntu--vg-swap_1.  Priority:-2 extents:1 across:1003516k FS
Dec  2 18:38:30 ubuntu kernel: [   11.281473] audit: type=1400 audit(1606905509.756:2): apparmor="STATUS" operation="profile_load" profile="unconfined" name="/usr/bin/lxc-start" pid=1119 comm="apparmor_parser"
Dec  2 18:38:30 ubuntu kernel: [   11.372079] audit: type=1400 audit(1606905509.844:3): apparmor="STATUS" operation="profile_load" profile="unconfined" name="/usr/bin/man" pid=1122 comm="apparmor_parser"
Dec  2 18:38:30 ubuntu kernel: [   11.373043] audit: type=1400 audit(1606905509.844:4): apparmor="STATUS" operation="profile_load" profile="unconfined" name="man_filter" pid=1122 comm="apparmor_parser"
Dec  2 18:38:30 ubuntu kernel: [   11.374296] audit: type=1400 audit(1606905509.848:5): apparmor="STATUS" operation="profile_load" profile="unconfined" name="man_groff" pid=1122 comm="apparmor_parser"
Dec  2 18:38:30 ubuntu kernel: [   11.398442] audit: type=1400 audit(1606905509.872:6): apparmor="STATUS" operation="profile_load" profile="unconfined" name="/usr/sbin/tcpdump" pid=1124 comm="apparmor_parser"
Dec  2 18:38:30 ubuntu kernel: [   11.456491] audit: type=1400 audit(1606905509.928:7): apparmor="STATUS" operation="profile_load" profile="unconfined" name="/sbin/dhclient" pid=1118 comm="apparmor_parser"
Dec  2 18:38:30 ubuntu kernel: [   11.458009] audit: type=1400 audit(1606905509.932:8): apparmor="STATUS" operation="profile_load" profile="unconfined" name="/usr/lib/NetworkManager/nm-dhcp-client.action" pid=1118 comm="apparmor_parser"
Dec  2 18:38:30 ubuntu kernel: [   11.459441] audit: type=1400 audit(1606905509.932:9): apparmor="STATUS" operation="profile_load" profile="unconfined" name="/usr/lib/NetworkManager/nm-dhcp-helper" pid=1118 comm="apparmor_parser"
Dec  2 18:38:30 ubuntu kernel: [   11.460828] audit: type=1400 audit(1606905509.932:10): apparmor="STATUS" operation="profile_load" profile="unconfined" name="/usr/lib/connman/scripts/dhclient-script" pid=1118 comm="apparmor_parser"
Dec  2 18:38:30 ubuntu kernel: [   11.518304] audit: type=1400 audit(1606905509.992:11): apparmor="STATUS" operation="profile_load" profile="unconfined" name="/usr/lib/snapd/snap-confine" pid=1121 comm="apparmor_parser"
Dec  2 18:38:30 ubuntu systemd[1]: Starting LXD - container startup/shutdown...
Dec  2 18:38:30 ubuntu dbus-daemon[1130]: [system] Activating via systemd: service name='org.freedesktop.PolicyKit1' unit='polkit.service' requested by ':1.3' (uid=0 pid=1129 comm="/usr/lib/accountsservice/accounts-daemon ")
Dec  2 18:38:30 ubuntu systemd[1]: Starting Dispatcher daemon for systemd-networkd...
Dec  2 18:38:30 ubuntu systemd[1]: Starting Login Service...
Dec  2 18:38:30 ubuntu systemd[1]: Started Regular background program processing daemon.
Dec  2 18:38:30 ubuntu systemd[1]: Started FUSE filesystem for LXC.
Dec  2 18:38:30 ubuntu cron[1140]: (CRON) INFO (pidfile fd = 3)
Dec  2 18:38:30 ubuntu systemd[1]: Started irqbalance daemon.
Dec  2 18:38:30 ubuntu cron[1140]: (CRON) INFO (Running @reboot jobs)
Dec  2 18:38:30 ubuntu systemd[1]: Starting LSB: Record successful boot for GRUB...
Dec  2 18:38:30 ubuntu lxcfs[1141]: mount namespace: 5
Dec  2 18:38:30 ubuntu lxcfs[1141]: hierarchies:
Dec  2 18:38:30 ubuntu lxcfs[1141]:   0: fd:   6: blkio
Dec  2 18:38:30 ubuntu lxcfs[1141]:   1: fd:   7: net_cls,net_prio
Dec  2 18:38:30 ubuntu lxcfs[1141]:   2: fd:   8: pids
Dec  2 18:38:30 ubuntu lxcfs[1141]:   3: fd:   9: rdma
Dec  2 18:38:30 ubuntu lxcfs[1141]:   4: fd:  10: freezer
Dec  2 18:38:30 ubuntu lxcfs[1141]:   5: fd:  11: hugetlb
Dec  2 18:38:30 ubuntu lxcfs[1141]:   6: fd:  12: perf_event
Dec  2 18:38:30 ubuntu lxcfs[1141]:   7: fd:  13: memory
Dec  2 18:38:30 ubuntu lxcfs[1141]:   8: fd:  14: cpuset
Dec  2 18:38:30 ubuntu lxcfs[1141]:   9: fd:  15: devices
Dec  2 18:38:30 ubuntu lxcfs[1141]:  10: fd:  16: cpu,cpuacct
Dec  2 18:38:30 ubuntu lxcfs[1141]:  11: fd:  17: name=systemd
Dec  2 18:38:30 ubuntu lxcfs[1141]:  12: fd:  18: unified
Dec  2 18:38:30 ubuntu kernel: [   11.629482] new mount options do not match the existing superblock, will be ignored
Dec  2 18:38:30 ubuntu systemd[1]: Started Deferred execution scheduler.
Dec  2 18:38:30 ubuntu systemd[1]: Starting Snappy daemon...
Dec  2 18:38:30 ubuntu /usr/sbin/irqbalance: IRQ arch_timer(2) guessed as class 0
Dec  2 18:38:30 ubuntu /usr/sbin/irqbalance: IRQ uart-pl011(4) guessed as class 0
Dec  2 18:38:30 ubuntu /usr/sbin/irqbalance: IRQ arm-pmu(42) guessed as class 0
Dec  2 18:38:30 ubuntu /usr/sbin/irqbalance: IRQ ACPI:Event(43) guessed as class 0
Dec  2 18:38:30 ubuntu /usr/sbin/irqbalance: IRQ pciehp(44) guessed as class 0
Dec  2 18:38:30 ubuntu /usr/sbin/irqbalance: IRQ pciehp(45) guessed as class 0
Dec  2 18:38:30 ubuntu /usr/sbin/irqbalance: IRQ pciehp(46) guessed as class 0
Dec  2 18:38:30 ubuntu /usr/sbin/irqbalance: IRQ pciehp(47) guessed as class 0
Dec  2 18:38:30 ubuntu /usr/sbin/irqbalance: IRQ xhci_hcd(48) guessed as class 0
Dec  2 18:38:30 ubuntu /usr/sbin/irqbalance: IRQ xhci_hcd(49) guessed as class 0
Dec  2 18:38:30 ubuntu /usr/sbin/irqbalance: IRQ xhci_hcd(50) guessed as class 0
Dec  2 18:38:30 ubuntu /usr/sbin/irqbalance: IRQ xhci_hcd(51) guessed as class 0
Dec  2 18:38:30 ubuntu /usr/sbin/irqbalance: IRQ xhci_hcd(52) guessed as class 0
Dec  2 18:38:30 ubuntu /usr/sbin/irqbalance: IRQ xhci_hcd(53) guessed as class 0
Dec  2 18:38:30 ubuntu /usr/sbin/irqbalance: IRQ xhci_hcd(54) guessed as class 0
Dec  2 18:38:30 ubuntu /usr/sbin/irqbalance: IRQ xhci_hcd(55) guessed as class 0
Dec  2 18:38:30 ubuntu systemd[1]: Started System Logging Service.
Dec  2 18:38:30 ubuntu /usr/sbin/irqbalance: IRQ xhci_hcd(56) guessed as class 0
Dec  2 18:38:30 ubuntu /usr/sbin/irqbalance: IRQ xhci_hcd(57) guessed as class 0
Dec  2 18:38:30 ubuntu /usr/sbin/irqbalance: IRQ xhci_hcd(58) guessed as class 0
Dec  2 18:38:30 ubuntu /usr/sbin/irqbalance: IRQ xhci_hcd(59) guessed as class 0
Dec  2 18:38:30 ubuntu /usr/sbin/irqbalance: IRQ xhci_hcd(60) guessed as class 0
Dec  2 18:38:30 ubuntu /usr/sbin/irqbalance: IRQ xhci_hcd(61) guessed as class 0
Dec  2 18:38:30 ubuntu /usr/sbin/irqbalance: IRQ xhci_hcd(62) guessed as class 0
Dec  2 18:38:30 ubuntu /usr/sbin/irqbalance: IRQ xhci_hcd(63) guessed as class 0
Dec  2 18:38:30 ubuntu /usr/sbin/irqbalance: IRQ virtio1-config(64) guessed as class 0
Dec  2 18:38:30 ubuntu /usr/sbin/irqbalance: IRQ virtio1-control(65) guessed as class 0
Dec  2 18:38:30 ubuntu /usr/sbin/irqbalance: IRQ virtio1-event(66) guessed as class 0
Dec  2 18:38:30 ubuntu /usr/sbin/irqbalance: IRQ virtio1-request(67) guessed as class 0
Dec  2 18:38:30 ubuntu /usr/sbin/irqbalance: IRQ virtio0-config(68) guessed as class 0
Dec  2 18:38:30 ubuntu /usr/sbin/irqbalance: IRQ virtio0-input.0(69) guessed as class 0
Dec  2 18:38:30 ubuntu /usr/sbin/irqbalance: IRQ virtio0-output.0(70) guessed as class 0
Dec  2 18:38:30 ubuntu systemd[1]: Started Login Service.
Dec  2 18:38:30 ubuntu systemd[1]: Started Unattended Upgrades Shutdown.
Dec  2 18:38:30 ubuntu grub-common[1143]:  * Recording successful boot for GRUB
Dec  2 18:38:30 ubuntu systemd[1]: Starting Authorization Manager...
Dec  2 18:38:30 ubuntu grub-common[1143]:    ...done.
Dec  2 18:38:30 ubuntu systemd[1]: Started LSB: Record successful boot for GRUB.
Dec  2 18:38:30 ubuntu polkitd[1161]: started daemon version 0.105 using authority implementation `local' version `0.105'
Dec  2 18:38:30 ubuntu dbus-daemon[1130]: [system] Successfully activated service 'org.freedesktop.PolicyKit1'
Dec  2 18:38:30 ubuntu systemd[1]: Started Authorization Manager.
Dec  2 18:38:30 ubuntu accounts-daemon[1129]: started daemon version 0.6.45
Dec  2 18:38:30 ubuntu systemd[1]: Started Accounts Service.
Dec  2 18:38:30 ubuntu snapd[1153]: AppArmor status: apparmor is enabled but some kernel features are missing: dbus, network
Dec  2 18:38:30 ubuntu snapd[1153]: daemon.go:346: started snapd/2.42.1+18.04 (series 16; classic; devmode) ubuntu/18.04 (arm64) linux/5.7.1.
Dec  2 18:38:30 ubuntu networkd-dispatcher[1138]: No valid path found for iwconfig
Dec  2 18:38:30 ubuntu systemd[1]: Started Dispatcher daemon for systemd-networkd.
Dec  2 18:38:30 ubuntu snapd[1153]: daemon.go:439: adjusting startup timeout by 30s (pessimistic estimate of 30s plus 5s per snap)
Dec  2 18:38:30 ubuntu systemd[1]: Started Snappy daemon.
Dec  2 18:38:30 ubuntu systemd[1]: Starting Wait until snapd is fully seeded...
Dec  2 18:38:30 ubuntu systemd[1]: Started Wait until snapd is fully seeded.
Dec  2 18:38:31 ubuntu systemd-networkd[1061]: enp1s0: Gained IPv6LL
Dec  2 18:38:31 ubuntu systemd-networkd[1061]: enp1s0: Configured
Dec  2 18:38:31 ubuntu systemd-networkd-wait-online[1094]: managing: enp1s0
Dec  2 18:38:31 ubuntu systemd-timesyncd[1053]: Network configuration changed, trying to establish connection.
Dec  2 18:38:31 ubuntu systemd-networkd-wait-online[1094]: ignoring: lo
Dec  2 18:38:31 ubuntu systemd[1]: Started Wait for Network to be Configured.
Dec  2 18:38:31 ubuntu systemd[1]: Reached target Network is Online.
Dec  2 18:38:31 ubuntu systemd[1]: Starting OpenBSD Secure Shell server...
Dec  2 18:38:31 ubuntu systemd[1]: Reached target Remote File Systems (Pre).
Dec  2 18:38:31 ubuntu systemd[1]: Reached target Remote File Systems.
Dec  2 18:38:31 ubuntu systemd[1]: Starting LSB: automatic crash report generation...
Dec  2 18:38:31 ubuntu systemd[1]: Starting Permit User Sessions...
Dec  2 18:38:31 ubuntu systemd[1]: Starting Availability of block devices...
Dec  2 18:38:31 ubuntu systemd[1]: Started Availability of block devices.
Dec  2 18:38:31 ubuntu systemd[1]: Started Permit User Sessions.
Dec  2 18:38:31 ubuntu systemd[1]: Starting Hold until boot process finishes up...
Dec  2 18:38:31 ubuntu systemd[1]: Starting Terminate Plymouth Boot Screen...
Dec  2 18:38:31 ubuntu systemd[1]: Started Hold until boot process finishes up.
Dec  2 18:38:31 ubuntu systemd[1]: Started Serial Getty on ttyAMA0.
Dec  2 18:38:31 ubuntu systemd[1]: Starting Set console scheme...
Dec  2 18:38:31 ubuntu apport[1229]:  * Starting automatic crash report generation: apport
Dec  2 18:38:31 ubuntu systemd[1]: Started Set console scheme.
Dec  2 18:38:31 ubuntu systemd[1]: Started OpenBSD Secure Shell server.
Dec  2 18:38:31 ubuntu apport[1229]:    ...done.
Dec  2 18:38:31 ubuntu systemd[1]: Started Terminate Plymouth Boot Screen.
Dec  2 18:38:31 ubuntu systemd[1]: Started LSB: automatic crash report generation.
Dec  2 18:38:31 ubuntu systemd[1]: Created slice system-getty.slice.
Dec  2 18:38:31 ubuntu systemd[1]: Started Getty on tty1.
Dec  2 18:38:31 ubuntu systemd[1]: Reached target Login Prompts.
Dec  2 18:38:31 ubuntu kernel: [   13.009278] random: crng init done
Dec  2 18:38:31 ubuntu kernel: [   13.009281] random: 5 urandom warning(s) missed due to ratelimiting
Dec  2 18:38:31 ubuntu systemd[1]: Started LXD - container startup/shutdown.
Dec  2 18:38:31 ubuntu systemd[1]: Reached target Multi-User System.
Dec  2 18:38:31 ubuntu systemd[1]: Reached target Graphical Interface.
Dec  2 18:38:31 ubuntu systemd[1]: Starting Update UTMP about System Runlevel Changes...
Dec  2 18:38:31 ubuntu systemd[1]: Started Update UTMP about System Runlevel Changes.
Dec  2 18:38:31 ubuntu systemd[1]: Startup finished in 10.339s (kernel) + 2.679s (userspace) = 13.019s.
Dec  2 18:38:31 ubuntu kernel: [   13.087546] fbcon: Taking over console
Dec  2 18:38:39 ubuntu systemd[1]: Created slice User Slice of huawei.
Dec  2 18:38:39 ubuntu systemd[1]: Starting User Manager for UID 1000...
Dec  2 18:38:39 ubuntu systemd[1]: Started Session 1 of user huawei.
Dec  2 18:38:39 ubuntu systemd[1499]: Listening on GnuPG cryptographic agent and passphrase cache (access for web browsers).
Dec  2 18:38:39 ubuntu systemd[1499]: Listening on GnuPG cryptographic agent (ssh-agent emulation).
Dec  2 18:38:39 ubuntu systemd[1499]: Listening on GnuPG cryptographic agent and passphrase cache.
Dec  2 18:38:39 ubuntu systemd[1499]: Listening on REST API socket for snapd user session agent.
Dec  2 18:38:39 ubuntu systemd[1499]: Reached target Paths.
Dec  2 18:38:39 ubuntu systemd[1499]: Listening on GnuPG network certificate management daemon.
Dec  2 18:38:39 ubuntu systemd[1499]: Reached target Timers.
Dec  2 18:38:39 ubuntu systemd[1499]: Listening on GnuPG cryptographic agent and passphrase cache (restricted).
Dec  2 18:38:39 ubuntu systemd[1499]: Reached target Sockets.
Dec  2 18:38:39 ubuntu systemd[1499]: Reached target Basic System.
Dec  2 18:38:39 ubuntu systemd[1499]: Reached target Default.
Dec  2 18:38:39 ubuntu systemd[1499]: Startup finished in 52ms.
Dec  2 18:38:39 ubuntu systemd[1]: Started User Manager for UID 1000.
Dec  2 18:38:45 ubuntu snapd[1153]: daemon.go:540: gracefully waiting for running hooks
Dec  2 18:38:45 ubuntu snapd[1153]: daemon.go:542: done waiting for running hooks
Dec  2 18:38:45 ubuntu snapd[1153]: daemon stop requested to wait for socket activation
                                                                                                                Dec  2 18:41:12 ubuntu systemd-modules-load[831]: Inserted module 'iscsi_tcp'
Dec  2 18:41:12 ubuntu kernel: [    0.000000] Booting Linux on physical CPU 0x0000000000 [0x481fd010]
Dec  2 18:41:12 ubuntu kernel: [    0.000000] Linux version 5.7.1 (root@ubuntu) (gcc version 7.5.0 (Ubuntu/Linaro 7.5.0-3ubuntu1~18.04), GNU ld (GNU Binutils for Ubuntu) 2.30) #1 SMP Wed Dec 2 18:11:01 CST 2020
Dec  2 18:41:12 ubuntu systemd-modules-load[831]: Inserted module 'ib_iser'
Dec  2 18:41:12 ubuntu kernel: [    0.000000] efi: EFI v2.70 by EDK II
Dec  2 18:41:12 ubuntu kernel: [    0.000000] efi:  SMBIOS 3.0=0x53f710000  ACPI 2.0=0x53c020000  MEMATTR=0x53cc7ca98  MEMRESERVE=0x53becd018 
Dec  2 18:41:12 ubuntu systemd[1]: Started Load Kernel Modules.
Dec  2 18:41:12 ubuntu kernel: [    0.000000] cma: Reserved 32 MiB at 0x00000000fe000000
Dec  2 18:41:12 ubuntu kernel: [    0.000000] ACPI: Early table checksum verification disabled
Dec  2 18:41:12 ubuntu lvm[847]:   2 logical volume(s) in volume group "ubuntu-vg" monitored
Dec  2 18:41:12 ubuntu kernel: [    0.000000] ACPI: RSDP 0x000000053C020000 000024 (v02 BOCHS )
Dec  2 18:41:12 ubuntu kernel: [    0.000000] ACPI: XSDT 0x000000053BED0000 000054 (v01 BOCHS  BXPCFACP 00000001      01000013)
Dec  2 18:41:12 ubuntu kernel: [    0.000000] ACPI: FACP 0x000000053BE90000 00010C (v05 BOCHS  BXPCFACP 00000001 BXPC 00000001)
Dec  2 18:41:12 ubuntu systemd[1]: Mounting FUSE Control File System...
Dec  2 18:41:12 ubuntu kernel: [    0.000000] ACPI: DSDT 0x000000053BEA0000 001523 (v02 BOCHS  BXPCDSDT 00000001 BXPC 00000001)
Dec  2 18:41:12 ubuntu kernel: [    0.000000] ACPI: APIC 0x000000053BE80000 0009E8 (v03 BOCHS  BXPCAPIC 00000001 BXPC 00000001)
Dec  2 18:41:12 ubuntu systemd[1]: Mounting Kernel Configuration File System...
Dec  2 18:41:12 ubuntu kernel: [    0.000000] ACPI: GTDT 0x000000053BE70000 000060 (v02 BOCHS  BXPCGTDT 00000001 BXPC 00000001)
Dec  2 18:41:12 ubuntu kernel: [    0.000000] ACPI: MCFG 0x000000053BE60000 00003C (v01 BOCHS  BXPCMCFG 00000001 BXPC 00000001)
Dec  2 18:41:12 ubuntu kernel: [    0.000000] ACPI: SPCR 0x000000053BE50000 000050 (v02 BOCHS  BXPCSPCR 00000001 BXPC 00000001)
Dec  2 18:41:12 ubuntu kernel: [    0.000000] ACPI: IORT 0x000000053BE40000 00007C (v00 BOCHS  BXPCIORT 00000001 BXPC 00000001)
Dec  2 18:41:12 ubuntu kernel: [    0.000000] ACPI: SPCR: console: pl011,mmio,0x9000000,9600
Dec  2 18:41:12 ubuntu systemd[1]: Starting Apply Kernel Variables...
Dec  2 18:41:12 ubuntu kernel: [    0.000000] ACPI: NUMA: Failed to initialise from firmware
Dec  2 18:41:12 ubuntu kernel: [    0.000000] NUMA: Faking a node at [mem 0x0000000040000000-0x000000053fffffff]
Dec  2 18:41:12 ubuntu systemd[1]: Starting Flush Journal to Persistent Storage...
Dec  2 18:41:12 ubuntu kernel: [    0.000000] NUMA: NODE_DATA [mem 0x53d409300-0x53d40cfff]
Dec  2 18:41:12 ubuntu kernel: [    0.000000] Zone ranges:
Dec  2 18:41:12 ubuntu kernel: [    0.000000]   DMA      [mem 0x0000000040000000-0x000000007fffffff]
Dec  2 18:41:12 ubuntu kernel: [    0.000000]   DMA32    [mem 0x0000000080000000-0x00000000ffffffff]
Dec  2 18:41:12 ubuntu systemd[1]: Started Monitoring of LVM2 mirrors, snapshots etc. using dmeventd or progress polling.
Dec  2 18:41:12 ubuntu kernel: [    0.000000]   Normal   [mem 0x0000000100000000-0x000000053fffffff]
Dec  2 18:41:12 ubuntu kernel: [    0.000000] Movable zone start for each node
Dec  2 18:41:12 ubuntu kernel: [    0.000000] Early memory node ranges
Dec  2 18:41:12 ubuntu systemd[1]: Started udev Kernel Device Manager.
Dec  2 18:41:12 ubuntu kernel: [    0.000000]   node   0: [mem 0x0000000040000000-0x000000053bedffff]
Dec  2 18:41:12 ubuntu kernel: [    0.000000]   node   0: [mem 0x000000053bee0000-0x000000053bffffff]
Dec  2 18:41:12 ubuntu kernel: [    0.000000]   node   0: [mem 0x000000053c000000-0x000000053c02ffff]
Dec  2 18:41:12 ubuntu kernel: [    0.000000]   node   0: [mem 0x000000053c030000-0x000000053c0affff]
Dec  2 18:41:12 ubuntu systemd[1]: Mounted FUSE Control File System.
Dec  2 18:41:12 ubuntu kernel: [    0.000000]   node   0: [mem 0x000000053c0b0000-0x000000053f57ffff]
Dec  2 18:41:12 ubuntu kernel: [    0.000000]   node   0: [mem 0x000000053f580000-0x000000053f95ffff]
Dec  2 18:41:12 ubuntu kernel: [    0.000000]   node   0: [mem 0x000000053f960000-0x000000053fffffff]
Dec  2 18:41:12 ubuntu kernel: [    0.000000] Zeroed struct page in unavailable ranges: 544 pages
Dec  2 18:41:12 ubuntu systemd[1]: Started Set the console keyboard layout.
Dec  2 18:41:12 ubuntu kernel: [    0.000000] Initmem setup node 0 [mem 0x0000000040000000-0x000000053fffffff]
Dec  2 18:41:12 ubuntu kernel: [    0.000000] On node 0 totalpages: 5242880
Dec  2 18:41:12 ubuntu kernel: [    0.000000]   DMA zone: 5120 pages used for memmap
Dec  2 18:41:12 ubuntu systemd[1]: Mounted Kernel Configuration File System.
Dec  2 18:41:12 ubuntu kernel: [    0.000000]   DMA zone: 0 pages reserved
Dec  2 18:41:12 ubuntu kernel: [    0.000000]   DMA zone: 262144 pages, LIFO batch:63
Dec  2 18:41:12 ubuntu kernel: [    0.000000]   DMA32 zone: 10240 pages used for memmap
Dec  2 18:41:12 ubuntu kernel: [    0.000000]   DMA32 zone: 524288 pages, LIFO batch:63
Dec  2 18:41:12 ubuntu kernel: [    0.000000]   Normal zone: 87040 pages used for memmap
Dec  2 18:41:12 ubuntu systemd[1]: Started Apply Kernel Variables.
Dec  2 18:41:12 ubuntu kernel: [    0.000000]   Normal zone: 4456448 pages, LIFO batch:63
Dec  2 18:41:12 ubuntu kernel: [    0.000000] psci: probing for conduit method from ACPI.
Dec  2 18:41:12 ubuntu kernel: [    0.000000] psci: PSCIv1.0 detected in firmware.
Dec  2 18:41:12 ubuntu systemd[1]: Reached target Local File Systems (Pre).
Dec  2 18:41:12 ubuntu kernel: [    0.000000] psci: Using standard PSCI v0.2 function IDs
Dec  2 18:41:12 ubuntu kernel: [    0.000000] psci: Trusted OS migration not required
Dec  2 18:41:12 ubuntu systemd[1]: Started Flush Journal to Persistent Storage.
Dec  2 18:41:12 ubuntu kernel: [    0.000000] psci: SMC Calling Convention v1.1
Dec  2 18:41:12 ubuntu kernel: [    0.000000] ACPI: SRAT not present
Dec  2 18:41:12 ubuntu kernel: [    0.000000] percpu: Embedded 33 pages/cpu s94616 r8192 d32360 u135168
Dec  2 18:41:12 ubuntu kernel: [    0.000000] pcpu-alloc: s94616 r8192 d32360 u135168 alloc=33*4096
Dec  2 18:41:12 ubuntu kernel: [    0.000000] pcpu-alloc: [0] 00 [0] 01 [0] 02 [0] 03 [0] 04 [0] 05 [0] 06 [0] 07 
Dec  2 18:41:12 ubuntu kernel: [    0.000000] pcpu-alloc: [0] 08 [0] 09 [0] 10 [0] 11 [0] 12 [0] 13 [0] 14 [0] 15 
Dec  2 18:41:12 ubuntu kernel: [    0.000000] pcpu-alloc: [0] 16 [0] 17 [0] 18 [0] 19 [0] 20 [0] 21 [0] 22 [0] 23 
Dec  2 18:41:12 ubuntu kernel: [    0.000000] pcpu-alloc: [0] 24 [0] 25 [0] 26 [0] 27 [0] 28 [0] 29 [0] 30 [0] 31 
Dec  2 18:41:12 ubuntu kernel: [    0.000000] Detected VIPT I-cache on CPU0
Dec  2 18:41:12 ubuntu kernel: [    0.000000] CPU features: detected: GIC system register CPU interface
Dec  2 18:41:12 ubuntu kernel: [    0.000000] CPU features: detected: Hardware dirty bit management
Dec  2 18:41:12 ubuntu kernel: [    0.000000] Built 1 zonelists, mobility grouping on.  Total pages: 5140480
Dec  2 18:41:12 ubuntu kernel: [    0.000000] Policy zone: Normal
Dec  2 18:41:12 ubuntu kernel: [    0.000000] Kernel command line: BOOT_IMAGE=/boot/vmlinuz-5.7.1 root=/dev/mapper/ubuntu--vg-root ro
Dec  2 18:41:12 ubuntu kernel: [    0.000000] Dentry cache hash table entries: 4194304 (order: 13, 33554432 bytes, linear)
Dec  2 18:41:12 ubuntu kernel: [    0.000000] Inode-cache hash table entries: 2097152 (order: 12, 16777216 bytes, linear)
Dec  2 18:41:12 ubuntu kernel: [    0.000000] mem auto-init: stack:off, heap alloc:on, heap free:off
Dec  2 18:41:12 ubuntu kernel: [    0.000000] software IO TLB: mapped [mem 0x7bfff000-0x7ffff000] (64MB)
Dec  2 18:41:12 ubuntu kernel: [    0.000000] Memory: 20269608K/20971520K available (14204K kernel code, 2354K rwdata, 6868K rodata, 7040K init, 1132K bss, 669144K reserved, 32768K cma-reserved)
Dec  2 18:41:12 ubuntu kernel: [    0.000000] random: get_random_u64 called from __kmem_cache_create+0x54/0x5d8 with crng_init=0
Dec  2 18:41:12 ubuntu kernel: [    0.000000] SLUB: HWalign=64, Order=0-3, MinObjects=0, CPUs=32, Nodes=1
Dec  2 18:41:12 ubuntu kernel: [    0.000000] ftrace: allocating 46107 entries in 181 pages
Dec  2 18:41:12 ubuntu kernel: [    0.000000] ftrace: allocated 181 pages with 5 groups
Dec  2 18:41:12 ubuntu kernel: [    0.000000] rcu: Hierarchical RCU implementation.
Dec  2 18:41:12 ubuntu kernel: [    0.000000] rcu: 	RCU restricting CPUs from NR_CPUS=256 to nr_cpu_ids=32.
Dec  2 18:41:12 ubuntu kernel: [    0.000000] 	Tasks RCU enabled.
Dec  2 18:41:12 ubuntu kernel: [    0.000000] rcu: RCU calculated value of scheduler-enlistment delay is 25 jiffies.
Dec  2 18:41:12 ubuntu kernel: [    0.000000] rcu: Adjusting geometry for rcu_fanout_leaf=16, nr_cpu_ids=32
Dec  2 18:41:12 ubuntu kernel: [    0.000000] NR_IRQS: 64, nr_irqs: 64, preallocated irqs: 0
Dec  2 18:41:12 ubuntu kernel: [    0.000000] GICv3: 256 SPIs implemented
Dec  2 18:41:12 ubuntu kernel: [    0.000000] GICv3: 0 Extended SPIs implemented
Dec  2 18:41:12 ubuntu kernel: [    0.000000] GICv3: Distributor has no Range Selector support
Dec  2 18:41:12 ubuntu kernel: [    0.000000] GICv3: 16 PPIs implemented
Dec  2 18:41:12 ubuntu kernel: [    0.000000] GICv3: CPU0: found redistributor 0 region 0:0x00000000080a0000
Dec  2 18:41:12 ubuntu kernel: [    0.000000] ACPI: SRAT not present
Dec  2 18:41:12 ubuntu kernel: [    0.000000] ITS [mem 0x08080000-0x0809ffff]
Dec  2 18:41:12 ubuntu kernel: [    0.000000] ITS@0x0000000008080000: allocated 8192 Devices @53ca00000 (indirect, esz 8, psz 64K, shr 1)
Dec  2 18:41:12 ubuntu kernel: [    0.000000] ITS@0x0000000008080000: allocated 8192 Interrupt Collections @53ca10000 (flat, esz 8, psz 64K, shr 1)
Dec  2 18:41:12 ubuntu kernel: [    0.000000] GICv3: using LPI property table @0x000000053ca20000
Dec  2 18:41:12 ubuntu kernel: [    0.000000] GICv3: CPU0: using allocated LPI pending table @0x000000053ca30000
Dec  2 18:41:12 ubuntu kernel: [    0.000000] arch_timer: cp15 timer(s) running at 100.00MHz (virt).
Dec  2 18:41:12 ubuntu kernel: [    0.000000] clocksource: arch_sys_counter: mask: 0xffffffffffffff max_cycles: 0x171024e7e0, max_idle_ns: 440795205315 ns
Dec  2 18:41:12 ubuntu systemd[1]: Started udev Coldplug all Devices.
Dec  2 18:41:12 ubuntu kernel: [    0.000001] sched_clock: 56 bits at 100MHz, resolution 10ns, wraps every 4398046511100ns
Dec  2 18:41:12 ubuntu kernel: [    0.000055] Console: colour dummy device 80x25
Dec  2 18:41:12 ubuntu kernel: [    0.000080] ACPI: Core revision 20200326
Dec  2 18:41:12 ubuntu systemd[1]: Started Dispatch Password Requests to Console Directory Watch.
Dec  2 18:41:12 ubuntu kernel: [    0.000125] Calibrating delay loop (skipped), value calculated using timer frequency.. 200.00 BogoMIPS (lpj=400000)
Dec  2 18:41:12 ubuntu kernel: [    0.000128] pid_max: default: 32768 minimum: 301
Dec  2 18:41:12 ubuntu kernel: [    0.000161] LSM: Security Framework initializing
Dec  2 18:41:12 ubuntu kernel: [    0.000166] Yama: becoming mindful.
Dec  2 18:41:12 ubuntu systemd[1]: Reached target Local Encrypted Volumes.
Dec  2 18:41:12 ubuntu kernel: [    0.000190] AppArmor: AppArmor initialized
Dec  2 18:41:12 ubuntu kernel: [    0.000255] Mount-cache hash table entries: 65536 (order: 7, 524288 bytes, linear)
Dec  2 18:41:12 ubuntu kernel: [    0.000283] Mountpoint-cache hash table entries: 65536 (order: 7, 524288 bytes, linear)
Dec  2 18:41:12 ubuntu kernel: [    0.000623] ACPI PPTT: No PPTT table found, CPU and cache topology may be inaccurate
Dec  2 18:41:12 ubuntu kernel: [    0.000775] rcu: Hierarchical SRCU implementation.
Dec  2 18:41:12 ubuntu kernel: [    0.001224] Platform MSI: ITS@0x8080000 domain created
Dec  2 18:41:12 ubuntu kernel: [    0.001229] PCI/MSI: ITS@0x8080000 domain created
Dec  2 18:41:12 ubuntu systemd[1]: Found device /dev/ttyAMA0.
Dec  2 18:41:12 ubuntu kernel: [    0.001239] Remapping and enabling EFI services.
Dec  2 18:41:12 ubuntu kernel: [    0.002111] smp: Bringing up secondary CPUs ...
Dec  2 18:41:12 ubuntu kernel: [    0.091982] Detected VIPT I-cache on CPU1
Dec  2 18:41:12 ubuntu systemd-udevd[1016]: link_config: autonegotiation is unset or enabled, the speed and duplex are not writable.
Dec  2 18:41:12 ubuntu kernel: [    0.091998] GICv3: CPU1: found redistributor 1 region 0:0x00000000080c0000
Dec  2 18:41:12 ubuntu kernel: [    0.092232] GICv3: CPU1: using allocated LPI pending table @0x000000053ca40000
Dec  2 18:41:12 ubuntu systemd[1]: Listening on Load/Save RF Kill Switch Status /dev/rfkill Watch.
Dec  2 18:41:12 ubuntu kernel: [    0.092260] CPU1: Booted secondary processor 0x0000000001 [0x481fd010]
Dec  2 18:41:12 ubuntu kernel: [    0.185605] Detected VIPT I-cache on CPU2
Dec  2 18:41:12 ubuntu systemd-udevd[1006]: link_config: autonegotiation is unset or enabled, the speed and duplex are not writable.
Dec  2 18:41:12 ubuntu kernel: [    0.185620] GICv3: CPU2: found redistributor 2 region 0:0x00000000080e0000
Dec  2 18:41:12 ubuntu systemd[1]: Found device /dev/mapper/ubuntu--vg-swap_1.
Dec  2 18:41:12 ubuntu systemd[1]: Activating swap /dev/mapper/ubuntu--vg-swap_1...
Dec  2 18:41:12 ubuntu systemd[1]: Activated swap /dev/mapper/ubuntu--vg-swap_1.
Dec  2 18:41:12 ubuntu systemd[1]: Found device QEMU_HARDDISK 1.
Dec  2 18:41:12 ubuntu systemd[1]: Starting File System Check on /dev/disk/by-uuid/5EA9-3D4C...
Dec  2 18:41:12 ubuntu systemd[1]: Reached target Swap.
Dec  2 18:41:12 ubuntu systemd[1]: Created slice system-lvm2\x2dpvscan.slice.
Dec  2 18:41:12 ubuntu systemd[1]: Starting LVM2 PV scan on device 8:2...
Dec  2 18:41:12 ubuntu systemd[1]: Started File System Check Daemon to report status.
Dec  2 18:41:12 ubuntu systemd-fsck[1114]: fsck.fat 4.1 (2017-01-24)
Dec  2 18:41:12 ubuntu systemd-fsck[1114]: 0x25: Dirty bit is set. Fs was not properly unmounted and some data may be corrupt.
Dec  2 18:41:12 ubuntu kernel: [    0.185858] GICv3: CPU2: using allocated LPI pending table @0x000000053ca50000
Dec  2 18:41:12 ubuntu kernel: [    0.185882] CPU2: Booted secondary processor 0x0000000002 [0x481fd010]
Dec  2 18:41:12 ubuntu systemd-fsck[1114]:  Automatically removing dirty bit.
Dec  2 18:41:12 ubuntu kernel: [    0.276026] Detected VIPT I-cache on CPU3
Dec  2 18:41:12 ubuntu kernel: [    0.276042] GICv3: CPU3: found redistributor 3 region 0:0x0000000008100000
Dec  2 18:41:12 ubuntu kernel: [    0.276231] GICv3: CPU3: using allocated LPI pending table @0x000000053ca60000
Dec  2 18:41:12 ubuntu systemd-fsck[1114]: Performing changes.
Dec  2 18:41:12 ubuntu kernel: [    0.276257] CPU3: Booted secondary processor 0x0000000003 [0x481fd010]
Dec  2 18:41:12 ubuntu kernel: [    0.367176] Detected VIPT I-cache on CPU4
Dec  2 18:41:12 ubuntu kernel: [    0.367195] GICv3: CPU4: found redistributor 4 region 0:0x0000000008120000
Dec  2 18:41:12 ubuntu kernel: [    0.367444] GICv3: CPU4: using allocated LPI pending table @0x000000053ca70000
Dec  2 18:41:12 ubuntu kernel: [    0.367468] CPU4: Booted secondary processor 0x0000000004 [0x481fd010]
Dec  2 18:41:12 ubuntu kernel: [    0.603509] Detected VIPT I-cache on CPU5
Dec  2 18:41:12 ubuntu systemd-fsck[1114]: /dev/sda1: 5 files, 41/65501 clusters
Dec  2 18:41:12 ubuntu kernel: [    0.603556] GICv3: CPU5: found redistributor 5 region 0:0x0000000008140000
Dec  2 18:41:12 ubuntu kernel: [    0.603848] GICv3: CPU5: using allocated LPI pending table @0x000000053ca80000
Dec  2 18:41:12 ubuntu kernel: [    0.603895] CPU5: Booted secondary processor 0x0000000005 [0x481fd010]
Dec  2 18:41:12 ubuntu systemd[1]: Started File System Check on /dev/disk/by-uuid/5EA9-3D4C.
Dec  2 18:41:12 ubuntu kernel: [    0.694880] Detected VIPT I-cache on CPU6
Dec  2 18:41:12 ubuntu kernel: [    0.694907] GICv3: CPU6: found redistributor 6 region 0:0x0000000008160000
Dec  2 18:41:12 ubuntu kernel: [    0.695114] GICv3: CPU6: using allocated LPI pending table @0x000000053ca90000
Dec  2 18:41:12 ubuntu systemd[1]: Mounting /boot/efi...
Dec  2 18:41:12 ubuntu kernel: [    0.695149] CPU6: Booted secondary processor 0x0000000006 [0x481fd010]
Dec  2 18:41:12 ubuntu kernel: [    0.933653] Detected VIPT I-cache on CPU7
Dec  2 18:41:12 ubuntu kernel: [    0.933701] GICv3: CPU7: found redistributor 7 region 0:0x0000000008180000
Dec  2 18:41:12 ubuntu lvm[1115]:   2 logical volume(s) in volume group "ubuntu-vg" now active
Dec  2 18:41:12 ubuntu kernel: [    0.933942] GICv3: CPU7: using allocated LPI pending table @0x000000053caa0000
Dec  2 18:41:12 ubuntu kernel: [    0.933970] CPU7: Booted secondary processor 0x0000000007 [0x481fd010]
Dec  2 18:41:12 ubuntu kernel: [    1.171307] Detected VIPT I-cache on CPU8
Dec  2 18:41:12 ubuntu kernel: [    1.171335] GICv3: CPU8: found redistributor 8 region 0:0x00000000081a0000
Dec  2 18:41:12 ubuntu systemd[1]: Started LVM2 PV scan on device 8:2.
Dec  2 18:41:12 ubuntu kernel: [    1.172306] GICv3: CPU8: using allocated LPI pending table @0x000000053cab0000
Dec  2 18:41:12 ubuntu systemd[1]: Mounted /boot/efi.
Dec  2 18:41:12 ubuntu kernel: [    1.172364] CPU8: Booted secondary processor 0x0000000008 [0x481fd010]
Dec  2 18:41:12 ubuntu kernel: [    1.411333] Detected VIPT I-cache on CPU9
Dec  2 18:41:12 ubuntu kernel: [    1.411360] GICv3: CPU9: found redistributor 9 region 0:0x00000000081c0000
Dec  2 18:41:12 ubuntu systemd[1]: Reached target Local File Systems.
Dec  2 18:41:12 ubuntu kernel: [    1.411590] GICv3: CPU9: using allocated LPI pending table @0x000000053cac0000
Dec  2 18:41:12 ubuntu kernel: [    1.411615] CPU9: Booted secondary processor 0x0000000009 [0x481fd010]
Dec  2 18:41:12 ubuntu kernel: [    1.503005] Detected VIPT I-cache on CPU10
Dec  2 18:41:12 ubuntu systemd[1]: Starting ebtables ruleset management...
Dec  2 18:41:12 ubuntu kernel: [    1.503033] GICv3: CPU10: found redistributor a region 0:0x00000000081e0000
Dec  2 18:41:12 ubuntu kernel: [    1.503243] GICv3: CPU10: using allocated LPI pending table @0x000000053cad0000
Dec  2 18:41:12 ubuntu systemd[1]: Starting AppArmor initialization...
Dec  2 18:41:12 ubuntu kernel: [    1.503266] CPU10: Booted secondary processor 0x000000000a [0x481fd010]
Dec  2 18:41:12 ubuntu kernel: [    1.595028] Detected VIPT I-cache on CPU11
Dec  2 18:41:12 ubuntu kernel: [    1.595060] GICv3: CPU11: found redistributor b region 0:0x0000000008200000
Dec  2 18:41:12 ubuntu systemd[1]: Starting Tell Plymouth To Write Out Runtime Data...
Dec  2 18:41:12 ubuntu kernel: [    1.595284] GICv3: CPU11: using allocated LPI pending table @0x000000053cae0000
Dec  2 18:41:12 ubuntu kernel: [    1.595312] CPU11: Booted secondary processor 0x000000000b [0x481fd010]
Dec  2 18:41:12 ubuntu kernel: [    1.834162] Detected VIPT I-cache on CPU12
Dec  2 18:41:12 ubuntu systemd[1]: Starting Set console font and keymap...
Dec  2 18:41:12 ubuntu kernel: [    1.834202] GICv3: CPU12: found redistributor c region 0:0x0000000008220000
Dec  2 18:41:12 ubuntu kernel: [    1.834404] GICv3: CPU12: using allocated LPI pending table @0x000000053caf0000
Dec  2 18:41:12 ubuntu kernel: [    1.834434] CPU12: Booted secondary processor 0x000000000c [0x481fd010]
Dec  2 18:41:12 ubuntu kernel: [    2.079507] Detected VIPT I-cache on CPU13
Dec  2 18:41:12 ubuntu systemd[1]: Starting Create Volatile Files and Directories...
Dec  2 18:41:12 ubuntu kernel: [    2.079539] GICv3: CPU13: found redistributor d region 0:0x0000000008240000
Dec  2 18:41:12 ubuntu systemd[1]: Started Set console font and keymap.
Dec  2 18:41:12 ubuntu kernel: [    2.079796] GICv3: CPU13: using allocated LPI pending table @0x000000053cb00000
Dec  2 18:41:12 ubuntu kernel: [    2.079826] CPU13: Booted secondary processor 0x000000000d [0x481fd010]
Dec  2 18:41:12 ubuntu kernel: [    2.320646] Detected VIPT I-cache on CPU14
Dec  2 18:41:12 ubuntu systemd[1]: Started Tell Plymouth To Write Out Runtime Data.
Dec  2 18:41:12 ubuntu kernel: [    2.320691] GICv3: CPU14: found redistributor e region 0:0x0000000008260000
Dec  2 18:41:12 ubuntu kernel: [    2.320909] GICv3: CPU14: using allocated LPI pending table @0x000000053cb10000
