Oct 25 19:03:37 ubuntu systemd-modules-load[846]: Inserted module 'iscsi_tcp'
Oct 25 19:03:37 ubuntu systemd-modules-load[846]: Inserted module 'ib_iser'
Oct 25 19:03:37 ubuntu lvm[871]:   2 logical volume(s) in volume group "ubuntu-vg" monitored
Oct 25 19:03:37 ubuntu systemd[1]: Started Set the console keyboard layout.
Oct 25 19:03:37 ubuntu systemd[1]: Started Monitoring of LVM2 mirrors, snapshots etc. using dmeventd or progress polling.
Oct 25 19:03:37 ubuntu systemd[1]: Started Load/Save Random Seed.
Oct 25 19:03:37 ubuntu systemd[1]: Started Create Static Device Nodes in /dev.
Oct 25 19:03:37 ubuntu kernel: [    0.000000] Booting Linux on physical CPU 0x0000000000 [0x481fd010]
Oct 25 19:03:37 ubuntu systemd[1]: Mounted FUSE Control File System.
Oct 25 19:03:37 ubuntu kernel: [    0.000000] Linux version 5.7.1 (root@ubuntu) (gcc version 7.5.0 (Ubuntu/Linaro 7.5.0-3ubuntu1~18.04), GNU ld (GNU Binutils for Ubuntu) 2.30) #1 SMP Sun Oct 25 18:14:21 CST 2020
Oct 25 19:03:37 ubuntu kernel: [    0.000000] efi: EFI v2.70 by EDK II
Oct 25 19:03:37 ubuntu kernel: [    0.000000] efi:  SMBIOS 3.0=0x53f710000  ACPI 2.0=0x53c020000  MEMATTR=0x53cc7ca98  MEMRESERVE=0x53becd018 
Oct 25 19:03:37 ubuntu systemd[1]: Started Apply Kernel Variables.
Oct 25 19:03:37 ubuntu systemd[1]: Mounted Kernel Configuration File System.
Oct 25 19:03:37 ubuntu kernel: [    0.000000] cma: Reserved 32 MiB at 0x00000000fe000000
Oct 25 19:03:37 ubuntu systemd[1]: Starting udev Kernel Device Manager...
Oct 25 19:03:37 ubuntu kernel: [    0.000000] ACPI: Early table checksum verification disabled
Oct 25 19:03:37 ubuntu kernel: [    0.000000] ACPI: RSDP 0x000000053C020000 000024 (v02 BOCHS )
Oct 25 19:03:37 ubuntu kernel: [    0.000000] ACPI: XSDT 0x000000053BED0000 000054 (v01 BOCHS  BXPCFACP 00000001      01000013)
Oct 25 19:03:37 ubuntu kernel: [    0.000000] ACPI: FACP 0x000000053BE90000 00010C (v05 BOCHS  BXPCFACP 00000001 BXPC 00000001)
Oct 25 19:03:37 ubuntu kernel: [    0.000000] ACPI: DSDT 0x000000053BEA0000 001523 (v02 BOCHS  BXPCDSDT 00000001 BXPC 00000001)
Oct 25 19:03:37 ubuntu kernel: [    0.000000] ACPI: APIC 0x000000053BE80000 0009E8 (v03 BOCHS  BXPCAPIC 00000001 BXPC 00000001)
Oct 25 19:03:37 ubuntu kernel: [    0.000000] ACPI: GTDT 0x000000053BE70000 000060 (v02 BOCHS  BXPCGTDT 00000001 BXPC 00000001)
Oct 25 19:03:37 ubuntu kernel: [    0.000000] ACPI: MCFG 0x000000053BE60000 00003C (v01 BOCHS  BXPCMCFG 00000001 BXPC 00000001)
Oct 25 19:03:37 ubuntu kernel: [    0.000000] ACPI: SPCR 0x000000053BE50000 000050 (v02 BOCHS  BXPCSPCR 00000001 BXPC 00000001)
Oct 25 19:03:37 ubuntu systemd[1]: Reached target Local File Systems (Pre).
Oct 25 19:03:37 ubuntu systemd[1]: Starting Flush Journal to Persistent Storage...
Oct 25 19:03:37 ubuntu kernel: [    0.000000] ACPI: IORT 0x000000053BE40000 00007C (v00 BOCHS  BXPCIORT 00000001 BXPC 00000001)
Oct 25 19:03:37 ubuntu kernel: [    0.000000] ACPI: SPCR: console: pl011,mmio,0x9000000,9600
Oct 25 19:03:37 ubuntu kernel: [    0.000000] ACPI: NUMA: Failed to initialise from firmware
Oct 25 19:03:37 ubuntu kernel: [    0.000000] NUMA: Faking a node at [mem 0x0000000040000000-0x000000053fffffff]
Oct 25 19:03:37 ubuntu systemd[1]: Started udev Kernel Device Manager.
Oct 25 19:03:37 ubuntu kernel: [    0.000000] NUMA: NODE_DATA [mem 0x53d409300-0x53d40cfff]
Oct 25 19:03:37 ubuntu kernel: [    0.000000] Zone ranges:
Oct 25 19:03:37 ubuntu kernel: [    0.000000]   DMA      [mem 0x0000000040000000-0x000000007fffffff]
Oct 25 19:03:37 ubuntu kernel: [    0.000000]   DMA32    [mem 0x0000000080000000-0x00000000ffffffff]
Oct 25 19:03:37 ubuntu kernel: [    0.000000]   Normal   [mem 0x0000000100000000-0x000000053fffffff]
Oct 25 19:03:37 ubuntu kernel: [    0.000000] Movable zone start for each node
Oct 25 19:03:37 ubuntu systemd[1]: Started Flush Journal to Persistent Storage.
Oct 25 19:03:37 ubuntu kernel: [    0.000000] Early memory node ranges
Oct 25 19:03:37 ubuntu systemd[1]: Started udev Coldplug all Devices.
Oct 25 19:03:37 ubuntu kernel: [    0.000000]   node   0: [mem 0x0000000040000000-0x000000053bedffff]
Oct 25 19:03:37 ubuntu kernel: [    0.000000]   node   0: [mem 0x000000053bee0000-0x000000053bffffff]
Oct 25 19:03:37 ubuntu kernel: [    0.000000]   node   0: [mem 0x000000053c000000-0x000000053c02ffff]
Oct 25 19:03:37 ubuntu systemd[1]: Started Dispatch Password Requests to Console Directory Watch.
Oct 25 19:03:37 ubuntu kernel: [    0.000000]   node   0: [mem 0x000000053c030000-0x000000053c0affff]
Oct 25 19:03:37 ubuntu kernel: [    0.000000]   node   0: [mem 0x000000053c0b0000-0x000000053f57ffff]
Oct 25 19:03:37 ubuntu systemd[1]: Reached target Local Encrypted Volumes.
Oct 25 19:03:37 ubuntu systemd[1]: Found device /dev/ttyAMA0.
Oct 25 19:03:37 ubuntu systemd-udevd[933]: link_config: autonegotiation is unset or enabled, the speed and duplex are not writable.
Oct 25 19:03:37 ubuntu kernel: [    0.000000]   node   0: [mem 0x000000053f580000-0x000000053f95ffff]
Oct 25 19:03:37 ubuntu systemd-udevd[961]: link_config: autonegotiation is unset or enabled, the speed and duplex are not writable.
Oct 25 19:03:37 ubuntu kernel: [    0.000000]   node   0: [mem 0x000000053f960000-0x000000053fffffff]
Oct 25 19:03:37 ubuntu kernel: [    0.000000] Zeroed struct page in unavailable ranges: 544 pages
Oct 25 19:03:37 ubuntu kernel: [    0.000000] Initmem setup node 0 [mem 0x0000000040000000-0x000000053fffffff]
Oct 25 19:03:37 ubuntu kernel: [    0.000000] On node 0 totalpages: 5242880
Oct 25 19:03:37 ubuntu systemd[1]: Listening on Load/Save RF Kill Switch Status /dev/rfkill Watch.
Oct 25 19:03:37 ubuntu kernel: [    0.000000]   DMA zone: 5120 pages used for memmap
Oct 25 19:03:37 ubuntu kernel: [    0.000000]   DMA zone: 0 pages reserved
Oct 25 19:03:37 ubuntu kernel: [    0.000000]   DMA zone: 262144 pages, LIFO batch:63
Oct 25 19:03:37 ubuntu kernel: [    0.000000]   DMA32 zone: 10240 pages used for memmap
Oct 25 19:03:37 ubuntu kernel: [    0.000000]   DMA32 zone: 524288 pages, LIFO batch:63
Oct 25 19:03:37 ubuntu kernel: [    0.000000]   Normal zone: 87040 pages used for memmap
Oct 25 19:03:37 ubuntu kernel: [    0.000000]   Normal zone: 4456448 pages, LIFO batch:63
Oct 25 19:03:37 ubuntu kernel: [    0.000000] psci: probing for conduit method from ACPI.
Oct 25 19:03:37 ubuntu kernel: [    0.000000] psci: PSCIv1.0 detected in firmware.
Oct 25 19:03:37 ubuntu systemd[1]: Found device /dev/mapper/ubuntu--vg-swap_1.
Oct 25 19:03:37 ubuntu kernel: [    0.000000] psci: Using standard PSCI v0.2 function IDs
Oct 25 19:03:37 ubuntu kernel: [    0.000000] psci: Trusted OS migration not required
Oct 25 19:03:37 ubuntu kernel: [    0.000000] psci: SMC Calling Convention v1.1
Oct 25 19:03:37 ubuntu kernel: [    0.000000] ACPI: SRAT not present
Oct 25 19:03:37 ubuntu kernel: [    0.000000] percpu: Embedded 33 pages/cpu s94616 r8192 d32360 u135168
Oct 25 19:03:37 ubuntu kernel: [    0.000000] pcpu-alloc: s94616 r8192 d32360 u135168 alloc=33*4096
Oct 25 19:03:37 ubuntu kernel: [    0.000000] pcpu-alloc: [0] 00 [0] 01 [0] 02 [0] 03 [0] 04 [0] 05 [0] 06 [0] 07 
Oct 25 19:03:37 ubuntu kernel: [    0.000000] pcpu-alloc: [0] 08 [0] 09 [0] 10 [0] 11 [0] 12 [0] 13 [0] 14 [0] 15 
Oct 25 19:03:37 ubuntu kernel: [    0.000000] pcpu-alloc: [0] 16 [0] 17 [0] 18 [0] 19 [0] 20 [0] 21 [0] 22 [0] 23 
Oct 25 19:03:37 ubuntu kernel: [    0.000000] pcpu-alloc: [0] 24 [0] 25 [0] 26 [0] 27 [0] 28 [0] 29 [0] 30 [0] 31 
Oct 25 19:03:37 ubuntu kernel: [    0.000000] Detected VIPT I-cache on CPU0
Oct 25 19:03:37 ubuntu systemd[1]: Activating swap /dev/mapper/ubuntu--vg-swap_1...
Oct 25 19:03:37 ubuntu kernel: [    0.000000] CPU features: detected: GIC system register CPU interface
Oct 25 19:03:37 ubuntu systemd[1]: Activated swap /dev/mapper/ubuntu--vg-swap_1.
Oct 25 19:03:37 ubuntu kernel: [    0.000000] CPU features: detected: Hardware dirty bit management
Oct 25 19:03:37 ubuntu systemd[1]: Found device QEMU_HARDDISK 1.
Oct 25 19:03:37 ubuntu kernel: [    0.000000] Built 1 zonelists, mobility grouping on.  Total pages: 5140480
Oct 25 19:03:37 ubuntu systemd[1]: Starting File System Check on /dev/disk/by-uuid/5EA9-3D4C...
Oct 25 19:03:37 ubuntu kernel: [    0.000000] Policy zone: Normal
Oct 25 19:03:37 ubuntu kernel: [    0.000000] Kernel command line: BOOT_IMAGE=/boot/vmlinuz-5.7.1 root=/dev/mapper/ubuntu--vg-root ro
Oct 25 19:03:37 ubuntu kernel: [    0.000000] Dentry cache hash table entries: 4194304 (order: 13, 33554432 bytes, linear)
Oct 25 19:03:37 ubuntu systemd[1]: Created slice system-lvm2\x2dpvscan.slice.
Oct 25 19:03:37 ubuntu kernel: [    0.000000] Inode-cache hash table entries: 2097152 (order: 12, 16777216 bytes, linear)
Oct 25 19:03:37 ubuntu kernel: [    0.000000] mem auto-init: stack:off, heap alloc:on, heap free:off
Oct 25 19:03:37 ubuntu systemd[1]: Starting LVM2 PV scan on device 8:2...
Oct 25 19:03:37 ubuntu kernel: [    0.000000] software IO TLB: mapped [mem 0x7bfff000-0x7ffff000] (64MB)
Oct 25 19:03:37 ubuntu kernel: [    0.000000] Memory: 20269608K/20971520K available (14204K kernel code, 2354K rwdata, 6868K rodata, 7040K init, 1132K bss, 669144K reserved, 32768K cma-reserved)
Oct 25 19:03:37 ubuntu kernel: [    0.000000] random: get_random_u64 called from __kmem_cache_create+0x54/0x5d8 with crng_init=0
Oct 25 19:03:37 ubuntu kernel: [    0.000000] SLUB: HWalign=64, Order=0-3, MinObjects=0, CPUs=32, Nodes=1
Oct 25 19:03:37 ubuntu kernel: [    0.000000] ftrace: allocating 46106 entries in 181 pages
Oct 25 19:03:37 ubuntu kernel: [    0.000000] ftrace: allocated 181 pages with 5 groups
Oct 25 19:03:37 ubuntu kernel: [    0.000000] rcu: Hierarchical RCU implementation.
Oct 25 19:03:37 ubuntu kernel: [    0.000000] rcu: 	RCU restricting CPUs from NR_CPUS=256 to nr_cpu_ids=32.
Oct 25 19:03:37 ubuntu kernel: [    0.000000] 	Tasks RCU enabled.
Oct 25 19:03:37 ubuntu kernel: [    0.000000] rcu: RCU calculated value of scheduler-enlistment delay is 25 jiffies.
Oct 25 19:03:37 ubuntu kernel: [    0.000000] rcu: Adjusting geometry for rcu_fanout_leaf=16, nr_cpu_ids=32
Oct 25 19:03:37 ubuntu kernel: [    0.000000] NR_IRQS: 64, nr_irqs: 64, preallocated irqs: 0
Oct 25 19:03:37 ubuntu kernel: [    0.000000] GICv3: 256 SPIs implemented
Oct 25 19:03:37 ubuntu kernel: [    0.000000] GICv3: 0 Extended SPIs implemented
Oct 25 19:03:37 ubuntu systemd[1]: Reached target Swap.
Oct 25 19:03:37 ubuntu kernel: [    0.000000] GICv3: Distributor has no Range Selector support
Oct 25 19:03:37 ubuntu kernel: [    0.000000] GICv3: 16 PPIs implemented
Oct 25 19:03:37 ubuntu kernel: [    0.000000] GICv3: CPU0: found redistributor 0 region 0:0x00000000080a0000
Oct 25 19:03:37 ubuntu systemd[1]: Started File System Check Daemon to report status.
Oct 25 19:03:37 ubuntu systemd-fsck[1055]: fsck.fat 4.1 (2017-01-24)
Oct 25 19:03:37 ubuntu kernel: [    0.000000] ACPI: SRAT not present
Oct 25 19:03:37 ubuntu systemd-fsck[1055]: /dev/sda1: 5 files, 41/65501 clusters
Oct 25 19:03:37 ubuntu systemd[1]: Started File System Check on /dev/disk/by-uuid/5EA9-3D4C.
Oct 25 19:03:37 ubuntu lvm[1056]:   2 logical volume(s) in volume group "ubuntu-vg" now active
Oct 25 19:03:37 ubuntu systemd[1]: Mounting /boot/efi...
Oct 25 19:03:37 ubuntu kernel: [    0.000000] ITS [mem 0x08080000-0x0809ffff]
Oct 25 19:03:37 ubuntu kernel: [    0.000000] ITS@0x0000000008080000: allocated 8192 Devices @53ca00000 (indirect, esz 8, psz 64K, shr 1)
Oct 25 19:03:37 ubuntu systemd[1]: Started LVM2 PV scan on device 8:2.
Oct 25 19:03:37 ubuntu systemd[1]: Mounted /boot/efi.
Oct 25 19:03:37 ubuntu systemd[1]: Reached target Local File Systems.
Oct 25 19:03:37 ubuntu systemd[1]: Starting ebtables ruleset management...
Oct 25 19:03:37 ubuntu kernel: [    0.000000] ITS@0x0000000008080000: allocated 8192 Interrupt Collections @53ca10000 (flat, esz 8, psz 64K, shr 1)
Oct 25 19:03:37 ubuntu systemd[1]: Starting Tell Plymouth To Write Out Runtime Data...
Oct 25 19:03:37 ubuntu systemd[1]: Starting Set console font and keymap...
Oct 25 19:03:37 ubuntu systemd[1]: Starting AppArmor initialization...
Oct 25 19:03:37 ubuntu systemd[1]: Starting Create Volatile Files and Directories...
Oct 25 19:03:37 ubuntu kernel: [    0.000000] GICv3: using LPI property table @0x000000053ca20000
Oct 25 19:03:37 ubuntu systemd[1]: Started Set console font and keymap.
Oct 25 19:03:37 ubuntu systemd[1]: Started Tell Plymouth To Write Out Runtime Data.
Oct 25 19:03:37 ubuntu systemd[1]: Started Create Volatile Files and Directories.
Oct 25 19:03:37 ubuntu systemd[1]: Starting Network Time Synchronization...
Oct 25 19:03:37 ubuntu kernel: [    0.000000] GICv3: CPU0: using allocated LPI pending table @0x000000053ca30000
Oct 25 19:03:37 ubuntu systemd[1]: Starting Update UTMP about System Boot/Shutdown...
Oct 25 19:03:37 ubuntu kernel: [    0.000000] arch_timer: cp15 timer(s) running at 100.00MHz (virt).
Oct 25 19:03:37 ubuntu kernel: [    0.000000] clocksource: arch_sys_counter: mask: 0xffffffffffffff max_cycles: 0x171024e7e0, max_idle_ns: 440795205315 ns
Oct 25 19:03:37 ubuntu apparmor[1066]:  * Starting AppArmor profiles
Oct 25 19:03:37 ubuntu kernel: [    0.000001] sched_clock: 56 bits at 100MHz, resolution 10ns, wraps every 4398046511100ns
Oct 25 19:03:37 ubuntu kernel: [    0.000262] Console: colour dummy device 80x25
Oct 25 19:03:37 ubuntu kernel: [    0.000329] ACPI: Core revision 20200326
Oct 25 19:03:37 ubuntu kernel: [    0.000503] Calibrating delay loop (skipped), value calculated using timer frequency.. 200.00 BogoMIPS (lpj=400000)
Oct 25 19:03:37 ubuntu kernel: [    0.000506] pid_max: default: 32768 minimum: 301
Oct 25 19:03:37 ubuntu kernel: [    0.000582] LSM: Security Framework initializing
Oct 25 19:03:37 ubuntu kernel: [    0.000612] Yama: becoming mindful.
Oct 25 19:03:37 ubuntu kernel: [    0.000787] AppArmor: AppArmor initialized
Oct 25 19:03:37 ubuntu kernel: [    0.001209] Mount-cache hash table entries: 65536 (order: 7, 524288 bytes, linear)
Oct 25 19:03:37 ubuntu kernel: [    0.001552] Mountpoint-cache hash table entries: 65536 (order: 7, 524288 bytes, linear)
Oct 25 19:03:37 ubuntu kernel: [    0.003310] ACPI PPTT: No PPTT table found, CPU and cache topology may be inaccurate
Oct 25 19:03:37 ubuntu kernel: [    0.003643] rcu: Hierarchical SRCU implementation.
Oct 25 19:03:37 ubuntu kernel: [    0.004451] Platform MSI: ITS@0x8080000 domain created
Oct 25 19:03:37 ubuntu kernel: [    0.004467] PCI/MSI: ITS@0x8080000 domain created
Oct 25 19:03:37 ubuntu kernel: [    0.004517] Remapping and enabling EFI services.
Oct 25 19:03:37 ubuntu kernel: [    0.004532] [mitosis-origin] pgd_alloc for mm=ffff800011dcda40 and mm->pgd =ffff0004df9ba000.
Oct 25 19:03:37 ubuntu kernel: [    0.005866] smp: Bringing up secondary CPUs ...
Oct 25 19:03:37 ubuntu kernel: [    0.286851] Detected VIPT I-cache on CPU1
Oct 25 19:03:37 ubuntu kernel: [    0.286889] GICv3: CPU1: found redistributor 1 region 0:0x00000000080c0000
Oct 25 19:03:37 ubuntu kernel: [    0.287096] GICv3: CPU1: using allocated LPI pending table @0x000000053ca40000
Oct 25 19:03:37 ubuntu kernel: [    0.287128] CPU1: Booted secondary processor 0x0000000001 [0x481fd010]
Oct 25 19:03:37 ubuntu kernel: [    0.570369] Detected VIPT I-cache on CPU2
Oct 25 19:03:37 ubuntu kernel: [    0.570409] GICv3: CPU2: found redistributor 2 region 0:0x00000000080e0000
Oct 25 19:03:37 ubuntu kernel: [    0.570752] GICv3: CPU2: using allocated LPI pending table @0x000000053ca50000
Oct 25 19:03:37 ubuntu kernel: [    0.570811] CPU2: Booted secondary processor 0x0000000002 [0x481fd010]
Oct 25 19:03:37 ubuntu kernel: [    0.853646] Detected VIPT I-cache on CPU3
Oct 25 19:03:37 ubuntu kernel: [    0.853670] GICv3: CPU3: found redistributor 3 region 0:0x0000000008100000
Oct 25 19:03:37 ubuntu kernel: [    0.853932] GICv3: CPU3: using allocated LPI pending table @0x000000053ca60000
Oct 25 19:03:37 ubuntu kernel: [    0.853969] CPU3: Booted secondary processor 0x0000000003 [0x481fd010]
Oct 25 19:03:37 ubuntu kernel: [    1.129348] Detected VIPT I-cache on CPU4
Oct 25 19:03:37 ubuntu kernel: [    1.129372] GICv3: CPU4: found redistributor 4 region 0:0x0000000008120000
Oct 25 19:03:37 ubuntu kernel: [    1.129647] GICv3: CPU4: using allocated LPI pending table @0x000000053ca70000
Oct 25 19:03:37 ubuntu kernel: [    1.129680] CPU4: Booted secondary processor 0x0000000004 [0x481fd010]
Oct 25 19:03:37 ubuntu kernel: [    1.241856] Detected VIPT I-cache on CPU5
Oct 25 19:03:37 ubuntu kernel: [    1.241939] GICv3: CPU5: found redistributor 5 region 0:0x0000000008140000
Oct 25 19:03:37 ubuntu kernel: [    1.242412] GICv3: CPU5: using allocated LPI pending table @0x000000053ca80000
Oct 25 19:03:37 ubuntu kernel: [    1.242515] CPU5: Booted secondary processor 0x0000000005 [0x481fd010]
Oct 25 19:03:37 ubuntu kernel: [    1.516825] Detected VIPT I-cache on CPU6
Oct 25 19:03:37 ubuntu kernel: [    1.516846] GICv3: CPU6: found redistributor 6 region 0:0x0000000008160000
Oct 25 19:03:37 ubuntu kernel: [    1.517104] GICv3: CPU6: using allocated LPI pending table @0x000000053ca90000
Oct 25 19:03:37 ubuntu kernel: [    1.517133] CPU6: Booted secondary processor 0x0000000006 [0x481fd010]
Oct 25 19:03:37 ubuntu kernel: [    1.622206] Detected VIPT I-cache on CPU7
Oct 25 19:03:37 ubuntu kernel: [    1.622263] GICv3: CPU7: found redistributor 7 region 0:0x0000000008180000
Oct 25 19:03:37 ubuntu kernel: [    1.622575] GICv3: CPU7: using allocated LPI pending table @0x000000053caa0000
Oct 25 19:03:37 ubuntu kernel: [    1.622632] CPU7: Booted secondary processor 0x0000000007 [0x481fd010]
Oct 25 19:03:37 ubuntu kernel: [    1.881851] Detected VIPT I-cache on CPU8
Oct 25 19:03:37 ubuntu kernel: [    1.881896] GICv3: CPU8: found redistributor 8 region 0:0x00000000081a0000
Oct 25 19:03:37 ubuntu kernel: [    1.882176] GICv3: CPU8: using allocated LPI pending table @0x000000053cab0000
Oct 25 19:03:37 ubuntu kernel: [    1.882218] CPU8: Booted secondary processor 0x0000000008 [0x481fd010]
Oct 25 19:03:37 ubuntu kernel: [    1.986477] Detected VIPT I-cache on CPU9
Oct 25 19:03:37 ubuntu kernel: [    1.986536] GICv3: CPU9: found redistributor 9 region 0:0x00000000081c0000
Oct 25 19:03:37 ubuntu kernel: [    1.986826] GICv3: CPU9: using allocated LPI pending table @0x000000053cac0000
Oct 25 19:03:37 ubuntu kernel: [    1.986880] CPU9: Booted secondary processor 0x0000000009 [0x481fd010]
Oct 25 19:03:37 ubuntu kernel: [    2.124276] Detected VIPT I-cache on CPU10
Oct 25 19:03:37 ubuntu kernel: [    2.124312] GICv3: CPU10: found redistributor a region 0:0x00000000081e0000
Oct 25 19:03:37 ubuntu kernel: [    2.124594] GICv3: CPU10: using allocated LPI pending table @0x000000053cad0000
Oct 25 19:03:37 ubuntu kernel: [    2.124631] CPU10: Booted secondary processor 0x000000000a [0x481fd010]
Oct 25 19:03:37 ubuntu kernel: [    2.230940] Detected VIPT I-cache on CPU11
Oct 25 19:03:37 ubuntu kernel: [    2.231008] GICv3: CPU11: found redistributor b region 0:0x0000000008200000
Oct 25 19:03:37 ubuntu kernel: [    2.231314] GICv3: CPU11: using allocated LPI pending table @0x000000053cae0000
Oct 25 19:03:37 ubuntu kernel: [    2.231368] CPU11: Booted secondary processor 0x000000000b [0x481fd010]
Oct 25 19:03:37 ubuntu kernel: [    2.455524] Detected VIPT I-cache on CPU12
Oct 25 19:03:37 ubuntu kernel: [    2.455571] GICv3: CPU12: found redistributor c region 0:0x0000000008220000
Oct 25 19:03:37 ubuntu kernel: [    2.455880] GICv3: CPU12: using allocated LPI pending table @0x000000053caf0000
Oct 25 19:03:37 ubuntu kernel: [    2.455923] CPU12: Booted secondary processor 0x000000000c [0x481fd010]
Oct 25 19:03:37 ubuntu kernel: [    2.732827] Detected VIPT I-cache on CPU13
Oct 25 19:03:37 ubuntu kernel: [    2.732882] GICv3: CPU13: found redistributor d region 0:0x0000000008240000
Oct 25 19:03:37 ubuntu kernel: [    2.733136] GICv3: CPU13: using allocated LPI pending table @0x000000053cb00000
Oct 25 19:03:37 ubuntu kernel: [    2.733169] CPU13: Booted secondary processor 0x000000000d [0x481fd010]
Oct 25 19:03:37 ubuntu kernel: [    2.847227] Detected VIPT I-cache on CPU14
Oct 25 19:03:37 ubuntu kernel: [    2.847292] GICv3: CPU14: found redistributor e region 0:0x0000000008260000
Oct 25 19:03:37 ubuntu kernel: [    2.847525] GICv3: CPU14: using allocated LPI pending table @0x000000053cb10000
Oct 25 19:03:37 ubuntu systemd[1]: Started ebtables ruleset management.
Oct 25 19:03:37 ubuntu kernel: [    2.847564] CPU14: Booted secondary processor 0x000000000e [0x481fd010]
Oct 25 19:03:37 ubuntu kernel: [    2.952958] Detected VIPT I-cache on CPU15
Oct 25 19:03:37 ubuntu kernel: [    2.953005] GICv3: CPU15: found redistributor f region 0:0x0000000008280000
Oct 25 19:03:37 ubuntu kernel: [    2.953252] GICv3: CPU15: using allocated LPI pending table @0x000000053cb20000
Oct 25 19:03:37 ubuntu kernel: [    2.953291] CPU15: Booted secondary processor 0x000000000f [0x481fd010]
Oct 25 19:03:37 ubuntu systemd[1]: Reached target Network (Pre).
Oct 25 19:03:37 ubuntu kernel: [    3.059109] Detected VIPT I-cache on CPU16
Oct 25 19:03:37 ubuntu kernel: [    3.059158] GICv3: CPU16: found redistributor 100 region 0:0x00000000082a0000
Oct 25 19:03:37 ubuntu kernel: [    3.059364] GICv3: CPU16: using allocated LPI pending table @0x000000053cb30000
Oct 25 19:03:37 ubuntu kernel: [    3.059398] CPU16: Booted secondary processor 0x0000000100 [0x481fd010]
Oct 25 19:03:37 ubuntu kernel: [    3.164713] Detected VIPT I-cache on CPU17
Oct 25 19:03:37 ubuntu systemd[1]: Starting Network Service...
Oct 25 19:03:37 ubuntu kernel: [    3.164764] GICv3: CPU17: found redistributor 101 region 0:0x00000000082c0000
Oct 25 19:03:37 ubuntu kernel: [    3.164964] GICv3: CPU17: using allocated LPI pending table @0x000000053cb40000
Oct 25 19:03:37 ubuntu systemd[1]: Started Update UTMP about System Boot/Shutdown.
Oct 25 19:03:37 ubuntu kernel: [    3.164996] CPU17: Booted secondary processor 0x0000000101 [0x481fd010]
Oct 25 19:03:37 ubuntu systemd-networkd[1087]: Enumeration completed
Oct 25 19:03:37 ubuntu kernel: [    3.448276] Detected VIPT I-cache on CPU18
Oct 25 19:03:37 ubuntu kernel: [    3.448330] GICv3: CPU18: found redistributor 102 region 0:0x00000000082e0000
Oct 25 19:03:37 ubuntu kernel: [    3.448694] GICv3: CPU18: using allocated LPI pending table @0x000000053cb50000
Oct 25 19:03:37 ubuntu kernel: [    3.448733] CPU18: Booted secondary processor 0x0000000102 [0x481fd010]
Oct 25 19:03:37 ubuntu systemd[1]: Started Network Service.
Oct 25 19:03:37 ubuntu kernel: [    3.728755] Detected VIPT I-cache on CPU19
Oct 25 19:03:37 ubuntu kernel: [    3.728826] GICv3: CPU19: found redistributor 103 region 0:0x0000000008300000
Oct 25 19:03:37 ubuntu kernel: [    3.729053] GICv3: CPU19: using allocated LPI pending table @0x000000053cb60000
Oct 25 19:03:37 ubuntu systemd-networkd[1087]: lo: Link is not managed by us
Oct 25 19:03:37 ubuntu kernel: [    3.729083] CPU19: Booted secondary processor 0x0000000103 [0x481fd010]
Oct 25 19:03:37 ubuntu kernel: [    3.843980] Detected VIPT I-cache on CPU20
Oct 25 19:03:37 ubuntu kernel: [    3.844034] GICv3: CPU20: found redistributor 104 region 0:0x0000000008320000
Oct 25 19:03:37 ubuntu kernel: [    3.844296] GICv3: CPU20: using allocated LPI pending table @0x000000053cb70000
Oct 25 19:03:37 ubuntu systemd[1]: Starting Network Name Resolution...
Oct 25 19:03:37 ubuntu kernel: [    3.844332] CPU20: Booted secondary processor 0x0000000104 [0x481fd010]
Oct 25 19:03:37 ubuntu kernel: [    3.951231] Detected VIPT I-cache on CPU21
Oct 25 19:03:37 ubuntu kernel: [    3.951290] GICv3: CPU21: found redistributor 105 region 0:0x0000000008340000
Oct 25 19:03:37 ubuntu systemd[1]: Starting Wait for Network to be Configured...
Oct 25 19:03:37 ubuntu kernel: [    3.951526] GICv3: CPU21: using allocated LPI pending table @0x000000053cb80000
Oct 25 19:03:37 ubuntu kernel: [    3.951562] CPU21: Booted secondary processor 0x0000000105 [0x481fd010]
Oct 25 19:03:37 ubuntu kernel: [    4.058226] Detected VIPT I-cache on CPU22
Oct 25 19:03:37 ubuntu kernel: [    4.058289] GICv3: CPU22: found redistributor 106 region 0:0x0000000008360000
Oct 25 19:03:37 ubuntu kernel: [    4.058532] GICv3: CPU22: using allocated LPI pending table @0x000000053cb90000
Oct 25 19:03:37 ubuntu kernel: [    4.058569] CPU22: Booted secondary processor 0x0000000106 [0x481fd010]
Oct 25 19:03:37 ubuntu systemd[1]: Started Network Time Synchronization.
Oct 25 19:03:37 ubuntu kernel: [    4.342635] Detected VIPT I-cache on CPU23
Oct 25 19:03:37 ubuntu systemd[1]: Reached target System Time Synchronized.
Oct 25 19:03:37 ubuntu kernel: [    4.342704] GICv3: CPU23: found redistributor 107 region 0:0x0000000008380000
Oct 25 19:03:37 ubuntu kernel: [    4.343012] GICv3: CPU23: using allocated LPI pending table @0x000000053cba0000
Oct 25 19:03:37 ubuntu kernel: [    4.343053] CPU23: Booted secondary processor 0x0000000107 [0x481fd010]
Oct 25 19:03:37 ubuntu kernel: [    4.625187] Detected VIPT I-cache on CPU24
Oct 25 19:03:37 ubuntu systemd-networkd-wait-online[1123]: ignoring: lo
Oct 25 19:03:37 ubuntu kernel: [    4.625272] GICv3: CPU24: found redistributor 108 region 0:0x00000000083a0000
Oct 25 19:03:37 ubuntu apparmor[1066]: Skipping profile in /etc/apparmor.d/disable: usr.sbin.rsyslogd
Oct 25 19:03:37 ubuntu kernel: [    4.625469] GICv3: CPU24: using allocated LPI pending table @0x000000053cbb0000
Oct 25 19:03:37 ubuntu kernel: [    4.625503] CPU24: Booted secondary processor 0x0000000108 [0x481fd010]
Oct 25 19:03:37 ubuntu kernel: [    4.732929] Detected VIPT I-cache on CPU25
Oct 25 19:03:37 ubuntu kernel: [    4.733069] GICv3: CPU25: found redistributor 109 region 0:0x00000000083c0000
Oct 25 19:03:37 ubuntu kernel: [    4.733359] GICv3: CPU25: using allocated LPI pending table @0x000000053cbc0000
Oct 25 19:03:37 ubuntu kernel: [    4.733425] CPU25: Booted secondary processor 0x0000000109 [0x481fd010]
Oct 25 19:03:37 ubuntu kernel: [    4.939631] Detected VIPT I-cache on CPU26
Oct 25 19:03:37 ubuntu kernel: [    4.939692] GICv3: CPU26: found redistributor 10a region 0:0x00000000083e0000
Oct 25 19:03:37 ubuntu kernel: [    4.939972] GICv3: CPU26: using allocated LPI pending table @0x000000053cbd0000
Oct 25 19:03:37 ubuntu kernel: [    4.940020] CPU26: Booted secondary processor 0x000000010a [0x481fd010]
Oct 25 19:03:37 ubuntu kernel: [    5.046631] Detected VIPT I-cache on CPU27
Oct 25 19:03:37 ubuntu kernel: [    5.046704] GICv3: CPU27: found redistributor 10b region 0:0x0000000008400000
Oct 25 19:03:37 ubuntu kernel: [    5.046950] GICv3: CPU27: using allocated LPI pending table @0x000000053cbe0000
Oct 25 19:03:37 ubuntu kernel: [    5.046986] CPU27: Booted secondary processor 0x000000010b [0x481fd010]
Oct 25 19:03:37 ubuntu kernel: [    5.297160] Detected VIPT I-cache on CPU28
Oct 25 19:03:37 ubuntu kernel: [    5.297240] GICv3: CPU28: found redistributor 10c region 0:0x0000000008420000
Oct 25 19:03:37 ubuntu kernel: [    5.297571] GICv3: CPU28: using allocated LPI pending table @0x000000053cbf0000
Oct 25 19:03:37 ubuntu kernel: [    5.297618] CPU28: Booted secondary processor 0x000000010c [0x481fd010]
Oct 25 19:03:37 ubuntu kernel: [    5.413571] Detected VIPT I-cache on CPU29
Oct 25 19:03:37 ubuntu kernel: [    5.413649] GICv3: CPU29: found redistributor 10d region 0:0x0000000008440000
Oct 25 19:03:37 ubuntu systemd-networkd[1087]: enp1s0: Gained carrier
Oct 25 19:03:37 ubuntu systemd-networkd-wait-online[1123]: ignoring: lo
Oct 25 19:03:37 ubuntu systemd-timesyncd[1080]: Network configuration changed, trying to establish connection.
Oct 25 19:03:37 ubuntu systemd-networkd-wait-online[1123]: ignoring: lo
Oct 25 19:03:37 ubuntu kernel: [    5.414010] GICv3: CPU29: using allocated LPI pending table @0x000000051f800000
Oct 25 19:03:37 ubuntu kernel: [    5.414048] CPU29: Booted secondary processor 0x000000010d [0x481fd010]
Oct 25 19:03:37 ubuntu kernel: [    5.528530] Detected VIPT I-cache on CPU30
Oct 25 19:03:37 ubuntu kernel: [    5.528687] GICv3: CPU30: found redistributor 10e region 0:0x0000000008460000
Oct 25 19:03:37 ubuntu systemd-resolved[1121]: Positive Trust Anchors:
Oct 25 19:03:37 ubuntu kernel: [    5.529056] GICv3: CPU30: using allocated LPI pending table @0x000000051f810000
Oct 25 19:03:37 ubuntu kernel: [    5.529128] CPU30: Booted secondary processor 0x000000010e [0x481fd010]
Oct 25 19:03:37 ubuntu kernel: [    5.642813] Detected VIPT I-cache on CPU31
Oct 25 19:03:37 ubuntu systemd-resolved[1121]: . IN DS 19036 8 2 49aac11d7b6f6446702e54a1607371607a1a41855200fd2ce1cdde32f24e8fb5
Oct 25 19:03:37 ubuntu systemd-resolved[1121]: . IN DS 20326 8 2 e06d44b80b8f1d39a95c0b0d7c65d08458e880409bbc683457104237c7f8ec8d
Oct 25 19:03:37 ubuntu systemd-resolved[1121]: Negative trust anchors: 10.in-addr.arpa 16.172.in-addr.arpa 17.172.in-addr.arpa 18.172.in-addr.arpa 19.172.in-addr.arpa 20.172.in-addr.arpa 21.172.in-addr.arpa 22.172.in-addr.arpa 23.172.in-addr.arpa 24.172.in-addr.arpa 25.172.in-addr.arpa 26.172.in-addr.arpa 27.172.in-addr.arpa 28.172.in-addr.arpa 29.172.in-addr.arpa 30.172.in-addr.arpa 31.172.in-addr.arpa 168.192.in-addr.arpa d.f.ip6.arpa corp home internal intranet lan local private test
Oct 25 19:03:37 ubuntu kernel: [    5.642991] GICv3: CPU31: found redistributor 10f region 0:0x0000000008480000
Oct 25 19:03:37 ubuntu kernel: [    5.643371] GICv3: CPU31: using allocated LPI pending table @0x000000051f820000
Oct 25 19:03:37 ubuntu kernel: [    5.643455] CPU31: Booted secondary processor 0x000000010f [0x481fd010]
Oct 25 19:03:37 ubuntu kernel: [    5.643785] smp: Brought up 1 node, 32 CPUs
Oct 25 19:03:37 ubuntu kernel: [    5.643896] SMP: Total of 32 processors activated.
Oct 25 19:03:37 ubuntu systemd-resolved[1121]: Using system hostname 'ubuntu'.
Oct 25 19:03:37 ubuntu systemd[1]: Started Network Name Resolution.
Oct 25 19:03:37 ubuntu systemd[1]: Reached target Network.
Oct 25 19:03:37 ubuntu systemd[1]: Reached target Host and Network Name Lookups.
Oct 25 19:03:37 ubuntu apparmor[1066]:    ...done.
Oct 25 19:03:37 ubuntu kernel: [    5.643900] CPU features: detected: Privileged Access Never
Oct 25 19:03:37 ubuntu systemd[1]: Started AppArmor initialization.
Oct 25 19:03:37 ubuntu kernel: [    5.643903] CPU features: detected: LSE atomic instructions
Oct 25 19:03:37 ubuntu kernel: [    5.643905] CPU features: detected: User Access Override
Oct 25 19:03:37 ubuntu kernel: [    5.643910] CPU features: detected: Common not Private translations
Oct 25 19:03:37 ubuntu systemd[1]: Reached target System Initialization.
Oct 25 19:03:37 ubuntu kernel: [    5.643912] CPU features: detected: Data cache clean to Point of Persistence
Oct 25 19:03:37 ubuntu kernel: [    5.643915] CPU features: detected: RAS Extension Support
Oct 25 19:03:37 ubuntu kernel: [    5.643918] CPU features: detected: CRC32 instructions
Oct 25 19:03:37 ubuntu kernel: [    5.750415] CPU: All CPU(s) started at EL1
Oct 25 19:03:37 ubuntu kernel: [    5.750769] alternatives: patching kernel code
Oct 25 19:03:37 ubuntu systemd[1]: Started Daily Cleanup of Temporary Directories.
Oct 25 19:03:37 ubuntu kernel: [    5.756825] devtmpfs: initialized
Oct 25 19:03:37 ubuntu systemd[1]: Started Daily apt download activities.
Oct 25 19:03:37 ubuntu kernel: [    5.758664] Registered cp15_barrier emulation handler
Oct 25 19:03:37 ubuntu kernel: [    5.758831] Registered setend emulation handler
Oct 25 19:03:37 ubuntu systemd[1]: Listening on D-Bus System Message Bus Socket.
Oct 25 19:03:37 ubuntu kernel: [    5.758835] KASLR disabled due to lack of seed
Oct 25 19:03:37 ubuntu systemd[1]: Listening on ACPID Listen Socket.
Oct 25 19:03:37 ubuntu systemd[1]: Starting Socket activation for snappy daemon.
Oct 25 19:03:37 ubuntu systemd[1]: Listening on Open-iSCSI iscsid Socket.
Oct 25 19:03:37 ubuntu systemd[1]: Listening on UUID daemon activation socket.
Oct 25 19:03:37 ubuntu systemd[1]: Starting LXD - unix socket.
Oct 25 19:03:37 ubuntu kernel: [    5.759675] clocksource: jiffies: mask: 0xffffffff max_cycles: 0xffffffff, max_idle_ns: 7645041785100000 ns
Oct 25 19:03:37 ubuntu systemd[1]: Started ACPI Events Check.
Oct 25 19:03:37 ubuntu kernel: [    5.760034] futex hash table entries: 8192 (order: 7, 524288 bytes, linear)
Oct 25 19:03:37 ubuntu kernel: [    5.761186] pinctrl core: initialized pinctrl subsystem
Oct 25 19:03:37 ubuntu kernel: [    5.761792] thermal_sys: Registered thermal governor 'fair_share'
Oct 25 19:03:37 ubuntu kernel: [    5.761793] thermal_sys: Registered thermal governor 'bang_bang'
Oct 25 19:03:37 ubuntu systemd[1]: Reached target Paths.
Oct 25 19:03:37 ubuntu kernel: [    5.761795] thermal_sys: Registered thermal governor 'step_wise'
Oct 25 19:03:37 ubuntu kernel: [    5.761797] thermal_sys: Registered thermal governor 'user_space'
Oct 25 19:03:37 ubuntu kernel: [    5.761926] SMBIOS 3.0.0 present.
Oct 25 19:03:37 ubuntu kernel: [    5.761931] DMI: QEMU KVM Virtual Machine, BIOS 0.0.0 02/06/2015
Oct 25 19:03:37 ubuntu systemd[1]: Started Message of the Day.
Oct 25 19:03:37 ubuntu kernel: [    5.762661] NET: Registered protocol family 16
Oct 25 19:03:37 ubuntu systemd[1]: Started Discard unused blocks once a week.
Oct 25 19:03:37 ubuntu systemd[1]: Started Daily apt upgrade and clean activities.
Oct 25 19:03:37 ubuntu systemd[1]: Reached target Timers.
Oct 25 19:03:37 ubuntu kernel: [    5.764729] DMA: preallocated 256 KiB pool for atomic allocations
Oct 25 19:03:37 ubuntu kernel: [    5.764736] audit: initializing netlink subsys (disabled)
Oct 25 19:03:37 ubuntu systemd[1]: Listening on Socket activation for snappy daemon.
Oct 25 19:03:37 ubuntu kernel: [    5.765172] audit: type=2000 audit(5.432:1): state=initialized audit_enabled=0 res=1
Oct 25 19:03:37 ubuntu kernel: [    5.765614] cpuidle: using governor ladder
Oct 25 19:03:37 ubuntu kernel: [    5.765630] cpuidle: using governor menu
Oct 25 19:03:37 ubuntu kernel: [    5.765708] hw-breakpoint: found 6 breakpoint and 4 watchpoint registers.
Oct 25 19:03:37 ubuntu systemd[1]: Listening on LXD - unix socket.
Oct 25 19:03:37 ubuntu kernel: [    5.767581] ASID allocator initialised with 65536 entries
Oct 25 19:03:37 ubuntu kernel: [    5.767718] ACPI: bus type PCI registered
Oct 25 19:03:37 ubuntu kernel: [    5.767729] acpiphp: ACPI Hot Plug PCI Controller Driver version: 0.5
Oct 25 19:03:37 ubuntu systemd[1]: Reached target Sockets.
Oct 25 19:03:37 ubuntu kernel: [    5.767954] Serial: AMBA PL011 UART driver
Oct 25 19:03:37 ubuntu kernel: [    5.772462] HugeTLB registered 1.00 GiB page size, pre-allocated 0 pages
Oct 25 19:03:37 ubuntu kernel: [    5.772465] HugeTLB registered 32.0 MiB page size, pre-allocated 0 pages
Oct 25 19:03:37 ubuntu systemd[1]: Reached target Basic System.
Oct 25 19:03:37 ubuntu kernel: [    5.772466] HugeTLB registered 2.00 MiB page size, pre-allocated 0 pages
Oct 25 19:03:37 ubuntu systemd[1]: Starting System Logging Service...
Oct 25 19:03:37 ubuntu kernel: [    5.772468] HugeTLB registered 64.0 KiB page size, pre-allocated 0 pages
Oct 25 19:03:37 ubuntu systemd[1]: Starting LSB: Record successful boot for GRUB...
Oct 25 19:03:37 ubuntu systemd[1]: Starting Login Service...
Oct 25 19:03:37 ubuntu systemd[1]: Started irqbalance daemon.
Oct 25 19:03:37 ubuntu systemd[1]: Starting Snappy daemon...
Oct 25 19:03:37 ubuntu kernel: [    5.791614] ACPI: Added _OSI(Module Device)
Oct 25 19:03:37 ubuntu rsyslogd: imuxsock: Acquired UNIX socket '/run/systemd/journal/syslog' (fd 3) from systemd.  [v8.32.0]
Oct 25 19:03:37 ubuntu kernel: [    5.791616] ACPI: Added _OSI(Processor Device)
Oct 25 19:03:37 ubuntu kernel: [    5.791618] ACPI: Added _OSI(3.0 _SCP Extensions)
Oct 25 19:03:37 ubuntu rsyslogd: rsyslogd's groupid changed to 106
Oct 25 19:03:37 ubuntu rsyslogd: rsyslogd's userid changed to 102
Oct 25 19:03:37 ubuntu kernel: [    5.791619] ACPI: Added _OSI(Processor Aggregator Device)
Oct 25 19:03:37 ubuntu kernel: [    5.791621] ACPI: Added _OSI(Linux-Dell-Video)
Oct 25 19:03:37 ubuntu rsyslogd:  [origin software="rsyslogd" swVersion="8.32.0" x-pid="1156" x-info="http://www.rsyslog.com"] start
Oct 25 19:03:37 ubuntu kernel: [    5.791623] ACPI: Added _OSI(Linux-Lenovo-NV-HDMI-Audio)
Oct 25 19:03:37 ubuntu kernel: [    5.791625] ACPI: Added _OSI(Linux-HPI-Hybrid-Graphics)
Oct 25 19:03:37 ubuntu kernel: [    5.792477] ACPI: 1 ACPI AML tables successfully acquired and loaded
Oct 25 19:03:37 ubuntu kernel: [    5.793017] ACPI: Interpreter enabled
Oct 25 19:03:37 ubuntu kernel: [    5.793020] ACPI: Using GIC for interrupt routing
Oct 25 19:03:37 ubuntu kernel: [    5.793048] ACPI: MCFG table detected, 1 entries
Oct 25 19:03:37 ubuntu kernel: [    5.797593] ARMH0011:00: ttyAMA0 at MMIO 0x9000000 (irq = 4, base_baud = 0) is a SBSA
Oct 25 19:03:37 ubuntu kernel: [    5.954086] printk: console [ttyAMA0] enabled
Oct 25 19:03:37 ubuntu kernel: [    5.956670] ACPI: PCI Root Bridge [PCI0] (domain 0000 [bus 00-0f])
Oct 25 19:03:37 ubuntu kernel: [    5.957326] acpi PNP0A08:00: _OSC: OS supports [ExtendedConfig ASPM ClockPM Segments MSI HPX-Type3]
Oct 25 19:03:37 ubuntu kernel: [    5.958485] acpi PNP0A08:00: _OSC: platform does not support [SHPCHotplug LTR]
Oct 25 19:03:37 ubuntu kernel: [    5.959283] acpi PNP0A08:00: _OSC: OS now controls [PCIeHotplug PME AER PCIeCapability]
Oct 25 19:03:37 ubuntu kernel: [    5.960344] acpi PNP0A08:00: ECAM area [mem 0x3f000000-0x3fffffff] reserved by PNP0C02:00
Oct 25 19:03:37 ubuntu kernel: [    5.961158] acpi PNP0A08:00: ECAM at [mem 0x3f000000-0x3fffffff] for [bus 00-0f]
Oct 25 19:03:37 ubuntu kernel: [    5.961967] Remapped I/O 0x000000003eff0000 to [io  0x0000-0xffff window]
Oct 25 19:03:37 ubuntu kernel: [    5.962880] PCI host bridge to bus 0000:00
Oct 25 19:03:37 ubuntu kernel: [    5.963289] pci_bus 0000:00: root bus resource [mem 0x10000000-0x3efeffff window]
Oct 25 19:03:37 ubuntu kernel: [    5.963994] pci_bus 0000:00: root bus resource [io  0x0000-0xffff window]
Oct 25 19:03:37 ubuntu kernel: [    5.964662] pci_bus 0000:00: root bus resource [mem 0x8000000000-0xffffffffff window]
Oct 25 19:03:37 ubuntu kernel: [    5.965419] pci_bus 0000:00: root bus resource [bus 00-0f]
Oct 25 19:03:37 ubuntu kernel: [    5.966049] pci 0000:00:00.0: [1b36:0008] type 00 class 0x060000
Oct 25 19:03:37 ubuntu kernel: [    5.967028] pci 0000:00:01.0: [1b36:000c] type 01 class 0x060400
Oct 25 19:03:37 ubuntu kernel: [    5.968988] pci 0000:00:01.0: reg 0x10: [mem 0x10303000-0x10303fff]
Oct 25 19:03:37 ubuntu kernel: [    5.972043] pci 0000:00:01.1: [1b36:000c] type 01 class 0x060400
Oct 25 19:03:37 ubuntu kernel: [    5.973902] pci 0000:00:01.1: reg 0x10: [mem 0x10302000-0x10302fff]
Oct 25 19:03:37 ubuntu kernel: [    5.976967] pci 0000:00:01.2: [1b36:000c] type 01 class 0x060400
Oct 25 19:03:37 ubuntu kernel: [    5.980093] pci 0000:00:01.2: reg 0x10: [mem 0x10301000-0x10301fff]
Oct 25 19:03:37 ubuntu kernel: [    5.983552] pci 0000:00:01.3: [1b36:000c] type 01 class 0x060400
Oct 25 19:03:37 ubuntu kernel: [    5.985729] pci 0000:00:01.3: reg 0x10: [mem 0x10300000-0x10300fff]
Oct 25 19:03:37 ubuntu kernel: [    5.990994] pci 0000:01:00.0: [1af4:1041] type 00 class 0x020000
Oct 25 19:03:37 ubuntu kernel: [    5.993262] pci 0000:01:00.0: reg 0x14: [mem 0x10200000-0x10200fff]
Oct 25 19:03:37 ubuntu kernel: [    5.996223] pci 0000:01:00.0: reg 0x20: [mem 0x8000000000-0x8000003fff 64bit pref]
Oct 25 19:03:37 ubuntu kernel: [    5.997833] pci 0000:01:00.0: reg 0x30: [mem 0xfff80000-0xffffffff pref]
Oct 25 19:03:37 ubuntu kernel: [    5.999668] pci 0000:02:00.0: [1b36:000d] type 00 class 0x0c0330
Oct 25 19:03:37 ubuntu kernel: [    6.001032] pci 0000:02:00.0: reg 0x10: [mem 0x10100000-0x10103fff 64bit]
Oct 25 19:03:37 ubuntu kernel: [    6.002802] pci 0000:03:00.0: [1af4:1048] type 00 class 0x010000
Oct 25 19:03:37 ubuntu kernel: [    6.004691] pci 0000:03:00.0: reg 0x14: [mem 0x10000000-0x10000fff]
Oct 25 19:03:37 ubuntu kernel: [    6.007406] pci 0000:03:00.0: reg 0x20: [mem 0x8000100000-0x8000103fff 64bit pref]
Oct 25 19:03:37 ubuntu kernel: [    6.012957] pci 0000:00:01.0: bridge window [io  0x1000-0x0fff] to [bus 01] add_size 1000
Oct 25 19:03:37 ubuntu kernel: [    6.013856] pci 0000:00:01.0: bridge window [mem 0x00100000-0x001fffff 64bit pref] to [bus 01] add_size 100000 add_align 100000
Oct 25 19:03:37 ubuntu kernel: [    6.015159] pci 0000:00:01.0: bridge window [mem 0x00100000-0x001fffff] to [bus 01] add_size 100000 add_align 100000
Oct 25 19:03:37 ubuntu kernel: [    6.016225] pci 0000:00:01.1: bridge window [io  0x1000-0x0fff] to [bus 02] add_size 1000
Oct 25 19:03:37 ubuntu kernel: [    6.017107] pci 0000:00:01.1: bridge window [mem 0x00100000-0x000fffff 64bit pref] to [bus 02] add_size 200000 add_align 100000
Oct 25 19:03:37 ubuntu kernel: [    6.018389] pci 0000:00:01.1: bridge window [mem 0x00100000-0x001fffff] to [bus 02] add_size 100000 add_align 100000
Oct 25 19:03:37 ubuntu kernel: [    6.019514] pci 0000:00:01.2: bridge window [io  0x1000-0x0fff] to [bus 03] add_size 1000
Oct 25 19:03:37 ubuntu kernel: [    6.020351] pci 0000:00:01.2: bridge window [mem 0x00100000-0x001fffff 64bit pref] to [bus 03] add_size 100000 add_align 100000
Oct 25 19:03:37 ubuntu kernel: [    6.021569] pci 0000:00:01.2: bridge window [mem 0x00100000-0x001fffff] to [bus 03] add_size 100000 add_align 100000
Oct 25 19:03:37 ubuntu kernel: [    6.022690] pci 0000:00:01.3: bridge window [io  0x1000-0x0fff] to [bus 04] add_size 1000
Oct 25 19:03:37 ubuntu kernel: [    6.023483] pci 0000:00:01.3: bridge window [mem 0x00100000-0x000fffff 64bit pref] to [bus 04] add_size 200000 add_align 100000
Oct 25 19:03:37 ubuntu kernel: [    6.024582] pci 0000:00:01.3: bridge window [mem 0x00100000-0x000fffff] to [bus 04] add_size 200000 add_align 100000
Oct 25 19:03:37 ubuntu kernel: [    6.025620] pci 0000:00:01.0: BAR 14: assigned [mem 0x10000000-0x101fffff]
Oct 25 19:03:37 ubuntu kernel: [    6.026343] pci 0000:00:01.0: BAR 15: assigned [mem 0x8000000000-0x80001fffff 64bit pref]
Oct 25 19:03:37 ubuntu kernel: [    6.027133] pci 0000:00:01.1: BAR 14: assigned [mem 0x10200000-0x103fffff]
Oct 25 19:03:37 ubuntu kernel: [    6.027795] pci 0000:00:01.1: BAR 15: assigned [mem 0x8000200000-0x80003fffff 64bit pref]
Oct 25 19:03:37 ubuntu kernel: [    6.028591] pci 0000:00:01.2: BAR 14: assigned [mem 0x10400000-0x105fffff]
Oct 25 19:03:37 ubuntu kernel: [    6.029240] pci 0000:00:01.2: BAR 15: assigned [mem 0x8000400000-0x80005fffff 64bit pref]
Oct 25 19:03:37 ubuntu kernel: [    6.030108] pci 0000:00:01.3: BAR 14: assigned [mem 0x10600000-0x107fffff]
Oct 25 19:03:37 ubuntu kernel: [    6.030787] pci 0000:00:01.3: BAR 15: assigned [mem 0x8000600000-0x80007fffff 64bit pref]
Oct 25 19:03:37 ubuntu kernel: [    6.031590] pci 0000:00:01.0: BAR 0: assigned [mem 0x10800000-0x10800fff]
Oct 25 19:03:37 ubuntu kernel: [    6.032585] pci 0000:00:01.0: BAR 13: assigned [io  0x1000-0x1fff]
Oct 25 19:03:37 ubuntu kernel: [    6.033176] pci 0000:00:01.1: BAR 0: assigned [mem 0x10801000-0x10801fff]
Oct 25 19:03:37 ubuntu kernel: [    6.034122] pci 0000:00:01.1: BAR 13: assigned [io  0x2000-0x2fff]
Oct 25 19:03:37 ubuntu kernel: [    6.034739] pci 0000:00:01.2: BAR 0: assigned [mem 0x10802000-0x10802fff]
Oct 25 19:03:37 ubuntu kernel: [    6.035722] pci 0000:00:01.2: BAR 13: assigned [io  0x3000-0x3fff]
Oct 25 19:03:37 ubuntu kernel: [    6.036331] pci 0000:00:01.3: BAR 0: assigned [mem 0x10803000-0x10803fff]
Oct 25 19:03:37 ubuntu kernel: [    6.037292] pci 0000:00:01.3: BAR 13: assigned [io  0x4000-0x4fff]
Oct 25 19:03:37 ubuntu kernel: [    6.037937] pci 0000:01:00.0: BAR 6: assigned [mem 0x10000000-0x1007ffff pref]
Oct 25 19:03:37 ubuntu kernel: [    6.038728] pci 0000:01:00.0: BAR 4: assigned [mem 0x8000000000-0x8000003fff 64bit pref]
Oct 25 19:03:37 ubuntu kernel: [    6.040132] pci 0000:01:00.0: BAR 1: assigned [mem 0x10080000-0x10080fff]
Oct 25 19:03:37 ubuntu kernel: [    6.041097] pci 0000:00:01.0: PCI bridge to [bus 01]
Oct 25 19:03:37 ubuntu kernel: [    6.041583] pci 0000:00:01.0:   bridge window [io  0x1000-0x1fff]
Oct 25 19:03:37 ubuntu kernel: [    6.043279] pci 0000:00:01.0:   bridge window [mem 0x10000000-0x101fffff]
Oct 25 19:03:37 ubuntu kernel: [    6.044335] pci 0000:00:01.0:   bridge window [mem 0x8000000000-0x80001fffff 64bit pref]
Oct 25 19:03:37 ubuntu kernel: [    6.045897] pci 0000:02:00.0: BAR 0: assigned [mem 0x10200000-0x10203fff 64bit]
Oct 25 19:03:37 ubuntu kernel: [    6.046734] pci 0000:00:01.1: PCI bridge to [bus 02]
Oct 25 19:03:37 ubuntu kernel: [    6.047280] pci 0000:00:01.1:   bridge window [io  0x2000-0x2fff]
Oct 25 19:03:37 ubuntu kernel: [    6.048506] pci 0000:00:01.1:   bridge window [mem 0x10200000-0x103fffff]
Oct 25 19:03:37 ubuntu kernel: [    6.049578] pci 0000:00:01.1:   bridge window [mem 0x8000200000-0x80003fffff 64bit pref]
Oct 25 19:03:37 ubuntu kernel: [    6.051263] pci 0000:03:00.0: BAR 4: assigned [mem 0x8000400000-0x8000403fff 64bit pref]
Oct 25 19:03:37 ubuntu kernel: [    6.052833] pci 0000:03:00.0: BAR 1: assigned [mem 0x10400000-0x10400fff]
Oct 25 19:03:37 ubuntu kernel: [    6.054358] pci 0000:00:01.2: PCI bridge to [bus 03]
Oct 25 19:03:37 ubuntu kernel: [    6.054874] pci 0000:00:01.2:   bridge window [io  0x3000-0x3fff]
Oct 25 19:03:37 ubuntu kernel: [    6.056069] pci 0000:00:01.2:   bridge window [mem 0x10400000-0x105fffff]
Oct 25 19:03:37 ubuntu kernel: [    6.057221] pci 0000:00:01.2:   bridge window [mem 0x8000400000-0x80005fffff 64bit pref]
Oct 25 19:03:37 ubuntu kernel: [    6.058889] pci 0000:00:01.3: PCI bridge to [bus 04]
Oct 25 19:03:37 ubuntu systemd[1]: Started FUSE filesystem for LXC.
Oct 25 19:03:37 ubuntu kernel: [    6.059411] pci 0000:00:01.3:   bridge window [io  0x4000-0x4fff]
Oct 25 19:03:37 ubuntu kernel: [    6.060645] pci 0000:00:01.3:   bridge window [mem 0x10600000-0x107fffff]
Oct 25 19:03:37 ubuntu kernel: [    6.061782] pci 0000:00:01.3:   bridge window [mem 0x8000600000-0x80007fffff 64bit pref]
Oct 25 19:03:37 ubuntu kernel: [    6.063496] pci_bus 0000:00: resource 4 [mem 0x10000000-0x3efeffff window]
Oct 25 19:03:37 ubuntu kernel: [    6.064638] pci_bus 0000:00: resource 5 [io  0x0000-0xffff window]
Oct 25 19:03:37 ubuntu kernel: [    6.065216] pci_bus 0000:00: resource 6 [mem 0x8000000000-0xffffffffff window]
Oct 25 19:03:37 ubuntu kernel: [    6.065985] pci_bus 0000:01: resource 0 [io  0x1000-0x1fff]
Oct 25 19:03:37 ubuntu kernel: [    6.066550] pci_bus 0000:01: resource 1 [mem 0x10000000-0x101fffff]
Oct 25 19:03:37 ubuntu kernel: [    6.067150] pci_bus 0000:01: resource 2 [mem 0x8000000000-0x80001fffff 64bit pref]
Oct 25 19:03:37 ubuntu kernel: [    6.067895] pci_bus 0000:02: resource 0 [io  0x2000-0x2fff]
Oct 25 19:03:37 ubuntu kernel: [    6.068439] pci_bus 0000:02: resource 1 [mem 0x10200000-0x103fffff]
Oct 25 19:03:37 ubuntu kernel: [    6.069052] pci_bus 0000:02: resource 2 [mem 0x8000200000-0x80003fffff 64bit pref]
Oct 25 19:03:37 ubuntu kernel: [    6.069762] pci_bus 0000:03: resource 0 [io  0x3000-0x3fff]
Oct 25 19:03:37 ubuntu kernel: [    6.070407] pci_bus 0000:03: resource 1 [mem 0x10400000-0x105fffff]
Oct 25 19:03:37 ubuntu kernel: [    6.071038] pci_bus 0000:03: resource 2 [mem 0x8000400000-0x80005fffff 64bit pref]
Oct 25 19:03:37 ubuntu kernel: [    6.071799] pci_bus 0000:04: resource 0 [io  0x4000-0x4fff]
Oct 25 19:03:37 ubuntu kernel: [    6.072361] pci_bus 0000:04: resource 1 [mem 0x10600000-0x107fffff]
Oct 25 19:03:37 ubuntu kernel: [    6.072989] pci_bus 0000:04: resource 2 [mem 0x8000600000-0x80007fffff 64bit pref]
Oct 25 19:03:37 ubuntu kernel: [    6.073829] ACPI: PCI Interrupt Link [GSI0] (IRQs *35)
Oct 25 19:03:37 ubuntu kernel: [    6.074385] ACPI: PCI Interrupt Link [GSI1] (IRQs *36)
Oct 25 19:03:37 ubuntu kernel: [    6.074979] ACPI: PCI Interrupt Link [GSI2] (IRQs *37)
Oct 25 19:03:37 ubuntu kernel: [    6.075518] ACPI: PCI Interrupt Link [GSI3] (IRQs *38)
Oct 25 19:03:37 ubuntu kernel: [    6.077261] iommu: Default domain type: Translated 
Oct 25 19:03:37 ubuntu kernel: [    6.077937] vgaarb: loaded
Oct 25 19:03:37 ubuntu kernel: [    6.078757] SCSI subsystem initialized
Oct 25 19:03:37 ubuntu kernel: [    6.079615] libata version 3.00 loaded.
Oct 25 19:03:37 ubuntu kernel: [    6.079672] ACPI: bus type USB registered
Oct 25 19:03:37 ubuntu kernel: [    6.080118] usbcore: registered new interface driver usbfs
Oct 25 19:03:37 ubuntu kernel: [    6.080701] usbcore: registered new interface driver hub
Oct 25 19:03:37 ubuntu kernel: [    6.081643] usbcore: registered new device driver usb
Oct 25 19:03:37 ubuntu kernel: [    6.082254] pps_core: LinuxPPS API ver. 1 registered
Oct 25 19:03:37 ubuntu kernel: [    6.082738] pps_core: Software ver. 5.3.6 - Copyright 2005-2007 Rodolfo Giometti <giometti@linux.it>
Oct 25 19:03:37 ubuntu kernel: [    6.083646] PTP clock support registered
Oct 25 19:03:37 ubuntu kernel: [    6.084675] EDAC MC: Ver: 3.0.0
Oct 25 19:03:37 ubuntu kernel: [    6.085423] Registered efivars operations
Oct 25 19:03:37 ubuntu kernel: [    6.087912] NetLabel: Initializing
Oct 25 19:03:37 ubuntu kernel: [    6.088263] NetLabel:  domain hash size = 128
Oct 25 19:03:37 ubuntu kernel: [    6.088691] NetLabel:  protocols = UNLABELED CIPSOv4 CALIPSO
Oct 25 19:03:37 ubuntu kernel: [    6.089278] NetLabel:  unlabeled traffic allowed by default
Oct 25 19:03:37 ubuntu kernel: [    6.090563] clocksource: Switched to clocksource arch_sys_counter
Oct 25 19:03:37 ubuntu kernel: [    6.113947] VFS: Disk quotas dquot_6.6.0
Oct 25 19:03:37 ubuntu kernel: [    6.114484] VFS: Dquot-cache hash table entries: 512 (order 0, 4096 bytes)
Oct 25 19:03:37 ubuntu kernel: [    6.115546] AppArmor: AppArmor Filesystem Enabled
Oct 25 19:03:37 ubuntu kernel: [    6.116110] pnp: PnP ACPI init
Oct 25 19:03:37 ubuntu kernel: [    6.116727] system 00:00: [mem 0x3f000000-0x3fffffff] could not be reserved
Oct 25 19:03:37 ubuntu kernel: [    6.117400] system 00:00: Plug and Play ACPI device, IDs PNP0c02 (active)
Oct 25 19:03:37 ubuntu kernel: [    6.117409] pnp: PnP ACPI: found 1 devices
Oct 25 19:03:37 ubuntu kernel: [    6.120444] NET: Registered protocol family 2
Oct 25 19:03:37 ubuntu kernel: [    6.121764] tcp_listen_portaddr_hash hash table entries: 16384 (order: 6, 262144 bytes, linear)
Oct 25 19:03:37 ubuntu kernel: [    6.123820] TCP established hash table entries: 262144 (order: 9, 2097152 bytes, linear)
Oct 25 19:03:37 ubuntu kernel: [    6.125458] TCP bind hash table entries: 65536 (order: 8, 1048576 bytes, linear)
Oct 25 19:03:37 ubuntu kernel: [    6.126265] TCP: Hash tables configured (established 262144 bind 65536)
Oct 25 19:03:37 ubuntu kernel: [    6.127475] UDP hash table entries: 16384 (order: 7, 524288 bytes, linear)
Oct 25 19:03:37 ubuntu kernel: [    6.128473] UDP-Lite hash table entries: 16384 (order: 7, 524288 bytes, linear)
Oct 25 19:03:37 ubuntu kernel: [    6.129476] NET: Registered protocol family 1
Oct 25 19:03:37 ubuntu kernel: [    6.129923] NET: Registered protocol family 44
Oct 25 19:03:37 ubuntu kernel: [    6.130454] pci 0000:02:00.0: enabling device (0000 -> 0002)
Oct 25 19:03:37 ubuntu kernel: [    6.131485] PCI: CLS 0 bytes, default 64
Oct 25 19:03:37 ubuntu kernel: [    6.132023] Trying to unpack rootfs image as initramfs...
Oct 25 19:03:37 ubuntu kernel: [    7.141666] Freeing initrd memory: 61288K
Oct 25 19:03:37 ubuntu kernel: [    7.177017] hw perfevents: enabled with armv8_pmuv3_0 PMU driver, 13 counters available
Oct 25 19:03:37 ubuntu kernel: [    7.178237] kvm [1]: HYP mode not available
Oct 25 19:03:37 ubuntu kernel: [    7.180156] Initialise system trusted keyrings
Oct 25 19:03:37 ubuntu kernel: [    7.180917] Key type blacklist registered
Oct 25 19:03:37 ubuntu kernel: [    7.181937] workingset: timestamp_bits=40 max_order=23 bucket_order=0
Oct 25 19:03:37 ubuntu kernel: [    7.184728] zbud: loaded
Oct 25 19:03:37 ubuntu kernel: [    7.185475] squashfs: version 4.0 (2009/01/31) Phillip Lougher
Oct 25 19:03:37 ubuntu kernel: [    7.186753] fuse: init (API version 7.31)
Oct 25 19:03:37 ubuntu kernel: [    7.187808] integrity: Platform Keyring initialized
Oct 25 19:03:37 ubuntu kernel: [    7.193075] [mitosis-origin] pgd_alloc for mm=ffff0004d17c6000 and mm->pgd =ffff0004de478000.
Oct 25 19:03:37 ubuntu kernel: [    7.201946] Key type asymmetric registered
Oct 25 19:03:37 ubuntu kernel: [    7.203133] Asymmetric key parser 'x509' registered
Oct 25 19:03:37 ubuntu kernel: [    7.204386] Block layer SCSI generic (bsg) driver version 0.4 loaded (major 244)
Oct 25 19:03:37 ubuntu kernel: [    7.207047] io scheduler mq-deadline registered
Oct 25 19:03:37 ubuntu kernel: [    7.211432] pl061_gpio ARMH0061:00: PL061 GPIO chip registered
Oct 25 19:03:37 ubuntu kernel: [    7.212241] PCI Interrupt Link [GSI1] enabled at IRQ 36
Oct 25 19:03:37 ubuntu kernel: [    7.213546] pcieport 0000:00:01.0: PME: Signaling with IRQ 44
Oct 25 19:03:37 ubuntu kernel: [    7.214391] pcieport 0000:00:01.0: AER: enabled with IRQ 44
Oct 25 19:03:37 ubuntu kernel: [    7.215034] pcieport 0000:00:01.0: pciehp: Slot #0 AttnBtn+ PwrCtrl+ MRL- AttnInd+ PwrInd+ HotPlug+ Surprise+ Interlock+ NoCompl- IbPresDis- LLActRep-
Oct 25 19:03:37 ubuntu kernel: [    7.217327] pcieport 0000:00:01.1: PME: Signaling with IRQ 45
Oct 25 19:03:37 ubuntu kernel: [    7.218138] pcieport 0000:00:01.1: AER: enabled with IRQ 45
Oct 25 19:03:37 ubuntu kernel: [    7.218736] pcieport 0000:00:01.1: pciehp: Slot #0 AttnBtn+ PwrCtrl+ MRL- AttnInd+ PwrInd+ HotPlug+ Surprise+ Interlock+ NoCompl- IbPresDis- LLActRep-
Oct 25 19:03:37 ubuntu kernel: [    7.220959] pcieport 0000:00:01.2: PME: Signaling with IRQ 46
Oct 25 19:03:37 ubuntu kernel: [    7.221756] pcieport 0000:00:01.2: AER: enabled with IRQ 46
Oct 25 19:03:37 ubuntu kernel: [    7.222324] pcieport 0000:00:01.2: pciehp: Slot #0 AttnBtn+ PwrCtrl+ MRL- AttnInd+ PwrInd+ HotPlug+ Surprise+ Interlock+ NoCompl- IbPresDis- LLActRep-
Oct 25 19:03:37 ubuntu kernel: [    7.224641] pcieport 0000:00:01.3: PME: Signaling with IRQ 47
Oct 25 19:03:37 ubuntu kernel: [    7.225431] pcieport 0000:00:01.3: AER: enabled with IRQ 47
Oct 25 19:03:37 ubuntu kernel: [    7.226031] pcieport 0000:00:01.3: pciehp: Slot #0 AttnBtn+ PwrCtrl+ MRL- AttnInd+ PwrInd+ HotPlug+ Surprise+ Interlock+ NoCompl- IbPresDis- LLActRep-
Oct 25 19:03:37 ubuntu kernel: [    7.227603] pcieport 0000:00:01.3: pciehp: Slot(0-3): Link Up
Oct 25 19:03:37 ubuntu kernel: [    7.227914] shpchp: Standard Hot Plug PCI Controller Driver version: 0.4
Oct 25 19:03:37 ubuntu kernel: [    7.229464] input: Power Button as /devices/LNXSYSTM:00/LNXSYBUS:00/PNP0C0C:00/input/input0
Oct 25 19:03:37 ubuntu kernel: [    7.230300] ACPI: Power Button [PWRB]
Oct 25 19:03:37 ubuntu kernel: [    7.236213] Serial: 8250/16550 driver, 32 ports, IRQ sharing enabled
Oct 25 19:03:37 ubuntu kernel: [    7.240020] msm_serial: driver initialized
Oct 25 19:03:37 ubuntu kernel: [    7.241262] cacheinfo: Unable to detect cache hierarchy for CPU 0
Oct 25 19:03:37 ubuntu kernel: [    7.260644] loop: module loaded
Oct 25 19:03:37 ubuntu kernel: [    7.263272] libphy: Fixed MDIO Bus: probed
Oct 25 19:03:37 ubuntu kernel: [    7.264709] tun: Universal TUN/TAP device driver, 1.6
Oct 25 19:03:37 ubuntu kernel: [    7.266446] PPP generic driver version 2.4.2
Oct 25 19:03:37 ubuntu kernel: [    7.267930] ehci_hcd: USB 2.0 'Enhanced' Host Controller (EHCI) Driver
Oct 25 19:03:37 ubuntu kernel: [    7.269236] ehci-pci: EHCI PCI platform driver
Oct 25 19:03:37 ubuntu kernel: [    7.269699] ehci-orion: EHCI orion driver
Oct 25 19:03:37 ubuntu kernel: [    7.270126] ohci_hcd: USB 1.1 'Open' Host Controller (OHCI) Driver
Oct 25 19:03:37 ubuntu kernel: [    7.270770] ohci-pci: OHCI PCI platform driver
Oct 25 19:03:37 ubuntu kernel: [    7.271205] uhci_hcd: USB Universal Host Controller Interface driver
Oct 25 19:03:37 ubuntu kernel: [    7.272500] xhci_hcd 0000:02:00.0: xHCI Host Controller
Oct 25 19:03:37 ubuntu kernel: [    7.273014] xhci_hcd 0000:02:00.0: new USB bus registered, assigned bus number 1
Oct 25 19:03:37 ubuntu kernel: [    7.274022] xhci_hcd 0000:02:00.0: hcc params 0x00087001 hci version 0x100 quirks 0x0000000000000010
Oct 25 19:03:37 ubuntu kernel: [    7.276033] usb usb1: New USB device found, idVendor=1d6b, idProduct=0002, bcdDevice= 5.07
Oct 25 19:03:37 ubuntu kernel: [    7.276807] usb usb1: New USB device strings: Mfr=3, Product=2, SerialNumber=1
Oct 25 19:03:37 ubuntu kernel: [    7.277510] usb usb1: Product: xHCI Host Controller
Oct 25 19:03:37 ubuntu kernel: [    7.277934] usb usb1: Manufacturer: Linux 5.7.1 xhci-hcd
Oct 25 19:03:37 ubuntu kernel: [    7.278394] usb usb1: SerialNumber: 0000:02:00.0
Oct 25 19:03:37 ubuntu kernel: [    7.279108] hub 1-0:1.0: USB hub found
Oct 25 19:03:37 ubuntu kernel: [    7.279489] hub 1-0:1.0: 8 ports detected
Oct 25 19:03:37 ubuntu kernel: [    7.280250] xhci_hcd 0000:02:00.0: xHCI Host Controller
Oct 25 19:03:37 ubuntu kernel: [    7.280722] xhci_hcd 0000:02:00.0: new USB bus registered, assigned bus number 2
Oct 25 19:03:37 ubuntu kernel: [    7.281384] xhci_hcd 0000:02:00.0: Host supports USB 3.0 SuperSpeed
Oct 25 19:03:37 ubuntu kernel: [    7.282002] usb usb2: We don't know the algorithms for LPM for this host, disabling LPM.
Oct 25 19:03:37 ubuntu kernel: [    7.282822] usb usb2: New USB device found, idVendor=1d6b, idProduct=0003, bcdDevice= 5.07
Oct 25 19:03:37 ubuntu kernel: [    7.283607] usb usb2: New USB device strings: Mfr=3, Product=2, SerialNumber=1
Oct 25 19:03:37 ubuntu kernel: [    7.284282] usb usb2: Product: xHCI Host Controller
Oct 25 19:03:37 ubuntu kernel: [    7.284736] usb usb2: Manufacturer: Linux 5.7.1 xhci-hcd
Oct 25 19:03:37 ubuntu kernel: [    7.285196] usb usb2: SerialNumber: 0000:02:00.0
Oct 25 19:03:37 ubuntu kernel: [    7.285795] hub 2-0:1.0: USB hub found
Oct 25 19:03:37 ubuntu kernel: [    7.286186] hub 2-0:1.0: 8 ports detected
Oct 25 19:03:37 ubuntu kernel: [    7.287212] mousedev: PS/2 mouse device common for all mice
Oct 25 19:03:37 ubuntu kernel: [    7.288379] rtc-efi rtc-efi.0: registered as rtc0
Oct 25 19:03:37 ubuntu kernel: [    7.289204] rtc-efi rtc-efi.0: setting system clock to 2020-10-25T11:03:31 UTC (1603623811)
Oct 25 19:03:37 ubuntu kernel: [    7.290105] i2c /dev entries driver
Oct 25 19:03:37 ubuntu kernel: [    7.290712] device-mapper: uevent: version 1.0.3
Oct 25 19:03:37 ubuntu kernel: [    7.291326] device-mapper: ioctl: 4.42.0-ioctl (2020-02-27) initialised: dm-devel@redhat.com
Oct 25 19:03:37 ubuntu kernel: [    7.293603] ledtrig-cpu: registered to indicate activity on CPUs
Oct 25 19:03:37 ubuntu kernel: [    7.294283] EFI Variables Facility v0.08 2004-May-17
Oct 25 19:03:37 ubuntu kernel: [    7.299543] NET: Registered protocol family 10
Oct 25 19:03:37 ubuntu kernel: [    7.301270] [mitosis-origin] pgd_alloc for mm=ffff0004d17c5800 and mm->pgd =ffff0004de467000.
Oct 25 19:03:37 ubuntu kernel: [    7.303848] [mitosis-origin] pgd_free for mm=ffff0004d17c6000 and pgd =ffff0004de478000 and mm->pgd=ffff0004de478000.
Oct 25 19:03:37 ubuntu kernel: [    7.308666] [mitosis-origin] pgd_alloc for mm=ffff0004d17c6000 and mm->pgd =ffff000495833000.
Oct 25 19:03:37 ubuntu kernel: [    7.310304] [mitosis-origin] pgd_free for mm=ffff0004d17c5800 and pgd =ffff0004de467000 and mm->pgd=ffff0004de467000.
Oct 25 19:03:37 ubuntu kernel: [    7.313104] [mitosis-origin] pgd_alloc for mm=ffff0004d17c5800 and mm->pgd =ffff000495840000.
Oct 25 19:03:37 ubuntu kernel: [    7.313970] [mitosis-origin] pgd_free for mm=ffff0004d17c6000 and pgd =ffff000495833000 and mm->pgd=ffff000495833000.
Oct 25 19:03:37 ubuntu kernel: [    7.316429] [mitosis-origin] pgd_alloc for mm=ffff000495616c00 and mm->pgd =ffff0004df1be000.
Oct 25 19:03:37 ubuntu kernel: [    7.321448] [mitosis-origin] pgd_alloc for mm=ffff000495617c00 and mm->pgd =ffff0004df1ce000.
Oct 25 19:03:37 ubuntu kernel: [    7.322763] [mitosis-origin] pgd_free for mm=ffff000495616c00 and pgd =ffff0004df1be000 and mm->pgd=ffff0004df1be000.
Oct 25 19:03:37 ubuntu kernel: [    7.325894] [mitosis-origin] pgd_alloc for mm=ffff00049564cc00 and mm->pgd =ffff0004df1fd000.
Oct 25 19:03:37 ubuntu kernel: [    7.329008] Segment Routing with IPv6
Oct 25 19:03:37 ubuntu kernel: [    7.329677] NET: Registered protocol family 17
Oct 25 19:03:37 ubuntu kernel: [    7.330710] Key type dns_resolver registered
Oct 25 19:03:37 ubuntu kernel: [    7.331658] registered taskstats version 1
Oct 25 19:03:37 ubuntu kernel: [    7.332295] Loading compiled-in X.509 certificates
Oct 25 19:03:37 ubuntu kernel: [    7.333788] [mitosis-origin] pgd_alloc for mm=ffff00049564d400 and mm->pgd =ffff0004df214000.
Oct 25 19:03:37 ubuntu kernel: [    7.335340] [mitosis-origin] pgd_free for mm=ffff00049564cc00 and pgd =ffff0004df1fd000 and mm->pgd=ffff0004df1fd000.
Oct 25 19:03:37 ubuntu kernel: [    7.339570] Loaded X.509 cert 'Build time autogenerated kernel key: 5fc9bbbf10d23f3f9dda6c889ba5358a20950e89'
Oct 25 19:03:37 ubuntu kernel: [    7.341456] zswap: loaded using pool lzo/zbud
Oct 25 19:03:37 ubuntu kernel: [    7.343152] Key type ._fscrypt registered
Oct 25 19:03:37 ubuntu kernel: [    7.343803] Key type .fscrypt registered
Oct 25 19:03:37 ubuntu kernel: [    7.344513] Key type fscrypt-provisioning registered
Oct 25 19:03:37 ubuntu kernel: [    7.345583] [mitosis-origin] pgd_alloc for mm=ffff0004d17c6000 and mm->pgd =ffff0004debf3000.
Oct 25 19:03:37 ubuntu kernel: [    7.347990] [mitosis-origin] pgd_free for mm=ffff0004d17c5800 and pgd =ffff000495840000 and mm->pgd=ffff000495840000.
Oct 25 19:03:37 ubuntu kernel: [    7.352953] [mitosis-origin] pgd_alloc for mm=ffff0004d17c5800 and mm->pgd =ffff0004955cf000.
Oct 25 19:03:37 ubuntu kernel: [    7.355287] [mitosis-origin] pgd_free for mm=ffff0004d17c6000 and pgd =ffff0004debf3000 and mm->pgd=ffff0004debf3000.
Oct 25 19:03:37 ubuntu kernel: [    7.358162] [mitosis-origin] pgd_alloc for mm=ffff0004d17c6000 and mm->pgd =ffff0004955d3000.
Oct 25 19:03:37 ubuntu kernel: [    7.359147] [mitosis-origin] pgd_free for mm=ffff0004d17c5800 and pgd =ffff0004955cf000 and mm->pgd=ffff0004955cf000.
Oct 25 19:03:37 ubuntu kernel: [    7.363195] [mitosis-origin] pgd_free for mm=ffff000495617c00 and pgd =ffff0004df1ce000 and mm->pgd=ffff0004df1ce000.
Oct 25 19:03:37 ubuntu kernel: [    7.366393] [mitosis-origin] pgd_alloc for mm=ffff000495617c00 and mm->pgd =ffff0004df1ce000.
Oct 25 19:03:37 ubuntu kernel: [    7.370567] [mitosis-origin] pgd_free for mm=ffff000495617c00 and pgd =ffff0004df1ce000 and mm->pgd=ffff0004df1ce000.
Oct 25 19:03:37 ubuntu kernel: [    7.374642] [mitosis-origin] pgd_free for mm=ffff00049564d400 and pgd =ffff0004df214000 and mm->pgd=ffff0004df214000.
Oct 25 19:03:37 ubuntu kernel: [    7.375749] cryptd: max_cpu_qlen set to 1000
Oct 25 19:03:37 ubuntu kernel: [    7.380085] [mitosis-origin] pgd_alloc for mm=ffff0004957d8800 and mm->pgd =ffff0004df2ab000.
Oct 25 19:03:37 ubuntu kernel: [    7.385509] [mitosis-origin] pgd_alloc for mm=ffff0004957da400 and mm->pgd =ffff0004df2bb000.
Oct 25 19:03:37 ubuntu kernel: [    7.387554] [mitosis-origin] pgd_free for mm=ffff0004957d8800 and pgd =ffff0004df2ab000 and mm->pgd=ffff0004df2ab000.
Oct 25 19:03:37 ubuntu kernel: [    7.391855] [mitosis-origin] pgd_alloc for mm=ffff0004957d8800 and mm->pgd =ffff0004957e1000.
Oct 25 19:03:37 ubuntu kernel: [    7.392741] [mitosis-origin] pgd_free for mm=ffff0004957da400 and pgd =ffff0004df2bb000 and mm->pgd=ffff0004df2bb000.
Oct 25 19:03:37 ubuntu kernel: [    7.395257] [mitosis-origin] pgd_alloc for mm=ffff000495053400 and mm->pgd =ffff0004df331000.
Oct 25 19:03:37 ubuntu kernel: [    7.400246] [mitosis-origin] pgd_alloc for mm=ffff000495055000 and mm->pgd =ffff0004957ea000.
Oct 25 19:03:37 ubuntu kernel: [    7.402068] [mitosis-origin] pgd_free for mm=ffff000495053400 and pgd =ffff0004df331000 and mm->pgd=ffff0004df331000.
Oct 25 19:03:37 ubuntu kernel: [    7.406106] [mitosis-origin] pgd_alloc for mm=ffff000495053400 and mm->pgd =ffff0004957ef000.
Oct 25 19:03:37 ubuntu kernel: [    7.407308] [mitosis-origin] pgd_free for mm=ffff000495055000 and pgd =ffff0004957ea000 and mm->pgd=ffff0004957ea000.
Oct 25 19:03:37 ubuntu kernel: [    7.409537] [mitosis-origin] pgd_alloc for mm=ffff000495055000 and mm->pgd =ffff0004957f3000.
Oct 25 19:03:37 ubuntu kernel: [    7.410392] [mitosis-origin] pgd_free for mm=ffff000495053400 and pgd =ffff0004957ef000 and mm->pgd=ffff0004957ef000.
Oct 25 19:03:37 ubuntu kernel: [    7.412729] [mitosis-origin] pgd_alloc for mm=ffff000495053400 and mm->pgd =ffff0004957f7000.
Oct 25 19:03:37 ubuntu kernel: [    7.413590] [mitosis-origin] pgd_free for mm=ffff000495055000 and pgd =ffff0004957f3000 and mm->pgd=ffff0004957f3000.
Oct 25 19:03:37 ubuntu kernel: [    7.415948] [mitosis-origin] pgd_alloc for mm=ffff000495055000 and mm->pgd =ffff0004957fb000.
Oct 25 19:03:37 ubuntu kernel: [    7.416811] [mitosis-origin] pgd_free for mm=ffff000495053400 and pgd =ffff0004957f7000 and mm->pgd=ffff0004957f7000.
Oct 25 19:03:37 ubuntu kernel: [    7.419193] [mitosis-origin] pgd_alloc for mm=ffff000495053400 and mm->pgd =ffff0004957ff000.
Oct 25 19:03:37 ubuntu kernel: [    7.420048] [mitosis-origin] pgd_free for mm=ffff000495055000 and pgd =ffff0004957fb000 and mm->pgd=ffff0004957fb000.
Oct 25 19:03:37 ubuntu kernel: [    7.422363] [mitosis-origin] pgd_alloc for mm=ffff000495055000 and mm->pgd =ffff000495003000.
Oct 25 19:03:37 ubuntu kernel: [    7.423322] [mitosis-origin] pgd_free for mm=ffff000495053400 and pgd =ffff0004957ff000 and mm->pgd=ffff0004957ff000.
Oct 25 19:03:37 ubuntu kernel: [    7.425623] [mitosis-origin] pgd_alloc for mm=ffff000495053400 and mm->pgd =ffff000495007000.
Oct 25 19:03:37 ubuntu kernel: [    7.426480] [mitosis-origin] pgd_free for mm=ffff000495055000 and pgd =ffff000495003000 and mm->pgd=ffff000495003000.
Oct 25 19:03:37 ubuntu kernel: [    7.428870] [mitosis-origin] pgd_alloc for mm=ffff000495055000 and mm->pgd =ffff00049500b000.
Oct 25 19:03:37 ubuntu kernel: [    7.429730] [mitosis-origin] pgd_free for mm=ffff000495053400 and pgd =ffff000495007000 and mm->pgd=ffff000495007000.
Oct 25 19:03:37 ubuntu kernel: [    7.432026] [mitosis-origin] pgd_alloc for mm=ffff000495053400 and mm->pgd =ffff00049500f000.
Oct 25 19:03:37 ubuntu kernel: [    7.432896] [mitosis-origin] pgd_free for mm=ffff000495055000 and pgd =ffff00049500b000 and mm->pgd=ffff00049500b000.
Oct 25 19:03:37 ubuntu kernel: [    7.435166] [mitosis-origin] pgd_alloc for mm=ffff000495055000 and mm->pgd =ffff000495013000.
Oct 25 19:03:37 ubuntu kernel: [    7.436010] [mitosis-origin] pgd_free for mm=ffff000495053400 and pgd =ffff00049500f000 and mm->pgd=ffff00049500f000.
Oct 25 19:03:37 ubuntu kernel: [    7.438379] [mitosis-origin] pgd_alloc for mm=ffff000495053400 and mm->pgd =ffff000495017000.
Oct 25 19:03:37 ubuntu kernel: [    7.439350] [mitosis-origin] pgd_free for mm=ffff000495055000 and pgd =ffff000495013000 and mm->pgd=ffff000495013000.
Oct 25 19:03:37 ubuntu kernel: [    7.450183] [mitosis-origin] pgd_alloc for mm=ffff000495149c00 and mm->pgd =ffff0004df380000.
Oct 25 19:03:37 ubuntu kernel: [    7.455582] [mitosis-origin] pgd_alloc for mm=ffff00049514ec00 and mm->pgd =ffff0004df391000.
Oct 25 19:03:37 ubuntu kernel: [    7.457285] [mitosis-origin] pgd_free for mm=ffff000495149c00 and pgd =ffff0004df380000 and mm->pgd=ffff0004df380000.
Oct 25 19:03:37 ubuntu kernel: [    7.459960] [mitosis-origin] pgd_alloc for mm=ffff000495149c00 and mm->pgd =ffff0004950c2000.
Oct 25 19:03:37 ubuntu kernel: [    7.461022] [mitosis-origin] pgd_free for mm=ffff00049514ec00 and pgd =ffff0004df391000 and mm->pgd=ffff0004df391000.
Oct 25 19:03:37 ubuntu kernel: [    7.463716] [mitosis-origin] pgd_alloc for mm=ffff00049514ec00 and mm->pgd =ffff0004950c6000.
Oct 25 19:03:37 ubuntu kernel: [    7.464774] [mitosis-origin] pgd_free for mm=ffff000495149c00 and pgd =ffff0004950c2000 and mm->pgd=ffff0004950c2000.
Oct 25 19:03:37 ubuntu kernel: [    7.467097] [mitosis-origin] pgd_alloc for mm=ffff000495149c00 and mm->pgd =ffff0004950ca000.
Oct 25 19:03:37 ubuntu kernel: [    7.467997] [mitosis-origin] pgd_free for mm=ffff00049514ec00 and pgd =ffff0004950c6000 and mm->pgd=ffff0004950c6000.
Oct 25 19:03:37 ubuntu kernel: [    7.470119] [mitosis-origin] pgd_alloc for mm=ffff00049514ec00 and mm->pgd =ffff0004950ce000.
Oct 25 19:03:37 ubuntu kernel: [    7.471026] [mitosis-origin] pgd_free for mm=ffff000495149c00 and pgd =ffff0004950ca000 and mm->pgd=ffff0004950ca000.
Oct 25 19:03:37 ubuntu kernel: [    7.473155] [mitosis-origin] pgd_alloc for mm=ffff000495149c00 and mm->pgd =ffff0004950d2000.
Oct 25 19:03:37 ubuntu kernel: [    7.474062] [mitosis-origin] pgd_free for mm=ffff00049514ec00 and pgd =ffff0004950ce000 and mm->pgd=ffff0004950ce000.
Oct 25 19:03:37 ubuntu kernel: [    7.476257] [mitosis-origin] pgd_alloc for mm=ffff00049514ec00 and mm->pgd =ffff0004950d6000.
Oct 25 19:03:37 ubuntu kernel: [    7.477142] [mitosis-origin] pgd_free for mm=ffff000495149c00 and pgd =ffff0004950d2000 and mm->pgd=ffff0004950d2000.
Oct 25 19:03:37 ubuntu kernel: [    7.479268] [mitosis-origin] pgd_alloc for mm=ffff000495149c00 and mm->pgd =ffff0004950da000.
Oct 25 19:03:37 ubuntu kernel: [    7.480125] [mitosis-origin] pgd_free for mm=ffff00049514ec00 and pgd =ffff0004950d6000 and mm->pgd=ffff0004950d6000.
Oct 25 19:03:37 ubuntu kernel: [    7.482231] [mitosis-origin] pgd_alloc for mm=ffff00049514ec00 and mm->pgd =ffff0004950de000.
Oct 25 19:03:37 ubuntu kernel: [    7.483174] [mitosis-origin] pgd_free for mm=ffff000495149c00 and pgd =ffff0004950da000 and mm->pgd=ffff0004950da000.
Oct 25 19:03:37 ubuntu kernel: [    7.485358] [mitosis-origin] pgd_alloc for mm=ffff000495149c00 and mm->pgd =ffff0004950e2000.
Oct 25 19:03:37 ubuntu kernel: [    7.486204] [mitosis-origin] pgd_free for mm=ffff00049514ec00 and pgd =ffff0004950de000 and mm->pgd=ffff0004950de000.
Oct 25 19:03:37 ubuntu kernel: [    7.488537] [mitosis-origin] pgd_alloc for mm=ffff00049514ec00 and mm->pgd =ffff0004950e6000.
Oct 25 19:03:37 ubuntu kernel: [    7.489395] [mitosis-origin] pgd_free for mm=ffff000495149c00 and pgd =ffff0004950e2000 and mm->pgd=ffff0004950e2000.
Oct 25 19:03:37 ubuntu kernel: [    7.491527] [mitosis-origin] pgd_alloc for mm=ffff000495149c00 and mm->pgd =ffff0004950ea000.
Oct 25 19:03:37 ubuntu kernel: [    7.492398] [mitosis-origin] pgd_free for mm=ffff00049514ec00 and pgd =ffff0004950e6000 and mm->pgd=ffff0004950e6000.
Oct 25 19:03:37 ubuntu kernel: [    7.494483] [mitosis-origin] pgd_alloc for mm=ffff00049514ec00 and mm->pgd =ffff0004950ed000.
Oct 25 19:03:37 ubuntu kernel: [    7.495683] [mitosis-origin] pgd_free for mm=ffff000495149c00 and pgd =ffff0004950ea000 and mm->pgd=ffff0004950ea000.
Oct 25 19:03:37 ubuntu kernel: [    7.497741] [mitosis-origin] pgd_alloc for mm=ffff000495149c00 and mm->pgd =ffff0004950f2000.
Oct 25 19:03:37 ubuntu kernel: [    7.498691] [mitosis-origin] pgd_free for mm=ffff00049514ec00 and pgd =ffff0004950ed000 and mm->pgd=ffff0004950ed000.
Oct 25 19:03:37 ubuntu kernel: [    7.500937] [mitosis-origin] pgd_alloc for mm=ffff00049525cc00 and mm->pgd =ffff0004df540000.
Oct 25 19:03:37 ubuntu kernel: [    7.502718] [mitosis-origin] pgd_free for mm=ffff00049525cc00 and pgd =ffff0004df540000 and mm->pgd=ffff0004df540000.
Oct 25 19:03:37 ubuntu kernel: [    7.508399] [mitosis-origin] pgd_alloc for mm=ffff0004957da400 and mm->pgd =ffff0004df2d1000.
Oct 25 19:03:37 ubuntu kernel: [    7.510897] [mitosis-origin] pgd_free for mm=ffff0004957d8800 and pgd =ffff0004957e1000 and mm->pgd=ffff0004957e1000.
Oct 25 19:03:37 ubuntu kernel: [    7.516234] [mitosis-origin] pgd_alloc for mm=ffff0004957d8800 and mm->pgd =ffff000495218000.
Oct 25 19:03:37 ubuntu kernel: [    7.518356] [mitosis-origin] pgd_free for mm=ffff0004957da400 and pgd =ffff0004df2d1000 and mm->pgd=ffff0004df2d1000.
Oct 25 19:03:37 ubuntu kernel: [    7.521362] [mitosis-origin] pgd_alloc for mm=ffff0004957da400 and mm->pgd =ffff00049521c000.
Oct 25 19:03:37 ubuntu kernel: [    7.522240] [mitosis-origin] pgd_free for mm=ffff0004957d8800 and pgd =ffff000495218000 and mm->pgd=ffff000495218000.
Oct 25 19:03:37 ubuntu kernel: [    7.524650] [mitosis-origin] pgd_alloc for mm=ffff0004957d8800 and mm->pgd =ffff000495220000.
Oct 25 19:03:37 ubuntu kernel: [    7.525530] [mitosis-origin] pgd_free for mm=ffff0004957da400 and pgd =ffff00049521c000 and mm->pgd=ffff00049521c000.
Oct 25 19:03:37 ubuntu kernel: [    7.527720] [mitosis-origin] pgd_alloc for mm=ffff0004957da400 and mm->pgd =ffff000495224000.
Oct 25 19:03:37 ubuntu kernel: [    7.528646] [mitosis-origin] pgd_free for mm=ffff0004957d8800 and pgd =ffff000495220000 and mm->pgd=ffff000495220000.
Oct 25 19:03:37 ubuntu kernel: [    7.530834] [mitosis-origin] pgd_alloc for mm=ffff0004957d8800 and mm->pgd =ffff000495228000.
Oct 25 19:03:37 ubuntu kernel: [    7.531696] [mitosis-origin] pgd_free for mm=ffff0004957da400 and pgd =ffff000495224000 and mm->pgd=ffff000495224000.
Oct 25 19:03:37 ubuntu kernel: [    7.534028] [mitosis-origin] pgd_alloc for mm=ffff0004957da400 and mm->pgd =ffff00049522c000.
Oct 25 19:03:37 ubuntu kernel: [    7.534940] [mitosis-origin] pgd_free for mm=ffff0004957d8800 and pgd =ffff000495228000 and mm->pgd=ffff000495228000.
Oct 25 19:03:37 ubuntu kernel: [    7.537255] [mitosis-origin] pgd_alloc for mm=ffff0004957d8800 and mm->pgd =ffff000495230000.
Oct 25 19:03:37 ubuntu kernel: [    7.538117] [mitosis-origin] pgd_free for mm=ffff0004957da400 and pgd =ffff00049522c000 and mm->pgd=ffff00049522c000.
Oct 25 19:03:37 ubuntu kernel: [    7.540377] [mitosis-origin] pgd_alloc for mm=ffff0004957da400 and mm->pgd =ffff000495234000.
Oct 25 19:03:37 ubuntu kernel: [    7.541247] [mitosis-origin] pgd_free for mm=ffff0004957d8800 and pgd =ffff000495230000 and mm->pgd=ffff000495230000.
Oct 25 19:03:37 ubuntu kernel: [    7.544107] [mitosis-origin] pgd_alloc for mm=ffff0004957d8800 and mm->pgd =ffff0004951fa000.
Oct 25 19:03:37 ubuntu kernel: [    7.545057] [mitosis-origin] pgd_free for mm=ffff0004957da400 and pgd =ffff000495234000 and mm->pgd=ffff000495234000.
Oct 25 19:03:37 ubuntu kernel: [    7.547848] [mitosis-origin] pgd_alloc for mm=ffff000495055000 and mm->pgd =ffff000495064000.
Oct 25 19:03:37 ubuntu kernel: [    7.550095] [mitosis-origin] pgd_free for mm=ffff000495053400 and pgd =ffff000495017000 and mm->pgd=ffff000495017000.
Oct 25 19:03:37 ubuntu kernel: [    7.554842] Key type big_key registered
Oct 25 19:03:37 ubuntu kernel: [    7.556029] [mitosis-origin] pgd_alloc for mm=ffff000495053400 and mm->pgd =ffff000495672000.
Oct 25 19:03:37 ubuntu kernel: [    7.558137] [mitosis-origin] pgd_free for mm=ffff000495055000 and pgd =ffff000495064000 and mm->pgd=ffff000495064000.
Oct 25 19:03:37 ubuntu kernel: [    7.570040] [mitosis-origin] pgd_alloc for mm=ffff000495055000 and mm->pgd =ffff000495249000.
Oct 25 19:03:37 ubuntu kernel: [    7.570973] [mitosis-origin] pgd_free for mm=ffff000495053400 and pgd =ffff000495672000 and mm->pgd=ffff000495672000.
Oct 25 19:03:37 ubuntu kernel: [    7.573049] [mitosis-origin] pgd_alloc for mm=ffff000495053400 and mm->pgd =ffff000495240000.
Oct 25 19:03:37 ubuntu kernel: [    7.573897] [mitosis-origin] pgd_free for mm=ffff000495055000 and pgd =ffff000495249000 and mm->pgd=ffff000495249000.
Oct 25 19:03:37 ubuntu kernel: [    7.575746] Key type encrypted registered
Oct 25 19:03:37 ubuntu kernel: [    7.576144] AppArmor: AppArmor sha1 policy hashing enabled
Oct 25 19:03:37 ubuntu kernel: [    7.576843] ima: No TPM chip found, activating TPM-bypass!
Oct 25 19:03:37 ubuntu kernel: [    7.577380] ima: Allocated hash algorithm: sha1
Oct 25 19:03:37 ubuntu kernel: [    7.577845] ima: No architecture policies found
Oct 25 19:03:37 ubuntu kernel: [    7.578303] evm: Initialising EVM extended attributes:
Oct 25 19:03:37 ubuntu kernel: [    7.578840] evm: security.selinux
Oct 25 19:03:37 ubuntu kernel: [    7.579154] evm: security.SMACK64
Oct 25 19:03:37 ubuntu kernel: [    7.579464] evm: security.SMACK64EXEC
Oct 25 19:03:37 ubuntu kernel: [    7.579807] evm: security.SMACK64TRANSMUTE
Oct 25 19:03:37 ubuntu kernel: [    7.580190] evm: security.SMACK64MMAP
Oct 25 19:03:37 ubuntu kernel: [    7.580539] evm: security.apparmor
Oct 25 19:03:37 ubuntu kernel: [    7.580856] evm: security.ima
Oct 25 19:03:37 ubuntu kernel: [    7.581132] evm: security.capability
Oct 25 19:03:37 ubuntu kernel: [    7.581464] evm: HMAC attrs: 0x1
Oct 25 19:03:37 ubuntu kernel: [    7.585503] Freeing unused kernel memory: 7040K
Oct 25 19:03:37 ubuntu kernel: [    7.670208] Checked W+X mappings: passed, no W+X pages found
Oct 25 19:03:37 ubuntu kernel: [    7.670952] Run /init as init process
Oct 25 19:03:37 ubuntu kernel: [    7.671308]   with arguments:
Oct 25 19:03:37 ubuntu kernel: [    7.671309]     /init
Oct 25 19:03:37 ubuntu kernel: [    7.671310]   with environment:
Oct 25 19:03:37 ubuntu kernel: [    7.671311]     HOME=/
Oct 25 19:03:37 ubuntu kernel: [    7.671312]     TERM=linux
Oct 25 19:03:37 ubuntu kernel: [    7.671312]     BOOT_IMAGE=/boot/vmlinuz-5.7.1
Oct 25 19:03:37 ubuntu kernel: [    7.671378] [mitosis-origin] pgd_alloc for mm=ffff00049530d000 and mm->pgd =ffff000495582000.
Oct 25 19:03:37 ubuntu kernel: [    7.673360] [mitosis-origin] pgd_alloc for mm=ffff00049530ac00 and mm->pgd =ffff000495597000.
Oct 25 19:03:37 ubuntu kernel: [    7.674295] [mitosis-origin] pgd_free for mm=ffff000495149c00 and pgd =ffff0004950f2000 and mm->pgd=ffff0004950f2000.
Oct 25 19:03:37 ubuntu kernel: [    7.675979] [mitosis-origin] pgd_alloc for mm=ffff00049530f000 and mm->pgd =ffff0004952d8000.
Oct 25 19:03:37 ubuntu kernel: [    7.676885] [mitosis-origin] pgd_free for mm=ffff00049530ac00 and pgd =ffff000495597000 and mm->pgd=ffff000495597000.
Oct 25 19:03:37 ubuntu kernel: [    7.678198] [mitosis-origin] pgd_alloc for mm=ffff00049530e400 and mm->pgd =ffff0004952e7000.
Oct 25 19:03:37 ubuntu kernel: [    7.679272] [mitosis-origin] pgd_free for mm=ffff00049530f000 and pgd =ffff0004952d8000 and mm->pgd=ffff0004952d8000.
Oct 25 19:03:37 ubuntu kernel: [    7.681001] [mitosis-origin] pgd_alloc for mm=ffff00049530a000 and mm->pgd =ffff0004952f6000.
Oct 25 19:03:37 ubuntu kernel: [    7.682197] [mitosis-origin] pgd_free for mm=ffff00049530e400 and pgd =ffff0004952e7000 and mm->pgd=ffff0004952e7000.
Oct 25 19:03:37 ubuntu kernel: [    7.684047] [mitosis-origin] pgd_alloc for mm=ffff000495308c00 and mm->pgd =ffff000495305000.
Oct 25 19:03:37 ubuntu kernel: [    7.685261] [mitosis-origin] pgd_free for mm=ffff00049530a000 and pgd =ffff0004952f6000 and mm->pgd=ffff0004952f6000.
Oct 25 19:03:37 ubuntu kernel: [    7.686848] [mitosis-origin] pgd_alloc for mm=ffff000495149c00 and mm->pgd =ffff0004952f5000.
Oct 25 19:03:37 ubuntu kernel: [    7.688158] [mitosis-origin] pgd_free for mm=ffff000495308c00 and pgd =ffff000495305000 and mm->pgd=ffff000495305000.
Oct 25 19:03:37 ubuntu kernel: [    7.690521] [mitosis-origin] pgd_alloc for mm=ffff000495308800 and mm->pgd =ffff000495338000.
Oct 25 19:03:37 ubuntu kernel: [    7.691900] [mitosis-origin] pgd_free for mm=ffff000495149c00 and pgd =ffff0004952f5000 and mm->pgd=ffff0004952f5000.
Oct 25 19:03:37 ubuntu kernel: [    7.693576] [mitosis-origin] pgd_alloc for mm=ffff000495149c00 and mm->pgd =ffff000495304000.
Oct 25 19:03:37 ubuntu kernel: [    7.694929] [mitosis-origin] pgd_free for mm=ffff000495308800 and pgd =ffff000495338000 and mm->pgd=ffff000495338000.
Oct 25 19:03:37 ubuntu kernel: [    7.697015] [mitosis-origin] pgd_alloc for mm=ffff00049530a400 and mm->pgd =ffff000495347000.
Oct 25 19:03:37 ubuntu kernel: [    7.698029] [mitosis-origin] pgd_free for mm=ffff000495149c00 and pgd =ffff000495304000 and mm->pgd=ffff000495304000.
Oct 25 19:03:37 ubuntu kernel: [    7.699463] [mitosis-origin] pgd_alloc for mm=ffff000495149c00 and mm->pgd =ffff000495337000.
Oct 25 19:03:37 ubuntu kernel: [    7.700513] [mitosis-origin] pgd_free for mm=ffff00049530a400 and pgd =ffff000495347000 and mm->pgd=ffff000495347000.
Oct 25 19:03:37 ubuntu kernel: [    7.702866] [mitosis-origin] pgd_alloc for mm=ffff0004953b5400 and mm->pgd =ffff0004dec0b000.
Oct 25 19:03:37 ubuntu kernel: [    7.704592] [mitosis-origin] pgd_alloc for mm=ffff0004953c3000 and mm->pgd =ffff000495105000.
Oct 25 19:03:37 ubuntu kernel: [    7.707381] [mitosis-origin] pgd_free for mm=ffff0004953b5400 and pgd =ffff0004dec0b000 and mm->pgd=ffff0004dec0b000.
Oct 25 19:03:37 ubuntu kernel: [    7.711578] [mitosis-origin] pgd_alloc for mm=ffff0004953b1000 and mm->pgd =ffff0004dec1c000.
Oct 25 19:03:37 ubuntu kernel: [    7.713509] [mitosis-origin] pgd_free for mm=ffff0004953c3000 and pgd =ffff000495105000 and mm->pgd=ffff000495105000.
Oct 25 19:03:37 ubuntu kernel: [    7.716610] [mitosis-origin] pgd_alloc for mm=ffff0004953b4800 and mm->pgd =ffff0004dec2b000.
Oct 25 19:03:37 ubuntu kernel: [    7.718999] [mitosis-origin] pgd_free for mm=ffff0004953b1000 and pgd =ffff0004dec1c000 and mm->pgd=ffff0004dec1c000.
Oct 25 19:03:37 ubuntu kernel: [    7.720490] [mitosis-origin] pgd_alloc for mm=ffff0004953c3000 and mm->pgd =ffff000495116000.
Oct 25 19:03:37 ubuntu kernel: [    7.721666] [mitosis-origin] pgd_free for mm=ffff0004953b4800 and pgd =ffff0004dec2b000 and mm->pgd=ffff0004dec2b000.
Oct 25 19:03:37 ubuntu kernel: [    7.723849] [mitosis-origin] pgd_alloc for mm=ffff0004953b4000 and mm->pgd =ffff0004dec3a000.
Oct 25 19:03:37 ubuntu kernel: [    7.725625] [mitosis-origin] pgd_free for mm=ffff0004953c3000 and pgd =ffff000495116000 and mm->pgd=ffff000495116000.
Oct 25 19:03:37 ubuntu kernel: [    7.727254] [mitosis-origin] pgd_alloc for mm=ffff0004953c3000 and mm->pgd =ffff0004dec2a000.
Oct 25 19:03:37 ubuntu kernel: [    7.728528] [mitosis-origin] pgd_free for mm=ffff0004953b4000 and pgd =ffff0004dec3a000 and mm->pgd=ffff0004dec3a000.
Oct 25 19:03:37 ubuntu kernel: [    7.730823] [mitosis-origin] pgd_alloc for mm=ffff0004953b6000 and mm->pgd =ffff0004951b9000.
Oct 25 19:03:37 ubuntu kernel: [    7.733231] [mitosis-origin] pgd_free for mm=ffff0004953c3000 and pgd =ffff0004dec2a000 and mm->pgd=ffff0004dec2a000.
Oct 25 19:03:37 ubuntu kernel: [    7.738689] [mitosis-origin] pgd_alloc for mm=ffff0004953b5800 and mm->pgd =ffff0004951b1000.
Oct 25 19:03:37 ubuntu kernel: [    7.740182] [mitosis-origin] pgd_alloc for mm=ffff0004953fe800 and mm->pgd =ffff0004950f4000.
Oct 25 19:03:37 ubuntu kernel: [    7.741394] [mitosis-origin] pgd_free for mm=ffff0004953b5800 and pgd =ffff0004951b1000 and mm->pgd=ffff0004951b1000.
Oct 25 19:03:37 ubuntu kernel: [    7.743684] [mitosis-origin] pgd_alloc for mm=ffff00049530bc00 and mm->pgd =ffff000495355000.
Oct 25 19:03:37 ubuntu kernel: [    7.744987] [mitosis-origin] pgd_alloc for mm=ffff0004953b0400 and mm->pgd =ffff0004953dd000.
Oct 25 19:03:37 ubuntu kernel: [    7.746168] [mitosis-origin] pgd_free for mm=ffff00049530bc00 and pgd =ffff000495355000 and mm->pgd=ffff000495355000.
Oct 25 19:03:37 ubuntu kernel: [    7.748889] [mitosis-origin] pgd_alloc for mm=ffff0004953b3000 and mm->pgd =ffff0004951ae000.
Oct 25 19:03:37 ubuntu kernel: [    7.751024] [mitosis-origin] pgd_alloc for mm=ffff000494c18000 and mm->pgd =ffff0004dec46000.
Oct 25 19:03:37 ubuntu kernel: [    7.752713] [mitosis-origin] pgd_free for mm=ffff0004953b3000 and pgd =ffff0004951ae000 and mm->pgd=ffff0004951ae000.
Oct 25 19:03:37 ubuntu kernel: [    7.755878] [mitosis-origin] pgd_alloc for mm=ffff00049530c400 and mm->pgd =ffff000495364000.
Oct 25 19:03:37 ubuntu kernel: [    7.757510] [mitosis-origin] pgd_free for mm=ffff0004953b0400 and pgd =ffff0004953dd000 and mm->pgd=ffff0004953dd000.
Oct 25 19:03:37 ubuntu kernel: [    7.759573] [mitosis-origin] pgd_alloc for mm=ffff0004953b0400 and mm->pgd =ffff000494c64000.
Oct 25 19:03:37 ubuntu kernel: [    7.761196] [mitosis-origin] pgd_free for mm=ffff00049530c400 and pgd =ffff000495364000 and mm->pgd=ffff000495364000.
Oct 25 19:03:37 ubuntu kernel: [    7.763616] [mitosis-origin] pgd_alloc for mm=ffff0004953b7400 and mm->pgd =ffff000495359000.
Oct 25 19:03:37 ubuntu kernel: [    7.764840] [mitosis-origin] pgd_free for mm=ffff0004953fe800 and pgd =ffff0004950f4000 and mm->pgd=ffff0004950f4000.
Oct 25 19:03:37 ubuntu kernel: [    7.766351] [mitosis-origin] pgd_alloc for mm=ffff0004953fe800 and mm->pgd =ffff0004951b0000.
Oct 25 19:03:37 ubuntu kernel: [    7.767669] [mitosis-origin] pgd_free for mm=ffff0004953b7400 and pgd =ffff000495359000 and mm->pgd=ffff000495359000.
Oct 25 19:03:37 ubuntu kernel: [    7.770526] [mitosis-origin] pgd_alloc for mm=ffff000494cd7400 and mm->pgd =ffff0004df7d2000.
Oct 25 19:03:37 ubuntu kernel: [    7.773029] [mitosis-origin] pgd_free for mm=ffff000495053400 and pgd =ffff000495240000 and mm->pgd=ffff000495240000.
Oct 25 19:03:37 ubuntu kernel: [    7.775124] [mitosis-origin] pgd_alloc for mm=ffff000495053400 and mm->pgd =ffff000495010000.
Oct 25 19:03:37 ubuntu kernel: [    7.776772] [mitosis-origin] pgd_free for mm=ffff000494cd7400 and pgd =ffff0004df7d2000 and mm->pgd=ffff0004df7d2000.
Oct 25 19:03:37 ubuntu kernel: [    7.779390] [mitosis-origin] pgd_alloc for mm=ffff000495055000 and mm->pgd =ffff0004df446000.
Oct 25 19:03:37 ubuntu kernel: [    7.780926] [mitosis-origin] pgd_free for mm=ffff0004953b6000 and pgd =ffff0004951b9000 and mm->pgd=ffff0004951b9000.
Oct 25 19:03:37 ubuntu kernel: [    7.784032] [mitosis-origin] pgd_alloc for mm=ffff0004953c3000 and mm->pgd =ffff0004dec22000.
Oct 25 19:03:37 ubuntu kernel: [    7.786419] [mitosis-origin] pgd_free for mm=ffff000495055000 and pgd =ffff0004df446000 and mm->pgd=ffff0004df446000.
Oct 25 19:03:37 ubuntu kernel: [    7.791813] [mitosis-origin] pgd_alloc for mm=ffff000494cd2800 and mm->pgd =ffff0004df7e4000.
Oct 25 19:03:37 ubuntu kernel: [    7.794148] [mitosis-origin] pgd_free for mm=ffff000495053400 and pgd =ffff000495010000 and mm->pgd=ffff000495010000.
Oct 25 19:03:37 ubuntu kernel: [    7.797251] [mitosis-origin] pgd_alloc for mm=ffff000495053400 and mm->pgd =ffff00049500e000.
Oct 25 19:03:37 ubuntu kernel: [    7.799306] [mitosis-origin] pgd_free for mm=ffff000494cd2800 and pgd =ffff0004df7e4000 and mm->pgd=ffff0004df7e4000.
Oct 25 19:03:37 ubuntu kernel: [    7.801487] [mitosis-origin] pgd_alloc for mm=ffff000495052c00 and mm->pgd =ffff0004df34b000.
Oct 25 19:03:37 ubuntu kernel: [    7.803250] [mitosis-origin] pgd_alloc for mm=ffff000494cd3400 and mm->pgd =ffff0004df7f2000.
Oct 25 19:03:37 ubuntu kernel: [    7.805550] [mitosis-origin] pgd_free for mm=ffff000495052c00 and pgd =ffff0004df34b000 and mm->pgd=ffff0004df34b000.
Oct 25 19:03:37 ubuntu kernel: [    7.813900] [mitosis-origin] pgd_alloc for mm=ffff000494cd5000 and mm->pgd =ffff0004df007000.
Oct 25 19:03:37 ubuntu kernel: [    7.815083] [mitosis-origin] pgd_free for mm=ffff000495149c00 and pgd =ffff000495337000 and mm->pgd=ffff000495337000.
Oct 25 19:03:37 ubuntu kernel: [    7.815477] [mitosis-origin] pgd_alloc for mm=ffff000495057000 and mm->pgd =ffff0004df7d4000.
Oct 25 19:03:37 ubuntu kernel: [    7.820231] [mitosis-origin] pgd_free for mm=ffff000494cd3400 and pgd =ffff0004df7f2000 and mm->pgd=ffff0004df7f2000.
Oct 25 19:03:37 ubuntu kernel: [    7.822456] [mitosis-origin] pgd_alloc for mm=ffff000494cd3400 and mm->pgd =ffff000494d0f000.
Oct 25 19:03:37 ubuntu kernel: [    7.824572] [mitosis-origin] pgd_free for mm=ffff000495057000 and pgd =ffff0004df7d4000 and mm->pgd=ffff0004df7d4000.
Oct 25 19:03:37 ubuntu kernel: [    7.863524] [mitosis-origin] pgd_alloc for mm=ffff000495149c00 and mm->pgd =ffff000495347000.
Oct 25 19:03:37 ubuntu kernel: [    7.867024] [mitosis-origin] pgd_alloc for mm=ffff00049514ec00 and mm->pgd =ffff00049534f000.
Oct 25 19:03:37 ubuntu kernel: [    7.868988] [mitosis-origin] pgd_free for mm=ffff000494c18000 and pgd =ffff0004dec46000 and mm->pgd=ffff0004dec46000.
Oct 25 19:03:37 ubuntu kernel: [    7.869048] [mitosis-origin] pgd_alloc for mm=ffff00049514fc00 and mm->pgd =ffff0004952df000.
Oct 25 19:03:37 ubuntu kernel: [    7.870179] [mitosis-origin] pgd_alloc for mm=ffff000495056400 and mm->pgd =ffff0004df7ed000.
Oct 25 19:03:37 ubuntu kernel: [    7.870313] [mitosis-origin] pgd_free for mm=ffff000494cd3400 and pgd =ffff000494d0f000 and mm->pgd=ffff000494d0f000.
Oct 25 19:03:37 ubuntu kernel: [    7.870440] [mitosis-origin] pgd_alloc for mm=ffff000494cd3400 and mm->pgd =ffff000494d13000.
Oct 25 19:03:37 ubuntu kernel: [    7.870574] [mitosis-origin] pgd_free for mm=ffff000495056400 and pgd =ffff0004df7ed000 and mm->pgd=ffff0004df7ed000.
Oct 25 19:03:37 ubuntu kernel: [    7.877507] [mitosis-origin] pgd_alloc for mm=ffff00049514cc00 and mm->pgd =ffff000495592000.
Oct 25 19:03:37 ubuntu kernel: [    7.878471] [mitosis-origin] pgd_alloc for mm=ffff00049514d400 and mm->pgd =ffff0004952e5000.
Oct 25 19:03:37 ubuntu kernel: [    7.879543] [mitosis-origin] pgd_alloc for mm=ffff000495149000 and mm->pgd =ffff0004fc809000.
Oct 25 19:03:37 ubuntu kernel: [    7.880529] [mitosis-origin] pgd_alloc for mm=ffff00049514c800 and mm->pgd =ffff0004df4d6000.
Oct 25 19:03:37 ubuntu kernel: [    7.881524] [mitosis-origin] pgd_alloc for mm=ffff00049514c000 and mm->pgd =ffff0004950e8000.
Oct 25 19:03:37 ubuntu kernel: [    7.886713] [mitosis-origin] pgd_alloc for mm=ffff00049514e000 and mm->pgd =ffff0004df4b9000.
Oct 25 19:03:37 ubuntu kernel: [    7.887742] [mitosis-origin] pgd_alloc for mm=ffff00049514d800 and mm->pgd =ffff0004950ca000.
Oct 25 19:03:37 ubuntu kernel: [    7.888830] [mitosis-origin] pgd_alloc for mm=ffff000495148400 and mm->pgd =ffff000495196000.
Oct 25 19:03:37 ubuntu kernel: [    7.922083] [mitosis-origin] pgd_alloc for mm=ffff00049514b000 and mm->pgd =ffff000495189000.
Oct 25 19:03:37 ubuntu kernel: [    7.924635] [mitosis-origin] pgd_free for mm=ffff000495148400 and pgd =ffff000495196000 and mm->pgd=ffff000495196000.
Oct 25 19:03:37 ubuntu kernel: [    7.925344] [mitosis-origin] pgd_alloc for mm=ffff00049514f400 and mm->pgd =ffff000495181000.
Oct 25 19:03:37 ubuntu kernel: [    7.928420] [mitosis-origin] pgd_alloc for mm=ffff000495052000 and mm->pgd =ffff000495271000.
Oct 25 19:03:37 ubuntu kernel: [    7.928539] [mitosis-origin] pgd_free for mm=ffff000494cd3400 and pgd =ffff000494d13000 and mm->pgd=ffff000494d13000.
Oct 25 19:03:37 ubuntu kernel: [    7.928858] [mitosis-origin] pgd_alloc for mm=ffff00049514a800 and mm->pgd =ffff0004950fb000.
Oct 25 19:03:37 ubuntu kernel: [    7.929077] [mitosis-origin] pgd_free for mm=ffff0004953c3000 and pgd =ffff0004dec22000 and mm->pgd=ffff0004dec22000.
Oct 25 19:03:37 ubuntu kernel: [    7.929812] [mitosis-origin] pgd_free for mm=ffff0004953b0400 and pgd =ffff000494c64000 and mm->pgd=ffff000494c64000.
Oct 25 19:03:37 ubuntu kernel: [    7.932247] [mitosis-origin] pgd_alloc for mm=ffff00049514b400 and mm->pgd =ffff0004df394000.
Oct 25 19:03:37 ubuntu kernel: [    7.933657] [mitosis-origin] pgd_alloc for mm=ffff00049530b800 and mm->pgd =ffff000494c65000.
Oct 25 19:03:37 ubuntu kernel: [    7.935247] [mitosis-origin] pgd_alloc for mm=ffff00049514d000 and mm->pgd =ffff0004df38c000.
Oct 25 19:03:37 ubuntu kernel: [    7.935875] [mitosis-origin] pgd_free for mm=ffff000495052000 and pgd =ffff000495271000 and mm->pgd=ffff000495271000.
Oct 25 19:03:37 ubuntu kernel: [    7.936815] [mitosis-origin] pgd_alloc for mm=ffff00049514ac00 and mm->pgd =ffff000494407000.
Oct 25 19:03:37 ubuntu kernel: [    7.939458] [mitosis-origin] pgd_alloc for mm=ffff00049514f000 and mm->pgd =ffff000494fa6000.
Oct 25 19:03:37 ubuntu kernel: [    7.940498] [mitosis-origin] pgd_alloc for mm=ffff00049514e400 and mm->pgd =ffff000494e1f000.
Oct 25 19:03:37 ubuntu kernel: [    7.941478] [mitosis-origin] pgd_alloc for mm=ffff00049514a000 and mm->pgd =ffff000494dc2000.
Oct 25 19:03:37 ubuntu kernel: [    7.942443] [mitosis-origin] pgd_alloc for mm=ffff000495148c00 and mm->pgd =ffff000494fde000.
Oct 25 19:03:37 ubuntu kernel: [    7.943574] [mitosis-origin] pgd_alloc for mm=ffff000495148800 and mm->pgd =ffff000494d74000.
Oct 25 19:03:37 ubuntu kernel: [    7.944561] [mitosis-origin] pgd_alloc for mm=ffff00049514a400 and mm->pgd =ffff000494ff3000.
Oct 25 19:03:37 ubuntu kernel: [    7.945538] [mitosis-origin] pgd_alloc for mm=ffff00049514bc00 and mm->pgd =ffff000494f75000.
Oct 25 19:03:37 ubuntu kernel: [    7.946517] [mitosis-origin] pgd_alloc for mm=ffff00049514c400 and mm->pgd =ffff000494dcf000.
Oct 25 19:03:37 ubuntu kernel: [    7.947608] [mitosis-origin] pgd_alloc for mm=ffff00049514b800 and mm->pgd =ffff000494dc7000.
Oct 25 19:03:37 ubuntu kernel: [    7.948620] [mitosis-origin] pgd_alloc for mm=ffff000495149800 and mm->pgd =ffff00049446c000.
Oct 25 19:03:37 ubuntu kernel: [    7.949603] [mitosis-origin] pgd_alloc for mm=ffff00049514e800 and mm->pgd =ffff00049444f000.
Oct 25 19:03:37 ubuntu kernel: [    7.950661] [mitosis-origin] pgd_alloc for mm=ffff00049514f800 and mm->pgd =ffff000494d32000.
Oct 25 19:03:37 ubuntu kernel: [    7.951676] [mitosis-origin] pgd_alloc for mm=ffff000495149400 and mm->pgd =ffff000494490000.
Oct 25 19:03:37 ubuntu kernel: [    7.952733] [mitosis-origin] pgd_alloc for mm=ffff00049514dc00 and mm->pgd =ffff0004944a2000.
Oct 25 19:03:37 ubuntu kernel: [    7.953695] [mitosis-origin] pgd_alloc for mm=ffff000495148000 and mm->pgd =ffff0004944b6000.
Oct 25 19:03:37 ubuntu kernel: [    7.954733] [mitosis-origin] pgd_alloc for mm=ffff000495148400 and mm->pgd =ffff000494f0b000.
Oct 25 19:03:37 ubuntu kernel: [    7.955781] [mitosis-origin] pgd_alloc for mm=ffff00049451b400 and mm->pgd =ffff0004944e3000.
Oct 25 19:03:37 ubuntu kernel: [    7.956831] [mitosis-origin] pgd_alloc for mm=ffff00049451d000 and mm->pgd =ffff0004944f8000.
Oct 25 19:03:37 ubuntu kernel: [    7.957859] [mitosis-origin] pgd_alloc for mm=ffff00049451ac00 and mm->pgd =ffff00049450b000.
Oct 25 19:03:37 ubuntu kernel: [    7.958917] [mitosis-origin] pgd_alloc for mm=ffff00049451f000 and mm->pgd =ffff000494540000.
Oct 25 19:03:37 ubuntu kernel: [    7.959941] [mitosis-origin] pgd_alloc for mm=ffff00049451e400 and mm->pgd =ffff000494554000.
Oct 25 19:03:37 ubuntu kernel: [    7.960980] [mitosis-origin] pgd_alloc for mm=ffff00049451a000 and mm->pgd =ffff000494569000.
Oct 25 19:03:37 ubuntu kernel: [    7.961978] [mitosis-origin] pgd_alloc for mm=ffff000494518c00 and mm->pgd =ffff000494583000.
Oct 25 19:03:37 ubuntu kernel: [    7.963044] [mitosis-origin] pgd_alloc for mm=ffff000494518800 and mm->pgd =ffff000494597000.
Oct 25 19:03:37 ubuntu kernel: [    7.964040] [mitosis-origin] pgd_alloc for mm=ffff00049451a400 and mm->pgd =ffff0004945aa000.
Oct 25 19:03:37 ubuntu kernel: [    7.965019] [mitosis-origin] pgd_alloc for mm=ffff00049451bc00 and mm->pgd =ffff0004945d7000.
Oct 25 19:03:37 ubuntu kernel: [    7.965988] [mitosis-origin] pgd_alloc for mm=ffff00049451c400 and mm->pgd =ffff0004945ea000.
Oct 25 19:03:37 ubuntu kernel: [    7.967011] [mitosis-origin] pgd_alloc for mm=ffff00049451b800 and mm->pgd =ffff0004945fd000.
Oct 25 19:03:37 ubuntu kernel: [    7.967985] [mitosis-origin] pgd_alloc for mm=ffff000494519800 and mm->pgd =ffff000494620000.
Oct 25 19:03:37 ubuntu kernel: [    7.968991] [mitosis-origin] pgd_alloc for mm=ffff00049451e800 and mm->pgd =ffff000494633000.
Oct 25 19:03:37 ubuntu kernel: [    7.969982] [mitosis-origin] pgd_alloc for mm=ffff00049451f800 and mm->pgd =ffff000494647000.
Oct 25 19:03:37 ubuntu kernel: [    7.971042] [mitosis-origin] pgd_alloc for mm=ffff000494519400 and mm->pgd =ffff00049465a000.
Oct 25 19:03:37 ubuntu kernel: [    7.972053] [mitosis-origin] pgd_alloc for mm=ffff00049451dc00 and mm->pgd =ffff00049467a000.
Oct 25 19:03:37 ubuntu kernel: [    7.973087] [mitosis-origin] pgd_alloc for mm=ffff000494518000 and mm->pgd =ffff00049468d000.
Oct 25 19:03:37 ubuntu kernel: [    7.974065] [mitosis-origin] pgd_alloc for mm=ffff000494519c00 and mm->pgd =ffff0004946a0000.
Oct 25 19:03:37 ubuntu kernel: [    7.975131] [mitosis-origin] pgd_alloc for mm=ffff00049451ec00 and mm->pgd =ffff0004946cf000.
Oct 25 19:03:37 ubuntu kernel: [    7.976159] [mitosis-origin] pgd_alloc for mm=ffff00049451fc00 and mm->pgd =ffff0004946e3000.
Oct 25 19:03:37 ubuntu kernel: [    7.977134] [mitosis-origin] pgd_alloc for mm=ffff00049451cc00 and mm->pgd =ffff0004946f6000.
Oct 25 19:03:37 ubuntu kernel: [    7.978105] [mitosis-origin] pgd_alloc for mm=ffff00049451d400 and mm->pgd =ffff000494715000.
Oct 25 19:03:37 ubuntu kernel: [    7.979134] [mitosis-origin] pgd_alloc for mm=ffff000494519000 and mm->pgd =ffff000494729000.
Oct 25 19:03:37 ubuntu kernel: [    7.980161] [mitosis-origin] pgd_alloc for mm=ffff00049451c800 and mm->pgd =ffff00049473b000.
Oct 25 19:03:37 ubuntu kernel: [    7.981216] [mitosis-origin] pgd_alloc for mm=ffff00049451c000 and mm->pgd =ffff00049474f000.
Oct 25 19:03:37 ubuntu kernel: [    7.982252] [mitosis-origin] pgd_alloc for mm=ffff00049451e000 and mm->pgd =ffff00049477c000.
Oct 25 19:03:37 ubuntu kernel: [    7.983357] [mitosis-origin] pgd_alloc for mm=ffff00049451d800 and mm->pgd =ffff000494791000.
Oct 25 19:03:37 ubuntu kernel: [    7.984342] [mitosis-origin] pgd_alloc for mm=ffff000494518400 and mm->pgd =ffff0004947a3000.
Oct 25 19:03:37 ubuntu kernel: [    7.985324] [mitosis-origin] pgd_alloc for mm=ffff00049451b000 and mm->pgd =ffff0004947ce000.
Oct 25 19:03:37 ubuntu kernel: [    7.986305] [mitosis-origin] pgd_alloc for mm=ffff00049451f400 and mm->pgd =ffff0004947e1000.
Oct 25 19:03:37 ubuntu kernel: [    7.987358] [mitosis-origin] pgd_alloc for mm=ffff00049451a800 and mm->pgd =ffff0004947f4000.
Oct 25 19:03:37 ubuntu kernel: [    7.988373] [mitosis-origin] pgd_alloc for mm=ffff000493052000 and mm->pgd =ffff000493011000.
Oct 25 19:03:37 ubuntu kernel: [    7.989363] [mitosis-origin] pgd_alloc for mm=ffff000493050c00 and mm->pgd =ffff000493025000.
Oct 25 19:03:37 ubuntu kernel: [    7.990350] [mitosis-origin] pgd_alloc for mm=ffff000493050800 and mm->pgd =ffff000493039000.
Oct 25 19:03:37 ubuntu kernel: [    7.991413] [mitosis-origin] pgd_alloc for mm=ffff000493052400 and mm->pgd =ffff00049306e000.
Oct 25 19:03:37 ubuntu kernel: [    7.992431] [mitosis-origin] pgd_alloc for mm=ffff000493053c00 and mm->pgd =ffff000493082000.
Oct 25 19:03:37 ubuntu kernel: [    7.993422] [mitosis-origin] pgd_alloc for mm=ffff000493054400 and mm->pgd =ffff000493095000.
Oct 25 19:03:37 ubuntu kernel: [    7.994422] [mitosis-origin] pgd_alloc for mm=ffff000493053800 and mm->pgd =ffff0004930b1000.
Oct 25 19:03:37 ubuntu kernel: [    7.995480] [mitosis-origin] pgd_alloc for mm=ffff000493051800 and mm->pgd =ffff0004930c4000.
Oct 25 19:03:37 ubuntu kernel: [    7.996522] [mitosis-origin] pgd_alloc for mm=ffff000493056800 and mm->pgd =ffff0004930d8000.
Oct 25 19:03:37 ubuntu kernel: [    7.997549] [mitosis-origin] pgd_alloc for mm=ffff000493057800 and mm->pgd =ffff0004930eb000.
Oct 25 19:03:37 ubuntu kernel: [    7.998569] [mitosis-origin] pgd_alloc for mm=ffff000493051400 and mm->pgd =ffff000493119000.
Oct 25 19:03:37 ubuntu kernel: [    7.999625] [mitosis-origin] pgd_alloc for mm=ffff000493055c00 and mm->pgd =ffff00049312b000.
Oct 25 19:03:37 ubuntu kernel: [    8.000688] [mitosis-origin] pgd_alloc for mm=ffff000493050000 and mm->pgd =ffff00049313e000.
Oct 25 19:03:37 ubuntu kernel: [    8.001744] [mitosis-origin] pgd_alloc for mm=ffff000493051c00 and mm->pgd =ffff000493164000.
Oct 25 19:03:37 ubuntu kernel: [    8.002759] [mitosis-origin] pgd_alloc for mm=ffff000493056c00 and mm->pgd =ffff000493176000.
Oct 25 19:03:37 ubuntu kernel: [    8.004482] [mitosis-origin] pgd_free for mm=ffff000495149c00 and pgd =ffff000495347000 and mm->pgd=ffff000495347000.
Oct 25 19:03:37 ubuntu kernel: [    8.004671] [mitosis-origin] pgd_free for mm=ffff00049514fc00 and pgd =ffff0004952df000 and mm->pgd=ffff0004952df000.
Oct 25 19:03:37 ubuntu kernel: [    8.004722] [mitosis-origin] pgd_free for mm=ffff00049514c000 and pgd =ffff0004950e8000 and mm->pgd=ffff0004950e8000.
Oct 25 19:03:37 ubuntu kernel: [    8.004728] [mitosis-origin] pgd_free for mm=ffff00049514c800 and pgd =ffff0004df4d6000 and mm->pgd=ffff0004df4d6000.
Oct 25 19:03:37 ubuntu kernel: [    8.004746] [mitosis-origin] pgd_free for mm=ffff00049514d400 and pgd =ffff0004952e5000 and mm->pgd=ffff0004952e5000.
