May 26 00:05:15 ubuntu anacron[24878]: Job `cron.daily' terminated
May 26 00:10:13 ubuntu anacron[24878]: Job `cron.weekly' started
May 26 00:10:13 ubuntu anacron[25108]: Updated timestamp for job `cron.weekly' to 2021-05-26
May 26 00:10:14 ubuntu anacron[24878]: Job `cron.weekly' terminated
May 26 00:10:14 ubuntu anacron[24878]: Normal exit (2 jobs run)
May 26 00:17:01 ubuntu CRON[25133]: (root) CMD (   cd / && run-parts --report /etc/cron.hourly)
May 26 00:54:01 ubuntu CRON[25158]: (root) CMD (   test -x /etc/cron.daily/popularity-contest && /etc/cron.daily/popularity-contest --crond)
May 26 01:00:41 ubuntu systemd[1]: Started Run anacron jobs.
May 26 01:00:41 ubuntu anacron[25166]: Anacron 2.3 started on 2021-05-26
May 26 01:00:41 ubuntu anacron[25166]: Normal exit (0 jobs run)
May 26 01:17:01 ubuntu CRON[25195]: (root) CMD (   cd / && run-parts --report /etc/cron.hourly)
May 26 02:00:41 ubuntu systemd[1]: Started Run anacron jobs.
May 26 02:00:41 ubuntu anacron[25221]: Anacron 2.3 started on 2021-05-26
May 26 02:00:41 ubuntu anacron[25221]: Normal exit (0 jobs run)
May 26 02:17:02 ubuntu CRON[25249]: (root) CMD (   cd / && run-parts --report /etc/cron.hourly)
May 26 03:00:41 ubuntu systemd[1]: Started Run anacron jobs.
May 26 03:00:41 ubuntu anacron[25274]: Anacron 2.3 started on 2021-05-26
May 26 03:00:41 ubuntu anacron[25274]: Normal exit (0 jobs run)
May 26 03:17:01 ubuntu CRON[25302]: (root) CMD (   cd / && run-parts --report /etc/cron.hourly)
May 26 03:39:48 ubuntu systemd[1]: Starting Message of the Day...
May 26 03:39:50 ubuntu 50-motd-news[25315]:  * Super-optimized for small spaces - read how we shrank the memory
May 26 03:39:50 ubuntu 50-motd-news[25315]:    footprint of MicroK8s to make it the smallest full K8s around.
May 26 03:39:50 ubuntu 50-motd-news[25315]:    https://ubuntu.com/blog/microk8s-memory-optimisation
May 26 03:39:50 ubuntu systemd[1]: Started Message of the Day.
May 26 04:04:41 ubuntu systemd[1]: Started Run anacron jobs.
May 26 04:04:41 ubuntu anacron[25391]: Anacron 2.3 started on 2021-05-26
May 26 04:04:41 ubuntu anacron[25391]: Normal exit (0 jobs run)
May 26 04:17:01 ubuntu CRON[25423]: (root) CMD (   cd / && run-parts --report /etc/cron.hourly)
May 26 05:01:41 ubuntu systemd[1]: Starting Daily apt download activities...
May 26 05:02:03 ubuntu systemd[1]: Started Run anacron jobs.
May 26 05:02:03 ubuntu anacron[25470]: Anacron 2.3 started on 2021-05-26
May 26 05:02:03 ubuntu anacron[25470]: Normal exit (0 jobs run)
May 26 05:02:11 ubuntu systemd-networkd-wait-online[25468]: Event loop failed: Connection timed out
May 26 05:02:41 ubuntu apt-helper[25449]: E: Sub-process /lib/systemd/systemd-networkd-wait-online returned an error code (1)
May 26 05:02:41 ubuntu apt-helper[25449]: E: Sub-process nm-online returned an error code (1)
May 26 05:02:42 ubuntu systemd-resolved[2273]: Server returned error NXDOMAIN, mitigating potential DNS violation DVE-2018-0001, retrying transaction with reduced feature level UDP.
May 26 05:02:43 ubuntu systemd-resolved[2273]: message repeated 2 times: [ Server returned error NXDOMAIN, mitigating potential DNS violation DVE-2018-0001, retrying transaction with reduced feature level UDP.]
May 26 05:02:54 ubuntu systemd[1]: Started Daily apt download activities.
May 26 05:17:02 ubuntu CRON[26056]: (root) CMD (   cd / && run-parts --report /etc/cron.hourly)
May 26 06:04:13 ubuntu systemd[1]: Started Run anacron jobs.
May 26 06:04:13 ubuntu anacron[26081]: Anacron 2.3 started on 2021-05-26
May 26 06:04:13 ubuntu anacron[26081]: Normal exit (0 jobs run)
May 26 06:17:01 ubuntu CRON[26112]: (root) CMD (   cd / && run-parts --report /etc/cron.hourly)
May 26 06:25:01 ubuntu CRON[26120]: (root) CMD (test -x /usr/sbin/anacron || ( cd / && run-parts --report /etc/cron.daily ))
May 26 06:34:41 ubuntu systemd[1]: Starting Daily apt upgrade and clean activities...
May 26 06:34:42 ubuntu systemd[1]: Started Daily apt upgrade and clean activities.
May 26 07:04:13 ubuntu systemd[1]: Started Run anacron jobs.
May 26 07:04:13 ubuntu anacron[26221]: Anacron 2.3 started on 2021-05-26
May 26 07:04:13 ubuntu anacron[26221]: Normal exit (0 jobs run)
May 26 07:17:01 ubuntu CRON[26248]: (root) CMD (   cd / && run-parts --report /etc/cron.hourly)
May 26 07:30:01 ubuntu CRON[26257]: (root) CMD ([ -x /etc/init.d/anacron ] && if [ ! -d /run/systemd/system ]; then /usr/sbin/invoke-rc.d anacron start >/dev/null; fi)
May 26 08:01:13 ubuntu systemd[1]: Started Run anacron jobs.
May 26 08:01:13 ubuntu anacron[26273]: Anacron 2.3 started on 2021-05-26
May 26 08:01:13 ubuntu anacron[26273]: Normal exit (0 jobs run)
May 26 08:17:02 ubuntu CRON[26303]: (root) CMD (   cd / && run-parts --report /etc/cron.hourly)
May 26 09:01:41 ubuntu systemd[1]: Started Run anacron jobs.
May 26 09:01:41 ubuntu anacron[26322]: Anacron 2.3 started on 2021-05-26
May 26 09:01:41 ubuntu anacron[26322]: Normal exit (0 jobs run)
May 26 09:17:01 ubuntu CRON[26348]: (root) CMD (   cd / && run-parts --report /etc/cron.hourly)
May 26 09:49:09 ubuntu systemd[1]: Started Session 157 of user huawei.
May 26 09:50:43 ubuntu systemd[1]: Stopping PackageKit Daemon...
May 26 09:50:43 ubuntu systemd[1]: Stopping Availability of block devices...
May 26 09:50:43 ubuntu systemd[1]: Stopped target Timers.
May 26 09:50:43 ubuntu systemd[1]: Stopped Daily Cleanup of Temporary Directories.
May 26 09:50:43 ubuntu systemd[1]: Stopped Message of the Day.
May 26 09:50:43 ubuntu systemd[1]: Stopping User Manager for UID 1000...
May 26 09:50:43 ubuntu systemd[1]: Stopping Session 157 of user huawei.
May 26 09:50:43 ubuntu systemd[1]: Closed Load/Save RF Kill Switch Status /dev/rfkill Watch.
May 26 09:50:43 ubuntu systemd[1]: Stopped Discard unused blocks once a week.
May 26 09:50:43 ubuntu systemd[1]: Stopping Authorization Manager...
May 26 09:50:43 ubuntu systemd[1]: Stopped Stop ureadahead data collection 45s after completed startup.
May 26 09:50:43 ubuntu systemd[1]: Stopped target Graphical Interface.
May 26 09:50:43 ubuntu systemd[1]: Stopping Disk Manager...
May 26 09:50:43 ubuntu systemd[1]: Stopping Accounts Service...
May 26 09:50:43 ubuntu systemd[1]: Stopped target Multi-User System.
May 26 09:50:43 ubuntu systemd[1]: Stopping Suspend/Resume Running libvirt Guests...
May 26 09:50:43 ubuntu systemd[1]: Stopping Make remote CUPS printers available locally...
May 26 09:50:43 ubuntu systemd[1]: Stopping crash report submission daemon...
May 26 09:50:43 ubuntu systemd[1]: Stopped Wait until snapd is fully seeded.
May 26 09:50:43 ubuntu systemd[1]: Stopping LSB: automatic crash report generation...
May 26 09:50:43 ubuntu systemd[1]: Stopping LSB: Record successful boot for GRUB...
May 26 09:50:43 ubuntu ModemManager[2468]: <info>  Caught signal, shutting down...
May 26 09:50:43 ubuntu systemd[1]: Stopping Modem Manager...
May 26 09:50:43 ubuntu NetworkManager[2521]: <info>  [1621993843.4663] modem-manager: ModemManager no longer available
May 26 09:50:43 ubuntu ModemManager[2468]: <info>  ModemManager is shut down
May 26 09:50:43 ubuntu systemd[3504]: Stopped target Default.
May 26 09:50:43 ubuntu systemd[3504]: Stopped target Basic System.
May 26 09:50:43 ubuntu systemd[3504]: Stopped target Timers.
May 26 09:50:43 ubuntu systemd[3504]: Stopped target Sockets.
May 26 09:50:43 ubuntu systemd[3504]: Closed GnuPG network certificate management daemon.
May 26 09:50:43 ubuntu udisksd[2539]: udisks daemon version 2.7.6 exiting
May 26 09:50:43 ubuntu systemd[1]: Stopping LSB: GNOME Display Manager...
May 26 09:50:43 ubuntu systemd[1]: Stopping Regular background program processing daemon...
May 26 09:50:43 ubuntu systemd[3504]: Closed GnuPG cryptographic agent and passphrase cache (access for web browsers).
May 26 09:50:43 ubuntu systemd[3504]: Closed GnuPG cryptographic agent and passphrase cache.
May 26 09:50:43 ubuntu systemd[3504]: Closed GnuPG cryptographic agent and passphrase cache (restricted).
May 26 09:50:43 ubuntu systemd[3504]: Closed GnuPG cryptographic agent (ssh-agent emulation).
May 26 09:50:43 ubuntu systemd[3504]: Stopped target Paths.
May 26 09:50:43 ubuntu systemd[3504]: Closed D-Bus User Message Bus Socket.
May 26 09:50:43 ubuntu systemd[1]: Stopping LXD - container startup/shutdown...
May 26 09:50:43 ubuntu systemd[1]: Stopped target Login Prompts.
May 26 09:50:43 ubuntu systemd[1]: Stopping irqbalance daemon...
May 26 09:50:43 ubuntu systemd[1]: Stopping Unattended Upgrades Shutdown...
May 26 09:50:43 ubuntu systemd[1]: Stopping memcached daemon...
May 26 09:50:43 ubuntu systemd-memcached-wrapper[2881]: Signal handled: Terminated.
May 26 09:50:43 ubuntu systemd[1]: Stopped Trigger anacron every hour.
May 26 09:50:43 ubuntu systemd[1]: Stopping LSB: Speech Dispatcher...
May 26 09:50:43 ubuntu systemd[1]: Stopping Deferred execution scheduler...
May 26 09:50:43 ubuntu systemd[1]: Stopping Session 39 of user huawei.
May 26 09:50:43 ubuntu systemd[1]: Stopping Dispatcher daemon for systemd-networkd...
May 26 09:50:43 ubuntu systemd[1]: Stopped QEMU KVM preparation - module, ksm, hugepages.
May 26 09:50:43 ubuntu systemd[1]: Stopping Tool to automatically collect and submit kernel crash signatures...
May 26 09:54:42 ubuntu systemd[1]: Starting Flush Journal to Persistent Storage...
May 26 09:54:42 ubuntu kernel: [    0.000000] Booting Linux on physical CPU 0x0000080000 [0x481fd010]
May 26 09:54:42 ubuntu systemd[1]: Started udev Coldplug all Devices.
May 26 09:54:42 ubuntu kernel: [    0.000000] Linux version 5.7.1 (root@ubuntu) (gcc version 7.5.0 (Ubuntu/Linaro 7.5.0-3ubuntu1~18.04), GNU ld (GNU Binutils for Ubuntu) 2.30) #1 SMP Wed Mar 3 19:39:20 CST 2021
May 26 09:54:42 ubuntu kernel: [    0.000000] efi: EFI v2.70 by EDK II
May 26 09:54:42 ubuntu mtp-probe: checking bus 5, device 3: "/sys/devices/pci0000:7a/0000:7a:02.0/usb5/5-1/5-1.2"
May 26 09:54:42 ubuntu kernel: [    0.000000] efi:  ACPI 2.0=0x2fc50000  SMBIOS 3.0=0x2fbf0000  MEMATTR=0x35e93018  ESRT=0x36117b18  MEMRESERVE=0x2fb93018 
May 26 09:54:42 ubuntu systemd[1]: Started LVM2 metadata daemon.
May 26 09:54:42 ubuntu kernel: [    0.000000] esrt: Reserving ESRT space from 0x0000000036117b18 to 0x0000000036117b50.
May 26 09:54:42 ubuntu kernel: [    0.000000] cma: Reserved 32 MiB at 0x000000007e000000
May 26 09:54:42 ubuntu kernel: [    0.000000] ACPI: Early table checksum verification disabled
May 26 09:54:42 ubuntu kernel: [    0.000000] ACPI: RSDP 0x000000002FC50000 000024 (v02 HISI  )
May 26 09:54:42 ubuntu kernel: [    0.000000] ACPI: XSDT 0x000000002FC40000 0000A4 (v01 HISI   HIP08    00000000      01000013)
May 26 09:54:42 ubuntu kernel: [    0.000000] ACPI: FACP 0x000000002F790000 000114 (v06 HISI   HIP08    00000000 HISI 20151124)
May 26 09:54:42 ubuntu ureadahead[1503]: ureadahead: Error while tracing: No such file or directory
May 26 09:54:42 ubuntu kernel: [    0.000000] ACPI: DSDT 0x000000002F530000 00C441 (v02 HISI   HIP08    00000000 INTL 20181213)
May 26 09:54:42 ubuntu kernel: [    0.000000] ACPI: PCCT 0x000000002FC30000 00008A (v01 HISI   HIP08    00000000 HISI 20151124)
May 26 09:54:42 ubuntu kernel: [    0.000000] ACPI: SSDT 0x000000002FC20000 00E64A (v02 HISI   HIP07    00000000 INTL 20181213)
May 26 09:54:42 ubuntu kernel: [    0.000000] ACPI: BERT 0x000000002FBC0000 000030 (v01 HISI   HIP08    00000000 HISI 20151124)
May 26 09:54:42 ubuntu kernel: [    0.000000] ACPI: HEST 0x000000002FBA0000 00058C (v01 HISI   HIP08    00000000 HISI 20151124)
May 26 09:54:42 ubuntu kernel: [    0.000000] ACPI: ERST 0x000000002FB60000 000230 (v01 HISI   HIP08    00000000 HISI 20151124)
May 26 09:54:42 ubuntu kernel: [    0.000000] ACPI: EINJ 0x000000002FB50000 000170 (v01 HISI   HIP08    00000000 HISI 20151124)
May 26 09:54:42 ubuntu kernel: [    0.000000] ACPI: GTDT 0x000000002F590000 00007C (v02 HISI   HIP08    00000000 HISI 20151124)
May 26 09:54:42 ubuntu kernel: [    0.000000] ACPI: MCFG 0x000000002F580000 00003C (v01 HISI   HIP08    00000000 HISI 20151124)
May 26 09:54:42 ubuntu kernel: [    0.000000] ACPI: SLIT 0x000000002F570000 00003C (v01 HISI   HIP08    00000000 HISI 20151124)
May 26 09:54:42 ubuntu kernel: [    0.000000] ACPI: SRAT 0x000000002F560000 0007D0 (v03 HISI   HIP08    00000000 HISI 20151124)
May 26 09:54:42 ubuntu kernel: [    0.000000] ACPI: SDEI 0x000000002F550000 000030 (v01 HISI   HIP08    00000000 HISI 20151124)
May 26 09:54:42 ubuntu mtp-probe: checking bus 1, device 3: "/sys/devices/pci0000:7a/0000:7a:01.0/usb1/1-1/1-1.1"
May 26 09:54:42 ubuntu systemd[1]: ureadahead.service: Main process exited, code=exited, status=5/NOTINSTALLED
May 26 09:54:42 ubuntu mtp-probe: bus: 5, device: 3 was not an MTP device
May 26 09:54:42 ubuntu kernel: [    0.000000] ACPI: APIC 0x000000002F540000 001E6C (v04 HISI   HIP08    00000000 HISI 20151124)
May 26 09:54:42 ubuntu kernel: [    0.000000] ACPI: IORT 0x000000002F520000 001678 (v00 HISI   HIP08    00000000 INTL 20181213)
May 26 09:54:42 ubuntu systemd[1]: ureadahead.service: Failed with result 'exit-code'.
May 26 09:54:42 ubuntu kernel: [    0.000000] ACPI: PPTT 0x000000002ECE0000 0031B0 (v01 HISI   HIP08    00000000 HISI 20151124)
May 26 09:54:42 ubuntu kernel: [    0.000000] ACPI: SPMI 0x000000002ECD0000 000041 (v05 HISI   HIP08    00000000 HISI 20151124)
May 26 09:54:42 ubuntu kernel: [    0.000000] ACPI: SRAT: Node 0 PXM 0 [mem 0x2080000000-0x27ffffffff]
May 26 09:54:42 ubuntu mtp-probe: bus: 1, device: 3 was not an MTP device
May 26 09:54:42 ubuntu kernel: [    0.000000] ACPI: SRAT: Node 1 PXM 1 [mem 0x2800000000-0x2fffffffff]
May 26 09:54:42 ubuntu kernel: [    0.000000] ACPI: SRAT: Node 0 PXM 0 [mem 0x00000000-0x7fffffff]
May 26 09:54:42 ubuntu kernel: [    0.000000] ACPI: SRAT: Node 2 PXM 2 [mem 0x202000000000-0x2027ffffffff]
May 26 09:54:42 ubuntu kernel: [    0.000000] ACPI: SRAT: Node 3 PXM 3 [mem 0x202800000000-0x202fffffffff]
May 26 09:54:42 ubuntu kernel: [    0.000000] NUMA: NODE_DATA [mem 0x27ffffc300-0x27ffffffff]
May 26 09:54:42 ubuntu kernel: [    0.000000] NUMA: NODE_DATA [mem 0x2fffffc300-0x2fffffffff]
May 26 09:54:42 ubuntu systemd[1]: Activated swap /swapfile.
May 26 09:54:42 ubuntu systemd[1]: Reached target Swap.
May 26 09:54:42 ubuntu kernel: [    0.000000] NUMA: NODE_DATA [mem 0x2027ffffc300-0x2027ffffffff]
May 26 09:54:42 ubuntu systemd[1]: Started Create Static Device Nodes in /dev.
May 26 09:54:42 ubuntu systemd[1]: Starting udev Kernel Device Manager...
May 26 09:54:42 ubuntu kernel: [    0.000000] NUMA: NODE_DATA [mem 0x202ff0000300-0x202ff0003fff]
May 26 09:54:42 ubuntu kernel: [    0.000000] Zone ranges:
May 26 09:54:42 ubuntu kernel: [    0.000000]   DMA      [mem 0x0000000000000000-0x000000003fffffff]
May 26 09:54:42 ubuntu kernel: [    0.000000]   DMA32    [mem 0x0000000040000000-0x00000000ffffffff]
May 26 09:54:42 ubuntu systemd[1]: Started Monitoring of LVM2 mirrors, snapshots etc. using dmeventd or progress polling.
May 26 09:54:42 ubuntu kernel: [    0.000000]   Normal   [mem 0x0000000100000000-0x0000202fffffffff]
May 26 09:54:42 ubuntu kernel: [    0.000000] Movable zone start for each node
May 26 09:54:42 ubuntu kernel: [    0.000000] Early memory node ranges
May 26 09:54:42 ubuntu kernel: [    0.000000]   node   0: [mem 0x0000000000000000-0x000000000000ffff]
May 26 09:54:42 ubuntu systemd-modules-load[1500]: Inserted module 'lp'
May 26 09:54:42 ubuntu systemd-modules-load[1500]: Inserted module 'ppdev'
May 26 09:54:42 ubuntu kernel: [    0.000000]   node   0: [mem 0x0000000000010000-0x000000002e501fff]
May 26 09:54:42 ubuntu kernel: [    0.000000]   node   0: [mem 0x000000002e502000-0x000000002eccffff]
May 26 09:54:42 ubuntu kernel: [    0.000000]   node   0: [mem 0x000000002ecd0000-0x000000002f59ffff]
May 26 09:54:42 ubuntu kernel: [    0.000000]   node   0: [mem 0x000000002f5a0000-0x000000002f78ffff]
May 26 09:54:42 ubuntu systemd-modules-load[1500]: Failed to find module 'parport_pc'
May 26 09:54:42 ubuntu kernel: [    0.000000]   node   0: [mem 0x000000002f790000-0x000000002f79ffff]
May 26 09:54:42 ubuntu kernel: [    0.000000]   node   0: [mem 0x000000002f7a0000-0x000000002f87ffff]
May 26 09:54:42 ubuntu kernel: [    0.000000]   node   0: [mem 0x000000002f880000-0x000000002f8bffff]
May 26 09:54:42 ubuntu kernel: [    0.000000]   node   0: [mem 0x000000002f8c0000-0x000000002f95ffff]
May 26 09:54:42 ubuntu systemd-modules-load[1500]: Inserted module 'iscsi_tcp'
May 26 09:54:42 ubuntu kernel: [    0.000000]   node   0: [mem 0x000000002f960000-0x000000002f97ffff]
May 26 09:54:42 ubuntu kernel: [    0.000000]   node   0: [mem 0x000000002f980000-0x000000002fabffff]
May 26 09:54:42 ubuntu kernel: [    0.000000]   node   0: [mem 0x000000002fac0000-0x000000002fb6ffff]
May 26 09:54:42 ubuntu systemd[1]: Started Set the console keyboard layout.
May 26 09:54:42 ubuntu systemd[1]: Reached target Local File Systems (Pre).
May 26 09:54:42 ubuntu kernel: [    0.000000]   node   0: [mem 0x000000002fb70000-0x000000002fb71fff]
May 26 09:54:42 ubuntu kernel: [    0.000000]   node   0: [mem 0x000000002fb72000-0x000000002fb7ffff]
May 26 09:54:42 ubuntu kernel: [    0.000000]   node   0: [mem 0x000000002fb80000-0x000000002fb80fff]
May 26 09:54:42 ubuntu kernel: [    0.000000]   node   0: [mem 0x000000002fb81000-0x000000002fb8ffff]
May 26 09:54:42 ubuntu systemd-modules-load[1500]: Inserted module 'ib_iser'
May 26 09:54:42 ubuntu kernel: [    0.000000]   node   0: [mem 0x000000002fb90000-0x000000002fb91fff]
May 26 09:54:42 ubuntu kernel: [    0.000000]   node   0: [mem 0x000000002fb92000-0x000000002fbaffff]
May 26 09:54:42 ubuntu kernel: [    0.000000]   node   0: [mem 0x000000002fbb0000-0x000000002fbb1fff]
May 26 09:54:42 ubuntu kernel: [    0.000000]   node   0: [mem 0x000000002fbb2000-0x000000002fbcffff]
May 26 09:54:42 ubuntu systemd[1]: systemd-modules-load.service: Main process exited, code=exited, status=1/FAILURE
May 26 09:54:42 ubuntu kernel: [    0.000000]   node   0: [mem 0x000000002fbd0000-0x000000002fbd0fff]
May 26 09:54:42 ubuntu kernel: [    0.000000]   node   0: [mem 0x000000002fbd1000-0x000000002fbdffff]
May 26 09:54:42 ubuntu systemd[1]: systemd-modules-load.service: Failed with result 'exit-code'.
May 26 09:54:42 ubuntu kernel: [    0.000000]   node   0: [mem 0x000000002fbe0000-0x000000002fbfffff]
May 26 09:54:42 ubuntu kernel: [    0.000000]   node   0: [mem 0x000000002fc00000-0x000000002fc5ffff]
May 26 09:54:42 ubuntu systemd[1]: Failed to start Load Kernel Modules.
May 26 09:54:42 ubuntu kernel: [    0.000000]   node   0: [mem 0x000000002fc60000-0x000000002fe5ffff]
May 26 09:54:42 ubuntu kernel: [    0.000000]   node   0: [mem 0x000000002fe60000-0x000000002fe60fff]
May 26 09:54:42 ubuntu kernel: [    0.000000]   node   0: [mem 0x000000002fe61000-0x000000002fe64fff]
May 26 09:54:42 ubuntu systemd[1]: Mounting FUSE Control File System...
May 26 09:54:42 ubuntu kernel: [    0.000000]   node   0: [mem 0x000000002fe65000-0x000000002fe6afff]
May 26 09:54:42 ubuntu kernel: [    0.000000]   node   0: [mem 0x000000002fe6b000-0x000000002fe6bfff]
May 26 09:54:42 ubuntu systemd[1]: Starting Apply Kernel Variables...
May 26 09:54:42 ubuntu kernel: [    0.000000]   node   0: [mem 0x000000002fe6c000-0x000000003f02ffff]
May 26 09:54:42 ubuntu kernel: [    0.000000]   node   0: [mem 0x000000003f030000-0x000000003f05ffff]
May 26 09:54:42 ubuntu kernel: [    0.000000]   node   0: [mem 0x000000003f060000-0x000000003fbfffff]
May 26 09:54:42 ubuntu kernel: [    0.000000]   node   0: [mem 0x0000000040000000-0x0000000043ffffff]
May 26 09:54:42 ubuntu kernel: [    0.000000]   node   0: [mem 0x0000000044030000-0x000000004fffffff]
May 26 09:54:42 ubuntu systemd[1]: Mounting Kernel Configuration File System...
May 26 09:54:42 ubuntu kernel: [    0.000000]   node   0: [mem 0x0000000050000000-0x000000007fffffff]
May 26 09:54:42 ubuntu kernel: [    0.000000]   node   0: [mem 0x0000002080000000-0x00000027ffffffff]
May 26 09:54:42 ubuntu kernel: [    0.000000]   node   1: [mem 0x0000002800000000-0x0000002fffffffff]
May 26 09:54:42 ubuntu kernel: [    0.000000]   node   2: [mem 0x0000202000000000-0x00002027ffffffff]
May 26 09:54:42 ubuntu systemd[1]: Mounted FUSE Control File System.
May 26 09:54:42 ubuntu systemd[1]: Mounted Kernel Configuration File System.
May 26 09:54:42 ubuntu kernel: [    0.000000]   node   3: [mem 0x0000202800000000-0x0000202fffffffff]
May 26 09:54:42 ubuntu kernel: [    0.000000] Zeroed struct page in unavailable ranges: 814 pages
May 26 09:54:42 ubuntu kernel: [    0.000000] Initmem setup node 0 [mem 0x0000000000000000-0x00000027ffffffff]
May 26 09:54:42 ubuntu kernel: [    0.000000] On node 0 totalpages: 8387536
May 26 09:54:42 ubuntu kernel: [    0.000000]   DMA zone: 5120 pages used for memmap
May 26 09:54:42 ubuntu systemd[1]: Started Apply Kernel Variables.
May 26 09:54:42 ubuntu kernel: [    0.000000]   DMA zone: 0 pages reserved
May 26 09:54:42 ubuntu kernel: [    0.000000]   DMA zone: 261120 pages, LIFO batch:63
May 26 09:54:42 ubuntu kernel: [    0.000000]   DMA32 zone: 5120 pages used for memmap
May 26 09:54:42 ubuntu kernel: [    0.000000]   DMA32 zone: 262096 pages, LIFO batch:63
May 26 09:54:42 ubuntu kernel: [    0.000000]   Normal zone: 153600 pages used for memmap
May 26 09:54:42 ubuntu systemd[1]: Started udev Kernel Device Manager.
May 26 09:54:42 ubuntu kernel: [    0.000000]   Normal zone: 7864320 pages, LIFO batch:63
May 26 09:54:42 ubuntu kernel: [    0.000000] Initmem setup node 1 [mem 0x0000002800000000-0x0000002fffffffff]
May 26 09:54:42 ubuntu kernel: [    0.000000] On node 1 totalpages: 8388608
May 26 09:54:42 ubuntu systemd[1]: Started Dispatch Password Requests to Console Directory Watch.
May 26 09:54:42 ubuntu kernel: [    0.000000]   Normal zone: 163840 pages used for memmap
May 26 09:54:42 ubuntu kernel: [    0.000000]   Normal zone: 8388608 pages, LIFO batch:63
May 26 09:54:42 ubuntu kernel: [    0.000000] Initmem setup node 2 [mem 0x0000202000000000-0x00002027ffffffff]
May 26 09:54:42 ubuntu kernel: [    0.000000] On node 2 totalpages: 8388608
May 26 09:54:42 ubuntu systemd[1]: Reached target Local Encrypted Volumes.
May 26 09:54:42 ubuntu kernel: [    0.000000]   Normal zone: 163840 pages used for memmap
May 26 09:54:42 ubuntu kernel: [    0.000000]   Normal zone: 8388608 pages, LIFO batch:63
May 26 09:54:42 ubuntu kernel: [    0.000000] Initmem setup node 3 [mem 0x0000202800000000-0x0000202fffffffff]
May 26 09:54:42 ubuntu kernel: [    0.000000] On node 3 totalpages: 8388608
May 26 09:54:42 ubuntu kernel: [    0.000000]   Normal zone: 163840 pages used for memmap
May 26 09:54:42 ubuntu kernel: [    0.000000]   Normal zone: 8388608 pages, LIFO batch:63
May 26 09:54:42 ubuntu systemd-udevd[1665]: link_config: autonegotiation is unset or enabled, the speed and duplex are not writable.
May 26 09:54:42 ubuntu kernel: [    0.000000] psci: probing for conduit method from ACPI.
May 26 09:54:42 ubuntu kernel: [    0.000000] psci: PSCIv1.1 detected in firmware.
May 26 09:54:42 ubuntu kernel: [    0.000000] psci: Using standard PSCI v0.2 function IDs
May 26 09:54:42 ubuntu kernel: [    0.000000] psci: MIGRATE_INFO_TYPE not supported.
May 26 09:54:42 ubuntu kernel: [    0.000000] psci: SMC Calling Convention v1.1
May 26 09:54:42 ubuntu systemd-udevd[1703]: link_config: autonegotiation is unset or enabled, the speed and duplex are not writable.
May 26 09:54:42 ubuntu systemd-udevd[1595]: link_config: autonegotiation is unset or enabled, the speed and duplex are not writable.
May 26 09:54:42 ubuntu systemd-udevd[1624]: link_config: autonegotiation is unset or enabled, the speed and duplex are not writable.
May 26 09:54:42 ubuntu systemd[1]: Listening on Load/Save RF Kill Switch Status /dev/rfkill Watch.
May 26 09:54:42 ubuntu systemd-udevd[1686]: link_config: autonegotiation is unset or enabled, the speed and duplex are not writable.
May 26 09:54:42 ubuntu systemd[1]: Started Flush Journal to Persistent Storage.
May 26 09:54:42 ubuntu systemd[1]: Found device HW-SAS3508 EFI\x20System\x20Partition.
May 26 09:54:42 ubuntu systemd[1]: Starting File System Check on /dev/disk/by-uuid/71BE-99A8...
May 26 09:54:42 ubuntu systemd[1]: Started File System Check Daemon to report status.
May 26 09:54:42 ubuntu systemd-fsck[1956]: fsck.fat 4.1 (2017-01-24)
May 26 09:54:42 ubuntu kernel: [    0.000000] ACPI: NUMA: SRAT: PXM 0 -> MPIDR 0x80000 -> Node 0
May 26 09:54:42 ubuntu kernel: [    0.000000] ACPI: NUMA: SRAT: PXM 0 -> MPIDR 0x80100 -> Node 0
May 26 09:54:42 ubuntu kernel: [    0.000000] ACPI: NUMA: SRAT: PXM 0 -> MPIDR 0x80200 -> Node 0
May 26 09:54:42 ubuntu kernel: [    0.000000] ACPI: NUMA: SRAT: PXM 0 -> MPIDR 0x80300 -> Node 0
May 26 09:54:42 ubuntu systemd-fsck[1956]: /dev/sda1: 5 files, 35/65501 clusters
May 26 09:54:42 ubuntu kernel: [    0.000000] ACPI: NUMA: SRAT: PXM 0 -> MPIDR 0x90000 -> Node 0
May 26 09:54:42 ubuntu kernel: [    0.000000] ACPI: NUMA: SRAT: PXM 0 -> MPIDR 0x90100 -> Node 0
May 26 09:54:42 ubuntu kernel: [    0.000000] ACPI: NUMA: SRAT: PXM 0 -> MPIDR 0x90200 -> Node 0
May 26 09:54:42 ubuntu kernel: [    0.000000] ACPI: NUMA: SRAT: PXM 0 -> MPIDR 0x90300 -> Node 0
May 26 09:54:42 ubuntu kernel: [    0.000000] ACPI: NUMA: SRAT: PXM 0 -> MPIDR 0xa0000 -> Node 0
May 26 09:54:42 ubuntu systemd[1]: Started File System Check on /dev/disk/by-uuid/71BE-99A8.
May 26 09:54:42 ubuntu kernel: [    0.000000] ACPI: NUMA: SRAT: PXM 0 -> MPIDR 0xa0100 -> Node 0
May 26 09:54:42 ubuntu kernel: [    0.000000] ACPI: NUMA: SRAT: PXM 0 -> MPIDR 0xa0200 -> Node 0
May 26 09:54:42 ubuntu kernel: [    0.000000] ACPI: NUMA: SRAT: PXM 0 -> MPIDR 0xa0300 -> Node 0
May 26 09:54:42 ubuntu kernel: [    0.000000] ACPI: NUMA: SRAT: PXM 0 -> MPIDR 0xb0000 -> Node 0
May 26 09:54:42 ubuntu systemd[1]: Mounting /boot/efi...
May 26 09:54:42 ubuntu kernel: [    0.000000] ACPI: NUMA: SRAT: PXM 0 -> MPIDR 0xb0100 -> Node 0
May 26 09:54:42 ubuntu kernel: [    0.000000] ACPI: NUMA: SRAT: PXM 0 -> MPIDR 0xb0200 -> Node 0
May 26 09:54:42 ubuntu kernel: [    0.000000] ACPI: NUMA: SRAT: PXM 0 -> MPIDR 0xb0300 -> Node 0
May 26 09:54:42 ubuntu kernel: [    0.000000] ACPI: NUMA: SRAT: PXM 0 -> MPIDR 0xc0000 -> Node 0
May 26 09:54:42 ubuntu systemd[1]: Mounted /boot/efi.
May 26 09:54:42 ubuntu kernel: [    0.000000] ACPI: NUMA: SRAT: PXM 0 -> MPIDR 0xc0100 -> Node 0
May 26 09:54:42 ubuntu kernel: [    0.000000] ACPI: NUMA: SRAT: PXM 0 -> MPIDR 0xc0200 -> Node 0
May 26 09:54:42 ubuntu kernel: [    0.000000] ACPI: NUMA: SRAT: PXM 0 -> MPIDR 0xc0300 -> Node 0
May 26 09:54:42 ubuntu kernel: [    0.000000] ACPI: NUMA: SRAT: PXM 0 -> MPIDR 0xd0000 -> Node 0
May 26 09:54:42 ubuntu kernel: [    0.000000] ACPI: NUMA: SRAT: PXM 0 -> MPIDR 0xd0100 -> Node 0
May 26 09:54:42 ubuntu systemd[1]: Reached target Local File Systems.
May 26 09:54:42 ubuntu kernel: [    0.000000] ACPI: NUMA: SRAT: PXM 0 -> MPIDR 0xd0200 -> Node 0
May 26 09:54:42 ubuntu kernel: [    0.000000] ACPI: NUMA: SRAT: PXM 0 -> MPIDR 0xd0300 -> Node 0
May 26 09:54:42 ubuntu kernel: [    0.000000] ACPI: NUMA: SRAT: PXM 1 -> MPIDR 0x180000 -> Node 1
May 26 09:54:42 ubuntu systemd[1]: Starting ebtables ruleset management...
May 26 09:54:42 ubuntu kernel: [    0.000000] ACPI: NUMA: SRAT: PXM 1 -> MPIDR 0x180100 -> Node 1
May 26 09:54:42 ubuntu kernel: [    0.000000] ACPI: NUMA: SRAT: PXM 1 -> MPIDR 0x180200 -> Node 1
May 26 09:54:42 ubuntu kernel: [    0.000000] ACPI: NUMA: SRAT: PXM 1 -> MPIDR 0x180300 -> Node 1
May 26 09:54:42 ubuntu kernel: [    0.000000] ACPI: NUMA: SRAT: PXM 1 -> MPIDR 0x190000 -> Node 1
May 26 09:54:42 ubuntu systemd[1]: Starting QEMU KVM preparation - module, ksm, hugepages...
May 26 09:54:42 ubuntu kernel: [    0.000000] ACPI: NUMA: SRAT: PXM 1 -> MPIDR 0x190100 -> Node 1
May 26 09:54:42 ubuntu kernel: [    0.000000] ACPI: NUMA: SRAT: PXM 1 -> MPIDR 0x190200 -> Node 1
May 26 09:54:42 ubuntu kernel: [    0.000000] ACPI: NUMA: SRAT: PXM 1 -> MPIDR 0x190300 -> Node 1
May 26 09:54:42 ubuntu kernel: [    0.000000] ACPI: NUMA: SRAT: PXM 1 -> MPIDR 0x1a0000 -> Node 1
May 26 09:54:42 ubuntu systemd[1]: Starting Clean up any mess left by 0dns-up...
May 26 09:54:42 ubuntu kernel: [    0.000000] ACPI: NUMA: SRAT: PXM 1 -> MPIDR 0x1a0100 -> Node 1
May 26 09:54:42 ubuntu kernel: [    0.000000] ACPI: NUMA: SRAT: PXM 1 -> MPIDR 0x1a0200 -> Node 1
May 26 09:54:42 ubuntu systemd[1]: Starting AppArmor initialization...
May 26 09:54:42 ubuntu kernel: [    0.000000] ACPI: NUMA: SRAT: PXM 1 -> MPIDR 0x1a0300 -> Node 1
May 26 09:54:42 ubuntu kernel: [    0.000000] ACPI: NUMA: SRAT: PXM 1 -> MPIDR 0x1b0000 -> Node 1
May 26 09:54:42 ubuntu kernel: [    0.000000] ACPI: NUMA: SRAT: PXM 1 -> MPIDR 0x1b0100 -> Node 1
May 26 09:54:42 ubuntu kernel: [    0.000000] ACPI: NUMA: SRAT: PXM 1 -> MPIDR 0x1b0200 -> Node 1
May 26 09:54:42 ubuntu kernel: [    0.000000] ACPI: NUMA: SRAT: PXM 1 -> MPIDR 0x1b0300 -> Node 1
May 26 09:54:42 ubuntu systemd[1]: Starting Enable support for additional executable binary formats...
May 26 09:54:42 ubuntu kernel: [    0.000000] ACPI: NUMA: SRAT: PXM 1 -> MPIDR 0x1c0000 -> Node 1
May 26 09:54:42 ubuntu kernel: [    0.000000] ACPI: NUMA: SRAT: PXM 1 -> MPIDR 0x1c0100 -> Node 1
May 26 09:54:42 ubuntu systemd[1]: Starting Set console font and keymap...
May 26 09:54:42 ubuntu systemd[1]: Starting Create Volatile Files and Directories...
May 26 09:54:42 ubuntu kernel: [    0.000000] ACPI: NUMA: SRAT: PXM 1 -> MPIDR 0x1c0200 -> Node 1
May 26 09:54:42 ubuntu kernel: [    0.000000] ACPI: NUMA: SRAT: PXM 1 -> MPIDR 0x1c0300 -> Node 1
May 26 09:54:42 ubuntu kernel: [    0.000000] ACPI: NUMA: SRAT: PXM 1 -> MPIDR 0x1d0000 -> Node 1
May 26 09:54:42 ubuntu systemd[1]: Starting Tell Plymouth To Write Out Runtime Data...
May 26 09:54:42 ubuntu kernel: [    0.000000] ACPI: NUMA: SRAT: PXM 1 -> MPIDR 0x1d0100 -> Node 1
May 26 09:54:42 ubuntu kernel: [    0.000000] ACPI: NUMA: SRAT: PXM 1 -> MPIDR 0x1d0200 -> Node 1
May 26 09:54:42 ubuntu kernel: [    0.000000] ACPI: NUMA: SRAT: PXM 1 -> MPIDR 0x1d0300 -> Node 1
May 26 09:54:42 ubuntu systemd[1]: Started QEMU KVM preparation - module, ksm, hugepages.
May 26 09:54:42 ubuntu kernel: [    0.000000] ACPI: NUMA: SRAT: PXM 2 -> MPIDR 0x280000 -> Node 2
May 26 09:54:42 ubuntu kernel: [    0.000000] ACPI: NUMA: SRAT: PXM 2 -> MPIDR 0x280100 -> Node 2
May 26 09:54:42 ubuntu kernel: [    0.000000] ACPI: NUMA: SRAT: PXM 2 -> MPIDR 0x280200 -> Node 2
May 26 09:54:42 ubuntu kernel: [    0.000000] ACPI: NUMA: SRAT: PXM 2 -> MPIDR 0x280300 -> Node 2
May 26 09:54:42 ubuntu kernel: [    0.000000] ACPI: NUMA: SRAT: PXM 2 -> MPIDR 0x290000 -> Node 2
May 26 09:54:42 ubuntu systemd[1]: Started Set console font and keymap.
May 26 09:54:42 ubuntu kernel: [    0.000000] ACPI: NUMA: SRAT: PXM 2 -> MPIDR 0x290100 -> Node 2
May 26 09:54:42 ubuntu kernel: [    0.000000] ACPI: NUMA: SRAT: PXM 2 -> MPIDR 0x290200 -> Node 2
May 26 09:54:42 ubuntu kernel: [    0.000000] ACPI: NUMA: SRAT: PXM 2 -> MPIDR 0x290300 -> Node 2
May 26 09:54:42 ubuntu kernel: [    0.000000] ACPI: NUMA: SRAT: PXM 2 -> MPIDR 0x2a0000 -> Node 2
May 26 09:54:42 ubuntu kernel: [    0.000000] ACPI: NUMA: SRAT: PXM 2 -> MPIDR 0x2a0100 -> Node 2
May 26 09:54:42 ubuntu apparmor[2013]:  * Starting AppArmor profiles
May 26 09:54:42 ubuntu kernel: [    0.000000] ACPI: NUMA: SRAT: PXM 2 -> MPIDR 0x2a0200 -> Node 2
May 26 09:54:42 ubuntu kernel: [    0.000000] ACPI: NUMA: SRAT: PXM 2 -> MPIDR 0x2a0300 -> Node 2
May 26 09:54:42 ubuntu kernel: [    0.000000] ACPI: NUMA: SRAT: PXM 2 -> MPIDR 0x2b0000 -> Node 2
May 26 09:54:42 ubuntu kernel: [    0.000000] ACPI: NUMA: SRAT: PXM 2 -> MPIDR 0x2b0100 -> Node 2
May 26 09:54:42 ubuntu systemd[1]: Started Tell Plymouth To Write Out Runtime Data.
May 26 09:54:42 ubuntu kernel: [    0.000000] ACPI: NUMA: SRAT: PXM 2 -> MPIDR 0x2b0200 -> Node 2
May 26 09:54:42 ubuntu systemd[1]: proc-sys-fs-binfmt_misc.automount: Got automount request for /proc/sys/fs/binfmt_misc, triggered by 2021 (update-binfmts)
May 26 09:54:42 ubuntu kernel: [    0.000000] ACPI: NUMA: SRAT: PXM 2 -> MPIDR 0x2b0300 -> Node 2
May 26 09:54:42 ubuntu kernel: [    0.000000] ACPI: NUMA: SRAT: PXM 2 -> MPIDR 0x2c0000 -> Node 2
May 26 09:54:42 ubuntu kernel: [    0.000000] ACPI: NUMA: SRAT: PXM 2 -> MPIDR 0x2c0100 -> Node 2
May 26 09:54:42 ubuntu kernel: [    0.000000] ACPI: NUMA: SRAT: PXM 2 -> MPIDR 0x2c0200 -> Node 2
May 26 09:54:42 ubuntu systemd[1]: Mounting Arbitrary Executable File Formats File System...
May 26 09:54:42 ubuntu kernel: [    0.000000] ACPI: NUMA: SRAT: PXM 2 -> MPIDR 0x2c0300 -> Node 2
May 26 09:54:42 ubuntu systemd[1]: Started Clean up any mess left by 0dns-up.
May 26 09:54:42 ubuntu kernel: [    0.000000] ACPI: NUMA: SRAT: PXM 2 -> MPIDR 0x2d0000 -> Node 2
May 26 09:54:42 ubuntu systemd[1]: Started ebtables ruleset management.
May 26 09:54:42 ubuntu kernel: [    0.000000] ACPI: NUMA: SRAT: PXM 2 -> MPIDR 0x2d0100 -> Node 2
May 26 09:54:42 ubuntu kernel: [    0.000000] ACPI: NUMA: SRAT: PXM 2 -> MPIDR 0x2d0200 -> Node 2
May 26 09:54:42 ubuntu kernel: [    0.000000] ACPI: NUMA: SRAT: PXM 2 -> MPIDR 0x2d0300 -> Node 2
May 26 09:54:42 ubuntu kernel: [    0.000000] ACPI: NUMA: SRAT: PXM 3 -> MPIDR 0x380000 -> Node 3
May 26 09:54:42 ubuntu kernel: [    0.000000] ACPI: NUMA: SRAT: PXM 3 -> MPIDR 0x380100 -> Node 3
May 26 09:54:42 ubuntu systemd[1]: Reached target Network (Pre).
May 26 09:54:42 ubuntu kernel: [    0.000000] ACPI: NUMA: SRAT: PXM 3 -> MPIDR 0x380200 -> Node 3
May 26 09:54:42 ubuntu kernel: [    0.000000] ACPI: NUMA: SRAT: PXM 3 -> MPIDR 0x380300 -> Node 3
May 26 09:54:42 ubuntu systemd[1]: Starting Network Service...
May 26 09:54:42 ubuntu kernel: [    0.000000] ACPI: NUMA: SRAT: PXM 3 -> MPIDR 0x390000 -> Node 3
May 26 09:54:42 ubuntu systemd[1]: Mounted Arbitrary Executable File Formats File System.
May 26 09:54:42 ubuntu kernel: [    0.000000] ACPI: NUMA: SRAT: PXM 3 -> MPIDR 0x390100 -> Node 3
May 26 09:54:42 ubuntu kernel: [    0.000000] ACPI: NUMA: SRAT: PXM 3 -> MPIDR 0x390200 -> Node 3
May 26 09:54:42 ubuntu systemd[1]: Started Create Volatile Files and Directories.
May 26 09:54:42 ubuntu kernel: [    0.000000] ACPI: NUMA: SRAT: PXM 3 -> MPIDR 0x390300 -> Node 3
May 26 09:54:42 ubuntu kernel: [    0.000000] ACPI: NUMA: SRAT: PXM 3 -> MPIDR 0x3a0000 -> Node 3
May 26 09:54:42 ubuntu systemd[1]: Starting Update UTMP about System Boot/Shutdown...
May 26 09:54:42 ubuntu kernel: [    0.000000] ACPI: NUMA: SRAT: PXM 3 -> MPIDR 0x3a0100 -> Node 3
May 26 09:54:42 ubuntu kernel: [    0.000000] ACPI: NUMA: SRAT: PXM 3 -> MPIDR 0x3a0200 -> Node 3
May 26 09:54:42 ubuntu kernel: [    0.000000] ACPI: NUMA: SRAT: PXM 3 -> MPIDR 0x3a0300 -> Node 3
May 26 09:54:42 ubuntu kernel: [    0.000000] ACPI: NUMA: SRAT: PXM 3 -> MPIDR 0x3b0000 -> Node 3
May 26 09:54:42 ubuntu kernel: [    0.000000] ACPI: NUMA: SRAT: PXM 3 -> MPIDR 0x3b0100 -> Node 3
May 26 09:54:42 ubuntu systemd[1]: Starting Network Time Synchronization...
May 26 09:54:42 ubuntu kernel: [    0.000000] ACPI: NUMA: SRAT: PXM 3 -> MPIDR 0x3b0200 -> Node 3
May 26 09:54:42 ubuntu kernel: [    0.000000] ACPI: NUMA: SRAT: PXM 3 -> MPIDR 0x3b0300 -> Node 3
May 26 09:54:42 ubuntu systemd[1]: Started Update UTMP about System Boot/Shutdown.
May 26 09:54:42 ubuntu kernel: [    0.000000] ACPI: NUMA: SRAT: PXM 3 -> MPIDR 0x3c0000 -> Node 3
May 26 09:54:42 ubuntu kernel: [    0.000000] ACPI: NUMA: SRAT: PXM 3 -> MPIDR 0x3c0100 -> Node 3
May 26 09:54:42 ubuntu kernel: [    0.000000] ACPI: NUMA: SRAT: PXM 3 -> MPIDR 0x3c0200 -> Node 3
May 26 09:54:42 ubuntu systemd[1]: Started Enable support for additional executable binary formats.
May 26 09:54:42 ubuntu kernel: [    0.000000] ACPI: NUMA: SRAT: PXM 3 -> MPIDR 0x3c0300 -> Node 3
May 26 09:54:42 ubuntu systemd[1]: Started Network Time Synchronization.
May 26 09:54:42 ubuntu kernel: [    0.000000] ACPI: NUMA: SRAT: PXM 3 -> MPIDR 0x3d0000 -> Node 3
May 26 09:54:42 ubuntu kernel: [    0.000000] ACPI: NUMA: SRAT: PXM 3 -> MPIDR 0x3d0100 -> Node 3
May 26 09:54:42 ubuntu systemd[1]: Reached target System Time Synchronized.
May 26 09:54:42 ubuntu kernel: [    0.000000] ACPI: NUMA: SRAT: PXM 3 -> MPIDR 0x3d0200 -> Node 3
May 26 09:54:42 ubuntu systemd-udevd[2281]: link_config: autonegotiation is unset or enabled, the speed and duplex are not writable.
May 26 09:54:42 ubuntu systemd-networkd[2175]: br0: netdev ready
May 26 09:54:42 ubuntu kernel: [    0.000000] ACPI: NUMA: SRAT: PXM 3 -> MPIDR 0x3d0300 -> Node 3
May 26 09:54:42 ubuntu kernel: [    0.000000] percpu: Embedded 33 pages/cpu s94616 r8192 d32360 u135168
May 26 09:54:42 ubuntu kernel: [    0.000000] pcpu-alloc: s94616 r8192 d32360 u135168 alloc=33*4096
May 26 09:54:42 ubuntu kernel: [    0.000000] pcpu-alloc: [0] 00 [0] 01 [0] 02 [0] 03 [0] 04 [0] 05 [0] 06 [0] 07 
May 26 09:54:42 ubuntu kernel: [    0.000000] pcpu-alloc: [0] 08 [0] 09 [0] 10 [0] 11 [0] 12 [0] 13 [0] 14 [0] 15 
May 26 09:54:42 ubuntu systemd-networkd[2175]: Enumeration completed
May 26 09:54:42 ubuntu kernel: [    0.000000] pcpu-alloc: [0] 16 [0] 17 [0] 18 [0] 19 [0] 20 [0] 21 [0] 22 [0] 23 
May 26 09:54:42 ubuntu kernel: [    0.000000] pcpu-alloc: [1] 24 [1] 25 [1] 26 [1] 27 [1] 28 [1] 29 [1] 30 [1] 31 
May 26 09:54:42 ubuntu kernel: [    0.000000] pcpu-alloc: [1] 32 [1] 33 [1] 34 [1] 35 [1] 36 [1] 37 [1] 38 [1] 39 
May 26 09:54:42 ubuntu kernel: [    0.000000] pcpu-alloc: [1] 40 [1] 41 [1] 42 [1] 43 [1] 44 [1] 45 [1] 46 [1] 47 
May 26 09:54:42 ubuntu systemd[1]: Started Network Service.
May 26 09:54:42 ubuntu kernel: [    0.000000] pcpu-alloc: [2] 48 [2] 49 [2] 50 [2] 51 [2] 52 [2] 53 [2] 54 [2] 55 
May 26 09:54:42 ubuntu kernel: [    0.000000] pcpu-alloc: [2] 56 [2] 57 [2] 58 [2] 59 [2] 60 [2] 61 [2] 62 [2] 63 
May 26 09:54:42 ubuntu kernel: [    0.000000] pcpu-alloc: [2] 64 [2] 65 [2] 66 [2] 67 [2] 68 [2] 69 [2] 70 [2] 71 
May 26 09:54:42 ubuntu systemd-networkd[2175]: br0: IPv6 successfully enabled
May 26 09:54:42 ubuntu kernel: [    0.000000] pcpu-alloc: [3] 72 [3] 73 [3] 74 [3] 75 [3] 76 [3] 77 [3] 78 [3] 79 
May 26 09:54:42 ubuntu kernel: [    0.000000] pcpu-alloc: [3] 80 [3] 81 [3] 82 [3] 83 [3] 84 [3] 85 [3] 86 [3] 87 
May 26 09:54:42 ubuntu kernel: [    0.000000] pcpu-alloc: [3] 88 [3] 89 [3] 90 [3] 91 [3] 92 [3] 93 [3] 94 [3] 95 
May 26 09:54:42 ubuntu systemd-networkd[2175]: enp125s0f3: Link is not managed by us
May 26 09:54:42 ubuntu systemd-networkd[2175]: enp125s0f0: Link is not managed by us
May 26 09:54:42 ubuntu kernel: [    0.000000] Detected VIPT I-cache on CPU0
May 26 09:54:42 ubuntu kernel: [    0.000000] CPU features: detected: GIC system register CPU interface
May 26 09:54:42 ubuntu systemd-networkd[2175]: enp125s0f2: Link is not managed by us
May 26 09:54:42 ubuntu kernel: [    0.000000] CPU features: detected: Virtualization Host Extensions
May 26 09:54:42 ubuntu systemd-networkd[2175]: enp125s0f1: Link is not managed by us
May 26 09:54:42 ubuntu systemd-networkd[2175]: lo: Link is not managed by us
May 26 09:54:42 ubuntu systemd-networkd[2175]: enp125s0f1: IPv6 successfully enabled
May 26 09:54:42 ubuntu systemd-networkd[2175]: enp125s0f3: Link is not managed by us
May 26 09:54:42 ubuntu systemd-networkd[2175]: enp125s0f0: Link is not managed by us
May 26 09:54:42 ubuntu systemd-networkd[2175]: enp125s0f2: Link is not managed by us
May 26 09:54:42 ubuntu systemd-networkd[2175]: lo: Link is not managed by us
May 26 09:54:42 ubuntu systemd[1]: Starting Network Name Resolution...
May 26 09:54:42 ubuntu systemd-networkd[2175]: br0: Link UP
May 26 09:54:42 ubuntu systemd-networkd[2175]: enp125s0f1: Link UP
May 26 09:54:42 ubuntu kernel: [    0.000000] CPU features: detected: Hardware dirty bit management
May 26 09:54:42 ubuntu systemd[1]: Starting Wait for Network to be Configured...
May 26 09:54:42 ubuntu kernel: [    0.000000] alternatives: patching kernel code
May 26 09:54:42 ubuntu kernel: [    0.000000] Built 4 zonelists, mobility grouping on.  Total pages: 32898000
May 26 09:54:42 ubuntu kernel: [    0.000000] Policy zone: Normal
May 26 09:54:42 ubuntu kernel: [    0.000000] Kernel command line: BOOT_IMAGE=/boot/vmlinuz-5.7.1 root=UUID=87f15ea3-75f7-4c9d-add6-30cc3fc19001 ro text
May 26 09:54:42 ubuntu apparmor[2013]: Skipping profile in /etc/apparmor.d/disable: usr.bin.firefox
May 26 09:54:42 ubuntu kernel: [    0.000000] printk: log_buf_len individual max cpu contribution: 4096 bytes
May 26 09:54:42 ubuntu apparmor[2013]: Skipping profile in /etc/apparmor.d/disable: usr.sbin.rsyslogd
May 26 09:54:42 ubuntu kernel: [    0.000000] printk: log_buf_len total cpu_extra contributions: 389120 bytes
May 26 09:54:42 ubuntu kernel: [    0.000000] printk: log_buf_len min size: 262144 bytes
May 26 09:54:42 ubuntu kernel: [    0.000000] printk: log_buf_len: 1048576 bytes
May 26 09:54:42 ubuntu systemd-networkd[2175]: enp125s0f0: Link UP
May 26 09:54:42 ubuntu kernel: [    0.000000] printk: early log buf free: 245796(93%)
May 26 09:54:42 ubuntu kernel: [    0.000000] mem auto-init: stack:off, heap alloc:on, heap free:off
May 26 09:54:42 ubuntu kernel: [    0.000000] software IO TLB: mapped [mem 0x3b030000-0x3f030000] (64MB)
May 26 09:54:42 ubuntu kernel: [    0.000000] Memory: 130841812K/134213440K available (14204K kernel code, 2354K rwdata, 6864K rodata, 7040K init, 1132K bss, 3338860K reserved, 32768K cma-reserved)
May 26 09:54:42 ubuntu kernel: [    0.000000] random: get_random_u64 called from __kmem_cache_create+0x54/0x5d8 with crng_init=0
May 26 09:54:42 ubuntu systemd-resolved[2289]: Positive Trust Anchors:
May 26 09:54:42 ubuntu kernel: [    0.000000] SLUB: HWalign=64, Order=0-3, MinObjects=0, CPUs=96, Nodes=4
May 26 09:54:42 ubuntu kernel: [    0.000000] ftrace: allocating 46107 entries in 181 pages
May 26 09:54:42 ubuntu kernel: [    0.000000] ftrace: allocated 181 pages with 5 groups
May 26 09:54:42 ubuntu kernel: [    0.000000] rcu: Hierarchical RCU implementation.
May 26 09:54:42 ubuntu kernel: [    0.000000] rcu: 	RCU restricting CPUs from NR_CPUS=256 to nr_cpu_ids=96.
May 26 09:54:42 ubuntu systemd-resolved[2289]: . IN DS 19036 8 2 49aac11d7b6f6446702e54a1607371607a1a41855200fd2ce1cdde32f24e8fb5
May 26 09:54:42 ubuntu kernel: [    0.000000] 	Tasks RCU enabled.
May 26 09:54:42 ubuntu systemd-resolved[2289]: . IN DS 20326 8 2 e06d44b80b8f1d39a95c0b0d7c65d08458e880409bbc683457104237c7f8ec8d
May 26 09:54:42 ubuntu kernel: [    0.000000] rcu: RCU calculated value of scheduler-enlistment delay is 25 jiffies.
May 26 09:54:42 ubuntu kernel: [    0.000000] rcu: Adjusting geometry for rcu_fanout_leaf=16, nr_cpu_ids=96
May 26 09:54:42 ubuntu kernel: [    0.000000] NR_IRQS: 64, nr_irqs: 64, preallocated irqs: 0
May 26 09:54:42 ubuntu kernel: [    0.000000] GICv3: GIC: Using split EOI/Deactivate mode
May 26 09:54:42 ubuntu systemd-resolved[2289]: Negative trust anchors: 10.in-addr.arpa 16.172.in-addr.arpa 17.172.in-addr.arpa 18.172.in-addr.arpa 19.172.in-addr.arpa 20.172.in-addr.arpa 21.172.in-addr.arpa 22.172.in-addr.arpa 23.172.in-addr.arpa 24.172.in-addr.arpa 25.172.in-addr.arpa 26.172.in-addr.arpa 27.172.in-addr.arpa 28.172.in-addr.arpa 29.172.in-addr.arpa 30.172.in-addr.arpa 31.172.in-addr.arpa 168.192.in-addr.arpa d.f.ip6.arpa corp home internal intranet lan local private test
May 26 09:54:42 ubuntu kernel: [    0.000000] GICv3: 640 SPIs implemented
May 26 09:54:42 ubuntu systemd-resolved[2289]: Using system hostname 'ubuntu'.
May 26 09:54:42 ubuntu kernel: [    0.000000] GICv3: 0 Extended SPIs implemented
May 26 09:54:42 ubuntu kernel: [    0.000000] GICv3: Distributor has no Range Selector support
May 26 09:54:42 ubuntu systemd[1]: Started Network Name Resolution.
May 26 09:54:42 ubuntu kernel: [    0.000000] GICv3: 16 PPIs implemented
May 26 09:54:42 ubuntu kernel: [    0.000000] GICv3: GICv4 features: DirectLPI 
May 26 09:54:42 ubuntu kernel: [    0.000000] GICv3: CPU0: found redistributor 80000 region 0:0x00000000ae100000
May 26 09:54:42 ubuntu kernel: [    0.000000] SRAT: PXM 0 -> ITS 0 -> Node 0
May 26 09:54:42 ubuntu kernel: [    0.000000] SRAT: PXM 2 -> ITS 1 -> Node 2
May 26 09:54:42 ubuntu kernel: [    0.000000] ITS [mem 0x202100000-0x20211ffff]
May 26 09:54:42 ubuntu systemd[1]: Reached target Host and Network Name Lookups.
May 26 09:54:42 ubuntu kernel: [    0.000000] ITS@0x0000000202100000: Using ITS number 0
May 26 09:54:42 ubuntu kernel: [    0.000000] ITS@0x0000000202100000: allocated 65536 Devices @27ffb80000 (flat, esz 8, psz 16K, shr 1)
May 26 09:54:42 ubuntu kernel: [    0.000000] ITS@0x0000000202100000: allocated 65536 Virtual CPUs @27ff000000 (flat, esz 16, psz 4K, shr 1)
May 26 09:54:42 ubuntu apparmor[2013]:    ...done.
May 26 09:54:42 ubuntu kernel: [    0.000000] ITS@0x0000000202100000: allocated 256 Interrupt Collections @27ffb01000 (flat, esz 16, psz 4K, shr 1)
May 26 09:54:42 ubuntu kernel: [    0.000000] ITS [mem 0x200202100000-0x20020211ffff]
May 26 09:54:42 ubuntu kernel: [    0.000000] ITS@0x0000200202100000: Using ITS number 1
May 26 09:54:42 ubuntu systemd[1]: Started AppArmor initialization.
May 26 09:54:42 ubuntu kernel: [    0.000000] ITS@0x0000200202100000: allocated 65536 Devices @2027ff880000 (flat, esz 8, psz 16K, shr 1)
May 26 09:54:42 ubuntu kernel: [    0.000000] ITS@0x0000200202100000: allocated 65536 Virtual CPUs @2027ff900000 (flat, esz 16, psz 4K, shr 1)
May 26 09:54:42 ubuntu kernel: [    0.000000] ITS@0x0000200202100000: allocated 256 Interrupt Collections @2027ff801000 (flat, esz 16, psz 4K, shr 1)
May 26 09:54:42 ubuntu kernel: [    0.000000] GICv3: using LPI property table @0x00000027ffb20000
May 26 09:54:42 ubuntu kernel: [    0.000000] ITS: Using DirectLPI for VPE invalidation
May 26 09:54:42 ubuntu systemd[1]: Starting Load AppArmor profiles managed internally by snapd...
May 26 09:54:42 ubuntu kernel: [    0.000000] ITS: Enabling GICv4 support
May 26 09:54:42 ubuntu kernel: [    0.000000] GICv3: CPU0: using allocated LPI pending table @0x00000027ffb30000
May 26 09:54:42 ubuntu kernel: [    0.000000] arch_timer: cp15 timer(s) running at 100.00MHz (phys).
May 26 09:54:42 ubuntu systemd[1]: Starting Raise network interfaces...
May 26 09:54:42 ubuntu kernel: [    0.000000] clocksource: arch_sys_counter: mask: 0xffffffffffffff max_cycles: 0x171024e7e0, max_idle_ns: 440795205315 ns
May 26 09:54:42 ubuntu kernel: [    0.000001] sched_clock: 56 bits at 100MHz, resolution 10ns, wraps every 4398046511100ns
May 26 09:54:42 ubuntu kernel: [    0.000110] Console: colour dummy device 80x25
May 26 09:54:42 ubuntu kernel: [    0.000439] printk: console [tty0] enabled
May 26 09:54:42 ubuntu kernel: [    0.000504] mempolicy: Enabling automatic NUMA balancing. Configure with numa_balancing= or the kernel.numa_balancing sysctl
May 26 09:54:42 ubuntu kernel: [    0.000519] ACPI: Core revision 20200326
May 26 09:54:42 ubuntu systemd[1]: Started Load AppArmor profiles managed internally by snapd.
May 26 09:54:42 ubuntu kernel: [    0.000716] Calibrating delay loop (skipped), value calculated using timer frequency.. 200.00 BogoMIPS (lpj=400000)
May 26 09:54:42 ubuntu kernel: [    0.000721] pid_max: default: 98304 minimum: 768
May 26 09:54:42 ubuntu kernel: [    0.000799] LSM: Security Framework initializing
May 26 09:54:42 ubuntu kernel: [    0.000806] Yama: becoming mindful.
May 26 09:54:42 ubuntu kernel: [    0.000839] AppArmor: AppArmor initialized
May 26 09:54:42 ubuntu snapd-apparmor[2336]: find: ‘/var/lib/snapd/apparmor/profiles/’: No such file or directory
May 26 09:54:42 ubuntu kernel: [    0.012365] Dentry cache hash table entries: 8388608 (order: 14, 67108864 bytes, vmalloc)
May 26 09:54:42 ubuntu kernel: [    0.018759] Inode-cache hash table entries: 4194304 (order: 13, 33554432 bytes, vmalloc)
May 26 09:54:42 ubuntu kernel: [    0.019030] Mount-cache hash table entries: 131072 (order: 8, 1048576 bytes, vmalloc)
May 26 09:54:42 ubuntu kernel: [    0.019266] Mountpoint-cache hash table entries: 131072 (order: 8, 1048576 bytes, vmalloc)
May 26 09:54:42 ubuntu systemd[1]: Reached target System Initialization.
May 26 09:54:42 ubuntu kernel: [    0.021670] rcu: Hierarchical SRCU implementation.
May 26 09:54:42 ubuntu kernel: [    0.022115] Platform MSI: ITS@0x202100000 domain created
May 26 09:54:42 ubuntu systemd[1]: Started Message of the Day.
May 26 09:54:42 ubuntu kernel: [    0.022120] Platform MSI: ITS@0x200202100000 domain created
May 26 09:54:42 ubuntu kernel: [    0.022127] PCI/MSI: ITS@0x202100000 domain created
May 26 09:54:42 ubuntu kernel: [    0.022130] PCI/MSI: ITS@0x200202100000 domain created
May 26 09:54:42 ubuntu kernel: [    0.022144] Remapping and enabling EFI services.
May 26 09:54:42 ubuntu systemd[1]: Started CUPS Scheduler.
May 26 09:54:42 ubuntu kernel: [    0.022353] efi: memattr: Entry attributes invalid: RO and XP bits both cleared
May 26 09:54:42 ubuntu systemd[1]: Listening on Virtual machine log manager socket.
May 26 09:54:42 ubuntu kernel: [    0.022359] efi: memattr: ! 0x000000000000-0x00000000ffff [Runtime Code       |RUN|  |  |  |  |  |  |  |   |  |  |  |  ]
May 26 09:54:42 ubuntu kernel: [    0.023517] smp: Bringing up secondary CPUs ...
May 26 09:54:42 ubuntu systemd[1]: Listening on Virtual machine lock manager socket.
May 26 09:54:42 ubuntu kernel: [    0.053352] Detected VIPT I-cache on CPU1
May 26 09:54:42 ubuntu kernel: [    0.053361] GICv3: CPU1: found redistributor 80100 region 1:0x00000000ae140000
May 26 09:54:42 ubuntu kernel: [    0.053375] GICv3: CPU1: using allocated LPI pending table @0x00000027ffb40000
May 26 09:54:42 ubuntu kernel: [    0.053411] CPU1: Booted secondary processor 0x0000080100 [0x481fd010]
May 26 09:54:42 ubuntu systemd[1]: Started Trigger anacron every hour.
May 26 09:54:42 ubuntu kernel: [    0.085897] Detected VIPT I-cache on CPU2
May 26 09:54:42 ubuntu kernel: [    0.085901] GICv3: CPU2: found redistributor 80200 region 2:0x00000000ae180000
May 26 09:54:42 ubuntu kernel: [    0.085914] GICv3: CPU2: using allocated LPI pending table @0x00000027ffb50000
May 26 09:54:42 ubuntu kernel: [    0.085946] CPU2: Booted secondary processor 0x0000080200 [0x481fd010]
May 26 09:54:42 ubuntu systemd[1]: Started Daily apt download activities.
May 26 09:54:42 ubuntu kernel: [    0.118446] Detected VIPT I-cache on CPU3
May 26 09:54:42 ubuntu kernel: [    0.118451] GICv3: CPU3: found redistributor 80300 region 3:0x00000000ae1c0000
May 26 09:54:42 ubuntu kernel: [    0.118463] GICv3: CPU3: using allocated LPI pending table @0x00000027ffb60000
May 26 09:54:42 ubuntu kernel: [    0.118493] CPU3: Booted secondary processor 0x0000080300 [0x481fd010]
May 26 09:54:42 ubuntu kernel: [    0.151176] Detected VIPT I-cache on CPU4
May 26 09:54:42 ubuntu systemd[1]: Listening on Open-iSCSI iscsid Socket.
May 26 09:54:42 ubuntu kernel: [    0.151184] GICv3: CPU4: found redistributor 90000 region 4:0x00000000ae200000
May 26 09:54:42 ubuntu kernel: [    0.151205] GICv3: CPU4: using allocated LPI pending table @0x00000027ffb70000
May 26 09:54:42 ubuntu kernel: [    0.151242] CPU4: Booted secondary processor 0x0000090000 [0x481fd010]
May 26 09:54:42 ubuntu systemd[1]: Starting LXD - unix socket.
May 26 09:54:42 ubuntu kernel: [    0.183894] Detected VIPT I-cache on CPU5
May 26 09:54:42 ubuntu kernel: [    0.183900] GICv3: CPU5: found redistributor 90100 region 5:0x00000000ae240000
May 26 09:54:42 ubuntu kernel: [    0.183912] GICv3: CPU5: using allocated LPI pending table @0x00000027ff100000
May 26 09:54:42 ubuntu systemd[1]: Listening on CUPS Scheduler.
May 26 09:54:42 ubuntu kernel: [    0.183943] CPU5: Booted secondary processor 0x0000090100 [0x481fd010]
May 26 09:54:42 ubuntu kernel: [    0.216617] Detected VIPT I-cache on CPU6
May 26 09:54:42 ubuntu kernel: [    0.216622] GICv3: CPU6: found redistributor 90200 region 6:0x00000000ae280000
May 26 09:54:42 ubuntu systemd[1]: Started Daily apt upgrade and clean activities.
May 26 09:54:42 ubuntu systemd[1]: Started ACPI Events Check.
May 26 09:54:42 ubuntu kernel: [    0.216634] GICv3: CPU6: using allocated LPI pending table @0x00000027ff110000
May 26 09:54:42 ubuntu kernel: [    0.216666] CPU6: Booted secondary processor 0x0000090200 [0x481fd010]
May 26 09:54:42 ubuntu kernel: [    0.249341] Detected VIPT I-cache on CPU7
May 26 09:54:42 ubuntu systemd[1]: Reached target Paths.
May 26 09:54:42 ubuntu kernel: [    0.249346] GICv3: CPU7: found redistributor 90300 region 7:0x00000000ae2c0000
May 26 09:54:42 ubuntu systemd[1]: Listening on ACPID Listen Socket.
May 26 09:54:42 ubuntu kernel: [    0.249359] GICv3: CPU7: using allocated LPI pending table @0x00000027ff120000
May 26 09:54:42 ubuntu kernel: [    0.249391] CPU7: Booted secondary processor 0x0000090300 [0x481fd010]
May 26 09:54:42 ubuntu kernel: [    0.282243] Detected VIPT I-cache on CPU8
May 26 09:54:42 ubuntu systemd[1]: Started Discard unused blocks once a week.
May 26 09:54:42 ubuntu kernel: [    0.282250] GICv3: CPU8: found redistributor a0000 region 8:0x00000000ae300000
May 26 09:54:42 ubuntu kernel: [    0.282269] GICv3: CPU8: using allocated LPI pending table @0x00000027ff130000
May 26 09:54:42 ubuntu kernel: [    0.282304] CPU8: Booted secondary processor 0x00000a0000 [0x481fd010]
May 26 09:54:42 ubuntu systemd[1]: Listening on UUID daemon activation socket.
May 26 09:54:42 ubuntu kernel: [    0.315136] Detected VIPT I-cache on CPU9
May 26 09:54:42 ubuntu kernel: [    0.315141] GICv3: CPU9: found redistributor a0100 region 9:0x00000000ae340000
May 26 09:54:42 ubuntu kernel: [    0.315155] GICv3: CPU9: using allocated LPI pending table @0x00000027ff140000
May 26 09:54:42 ubuntu kernel: [    0.315187] CPU9: Booted secondary processor 0x00000a0100 [0x481fd010]
May 26 09:54:42 ubuntu systemd[1]: Starting Socket activation for snappy daemon.
May 26 09:54:42 ubuntu kernel: [    0.348033] Detected VIPT I-cache on CPU10
May 26 09:54:42 ubuntu systemd[1]: Started Daily Cleanup of Temporary Directories.
May 26 09:54:42 ubuntu systemd[1]: Reached target Timers.
May 26 09:54:42 ubuntu systemd[1]: Listening on Avahi mDNS/DNS-SD Stack Activation Socket.
May 26 09:54:42 ubuntu systemd[1]: Listening on D-Bus System Message Bus Socket.
May 26 09:54:42 ubuntu systemd[1]: Listening on LXD - unix socket.
May 26 09:54:42 ubuntu systemd[1]: Listening on Socket activation for snappy daemon.
May 26 09:54:42 ubuntu systemd[1]: Reached target Sockets.
May 26 09:54:42 ubuntu systemd[1]: Reached target Basic System.
May 26 09:54:42 ubuntu systemd[1]: Starting Login Service...
May 26 09:54:42 ubuntu kernel: [    0.348038] GICv3: CPU10: found redistributor a0200 region 10:0x00000000ae380000
May 26 09:54:42 ubuntu systemd[1]: Started irqbalance daemon.
May 26 09:54:42 ubuntu kernel: [    0.348052] GICv3: CPU10: using allocated LPI pending table @0x00000027ff150000
May 26 09:54:42 ubuntu kernel: [    0.348084] CPU10: Booted secondary processor 0x00000a0200 [0x481fd010]
May 26 09:54:42 ubuntu kernel: [    0.380930] Detected VIPT I-cache on CPU11
May 26 09:54:42 ubuntu systemd[1]: Started D-Bus System Message Bus.
May 26 09:54:42 ubuntu kernel: [    0.380936] GICv3: CPU11: found redistributor a0300 region 11:0x00000000ae3c0000
May 26 09:54:42 ubuntu kernel: [    0.380950] GICv3: CPU11: using allocated LPI pending table @0x00000027ff160000
May 26 09:54:42 ubuntu kernel: [    0.380983] CPU11: Booted secondary processor 0x00000a0300 [0x481fd010]
May 26 09:54:42 ubuntu kernel: [    0.414005] Detected VIPT I-cache on CPU12
May 26 09:54:42 ubuntu /usr/sbin/irqbalance: IRQ 0(1) guessed as class 0
May 26 09:54:42 ubuntu kernel: [    0.414013] GICv3: CPU12: found redistributor b0000 region 12:0x00000000ae400000
May 26 09:54:42 ubuntu kernel: [    0.414033] GICv3: CPU12: using allocated LPI pending table @0x00000027ff170000
May 26 09:54:42 ubuntu /usr/sbin/irqbalance: IRQ 0(2) guessed as class 0
May 26 09:54:42 ubuntu kernel: [    0.414069] CPU12: Booted secondary processor 0x00000b0000 [0x481fd010]
May 26 09:54:42 ubuntu kernel: [    0.447071] Detected VIPT I-cache on CPU13
May 26 09:54:42 ubuntu kernel: [    0.447078] GICv3: CPU13: found redistributor b0100 region 13:0x00000000ae440000
May 26 09:54:42 ubuntu kernel: [    0.447092] GICv3: CPU13: using allocated LPI pending table @0x00000027ff180000
May 26 09:54:42 ubuntu kernel: [    0.447124] CPU13: Booted secondary processor 0x00000b0100 [0x481fd010]
May 26 09:54:42 ubuntu /usr/sbin/irqbalance: IRQ 0(3) guessed as class 0
May 26 09:54:42 ubuntu kernel: [    0.480143] Detected VIPT I-cache on CPU14
May 26 09:54:42 ubuntu kernel: [    0.480149] GICv3: CPU14: found redistributor b0200 region 14:0x00000000ae480000
May 26 09:54:42 ubuntu kernel: [    0.480163] GICv3: CPU14: using allocated LPI pending table @0x00000027ff190000
May 26 09:54:42 ubuntu /usr/sbin/irqbalance: IRQ 625(4) guessed as class 0
May 26 09:54:42 ubuntu kernel: [    0.480195] CPU14: Booted secondary processor 0x00000b0200 [0x481fd010]
May 26 09:54:42 ubuntu kernel: [    0.513214] Detected VIPT I-cache on CPU15
May 26 09:54:42 ubuntu kernel: [    0.513220] GICv3: CPU15: found redistributor b0300 region 15:0x00000000ae4c0000
May 26 09:54:42 ubuntu kernel: [    0.513235] GICv3: CPU15: using allocated LPI pending table @0x00000027ff1a0000
May 26 09:54:42 ubuntu /usr/sbin/irqbalance: IRQ 0(9) guessed as class 0
May 26 09:54:42 ubuntu kernel: [    0.513267] CPU15: Booted secondary processor 0x00000b0300 [0x481fd010]
May 26 09:54:42 ubuntu kernel: [    0.545768] Detected VIPT I-cache on CPU16
May 26 09:54:42 ubuntu kernel: [    0.545776] GICv3: CPU16: found redistributor c0000 region 16:0x00000000ae500000
May 26 09:54:42 ubuntu kernel: [    0.545797] GICv3: CPU16: using allocated LPI pending table @0x00000027ff1b0000
May 26 09:54:42 ubuntu /usr/sbin/irqbalance: IRQ 0(10) guessed as class 0
May 26 09:54:42 ubuntu kernel: [    0.545833] CPU16: Booted secondary processor 0x00000c0000 [0x481fd010]
May 26 09:54:42 ubuntu /usr/sbin/irqbalance: IRQ 0(14) guessed as class 0
May 26 09:54:42 ubuntu kernel: [    0.578314] Detected VIPT I-cache on CPU17
May 26 09:54:42 ubuntu /usr/sbin/irqbalance: IRQ 0(15) guessed as class 0
May 26 09:54:42 ubuntu kernel: [    0.578321] GICv3: CPU17: found redistributor c0100 region 17:0x00000000ae540000
May 26 09:54:42 ubuntu kernel: [    0.578335] GICv3: CPU17: using allocated LPI pending table @0x00000027ff1c0000
May 26 09:54:42 ubuntu kernel: [    0.578367] CPU17: Booted secondary processor 0x00000c0100 [0x481fd010]
May 26 09:54:42 ubuntu kernel: [    0.610863] Detected VIPT I-cache on CPU18
May 26 09:54:42 ubuntu kernel: [    0.610870] GICv3: CPU18: found redistributor c0200 region 18:0x00000000ae580000
May 26 09:54:42 ubuntu /usr/sbin/irqbalance: IRQ 0(16) guessed as class 0
May 26 09:54:42 ubuntu kernel: [    0.610885] GICv3: CPU18: using allocated LPI pending table @0x00000027ff1d0000
May 26 09:54:42 ubuntu kernel: [    0.610917] CPU18: Booted secondary processor 0x00000c0200 [0x481fd010]
May 26 09:54:42 ubuntu /usr/sbin/irqbalance: IRQ 0(17) guessed as class 0
May 26 09:54:42 ubuntu kernel: [    0.643414] Detected VIPT I-cache on CPU19
May 26 09:54:42 ubuntu kernel: [    0.643421] GICv3: CPU19: found redistributor c0300 region 19:0x00000000ae5c0000
May 26 09:54:42 ubuntu kernel: [    0.643435] GICv3: CPU19: using allocated LPI pending table @0x00000027ff1e0000
May 26 09:54:42 ubuntu /usr/sbin/irqbalance: IRQ 0(19) guessed as class 0
May 26 09:54:42 ubuntu kernel: [    0.643468] CPU19: Booted secondary processor 0x00000c0300 [0x481fd010]
May 26 09:54:42 ubuntu kernel: [    0.676141] Detected VIPT I-cache on CPU20
May 26 09:54:42 ubuntu kernel: [    0.676151] GICv3: CPU20: found redistributor d0000 region 20:0x00000000ae600000
May 26 09:54:42 ubuntu kernel: [    0.676171] GICv3: CPU20: using allocated LPI pending table @0x00000027ff1f0000
May 26 09:54:42 ubuntu /usr/sbin/irqbalance: IRQ 0(20) guessed as class 0
May 26 09:54:42 ubuntu kernel: [    0.676207] CPU20: Booted secondary processor 0x00000d0000 [0x481fd010]
May 26 09:54:42 ubuntu kernel: [    0.708861] Detected VIPT I-cache on CPU21
May 26 09:54:42 ubuntu kernel: [    0.708868] GICv3: CPU21: found redistributor d0100 region 21:0x00000000ae640000
May 26 09:54:42 ubuntu kernel: [    0.708884] GICv3: CPU21: using allocated LPI pending table @0x00000027ff200000
May 26 09:54:42 ubuntu kernel: [    0.708916] CPU21: Booted secondary processor 0x00000d0100 [0x481fd010]
May 26 09:54:42 ubuntu /usr/sbin/irqbalance: IRQ 0(21) guessed as class 0
May 26 09:54:42 ubuntu kernel: [    0.741584] Detected VIPT I-cache on CPU22
May 26 09:54:42 ubuntu kernel: [    0.741591] GICv3: CPU22: found redistributor d0200 region 22:0x00000000ae680000
May 26 09:54:42 ubuntu kernel: [    0.741606] GICv3: CPU22: using allocated LPI pending table @0x00000027ff210000
May 26 09:54:42 ubuntu /usr/sbin/irqbalance: IRQ 0(22) guessed as class 0
May 26 09:54:42 ubuntu /usr/sbin/irqbalance: IRQ 0(23) guessed as class 0
May 26 09:54:42 ubuntu kernel: [    0.741638] CPU22: Booted secondary processor 0x00000d0200 [0x481fd010]
May 26 09:54:42 ubuntu kernel: [    0.774308] Detected VIPT I-cache on CPU23
May 26 09:54:42 ubuntu kernel: [    0.774315] GICv3: CPU23: found redistributor d0300 region 23:0x00000000ae6c0000
May 26 09:54:42 ubuntu kernel: [    0.774331] GICv3: CPU23: using allocated LPI pending table @0x00000027ff220000
May 26 09:54:42 ubuntu /usr/sbin/irqbalance: IRQ 0(24) guessed as class 0
May 26 09:54:42 ubuntu kernel: [    0.774362] CPU23: Booted secondary processor 0x00000d0300 [0x481fd010]
May 26 09:54:42 ubuntu kernel: [    0.806873] Detected VIPT I-cache on CPU24
May 26 09:54:42 ubuntu kernel: [    0.806889] GICv3: CPU24: found redistributor 180000 region 24:0x00000000aa100000
May 26 09:54:42 ubuntu kernel: [    0.806926] GICv3: CPU24: using allocated LPI pending table @0x00000027ff230000
May 26 09:54:42 ubuntu /usr/sbin/irqbalance: IRQ 0(25) guessed as class 0
May 26 09:54:42 ubuntu kernel: [    0.806974] CPU24: Booted secondary processor 0x0000180000 [0x481fd010]
May 26 09:54:42 ubuntu kernel: [    0.839410] Detected VIPT I-cache on CPU25
May 26 09:54:42 ubuntu kernel: [    0.839419] GICv3: CPU25: found redistributor 180100 region 25:0x00000000aa140000
May 26 09:54:42 ubuntu /usr/sbin/irqbalance: IRQ 0(26) guessed as class 0
May 26 09:54:42 ubuntu kernel: [    0.839440] GICv3: CPU25: using allocated LPI pending table @0x00000027ff240000
May 26 09:54:42 ubuntu kernel: [    0.839479] CPU25: Booted secondary processor 0x0000180100 [0x481fd010]
May 26 09:54:42 ubuntu kernel: [    0.871959] Detected VIPT I-cache on CPU26
May 26 09:54:42 ubuntu /usr/sbin/irqbalance: IRQ 0(27) guessed as class 0
May 26 09:54:42 ubuntu kernel: [    0.871969] GICv3: CPU26: found redistributor 180200 region 26:0x00000000aa180000
May 26 09:54:42 ubuntu /usr/sbin/irqbalance: IRQ 0(28) guessed as class 0
May 26 09:54:42 ubuntu kernel: [    0.871986] GICv3: CPU26: using allocated LPI pending table @0x00000027ff250000
May 26 09:54:42 ubuntu kernel: [    0.872025] CPU26: Booted secondary processor 0x0000180200 [0x481fd010]
May 26 09:54:42 ubuntu /usr/sbin/irqbalance: IRQ 0(29) guessed as class 0
May 26 09:54:42 ubuntu kernel: [    0.904510] Detected VIPT I-cache on CPU27
May 26 09:54:42 ubuntu /usr/sbin/irqbalance: IRQ 0(30) guessed as class 0
May 26 09:54:42 ubuntu kernel: [    0.904519] GICv3: CPU27: found redistributor 180300 region 27:0x00000000aa1c0000
May 26 09:54:42 ubuntu /usr/sbin/irqbalance: IRQ 0(31) guessed as class 0
May 26 09:54:42 ubuntu kernel: [    0.904537] GICv3: CPU27: using allocated LPI pending table @0x00000027ff260000
May 26 09:54:42 ubuntu kernel: [    0.904574] CPU27: Booted secondary processor 0x0000180300 [0x481fd010]
May 26 09:54:42 ubuntu kernel: [    0.937242] Detected VIPT I-cache on CPU28
May 26 09:54:42 ubuntu /usr/sbin/irqbalance: IRQ 0(32) guessed as class 0
May 26 09:54:42 ubuntu kernel: [    0.937256] GICv3: CPU28: found redistributor 190000 region 28:0x00000000aa200000
May 26 09:54:42 ubuntu kernel: [    0.937285] GICv3: CPU28: using allocated LPI pending table @0x00000027ff270000
May 26 09:54:42 ubuntu kernel: [    0.937330] CPU28: Booted secondary processor 0x0000190000 [0x481fd010]
May 26 09:54:42 ubuntu /usr/sbin/irqbalance: IRQ 0(33) guessed as class 0
May 26 09:54:42 ubuntu kernel: [    0.969957] Detected VIPT I-cache on CPU29
May 26 09:54:42 ubuntu kernel: [    0.969968] GICv3: CPU29: found redistributor 190100 region 29:0x00000000aa240000
May 26 09:54:42 ubuntu kernel: [    0.969985] GICv3: CPU29: using allocated LPI pending table @0x00000027ff280000
May 26 09:54:42 ubuntu kernel: [    0.970023] CPU29: Booted secondary processor 0x0000190100 [0x481fd010]
May 26 09:54:42 ubuntu kernel: [    1.002680] Detected VIPT I-cache on CPU30
May 26 09:54:42 ubuntu /usr/sbin/irqbalance: IRQ 0(34) guessed as class 0
May 26 09:54:42 ubuntu kernel: [    1.002691] GICv3: CPU30: found redistributor 190200 region 30:0x00000000aa280000
May 26 09:54:42 ubuntu kernel: [    1.002708] GICv3: CPU30: using allocated LPI pending table @0x00000027ff290000
May 26 09:54:42 ubuntu kernel: [    1.002746] CPU30: Booted secondary processor 0x0000190200 [0x481fd010]
May 26 09:54:42 ubuntu /usr/sbin/irqbalance: IRQ 0(35) guessed as class 0
May 26 09:54:42 ubuntu kernel: [    1.035404] Detected VIPT I-cache on CPU31
May 26 09:54:42 ubuntu kernel: [    1.035415] GICv3: CPU31: found redistributor 190300 region 31:0x00000000aa2c0000
May 26 09:54:42 ubuntu kernel: [    1.035430] GICv3: CPU31: using allocated LPI pending table @0x00000027ff2a0000
May 26 09:54:42 ubuntu /usr/sbin/irqbalance: IRQ 0(36) guessed as class 0
May 26 09:54:42 ubuntu kernel: [    1.035467] CPU31: Booted secondary processor 0x0000190300 [0x481fd010]
May 26 09:54:42 ubuntu /usr/sbin/irqbalance: IRQ 0(37) guessed as class 0
May 26 09:54:42 ubuntu kernel: [    1.068308] Detected VIPT I-cache on CPU32
May 26 09:54:42 ubuntu kernel: [    1.068322] GICv3: CPU32: found redistributor 1a0000 region 32:0x00000000aa300000
May 26 09:54:42 ubuntu kernel: [    1.068345] GICv3: CPU32: using allocated LPI pending table @0x00000027ff2b0000
May 26 09:54:42 ubuntu kernel: [    1.068388] CPU32: Booted secondary processor 0x00001a0000 [0x481fd010]
May 26 09:54:42 ubuntu /usr/sbin/irqbalance: IRQ 0(38) guessed as class 0
May 26 09:54:42 ubuntu kernel: [    1.101199] Detected VIPT I-cache on CPU33
May 26 09:54:42 ubuntu kernel: [    1.101211] GICv3: CPU33: found redistributor 1a0100 region 33:0x00000000aa340000
May 26 09:54:42 ubuntu kernel: [    1.101230] GICv3: CPU33: using allocated LPI pending table @0x00000027ff2c0000
May 26 09:54:42 ubuntu /usr/sbin/irqbalance: IRQ 0(39) guessed as class 0
May 26 09:54:42 ubuntu kernel: [    1.101268] CPU33: Booted secondary processor 0x00001a0100 [0x481fd010]
May 26 09:54:42 ubuntu kernel: [    1.134096] Detected VIPT I-cache on CPU34
May 26 09:54:42 ubuntu kernel: [    1.134107] GICv3: CPU34: found redistributor 1a0200 region 34:0x00000000aa380000
May 26 09:54:42 ubuntu kernel: [    1.134125] GICv3: CPU34: using allocated LPI pending table @0x00000027ff2d0000
May 26 09:54:42 ubuntu kernel: [    1.134163] CPU34: Booted secondary processor 0x00001a0200 [0x481fd010]
May 26 09:54:42 ubuntu kernel: [    1.166993] Detected VIPT I-cache on CPU35
May 26 09:54:42 ubuntu /usr/sbin/irqbalance: IRQ 0(40) guessed as class 0
May 26 09:54:42 ubuntu kernel: [    1.167005] GICv3: CPU35: found redistributor 1a0300 region 35:0x00000000aa3c0000
May 26 09:54:42 ubuntu kernel: [    1.167022] GICv3: CPU35: using allocated LPI pending table @0x00000027ff2e0000
May 26 09:54:42 ubuntu /usr/sbin/irqbalance: IRQ 0(41) guessed as class 0
May 26 09:54:42 ubuntu kernel: [    1.167061] CPU35: Booted secondary processor 0x00001a0300 [0x481fd010]
May 26 09:54:42 ubuntu kernel: [    1.200070] Detected VIPT I-cache on CPU36
May 26 09:54:42 ubuntu kernel: [    1.200084] GICv3: CPU36: found redistributor 1b0000 region 36:0x00000000aa400000
May 26 09:54:42 ubuntu /usr/sbin/irqbalance: IRQ 0(42) guessed as class 0
May 26 09:54:42 ubuntu /usr/sbin/irqbalance: IRQ 0(43) guessed as class 0
May 26 09:54:42 ubuntu kernel: [    1.200112] GICv3: CPU36: using allocated LPI pending table @0x00000027ff2f0000
May 26 09:54:42 ubuntu kernel: [    1.200157] CPU36: Booted secondary processor 0x00001b0000 [0x481fd010]
May 26 09:54:42 ubuntu /usr/sbin/irqbalance: IRQ 0(44) guessed as class 0
May 26 09:54:42 ubuntu /usr/sbin/irqbalance: IRQ 0(45) guessed as class 0
May 26 09:54:42 ubuntu /usr/sbin/irqbalance: IRQ 0(46) guessed as class 0
May 26 09:54:42 ubuntu /usr/sbin/irqbalance: IRQ 0(47) guessed as class 0
May 26 09:54:42 ubuntu /usr/sbin/irqbalance: IRQ 0(48) guessed as class 0
May 26 09:54:42 ubuntu /usr/sbin/irqbalance: IRQ 0(49) guessed as class 0
May 26 09:54:42 ubuntu /usr/sbin/irqbalance: IRQ 0(50) guessed as class 0
May 26 09:54:42 ubuntu /usr/sbin/irqbalance: IRQ 0(51) guessed as class 0
May 26 09:54:42 ubuntu /usr/sbin/irqbalance: IRQ 0(52) guessed as class 0
May 26 09:54:42 ubuntu /usr/sbin/irqbalance: IRQ 0(53) guessed as class 0
May 26 09:54:42 ubuntu /usr/sbin/irqbalance: IRQ 0(54) guessed as class 0
May 26 09:54:42 ubuntu kernel: [    1.233135] Detected VIPT I-cache on CPU37
May 26 09:54:42 ubuntu kernel: [    1.233146] GICv3: CPU37: found redistributor 1b0100 region 37:0x00000000aa440000
May 26 09:54:42 ubuntu kernel: [    1.233166] GICv3: CPU37: using allocated LPI pending table @0x00000027ff300000
May 26 09:54:42 ubuntu /usr/sbin/irqbalance: IRQ 0(55) guessed as class 0
May 26 09:54:42 ubuntu kernel: [    1.233204] CPU37: Booted secondary processor 0x00001b0100 [0x481fd010]
May 26 09:54:42 ubuntu kernel: [    1.266205] Detected VIPT I-cache on CPU38
May 26 09:54:42 ubuntu kernel: [    1.266217] GICv3: CPU38: found redistributor 1b0200 region 38:0x00000000aa480000
May 26 09:54:42 ubuntu kernel: [    1.266233] GICv3: CPU38: using allocated LPI pending table @0x00000027ff310000
May 26 09:54:42 ubuntu /usr/sbin/irqbalance: IRQ 0(56) guessed as class 0
May 26 09:54:42 ubuntu kernel: [    1.266271] CPU38: Booted secondary processor 0x00001b0200 [0x481fd010]
May 26 09:54:42 ubuntu kernel: [    1.299276] Detected VIPT I-cache on CPU39
May 26 09:54:42 ubuntu kernel: [    1.299288] GICv3: CPU39: found redistributor 1b0300 region 39:0x00000000aa4c0000
May 26 09:54:42 ubuntu kernel: [    1.299304] GICv3: CPU39: using allocated LPI pending table @0x00000027ff320000
May 26 09:54:42 ubuntu /usr/sbin/irqbalance: IRQ 0(57) guessed as class 0
May 26 09:54:42 ubuntu kernel: [    1.299343] CPU39: Booted secondary processor 0x00001b0300 [0x481fd010]
May 26 09:54:42 ubuntu kernel: [    1.331833] Detected VIPT I-cache on CPU40
May 26 09:54:42 ubuntu /usr/sbin/irqbalance: IRQ 0(58) guessed as class 0
May 26 09:54:42 ubuntu kernel: [    1.331847] GICv3: CPU40: found redistributor 1c0000 region 40:0x00000000aa500000
May 26 09:54:42 ubuntu kernel: [    1.331872] GICv3: CPU40: using allocated LPI pending table @0x00000027ff330000
May 26 09:54:42 ubuntu kernel: [    1.331915] CPU40: Booted secondary processor 0x00001c0000 [0x481fd010]
May 26 09:54:42 ubuntu kernel: [    1.364377] Detected VIPT I-cache on CPU41
May 26 09:54:42 ubuntu kernel: [    1.364388] GICv3: CPU41: found redistributor 1c0100 region 41:0x00000000aa540000
May 26 09:54:42 ubuntu /usr/sbin/irqbalance: IRQ 0(59) guessed as class 0
May 26 09:54:42 ubuntu kernel: [    1.364405] GICv3: CPU41: using allocated LPI pending table @0x00000027ff340000
May 26 09:54:42 ubuntu kernel: [    1.364443] CPU41: Booted secondary processor 0x00001c0100 [0x481fd010]
May 26 09:54:42 ubuntu kernel: [    1.396926] Detected VIPT I-cache on CPU42
May 26 09:54:42 ubuntu kernel: [    1.396938] GICv3: CPU42: found redistributor 1c0200 region 42:0x00000000aa580000
May 26 09:54:42 ubuntu kernel: [    1.396955] GICv3: CPU42: using allocated LPI pending table @0x00000027ff350000
May 26 09:54:42 ubuntu /usr/sbin/irqbalance: IRQ 0(60) guessed as class 0
May 26 09:54:42 ubuntu kernel: [    1.396994] CPU42: Booted secondary processor 0x00001c0200 [0x481fd010]
May 26 09:54:42 ubuntu kernel: [    1.429476] Detected VIPT I-cache on CPU43
May 26 09:54:42 ubuntu kernel: [    1.429488] GICv3: CPU43: found redistributor 1c0300 region 43:0x00000000aa5c0000
May 26 09:54:42 ubuntu /usr/sbin/irqbalance: IRQ 0(61) guessed as class 0
May 26 09:54:42 ubuntu kernel: [    1.429505] GICv3: CPU43: using allocated LPI pending table @0x00000027ff360000
May 26 09:54:42 ubuntu kernel: [    1.429544] CPU43: Booted secondary processor 0x00001c0300 [0x481fd010]
May 26 09:54:42 ubuntu kernel: [    1.462206] Detected VIPT I-cache on CPU44
May 26 09:54:42 ubuntu kernel: [    1.462221] GICv3: CPU44: found redistributor 1d0000 region 44:0x00000000aa600000
May 26 09:54:42 ubuntu kernel: [    1.462246] GICv3: CPU44: using allocated LPI pending table @0x00000027ff370000
May 26 09:54:42 ubuntu /usr/sbin/irqbalance: IRQ 0(62) guessed as class 0
May 26 09:54:42 ubuntu kernel: [    1.462291] CPU44: Booted secondary processor 0x00001d0000 [0x481fd010]
May 26 09:54:42 ubuntu kernel: [    1.494923] Detected VIPT I-cache on CPU45
May 26 09:54:42 ubuntu /usr/sbin/irqbalance: IRQ 0(63) guessed as class 0
May 26 09:54:42 ubuntu kernel: [    1.494936] GICv3: CPU45: found redistributor 1d0100 region 45:0x00000000aa640000
May 26 09:54:42 ubuntu kernel: [    1.494953] GICv3: CPU45: using allocated LPI pending table @0x00000027ff380000
May 26 09:54:42 ubuntu kernel: [    1.494992] CPU45: Booted secondary processor 0x00001d0100 [0x481fd010]
May 26 09:54:42 ubuntu kernel: [    1.527647] Detected VIPT I-cache on CPU46
May 26 09:54:42 ubuntu kernel: [    1.527660] GICv3: CPU46: found redistributor 1d0200 region 46:0x00000000aa680000
May 26 09:54:42 ubuntu /usr/sbin/irqbalance: IRQ 0(64) guessed as class 0
May 26 09:54:42 ubuntu kernel: [    1.527677] GICv3: CPU46: using allocated LPI pending table @0x00000027ff390000
May 26 09:54:42 ubuntu kernel: [    1.527715] CPU46: Booted secondary processor 0x00001d0200 [0x481fd010]
May 26 09:54:42 ubuntu kernel: [    1.560371] Detected VIPT I-cache on CPU47
May 26 09:54:42 ubuntu kernel: [    1.560383] GICv3: CPU47: found redistributor 1d0300 region 47:0x00000000aa6c0000
May 26 09:54:42 ubuntu /usr/sbin/irqbalance: IRQ 0(65) guessed as class 0
May 26 09:54:42 ubuntu kernel: [    1.560403] GICv3: CPU47: using allocated LPI pending table @0x00000027ff3a0000
May 26 09:54:42 ubuntu kernel: [    1.560443] CPU47: Booted secondary processor 0x00001d0300 [0x481fd010]
May 26 09:54:42 ubuntu kernel: [    1.593210] Detected VIPT I-cache on CPU48
May 26 09:54:42 ubuntu kernel: [    1.593250] GICv3: CPU48: found redistributor 280000 region 48:0x00002000ae100000
May 26 09:54:42 ubuntu kernel: [    1.593311] GICv3: CPU48: using allocated LPI pending table @0x00000027ff3b0000
May 26 09:54:42 ubuntu /usr/sbin/irqbalance: IRQ 0(66) guessed as class 0
May 26 09:54:42 ubuntu kernel: [    1.593384] CPU48: Booted secondary processor 0x0000280000 [0x481fd010]
May 26 09:54:42 ubuntu kernel: [    1.625999] Detected VIPT I-cache on CPU49
May 26 09:54:42 ubuntu kernel: [    1.626026] GICv3: CPU49: found redistributor 280100 region 49:0x00002000ae140000
May 26 09:54:42 ubuntu kernel: [    1.626048] GICv3: CPU49: using allocated LPI pending table @0x00000027ff3c0000
May 26 09:54:42 ubuntu /usr/sbin/irqbalance: IRQ 0(67) guessed as class 0
May 26 09:54:42 ubuntu /usr/sbin/irqbalance: IRQ 0(68) guessed as class 0
May 26 09:54:42 ubuntu kernel: [    1.626101] CPU49: Booted secondary processor 0x0000280100 [0x481fd010]
May 26 09:54:42 ubuntu /usr/sbin/irqbalance: IRQ 0(69) guessed as class 0
May 26 09:54:42 ubuntu kernel: [    1.658809] Detected VIPT I-cache on CPU50
May 26 09:54:42 ubuntu kernel: [    1.658836] GICv3: CPU50: found redistributor 280200 region 50:0x00002000ae180000
May 26 09:54:42 ubuntu kernel: [    1.658859] GICv3: CPU50: using allocated LPI pending table @0x00000027ff3d0000
May 26 09:54:42 ubuntu kernel: [    1.658911] CPU50: Booted secondary processor 0x0000280200 [0x481fd010]
May 26 09:54:42 ubuntu /usr/sbin/irqbalance: IRQ 0(70) guessed as class 0
May 26 09:54:42 ubuntu kernel: [    1.691619] Detected VIPT I-cache on CPU51
May 26 09:54:42 ubuntu kernel: [    1.691647] GICv3: CPU51: found redistributor 280300 region 51:0x00002000ae1c0000
May 26 09:54:42 ubuntu kernel: [    1.691668] GICv3: CPU51: using allocated LPI pending table @0x00000027ff3e0000
May 26 09:54:42 ubuntu /usr/sbin/irqbalance: IRQ 0(71) guessed as class 0
May 26 09:54:42 ubuntu kernel: [    1.691720] CPU51: Booted secondary processor 0x0000280300 [0x481fd010]
May 26 09:54:42 ubuntu kernel: [    1.724607] Detected VIPT I-cache on CPU52
May 26 09:54:42 ubuntu kernel: [    1.724636] GICv3: CPU52: found redistributor 290000 region 52:0x00002000ae200000
May 26 09:54:42 ubuntu kernel: [    1.724674] GICv3: CPU52: using allocated LPI pending table @0x00000027ff3f0000
May 26 09:54:42 ubuntu /usr/sbin/irqbalance: IRQ 0(72) guessed as class 0
May 26 09:54:42 ubuntu kernel: [    1.724729] CPU52: Booted secondary processor 0x0000290000 [0x481fd010]
May 26 09:54:42 ubuntu kernel: [    1.757588] Detected VIPT I-cache on CPU53
May 26 09:54:42 ubuntu kernel: [    1.757616] GICv3: CPU53: found redistributor 290100 region 53:0x00002000ae240000
May 26 09:54:42 ubuntu kernel: [    1.757636] GICv3: CPU53: using allocated LPI pending table @0x00000027fec00000
May 26 09:54:42 ubuntu kernel: [    1.757687] CPU53: Booted secondary processor 0x0000290100 [0x481fd010]
May 26 09:54:42 ubuntu kernel: [    1.790572] Detected VIPT I-cache on CPU54
May 26 09:54:42 ubuntu /usr/sbin/irqbalance: IRQ 0(73) guessed as class 0
May 26 09:54:42 ubuntu kernel: [    1.790599] GICv3: CPU54: found redistributor 290200 region 54:0x00002000ae280000
May 26 09:54:42 ubuntu kernel: [    1.790619] GICv3: CPU54: using allocated LPI pending table @0x00000027fec10000
May 26 09:54:42 ubuntu kernel: [    1.790671] CPU54: Booted secondary processor 0x0000290200 [0x481fd010]
May 26 09:54:42 ubuntu /usr/sbin/irqbalance: IRQ 0(74) guessed as class 0
May 26 09:54:42 ubuntu kernel: [    1.823556] Detected VIPT I-cache on CPU55
May 26 09:54:42 ubuntu kernel: [    1.823584] GICv3: CPU55: found redistributor 290300 region 55:0x00002000ae2c0000
May 26 09:54:42 ubuntu kernel: [    1.823603] GICv3: CPU55: using allocated LPI pending table @0x00000027fec20000
May 26 09:54:42 ubuntu kernel: [    1.823654] CPU55: Booted secondary processor 0x0000290300 [0x481fd010]
May 26 09:54:42 ubuntu kernel: [    1.856717] Detected VIPT I-cache on CPU56
May 26 09:54:42 ubuntu /usr/sbin/irqbalance: IRQ 0(75) guessed as class 0
May 26 09:54:42 ubuntu kernel: [    1.856747] GICv3: CPU56: found redistributor 2a0000 region 56:0x00002000ae300000
May 26 09:54:42 ubuntu kernel: [    1.856775] GICv3: CPU56: using allocated LPI pending table @0x00000027fec30000
May 26 09:54:42 ubuntu kernel: [    1.856830] CPU56: Booted secondary processor 0x00002a0000 [0x481fd010]
May 26 09:54:42 ubuntu /usr/sbin/irqbalance: IRQ 0(76) guessed as class 0
May 26 09:54:42 ubuntu kernel: [    1.889870] Detected VIPT I-cache on CPU57
May 26 09:54:42 ubuntu kernel: [    1.889899] GICv3: CPU57: found redistributor 2a0100 region 57:0x00002000ae340000
May 26 09:54:42 ubuntu kernel: [    1.889919] GICv3: CPU57: using allocated LPI pending table @0x00000027fec40000
May 26 09:54:42 ubuntu kernel: [    1.889971] CPU57: Booted secondary processor 0x00002a0100 [0x481fd010]
May 26 09:54:42 ubuntu kernel: [    1.923029] Detected VIPT I-cache on CPU58
May 26 09:54:42 ubuntu /usr/sbin/irqbalance: IRQ 0(77) guessed as class 0
May 26 09:54:42 ubuntu kernel: [    1.923057] GICv3: CPU58: found redistributor 2a0200 region 58:0x00002000ae380000
May 26 09:54:42 ubuntu kernel: [    1.923076] GICv3: CPU58: using allocated LPI pending table @0x00000027fec50000
May 26 09:54:42 ubuntu kernel: [    1.923128] CPU58: Booted secondary processor 0x00002a0200 [0x481fd010]
May 26 09:54:42 ubuntu /usr/sbin/irqbalance: IRQ 0(78) guessed as class 0
May 26 09:54:42 ubuntu kernel: [    1.956186] Detected VIPT I-cache on CPU59
May 26 09:54:42 ubuntu kernel: [    1.956214] GICv3: CPU59: found redistributor 2a0300 region 59:0x00002000ae3c0000
May 26 09:54:42 ubuntu kernel: [    1.956235] GICv3: CPU59: using allocated LPI pending table @0x00000027fec60000
May 26 09:54:42 ubuntu kernel: [    1.956286] CPU59: Booted secondary processor 0x00002a0300 [0x481fd010]
May 26 09:54:42 ubuntu /usr/sbin/irqbalance: IRQ 0(79) guessed as class 0
May 26 09:54:42 ubuntu kernel: [    1.989520] Detected VIPT I-cache on CPU60
May 26 09:54:42 ubuntu kernel: [    1.989551] GICv3: CPU60: found redistributor 2b0000 region 60:0x00002000ae400000
May 26 09:54:42 ubuntu kernel: [    1.989581] GICv3: CPU60: using allocated LPI pending table @0x00000027fec70000
May 26 09:54:42 ubuntu /usr/sbin/irqbalance: IRQ 0(80) guessed as class 0
May 26 09:54:42 ubuntu kernel: [    1.989636] CPU60: Booted secondary processor 0x00002b0000 [0x481fd010]
May 26 09:54:42 ubuntu kernel: [    2.022848] Detected VIPT I-cache on CPU61
May 26 09:54:42 ubuntu kernel: [    2.022878] GICv3: CPU61: found redistributor 2b0100 region 61:0x00002000ae440000
May 26 09:54:42 ubuntu /usr/sbin/irqbalance: IRQ 0(81) guessed as class 0
May 26 09:54:42 ubuntu kernel: [    2.022901] GICv3: CPU61: using allocated LPI pending table @0x00000027fec80000
May 26 09:54:42 ubuntu kernel: [    2.022953] CPU61: Booted secondary processor 0x00002b0100 [0x481fd010]
May 26 09:54:42 ubuntu kernel: [    2.056179] Detected VIPT I-cache on CPU62
May 26 09:54:42 ubuntu kernel: [    2.056209] GICv3: CPU62: found redistributor 2b0200 region 62:0x00002000ae480000
May 26 09:54:42 ubuntu /usr/sbin/irqbalance: IRQ 0(82) guessed as class 0
May 26 09:54:42 ubuntu kernel: [    2.056230] GICv3: CPU62: using allocated LPI pending table @0x00000027fec90000
May 26 09:54:42 ubuntu kernel: [    2.056282] CPU62: Booted secondary processor 0x00002b0200 [0x481fd010]
May 26 09:54:42 ubuntu kernel: [    2.089511] Detected VIPT I-cache on CPU63
May 26 09:54:42 ubuntu /usr/sbin/irqbalance: IRQ 0(83) guessed as class 0
May 26 09:54:42 ubuntu kernel: [    2.089540] GICv3: CPU63: found redistributor 2b0300 region 63:0x00002000ae4c0000
May 26 09:54:42 ubuntu kernel: [    2.089562] GICv3: CPU63: using allocated LPI pending table @0x00000027feca0000
May 26 09:54:42 ubuntu /usr/sbin/irqbalance: IRQ 0(84) guessed as class 0
May 26 09:54:42 ubuntu /usr/sbin/irqbalance: IRQ 0(85) guessed as class 0
May 26 09:54:42 ubuntu /usr/sbin/irqbalance: IRQ 0(86) guessed as class 0
May 26 09:54:42 ubuntu /usr/sbin/irqbalance: IRQ 0(87) guessed as class 0
May 26 09:54:42 ubuntu /usr/sbin/irqbalance: IRQ 0(88) guessed as class 0
May 26 09:54:42 ubuntu /usr/sbin/irqbalance: IRQ 0(89) guessed as class 0
May 26 09:54:42 ubuntu /usr/sbin/irqbalance: IRQ 0(90) guessed as class 0
May 26 09:54:42 ubuntu /usr/sbin/irqbalance: IRQ 0(91) guessed as class 0
May 26 09:54:42 ubuntu /usr/sbin/irqbalance: IRQ 0(92) guessed as class 0
May 26 09:54:42 ubuntu kernel: [    2.089614] CPU63: Booted secondary processor 0x00002b0300 [0x481fd010]
May 26 09:54:42 ubuntu kernel: [    2.122325] Detected VIPT I-cache on CPU64
May 26 09:54:42 ubuntu kernel: [    2.122356] GICv3: CPU64: found redistributor 2c0000 region 64:0x00002000ae500000
May 26 09:54:42 ubuntu /usr/sbin/irqbalance: IRQ 0(93) guessed as class 0
May 26 09:54:42 ubuntu kernel: [    2.122387] GICv3: CPU64: using allocated LPI pending table @0x00000027fecb0000
May 26 09:54:42 ubuntu kernel: [    2.122442] CPU64: Booted secondary processor 0x00002c0000 [0x481fd010]
May 26 09:54:42 ubuntu kernel: [    2.155131] Detected VIPT I-cache on CPU65
May 26 09:54:42 ubuntu /usr/sbin/irqbalance: IRQ 0(94) guessed as class 0
May 26 09:54:42 ubuntu kernel: [    2.155161] GICv3: CPU65: found redistributor 2c0100 region 65:0x00002000ae540000
May 26 09:54:42 ubuntu kernel: [    2.155182] GICv3: CPU65: using allocated LPI pending table @0x00000027fecc0000
May 26 09:54:42 ubuntu kernel: [    2.155234] CPU65: Booted secondary processor 0x00002c0100 [0x481fd010]
May 26 09:54:42 ubuntu kernel: [    2.187941] Detected VIPT I-cache on CPU66
May 26 09:54:42 ubuntu /usr/sbin/irqbalance: IRQ 0(95) guessed as class 0
May 26 09:54:42 ubuntu kernel: [    2.187970] GICv3: CPU66: found redistributor 2c0200 region 66:0x00002000ae580000
May 26 09:54:42 ubuntu kernel: [    2.187990] GICv3: CPU66: using allocated LPI pending table @0x00000027fecd0000
May 26 09:54:42 ubuntu /usr/sbin/irqbalance: IRQ 0(96) guessed as class 0
May 26 09:54:42 ubuntu /usr/sbin/irqbalance: IRQ 0(97) guessed as class 0
May 26 09:54:42 ubuntu kernel: [    2.188043] CPU66: Booted secondary processor 0x00002c0200 [0x481fd010]
May 26 09:54:42 ubuntu kernel: [    2.220752] Detected VIPT I-cache on CPU67
May 26 09:54:42 ubuntu kernel: [    2.220782] GICv3: CPU67: found redistributor 2c0300 region 67:0x00002000ae5c0000
May 26 09:54:42 ubuntu kernel: [    2.220802] GICv3: CPU67: using allocated LPI pending table @0x00000027fece0000
May 26 09:54:42 ubuntu /usr/sbin/irqbalance: IRQ 0(98) guessed as class 0
May 26 09:54:42 ubuntu kernel: [    2.220854] CPU67: Booted secondary processor 0x00002c0300 [0x481fd010]
May 26 09:54:42 ubuntu kernel: [    2.253739] Detected VIPT I-cache on CPU68
May 26 09:54:42 ubuntu kernel: [    2.253771] GICv3: CPU68: found redistributor 2d0000 region 68:0x00002000ae600000
May 26 09:54:42 ubuntu kernel: [    2.253802] GICv3: CPU68: using allocated LPI pending table @0x00000027fecf0000
May 26 09:54:42 ubuntu kernel: [    2.253858] CPU68: Booted secondary processor 0x00002d0000 [0x481fd010]
May 26 09:54:42 ubuntu kernel: [    2.286721] Detected VIPT I-cache on CPU69
May 26 09:54:42 ubuntu kernel: [    2.286750] GICv3: CPU69: found redistributor 2d0100 region 69:0x00002000ae640000
May 26 09:54:42 ubuntu /usr/sbin/irqbalance: IRQ 0(99) guessed as class 0
May 26 09:54:42 ubuntu kernel: [    2.286772] GICv3: CPU69: using allocated LPI pending table @0x00000027fed00000
May 26 09:54:42 ubuntu kernel: [    2.286823] CPU69: Booted secondary processor 0x00002d0100 [0x481fd010]
May 26 09:54:42 ubuntu kernel: [    2.319704] Detected VIPT I-cache on CPU70
May 26 09:54:42 ubuntu kernel: [    2.319734] GICv3: CPU70: found redistributor 2d0200 region 70:0x00002000ae680000
May 26 09:54:42 ubuntu kernel: [    2.319756] GICv3: CPU70: using allocated LPI pending table @0x00000027fed10000
May 26 09:54:42 ubuntu /usr/sbin/irqbalance: IRQ 0(100) guessed as class 0
May 26 09:54:42 ubuntu kernel: [    2.319809] CPU70: Booted secondary processor 0x00002d0200 [0x481fd010]
May 26 09:54:42 ubuntu kernel: [    2.352689] Detected VIPT I-cache on CPU71
May 26 09:54:42 ubuntu kernel: [    2.352719] GICv3: CPU71: found redistributor 2d0300 region 71:0x00002000ae6c0000
May 26 09:54:42 ubuntu /usr/sbin/irqbalance: IRQ 0(101) guessed as class 0
May 26 09:54:42 ubuntu kernel: [    2.352739] GICv3: CPU71: using allocated LPI pending table @0x00000027fed20000
May 26 09:54:42 ubuntu kernel: [    2.352791] CPU71: Booted secondary processor 0x00002d0300 [0x481fd010]
May 26 09:54:42 ubuntu kernel: [    2.392818] Detected VIPT I-cache on CPU72
May 26 09:54:42 ubuntu kernel: [    2.392870] GICv3: CPU72: found redistributor 380000 region 72:0x00002000aa100000
May 26 09:54:42 ubuntu /usr/sbin/irqbalance: IRQ 0(102) guessed as class 0
May 26 09:54:42 ubuntu kernel: [    2.392928] GICv3: CPU72: using allocated LPI pending table @0x00000027fed30000
May 26 09:54:42 ubuntu kernel: [    2.393014] CPU72: Booted secondary processor 0x0000380000 [0x481fd010]
May 26 09:54:42 ubuntu /usr/sbin/irqbalance: IRQ 0(103) guessed as class 0
May 26 09:54:42 ubuntu kernel: [    2.432894] Detected VIPT I-cache on CPU73
May 26 09:54:42 ubuntu kernel: [    2.432930] GICv3: CPU73: found redistributor 380100 region 73:0x00002000aa140000
May 26 09:54:42 ubuntu kernel: [    2.432954] GICv3: CPU73: using allocated LPI pending table @0x00000027fed40000
May 26 09:54:42 ubuntu kernel: [    2.433012] CPU73: Booted secondary processor 0x0000380100 [0x481fd010]
May 26 09:54:42 ubuntu /usr/sbin/irqbalance: IRQ 0(104) guessed as class 0
May 26 09:54:42 ubuntu kernel: [    2.472995] Detected VIPT I-cache on CPU74
May 26 09:54:42 ubuntu kernel: [    2.473030] GICv3: CPU74: found redistributor 380200 region 74:0x00002000aa180000
May 26 09:54:42 ubuntu /usr/sbin/irqbalance: IRQ 0(105) guessed as class 0
May 26 09:54:42 ubuntu kernel: [    2.473053] GICv3: CPU74: using allocated LPI pending table @0x00000027fed50000
May 26 09:54:42 ubuntu kernel: [    2.473111] CPU74: Booted secondary processor 0x0000380200 [0x481fd010]
May 26 09:54:42 ubuntu kernel: [    2.513096] Detected VIPT I-cache on CPU75
May 26 09:54:42 ubuntu /usr/sbin/irqbalance: IRQ 0(106) guessed as class 0
May 26 09:54:42 ubuntu kernel: [    2.513132] GICv3: CPU75: found redistributor 380300 region 75:0x00002000aa1c0000
May 26 09:54:42 ubuntu kernel: [    2.513156] GICv3: CPU75: using allocated LPI pending table @0x00000027fed60000
May 26 09:54:42 ubuntu kernel: [    2.513213] CPU75: Booted secondary processor 0x0000380300 [0x481fd010]
May 26 09:54:42 ubuntu kernel: [    2.553375] Detected VIPT I-cache on CPU76
May 26 09:54:42 ubuntu /usr/sbin/irqbalance: IRQ 0(107) guessed as class 0
May 26 09:54:42 ubuntu kernel: [    2.553412] GICv3: CPU76: found redistributor 390000 region 76:0x00002000aa200000
May 26 09:54:42 ubuntu kernel: [    2.553446] GICv3: CPU76: using allocated LPI pending table @0x00000027fed70000
May 26 09:54:42 ubuntu kernel: [    2.553507] CPU76: Booted secondary processor 0x0000390000 [0x481fd010]
May 26 09:54:42 ubuntu kernel: [    2.593647] Detected VIPT I-cache on CPU77
May 26 09:54:42 ubuntu /usr/sbin/irqbalance: IRQ 0(108) guessed as class 0
May 26 09:54:42 ubuntu kernel: [    2.593683] GICv3: CPU77: found redistributor 390100 region 77:0x00002000aa240000
May 26 09:54:42 ubuntu kernel: [    2.593706] GICv3: CPU77: using allocated LPI pending table @0x00000027fed80000
May 26 09:54:42 ubuntu kernel: [    2.593764] CPU77: Booted secondary processor 0x0000390100 [0x481fd010]
May 26 09:54:42 ubuntu /usr/sbin/irqbalance: IRQ 0(109) guessed as class 0
May 26 09:54:42 ubuntu kernel: [    2.633922] Detected VIPT I-cache on CPU78
May 26 09:54:42 ubuntu kernel: [    2.633959] GICv3: CPU78: found redistributor 390200 region 78:0x00002000aa280000
May 26 09:54:42 ubuntu kernel: [    2.633982] GICv3: CPU78: using allocated LPI pending table @0x00000027fed90000
May 26 09:54:42 ubuntu kernel: [    2.634040] CPU78: Booted secondary processor 0x0000390200 [0x481fd010]
May 26 09:54:42 ubuntu kernel: [    2.674197] Detected VIPT I-cache on CPU79
May 26 09:54:42 ubuntu /usr/sbin/irqbalance: IRQ 0(110) guessed as class 0
May 26 09:54:42 ubuntu kernel: [    2.674234] GICv3: CPU79: found redistributor 390300 region 79:0x00002000aa2c0000
May 26 09:54:42 ubuntu kernel: [    2.674258] GICv3: CPU79: using allocated LPI pending table @0x00000027feda0000
May 26 09:54:42 ubuntu kernel: [    2.674316] CPU79: Booted secondary processor 0x0000390300 [0x481fd010]
May 26 09:54:42 ubuntu /usr/sbin/irqbalance: IRQ 0(111) guessed as class 0
May 26 09:54:42 ubuntu kernel: [    2.714649] Detected VIPT I-cache on CPU80
May 26 09:54:42 ubuntu kernel: [    2.714687] GICv3: CPU80: found redistributor 3a0000 region 80:0x00002000aa300000
May 26 09:54:42 ubuntu kernel: [    2.714722] GICv3: CPU80: using allocated LPI pending table @0x00000027fedb0000
May 26 09:54:42 ubuntu kernel: [    2.714783] CPU80: Booted secondary processor 0x00003a0000 [0x481fd010]
May 26 09:54:42 ubuntu kernel: [    2.755095] Detected VIPT I-cache on CPU81
May 26 09:54:42 ubuntu /usr/sbin/irqbalance: IRQ 0(112) guessed as class 0
May 26 09:54:42 ubuntu kernel: [    2.755132] GICv3: CPU81: found redistributor 3a0100 region 81:0x00002000aa340000
May 26 09:54:42 ubuntu kernel: [    2.755155] GICv3: CPU81: using allocated LPI pending table @0x00000027fedc0000
May 26 09:54:42 ubuntu kernel: [    2.755213] CPU81: Booted secondary processor 0x00003a0100 [0x481fd010]
May 26 09:54:42 ubuntu kernel: [    2.795544] Detected VIPT I-cache on CPU82
May 26 09:54:42 ubuntu kernel: [    2.795580] GICv3: CPU82: found redistributor 3a0200 region 82:0x00002000aa380000
May 26 09:54:42 ubuntu /usr/sbin/irqbalance: IRQ 0(113) guessed as class 0
May 26 09:54:42 ubuntu kernel: [    2.795605] GICv3: CPU82: using allocated LPI pending table @0x00000027fedd0000
May 26 09:54:42 ubuntu kernel: [    2.795662] CPU82: Booted secondary processor 0x00003a0200 [0x481fd010]
May 26 09:54:42 ubuntu /usr/sbin/irqbalance: IRQ 0(114) guessed as class 0
May 26 09:54:42 ubuntu kernel: [    2.835992] Detected VIPT I-cache on CPU83
May 26 09:54:42 ubuntu kernel: [    2.836029] GICv3: CPU83: found redistributor 3a0300 region 83:0x00002000aa3c0000
May 26 09:54:42 ubuntu kernel: [    2.836053] GICv3: CPU83: using allocated LPI pending table @0x00000027fede0000
May 26 09:54:42 ubuntu kernel: [    2.836110] CPU83: Booted secondary processor 0x00003a0300 [0x481fd010]
May 26 09:54:42 ubuntu kernel: [    2.876618] Detected VIPT I-cache on CPU84
May 26 09:54:42 ubuntu /usr/sbin/irqbalance: IRQ 0(115) guessed as class 0
May 26 09:54:42 ubuntu kernel: [    2.876657] GICv3: CPU84: found redistributor 3b0000 region 84:0x00002000aa400000
May 26 09:54:42 ubuntu /usr/sbin/irqbalance: IRQ 0(116) guessed as class 0
May 26 09:54:42 ubuntu kernel: [    2.876693] GICv3: CPU84: using allocated LPI pending table @0x00000027fedf0000
May 26 09:54:42 ubuntu kernel: [    2.876754] CPU84: Booted secondary processor 0x00003b0000 [0x481fd010]
May 26 09:54:42 ubuntu kernel: [    2.917238] Detected VIPT I-cache on CPU85
May 26 09:54:42 ubuntu /usr/sbin/irqbalance: IRQ 0(117) guessed as class 0
May 26 09:54:42 ubuntu /usr/sbin/irqbalance: IRQ 0(118) guessed as class 0
May 26 09:54:42 ubuntu kernel: [    2.917276] GICv3: CPU85: found redistributor 3b0100 region 85:0x00002000aa440000
May 26 09:54:42 ubuntu kernel: [    2.917301] GICv3: CPU85: using allocated LPI pending table @0x00000027fee00000
May 26 09:54:42 ubuntu kernel: [    2.917359] CPU85: Booted secondary processor 0x00003b0100 [0x481fd010]
May 26 09:54:42 ubuntu kernel: [    2.957860] Detected VIPT I-cache on CPU86
May 26 09:54:42 ubuntu kernel: [    2.957897] GICv3: CPU86: found redistributor 3b0200 region 86:0x00002000aa480000
May 26 09:54:42 ubuntu /usr/sbin/irqbalance: IRQ 0(119) guessed as class 0
May 26 09:54:42 ubuntu kernel: [    2.957921] GICv3: CPU86: using allocated LPI pending table @0x00000027fee10000
May 26 09:54:42 ubuntu kernel: [    2.957979] CPU86: Booted secondary processor 0x00003b0200 [0x481fd010]
May 26 09:54:42 ubuntu kernel: [    2.998483] Detected VIPT I-cache on CPU87
May 26 09:54:42 ubuntu kernel: [    2.998520] GICv3: CPU87: found redistributor 3b0300 region 87:0x00002000aa4c0000
May 26 09:54:42 ubuntu /usr/sbin/irqbalance: IRQ 0(152) guessed as class 0
May 26 09:54:42 ubuntu /usr/sbin/irqbalance: IRQ 0(153) guessed as class 0
May 26 09:54:42 ubuntu kernel: [    2.998546] GICv3: CPU87: using allocated LPI pending table @0x00000027fee20000
May 26 09:54:42 ubuntu kernel: [    2.998604] CPU87: Booted secondary processor 0x00003b0300 [0x481fd010]
May 26 09:54:42 ubuntu kernel: [    3.038587] Detected VIPT I-cache on CPU88
May 26 09:54:42 ubuntu /usr/sbin/irqbalance: IRQ 0(154) guessed as class 0
May 26 09:54:42 ubuntu kernel: [    3.038625] GICv3: CPU88: found redistributor 3c0000 region 88:0x00002000aa500000
May 26 09:54:42 ubuntu kernel: [    3.038663] GICv3: CPU88: using allocated LPI pending table @0x00000027fee30000
May 26 09:54:42 ubuntu kernel: [    3.038725] CPU88: Booted secondary processor 0x00003c0000 [0x481fd010]
May 26 09:54:42 ubuntu kernel: [    3.078685] Detected VIPT I-cache on CPU89
May 26 09:54:42 ubuntu kernel: [    3.078722] GICv3: CPU89: found redistributor 3c0100 region 89:0x00002000aa540000
May 26 09:54:42 ubuntu /usr/sbin/irqbalance: IRQ 0(155) guessed as class 0
May 26 09:54:42 ubuntu kernel: [    3.078747] GICv3: CPU89: using allocated LPI pending table @0x00000027fee40000
May 26 09:54:42 ubuntu kernel: [    3.078805] CPU89: Booted secondary processor 0x00003c0100 [0x481fd010]
May 26 09:54:42 ubuntu kernel: [    3.118787] Detected VIPT I-cache on CPU90
May 26 09:54:42 ubuntu /usr/sbin/irqbalance: IRQ 0(284) guessed as class 0
May 26 09:54:42 ubuntu kernel: [    3.118824] GICv3: CPU90: found redistributor 3c0200 region 90:0x00002000aa580000
May 26 09:54:42 ubuntu /usr/sbin/irqbalance: IRQ 0(285) guessed as class 0
May 26 09:54:42 ubuntu /usr/sbin/irqbalance: IRQ 0(286) guessed as class 0
May 26 09:54:42 ubuntu /usr/sbin/irqbalance: IRQ 0(287) guessed as class 0
May 26 09:54:42 ubuntu /usr/sbin/irqbalance: IRQ 0(288) guessed as class 0
May 26 09:54:42 ubuntu /usr/sbin/irqbalance: IRQ 0(289) guessed as class 0
May 26 09:54:42 ubuntu /usr/sbin/irqbalance: IRQ 0(290) guessed as class 0
May 26 09:54:42 ubuntu /usr/sbin/irqbalance: IRQ 0(291) guessed as class 0
May 26 09:54:42 ubuntu /usr/sbin/irqbalance: IRQ 0(292) guessed as class 0
May 26 09:54:42 ubuntu /usr/sbin/irqbalance: IRQ 0(293) guessed as class 0
May 26 09:54:42 ubuntu /usr/sbin/irqbalance: IRQ 0(294) guessed as class 0
May 26 09:54:42 ubuntu /usr/sbin/irqbalance: IRQ 0(295) guessed as class 0
May 26 09:54:42 ubuntu /usr/sbin/irqbalance: IRQ 0(296) guessed as class 0
May 26 09:54:42 ubuntu /usr/sbin/irqbalance: IRQ 0(297) guessed as class 0
May 26 09:54:42 ubuntu kernel: [    3.118848] GICv3: CPU90: using allocated LPI pending table @0x00000027fee50000
May 26 09:54:42 ubuntu kernel: [    3.118906] CPU90: Booted secondary processor 0x00003c0200 [0x481fd010]
May 26 09:54:42 ubuntu kernel: [    3.158888] Detected VIPT I-cache on CPU91
May 26 09:54:42 ubuntu kernel: [    3.158925] GICv3: CPU91: found redistributor 3c0300 region 91:0x00002000aa5c0000
May 26 09:54:42 ubuntu kernel: [    3.158949] GICv3: CPU91: using allocated LPI pending table @0x00000027fee60000
May 26 09:54:42 ubuntu /usr/sbin/irqbalance: IRQ 0(298) guessed as class 0
May 26 09:54:42 ubuntu kernel: [    3.159007] CPU91: Booted secondary processor 0x00003c0300 [0x481fd010]
May 26 09:54:42 ubuntu kernel: [    3.199167] Detected VIPT I-cache on CPU92
May 26 09:54:42 ubuntu kernel: [    3.199206] GICv3: CPU92: found redistributor 3d0000 region 92:0x00002000aa600000
May 26 09:54:42 ubuntu kernel: [    3.199241] GICv3: CPU92: using allocated LPI pending table @0x00000027fee70000
May 26 09:54:42 ubuntu /usr/sbin/irqbalance: IRQ 0(299) guessed as class 0
May 26 09:54:42 ubuntu kernel: [    3.199303] CPU92: Booted secondary processor 0x00003d0000 [0x481fd010]
May 26 09:54:42 ubuntu kernel: [    3.239439] Detected VIPT I-cache on CPU93
May 26 09:54:42 ubuntu kernel: [    3.239477] GICv3: CPU93: found redistributor 3d0100 region 93:0x00002000aa640000
May 26 09:54:42 ubuntu kernel: [    3.239505] GICv3: CPU93: using allocated LPI pending table @0x00000027fee80000
May 26 09:54:42 ubuntu /usr/sbin/irqbalance: IRQ 0(300) guessed as class 0
May 26 09:54:42 ubuntu kernel: [    3.239563] CPU93: Booted secondary processor 0x00003d0100 [0x481fd010]
May 26 09:54:42 ubuntu kernel: [    3.279714] Detected VIPT I-cache on CPU94
May 26 09:54:42 ubuntu kernel: [    3.279752] GICv3: CPU94: found redistributor 3d0200 region 94:0x00002000aa680000
May 26 09:54:42 ubuntu /usr/sbin/irqbalance: IRQ 0(301) guessed as class 0
May 26 09:54:42 ubuntu kernel: [    3.279777] GICv3: CPU94: using allocated LPI pending table @0x00000027fee90000
May 26 09:54:42 ubuntu kernel: [    3.279835] CPU94: Booted secondary processor 0x00003d0200 [0x481fd010]
May 26 09:54:42 ubuntu kernel: [    3.319989] Detected VIPT I-cache on CPU95
May 26 09:54:42 ubuntu /usr/sbin/irqbalance: IRQ 0(302) guessed as class 0
May 26 09:54:42 ubuntu /usr/sbin/irqbalance: IRQ 0(303) guessed as class 0
May 26 09:54:42 ubuntu kernel: [    3.320027] GICv3: CPU95: found redistributor 3d0300 region 95:0x00002000aa6c0000
May 26 09:54:42 ubuntu kernel: [    3.320054] GICv3: CPU95: using allocated LPI pending table @0x00000027feea0000
May 26 09:54:42 ubuntu /usr/sbin/irqbalance: IRQ 0(304) guessed as class 0
May 26 09:54:42 ubuntu kernel: [    3.320113] CPU95: Booted secondary processor 0x00003d0300 [0x481fd010]
May 26 09:54:42 ubuntu kernel: [    3.320940] smp: Brought up 4 nodes, 96 CPUs
