Nov  1 20:44:15 ubuntu systemd-modules-load[833]: Inserted module 'iscsi_tcp'
Nov  1 20:44:15 ubuntu kernel: [    0.000000] Booting Linux on physical CPU 0x0000000000 [0x481fd010]
Nov  1 20:44:15 ubuntu kernel: [    0.000000] Linux version 5.7.1 (root@ubuntu) (gcc version 7.5.0 (Ubuntu/Linaro 7.5.0-3ubuntu1~18.04), GNU ld (GNU Binutils for Ubuntu) 2.30) #2 SMP Sun Nov 1 19:45:19 CST 2020
Nov  1 20:44:15 ubuntu systemd-modules-load[833]: Inserted module 'ib_iser'
Nov  1 20:44:15 ubuntu kernel: [    0.000000] efi: EFI v2.70 by EDK II
Nov  1 20:44:15 ubuntu kernel: [    0.000000] efi:  SMBIOS 3.0=0x53f710000  ACPI 2.0=0x53c020000  MEMATTR=0x53cc7ca98  MEMRESERVE=0x53becd018 
Nov  1 20:44:15 ubuntu systemd[1]: Starting Flush Journal to Persistent Storage...
Nov  1 20:44:15 ubuntu kernel: [    0.000000] cma: Reserved 32 MiB at 0x00000000fe000000
Nov  1 20:44:15 ubuntu systemd[1]: Started LVM2 metadata daemon.
Nov  1 20:44:15 ubuntu kernel: [    0.000000] ACPI: Early table checksum verification disabled
Nov  1 20:44:15 ubuntu kernel: [    0.000000] ACPI: RSDP 0x000000053C020000 000024 (v02 BOCHS )
Nov  1 20:44:15 ubuntu kernel: [    0.000000] ACPI: XSDT 0x000000053BED0000 000054 (v01 BOCHS  BXPCFACP 00000001      01000013)
Nov  1 20:44:15 ubuntu kernel: [    0.000000] ACPI: FACP 0x000000053BE90000 00010C (v05 BOCHS  BXPCFACP 00000001 BXPC 00000001)
Nov  1 20:44:15 ubuntu systemd[1]: Started Create Static Device Nodes in /dev.
Nov  1 20:44:15 ubuntu kernel: [    0.000000] ACPI: DSDT 0x000000053BEA0000 001523 (v02 BOCHS  BXPCDSDT 00000001 BXPC 00000001)
Nov  1 20:44:15 ubuntu systemd[1]: Starting udev Kernel Device Manager...
Nov  1 20:44:15 ubuntu kernel: [    0.000000] ACPI: APIC 0x000000053BE80000 0009E8 (v03 BOCHS  BXPCAPIC 00000001 BXPC 00000001)
Nov  1 20:44:15 ubuntu systemd[1]: Started udev Kernel Device Manager.
Nov  1 20:44:15 ubuntu kernel: [    0.000000] ACPI: GTDT 0x000000053BE70000 000060 (v02 BOCHS  BXPCGTDT 00000001 BXPC 00000001)
Nov  1 20:44:15 ubuntu kernel: [    0.000000] ACPI: MCFG 0x000000053BE60000 00003C (v01 BOCHS  BXPCMCFG 00000001 BXPC 00000001)
Nov  1 20:44:15 ubuntu kernel: [    0.000000] ACPI: SPCR 0x000000053BE50000 000050 (v02 BOCHS  BXPCSPCR 00000001 BXPC 00000001)
Nov  1 20:44:15 ubuntu kernel: [    0.000000] ACPI: IORT 0x000000053BE40000 00007C (v00 BOCHS  BXPCIORT 00000001 BXPC 00000001)
Nov  1 20:44:15 ubuntu lvm[859]:   2 logical volume(s) in volume group "ubuntu-vg" monitored
Nov  1 20:44:15 ubuntu kernel: [    0.000000] ACPI: SPCR: console: pl011,mmio,0x9000000,9600
Nov  1 20:44:15 ubuntu systemd[1]: Started Monitoring of LVM2 mirrors, snapshots etc. using dmeventd or progress polling.
Nov  1 20:44:15 ubuntu kernel: [    0.000000] ACPI: NUMA: Failed to initialise from firmware
Nov  1 20:44:15 ubuntu kernel: [    0.000000] NUMA: Faking a node at [mem 0x0000000040000000-0x000000053fffffff]
Nov  1 20:44:15 ubuntu systemd[1]: Reached target Local File Systems (Pre).
Nov  1 20:44:15 ubuntu kernel: [    0.000000] NUMA: NODE_DATA [mem 0x53d409300-0x53d40cfff]
Nov  1 20:44:15 ubuntu kernel: [    0.000000] Zone ranges:
Nov  1 20:44:15 ubuntu systemd[1]: Started Flush Journal to Persistent Storage.
Nov  1 20:44:15 ubuntu kernel: [    0.000000]   DMA      [mem 0x0000000040000000-0x000000007fffffff]
Nov  1 20:44:15 ubuntu kernel: [    0.000000]   DMA32    [mem 0x0000000080000000-0x00000000ffffffff]
Nov  1 20:44:15 ubuntu kernel: [    0.000000]   Normal   [mem 0x0000000100000000-0x000000053fffffff]
Nov  1 20:44:15 ubuntu kernel: [    0.000000] Movable zone start for each node
Nov  1 20:44:15 ubuntu systemd[1]: Started udev Coldplug all Devices.
Nov  1 20:44:15 ubuntu kernel: [    0.000000] Early memory node ranges
Nov  1 20:44:15 ubuntu systemd[1]: Started Dispatch Password Requests to Console Directory Watch.
Nov  1 20:44:15 ubuntu systemd[1]: Reached target Local Encrypted Volumes.
Nov  1 20:44:15 ubuntu systemd[1]: Found device /dev/ttyAMA0.
Nov  1 20:44:15 ubuntu systemd-udevd[904]: link_config: autonegotiation is unset or enabled, the speed and duplex are not writable.
Nov  1 20:44:15 ubuntu systemd[1]: Listening on Load/Save RF Kill Switch Status /dev/rfkill Watch.
Nov  1 20:44:15 ubuntu kernel: [    0.000000]   node   0: [mem 0x0000000040000000-0x000000053bedffff]
Nov  1 20:44:15 ubuntu systemd-udevd[909]: link_config: autonegotiation is unset or enabled, the speed and duplex are not writable.
Nov  1 20:44:15 ubuntu kernel: [    0.000000]   node   0: [mem 0x000000053bee0000-0x000000053bffffff]
Nov  1 20:44:15 ubuntu systemd[1]: Found device /dev/mapper/ubuntu--vg-swap_1.
Nov  1 20:44:15 ubuntu kernel: [    0.000000]   node   0: [mem 0x000000053c000000-0x000000053c02ffff]
Nov  1 20:44:15 ubuntu kernel: [    0.000000]   node   0: [mem 0x000000053c030000-0x000000053c0affff]
Nov  1 20:44:15 ubuntu systemd[1]: Activating swap /dev/mapper/ubuntu--vg-swap_1...
Nov  1 20:44:15 ubuntu kernel: [    0.000000]   node   0: [mem 0x000000053c0b0000-0x000000053f57ffff]
Nov  1 20:44:15 ubuntu systemd[1]: Activated swap /dev/mapper/ubuntu--vg-swap_1.
Nov  1 20:44:15 ubuntu kernel: [    0.000000]   node   0: [mem 0x000000053f580000-0x000000053f95ffff]
Nov  1 20:44:15 ubuntu systemd[1]: Reached target Swap.
Nov  1 20:44:15 ubuntu kernel: [    0.000000]   node   0: [mem 0x000000053f960000-0x000000053fffffff]
Nov  1 20:44:15 ubuntu kernel: [    0.000000] Zeroed struct page in unavailable ranges: 544 pages
Nov  1 20:44:15 ubuntu systemd[1]: Created slice system-lvm2\x2dpvscan.slice.
Nov  1 20:44:15 ubuntu kernel: [    0.000000] Initmem setup node 0 [mem 0x0000000040000000-0x000000053fffffff]
Nov  1 20:44:15 ubuntu kernel: [    0.000000] On node 0 totalpages: 5242880
Nov  1 20:44:15 ubuntu kernel: [    0.000000]   DMA zone: 5120 pages used for memmap
Nov  1 20:44:15 ubuntu kernel: [    0.000000]   DMA zone: 0 pages reserved
Nov  1 20:44:15 ubuntu systemd[1]: Starting LVM2 PV scan on device 8:2...
Nov  1 20:44:15 ubuntu kernel: [    0.000000]   DMA zone: 262144 pages, LIFO batch:63
Nov  1 20:44:15 ubuntu kernel: [    0.000000]   DMA32 zone: 10240 pages used for memmap
Nov  1 20:44:15 ubuntu kernel: [    0.000000]   DMA32 zone: 524288 pages, LIFO batch:63
Nov  1 20:44:15 ubuntu kernel: [    0.000000]   Normal zone: 87040 pages used for memmap
Nov  1 20:44:15 ubuntu kernel: [    0.000000]   Normal zone: 4456448 pages, LIFO batch:63
Nov  1 20:44:15 ubuntu systemd[1]: Found device QEMU_HARDDISK 1.
Nov  1 20:44:15 ubuntu kernel: [    0.000000] psci: probing for conduit method from ACPI.
Nov  1 20:44:15 ubuntu kernel: [    0.000000] psci: PSCIv1.0 detected in firmware.
Nov  1 20:44:15 ubuntu systemd[1]: Starting File System Check on /dev/disk/by-uuid/5EA9-3D4C...
Nov  1 20:44:15 ubuntu kernel: [    0.000000] psci: Using standard PSCI v0.2 function IDs
Nov  1 20:44:15 ubuntu kernel: [    0.000000] psci: Trusted OS migration not required
Nov  1 20:44:15 ubuntu kernel: [    0.000000] psci: SMC Calling Convention v1.1
Nov  1 20:44:15 ubuntu systemd[1]: Started File System Check Daemon to report status.
Nov  1 20:44:15 ubuntu kernel: [    0.000000] ACPI: SRAT not present
Nov  1 20:44:15 ubuntu kernel: [    0.000000] percpu: Embedded 33 pages/cpu s94616 r8192 d32360 u135168
Nov  1 20:44:15 ubuntu kernel: [    0.000000] pcpu-alloc: s94616 r8192 d32360 u135168 alloc=33*4096
Nov  1 20:44:15 ubuntu kernel: [    0.000000] pcpu-alloc: [0] 00 [0] 01 [0] 02 [0] 03 [0] 04 [0] 05 [0] 06 [0] 07 
Nov  1 20:44:15 ubuntu kernel: [    0.000000] pcpu-alloc: [0] 08 [0] 09 [0] 10 [0] 11 [0] 12 [0] 13 [0] 14 [0] 15 
Nov  1 20:44:15 ubuntu kernel: [    0.000000] pcpu-alloc: [0] 16 [0] 17 [0] 18 [0] 19 [0] 20 [0] 21 [0] 22 [0] 23 
Nov  1 20:44:15 ubuntu kernel: [    0.000000] pcpu-alloc: [0] 24 [0] 25 [0] 26 [0] 27 [0] 28 [0] 29 [0] 30 [0] 31 
Nov  1 20:44:15 ubuntu kernel: [    0.000000] Detected VIPT I-cache on CPU0
Nov  1 20:44:15 ubuntu kernel: [    0.000000] CPU features: detected: GIC system register CPU interface
Nov  1 20:44:15 ubuntu lvm[1041]:   2 logical volume(s) in volume group "ubuntu-vg" now active
Nov  1 20:44:15 ubuntu systemd-fsck[1042]: fsck.fat 4.1 (2017-01-24)
Nov  1 20:44:15 ubuntu kernel: [    0.000000] CPU features: detected: Hardware dirty bit management
Nov  1 20:44:15 ubuntu kernel: [    0.000000] Built 1 zonelists, mobility grouping on.  Total pages: 5140480
Nov  1 20:44:15 ubuntu kernel: [    0.000000] Policy zone: Normal
Nov  1 20:44:15 ubuntu systemd-fsck[1042]: /dev/sda1: 5 files, 41/65501 clusters
Nov  1 20:44:15 ubuntu kernel: [    0.000000] Kernel command line: BOOT_IMAGE=/boot/vmlinuz-5.7.1 root=/dev/mapper/ubuntu--vg-root ro
Nov  1 20:44:15 ubuntu kernel: [    0.000000] Dentry cache hash table entries: 4194304 (order: 13, 33554432 bytes, linear)
Nov  1 20:44:15 ubuntu kernel: [    0.000000] Inode-cache hash table entries: 2097152 (order: 12, 16777216 bytes, linear)
Nov  1 20:44:15 ubuntu systemd[1]: Started LVM2 PV scan on device 8:2.
Nov  1 20:44:15 ubuntu kernel: [    0.000000] mem auto-init: stack:off, heap alloc:on, heap free:off
Nov  1 20:44:15 ubuntu kernel: [    0.000000] software IO TLB: mapped [mem 0x7bfff000-0x7ffff000] (64MB)
Nov  1 20:44:15 ubuntu kernel: [    0.000000] Memory: 20269608K/20971520K available (14204K kernel code, 2354K rwdata, 6868K rodata, 7040K init, 1132K bss, 669144K reserved, 32768K cma-reserved)
Nov  1 20:44:15 ubuntu kernel: [    0.000000] random: get_random_u64 called from __kmem_cache_create+0x54/0x5d8 with crng_init=0
Nov  1 20:44:15 ubuntu kernel: [    0.000000] SLUB: HWalign=64, Order=0-3, MinObjects=0, CPUs=32, Nodes=1
Nov  1 20:44:15 ubuntu kernel: [    0.000000] ftrace: allocating 46106 entries in 181 pages
Nov  1 20:44:15 ubuntu kernel: [    0.000000] ftrace: allocated 181 pages with 5 groups
Nov  1 20:44:15 ubuntu kernel: [    0.000000] rcu: Hierarchical RCU implementation.
Nov  1 20:44:15 ubuntu kernel: [    0.000000] rcu: 	RCU restricting CPUs from NR_CPUS=256 to nr_cpu_ids=32.
Nov  1 20:44:15 ubuntu kernel: [    0.000000] 	Tasks RCU enabled.
Nov  1 20:44:15 ubuntu kernel: [    0.000000] rcu: RCU calculated value of scheduler-enlistment delay is 25 jiffies.
Nov  1 20:44:15 ubuntu kernel: [    0.000000] rcu: Adjusting geometry for rcu_fanout_leaf=16, nr_cpu_ids=32
Nov  1 20:44:15 ubuntu kernel: [    0.000000] NR_IRQS: 64, nr_irqs: 64, preallocated irqs: 0
Nov  1 20:44:15 ubuntu kernel: [    0.000000] GICv3: 256 SPIs implemented
Nov  1 20:44:15 ubuntu kernel: [    0.000000] GICv3: 0 Extended SPIs implemented
Nov  1 20:44:15 ubuntu kernel: [    0.000000] GICv3: Distributor has no Range Selector support
Nov  1 20:44:15 ubuntu kernel: [    0.000000] GICv3: 16 PPIs implemented
Nov  1 20:44:15 ubuntu kernel: [    0.000000] GICv3: CPU0: found redistributor 0 region 0:0x00000000080a0000
Nov  1 20:44:15 ubuntu kernel: [    0.000000] ACPI: SRAT not present
Nov  1 20:44:15 ubuntu kernel: [    0.000000] ITS [mem 0x08080000-0x0809ffff]
Nov  1 20:44:15 ubuntu kernel: [    0.000000] ITS@0x0000000008080000: allocated 8192 Devices @53ca00000 (indirect, esz 8, psz 64K, shr 1)
Nov  1 20:44:15 ubuntu kernel: [    0.000000] ITS@0x0000000008080000: allocated 8192 Interrupt Collections @53ca10000 (flat, esz 8, psz 64K, shr 1)
Nov  1 20:44:15 ubuntu kernel: [    0.000000] GICv3: using LPI property table @0x000000053ca20000
Nov  1 20:44:15 ubuntu kernel: [    0.000000] GICv3: CPU0: using allocated LPI pending table @0x000000053ca30000
Nov  1 20:44:15 ubuntu kernel: [    0.000000] arch_timer: cp15 timer(s) running at 100.00MHz (virt).
Nov  1 20:44:15 ubuntu kernel: [    0.000000] clocksource: arch_sys_counter: mask: 0xffffffffffffff max_cycles: 0x171024e7e0, max_idle_ns: 440795205315 ns
Nov  1 20:44:15 ubuntu kernel: [    0.000002] sched_clock: 56 bits at 100MHz, resolution 10ns, wraps every 4398046511100ns
Nov  1 20:44:15 ubuntu systemd[1]: Started File System Check on /dev/disk/by-uuid/5EA9-3D4C.
Nov  1 20:44:15 ubuntu kernel: [    0.000291] Console: colour dummy device 80x25
Nov  1 20:44:15 ubuntu kernel: [    0.000394] ACPI: Core revision 20200326
Nov  1 20:44:15 ubuntu systemd[1]: Mounting /boot/efi...
Nov  1 20:44:15 ubuntu kernel: [    0.000547] Calibrating delay loop (skipped), value calculated using timer frequency.. 200.00 BogoMIPS (lpj=400000)
Nov  1 20:44:15 ubuntu kernel: [    0.000550] pid_max: default: 32768 minimum: 301
Nov  1 20:44:15 ubuntu systemd[1]: Mounted /boot/efi.
Nov  1 20:44:15 ubuntu kernel: [    0.000630] LSM: Security Framework initializing
Nov  1 20:44:15 ubuntu systemd[1]: Reached target Local File Systems.
Nov  1 20:44:15 ubuntu kernel: [    0.000663] Yama: becoming mindful.
Nov  1 20:44:15 ubuntu kernel: [    0.000846] AppArmor: AppArmor initialized
Nov  1 20:44:15 ubuntu systemd[1]: Starting AppArmor initialization...
Nov  1 20:44:15 ubuntu systemd[1]: Starting Tell Plymouth To Write Out Runtime Data...
Nov  1 20:44:15 ubuntu systemd[1]: Starting Set console font and keymap...
Nov  1 20:44:15 ubuntu systemd[1]: Starting Create Volatile Files and Directories...
Nov  1 20:44:15 ubuntu kernel: [    0.001315] Mount-cache hash table entries: 65536 (order: 7, 524288 bytes, linear)
Nov  1 20:44:15 ubuntu systemd[1]: Starting ebtables ruleset management...
Nov  1 20:44:15 ubuntu systemd[1]: Started Set console font and keymap.
Nov  1 20:44:15 ubuntu systemd[1]: Started Tell Plymouth To Write Out Runtime Data.
Nov  1 20:44:15 ubuntu apparmor[1049]:  * Starting AppArmor profiles
Nov  1 20:44:15 ubuntu systemd[1]: Started Create Volatile Files and Directories.
Nov  1 20:44:15 ubuntu systemd[1]: Starting Update UTMP about System Boot/Shutdown...
Nov  1 20:44:15 ubuntu systemd[1]: Starting Network Time Synchronization...
Nov  1 20:44:15 ubuntu kernel: [    0.001659] Mountpoint-cache hash table entries: 65536 (order: 7, 524288 bytes, linear)
Nov  1 20:44:15 ubuntu systemd[1]: Started Update UTMP about System Boot/Shutdown.
Nov  1 20:44:15 ubuntu kernel: [    0.003608] ACPI PPTT: No PPTT table found, CPU and cache topology may be inaccurate
Nov  1 20:44:15 ubuntu kernel: [    0.004134] rcu: Hierarchical SRCU implementation.
Nov  1 20:44:15 ubuntu systemd[1]: Started ebtables ruleset management.
Nov  1 20:44:15 ubuntu kernel: [    0.005090] Platform MSI: ITS@0x8080000 domain created
Nov  1 20:44:15 ubuntu systemd[1]: Reached target Network (Pre).
Nov  1 20:44:15 ubuntu kernel: [    0.005108] PCI/MSI: ITS@0x8080000 domain created
Nov  1 20:44:15 ubuntu systemd[1]: Starting Network Service...
Nov  1 20:44:15 ubuntu kernel: [    0.005161] Remapping and enabling EFI services.
Nov  1 20:44:15 ubuntu kernel: [    0.005178] [mitosis-origin] pgd_alloc for mm=ffff800011dcda40 and mm->pgd =ffff0004df9ba000.
Nov  1 20:44:15 ubuntu kernel: [    0.006604] smp: Bringing up secondary CPUs ...
Nov  1 20:44:15 ubuntu systemd[1]: Started Network Time Synchronization.
Nov  1 20:44:15 ubuntu kernel: [    0.283472] Detected VIPT I-cache on CPU1
Nov  1 20:44:15 ubuntu systemd[1]: Reached target System Time Synchronized.
Nov  1 20:44:15 ubuntu systemd-networkd[1091]: Enumeration completed
Nov  1 20:44:15 ubuntu systemd[1]: Started Network Service.
Nov  1 20:44:15 ubuntu kernel: [    0.283498] GICv3: CPU1: found redistributor 1 region 0:0x00000000080c0000
Nov  1 20:44:15 ubuntu kernel: [    0.283813] GICv3: CPU1: using allocated LPI pending table @0x000000053ca40000
Nov  1 20:44:15 ubuntu kernel: [    0.283892] CPU1: Booted secondary processor 0x0000000001 [0x481fd010]
Nov  1 20:44:15 ubuntu systemd-networkd[1091]: lo: Link is not managed by us
Nov  1 20:44:15 ubuntu systemd[1]: Starting Wait for Network to be Configured...
Nov  1 20:44:15 ubuntu systemd[1]: Starting Network Name Resolution...
Nov  1 20:44:15 ubuntu systemd-networkd-wait-online[1113]: ignoring: lo
Nov  1 20:44:15 ubuntu kernel: [    0.388280] Detected VIPT I-cache on CPU2
Nov  1 20:44:15 ubuntu kernel: [    0.388325] GICv3: CPU2: found redistributor 2 region 0:0x00000000080e0000
Nov  1 20:44:15 ubuntu kernel: [    0.388714] GICv3: CPU2: using allocated LPI pending table @0x000000053ca50000
Nov  1 20:44:15 ubuntu kernel: [    0.388785] CPU2: Booted secondary processor 0x0000000002 [0x481fd010]
Nov  1 20:44:15 ubuntu kernel: [    0.656945] Detected VIPT I-cache on CPU3
Nov  1 20:44:15 ubuntu kernel: [    0.656983] GICv3: CPU3: found redistributor 3 region 0:0x0000000008100000
Nov  1 20:44:15 ubuntu kernel: [    0.657240] GICv3: CPU3: using allocated LPI pending table @0x000000053ca60000
Nov  1 20:44:15 ubuntu kernel: [    0.657273] CPU3: Booted secondary processor 0x0000000003 [0x481fd010]
Nov  1 20:44:15 ubuntu kernel: [    0.760809] Detected VIPT I-cache on CPU4
Nov  1 20:44:15 ubuntu kernel: [    0.760848] GICv3: CPU4: found redistributor 4 region 0:0x0000000008120000
Nov  1 20:44:15 ubuntu kernel: [    0.761253] GICv3: CPU4: using allocated LPI pending table @0x000000053ca70000
Nov  1 20:44:15 ubuntu kernel: [    0.761305] CPU4: Booted secondary processor 0x0000000004 [0x481fd010]
Nov  1 20:44:15 ubuntu apparmor[1049]: Skipping profile in /etc/apparmor.d/disable: usr.sbin.rsyslogd
Nov  1 20:44:15 ubuntu kernel: [    1.038209] Detected VIPT I-cache on CPU5
Nov  1 20:44:15 ubuntu kernel: [    1.038243] GICv3: CPU5: found redistributor 5 region 0:0x0000000008140000
Nov  1 20:44:15 ubuntu kernel: [    1.038485] GICv3: CPU5: using allocated LPI pending table @0x000000053ca80000
Nov  1 20:44:15 ubuntu kernel: [    1.038526] CPU5: Booted secondary processor 0x0000000005 [0x481fd010]
Nov  1 20:44:15 ubuntu kernel: [    1.306960] Detected VIPT I-cache on CPU6
Nov  1 20:44:15 ubuntu kernel: [    1.306983] GICv3: CPU6: found redistributor 6 region 0:0x0000000008160000
Nov  1 20:44:15 ubuntu kernel: [    1.307252] GICv3: CPU6: using allocated LPI pending table @0x000000053ca90000
Nov  1 20:44:15 ubuntu kernel: [    1.307287] CPU6: Booted secondary processor 0x0000000006 [0x481fd010]
Nov  1 20:44:15 ubuntu systemd-networkd[1091]: enp1s0: Gained carrier
Nov  1 20:44:15 ubuntu systemd-networkd-wait-online[1113]: ignoring: lo
Nov  1 20:44:15 ubuntu kernel: [    1.411300] Detected VIPT I-cache on CPU7
Nov  1 20:44:15 ubuntu kernel: [    1.411329] GICv3: CPU7: found redistributor 7 region 0:0x0000000008180000
Nov  1 20:44:15 ubuntu systemd-networkd-wait-online[1113]: ignoring: lo
Nov  1 20:44:15 ubuntu systemd-timesyncd[1073]: Network configuration changed, trying to establish connection.
Nov  1 20:44:15 ubuntu kernel: [    1.411529] GICv3: CPU7: using allocated LPI pending table @0x000000053caa0000
Nov  1 20:44:15 ubuntu systemd-resolved[1123]: Positive Trust Anchors:
Nov  1 20:44:15 ubuntu systemd-resolved[1123]: . IN DS 19036 8 2 49aac11d7b6f6446702e54a1607371607a1a41855200fd2ce1cdde32f24e8fb5
Nov  1 20:44:15 ubuntu kernel: [    1.411560] CPU7: Booted secondary processor 0x0000000007 [0x481fd010]
Nov  1 20:44:15 ubuntu kernel: [    1.515692] Detected VIPT I-cache on CPU8
Nov  1 20:44:15 ubuntu systemd-resolved[1123]: . IN DS 20326 8 2 e06d44b80b8f1d39a95c0b0d7c65d08458e880409bbc683457104237c7f8ec8d
Nov  1 20:44:15 ubuntu kernel: [    1.515721] GICv3: CPU8: found redistributor 8 region 0:0x00000000081a0000
Nov  1 20:44:15 ubuntu systemd-resolved[1123]: Negative trust anchors: 10.in-addr.arpa 16.172.in-addr.arpa 17.172.in-addr.arpa 18.172.in-addr.arpa 19.172.in-addr.arpa 20.172.in-addr.arpa 21.172.in-addr.arpa 22.172.in-addr.arpa 23.172.in-addr.arpa 24.172.in-addr.arpa 25.172.in-addr.arpa 26.172.in-addr.arpa 27.172.in-addr.arpa 28.172.in-addr.arpa 29.172.in-addr.arpa 30.172.in-addr.arpa 31.172.in-addr.arpa 168.192.in-addr.arpa d.f.ip6.arpa corp home internal intranet lan local private test
Nov  1 20:44:15 ubuntu systemd-resolved[1123]: Using system hostname 'ubuntu'.
Nov  1 20:44:15 ubuntu systemd[1]: Started Network Name Resolution.
Nov  1 20:44:15 ubuntu systemd[1]: Reached target Network.
Nov  1 20:44:15 ubuntu systemd[1]: Reached target Host and Network Name Lookups.
Nov  1 20:44:15 ubuntu apparmor[1049]:    ...done.
Nov  1 20:44:15 ubuntu systemd[1]: Started AppArmor initialization.
Nov  1 20:44:15 ubuntu systemd[1]: Reached target System Initialization.
Nov  1 20:44:15 ubuntu systemd[1]: Started ACPI Events Check.
Nov  1 20:44:15 ubuntu kernel: [    1.515935] GICv3: CPU8: using allocated LPI pending table @0x000000053cab0000
Nov  1 20:44:15 ubuntu systemd[1]: Started Daily Cleanup of Temporary Directories.
Nov  1 20:44:15 ubuntu systemd[1]: Listening on ACPID Listen Socket.
Nov  1 20:44:15 ubuntu systemd[1]: Listening on Open-iSCSI iscsid Socket.
Nov  1 20:44:15 ubuntu systemd[1]: Listening on UUID daemon activation socket.
Nov  1 20:44:15 ubuntu kernel: [    1.515964] CPU8: Booted secondary processor 0x0000000008 [0x481fd010]
Nov  1 20:44:15 ubuntu systemd[1]: Started Daily apt download activities.
Nov  1 20:44:15 ubuntu kernel: [    1.619892] Detected VIPT I-cache on CPU9
Nov  1 20:44:15 ubuntu systemd[1]: Started Daily apt upgrade and clean activities.
Nov  1 20:44:15 ubuntu kernel: [    1.619924] GICv3: CPU9: found redistributor 9 region 0:0x00000000081c0000
Nov  1 20:44:15 ubuntu systemd[1]: Starting LXD - unix socket.
Nov  1 20:44:15 ubuntu kernel: [    1.620140] GICv3: CPU9: using allocated LPI pending table @0x000000053cac0000
Nov  1 20:44:15 ubuntu systemd[1]: Reached target Paths.
Nov  1 20:44:15 ubuntu kernel: [    1.620171] CPU9: Booted secondary processor 0x0000000009 [0x481fd010]
Nov  1 20:44:15 ubuntu kernel: [    1.724189] Detected VIPT I-cache on CPU10
Nov  1 20:44:15 ubuntu systemd[1]: Started Discard unused blocks once a week.
Nov  1 20:44:15 ubuntu systemd[1]: Started Message of the Day.
Nov  1 20:44:15 ubuntu systemd[1]: Reached target Timers.
Nov  1 20:44:15 ubuntu systemd[1]: Listening on D-Bus System Message Bus Socket.
Nov  1 20:44:15 ubuntu systemd[1]: Starting Socket activation for snappy daemon.
Nov  1 20:44:15 ubuntu kernel: [    1.724223] GICv3: CPU10: found redistributor a region 0:0x00000000081e0000
Nov  1 20:44:15 ubuntu kernel: [    1.724582] GICv3: CPU10: using allocated LPI pending table @0x000000053cad0000
Nov  1 20:44:15 ubuntu kernel: [    1.724613] CPU10: Booted secondary processor 0x000000000a [0x481fd010]
Nov  1 20:44:15 ubuntu systemd[1]: Listening on LXD - unix socket.
Nov  1 20:44:15 ubuntu kernel: [    1.828996] Detected VIPT I-cache on CPU11
Nov  1 20:44:15 ubuntu kernel: [    1.829030] GICv3: CPU11: found redistributor b region 0:0x0000000008200000
Nov  1 20:44:15 ubuntu systemd[1]: Listening on Socket activation for snappy daemon.
Nov  1 20:44:15 ubuntu kernel: [    1.829238] GICv3: CPU11: using allocated LPI pending table @0x000000053cae0000
Nov  1 20:44:15 ubuntu kernel: [    1.829266] CPU11: Booted secondary processor 0x000000000b [0x481fd010]
Nov  1 20:44:15 ubuntu kernel: [    1.934142] Detected VIPT I-cache on CPU12
Nov  1 20:44:15 ubuntu systemd[1]: Reached target Sockets.
Nov  1 20:44:15 ubuntu kernel: [    1.934184] GICv3: CPU12: found redistributor c region 0:0x0000000008220000
Nov  1 20:44:15 ubuntu kernel: [    1.934491] GICv3: CPU12: using allocated LPI pending table @0x000000053caf0000
Nov  1 20:44:15 ubuntu systemd[1]: Reached target Basic System.
Nov  1 20:44:15 ubuntu systemd[1]: Started FUSE filesystem for LXC.
Nov  1 20:44:15 ubuntu systemd[1]: Starting LSB: Record successful boot for GRUB...
Nov  1 20:44:15 ubuntu lxcfs[1142]: mount namespace: 5
Nov  1 20:44:15 ubuntu kernel: [    1.934524] CPU12: Booted secondary processor 0x000000000c [0x481fd010]
Nov  1 20:44:15 ubuntu lxcfs[1142]: hierarchies:
Nov  1 20:44:15 ubuntu kernel: [    2.039176] Detected VIPT I-cache on CPU13
Nov  1 20:44:15 ubuntu kernel: [    2.039252] GICv3: CPU13: found redistributor d region 0:0x0000000008240000
Nov  1 20:44:15 ubuntu kernel: [    2.039590] GICv3: CPU13: using allocated LPI pending table @0x000000053cb00000
Nov  1 20:44:15 ubuntu lxcfs[1142]:   0: fd:   6: cpuset
Nov  1 20:44:15 ubuntu kernel: [    2.039654] CPU13: Booted secondary processor 0x000000000d [0x481fd010]
Nov  1 20:44:15 ubuntu kernel: [    2.318606] Detected VIPT I-cache on CPU14
Nov  1 20:44:15 ubuntu lxcfs[1142]:   1: fd:   7: rdma
Nov  1 20:44:15 ubuntu lxcfs[1142]:   2: fd:   8: devices
Nov  1 20:44:15 ubuntu kernel: [    2.318656] GICv3: CPU14: found redistributor e region 0:0x0000000008260000
Nov  1 20:44:15 ubuntu kernel: [    2.318915] GICv3: CPU14: using allocated LPI pending table @0x000000053cb10000
Nov  1 20:44:15 ubuntu lxcfs[1142]:   3: fd:   9: cpu,cpuacct
Nov  1 20:44:15 ubuntu kernel: [    2.318962] CPU14: Booted secondary processor 0x000000000e [0x481fd010]
Nov  1 20:44:15 ubuntu kernel: [    2.428919] Detected VIPT I-cache on CPU15
Nov  1 20:44:15 ubuntu lxcfs[1142]:   4: fd:  10: freezer
Nov  1 20:44:15 ubuntu kernel: [    2.429046] GICv3: CPU15: found redistributor f region 0:0x0000000008280000
Nov  1 20:44:15 ubuntu kernel: [    2.429576] GICv3: CPU15: using allocated LPI pending table @0x000000053cb20000
Nov  1 20:44:15 ubuntu kernel: [    2.429679] CPU15: Booted secondary processor 0x000000000f [0x481fd010]
Nov  1 20:44:15 ubuntu kernel: [    2.706359] Detected VIPT I-cache on CPU16
Nov  1 20:44:15 ubuntu lxcfs[1142]:   5: fd:  11: blkio
Nov  1 20:44:15 ubuntu kernel: [    2.706399] GICv3: CPU16: found redistributor 100 region 0:0x00000000082a0000
Nov  1 20:44:15 ubuntu kernel: [    2.706679] GICv3: CPU16: using allocated LPI pending table @0x000000053cb30000
Nov  1 20:44:15 ubuntu kernel: [    2.706709] CPU16: Booted secondary processor 0x0000000100 [0x481fd010]
Nov  1 20:44:15 ubuntu lxcfs[1142]:   6: fd:  12: perf_event
Nov  1 20:44:15 ubuntu kernel: [    2.982066] Detected VIPT I-cache on CPU17
Nov  1 20:44:15 ubuntu kernel: [    2.982118] GICv3: CPU17: found redistributor 101 region 0:0x00000000082c0000
Nov  1 20:44:15 ubuntu lxcfs[1142]:   7: fd:  13: pids
Nov  1 20:44:15 ubuntu kernel: [    2.982395] GICv3: CPU17: using allocated LPI pending table @0x000000053cb40000
Nov  1 20:44:15 ubuntu lxcfs[1142]:   8: fd:  14: net_cls,net_prio
Nov  1 20:44:15 ubuntu kernel: [    2.982437] CPU17: Booted secondary processor 0x0000000101 [0x481fd010]
Nov  1 20:44:15 ubuntu kernel: [    3.253824] Detected VIPT I-cache on CPU18
Nov  1 20:44:15 ubuntu kernel: [    3.253930] GICv3: CPU18: found redistributor 102 region 0:0x00000000082e0000
Nov  1 20:44:15 ubuntu kernel: [    3.254168] GICv3: CPU18: using allocated LPI pending table @0x000000053cb50000
Nov  1 20:44:15 ubuntu lxcfs[1142]:   9: fd:  15: hugetlb
Nov  1 20:44:15 ubuntu lxcfs[1142]:  10: fd:  16: memory
Nov  1 20:44:15 ubuntu lxcfs[1142]:  11: fd:  17: name=systemd
Nov  1 20:44:15 ubuntu lxcfs[1142]:  12: fd:  18: unified
Nov  1 20:44:15 ubuntu systemd[1]: Starting Login Service...
Nov  1 20:44:15 ubuntu kernel: [    3.254199] CPU18: Booted secondary processor 0x0000000102 [0x481fd010]
Nov  1 20:44:15 ubuntu systemd[1]: Starting LXD - container startup/shutdown...
Nov  1 20:44:15 ubuntu kernel: [    3.359457] Detected VIPT I-cache on CPU19
Nov  1 20:44:15 ubuntu kernel: [    3.359560] GICv3: CPU19: found redistributor 103 region 0:0x0000000008300000
Nov  1 20:44:15 ubuntu systemd[1]: Starting System Logging Service...
Nov  1 20:44:15 ubuntu kernel: [    3.359907] GICv3: CPU19: using allocated LPI pending table @0x000000053cb60000
Nov  1 20:44:15 ubuntu systemd[1]: Starting Accounts Service...
Nov  1 20:44:15 ubuntu kernel: [    3.359968] CPU19: Booted secondary processor 0x0000000103 [0x481fd010]
Nov  1 20:44:15 ubuntu kernel: [    3.492313] Detected VIPT I-cache on CPU20
Nov  1 20:44:15 ubuntu kernel: [    3.492362] GICv3: CPU20: found redistributor 104 region 0:0x0000000008320000
Nov  1 20:44:15 ubuntu systemd[1]: Starting Snappy daemon...
Nov  1 20:44:15 ubuntu kernel: [    3.492665] GICv3: CPU20: using allocated LPI pending table @0x000000053cb70000
Nov  1 20:44:15 ubuntu kernel: [    3.492717] CPU20: Booted secondary processor 0x0000000104 [0x481fd010]
Nov  1 20:44:15 ubuntu systemd[1]: Started D-Bus System Message Bus.
Nov  1 20:44:15 ubuntu kernel: [    3.599264] Detected VIPT I-cache on CPU21
Nov  1 20:44:15 ubuntu rsyslogd: imuxsock: Acquired UNIX socket '/run/systemd/journal/syslog' (fd 3) from systemd.  [v8.32.0]
Nov  1 20:44:15 ubuntu kernel: [    3.599316] GICv3: CPU21: found redistributor 105 region 0:0x0000000008340000
Nov  1 20:44:15 ubuntu kernel: [    3.599507] GICv3: CPU21: using allocated LPI pending table @0x000000053cb80000
Nov  1 20:44:15 ubuntu kernel: [    3.599540] CPU21: Booted secondary processor 0x0000000105 [0x481fd010]
Nov  1 20:44:15 ubuntu rsyslogd: rsyslogd's groupid changed to 106
Nov  1 20:44:15 ubuntu kernel: [    3.883231] Detected VIPT I-cache on CPU22
Nov  1 20:44:15 ubuntu kernel: [    3.883314] GICv3: CPU22: found redistributor 106 region 0:0x0000000008360000
Nov  1 20:44:15 ubuntu kernel: [    3.883554] GICv3: CPU22: using allocated LPI pending table @0x000000053cb90000
Nov  1 20:44:15 ubuntu kernel: [    3.883592] CPU22: Booted secondary processor 0x0000000106 [0x481fd010]
Nov  1 20:44:15 ubuntu kernel: [    4.164042] Detected VIPT I-cache on CPU23
Nov  1 20:44:15 ubuntu rsyslogd: rsyslogd's userid changed to 102
Nov  1 20:44:15 ubuntu kernel: [    4.164099] GICv3: CPU23: found redistributor 107 region 0:0x0000000008380000
Nov  1 20:44:15 ubuntu kernel: [    4.164443] GICv3: CPU23: using allocated LPI pending table @0x000000053cba0000
Nov  1 20:44:15 ubuntu kernel: [    4.164481] CPU23: Booted secondary processor 0x0000000107 [0x481fd010]
Nov  1 20:44:15 ubuntu rsyslogd:  [origin software="rsyslogd" swVersion="8.32.0" x-pid="1151" x-info="http://www.rsyslog.com"] start
Nov  1 20:44:15 ubuntu kernel: [    4.271026] Detected VIPT I-cache on CPU24
Nov  1 20:44:15 ubuntu kernel: [    4.271083] GICv3: CPU24: found redistributor 108 region 0:0x00000000083a0000
Nov  1 20:44:15 ubuntu kernel: [    4.271345] GICv3: CPU24: using allocated LPI pending table @0x000000053cbb0000
Nov  1 20:44:15 ubuntu kernel: [    4.271373] CPU24: Booted secondary processor 0x0000000108 [0x481fd010]
Nov  1 20:44:15 ubuntu kernel: [    4.404915] Detected VIPT I-cache on CPU25
Nov  1 20:44:15 ubuntu kernel: [    4.404989] GICv3: CPU25: found redistributor 109 region 0:0x00000000083c0000
Nov  1 20:44:15 ubuntu kernel: [    4.405175] GICv3: CPU25: using allocated LPI pending table @0x000000053cbc0000
Nov  1 20:44:15 ubuntu kernel: [    4.405205] CPU25: Booted secondary processor 0x0000000109 [0x481fd010]
Nov  1 20:44:15 ubuntu kernel: [    4.688086] Detected VIPT I-cache on CPU26
Nov  1 20:44:15 ubuntu kernel: [    4.688184] GICv3: CPU26: found redistributor 10a region 0:0x00000000083e0000
Nov  1 20:44:15 ubuntu kernel: [    4.688399] GICv3: CPU26: using allocated LPI pending table @0x000000053cbd0000
Nov  1 20:44:15 ubuntu kernel: [    4.688439] CPU26: Booted secondary processor 0x000000010a [0x481fd010]
Nov  1 20:44:15 ubuntu kernel: [    4.795872] Detected VIPT I-cache on CPU27
Nov  1 20:44:15 ubuntu kernel: [    4.795951] GICv3: CPU27: found redistributor 10b region 0:0x0000000008400000
Nov  1 20:44:15 ubuntu kernel: [    4.796224] GICv3: CPU27: using allocated LPI pending table @0x000000053cbe0000
Nov  1 20:44:15 ubuntu kernel: [    4.796259] CPU27: Booted secondary processor 0x000000010b [0x481fd010]
Nov  1 20:44:15 ubuntu kernel: [    5.041158] Detected VIPT I-cache on CPU28
Nov  1 20:44:15 ubuntu kernel: [    5.041305] GICv3: CPU28: found redistributor 10c region 0:0x0000000008420000
Nov  1 20:44:15 ubuntu kernel: [    5.041613] GICv3: CPU28: using allocated LPI pending table @0x000000053cbf0000
Nov  1 20:44:15 ubuntu kernel: [    5.041679] CPU28: Booted secondary processor 0x000000010c [0x481fd010]
Nov  1 20:44:15 ubuntu kernel: [    5.177550] Detected VIPT I-cache on CPU29
Nov  1 20:44:15 ubuntu kernel: [    5.177617] GICv3: CPU29: found redistributor 10d region 0:0x0000000008440000
Nov  1 20:44:15 ubuntu kernel: [    5.178090] GICv3: CPU29: using allocated LPI pending table @0x000000051f800000
Nov  1 20:44:15 ubuntu kernel: [    5.178122] CPU29: Booted secondary processor 0x000000010d [0x481fd010]
Nov  1 20:44:15 ubuntu kernel: [    5.285798] Detected VIPT I-cache on CPU30
Nov  1 20:44:15 ubuntu kernel: [    5.285942] GICv3: CPU30: found redistributor 10e region 0:0x0000000008460000
Nov  1 20:44:15 ubuntu kernel: [    5.286279] GICv3: CPU30: using allocated LPI pending table @0x000000051f810000
Nov  1 20:44:15 ubuntu kernel: [    5.286338] CPU30: Booted secondary processor 0x000000010e [0x481fd010]
Nov  1 20:44:15 ubuntu kernel: [    5.573779] Detected VIPT I-cache on CPU31
Nov  1 20:44:15 ubuntu kernel: [    5.573852] GICv3: CPU31: found redistributor 10f region 0:0x0000000008480000
Nov  1 20:44:15 ubuntu kernel: [    5.574033] GICv3: CPU31: using allocated LPI pending table @0x000000051f820000
Nov  1 20:44:15 ubuntu kernel: [    5.574069] CPU31: Booted secondary processor 0x000000010f [0x481fd010]
Nov  1 20:44:15 ubuntu kernel: [    5.574271] smp: Brought up 1 node, 32 CPUs
Nov  1 20:44:15 ubuntu kernel: [    5.574380] SMP: Total of 32 processors activated.
Nov  1 20:44:15 ubuntu kernel: [    5.574386] CPU features: detected: Privileged Access Never
Nov  1 20:44:15 ubuntu kernel: [    5.574388] CPU features: detected: LSE atomic instructions
Nov  1 20:44:15 ubuntu kernel: [    5.574391] CPU features: detected: User Access Override
Nov  1 20:44:15 ubuntu kernel: [    5.574395] CPU features: detected: Common not Private translations
Nov  1 20:44:15 ubuntu kernel: [    5.574398] CPU features: detected: Data cache clean to Point of Persistence
Nov  1 20:44:15 ubuntu kernel: [    5.574401] CPU features: detected: RAS Extension Support
Nov  1 20:44:15 ubuntu kernel: [    5.574404] CPU features: detected: CRC32 instructions
Nov  1 20:44:15 ubuntu kernel: [    5.705233] CPU: All CPU(s) started at EL1
Nov  1 20:44:15 ubuntu kernel: [    5.705677] alternatives: patching kernel code
Nov  1 20:44:15 ubuntu kernel: [    5.712970] devtmpfs: initialized
Nov  1 20:44:15 ubuntu kernel: [    5.714707] Registered cp15_barrier emulation handler
Nov  1 20:44:15 ubuntu kernel: [    5.714910] Registered setend emulation handler
Nov  1 20:44:15 ubuntu kernel: [    5.714916] KASLR disabled due to lack of seed
Nov  1 20:44:15 ubuntu kernel: [    5.715914] clocksource: jiffies: mask: 0xffffffff max_cycles: 0xffffffff, max_idle_ns: 7645041785100000 ns
Nov  1 20:44:15 ubuntu kernel: [    5.716332] futex hash table entries: 8192 (order: 7, 524288 bytes, linear)
Nov  1 20:44:15 ubuntu kernel: [    5.717719] pinctrl core: initialized pinctrl subsystem
Nov  1 20:44:15 ubuntu kernel: [    5.718340] thermal_sys: Registered thermal governor 'fair_share'
Nov  1 20:44:15 ubuntu kernel: [    5.718341] thermal_sys: Registered thermal governor 'bang_bang'
Nov  1 20:44:15 ubuntu kernel: [    5.718343] thermal_sys: Registered thermal governor 'step_wise'
Nov  1 20:44:15 ubuntu kernel: [    5.718345] thermal_sys: Registered thermal governor 'user_space'
Nov  1 20:44:15 ubuntu kernel: [    5.718456] SMBIOS 3.0.0 present.
Nov  1 20:44:15 ubuntu kernel: [    5.718461] DMI: QEMU KVM Virtual Machine, BIOS 0.0.0 02/06/2015
Nov  1 20:44:15 ubuntu kernel: [    5.719176] NET: Registered protocol family 16
Nov  1 20:44:15 ubuntu kernel: [    5.722052] DMA: preallocated 256 KiB pool for atomic allocations
Nov  1 20:44:15 ubuntu kernel: [    5.722061] audit: initializing netlink subsys (disabled)
Nov  1 20:44:15 ubuntu kernel: [    5.722444] audit: type=2000 audit(5.296:1): state=initialized audit_enabled=0 res=1
Nov  1 20:44:15 ubuntu kernel: [    5.722972] cpuidle: using governor ladder
Nov  1 20:44:15 ubuntu kernel: [    5.722986] cpuidle: using governor menu
Nov  1 20:44:15 ubuntu kernel: [    5.723085] hw-breakpoint: found 6 breakpoint and 4 watchpoint registers.
Nov  1 20:44:15 ubuntu kernel: [    5.725917] ASID allocator initialised with 65536 entries
Nov  1 20:44:15 ubuntu kernel: [    5.726071] ACPI: bus type PCI registered
Nov  1 20:44:15 ubuntu kernel: [    5.726084] acpiphp: ACPI Hot Plug PCI Controller Driver version: 0.5
Nov  1 20:44:15 ubuntu kernel: [    5.726318] Serial: AMBA PL011 UART driver
Nov  1 20:44:15 ubuntu kernel: [    5.730924] HugeTLB registered 1.00 GiB page size, pre-allocated 0 pages
Nov  1 20:44:15 ubuntu kernel: [    5.730927] HugeTLB registered 32.0 MiB page size, pre-allocated 0 pages
Nov  1 20:44:15 ubuntu kernel: [    5.730929] HugeTLB registered 2.00 MiB page size, pre-allocated 0 pages
Nov  1 20:44:15 ubuntu kernel: [    5.730930] HugeTLB registered 64.0 KiB page size, pre-allocated 0 pages
Nov  1 20:44:15 ubuntu kernel: [    5.747907] ACPI: Added _OSI(Module Device)
Nov  1 20:44:15 ubuntu kernel: [    5.747909] ACPI: Added _OSI(Processor Device)
Nov  1 20:44:15 ubuntu kernel: [    5.747911] ACPI: Added _OSI(3.0 _SCP Extensions)
Nov  1 20:44:15 ubuntu kernel: [    5.747912] ACPI: Added _OSI(Processor Aggregator Device)
Nov  1 20:44:15 ubuntu kernel: [    5.747914] ACPI: Added _OSI(Linux-Dell-Video)
Nov  1 20:44:15 ubuntu kernel: [    5.747916] ACPI: Added _OSI(Linux-Lenovo-NV-HDMI-Audio)
Nov  1 20:44:15 ubuntu kernel: [    5.747917] ACPI: Added _OSI(Linux-HPI-Hybrid-Graphics)
Nov  1 20:44:15 ubuntu kernel: [    5.748808] ACPI: 1 ACPI AML tables successfully acquired and loaded
Nov  1 20:44:15 ubuntu kernel: [    5.749347] ACPI: Interpreter enabled
Nov  1 20:44:15 ubuntu kernel: [    5.749349] ACPI: Using GIC for interrupt routing
Nov  1 20:44:15 ubuntu kernel: [    5.749364] ACPI: MCFG table detected, 1 entries
Nov  1 20:44:15 ubuntu kernel: [    5.754067] ARMH0011:00: ttyAMA0 at MMIO 0x9000000 (irq = 4, base_baud = 0) is a SBSA
Nov  1 20:44:15 ubuntu kernel: [    5.901975] printk: console [ttyAMA0] enabled
Nov  1 20:44:15 ubuntu kernel: [    5.904520] ACPI: PCI Root Bridge [PCI0] (domain 0000 [bus 00-0f])
Nov  1 20:44:15 ubuntu kernel: [    5.905170] acpi PNP0A08:00: _OSC: OS supports [ExtendedConfig ASPM ClockPM Segments MSI HPX-Type3]
Nov  1 20:44:15 ubuntu kernel: [    5.906187] acpi PNP0A08:00: _OSC: platform does not support [SHPCHotplug LTR]
Nov  1 20:44:15 ubuntu kernel: [    5.906947] acpi PNP0A08:00: _OSC: OS now controls [PCIeHotplug PME AER PCIeCapability]
Nov  1 20:44:15 ubuntu kernel: [    5.908087] acpi PNP0A08:00: ECAM area [mem 0x3f000000-0x3fffffff] reserved by PNP0C02:00
Nov  1 20:44:15 ubuntu kernel: [    5.908941] acpi PNP0A08:00: ECAM at [mem 0x3f000000-0x3fffffff] for [bus 00-0f]
Nov  1 20:44:15 ubuntu kernel: [    5.909697] Remapped I/O 0x000000003eff0000 to [io  0x0000-0xffff window]
Nov  1 20:44:15 ubuntu kernel: [    5.910561] PCI host bridge to bus 0000:00
Nov  1 20:44:15 ubuntu kernel: [    5.910946] pci_bus 0000:00: root bus resource [mem 0x10000000-0x3efeffff window]
Nov  1 20:44:15 ubuntu kernel: [    5.911638] pci_bus 0000:00: root bus resource [io  0x0000-0xffff window]
Nov  1 20:44:15 ubuntu kernel: [    5.912296] pci_bus 0000:00: root bus resource [mem 0x8000000000-0xffffffffff window]
Nov  1 20:44:15 ubuntu kernel: [    5.913038] pci_bus 0000:00: root bus resource [bus 00-0f]
Nov  1 20:44:15 ubuntu kernel: [    5.913615] pci 0000:00:00.0: [1b36:0008] type 00 class 0x060000
Nov  1 20:44:15 ubuntu kernel: [    5.914553] pci 0000:00:01.0: [1b36:000c] type 01 class 0x060400
Nov  1 20:44:15 ubuntu kernel: [    5.916901] pci 0000:00:01.0: reg 0x10: [mem 0x10303000-0x10303fff]
Nov  1 20:44:15 ubuntu kernel: [    5.920511] pci 0000:00:01.1: [1b36:000c] type 01 class 0x060400
Nov  1 20:44:15 ubuntu kernel: [    5.922666] pci 0000:00:01.1: reg 0x10: [mem 0x10302000-0x10302fff]
Nov  1 20:44:15 ubuntu kernel: [    5.929274] pci 0000:00:01.2: [1b36:000c] type 01 class 0x060400
Nov  1 20:44:15 ubuntu kernel: [    5.931276] pci 0000:00:01.2: reg 0x10: [mem 0x10301000-0x10301fff]
Nov  1 20:44:15 ubuntu kernel: [    5.934977] pci 0000:00:01.3: [1b36:000c] type 01 class 0x060400
Nov  1 20:44:15 ubuntu kernel: [    5.937427] pci 0000:00:01.3: reg 0x10: [mem 0x10300000-0x10300fff]
Nov  1 20:44:15 ubuntu kernel: [    5.944247] pci 0000:01:00.0: [1af4:1041] type 00 class 0x020000
Nov  1 20:44:15 ubuntu kernel: [    5.946656] pci 0000:01:00.0: reg 0x14: [mem 0x10200000-0x10200fff]
Nov  1 20:44:15 ubuntu kernel: [    5.949935] pci 0000:01:00.0: reg 0x20: [mem 0x8000000000-0x8000003fff 64bit pref]
Nov  1 20:44:15 ubuntu kernel: [    5.954134] pci 0000:01:00.0: reg 0x30: [mem 0xfff80000-0xffffffff pref]
Nov  1 20:44:15 ubuntu kernel: [    5.956022] pci 0000:02:00.0: [1b36:000d] type 00 class 0x0c0330
Nov  1 20:44:15 ubuntu kernel: [    5.956716] pci 0000:02:00.0: reg 0x10: [mem 0x10100000-0x10103fff 64bit]
Nov  1 20:44:15 ubuntu kernel: [    5.958531] pci 0000:03:00.0: [1af4:1048] type 00 class 0x010000
Nov  1 20:44:15 ubuntu kernel: [    5.960917] pci 0000:03:00.0: reg 0x14: [mem 0x10000000-0x10000fff]
Nov  1 20:44:15 ubuntu kernel: [    5.966027] pci 0000:03:00.0: reg 0x20: [mem 0x8000100000-0x8000103fff 64bit pref]
Nov  1 20:44:15 ubuntu kernel: [    5.971683] pci 0000:00:01.0: bridge window [io  0x1000-0x0fff] to [bus 01] add_size 1000
Nov  1 20:44:15 ubuntu kernel: [    5.972747] pci 0000:00:01.0: bridge window [mem 0x00100000-0x001fffff 64bit pref] to [bus 01] add_size 100000 add_align 100000
Nov  1 20:44:15 ubuntu kernel: [    5.974190] pci 0000:00:01.0: bridge window [mem 0x00100000-0x001fffff] to [bus 01] add_size 100000 add_align 100000
Nov  1 20:44:15 ubuntu kernel: [    5.975426] pci 0000:00:01.1: bridge window [io  0x1000-0x0fff] to [bus 02] add_size 1000
Nov  1 20:44:15 ubuntu kernel: [    5.977674] pci 0000:00:01.1: bridge window [mem 0x00100000-0x000fffff 64bit pref] to [bus 02] add_size 200000 add_align 100000
Nov  1 20:44:15 ubuntu kernel: [    5.978782] pci 0000:00:01.1: bridge window [mem 0x00100000-0x001fffff] to [bus 02] add_size 100000 add_align 100000
Nov  1 20:44:15 ubuntu kernel: [    5.979833] pci 0000:00:01.2: bridge window [io  0x1000-0x0fff] to [bus 03] add_size 1000
Nov  1 20:44:15 ubuntu kernel: [    5.980651] pci 0000:00:01.2: bridge window [mem 0x00100000-0x001fffff 64bit pref] to [bus 03] add_size 100000 add_align 100000
Nov  1 20:44:15 ubuntu kernel: [    5.981764] pci 0000:00:01.2: bridge window [mem 0x00100000-0x001fffff] to [bus 03] add_size 100000 add_align 100000
Nov  1 20:44:15 ubuntu kernel: [    5.982784] pci 0000:00:01.3: bridge window [io  0x1000-0x0fff] to [bus 04] add_size 1000
Nov  1 20:44:15 ubuntu kernel: [    5.983571] pci 0000:00:01.3: bridge window [mem 0x00100000-0x000fffff 64bit pref] to [bus 04] add_size 200000 add_align 100000
Nov  1 20:44:15 ubuntu kernel: [    5.984873] pci 0000:00:01.3: bridge window [mem 0x00100000-0x000fffff] to [bus 04] add_size 200000 add_align 100000
Nov  1 20:44:15 ubuntu kernel: [    5.986050] pci 0000:00:01.0: BAR 14: assigned [mem 0x10000000-0x101fffff]
Nov  1 20:44:15 ubuntu kernel: [    5.986800] pci 0000:00:01.0: BAR 15: assigned [mem 0x8000000000-0x80001fffff 64bit pref]
Nov  1 20:44:15 ubuntu kernel: [    5.987673] pci 0000:00:01.1: BAR 14: assigned [mem 0x10200000-0x103fffff]
Nov  1 20:44:15 ubuntu kernel: [    5.988415] pci 0000:00:01.1: BAR 15: assigned [mem 0x8000200000-0x80003fffff 64bit pref]
Nov  1 20:44:15 ubuntu kernel: [    5.989325] pci 0000:00:01.2: BAR 14: assigned [mem 0x10400000-0x105fffff]
Nov  1 20:44:15 ubuntu kernel: [    5.990079] pci 0000:00:01.2: BAR 15: assigned [mem 0x8000400000-0x80005fffff 64bit pref]
Nov  1 20:44:15 ubuntu kernel: [    5.990953] pci 0000:00:01.3: BAR 14: assigned [mem 0x10600000-0x107fffff]
Nov  1 20:44:15 ubuntu kernel: [    5.991690] pci 0000:00:01.3: BAR 15: assigned [mem 0x8000600000-0x80007fffff 64bit pref]
Nov  1 20:44:15 ubuntu kernel: [    5.992523] pci 0000:00:01.0: BAR 0: assigned [mem 0x10800000-0x10800fff]
Nov  1 20:44:15 ubuntu kernel: [    5.993624] pci 0000:00:01.0: BAR 13: assigned [io  0x1000-0x1fff]
Nov  1 20:44:15 ubuntu kernel: [    5.994213] pci 0000:00:01.1: BAR 0: assigned [mem 0x10801000-0x10801fff]
Nov  1 20:44:15 ubuntu kernel: [    5.995193] pci 0000:00:01.1: BAR 13: assigned [io  0x2000-0x2fff]
Nov  1 20:44:15 ubuntu kernel: [    5.995785] pci 0000:00:01.2: BAR 0: assigned [mem 0x10802000-0x10802fff]
Nov  1 20:44:15 ubuntu kernel: [    5.996761] pci 0000:00:01.2: BAR 13: assigned [io  0x3000-0x3fff]
Nov  1 20:44:15 ubuntu kernel: [    5.997342] pci 0000:00:01.3: BAR 0: assigned [mem 0x10803000-0x10803fff]
Nov  1 20:44:15 ubuntu kernel: [    5.998352] pci 0000:00:01.3: BAR 13: assigned [io  0x4000-0x4fff]
Nov  1 20:44:15 ubuntu kernel: [    5.998933] pci 0000:01:00.0: BAR 6: assigned [mem 0x10000000-0x1007ffff pref]
Nov  1 20:44:15 ubuntu kernel: [    5.999595] pci 0000:01:00.0: BAR 4: assigned [mem 0x8000000000-0x8000003fff 64bit pref]
Nov  1 20:44:15 ubuntu kernel: [    6.001037] pci 0000:01:00.0: BAR 1: assigned [mem 0x10080000-0x10080fff]
Nov  1 20:44:15 ubuntu kernel: [    6.002009] pci 0000:00:01.0: PCI bridge to [bus 01]
Nov  1 20:44:15 ubuntu kernel: [    6.002526] pci 0000:00:01.0:   bridge window [io  0x1000-0x1fff]
Nov  1 20:44:15 ubuntu kernel: [    6.003729] pci 0000:00:01.0:   bridge window [mem 0x10000000-0x101fffff]
Nov  1 20:44:15 ubuntu kernel: [    6.005793] pci 0000:00:01.0:   bridge window [mem 0x8000000000-0x80001fffff 64bit pref]
Nov  1 20:44:15 ubuntu kernel: [    6.007414] pci 0000:02:00.0: BAR 0: assigned [mem 0x10200000-0x10203fff 64bit]
Nov  1 20:44:15 ubuntu kernel: [    6.008142] pci 0000:00:01.1: PCI bridge to [bus 02]
Nov  1 20:44:15 ubuntu kernel: [    6.008620] pci 0000:00:01.1:   bridge window [io  0x2000-0x2fff]
Nov  1 20:44:15 ubuntu kernel: [    6.010056] pci 0000:00:01.1:   bridge window [mem 0x10200000-0x103fffff]
Nov  1 20:44:15 ubuntu kernel: [    6.011229] pci 0000:00:01.1:   bridge window [mem 0x8000200000-0x80003fffff 64bit pref]
Nov  1 20:44:15 ubuntu kernel: [    6.012971] pci 0000:03:00.0: BAR 4: assigned [mem 0x8000400000-0x8000403fff 64bit pref]
Nov  1 20:44:15 ubuntu kernel: [    6.014514] pci 0000:03:00.0: BAR 1: assigned [mem 0x10400000-0x10400fff]
Nov  1 20:44:15 ubuntu kernel: [    6.017388] pci 0000:00:01.2: PCI bridge to [bus 03]
Nov  1 20:44:15 ubuntu kernel: [    6.017965] pci 0000:00:01.2:   bridge window [io  0x3000-0x3fff]
Nov  1 20:44:15 ubuntu kernel: [    6.019420] pci 0000:00:01.2:   bridge window [mem 0x10400000-0x105fffff]
Nov  1 20:44:15 ubuntu kernel: [    6.020696] pci 0000:00:01.2:   bridge window [mem 0x8000400000-0x80005fffff 64bit pref]
Nov  1 20:44:15 ubuntu kernel: [    6.022736] pci 0000:00:01.3: PCI bridge to [bus 04]
Nov  1 20:44:15 ubuntu kernel: [    6.023310] pci 0000:00:01.3:   bridge window [io  0x4000-0x4fff]
Nov  1 20:44:15 ubuntu kernel: [    6.024781] pci 0000:00:01.3:   bridge window [mem 0x10600000-0x107fffff]
Nov  1 20:44:15 ubuntu kernel: [    6.025896] pci 0000:00:01.3:   bridge window [mem 0x8000600000-0x80007fffff 64bit pref]
Nov  1 20:44:15 ubuntu kernel: [    6.028790] pci_bus 0000:00: resource 4 [mem 0x10000000-0x3efeffff window]
Nov  1 20:44:15 ubuntu kernel: [    6.029441] pci_bus 0000:00: resource 5 [io  0x0000-0xffff window]
Nov  1 20:44:15 ubuntu kernel: [    6.030021] pci_bus 0000:00: resource 6 [mem 0x8000000000-0xffffffffff window]
Nov  1 20:44:15 ubuntu kernel: [    6.030691] pci_bus 0000:01: resource 0 [io  0x1000-0x1fff]
Nov  1 20:44:15 ubuntu kernel: [    6.031199] pci_bus 0000:01: resource 1 [mem 0x10000000-0x101fffff]
Nov  1 20:44:15 ubuntu kernel: [    6.031783] pci_bus 0000:01: resource 2 [mem 0x8000000000-0x80001fffff 64bit pref]
Nov  1 20:44:15 ubuntu kernel: [    6.032562] pci_bus 0000:02: resource 0 [io  0x2000-0x2fff]
Nov  1 20:44:15 ubuntu kernel: [    6.033140] pci_bus 0000:02: resource 1 [mem 0x10200000-0x103fffff]
Nov  1 20:44:15 ubuntu kernel: [    6.033827] pci_bus 0000:02: resource 2 [mem 0x8000200000-0x80003fffff 64bit pref]
Nov  1 20:44:15 ubuntu kernel: [    6.034680] pci_bus 0000:03: resource 0 [io  0x3000-0x3fff]
Nov  1 20:44:15 ubuntu kernel: [    6.035280] pci_bus 0000:03: resource 1 [mem 0x10400000-0x105fffff]
Nov  1 20:44:15 ubuntu kernel: [    6.035954] pci_bus 0000:03: resource 2 [mem 0x8000400000-0x80005fffff 64bit pref]
Nov  1 20:44:15 ubuntu kernel: [    6.036778] pci_bus 0000:04: resource 0 [io  0x4000-0x4fff]
Nov  1 20:44:15 ubuntu kernel: [    6.037376] pci_bus 0000:04: resource 1 [mem 0x10600000-0x107fffff]
Nov  1 20:44:15 ubuntu kernel: [    6.038047] pci_bus 0000:04: resource 2 [mem 0x8000600000-0x80007fffff 64bit pref]
Nov  1 20:44:15 ubuntu kernel: [    6.038968] ACPI: PCI Interrupt Link [GSI0] (IRQs *35)
Nov  1 20:44:15 ubuntu kernel: [    6.039546] ACPI: PCI Interrupt Link [GSI1] (IRQs *36)
Nov  1 20:44:15 ubuntu kernel: [    6.040120] ACPI: PCI Interrupt Link [GSI2] (IRQs *37)
Nov  1 20:44:15 ubuntu kernel: [    6.040697] ACPI: PCI Interrupt Link [GSI3] (IRQs *38)
Nov  1 20:44:15 ubuntu kernel: [    6.042494] iommu: Default domain type: Translated 
Nov  1 20:44:15 ubuntu kernel: [    6.043108] vgaarb: loaded
Nov  1 20:44:15 ubuntu kernel: [    6.043838] SCSI subsystem initialized
Nov  1 20:44:15 ubuntu kernel: [    6.044680] libata version 3.00 loaded.
Nov  1 20:44:15 ubuntu kernel: [    6.044744] ACPI: bus type USB registered
Nov  1 20:44:15 ubuntu kernel: [    6.045194] usbcore: registered new interface driver usbfs
Nov  1 20:44:15 ubuntu kernel: [    6.045742] usbcore: registered new interface driver hub
Nov  1 20:44:15 ubuntu kernel: [    6.046789] usbcore: registered new device driver usb
Nov  1 20:44:15 ubuntu kernel: [    6.047381] pps_core: LinuxPPS API ver. 1 registered
Nov  1 20:44:15 ubuntu kernel: [    6.047868] pps_core: Software ver. 5.3.6 - Copyright 2005-2007 Rodolfo Giometti <giometti@linux.it>
Nov  1 20:44:15 ubuntu kernel: [    6.048747] PTP clock support registered
Nov  1 20:44:15 ubuntu kernel: [    6.049958] EDAC MC: Ver: 3.0.0
Nov  1 20:44:15 ubuntu kernel: [    6.050764] Registered efivars operations
Nov  1 20:44:15 ubuntu kernel: [    6.053748] NetLabel: Initializing
Nov  1 20:44:15 ubuntu kernel: [    6.054106] NetLabel:  domain hash size = 128
Nov  1 20:44:15 ubuntu kernel: [    6.054531] NetLabel:  protocols = UNLABELED CIPSOv4 CALIPSO
Nov  1 20:44:15 ubuntu kernel: [    6.055116] NetLabel:  unlabeled traffic allowed by default
Nov  1 20:44:15 ubuntu kernel: [    6.056475] clocksource: Switched to clocksource arch_sys_counter
Nov  1 20:44:15 ubuntu kernel: [    6.079072] VFS: Disk quotas dquot_6.6.0
Nov  1 20:44:15 ubuntu kernel: [    6.079504] VFS: Dquot-cache hash table entries: 512 (order 0, 4096 bytes)
Nov  1 20:44:15 ubuntu kernel: [    6.080580] AppArmor: AppArmor Filesystem Enabled
Nov  1 20:44:15 ubuntu kernel: [    6.081116] pnp: PnP ACPI init
Nov  1 20:44:15 ubuntu kernel: [    6.081666] system 00:00: [mem 0x3f000000-0x3fffffff] could not be reserved
Nov  1 20:44:15 ubuntu kernel: [    6.082323] system 00:00: Plug and Play ACPI device, IDs PNP0c02 (active)
Nov  1 20:44:15 ubuntu kernel: [    6.082331] pnp: PnP ACPI: found 1 devices
Nov  1 20:44:15 ubuntu kernel: [    6.087987] NET: Registered protocol family 2
Nov  1 20:44:15 ubuntu kernel: [    6.089443] tcp_listen_portaddr_hash hash table entries: 16384 (order: 6, 262144 bytes, linear)
Nov  1 20:44:15 ubuntu kernel: [    6.091651] TCP established hash table entries: 262144 (order: 9, 2097152 bytes, linear)
Nov  1 20:44:15 ubuntu kernel: [    6.093503] TCP bind hash table entries: 65536 (order: 8, 1048576 bytes, linear)
Nov  1 20:44:15 ubuntu kernel: [    6.094348] TCP: Hash tables configured (established 262144 bind 65536)
Nov  1 20:44:15 ubuntu kernel: [    6.095688] UDP hash table entries: 16384 (order: 7, 524288 bytes, linear)
Nov  1 20:44:15 ubuntu kernel: [    6.097038] UDP-Lite hash table entries: 16384 (order: 7, 524288 bytes, linear)
Nov  1 20:44:15 ubuntu kernel: [    6.098036] NET: Registered protocol family 1
Nov  1 20:44:15 ubuntu kernel: [    6.098476] NET: Registered protocol family 44
Nov  1 20:44:15 ubuntu kernel: [    6.098995] pci 0000:02:00.0: enabling device (0000 -> 0002)
Nov  1 20:44:15 ubuntu kernel: [    6.100046] PCI: CLS 0 bytes, default 64
Nov  1 20:44:15 ubuntu kernel: [    6.100669] Trying to unpack rootfs image as initramfs...
Nov  1 20:44:15 ubuntu kernel: [    7.177938] Freeing initrd memory: 61288K
Nov  1 20:44:15 ubuntu kernel: [    7.205695] hw perfevents: enabled with armv8_pmuv3_0 PMU driver, 13 counters available
Nov  1 20:44:15 ubuntu kernel: [    7.206615] kvm [1]: HYP mode not available
Nov  1 20:44:15 ubuntu kernel: [    7.208223] Initialise system trusted keyrings
Nov  1 20:44:15 ubuntu kernel: [    7.208838] Key type blacklist registered
Nov  1 20:44:15 ubuntu kernel: [    7.209644] workingset: timestamp_bits=40 max_order=23 bucket_order=0
Nov  1 20:44:15 ubuntu kernel: [    7.212313] zbud: loaded
Nov  1 20:44:15 ubuntu kernel: [    7.213340] squashfs: version 4.0 (2009/01/31) Phillip Lougher
Nov  1 20:44:15 ubuntu kernel: [    7.214461] fuse: init (API version 7.31)
Nov  1 20:44:15 ubuntu kernel: [    7.215601] integrity: Platform Keyring initialized
Nov  1 20:44:15 ubuntu kernel: [    7.221067] [mitosis-origin] pgd_alloc for mm=ffff000495897800 and mm->pgd =ffff0004df20b000.
Nov  1 20:44:15 ubuntu kernel: [    7.225561] Key type asymmetric registered
Nov  1 20:44:15 ubuntu kernel: [    7.225964] Asymmetric key parser 'x509' registered
Nov  1 20:44:15 ubuntu kernel: [    7.226438] Block layer SCSI generic (bsg) driver version 0.4 loaded (major 244)
Nov  1 20:44:15 ubuntu kernel: [    7.227761] io scheduler mq-deadline registered
Nov  1 20:44:15 ubuntu kernel: [    7.232300] pl061_gpio ARMH0061:00: PL061 GPIO chip registered
Nov  1 20:44:15 ubuntu kernel: [    7.233825] PCI Interrupt Link [GSI1] enabled at IRQ 36
Nov  1 20:44:15 ubuntu kernel: [    7.236052] pcieport 0000:00:01.0: PME: Signaling with IRQ 44
Nov  1 20:44:15 ubuntu kernel: [    7.237606] pcieport 0000:00:01.0: AER: enabled with IRQ 44
Nov  1 20:44:15 ubuntu kernel: [    7.238239] pcieport 0000:00:01.0: pciehp: Slot #0 AttnBtn+ PwrCtrl+ MRL- AttnInd+ PwrInd+ HotPlug+ Surprise+ Interlock+ NoCompl- IbPresDis- LLActRep-
Nov  1 20:44:15 ubuntu kernel: [    7.240683] pcieport 0000:00:01.1: PME: Signaling with IRQ 45
Nov  1 20:44:15 ubuntu kernel: [    7.241529] pcieport 0000:00:01.1: AER: enabled with IRQ 45
Nov  1 20:44:15 ubuntu kernel: [    7.242110] pcieport 0000:00:01.1: pciehp: Slot #0 AttnBtn+ PwrCtrl+ MRL- AttnInd+ PwrInd+ HotPlug+ Surprise+ Interlock+ NoCompl- IbPresDis- LLActRep-
Nov  1 20:44:15 ubuntu kernel: [    7.244519] pcieport 0000:00:01.2: PME: Signaling with IRQ 46
Nov  1 20:44:15 ubuntu kernel: [    7.245321] pcieport 0000:00:01.2: AER: enabled with IRQ 46
Nov  1 20:44:15 ubuntu kernel: [    7.245883] pcieport 0000:00:01.2: pciehp: Slot #0 AttnBtn+ PwrCtrl+ MRL- AttnInd+ PwrInd+ HotPlug+ Surprise+ Interlock+ NoCompl- IbPresDis- LLActRep-
Nov  1 20:44:15 ubuntu kernel: [    7.248191] pcieport 0000:00:01.3: PME: Signaling with IRQ 47
Nov  1 20:44:15 ubuntu kernel: [    7.249024] pcieport 0000:00:01.3: AER: enabled with IRQ 47
Nov  1 20:44:15 ubuntu kernel: [    7.249592] pcieport 0000:00:01.3: pciehp: Slot #0 AttnBtn+ PwrCtrl+ MRL- AttnInd+ PwrInd+ HotPlug+ Surprise+ Interlock+ NoCompl- IbPresDis- LLActRep-
Nov  1 20:44:15 ubuntu kernel: [    7.251042] pcieport 0000:00:01.3: pciehp: Slot(0-3): Link Up
Nov  1 20:44:15 ubuntu kernel: [    7.251833] shpchp: Standard Hot Plug PCI Controller Driver version: 0.4
Nov  1 20:44:15 ubuntu kernel: [    7.253094] input: Power Button as /devices/LNXSYSTM:00/LNXSYBUS:00/PNP0C0C:00/input/input0
Nov  1 20:44:15 ubuntu kernel: [    7.253921] ACPI: Power Button [PWRB]
Nov  1 20:44:15 ubuntu kernel: [    7.260351] Serial: 8250/16550 driver, 32 ports, IRQ sharing enabled
Nov  1 20:44:15 ubuntu kernel: [    7.264069] msm_serial: driver initialized
Nov  1 20:44:15 ubuntu kernel: [    7.265272] cacheinfo: Unable to detect cache hierarchy for CPU 0
Nov  1 20:44:15 ubuntu kernel: [    7.273546] loop: module loaded
Nov  1 20:44:15 ubuntu kernel: [    7.274765] libphy: Fixed MDIO Bus: probed
Nov  1 20:44:15 ubuntu kernel: [    7.275167] tun: Universal TUN/TAP device driver, 1.6
Nov  1 20:44:15 ubuntu kernel: [    7.275884] PPP generic driver version 2.4.2
Nov  1 20:44:15 ubuntu kernel: [    7.276473] ehci_hcd: USB 2.0 'Enhanced' Host Controller (EHCI) Driver
Nov  1 20:44:15 ubuntu kernel: [    7.277116] ehci-pci: EHCI PCI platform driver
Nov  1 20:44:15 ubuntu kernel: [    7.277546] ehci-orion: EHCI orion driver
Nov  1 20:44:15 ubuntu kernel: [    7.277942] ohci_hcd: USB 1.1 'Open' Host Controller (OHCI) Driver
Nov  1 20:44:15 ubuntu kernel: [    7.278518] ohci-pci: OHCI PCI platform driver
Nov  1 20:44:15 ubuntu kernel: [    7.278947] uhci_hcd: USB Universal Host Controller Interface driver
Nov  1 20:44:15 ubuntu kernel: [    7.280120] xhci_hcd 0000:02:00.0: xHCI Host Controller
Nov  1 20:44:15 ubuntu kernel: [    7.280700] xhci_hcd 0000:02:00.0: new USB bus registered, assigned bus number 1
Nov  1 20:44:15 ubuntu kernel: [    7.281723] xhci_hcd 0000:02:00.0: hcc params 0x00087001 hci version 0x100 quirks 0x0000000000000010
Nov  1 20:44:15 ubuntu kernel: [    7.283714] usb usb1: New USB device found, idVendor=1d6b, idProduct=0002, bcdDevice= 5.07
Nov  1 20:44:15 ubuntu kernel: [    7.284516] usb usb1: New USB device strings: Mfr=3, Product=2, SerialNumber=1
Nov  1 20:44:15 ubuntu kernel: [    7.285185] usb usb1: Product: xHCI Host Controller
Nov  1 20:44:15 ubuntu kernel: [    7.285631] usb usb1: Manufacturer: Linux 5.7.1 xhci-hcd
Nov  1 20:44:15 ubuntu kernel: [    7.286120] usb usb1: SerialNumber: 0000:02:00.0
Nov  1 20:44:15 ubuntu kernel: [    7.287419] hub 1-0:1.0: USB hub found
Nov  1 20:44:15 ubuntu kernel: [    7.287851] hub 1-0:1.0: 8 ports detected
Nov  1 20:44:15 ubuntu kernel: [    7.288619] xhci_hcd 0000:02:00.0: xHCI Host Controller
Nov  1 20:44:15 ubuntu kernel: [    7.289112] xhci_hcd 0000:02:00.0: new USB bus registered, assigned bus number 2
Nov  1 20:44:15 ubuntu kernel: [    7.289790] xhci_hcd 0000:02:00.0: Host supports USB 3.0 SuperSpeed
Nov  1 20:44:15 ubuntu kernel: [    7.290498] usb usb2: We don't know the algorithms for LPM for this host, disabling LPM.
Nov  1 20:44:15 ubuntu kernel: [    7.291330] usb usb2: New USB device found, idVendor=1d6b, idProduct=0003, bcdDevice= 5.07
Nov  1 20:44:15 ubuntu kernel: [    7.292169] usb usb2: New USB device strings: Mfr=3, Product=2, SerialNumber=1
Nov  1 20:44:15 ubuntu kernel: [    7.292932] usb usb2: Product: xHCI Host Controller
Nov  1 20:44:15 ubuntu kernel: [    7.293428] usb usb2: Manufacturer: Linux 5.7.1 xhci-hcd
Nov  1 20:44:15 ubuntu kernel: [    7.293964] usb usb2: SerialNumber: 0000:02:00.0
Nov  1 20:44:15 ubuntu kernel: [    7.294774] hub 2-0:1.0: USB hub found
Nov  1 20:44:15 ubuntu kernel: [    7.295208] hub 2-0:1.0: 8 ports detected
Nov  1 20:44:15 ubuntu kernel: [    7.296438] mousedev: PS/2 mouse device common for all mice
Nov  1 20:44:15 ubuntu kernel: [    7.297841] rtc-efi rtc-efi.0: registered as rtc0
Nov  1 20:44:15 ubuntu kernel: [    7.298709] rtc-efi rtc-efi.0: setting system clock to 2020-11-01T12:44:09 UTC (1604234649)
Nov  1 20:44:15 ubuntu kernel: [    7.299722] i2c /dev entries driver
Nov  1 20:44:15 ubuntu kernel: [    7.300507] device-mapper: uevent: version 1.0.3
Nov  1 20:44:15 ubuntu kernel: [    7.301167] device-mapper: ioctl: 4.42.0-ioctl (2020-02-27) initialised: dm-devel@redhat.com
Nov  1 20:44:15 ubuntu kernel: [    7.303572] ledtrig-cpu: registered to indicate activity on CPUs
Nov  1 20:44:15 ubuntu kernel: [    7.304349] EFI Variables Facility v0.08 2004-May-17
Nov  1 20:44:15 ubuntu kernel: [    7.307316] NET: Registered protocol family 10
Nov  1 20:44:15 ubuntu kernel: [    7.309298] [mitosis-origin] pgd_alloc for mm=ffff0004954df800 and mm->pgd =ffff0004deff6000.
Nov  1 20:44:15 ubuntu kernel: [    7.314505] [mitosis-origin] pgd_alloc for mm=ffff0004954db400 and mm->pgd =ffff0004de80e000.
Nov  1 20:44:15 ubuntu kernel: [    7.316815] [mitosis-origin] pgd_free for mm=ffff0004954df800 and pgd =ffff0004deff6000 and mm->pgd=ffff0004deff6000.
Nov  1 20:44:15 ubuntu kernel: [    7.321152] [mitosis-origin] pgd_alloc for mm=ffff0004954df800 and mm->pgd =ffff0004954ea000.
Nov  1 20:44:15 ubuntu kernel: [    7.321993] [mitosis-origin] pgd_free for mm=ffff0004954db400 and pgd =ffff0004de80e000 and mm->pgd=ffff0004de80e000.
Nov  1 20:44:15 ubuntu kernel: [    7.323967] [mitosis-origin] pgd_alloc for mm=ffff0004954db400 and mm->pgd =ffff0004de48c000.
Nov  1 20:44:15 ubuntu kernel: [    7.324845] [mitosis-origin] pgd_free for mm=ffff0004954df800 and pgd =ffff0004954ea000 and mm->pgd=ffff0004954ea000.
Nov  1 20:44:15 ubuntu kernel: [    7.326662] [mitosis-origin] pgd_alloc for mm=ffff0004954df800 and mm->pgd =ffff0004de490000.
Nov  1 20:44:15 ubuntu kernel: [    7.327506] [mitosis-origin] pgd_free for mm=ffff0004954db400 and pgd =ffff0004de48c000 and mm->pgd=ffff0004de48c000.
Nov  1 20:44:15 ubuntu kernel: [    7.329612] [mitosis-origin] pgd_alloc for mm=ffff0004954db400 and mm->pgd =ffff0004954ee000.
Nov  1 20:44:15 ubuntu kernel: [    7.330458] [mitosis-origin] pgd_free for mm=ffff0004954df800 and pgd =ffff0004de490000 and mm->pgd=ffff0004de490000.
Nov  1 20:44:15 ubuntu kernel: [    7.332312] Segment Routing with IPv6
Nov  1 20:44:15 ubuntu kernel: [    7.332931] NET: Registered protocol family 17
Nov  1 20:44:15 ubuntu kernel: [    7.333705] Key type dns_resolver registered
Nov  1 20:44:15 ubuntu kernel: [    7.334542] registered taskstats version 1
Nov  1 20:44:15 ubuntu kernel: [    7.335132] Loading compiled-in X.509 certificates
Nov  1 20:44:15 ubuntu kernel: [    7.336495] [mitosis-origin] pgd_alloc for mm=ffff000495893400 and mm->pgd =ffff0004df21c000.
Nov  1 20:44:15 ubuntu kernel: [    7.337621] [mitosis-origin] pgd_free for mm=ffff000495897800 and pgd =ffff0004df20b000 and mm->pgd=ffff0004df20b000.
Nov  1 20:44:15 ubuntu kernel: [    7.341186] Loaded X.509 cert 'Build time autogenerated kernel key: 5fc9bbbf10d23f3f9dda6c889ba5358a20950e89'
Nov  1 20:44:15 ubuntu kernel: [    7.342876] zswap: loaded using pool lzo/zbud
Nov  1 20:44:15 ubuntu kernel: [    7.344200] Key type ._fscrypt registered
Nov  1 20:44:15 ubuntu kernel: [    7.344830] Key type .fscrypt registered
Nov  1 20:44:15 ubuntu kernel: [    7.345392] Key type fscrypt-provisioning registered
Nov  1 20:44:15 ubuntu kernel: [    7.346455] [mitosis-origin] pgd_alloc for mm=ffff00049567a000 and mm->pgd =ffff0004de47a000.
Nov  1 20:44:15 ubuntu kernel: [    7.349634] [mitosis-origin] pgd_alloc for mm=ffff00049567b000 and mm->pgd =ffff0004de4a0000.
Nov  1 20:44:15 ubuntu kernel: [    7.350838] [mitosis-origin] pgd_free for mm=ffff00049567a000 and pgd =ffff0004de47a000 and mm->pgd=ffff0004de47a000.
Nov  1 20:44:15 ubuntu kernel: [    7.353704] [mitosis-origin] pgd_alloc for mm=ffff00049567a000 and mm->pgd =ffff0004de4a4000.
Nov  1 20:44:15 ubuntu kernel: [    7.354904] [mitosis-origin] pgd_free for mm=ffff00049567b000 and pgd =ffff0004de4a0000 and mm->pgd=ffff0004de4a0000.
Nov  1 20:44:15 ubuntu kernel: [    7.359455] [mitosis-origin] pgd_alloc for mm=ffff00049567b000 and mm->pgd =ffff000495506000.
Nov  1 20:44:15 ubuntu kernel: [    7.363312] [mitosis-origin] pgd_free for mm=ffff000495893400 and pgd =ffff0004df21c000 and mm->pgd=ffff0004df21c000.
Nov  1 20:44:15 ubuntu kernel: [    7.365014] cryptd: max_cpu_qlen set to 1000
Nov  1 20:44:15 ubuntu kernel: [    7.371722] [mitosis-origin] pgd_alloc for mm=ffff000495893400 and mm->pgd =ffff0004954f2000.
Nov  1 20:44:15 ubuntu kernel: [    7.376198] [mitosis-origin] pgd_alloc for mm=ffff000495744000 and mm->pgd =ffff0004df333000.
Nov  1 20:44:15 ubuntu kernel: [    7.381811] [mitosis-origin] pgd_alloc for mm=ffff000495740800 and mm->pgd =ffff000495428000.
Nov  1 20:44:15 ubuntu kernel: [    7.384013] [mitosis-origin] pgd_free for mm=ffff000495744000 and pgd =ffff0004df333000 and mm->pgd=ffff0004df333000.
Nov  1 20:44:15 ubuntu kernel: [    7.386503] [mitosis-origin] pgd_alloc for mm=ffff000495744000 and mm->pgd =ffff00049542c000.
Nov  1 20:44:15 ubuntu kernel: [    7.387284] [mitosis-origin] pgd_free for mm=ffff000495740800 and pgd =ffff000495428000 and mm->pgd=ffff000495428000.
Nov  1 20:44:15 ubuntu kernel: [    7.389345] [mitosis-origin] pgd_alloc for mm=ffff000495740800 and mm->pgd =ffff000495430000.
Nov  1 20:44:15 ubuntu kernel: [    7.390121] [mitosis-origin] pgd_free for mm=ffff000495744000 and pgd =ffff00049542c000 and mm->pgd=ffff00049542c000.
Nov  1 20:44:15 ubuntu kernel: [    7.392234] [mitosis-origin] pgd_alloc for mm=ffff000495744000 and mm->pgd =ffff000495769000.
Nov  1 20:44:15 ubuntu kernel: [    7.393209] [mitosis-origin] pgd_free for mm=ffff000495740800 and pgd =ffff000495430000 and mm->pgd=ffff000495430000.
Nov  1 20:44:15 ubuntu kernel: [    7.395179] [mitosis-origin] pgd_alloc for mm=ffff000495740800 and mm->pgd =ffff000495772000.
Nov  1 20:44:15 ubuntu kernel: [    7.395981] [mitosis-origin] pgd_free for mm=ffff000495744000 and pgd =ffff000495769000 and mm->pgd=ffff000495769000.
Nov  1 20:44:15 ubuntu kernel: [    7.398108] [mitosis-origin] pgd_alloc for mm=ffff000495744000 and mm->pgd =ffff000495776000.
Nov  1 20:44:15 ubuntu kernel: [    7.398887] [mitosis-origin] pgd_free for mm=ffff000495740800 and pgd =ffff000495772000 and mm->pgd=ffff000495772000.
Nov  1 20:44:15 ubuntu kernel: [    7.400928] [mitosis-origin] pgd_alloc for mm=ffff000495740800 and mm->pgd =ffff00049577a000.
Nov  1 20:44:15 ubuntu kernel: [    7.401793] [mitosis-origin] pgd_free for mm=ffff000495744000 and pgd =ffff000495776000 and mm->pgd=ffff000495776000.
Nov  1 20:44:15 ubuntu kernel: [    7.403688] [mitosis-origin] pgd_alloc for mm=ffff000495744000 and mm->pgd =ffff00049577e000.
Nov  1 20:44:15 ubuntu kernel: [    7.404537] [mitosis-origin] pgd_free for mm=ffff000495740800 and pgd =ffff00049577a000 and mm->pgd=ffff00049577a000.
Nov  1 20:44:15 ubuntu kernel: [    7.406418] [mitosis-origin] pgd_alloc for mm=ffff000495740800 and mm->pgd =ffff000495782000.
Nov  1 20:44:15 ubuntu kernel: [    7.407196] [mitosis-origin] pgd_free for mm=ffff000495744000 and pgd =ffff00049577e000 and mm->pgd=ffff00049577e000.
Nov  1 20:44:15 ubuntu kernel: [    7.409336] [mitosis-origin] pgd_alloc for mm=ffff000495744000 and mm->pgd =ffff000495786000.
Nov  1 20:44:15 ubuntu kernel: [    7.410207] [mitosis-origin] pgd_free for mm=ffff000495740800 and pgd =ffff000495782000 and mm->pgd=ffff000495782000.
Nov  1 20:44:15 ubuntu kernel: [    7.412184] [mitosis-origin] pgd_alloc for mm=ffff000495740800 and mm->pgd =ffff00049578a000.
Nov  1 20:44:15 ubuntu kernel: [    7.413083] [mitosis-origin] pgd_free for mm=ffff000495744000 and pgd =ffff000495786000 and mm->pgd=ffff000495786000.
Nov  1 20:44:15 ubuntu kernel: [    7.415008] [mitosis-origin] pgd_alloc for mm=ffff000495744000 and mm->pgd =ffff00049578e000.
Nov  1 20:44:15 ubuntu kernel: [    7.415826] [mitosis-origin] pgd_free for mm=ffff000495740800 and pgd =ffff00049578a000 and mm->pgd=ffff00049578a000.
Nov  1 20:44:15 ubuntu kernel: [    7.417966] [mitosis-origin] pgd_alloc for mm=ffff000495740800 and mm->pgd =ffff000495792000.
Nov  1 20:44:15 ubuntu kernel: [    7.418764] [mitosis-origin] pgd_free for mm=ffff000495744000 and pgd =ffff00049578e000 and mm->pgd=ffff00049578e000.
Nov  1 20:44:15 ubuntu kernel: [    7.420667] [mitosis-origin] pgd_alloc for mm=ffff000495744000 and mm->pgd =ffff000495796000.
Nov  1 20:44:15 ubuntu kernel: [    7.421451] [mitosis-origin] pgd_free for mm=ffff000495740800 and pgd =ffff000495792000 and mm->pgd=ffff000495792000.
Nov  1 20:44:15 ubuntu kernel: [    7.429102] [mitosis-origin] pgd_alloc for mm=ffff00049506f800 and mm->pgd =ffff0004df229000.
Nov  1 20:44:15 ubuntu kernel: [    7.433095] [mitosis-origin] pgd_alloc for mm=ffff000495740800 and mm->pgd =ffff000495062000.
Nov  1 20:44:15 ubuntu kernel: [    7.434512] [mitosis-origin] pgd_free for mm=ffff000495744000 and pgd =ffff000495796000 and mm->pgd=ffff000495796000.
Nov  1 20:44:15 ubuntu kernel: [    7.438311] [mitosis-origin] pgd_alloc for mm=ffff000495744000 and mm->pgd =ffff000495066000.
Nov  1 20:44:15 ubuntu kernel: [    7.440069] [mitosis-origin] pgd_free for mm=ffff000495740800 and pgd =ffff000495062000 and mm->pgd=ffff000495062000.
Nov  1 20:44:15 ubuntu kernel: [    7.444065] [mitosis-origin] pgd_alloc for mm=ffff000495740800 and mm->pgd =ffff000495072000.
Nov  1 20:44:15 ubuntu kernel: [    7.445097] [mitosis-origin] pgd_free for mm=ffff000495744000 and pgd =ffff000495066000 and mm->pgd=ffff000495066000.
Nov  1 20:44:15 ubuntu kernel: [    7.447088] [mitosis-origin] pgd_alloc for mm=ffff000495744000 and mm->pgd =ffff000495076000.
Nov  1 20:44:15 ubuntu kernel: [    7.447879] [mitosis-origin] pgd_free for mm=ffff000495740800 and pgd =ffff000495072000 and mm->pgd=ffff000495072000.
Nov  1 20:44:15 ubuntu kernel: [    7.449942] [mitosis-origin] pgd_alloc for mm=ffff000495740800 and mm->pgd =ffff00049507a000.
Nov  1 20:44:15 ubuntu kernel: [    7.450765] [mitosis-origin] pgd_free for mm=ffff000495744000 and pgd =ffff000495076000 and mm->pgd=ffff000495076000.
Nov  1 20:44:15 ubuntu kernel: [    7.452871] [mitosis-origin] pgd_alloc for mm=ffff000495744000 and mm->pgd =ffff00049507e000.
Nov  1 20:44:15 ubuntu kernel: [    7.453715] [mitosis-origin] pgd_free for mm=ffff000495740800 and pgd =ffff00049507a000 and mm->pgd=ffff00049507a000.
Nov  1 20:44:15 ubuntu kernel: [    7.455624] [mitosis-origin] pgd_alloc for mm=ffff000495740800 and mm->pgd =ffff000495082000.
Nov  1 20:44:15 ubuntu kernel: [    7.456419] [mitosis-origin] pgd_free for mm=ffff000495744000 and pgd =ffff00049507e000 and mm->pgd=ffff00049507e000.
Nov  1 20:44:15 ubuntu kernel: [    7.458401] [mitosis-origin] pgd_alloc for mm=ffff000495744000 and mm->pgd =ffff000495086000.
Nov  1 20:44:15 ubuntu kernel: [    7.459178] [mitosis-origin] pgd_free for mm=ffff000495740800 and pgd =ffff000495082000 and mm->pgd=ffff000495082000.
Nov  1 20:44:15 ubuntu kernel: [    7.461216] [mitosis-origin] pgd_alloc for mm=ffff000495740800 and mm->pgd =ffff00049508a000.
Nov  1 20:44:15 ubuntu kernel: [    7.462078] [mitosis-origin] pgd_free for mm=ffff000495744000 and pgd =ffff000495086000 and mm->pgd=ffff000495086000.
Nov  1 20:44:15 ubuntu kernel: [    7.464057] [mitosis-origin] pgd_alloc for mm=ffff000495744000 and mm->pgd =ffff00049508e000.
Nov  1 20:44:15 ubuntu kernel: [    7.464969] [mitosis-origin] pgd_free for mm=ffff000495740800 and pgd =ffff00049508a000 and mm->pgd=ffff00049508a000.
Nov  1 20:44:15 ubuntu kernel: [    7.466912] [mitosis-origin] pgd_alloc for mm=ffff000495740800 and mm->pgd =ffff000495093000.
Nov  1 20:44:15 ubuntu kernel: [    7.467690] [mitosis-origin] pgd_free for mm=ffff000495744000 and pgd =ffff00049508e000 and mm->pgd=ffff00049508e000.
Nov  1 20:44:15 ubuntu kernel: [    7.469822] [mitosis-origin] pgd_alloc for mm=ffff000495744000 and mm->pgd =ffff000495097000.
Nov  1 20:44:15 ubuntu kernel: [    7.470702] [mitosis-origin] pgd_free for mm=ffff000495740800 and pgd =ffff000495093000 and mm->pgd=ffff000495093000.
Nov  1 20:44:15 ubuntu kernel: [    7.472715] [mitosis-origin] pgd_alloc for mm=ffff000495740800 and mm->pgd =ffff00049509b000.
Nov  1 20:44:15 ubuntu kernel: [    7.473511] [mitosis-origin] pgd_free for mm=ffff000495744000 and pgd =ffff000495097000 and mm->pgd=ffff000495097000.
Nov  1 20:44:15 ubuntu kernel: [    7.475450] [mitosis-origin] pgd_alloc for mm=ffff000495744000 and mm->pgd =ffff00049509f000.
Nov  1 20:44:15 ubuntu kernel: [    7.476276] [mitosis-origin] pgd_free for mm=ffff000495740800 and pgd =ffff00049509b000 and mm->pgd=ffff00049509b000.
Nov  1 20:44:15 ubuntu kernel: [    7.478415] [mitosis-origin] pgd_alloc for mm=ffff000495740800 and mm->pgd =ffff0004950a3000.
Nov  1 20:44:15 ubuntu kernel: [    7.479287] [mitosis-origin] pgd_free for mm=ffff000495744000 and pgd =ffff00049509f000 and mm->pgd=ffff00049509f000.
Nov  1 20:44:15 ubuntu kernel: [    7.487526] [mitosis-origin] pgd_alloc for mm=ffff000495164800 and mm->pgd =ffff0004df299000.
Nov  1 20:44:15 ubuntu kernel: [    7.492118] [mitosis-origin] pgd_free for mm=ffff000495740800 and pgd =ffff0004950a3000 and mm->pgd=ffff0004950a3000.
Nov  1 20:44:15 ubuntu kernel: [    7.494894] [mitosis-origin] pgd_alloc for mm=ffff000495740800 and mm->pgd =ffff0004957e1000.
Nov  1 20:44:15 ubuntu kernel: [    7.498824] [mitosis-origin] pgd_alloc for mm=ffff00049501f800 and mm->pgd =ffff0004df382000.
Nov  1 20:44:15 ubuntu kernel: [    7.503325] [mitosis-origin] pgd_alloc for mm=ffff000495180000 and mm->pgd =ffff0004dec47000.
Nov  1 20:44:15 ubuntu kernel: [    7.507363] [mitosis-origin] pgd_free for mm=ffff00049506f800 and pgd =ffff0004df229000 and mm->pgd=ffff0004df229000.
Nov  1 20:44:15 ubuntu kernel: [    7.509429] [mitosis-origin] pgd_alloc for mm=ffff000495185800 and mm->pgd =ffff0004dec69000.
Nov  1 20:44:15 ubuntu kernel: [    7.511215] [mitosis-origin] pgd_free for mm=ffff000495180000 and pgd =ffff0004dec47000 and mm->pgd=ffff0004dec47000.
Nov  1 20:44:15 ubuntu kernel: [    7.514062] [mitosis-origin] pgd_alloc for mm=ffff000495180000 and mm->pgd =ffff00049512a000.
Nov  1 20:44:15 ubuntu kernel: [    7.515152] [mitosis-origin] pgd_free for mm=ffff000495185800 and pgd =ffff0004dec69000 and mm->pgd=ffff0004dec69000.
Nov  1 20:44:15 ubuntu kernel: [    7.517912] [mitosis-origin] pgd_alloc for mm=ffff000495185800 and mm->pgd =ffff00049512f000.
Nov  1 20:44:15 ubuntu kernel: [    7.518997] [mitosis-origin] pgd_free for mm=ffff000495180000 and pgd =ffff00049512a000 and mm->pgd=ffff00049512a000.
Nov  1 20:44:15 ubuntu kernel: [    7.521297] [mitosis-origin] pgd_alloc for mm=ffff000495180000 and mm->pgd =ffff000495133000.
Nov  1 20:44:15 ubuntu kernel: [    7.522151] [mitosis-origin] pgd_free for mm=ffff000495185800 and pgd =ffff00049512f000 and mm->pgd=ffff00049512f000.
Nov  1 20:44:15 ubuntu kernel: [    7.524251] [mitosis-origin] pgd_alloc for mm=ffff000495185800 and mm->pgd =ffff000495137000.
Nov  1 20:44:15 ubuntu kernel: [    7.525208] [mitosis-origin] pgd_free for mm=ffff000495180000 and pgd =ffff000495133000 and mm->pgd=ffff000495133000.
Nov  1 20:44:15 ubuntu kernel: [    7.527718] [mitosis-origin] pgd_alloc for mm=ffff000495180000 and mm->pgd =ffff000495193000.
Nov  1 20:44:15 ubuntu kernel: [    7.528767] [mitosis-origin] pgd_free for mm=ffff000495185800 and pgd =ffff000495137000 and mm->pgd=ffff000495137000.
Nov  1 20:44:15 ubuntu kernel: [    7.531311] [mitosis-origin] pgd_alloc for mm=ffff0004951e9c00 and mm->pgd =ffff0004decd5000.
Nov  1 20:44:15 ubuntu kernel: [    7.534030] Key type big_key registered
Nov  1 20:44:15 ubuntu kernel: [    7.534943] [mitosis-origin] pgd_alloc for mm=ffff0004951ea400 and mm->pgd =ffff0004decee000.
Nov  1 20:44:15 ubuntu kernel: [    7.536790] [mitosis-origin] pgd_free for mm=ffff0004951e9c00 and pgd =ffff0004decd5000 and mm->pgd=ffff0004decd5000.
Nov  1 20:44:15 ubuntu kernel: [    7.551360] [mitosis-origin] pgd_alloc for mm=ffff0004951e9c00 and mm->pgd =ffff0004ded01000.
Nov  1 20:44:15 ubuntu kernel: [    7.552232] [mitosis-origin] pgd_free for mm=ffff0004951ea400 and pgd =ffff0004decee000 and mm->pgd=ffff0004decee000.
Nov  1 20:44:15 ubuntu kernel: [    7.554634] [mitosis-origin] pgd_alloc for mm=ffff0004951ea400 and mm->pgd =ffff000495143000.
Nov  1 20:44:15 ubuntu kernel: [    7.555463] [mitosis-origin] pgd_free for mm=ffff0004951e9c00 and pgd =ffff0004ded01000 and mm->pgd=ffff0004ded01000.
Nov  1 20:44:15 ubuntu kernel: [    7.557265] Key type encrypted registered
Nov  1 20:44:15 ubuntu kernel: [    7.557655] AppArmor: AppArmor sha1 policy hashing enabled
Nov  1 20:44:15 ubuntu kernel: [    7.558516] ima: No TPM chip found, activating TPM-bypass!
Nov  1 20:44:15 ubuntu kernel: [    7.559047] ima: Allocated hash algorithm: sha1
Nov  1 20:44:15 ubuntu kernel: [    7.559506] ima: No architecture policies found
Nov  1 20:44:15 ubuntu kernel: [    7.560080] evm: Initialising EVM extended attributes:
Nov  1 20:44:15 ubuntu kernel: [    7.560812] evm: security.selinux
Nov  1 20:44:15 ubuntu kernel: [    7.561261] evm: security.SMACK64
Nov  1 20:44:15 ubuntu kernel: [    7.561707] evm: security.SMACK64EXEC
Nov  1 20:44:15 ubuntu kernel: [    7.562198] evm: security.SMACK64TRANSMUTE
Nov  1 20:44:15 ubuntu kernel: [    7.562749] evm: security.SMACK64MMAP
Nov  1 20:44:15 ubuntu kernel: [    7.563242] evm: security.apparmor
Nov  1 20:44:15 ubuntu kernel: [    7.563702] evm: security.ima
Nov  1 20:44:15 ubuntu kernel: [    7.564108] evm: security.capability
Nov  1 20:44:15 ubuntu kernel: [    7.564616] evm: HMAC attrs: 0x1
Nov  1 20:44:15 ubuntu kernel: [    7.569442] Freeing unused kernel memory: 7040K
Nov  1 20:44:15 ubuntu kernel: [    7.646774] Checked W+X mappings: passed, no W+X pages found
Nov  1 20:44:15 ubuntu kernel: [    7.647468] Run /init as init process
Nov  1 20:44:15 ubuntu kernel: [    7.647826]   with arguments:
Nov  1 20:44:15 ubuntu kernel: [    7.647827]     /init
Nov  1 20:44:15 ubuntu kernel: [    7.647828]   with environment:
Nov  1 20:44:15 ubuntu kernel: [    7.647829]     HOME=/
Nov  1 20:44:15 ubuntu kernel: [    7.647829]     TERM=linux
Nov  1 20:44:15 ubuntu kernel: [    7.647831]     BOOT_IMAGE=/boot/vmlinuz-5.7.1
Nov  1 20:44:15 ubuntu kernel: [    7.647877] [mitosis-origin] pgd_alloc for mm=ffff000495296c00 and mm->pgd =ffff000495213000.
Nov  1 20:44:15 ubuntu kernel: [    7.649753] [mitosis-origin] pgd_alloc for mm=ffff000495290c00 and mm->pgd =ffff000495226000.
Nov  1 20:44:15 ubuntu kernel: [    7.651132] [mitosis-origin] pgd_alloc for mm=ffff000495293800 and mm->pgd =ffff00049523a000.
Nov  1 20:44:15 ubuntu kernel: [    7.651996] [mitosis-origin] pgd_free for mm=ffff000495290c00 and pgd =ffff000495226000 and mm->pgd=ffff000495226000.
Nov  1 20:44:15 ubuntu kernel: [    7.653333] [mitosis-origin] pgd_alloc for mm=ffff000495296400 and mm->pgd =ffff000495248000.
Nov  1 20:44:15 ubuntu kernel: [    7.654188] [mitosis-origin] pgd_free for mm=ffff000495293800 and pgd =ffff00049523a000 and mm->pgd=ffff00049523a000.
Nov  1 20:44:15 ubuntu kernel: [    7.655540] [mitosis-origin] pgd_alloc for mm=ffff000495297c00 and mm->pgd =ffff000495256000.
Nov  1 20:44:15 ubuntu kernel: [    7.656713] [mitosis-origin] pgd_free for mm=ffff000495296400 and pgd =ffff000495248000 and mm->pgd=ffff000495248000.
Nov  1 20:44:15 ubuntu kernel: [    7.658312] [mitosis-origin] pgd_alloc for mm=ffff000495297000 and mm->pgd =ffff000495264000.
Nov  1 20:44:15 ubuntu kernel: [    7.659415] [mitosis-origin] pgd_free for mm=ffff000495297c00 and pgd =ffff000495256000 and mm->pgd=ffff000495256000.
Nov  1 20:44:15 ubuntu kernel: [    7.660915] [mitosis-origin] pgd_alloc for mm=ffff0004952c4000 and mm->pgd =ffff000495255000.
Nov  1 20:44:15 ubuntu kernel: [    7.662066] [mitosis-origin] pgd_free for mm=ffff000495297000 and pgd =ffff000495264000 and mm->pgd=ffff000495264000.
Nov  1 20:44:15 ubuntu kernel: [    7.664098] [mitosis-origin] pgd_alloc for mm=ffff000495297800 and mm->pgd =ffff000495272000.
Nov  1 20:44:15 ubuntu kernel: [    7.665091] [mitosis-origin] pgd_free for mm=ffff0004952c4000 and pgd =ffff000495255000 and mm->pgd=ffff000495255000.
Nov  1 20:44:15 ubuntu kernel: [    7.666314] [mitosis-origin] pgd_alloc for mm=ffff0004952c4000 and mm->pgd =ffff000495255000.
Nov  1 20:44:15 ubuntu kernel: [    7.667265] [mitosis-origin] pgd_free for mm=ffff000495297800 and pgd =ffff000495272000 and mm->pgd=ffff000495272000.
Nov  1 20:44:15 ubuntu kernel: [    7.669027] [mitosis-origin] pgd_alloc for mm=ffff000495293400 and mm->pgd =ffff00049527e000.
Nov  1 20:44:15 ubuntu kernel: [    7.669977] [mitosis-origin] pgd_free for mm=ffff0004952c4000 and pgd =ffff000495255000 and mm->pgd=ffff000495255000.
Nov  1 20:44:15 ubuntu kernel: [    7.671243] [mitosis-origin] pgd_alloc for mm=ffff0004952c4000 and mm->pgd =ffff000495255000.
Nov  1 20:44:15 ubuntu kernel: [    7.672354] [mitosis-origin] pgd_free for mm=ffff000495293400 and pgd =ffff00049527e000 and mm->pgd=ffff00049527e000.
Nov  1 20:44:15 ubuntu kernel: [    7.674265] [mitosis-origin] pgd_free for mm=ffff000495180000 and pgd =ffff000495193000 and mm->pgd=ffff000495193000.
Nov  1 20:44:15 ubuntu kernel: [    7.676184] [mitosis-origin] pgd_alloc for mm=ffff000495180000 and mm->pgd =ffff000495193000.
Nov  1 20:44:15 ubuntu kernel: [    7.677530] [mitosis-origin] pgd_alloc for mm=ffff000495312c00 and mm->pgd =ffff0004de43e000.
Nov  1 20:44:15 ubuntu kernel: [    7.678713] [mitosis-origin] pgd_free for mm=ffff000495180000 and pgd =ffff000495193000 and mm->pgd=ffff000495193000.
Nov  1 20:44:15 ubuntu kernel: [    7.680797] [mitosis-origin] pgd_alloc for mm=ffff000495185800 and mm->pgd =ffff000495136000.
Nov  1 20:44:15 ubuntu kernel: [    7.681805] [mitosis-origin] pgd_free for mm=ffff000495312c00 and pgd =ffff0004de43e000 and mm->pgd=ffff0004de43e000.
Nov  1 20:44:15 ubuntu kernel: [    7.683521] [mitosis-origin] pgd_alloc for mm=ffff000495184400 and mm->pgd =ffff0004dec63000.
Nov  1 20:44:15 ubuntu kernel: [    7.685158] [mitosis-origin] pgd_free for mm=ffff000495185800 and pgd =ffff000495136000 and mm->pgd=ffff000495136000.
Nov  1 20:44:15 ubuntu kernel: [    7.686551] [mitosis-origin] pgd_alloc for mm=ffff000495312c00 and mm->pgd =ffff000495136000.
Nov  1 20:44:15 ubuntu kernel: [    7.687677] [mitosis-origin] pgd_free for mm=ffff000495184400 and pgd =ffff0004dec63000 and mm->pgd=ffff0004dec63000.
Nov  1 20:44:15 ubuntu kernel: [    7.690309] [mitosis-origin] pgd_alloc for mm=ffff000495184800 and mm->pgd =ffff000495189000.
Nov  1 20:44:15 ubuntu kernel: [    7.692621] [mitosis-origin] pgd_free for mm=ffff000495312c00 and pgd =ffff000495136000 and mm->pgd=ffff000495136000.
Nov  1 20:44:15 ubuntu kernel: [    7.694212] [mitosis-origin] pgd_alloc for mm=ffff000495312c00 and mm->pgd =ffff000495136000.
Nov  1 20:44:15 ubuntu kernel: [    7.695480] [mitosis-origin] pgd_free for mm=ffff000495184800 and pgd =ffff000495189000 and mm->pgd=ffff000495189000.
Nov  1 20:44:15 ubuntu kernel: [    7.697811] [mitosis-origin] pgd_alloc for mm=ffff000495185400 and mm->pgd =ffff0004dec81000.
Nov  1 20:44:15 ubuntu kernel: [    7.699833] [mitosis-origin] pgd_free for mm=ffff000495312c00 and pgd =ffff000495136000 and mm->pgd=ffff000495136000.
Nov  1 20:44:15 ubuntu kernel: [    7.704033] [mitosis-origin] pgd_alloc for mm=ffff000495186800 and mm->pgd =ffff0004950ed000.
Nov  1 20:44:15 ubuntu kernel: [    7.705860] [mitosis-origin] pgd_free for mm=ffff000495185400 and pgd =ffff0004dec81000 and mm->pgd=ffff0004dec81000.
Nov  1 20:44:15 ubuntu kernel: [    7.708204] [mitosis-origin] pgd_alloc for mm=ffff000495312c00 and mm->pgd =ffff0004dec81000.
Nov  1 20:44:15 ubuntu kernel: [    7.710180] [mitosis-origin] pgd_free for mm=ffff000495186800 and pgd =ffff0004950ed000 and mm->pgd=ffff0004950ed000.
Nov  1 20:44:15 ubuntu kernel: [    7.713791] [mitosis-origin] pgd_alloc for mm=ffff000495347800 and mm->pgd =ffff000495699000.
Nov  1 20:44:15 ubuntu kernel: [    7.716154] [mitosis-origin] pgd_free for mm=ffff0004951ea400 and pgd =ffff000495143000 and mm->pgd=ffff000495143000.
Nov  1 20:44:15 ubuntu kernel: [    7.717545] [mitosis-origin] pgd_alloc for mm=ffff0004951ea400 and mm->pgd =ffff000495143000.
Nov  1 20:44:15 ubuntu kernel: [    7.718565] [mitosis-origin] pgd_free for mm=ffff000495347800 and pgd =ffff000495699000 and mm->pgd=ffff000495699000.
Nov  1 20:44:15 ubuntu kernel: [    7.720303] [mitosis-origin] pgd_alloc for mm=ffff0004951e9c00 and mm->pgd =ffff0004ded05000.
Nov  1 20:44:15 ubuntu kernel: [    7.721869] [mitosis-origin] pgd_alloc for mm=ffff000495343400 and mm->pgd =ffff0004956a4000.
Nov  1 20:44:15 ubuntu kernel: [    7.723864] [mitosis-origin] pgd_free for mm=ffff0004951e9c00 and pgd =ffff0004ded05000 and mm->pgd=ffff0004ded05000.
Nov  1 20:44:15 ubuntu kernel: [    7.727499] [mitosis-origin] pgd_free for mm=ffff000495343400 and pgd =ffff0004956a4000 and mm->pgd=ffff0004956a4000.
Nov  1 20:44:15 ubuntu kernel: [    7.730072] [mitosis-origin] pgd_alloc for mm=ffff000495343400 and mm->pgd =ffff0004956a4000.
Nov  1 20:44:15 ubuntu kernel: [    7.731462] [mitosis-origin] pgd_alloc for mm=ffff000495383000 and mm->pgd =ffff0004ded5b000.
Nov  1 20:44:15 ubuntu kernel: [    7.732679] [mitosis-origin] pgd_free for mm=ffff000495343400 and pgd =ffff0004956a4000 and mm->pgd=ffff0004956a4000.
Nov  1 20:44:15 ubuntu kernel: [    7.734595] [mitosis-origin] pgd_alloc for mm=ffff000495383c00 and mm->pgd =ffff0004ded6c000.
Nov  1 20:44:15 ubuntu kernel: [    7.735831] [mitosis-origin] pgd_alloc for mm=ffff000495345c00 and mm->pgd =ffff0004953b1000.
Nov  1 20:44:15 ubuntu kernel: [    7.736754] [mitosis-origin] pgd_free for mm=ffff000495383c00 and pgd =ffff0004ded6c000 and mm->pgd=ffff0004ded6c000.
Nov  1 20:44:15 ubuntu kernel: [    7.738428] [mitosis-origin] pgd_free for mm=ffff000495345c00 and pgd =ffff0004953b1000 and mm->pgd=ffff0004953b1000.
Nov  1 20:44:15 ubuntu kernel: [    7.740103] [mitosis-origin] pgd_alloc for mm=ffff000495345c00 and mm->pgd =ffff0004953b1000.
Nov  1 20:44:15 ubuntu kernel: [    7.741985] [mitosis-origin] pgd_alloc for mm=ffff000495380000 and mm->pgd =ffff0004ded78000.
Nov  1 20:44:15 ubuntu kernel: [    7.743109] [mitosis-origin] pgd_free for mm=ffff000495345c00 and pgd =ffff0004953b1000 and mm->pgd=ffff0004953b1000.
Nov  1 20:44:15 ubuntu kernel: [    7.744992] [mitosis-origin] pgd_alloc for mm=ffff000495385800 and mm->pgd =ffff0004ded8b000.
Nov  1 20:44:15 ubuntu kernel: [    7.746243] [mitosis-origin] pgd_alloc for mm=ffff000495344000 and mm->pgd =ffff0004953ca000.
Nov  1 20:44:15 ubuntu kernel: [    7.748062] [mitosis-origin] pgd_free for mm=ffff000495385800 and pgd =ffff0004ded8b000 and mm->pgd=ffff0004ded8b000.
Nov  1 20:44:15 ubuntu kernel: [    7.751346] [mitosis-origin] pgd_free for mm=ffff000495344000 and pgd =ffff0004953ca000 and mm->pgd=ffff0004953ca000.
Nov  1 20:44:15 ubuntu kernel: [    7.753496] [mitosis-origin] pgd_alloc for mm=ffff000495344000 and mm->pgd =ffff0004953ca000.
Nov  1 20:44:15 ubuntu kernel: [    7.755252] [mitosis-origin] pgd_alloc for mm=ffff000494c08000 and mm->pgd =ffff0004dee0d000.
Nov  1 20:44:15 ubuntu kernel: [    7.756374] [mitosis-origin] pgd_free for mm=ffff000495344000 and pgd =ffff0004953ca000 and mm->pgd=ffff0004953ca000.
Nov  1 20:44:15 ubuntu kernel: [    7.758416] [mitosis-origin] pgd_alloc for mm=ffff000494c0d800 and mm->pgd =ffff0004dee26000.
Nov  1 20:44:15 ubuntu kernel: [    7.759698] [mitosis-origin] pgd_alloc for mm=ffff000495340800 and mm->pgd =ffff0004956a9000.
Nov  1 20:44:15 ubuntu kernel: [    7.761130] [mitosis-origin] pgd_free for mm=ffff000494c0d800 and pgd =ffff0004dee26000 and mm->pgd=ffff0004dee26000.
Nov  1 20:44:15 ubuntu kernel: [    7.766587] [mitosis-origin] pgd_alloc for mm=ffff000495342800 and mm->pgd =ffff0004ded74000.
Nov  1 20:44:15 ubuntu kernel: [    7.768513] [mitosis-origin] pgd_alloc for mm=ffff000494c8e400 and mm->pgd =ffff0004dee62000.
Nov  1 20:44:15 ubuntu kernel: [    7.770431] [mitosis-origin] pgd_free for mm=ffff000495340800 and pgd =ffff0004956a9000 and mm->pgd=ffff0004956a9000.
Nov  1 20:44:15 ubuntu kernel: [    7.771582] [mitosis-origin] pgd_alloc for mm=ffff000495340800 and mm->pgd =ffff0004dece7000.
Nov  1 20:44:15 ubuntu kernel: [    7.772510] [mitosis-origin] pgd_free for mm=ffff000494c8e400 and pgd =ffff0004dee62000 and mm->pgd=ffff0004dee62000.
Nov  1 20:44:15 ubuntu kernel: [    7.809742] [mitosis-origin] pgd_alloc for mm=ffff000494c0c400 and mm->pgd =ffff0004956ac000.
Nov  1 20:44:15 ubuntu kernel: [    7.813320] [mitosis-origin] pgd_alloc for mm=ffff000494c0c800 and mm->pgd =ffff0004dee3f000.
Nov  1 20:44:15 ubuntu kernel: [    7.816355] [mitosis-origin] pgd_alloc for mm=ffff000494c0d400 and mm->pgd =ffff000494dbe000.
Nov  1 20:44:15 ubuntu kernel: [    7.816518] [mitosis-origin] pgd_alloc for mm=ffff000494e26000 and mm->pgd =ffff0004deee0000.
Nov  1 20:44:15 ubuntu kernel: [    7.817541] [mitosis-origin] pgd_free for mm=ffff000495340800 and pgd =ffff0004dece7000 and mm->pgd=ffff0004dece7000.
Nov  1 20:44:15 ubuntu kernel: [    7.817636] [mitosis-origin] pgd_alloc for mm=ffff000494c0e800 and mm->pgd =ffff000494dd0000.
Nov  1 20:44:15 ubuntu kernel: [    7.817738] [mitosis-origin] pgd_free for mm=ffff000495383000 and pgd =ffff0004ded5b000 and mm->pgd=ffff0004ded5b000.
Nov  1 20:44:15 ubuntu kernel: [    7.817803] [mitosis-origin] pgd_alloc for mm=ffff000494c0d000 and mm->pgd =ffff000494de1000.
Nov  1 20:44:15 ubuntu kernel: [    7.817982] [mitosis-origin] pgd_alloc for mm=ffff000494c09c00 and mm->pgd =ffff000494e40000.
Nov  1 20:44:15 ubuntu kernel: [    7.818101] [mitosis-origin] pgd_free for mm=ffff000495312c00 and pgd =ffff0004dec81000 and mm->pgd=ffff0004dec81000.
Nov  1 20:44:15 ubuntu kernel: [    7.818174] [mitosis-origin] pgd_alloc for mm=ffff000494c0a400 and mm->pgd =ffff000494e52000.
Nov  1 20:44:15 ubuntu kernel: [    7.818390] [mitosis-origin] pgd_alloc for mm=ffff000494c09800 and mm->pgd =ffff000494e64000.
Nov  1 20:44:15 ubuntu kernel: [    7.818849] [mitosis-origin] pgd_free for mm=ffff0004954db400 and pgd =ffff0004954ee000 and mm->pgd=ffff0004954ee000.
Nov  1 20:44:15 ubuntu kernel: [    7.819697] [mitosis-origin] pgd_alloc for mm=ffff00049506f800 and mm->pgd =ffff0004debec000.
Nov  1 20:44:15 ubuntu kernel: [    7.822532] [mitosis-origin] pgd_alloc for mm=ffff000494c09400 and mm->pgd =ffff000494e76000.
Nov  1 20:44:15 ubuntu kernel: [    7.823138] [mitosis-origin] pgd_free for mm=ffff000494e26000 and pgd =ffff0004deee0000 and mm->pgd=ffff0004deee0000.
Nov  1 20:44:15 ubuntu kernel: [    7.842081] [mitosis-origin] pgd_free for mm=ffff00049567b000 and pgd =ffff000495506000 and mm->pgd=ffff000495506000.
Nov  1 20:44:15 ubuntu kernel: [    7.873254] [mitosis-origin] pgd_alloc for mm=ffff000494c09000 and mm->pgd =ffff000494ef6000.
Nov  1 20:44:15 ubuntu kernel: [    7.874160] [mitosis-origin] pgd_free for mm=ffff000494c09400 and pgd =ffff000494e76000 and mm->pgd=ffff000494e76000.
Nov  1 20:44:15 ubuntu kernel: [    7.874435] [mitosis-origin] pgd_alloc for mm=ffff000494c0ec00 and mm->pgd =ffff000494f07000.
Nov  1 20:44:15 ubuntu kernel: [    7.877787] [mitosis-origin] pgd_free for mm=ffff000494c09c00 and pgd =ffff000494e40000 and mm->pgd=ffff000494e40000.
Nov  1 20:44:15 ubuntu kernel: [    7.878194] [mitosis-origin] pgd_free for mm=ffff000494c0d000 and pgd =ffff000494de1000 and mm->pgd=ffff000494de1000.
Nov  1 20:44:15 ubuntu kernel: [    7.878343] [mitosis-origin] pgd_alloc for mm=ffff000494c08c00 and mm->pgd =ffff000494f19000.
Nov  1 20:44:15 ubuntu kernel: [    7.878464] [mitosis-origin] pgd_free for mm=ffff00049506f800 and pgd =ffff0004debec000 and mm->pgd=ffff0004debec000.
Nov  1 20:44:15 ubuntu kernel: [    7.880003] [mitosis-origin] pgd_alloc for mm=ffff000494c0b800 and mm->pgd =ffff0004ded94000.
Nov  1 20:44:15 ubuntu kernel: [    7.881629] [mitosis-origin] pgd_alloc for mm=ffff000494e24c00 and mm->pgd =ffff000494de1000.
Nov  1 20:44:15 ubuntu kernel: [    7.882499] [mitosis-origin] pgd_alloc for mm=ffff000494c0e400 and mm->pgd =ffff0004944c2000.
Nov  1 20:44:15 ubuntu kernel: [    7.883446] [mitosis-origin] pgd_alloc for mm=ffff00049506f800 and mm->pgd =ffff0004df42b000.
Nov  1 20:44:15 ubuntu kernel: [    7.884208] [mitosis-origin] pgd_alloc for mm=ffff000494c0fc00 and mm->pgd =ffff0004944d5000.
Nov  1 20:44:15 ubuntu kernel: [    7.884945] [mitosis-origin] pgd_free for mm=ffff000494e24c00 and pgd =ffff000494de1000 and mm->pgd=ffff000494de1000.
Nov  1 20:44:15 ubuntu kernel: [    7.885832] [mitosis-origin] pgd_alloc for mm=ffff000494c0f000 and mm->pgd =ffff0004944e7000.
Nov  1 20:44:15 ubuntu kernel: [    7.889066] [mitosis-origin] pgd_alloc for mm=ffff000494c0f800 and mm->pgd =ffff0004dfb0f000.
Nov  1 20:44:15 ubuntu kernel: [    7.890031] [mitosis-origin] pgd_alloc for mm=ffff000494c0b400 and mm->pgd =ffff000494f61000.
Nov  1 20:44:15 ubuntu kernel: [    7.891034] [mitosis-origin] pgd_alloc for mm=ffff000494c0dc00 and mm->pgd =ffff000494cae000.
Nov  1 20:44:15 ubuntu kernel: [    7.891995] [mitosis-origin] pgd_alloc for mm=ffff000494c0c000 and mm->pgd =ffff0004953eb000.
Nov  1 20:44:15 ubuntu kernel: [    7.892975] [mitosis-origin] pgd_alloc for mm=ffff000494c08800 and mm->pgd =ffff000494f5f000.
Nov  1 20:44:15 ubuntu kernel: [    7.893891] [mitosis-origin] pgd_alloc for mm=ffff000494c0a800 and mm->pgd =ffff000494cbe000.
Nov  1 20:44:15 ubuntu kernel: [    7.894823] [mitosis-origin] pgd_alloc for mm=ffff000494c0f400 and mm->pgd =ffff0004dfb17000.
Nov  1 20:44:15 ubuntu kernel: [    7.895752] [mitosis-origin] pgd_alloc for mm=ffff000494c08400 and mm->pgd =ffff000494cd4000.
Nov  1 20:44:15 ubuntu kernel: [    7.896792] [mitosis-origin] pgd_alloc for mm=ffff000494c0e000 and mm->pgd =ffff00049450e000.
Nov  1 20:44:15 ubuntu kernel: [    7.897703] [mitosis-origin] pgd_alloc for mm=ffff000494c0cc00 and mm->pgd =ffff0004dfb20000.
Nov  1 20:44:15 ubuntu kernel: [    7.898640] [mitosis-origin] pgd_alloc for mm=ffff000494c0ac00 and mm->pgd =ffff000494406000.
Nov  1 20:44:15 ubuntu kernel: [    7.899609] [mitosis-origin] pgd_alloc for mm=ffff000494c0a000 and mm->pgd =ffff000494419000.
Nov  1 20:44:15 ubuntu kernel: [    7.900556] [mitosis-origin] pgd_alloc for mm=ffff000494c0b000 and mm->pgd =ffff00049452a000.
Nov  1 20:44:15 ubuntu kernel: [    7.901473] [mitosis-origin] pgd_alloc for mm=ffff000494c0bc00 and mm->pgd =ffff00049453d000.
Nov  1 20:44:15 ubuntu kernel: [    7.902391] [mitosis-origin] pgd_alloc for mm=ffff000494c0d000 and mm->pgd =ffff00049442e000.
Nov  1 20:44:15 ubuntu kernel: [    7.903322] [mitosis-origin] pgd_alloc for mm=ffff000494c09c00 and mm->pgd =ffff0004dee2a000.
Nov  1 20:44:15 ubuntu kernel: [    7.904264] [mitosis-origin] pgd_alloc for mm=ffff000494c09400 and mm->pgd =ffff00049454e000.
Nov  1 20:44:15 ubuntu kernel: [    7.905259] [mitosis-origin] pgd_alloc for mm=ffff000494c0d800 and mm->pgd =ffff00049456a000.
Nov  1 20:44:15 ubuntu kernel: [    7.906200] [mitosis-origin] pgd_alloc for mm=ffff000494fbf400 and mm->pgd =ffff00049457c000.
Nov  1 20:44:15 ubuntu kernel: [    7.907132] [mitosis-origin] pgd_alloc for mm=ffff000494fb8400 and mm->pgd =ffff000494f8f000.
Nov  1 20:44:15 ubuntu kernel: [    7.908056] [mitosis-origin] pgd_alloc for mm=ffff000494fbe000 and mm->pgd =ffff000494fa2000.
Nov  1 20:44:15 ubuntu kernel: [    7.909034] [mitosis-origin] pgd_alloc for mm=ffff000494fbcc00 and mm->pgd =ffff000494fd5000.
Nov  1 20:44:15 ubuntu kernel: [    7.909956] [mitosis-origin] pgd_alloc for mm=ffff000494fbac00 and mm->pgd =ffff000494fe9000.
Nov  1 20:44:15 ubuntu kernel: [    7.910881] [mitosis-origin] pgd_alloc for mm=ffff000494fba000 and mm->pgd =ffff000494ffb000.
Nov  1 20:44:15 ubuntu kernel: [    7.911834] [mitosis-origin] pgd_alloc for mm=ffff000494fbb000 and mm->pgd =ffff0004945a7000.
Nov  1 20:44:15 ubuntu kernel: [    7.912855] [mitosis-origin] pgd_alloc for mm=ffff000494fbbc00 and mm->pgd =ffff0004945b9000.
Nov  1 20:44:15 ubuntu kernel: [    7.913826] [mitosis-origin] pgd_alloc for mm=ffff000494fb8000 and mm->pgd =ffff0004945cb000.
Nov  1 20:44:15 ubuntu kernel: [    7.914853] [mitosis-origin] pgd_alloc for mm=ffff000494fbd800 and mm->pgd =ffff0004945dd000.
Nov  1 20:44:15 ubuntu kernel: [    7.915833] [mitosis-origin] pgd_alloc for mm=ffff000494fbc400 and mm->pgd =ffff000494607000.
Nov  1 20:44:15 ubuntu kernel: [    7.916858] [mitosis-origin] pgd_alloc for mm=ffff000494fbc800 and mm->pgd =ffff00049461c000.
Nov  1 20:44:15 ubuntu kernel: [    7.917844] [mitosis-origin] pgd_alloc for mm=ffff000494fbd400 and mm->pgd =ffff00049462d000.
Nov  1 20:44:15 ubuntu kernel: [    7.918822] [mitosis-origin] pgd_alloc for mm=ffff000494fbe800 and mm->pgd =ffff00049464e000.
Nov  1 20:44:15 ubuntu kernel: [    7.919768] [mitosis-origin] pgd_alloc for mm=ffff000494fbd000 and mm->pgd =ffff000494660000.
Nov  1 20:44:15 ubuntu kernel: [    7.920731] [mitosis-origin] pgd_alloc for mm=ffff000494fb9c00 and mm->pgd =ffff000494672000.
Nov  1 20:44:15 ubuntu kernel: [    7.921678] [mitosis-origin] pgd_alloc for mm=ffff000494fba400 and mm->pgd =ffff0004946a0000.
Nov  1 20:44:15 ubuntu kernel: [    7.922605] [mitosis-origin] pgd_alloc for mm=ffff000494fb9800 and mm->pgd =ffff0004946b4000.
Nov  1 20:44:15 ubuntu kernel: [    7.923546] [mitosis-origin] pgd_alloc for mm=ffff000494fb9400 and mm->pgd =ffff0004946c5000.
Nov  1 20:44:15 ubuntu kernel: [    7.924504] [mitosis-origin] pgd_alloc for mm=ffff000494fb9000 and mm->pgd =ffff0004946d7000.
Nov  1 20:44:15 ubuntu kernel: [    7.925442] [mitosis-origin] pgd_alloc for mm=ffff000494fbec00 and mm->pgd =ffff0004946f4000.
Nov  1 20:44:15 ubuntu kernel: [    7.926393] [mitosis-origin] pgd_alloc for mm=ffff000494fb8c00 and mm->pgd =ffff000494705000.
Nov  1 20:44:15 ubuntu kernel: [    7.927319] [mitosis-origin] pgd_alloc for mm=ffff000494fbb800 and mm->pgd =ffff000494718000.
Nov  1 20:44:15 ubuntu kernel: [    7.928267] [mitosis-origin] pgd_alloc for mm=ffff000494fbe400 and mm->pgd =ffff000494745000.
Nov  1 20:44:15 ubuntu kernel: [    7.929323] [mitosis-origin] pgd_alloc for mm=ffff000494fbfc00 and mm->pgd =ffff000494758000.
Nov  1 20:44:15 ubuntu kernel: [    7.930258] [mitosis-origin] pgd_alloc for mm=ffff000494fbf000 and mm->pgd =ffff000494769000.
Nov  1 20:44:15 ubuntu kernel: [    7.931190] [mitosis-origin] pgd_alloc for mm=ffff000494fbf800 and mm->pgd =ffff00049477d000.
Nov  1 20:44:15 ubuntu kernel: [    7.932138] [mitosis-origin] pgd_alloc for mm=ffff000494fbb400 and mm->pgd =ffff0004947a1000.
Nov  1 20:44:15 ubuntu kernel: [    7.933156] [mitosis-origin] pgd_alloc for mm=ffff000494fbdc00 and mm->pgd =ffff0004947b3000.
Nov  1 20:44:15 ubuntu kernel: [    7.934097] [mitosis-origin] pgd_alloc for mm=ffff000494fbc000 and mm->pgd =ffff0004947c6000.
Nov  1 20:44:15 ubuntu kernel: [    7.935033] [mitosis-origin] pgd_alloc for mm=ffff000494fb8800 and mm->pgd =ffff0004947e3000.
Nov  1 20:44:15 ubuntu kernel: [    7.936024] [mitosis-origin] pgd_alloc for mm=ffff000494fba800 and mm->pgd =ffff0004947f5000.
Nov  1 20:44:15 ubuntu kernel: [    7.937166] [mitosis-origin] pgd_alloc for mm=ffff000493434800 and mm->pgd =ffff000493407000.
Nov  1 20:44:15 ubuntu kernel: [    7.938720] [mitosis-origin] pgd_free for mm=ffff000494c0a400 and pgd =ffff000494e52000 and mm->pgd=ffff000494e52000.
Nov  1 20:44:15 ubuntu kernel: [    7.938728] [mitosis-origin] pgd_free for mm=ffff000494c0c800 and pgd =ffff0004dee3f000 and mm->pgd=ffff0004dee3f000.
Nov  1 20:44:15 ubuntu kernel: [    7.938794] [mitosis-origin] pgd_free for mm=ffff000494c0c400 and pgd =ffff0004956ac000 and mm->pgd=ffff0004956ac000.
Nov  1 20:44:15 ubuntu kernel: [    7.938828] [mitosis-origin] pgd_free for mm=ffff000494c0e800 and pgd =ffff000494dd0000 and mm->pgd=ffff000494dd0000.
Nov  1 20:44:15 ubuntu kernel: [    7.939091] [mitosis-origin] pgd_free for mm=ffff000495893400 and pgd =ffff0004954f2000 and mm->pgd=ffff0004954f2000.
Nov  1 20:44:15 ubuntu kernel: [    7.939128] [mitosis-origin] pgd_free for mm=ffff000495164800 and pgd =ffff0004df299000 and mm->pgd=ffff0004df299000.
Nov  1 20:44:15 ubuntu kernel: [    7.939625] [mitosis-origin] pgd_free for mm=ffff000495740800 and pgd =ffff0004957e1000 and mm->pgd=ffff0004957e1000.
Nov  1 20:44:15 ubuntu kernel: [    7.940727] [mitosis-origin] pgd_free for mm=ffff00049501f800 and pgd =ffff0004df382000 and mm->pgd=ffff0004df382000.
Nov  1 20:44:15 ubuntu kernel: [    7.940790] [mitosis-origin] pgd_free for mm=ffff0004952c4000 and pgd =ffff000495255000 and mm->pgd=ffff000495255000.
Nov  1 20:44:15 ubuntu kernel: [    7.941411] [mitosis-origin] pgd_free for mm=ffff0004951ea400 and pgd =ffff000495143000 and mm->pgd=ffff000495143000.
Nov  1 20:44:15 ubuntu kernel: [    7.942019] [mitosis-origin] pgd_free for mm=ffff000495380000 and pgd =ffff0004ded78000 and mm->pgd=ffff0004ded78000.
Nov  1 20:44:15 ubuntu kernel: [    7.950002] scsi host0: Virtio SCSI HBA
Nov  1 20:44:15 ubuntu kernel: [    7.950596] [mitosis-origin] pgd_alloc for mm=ffff000495312c00 and mm->pgd =ffff000494e43000.
Nov  1 20:44:15 ubuntu kernel: [    7.952938] [mitosis-origin] pgd_alloc for mm=ffff000495164800 and mm->pgd =ffff0004df2b2000.
Nov  1 20:44:15 ubuntu kernel: [    7.952945] [mitosis-origin] pgd_alloc for mm=ffff00049370ac00 and mm->pgd =ffff0004dee45000.
