Jul 26 21:28:55 ubuntu systemd-modules-load[827]: Inserted module 'iscsi_tcp'
Jul 26 21:28:55 ubuntu kernel: [    0.000000] Booting Linux on physical CPU 0x0000000000 [0x481fd010]
Jul 26 21:28:55 ubuntu kernel: [    0.000000] Linux version 5.7.1 (root@ubuntu) (gcc version 5.5.0 20171010 (Ubuntu/Linaro 5.5.0-12ubuntu1), GNU ld (GNU Binutils for Ubuntu) 2.30) #1 SMP Mon Jul 26 17:52:44 CST 2021
Jul 26 21:28:55 ubuntu systemd-modules-load[827]: Inserted module 'ib_iser'
Jul 26 21:28:55 ubuntu kernel: [    0.000000] efi: EFI v2.70 by EDK II
Jul 26 21:28:55 ubuntu kernel: [    0.000000] efi:  SMBIOS 3.0=0x53f710000  ACPI 2.0=0x53c020000  MEMATTR=0x53cc7ca98  MEMRESERVE=0x53becd018 
Jul 26 21:28:55 ubuntu lvm[826]:   2 logical volume(s) in volume group "ubuntu-vg" monitored
Jul 26 21:28:55 ubuntu kernel: [    0.000000] cma: Reserved 32 MiB at 0x00000000fe000000
Jul 26 21:28:55 ubuntu kernel: [    0.000000] ACPI: Early table checksum verification disabled
Jul 26 21:28:55 ubuntu kernel: [    0.000000] ACPI: RSDP 0x000000053C020000 000024 (v02 BOCHS )
Jul 26 21:28:55 ubuntu kernel: [    0.000000] ACPI: XSDT 0x000000053BED0000 000054 (v01 BOCHS  BXPCFACP 00000001      01000013)
Jul 26 21:28:55 ubuntu systemd[1]: Started Monitoring of LVM2 mirrors, snapshots etc. using dmeventd or progress polling.
Jul 26 21:28:55 ubuntu kernel: [    0.000000] ACPI: FACP 0x000000053BE90000 00010C (v05 BOCHS  BXPCFACP 00000001 BXPC 00000001)
Jul 26 21:28:55 ubuntu kernel: [    0.000000] ACPI: DSDT 0x000000053BEA0000 001523 (v02 BOCHS  BXPCDSDT 00000001 BXPC 00000001)
Jul 26 21:28:55 ubuntu kernel: [    0.000000] ACPI: APIC 0x000000053BE80000 0009E8 (v03 BOCHS  BXPCAPIC 00000001 BXPC 00000001)
Jul 26 21:28:55 ubuntu kernel: [    0.000000] ACPI: GTDT 0x000000053BE70000 000060 (v02 BOCHS  BXPCGTDT 00000001 BXPC 00000001)
Jul 26 21:28:55 ubuntu kernel: [    0.000000] ACPI: MCFG 0x000000053BE60000 00003C (v01 BOCHS  BXPCMCFG 00000001 BXPC 00000001)
Jul 26 21:28:55 ubuntu kernel: [    0.000000] ACPI: SPCR 0x000000053BE50000 000050 (v02 BOCHS  BXPCSPCR 00000001 BXPC 00000001)
Jul 26 21:28:55 ubuntu kernel: [    0.000000] ACPI: IORT 0x000000053BE40000 00007C (v00 BOCHS  BXPCIORT 00000001 BXPC 00000001)
Jul 26 21:28:55 ubuntu systemd[1]: Started Set the console keyboard layout.
Jul 26 21:28:55 ubuntu kernel: [    0.000000] ACPI: SPCR: console: pl011,mmio,0x9000000,9600
Jul 26 21:28:55 ubuntu kernel: [    0.000000] ACPI: NUMA: Failed to initialise from firmware
Jul 26 21:28:55 ubuntu systemd[1]: Mounted Kernel Configuration File System.
Jul 26 21:28:55 ubuntu kernel: [    0.000000] NUMA: Faking a node at [mem 0x0000000040000000-0x000000053fffffff]
Jul 26 21:28:55 ubuntu kernel: [    0.000000] NUMA: NODE_DATA [mem 0x53d408300-0x53d40bfff]
Jul 26 21:28:55 ubuntu kernel: [    0.000000] Zone ranges:
Jul 26 21:28:55 ubuntu systemd[1]: Started Apply Kernel Variables.
Jul 26 21:28:55 ubuntu kernel: [    0.000000]   DMA      [mem 0x0000000040000000-0x000000007fffffff]
Jul 26 21:28:55 ubuntu kernel: [    0.000000]   DMA32    [mem 0x0000000080000000-0x00000000ffffffff]
Jul 26 21:28:55 ubuntu kernel: [    0.000000]   Normal   [mem 0x0000000100000000-0x000000053fffffff]
Jul 26 21:28:55 ubuntu systemd[1]: Mounted FUSE Control File System.
Jul 26 21:28:55 ubuntu kernel: [    0.000000] Movable zone start for each node
Jul 26 21:28:55 ubuntu systemd[1]: Started udev Kernel Device Manager.
Jul 26 21:28:55 ubuntu kernel: [    0.000000] Early memory node ranges
Jul 26 21:28:55 ubuntu kernel: [    0.000000]   node   0: [mem 0x0000000040000000-0x000000053bedffff]
Jul 26 21:28:55 ubuntu kernel: [    0.000000]   node   0: [mem 0x000000053bee0000-0x000000053bffffff]
Jul 26 21:28:55 ubuntu systemd[1]: Reached target Local File Systems (Pre).
Jul 26 21:28:55 ubuntu kernel: [    0.000000]   node   0: [mem 0x000000053c000000-0x000000053c02ffff]
Jul 26 21:28:55 ubuntu kernel: [    0.000000]   node   0: [mem 0x000000053c030000-0x000000053c0affff]
Jul 26 21:28:55 ubuntu kernel: [    0.000000]   node   0: [mem 0x000000053c0b0000-0x000000053f57ffff]
Jul 26 21:28:55 ubuntu kernel: [    0.000000]   node   0: [mem 0x000000053f580000-0x000000053f95ffff]
Jul 26 21:28:55 ubuntu systemd[1]: Starting Flush Journal to Persistent Storage...
Jul 26 21:28:55 ubuntu kernel: [    0.000000]   node   0: [mem 0x000000053f960000-0x000000053fffffff]
Jul 26 21:28:55 ubuntu kernel: [    0.000000] Zeroed struct page in unavailable ranges: 544 pages
Jul 26 21:28:55 ubuntu kernel: [    0.000000] Initmem setup node 0 [mem 0x0000000040000000-0x000000053fffffff]
Jul 26 21:28:55 ubuntu kernel: [    0.000000] On node 0 totalpages: 5242880
Jul 26 21:28:55 ubuntu kernel: [    0.000000]   DMA zone: 5120 pages used for memmap
Jul 26 21:28:55 ubuntu kernel: [    0.000000]   DMA zone: 0 pages reserved
Jul 26 21:28:55 ubuntu systemd[1]: Started Flush Journal to Persistent Storage.
Jul 26 21:28:55 ubuntu kernel: [    0.000000]   DMA zone: 262144 pages, LIFO batch:63
Jul 26 21:28:55 ubuntu kernel: [    0.000000]   DMA32 zone: 10240 pages used for memmap
Jul 26 21:28:55 ubuntu systemd[1]: Started udev Coldplug all Devices.
Jul 26 21:28:55 ubuntu kernel: [    0.000000]   DMA32 zone: 524288 pages, LIFO batch:63
Jul 26 21:28:55 ubuntu kernel: [    0.000000]   Normal zone: 87040 pages used for memmap
Jul 26 21:28:55 ubuntu kernel: [    0.000000]   Normal zone: 4456448 pages, LIFO batch:63
Jul 26 21:28:55 ubuntu kernel: [    0.000000] psci: probing for conduit method from ACPI.
Jul 26 21:28:55 ubuntu systemd[1]: Started Dispatch Password Requests to Console Directory Watch.
Jul 26 21:28:55 ubuntu kernel: [    0.000000] psci: PSCIv1.0 detected in firmware.
Jul 26 21:28:55 ubuntu systemd[1]: Reached target Local Encrypted Volumes.
Jul 26 21:28:55 ubuntu kernel: [    0.000000] psci: Using standard PSCI v0.2 function IDs
Jul 26 21:28:55 ubuntu kernel: [    0.000000] psci: Trusted OS migration not required
Jul 26 21:28:55 ubuntu systemd[1]: Found device /dev/ttyAMA0.
Jul 26 21:28:55 ubuntu systemd-udevd[1000]: link_config: autonegotiation is unset or enabled, the speed and duplex are not writable.
Jul 26 21:28:55 ubuntu systemd-udevd[983]: link_config: autonegotiation is unset or enabled, the speed and duplex are not writable.
Jul 26 21:28:55 ubuntu systemd[1]: Listening on Load/Save RF Kill Switch Status /dev/rfkill Watch.
Jul 26 21:28:55 ubuntu systemd[1]: Found device /dev/mapper/ubuntu--vg-swap_1.
Jul 26 21:28:55 ubuntu systemd[1]: Activating swap /dev/mapper/ubuntu--vg-swap_1...
Jul 26 21:28:55 ubuntu systemd[1]: Found device QEMU_HARDDISK 1.
Jul 26 21:28:55 ubuntu systemd[1]: Activated swap /dev/mapper/ubuntu--vg-swap_1.
Jul 26 21:28:55 ubuntu systemd[1]: Created slice system-lvm2\x2dpvscan.slice.
Jul 26 21:28:55 ubuntu systemd[1]: Starting LVM2 PV scan on device 8:2...
Jul 26 21:28:55 ubuntu systemd[1]: Reached target Swap.
Jul 26 21:28:55 ubuntu systemd[1]: Starting File System Check on /dev/disk/by-uuid/5EA9-3D4C...
Jul 26 21:28:55 ubuntu systemd[1]: Started File System Check Daemon to report status.
Jul 26 21:28:55 ubuntu kernel: [    0.000000] psci: SMC Calling Convention v1.1
Jul 26 21:28:55 ubuntu lvm[1109]:   2 logical volume(s) in volume group "ubuntu-vg" now active
Jul 26 21:28:55 ubuntu kernel: [    0.000000] ACPI: SRAT not present
Jul 26 21:28:55 ubuntu kernel: [    0.000000] percpu: Embedded 33 pages/cpu s94616 r8192 d32360 u135168
Jul 26 21:28:55 ubuntu systemd-fsck[1110]: fsck.fat 4.1 (2017-01-24)
Jul 26 21:28:55 ubuntu kernel: [    0.000000] pcpu-alloc: s94616 r8192 d32360 u135168 alloc=33*4096
Jul 26 21:28:55 ubuntu systemd-fsck[1110]: /dev/sda1: 5 files, 41/65501 clusters
Jul 26 21:28:55 ubuntu kernel: [    0.000000] pcpu-alloc: [0] 00 [0] 01 [0] 02 [0] 03 [0] 04 [0] 05 [0] 06 [0] 07 
Jul 26 21:28:55 ubuntu systemd[1]: Started LVM2 PV scan on device 8:2.
Jul 26 21:28:55 ubuntu kernel: [    0.000000] pcpu-alloc: [0] 08 [0] 09 [0] 10 [0] 11 [0] 12 [0] 13 [0] 14 [0] 15 
Jul 26 21:28:55 ubuntu kernel: [    0.000000] pcpu-alloc: [0] 16 [0] 17 [0] 18 [0] 19 [0] 20 [0] 21 [0] 22 [0] 23 
Jul 26 21:28:55 ubuntu kernel: [    0.000000] pcpu-alloc: [0] 24 [0] 25 [0] 26 [0] 27 [0] 28 [0] 29 [0] 30 [0] 31 
Jul 26 21:28:55 ubuntu systemd[1]: Started File System Check on /dev/disk/by-uuid/5EA9-3D4C.
Jul 26 21:28:55 ubuntu kernel: [    0.000000] Detected VIPT I-cache on CPU0
Jul 26 21:28:55 ubuntu kernel: [    0.000000] CPU features: detected: GIC system register CPU interface
Jul 26 21:28:55 ubuntu systemd[1]: Mounting /boot/efi...
Jul 26 21:28:55 ubuntu kernel: [    0.000000] CPU features: detected: Hardware dirty bit management
Jul 26 21:28:55 ubuntu systemd[1]: Mounted /boot/efi.
Jul 26 21:28:55 ubuntu kernel: [    0.000000] Built 1 zonelists, mobility grouping on.  Total pages: 5140480
Jul 26 21:28:55 ubuntu systemd[1]: Reached target Local File Systems.
Jul 26 21:28:55 ubuntu kernel: [    0.000000] Policy zone: Normal
Jul 26 21:28:55 ubuntu kernel: [    0.000000] Kernel command line: BOOT_IMAGE=/boot/vmlinuz-5.7.1 root=/dev/mapper/ubuntu--vg-root ro
Jul 26 21:28:55 ubuntu kernel: [    0.000000] Dentry cache hash table entries: 4194304 (order: 13, 33554432 bytes, linear)
Jul 26 21:28:55 ubuntu kernel: [    0.000000] Inode-cache hash table entries: 2097152 (order: 12, 16777216 bytes, linear)
Jul 26 21:28:55 ubuntu kernel: [    0.000000] mem auto-init: stack:off, heap alloc:on, heap free:off
Jul 26 21:28:55 ubuntu systemd[1]: Starting AppArmor initialization...
Jul 26 21:28:55 ubuntu kernel: [    0.000000] software IO TLB: mapped [mem 0x7bfff000-0x7ffff000] (64MB)
Jul 26 21:28:55 ubuntu systemd[1]: Starting Tell Plymouth To Write Out Runtime Data...
Jul 26 21:28:55 ubuntu kernel: [    0.000000] Memory: 20270008K/20971520K available (14140K kernel code, 2356K rwdata, 6884K rodata, 7040K init, 1134K bss, 668744K reserved, 32768K cma-reserved)
Jul 26 21:28:55 ubuntu systemd[1]: Starting Set console font and keymap...
Jul 26 21:28:55 ubuntu kernel: [    0.000000] random: get_random_u64 called from __kmem_cache_create+0x5c/0x5d8 with crng_init=0
Jul 26 21:28:55 ubuntu kernel: [    0.000000] SLUB: HWalign=64, Order=0-3, MinObjects=0, CPUs=32, Nodes=1
Jul 26 21:28:55 ubuntu kernel: [    0.000000] ftrace: allocating 46053 entries in 180 pages
Jul 26 21:28:55 ubuntu systemd[1]: Starting Create Volatile Files and Directories...
Jul 26 21:28:55 ubuntu kernel: [    0.000000] ftrace: allocated 180 pages with 4 groups
Jul 26 21:28:55 ubuntu kernel: [    0.000000] rcu: Hierarchical RCU implementation.
Jul 26 21:28:55 ubuntu kernel: [    0.000000] rcu: 	RCU restricting CPUs from NR_CPUS=256 to nr_cpu_ids=32.
Jul 26 21:28:55 ubuntu systemd[1]: Starting ebtables ruleset management...
Jul 26 21:28:55 ubuntu kernel: [    0.000000] 	Tasks RCU enabled.
Jul 26 21:28:55 ubuntu kernel: [    0.000000] rcu: RCU calculated value of scheduler-enlistment delay is 25 jiffies.
Jul 26 21:28:55 ubuntu kernel: [    0.000000] rcu: Adjusting geometry for rcu_fanout_leaf=16, nr_cpu_ids=32
Jul 26 21:28:55 ubuntu kernel: [    0.000000] NR_IRQS: 64, nr_irqs: 64, preallocated irqs: 0
Jul 26 21:28:55 ubuntu systemd[1]: Started Set console font and keymap.
Jul 26 21:28:55 ubuntu kernel: [    0.000000] GICv3: 256 SPIs implemented
Jul 26 21:28:55 ubuntu systemd[1]: Started Tell Plymouth To Write Out Runtime Data.
Jul 26 21:28:55 ubuntu systemd[1]: Started Create Volatile Files and Directories.
Jul 26 21:28:55 ubuntu kernel: [    0.000000] GICv3: 0 Extended SPIs implemented
Jul 26 21:28:55 ubuntu kernel: [    0.000000] GICv3: Distributor has no Range Selector support
Jul 26 21:28:55 ubuntu kernel: [    0.000000] GICv3: 16 PPIs implemented
Jul 26 21:28:55 ubuntu systemd[1]: Starting Network Time Synchronization...
Jul 26 21:28:55 ubuntu kernel: [    0.000000] GICv3: CPU0: found redistributor 0 region 0:0x00000000080a0000
Jul 26 21:28:55 ubuntu kernel: [    0.000000] ACPI: SRAT not present
Jul 26 21:28:55 ubuntu kernel: [    0.000000] ITS [mem 0x08080000-0x0809ffff]
Jul 26 21:28:55 ubuntu systemd[1]: Starting Update UTMP about System Boot/Shutdown...
Jul 26 21:28:55 ubuntu kernel: [    0.000000] ITS@0x0000000008080000: allocated 8192 Devices @53c9f0000 (indirect, esz 8, psz 64K, shr 1)
Jul 26 21:28:55 ubuntu kernel: [    0.000000] ITS@0x0000000008080000: allocated 8192 Interrupt Collections @53ca00000 (flat, esz 8, psz 64K, shr 1)
Jul 26 21:28:55 ubuntu kernel: [    0.000000] GICv3: using LPI property table @0x000000053ca10000
Jul 26 21:28:55 ubuntu apparmor[1117]:  * Starting AppArmor profiles
Jul 26 21:28:55 ubuntu kernel: [    0.000000] GICv3: CPU0: using allocated LPI pending table @0x000000053ca20000
Jul 26 21:28:55 ubuntu systemd[1]: Started Update UTMP about System Boot/Shutdown.
Jul 26 21:28:55 ubuntu kernel: [    0.000000] arch_timer: cp15 timer(s) running at 100.00MHz (virt).
Jul 26 21:28:55 ubuntu kernel: [    0.000000] clocksource: arch_sys_counter: mask: 0xffffffffffffff max_cycles: 0x171024e7e0, max_idle_ns: 440795205315 ns
Jul 26 21:28:55 ubuntu kernel: [    0.000001] sched_clock: 56 bits at 100MHz, resolution 10ns, wraps every 4398046511100ns
Jul 26 21:28:55 ubuntu systemd[1]: Started ebtables ruleset management.
Jul 26 21:28:55 ubuntu kernel: [    0.000055] Console: colour dummy device 80x25
Jul 26 21:28:55 ubuntu kernel: [    0.000079] ACPI: Core revision 20200326
Jul 26 21:28:55 ubuntu kernel: [    0.000125] Calibrating delay loop (skipped), value calculated using timer frequency.. 200.00 BogoMIPS (lpj=400000)
Jul 26 21:28:55 ubuntu systemd[1]: Reached target Network (Pre).
Jul 26 21:28:55 ubuntu systemd[1]: Starting Network Service...
Jul 26 21:28:55 ubuntu kernel: [    0.000128] pid_max: default: 32768 minimum: 301
Jul 26 21:28:55 ubuntu systemd[1]: Started Network Time Synchronization.
Jul 26 21:28:55 ubuntu kernel: [    0.000161] LSM: Security Framework initializing
Jul 26 21:28:55 ubuntu kernel: [    0.000166] Yama: becoming mindful.
Jul 26 21:28:55 ubuntu kernel: [    0.000190] AppArmor: AppArmor initialized
Jul 26 21:28:55 ubuntu kernel: [    0.000252] Mount-cache hash table entries: 65536 (order: 7, 524288 bytes, linear)
Jul 26 21:28:55 ubuntu kernel: [    0.000280] Mountpoint-cache hash table entries: 65536 (order: 7, 524288 bytes, linear)
Jul 26 21:28:55 ubuntu kernel: [    0.000636] ACPI PPTT: No PPTT table found, CPU and cache topology may be inaccurate
Jul 26 21:28:55 ubuntu systemd[1]: Reached target System Time Synchronized.
Jul 26 21:28:55 ubuntu kernel: [    0.000783] rcu: Hierarchical SRCU implementation.
Jul 26 21:28:55 ubuntu systemd-networkd[1157]: Enumeration completed
Jul 26 21:28:55 ubuntu kernel: [    0.001212] Platform MSI: ITS@0x8080000 domain created
Jul 26 21:28:55 ubuntu systemd[1]: Started Network Service.
Jul 26 21:28:55 ubuntu kernel: [    0.001217] PCI/MSI: ITS@0x8080000 domain created
Jul 26 21:28:55 ubuntu kernel: [    0.001226] Remapping and enabling EFI services.
Jul 26 21:28:55 ubuntu kernel: [    0.002075] smp: Bringing up secondary CPUs ...
Jul 26 21:28:55 ubuntu kernel: [    0.091989] Detected VIPT I-cache on CPU1
Jul 26 21:28:55 ubuntu kernel: [    0.092004] GICv3: CPU1: found redistributor 1 region 0:0x00000000080c0000
Jul 26 21:28:55 ubuntu systemd-networkd[1157]: lo: Link is not managed by us
Jul 26 21:28:55 ubuntu kernel: [    0.092211] GICv3: CPU1: using allocated LPI pending table @0x000000053ca30000
Jul 26 21:28:55 ubuntu systemd[1]: Starting Network Name Resolution...
Jul 26 21:28:55 ubuntu systemd[1]: Starting Wait for Network to be Configured...
Jul 26 21:28:55 ubuntu systemd-networkd-wait-online[1182]: ignoring: lo
Jul 26 21:28:55 ubuntu apparmor[1117]: Skipping profile in /etc/apparmor.d/disable: usr.sbin.rsyslogd
Jul 26 21:28:55 ubuntu systemd-resolved[1181]: Positive Trust Anchors:
Jul 26 21:28:55 ubuntu systemd-resolved[1181]: . IN DS 19036 8 2 49aac11d7b6f6446702e54a1607371607a1a41855200fd2ce1cdde32f24e8fb5
Jul 26 21:28:55 ubuntu systemd-resolved[1181]: . IN DS 20326 8 2 e06d44b80b8f1d39a95c0b0d7c65d08458e880409bbc683457104237c7f8ec8d
Jul 26 21:28:55 ubuntu kernel: [    0.092237] CPU1: Booted secondary processor 0x0000000001 [0x481fd010]
Jul 26 21:28:55 ubuntu kernel: [    0.182501] Detected VIPT I-cache on CPU2
Jul 26 21:28:55 ubuntu kernel: [    0.182515] GICv3: CPU2: found redistributor 2 region 0:0x00000000080e0000
Jul 26 21:28:55 ubuntu systemd-resolved[1181]: Negative trust anchors: 10.in-addr.arpa 16.172.in-addr.arpa 17.172.in-addr.arpa 18.172.in-addr.arpa 19.172.in-addr.arpa 20.172.in-addr.arpa 21.172.in-addr.arpa 22.172.in-addr.arpa 23.172.in-addr.arpa 24.172.in-addr.arpa 25.172.in-addr.arpa 26.172.in-addr.arpa 27.172.in-addr.arpa 28.172.in-addr.arpa 29.172.in-addr.arpa 30.172.in-addr.arpa 31.172.in-addr.arpa 168.192.in-addr.arpa d.f.ip6.arpa corp home internal intranet lan local private test
Jul 26 21:28:55 ubuntu systemd-resolved[1181]: Using system hostname 'ubuntu'.
Jul 26 21:28:55 ubuntu systemd[1]: Started Network Name Resolution.
Jul 26 21:28:55 ubuntu systemd[1]: Reached target Network.
Jul 26 21:28:55 ubuntu systemd[1]: Reached target Host and Network Name Lookups.
Jul 26 21:28:55 ubuntu systemd-networkd[1157]: enp1s0: Gained carrier
Jul 26 21:28:55 ubuntu systemd-networkd-wait-online[1182]: ignoring: lo
Jul 26 21:28:55 ubuntu systemd-timesyncd[1133]: Network configuration changed, trying to establish connection.
Jul 26 21:28:55 ubuntu kernel: [    0.182679] GICv3: CPU2: using allocated LPI pending table @0x000000053ca40000
Jul 26 21:28:55 ubuntu kernel: [    0.182701] CPU2: Booted secondary processor 0x0000000002 [0x481fd010]
Jul 26 21:28:55 ubuntu kernel: [    0.272850] Detected VIPT I-cache on CPU3
Jul 26 21:28:55 ubuntu systemd-networkd-wait-online[1182]: ignoring: lo
Jul 26 21:28:55 ubuntu kernel: [    0.272895] GICv3: CPU3: found redistributor 3 region 0:0x0000000008100000
Jul 26 21:28:55 ubuntu kernel: [    0.273336] GICv3: CPU3: using allocated LPI pending table @0x000000053ca50000
Jul 26 21:28:55 ubuntu kernel: [    0.273406] CPU3: Booted secondary processor 0x0000000003 [0x481fd010]
Jul 26 21:28:55 ubuntu apparmor[1117]:    ...done.
Jul 26 21:28:55 ubuntu systemd[1]: Started AppArmor initialization.
Jul 26 21:28:55 ubuntu kernel: [    0.510845] Detected VIPT I-cache on CPU4
Jul 26 21:28:55 ubuntu systemd[1]: Reached target System Initialization.
Jul 26 21:28:55 ubuntu kernel: [    0.510864] GICv3: CPU4: found redistributor 4 region 0:0x0000000008120000
Jul 26 21:28:55 ubuntu systemd[1]: Starting Socket activation for snappy daemon.
Jul 26 21:28:55 ubuntu kernel: [    0.511085] GICv3: CPU4: using allocated LPI pending table @0x000000053ca60000
Jul 26 21:28:55 ubuntu kernel: [    0.511112] CPU4: Booted secondary processor 0x0000000004 [0x481fd010]
Jul 26 21:28:55 ubuntu systemd[1]: Started Daily Cleanup of Temporary Directories.
Jul 26 21:28:55 ubuntu systemd[1]: Listening on ACPID Listen Socket.
Jul 26 21:28:55 ubuntu systemd[1]: Listening on D-Bus System Message Bus Socket.
Jul 26 21:28:55 ubuntu systemd[1]: Started Discard unused blocks once a week.
Jul 26 21:28:55 ubuntu kernel: [    0.601733] Detected VIPT I-cache on CPU5
Jul 26 21:28:55 ubuntu systemd[1]: Listening on UUID daemon activation socket.
Jul 26 21:28:55 ubuntu systemd[1]: Listening on Open-iSCSI iscsid Socket.
Jul 26 21:28:55 ubuntu kernel: [    0.601754] GICv3: CPU5: found redistributor 5 region 0:0x0000000008140000
Jul 26 21:28:55 ubuntu kernel: [    0.601944] GICv3: CPU5: using allocated LPI pending table @0x000000053ca70000
Jul 26 21:28:55 ubuntu systemd[1]: Started Daily apt download activities.
Jul 26 21:28:55 ubuntu kernel: [    0.601969] CPU5: Booted secondary processor 0x0000000005 [0x481fd010]
Jul 26 21:28:55 ubuntu kernel: [    0.692683] Detected VIPT I-cache on CPU6
Jul 26 21:28:55 ubuntu kernel: [    0.692703] GICv3: CPU6: found redistributor 6 region 0:0x0000000008160000
Jul 26 21:28:55 ubuntu kernel: [    0.692897] GICv3: CPU6: using allocated LPI pending table @0x000000053ca80000
Jul 26 21:28:55 ubuntu systemd[1]: Started Daily apt upgrade and clean activities.
Jul 26 21:28:55 ubuntu kernel: [    0.692921] CPU6: Booted secondary processor 0x0000000006 [0x481fd010]
Jul 26 21:28:55 ubuntu kernel: [    0.783630] Detected VIPT I-cache on CPU7
Jul 26 21:28:55 ubuntu kernel: [    0.783652] GICv3: CPU7: found redistributor 7 region 0:0x0000000008180000
Jul 26 21:28:55 ubuntu kernel: [    0.783842] GICv3: CPU7: using allocated LPI pending table @0x000000053ca90000
Jul 26 21:28:55 ubuntu kernel: [    0.783866] CPU7: Booted secondary processor 0x0000000007 [0x481fd010]
Jul 26 21:28:55 ubuntu systemd[1]: Started ACPI Events Check.
Jul 26 21:28:55 ubuntu kernel: [    0.874687] Detected VIPT I-cache on CPU8
Jul 26 21:28:55 ubuntu kernel: [    0.874716] GICv3: CPU8: found redistributor 8 region 0:0x00000000081a0000
Jul 26 21:28:55 ubuntu kernel: [    0.874979] GICv3: CPU8: using allocated LPI pending table @0x000000053caa0000
Jul 26 21:28:55 ubuntu kernel: [    0.875002] CPU8: Booted secondary processor 0x0000000008 [0x481fd010]
Jul 26 21:28:55 ubuntu kernel: [    0.969177] Detected VIPT I-cache on CPU9
Jul 26 21:28:55 ubuntu kernel: [    0.969203] GICv3: CPU9: found redistributor 9 region 0:0x00000000081c0000
Jul 26 21:28:55 ubuntu kernel: [    0.969392] GICv3: CPU9: using allocated LPI pending table @0x000000053cab0000
Jul 26 21:28:55 ubuntu systemd[1]: Reached target Paths.
Jul 26 21:28:55 ubuntu kernel: [    0.969417] CPU9: Booted secondary processor 0x0000000009 [0x481fd010]
Jul 26 21:28:55 ubuntu kernel: [    1.060822] Detected VIPT I-cache on CPU10
Jul 26 21:28:55 ubuntu kernel: [    1.060851] GICv3: CPU10: found redistributor a region 0:0x00000000081e0000
Jul 26 21:28:55 ubuntu systemd[1]: Starting LXD - unix socket.
Jul 26 21:28:55 ubuntu systemd[1]: Started Message of the Day.
Jul 26 21:28:55 ubuntu kernel: [    1.061037] GICv3: CPU10: using allocated LPI pending table @0x000000053cac0000
Jul 26 21:28:55 ubuntu kernel: [    1.061063] CPU10: Booted secondary processor 0x000000000a [0x481fd010]
Jul 26 21:28:55 ubuntu kernel: [    1.152567] Detected VIPT I-cache on CPU11
Jul 26 21:28:55 ubuntu systemd[1]: Reached target Timers.
Jul 26 21:28:55 ubuntu kernel: [    1.152594] GICv3: CPU11: found redistributor b region 0:0x0000000008200000
Jul 26 21:28:55 ubuntu systemd[1]: Listening on Socket activation for snappy daemon.
Jul 26 21:28:55 ubuntu systemd[1]: Listening on LXD - unix socket.
Jul 26 21:28:55 ubuntu kernel: [    1.152776] GICv3: CPU11: using allocated LPI pending table @0x000000053cad0000
Jul 26 21:28:55 ubuntu systemd[1]: Reached target Sockets.
Jul 26 21:28:55 ubuntu kernel: [    1.152800] CPU11: Booted secondary processor 0x000000000b [0x481fd010]
Jul 26 21:28:55 ubuntu systemd[1]: Reached target Basic System.
Jul 26 21:28:55 ubuntu systemd[1]: Starting Login Service...
Jul 26 21:28:55 ubuntu systemd[1]: Started Regular background program processing daemon.
Jul 26 21:28:55 ubuntu kernel: [    1.244371] Detected VIPT I-cache on CPU12
Jul 26 21:28:55 ubuntu systemd[1]: Started D-Bus System Message Bus.
Jul 26 21:28:55 ubuntu cron[1210]: (CRON) INFO (pidfile fd = 3)
Jul 26 21:28:55 ubuntu kernel: [    1.244400] GICv3: CPU12: found redistributor c region 0:0x0000000008220000
Jul 26 21:28:55 ubuntu cron[1210]: (CRON) INFO (Running @reboot jobs)
Jul 26 21:28:55 ubuntu kernel: [    1.244597] GICv3: CPU12: using allocated LPI pending table @0x000000053cae0000
Jul 26 21:28:55 ubuntu kernel: [    1.244621] CPU12: Booted secondary processor 0x000000000c [0x481fd010]
Jul 26 21:28:55 ubuntu kernel: [    1.336893] Detected VIPT I-cache on CPU13
Jul 26 21:28:55 ubuntu kernel: [    1.336924] GICv3: CPU13: found redistributor d region 0:0x0000000008240000
Jul 26 21:28:55 ubuntu kernel: [    1.337100] GICv3: CPU13: using allocated LPI pending table @0x000000053caf0000
Jul 26 21:28:55 ubuntu kernel: [    1.337123] CPU13: Booted secondary processor 0x000000000d [0x481fd010]
Jul 26 21:28:55 ubuntu systemd[1]: Started Login Service.
Jul 26 21:28:55 ubuntu kernel: [    1.429091] Detected VIPT I-cache on CPU14
Jul 26 21:28:55 ubuntu systemd[1]: Starting Dispatcher daemon for systemd-networkd...
Jul 26 21:28:55 ubuntu kernel: [    1.429123] GICv3: CPU14: found redistributor e region 0:0x0000000008260000
Jul 26 21:28:55 ubuntu kernel: [    1.429310] GICv3: CPU14: using allocated LPI pending table @0x000000053cb00000
Jul 26 21:28:55 ubuntu kernel: [    1.429334] CPU14: Booted secondary processor 0x000000000e [0x481fd010]
Jul 26 21:28:55 ubuntu systemd[1]: Starting LSB: Record successful boot for GRUB...
Jul 26 21:28:55 ubuntu kernel: [    1.521442] Detected VIPT I-cache on CPU15
Jul 26 21:28:55 ubuntu kernel: [    1.521476] GICv3: CPU15: found redistributor f region 0:0x0000000008280000
Jul 26 21:28:55 ubuntu kernel: [    1.521676] GICv3: CPU15: using allocated LPI pending table @0x000000053cb10000
Jul 26 21:28:55 ubuntu kernel: [    1.521703] CPU15: Booted secondary processor 0x000000000f [0x481fd010]
Jul 26 21:28:55 ubuntu systemd[1]: Starting System Logging Service...
Jul 26 21:28:55 ubuntu kernel: [    1.613902] Detected VIPT I-cache on CPU16
Jul 26 21:28:55 ubuntu kernel: [    1.613945] GICv3: CPU16: found redistributor 100 region 0:0x00000000082a0000
Jul 26 21:28:55 ubuntu kernel: [    1.614090] GICv3: CPU16: using allocated LPI pending table @0x000000053cb20000
Jul 26 21:28:55 ubuntu systemd[1]: Started Unattended Upgrades Shutdown.
Jul 26 21:28:55 ubuntu kernel: [    1.614114] CPU16: Booted secondary processor 0x0000000100 [0x481fd010]
Jul 26 21:28:55 ubuntu kernel: [    1.706353] Detected VIPT I-cache on CPU17
Jul 26 21:28:55 ubuntu kernel: [    1.706389] GICv3: CPU17: found redistributor 101 region 0:0x00000000082c0000
Jul 26 21:28:55 ubuntu systemd[1]: Starting Accounts Service...
Jul 26 21:28:55 ubuntu kernel: [    1.706535] GICv3: CPU17: using allocated LPI pending table @0x000000053cb30000
Jul 26 21:28:55 ubuntu kernel: [    1.706559] CPU17: Booted secondary processor 0x0000000101 [0x481fd010]
Jul 26 21:28:55 ubuntu kernel: [    1.800145] Detected VIPT I-cache on CPU18
Jul 26 21:28:55 ubuntu kernel: [    1.800184] GICv3: CPU18: found redistributor 102 region 0:0x00000000082e0000
Jul 26 21:28:55 ubuntu systemd[1]: Started irqbalance daemon.
Jul 26 21:28:55 ubuntu kernel: [    1.800359] GICv3: CPU18: using allocated LPI pending table @0x000000053cb40000
Jul 26 21:28:55 ubuntu kernel: [    1.800384] CPU18: Booted secondary processor 0x0000000102 [0x481fd010]
Jul 26 21:28:55 ubuntu kernel: [    1.893233] Detected VIPT I-cache on CPU19
Jul 26 21:28:55 ubuntu rsyslogd: imuxsock: Acquired UNIX socket '/run/systemd/journal/syslog' (fd 3) from systemd.  [v8.32.0]
Jul 26 21:28:55 ubuntu kernel: [    1.893277] GICv3: CPU19: found redistributor 103 region 0:0x0000000008300000
Jul 26 21:28:55 ubuntu kernel: [    1.893447] GICv3: CPU19: using allocated LPI pending table @0x000000053cb50000
Jul 26 21:28:55 ubuntu kernel: [    1.893479] CPU19: Booted secondary processor 0x0000000103 [0x481fd010]
Jul 26 21:28:55 ubuntu kernel: [    2.137149] Detected VIPT I-cache on CPU20
Jul 26 21:28:55 ubuntu kernel: [    2.137201] GICv3: CPU20: found redistributor 104 region 0:0x0000000008320000
Jul 26 21:28:55 ubuntu kernel: [    2.137460] GICv3: CPU20: using allocated LPI pending table @0x000000053cb60000
Jul 26 21:28:55 ubuntu kernel: [    2.137510] CPU20: Booted secondary processor 0x0000000104 [0x481fd010]
Jul 26 21:28:55 ubuntu kernel: [    2.230409] Detected VIPT I-cache on CPU21
Jul 26 21:28:55 ubuntu kernel: [    2.230520] GICv3: CPU21: found redistributor 105 region 0:0x0000000008340000
Jul 26 21:28:55 ubuntu kernel: [    2.231738] GICv3: CPU21: using allocated LPI pending table @0x000000053cb70000
Jul 26 21:28:55 ubuntu kernel: [    2.231824] CPU21: Booted secondary processor 0x0000000105 [0x481fd010]
Jul 26 21:28:55 ubuntu kernel: [    2.476919] Detected VIPT I-cache on CPU22
Jul 26 21:28:55 ubuntu kernel: [    2.476965] GICv3: CPU22: found redistributor 106 region 0:0x0000000008360000
Jul 26 21:28:55 ubuntu kernel: [    2.477159] GICv3: CPU22: using allocated LPI pending table @0x000000053cb80000
Jul 26 21:28:55 ubuntu kernel: [    2.477189] CPU22: Booted secondary processor 0x0000000106 [0x481fd010]
Jul 26 21:28:55 ubuntu kernel: [    2.720159] Detected VIPT I-cache on CPU23
Jul 26 21:28:55 ubuntu kernel: [    2.720222] GICv3: CPU23: found redistributor 107 region 0:0x0000000008380000
Jul 26 21:28:55 ubuntu kernel: [    2.720453] GICv3: CPU23: using allocated LPI pending table @0x000000053cb90000
Jul 26 21:28:55 ubuntu kernel: [    2.720493] CPU23: Booted secondary processor 0x0000000107 [0x481fd010]
Jul 26 21:28:55 ubuntu kernel: [    2.966427] Detected VIPT I-cache on CPU24
Jul 26 21:28:55 ubuntu kernel: [    2.966478] GICv3: CPU24: found redistributor 108 region 0:0x00000000083a0000
Jul 26 21:28:55 ubuntu kernel: [    2.966701] GICv3: CPU24: using allocated LPI pending table @0x000000053cba0000
Jul 26 21:28:55 ubuntu kernel: [    2.966731] CPU24: Booted secondary processor 0x0000000108 [0x481fd010]
Jul 26 21:28:55 ubuntu kernel: [    3.060671] Detected VIPT I-cache on CPU25
Jul 26 21:28:55 ubuntu kernel: [    3.060794] GICv3: CPU25: found redistributor 109 region 0:0x00000000083c0000
Jul 26 21:28:55 ubuntu kernel: [    3.061095] GICv3: CPU25: using allocated LPI pending table @0x000000053cbb0000
Jul 26 21:28:55 ubuntu kernel: [    3.061156] CPU25: Booted secondary processor 0x0000000109 [0x481fd010]
Jul 26 21:28:55 ubuntu kernel: [    3.307037] Detected VIPT I-cache on CPU26
Jul 26 21:28:55 ubuntu kernel: [    3.307115] GICv3: CPU26: found redistributor 10a region 0:0x00000000083e0000
Jul 26 21:28:55 ubuntu kernel: [    3.307351] GICv3: CPU26: using allocated LPI pending table @0x000000053cbc0000
Jul 26 21:28:55 ubuntu kernel: [    3.307392] CPU26: Booted secondary processor 0x000000010a [0x481fd010]
Jul 26 21:28:55 ubuntu kernel: [    3.490463] Detected VIPT I-cache on CPU27
Jul 26 21:28:55 ubuntu kernel: [    3.490517] GICv3: CPU27: found redistributor 10b region 0:0x0000000008400000
Jul 26 21:28:55 ubuntu kernel: [    3.490723] GICv3: CPU27: using allocated LPI pending table @0x000000053cbd0000
Jul 26 21:28:55 ubuntu kernel: [    3.490752] CPU27: Booted secondary processor 0x000000010b [0x481fd010]
Jul 26 21:28:55 ubuntu kernel: [    3.584130] Detected VIPT I-cache on CPU28
Jul 26 21:28:55 ubuntu kernel: [    3.584187] GICv3: CPU28: found redistributor 10c region 0:0x0000000008420000
Jul 26 21:28:55 ubuntu kernel: [    3.584338] GICv3: CPU28: using allocated LPI pending table @0x000000053cbe0000
Jul 26 21:28:55 ubuntu kernel: [    3.584368] CPU28: Booted secondary processor 0x000000010c [0x481fd010]
Jul 26 21:28:55 ubuntu kernel: [    3.830105] Detected VIPT I-cache on CPU29
Jul 26 21:28:55 ubuntu kernel: [    3.830199] GICv3: CPU29: found redistributor 10d region 0:0x0000000008440000
Jul 26 21:28:55 ubuntu kernel: [    3.830524] GICv3: CPU29: using allocated LPI pending table @0x000000053cbf0000
Jul 26 21:28:55 ubuntu rsyslogd: rsyslogd's groupid changed to 106
Jul 26 21:28:55 ubuntu kernel: [    3.830555] CPU29: Booted secondary processor 0x000000010d [0x481fd010]
Jul 26 21:28:55 ubuntu kernel: [    4.079372] Detected VIPT I-cache on CPU30
Jul 26 21:28:55 ubuntu kernel: [    4.079430] GICv3: CPU30: found redistributor 10e region 0:0x0000000008460000
Jul 26 21:28:55 ubuntu kernel: [    4.079663] GICv3: CPU30: using allocated LPI pending table @0x000000051f800000
Jul 26 21:28:55 ubuntu kernel: [    4.079693] CPU30: Booted secondary processor 0x000000010e [0x481fd010]
Jul 26 21:28:55 ubuntu kernel: [    4.184912] Detected VIPT I-cache on CPU31
Jul 26 21:28:55 ubuntu kernel: [    4.184995] GICv3: CPU31: found redistributor 10f region 0:0x0000000008480000
Jul 26 21:28:55 ubuntu kernel: [    4.185299] GICv3: CPU31: using allocated LPI pending table @0x000000051f810000
Jul 26 21:28:55 ubuntu kernel: [    4.185369] CPU31: Booted secondary processor 0x000000010f [0x481fd010]
Jul 26 21:28:55 ubuntu kernel: [    4.185558] smp: Brought up 1 node, 32 CPUs
Jul 26 21:28:55 ubuntu kernel: [    4.185670] SMP: Total of 32 processors activated.
Jul 26 21:28:55 ubuntu kernel: [    4.185674] CPU features: detected: Privileged Access Never
Jul 26 21:28:55 ubuntu kernel: [    4.185677] CPU features: detected: LSE atomic instructions
Jul 26 21:28:55 ubuntu kernel: [    4.185679] CPU features: detected: User Access Override
Jul 26 21:28:55 ubuntu kernel: [    4.185683] CPU features: detected: Common not Private translations
Jul 26 21:28:55 ubuntu kernel: [    4.185686] CPU features: detected: Data cache clean to Point of Persistence
Jul 26 21:28:55 ubuntu kernel: [    4.185688] CPU features: detected: RAS Extension Support
Jul 26 21:28:55 ubuntu kernel: [    4.185691] CPU features: detected: CRC32 instructions
Jul 26 21:28:55 ubuntu kernel: [    4.315016] CPU: All CPU(s) started at EL1
Jul 26 21:28:55 ubuntu kernel: [    4.344505] alternatives: patching kernel code
Jul 26 21:28:55 ubuntu kernel: [    4.362735] devtmpfs: initialized
Jul 26 21:28:55 ubuntu kernel: [    4.363424] Registered cp15_barrier emulation handler
Jul 26 21:28:55 ubuntu kernel: [    4.363524] Registered setend emulation handler
Jul 26 21:28:55 ubuntu kernel: [    4.363528] KASLR disabled due to lack of seed
Jul 26 21:28:55 ubuntu kernel: [    4.363917] clocksource: jiffies: mask: 0xffffffff max_cycles: 0xffffffff, max_idle_ns: 7645041785100000 ns
Jul 26 21:28:55 ubuntu kernel: [    4.364207] futex hash table entries: 8192 (order: 7, 524288 bytes, linear)
Jul 26 21:28:55 ubuntu kernel: [    4.364890] pinctrl core: initialized pinctrl subsystem
Jul 26 21:28:55 ubuntu kernel: [    4.365056] thermal_sys: Registered thermal governor 'fair_share'
Jul 26 21:28:55 ubuntu kernel: [    4.365057] thermal_sys: Registered thermal governor 'bang_bang'
Jul 26 21:28:55 ubuntu kernel: [    4.365058] thermal_sys: Registered thermal governor 'step_wise'
Jul 26 21:28:55 ubuntu kernel: [    4.365060] thermal_sys: Registered thermal governor 'user_space'
Jul 26 21:28:55 ubuntu kernel: [    4.365114] SMBIOS 3.0.0 present.
Jul 26 21:28:55 ubuntu kernel: [    4.365118] DMI: QEMU KVM Virtual Machine, BIOS 0.0.0 02/06/2015
Jul 26 21:28:55 ubuntu kernel: [    4.365480] NET: Registered protocol family 16
Jul 26 21:28:55 ubuntu kernel: [    4.366710] DMA: preallocated 256 KiB pool for atomic allocations
Jul 26 21:28:55 ubuntu kernel: [    4.366713] audit: initializing netlink subsys (disabled)
Jul 26 21:28:55 ubuntu kernel: [    4.366821] audit: type=2000 audit(4.288:1): state=initialized audit_enabled=0 res=1
Jul 26 21:28:55 ubuntu rsyslogd: rsyslogd's userid changed to 102
Jul 26 21:28:55 ubuntu kernel: [    4.367000] cpuidle: using governor ladder
Jul 26 21:28:55 ubuntu kernel: [    4.367011] cpuidle: using governor menu
Jul 26 21:28:55 ubuntu kernel: [    4.367052] hw-breakpoint: found 6 breakpoint and 4 watchpoint registers.
Jul 26 21:28:55 ubuntu kernel: [    4.368158] ASID allocator initialised with 65536 entries
Jul 26 21:28:55 ubuntu kernel: [    4.368231] ACPI: bus type PCI registered
Jul 26 21:28:55 ubuntu kernel: [    4.368233] acpiphp: ACPI Hot Plug PCI Controller Driver version: 0.5
Jul 26 21:28:55 ubuntu kernel: [    4.368304] Serial: AMBA PL011 UART driver
Jul 26 21:28:55 ubuntu kernel: [    4.371523] HugeTLB registered 1.00 GiB page size, pre-allocated 0 pages
Jul 26 21:28:55 ubuntu kernel: [    4.371525] HugeTLB registered 32.0 MiB page size, pre-allocated 0 pages
Jul 26 21:28:55 ubuntu kernel: [    4.371527] HugeTLB registered 2.00 MiB page size, pre-allocated 0 pages
Jul 26 21:28:55 ubuntu kernel: [    4.371528] HugeTLB registered 64.0 KiB page size, pre-allocated 0 pages
Jul 26 21:28:55 ubuntu kernel: [    4.382328] ACPI: Added _OSI(Module Device)
Jul 26 21:28:55 ubuntu kernel: [    4.382331] ACPI: Added _OSI(Processor Device)
Jul 26 21:28:55 ubuntu kernel: [    4.382332] ACPI: Added _OSI(3.0 _SCP Extensions)
Jul 26 21:28:55 ubuntu kernel: [    4.382334] ACPI: Added _OSI(Processor Aggregator Device)
Jul 26 21:28:55 ubuntu kernel: [    4.382335] ACPI: Added _OSI(Linux-Dell-Video)
Jul 26 21:28:55 ubuntu kernel: [    4.382337] ACPI: Added _OSI(Linux-Lenovo-NV-HDMI-Audio)
Jul 26 21:28:55 ubuntu kernel: [    4.382338] ACPI: Added _OSI(Linux-HPI-Hybrid-Graphics)
Jul 26 21:28:55 ubuntu kernel: [    4.382990] ACPI: 1 ACPI AML tables successfully acquired and loaded
Jul 26 21:28:55 ubuntu kernel: [    4.383477] ACPI: Interpreter enabled
Jul 26 21:28:55 ubuntu kernel: [    4.383478] ACPI: Using GIC for interrupt routing
Jul 26 21:28:55 ubuntu kernel: [    4.383491] ACPI: MCFG table detected, 1 entries
Jul 26 21:28:55 ubuntu kernel: [    4.387322] ARMH0011:00: ttyAMA0 at MMIO 0x9000000 (irq = 4, base_baud = 0) is a SBSA
Jul 26 21:28:55 ubuntu kernel: [    4.539049] printk: console [ttyAMA0] enabled
Jul 26 21:28:55 ubuntu kernel: [    4.541086] ACPI: PCI Root Bridge [PCI0] (domain 0000 [bus 00-0f])
Jul 26 21:28:55 ubuntu kernel: [    4.541722] acpi PNP0A08:00: _OSC: OS supports [ExtendedConfig ASPM ClockPM Segments MSI HPX-Type3]
Jul 26 21:28:55 ubuntu kernel: [    4.542665] acpi PNP0A08:00: _OSC: platform does not support [SHPCHotplug LTR]
Jul 26 21:28:55 ubuntu kernel: [    4.543424] acpi PNP0A08:00: _OSC: OS now controls [PCIeHotplug PME AER PCIeCapability]
Jul 26 21:28:55 ubuntu kernel: [    4.544422] acpi PNP0A08:00: ECAM area [mem 0x3f000000-0x3fffffff] reserved by PNP0C02:00
Jul 26 21:28:55 ubuntu rsyslogd:  [origin software="rsyslogd" swVersion="8.32.0" x-pid="1214" x-info="http://www.rsyslog.com"] start
Jul 26 21:28:55 ubuntu kernel: [    4.545356] acpi PNP0A08:00: ECAM at [mem 0x3f000000-0x3fffffff] for [bus 00-0f]
Jul 26 21:28:55 ubuntu kernel: [    4.546093] Remapped I/O 0x000000003eff0000 to [io  0x0000-0xffff window]
Jul 26 21:28:55 ubuntu kernel: [    4.546814] PCI host bridge to bus 0000:00
Jul 26 21:28:55 ubuntu kernel: [    4.547200] pci_bus 0000:00: root bus resource [mem 0x10000000-0x3efeffff window]
Jul 26 21:28:55 ubuntu kernel: [    4.547892] pci_bus 0000:00: root bus resource [io  0x0000-0xffff window]
Jul 26 21:28:55 ubuntu kernel: [    4.548532] pci_bus 0000:00: root bus resource [mem 0x8000000000-0xffffffffff window]
Jul 26 21:28:55 ubuntu kernel: [    4.549257] pci_bus 0000:00: root bus resource [bus 00-0f]
Jul 26 21:28:55 ubuntu kernel: [    4.549886] pci 0000:00:00.0: [1b36:0008] type 00 class 0x060000
Jul 26 21:28:55 ubuntu kernel: [    4.550662] pci 0000:00:01.0: [1b36:000c] type 01 class 0x060400
Jul 26 21:28:55 ubuntu kernel: [    4.552578] pci 0000:00:01.0: reg 0x10: [mem 0x10303000-0x10303fff]
Jul 26 21:28:55 ubuntu kernel: [    4.555635] pci 0000:00:01.1: [1b36:000c] type 01 class 0x060400
Jul 26 21:28:55 ubuntu kernel: [    4.557455] pci 0000:00:01.1: reg 0x10: [mem 0x10302000-0x10302fff]
Jul 26 21:28:55 ubuntu kernel: [    4.560466] pci 0000:00:01.2: [1b36:000c] type 01 class 0x060400
Jul 26 21:28:55 ubuntu kernel: [    4.563035] pci 0000:00:01.2: reg 0x10: [mem 0x10301000-0x10301fff]
Jul 26 21:28:55 ubuntu kernel: [    4.565769] pci 0000:00:01.3: [1b36:000c] type 01 class 0x060400
Jul 26 21:28:55 ubuntu kernel: [    4.567372] pci 0000:00:01.3: reg 0x10: [mem 0x10300000-0x10300fff]
Jul 26 21:28:55 ubuntu kernel: [    4.570762] pci 0000:01:00.0: [1af4:1041] type 00 class 0x020000
Jul 26 21:28:55 ubuntu kernel: [    4.572800] pci 0000:01:00.0: reg 0x14: [mem 0x10200000-0x10200fff]
Jul 26 21:28:55 ubuntu kernel: [    4.576060] pci 0000:01:00.0: reg 0x20: [mem 0x8000000000-0x8000003fff 64bit pref]
Jul 26 21:28:55 ubuntu kernel: [    4.577456] pci 0000:01:00.0: reg 0x30: [mem 0xfff80000-0xffffffff pref]
Jul 26 21:28:55 ubuntu kernel: [    4.579115] pci 0000:02:00.0: [1b36:000d] type 00 class 0x0c0330
Jul 26 21:28:55 ubuntu kernel: [    4.579783] pci 0000:02:00.0: reg 0x10: [mem 0x10100000-0x10103fff 64bit]
Jul 26 21:28:55 ubuntu kernel: [    4.581412] pci 0000:03:00.0: [1af4:1048] type 00 class 0x010000
Jul 26 21:28:55 ubuntu kernel: [    4.583273] pci 0000:03:00.0: reg 0x14: [mem 0x10000000-0x10000fff]
Jul 26 21:28:55 ubuntu kernel: [    4.586358] pci 0000:03:00.0: reg 0x20: [mem 0x8000100000-0x8000103fff 64bit pref]
Jul 26 21:28:55 ubuntu kernel: [    4.590469] pci 0000:00:01.0: bridge window [io  0x1000-0x0fff] to [bus 01] add_size 1000
Jul 26 21:28:55 ubuntu kernel: [    4.591300] pci 0000:00:01.0: bridge window [mem 0x00100000-0x001fffff 64bit pref] to [bus 01] add_size 100000 add_align 100000
Jul 26 21:28:55 ubuntu kernel: [    4.592538] pci 0000:00:01.0: bridge window [mem 0x00100000-0x001fffff] to [bus 01] add_size 100000 add_align 100000
Jul 26 21:28:55 ubuntu kernel: [    4.593641] pci 0000:00:01.1: bridge window [io  0x1000-0x0fff] to [bus 02] add_size 1000
Jul 26 21:28:55 ubuntu kernel: [    4.595004] pci 0000:00:01.1: bridge window [mem 0x00100000-0x000fffff 64bit pref] to [bus 02] add_size 200000 add_align 100000
Jul 26 21:28:55 ubuntu kernel: [    4.596058] pci 0000:00:01.1: bridge window [mem 0x00100000-0x001fffff] to [bus 02] add_size 100000 add_align 100000
Jul 26 21:28:55 ubuntu kernel: [    4.597076] pci 0000:00:01.2: bridge window [io  0x1000-0x0fff] to [bus 03] add_size 1000
Jul 26 21:28:55 ubuntu kernel: [    4.597893] pci 0000:00:01.2: bridge window [mem 0x00100000-0x001fffff 64bit pref] to [bus 03] add_size 100000 add_align 100000
Jul 26 21:28:55 ubuntu kernel: [    4.598952] pci 0000:00:01.2: bridge window [mem 0x00100000-0x001fffff] to [bus 03] add_size 100000 add_align 100000
Jul 26 21:28:55 ubuntu kernel: [    4.599912] pci 0000:00:01.3: bridge window [io  0x1000-0x0fff] to [bus 04] add_size 1000
Jul 26 21:28:55 ubuntu kernel: [    4.600668] pci 0000:00:01.3: bridge window [mem 0x00100000-0x000fffff 64bit pref] to [bus 04] add_size 200000 add_align 100000
Jul 26 21:28:55 ubuntu kernel: [    4.601841] pci 0000:00:01.3: bridge window [mem 0x00100000-0x000fffff] to [bus 04] add_size 200000 add_align 100000
Jul 26 21:28:55 ubuntu kernel: [    4.602834] pci 0000:00:01.0: BAR 14: assigned [mem 0x10000000-0x101fffff]
Jul 26 21:28:55 ubuntu kernel: [    4.603506] pci 0000:00:01.0: BAR 15: assigned [mem 0x8000000000-0x80001fffff 64bit pref]
Jul 26 21:28:55 ubuntu kernel: [    4.604295] pci 0000:00:01.1: BAR 14: assigned [mem 0x10200000-0x103fffff]
Jul 26 21:28:55 ubuntu kernel: [    4.604967] pci 0000:00:01.1: BAR 15: assigned [mem 0x8000200000-0x80003fffff 64bit pref]
Jul 26 21:28:55 ubuntu kernel: [    4.605750] pci 0000:00:01.2: BAR 14: assigned [mem 0x10400000-0x105fffff]
Jul 26 21:28:55 ubuntu kernel: [    4.606478] pci 0000:00:01.2: BAR 15: assigned [mem 0x8000400000-0x80005fffff 64bit pref]
Jul 26 21:28:55 ubuntu kernel: [    4.607260] pci 0000:00:01.3: BAR 14: assigned [mem 0x10600000-0x107fffff]
Jul 26 21:28:55 ubuntu kernel: [    4.607920] pci 0000:00:01.3: BAR 15: assigned [mem 0x8000600000-0x80007fffff 64bit pref]
Jul 26 21:28:55 ubuntu kernel: [    4.608715] pci 0000:00:01.0: BAR 0: assigned [mem 0x10800000-0x10800fff]
Jul 26 21:28:55 ubuntu kernel: [    4.609760] pci 0000:00:01.0: BAR 13: assigned [io  0x1000-0x1fff]
Jul 26 21:28:55 ubuntu kernel: [    4.610376] pci 0000:00:01.1: BAR 0: assigned [mem 0x10801000-0x10801fff]
Jul 26 21:28:55 ubuntu kernel: [    4.611363] pci 0000:00:01.1: BAR 13: assigned [io  0x2000-0x2fff]
Jul 26 21:28:55 ubuntu kernel: [    4.611969] pci 0000:00:01.2: BAR 0: assigned [mem 0x10802000-0x10802fff]
Jul 26 21:28:55 ubuntu kernel: [    4.612877] pci 0000:00:01.2: BAR 13: assigned [io  0x3000-0x3fff]
Jul 26 21:28:55 ubuntu kernel: [    4.613504] pci 0000:00:01.3: BAR 0: assigned [mem 0x10803000-0x10803fff]
Jul 26 21:28:55 ubuntu kernel: [    4.614433] pci 0000:00:01.3: BAR 13: assigned [io  0x4000-0x4fff]
Jul 26 21:28:55 ubuntu kernel: [    4.615016] pci 0000:01:00.0: BAR 6: assigned [mem 0x10000000-0x1007ffff pref]
Jul 26 21:28:55 ubuntu kernel: [    4.615731] pci 0000:01:00.0: BAR 4: assigned [mem 0x8000000000-0x8000003fff 64bit pref]
Jul 26 21:28:55 ubuntu kernel: [    4.617018] pci 0000:01:00.0: BAR 1: assigned [mem 0x10080000-0x10080fff]
Jul 26 21:28:55 ubuntu kernel: [    4.617981] pci 0000:00:01.0: PCI bridge to [bus 01]
Jul 26 21:28:55 ubuntu kernel: [    4.618462] pci 0000:00:01.0:   bridge window [io  0x1000-0x1fff]
Jul 26 21:28:55 ubuntu kernel: [    4.619531] pci 0000:00:01.0:   bridge window [mem 0x10000000-0x101fffff]
Jul 26 21:28:55 ubuntu kernel: [    4.620912] pci 0000:00:01.0:   bridge window [mem 0x8000000000-0x80001fffff 64bit pref]
Jul 26 21:28:55 ubuntu kernel: [    4.622441] pci 0000:02:00.0: BAR 0: assigned [mem 0x10200000-0x10203fff 64bit]
Jul 26 21:28:55 ubuntu kernel: [    4.623147] pci 0000:00:01.1: PCI bridge to [bus 02]
Jul 26 21:28:55 ubuntu kernel: [    4.623605] pci 0000:00:01.1:   bridge window [io  0x2000-0x2fff]
Jul 26 21:28:55 ubuntu kernel: [    4.624704] pci 0000:00:01.1:   bridge window [mem 0x10200000-0x103fffff]
Jul 26 21:28:55 ubuntu kernel: [    4.625752] pci 0000:00:01.1:   bridge window [mem 0x8000200000-0x80003fffff 64bit pref]
Jul 26 21:28:55 ubuntu kernel: [    4.627205] pci 0000:03:00.0: BAR 4: assigned [mem 0x8000400000-0x8000403fff 64bit pref]
Jul 26 21:28:55 ubuntu kernel: [    4.628480] pci 0000:03:00.0: BAR 1: assigned [mem 0x10400000-0x10400fff]
Jul 26 21:28:55 ubuntu kernel: [    4.629465] pci 0000:00:01.2: PCI bridge to [bus 03]
Jul 26 21:28:55 ubuntu kernel: [    4.629942] pci 0000:00:01.2:   bridge window [io  0x3000-0x3fff]
Jul 26 21:28:55 ubuntu kernel: [    4.631531] pci 0000:00:01.2:   bridge window [mem 0x10400000-0x105fffff]
Jul 26 21:28:55 ubuntu kernel: [    4.632531] pci 0000:00:01.2:   bridge window [mem 0x8000400000-0x80005fffff 64bit pref]
Jul 26 21:28:55 ubuntu kernel: [    4.634076] pci 0000:00:01.3: PCI bridge to [bus 04]
Jul 26 21:28:55 ubuntu kernel: [    4.634568] pci 0000:00:01.3:   bridge window [io  0x4000-0x4fff]
Jul 26 21:28:55 ubuntu kernel: [    4.635655] pci 0000:00:01.3:   bridge window [mem 0x10600000-0x107fffff]
Jul 26 21:28:55 ubuntu kernel: [    4.636683] pci 0000:00:01.3:   bridge window [mem 0x8000600000-0x80007fffff 64bit pref]
Jul 26 21:28:55 ubuntu kernel: [    4.638263] pci_bus 0000:00: resource 4 [mem 0x10000000-0x3efeffff window]
Jul 26 21:28:55 ubuntu kernel: [    4.638968] pci_bus 0000:00: resource 5 [io  0x0000-0xffff window]
Jul 26 21:28:55 ubuntu kernel: [    4.639571] pci_bus 0000:00: resource 6 [mem 0x8000000000-0xffffffffff window]
Jul 26 21:28:55 ubuntu kernel: [    4.640271] pci_bus 0000:01: resource 0 [io  0x1000-0x1fff]
Jul 26 21:28:55 ubuntu kernel: [    4.641193] pci_bus 0000:01: resource 1 [mem 0x10000000-0x101fffff]
Jul 26 21:28:55 ubuntu kernel: [    4.641864] pci_bus 0000:01: resource 2 [mem 0x8000000000-0x80001fffff 64bit pref]
Jul 26 21:28:55 ubuntu kernel: [    4.642635] pci_bus 0000:02: resource 0 [io  0x2000-0x2fff]
Jul 26 21:28:55 ubuntu kernel: [    4.643170] pci_bus 0000:02: resource 1 [mem 0x10200000-0x103fffff]
Jul 26 21:28:55 ubuntu kernel: [    4.643774] pci_bus 0000:02: resource 2 [mem 0x8000200000-0x80003fffff 64bit pref]
Jul 26 21:28:55 ubuntu kernel: [    4.644536] pci_bus 0000:03: resource 0 [io  0x3000-0x3fff]
Jul 26 21:28:55 ubuntu kernel: [    4.645070] pci_bus 0000:03: resource 1 [mem 0x10400000-0x105fffff]
Jul 26 21:28:55 ubuntu kernel: [    4.645755] pci_bus 0000:03: resource 2 [mem 0x8000400000-0x80005fffff 64bit pref]
Jul 26 21:28:55 ubuntu kernel: [    4.646560] pci_bus 0000:04: resource 0 [io  0x4000-0x4fff]
Jul 26 21:28:55 ubuntu kernel: [    4.647089] pci_bus 0000:04: resource 1 [mem 0x10600000-0x107fffff]
Jul 26 21:28:55 ubuntu kernel: [    4.647681] pci_bus 0000:04: resource 2 [mem 0x8000600000-0x80007fffff 64bit pref]
Jul 26 21:28:55 ubuntu kernel: [    4.648465] ACPI: PCI Interrupt Link [GSI0] (IRQs *35)
Jul 26 21:28:55 ubuntu kernel: [    4.648985] ACPI: PCI Interrupt Link [GSI1] (IRQs *36)
Jul 26 21:28:55 ubuntu kernel: [    4.649507] ACPI: PCI Interrupt Link [GSI2] (IRQs *37)
Jul 26 21:28:55 ubuntu kernel: [    4.650011] ACPI: PCI Interrupt Link [GSI3] (IRQs *38)
Jul 26 21:28:55 ubuntu kernel: [    4.651419] iommu: Default domain type: Translated 
Jul 26 21:28:55 ubuntu kernel: [    4.651988] vgaarb: loaded
Jul 26 21:28:55 ubuntu kernel: [    4.652611] SCSI subsystem initialized
Jul 26 21:28:55 ubuntu kernel: [    4.653328] libata version 3.00 loaded.
Jul 26 21:28:55 ubuntu kernel: [    4.653353] ACPI: bus type USB registered
Jul 26 21:28:55 ubuntu kernel: [    4.653775] usbcore: registered new interface driver usbfs
Jul 26 21:28:55 ubuntu kernel: [    4.654311] usbcore: registered new interface driver hub
Jul 26 21:28:55 ubuntu kernel: [    4.655160] usbcore: registered new device driver usb
Jul 26 21:28:55 ubuntu kernel: [    4.655695] pps_core: LinuxPPS API ver. 1 registered
Jul 26 21:28:55 ubuntu kernel: [    4.656156] pps_core: Software ver. 5.3.6 - Copyright 2005-2007 Rodolfo Giometti <giometti@linux.it>
Jul 26 21:28:55 ubuntu kernel: [    4.657011] PTP clock support registered
Jul 26 21:28:55 ubuntu kernel: [    4.657908] EDAC MC: Ver: 3.0.0
Jul 26 21:28:55 ubuntu kernel: [    4.658573] Registered efivars operations
Jul 26 21:28:55 ubuntu kernel: [    4.660296] NetLabel: Initializing
Jul 26 21:28:55 ubuntu kernel: [    4.660642] NetLabel:  domain hash size = 128
Jul 26 21:28:55 ubuntu kernel: [    4.661065] NetLabel:  protocols = UNLABELED CIPSOv4 CALIPSO
Jul 26 21:28:55 ubuntu kernel: [    4.661683] NetLabel:  unlabeled traffic allowed by default
Jul 26 21:28:55 ubuntu kernel: [    4.708592] clocksource: Switched to clocksource arch_sys_counter
Jul 26 21:28:55 ubuntu kernel: [    4.725525] VFS: Disk quotas dquot_6.6.0
Jul 26 21:28:55 ubuntu kernel: [    4.725994] VFS: Dquot-cache hash table entries: 512 (order 0, 4096 bytes)
Jul 26 21:28:55 ubuntu kernel: [    4.726809] AppArmor: AppArmor Filesystem Enabled
Jul 26 21:28:55 ubuntu kernel: [    4.727298] pnp: PnP ACPI init
Jul 26 21:28:55 ubuntu kernel: [    4.727756] system 00:00: [mem 0x3f000000-0x3fffffff] could not be reserved
Jul 26 21:28:55 ubuntu kernel: [    4.728409] system 00:00: Plug and Play ACPI device, IDs PNP0c02 (active)
Jul 26 21:28:55 ubuntu kernel: [    4.728416] pnp: PnP ACPI: found 1 devices
Jul 26 21:28:55 ubuntu kernel: [    4.731012] NET: Registered protocol family 2
Jul 26 21:28:55 ubuntu kernel: [    4.731806] tcp_listen_portaddr_hash hash table entries: 16384 (order: 6, 262144 bytes, linear)
Jul 26 21:28:55 ubuntu kernel: [    4.733164] TCP established hash table entries: 262144 (order: 9, 2097152 bytes, linear)
Jul 26 21:28:55 ubuntu kernel: [    4.734522] TCP bind hash table entries: 65536 (order: 8, 1048576 bytes, linear)
Jul 26 21:28:55 ubuntu kernel: [    4.735354] TCP: Hash tables configured (established 262144 bind 65536)
Jul 26 21:28:55 ubuntu kernel: [    4.736088] UDP hash table entries: 16384 (order: 7, 524288 bytes, linear)
Jul 26 21:28:55 ubuntu kernel: [    4.737184] UDP-Lite hash table entries: 16384 (order: 7, 524288 bytes, linear)
Jul 26 21:28:55 ubuntu kernel: [    4.738500] NET: Registered protocol family 1
Jul 26 21:28:55 ubuntu kernel: [    4.739159] NET: Registered protocol family 44
Jul 26 21:28:55 ubuntu kernel: [    4.739882] pci 0000:02:00.0: enabling device (0000 -> 0002)
Jul 26 21:28:55 ubuntu kernel: [    4.741364] PCI: CLS 0 bytes, default 64
Jul 26 21:28:55 ubuntu kernel: [    4.742057] Trying to unpack rootfs image as initramfs...
Jul 26 21:28:55 ubuntu kernel: [    5.639024] Freeing initrd memory: 60944K
Jul 26 21:28:55 ubuntu kernel: [    5.665560] hw perfevents: enabled with armv8_pmuv3_0 PMU driver, 13 counters available
Jul 26 21:28:55 ubuntu kernel: [    5.666900] kvm [1]: HYP mode not available
Jul 26 21:28:55 ubuntu kernel: [    5.667889] Initialise system trusted keyrings
Jul 26 21:28:55 ubuntu kernel: [    5.668287] Key type blacklist registered
Jul 26 21:28:55 ubuntu kernel: [    5.668778] workingset: timestamp_bits=40 max_order=23 bucket_order=0
Jul 26 21:28:55 ubuntu kernel: [    5.671153] zbud: loaded
Jul 26 21:28:55 ubuntu kernel: [    5.671796] squashfs: version 4.0 (2009/01/31) Phillip Lougher
Jul 26 21:28:55 ubuntu kernel: [    5.672688] fuse: init (API version 7.31)
Jul 26 21:28:55 ubuntu kernel: [    5.673668] integrity: Platform Keyring initialized
Jul 26 21:28:55 ubuntu kernel: [    5.683971] Key type asymmetric registered
Jul 26 21:28:55 ubuntu kernel: [    5.684877] Asymmetric key parser 'x509' registered
Jul 26 21:28:55 ubuntu kernel: [    5.685696] Block layer SCSI generic (bsg) driver version 0.4 loaded (major 244)
Jul 26 21:28:55 ubuntu kernel: [    5.687416] io scheduler mq-deadline registered
Jul 26 21:28:55 ubuntu kernel: [    5.690922] pl061_gpio ARMH0061:00: PL061 GPIO chip registered
Jul 26 21:28:55 ubuntu kernel: [    5.692192] PCI Interrupt Link [GSI1] enabled at IRQ 36
Jul 26 21:28:55 ubuntu kernel: [    5.693624] pcieport 0000:00:01.0: PME: Signaling with IRQ 44
Jul 26 21:28:55 ubuntu kernel: [    5.694347] pcieport 0000:00:01.0: AER: enabled with IRQ 44
Jul 26 21:28:55 ubuntu kernel: [    5.694915] pcieport 0000:00:01.0: pciehp: Slot #0 AttnBtn+ PwrCtrl+ MRL- AttnInd+ PwrInd+ HotPlug+ Surprise+ Interlock+ NoCompl- IbPresDis- LLActRep-
Jul 26 21:28:55 ubuntu kernel: [    5.697084] pcieport 0000:00:01.1: PME: Signaling with IRQ 45
Jul 26 21:28:55 ubuntu kernel: [    5.697810] pcieport 0000:00:01.1: AER: enabled with IRQ 45
Jul 26 21:28:55 ubuntu kernel: [    5.698373] pcieport 0000:00:01.1: pciehp: Slot #0 AttnBtn+ PwrCtrl+ MRL- AttnInd+ PwrInd+ HotPlug+ Surprise+ Interlock+ NoCompl- IbPresDis- LLActRep-
Jul 26 21:28:55 ubuntu kernel: [    5.700470] pcieport 0000:00:01.2: PME: Signaling with IRQ 46
Jul 26 21:28:55 ubuntu kernel: [    5.701241] pcieport 0000:00:01.2: AER: enabled with IRQ 46
Jul 26 21:28:55 ubuntu kernel: [    5.701812] pcieport 0000:00:01.2: pciehp: Slot #0 AttnBtn+ PwrCtrl+ MRL- AttnInd+ PwrInd+ HotPlug+ Surprise+ Interlock+ NoCompl- IbPresDis- LLActRep-
Jul 26 21:28:55 ubuntu kernel: [    5.703912] pcieport 0000:00:01.3: PME: Signaling with IRQ 47
Jul 26 21:28:55 ubuntu kernel: [    5.704664] pcieport 0000:00:01.3: AER: enabled with IRQ 47
Jul 26 21:28:55 ubuntu kernel: [    5.705234] pcieport 0000:00:01.3: pciehp: Slot #0 AttnBtn+ PwrCtrl+ MRL- AttnInd+ PwrInd+ HotPlug+ Surprise+ Interlock+ NoCompl- IbPresDis- LLActRep-
Jul 26 21:28:55 ubuntu kernel: [    5.706627] pcieport 0000:00:01.3: pciehp: Slot(0-3): Link Up
Jul 26 21:28:55 ubuntu kernel: [    5.707077] shpchp: Standard Hot Plug PCI Controller Driver version: 0.4
Jul 26 21:28:55 ubuntu kernel: [    5.708464] input: Power Button as /devices/LNXSYSTM:00/LNXSYBUS:00/PNP0C0C:00/input/input0
Jul 26 21:28:55 ubuntu kernel: [    5.709366] ACPI: Power Button [PWRB]
Jul 26 21:28:55 ubuntu kernel: [    5.714318] Serial: 8250/16550 driver, 32 ports, IRQ sharing enabled
Jul 26 21:28:55 ubuntu kernel: [    5.716716] msm_serial: driver initialized
Jul 26 21:28:55 ubuntu kernel: [    5.717587] cacheinfo: Unable to detect cache hierarchy for CPU 0
Jul 26 21:28:55 ubuntu kernel: [    5.723122] loop: module loaded
Jul 26 21:28:55 ubuntu kernel: [    5.723913] libphy: Fixed MDIO Bus: probed
Jul 26 21:28:55 ubuntu kernel: [    5.724317] tun: Universal TUN/TAP device driver, 1.6
Jul 26 21:28:55 ubuntu kernel: [    5.725171] PPP generic driver version 2.4.2
Jul 26 21:28:55 ubuntu kernel: [    5.725798] ehci_hcd: USB 2.0 'Enhanced' Host Controller (EHCI) Driver
Jul 26 21:28:55 ubuntu kernel: [    5.726620] ehci-pci: EHCI PCI platform driver
Jul 26 21:28:55 ubuntu kernel: [    5.727190] ehci-orion: EHCI orion driver
Jul 26 21:28:55 ubuntu kernel: [    5.727698] ohci_hcd: USB 1.1 'Open' Host Controller (OHCI) Driver
Jul 26 21:28:55 ubuntu kernel: [    5.728465] ohci-pci: OHCI PCI platform driver
Jul 26 21:28:55 ubuntu kernel: [    5.729099] uhci_hcd: USB Universal Host Controller Interface driver
Jul 26 21:28:55 ubuntu kernel: [    5.730553] xhci_hcd 0000:02:00.0: xHCI Host Controller
Jul 26 21:28:55 ubuntu kernel: [    5.731221] xhci_hcd 0000:02:00.0: new USB bus registered, assigned bus number 1
Jul 26 21:28:55 ubuntu kernel: [    5.732366] xhci_hcd 0000:02:00.0: hcc params 0x00087001 hci version 0x100 quirks 0x0000000000000010
Jul 26 21:28:55 ubuntu kernel: [    5.734276] usb usb1: New USB device found, idVendor=1d6b, idProduct=0002, bcdDevice= 5.07
Jul 26 21:28:55 ubuntu kernel: [    5.735074] usb usb1: New USB device strings: Mfr=3, Product=2, SerialNumber=1
Jul 26 21:28:55 ubuntu kernel: [    5.735766] usb usb1: Product: xHCI Host Controller
Jul 26 21:28:55 ubuntu kernel: [    5.736233] usb usb1: Manufacturer: Linux 5.7.1 xhci-hcd
Jul 26 21:28:55 ubuntu kernel: [    5.736782] usb usb1: SerialNumber: 0000:02:00.0
Jul 26 21:28:55 ubuntu kernel: [    5.737343] hub 1-0:1.0: USB hub found
Jul 26 21:28:55 ubuntu kernel: [    5.737732] hub 1-0:1.0: 8 ports detected
Jul 26 21:28:55 ubuntu kernel: [    5.738423] xhci_hcd 0000:02:00.0: xHCI Host Controller
Jul 26 21:28:55 ubuntu kernel: [    5.738930] xhci_hcd 0000:02:00.0: new USB bus registered, assigned bus number 2
Jul 26 21:28:55 ubuntu kernel: [    5.739636] xhci_hcd 0000:02:00.0: Host supports USB 3.0 SuperSpeed
Jul 26 21:28:55 ubuntu kernel: [    5.740250] usb usb2: We don't know the algorithms for LPM for this host, disabling LPM.
Jul 26 21:28:55 ubuntu kernel: [    5.741136] usb usb2: New USB device found, idVendor=1d6b, idProduct=0003, bcdDevice= 5.07
Jul 26 21:28:55 ubuntu kernel: [    5.741931] usb usb2: New USB device strings: Mfr=3, Product=2, SerialNumber=1
Jul 26 21:28:55 ubuntu kernel: [    5.742620] usb usb2: Product: xHCI Host Controller
Jul 26 21:28:55 ubuntu kernel: [    5.743087] usb usb2: Manufacturer: Linux 5.7.1 xhci-hcd
Jul 26 21:28:55 ubuntu kernel: [    5.743594] usb usb2: SerialNumber: 0000:02:00.0
Jul 26 21:28:55 ubuntu kernel: [    5.744352] hub 2-0:1.0: USB hub found
Jul 26 21:28:55 ubuntu kernel: [    5.744784] hub 2-0:1.0: 8 ports detected
Jul 26 21:28:55 ubuntu kernel: [    5.745590] mousedev: PS/2 mouse device common for all mice
Jul 26 21:28:55 ubuntu kernel: [    5.746437] rtc-efi rtc-efi.0: registered as rtc0
Jul 26 21:28:55 ubuntu kernel: [    5.747094] rtc-efi rtc-efi.0: setting system clock to 2021-07-26T13:28:50 UTC (1627306130)
Jul 26 21:28:55 ubuntu kernel: [    5.747978] i2c /dev entries driver
Jul 26 21:28:55 ubuntu kernel: [    5.748540] device-mapper: uevent: version 1.0.3
Jul 26 21:28:55 ubuntu kernel: [    5.749113] device-mapper: ioctl: 4.42.0-ioctl (2020-02-27) initialised: dm-devel@redhat.com
Jul 26 21:28:55 ubuntu kernel: [    5.750910] ledtrig-cpu: registered to indicate activity on CPUs
Jul 26 21:28:55 ubuntu kernel: [    5.751568] EFI Variables Facility v0.08 2004-May-17
Jul 26 21:28:55 ubuntu kernel: [    5.756394] NET: Registered protocol family 10
Jul 26 21:28:55 ubuntu kernel: [    5.769765] Segment Routing with IPv6
Jul 26 21:28:55 ubuntu kernel: [    5.770736] NET: Registered protocol family 17
Jul 26 21:28:55 ubuntu kernel: [    5.772064] Key type dns_resolver registered
Jul 26 21:28:55 ubuntu kernel: [    5.773493] registered taskstats version 1
Jul 26 21:28:55 ubuntu kernel: [    5.774600] Loading compiled-in X.509 certificates
Jul 26 21:28:55 ubuntu kernel: [    5.778169] Loaded X.509 cert 'Build time autogenerated kernel key: 5fc9bbbf10d23f3f9dda6c889ba5358a20950e89'
Jul 26 21:28:55 ubuntu kernel: [    5.779793] zswap: loaded using pool lzo/zbud
Jul 26 21:28:55 ubuntu kernel: [    5.781178] Key type ._fscrypt registered
Jul 26 21:28:55 ubuntu kernel: [    5.781772] Key type .fscrypt registered
Jul 26 21:28:55 ubuntu kernel: [    5.782330] Key type fscrypt-provisioning registered
Jul 26 21:28:55 ubuntu kernel: [    5.791439] cryptd: max_cpu_qlen set to 1000
Jul 26 21:28:55 ubuntu kernel: [    5.874952] Key type big_key registered
Jul 26 21:28:55 ubuntu kernel: [    5.886057] Key type encrypted registered
Jul 26 21:28:55 ubuntu kernel: [    5.886428] AppArmor: AppArmor sha1 policy hashing enabled
Jul 26 21:28:55 ubuntu kernel: [    5.887087] ima: No TPM chip found, activating TPM-bypass!
Jul 26 21:28:55 ubuntu kernel: [    5.887578] ima: Allocated hash algorithm: sha1
Jul 26 21:28:55 ubuntu kernel: [    5.887983] ima: No architecture policies found
Jul 26 21:28:55 ubuntu kernel: [    5.888411] evm: Initialising EVM extended attributes:
Jul 26 21:28:55 ubuntu kernel: [    5.888930] evm: security.selinux
Jul 26 21:28:55 ubuntu kernel: [    5.889222] evm: security.SMACK64
Jul 26 21:28:55 ubuntu kernel: [    5.889514] evm: security.SMACK64EXEC
Jul 26 21:28:55 ubuntu kernel: [    5.889834] evm: security.SMACK64TRANSMUTE
Jul 26 21:28:55 ubuntu kernel: [    5.890190] evm: security.SMACK64MMAP
Jul 26 21:28:55 ubuntu kernel: [    5.890508] evm: security.apparmor
Jul 26 21:28:55 ubuntu kernel: [    5.890805] evm: security.ima
Jul 26 21:28:55 ubuntu kernel: [    5.891065] evm: security.capability
Jul 26 21:28:55 ubuntu kernel: [    5.891377] evm: HMAC attrs: 0x1
Jul 26 21:28:55 ubuntu systemd[1]: Started Deferred execution scheduler.
Jul 26 21:28:55 ubuntu kernel: [    5.894859] Freeing unused kernel memory: 7040K
Jul 26 21:28:55 ubuntu kernel: [    5.955515] Checked W+X mappings: passed, no W+X pages found
Jul 26 21:28:55 ubuntu kernel: [    5.956042] Run /init as init process
Jul 26 21:28:55 ubuntu kernel: [    5.956351]   with arguments:
Jul 26 21:28:55 ubuntu kernel: [    5.956352]     /init
Jul 26 21:28:55 ubuntu kernel: [    5.956352]   with environment:
Jul 26 21:28:55 ubuntu kernel: [    5.956353]     HOME=/
Jul 26 21:28:55 ubuntu kernel: [    5.956354]     TERM=linux
Jul 26 21:28:55 ubuntu kernel: [    5.956355]     BOOT_IMAGE=/boot/vmlinuz-5.7.1
Jul 26 21:28:55 ubuntu kernel: [    6.075856] scsi host0: Virtio SCSI HBA
Jul 26 21:28:55 ubuntu kernel: [    6.077517] scsi 0:0:0:0: Direct-Access     QEMU     QEMU HARDDISK    2.5+ PQ: 0 ANSI: 5
Jul 26 21:28:55 ubuntu kernel: [    6.079125] scsi 0:0:0:1: CD-ROM            QEMU     QEMU CD-ROM      2.5+ PQ: 0 ANSI: 5
Jul 26 21:28:55 ubuntu kernel: [    6.103356] virtio_net virtio0 enp1s0: renamed from eth0
Jul 26 21:28:55 ubuntu kernel: [    6.107824] random: fast init done
Jul 26 21:28:55 ubuntu kernel: [    6.109373] sd 0:0:0:0: Attached scsi generic sg0 type 0
Jul 26 21:28:55 ubuntu kernel: [    6.109938] sd 0:0:0:0: Power-on or device reset occurred
Jul 26 21:28:55 ubuntu kernel: [    6.111618] sr 0:0:0:1: Power-on or device reset occurred
Jul 26 21:28:55 ubuntu kernel: [    6.112896] sr 0:0:0:1: [sr0] scsi3-mmc drive: 16x/50x cd/rw xa/form2 cdda tray
Jul 26 21:28:55 ubuntu kernel: [    6.113723] cdrom: Uniform CD-ROM driver Revision: 3.20
Jul 26 21:28:55 ubuntu kernel: [    6.114422] sd 0:0:0:0: [sda] 31457280 512-byte logical blocks: (16.1 GB/15.0 GiB)
Jul 26 21:28:55 ubuntu kernel: [    6.115178] sd 0:0:0:0: [sda] Write Protect is off
Jul 26 21:28:55 ubuntu kernel: [    6.115622] sd 0:0:0:0: [sda] Mode Sense: 63 00 00 08
Jul 26 21:28:55 ubuntu kernel: [    6.115691] sd 0:0:0:0: [sda] Write cache: enabled, read cache: enabled, doesn't support DPO or FUA
Jul 26 21:28:55 ubuntu kernel: [    6.142539] sr 0:0:0:1: Attached scsi CD-ROM sr0
Jul 26 21:28:55 ubuntu kernel: [    6.142895] sr 0:0:0:1: Attached scsi generic sg1 type 5
Jul 26 21:28:55 ubuntu kernel: [    6.151449]  sda: sda1 sda2
Jul 26 21:28:55 ubuntu kernel: [    6.154277] sd 0:0:0:0: [sda] Attached SCSI disk
Jul 26 21:28:55 ubuntu kernel: [    6.178172] random: lvm: uninitialized urandom read (4 bytes read)
Jul 26 21:28:55 ubuntu kernel: [    6.196819] random: lvm: uninitialized urandom read (2 bytes read)
Jul 26 21:28:55 ubuntu kernel: [    7.464549] raid6: neonx8   gen() 11730 MB/s
Jul 26 21:28:55 ubuntu kernel: [    7.532547] raid6: neonx8   xor()  8567 MB/s
Jul 26 21:28:55 ubuntu kernel: [    7.600554] raid6: neonx4   gen() 11155 MB/s
Jul 26 21:28:55 ubuntu kernel: [    7.668551] raid6: neonx4   xor()  7777 MB/s
Jul 26 21:28:55 ubuntu kernel: [    7.736536] raid6: neonx2   gen()  9430 MB/s
Jul 26 21:28:55 ubuntu kernel: [    7.816531] raid6: neonx2   xor()  6772 MB/s
Jul 26 21:28:55 ubuntu kernel: [    7.884543] raid6: neonx1   gen()  6946 MB/s
Jul 26 21:28:55 ubuntu kernel: [    7.952529] raid6: neonx1   xor()  2857 MB/s
Jul 26 21:28:55 ubuntu kernel: [    8.020593] raid6: int64x8  gen()  6020 MB/s
Jul 26 21:28:55 ubuntu kernel: [    8.088530] raid6: int64x8  xor()  3609 MB/s
Jul 26 21:28:55 ubuntu kernel: [    8.156535] raid6: int64x4  gen()  6951 MB/s
Jul 26 21:28:55 ubuntu kernel: [    8.224532] raid6: int64x4  xor()  3752 MB/s
Jul 26 21:28:55 ubuntu kernel: [    8.240817] pcieport 0000:00:01.3: pciehp: Failed to check link status
Jul 26 21:28:55 ubuntu kernel: [    8.292549] raid6: int64x2  gen()  5635 MB/s
Jul 26 21:28:55 ubuntu kernel: [    8.360541] raid6: int64x2  xor()  1709 MB/s
Jul 26 21:28:55 ubuntu kernel: [    8.468534] raid6: int64x1  gen()  4459 MB/s
Jul 26 21:28:55 ubuntu kernel: [    8.536540] raid6: int64x1  xor()  1242 MB/s
Jul 26 21:28:55 ubuntu kernel: [    8.536977] raid6: using algorithm neonx8 gen() 11730 MB/s
Jul 26 21:28:55 ubuntu kernel: [    8.537482] raid6: .... xor() 8567 MB/s, rmw enabled
Jul 26 21:28:55 ubuntu kernel: [    8.538206] raid6: using neon recovery algorithm
Jul 26 21:28:55 ubuntu kernel: [    8.559523] xor: measuring software checksum speed
Jul 26 21:28:55 ubuntu kernel: [    8.600536]    8regs     : 12466.000 MB/sec
Jul 26 21:28:55 ubuntu kernel: [    8.640542]    32regs    : 15858.000 MB/sec
Jul 26 21:28:55 ubuntu kernel: [    8.680531]    arm64_neon: 19224.000 MB/sec
Jul 26 21:28:55 ubuntu kernel: [    8.680931] xor: using function: arm64_neon (19224.000 MB/sec)
Jul 26 21:28:55 ubuntu kernel: [    8.682786] async_tx: api initialized (async)
Jul 26 21:28:55 ubuntu kernel: [    8.777022] random: lvm: uninitialized urandom read (4 bytes read)
Jul 26 21:28:55 ubuntu kernel: [    8.796188] random: lvm: uninitialized urandom read (4 bytes read)
Jul 26 21:28:55 ubuntu kernel: [    8.871908] Btrfs loaded, crc32c=crc32c-generic
Jul 26 21:28:55 ubuntu kernel: [    8.930653] EXT4-fs (dm-0): mounted filesystem with ordered data mode. Opts: (null)
Jul 26 21:28:55 ubuntu kernel: [    9.180699] systemd[1]: systemd 237 running in system mode. (+PAM +AUDIT +SELINUX +IMA +APPARMOR +SMACK +SYSVINIT +UTMP +LIBCRYPTSETUP +GCRYPT +GNUTLS +ACL +XZ +LZ4 +SECCOMP +BLKID +ELFUTILS +KMOD -IDN2 +IDN -PCRE2 default-hierarchy=hybrid)
Jul 26 21:28:55 ubuntu kernel: [    9.182835] systemd[1]: Detected virtualization kvm.
Jul 26 21:28:55 ubuntu kernel: [    9.183307] systemd[1]: Detected architecture arm64.
Jul 26 21:28:55 ubuntu kernel: [    9.212431] systemd[1]: Set hostname to <ubuntu>.
Jul 26 21:28:55 ubuntu kernel: [    9.295714] random: systemd: uninitialized urandom read (16 bytes read)
Jul 26 21:28:55 ubuntu kernel: [    9.297136] systemd[1]: Created slice System Slice.
Jul 26 21:28:55 ubuntu kernel: [    9.298267] systemd[1]: Listening on /dev/initctl Compatibility Named Pipe.
Jul 26 21:28:55 ubuntu kernel: [    9.299690] systemd[1]: Listening on LVM2 metadata daemon socket.
Jul 26 21:28:55 ubuntu kernel: [    9.301444] systemd[1]: Created slice system-systemd\x2dfsck.slice.
Jul 26 21:28:55 ubuntu kernel: [    9.302759] systemd[1]: Listening on Device-mapper event daemon FIFOs.
Jul 26 21:28:55 ubuntu kernel: [    9.304106] systemd[1]: Listening on udev Control Socket.
Jul 26 21:28:55 ubuntu kernel: [    9.329589] Loading iSCSI transport class v2.0-870.
Jul 26 21:28:55 ubuntu kernel: [    9.333322] EXT4-fs (dm-0): re-mounted. Opts: errors=remount-ro
Jul 26 21:28:55 ubuntu kernel: [    9.338103] iscsi: registered transport (tcp)
Jul 26 21:28:55 ubuntu kernel: [    9.369917] iscsi: registered transport (iser)
Jul 26 21:28:55 ubuntu kernel: [    9.403967] systemd-journald[839]: Received request to flush runtime journal from PID 1
Jul 26 21:28:55 ubuntu kernel: [    9.697535] pstore: Using crash dump compression: deflate
Jul 26 21:28:55 ubuntu kernel: [    9.701367] pstore: Registered efi as persistent store backend
Jul 26 21:28:55 ubuntu kernel: [    9.744602] Adding 1003516k swap on /dev/mapper/ubuntu--vg-swap_1.  Priority:-2 extents:1 across:1003516k FS
Jul 26 21:28:55 ubuntu kernel: [    9.921904] audit: type=1400 audit(1627306134.672:2): apparmor="STATUS" operation="profile_load" profile="unconfined" name="/usr/bin/lxc-start" pid=1199 comm="apparmor_parser"
Jul 26 21:28:55 ubuntu kernel: [    9.988908] audit: type=1400 audit(1627306134.740:3): apparmor="STATUS" operation="profile_load" profile="unconfined" name="/usr/bin/man" pid=1201 comm="apparmor_parser"
Jul 26 21:28:55 ubuntu kernel: [    9.989894] audit: type=1400 audit(1627306134.740:4): apparmor="STATUS" operation="profile_load" profile="unconfined" name="man_filter" pid=1201 comm="apparmor_parser"
Jul 26 21:28:55 ubuntu kernel: [    9.991163] audit: type=1400 audit(1627306134.740:5): apparmor="STATUS" operation="profile_load" profile="unconfined" name="man_groff" pid=1201 comm="apparmor_parser"
Jul 26 21:28:55 ubuntu kernel: [   10.006883] audit: type=1400 audit(1627306134.756:6): apparmor="STATUS" operation="profile_load" profile="unconfined" name="/usr/sbin/tcpdump" pid=1205 comm="apparmor_parser"
Jul 26 21:28:55 ubuntu kernel: [   10.065963] audit: type=1400 audit(1627306134.816:7): apparmor="STATUS" operation="profile_load" profile="unconfined" name="/sbin/dhclient" pid=1198 comm="apparmor_parser"
Jul 26 21:28:55 ubuntu kernel: [   10.067487] audit: type=1400 audit(1627306134.816:8): apparmor="STATUS" operation="profile_load" profile="unconfined" name="/usr/lib/NetworkManager/nm-dhcp-client.action" pid=1198 comm="apparmor_parser"
Jul 26 21:28:55 ubuntu kernel: [   10.068973] audit: type=1400 audit(1627306134.820:9): apparmor="STATUS" operation="profile_load" profile="unconfined" name="/usr/lib/NetworkManager/nm-dhcp-helper" pid=1198 comm="apparmor_parser"
Jul 26 21:28:55 ubuntu kernel: [   10.070356] audit: type=1400 audit(1627306134.820:10): apparmor="STATUS" operation="profile_load" profile="unconfined" name="/usr/lib/connman/scripts/dhclient-script" pid=1198 comm="apparmor_parser"
Jul 26 21:28:55 ubuntu kernel: [   10.126535] audit: type=1400 audit(1627306134.876:11): apparmor="STATUS" operation="profile_load" profile="unconfined" name="/usr/lib/snapd/snap-confine" pid=1203 comm="apparmor_parser"
Jul 26 21:28:55 ubuntu systemd[1]: Started FUSE filesystem for LXC.
Jul 26 21:28:55 ubuntu systemd[1]: Starting Snappy daemon...
Jul 26 21:28:55 ubuntu /usr/sbin/irqbalance: IRQ arch_timer(2) guessed as class 0
Jul 26 21:28:55 ubuntu /usr/sbin/irqbalance: IRQ uart-pl011(4) guessed as class 0
Jul 26 21:28:55 ubuntu /usr/sbin/irqbalance: IRQ arm-pmu(42) guessed as class 0
Jul 26 21:28:55 ubuntu /usr/sbin/irqbalance: IRQ ACPI:Event(43) guessed as class 0
Jul 26 21:28:55 ubuntu /usr/sbin/irqbalance: IRQ pciehp(44) guessed as class 0
Jul 26 21:28:55 ubuntu /usr/sbin/irqbalance: IRQ pciehp(45) guessed as class 0
Jul 26 21:28:55 ubuntu /usr/sbin/irqbalance: IRQ pciehp(46) guessed as class 0
Jul 26 21:28:55 ubuntu /usr/sbin/irqbalance: IRQ pciehp(47) guessed as class 0
Jul 26 21:28:55 ubuntu /usr/sbin/irqbalance: IRQ xhci_hcd(48) guessed as class 0
Jul 26 21:28:55 ubuntu /usr/sbin/irqbalance: IRQ xhci_hcd(49) guessed as class 0
Jul 26 21:28:55 ubuntu /usr/sbin/irqbalance: IRQ xhci_hcd(50) guessed as class 0
Jul 26 21:28:55 ubuntu /usr/sbin/irqbalance: IRQ xhci_hcd(51) guessed as class 0
Jul 26 21:28:55 ubuntu /usr/sbin/irqbalance: IRQ xhci_hcd(52) guessed as class 0
Jul 26 21:28:55 ubuntu /usr/sbin/irqbalance: IRQ xhci_hcd(53) guessed as class 0
Jul 26 21:28:55 ubuntu /usr/sbin/irqbalance: IRQ xhci_hcd(54) guessed as class 0
Jul 26 21:28:55 ubuntu /usr/sbin/irqbalance: IRQ xhci_hcd(55) guessed as class 0
Jul 26 21:28:55 ubuntu /usr/sbin/irqbalance: IRQ xhci_hcd(56) guessed as class 0
Jul 26 21:28:55 ubuntu /usr/sbin/irqbalance: IRQ xhci_hcd(57) guessed as class 0
Jul 26 21:28:55 ubuntu /usr/sbin/irqbalance: IRQ xhci_hcd(58) guessed as class 0
Jul 26 21:28:55 ubuntu /usr/sbin/irqbalance: IRQ xhci_hcd(59) guessed as class 0
Jul 26 21:28:55 ubuntu /usr/sbin/irqbalance: IRQ xhci_hcd(60) guessed as class 0
Jul 26 21:28:55 ubuntu /usr/sbin/irqbalance: IRQ xhci_hcd(61) guessed as class 0
Jul 26 21:28:55 ubuntu /usr/sbin/irqbalance: IRQ xhci_hcd(62) guessed as class 0
Jul 26 21:28:55 ubuntu /usr/sbin/irqbalance: IRQ xhci_hcd(63) guessed as class 0
Jul 26 21:28:55 ubuntu /usr/sbin/irqbalance: IRQ virtio1-config(64) guessed as class 0
Jul 26 21:28:55 ubuntu /usr/sbin/irqbalance: IRQ virtio1-control(65) guessed as class 0
Jul 26 21:28:55 ubuntu /usr/sbin/irqbalance: IRQ virtio1-event(66) guessed as class 0
Jul 26 21:28:55 ubuntu /usr/sbin/irqbalance: IRQ virtio1-request(67) guessed as class 0
Jul 26 21:28:55 ubuntu /usr/sbin/irqbalance: IRQ virtio0-config(68) guessed as class 0
Jul 26 21:28:55 ubuntu /usr/sbin/irqbalance: IRQ virtio0-input.0(69) guessed as class 0
Jul 26 21:28:55 ubuntu /usr/sbin/irqbalance: IRQ virtio0-output.0(70) guessed as class 0
Jul 26 21:28:55 ubuntu dbus-daemon[1211]: [system] Activating via systemd: service name='org.freedesktop.PolicyKit1' unit='polkit.service' requested by ':1.4' (uid=0 pid=1219 comm="/usr/lib/accountsservice/accounts-daemon ")
Jul 26 21:28:55 ubuntu systemd[1]: Starting LXD - container startup/shutdown...
Jul 26 21:28:55 ubuntu kernel: [   10.265776] new mount options do not match the existing superblock, will be ignored
Jul 26 21:28:55 ubuntu systemd[1]: Started System Logging Service.
Jul 26 21:28:55 ubuntu lxcfs[1227]: mount namespace: 5
Jul 26 21:28:55 ubuntu lxcfs[1227]: hierarchies:
Jul 26 21:28:55 ubuntu lxcfs[1227]:   0: fd:   6: freezer
Jul 26 21:28:55 ubuntu lxcfs[1227]:   1: fd:   7: devices
Jul 26 21:28:55 ubuntu lxcfs[1227]:   2: fd:   8: pids
Jul 26 21:28:55 ubuntu lxcfs[1227]:   3: fd:   9: cpu,cpuacct
Jul 26 21:28:55 ubuntu lxcfs[1227]:   4: fd:  10: cpuset
Jul 26 21:28:55 ubuntu lxcfs[1227]:   5: fd:  11: net_cls,net_prio
Jul 26 21:28:55 ubuntu lxcfs[1227]:   6: fd:  12: memory
Jul 26 21:28:55 ubuntu lxcfs[1227]:   7: fd:  13: hugetlb
Jul 26 21:28:55 ubuntu lxcfs[1227]:   8: fd:  14: rdma
Jul 26 21:28:55 ubuntu lxcfs[1227]:   9: fd:  15: perf_event
Jul 26 21:28:55 ubuntu lxcfs[1227]:  10: fd:  16: blkio
Jul 26 21:28:55 ubuntu lxcfs[1227]:  11: fd:  17: name=systemd
Jul 26 21:28:55 ubuntu lxcfs[1227]:  12: fd:  18: unified
Jul 26 21:28:55 ubuntu grub-common[1213]:  * Recording successful boot for GRUB
Jul 26 21:28:55 ubuntu systemd[1]: Starting Authorization Manager...
Jul 26 21:28:55 ubuntu grub-common[1213]:    ...done.
Jul 26 21:28:55 ubuntu systemd[1]: Started LSB: Record successful boot for GRUB.
Jul 26 21:28:55 ubuntu polkitd[1237]: started daemon version 0.105 using authority implementation `local' version `0.105'
Jul 26 21:28:55 ubuntu dbus-daemon[1211]: [system] Successfully activated service 'org.freedesktop.PolicyKit1'
Jul 26 21:28:55 ubuntu systemd[1]: Started Authorization Manager.
Jul 26 21:28:55 ubuntu accounts-daemon[1219]: started daemon version 0.6.45
Jul 26 21:28:55 ubuntu systemd[1]: Started Accounts Service.
Jul 26 21:28:55 ubuntu snapd[1230]: AppArmor status: apparmor is enabled but some kernel features are missing: dbus, network
Jul 26 21:28:55 ubuntu snapd[1230]: daemon.go:346: started snapd/2.42.1+18.04 (series 16; classic; devmode) ubuntu/18.04 (arm64) linux/5.7.1.
Jul 26 21:28:55 ubuntu networkd-dispatcher[1212]: No valid path found for iwconfig
Jul 26 21:28:55 ubuntu systemd[1]: Started Dispatcher daemon for systemd-networkd.
Jul 26 21:28:55 ubuntu snapd[1230]: daemon.go:439: adjusting startup timeout by 30s (pessimistic estimate of 30s plus 5s per snap)
Jul 26 21:28:55 ubuntu systemd[1]: Started Snappy daemon.
Jul 26 21:28:55 ubuntu systemd[1]: Starting Wait until snapd is fully seeded...
Jul 26 21:28:55 ubuntu systemd[1]: Started Wait until snapd is fully seeded.
Jul 26 21:28:56 ubuntu systemd-networkd[1157]: enp1s0: Gained IPv6LL
Jul 26 21:28:56 ubuntu systemd-networkd[1157]: enp1s0: Configured
Jul 26 21:28:56 ubuntu systemd-timesyncd[1133]: Network configuration changed, trying to establish connection.
Jul 26 21:28:56 ubuntu systemd-networkd-wait-online[1182]: ignoring: lo
Jul 26 21:28:56 ubuntu systemd-networkd-wait-online[1182]: managing: enp1s0
Jul 26 21:28:56 ubuntu systemd[1]: Started Wait for Network to be Configured.
Jul 26 21:28:56 ubuntu systemd[1]: Reached target Network is Online.
Jul 26 21:28:56 ubuntu systemd[1]: Starting OpenBSD Secure Shell server...
Jul 26 21:28:56 ubuntu systemd[1]: Reached target Remote File Systems (Pre).
Jul 26 21:28:56 ubuntu systemd[1]: Reached target Remote File Systems.
Jul 26 21:28:56 ubuntu systemd[1]: Starting Permit User Sessions...
Jul 26 21:28:56 ubuntu systemd[1]: Starting LSB: automatic crash report generation...
Jul 26 21:28:56 ubuntu systemd[1]: Starting Availability of block devices...
Jul 26 21:28:56 ubuntu systemd[1]: Started Permit User Sessions.
Jul 26 21:28:56 ubuntu systemd[1]: Started Availability of block devices.
Jul 26 21:28:56 ubuntu systemd[1]: Starting Hold until boot process finishes up...
Jul 26 21:28:56 ubuntu systemd[1]: Starting Terminate Plymouth Boot Screen...
Jul 26 21:28:56 ubuntu systemd[1]: Started Hold until boot process finishes up.
Jul 26 21:28:56 ubuntu systemd[1]: Started Serial Getty on ttyAMA0.
Jul 26 21:28:56 ubuntu systemd[1]: Starting Set console scheme...
Jul 26 21:28:56 ubuntu apport[1312]:  * Starting automatic crash report generation: apport
Jul 26 21:28:56 ubuntu systemd[1]: Started OpenBSD Secure Shell server.
Jul 26 21:28:56 ubuntu systemd[1]: Started Set console scheme.
Jul 26 21:28:56 ubuntu apport[1312]:    ...done.
Jul 26 21:28:56 ubuntu systemd[1]: Started Terminate Plymouth Boot Screen.
Jul 26 21:28:56 ubuntu systemd[1]: Started LSB: automatic crash report generation.
Jul 26 21:28:56 ubuntu systemd[1]: Created slice system-getty.slice.
Jul 26 21:28:56 ubuntu systemd[1]: Started Getty on tty1.
Jul 26 21:28:56 ubuntu systemd[1]: Reached target Login Prompts.
Jul 26 21:28:56 ubuntu kernel: [   11.780560] random: crng init done
Jul 26 21:28:56 ubuntu kernel: [   11.780564] random: 5 urandom warning(s) missed due to ratelimiting
Jul 26 21:28:56 ubuntu systemd[1]: Started LXD - container startup/shutdown.
Jul 26 21:28:56 ubuntu systemd[1]: Reached target Multi-User System.
Jul 26 21:28:56 ubuntu systemd[1]: Reached target Graphical Interface.
Jul 26 21:28:56 ubuntu systemd[1]: Starting Update UTMP about System Runlevel Changes...
Jul 26 21:28:56 ubuntu systemd[1]: Started Update UTMP about System Runlevel Changes.
Jul 26 21:28:56 ubuntu systemd[1]: Startup finished in 9.036s (kernel) + 2.684s (userspace) = 11.720s.
Jul 26 21:28:56 ubuntu kernel: [   11.847223] fbcon: Taking over console
Jul 26 21:29:01 ubuntu systemd-resolved[1181]: Using degraded feature set (UDP) for DNS server 172.20.1.4.
Jul 26 21:29:05 ubuntu systemd-resolved[1181]: Using degraded feature set (UDP) for DNS server 172.20.1.6.
Jul 26 21:29:14 ubuntu snapd[1230]: 2021/07/26 21:29:14 Unsolicited response received on idle HTTP channel starting with "HTTP/1.1 408 Request Time-out\r\ncontent-length: 110\r\ncache-control: no-cache\r\ncontent-type: text/html\r\nconnection: close\r\n\r\n<html><body><h1>408 Request Time-out</h1>\nYour browser didn't send a complete request in time.\n</body></html>\n"; err=<nil>
Jul 26 21:29:25 ubuntu systemd-timesyncd[1133]: Synchronized to time server 91.189.94.4:123 (ntp.ubuntu.com).
Jul 26 21:29:28 ubuntu snapd[1230]: daemon.go:540: gracefully waiting for running hooks
Jul 26 21:29:28 ubuntu snapd[1230]: daemon.go:542: done waiting for running hooks
Jul 26 21:29:28 ubuntu snapd[1230]: daemon stop requested to wait for socket activation
Jul 26 21:35:31 ubuntu systemd[1]: Created slice User Slice of huawei.
Jul 26 21:35:31 ubuntu systemd[1]: Starting User Manager for UID 1000...
Jul 26 21:35:31 ubuntu systemd[1]: Started Session 1 of user huawei.
Jul 26 21:35:31 ubuntu systemd[1589]: Reached target Timers.
Jul 26 21:35:31 ubuntu systemd[1589]: Listening on GnuPG cryptographic agent and passphrase cache (access for web browsers).
Jul 26 21:35:31 ubuntu systemd[1589]: Reached target Paths.
Jul 26 21:35:31 ubuntu systemd[1589]: Listening on REST API socket for snapd user session agent.
Jul 26 21:35:31 ubuntu systemd[1589]: Listening on GnuPG cryptographic agent (ssh-agent emulation).
Jul 26 21:35:31 ubuntu systemd[1589]: Listening on GnuPG cryptographic agent and passphrase cache.
Jul 26 21:35:31 ubuntu systemd[1589]: Listening on GnuPG cryptographic agent and passphrase cache (restricted).
Jul 26 21:35:31 ubuntu systemd[1589]: Listening on GnuPG network certificate management daemon.
Jul 26 21:35:31 ubuntu systemd[1589]: Reached target Sockets.
Jul 26 21:35:31 ubuntu systemd[1589]: Reached target Basic System.
Jul 26 21:35:31 ubuntu systemd[1589]: Reached target Default.
Jul 26 21:35:31 ubuntu systemd[1589]: Startup finished in 48ms.
Jul 26 21:35:31 ubuntu systemd[1]: Started User Manager for UID 1000.
Jul 26 21:35:43 ubuntu systemd[1]: Started Session 3 of user huawei.
Jul 26 21:40:04 ubuntu systemd[1]: Started Session 4 of user huawei.
Jul 26 21:44:28 ubuntu systemd[1]: Starting Cleanup of Temporary Directories...
Jul 26 21:44:28 ubuntu systemd[1]: Started Cleanup of Temporary Directories.
Jul 26 21:54:27 ubuntu systemd-modules-load[679]: Inserted module 'iscsi_tcp'
Jul 26 21:54:27 ubuntu kernel: [    0.000000] Booting Linux on physical CPU 0x0000000000 [0x481fd010]
Jul 26 21:54:27 ubuntu systemd-modules-load[679]: Inserted module 'ib_iser'
Jul 26 21:54:27 ubuntu lvm[693]:   2 logical volume(s) in volume group "ubuntu-vg" monitored
Jul 26 21:54:27 ubuntu systemd[1]: Started Set the console keyboard layout.
Jul 26 21:54:27 ubuntu kernel: [    0.000000] Linux version 4.15.0-76-generic (buildd@bos02-arm64-060) (gcc version 7.4.0 (Ubuntu/Linaro 7.4.0-1ubuntu1~18.04.1)) #86-Ubuntu SMP Fri Jan 17 17:25:58 UTC 2020 (Ubuntu 4.15.0-76.86-generic 4.15.18)
Jul 26 21:54:27 ubuntu systemd[1]: Started Monitoring of LVM2 mirrors, snapshots etc. using dmeventd or progress polling.
Jul 26 21:54:27 ubuntu kernel: [    0.000000] efi: Getting EFI parameters from FDT:
Jul 26 21:54:27 ubuntu systemd[1]: Mounted FUSE Control File System.
Jul 26 21:54:27 ubuntu kernel: [    0.000000] efi: EFI v2.70 by EDK II
Jul 26 21:54:27 ubuntu systemd[1]: Starting Flush Journal to Persistent Storage...
Jul 26 21:54:27 ubuntu kernel: [    0.000000] efi:  SMBIOS 3.0=0x53f710000  ACPI 2.0=0x53c020000  MEMATTR=0x53cc7ca98 
Jul 26 21:54:27 ubuntu systemd[1]: Starting udev Kernel Device Manager...
Jul 26 21:54:27 ubuntu kernel: [    0.000000] ACPI: Early table checksum verification disabled
Jul 26 21:54:27 ubuntu systemd[1]: Reached target Local File Systems (Pre).
Jul 26 21:54:27 ubuntu kernel: [    0.000000] ACPI: RSDP 0x000000053C020000 000024 (v02 BOCHS )
Jul 26 21:54:27 ubuntu kernel: [    0.000000] ACPI: XSDT 0x000000053BED0000 000054 (v01 BOCHS  BXPCFACP 00000001      01000013)
Jul 26 21:54:27 ubuntu kernel: [    0.000000] ACPI: FACP 0x000000053BE90000 00010C (v05 BOCHS  BXPCFACP 00000001 BXPC 00000001)
Jul 26 21:54:27 ubuntu kernel: [    0.000000] ACPI: DSDT 0x000000053BEA0000 001523 (v02 BOCHS  BXPCDSDT 00000001 BXPC 00000001)
Jul 26 21:54:27 ubuntu systemd[1]: Started udev Kernel Device Manager.
Jul 26 21:54:27 ubuntu kernel: [    0.000000] ACPI: APIC 0x000000053BE80000 0009E8 (v03 BOCHS  BXPCAPIC 00000001 BXPC 00000001)
Jul 26 21:54:27 ubuntu systemd[1]: Started Flush Journal to Persistent Storage.
Jul 26 21:54:27 ubuntu kernel: [    0.000000] ACPI: GTDT 0x000000053BE70000 000060 (v02 BOCHS  BXPCGTDT 00000001 BXPC 00000001)
Jul 26 21:54:27 ubuntu kernel: [    0.000000] ACPI: MCFG 0x000000053BE60000 00003C (v01 BOCHS  BXPCMCFG 00000001 BXPC 00000001)
Jul 26 21:54:27 ubuntu kernel: [    0.000000] ACPI: SPCR 0x000000053BE50000 000050 (v02 BOCHS  BXPCSPCR 00000001 BXPC 00000001)
Jul 26 21:54:27 ubuntu kernel: [    0.000000] ACPI: IORT 0x000000053BE40000 00007C (v00 BOCHS  BXPCIORT 00000001 BXPC 00000001)
Jul 26 21:54:27 ubuntu kernel: [    0.000000] ACPI: SPCR: console: pl011,mmio,0x9000000,9600
Jul 26 21:54:27 ubuntu systemd[1]: Started udev Coldplug all Devices.
Jul 26 21:54:27 ubuntu kernel: [    0.000000] ACPI: NUMA: Failed to initialise from firmware
Jul 26 21:54:27 ubuntu kernel: [    0.000000] NUMA: Faking a node at [mem 0x0000000040000000-0x000000053fffffff]
Jul 26 21:54:27 ubuntu systemd[1]: Started Dispatch Password Requests to Console Directory Watch.
Jul 26 21:54:27 ubuntu kernel: [    0.000000] NUMA: NODE_DATA [mem 0x53ffead00-0x53ffedfff]
Jul 26 21:54:27 ubuntu kernel: [    0.000000] Zone ranges:
Jul 26 21:54:27 ubuntu systemd[1]: Reached target Local Encrypted Volumes.
Jul 26 21:54:27 ubuntu kernel: [    0.000000]   DMA      [mem 0x0000000040000000-0x00000000ffffffff]
Jul 26 21:54:27 ubuntu kernel: [    0.000000]   Normal   [mem 0x0000000100000000-0x000000053fffffff]
Jul 26 21:54:27 ubuntu systemd[1]: Found device /dev/ttyAMA0.
Jul 26 21:54:27 ubuntu kernel: [    0.000000] Movable zone start for each node
Jul 26 21:54:27 ubuntu kernel: [    0.000000] Early memory node ranges
Jul 26 21:54:27 ubuntu systemd-udevd[736]: link_config: autonegotiation is unset or enabled, the speed and duplex are not writable.
Jul 26 21:54:27 ubuntu kernel: [    0.000000]   node   0: [mem 0x0000000040000000-0x000000053bedffff]
Jul 26 21:54:27 ubuntu kernel: [    0.000000]   node   0: [mem 0x000000053bee0000-0x000000053bffffff]
Jul 26 21:54:27 ubuntu kernel: [    0.000000]   node   0: [mem 0x000000053c000000-0x000000053c02ffff]
Jul 26 21:54:27 ubuntu kernel: [    0.000000]   node   0: [mem 0x000000053c030000-0x000000053c0affff]
Jul 26 21:54:27 ubuntu systemd-udevd[783]: link_config: autonegotiation is unset or enabled, the speed and duplex are not writable.
Jul 26 21:54:27 ubuntu kernel: [    0.000000]   node   0: [mem 0x000000053c0b0000-0x000000053f57ffff]
Jul 26 21:54:27 ubuntu kernel: [    0.000000]   node   0: [mem 0x000000053f580000-0x000000053f95ffff]
Jul 26 21:54:27 ubuntu kernel: [    0.000000]   node   0: [mem 0x000000053f960000-0x000000053fffffff]
Jul 26 21:54:27 ubuntu systemd[1]: Listening on Load/Save RF Kill Switch Status /dev/rfkill Watch.
Jul 26 21:54:27 ubuntu kernel: [    0.000000] Initmem setup node 0 [mem 0x0000000040000000-0x000000053fffffff]
Jul 26 21:54:27 ubuntu kernel: [    0.000000] On node 0 totalpages: 5242880
Jul 26 21:54:27 ubuntu kernel: [    0.000000]   DMA zone: 12288 pages used for memmap
Jul 26 21:54:27 ubuntu kernel: [    0.000000]   DMA zone: 0 pages reserved
Jul 26 21:54:27 ubuntu systemd[1]: Found device /dev/mapper/ubuntu--vg-swap_1.
Jul 26 21:54:27 ubuntu kernel: [    0.000000]   DMA zone: 786432 pages, LIFO batch:31
Jul 26 21:54:27 ubuntu kernel: [    0.000000]   Normal zone: 69632 pages used for memmap
Jul 26 21:54:27 ubuntu systemd[1]: Activating swap /dev/mapper/ubuntu--vg-swap_1...
Jul 26 21:54:27 ubuntu kernel: [    0.000000]   Normal zone: 4456448 pages, LIFO batch:31
Jul 26 21:54:27 ubuntu systemd[1]: Activated swap /dev/mapper/ubuntu--vg-swap_1.
Jul 26 21:54:27 ubuntu kernel: [    0.000000] psci: probing for conduit method from ACPI.
Jul 26 21:54:27 ubuntu kernel: [    0.000000] psci: PSCIv1.0 detected in firmware.
Jul 26 21:54:27 ubuntu kernel: [    0.000000] psci: Using standard PSCI v0.2 function IDs
Jul 26 21:54:27 ubuntu systemd[1]: Reached target Swap.
Jul 26 21:54:27 ubuntu kernel: [    0.000000] psci: Trusted OS migration not required
Jul 26 21:54:27 ubuntu kernel: [    0.000000] psci: SMC Calling Convention v1.1
Jul 26 21:54:27 ubuntu kernel: [    0.000000] random: get_random_bytes called from start_kernel+0xa8/0x474 with crng_init=0
Jul 26 21:54:27 ubuntu systemd[1]: Created slice system-lvm2\x2dpvscan.slice.
Jul 26 21:54:27 ubuntu kernel: [    0.000000] percpu: Embedded 25 pages/cpu s62104 r8192 d32104 u102400
Jul 26 21:54:27 ubuntu kernel: [    0.000000] pcpu-alloc: s62104 r8192 d32104 u102400 alloc=25*4096
Jul 26 21:54:27 ubuntu systemd[1]: Starting LVM2 PV scan on device 8:2...
Jul 26 21:54:27 ubuntu kernel: [    0.000000] pcpu-alloc: [0] 00 [0] 01 [0] 02 [0] 03 [0] 04 [0] 05 [0] 06 [0] 07 
Jul 26 21:54:27 ubuntu kernel: [    0.000000] pcpu-alloc: [0] 08 [0] 09 [0] 10 [0] 11 [0] 12 [0] 13 [0] 14 [0] 15 
Jul 26 21:54:27 ubuntu kernel: [    0.000000] pcpu-alloc: [0] 16 [0] 17 [0] 18 [0] 19 [0] 20 [0] 21 [0] 22 [0] 23 
Jul 26 21:54:27 ubuntu systemd[1]: Found device QEMU_HARDDISK 1.
Jul 26 21:54:27 ubuntu kernel: [    0.000000] pcpu-alloc: [0] 24 [0] 25 [0] 26 [0] 27 [0] 28 [0] 29 [0] 30 [0] 31 
Jul 26 21:54:27 ubuntu systemd[1]: Starting File System Check on /dev/disk/by-uuid/5EA9-3D4C...
Jul 26 21:54:27 ubuntu kernel: [    0.000000] Detected VIPT I-cache on CPU0
Jul 26 21:54:27 ubuntu kernel: [    0.000000] ARM_SMCCC_ARCH_WORKAROUND_1 missing from firmware
Jul 26 21:54:27 ubuntu kernel: [    0.000000] Built 1 zonelists, mobility grouping on.  Total pages: 5160960
Jul 26 21:54:27 ubuntu systemd[1]: Started File System Check Daemon to report status.
Jul 26 21:54:27 ubuntu kernel: [    0.000000] Policy zone: Normal
Jul 26 21:54:27 ubuntu kernel: [    0.000000] Kernel command line: BOOT_IMAGE=/boot/vmlinuz-4.15.0-76-generic root=/dev/mapper/ubuntu--vg-root ro
Jul 26 21:54:27 ubuntu kernel: [    0.000000] software IO TLB: mapped [mem 0xfbfff000-0xfffff000] (64MB)
Jul 26 21:54:27 ubuntu kernel: [    0.000000] Memory: 20490720K/20971520K available (11068K kernel code, 1698K rwdata, 4464K rodata, 5952K init, 1183K bss, 480800K reserved, 0K cma-reserved)
Jul 26 21:54:27 ubuntu lvm[870]:   2 logical volume(s) in volume group "ubuntu-vg" now active
Jul 26 21:54:27 ubuntu kernel: [    0.000000] Virtual kernel memory layout:
Jul 26 21:54:27 ubuntu kernel: [    0.000000]     modules : 0xffff000000000000 - 0xffff000008000000   (   128 MB)
Jul 26 21:54:27 ubuntu kernel: [    0.000000]     vmalloc : 0xffff000008000000 - 0xffff7dffbfff0000   (129022 GB)
Jul 26 21:54:27 ubuntu systemd-fsck[871]: fsck.fat 4.1 (2017-01-24)
Jul 26 21:54:27 ubuntu kernel: [    0.000000]       .text : 0x        (ptrval) - 0x        (ptrval)   ( 11072 KB)
Jul 26 21:54:27 ubuntu kernel: [    0.000000]     .rodata : 0x        (ptrval) - 0x        (ptrval)   (  4480 KB)
Jul 26 21:54:27 ubuntu kernel: [    0.000000]       .init : 0x        (ptrval) - 0x        (ptrval)   (  5952 KB)
Jul 26 21:54:27 ubuntu kernel: [    0.000000]       .data : 0x        (ptrval) - 0x        (ptrval)   (  1699 KB)
Jul 26 21:54:27 ubuntu kernel: [    0.000000]        .bss : 0x        (ptrval) - 0x        (ptrval)   (  1184 KB)
Jul 26 21:54:27 ubuntu kernel: [    0.000000]     fixed   : 0xffff7dfffe7f9000 - 0xffff7dfffec00000   (  4124 KB)
Jul 26 21:54:27 ubuntu systemd-fsck[871]: 0x25: Dirty bit is set. Fs was not properly unmounted and some data may be corrupt.
Jul 26 21:54:27 ubuntu kernel: [    0.000000]     PCI I/O : 0xffff7dfffee00000 - 0xffff7dffffe00000   (    16 MB)
Jul 26 21:54:27 ubuntu kernel: [    0.000000]     vmemmap : 0xffff7e0000000000 - 0xffff800000000000   (  2048 GB maximum)
Jul 26 21:54:27 ubuntu kernel: [    0.000000]               0xffff7e0000000000 - 0xffff7e0014000000   (   320 MB actual)
Jul 26 21:54:27 ubuntu kernel: [    0.000000]     memory  : 0xffff800000000000 - 0xffff800500000000   ( 20480 MB)
Jul 26 21:54:27 ubuntu systemd-fsck[871]:  Automatically removing dirty bit.
Jul 26 21:54:27 ubuntu kernel: [    0.000000] SLUB: HWalign=64, Order=0-3, MinObjects=0, CPUs=32, Nodes=1
Jul 26 21:54:27 ubuntu kernel: [    0.000000] ftrace: allocating 39368 entries in 154 pages
Jul 26 21:54:27 ubuntu systemd-fsck[871]: Performing changes.
Jul 26 21:54:27 ubuntu kernel: [    0.000000] Hierarchical RCU implementation.
Jul 26 21:54:27 ubuntu systemd-fsck[871]: /dev/sda1: 5 files, 41/65501 clusters
Jul 26 21:54:27 ubuntu kernel: [    0.000000] 	RCU restricting CPUs from NR_CPUS=256 to nr_cpu_ids=32.
Jul 26 21:54:27 ubuntu kernel: [    0.000000] 	Tasks RCU enabled.
Jul 26 21:54:27 ubuntu systemd[1]: Started LVM2 PV scan on device 8:2.
Jul 26 21:54:27 ubuntu kernel: [    0.000000] RCU: Adjusting geometry for rcu_fanout_leaf=16, nr_cpu_ids=32
Jul 26 21:54:27 ubuntu systemd[1]: Started File System Check on /dev/disk/by-uuid/5EA9-3D4C.
Jul 26 21:54:27 ubuntu kernel: [    0.000000] NR_IRQS: 64, nr_irqs: 64, preallocated irqs: 0
Jul 26 21:54:27 ubuntu kernel: [    0.000000] GICv3: Distributor has no Range Selector support
Jul 26 21:54:27 ubuntu kernel: [    0.000000] GICv3: no VLPI support, no direct LPI support
Jul 26 21:54:27 ubuntu systemd[1]: Mounting /boot/efi...
Jul 26 21:54:27 ubuntu kernel: [    0.000000] ACPI: SRAT not present
Jul 26 21:54:27 ubuntu kernel: [    0.000000] ITS [mem 0x08080000-0x0809ffff]
Jul 26 21:54:27 ubuntu kernel: [    0.000000] ITS@0x0000000008080000: allocated 8192 Devices @529120000 (indirect, esz 8, psz 64K, shr 1)
Jul 26 21:54:27 ubuntu kernel: [    0.000000] ITS@0x0000000008080000: allocated 8192 Interrupt Collections @529130000 (flat, esz 8, psz 64K, shr 1)
Jul 26 21:54:27 ubuntu systemd[1]: Mounted /boot/efi.
Jul 26 21:54:27 ubuntu kernel: [    0.000000] GIC: using LPI property table @0x0000000529140000
Jul 26 21:54:27 ubuntu kernel: [    0.000000] ITS: Allocated 1792 chunks for LPIs
Jul 26 21:54:27 ubuntu kernel: [    0.000000] GICv3: CPU0: found redistributor 0 region 0:0x00000000080a0000
Jul 26 21:54:27 ubuntu systemd[1]: Reached target Local File Systems.
Jul 26 21:54:27 ubuntu kernel: [    0.000000] CPU0: using LPI pending table @0x0000000529150000
Jul 26 21:54:27 ubuntu kernel: [    0.000000] arch_timer: cp15 timer(s) running at 100.00MHz (virt).
Jul 26 21:54:27 ubuntu kernel: [    0.000000] clocksource: arch_sys_counter: mask: 0xffffffffffffff max_cycles: 0x171024e7e0, max_idle_ns: 440795205315 ns
Jul 26 21:54:27 ubuntu systemd[1]: Starting Tell Plymouth To Write Out Runtime Data...
Jul 26 21:54:27 ubuntu kernel: [    0.000001] sched_clock: 56 bits at 100MHz, resolution 10ns, wraps every 4398046511100ns
Jul 26 21:54:27 ubuntu kernel: [    0.000047] Console: colour dummy device 80x25
Jul 26 21:54:27 ubuntu kernel: [    0.000068] ACPI: Core revision 20170831
Jul 26 21:54:27 ubuntu systemd[1]: Starting Create Volatile Files and Directories...
Jul 26 21:54:27 ubuntu kernel: [    0.000612] ACPI: 1 ACPI AML tables successfully acquired and loaded
Jul 26 21:54:27 ubuntu kernel: [    0.000616] Calibrating delay loop (skipped), value calculated using timer frequency.. 200.00 BogoMIPS (lpj=400000)
Jul 26 21:54:27 ubuntu kernel: [    0.000619] pid_max: default: 32768 minimum: 301
Jul 26 21:54:27 ubuntu systemd[1]: Starting AppArmor initialization...
Jul 26 21:54:27 ubuntu kernel: [    0.000647] Security Framework initialized
Jul 26 21:54:27 ubuntu kernel: [    0.000649] Yama: becoming mindful.
Jul 26 21:54:27 ubuntu systemd[1]: Starting ebtables ruleset management...
Jul 26 21:54:27 ubuntu kernel: [    0.000675] AppArmor: AppArmor initialized
Jul 26 21:54:27 ubuntu kernel: [    0.013344] Dentry cache hash table entries: 4194304 (order: 13, 33554432 bytes)
Jul 26 21:54:27 ubuntu kernel: [    0.019456] Inode-cache hash table entries: 2097152 (order: 12, 16777216 bytes)
Jul 26 21:54:27 ubuntu kernel: [    0.019535] Mount-cache hash table entries: 65536 (order: 7, 524288 bytes)
Jul 26 21:54:27 ubuntu kernel: [    0.019595] Mountpoint-cache hash table entries: 65536 (order: 7, 524288 bytes)
Jul 26 21:54:27 ubuntu systemd[1]: Starting Set console font and keymap...
Jul 26 21:54:27 ubuntu kernel: [    0.019884] ACPI PPTT: No PPTT table found, cpu topology may be inaccurate
Jul 26 21:54:27 ubuntu systemd[1]: Started Tell Plymouth To Write Out Runtime Data.
Jul 26 21:54:27 ubuntu kernel: [    0.019966] ASID allocator initialised with 32768 entries
Jul 26 21:54:27 ubuntu systemd[1]: Started Create Volatile Files and Directories.
Jul 26 21:54:27 ubuntu kernel: [    0.019984] Hierarchical SRCU implementation.
Jul 26 21:54:27 ubuntu systemd[1]: Starting Network Time Synchronization...
Jul 26 21:54:27 ubuntu kernel: [    0.020367] Platform MSI: ITS@0x8080000 domain created
Jul 26 21:54:27 ubuntu kernel: [    0.020374] PCI/MSI: ITS@0x8080000 domain created
Jul 26 21:54:27 ubuntu systemd[1]: Starting Update UTMP about System Boot/Shutdown...
Jul 26 21:54:27 ubuntu systemd[1]: Started Set console font and keymap.
Jul 26 21:54:27 ubuntu systemd[1]: Started Update UTMP about System Boot/Shutdown.
Jul 26 21:54:27 ubuntu apparmor[881]:  * Starting AppArmor profiles
Jul 26 21:54:27 ubuntu systemd[1]: Started ebtables ruleset management.
Jul 26 21:54:27 ubuntu systemd[1]: Reached target Network (Pre).
Jul 26 21:54:27 ubuntu systemd[1]: Starting Network Service...
Jul 26 21:54:27 ubuntu systemd-networkd[902]: Enumeration completed
Jul 26 21:54:27 ubuntu systemd[1]: Started Network Service.
Jul 26 21:54:27 ubuntu systemd-networkd[902]: lo: Link is not managed by us
Jul 26 21:54:27 ubuntu systemd[1]: Starting Network Name Resolution...
Jul 26 21:54:27 ubuntu systemd[1]: Starting Wait for Network to be Configured...
Jul 26 21:54:27 ubuntu systemd-networkd[902]: enp1s0: Gained carrier
Jul 26 21:54:27 ubuntu apparmor[881]: Skipping profile in /etc/apparmor.d/disable: usr.sbin.rsyslogd
Jul 26 21:54:27 ubuntu systemd[1]: Started Network Time Synchronization.
Jul 26 21:54:27 ubuntu kernel: [    0.020407] Remapping and enabling EFI services.
Jul 26 21:54:27 ubuntu systemd[1]: Reached target System Time Synchronized.
Jul 26 21:54:27 ubuntu kernel: [    0.020417]   EFI remap 0x0000000004000000 =>         (ptrval)
Jul 26 21:54:27 ubuntu kernel: [    0.020423]   EFI remap 0x0000000009010000 =>         (ptrval)
Jul 26 21:54:27 ubuntu kernel: [    0.020441]   EFI remap 0x000000053bee0000 =>         (ptrval)
Jul 26 21:54:27 ubuntu kernel: [    0.020453]   EFI remap 0x000000053bf60000 =>         (ptrval)
Jul 26 21:54:27 ubuntu systemd-resolved[929]: Positive Trust Anchors:
Jul 26 21:54:27 ubuntu kernel: [    0.020465]   EFI remap 0x000000053bfb0000 =>         (ptrval)
Jul 26 21:54:27 ubuntu kernel: [    0.020482]   EFI remap 0x000000053c030000 =>         (ptrval)
Jul 26 21:54:27 ubuntu kernel: [    0.020530]   EFI remap 0x000000053f580000 =>         (ptrval)
Jul 26 21:54:27 ubuntu systemd-resolved[929]: . IN DS 19036 8 2 49aac11d7b6f6446702e54a1607371607a1a41855200fd2ce1cdde32f24e8fb5
Jul 26 21:54:27 ubuntu kernel: [    0.020596]   EFI remap 0x000000053f710000 =>         (ptrval)
Jul 26 21:54:27 ubuntu kernel: [    0.021474] smp: Bringing up secondary CPUs ...
Jul 26 21:54:27 ubuntu kernel: [    0.209251] Detected VIPT I-cache on CPU1
Jul 26 21:54:27 ubuntu kernel: [    0.209283] GICv3: CPU1: found redistributor 1 region 0:0x00000000080c0000
Jul 26 21:54:27 ubuntu kernel: [    0.209578] CPU1: using LPI pending table @0x00000005254a0000
Jul 26 21:54:27 ubuntu systemd-resolved[929]: . IN DS 20326 8 2 e06d44b80b8f1d39a95c0b0d7c65d08458e880409bbc683457104237c7f8ec8d
Jul 26 21:54:27 ubuntu kernel: [    0.209643] CPU1: Booted secondary processor 0x0000000001 [0x481fd010]
Jul 26 21:54:27 ubuntu kernel: [    0.282205] Detected VIPT I-cache on CPU2
Jul 26 21:54:27 ubuntu kernel: [    0.282222] GICv3: CPU2: found redistributor 2 region 0:0x00000000080e0000
Jul 26 21:54:27 ubuntu kernel: [    0.282432] CPU2: using LPI pending table @0x00000005254e0000
Jul 26 21:54:27 ubuntu kernel: [    0.282469] CPU2: Booted secondary processor 0x0000000002 [0x481fd010]
Jul 26 21:54:27 ubuntu kernel: [    0.355090] Detected VIPT I-cache on CPU3
Jul 26 21:54:27 ubuntu kernel: [    0.355150] GICv3: CPU3: found redistributor 3 region 0:0x0000000008100000
Jul 26 21:54:27 ubuntu systemd-resolved[929]: Negative trust anchors: 10.in-addr.arpa 16.172.in-addr.arpa 17.172.in-addr.arpa 18.172.in-addr.arpa 19.172.in-addr.arpa 20.172.in-addr.arpa 21.172.in-addr.arpa 22.172.in-addr.arpa 23.172.in-addr.arpa 24.172.in-addr.arpa 25.172.in-addr.arpa 26.172.in-addr.arpa 27.172.in-addr.arpa 28.172.in-addr.arpa 29.172.in-addr.arpa 30.172.in-addr.arpa 31.172.in-addr.arpa 168.192.in-addr.arpa d.f.ip6.arpa corp home internal intranet lan local private test
Jul 26 21:54:27 ubuntu kernel: [    0.355444] CPU3: using LPI pending table @0x0000000525520000
Jul 26 21:54:27 ubuntu systemd-resolved[929]: Using system hostname 'ubuntu'.
