Jun  6 16:12:00 ubuntu systemd[1]: Starting Flush Journal to Persistent Storage...
Jun  6 16:12:00 ubuntu kernel: [    0.000000] Booting Linux on physical CPU 0x0000080000 [0x481fd010]
Jun  6 16:12:00 ubuntu kernel: [    0.000000] Linux version 5.7.1 (root@ubuntu) (gcc version 5.5.0 20171010 (Ubuntu/Linaro 5.5.0-12ubuntu1), GNU ld (GNU Binutils for Ubuntu) 2.30) #1 SMP Sun Jun 6 15:35:02 CST 2021
Jun  6 16:12:00 ubuntu systemd[1]: Started udev Coldplug all Devices.
Jun  6 16:12:00 ubuntu mtp-probe: checking bus 1, device 3: "/sys/devices/pci0000:7a/0000:7a:01.0/usb1/1-1/1-1.1"
Jun  6 16:12:00 ubuntu systemd[1]: Started LVM2 metadata daemon.
Jun  6 16:12:00 ubuntu kernel: [    0.000000] efi: EFI v2.70 by EDK II
Jun  6 16:12:00 ubuntu kernel: [    0.000000] efi:  ACPI 2.0=0x2fc50000  SMBIOS 3.0=0x2fbf0000  MEMATTR=0x35e93018  ESRT=0x36117b18  MEMRESERVE=0x2fb93018 
Jun  6 16:12:00 ubuntu mtp-probe: bus: 1, device: 3 was not an MTP device
Jun  6 16:12:00 ubuntu kernel: [    0.000000] esrt: Reserving ESRT space from 0x0000000036117b18 to 0x0000000036117b50.
Jun  6 16:12:00 ubuntu kernel: [    0.000000] cma: Reserved 32 MiB at 0x000000007e000000
Jun  6 16:12:00 ubuntu kernel: [    0.000000] ACPI: Early table checksum verification disabled
Jun  6 16:12:00 ubuntu systemd[1]: Activated swap /swapfile.
Jun  6 16:12:00 ubuntu kernel: [    0.000000] ACPI: RSDP 0x000000002FC50000 000024 (v02 HISI  )
Jun  6 16:12:00 ubuntu kernel: [    0.000000] ACPI: XSDT 0x000000002FC40000 0000A4 (v01 HISI   HIP08    00000000      01000013)
Jun  6 16:12:00 ubuntu mtp-probe: checking bus 5, device 3: "/sys/devices/pci0000:7a/0000:7a:02.0/usb5/5-1/5-1.2"
Jun  6 16:12:00 ubuntu kernel: [    0.000000] ACPI: FACP 0x000000002F790000 000114 (v06 HISI   HIP08    00000000 HISI 20151124)
Jun  6 16:12:00 ubuntu kernel: [    0.000000] ACPI: DSDT 0x000000002F530000 00C441 (v02 HISI   HIP08    00000000 INTL 20181213)
Jun  6 16:12:00 ubuntu kernel: [    0.000000] ACPI: PCCT 0x000000002FC30000 00008A (v01 HISI   HIP08    00000000 HISI 20151124)
Jun  6 16:12:00 ubuntu systemd[1]: Reached target Swap.
Jun  6 16:12:00 ubuntu kernel: [    0.000000] ACPI: SSDT 0x000000002FC20000 00E64A (v02 HISI   HIP07    00000000 INTL 20181213)
Jun  6 16:12:00 ubuntu kernel: [    0.000000] ACPI: BERT 0x000000002FBC0000 000030 (v01 HISI   HIP08    00000000 HISI 20151124)
Jun  6 16:12:00 ubuntu kernel: [    0.000000] ACPI: HEST 0x000000002FBA0000 00058C (v01 HISI   HIP08    00000000 HISI 20151124)
Jun  6 16:12:00 ubuntu kernel: [    0.000000] ACPI: ERST 0x000000002FB60000 000230 (v01 HISI   HIP08    00000000 HISI 20151124)
Jun  6 16:12:00 ubuntu kernel: [    0.000000] ACPI: EINJ 0x000000002FB50000 000170 (v01 HISI   HIP08    00000000 HISI 20151124)
Jun  6 16:12:00 ubuntu mtp-probe: bus: 5, device: 3 was not an MTP device
Jun  6 16:12:00 ubuntu kernel: [    0.000000] ACPI: GTDT 0x000000002F590000 00007C (v02 HISI   HIP08    00000000 HISI 20151124)
Jun  6 16:12:00 ubuntu kernel: [    0.000000] ACPI: MCFG 0x000000002F580000 00003C (v01 HISI   HIP08    00000000 HISI 20151124)
Jun  6 16:12:00 ubuntu systemd-modules-load[1503]: Inserted module 'lp'
Jun  6 16:12:00 ubuntu kernel: [    0.000000] ACPI: SLIT 0x000000002F570000 00003C (v01 HISI   HIP08    00000000 HISI 20151124)
Jun  6 16:12:00 ubuntu kernel: [    0.000000] ACPI: SRAT 0x000000002F560000 0007D0 (v03 HISI   HIP08    00000000 HISI 20151124)
Jun  6 16:12:00 ubuntu kernel: [    0.000000] ACPI: SDEI 0x000000002F550000 000030 (v01 HISI   HIP08    00000000 HISI 20151124)
Jun  6 16:12:00 ubuntu kernel: [    0.000000] ACPI: APIC 0x000000002F540000 001E6C (v04 HISI   HIP08    00000000 HISI 20151124)
Jun  6 16:12:00 ubuntu systemd-modules-load[1503]: Inserted module 'ppdev'
Jun  6 16:12:00 ubuntu kernel: [    0.000000] ACPI: IORT 0x000000002F520000 001678 (v00 HISI   HIP08    00000000 INTL 20181213)
Jun  6 16:12:00 ubuntu kernel: [    0.000000] ACPI: PPTT 0x000000002ECE0000 0031B0 (v01 HISI   HIP08    00000000 HISI 20151124)
Jun  6 16:12:00 ubuntu kernel: [    0.000000] ACPI: SPMI 0x000000002ECD0000 000041 (v05 HISI   HIP08    00000000 HISI 20151124)
Jun  6 16:12:00 ubuntu kernel: [    0.000000] ACPI: SRAT: Node 0 PXM 0 [mem 0x2080000000-0x27ffffffff]
Jun  6 16:12:00 ubuntu kernel: [    0.000000] ACPI: SRAT: Node 1 PXM 1 [mem 0x2800000000-0x2fffffffff]
Jun  6 16:12:00 ubuntu systemd-modules-load[1503]: Failed to find module 'parport_pc'
Jun  6 16:12:00 ubuntu kernel: [    0.000000] ACPI: SRAT: Node 0 PXM 0 [mem 0x00000000-0x7fffffff]
Jun  6 16:12:00 ubuntu kernel: [    0.000000] ACPI: SRAT: Node 2 PXM 2 [mem 0x202000000000-0x2027ffffffff]
Jun  6 16:12:00 ubuntu kernel: [    0.000000] ACPI: SRAT: Node 3 PXM 3 [mem 0x202800000000-0x202fffffffff]
Jun  6 16:12:00 ubuntu kernel: [    0.000000] NUMA: NODE_DATA [mem 0x27ffffc300-0x27ffffffff]
Jun  6 16:12:00 ubuntu kernel: [    0.000000] NUMA: NODE_DATA [mem 0x2fffffc300-0x2fffffffff]
Jun  6 16:12:00 ubuntu systemd[1]: Started Monitoring of LVM2 mirrors, snapshots etc. using dmeventd or progress polling.
Jun  6 16:12:00 ubuntu kernel: [    0.000000] NUMA: NODE_DATA [mem 0x2027ffffc300-0x2027ffffffff]
Jun  6 16:12:00 ubuntu kernel: [    0.000000] NUMA: NODE_DATA [mem 0x202feffff300-0x202ff0002fff]
Jun  6 16:12:00 ubuntu kernel: [    0.000000] Zone ranges:
Jun  6 16:12:00 ubuntu kernel: [    0.000000]   DMA      [mem 0x0000000000000000-0x000000003fffffff]
Jun  6 16:12:00 ubuntu systemd[1]: Started Create Static Device Nodes in /dev.
Jun  6 16:12:00 ubuntu kernel: [    0.000000]   DMA32    [mem 0x0000000040000000-0x00000000ffffffff]
Jun  6 16:12:00 ubuntu kernel: [    0.000000]   Normal   [mem 0x0000000100000000-0x0000202fffffffff]
Jun  6 16:12:00 ubuntu kernel: [    0.000000] Movable zone start for each node
Jun  6 16:12:00 ubuntu kernel: [    0.000000] Early memory node ranges
Jun  6 16:12:00 ubuntu kernel: [    0.000000]   node   0: [mem 0x0000000000000000-0x000000000000ffff]
Jun  6 16:12:00 ubuntu systemd-fsck[1957]: fsck.fat 4.1 (2017-01-24)
Jun  6 16:12:00 ubuntu kernel: [    0.000000]   node   0: [mem 0x0000000000010000-0x000000002e501fff]
Jun  6 16:12:00 ubuntu kernel: [    0.000000]   node   0: [mem 0x000000002e502000-0x000000002eccffff]
Jun  6 16:12:00 ubuntu kernel: [    0.000000]   node   0: [mem 0x000000002ecd0000-0x000000002f59ffff]
Jun  6 16:12:00 ubuntu kernel: [    0.000000]   node   0: [mem 0x000000002f5a0000-0x000000002f78ffff]
Jun  6 16:12:00 ubuntu kernel: [    0.000000]   node   0: [mem 0x000000002f790000-0x000000002f79ffff]
Jun  6 16:12:00 ubuntu kernel: [    0.000000]   node   0: [mem 0x000000002f7a0000-0x000000002f87ffff]
Jun  6 16:12:00 ubuntu kernel: [    0.000000]   node   0: [mem 0x000000002f880000-0x000000002f8bffff]
Jun  6 16:12:00 ubuntu systemd-fsck[1957]: /dev/sda1: 5 files, 35/65501 clusters
Jun  6 16:12:00 ubuntu systemd[1]: Starting udev Kernel Device Manager...
Jun  6 16:12:00 ubuntu kernel: [    0.000000]   node   0: [mem 0x000000002f8c0000-0x000000002f95ffff]
Jun  6 16:12:00 ubuntu kernel: [    0.000000]   node   0: [mem 0x000000002f960000-0x000000002f97ffff]
Jun  6 16:12:00 ubuntu kernel: [    0.000000]   node   0: [mem 0x000000002f980000-0x000000002fabffff]
Jun  6 16:12:00 ubuntu kernel: [    0.000000]   node   0: [mem 0x000000002fac0000-0x000000002fb6ffff]
Jun  6 16:12:00 ubuntu kernel: [    0.000000]   node   0: [mem 0x000000002fb70000-0x000000002fb71fff]
Jun  6 16:12:00 ubuntu kernel: [    0.000000]   node   0: [mem 0x000000002fb72000-0x000000002fb7ffff]
Jun  6 16:12:00 ubuntu kernel: [    0.000000]   node   0: [mem 0x000000002fb80000-0x000000002fb80fff]
Jun  6 16:12:00 ubuntu kernel: [    0.000000]   node   0: [mem 0x000000002fb81000-0x000000002fb8ffff]
Jun  6 16:12:00 ubuntu kernel: [    0.000000]   node   0: [mem 0x000000002fb90000-0x000000002fb91fff]
Jun  6 16:12:00 ubuntu kernel: [    0.000000]   node   0: [mem 0x000000002fb92000-0x000000002fbaffff]
Jun  6 16:12:00 ubuntu kernel: [    0.000000]   node   0: [mem 0x000000002fbb0000-0x000000002fbb1fff]
Jun  6 16:12:00 ubuntu kernel: [    0.000000]   node   0: [mem 0x000000002fbb2000-0x000000002fbcffff]
Jun  6 16:12:00 ubuntu kernel: [    0.000000]   node   0: [mem 0x000000002fbd0000-0x000000002fbd0fff]
Jun  6 16:12:00 ubuntu systemd-modules-load[1503]: Inserted module 'iscsi_tcp'
Jun  6 16:12:00 ubuntu kernel: [    0.000000]   node   0: [mem 0x000000002fbd1000-0x000000002fbdffff]
Jun  6 16:12:00 ubuntu kernel: [    0.000000]   node   0: [mem 0x000000002fbe0000-0x000000002fbfffff]
Jun  6 16:12:00 ubuntu kernel: [    0.000000]   node   0: [mem 0x000000002fc00000-0x000000002fc5ffff]
Jun  6 16:12:00 ubuntu kernel: [    0.000000]   node   0: [mem 0x000000002fc60000-0x000000002fe5ffff]
Jun  6 16:12:00 ubuntu kernel: [    0.000000]   node   0: [mem 0x000000002fe60000-0x000000002fe60fff]
Jun  6 16:12:00 ubuntu kernel: [    0.000000]   node   0: [mem 0x000000002fe61000-0x000000002fe64fff]
Jun  6 16:12:00 ubuntu systemd-modules-load[1503]: Inserted module 'ib_iser'
Jun  6 16:12:00 ubuntu kernel: [    0.000000]   node   0: [mem 0x000000002fe65000-0x000000002fe6afff]
Jun  6 16:12:00 ubuntu kernel: [    0.000000]   node   0: [mem 0x000000002fe6b000-0x000000002fe6bfff]
Jun  6 16:12:00 ubuntu kernel: [    0.000000]   node   0: [mem 0x000000002fe6c000-0x000000003f02ffff]
Jun  6 16:12:00 ubuntu kernel: [    0.000000]   node   0: [mem 0x000000003f030000-0x000000003f05ffff]
Jun  6 16:12:00 ubuntu kernel: [    0.000000]   node   0: [mem 0x000000003f060000-0x000000003fbfffff]
Jun  6 16:12:00 ubuntu systemd[1]: systemd-modules-load.service: Main process exited, code=exited, status=1/FAILURE
Jun  6 16:12:00 ubuntu kernel: [    0.000000]   node   0: [mem 0x0000000040000000-0x0000000043ffffff]
Jun  6 16:12:00 ubuntu kernel: [    0.000000]   node   0: [mem 0x0000000044030000-0x000000004fffffff]
Jun  6 16:12:00 ubuntu kernel: [    0.000000]   node   0: [mem 0x0000000050000000-0x000000007fffffff]
Jun  6 16:12:00 ubuntu kernel: [    0.000000]   node   0: [mem 0x0000002080000000-0x00000027ffffffff]
Jun  6 16:12:00 ubuntu systemd[1]: systemd-modules-load.service: Failed with result 'exit-code'.
Jun  6 16:12:00 ubuntu kernel: [    0.000000]   node   1: [mem 0x0000002800000000-0x0000002fffffffff]
Jun  6 16:12:00 ubuntu kernel: [    0.000000]   node   2: [mem 0x0000202000000000-0x00002027ffffffff]
Jun  6 16:12:00 ubuntu kernel: [    0.000000]   node   3: [mem 0x0000202800000000-0x0000202fffffffff]
Jun  6 16:12:00 ubuntu systemd[1]: Failed to start Load Kernel Modules.
Jun  6 16:12:00 ubuntu kernel: [    0.000000] Zeroed struct page in unavailable ranges: 814 pages
Jun  6 16:12:00 ubuntu kernel: [    0.000000] Initmem setup node 0 [mem 0x0000000000000000-0x00000027ffffffff]
Jun  6 16:12:00 ubuntu kernel: [    0.000000] On node 0 totalpages: 8387536
Jun  6 16:12:00 ubuntu systemd[1]: Mounting FUSE Control File System...
Jun  6 16:12:00 ubuntu kernel: [    0.000000]   DMA zone: 5120 pages used for memmap
Jun  6 16:12:00 ubuntu kernel: [    0.000000]   DMA zone: 0 pages reserved
Jun  6 16:12:00 ubuntu kernel: [    0.000000]   DMA zone: 261120 pages, LIFO batch:63
Jun  6 16:12:00 ubuntu kernel: [    0.000000]   DMA32 zone: 5120 pages used for memmap
Jun  6 16:12:00 ubuntu kernel: [    0.000000]   DMA32 zone: 262096 pages, LIFO batch:63
Jun  6 16:12:00 ubuntu kernel: [    0.000000]   Normal zone: 153600 pages used for memmap
Jun  6 16:12:00 ubuntu systemd[1]: Starting Apply Kernel Variables...
Jun  6 16:12:00 ubuntu kernel: [    0.000000]   Normal zone: 7864320 pages, LIFO batch:63
Jun  6 16:12:00 ubuntu kernel: [    0.000000] Initmem setup node 1 [mem 0x0000002800000000-0x0000002fffffffff]
Jun  6 16:12:00 ubuntu kernel: [    0.000000] On node 1 totalpages: 8388608
Jun  6 16:12:00 ubuntu kernel: [    0.000000]   Normal zone: 163840 pages used for memmap
Jun  6 16:12:00 ubuntu apparmor[2011]:  * Starting AppArmor profiles
Jun  6 16:12:00 ubuntu kernel: [    0.000000]   Normal zone: 8388608 pages, LIFO batch:63
Jun  6 16:12:00 ubuntu kernel: [    0.000000] Initmem setup node 2 [mem 0x0000202000000000-0x00002027ffffffff]
Jun  6 16:12:00 ubuntu kernel: [    0.000000] On node 2 totalpages: 8388608
Jun  6 16:12:00 ubuntu systemd[1]: Mounting Kernel Configuration File System...
Jun  6 16:12:00 ubuntu kernel: [    0.000000]   Normal zone: 163840 pages used for memmap
Jun  6 16:12:00 ubuntu kernel: [    0.000000]   Normal zone: 8388608 pages, LIFO batch:63
Jun  6 16:12:00 ubuntu kernel: [    0.000000] Initmem setup node 3 [mem 0x0000202800000000-0x0000202fffffffff]
Jun  6 16:12:00 ubuntu kernel: [    0.000000] On node 3 totalpages: 8388608
Jun  6 16:12:00 ubuntu apparmor[2011]: Skipping profile in /etc/apparmor.d/disable: usr.bin.firefox
Jun  6 16:12:00 ubuntu kernel: [    0.000000]   Normal zone: 163840 pages used for memmap
Jun  6 16:12:00 ubuntu kernel: [    0.000000]   Normal zone: 8388608 pages, LIFO batch:63
Jun  6 16:12:00 ubuntu kernel: [    0.000000] psci: probing for conduit method from ACPI.
Jun  6 16:12:00 ubuntu systemd[1]: Mounted FUSE Control File System.
Jun  6 16:12:00 ubuntu kernel: [    0.000000] psci: PSCIv1.1 detected in firmware.
Jun  6 16:12:00 ubuntu kernel: [    0.000000] psci: Using standard PSCI v0.2 function IDs
Jun  6 16:12:00 ubuntu kernel: [    0.000000] psci: MIGRATE_INFO_TYPE not supported.
Jun  6 16:12:00 ubuntu kernel: [    0.000000] psci: SMC Calling Convention v1.1
Jun  6 16:12:00 ubuntu apparmor[2011]: Skipping profile in /etc/apparmor.d/disable: usr.sbin.rsyslogd
Jun  6 16:12:00 ubuntu systemd[1]: Mounted Kernel Configuration File System.
Jun  6 16:12:00 ubuntu systemd[1]: Started Apply Kernel Variables.
Jun  6 16:12:00 ubuntu systemd[1]: Started Set the console keyboard layout.
Jun  6 16:12:00 ubuntu systemd[1]: Reached target Local File Systems (Pre).
Jun  6 16:12:00 ubuntu systemd[1]: Started udev Kernel Device Manager.
Jun  6 16:12:00 ubuntu systemd[1]: Started Dispatch Password Requests to Console Directory Watch.
Jun  6 16:12:00 ubuntu systemd[1]: Reached target Local Encrypted Volumes.
Jun  6 16:12:00 ubuntu systemd-udevd[1666]: link_config: autonegotiation is unset or enabled, the speed and duplex are not writable.
Jun  6 16:12:00 ubuntu systemd-udevd[1596]: link_config: autonegotiation is unset or enabled, the speed and duplex are not writable.
Jun  6 16:12:00 ubuntu systemd-udevd[1593]: link_config: autonegotiation is unset or enabled, the speed and duplex are not writable.
Jun  6 16:12:00 ubuntu kernel: [    0.000000] ACPI: NUMA: SRAT: PXM 0 -> MPIDR 0x80000 -> Node 0
Jun  6 16:12:00 ubuntu kernel: [    0.000000] ACPI: NUMA: SRAT: PXM 0 -> MPIDR 0x80100 -> Node 0
Jun  6 16:12:00 ubuntu systemd-udevd[1613]: link_config: autonegotiation is unset or enabled, the speed and duplex are not writable.
Jun  6 16:12:00 ubuntu kernel: [    0.000000] ACPI: NUMA: SRAT: PXM 0 -> MPIDR 0x80200 -> Node 0
Jun  6 16:12:00 ubuntu kernel: [    0.000000] ACPI: NUMA: SRAT: PXM 0 -> MPIDR 0x80300 -> Node 0
Jun  6 16:12:00 ubuntu kernel: [    0.000000] ACPI: NUMA: SRAT: PXM 0 -> MPIDR 0x90000 -> Node 0
Jun  6 16:12:00 ubuntu kernel: [    0.000000] ACPI: NUMA: SRAT: PXM 0 -> MPIDR 0x90100 -> Node 0
Jun  6 16:12:00 ubuntu kernel: [    0.000000] ACPI: NUMA: SRAT: PXM 0 -> MPIDR 0x90200 -> Node 0
Jun  6 16:12:00 ubuntu kernel: [    0.000000] ACPI: NUMA: SRAT: PXM 0 -> MPIDR 0x90300 -> Node 0
Jun  6 16:12:00 ubuntu kernel: [    0.000000] ACPI: NUMA: SRAT: PXM 0 -> MPIDR 0xa0000 -> Node 0
Jun  6 16:12:00 ubuntu systemd-udevd[1622]: link_config: autonegotiation is unset or enabled, the speed and duplex are not writable.
Jun  6 16:12:00 ubuntu kernel: [    0.000000] ACPI: NUMA: SRAT: PXM 0 -> MPIDR 0xa0100 -> Node 0
Jun  6 16:12:00 ubuntu kernel: [    0.000000] ACPI: NUMA: SRAT: PXM 0 -> MPIDR 0xa0200 -> Node 0
Jun  6 16:12:00 ubuntu kernel: [    0.000000] ACPI: NUMA: SRAT: PXM 0 -> MPIDR 0xa0300 -> Node 0
Jun  6 16:12:00 ubuntu kernel: [    0.000000] ACPI: NUMA: SRAT: PXM 0 -> MPIDR 0xb0000 -> Node 0
Jun  6 16:12:00 ubuntu systemd[1]: Listening on Load/Save RF Kill Switch Status /dev/rfkill Watch.
Jun  6 16:12:00 ubuntu kernel: [    0.000000] ACPI: NUMA: SRAT: PXM 0 -> MPIDR 0xb0100 -> Node 0
Jun  6 16:12:00 ubuntu kernel: [    0.000000] ACPI: NUMA: SRAT: PXM 0 -> MPIDR 0xb0200 -> Node 0
Jun  6 16:12:00 ubuntu kernel: [    0.000000] ACPI: NUMA: SRAT: PXM 0 -> MPIDR 0xb0300 -> Node 0
Jun  6 16:12:00 ubuntu systemd[1]: Found device HW-SAS3508 EFI\x20System\x20Partition.
Jun  6 16:12:00 ubuntu kernel: [    0.000000] ACPI: NUMA: SRAT: PXM 0 -> MPIDR 0xc0000 -> Node 0
Jun  6 16:12:00 ubuntu kernel: [    0.000000] ACPI: NUMA: SRAT: PXM 0 -> MPIDR 0xc0100 -> Node 0
Jun  6 16:12:00 ubuntu kernel: [    0.000000] ACPI: NUMA: SRAT: PXM 0 -> MPIDR 0xc0200 -> Node 0
Jun  6 16:12:00 ubuntu kernel: [    0.000000] ACPI: NUMA: SRAT: PXM 0 -> MPIDR 0xc0300 -> Node 0
Jun  6 16:12:00 ubuntu kernel: [    0.000000] ACPI: NUMA: SRAT: PXM 0 -> MPIDR 0xd0000 -> Node 0
Jun  6 16:12:00 ubuntu systemd[1]: Starting File System Check on /dev/disk/by-uuid/71BE-99A8...
Jun  6 16:12:00 ubuntu kernel: [    0.000000] ACPI: NUMA: SRAT: PXM 0 -> MPIDR 0xd0100 -> Node 0
Jun  6 16:12:00 ubuntu kernel: [    0.000000] ACPI: NUMA: SRAT: PXM 0 -> MPIDR 0xd0200 -> Node 0
Jun  6 16:12:00 ubuntu kernel: [    0.000000] ACPI: NUMA: SRAT: PXM 0 -> MPIDR 0xd0300 -> Node 0
Jun  6 16:12:00 ubuntu systemd[1]: Started File System Check Daemon to report status.
Jun  6 16:12:00 ubuntu kernel: [    0.000000] ACPI: NUMA: SRAT: PXM 1 -> MPIDR 0x180000 -> Node 1
Jun  6 16:12:00 ubuntu kernel: [    0.000000] ACPI: NUMA: SRAT: PXM 1 -> MPIDR 0x180100 -> Node 1
Jun  6 16:12:00 ubuntu kernel: [    0.000000] ACPI: NUMA: SRAT: PXM 1 -> MPIDR 0x180200 -> Node 1
Jun  6 16:12:00 ubuntu kernel: [    0.000000] ACPI: NUMA: SRAT: PXM 1 -> MPIDR 0x180300 -> Node 1
Jun  6 16:12:00 ubuntu kernel: [    0.000000] ACPI: NUMA: SRAT: PXM 1 -> MPIDR 0x190000 -> Node 1
Jun  6 16:12:00 ubuntu systemd[1]: Started File System Check on /dev/disk/by-uuid/71BE-99A8.
Jun  6 16:12:00 ubuntu kernel: [    0.000000] ACPI: NUMA: SRAT: PXM 1 -> MPIDR 0x190100 -> Node 1
Jun  6 16:12:00 ubuntu kernel: [    0.000000] ACPI: NUMA: SRAT: PXM 1 -> MPIDR 0x190200 -> Node 1
Jun  6 16:12:00 ubuntu systemd[1]: Mounting /boot/efi...
Jun  6 16:12:00 ubuntu kernel: [    0.000000] ACPI: NUMA: SRAT: PXM 1 -> MPIDR 0x190300 -> Node 1
Jun  6 16:12:00 ubuntu kernel: [    0.000000] ACPI: NUMA: SRAT: PXM 1 -> MPIDR 0x1a0000 -> Node 1
Jun  6 16:12:00 ubuntu kernel: [    0.000000] ACPI: NUMA: SRAT: PXM 1 -> MPIDR 0x1a0100 -> Node 1
Jun  6 16:12:00 ubuntu kernel: [    0.000000] ACPI: NUMA: SRAT: PXM 1 -> MPIDR 0x1a0200 -> Node 1
Jun  6 16:12:00 ubuntu systemd[1]: Mounted /boot/efi.
Jun  6 16:12:00 ubuntu kernel: [    0.000000] ACPI: NUMA: SRAT: PXM 1 -> MPIDR 0x1a0300 -> Node 1
Jun  6 16:12:00 ubuntu kernel: [    0.000000] ACPI: NUMA: SRAT: PXM 1 -> MPIDR 0x1b0000 -> Node 1
Jun  6 16:12:00 ubuntu kernel: [    0.000000] ACPI: NUMA: SRAT: PXM 1 -> MPIDR 0x1b0100 -> Node 1
Jun  6 16:12:00 ubuntu systemd[1]: Reached target Local File Systems.
Jun  6 16:12:00 ubuntu kernel: [    0.000000] ACPI: NUMA: SRAT: PXM 1 -> MPIDR 0x1b0200 -> Node 1
Jun  6 16:12:00 ubuntu kernel: [    0.000000] ACPI: NUMA: SRAT: PXM 1 -> MPIDR 0x1b0300 -> Node 1
Jun  6 16:12:00 ubuntu kernel: [    0.000000] ACPI: NUMA: SRAT: PXM 1 -> MPIDR 0x1c0000 -> Node 1
Jun  6 16:12:00 ubuntu systemd[1]: Starting Clean up any mess left by 0dns-up...
Jun  6 16:12:00 ubuntu kernel: [    0.000000] ACPI: NUMA: SRAT: PXM 1 -> MPIDR 0x1c0100 -> Node 1
Jun  6 16:12:00 ubuntu kernel: [    0.000000] ACPI: NUMA: SRAT: PXM 1 -> MPIDR 0x1c0200 -> Node 1
Jun  6 16:12:00 ubuntu kernel: [    0.000000] ACPI: NUMA: SRAT: PXM 1 -> MPIDR 0x1c0300 -> Node 1
Jun  6 16:12:00 ubuntu systemd[1]: Starting Enable support for additional executable binary formats...
Jun  6 16:12:00 ubuntu kernel: [    0.000000] ACPI: NUMA: SRAT: PXM 1 -> MPIDR 0x1d0000 -> Node 1
Jun  6 16:12:00 ubuntu kernel: [    0.000000] ACPI: NUMA: SRAT: PXM 1 -> MPIDR 0x1d0100 -> Node 1
Jun  6 16:12:00 ubuntu kernel: [    0.000000] ACPI: NUMA: SRAT: PXM 1 -> MPIDR 0x1d0200 -> Node 1
Jun  6 16:12:00 ubuntu kernel: [    0.000000] ACPI: NUMA: SRAT: PXM 1 -> MPIDR 0x1d0300 -> Node 1
Jun  6 16:12:00 ubuntu systemd[1]: Starting ebtables ruleset management...
Jun  6 16:12:00 ubuntu kernel: [    0.000000] ACPI: NUMA: SRAT: PXM 2 -> MPIDR 0x280000 -> Node 2
Jun  6 16:12:00 ubuntu kernel: [    0.000000] ACPI: NUMA: SRAT: PXM 2 -> MPIDR 0x280100 -> Node 2
Jun  6 16:12:00 ubuntu kernel: [    0.000000] ACPI: NUMA: SRAT: PXM 2 -> MPIDR 0x280200 -> Node 2
Jun  6 16:12:00 ubuntu kernel: [    0.000000] ACPI: NUMA: SRAT: PXM 2 -> MPIDR 0x280300 -> Node 2
Jun  6 16:12:00 ubuntu kernel: [    0.000000] ACPI: NUMA: SRAT: PXM 2 -> MPIDR 0x290000 -> Node 2
Jun  6 16:12:00 ubuntu systemd[1]: Starting Tell Plymouth To Write Out Runtime Data...
Jun  6 16:12:00 ubuntu kernel: [    0.000000] ACPI: NUMA: SRAT: PXM 2 -> MPIDR 0x290100 -> Node 2
Jun  6 16:12:00 ubuntu kernel: [    0.000000] ACPI: NUMA: SRAT: PXM 2 -> MPIDR 0x290200 -> Node 2
Jun  6 16:12:00 ubuntu kernel: [    0.000000] ACPI: NUMA: SRAT: PXM 2 -> MPIDR 0x290300 -> Node 2
Jun  6 16:12:00 ubuntu kernel: [    0.000000] ACPI: NUMA: SRAT: PXM 2 -> MPIDR 0x2a0000 -> Node 2
Jun  6 16:12:00 ubuntu systemd[1]: Starting Set console font and keymap...
Jun  6 16:12:00 ubuntu kernel: [    0.000000] ACPI: NUMA: SRAT: PXM 2 -> MPIDR 0x2a0100 -> Node 2
Jun  6 16:12:00 ubuntu kernel: [    0.000000] ACPI: NUMA: SRAT: PXM 2 -> MPIDR 0x2a0200 -> Node 2
Jun  6 16:12:00 ubuntu kernel: [    0.000000] ACPI: NUMA: SRAT: PXM 2 -> MPIDR 0x2a0300 -> Node 2
Jun  6 16:12:00 ubuntu kernel: [    0.000000] ACPI: NUMA: SRAT: PXM 2 -> MPIDR 0x2b0000 -> Node 2
Jun  6 16:12:00 ubuntu kernel: [    0.000000] ACPI: NUMA: SRAT: PXM 2 -> MPIDR 0x2b0100 -> Node 2
Jun  6 16:12:00 ubuntu systemd[1]: Starting QEMU KVM preparation - module, ksm, hugepages...
Jun  6 16:12:00 ubuntu kernel: [    0.000000] ACPI: NUMA: SRAT: PXM 2 -> MPIDR 0x2b0200 -> Node 2
Jun  6 16:12:00 ubuntu kernel: [    0.000000] ACPI: NUMA: SRAT: PXM 2 -> MPIDR 0x2b0300 -> Node 2
Jun  6 16:12:00 ubuntu kernel: [    0.000000] ACPI: NUMA: SRAT: PXM 2 -> MPIDR 0x2c0000 -> Node 2
Jun  6 16:12:00 ubuntu kernel: [    0.000000] ACPI: NUMA: SRAT: PXM 2 -> MPIDR 0x2c0100 -> Node 2
Jun  6 16:12:00 ubuntu systemd[1]: Starting AppArmor initialization...
Jun  6 16:12:00 ubuntu kernel: [    0.000000] ACPI: NUMA: SRAT: PXM 2 -> MPIDR 0x2c0200 -> Node 2
Jun  6 16:12:00 ubuntu kernel: [    0.000000] ACPI: NUMA: SRAT: PXM 2 -> MPIDR 0x2c0300 -> Node 2
Jun  6 16:12:00 ubuntu systemd[1]: Started Set console font and keymap.
Jun  6 16:12:00 ubuntu kernel: [    0.000000] ACPI: NUMA: SRAT: PXM 2 -> MPIDR 0x2d0000 -> Node 2
Jun  6 16:12:00 ubuntu kernel: [    0.000000] ACPI: NUMA: SRAT: PXM 2 -> MPIDR 0x2d0100 -> Node 2
Jun  6 16:12:00 ubuntu kernel: [    0.000000] ACPI: NUMA: SRAT: PXM 2 -> MPIDR 0x2d0200 -> Node 2
Jun  6 16:12:00 ubuntu kernel: [    0.000000] ACPI: NUMA: SRAT: PXM 2 -> MPIDR 0x2d0300 -> Node 2
Jun  6 16:12:00 ubuntu systemd[1]: Started QEMU KVM preparation - module, ksm, hugepages.
Jun  6 16:12:00 ubuntu kernel: [    0.000000] ACPI: NUMA: SRAT: PXM 3 -> MPIDR 0x380000 -> Node 3
Jun  6 16:12:00 ubuntu kernel: [    0.000000] ACPI: NUMA: SRAT: PXM 3 -> MPIDR 0x380100 -> Node 3
Jun  6 16:12:00 ubuntu kernel: [    0.000000] ACPI: NUMA: SRAT: PXM 3 -> MPIDR 0x380200 -> Node 3
Jun  6 16:12:00 ubuntu systemd[1]: proc-sys-fs-binfmt_misc.automount: Got automount request for /proc/sys/fs/binfmt_misc, triggered by 1983 (update-binfmts)
Jun  6 16:12:00 ubuntu kernel: [    0.000000] ACPI: NUMA: SRAT: PXM 3 -> MPIDR 0x380300 -> Node 3
Jun  6 16:12:00 ubuntu kernel: [    0.000000] ACPI: NUMA: SRAT: PXM 3 -> MPIDR 0x390000 -> Node 3
Jun  6 16:12:00 ubuntu kernel: [    0.000000] ACPI: NUMA: SRAT: PXM 3 -> MPIDR 0x390100 -> Node 3
Jun  6 16:12:00 ubuntu kernel: [    0.000000] ACPI: NUMA: SRAT: PXM 3 -> MPIDR 0x390200 -> Node 3
Jun  6 16:12:00 ubuntu kernel: [    0.000000] ACPI: NUMA: SRAT: PXM 3 -> MPIDR 0x390300 -> Node 3
Jun  6 16:12:00 ubuntu systemd[1]: Mounting Arbitrary Executable File Formats File System...
Jun  6 16:12:00 ubuntu kernel: [    0.000000] ACPI: NUMA: SRAT: PXM 3 -> MPIDR 0x3a0000 -> Node 3
Jun  6 16:12:00 ubuntu kernel: [    0.000000] ACPI: NUMA: SRAT: PXM 3 -> MPIDR 0x3a0100 -> Node 3
Jun  6 16:12:00 ubuntu kernel: [    0.000000] ACPI: NUMA: SRAT: PXM 3 -> MPIDR 0x3a0200 -> Node 3
Jun  6 16:12:00 ubuntu kernel: [    0.000000] ACPI: NUMA: SRAT: PXM 3 -> MPIDR 0x3a0300 -> Node 3
Jun  6 16:12:00 ubuntu kernel: [    0.000000] ACPI: NUMA: SRAT: PXM 3 -> MPIDR 0x3b0000 -> Node 3
Jun  6 16:12:00 ubuntu kernel: [    0.000000] ACPI: NUMA: SRAT: PXM 3 -> MPIDR 0x3b0100 -> Node 3
Jun  6 16:12:00 ubuntu systemd[1]: Started Tell Plymouth To Write Out Runtime Data.
Jun  6 16:12:00 ubuntu kernel: [    0.000000] ACPI: NUMA: SRAT: PXM 3 -> MPIDR 0x3b0200 -> Node 3
Jun  6 16:12:00 ubuntu kernel: [    0.000000] ACPI: NUMA: SRAT: PXM 3 -> MPIDR 0x3b0300 -> Node 3
Jun  6 16:12:00 ubuntu systemd[1]: Mounted Arbitrary Executable File Formats File System.
Jun  6 16:12:00 ubuntu kernel: [    0.000000] ACPI: NUMA: SRAT: PXM 3 -> MPIDR 0x3c0000 -> Node 3
Jun  6 16:12:00 ubuntu kernel: [    0.000000] ACPI: NUMA: SRAT: PXM 3 -> MPIDR 0x3c0100 -> Node 3
Jun  6 16:12:00 ubuntu kernel: [    0.000000] ACPI: NUMA: SRAT: PXM 3 -> MPIDR 0x3c0200 -> Node 3
Jun  6 16:12:00 ubuntu kernel: [    0.000000] ACPI: NUMA: SRAT: PXM 3 -> MPIDR 0x3c0300 -> Node 3
Jun  6 16:12:00 ubuntu systemd[1]: Started Enable support for additional executable binary formats.
Jun  6 16:12:00 ubuntu kernel: [    0.000000] ACPI: NUMA: SRAT: PXM 3 -> MPIDR 0x3d0000 -> Node 3
Jun  6 16:12:00 ubuntu kernel: [    0.000000] ACPI: NUMA: SRAT: PXM 3 -> MPIDR 0x3d0100 -> Node 3
Jun  6 16:12:00 ubuntu systemd[1]: Started ebtables ruleset management.
Jun  6 16:12:00 ubuntu kernel: [    0.000000] ACPI: NUMA: SRAT: PXM 3 -> MPIDR 0x3d0200 -> Node 3
Jun  6 16:12:00 ubuntu systemd[1]: Reached target Network (Pre).
Jun  6 16:12:00 ubuntu kernel: [    0.000000] ACPI: NUMA: SRAT: PXM 3 -> MPIDR 0x3d0300 -> Node 3
Jun  6 16:12:00 ubuntu kernel: [    0.000000] percpu: Embedded 33 pages/cpu s94616 r8192 d32360 u135168
Jun  6 16:12:00 ubuntu kernel: [    0.000000] pcpu-alloc: s94616 r8192 d32360 u135168 alloc=33*4096
Jun  6 16:12:00 ubuntu kernel: [    0.000000] pcpu-alloc: [0] 00 [0] 01 [0] 02 [0] 03 [0] 04 [0] 05 [0] 06 [0] 07 
Jun  6 16:12:00 ubuntu systemd[1]: Started Clean up any mess left by 0dns-up.
Jun  6 16:12:00 ubuntu kernel: [    0.000000] pcpu-alloc: [0] 08 [0] 09 [0] 10 [0] 11 [0] 12 [0] 13 [0] 14 [0] 15 
Jun  6 16:12:00 ubuntu kernel: [    0.000000] pcpu-alloc: [0] 16 [0] 17 [0] 18 [0] 19 [0] 20 [0] 21 [0] 22 [0] 23 
Jun  6 16:12:00 ubuntu kernel: [    0.000000] pcpu-alloc: [1] 24 [1] 25 [1] 26 [1] 27 [1] 28 [1] 29 [1] 30 [1] 31 
Jun  6 16:12:00 ubuntu kernel: [    0.000000] pcpu-alloc: [1] 32 [1] 33 [1] 34 [1] 35 [1] 36 [1] 37 [1] 38 [1] 39 
Jun  6 16:12:00 ubuntu kernel: [    0.000000] pcpu-alloc: [1] 40 [1] 41 [1] 42 [1] 43 [1] 44 [1] 45 [1] 46 [1] 47 
Jun  6 16:12:00 ubuntu systemd[1]: Starting Network Service...
Jun  6 16:12:00 ubuntu kernel: [    0.000000] pcpu-alloc: [2] 48 [2] 49 [2] 50 [2] 51 [2] 52 [2] 53 [2] 54 [2] 55 
Jun  6 16:12:00 ubuntu kernel: [    0.000000] pcpu-alloc: [2] 56 [2] 57 [2] 58 [2] 59 [2] 60 [2] 61 [2] 62 [2] 63 
Jun  6 16:12:00 ubuntu kernel: [    0.000000] pcpu-alloc: [2] 64 [2] 65 [2] 66 [2] 67 [2] 68 [2] 69 [2] 70 [2] 71 
Jun  6 16:12:00 ubuntu systemd-udevd[2218]: link_config: autonegotiation is unset or enabled, the speed and duplex are not writable.
Jun  6 16:12:00 ubuntu kernel: [    0.000000] pcpu-alloc: [3] 72 [3] 73 [3] 74 [3] 75 [3] 76 [3] 77 [3] 78 [3] 79 
Jun  6 16:12:00 ubuntu kernel: [    0.000000] pcpu-alloc: [3] 80 [3] 81 [3] 82 [3] 83 [3] 84 [3] 85 [3] 86 [3] 87 
Jun  6 16:12:00 ubuntu kernel: [    0.000000] pcpu-alloc: [3] 88 [3] 89 [3] 90 [3] 91 [3] 92 [3] 93 [3] 94 [3] 95 
Jun  6 16:12:00 ubuntu kernel: [    0.000000] Detected VIPT I-cache on CPU0
Jun  6 16:12:00 ubuntu systemd-networkd[2191]: br0: netdev ready
Jun  6 16:12:00 ubuntu kernel: [    0.000000] CPU features: detected: GIC system register CPU interface
Jun  6 16:12:00 ubuntu kernel: [    0.000000] CPU features: detected: Virtualization Host Extensions
Jun  6 16:12:00 ubuntu systemd-networkd[2191]: Enumeration completed
Jun  6 16:12:00 ubuntu systemd[1]: Started Network Service.
Jun  6 16:12:00 ubuntu systemd-networkd[2191]: br0: IPv6 successfully enabled
Jun  6 16:12:00 ubuntu systemd-networkd[2191]: enp125s0f0: Link is not managed by us
Jun  6 16:12:00 ubuntu systemd-networkd[2191]: enp125s0f1: Link is not managed by us
Jun  6 16:12:00 ubuntu systemd-networkd[2191]: lo: Link is not managed by us
Jun  6 16:12:00 ubuntu systemd-networkd[2191]: enp125s0f2: Link is not managed by us
Jun  6 16:12:00 ubuntu systemd-networkd[2191]: enp125s0f3: Link is not managed by us
Jun  6 16:12:00 ubuntu systemd-networkd[2191]: enp125s0f1: IPv6 successfully enabled
Jun  6 16:12:00 ubuntu systemd-networkd[2191]: enp125s0f0: Link is not managed by us
Jun  6 16:12:00 ubuntu systemd-networkd[2191]: lo: Link is not managed by us
Jun  6 16:12:00 ubuntu systemd-networkd[2191]: enp125s0f2: Link is not managed by us
Jun  6 16:12:00 ubuntu kernel: [    0.000000] CPU features: detected: Hardware dirty bit management
Jun  6 16:12:00 ubuntu systemd-networkd[2191]: enp125s0f3: Link is not managed by us
Jun  6 16:12:00 ubuntu kernel: [    0.000000] alternatives: patching kernel code
Jun  6 16:12:00 ubuntu kernel: [    0.000000] Built 4 zonelists, mobility grouping on.  Total pages: 32898000
Jun  6 16:12:00 ubuntu systemd[1]: Starting Wait for Network to be Configured...
Jun  6 16:12:00 ubuntu kernel: [    0.000000] Policy zone: Normal
Jun  6 16:12:00 ubuntu kernel: [    0.000000] Kernel command line: BOOT_IMAGE=/boot/vmlinuz-5.7.1 root=UUID=87f15ea3-75f7-4c9d-add6-30cc3fc19001 ro text
Jun  6 16:12:00 ubuntu kernel: [    0.000000] printk: log_buf_len individual max cpu contribution: 4096 bytes
Jun  6 16:12:00 ubuntu kernel: [    0.000000] printk: log_buf_len total cpu_extra contributions: 389120 bytes
Jun  6 16:12:00 ubuntu systemd-networkd[2191]: br0: Link UP
Jun  6 16:12:00 ubuntu kernel: [    0.000000] printk: log_buf_len min size: 262144 bytes
Jun  6 16:12:00 ubuntu kernel: [    0.000000] printk: log_buf_len: 1048576 bytes
Jun  6 16:12:00 ubuntu kernel: [    0.000000] printk: early log buf free: 245792(93%)
Jun  6 16:12:00 ubuntu systemd-networkd[2191]: enp125s0f1: Link UP
Jun  6 16:12:00 ubuntu kernel: [    0.000000] mem auto-init: stack:off, heap alloc:on, heap free:off
Jun  6 16:12:00 ubuntu kernel: [    0.000000] software IO TLB: mapped [mem 0x3b030000-0x3f030000] (64MB)
Jun  6 16:12:00 ubuntu kernel: [    0.000000] Memory: 130842212K/134213440K available (14140K kernel code, 2356K rwdata, 6880K rodata, 7040K init, 1134K bss, 3338460K reserved, 32768K cma-reserved)
Jun  6 16:12:00 ubuntu kernel: [    0.000000] random: get_random_u64 called from __kmem_cache_create+0x5c/0x5d8 with crng_init=0
Jun  6 16:12:00 ubuntu systemd-networkd[2191]: enp125s0f0: Link UP
Jun  6 16:12:00 ubuntu kernel: [    0.000000] SLUB: HWalign=64, Order=0-3, MinObjects=0, CPUs=96, Nodes=4
Jun  6 16:12:00 ubuntu kernel: [    0.000000] ftrace: allocating 46050 entries in 180 pages
Jun  6 16:12:00 ubuntu kernel: [    0.000000] ftrace: allocated 180 pages with 4 groups
Jun  6 16:12:00 ubuntu kernel: [    0.000000] rcu: Hierarchical RCU implementation.
Jun  6 16:12:00 ubuntu kernel: [    0.000000] rcu: 	RCU restricting CPUs from NR_CPUS=256 to nr_cpu_ids=96.
Jun  6 16:12:00 ubuntu systemd[1]: Started Flush Journal to Persistent Storage.
Jun  6 16:12:00 ubuntu kernel: [    0.000000] 	Tasks RCU enabled.
Jun  6 16:12:00 ubuntu systemd[1]: Starting Create Volatile Files and Directories...
Jun  6 16:12:00 ubuntu kernel: [    0.000000] rcu: RCU calculated value of scheduler-enlistment delay is 25 jiffies.
Jun  6 16:12:00 ubuntu kernel: [    0.000000] rcu: Adjusting geometry for rcu_fanout_leaf=16, nr_cpu_ids=96
Jun  6 16:12:00 ubuntu kernel: [    0.000000] NR_IRQS: 64, nr_irqs: 64, preallocated irqs: 0
Jun  6 16:12:00 ubuntu kernel: [    0.000000] GICv3: GIC: Using split EOI/Deactivate mode
Jun  6 16:12:00 ubuntu systemd[1]: Started Create Volatile Files and Directories.
Jun  6 16:12:00 ubuntu kernel: [    0.000000] GICv3: 640 SPIs implemented
Jun  6 16:12:00 ubuntu kernel: [    0.000000] GICv3: 0 Extended SPIs implemented
Jun  6 16:12:00 ubuntu kernel: [    0.000000] GICv3: Distributor has no Range Selector support
Jun  6 16:12:00 ubuntu systemd[1]: Starting Network Name Resolution...
Jun  6 16:12:00 ubuntu kernel: [    0.000000] GICv3: 16 PPIs implemented
Jun  6 16:12:00 ubuntu kernel: [    0.000000] GICv3: GICv4 features: DirectLPI 
Jun  6 16:12:00 ubuntu kernel: [    0.000000] GICv3: CPU0: found redistributor 80000 region 0:0x00000000ae100000
Jun  6 16:12:00 ubuntu systemd[1]: Starting Update UTMP about System Boot/Shutdown...
Jun  6 16:12:00 ubuntu kernel: [    0.000000] SRAT: PXM 0 -> ITS 0 -> Node 0
Jun  6 16:12:00 ubuntu kernel: [    0.000000] SRAT: PXM 2 -> ITS 1 -> Node 2
Jun  6 16:12:00 ubuntu systemd[1]: Starting Network Time Synchronization...
Jun  6 16:12:00 ubuntu kernel: [    0.000000] ITS [mem 0x202100000-0x20211ffff]
Jun  6 16:12:00 ubuntu kernel: [    0.000000] ITS@0x0000000202100000: Using ITS number 0
Jun  6 16:12:00 ubuntu kernel: [    0.000000] ITS@0x0000000202100000: allocated 65536 Devices @27ffb80000 (flat, esz 8, psz 16K, shr 1)
Jun  6 16:12:00 ubuntu systemd[1]: Started Update UTMP about System Boot/Shutdown.
Jun  6 16:12:00 ubuntu kernel: [    0.000000] ITS@0x0000000202100000: allocated 65536 Virtual CPUs @27ff000000 (flat, esz 16, psz 4K, shr 1)
Jun  6 16:12:00 ubuntu kernel: [    0.000000] ITS@0x0000000202100000: allocated 256 Interrupt Collections @27ffb10000 (flat, esz 16, psz 4K, shr 1)
Jun  6 16:12:00 ubuntu kernel: [    0.000000] ITS [mem 0x200202100000-0x20020211ffff]
Jun  6 16:12:00 ubuntu systemd-resolved[2265]: Positive Trust Anchors:
Jun  6 16:12:00 ubuntu kernel: [    0.000000] ITS@0x0000200202100000: Using ITS number 1
Jun  6 16:12:00 ubuntu systemd[1]: Started Network Time Synchronization.
Jun  6 16:12:00 ubuntu kernel: [    0.000000] ITS@0x0000200202100000: allocated 65536 Devices @2027ff880000 (flat, esz 8, psz 16K, shr 1)
Jun  6 16:12:00 ubuntu kernel: [    0.000000] ITS@0x0000200202100000: allocated 65536 Virtual CPUs @2027ff900000 (flat, esz 16, psz 4K, shr 1)
Jun  6 16:12:00 ubuntu kernel: [    0.000000] ITS@0x0000200202100000: allocated 256 Interrupt Collections @2027ff801000 (flat, esz 16, psz 4K, shr 1)
Jun  6 16:12:00 ubuntu kernel: [    0.000000] GICv3: using LPI property table @0x00000027ffb20000
Jun  6 16:12:00 ubuntu kernel: [    0.000000] ITS: Using DirectLPI for VPE invalidation
Jun  6 16:12:00 ubuntu systemd-resolved[2265]: . IN DS 19036 8 2 49aac11d7b6f6446702e54a1607371607a1a41855200fd2ce1cdde32f24e8fb5
Jun  6 16:12:00 ubuntu kernel: [    0.000000] ITS: Enabling GICv4 support
Jun  6 16:12:00 ubuntu kernel: [    0.000000] GICv3: CPU0: using allocated LPI pending table @0x00000027ffb30000
Jun  6 16:12:00 ubuntu kernel: [    0.000000] arch_timer: cp15 timer(s) running at 100.00MHz (phys).
Jun  6 16:12:00 ubuntu systemd-resolved[2265]: . IN DS 20326 8 2 e06d44b80b8f1d39a95c0b0d7c65d08458e880409bbc683457104237c7f8ec8d
Jun  6 16:12:00 ubuntu kernel: [    0.000000] clocksource: arch_sys_counter: mask: 0xffffffffffffff max_cycles: 0x171024e7e0, max_idle_ns: 440795205315 ns
Jun  6 16:12:00 ubuntu kernel: [    0.000001] sched_clock: 56 bits at 100MHz, resolution 10ns, wraps every 4398046511100ns
Jun  6 16:12:00 ubuntu kernel: [    0.000112] Console: colour dummy device 80x25
Jun  6 16:12:00 ubuntu kernel: [    0.000435] printk: console [tty0] enabled
Jun  6 16:12:00 ubuntu systemd-resolved[2265]: Negative trust anchors: 10.in-addr.arpa 16.172.in-addr.arpa 17.172.in-addr.arpa 18.172.in-addr.arpa 19.172.in-addr.arpa 20.172.in-addr.arpa 21.172.in-addr.arpa 22.172.in-addr.arpa 23.172.in-addr.arpa 24.172.in-addr.arpa 25.172.in-addr.arpa 26.172.in-addr.arpa 27.172.in-addr.arpa 28.172.in-addr.arpa 29.172.in-addr.arpa 30.172.in-addr.arpa 31.172.in-addr.arpa 168.192.in-addr.arpa d.f.ip6.arpa corp home internal intranet lan local private test
Jun  6 16:12:00 ubuntu kernel: [    0.000501] mempolicy: Enabling automatic NUMA balancing. Configure with numa_balancing= or the kernel.numa_balancing sysctl
Jun  6 16:12:00 ubuntu kernel: [    0.000516] ACPI: Core revision 20200326
Jun  6 16:12:00 ubuntu kernel: [    0.000715] Calibrating delay loop (skipped), value calculated using timer frequency.. 200.00 BogoMIPS (lpj=400000)
Jun  6 16:12:00 ubuntu kernel: [    0.000720] pid_max: default: 98304 minimum: 768
Jun  6 16:12:00 ubuntu kernel: [    0.000800] LSM: Security Framework initializing
Jun  6 16:12:00 ubuntu systemd-resolved[2265]: Using system hostname 'ubuntu'.
Jun  6 16:12:00 ubuntu kernel: [    0.000807] Yama: becoming mindful.
Jun  6 16:12:00 ubuntu kernel: [    0.000840] AppArmor: AppArmor initialized
Jun  6 16:12:00 ubuntu kernel: [    0.013233] Dentry cache hash table entries: 8388608 (order: 14, 67108864 bytes, vmalloc)
Jun  6 16:12:00 ubuntu kernel: [    0.019359] Inode-cache hash table entries: 4194304 (order: 13, 33554432 bytes, vmalloc)
Jun  6 16:12:00 ubuntu systemd[1]: Started Network Name Resolution.
Jun  6 16:12:00 ubuntu kernel: [    0.019613] Mount-cache hash table entries: 131072 (order: 8, 1048576 bytes, vmalloc)
Jun  6 16:12:00 ubuntu kernel: [    0.019809] Mountpoint-cache hash table entries: 131072 (order: 8, 1048576 bytes, vmalloc)
Jun  6 16:12:00 ubuntu kernel: [    0.022247] rcu: Hierarchical SRCU implementation.
Jun  6 16:12:00 ubuntu kernel: [    0.022694] Platform MSI: ITS@0x202100000 domain created
Jun  6 16:12:00 ubuntu systemd[1]: Reached target Host and Network Name Lookups.
Jun  6 16:12:00 ubuntu kernel: [    0.022699] Platform MSI: ITS@0x200202100000 domain created
Jun  6 16:12:00 ubuntu kernel: [    0.022705] PCI/MSI: ITS@0x202100000 domain created
Jun  6 16:12:00 ubuntu kernel: [    0.022708] PCI/MSI: ITS@0x200202100000 domain created
Jun  6 16:12:00 ubuntu kernel: [    0.022720] Remapping and enabling EFI services.
Jun  6 16:12:00 ubuntu kernel: [    0.022924] efi: memattr: Entry attributes invalid: RO and XP bits both cleared
Jun  6 16:12:00 ubuntu kernel: [    0.022930] efi: memattr: ! 0x000000000000-0x00000000ffff [Runtime Code       |RUN|  |  |  |  |  |  |  |   |  |  |  |  ]
Jun  6 16:12:00 ubuntu systemd[1]: Reached target System Time Synchronized.
Jun  6 16:12:00 ubuntu kernel: [    0.024110] smp: Bringing up secondary CPUs ...
Jun  6 16:12:00 ubuntu kernel: [    0.053945] Detected VIPT I-cache on CPU1
Jun  6 16:12:00 ubuntu apparmor[2011]:    ...done.
Jun  6 16:12:00 ubuntu kernel: [    0.053952] GICv3: CPU1: found redistributor 80100 region 1:0x00000000ae140000
Jun  6 16:12:00 ubuntu kernel: [    0.053966] GICv3: CPU1: using allocated LPI pending table @0x00000027ffb40000
Jun  6 16:12:00 ubuntu kernel: [    0.054001] CPU1: Booted secondary processor 0x0000080100 [0x481fd010]
Jun  6 16:12:00 ubuntu kernel: [    0.086488] Detected VIPT I-cache on CPU2
Jun  6 16:12:00 ubuntu systemd[1]: Started AppArmor initialization.
Jun  6 16:12:00 ubuntu kernel: [    0.086493] GICv3: CPU2: found redistributor 80200 region 2:0x00000000ae180000
Jun  6 16:12:00 ubuntu kernel: [    0.086506] GICv3: CPU2: using allocated LPI pending table @0x00000027ffb50000
Jun  6 16:12:00 ubuntu kernel: [    0.086537] CPU2: Booted secondary processor 0x0000080200 [0x481fd010]
Jun  6 16:12:00 ubuntu kernel: [    0.119038] Detected VIPT I-cache on CPU3
Jun  6 16:12:00 ubuntu systemd[1]: Starting Raise network interfaces...
Jun  6 16:12:00 ubuntu kernel: [    0.119043] GICv3: CPU3: found redistributor 80300 region 3:0x00000000ae1c0000
Jun  6 16:12:00 ubuntu kernel: [    0.119054] GICv3: CPU3: using allocated LPI pending table @0x00000027ffb60000
Jun  6 16:12:00 ubuntu kernel: [    0.119084] CPU3: Booted secondary processor 0x0000080300 [0x481fd010]
Jun  6 16:12:00 ubuntu kernel: [    0.151768] Detected VIPT I-cache on CPU4
Jun  6 16:12:00 ubuntu systemd[1]: Starting Load AppArmor profiles managed internally by snapd...
Jun  6 16:12:00 ubuntu kernel: [    0.151777] GICv3: CPU4: found redistributor 90000 region 4:0x00000000ae200000
Jun  6 16:12:00 ubuntu kernel: [    0.151798] GICv3: CPU4: using allocated LPI pending table @0x00000027ffb70000
Jun  6 16:12:00 ubuntu kernel: [    0.151836] CPU4: Booted secondary processor 0x0000090000 [0x481fd010]
Jun  6 16:12:00 ubuntu kernel: [    0.184486] Detected VIPT I-cache on CPU5
Jun  6 16:12:00 ubuntu snapd-apparmor[2313]: find: ‘/var/lib/snapd/apparmor/profiles/’: No such file or directory
Jun  6 16:12:00 ubuntu kernel: [    0.184491] GICv3: CPU5: found redistributor 90100 region 5:0x00000000ae240000
Jun  6 16:12:00 ubuntu kernel: [    0.184503] GICv3: CPU5: using allocated LPI pending table @0x00000027ff100000
Jun  6 16:12:00 ubuntu systemd[1]: Started Load AppArmor profiles managed internally by snapd.
Jun  6 16:12:00 ubuntu kernel: [    0.184534] CPU5: Booted secondary processor 0x0000090100 [0x481fd010]
Jun  6 16:12:00 ubuntu kernel: [    0.217209] Detected VIPT I-cache on CPU6
Jun  6 16:12:00 ubuntu kernel: [    0.217214] GICv3: CPU6: found redistributor 90200 region 6:0x00000000ae280000
Jun  6 16:12:00 ubuntu systemd[1]: Reached target System Initialization.
Jun  6 16:12:00 ubuntu kernel: [    0.217227] GICv3: CPU6: using allocated LPI pending table @0x00000027ff110000
Jun  6 16:12:00 ubuntu kernel: [    0.217258] CPU6: Booted secondary processor 0x0000090200 [0x481fd010]
Jun  6 16:12:00 ubuntu kernel: [    0.249933] Detected VIPT I-cache on CPU7
Jun  6 16:12:00 ubuntu kernel: [    0.249938] GICv3: CPU7: found redistributor 90300 region 7:0x00000000ae2c0000
Jun  6 16:12:00 ubuntu systemd[1]: Listening on Open-iSCSI iscsid Socket.
Jun  6 16:12:00 ubuntu kernel: [    0.249951] GICv3: CPU7: using allocated LPI pending table @0x00000027ff120000
Jun  6 16:12:00 ubuntu kernel: [    0.249983] CPU7: Booted secondary processor 0x0000090300 [0x481fd010]
Jun  6 16:12:00 ubuntu kernel: [    0.282834] Detected VIPT I-cache on CPU8
Jun  6 16:12:00 ubuntu systemd[1]: Listening on UUID daemon activation socket.
Jun  6 16:12:00 ubuntu kernel: [    0.282841] GICv3: CPU8: found redistributor a0000 region 8:0x00000000ae300000
Jun  6 16:12:00 ubuntu kernel: [    0.282859] GICv3: CPU8: using allocated LPI pending table @0x00000027ff130000
Jun  6 16:12:00 ubuntu kernel: [    0.282895] CPU8: Booted secondary processor 0x00000a0000 [0x481fd010]
Jun  6 16:12:00 ubuntu kernel: [    0.315728] Detected VIPT I-cache on CPU9
Jun  6 16:12:00 ubuntu kernel: [    0.315733] GICv3: CPU9: found redistributor a0100 region 9:0x00000000ae340000
Jun  6 16:12:00 ubuntu systemd[1]: Started ACPI Events Check.
Jun  6 16:12:00 ubuntu kernel: [    0.315747] GICv3: CPU9: using allocated LPI pending table @0x00000027ff140000
Jun  6 16:12:00 ubuntu kernel: [    0.315778] CPU9: Booted secondary processor 0x00000a0100 [0x481fd010]
Jun  6 16:12:00 ubuntu kernel: [    0.348625] Detected VIPT I-cache on CPU10
Jun  6 16:12:00 ubuntu systemd[1]: Listening on D-Bus System Message Bus Socket.
Jun  6 16:12:00 ubuntu systemd[1]: Listening on Virtual machine lock manager socket.
Jun  6 16:12:00 ubuntu systemd[1]: Started Trigger anacron every hour.
Jun  6 16:12:00 ubuntu systemd[1]: Listening on Virtual machine log manager socket.
Jun  6 16:12:00 ubuntu systemd[1]: Listening on CUPS Scheduler.
Jun  6 16:12:00 ubuntu systemd[1]: Started Discard unused blocks once a week.
Jun  6 16:12:00 ubuntu systemd[1]: Listening on ACPID Listen Socket.
Jun  6 16:12:00 ubuntu systemd[1]: Listening on Avahi mDNS/DNS-SD Stack Activation Socket.
Jun  6 16:12:00 ubuntu systemd[1]: Started CUPS Scheduler.
Jun  6 16:12:00 ubuntu systemd[1]: Reached target Paths.
Jun  6 16:12:00 ubuntu systemd[1]: Starting LXD - unix socket.
Jun  6 16:12:00 ubuntu kernel: [    0.348630] GICv3: CPU10: found redistributor a0200 region 10:0x00000000ae380000
Jun  6 16:12:00 ubuntu systemd[1]: Started Daily apt download activities.
Jun  6 16:12:00 ubuntu kernel: [    0.348644] GICv3: CPU10: using allocated LPI pending table @0x00000027ff150000
Jun  6 16:12:00 ubuntu kernel: [    0.348676] CPU10: Booted secondary processor 0x00000a0200 [0x481fd010]
Jun  6 16:12:00 ubuntu kernel: [    0.381522] Detected VIPT I-cache on CPU11
Jun  6 16:12:00 ubuntu systemd[1]: Started Daily apt upgrade and clean activities.
Jun  6 16:12:00 ubuntu kernel: [    0.381528] GICv3: CPU11: found redistributor a0300 region 11:0x00000000ae3c0000
Jun  6 16:12:00 ubuntu kernel: [    0.381541] GICv3: CPU11: using allocated LPI pending table @0x00000027ff160000
Jun  6 16:12:00 ubuntu kernel: [    0.381573] CPU11: Booted secondary processor 0x00000a0300 [0x481fd010]
Jun  6 16:12:00 ubuntu kernel: [    0.414596] Detected VIPT I-cache on CPU12
Jun  6 16:12:00 ubuntu systemd[1]: Started Daily Cleanup of Temporary Directories.
Jun  6 16:12:00 ubuntu kernel: [    0.414604] GICv3: CPU12: found redistributor b0000 region 12:0x00000000ae400000
Jun  6 16:12:00 ubuntu kernel: [    0.414623] GICv3: CPU12: using allocated LPI pending table @0x00000027ff170000
Jun  6 16:12:00 ubuntu kernel: [    0.414659] CPU12: Booted secondary processor 0x00000b0000 [0x481fd010]
Jun  6 16:12:00 ubuntu kernel: [    0.447664] Detected VIPT I-cache on CPU13
Jun  6 16:12:00 ubuntu kernel: [    0.447670] GICv3: CPU13: found redistributor b0100 region 13:0x00000000ae440000
Jun  6 16:12:00 ubuntu systemd[1]: Started Message of the Day.
Jun  6 16:12:00 ubuntu kernel: [    0.447684] GICv3: CPU13: using allocated LPI pending table @0x00000027ff180000
Jun  6 16:12:00 ubuntu kernel: [    0.447716] CPU13: Booted secondary processor 0x00000b0100 [0x481fd010]
Jun  6 16:12:00 ubuntu systemd[1]: Reached target Timers.
Jun  6 16:12:00 ubuntu kernel: [    0.480734] Detected VIPT I-cache on CPU14
Jun  6 16:12:00 ubuntu kernel: [    0.480741] GICv3: CPU14: found redistributor b0200 region 14:0x00000000ae480000
Jun  6 16:12:00 ubuntu kernel: [    0.480755] GICv3: CPU14: using allocated LPI pending table @0x00000027ff190000
Jun  6 16:12:00 ubuntu kernel: [    0.480787] CPU14: Booted secondary processor 0x00000b0200 [0x481fd010]
Jun  6 16:12:00 ubuntu kernel: [    0.513805] Detected VIPT I-cache on CPU15
Jun  6 16:12:00 ubuntu systemd[1]: Starting Socket activation for snappy daemon.
Jun  6 16:12:00 ubuntu kernel: [    0.513811] GICv3: CPU15: found redistributor b0300 region 15:0x00000000ae4c0000
Jun  6 16:12:00 ubuntu kernel: [    0.513825] GICv3: CPU15: using allocated LPI pending table @0x00000027ff1a0000
Jun  6 16:12:00 ubuntu systemd[1]: Listening on LXD - unix socket.
Jun  6 16:12:00 ubuntu kernel: [    0.513857] CPU15: Booted secondary processor 0x00000b0300 [0x481fd010]
Jun  6 16:12:00 ubuntu kernel: [    0.546360] Detected VIPT I-cache on CPU16
Jun  6 16:12:00 ubuntu kernel: [    0.546368] GICv3: CPU16: found redistributor c0000 region 16:0x00000000ae500000
Jun  6 16:12:00 ubuntu kernel: [    0.546390] GICv3: CPU16: using allocated LPI pending table @0x00000027ff1b0000
Jun  6 16:12:00 ubuntu kernel: [    0.546426] CPU16: Booted secondary processor 0x00000c0000 [0x481fd010]
Jun  6 16:12:00 ubuntu kernel: [    0.578905] Detected VIPT I-cache on CPU17
Jun  6 16:12:00 ubuntu systemd[1]: Listening on Socket activation for snappy daemon.
Jun  6 16:12:00 ubuntu kernel: [    0.578912] GICv3: CPU17: found redistributor c0100 region 17:0x00000000ae540000
Jun  6 16:12:00 ubuntu kernel: [    0.578926] GICv3: CPU17: using allocated LPI pending table @0x00000027ff1c0000
Jun  6 16:12:00 ubuntu kernel: [    0.578959] CPU17: Booted secondary processor 0x00000c0100 [0x481fd010]
Jun  6 16:12:00 ubuntu systemd[1]: Reached target Sockets.
Jun  6 16:12:00 ubuntu kernel: [    0.611455] Detected VIPT I-cache on CPU18
Jun  6 16:12:00 ubuntu kernel: [    0.611462] GICv3: CPU18: found redistributor c0200 region 18:0x00000000ae580000
Jun  6 16:12:00 ubuntu kernel: [    0.611477] GICv3: CPU18: using allocated LPI pending table @0x00000027ff1d0000
Jun  6 16:12:00 ubuntu kernel: [    0.611509] CPU18: Booted secondary processor 0x00000c0200 [0x481fd010]
Jun  6 16:12:00 ubuntu systemd[1]: Reached target Basic System.
Jun  6 16:12:00 ubuntu kernel: [    0.644005] Detected VIPT I-cache on CPU19
Jun  6 16:12:00 ubuntu kernel: [    0.644012] GICv3: CPU19: found redistributor c0300 region 19:0x00000000ae5c0000
Jun  6 16:12:00 ubuntu kernel: [    0.644027] GICv3: CPU19: using allocated LPI pending table @0x00000027ff1e0000
Jun  6 16:12:00 ubuntu kernel: [    0.644059] CPU19: Booted secondary processor 0x00000c0300 [0x481fd010]
Jun  6 16:12:00 ubuntu systemd[1]: Starting Avahi mDNS/DNS-SD Stack...
Jun  6 16:12:00 ubuntu kernel: [    0.676733] Detected VIPT I-cache on CPU20
Jun  6 16:12:00 ubuntu kernel: [    0.676742] GICv3: CPU20: found redistributor d0000 region 20:0x00000000ae600000
Jun  6 16:12:00 ubuntu systemd[1]: Starting Modem Manager...
Jun  6 16:12:00 ubuntu kernel: [    0.676763] GICv3: CPU20: using allocated LPI pending table @0x00000027ff1f0000
Jun  6 16:12:00 ubuntu kernel: [    0.676800] CPU20: Booted secondary processor 0x00000d0000 [0x481fd010]
Jun  6 16:12:00 ubuntu kernel: [    0.709453] Detected VIPT I-cache on CPU21
Jun  6 16:12:00 ubuntu kernel: [    0.709460] GICv3: CPU21: found redistributor d0100 region 21:0x00000000ae640000
Jun  6 16:12:00 ubuntu kernel: [    0.709476] GICv3: CPU21: using allocated LPI pending table @0x00000027ff200000
Jun  6 16:12:00 ubuntu systemd[1]: Starting Accounts Service...
Jun  6 16:12:00 ubuntu kernel: [    0.709507] CPU21: Booted secondary processor 0x00000d0100 [0x481fd010]
Jun  6 16:12:00 ubuntu kernel: [    0.742176] Detected VIPT I-cache on CPU22
Jun  6 16:12:00 ubuntu systemd[1]: Starting Disk Manager...
Jun  6 16:12:00 ubuntu kernel: [    0.742184] GICv3: CPU22: found redistributor d0200 region 22:0x00000000ae680000
Jun  6 16:12:00 ubuntu kernel: [    0.742199] GICv3: CPU22: using allocated LPI pending table @0x00000027ff210000
Jun  6 16:12:00 ubuntu kernel: [    0.742232] CPU22: Booted secondary processor 0x00000d0200 [0x481fd010]
Jun  6 16:12:00 ubuntu kernel: [    0.774899] Detected VIPT I-cache on CPU23
Jun  6 16:12:00 ubuntu kernel: [    0.774906] GICv3: CPU23: found redistributor d0300 region 23:0x00000000ae6c0000
Jun  6 16:12:00 ubuntu systemd[1]: Started Set the CPU Frequency Scaling governor.
Jun  6 16:12:00 ubuntu kernel: [    0.774921] GICv3: CPU23: using allocated LPI pending table @0x00000027ff220000
Jun  6 16:12:00 ubuntu kernel: [    0.774952] CPU23: Booted secondary processor 0x00000d0300 [0x481fd010]
Jun  6 16:12:00 ubuntu kernel: [    0.807466] Detected VIPT I-cache on CPU24
Jun  6 16:12:00 ubuntu systemd[1]: Started Regular background program processing daemon.
Jun  6 16:12:00 ubuntu kernel: [    0.807481] GICv3: CPU24: found redistributor 180000 region 24:0x00000000aa100000
Jun  6 16:12:00 ubuntu kernel: [    0.807520] GICv3: CPU24: using allocated LPI pending table @0x00000027ff230000
Jun  6 16:12:00 ubuntu kernel: [    0.807567] CPU24: Booted secondary processor 0x0000180000 [0x481fd010]
Jun  6 16:12:00 ubuntu kernel: [    0.840001] Detected VIPT I-cache on CPU25
Jun  6 16:12:00 ubuntu kernel: [    0.840011] GICv3: CPU25: found redistributor 180100 region 25:0x00000000aa140000
Jun  6 16:12:00 ubuntu cron[2445]: (CRON) INFO (pidfile fd = 3)
Jun  6 16:12:00 ubuntu kernel: [    0.840032] GICv3: CPU25: using allocated LPI pending table @0x00000027ff240000
Jun  6 16:12:00 ubuntu kernel: [    0.840069] CPU25: Booted secondary processor 0x0000180100 [0x481fd010]
Jun  6 16:12:00 ubuntu kernel: [    0.872551] Detected VIPT I-cache on CPU26
Jun  6 16:12:00 ubuntu cron[2445]: (CRON) INFO (Running @reboot jobs)
Jun  6 16:12:00 ubuntu kernel: [    0.872561] GICv3: CPU26: found redistributor 180200 region 26:0x00000000aa180000
Jun  6 16:12:00 ubuntu kernel: [    0.872576] GICv3: CPU26: using allocated LPI pending table @0x00000027ff250000
Jun  6 16:12:00 ubuntu kernel: [    0.872614] CPU26: Booted secondary processor 0x0000180200 [0x481fd010]
Jun  6 16:12:00 ubuntu systemd[1]: Started Run anacron jobs.
Jun  6 16:12:00 ubuntu kernel: [    0.905101] Detected VIPT I-cache on CPU27
Jun  6 16:12:00 ubuntu kernel: [    0.905111] GICv3: CPU27: found redistributor 180300 region 27:0x00000000aa1c0000
Jun  6 16:12:00 ubuntu anacron[2456]: Anacron 2.3 started on 2021-06-06
Jun  6 16:12:00 ubuntu kernel: [    0.905127] GICv3: CPU27: using allocated LPI pending table @0x00000027ff260000
Jun  6 16:12:00 ubuntu kernel: [    0.905165] CPU27: Booted secondary processor 0x0000180300 [0x481fd010]
Jun  6 16:12:00 ubuntu kernel: [    0.937833] Detected VIPT I-cache on CPU28
Jun  6 16:12:00 ubuntu kernel: [    0.937848] GICv3: CPU28: found redistributor 190000 region 28:0x00000000aa200000
Jun  6 16:12:00 ubuntu kernel: [    0.937874] GICv3: CPU28: using allocated LPI pending table @0x00000027ff270000
Jun  6 16:12:00 ubuntu systemd[1]: Starting LSB: Record successful boot for GRUB...
Jun  6 16:12:00 ubuntu kernel: [    0.937920] CPU28: Booted secondary processor 0x0000190000 [0x481fd010]
Jun  6 16:12:00 ubuntu kernel: [    0.970548] Detected VIPT I-cache on CPU29
Jun  6 16:12:00 ubuntu kernel: [    0.970559] GICv3: CPU29: found redistributor 190100 region 29:0x00000000aa240000
Jun  6 16:12:00 ubuntu kernel: [    0.970576] GICv3: CPU29: using allocated LPI pending table @0x00000027ff280000
Jun  6 16:12:00 ubuntu systemd[1]: Started CUPS Scheduler.
Jun  6 16:12:00 ubuntu kernel: [    0.970613] CPU29: Booted secondary processor 0x0000190100 [0x481fd010]
Jun  6 16:12:00 ubuntu kernel: [    1.003272] Detected VIPT I-cache on CPU30
Jun  6 16:12:00 ubuntu kernel: [    1.003283] GICv3: CPU30: found redistributor 190200 region 30:0x00000000aa280000
Jun  6 16:12:00 ubuntu kernel: [    1.003298] GICv3: CPU30: using allocated LPI pending table @0x00000027ff290000
Jun  6 16:12:00 ubuntu systemd[1]: Starting LXD - container startup/shutdown...
Jun  6 16:12:00 ubuntu kernel: [    1.003337] CPU30: Booted secondary processor 0x0000190200 [0x481fd010]
Jun  6 16:12:00 ubuntu kernel: [    1.035995] Detected VIPT I-cache on CPU31
Jun  6 16:12:00 ubuntu kernel: [    1.036006] GICv3: CPU31: found redistributor 190300 region 31:0x00000000aa2c0000
Jun  6 16:12:00 ubuntu kernel: [    1.036021] GICv3: CPU31: using allocated LPI pending table @0x00000027ff2a0000
Jun  6 16:12:00 ubuntu kernel: [    1.036059] CPU31: Booted secondary processor 0x0000190300 [0x481fd010]
Jun  6 16:12:00 ubuntu anacron[2456]: Normal exit (0 jobs run)
Jun  6 16:12:00 ubuntu kernel: [    1.068899] Detected VIPT I-cache on CPU32
Jun  6 16:12:00 ubuntu kernel: [    1.068913] GICv3: CPU32: found redistributor 1a0000 region 32:0x00000000aa300000
Jun  6 16:12:00 ubuntu kernel: [    1.068936] GICv3: CPU32: using allocated LPI pending table @0x00000027ff2b0000
Jun  6 16:12:00 ubuntu systemd[1]: Started irqbalance daemon.
Jun  6 16:12:00 ubuntu kernel: [    1.068979] CPU32: Booted secondary processor 0x00001a0000 [0x481fd010]
Jun  6 16:12:00 ubuntu kernel: [    1.101791] Detected VIPT I-cache on CPU33
Jun  6 16:12:00 ubuntu kernel: [    1.101802] GICv3: CPU33: found redistributor 1a0100 region 33:0x00000000aa340000
Jun  6 16:12:00 ubuntu kernel: [    1.101819] GICv3: CPU33: using allocated LPI pending table @0x00000027ff2c0000
Jun  6 16:12:00 ubuntu systemd[1]: Started Deferred execution scheduler.
Jun  6 16:12:00 ubuntu kernel: [    1.101859] CPU33: Booted secondary processor 0x00001a0100 [0x481fd010]
Jun  6 16:12:00 ubuntu kernel: [    1.134688] Detected VIPT I-cache on CPU34
Jun  6 16:12:00 ubuntu kernel: [    1.134699] GICv3: CPU34: found redistributor 1a0200 region 34:0x00000000aa380000
Jun  6 16:12:00 ubuntu kernel: [    1.134716] GICv3: CPU34: using allocated LPI pending table @0x00000027ff2d0000
Jun  6 16:12:00 ubuntu systemd[1]: Started FUSE filesystem for LXC.
Jun  6 16:12:00 ubuntu kernel: [    1.134755] CPU34: Booted secondary processor 0x00001a0200 [0x481fd010]
Jun  6 16:12:00 ubuntu kernel: [    1.167585] Detected VIPT I-cache on CPU35
Jun  6 16:12:00 ubuntu kernel: [    1.167596] GICv3: CPU35: found redistributor 1a0300 region 35:0x00000000aa3c0000
Jun  6 16:12:00 ubuntu systemd[1]: Starting Restore /etc/resolv.conf if the system crashed before the ppp link was shut down...
Jun  6 16:12:00 ubuntu kernel: [    1.167613] GICv3: CPU35: using allocated LPI pending table @0x00000027ff2e0000
Jun  6 16:12:00 ubuntu kernel: [    1.167652] CPU35: Booted secondary processor 0x00001a0300 [0x481fd010]
Jun  6 16:12:00 ubuntu kernel: [    1.200661] Detected VIPT I-cache on CPU36
Jun  6 16:12:00 ubuntu kernel: [    1.200675] GICv3: CPU36: found redistributor 1b0000 region 36:0x00000000aa400000
Jun  6 16:12:00 ubuntu kernel: [    1.200701] GICv3: CPU36: using allocated LPI pending table @0x00000027ff2f0000
Jun  6 16:12:00 ubuntu kernel: [    1.200746] CPU36: Booted secondary processor 0x00001b0000 [0x481fd010]
Jun  6 16:12:00 ubuntu lxcfs[2515]: mount namespace: 5
Jun  6 16:12:00 ubuntu lxcfs[2515]: hierarchies:
Jun  6 16:12:00 ubuntu lxcfs[2515]:   0: fd:   6: freezer
Jun  6 16:12:00 ubuntu lxcfs[2515]:   1: fd:   7: perf_event
Jun  6 16:12:00 ubuntu lxcfs[2515]:   2: fd:   8: cpuset
Jun  6 16:12:00 ubuntu lxcfs[2515]:   3: fd:   9: cpu,cpuacct
Jun  6 16:12:00 ubuntu lxcfs[2515]:   4: fd:  10: hugetlb
Jun  6 16:12:00 ubuntu lxcfs[2515]:   5: fd:  11: blkio
Jun  6 16:12:00 ubuntu lxcfs[2515]:   6: fd:  12: pids
Jun  6 16:12:00 ubuntu lxcfs[2515]:   7: fd:  13: memory
Jun  6 16:12:00 ubuntu lxcfs[2515]:   8: fd:  14: rdma
Jun  6 16:12:00 ubuntu lxcfs[2515]:   9: fd:  15: devices
Jun  6 16:12:00 ubuntu lxcfs[2515]:  10: fd:  16: net_cls,net_prio
Jun  6 16:12:00 ubuntu kernel: [    1.233727] Detected VIPT I-cache on CPU37
Jun  6 16:12:00 ubuntu lxcfs[2515]:  11: fd:  17: name=systemd
Jun  6 16:12:00 ubuntu kernel: [    1.233738] GICv3: CPU37: found redistributor 1b0100 region 37:0x00000000aa440000
Jun  6 16:12:00 ubuntu kernel: [    1.233756] GICv3: CPU37: using allocated LPI pending table @0x00000027ff300000
Jun  6 16:12:00 ubuntu kernel: [    1.233794] CPU37: Booted secondary processor 0x00001b0100 [0x481fd010]
Jun  6 16:12:00 ubuntu kernel: [    1.266798] Detected VIPT I-cache on CPU38
Jun  6 16:12:00 ubuntu kernel: [    1.266809] GICv3: CPU38: found redistributor 1b0200 region 38:0x00000000aa480000
Jun  6 16:12:00 ubuntu lxcfs[2515]:  12: fd:  18: unified
Jun  6 16:12:00 ubuntu kernel: [    1.266825] GICv3: CPU38: using allocated LPI pending table @0x00000027ff310000
Jun  6 16:12:00 ubuntu kernel: [    1.266865] CPU38: Booted secondary processor 0x00001b0200 [0x481fd010]
Jun  6 16:12:00 ubuntu systemd[1]: Starting Dispatcher daemon for systemd-networkd...
Jun  6 16:12:00 ubuntu kernel: [    1.299868] Detected VIPT I-cache on CPU39
Jun  6 16:12:00 ubuntu kernel: [    1.299880] GICv3: CPU39: found redistributor 1b0300 region 39:0x00000000aa4c0000
Jun  6 16:12:00 ubuntu kernel: [    1.299896] GICv3: CPU39: using allocated LPI pending table @0x00000027ff320000
Jun  6 16:12:00 ubuntu kernel: [    1.299935] CPU39: Booted secondary processor 0x00001b0300 [0x481fd010]
Jun  6 16:12:00 ubuntu kernel: [    1.332424] Detected VIPT I-cache on CPU40
Jun  6 16:12:00 ubuntu /usr/sbin/irqbalance: IRQ 0(1) guessed as class 0
Jun  6 16:12:00 ubuntu kernel: [    1.332439] GICv3: CPU40: found redistributor 1c0000 region 40:0x00000000aa500000
Jun  6 16:12:00 ubuntu kernel: [    1.332464] GICv3: CPU40: using allocated LPI pending table @0x00000027ff330000
Jun  6 16:12:00 ubuntu kernel: [    1.332508] CPU40: Booted secondary processor 0x00001c0000 [0x481fd010]
Jun  6 16:12:00 ubuntu systemd[1]: Starting System Logging Service...
Jun  6 16:12:00 ubuntu kernel: [    1.364969] Detected VIPT I-cache on CPU41
Jun  6 16:12:00 ubuntu kernel: [    1.364980] GICv3: CPU41: found redistributor 1c0100 region 41:0x00000000aa540000
Jun  6 16:12:00 ubuntu kernel: [    1.364996] GICv3: CPU41: using allocated LPI pending table @0x00000027ff340000
Jun  6 16:12:00 ubuntu /usr/sbin/irqbalance: IRQ 0(2) guessed as class 0
Jun  6 16:12:00 ubuntu kernel: [    1.365034] CPU41: Booted secondary processor 0x00001c0100 [0x481fd010]
Jun  6 16:12:00 ubuntu kernel: [    1.397518] Detected VIPT I-cache on CPU42
Jun  6 16:12:00 ubuntu kernel: [    1.397530] GICv3: CPU42: found redistributor 1c0200 region 42:0x00000000aa580000
Jun  6 16:12:00 ubuntu systemd[1]: Started D-Bus System Message Bus.
Jun  6 16:12:00 ubuntu kernel: [    1.397546] GICv3: CPU42: using allocated LPI pending table @0x00000027ff350000
Jun  6 16:12:00 ubuntu kernel: [    1.397585] CPU42: Booted secondary processor 0x00001c0200 [0x481fd010]
Jun  6 16:12:00 ubuntu kernel: [    1.430068] Detected VIPT I-cache on CPU43
Jun  6 16:12:00 ubuntu kernel: [    1.430080] GICv3: CPU43: found redistributor 1c0300 region 43:0x00000000aa5c0000
Jun  6 16:12:00 ubuntu /usr/sbin/irqbalance: IRQ 0(3) guessed as class 0
Jun  6 16:12:00 ubuntu kernel: [    1.430097] GICv3: CPU43: using allocated LPI pending table @0x00000027ff360000
Jun  6 16:12:00 ubuntu kernel: [    1.430135] CPU43: Booted secondary processor 0x00001c0300 [0x481fd010]
Jun  6 16:12:00 ubuntu kernel: [    1.462797] Detected VIPT I-cache on CPU44
Jun  6 16:12:00 ubuntu kernel: [    1.462812] GICv3: CPU44: found redistributor 1d0000 region 44:0x00000000aa600000
Jun  6 16:12:00 ubuntu udisksd[2381]: udisks daemon version 2.7.6 starting
Jun  6 16:12:00 ubuntu kernel: [    1.462838] GICv3: CPU44: using allocated LPI pending table @0x00000027ff370000
Jun  6 16:12:00 ubuntu kernel: [    1.462884] CPU44: Booted secondary processor 0x00001d0000 [0x481fd010]
Jun  6 16:12:00 ubuntu kernel: [    1.495515] Detected VIPT I-cache on CPU45
Jun  6 16:12:00 ubuntu /usr/sbin/irqbalance: IRQ 619(4) guessed as class 0
Jun  6 16:12:00 ubuntu kernel: [    1.495528] GICv3: CPU45: found redistributor 1d0100 region 45:0x00000000aa640000
Jun  6 16:12:00 ubuntu kernel: [    1.495545] GICv3: CPU45: using allocated LPI pending table @0x00000027ff380000
Jun  6 16:12:00 ubuntu kernel: [    1.495584] CPU45: Booted secondary processor 0x00001d0100 [0x481fd010]
Jun  6 16:12:00 ubuntu /usr/sbin/irqbalance: IRQ 0(9) guessed as class 0
Jun  6 16:12:00 ubuntu kernel: [    1.528238] Detected VIPT I-cache on CPU46
Jun  6 16:12:00 ubuntu kernel: [    1.528251] GICv3: CPU46: found redistributor 1d0200 region 46:0x00000000aa680000
Jun  6 16:12:00 ubuntu kernel: [    1.528269] GICv3: CPU46: using allocated LPI pending table @0x00000027ff390000
Jun  6 16:12:00 ubuntu /usr/sbin/irqbalance: IRQ 0(10) guessed as class 0
Jun  6 16:12:00 ubuntu kernel: [    1.528307] CPU46: Booted secondary processor 0x00001d0200 [0x481fd010]
Jun  6 16:12:00 ubuntu kernel: [    1.560962] Detected VIPT I-cache on CPU47
Jun  6 16:12:00 ubuntu kernel: [    1.560975] GICv3: CPU47: found redistributor 1d0300 region 47:0x00000000aa6c0000
Jun  6 16:12:00 ubuntu kernel: [    1.560994] GICv3: CPU47: using allocated LPI pending table @0x00000027ff3a0000
Jun  6 16:12:00 ubuntu kernel: [    1.561032] CPU47: Booted secondary processor 0x00001d0300 [0x481fd010]
Jun  6 16:12:00 ubuntu /usr/sbin/irqbalance: IRQ 0(14) guessed as class 0
Jun  6 16:12:00 ubuntu kernel: [    1.593803] Detected VIPT I-cache on CPU48
Jun  6 16:12:00 ubuntu kernel: [    1.593842] GICv3: CPU48: found redistributor 280000 region 48:0x00002000ae100000
Jun  6 16:12:00 ubuntu /usr/sbin/irqbalance: IRQ 0(15) guessed as class 0
Jun  6 16:12:00 ubuntu kernel: [    1.593900] GICv3: CPU48: using allocated LPI pending table @0x00000027ff3b0000
Jun  6 16:12:00 ubuntu kernel: [    1.593971] CPU48: Booted secondary processor 0x0000280000 [0x481fd010]
Jun  6 16:12:00 ubuntu kernel: [    1.626591] Detected VIPT I-cache on CPU49
Jun  6 16:12:00 ubuntu kernel: [    1.626619] GICv3: CPU49: found redistributor 280100 region 49:0x00002000ae140000
Jun  6 16:12:00 ubuntu /usr/sbin/irqbalance: IRQ 0(16) guessed as class 0
Jun  6 16:12:00 ubuntu kernel: [    1.626638] GICv3: CPU49: using allocated LPI pending table @0x00000027ff3c0000
Jun  6 16:12:00 ubuntu kernel: [    1.626690] CPU49: Booted secondary processor 0x0000280100 [0x481fd010]
Jun  6 16:12:00 ubuntu kernel: [    1.659401] Detected VIPT I-cache on CPU50
Jun  6 16:12:00 ubuntu kernel: [    1.659428] GICv3: CPU50: found redistributor 280200 region 50:0x00002000ae180000
Jun  6 16:12:00 ubuntu kernel: [    1.659448] GICv3: CPU50: using allocated LPI pending table @0x00000027ff3d0000
Jun  6 16:12:00 ubuntu /usr/sbin/irqbalance: IRQ 0(17) guessed as class 0
Jun  6 16:12:00 ubuntu kernel: [    1.659500] CPU50: Booted secondary processor 0x0000280200 [0x481fd010]
Jun  6 16:12:00 ubuntu kernel: [    1.692211] Detected VIPT I-cache on CPU51
Jun  6 16:12:00 ubuntu kernel: [    1.692239] GICv3: CPU51: found redistributor 280300 region 51:0x00002000ae1c0000
Jun  6 16:12:00 ubuntu kernel: [    1.692259] GICv3: CPU51: using allocated LPI pending table @0x00000027ff3e0000
Jun  6 16:12:00 ubuntu /usr/sbin/irqbalance: IRQ 0(19) guessed as class 0
Jun  6 16:12:00 ubuntu kernel: [    1.692311] CPU51: Booted secondary processor 0x0000280300 [0x481fd010]
Jun  6 16:12:00 ubuntu kernel: [    1.725200] Detected VIPT I-cache on CPU52
Jun  6 16:12:00 ubuntu kernel: [    1.725229] GICv3: CPU52: found redistributor 290000 region 52:0x00002000ae200000
Jun  6 16:12:00 ubuntu kernel: [    1.725264] GICv3: CPU52: using allocated LPI pending table @0x00000027ff3f0000
Jun  6 16:12:00 ubuntu kernel: [    1.725319] CPU52: Booted secondary processor 0x0000290000 [0x481fd010]
Jun  6 16:12:00 ubuntu /usr/sbin/irqbalance: IRQ 0(20) guessed as class 0
Jun  6 16:12:00 ubuntu kernel: [    1.758180] Detected VIPT I-cache on CPU53
Jun  6 16:12:00 ubuntu kernel: [    1.758208] GICv3: CPU53: found redistributor 290100 region 53:0x00002000ae240000
Jun  6 16:12:00 ubuntu /usr/sbin/irqbalance: IRQ 0(21) guessed as class 0
Jun  6 16:12:00 ubuntu kernel: [    1.758226] GICv3: CPU53: using allocated LPI pending table @0x00000027fec00000
Jun  6 16:12:00 ubuntu kernel: [    1.758277] CPU53: Booted secondary processor 0x0000290100 [0x481fd010]
Jun  6 16:12:00 ubuntu kernel: [    1.791163] Detected VIPT I-cache on CPU54
Jun  6 16:12:00 ubuntu kernel: [    1.791192] GICv3: CPU54: found redistributor 290200 region 54:0x00002000ae280000
Jun  6 16:12:00 ubuntu kernel: [    1.791210] GICv3: CPU54: using allocated LPI pending table @0x00000027fec10000
Jun  6 16:12:00 ubuntu kernel: [    1.791262] CPU54: Booted secondary processor 0x0000290200 [0x481fd010]
Jun  6 16:12:00 ubuntu kernel: [    1.824148] Detected VIPT I-cache on CPU55
Jun  6 16:12:00 ubuntu /usr/sbin/irqbalance: IRQ 0(22) guessed as class 0
Jun  6 16:12:00 ubuntu kernel: [    1.824176] GICv3: CPU55: found redistributor 290300 region 55:0x00002000ae2c0000
Jun  6 16:12:00 ubuntu kernel: [    1.824194] GICv3: CPU55: using allocated LPI pending table @0x00000027fec20000
Jun  6 16:12:00 ubuntu kernel: [    1.824246] CPU55: Booted secondary processor 0x0000290300 [0x481fd010]
Jun  6 16:12:00 ubuntu kernel: [    1.857309] Detected VIPT I-cache on CPU56
Jun  6 16:12:00 ubuntu kernel: [    1.857339] GICv3: CPU56: found redistributor 2a0000 region 56:0x00002000ae300000
Jun  6 16:12:00 ubuntu /usr/sbin/irqbalance: IRQ 0(23) guessed as class 0
Jun  6 16:12:00 ubuntu kernel: [    1.857365] GICv3: CPU56: using allocated LPI pending table @0x00000027fec30000
Jun  6 16:12:00 ubuntu kernel: [    1.857420] CPU56: Booted secondary processor 0x00002a0000 [0x481fd010]
Jun  6 16:12:00 ubuntu kernel: [    1.890462] Detected VIPT I-cache on CPU57
Jun  6 16:12:00 ubuntu /usr/sbin/irqbalance: IRQ 0(24) guessed as class 0
Jun  6 16:12:00 ubuntu kernel: [    1.890491] GICv3: CPU57: found redistributor 2a0100 region 57:0x00002000ae340000
Jun  6 16:12:00 ubuntu kernel: [    1.890509] GICv3: CPU57: using allocated LPI pending table @0x00000027fec40000
Jun  6 16:12:00 ubuntu kernel: [    1.890562] CPU57: Booted secondary processor 0x00002a0100 [0x481fd010]
Jun  6 16:12:00 ubuntu kernel: [    1.923620] Detected VIPT I-cache on CPU58
Jun  6 16:12:00 ubuntu /usr/sbin/irqbalance: IRQ 0(25) guessed as class 0
Jun  6 16:12:00 ubuntu kernel: [    1.923649] GICv3: CPU58: found redistributor 2a0200 region 58:0x00002000ae380000
Jun  6 16:12:00 ubuntu kernel: [    1.923667] GICv3: CPU58: using allocated LPI pending table @0x00000027fec50000
Jun  6 16:12:00 ubuntu /usr/sbin/irqbalance: IRQ 0(26) guessed as class 0
Jun  6 16:12:00 ubuntu kernel: [    1.923719] CPU58: Booted secondary processor 0x00002a0200 [0x481fd010]
Jun  6 16:12:00 ubuntu kernel: [    1.956778] Detected VIPT I-cache on CPU59
Jun  6 16:12:00 ubuntu kernel: [    1.956807] GICv3: CPU59: found redistributor 2a0300 region 59:0x00002000ae3c0000
Jun  6 16:12:00 ubuntu kernel: [    1.956827] GICv3: CPU59: using allocated LPI pending table @0x00000027fec60000
Jun  6 16:12:00 ubuntu /usr/sbin/irqbalance: IRQ 0(27) guessed as class 0
Jun  6 16:12:00 ubuntu kernel: [    1.956879] CPU59: Booted secondary processor 0x00002a0300 [0x481fd010]
Jun  6 16:12:00 ubuntu kernel: [    1.990113] Detected VIPT I-cache on CPU60
Jun  6 16:12:00 ubuntu kernel: [    1.990145] GICv3: CPU60: found redistributor 2b0000 region 60:0x00002000ae400000
Jun  6 16:12:00 ubuntu /usr/sbin/irqbalance: IRQ 0(28) guessed as class 0
Jun  6 16:12:00 ubuntu kernel: [    1.990172] GICv3: CPU60: using allocated LPI pending table @0x00000027fec70000
Jun  6 16:12:00 ubuntu kernel: [    1.990228] CPU60: Booted secondary processor 0x00002b0000 [0x481fd010]
Jun  6 16:12:00 ubuntu /usr/sbin/irqbalance: IRQ 0(29) guessed as class 0
Jun  6 16:12:00 ubuntu kernel: [    2.023441] Detected VIPT I-cache on CPU61
Jun  6 16:12:00 ubuntu kernel: [    2.023470] GICv3: CPU61: found redistributor 2b0100 region 61:0x00002000ae440000
Jun  6 16:12:00 ubuntu /usr/sbin/irqbalance: IRQ 0(30) guessed as class 0
Jun  6 16:12:00 ubuntu kernel: [    2.023488] GICv3: CPU61: using allocated LPI pending table @0x00000027fec80000
Jun  6 16:12:00 ubuntu kernel: [    2.023540] CPU61: Booted secondary processor 0x00002b0100 [0x481fd010]
Jun  6 16:12:00 ubuntu kernel: [    2.056771] Detected VIPT I-cache on CPU62
Jun  6 16:12:00 ubuntu kernel: [    2.056801] GICv3: CPU62: found redistributor 2b0200 region 62:0x00002000ae480000
Jun  6 16:12:00 ubuntu /usr/sbin/irqbalance: IRQ 0(31) guessed as class 0
Jun  6 16:12:00 ubuntu kernel: [    2.056819] GICv3: CPU62: using allocated LPI pending table @0x00000027fec90000
Jun  6 16:12:00 ubuntu kernel: [    2.056872] CPU62: Booted secondary processor 0x00002b0200 [0x481fd010]
Jun  6 16:12:00 ubuntu kernel: [    2.090102] Detected VIPT I-cache on CPU63
Jun  6 16:12:00 ubuntu /usr/sbin/irqbalance: IRQ 0(32) guessed as class 0
Jun  6 16:12:00 ubuntu kernel: [    2.090132] GICv3: CPU63: found redistributor 2b0300 region 63:0x00002000ae4c0000
Jun  6 16:12:00 ubuntu kernel: [    2.090153] GICv3: CPU63: using allocated LPI pending table @0x00000027feca0000
Jun  6 16:12:00 ubuntu /usr/sbin/irqbalance: IRQ 0(33) guessed as class 0
Jun  6 16:12:00 ubuntu /usr/sbin/irqbalance: IRQ 0(34) guessed as class 0
Jun  6 16:12:00 ubuntu /usr/sbin/irqbalance: IRQ 0(35) guessed as class 0
Jun  6 16:12:00 ubuntu /usr/sbin/irqbalance: IRQ 0(36) guessed as class 0
Jun  6 16:12:00 ubuntu /usr/sbin/irqbalance: IRQ 0(37) guessed as class 0
Jun  6 16:12:00 ubuntu /usr/sbin/irqbalance: IRQ 0(38) guessed as class 0
Jun  6 16:12:00 ubuntu /usr/sbin/irqbalance: IRQ 0(39) guessed as class 0
Jun  6 16:12:00 ubuntu /usr/sbin/irqbalance: IRQ 0(40) guessed as class 0
Jun  6 16:12:00 ubuntu /usr/sbin/irqbalance: IRQ 0(41) guessed as class 0
Jun  6 16:12:00 ubuntu /usr/sbin/irqbalance: IRQ 0(42) guessed as class 0
Jun  6 16:12:00 ubuntu kernel: [    2.090205] CPU63: Booted secondary processor 0x00002b0300 [0x481fd010]
Jun  6 16:12:00 ubuntu kernel: [    2.122917] Detected VIPT I-cache on CPU64
Jun  6 16:12:00 ubuntu kernel: [    2.122948] GICv3: CPU64: found redistributor 2c0000 region 64:0x00002000ae500000
Jun  6 16:12:00 ubuntu kernel: [    2.122978] GICv3: CPU64: using allocated LPI pending table @0x00000027fecb0000
Jun  6 16:12:00 ubuntu kernel: [    2.123034] CPU64: Booted secondary processor 0x00002c0000 [0x481fd010]
Jun  6 16:12:00 ubuntu /usr/sbin/irqbalance: IRQ 0(43) guessed as class 0
Jun  6 16:12:00 ubuntu kernel: [    2.155723] Detected VIPT I-cache on CPU65
Jun  6 16:12:00 ubuntu kernel: [    2.155753] GICv3: CPU65: found redistributor 2c0100 region 65:0x00002000ae540000
Jun  6 16:12:00 ubuntu kernel: [    2.155772] GICv3: CPU65: using allocated LPI pending table @0x00000027fecc0000
Jun  6 16:12:00 ubuntu kernel: [    2.155825] CPU65: Booted secondary processor 0x00002c0100 [0x481fd010]
Jun  6 16:12:00 ubuntu /usr/sbin/irqbalance: IRQ 0(44) guessed as class 0
Jun  6 16:12:00 ubuntu kernel: [    2.188534] Detected VIPT I-cache on CPU66
Jun  6 16:12:00 ubuntu kernel: [    2.188563] GICv3: CPU66: found redistributor 2c0200 region 66:0x00002000ae580000
Jun  6 16:12:00 ubuntu /usr/sbin/irqbalance: IRQ 0(45) guessed as class 0
Jun  6 16:12:00 ubuntu kernel: [    2.188582] GICv3: CPU66: using allocated LPI pending table @0x00000027fecd0000
Jun  6 16:12:00 ubuntu kernel: [    2.188634] CPU66: Booted secondary processor 0x00002c0200 [0x481fd010]
Jun  6 16:12:00 ubuntu kernel: [    2.221344] Detected VIPT I-cache on CPU67
Jun  6 16:12:00 ubuntu kernel: [    2.221373] GICv3: CPU67: found redistributor 2c0300 region 67:0x00002000ae5c0000
Jun  6 16:12:00 ubuntu kernel: [    2.221392] GICv3: CPU67: using allocated LPI pending table @0x00000027fece0000
Jun  6 16:12:00 ubuntu /usr/sbin/irqbalance: IRQ 0(46) guessed as class 0
Jun  6 16:12:00 ubuntu kernel: [    2.221444] CPU67: Booted secondary processor 0x00002c0300 [0x481fd010]
Jun  6 16:12:00 ubuntu kernel: [    2.254332] Detected VIPT I-cache on CPU68
Jun  6 16:12:00 ubuntu /usr/sbin/irqbalance: IRQ 0(47) guessed as class 0
Jun  6 16:12:00 ubuntu kernel: [    2.254364] GICv3: CPU68: found redistributor 2d0000 region 68:0x00002000ae600000
Jun  6 16:12:00 ubuntu kernel: [    2.254394] GICv3: CPU68: using allocated LPI pending table @0x00000027fecf0000
Jun  6 16:12:00 ubuntu kernel: [    2.254450] CPU68: Booted secondary processor 0x00002d0000 [0x481fd010]
Jun  6 16:12:00 ubuntu kernel: [    2.287312] Detected VIPT I-cache on CPU69
Jun  6 16:12:00 ubuntu kernel: [    2.287342] GICv3: CPU69: found redistributor 2d0100 region 69:0x00002000ae640000
Jun  6 16:12:00 ubuntu kernel: [    2.287361] GICv3: CPU69: using allocated LPI pending table @0x00000027fed00000
Jun  6 16:12:00 ubuntu /usr/sbin/irqbalance: IRQ 0(48) guessed as class 0
Jun  6 16:12:00 ubuntu kernel: [    2.287414] CPU69: Booted secondary processor 0x00002d0100 [0x481fd010]
Jun  6 16:12:00 ubuntu kernel: [    2.320296] Detected VIPT I-cache on CPU70
Jun  6 16:12:00 ubuntu /usr/sbin/irqbalance: IRQ 0(49) guessed as class 0
Jun  6 16:12:00 ubuntu kernel: [    2.320325] GICv3: CPU70: found redistributor 2d0200 region 70:0x00002000ae680000
Jun  6 16:12:00 ubuntu kernel: [    2.320345] GICv3: CPU70: using allocated LPI pending table @0x00000027fed10000
Jun  6 16:12:00 ubuntu kernel: [    2.320398] CPU70: Booted secondary processor 0x00002d0200 [0x481fd010]
Jun  6 16:12:00 ubuntu /usr/sbin/irqbalance: IRQ 0(50) guessed as class 0
Jun  6 16:12:00 ubuntu kernel: [    2.353280] Detected VIPT I-cache on CPU71
Jun  6 16:12:00 ubuntu kernel: [    2.353310] GICv3: CPU71: found redistributor 2d0300 region 71:0x00002000ae6c0000
Jun  6 16:12:00 ubuntu /usr/sbin/irqbalance: IRQ 0(51) guessed as class 0
Jun  6 16:12:00 ubuntu kernel: [    2.353329] GICv3: CPU71: using allocated LPI pending table @0x00000027fed20000
Jun  6 16:12:00 ubuntu kernel: [    2.353382] CPU71: Booted secondary processor 0x00002d0300 [0x481fd010]
Jun  6 16:12:00 ubuntu kernel: [    2.393408] Detected VIPT I-cache on CPU72
Jun  6 16:12:00 ubuntu kernel: [    2.393461] GICv3: CPU72: found redistributor 380000 region 72:0x00002000aa100000
Jun  6 16:12:00 ubuntu kernel: [    2.393517] GICv3: CPU72: using allocated LPI pending table @0x00000027fed30000
Jun  6 16:12:00 ubuntu /usr/sbin/irqbalance: IRQ 0(52) guessed as class 0
Jun  6 16:12:00 ubuntu kernel: [    2.393600] CPU72: Booted secondary processor 0x0000380000 [0x481fd010]
Jun  6 16:12:00 ubuntu kernel: [    2.433486] Detected VIPT I-cache on CPU73
Jun  6 16:12:00 ubuntu kernel: [    2.433521] GICv3: CPU73: found redistributor 380100 region 73:0x00002000aa140000
Jun  6 16:12:00 ubuntu kernel: [    2.433542] GICv3: CPU73: using allocated LPI pending table @0x00000027fed40000
Jun  6 16:12:00 ubuntu /usr/sbin/irqbalance: IRQ 0(53) guessed as class 0
Jun  6 16:12:00 ubuntu kernel: [    2.433600] CPU73: Booted secondary processor 0x0000380100 [0x481fd010]
Jun  6 16:12:00 ubuntu kernel: [    2.473587] Detected VIPT I-cache on CPU74
Jun  6 16:12:00 ubuntu kernel: [    2.473623] GICv3: CPU74: found redistributor 380200 region 74:0x00002000aa180000
Jun  6 16:12:00 ubuntu kernel: [    2.473644] GICv3: CPU74: using allocated LPI pending table @0x00000027fed50000
Jun  6 16:12:00 ubuntu kernel: [    2.473702] CPU74: Booted secondary processor 0x0000380200 [0x481fd010]
Jun  6 16:12:00 ubuntu /usr/sbin/irqbalance: IRQ 0(54) guessed as class 0
Jun  6 16:12:00 ubuntu kernel: [    2.513689] Detected VIPT I-cache on CPU75
Jun  6 16:12:00 ubuntu kernel: [    2.513725] GICv3: CPU75: found redistributor 380300 region 75:0x00002000aa1c0000
Jun  6 16:12:00 ubuntu kernel: [    2.513746] GICv3: CPU75: using allocated LPI pending table @0x00000027fed60000
Jun  6 16:12:00 ubuntu kernel: [    2.513804] CPU75: Booted secondary processor 0x0000380300 [0x481fd010]
Jun  6 16:12:00 ubuntu /usr/sbin/irqbalance: IRQ 0(55) guessed as class 0
Jun  6 16:12:00 ubuntu kernel: [    2.553967] Detected VIPT I-cache on CPU76
Jun  6 16:12:00 ubuntu /usr/sbin/irqbalance: IRQ 0(56) guessed as class 0
Jun  6 16:12:00 ubuntu kernel: [    2.554005] GICv3: CPU76: found redistributor 390000 region 76:0x00002000aa200000
Jun  6 16:12:00 ubuntu kernel: [    2.554037] GICv3: CPU76: using allocated LPI pending table @0x00000027fed70000
Jun  6 16:12:00 ubuntu kernel: [    2.554099] CPU76: Booted secondary processor 0x0000390000 [0x481fd010]
Jun  6 16:12:00 ubuntu kernel: [    2.594239] Detected VIPT I-cache on CPU77
Jun  6 16:12:00 ubuntu /usr/sbin/irqbalance: IRQ 0(57) guessed as class 0
Jun  6 16:12:00 ubuntu kernel: [    2.594275] GICv3: CPU77: found redistributor 390100 region 77:0x00002000aa240000
Jun  6 16:12:00 ubuntu kernel: [    2.594297] GICv3: CPU77: using allocated LPI pending table @0x00000027fed80000
Jun  6 16:12:00 ubuntu kernel: [    2.594355] CPU77: Booted secondary processor 0x0000390100 [0x481fd010]
Jun  6 16:12:00 ubuntu /usr/sbin/irqbalance: IRQ 0(58) guessed as class 0
Jun  6 16:12:00 ubuntu kernel: [    2.634514] Detected VIPT I-cache on CPU78
Jun  6 16:12:00 ubuntu kernel: [    2.634550] GICv3: CPU78: found redistributor 390200 region 78:0x00002000aa280000
Jun  6 16:12:00 ubuntu kernel: [    2.634571] GICv3: CPU78: using allocated LPI pending table @0x00000027fed90000
Jun  6 16:12:00 ubuntu kernel: [    2.634628] CPU78: Booted secondary processor 0x0000390200 [0x481fd010]
Jun  6 16:12:00 ubuntu kernel: [    2.674789] Detected VIPT I-cache on CPU79
Jun  6 16:12:00 ubuntu /usr/sbin/irqbalance: IRQ 0(59) guessed as class 0
Jun  6 16:12:00 ubuntu kernel: [    2.674826] GICv3: CPU79: found redistributor 390300 region 79:0x00002000aa2c0000
Jun  6 16:12:00 ubuntu kernel: [    2.674847] GICv3: CPU79: using allocated LPI pending table @0x00000027feda0000
Jun  6 16:12:00 ubuntu kernel: [    2.674905] CPU79: Booted secondary processor 0x0000390300 [0x481fd010]
Jun  6 16:12:00 ubuntu kernel: [    2.715240] Detected VIPT I-cache on CPU80
Jun  6 16:12:00 ubuntu /usr/sbin/irqbalance: IRQ 0(60) guessed as class 0
Jun  6 16:12:00 ubuntu kernel: [    2.715279] GICv3: CPU80: found redistributor 3a0000 region 80:0x00002000aa300000
Jun  6 16:12:00 ubuntu kernel: [    2.715312] GICv3: CPU80: using allocated LPI pending table @0x00000027fedb0000
Jun  6 16:12:00 ubuntu kernel: [    2.715374] CPU80: Booted secondary processor 0x00003a0000 [0x481fd010]
Jun  6 16:12:00 ubuntu kernel: [    2.755687] Detected VIPT I-cache on CPU81
Jun  6 16:12:00 ubuntu kernel: [    2.755724] GICv3: CPU81: found redistributor 3a0100 region 81:0x00002000aa340000
Jun  6 16:12:00 ubuntu kernel: [    2.755748] GICv3: CPU81: using allocated LPI pending table @0x00000027fedc0000
Jun  6 16:12:00 ubuntu /usr/sbin/irqbalance: IRQ 0(61) guessed as class 0
Jun  6 16:12:00 ubuntu kernel: [    2.755806] CPU81: Booted secondary processor 0x00003a0100 [0x481fd010]
Jun  6 16:12:00 ubuntu kernel: [    2.796135] Detected VIPT I-cache on CPU82
Jun  6 16:12:00 ubuntu kernel: [    2.796172] GICv3: CPU82: found redistributor 3a0200 region 82:0x00002000aa380000
Jun  6 16:12:00 ubuntu kernel: [    2.796195] GICv3: CPU82: using allocated LPI pending table @0x00000027fedd0000
Jun  6 16:12:00 ubuntu /usr/sbin/irqbalance: IRQ 0(62) guessed as class 0
Jun  6 16:12:00 ubuntu kernel: [    2.796254] CPU82: Booted secondary processor 0x00003a0200 [0x481fd010]
Jun  6 16:12:00 ubuntu /usr/sbin/irqbalance: IRQ 0(63) guessed as class 0
Jun  6 16:12:00 ubuntu kernel: [    2.836584] Detected VIPT I-cache on CPU83
Jun  6 16:12:00 ubuntu kernel: [    2.836621] GICv3: CPU83: found redistributor 3a0300 region 83:0x00002000aa3c0000
Jun  6 16:12:00 ubuntu kernel: [    2.836642] GICv3: CPU83: using allocated LPI pending table @0x00000027fede0000
Jun  6 16:12:00 ubuntu kernel: [    2.836701] CPU83: Booted secondary processor 0x00003a0300 [0x481fd010]
Jun  6 16:12:00 ubuntu kernel: [    2.877210] Detected VIPT I-cache on CPU84
Jun  6 16:12:00 ubuntu /usr/sbin/irqbalance: IRQ 0(64) guessed as class 0
Jun  6 16:12:00 ubuntu kernel: [    2.877249] GICv3: CPU84: found redistributor 3b0000 region 84:0x00002000aa400000
Jun  6 16:12:00 ubuntu /usr/sbin/irqbalance: IRQ 0(65) guessed as class 0
Jun  6 16:12:00 ubuntu kernel: [    2.877283] GICv3: CPU84: using allocated LPI pending table @0x00000027fedf0000
Jun  6 16:12:00 ubuntu kernel: [    2.877345] CPU84: Booted secondary processor 0x00003b0000 [0x481fd010]
Jun  6 16:12:00 ubuntu kernel: [    2.917830] Detected VIPT I-cache on CPU85
Jun  6 16:12:00 ubuntu kernel: [    2.917867] GICv3: CPU85: found redistributor 3b0100 region 85:0x00002000aa440000
Jun  6 16:12:00 ubuntu /usr/sbin/irqbalance: IRQ 0(66) guessed as class 0
Jun  6 16:12:00 ubuntu kernel: [    2.917889] GICv3: CPU85: using allocated LPI pending table @0x00000027fee00000
Jun  6 16:12:00 ubuntu kernel: [    2.917947] CPU85: Booted secondary processor 0x00003b0100 [0x481fd010]
Jun  6 16:12:00 ubuntu kernel: [    2.958452] Detected VIPT I-cache on CPU86
Jun  6 16:12:00 ubuntu /usr/sbin/irqbalance: IRQ 0(67) guessed as class 0
Jun  6 16:12:00 ubuntu kernel: [    2.958489] GICv3: CPU86: found redistributor 3b0200 region 86:0x00002000aa480000
Jun  6 16:12:00 ubuntu kernel: [    2.958511] GICv3: CPU86: using allocated LPI pending table @0x00000027fee10000
Jun  6 16:12:00 ubuntu kernel: [    2.958569] CPU86: Booted secondary processor 0x00003b0200 [0x481fd010]
Jun  6 16:12:00 ubuntu kernel: [    2.999074] Detected VIPT I-cache on CPU87
Jun  6 16:12:00 ubuntu kernel: [    2.999112] GICv3: CPU87: found redistributor 3b0300 region 87:0x00002000aa4c0000
Jun  6 16:12:00 ubuntu kernel: [    2.999134] GICv3: CPU87: using allocated LPI pending table @0x00000027fee20000
Jun  6 16:12:00 ubuntu /usr/sbin/irqbalance: IRQ 0(68) guessed as class 0
Jun  6 16:12:00 ubuntu kernel: [    2.999192] CPU87: Booted secondary processor 0x00003b0300 [0x481fd010]
Jun  6 16:12:00 ubuntu kernel: [    3.039179] Detected VIPT I-cache on CPU88
Jun  6 16:12:00 ubuntu kernel: [    3.039218] GICv3: CPU88: found redistributor 3c0000 region 88:0x00002000aa500000
Jun  6 16:12:00 ubuntu kernel: [    3.039253] GICv3: CPU88: using allocated LPI pending table @0x00000027fee30000
Jun  6 16:12:00 ubuntu /usr/sbin/irqbalance: IRQ 0(69) guessed as class 0
Jun  6 16:12:00 ubuntu kernel: [    3.039315] CPU88: Booted secondary processor 0x00003c0000 [0x481fd010]
Jun  6 16:12:00 ubuntu kernel: [    3.079277] Detected VIPT I-cache on CPU89
Jun  6 16:12:00 ubuntu kernel: [    3.079314] GICv3: CPU89: found redistributor 3c0100 region 89:0x00002000aa540000
Jun  6 16:12:00 ubuntu /usr/sbin/irqbalance: IRQ 0(70) guessed as class 0
Jun  6 16:12:00 ubuntu kernel: [    3.079340] GICv3: CPU89: using allocated LPI pending table @0x00000027fee40000
Jun  6 16:12:00 ubuntu kernel: [    3.079398] CPU89: Booted secondary processor 0x00003c0100 [0x481fd010]
Jun  6 16:12:00 ubuntu kernel: [    3.119378] Detected VIPT I-cache on CPU90
Jun  6 16:12:00 ubuntu kernel: [    3.119415] GICv3: CPU90: found redistributor 3c0200 region 90:0x00002000aa580000
Jun  6 16:12:00 ubuntu /usr/sbin/irqbalance: IRQ 0(71) guessed as class 0
Jun  6 16:12:00 ubuntu /usr/sbin/irqbalance: IRQ 0(72) guessed as class 0
Jun  6 16:12:00 ubuntu /usr/sbin/irqbalance: IRQ 0(73) guessed as class 0
Jun  6 16:12:00 ubuntu /usr/sbin/irqbalance: IRQ 0(74) guessed as class 0
Jun  6 16:12:00 ubuntu /usr/sbin/irqbalance: IRQ 0(75) guessed as class 0
Jun  6 16:12:00 ubuntu /usr/sbin/irqbalance: IRQ 0(76) guessed as class 0
Jun  6 16:12:00 ubuntu /usr/sbin/irqbalance: IRQ 0(77) guessed as class 0
Jun  6 16:12:00 ubuntu /usr/sbin/irqbalance: IRQ 0(78) guessed as class 0
Jun  6 16:12:00 ubuntu /usr/sbin/irqbalance: IRQ 0(79) guessed as class 0
Jun  6 16:12:00 ubuntu /usr/sbin/irqbalance: IRQ 0(80) guessed as class 0
Jun  6 16:12:00 ubuntu /usr/sbin/irqbalance: IRQ 0(81) guessed as class 0
Jun  6 16:12:00 ubuntu /usr/sbin/irqbalance: IRQ 0(82) guessed as class 0
Jun  6 16:12:00 ubuntu kernel: [    3.119439] GICv3: CPU90: using allocated LPI pending table @0x00000027fee50000
Jun  6 16:12:00 ubuntu kernel: [    3.119498] CPU90: Booted secondary processor 0x00003c0200 [0x481fd010]
Jun  6 16:12:00 ubuntu kernel: [    3.159480] Detected VIPT I-cache on CPU91
Jun  6 16:12:00 ubuntu /usr/sbin/irqbalance: IRQ 0(83) guessed as class 0
Jun  6 16:12:00 ubuntu kernel: [    3.159516] GICv3: CPU91: found redistributor 3c0300 region 91:0x00002000aa5c0000
Jun  6 16:12:00 ubuntu kernel: [    3.159541] GICv3: CPU91: using allocated LPI pending table @0x00000027fee60000
Jun  6 16:12:00 ubuntu kernel: [    3.159599] CPU91: Booted secondary processor 0x00003c0300 [0x481fd010]
Jun  6 16:12:00 ubuntu kernel: [    3.199759] Detected VIPT I-cache on CPU92
Jun  6 16:12:00 ubuntu /usr/sbin/irqbalance: IRQ 0(84) guessed as class 0
Jun  6 16:12:00 ubuntu kernel: [    3.199798] GICv3: CPU92: found redistributor 3d0000 region 92:0x00002000aa600000
Jun  6 16:12:00 ubuntu kernel: [    3.199835] GICv3: CPU92: using allocated LPI pending table @0x00000027fee70000
Jun  6 16:12:00 ubuntu /usr/sbin/irqbalance: IRQ 0(85) guessed as class 0
Jun  6 16:12:00 ubuntu kernel: [    3.199897] CPU92: Booted secondary processor 0x00003d0000 [0x481fd010]
Jun  6 16:12:00 ubuntu kernel: [    3.240030] Detected VIPT I-cache on CPU93
Jun  6 16:12:00 ubuntu kernel: [    3.240068] GICv3: CPU93: found redistributor 3d0100 region 93:0x00002000aa640000
Jun  6 16:12:00 ubuntu kernel: [    3.240092] GICv3: CPU93: using allocated LPI pending table @0x00000027fee80000
Jun  6 16:12:00 ubuntu kernel: [    3.240150] CPU93: Booted secondary processor 0x00003d0100 [0x481fd010]
Jun  6 16:12:00 ubuntu /usr/sbin/irqbalance: IRQ 0(86) guessed as class 0
Jun  6 16:12:00 ubuntu kernel: [    3.280306] Detected VIPT I-cache on CPU94
Jun  6 16:12:00 ubuntu kernel: [    3.280343] GICv3: CPU94: found redistributor 3d0200 region 94:0x00002000aa680000
Jun  6 16:12:00 ubuntu kernel: [    3.280368] GICv3: CPU94: using allocated LPI pending table @0x00000027fee90000
Jun  6 16:12:00 ubuntu kernel: [    3.280427] CPU94: Booted secondary processor 0x00003d0200 [0x481fd010]
Jun  6 16:12:00 ubuntu kernel: [    3.320581] Detected VIPT I-cache on CPU95
Jun  6 16:12:00 ubuntu /usr/sbin/irqbalance: IRQ 0(87) guessed as class 0
Jun  6 16:12:00 ubuntu kernel: [    3.320618] GICv3: CPU95: found redistributor 3d0300 region 95:0x00002000aa6c0000
Jun  6 16:12:00 ubuntu kernel: [    3.320644] GICv3: CPU95: using allocated LPI pending table @0x00000027feea0000
Jun  6 16:12:00 ubuntu kernel: [    3.320703] CPU95: Booted secondary processor 0x00003d0300 [0x481fd010]
Jun  6 16:12:00 ubuntu /usr/sbin/irqbalance: IRQ 0(88) guessed as class 0
Jun  6 16:12:00 ubuntu kernel: [    3.321534] smp: Brought up 4 nodes, 96 CPUs
Jun  6 16:12:00 ubuntu kernel: [    3.322103] SMP: Total of 96 processors activated.
Jun  6 16:12:00 ubuntu kernel: [    3.322107] CPU features: detected: Privileged Access Never
Jun  6 16:12:00 ubuntu /usr/sbin/irqbalance: IRQ 0(89) guessed as class 0
Jun  6 16:12:00 ubuntu kernel: [    3.322108] CPU features: detected: LSE atomic instructions
Jun  6 16:12:00 ubuntu kernel: [    3.322110] CPU features: detected: User Access Override
Jun  6 16:12:00 ubuntu kernel: [    3.322113] CPU features: detected: Common not Private translations
Jun  6 16:12:00 ubuntu kernel: [    3.322115] CPU features: detected: Data cache clean to Point of Persistence
Jun  6 16:12:00 ubuntu /usr/sbin/irqbalance: IRQ 0(90) guessed as class 0
Jun  6 16:12:00 ubuntu kernel: [    3.322117] CPU features: detected: RAS Extension Support
Jun  6 16:12:00 ubuntu kernel: [    3.322119] CPU features: detected: CRC32 instructions
Jun  6 16:12:00 ubuntu kernel: [    3.386321] CPU: All CPU(s) started at EL2
Jun  6 16:12:00 ubuntu /usr/sbin/irqbalance: IRQ 0(91) guessed as class 0
Jun  6 16:12:00 ubuntu kernel: [    3.402634] devtmpfs: initialized
Jun  6 16:12:00 ubuntu kernel: [    3.405365] Registered cp15_barrier emulation handler
Jun  6 16:12:00 ubuntu kernel: [    3.405403] Registered setend emulation handler
Jun  6 16:12:00 ubuntu /usr/sbin/irqbalance: IRQ 0(92) guessed as class 0
Jun  6 16:12:00 ubuntu kernel: [    3.405407] KASLR disabled due to lack of seed
Jun  6 16:12:00 ubuntu kernel: [    3.405824] clocksource: jiffies: mask: 0xffffffff max_cycles: 0xffffffff, max_idle_ns: 7645041785100000 ns
Jun  6 16:12:00 ubuntu kernel: [    3.406236] futex hash table entries: 32768 (order: 9, 2097152 bytes, vmalloc)
Jun  6 16:12:00 ubuntu kernel: [    3.407071] pinctrl core: initialized pinctrl subsystem
Jun  6 16:12:00 ubuntu kernel: [    3.407247] thermal_sys: Registered thermal governor 'fair_share'
Jun  6 16:12:00 ubuntu /usr/sbin/irqbalance: IRQ 0(93) guessed as class 0
Jun  6 16:12:00 ubuntu kernel: [    3.407248] thermal_sys: Registered thermal governor 'bang_bang'
Jun  6 16:12:00 ubuntu kernel: [    3.407252] thermal_sys: Registered thermal governor 'step_wise'
Jun  6 16:12:00 ubuntu kernel: [    3.407254] thermal_sys: Registered thermal governor 'user_space'
Jun  6 16:12:00 ubuntu kernel: [    3.407365] SMBIOS 3.1.1 present.
Jun  6 16:12:00 ubuntu kernel: [    3.407371] DMI: Huawei TaiShan 200 (Model 2280)/BC82AMDDA, BIOS 1.06 10/29/2019
Jun  6 16:12:00 ubuntu /usr/sbin/irqbalance: IRQ 0(94) guessed as class 0
Jun  6 16:12:00 ubuntu kernel: [    3.407791] NET: Registered protocol family 16
Jun  6 16:12:00 ubuntu kernel: [    3.408957] DMA: preallocated 256 KiB pool for atomic allocations
Jun  6 16:12:00 ubuntu kernel: [    3.408963] audit: initializing netlink subsys (disabled)
Jun  6 16:12:00 ubuntu /usr/sbin/irqbalance: IRQ 0(95) guessed as class 0
Jun  6 16:12:00 ubuntu kernel: [    3.409007] audit: type=2000 audit(0.488:1): state=initialized audit_enabled=0 res=1
Jun  6 16:12:00 ubuntu kernel: [    3.409254] cpuidle: using governor ladder
Jun  6 16:12:00 ubuntu kernel: [    3.409324] cpuidle: using governor menu
Jun  6 16:12:00 ubuntu kernel: [    3.409333] Detected 1 PCC Subspaces
Jun  6 16:12:00 ubuntu kernel: [    3.409358] Registering PCC driver as Mailbox controller
Jun  6 16:12:00 ubuntu /usr/sbin/irqbalance: IRQ 0(96) guessed as class 0
Jun  6 16:12:00 ubuntu kernel: [    3.409435] hw-breakpoint: found 6 breakpoint and 4 watchpoint registers.
Jun  6 16:12:00 ubuntu kernel: [    3.410330] ASID allocator initialised with 65536 entries
Jun  6 16:12:00 ubuntu /usr/sbin/irqbalance: IRQ 0(97) guessed as class 0
Jun  6 16:12:00 ubuntu kernel: [    3.410473] ACPI: bus type PCI registered
Jun  6 16:12:00 ubuntu kernel: [    3.410476] acpiphp: ACPI Hot Plug PCI Controller Driver version: 0.5
Jun  6 16:12:00 ubuntu kernel: [    3.410651] Serial: AMBA PL011 UART driver
Jun  6 16:12:00 ubuntu kernel: [    3.417710] HugeTLB registered 1.00 GiB page size, pre-allocated 0 pages
Jun  6 16:12:00 ubuntu /usr/sbin/irqbalance: IRQ 0(98) guessed as class 0
Jun  6 16:12:00 ubuntu kernel: [    3.417714] HugeTLB registered 32.0 MiB page size, pre-allocated 0 pages
Jun  6 16:12:00 ubuntu kernel: [    3.417717] HugeTLB registered 2.00 MiB page size, pre-allocated 0 pages
Jun  6 16:12:00 ubuntu /usr/sbin/irqbalance: IRQ 0(99) guessed as class 0
Jun  6 16:12:00 ubuntu kernel: [    3.417719] HugeTLB registered 64.0 KiB page size, pre-allocated 0 pages
Jun  6 16:12:00 ubuntu kernel: [    3.421347] fbcon: Taking over console
Jun  6 16:12:00 ubuntu kernel: [    3.421765] ACPI: Added _OSI(Module Device)
Jun  6 16:12:00 ubuntu kernel: [    3.421768] ACPI: Added _OSI(Processor Device)
Jun  6 16:12:00 ubuntu kernel: [    3.421770] ACPI: Added _OSI(3.0 _SCP Extensions)
Jun  6 16:12:00 ubuntu kernel: [    3.421772] ACPI: Added _OSI(Processor Aggregator Device)
Jun  6 16:12:00 ubuntu kernel: [    3.421775] ACPI: Added _OSI(Linux-Dell-Video)
Jun  6 16:12:00 ubuntu /usr/sbin/irqbalance: IRQ 0(100) guessed as class 0
Jun  6 16:12:00 ubuntu kernel: [    3.421777] ACPI: Added _OSI(Linux-Lenovo-NV-HDMI-Audio)
Jun  6 16:12:00 ubuntu kernel: [    3.421779] ACPI: Added _OSI(Linux-HPI-Hybrid-Graphics)
Jun  6 16:12:00 ubuntu /usr/sbin/irqbalance: IRQ 0(101) guessed as class 0
Jun  6 16:12:00 ubuntu kernel: [    3.431066] ACPI: 2 ACPI AML tables successfully acquired and loaded
Jun  6 16:12:00 ubuntu kernel: [    3.434629] ACPI: Interpreter enabled
Jun  6 16:12:00 ubuntu kernel: [    3.434633] ACPI: Using GIC for interrupt routing
Jun  6 16:12:00 ubuntu kernel: [    3.434647] ACPI: MCFG table detected, 1 entries
Jun  6 16:12:00 ubuntu /usr/sbin/irqbalance: IRQ 0(102) guessed as class 0
Jun  6 16:12:00 ubuntu kernel: [    3.434650] ACPI: IORT: [Firmware Bug]: ID count for ID mapping entry is wrong, applying workaround
Jun  6 16:12:00 ubuntu /usr/sbin/irqbalance: IRQ 0(103) guessed as class 0
Jun  6 16:12:00 ubuntu kernel: [    3.434655] ACPI: IORT: SMMU-v3[148000000] Mapped to Proximity domain 0
Jun  6 16:12:00 ubuntu kernel: [    3.434710] ACPI: IORT: SMMU-v3[201000000] Mapped to Proximity domain 0
Jun  6 16:12:00 ubuntu kernel: [    3.434734] ACPI: IORT: SMMU-v3[100000000] Mapped to Proximity domain 0
Jun  6 16:12:00 ubuntu kernel: [    3.434760] ACPI: IORT: SMMU-v3[140000000] Mapped to Proximity domain 0
Jun  6 16:12:00 ubuntu kernel: [    3.434783] ACPI: IORT: SMMU-v3[200148000000] Mapped to Proximity domain 2
Jun  6 16:12:00 ubuntu /usr/sbin/irqbalance: IRQ 0(104) guessed as class 0
Jun  6 16:12:00 ubuntu kernel: [    3.434806] ACPI: IORT: SMMU-v3[200201000000] Mapped to Proximity domain 2
Jun  6 16:12:00 ubuntu kernel: [    3.434829] ACPI: IORT: SMMU-v3[200100000000] Mapped to Proximity domain 2
Jun  6 16:12:00 ubuntu kernel: [    3.434852] ACPI: IORT: SMMU-v3[200140000000] Mapped to Proximity domain 2
Jun  6 16:12:00 ubuntu /usr/sbin/irqbalance: IRQ 0(105) guessed as class 0
Jun  6 16:12:00 ubuntu kernel: [    3.435506] HEST: Table parsing has been initialized.
Jun  6 16:12:00 ubuntu kernel: [    3.464831] ACPI: PCI Root Bridge [PCI0] (domain 0000 [bus 00-3f])
Jun  6 16:12:00 ubuntu kernel: [    3.464839] acpi PNP0A08:00: _OSC: OS supports [ExtendedConfig ASPM ClockPM Segments MSI HPX-Type3]
Jun  6 16:12:00 ubuntu kernel: [    3.464943] acpi PNP0A08:00: _OSC: platform does not support [SHPCHotplug LTR]
Jun  6 16:12:00 ubuntu /usr/sbin/irqbalance: IRQ 0(106) guessed as class 0
Jun  6 16:12:00 ubuntu kernel: [    3.465033] acpi PNP0A08:00: _OSC: OS now controls [PCIeHotplug PME AER PCIeCapability]
Jun  6 16:12:00 ubuntu kernel: [    3.465641] acpi PNP0A08:00: ECAM area [mem 0xd0000000-0xd3ffffff] reserved by PNP0C02:00
Jun  6 16:12:00 ubuntu kernel: [    3.465654] acpi PNP0A08:00: ECAM at [mem 0xd0000000-0xd3ffffff] for [bus 00-3f]
Jun  6 16:12:00 ubuntu kernel: [    3.465679] Remapped I/O 0x00000000f7ff0000 to [io  0x0000-0xffff window]
Jun  6 16:12:00 ubuntu kernel: [    3.465745] PCI host bridge to bus 0000:00
Jun  6 16:12:00 ubuntu kernel: [    3.465748] pci_bus 0000:00: root bus resource [mem 0x80000000000-0x82fffffffff pref window]
Jun  6 16:12:00 ubuntu /usr/sbin/irqbalance: IRQ 0(107) guessed as class 0
Jun  6 16:12:00 ubuntu kernel: [    3.465752] pci_bus 0000:00: root bus resource [mem 0xe0000000-0xf7feffff window]
Jun  6 16:12:00 ubuntu kernel: [    3.465755] pci_bus 0000:00: root bus resource [io  0x0000-0xffff window]
Jun  6 16:12:00 ubuntu kernel: [    3.465758] pci_bus 0000:00: root bus resource [bus 00-3f]
Jun  6 16:12:00 ubuntu /usr/sbin/irqbalance: IRQ 0(108) guessed as class 0
Jun  6 16:12:00 ubuntu kernel: [    3.465791] pci 0000:00:00.0: [19e5:a120] type 01 class 0x060400
Jun  6 16:12:00 ubuntu kernel: [    3.465859] pci 0000:00:00.0: PME# supported from D0 D1 D2 D3hot D3cold
Jun  6 16:12:00 ubuntu kernel: [    3.465935] pci 0000:00:04.0: [19e5:a120] type 01 class 0x060400
Jun  6 16:12:00 ubuntu kernel: [    3.465992] pci 0000:00:04.0: PME# supported from D0 D1 D2 D3hot D3cold
Jun  6 16:12:00 ubuntu /usr/sbin/irqbalance: IRQ 0(109) guessed as class 0
Jun  6 16:12:00 ubuntu kernel: [    3.466056] pci 0000:00:08.0: [19e5:a120] type 01 class 0x060400
Jun  6 16:12:00 ubuntu kernel: [    3.466111] pci 0000:00:08.0: PME# supported from D0 D1 D2 D3hot D3cold
Jun  6 16:12:00 ubuntu kernel: [    3.466171] pci 0000:00:0c.0: [19e5:a120] type 01 class 0x060400
Jun  6 16:12:00 ubuntu /usr/sbin/irqbalance: IRQ 0(110) guessed as class 0
Jun  6 16:12:00 ubuntu kernel: [    3.466224] pci 0000:00:0c.0: PME# supported from D0 D1 D2 D3hot D3cold
Jun  6 16:12:00 ubuntu kernel: [    3.466285] pci 0000:00:10.0: [19e5:a120] type 01 class 0x060400
Jun  6 16:12:00 ubuntu kernel: [    3.466339] pci 0000:00:10.0: PME# supported from D0 D1 D2 D3hot D3cold
Jun  6 16:12:00 ubuntu kernel: [    3.466399] pci 0000:00:11.0: [19e5:a120] type 01 class 0x060400
Jun  6 16:12:00 ubuntu /usr/sbin/irqbalance: IRQ 0(111) guessed as class 0
Jun  6 16:12:00 ubuntu kernel: [    3.466453] pci 0000:00:11.0: PME# supported from D0 D1 D2 D3hot D3cold
Jun  6 16:12:00 ubuntu kernel: [    3.466511] pci 0000:00:12.0: [19e5:a120] type 01 class 0x060400
Jun  6 16:12:00 ubuntu kernel: [    3.466565] pci 0000:00:12.0: PME# supported from D0 D1 D2 D3hot D3cold
Jun  6 16:12:00 ubuntu kernel: [    3.466699] pci 0000:03:00.0: [1000:0016] type 00 class 0x010400
Jun  6 16:12:00 ubuntu /usr/sbin/irqbalance: IRQ 0(112) guessed as class 0
Jun  6 16:12:00 ubuntu kernel: [    3.466721] pci 0000:03:00.0: reg 0x10: [mem 0x80000100000-0x800001fffff 64bit pref]
Jun  6 16:12:00 ubuntu kernel: [    3.466731] pci 0000:03:00.0: reg 0x18: [mem 0x80000000000-0x800000fffff 64bit pref]
Jun  6 16:12:00 ubuntu /usr/sbin/irqbalance: IRQ 0(113) guessed as class 0
Jun  6 16:12:00 ubuntu /usr/sbin/irqbalance: IRQ 0(114) guessed as class 0
Jun  6 16:12:00 ubuntu /usr/sbin/irqbalance: IRQ 0(115) guessed as class 0
Jun  6 16:12:00 ubuntu /usr/sbin/irqbalance: IRQ 0(116) guessed as class 0
Jun  6 16:12:00 ubuntu /usr/sbin/irqbalance: IRQ 0(117) guessed as class 0
Jun  6 16:12:00 ubuntu /usr/sbin/irqbalance: IRQ 0(118) guessed as class 0
Jun  6 16:12:00 ubuntu /usr/sbin/irqbalance: IRQ 0(119) guessed as class 0
Jun  6 16:12:00 ubuntu /usr/sbin/irqbalance: IRQ 0(120) guessed as class 0
Jun  6 16:12:00 ubuntu /usr/sbin/irqbalance: IRQ 0(121) guessed as class 0
