Oct 25 21:35:58 ubuntu systemd-modules-load[819]: Inserted module 'iscsi_tcp'
Oct 25 21:35:58 ubuntu kernel: [    0.000000] Booting Linux on physical CPU 0x0000000000 [0x481fd010]
Oct 25 21:35:58 ubuntu kernel: [    0.000000] Linux version 5.7.1 (root@ubuntu) (gcc version 7.5.0 (Ubuntu/Linaro 7.5.0-3ubuntu1~18.04), GNU ld (GNU Binutils for Ubuntu) 2.30) #1 SMP Sun Oct 25 21:10:33 CST 2020
Oct 25 21:35:58 ubuntu kernel: [    0.000000] efi: EFI v2.70 by EDK II
Oct 25 21:35:58 ubuntu kernel: [    0.000000] efi:  SMBIOS 3.0=0x53f710000  ACPI 2.0=0x53c020000  MEMATTR=0x53cc7ca98  MEMRESERVE=0x53becd018 
Oct 25 21:35:58 ubuntu systemd-modules-load[819]: Inserted module 'ib_iser'
Oct 25 21:35:58 ubuntu kernel: [    0.000000] cma: Reserved 32 MiB at 0x00000000fe000000
Oct 25 21:35:58 ubuntu kernel: [    0.000000] ACPI: Early table checksum verification disabled
Oct 25 21:35:58 ubuntu kernel: [    0.000000] ACPI: RSDP 0x000000053C020000 000024 (v02 BOCHS )
Oct 25 21:35:58 ubuntu kernel: [    0.000000] ACPI: XSDT 0x000000053BED0000 000054 (v01 BOCHS  BXPCFACP 00000001      01000013)
Oct 25 21:35:58 ubuntu kernel: [    0.000000] ACPI: FACP 0x000000053BE90000 00010C (v05 BOCHS  BXPCFACP 00000001 BXPC 00000001)
Oct 25 21:35:58 ubuntu kernel: [    0.000000] ACPI: DSDT 0x000000053BEA0000 001523 (v02 BOCHS  BXPCDSDT 00000001 BXPC 00000001)
Oct 25 21:35:58 ubuntu lvm[826]:   2 logical volume(s) in volume group "ubuntu-vg" monitored
Oct 25 21:35:58 ubuntu kernel: [    0.000000] ACPI: APIC 0x000000053BE80000 0009E8 (v03 BOCHS  BXPCAPIC 00000001 BXPC 00000001)
Oct 25 21:35:58 ubuntu kernel: [    0.000000] ACPI: GTDT 0x000000053BE70000 000060 (v02 BOCHS  BXPCGTDT 00000001 BXPC 00000001)
Oct 25 21:35:58 ubuntu kernel: [    0.000000] ACPI: MCFG 0x000000053BE60000 00003C (v01 BOCHS  BXPCMCFG 00000001 BXPC 00000001)
Oct 25 21:35:58 ubuntu kernel: [    0.000000] ACPI: SPCR 0x000000053BE50000 000050 (v02 BOCHS  BXPCSPCR 00000001 BXPC 00000001)
Oct 25 21:35:58 ubuntu systemd[1]: Started Monitoring of LVM2 mirrors, snapshots etc. using dmeventd or progress polling.
Oct 25 21:35:58 ubuntu kernel: [    0.000000] ACPI: IORT 0x000000053BE40000 00007C (v00 BOCHS  BXPCIORT 00000001 BXPC 00000001)
Oct 25 21:35:58 ubuntu kernel: [    0.000000] ACPI: SPCR: console: pl011,mmio,0x9000000,9600
Oct 25 21:35:58 ubuntu kernel: [    0.000000] ACPI: NUMA: Failed to initialise from firmware
Oct 25 21:35:58 ubuntu kernel: [    0.000000] NUMA: Faking a node at [mem 0x0000000040000000-0x000000053fffffff]
Oct 25 21:35:58 ubuntu kernel: [    0.000000] NUMA: NODE_DATA [mem 0x53d409300-0x53d40cfff]
Oct 25 21:35:58 ubuntu kernel: [    0.000000] Zone ranges:
Oct 25 21:35:58 ubuntu kernel: [    0.000000]   DMA      [mem 0x0000000040000000-0x000000007fffffff]
Oct 25 21:35:58 ubuntu kernel: [    0.000000]   DMA32    [mem 0x0000000080000000-0x00000000ffffffff]
Oct 25 21:35:58 ubuntu systemd[1]: Started Load/Save Random Seed.
Oct 25 21:35:58 ubuntu kernel: [    0.000000]   Normal   [mem 0x0000000100000000-0x000000053fffffff]
Oct 25 21:35:58 ubuntu kernel: [    0.000000] Movable zone start for each node
Oct 25 21:35:58 ubuntu kernel: [    0.000000] Early memory node ranges
Oct 25 21:35:58 ubuntu systemd[1]: Started Create Static Device Nodes in /dev.
Oct 25 21:35:58 ubuntu kernel: [    0.000000]   node   0: [mem 0x0000000040000000-0x000000053bedffff]
Oct 25 21:35:58 ubuntu kernel: [    0.000000]   node   0: [mem 0x000000053bee0000-0x000000053bffffff]
Oct 25 21:35:58 ubuntu kernel: [    0.000000]   node   0: [mem 0x000000053c000000-0x000000053c02ffff]
Oct 25 21:35:58 ubuntu kernel: [    0.000000]   node   0: [mem 0x000000053c030000-0x000000053c0affff]
Oct 25 21:35:58 ubuntu kernel: [    0.000000]   node   0: [mem 0x000000053c0b0000-0x000000053f57ffff]
Oct 25 21:35:58 ubuntu systemd[1]: Mounted FUSE Control File System.
Oct 25 21:35:58 ubuntu kernel: [    0.000000]   node   0: [mem 0x000000053f580000-0x000000053f95ffff]
Oct 25 21:35:58 ubuntu kernel: [    0.000000]   node   0: [mem 0x000000053f960000-0x000000053fffffff]
Oct 25 21:35:58 ubuntu kernel: [    0.000000] Zeroed struct page in unavailable ranges: 544 pages
Oct 25 21:35:58 ubuntu kernel: [    0.000000] Initmem setup node 0 [mem 0x0000000040000000-0x000000053fffffff]
Oct 25 21:35:58 ubuntu systemd[1]: Mounted Kernel Configuration File System.
Oct 25 21:35:58 ubuntu kernel: [    0.000000] On node 0 totalpages: 5242880
Oct 25 21:35:58 ubuntu kernel: [    0.000000]   DMA zone: 5120 pages used for memmap
Oct 25 21:35:58 ubuntu kernel: [    0.000000]   DMA zone: 0 pages reserved
Oct 25 21:35:58 ubuntu kernel: [    0.000000]   DMA zone: 262144 pages, LIFO batch:63
Oct 25 21:35:58 ubuntu kernel: [    0.000000]   DMA32 zone: 10240 pages used for memmap
Oct 25 21:35:58 ubuntu systemd[1]: Starting udev Kernel Device Manager...
Oct 25 21:35:58 ubuntu kernel: [    0.000000]   DMA32 zone: 524288 pages, LIFO batch:63
Oct 25 21:35:58 ubuntu kernel: [    0.000000]   Normal zone: 87040 pages used for memmap
Oct 25 21:35:58 ubuntu kernel: [    0.000000]   Normal zone: 4456448 pages, LIFO batch:63
Oct 25 21:35:58 ubuntu kernel: [    0.000000] psci: probing for conduit method from ACPI.
Oct 25 21:35:58 ubuntu kernel: [    0.000000] psci: PSCIv1.0 detected in firmware.
Oct 25 21:35:58 ubuntu systemd[1]: Starting Flush Journal to Persistent Storage...
Oct 25 21:35:58 ubuntu systemd[1]: Started Apply Kernel Variables.
Oct 25 21:35:58 ubuntu kernel: [    0.000000] psci: Using standard PSCI v0.2 function IDs
Oct 25 21:35:58 ubuntu kernel: [    0.000000] psci: Trusted OS migration not required
Oct 25 21:35:58 ubuntu kernel: [    0.000000] psci: SMC Calling Convention v1.1
Oct 25 21:35:58 ubuntu kernel: [    0.000000] ACPI: SRAT not present
Oct 25 21:35:58 ubuntu kernel: [    0.000000] percpu: Embedded 33 pages/cpu s94616 r8192 d32360 u135168
Oct 25 21:35:58 ubuntu kernel: [    0.000000] pcpu-alloc: s94616 r8192 d32360 u135168 alloc=33*4096
Oct 25 21:35:58 ubuntu systemd[1]: Started Set the console keyboard layout.
Oct 25 21:35:58 ubuntu kernel: [    0.000000] pcpu-alloc: [0] 00 [0] 01 [0] 02 [0] 03 [0] 04 [0] 05 [0] 06 [0] 07 
Oct 25 21:35:58 ubuntu kernel: [    0.000000] pcpu-alloc: [0] 08 [0] 09 [0] 10 [0] 11 [0] 12 [0] 13 [0] 14 [0] 15 
Oct 25 21:35:58 ubuntu kernel: [    0.000000] pcpu-alloc: [0] 16 [0] 17 [0] 18 [0] 19 [0] 20 [0] 21 [0] 22 [0] 23 
Oct 25 21:35:58 ubuntu systemd[1]: Started udev Coldplug all Devices.
Oct 25 21:35:58 ubuntu kernel: [    0.000000] pcpu-alloc: [0] 24 [0] 25 [0] 26 [0] 27 [0] 28 [0] 29 [0] 30 [0] 31 
Oct 25 21:35:58 ubuntu kernel: [    0.000000] Detected VIPT I-cache on CPU0
Oct 25 21:35:58 ubuntu kernel: [    0.000000] CPU features: detected: GIC system register CPU interface
Oct 25 21:35:58 ubuntu kernel: [    0.000000] CPU features: detected: Hardware dirty bit management
Oct 25 21:35:58 ubuntu systemd[1]: Reached target Local File Systems (Pre).
Oct 25 21:35:58 ubuntu kernel: [    0.000000] Built 1 zonelists, mobility grouping on.  Total pages: 5140480
Oct 25 21:35:58 ubuntu kernel: [    0.000000] Policy zone: Normal
Oct 25 21:35:58 ubuntu kernel: [    0.000000] Kernel command line: BOOT_IMAGE=/boot/vmlinuz-5.7.1 root=/dev/mapper/ubuntu--vg-root ro
Oct 25 21:35:58 ubuntu kernel: [    0.000000] Dentry cache hash table entries: 4194304 (order: 13, 33554432 bytes, linear)
Oct 25 21:35:58 ubuntu systemd[1]: Started udev Kernel Device Manager.
Oct 25 21:35:58 ubuntu kernel: [    0.000000] Inode-cache hash table entries: 2097152 (order: 12, 16777216 bytes, linear)
Oct 25 21:35:58 ubuntu kernel: [    0.000000] mem auto-init: stack:off, heap alloc:on, heap free:off
Oct 25 21:35:58 ubuntu kernel: [    0.000000] software IO TLB: mapped [mem 0x7bfff000-0x7ffff000] (64MB)
Oct 25 21:35:58 ubuntu systemd[1]: Started Dispatch Password Requests to Console Directory Watch.
Oct 25 21:35:58 ubuntu kernel: [    0.000000] Memory: 20269608K/20971520K available (14204K kernel code, 2354K rwdata, 6868K rodata, 7040K init, 1132K bss, 669144K reserved, 32768K cma-reserved)
Oct 25 21:35:58 ubuntu kernel: [    0.000000] random: get_random_u64 called from __kmem_cache_create+0x54/0x5d8 with crng_init=0
Oct 25 21:35:58 ubuntu kernel: [    0.000000] SLUB: HWalign=64, Order=0-3, MinObjects=0, CPUs=32, Nodes=1
Oct 25 21:35:58 ubuntu kernel: [    0.000000] ftrace: allocating 46106 entries in 181 pages
Oct 25 21:35:58 ubuntu kernel: [    0.000000] ftrace: allocated 181 pages with 5 groups
Oct 25 21:35:58 ubuntu systemd[1]: Reached target Local Encrypted Volumes.
Oct 25 21:35:58 ubuntu kernel: [    0.000000] rcu: Hierarchical RCU implementation.
Oct 25 21:35:58 ubuntu kernel: [    0.000000] rcu: 	RCU restricting CPUs from NR_CPUS=256 to nr_cpu_ids=32.
Oct 25 21:35:58 ubuntu kernel: [    0.000000] 	Tasks RCU enabled.
Oct 25 21:35:58 ubuntu kernel: [    0.000000] rcu: RCU calculated value of scheduler-enlistment delay is 25 jiffies.
Oct 25 21:35:58 ubuntu kernel: [    0.000000] rcu: Adjusting geometry for rcu_fanout_leaf=16, nr_cpu_ids=32
Oct 25 21:35:58 ubuntu kernel: [    0.000000] NR_IRQS: 64, nr_irqs: 64, preallocated irqs: 0
Oct 25 21:35:58 ubuntu systemd[1]: Started Flush Journal to Persistent Storage.
Oct 25 21:35:58 ubuntu kernel: [    0.000000] GICv3: 256 SPIs implemented
Oct 25 21:35:58 ubuntu kernel: [    0.000000] GICv3: 0 Extended SPIs implemented
Oct 25 21:35:58 ubuntu kernel: [    0.000000] GICv3: Distributor has no Range Selector support
Oct 25 21:35:58 ubuntu systemd[1]: Found device /dev/ttyAMA0.
Oct 25 21:35:58 ubuntu kernel: [    0.000000] GICv3: 16 PPIs implemented
Oct 25 21:35:58 ubuntu kernel: [    0.000000] GICv3: CPU0: found redistributor 0 region 0:0x00000000080a0000
Oct 25 21:35:58 ubuntu kernel: [    0.000000] ACPI: SRAT not present
Oct 25 21:35:58 ubuntu kernel: [    0.000000] ITS [mem 0x08080000-0x0809ffff]
Oct 25 21:35:58 ubuntu systemd-udevd[923]: link_config: autonegotiation is unset or enabled, the speed and duplex are not writable.
Oct 25 21:35:58 ubuntu kernel: [    0.000000] ITS@0x0000000008080000: allocated 8192 Devices @53ca00000 (indirect, esz 8, psz 64K, shr 1)
Oct 25 21:35:58 ubuntu kernel: [    0.000000] ITS@0x0000000008080000: allocated 8192 Interrupt Collections @53ca10000 (flat, esz 8, psz 64K, shr 1)
Oct 25 21:35:58 ubuntu kernel: [    0.000000] GICv3: using LPI property table @0x000000053ca20000
Oct 25 21:35:58 ubuntu kernel: [    0.000000] GICv3: CPU0: using allocated LPI pending table @0x000000053ca30000
Oct 25 21:35:58 ubuntu kernel: [    0.000000] arch_timer: cp15 timer(s) running at 100.00MHz (virt).
Oct 25 21:35:58 ubuntu kernel: [    0.000000] clocksource: arch_sys_counter: mask: 0xffffffffffffff max_cycles: 0x171024e7e0, max_idle_ns: 440795205315 ns
Oct 25 21:35:58 ubuntu kernel: [    0.000001] sched_clock: 56 bits at 100MHz, resolution 10ns, wraps every 4398046511100ns
Oct 25 21:35:58 ubuntu kernel: [    0.000274] Console: colour dummy device 80x25
Oct 25 21:35:58 ubuntu kernel: [    0.000347] ACPI: Core revision 20200326
Oct 25 21:35:58 ubuntu kernel: [    0.000492] Calibrating delay loop (skipped), value calculated using timer frequency.. 200.00 BogoMIPS (lpj=400000)
Oct 25 21:35:58 ubuntu kernel: [    0.000495] pid_max: default: 32768 minimum: 301
Oct 25 21:35:58 ubuntu kernel: [    0.000572] LSM: Security Framework initializing
Oct 25 21:35:58 ubuntu kernel: [    0.000594] Yama: becoming mindful.
Oct 25 21:35:58 ubuntu systemd-udevd[923]: link_config: autonegotiation is unset or enabled, the speed and duplex are not writable.
Oct 25 21:35:58 ubuntu systemd[1]: Listening on Load/Save RF Kill Switch Status /dev/rfkill Watch.
Oct 25 21:35:58 ubuntu kernel: [    0.000758] AppArmor: AppArmor initialized
Oct 25 21:35:58 ubuntu kernel: [    0.001173] Mount-cache hash table entries: 65536 (order: 7, 524288 bytes, linear)
Oct 25 21:35:58 ubuntu systemd[1]: Found device /dev/mapper/ubuntu--vg-swap_1.
Oct 25 21:35:58 ubuntu kernel: [    0.001507] Mountpoint-cache hash table entries: 65536 (order: 7, 524288 bytes, linear)
Oct 25 21:35:58 ubuntu kernel: [    0.003300] ACPI PPTT: No PPTT table found, CPU and cache topology may be inaccurate
Oct 25 21:35:58 ubuntu kernel: [    0.003651] rcu: Hierarchical SRCU implementation.
Oct 25 21:35:58 ubuntu kernel: [    0.004494] Platform MSI: ITS@0x8080000 domain created
Oct 25 21:35:58 ubuntu kernel: [    0.004512] PCI/MSI: ITS@0x8080000 domain created
Oct 25 21:35:58 ubuntu kernel: [    0.004562] Remapping and enabling EFI services.
Oct 25 21:35:58 ubuntu systemd[1]: Activating swap /dev/mapper/ubuntu--vg-swap_1...
Oct 25 21:35:58 ubuntu kernel: [    0.004577] [mitosis-origin] pgd_alloc for mm=ffff800011dcda40 and mm->pgd =ffff0004df9ba000.
Oct 25 21:35:58 ubuntu kernel: [    0.005920] smp: Bringing up secondary CPUs ...
Oct 25 21:35:58 ubuntu kernel: [    0.285163] Detected VIPT I-cache on CPU1
Oct 25 21:35:58 ubuntu kernel: [    0.285194] GICv3: CPU1: found redistributor 1 region 0:0x00000000080c0000
Oct 25 21:35:58 ubuntu kernel: [    0.285477] GICv3: CPU1: using allocated LPI pending table @0x000000053ca40000
Oct 25 21:35:58 ubuntu systemd[1]: Found device QEMU_HARDDISK 1.
Oct 25 21:35:58 ubuntu kernel: [    0.285523] CPU1: Booted secondary processor 0x0000000001 [0x481fd010]
Oct 25 21:35:58 ubuntu systemd[1]: Starting File System Check on /dev/disk/by-uuid/5EA9-3D4C...
Oct 25 21:35:58 ubuntu systemd[1]: Created slice system-lvm2\x2dpvscan.slice.
Oct 25 21:35:58 ubuntu systemd[1]: Starting LVM2 PV scan on device 8:2...
Oct 25 21:35:58 ubuntu systemd[1]: Started File System Check Daemon to report status.
Oct 25 21:35:58 ubuntu systemd[1]: Activated swap /dev/mapper/ubuntu--vg-swap_1.
Oct 25 21:35:58 ubuntu systemd[1]: Reached target Swap.
Oct 25 21:35:58 ubuntu systemd-fsck[1026]: fsck.fat 4.1 (2017-01-24)
Oct 25 21:35:58 ubuntu kernel: [    0.579011] Detected VIPT I-cache on CPU2
Oct 25 21:35:58 ubuntu systemd-fsck[1026]: /dev/sda1: 5 files, 41/65501 clusters
Oct 25 21:35:58 ubuntu kernel: [    0.579048] GICv3: CPU2: found redistributor 2 region 0:0x00000000080e0000
Oct 25 21:35:58 ubuntu kernel: [    0.579319] GICv3: CPU2: using allocated LPI pending table @0x000000053ca50000
Oct 25 21:35:58 ubuntu kernel: [    0.579372] CPU2: Booted secondary processor 0x0000000002 [0x481fd010]
Oct 25 21:35:58 ubuntu kernel: [    0.864544] Detected VIPT I-cache on CPU3
Oct 25 21:35:58 ubuntu systemd[1]: Started File System Check on /dev/disk/by-uuid/5EA9-3D4C.
Oct 25 21:35:58 ubuntu kernel: [    0.864577] GICv3: CPU3: found redistributor 3 region 0:0x0000000008100000
Oct 25 21:35:58 ubuntu systemd[1]: Mounting /boot/efi...
Oct 25 21:35:58 ubuntu kernel: [    0.864880] GICv3: CPU3: using allocated LPI pending table @0x000000053ca60000
Oct 25 21:35:58 ubuntu kernel: [    0.864919] CPU3: Booted secondary processor 0x0000000003 [0x481fd010]
Oct 25 21:35:58 ubuntu kernel: [    0.979410] Detected VIPT I-cache on CPU4
Oct 25 21:35:58 ubuntu kernel: [    0.979448] GICv3: CPU4: found redistributor 4 region 0:0x0000000008120000
Oct 25 21:35:58 ubuntu kernel: [    0.979817] GICv3: CPU4: using allocated LPI pending table @0x000000053ca70000
Oct 25 21:35:58 ubuntu kernel: [    0.979875] CPU4: Booted secondary processor 0x0000000004 [0x481fd010]
Oct 25 21:35:58 ubuntu lvm[1027]:   2 logical volume(s) in volume group "ubuntu-vg" now active
Oct 25 21:35:58 ubuntu kernel: [    1.127182] Detected VIPT I-cache on CPU5
Oct 25 21:35:58 ubuntu kernel: [    1.127208] GICv3: CPU5: found redistributor 5 region 0:0x0000000008140000
Oct 25 21:35:58 ubuntu kernel: [    1.127448] GICv3: CPU5: using allocated LPI pending table @0x000000053ca80000
Oct 25 21:35:58 ubuntu kernel: [    1.127477] CPU5: Booted secondary processor 0x0000000005 [0x481fd010]
Oct 25 21:35:58 ubuntu kernel: [    1.404603] Detected VIPT I-cache on CPU6
Oct 25 21:35:58 ubuntu kernel: [    1.404630] GICv3: CPU6: found redistributor 6 region 0:0x0000000008160000
Oct 25 21:35:58 ubuntu kernel: [    1.404866] GICv3: CPU6: using allocated LPI pending table @0x000000053ca90000
Oct 25 21:35:58 ubuntu systemd[1]: Started LVM2 PV scan on device 8:2.
Oct 25 21:35:58 ubuntu kernel: [    1.404899] CPU6: Booted secondary processor 0x0000000006 [0x481fd010]
Oct 25 21:35:58 ubuntu kernel: [    1.511520] Detected VIPT I-cache on CPU7
Oct 25 21:35:58 ubuntu kernel: [    1.511608] GICv3: CPU7: found redistributor 7 region 0:0x0000000008180000
Oct 25 21:35:58 ubuntu systemd[1]: Mounted /boot/efi.
Oct 25 21:35:58 ubuntu kernel: [    1.512154] GICv3: CPU7: using allocated LPI pending table @0x000000053caa0000
Oct 25 21:35:58 ubuntu kernel: [    1.512254] CPU7: Booted secondary processor 0x0000000007 [0x481fd010]
Oct 25 21:35:58 ubuntu kernel: [    1.789782] Detected VIPT I-cache on CPU8
Oct 25 21:35:58 ubuntu systemd[1]: Reached target Local File Systems.
Oct 25 21:35:58 ubuntu kernel: [    1.789840] GICv3: CPU8: found redistributor 8 region 0:0x00000000081a0000
Oct 25 21:35:58 ubuntu kernel: [    1.790126] GICv3: CPU8: using allocated LPI pending table @0x000000053cab0000
Oct 25 21:35:58 ubuntu kernel: [    1.790165] CPU8: Booted secondary processor 0x0000000008 [0x481fd010]
Oct 25 21:35:58 ubuntu kernel: [    1.899150] Detected VIPT I-cache on CPU9
Oct 25 21:35:58 ubuntu kernel: [    1.899184] GICv3: CPU9: found redistributor 9 region 0:0x00000000081c0000
Oct 25 21:35:58 ubuntu systemd[1]: Starting Set console font and keymap...
Oct 25 21:35:58 ubuntu kernel: [    1.899437] GICv3: CPU9: using allocated LPI pending table @0x000000053cac0000
Oct 25 21:35:58 ubuntu kernel: [    1.899474] CPU9: Booted secondary processor 0x0000000009 [0x481fd010]
Oct 25 21:35:58 ubuntu systemd[1]: Starting AppArmor initialization...
Oct 25 21:35:58 ubuntu kernel: [    2.179178] Detected VIPT I-cache on CPU10
Oct 25 21:35:58 ubuntu kernel: [    2.179217] GICv3: CPU10: found redistributor a region 0:0x00000000081e0000
Oct 25 21:35:58 ubuntu kernel: [    2.179462] GICv3: CPU10: using allocated LPI pending table @0x000000053cad0000
Oct 25 21:35:58 ubuntu systemd[1]: Starting ebtables ruleset management...
Oct 25 21:35:58 ubuntu kernel: [    2.179495] CPU10: Booted secondary processor 0x000000000a [0x481fd010]
Oct 25 21:35:58 ubuntu kernel: [    2.286517] Detected VIPT I-cache on CPU11
Oct 25 21:35:58 ubuntu kernel: [    2.286556] GICv3: CPU11: found redistributor b region 0:0x0000000008200000
Oct 25 21:35:58 ubuntu kernel: [    2.286766] GICv3: CPU11: using allocated LPI pending table @0x000000053cae0000
Oct 25 21:35:58 ubuntu kernel: [    2.286798] CPU11: Booted secondary processor 0x000000000b [0x481fd010]
Oct 25 21:35:58 ubuntu kernel: [    2.567924] Detected VIPT I-cache on CPU12
Oct 25 21:35:58 ubuntu systemd[1]: Starting Tell Plymouth To Write Out Runtime Data...
Oct 25 21:35:58 ubuntu kernel: [    2.568025] GICv3: CPU12: found redistributor c region 0:0x0000000008220000
Oct 25 21:35:58 ubuntu kernel: [    2.568353] GICv3: CPU12: using allocated LPI pending table @0x000000053caf0000
Oct 25 21:35:58 ubuntu kernel: [    2.568415] CPU12: Booted secondary processor 0x000000000c [0x481fd010]
Oct 25 21:35:58 ubuntu kernel: [    2.847998] Detected VIPT I-cache on CPU13
Oct 25 21:35:58 ubuntu systemd[1]: Starting Create Volatile Files and Directories...
Oct 25 21:35:58 ubuntu systemd[1]: Started Set console font and keymap.
Oct 25 21:35:58 ubuntu systemd[1]: Started Tell Plymouth To Write Out Runtime Data.
Oct 25 21:35:58 ubuntu systemd[1]: Started Create Volatile Files and Directories.
Oct 25 21:35:58 ubuntu kernel: [    2.848038] GICv3: CPU13: found redistributor d region 0:0x0000000008240000
Oct 25 21:35:58 ubuntu kernel: [    2.848242] GICv3: CPU13: using allocated LPI pending table @0x000000053cb00000
Oct 25 21:35:58 ubuntu kernel: [    2.848275] CPU13: Booted secondary processor 0x000000000d [0x481fd010]
Oct 25 21:35:58 ubuntu apparmor[1036]:  * Starting AppArmor profiles
Oct 25 21:35:58 ubuntu kernel: [    3.123037] Detected VIPT I-cache on CPU14
Oct 25 21:35:58 ubuntu kernel: [    3.123079] GICv3: CPU14: found redistributor e region 0:0x0000000008260000
Oct 25 21:35:58 ubuntu kernel: [    3.123343] GICv3: CPU14: using allocated LPI pending table @0x000000053cb10000
Oct 25 21:35:58 ubuntu kernel: [    3.123387] CPU14: Booted secondary processor 0x000000000e [0x481fd010]
Oct 25 21:35:58 ubuntu systemd[1]: Starting Network Time Synchronization...
Oct 25 21:35:58 ubuntu kernel: [    3.402078] Detected VIPT I-cache on CPU15
Oct 25 21:35:58 ubuntu kernel: [    3.402122] GICv3: CPU15: found redistributor f region 0:0x0000000008280000
Oct 25 21:35:58 ubuntu kernel: [    3.402363] GICv3: CPU15: using allocated LPI pending table @0x000000053cb20000
Oct 25 21:35:58 ubuntu kernel: [    3.402396] CPU15: Booted secondary processor 0x000000000f [0x481fd010]
Oct 25 21:35:58 ubuntu kernel: [    3.685729] Detected VIPT I-cache on CPU16
Oct 25 21:35:58 ubuntu kernel: [    3.685773] GICv3: CPU16: found redistributor 100 region 0:0x00000000082a0000
Oct 25 21:35:58 ubuntu systemd[1]: Starting Update UTMP about System Boot/Shutdown...
Oct 25 21:35:58 ubuntu kernel: [    3.686041] GICv3: CPU16: using allocated LPI pending table @0x000000053cb30000
Oct 25 21:35:58 ubuntu kernel: [    3.686072] CPU16: Booted secondary processor 0x0000000100 [0x481fd010]
Oct 25 21:35:58 ubuntu kernel: [    3.967484] Detected VIPT I-cache on CPU17
Oct 25 21:35:58 ubuntu kernel: [    3.967532] GICv3: CPU17: found redistributor 101 region 0:0x00000000082c0000
Oct 25 21:35:58 ubuntu kernel: [    3.967770] GICv3: CPU17: using allocated LPI pending table @0x000000053cb40000
Oct 25 21:35:58 ubuntu systemd[1]: Started ebtables ruleset management.
Oct 25 21:35:58 ubuntu kernel: [    3.967801] CPU17: Booted secondary processor 0x0000000101 [0x481fd010]
Oct 25 21:35:58 ubuntu kernel: [    4.252686] Detected VIPT I-cache on CPU18
Oct 25 21:35:58 ubuntu kernel: [    4.252758] GICv3: CPU18: found redistributor 102 region 0:0x00000000082e0000
Oct 25 21:35:58 ubuntu kernel: [    4.253120] GICv3: CPU18: using allocated LPI pending table @0x000000053cb50000
Oct 25 21:35:58 ubuntu kernel: [    4.253153] CPU18: Booted secondary processor 0x0000000102 [0x481fd010]
Oct 25 21:35:58 ubuntu systemd[1]: Reached target Network (Pre).
Oct 25 21:35:58 ubuntu kernel: [    4.364187] Detected VIPT I-cache on CPU19
Oct 25 21:35:58 ubuntu kernel: [    4.364299] GICv3: CPU19: found redistributor 103 region 0:0x0000000008300000
Oct 25 21:35:58 ubuntu kernel: [    4.364612] GICv3: CPU19: using allocated LPI pending table @0x000000053cb60000
Oct 25 21:35:58 ubuntu kernel: [    4.364679] CPU19: Booted secondary processor 0x0000000103 [0x481fd010]
Oct 25 21:35:58 ubuntu systemd[1]: Starting Network Service...
Oct 25 21:35:58 ubuntu kernel: [    4.654917] Detected VIPT I-cache on CPU20
Oct 25 21:35:58 ubuntu kernel: [    4.654966] GICv3: CPU20: found redistributor 104 region 0:0x0000000008320000
Oct 25 21:35:58 ubuntu kernel: [    4.655190] GICv3: CPU20: using allocated LPI pending table @0x000000053cb70000
Oct 25 21:35:58 ubuntu kernel: [    4.655235] CPU20: Booted secondary processor 0x0000000104 [0x481fd010]
Oct 25 21:35:58 ubuntu kernel: [    4.937480] Detected VIPT I-cache on CPU21
Oct 25 21:35:58 ubuntu kernel: [    4.937539] GICv3: CPU21: found redistributor 105 region 0:0x0000000008340000
Oct 25 21:35:58 ubuntu systemd[1]: Started Update UTMP about System Boot/Shutdown.
Oct 25 21:35:58 ubuntu kernel: [    4.937790] GICv3: CPU21: using allocated LPI pending table @0x000000053cb80000
Oct 25 21:35:58 ubuntu kernel: [    4.937828] CPU21: Booted secondary processor 0x0000000105 [0x481fd010]
Oct 25 21:35:58 ubuntu kernel: [    5.227693] Detected VIPT I-cache on CPU22
Oct 25 21:35:58 ubuntu kernel: [    5.227756] GICv3: CPU22: found redistributor 106 region 0:0x0000000008360000
Oct 25 21:35:58 ubuntu kernel: [    5.228020] GICv3: CPU22: using allocated LPI pending table @0x000000053cb90000
Oct 25 21:35:58 ubuntu systemd[1]: Started Network Time Synchronization.
Oct 25 21:35:58 ubuntu kernel: [    5.228057] CPU22: Booted secondary processor 0x0000000106 [0x481fd010]
Oct 25 21:35:58 ubuntu kernel: [    5.475951] Detected VIPT I-cache on CPU23
Oct 25 21:35:58 ubuntu kernel: [    5.476011] GICv3: CPU23: found redistributor 107 region 0:0x0000000008380000
Oct 25 21:35:58 ubuntu kernel: [    5.476257] GICv3: CPU23: using allocated LPI pending table @0x000000053cba0000
Oct 25 21:35:58 ubuntu kernel: [    5.476296] CPU23: Booted secondary processor 0x0000000107 [0x481fd010]
Oct 25 21:35:58 ubuntu systemd[1]: Reached target System Time Synchronized.
Oct 25 21:35:58 ubuntu kernel: [    5.757514] Detected VIPT I-cache on CPU24
Oct 25 21:35:58 ubuntu kernel: [    5.757577] GICv3: CPU24: found redistributor 108 region 0:0x00000000083a0000
Oct 25 21:35:58 ubuntu kernel: [    5.757818] GICv3: CPU24: using allocated LPI pending table @0x000000053cbb0000
Oct 25 21:35:58 ubuntu systemd-networkd[1063]: Enumeration completed
Oct 25 21:35:58 ubuntu systemd-timesyncd[1052]: No network connectivity, watching for changes.
Oct 25 21:35:58 ubuntu kernel: [    5.757856] CPU24: Booted secondary processor 0x0000000108 [0x481fd010]
Oct 25 21:35:58 ubuntu kernel: [    5.973563] Detected VIPT I-cache on CPU25
Oct 25 21:35:58 ubuntu kernel: [    5.973626] GICv3: CPU25: found redistributor 109 region 0:0x00000000083c0000
Oct 25 21:35:58 ubuntu systemd[1]: Started Network Service.
Oct 25 21:35:58 ubuntu kernel: [    5.973888] GICv3: CPU25: using allocated LPI pending table @0x000000053cbc0000
Oct 25 21:35:58 ubuntu kernel: [    5.973922] CPU25: Booted secondary processor 0x0000000109 [0x481fd010]
Oct 25 21:35:58 ubuntu kernel: [    6.088313] Detected VIPT I-cache on CPU26
Oct 25 21:35:58 ubuntu kernel: [    6.088449] GICv3: CPU26: found redistributor 10a region 0:0x00000000083e0000
Oct 25 21:35:58 ubuntu systemd-networkd[1063]: lo: Link is not managed by us
Oct 25 21:35:58 ubuntu kernel: [    6.088806] GICv3: CPU26: using allocated LPI pending table @0x000000053cbd0000
Oct 25 21:35:58 ubuntu systemd[1]: Starting Network Name Resolution...
Oct 25 21:35:58 ubuntu kernel: [    6.088878] CPU26: Booted secondary processor 0x000000010a [0x481fd010]
Oct 25 21:35:58 ubuntu kernel: [    6.376338] Detected VIPT I-cache on CPU27
Oct 25 21:35:58 ubuntu kernel: [    6.376408] GICv3: CPU27: found redistributor 10b region 0:0x0000000008400000
Oct 25 21:35:58 ubuntu kernel: [    6.376689] GICv3: CPU27: using allocated LPI pending table @0x000000053cbe0000
Oct 25 21:35:58 ubuntu kernel: [    6.376737] CPU27: Booted secondary processor 0x000000010b [0x481fd010]
Oct 25 21:35:58 ubuntu systemd[1]: Starting Wait for Network to be Configured...
Oct 25 21:35:58 ubuntu kernel: [    6.492445] Detected VIPT I-cache on CPU28
Oct 25 21:35:58 ubuntu kernel: [    6.492523] GICv3: CPU28: found redistributor 10c region 0:0x0000000008420000
Oct 25 21:35:58 ubuntu kernel: [    6.492747] GICv3: CPU28: using allocated LPI pending table @0x000000053cbf0000
Oct 25 21:35:58 ubuntu kernel: [    6.492787] CPU28: Booted secondary processor 0x000000010c [0x481fd010]
Oct 25 21:35:58 ubuntu kernel: [    6.784971] Detected VIPT I-cache on CPU29
Oct 25 21:35:58 ubuntu apparmor[1036]: Skipping profile in /etc/apparmor.d/disable: usr.sbin.rsyslogd
Oct 25 21:35:58 ubuntu kernel: [    6.785043] GICv3: CPU29: found redistributor 10d region 0:0x0000000008440000
Oct 25 21:35:58 ubuntu systemd-networkd[1063]: enp1s0: Gained carrier
Oct 25 21:35:58 ubuntu systemd-timesyncd[1052]: Network configuration changed, trying to establish connection.
Oct 25 21:35:58 ubuntu systemd-resolved[1092]: Positive Trust Anchors:
Oct 25 21:35:58 ubuntu systemd-resolved[1092]: . IN DS 19036 8 2 49aac11d7b6f6446702e54a1607371607a1a41855200fd2ce1cdde32f24e8fb5
Oct 25 21:35:58 ubuntu systemd-resolved[1092]: . IN DS 20326 8 2 e06d44b80b8f1d39a95c0b0d7c65d08458e880409bbc683457104237c7f8ec8d
Oct 25 21:35:58 ubuntu systemd-resolved[1092]: Negative trust anchors: 10.in-addr.arpa 16.172.in-addr.arpa 17.172.in-addr.arpa 18.172.in-addr.arpa 19.172.in-addr.arpa 20.172.in-addr.arpa 21.172.in-addr.arpa 22.172.in-addr.arpa 23.172.in-addr.arpa 24.172.in-addr.arpa 25.172.in-addr.arpa 26.172.in-addr.arpa 27.172.in-addr.arpa 28.172.in-addr.arpa 29.172.in-addr.arpa 30.172.in-addr.arpa 31.172.in-addr.arpa 168.192.in-addr.arpa d.f.ip6.arpa corp home internal intranet lan local private test
Oct 25 21:35:58 ubuntu systemd-resolved[1092]: Using system hostname 'ubuntu'.
Oct 25 21:35:58 ubuntu kernel: [    6.785278] GICv3: CPU29: using allocated LPI pending table @0x000000051f800000
Oct 25 21:35:58 ubuntu systemd[1]: Started Network Name Resolution.
Oct 25 21:35:58 ubuntu kernel: [    6.785332] CPU29: Booted secondary processor 0x000000010d [0x481fd010]
Oct 25 21:35:58 ubuntu kernel: [    6.906238] Detected VIPT I-cache on CPU30
Oct 25 21:35:58 ubuntu kernel: [    6.906399] GICv3: CPU30: found redistributor 10e region 0:0x0000000008460000
Oct 25 21:35:58 ubuntu kernel: [    6.906797] GICv3: CPU30: using allocated LPI pending table @0x000000051f810000
Oct 25 21:35:58 ubuntu kernel: [    6.906874] CPU30: Booted secondary processor 0x000000010e [0x481fd010]
Oct 25 21:35:58 ubuntu systemd[1]: Reached target Network.
Oct 25 21:35:58 ubuntu kernel: [    7.192323] Detected VIPT I-cache on CPU31
Oct 25 21:35:58 ubuntu systemd[1]: Reached target Host and Network Name Lookups.
Oct 25 21:35:58 ubuntu kernel: [    7.192399] GICv3: CPU31: found redistributor 10f region 0:0x0000000008480000
Oct 25 21:35:58 ubuntu kernel: [    7.192643] GICv3: CPU31: using allocated LPI pending table @0x000000051f820000
Oct 25 21:35:58 ubuntu kernel: [    7.192675] CPU31: Booted secondary processor 0x000000010f [0x481fd010]
Oct 25 21:35:58 ubuntu kernel: [    7.192863] smp: Brought up 1 node, 32 CPUs
Oct 25 21:35:58 ubuntu kernel: [    7.192982] SMP: Total of 32 processors activated.
Oct 25 21:35:58 ubuntu apparmor[1036]:    ...done.
Oct 25 21:35:58 ubuntu kernel: [    7.192988] CPU features: detected: Privileged Access Never
Oct 25 21:35:58 ubuntu kernel: [    7.192991] CPU features: detected: LSE atomic instructions
Oct 25 21:35:58 ubuntu kernel: [    7.192994] CPU features: detected: User Access Override
Oct 25 21:35:58 ubuntu kernel: [    7.192998] CPU features: detected: Common not Private translations
Oct 25 21:35:58 ubuntu systemd[1]: Started AppArmor initialization.
Oct 25 21:35:58 ubuntu kernel: [    7.193000] CPU features: detected: Data cache clean to Point of Persistence
Oct 25 21:35:58 ubuntu kernel: [    7.193003] CPU features: detected: RAS Extension Support
Oct 25 21:35:58 ubuntu kernel: [    7.193007] CPU features: detected: CRC32 instructions
Oct 25 21:35:58 ubuntu kernel: [    7.309876] CPU: All CPU(s) started at EL1
Oct 25 21:35:58 ubuntu systemd[1]: Reached target System Initialization.
Oct 25 21:35:58 ubuntu systemd[1]: Listening on D-Bus System Message Bus Socket.
Oct 25 21:35:58 ubuntu kernel: [    7.310273] alternatives: patching kernel code
Oct 25 21:35:58 ubuntu kernel: [    7.315497] devtmpfs: initialized
Oct 25 21:35:58 ubuntu systemd[1]: Started Daily apt download activities.
Oct 25 21:35:58 ubuntu kernel: [    7.317203] Registered cp15_barrier emulation handler
Oct 25 21:35:58 ubuntu kernel: [    7.317369] Registered setend emulation handler
Oct 25 21:35:58 ubuntu kernel: [    7.317373] KASLR disabled due to lack of seed
Oct 25 21:35:58 ubuntu systemd[1]: Listening on UUID daemon activation socket.
Oct 25 21:35:58 ubuntu kernel: [    7.318235] clocksource: jiffies: mask: 0xffffffff max_cycles: 0xffffffff, max_idle_ns: 7645041785100000 ns
Oct 25 21:35:58 ubuntu kernel: [    7.318577] futex hash table entries: 8192 (order: 7, 524288 bytes, linear)
Oct 25 21:35:58 ubuntu systemd[1]: Listening on Open-iSCSI iscsid Socket.
Oct 25 21:35:58 ubuntu systemd[1]: Started Message of the Day.
Oct 25 21:35:58 ubuntu systemd[1]: Starting Socket activation for snappy daemon.
Oct 25 21:35:58 ubuntu systemd[1]: Started ACPI Events Check.
Oct 25 21:35:58 ubuntu systemd[1]: Starting LXD - unix socket.
Oct 25 21:35:58 ubuntu systemd[1]: Started Daily apt upgrade and clean activities.
Oct 25 21:35:58 ubuntu systemd[1]: Started Daily Cleanup of Temporary Directories.
Oct 25 21:35:58 ubuntu kernel: [    7.319590] pinctrl core: initialized pinctrl subsystem
Oct 25 21:35:58 ubuntu systemd[1]: Reached target Paths.
Oct 25 21:35:58 ubuntu kernel: [    7.320166] thermal_sys: Registered thermal governor 'fair_share'
Oct 25 21:35:58 ubuntu kernel: [    7.320167] thermal_sys: Registered thermal governor 'bang_bang'
Oct 25 21:35:58 ubuntu kernel: [    7.320169] thermal_sys: Registered thermal governor 'step_wise'
Oct 25 21:35:58 ubuntu kernel: [    7.320171] thermal_sys: Registered thermal governor 'user_space'
Oct 25 21:35:58 ubuntu kernel: [    7.320293] SMBIOS 3.0.0 present.
Oct 25 21:35:58 ubuntu systemd[1]: Started Discard unused blocks once a week.
Oct 25 21:35:58 ubuntu kernel: [    7.320297] DMI: QEMU KVM Virtual Machine, BIOS 0.0.0 02/06/2015
Oct 25 21:35:58 ubuntu kernel: [    7.320962] NET: Registered protocol family 16
Oct 25 21:35:58 ubuntu kernel: [    7.323430] DMA: preallocated 256 KiB pool for atomic allocations
Oct 25 21:35:58 ubuntu kernel: [    7.323436] audit: initializing netlink subsys (disabled)
Oct 25 21:35:58 ubuntu systemd[1]: Reached target Timers.
Oct 25 21:35:58 ubuntu kernel: [    7.323839] audit: type=2000 audit(7.016:1): state=initialized audit_enabled=0 res=1
Oct 25 21:35:58 ubuntu kernel: [    7.324373] cpuidle: using governor ladder
Oct 25 21:35:58 ubuntu kernel: [    7.324396] cpuidle: using governor menu
Oct 25 21:35:58 ubuntu systemd[1]: Listening on ACPID Listen Socket.
Oct 25 21:35:58 ubuntu kernel: [    7.324486] hw-breakpoint: found 6 breakpoint and 4 watchpoint registers.
Oct 25 21:35:58 ubuntu kernel: [    7.327030] ASID allocator initialised with 65536 entries
Oct 25 21:35:58 ubuntu kernel: [    7.327179] ACPI: bus type PCI registered
Oct 25 21:35:58 ubuntu systemd[1]: Listening on Socket activation for snappy daemon.
Oct 25 21:35:58 ubuntu kernel: [    7.327190] acpiphp: ACPI Hot Plug PCI Controller Driver version: 0.5
Oct 25 21:35:58 ubuntu kernel: [    7.327407] Serial: AMBA PL011 UART driver
Oct 25 21:35:58 ubuntu systemd[1]: Listening on LXD - unix socket.
Oct 25 21:35:58 ubuntu kernel: [    7.331816] HugeTLB registered 1.00 GiB page size, pre-allocated 0 pages
Oct 25 21:35:58 ubuntu systemd[1]: Reached target Sockets.
Oct 25 21:35:58 ubuntu kernel: [    7.331819] HugeTLB registered 32.0 MiB page size, pre-allocated 0 pages
Oct 25 21:35:58 ubuntu kernel: [    7.331820] HugeTLB registered 2.00 MiB page size, pre-allocated 0 pages
Oct 25 21:35:58 ubuntu kernel: [    7.331822] HugeTLB registered 64.0 KiB page size, pre-allocated 0 pages
Oct 25 21:35:58 ubuntu systemd[1]: Reached target Basic System.
Oct 25 21:35:58 ubuntu kernel: [    7.347544] ACPI: Added _OSI(Module Device)
Oct 25 21:35:58 ubuntu kernel: [    7.347546] ACPI: Added _OSI(Processor Device)
Oct 25 21:35:58 ubuntu kernel: [    7.347548] ACPI: Added _OSI(3.0 _SCP Extensions)
Oct 25 21:35:58 ubuntu systemd[1]: Starting LXD - container startup/shutdown...
Oct 25 21:35:58 ubuntu kernel: [    7.347549] ACPI: Added _OSI(Processor Aggregator Device)
Oct 25 21:35:58 ubuntu systemd[1]: Started D-Bus System Message Bus.
Oct 25 21:35:58 ubuntu kernel: [    7.347551] ACPI: Added _OSI(Linux-Dell-Video)
Oct 25 21:35:58 ubuntu kernel: [    7.347553] ACPI: Added _OSI(Linux-Lenovo-NV-HDMI-Audio)
Oct 25 21:35:58 ubuntu systemd[1]: Starting Login Service...
Oct 25 21:35:58 ubuntu kernel: [    7.347554] ACPI: Added _OSI(Linux-HPI-Hybrid-Graphics)
Oct 25 21:35:58 ubuntu kernel: [    7.348456] ACPI: 1 ACPI AML tables successfully acquired and loaded
Oct 25 21:35:58 ubuntu systemd[1]: Starting LSB: Record successful boot for GRUB...
Oct 25 21:35:58 ubuntu kernel: [    7.349017] ACPI: Interpreter enabled
Oct 25 21:35:58 ubuntu kernel: [    7.349019] ACPI: Using GIC for interrupt routing
Oct 25 21:35:58 ubuntu kernel: [    7.349032] ACPI: MCFG table detected, 1 entries
Oct 25 21:35:58 ubuntu systemd[1]: Starting Accounts Service...
Oct 25 21:35:58 ubuntu kernel: [    7.353503] ARMH0011:00: ttyAMA0 at MMIO 0x9000000 (irq = 4, base_baud = 0) is a SBSA
Oct 25 21:35:58 ubuntu kernel: [    7.509157] printk: console [ttyAMA0] enabled
Oct 25 21:35:58 ubuntu systemd[1]: Starting System Logging Service...
Oct 25 21:35:58 ubuntu kernel: [    7.511668] ACPI: PCI Root Bridge [PCI0] (domain 0000 [bus 00-0f])
Oct 25 21:35:58 ubuntu kernel: [    7.512333] acpi PNP0A08:00: _OSC: OS supports [ExtendedConfig ASPM ClockPM Segments MSI HPX-Type3]
Oct 25 21:35:58 ubuntu kernel: [    7.513356] acpi PNP0A08:00: _OSC: platform does not support [SHPCHotplug LTR]
Oct 25 21:35:58 ubuntu kernel: [    7.514144] acpi PNP0A08:00: _OSC: OS now controls [PCIeHotplug PME AER PCIeCapability]
Oct 25 21:35:58 ubuntu systemd[1]: Started Deferred execution scheduler.
Oct 25 21:35:58 ubuntu kernel: [    7.515188] acpi PNP0A08:00: ECAM area [mem 0x3f000000-0x3fffffff] reserved by PNP0C02:00
Oct 25 21:35:58 ubuntu kernel: [    7.516017] acpi PNP0A08:00: ECAM at [mem 0x3f000000-0x3fffffff] for [bus 00-0f]
Oct 25 21:35:58 ubuntu systemd[1]: Started FUSE filesystem for LXC.
Oct 25 21:35:58 ubuntu kernel: [    7.516762] Remapped I/O 0x000000003eff0000 to [io  0x0000-0xffff window]
Oct 25 21:35:58 ubuntu kernel: [    7.517648] PCI host bridge to bus 0000:00
Oct 25 21:35:58 ubuntu kernel: [    7.518058] pci_bus 0000:00: root bus resource [mem 0x10000000-0x3efeffff window]
Oct 25 21:35:58 ubuntu kernel: [    7.518743] pci_bus 0000:00: root bus resource [io  0x0000-0xffff window]
Oct 25 21:35:58 ubuntu kernel: [    7.519410] pci_bus 0000:00: root bus resource [mem 0x8000000000-0xffffffffff window]
Oct 25 21:35:58 ubuntu kernel: [    7.520152] pci_bus 0000:00: root bus resource [bus 00-0f]
Oct 25 21:35:58 ubuntu kernel: [    7.520727] pci 0000:00:00.0: [1b36:0008] type 00 class 0x060000
Oct 25 21:35:58 ubuntu systemd[1]: Starting Dispatcher daemon for systemd-networkd...
Oct 25 21:35:58 ubuntu kernel: [    7.521685] pci 0000:00:01.0: [1b36:000c] type 01 class 0x060400
Oct 25 21:35:58 ubuntu kernel: [    7.523667] pci 0000:00:01.0: reg 0x10: [mem 0x10303000-0x10303fff]
Oct 25 21:35:58 ubuntu kernel: [    7.526764] pci 0000:00:01.1: [1b36:000c] type 01 class 0x060400
Oct 25 21:35:58 ubuntu systemd[1]: Started irqbalance daemon.
Oct 25 21:35:58 ubuntu kernel: [    7.528618] pci 0000:00:01.1: reg 0x10: [mem 0x10302000-0x10302fff]
Oct 25 21:35:58 ubuntu kernel: [    7.531956] pci 0000:00:01.2: [1b36:000c] type 01 class 0x060400
Oct 25 21:35:58 ubuntu kernel: [    7.535018] pci 0000:00:01.2: reg 0x10: [mem 0x10301000-0x10301fff]
Oct 25 21:35:58 ubuntu kernel: [    7.538426] pci 0000:00:01.3: [1b36:000c] type 01 class 0x060400
Oct 25 21:35:58 ubuntu kernel: [    7.540455] pci 0000:00:01.3: reg 0x10: [mem 0x10300000-0x10300fff]
Oct 25 21:35:58 ubuntu kernel: [    7.545282] pci 0000:01:00.0: [1af4:1041] type 00 class 0x020000
Oct 25 21:35:58 ubuntu kernel: [    7.547499] pci 0000:01:00.0: reg 0x14: [mem 0x10200000-0x10200fff]
Oct 25 21:35:58 ubuntu kernel: [    7.550381] pci 0000:01:00.0: reg 0x20: [mem 0x8000000000-0x8000003fff 64bit pref]
Oct 25 21:35:58 ubuntu systemd[1]: Started Regular background program processing daemon.
Oct 25 21:35:58 ubuntu kernel: [    7.551934] pci 0000:01:00.0: reg 0x30: [mem 0xfff80000-0xffffffff pref]
Oct 25 21:35:58 ubuntu kernel: [    7.553846] pci 0000:02:00.0: [1b36:000d] type 00 class 0x0c0330
Oct 25 21:35:58 ubuntu kernel: [    7.554556] pci 0000:02:00.0: reg 0x10: [mem 0x10100000-0x10103fff 64bit]
Oct 25 21:35:58 ubuntu kernel: [    7.557113] pci 0000:03:00.0: [1af4:1048] type 00 class 0x010000
Oct 25 21:35:58 ubuntu rsyslogd: imuxsock: Acquired UNIX socket '/run/systemd/journal/syslog' (fd 3) from systemd.  [v8.32.0]
Oct 25 21:35:58 ubuntu kernel: [    7.559293] pci 0000:03:00.0: reg 0x14: [mem 0x10000000-0x10000fff]
Oct 25 21:35:58 ubuntu kernel: [    7.562123] pci 0000:03:00.0: reg 0x20: [mem 0x8000100000-0x8000103fff 64bit pref]
Oct 25 21:35:58 ubuntu rsyslogd: rsyslogd's groupid changed to 106
Oct 25 21:35:58 ubuntu kernel: [    7.567963] pci 0000:00:01.0: bridge window [io  0x1000-0x0fff] to [bus 01] add_size 1000
Oct 25 21:35:58 ubuntu kernel: [    7.568755] pci 0000:00:01.0: bridge window [mem 0x00100000-0x001fffff 64bit pref] to [bus 01] add_size 100000 add_align 100000
Oct 25 21:35:58 ubuntu kernel: [    7.569888] pci 0000:00:01.0: bridge window [mem 0x00100000-0x001fffff] to [bus 01] add_size 100000 add_align 100000
Oct 25 21:35:58 ubuntu kernel: [    7.570930] pci 0000:00:01.1: bridge window [io  0x1000-0x0fff] to [bus 02] add_size 1000
Oct 25 21:35:58 ubuntu kernel: [    7.571699] pci 0000:00:01.1: bridge window [mem 0x00100000-0x000fffff 64bit pref] to [bus 02] add_size 200000 add_align 100000
Oct 25 21:35:58 ubuntu rsyslogd: rsyslogd's userid changed to 102
Oct 25 21:35:58 ubuntu kernel: [    7.572803] pci 0000:00:01.1: bridge window [mem 0x00100000-0x001fffff] to [bus 02] add_size 100000 add_align 100000
Oct 25 21:35:58 ubuntu kernel: [    7.573822] pci 0000:00:01.2: bridge window [io  0x1000-0x0fff] to [bus 03] add_size 1000
Oct 25 21:35:58 ubuntu kernel: [    7.574710] pci 0000:00:01.2: bridge window [mem 0x00100000-0x001fffff 64bit pref] to [bus 03] add_size 100000 add_align 100000
Oct 25 21:35:58 ubuntu kernel: [    7.575979] pci 0000:00:01.2: bridge window [mem 0x00100000-0x001fffff] to [bus 03] add_size 100000 add_align 100000
Oct 25 21:35:58 ubuntu kernel: [    7.577066] pci 0000:00:01.3: bridge window [io  0x1000-0x0fff] to [bus 04] add_size 1000
Oct 25 21:35:58 ubuntu kernel: [    7.577952] pci 0000:00:01.3: bridge window [mem 0x00100000-0x000fffff 64bit pref] to [bus 04] add_size 200000 add_align 100000
Oct 25 21:35:58 ubuntu kernel: [    7.579138] pci 0000:00:01.3: bridge window [mem 0x00100000-0x000fffff] to [bus 04] add_size 200000 add_align 100000
Oct 25 21:35:58 ubuntu kernel: [    7.580277] pci 0000:00:01.0: BAR 14: assigned [mem 0x10000000-0x101fffff]
Oct 25 21:35:58 ubuntu kernel: [    7.581000] pci 0000:00:01.0: BAR 15: assigned [mem 0x8000000000-0x80001fffff 64bit pref]
Oct 25 21:35:58 ubuntu kernel: [    7.581880] pci 0000:00:01.1: BAR 14: assigned [mem 0x10200000-0x103fffff]
Oct 25 21:35:58 ubuntu kernel: [    7.582622] pci 0000:00:01.1: BAR 15: assigned [mem 0x8000200000-0x80003fffff 64bit pref]
Oct 25 21:35:58 ubuntu kernel: [    7.583387] pci 0000:00:01.2: BAR 14: assigned [mem 0x10400000-0x105fffff]
Oct 25 21:35:58 ubuntu kernel: [    7.584051] pci 0000:00:01.2: BAR 15: assigned [mem 0x8000400000-0x80005fffff 64bit pref]
Oct 25 21:35:58 ubuntu kernel: [    7.584864] pci 0000:00:01.3: BAR 14: assigned [mem 0x10600000-0x107fffff]
Oct 25 21:35:58 ubuntu kernel: [    7.585535] pci 0000:00:01.3: BAR 15: assigned [mem 0x8000600000-0x80007fffff 64bit pref]
Oct 25 21:35:58 ubuntu kernel: [    7.586320] pci 0000:00:01.0: BAR 0: assigned [mem 0x10800000-0x10800fff]
Oct 25 21:35:58 ubuntu kernel: [    7.587276] pci 0000:00:01.0: BAR 13: assigned [io  0x1000-0x1fff]
Oct 25 21:35:58 ubuntu kernel: [    7.587859] pci 0000:00:01.1: BAR 0: assigned [mem 0x10801000-0x10801fff]
Oct 25 21:35:58 ubuntu kernel: [    7.588800] pci 0000:00:01.1: BAR 13: assigned [io  0x2000-0x2fff]
Oct 25 21:35:58 ubuntu kernel: [    7.589448] pci 0000:00:01.2: BAR 0: assigned [mem 0x10802000-0x10802fff]
Oct 25 21:35:58 ubuntu kernel: [    7.590431] pci 0000:00:01.2: BAR 13: assigned [io  0x3000-0x3fff]
Oct 25 21:35:58 ubuntu kernel: [    7.591004] pci 0000:00:01.3: BAR 0: assigned [mem 0x10803000-0x10803fff]
Oct 25 21:35:58 ubuntu kernel: [    7.591963] pci 0000:00:01.3: BAR 13: assigned [io  0x4000-0x4fff]
Oct 25 21:35:58 ubuntu kernel: [    7.592556] pci 0000:01:00.0: BAR 6: assigned [mem 0x10000000-0x1007ffff pref]
Oct 25 21:35:58 ubuntu kernel: [    7.593228] pci 0000:01:00.0: BAR 4: assigned [mem 0x8000000000-0x8000003fff 64bit pref]
Oct 25 21:35:58 ubuntu kernel: [    7.594676] pci 0000:01:00.0: BAR 1: assigned [mem 0x10080000-0x10080fff]
Oct 25 21:35:58 ubuntu kernel: [    7.595608] pci 0000:00:01.0: PCI bridge to [bus 01]
Oct 25 21:35:58 ubuntu kernel: [    7.596115] pci 0000:00:01.0:   bridge window [io  0x1000-0x1fff]
Oct 25 21:35:58 ubuntu kernel: [    7.597278] pci 0000:00:01.0:   bridge window [mem 0x10000000-0x101fffff]
Oct 25 21:35:58 ubuntu kernel: [    7.598989] pci 0000:00:01.0:   bridge window [mem 0x8000000000-0x80001fffff 64bit pref]
Oct 25 21:35:58 ubuntu kernel: [    7.600599] pci 0000:02:00.0: BAR 0: assigned [mem 0x10200000-0x10203fff 64bit]
Oct 25 21:35:58 ubuntu kernel: [    7.601359] pci 0000:00:01.1: PCI bridge to [bus 02]
Oct 25 21:35:58 ubuntu kernel: [    7.601852] pci 0000:00:01.1:   bridge window [io  0x2000-0x2fff]
Oct 25 21:35:58 ubuntu kernel: [    7.603093] pci 0000:00:01.1:   bridge window [mem 0x10200000-0x103fffff]
Oct 25 21:35:58 ubuntu kernel: [    7.604194] pci 0000:00:01.1:   bridge window [mem 0x8000200000-0x80003fffff 64bit pref]
Oct 25 21:35:58 ubuntu kernel: [    7.605811] pci 0000:03:00.0: BAR 4: assigned [mem 0x8000400000-0x8000403fff 64bit pref]
Oct 25 21:35:58 ubuntu kernel: [    7.607282] pci 0000:03:00.0: BAR 1: assigned [mem 0x10400000-0x10400fff]
Oct 25 21:35:58 ubuntu kernel: [    7.608721] pci 0000:00:01.2: PCI bridge to [bus 03]
Oct 25 21:35:58 ubuntu kernel: [    7.609189] pci 0000:00:01.2:   bridge window [io  0x3000-0x3fff]
Oct 25 21:35:58 ubuntu kernel: [    7.610355] pci 0000:00:01.2:   bridge window [mem 0x10400000-0x105fffff]
Oct 25 21:35:58 ubuntu kernel: [    7.611413] pci 0000:00:01.2:   bridge window [mem 0x8000400000-0x80005fffff 64bit pref]
Oct 25 21:35:58 ubuntu kernel: [    7.612964] pci 0000:00:01.3: PCI bridge to [bus 04]
Oct 25 21:35:58 ubuntu kernel: [    7.613463] pci 0000:00:01.3:   bridge window [io  0x4000-0x4fff]
Oct 25 21:35:58 ubuntu kernel: [    7.614713] pci 0000:00:01.3:   bridge window [mem 0x10600000-0x107fffff]
Oct 25 21:35:58 ubuntu kernel: [    7.615832] pci 0000:00:01.3:   bridge window [mem 0x8000600000-0x80007fffff 64bit pref]
Oct 25 21:35:58 ubuntu kernel: [    7.617529] pci_bus 0000:00: resource 4 [mem 0x10000000-0x3efeffff window]
Oct 25 21:35:58 ubuntu kernel: [    7.618228] pci_bus 0000:00: resource 5 [io  0x0000-0xffff window]
Oct 25 21:35:58 ubuntu kernel: [    7.619342] pci_bus 0000:00: resource 6 [mem 0x8000000000-0xffffffffff window]
Oct 25 21:35:58 ubuntu kernel: [    7.620113] pci_bus 0000:01: resource 0 [io  0x1000-0x1fff]
Oct 25 21:35:58 ubuntu kernel: [    7.620666] pci_bus 0000:01: resource 1 [mem 0x10000000-0x101fffff]
Oct 25 21:35:58 ubuntu kernel: [    7.621284] pci_bus 0000:01: resource 2 [mem 0x8000000000-0x80001fffff 64bit pref]
Oct 25 21:35:58 ubuntu kernel: [    7.622051] pci_bus 0000:02: resource 0 [io  0x2000-0x2fff]
Oct 25 21:35:58 ubuntu kernel: [    7.622683] pci_bus 0000:02: resource 1 [mem 0x10200000-0x103fffff]
Oct 25 21:35:58 ubuntu kernel: [    7.623320] pci_bus 0000:02: resource 2 [mem 0x8000200000-0x80003fffff 64bit pref]
Oct 25 21:35:58 ubuntu kernel: [    7.624086] pci_bus 0000:03: resource 0 [io  0x3000-0x3fff]
Oct 25 21:35:58 ubuntu kernel: [    7.624699] pci_bus 0000:03: resource 1 [mem 0x10400000-0x105fffff]
Oct 25 21:35:58 ubuntu kernel: [    7.625346] pci_bus 0000:03: resource 2 [mem 0x8000400000-0x80005fffff 64bit pref]
Oct 25 21:35:58 ubuntu kernel: [    7.626147] pci_bus 0000:04: resource 0 [io  0x4000-0x4fff]
Oct 25 21:35:58 ubuntu kernel: [    7.626723] pci_bus 0000:04: resource 1 [mem 0x10600000-0x107fffff]
Oct 25 21:35:58 ubuntu kernel: [    7.627357] pci_bus 0000:04: resource 2 [mem 0x8000600000-0x80007fffff 64bit pref]
Oct 25 21:35:58 ubuntu kernel: [    7.628237] ACPI: PCI Interrupt Link [GSI0] (IRQs *35)
Oct 25 21:35:58 ubuntu kernel: [    7.628784] ACPI: PCI Interrupt Link [GSI1] (IRQs *36)
Oct 25 21:35:58 ubuntu kernel: [    7.629324] ACPI: PCI Interrupt Link [GSI2] (IRQs *37)
Oct 25 21:35:58 ubuntu kernel: [    7.629872] ACPI: PCI Interrupt Link [GSI3] (IRQs *38)
Oct 25 21:35:58 ubuntu kernel: [    7.631522] iommu: Default domain type: Translated 
Oct 25 21:35:58 ubuntu kernel: [    7.632174] vgaarb: loaded
Oct 25 21:35:58 ubuntu kernel: [    7.632902] SCSI subsystem initialized
Oct 25 21:35:58 ubuntu kernel: [    7.633653] libata version 3.00 loaded.
Oct 25 21:35:58 ubuntu kernel: [    7.633716] ACPI: bus type USB registered
Oct 25 21:35:58 ubuntu kernel: [    7.634173] usbcore: registered new interface driver usbfs
Oct 25 21:35:58 ubuntu kernel: [    7.634735] usbcore: registered new interface driver hub
Oct 25 21:35:58 ubuntu kernel: [    7.635616] usbcore: registered new device driver usb
Oct 25 21:35:58 ubuntu kernel: [    7.636185] pps_core: LinuxPPS API ver. 1 registered
Oct 25 21:35:58 ubuntu kernel: [    7.636653] pps_core: Software ver. 5.3.6 - Copyright 2005-2007 Rodolfo Giometti <giometti@linux.it>
Oct 25 21:35:58 ubuntu kernel: [    7.637573] PTP clock support registered
Oct 25 21:35:58 ubuntu kernel: [    7.638554] EDAC MC: Ver: 3.0.0
Oct 25 21:35:58 ubuntu kernel: [    7.639266] Registered efivars operations
Oct 25 21:35:58 ubuntu kernel: [    7.641664] NetLabel: Initializing
Oct 25 21:35:58 ubuntu kernel: [    7.642008] NetLabel:  domain hash size = 128
Oct 25 21:35:58 ubuntu kernel: [    7.642433] NetLabel:  protocols = UNLABELED CIPSOv4 CALIPSO
Oct 25 21:35:58 ubuntu kernel: [    7.643013] NetLabel:  unlabeled traffic allowed by default
Oct 25 21:35:58 ubuntu kernel: [    7.644120] clocksource: Switched to clocksource arch_sys_counter
Oct 25 21:35:58 ubuntu kernel: [    7.666709] VFS: Disk quotas dquot_6.6.0
Oct 25 21:35:58 ubuntu lxcfs[1144]: mount namespace: 5
Oct 25 21:35:58 ubuntu kernel: [    7.667143] VFS: Dquot-cache hash table entries: 512 (order 0, 4096 bytes)
Oct 25 21:35:58 ubuntu kernel: [    7.668202] AppArmor: AppArmor Filesystem Enabled
Oct 25 21:35:58 ubuntu kernel: [    7.668754] pnp: PnP ACPI init
Oct 25 21:35:58 ubuntu kernel: [    7.669321] system 00:00: [mem 0x3f000000-0x3fffffff] could not be reserved
Oct 25 21:35:58 ubuntu kernel: [    7.669974] system 00:00: Plug and Play ACPI device, IDs PNP0c02 (active)
Oct 25 21:35:58 ubuntu kernel: [    7.669983] pnp: PnP ACPI: found 1 devices
Oct 25 21:35:58 ubuntu kernel: [    7.675494] NET: Registered protocol family 2
Oct 25 21:35:58 ubuntu kernel: [    7.676783] tcp_listen_portaddr_hash hash table entries: 16384 (order: 6, 262144 bytes, linear)
Oct 25 21:35:58 ubuntu kernel: [    7.678982] TCP established hash table entries: 262144 (order: 9, 2097152 bytes, linear)
Oct 25 21:35:58 ubuntu kernel: [    7.680735] TCP bind hash table entries: 65536 (order: 8, 1048576 bytes, linear)
Oct 25 21:35:58 ubuntu kernel: [    7.681572] TCP: Hash tables configured (established 262144 bind 65536)
Oct 25 21:35:58 ubuntu kernel: [    7.682785] UDP hash table entries: 16384 (order: 7, 524288 bytes, linear)
Oct 25 21:35:58 ubuntu kernel: [    7.683816] UDP-Lite hash table entries: 16384 (order: 7, 524288 bytes, linear)
Oct 25 21:35:58 ubuntu kernel: [    7.684839] NET: Registered protocol family 1
Oct 25 21:35:58 ubuntu kernel: [    7.685281] NET: Registered protocol family 44
Oct 25 21:35:58 ubuntu kernel: [    7.685817] pci 0000:02:00.0: enabling device (0000 -> 0002)
Oct 25 21:35:58 ubuntu kernel: [    7.686792] PCI: CLS 0 bytes, default 64
Oct 25 21:35:58 ubuntu kernel: [    7.687352] Trying to unpack rootfs image as initramfs...
Oct 25 21:35:58 ubuntu kernel: [    8.686999] Freeing initrd memory: 61288K
Oct 25 21:35:58 ubuntu kernel: [    8.717833] hw perfevents: enabled with armv8_pmuv3_0 PMU driver, 13 counters available
Oct 25 21:35:58 ubuntu kernel: [    8.719371] kvm [1]: HYP mode not available
Oct 25 21:35:58 ubuntu kernel: [    8.721545] Initialise system trusted keyrings
Oct 25 21:35:58 ubuntu kernel: [    8.722391] Key type blacklist registered
Oct 25 21:35:58 ubuntu kernel: [    8.723356] workingset: timestamp_bits=40 max_order=23 bucket_order=0
Oct 25 21:35:58 ubuntu kernel: [    8.727024] zbud: loaded
Oct 25 21:35:58 ubuntu kernel: [    8.727964] squashfs: version 4.0 (2009/01/31) Phillip Lougher
Oct 25 21:35:58 ubuntu kernel: [    8.728982] fuse: init (API version 7.31)
Oct 25 21:35:58 ubuntu kernel: [    8.730025] integrity: Platform Keyring initialized
Oct 25 21:35:58 ubuntu kernel: [    8.735889] [mitosis-origin] pgd_alloc for mm=ffff000495816c00 and mm->pgd =ffff0004df20f000.
Oct 25 21:35:58 ubuntu kernel: [    8.744349] Key type asymmetric registered
Oct 25 21:35:58 ubuntu kernel: [    8.745393] Asymmetric key parser 'x509' registered
Oct 25 21:35:58 ubuntu kernel: [    8.746615] Block layer SCSI generic (bsg) driver version 0.4 loaded (major 244)
Oct 25 21:35:58 ubuntu kernel: [    8.749220] io scheduler mq-deadline registered
Oct 25 21:35:58 ubuntu kernel: [    8.753514] pl061_gpio ARMH0061:00: PL061 GPIO chip registered
Oct 25 21:35:58 ubuntu kernel: [    8.754317] PCI Interrupt Link [GSI1] enabled at IRQ 36
Oct 25 21:35:58 ubuntu kernel: [    8.755607] pcieport 0000:00:01.0: PME: Signaling with IRQ 44
Oct 25 21:35:58 ubuntu kernel: [    8.756503] pcieport 0000:00:01.0: AER: enabled with IRQ 44
Oct 25 21:35:58 ubuntu kernel: [    8.757124] pcieport 0000:00:01.0: pciehp: Slot #0 AttnBtn+ PwrCtrl+ MRL- AttnInd+ PwrInd+ HotPlug+ Surprise+ Interlock+ NoCompl- IbPresDis- LLActRep-
Oct 25 21:35:58 ubuntu kernel: [    8.759401] pcieport 0000:00:01.1: PME: Signaling with IRQ 45
Oct 25 21:35:58 ubuntu kernel: [    8.760383] pcieport 0000:00:01.1: AER: enabled with IRQ 45
Oct 25 21:35:58 ubuntu rsyslogd:  [origin software="rsyslogd" swVersion="8.32.0" x-pid="1140" x-info="http://www.rsyslog.com"] start
Oct 25 21:35:58 ubuntu kernel: [    8.761002] pcieport 0000:00:01.1: pciehp: Slot #0 AttnBtn+ PwrCtrl+ MRL- AttnInd+ PwrInd+ HotPlug+ Surprise+ Interlock+ NoCompl- IbPresDis- LLActRep-
Oct 25 21:35:58 ubuntu kernel: [    8.763244] pcieport 0000:00:01.2: PME: Signaling with IRQ 46
Oct 25 21:35:58 ubuntu kernel: [    8.764056] pcieport 0000:00:01.2: AER: enabled with IRQ 46
Oct 25 21:35:58 ubuntu kernel: [    8.764733] pcieport 0000:00:01.2: pciehp: Slot #0 AttnBtn+ PwrCtrl+ MRL- AttnInd+ PwrInd+ HotPlug+ Surprise+ Interlock+ NoCompl- IbPresDis- LLActRep-
Oct 25 21:35:58 ubuntu kernel: [    8.766880] pcieport 0000:00:01.3: PME: Signaling with IRQ 47
Oct 25 21:35:58 ubuntu kernel: [    8.767638] pcieport 0000:00:01.3: AER: enabled with IRQ 47
Oct 25 21:35:58 ubuntu kernel: [    8.768257] pcieport 0000:00:01.3: pciehp: Slot #0 AttnBtn+ PwrCtrl+ MRL- AttnInd+ PwrInd+ HotPlug+ Surprise+ Interlock+ NoCompl- IbPresDis- LLActRep-
Oct 25 21:35:58 ubuntu kernel: [    8.769875] pcieport 0000:00:01.3: pciehp: Slot(0-3): Link Up
Oct 25 21:35:58 ubuntu kernel: [    8.770632] shpchp: Standard Hot Plug PCI Controller Driver version: 0.4
Oct 25 21:35:58 ubuntu kernel: [    8.771827] input: Power Button as /devices/LNXSYSTM:00/LNXSYBUS:00/PNP0C0C:00/input/input0
Oct 25 21:35:58 ubuntu kernel: [    8.772749] ACPI: Power Button [PWRB]
Oct 25 21:35:58 ubuntu kernel: [    8.778572] Serial: 8250/16550 driver, 32 ports, IRQ sharing enabled
Oct 25 21:35:58 ubuntu kernel: [    8.782225] msm_serial: driver initialized
Oct 25 21:35:58 ubuntu kernel: [    8.783412] cacheinfo: Unable to detect cache hierarchy for CPU 0
Oct 25 21:35:58 ubuntu kernel: [    8.791174] loop: module loaded
Oct 25 21:35:58 ubuntu kernel: [    8.792299] libphy: Fixed MDIO Bus: probed
Oct 25 21:35:58 ubuntu kernel: [    8.792704] tun: Universal TUN/TAP device driver, 1.6
Oct 25 21:35:58 ubuntu kernel: [    8.793423] PPP generic driver version 2.4.2
Oct 25 21:35:58 ubuntu kernel: [    8.793980] ehci_hcd: USB 2.0 'Enhanced' Host Controller (EHCI) Driver
Oct 25 21:35:58 ubuntu kernel: [    8.794617] ehci-pci: EHCI PCI platform driver
Oct 25 21:35:58 ubuntu kernel: [    8.795068] ehci-orion: EHCI orion driver
Oct 25 21:35:58 ubuntu kernel: [    8.795463] ohci_hcd: USB 1.1 'Open' Host Controller (OHCI) Driver
Oct 25 21:35:58 ubuntu kernel: [    8.796077] ohci-pci: OHCI PCI platform driver
Oct 25 21:35:58 ubuntu kernel: [    8.796579] uhci_hcd: USB Universal Host Controller Interface driver
Oct 25 21:35:58 ubuntu kernel: [    8.797863] xhci_hcd 0000:02:00.0: xHCI Host Controller
Oct 25 21:35:58 ubuntu kernel: [    8.798395] xhci_hcd 0000:02:00.0: new USB bus registered, assigned bus number 1
Oct 25 21:35:58 ubuntu kernel: [    8.799407] xhci_hcd 0000:02:00.0: hcc params 0x00087001 hci version 0x100 quirks 0x0000000000000010
Oct 25 21:35:58 ubuntu kernel: [    8.801402] usb usb1: New USB device found, idVendor=1d6b, idProduct=0002, bcdDevice= 5.07
Oct 25 21:35:58 ubuntu kernel: [    8.802184] usb usb1: New USB device strings: Mfr=3, Product=2, SerialNumber=1
Oct 25 21:35:58 ubuntu kernel: [    8.802854] usb usb1: Product: xHCI Host Controller
Oct 25 21:35:58 ubuntu kernel: [    8.803308] usb usb1: Manufacturer: Linux 5.7.1 xhci-hcd
Oct 25 21:35:58 ubuntu kernel: [    8.803800] usb usb1: SerialNumber: 0000:02:00.0
Oct 25 21:35:58 ubuntu kernel: [    8.804513] hub 1-0:1.0: USB hub found
Oct 25 21:35:58 ubuntu kernel: [    8.804943] hub 1-0:1.0: 8 ports detected
Oct 25 21:35:58 ubuntu kernel: [    8.805667] xhci_hcd 0000:02:00.0: xHCI Host Controller
Oct 25 21:35:58 ubuntu kernel: [    8.806425] xhci_hcd 0000:02:00.0: new USB bus registered, assigned bus number 2
Oct 25 21:35:58 ubuntu kernel: [    8.807113] xhci_hcd 0000:02:00.0: Host supports USB 3.0 SuperSpeed
Oct 25 21:35:58 ubuntu kernel: [    8.807742] usb usb2: We don't know the algorithms for LPM for this host, disabling LPM.
Oct 25 21:35:58 ubuntu kernel: [    8.808577] usb usb2: New USB device found, idVendor=1d6b, idProduct=0003, bcdDevice= 5.07
Oct 25 21:35:58 ubuntu kernel: [    8.809352] usb usb2: New USB device strings: Mfr=3, Product=2, SerialNumber=1
Oct 25 21:35:58 ubuntu kernel: [    8.810019] usb usb2: Product: xHCI Host Controller
Oct 25 21:35:58 ubuntu kernel: [    8.810472] usb usb2: Manufacturer: Linux 5.7.1 xhci-hcd
Oct 25 21:35:58 ubuntu kernel: [    8.810965] usb usb2: SerialNumber: 0000:02:00.0
Oct 25 21:35:58 ubuntu kernel: [    8.811532] hub 2-0:1.0: USB hub found
Oct 25 21:35:58 ubuntu kernel: [    8.811922] hub 2-0:1.0: 8 ports detected
Oct 25 21:35:58 ubuntu kernel: [    8.812801] mousedev: PS/2 mouse device common for all mice
Oct 25 21:35:58 ubuntu kernel: [    8.813811] rtc-efi rtc-efi.0: registered as rtc0
Oct 25 21:35:58 ubuntu kernel: [    8.814486] rtc-efi rtc-efi.0: setting system clock to 2020-10-25T13:35:52 UTC (1603632952)
Oct 25 21:35:58 ubuntu kernel: [    8.815353] i2c /dev entries driver
Oct 25 21:35:58 ubuntu kernel: [    8.815937] device-mapper: uevent: version 1.0.3
Oct 25 21:35:58 ubuntu kernel: [    8.816543] device-mapper: ioctl: 4.42.0-ioctl (2020-02-27) initialised: dm-devel@redhat.com
Oct 25 21:35:58 ubuntu kernel: [    8.818574] ledtrig-cpu: registered to indicate activity on CPUs
Oct 25 21:35:58 ubuntu kernel: [    8.819228] EFI Variables Facility v0.08 2004-May-17
Oct 25 21:35:58 ubuntu kernel: [    8.821156] NET: Registered protocol family 10
Oct 25 21:35:58 ubuntu kernel: [    8.822816] [mitosis-origin] pgd_alloc for mm=ffff00049542b400 and mm->pgd =ffff0004de48f000.
Oct 25 21:35:58 ubuntu kernel: [    8.825591] [mitosis-origin] pgd_alloc for mm=ffff00049542a800 and mm->pgd =ffff0004de4a1000.
Oct 25 21:35:58 ubuntu kernel: [    8.827080] [mitosis-origin] pgd_free for mm=ffff00049542b400 and pgd =ffff0004de48f000 and mm->pgd=ffff0004de48f000.
Oct 25 21:35:58 ubuntu kernel: [    8.831018] [mitosis-origin] pgd_alloc for mm=ffff0004954d2c00 and mm->pgd =ffff0004df1ce000.
Oct 25 21:35:58 ubuntu kernel: [    8.836306] [mitosis-origin] pgd_alloc for mm=ffff000495811800 and mm->pgd =ffff0004df228000.
Oct 25 21:35:58 ubuntu kernel: [    8.838089] [mitosis-origin] pgd_free for mm=ffff000495816c00 and pgd =ffff0004df20f000 and mm->pgd=ffff0004df20f000.
Oct 25 21:35:58 ubuntu kernel: [    8.842872] [mitosis-origin] pgd_alloc for mm=ffff000495816c00 and mm->pgd =ffff000495487000.
Oct 25 21:35:58 ubuntu kernel: [    8.845129] [mitosis-origin] pgd_free for mm=ffff000495811800 and pgd =ffff0004df228000 and mm->pgd=ffff0004df228000.
Oct 25 21:35:58 ubuntu kernel: [    8.847794] [mitosis-origin] pgd_alloc for mm=ffff000495811800 and mm->pgd =ffff00049548b000.
Oct 25 21:35:58 ubuntu kernel: [    8.848725] [mitosis-origin] pgd_free for mm=ffff000495816c00 and pgd =ffff000495487000 and mm->pgd=ffff000495487000.
Oct 25 21:35:58 ubuntu kernel: [    8.850994] Segment Routing with IPv6
Oct 25 21:35:58 ubuntu kernel: [    8.852058] NET: Registered protocol family 17
Oct 25 21:35:58 ubuntu kernel: [    8.853588] Key type dns_resolver registered
Oct 25 21:35:58 ubuntu kernel: [    8.854974] registered taskstats version 1
Oct 25 21:35:58 ubuntu kernel: [    8.856054] Loading compiled-in X.509 certificates
Oct 25 21:35:58 ubuntu kernel: [    8.858219] [mitosis-origin] pgd_alloc for mm=ffff000495538c00 and mm->pgd =ffff0004df2ae000.
Oct 25 21:35:58 ubuntu kernel: [    8.862094] Loaded X.509 cert 'Build time autogenerated kernel key: 5fc9bbbf10d23f3f9dda6c889ba5358a20950e89'
Oct 25 21:35:58 ubuntu kernel: [    8.864453] zswap: loaded using pool lzo/zbud
Oct 25 21:35:58 ubuntu kernel: [    8.866069] Key type ._fscrypt registered
Oct 25 21:35:58 ubuntu kernel: [    8.866774] Key type .fscrypt registered
Oct 25 21:35:58 ubuntu kernel: [    8.867442] Key type fscrypt-provisioning registered
Oct 25 21:35:58 ubuntu kernel: [    8.869047] [mitosis-origin] pgd_alloc for mm=ffff000495642c00 and mm->pgd =ffff0004df138000.
Oct 25 21:35:58 ubuntu kernel: [    8.872198] [mitosis-origin] pgd_alloc for mm=ffff000495644400 and mm->pgd =ffff0004df147000.
Oct 25 21:35:58 ubuntu kernel: [    8.873308] [mitosis-origin] pgd_free for mm=ffff000495642c00 and pgd =ffff0004df138000 and mm->pgd=ffff0004df138000.
Oct 25 21:35:58 ubuntu kernel: [    8.876184] [mitosis-origin] pgd_alloc for mm=ffff000495642c00 and mm->pgd =ffff0004df156000.
Oct 25 21:35:58 ubuntu kernel: [    8.877294] [mitosis-origin] pgd_free for mm=ffff000495644400 and pgd =ffff0004df147000 and mm->pgd=ffff0004df147000.
Oct 25 21:35:58 ubuntu kernel: [    8.881702] [mitosis-origin] pgd_alloc for mm=ffff00049553b400 and mm->pgd =ffff0004df2cf000.
Oct 25 21:35:58 ubuntu kernel: [    8.883113] [mitosis-origin] pgd_free for mm=ffff000495538c00 and pgd =ffff0004df2ae000 and mm->pgd=ffff0004df2ae000.
Oct 25 21:35:58 ubuntu kernel: [    8.891032] cryptd: max_cpu_qlen set to 1000
Oct 25 21:35:58 ubuntu kernel: [    8.897770] [mitosis-origin] pgd_alloc for mm=ffff0004956db800 and mm->pgd =ffff0004df382000.
Oct 25 21:35:58 ubuntu kernel: [    8.900486] [mitosis-origin] pgd_alloc for mm=ffff0004956da400 and mm->pgd =ffff0004deb04000.
Oct 25 21:35:58 ubuntu kernel: [    8.901531] [mitosis-origin] pgd_free for mm=ffff0004956db800 and pgd =ffff0004df382000 and mm->pgd=ffff0004df382000.
Oct 25 21:35:58 ubuntu kernel: [    8.904200] [mitosis-origin] pgd_alloc for mm=ffff0004956db800 and mm->pgd =ffff0004deafc000.
Oct 25 21:35:58 ubuntu kernel: [    8.905374] [mitosis-origin] pgd_free for mm=ffff0004956da400 and pgd =ffff0004deb04000 and mm->pgd=ffff0004deb04000.
Oct 25 21:35:58 ubuntu kernel: [    8.908240] [mitosis-origin] pgd_alloc for mm=ffff0004956da400 and mm->pgd =ffff0004deaf4000.
Oct 25 21:35:58 ubuntu kernel: [    8.909403] [mitosis-origin] pgd_free for mm=ffff0004956db800 and pgd =ffff0004deafc000 and mm->pgd=ffff0004deafc000.
Oct 25 21:35:58 ubuntu kernel: [    8.912036] [mitosis-origin] pgd_alloc for mm=ffff0004956db800 and mm->pgd =ffff0004deaec000.
Oct 25 21:35:58 ubuntu kernel: [    8.913015] [mitosis-origin] pgd_free for mm=ffff0004956da400 and pgd =ffff0004deaf4000 and mm->pgd=ffff0004deaf4000.
Oct 25 21:35:58 ubuntu kernel: [    8.914979] [mitosis-origin] pgd_alloc for mm=ffff0004956da400 and mm->pgd =ffff0004deada000.
Oct 25 21:35:58 ubuntu kernel: [    8.915825] [mitosis-origin] pgd_free for mm=ffff0004956db800 and pgd =ffff0004deaec000 and mm->pgd=ffff0004deaec000.
Oct 25 21:35:58 ubuntu kernel: [    8.917867] [mitosis-origin] pgd_alloc for mm=ffff0004956db800 and mm->pgd =ffff0004dead4000.
Oct 25 21:35:58 ubuntu kernel: [    8.918708] [mitosis-origin] pgd_free for mm=ffff0004956da400 and pgd =ffff0004deada000 and mm->pgd=ffff0004deada000.
Oct 25 21:35:58 ubuntu kernel: [    8.920720] [mitosis-origin] pgd_alloc for mm=ffff0004956da400 and mm->pgd =ffff0004dead0000.
Oct 25 21:35:58 ubuntu kernel: [    8.921557] [mitosis-origin] pgd_free for mm=ffff0004956db800 and pgd =ffff0004dead4000 and mm->pgd=ffff0004dead4000.
Oct 25 21:35:58 ubuntu kernel: [    8.923454] [mitosis-origin] pgd_alloc for mm=ffff0004956db800 and mm->pgd =ffff0004df40b000.
Oct 25 21:35:58 ubuntu kernel: [    8.924406] [mitosis-origin] pgd_free for mm=ffff0004956da400 and pgd =ffff0004dead0000 and mm->pgd=ffff0004dead0000.
Oct 25 21:35:58 ubuntu kernel: [    8.926299] [mitosis-origin] pgd_alloc for mm=ffff0004956da400 and mm->pgd =ffff0004df407000.
Oct 25 21:35:58 ubuntu kernel: [    8.927132] [mitosis-origin] pgd_free for mm=ffff0004956db800 and pgd =ffff0004df40b000 and mm->pgd=ffff0004df40b000.
Oct 25 21:35:58 ubuntu kernel: [    8.929122] [mitosis-origin] pgd_alloc for mm=ffff0004956db800 and mm->pgd =ffff0004df403000.
Oct 25 21:35:58 ubuntu kernel: [    8.929963] [mitosis-origin] pgd_free for mm=ffff0004956da400 and pgd =ffff0004df407000 and mm->pgd=ffff0004df407000.
Oct 25 21:35:58 ubuntu kernel: [    8.931849] [mitosis-origin] pgd_alloc for mm=ffff0004956da400 and mm->pgd =ffff0004dfbff000.
Oct 25 21:35:58 ubuntu kernel: [    8.932781] [mitosis-origin] pgd_free for mm=ffff0004956db800 and pgd =ffff0004df403000 and mm->pgd=ffff0004df403000.
Oct 25 21:35:58 ubuntu kernel: [    8.934699] [mitosis-origin] pgd_alloc for mm=ffff0004956db800 and mm->pgd =ffff0004dfbfb000.
Oct 25 21:35:58 ubuntu kernel: [    8.935538] [mitosis-origin] pgd_free for mm=ffff0004956da400 and pgd =ffff0004dfbff000 and mm->pgd=ffff0004dfbff000.
Oct 25 21:35:58 ubuntu kernel: [    8.937587] [mitosis-origin] pgd_alloc for mm=ffff0004956da400 and mm->pgd =ffff0004dfbee000.
Oct 25 21:35:58 ubuntu kernel: [    8.938424] [mitosis-origin] pgd_free for mm=ffff0004956db800 and pgd =ffff0004dfbfb000 and mm->pgd=ffff0004dfbfb000.
Oct 25 21:35:58 ubuntu kernel: [    8.940531] [mitosis-origin] pgd_alloc for mm=ffff000495758400 and mm->pgd =ffff0004dec08000.
Oct 25 21:35:58 ubuntu kernel: [    8.943076] [mitosis-origin] pgd_alloc for mm=ffff00049575e000 and mm->pgd =ffff0004dfb08000.
Oct 25 21:35:58 ubuntu kernel: [    8.944121] [mitosis-origin] pgd_free for mm=ffff000495758400 and pgd =ffff0004dec08000 and mm->pgd=ffff0004dec08000.
Oct 25 21:35:58 ubuntu kernel: [    8.953781] [mitosis-origin] pgd_alloc for mm=ffff000495758400 and mm->pgd =ffff0004dfb0c000.
Oct 25 21:35:58 ubuntu kernel: [    8.954998] [mitosis-origin] pgd_free for mm=ffff00049575e000 and pgd =ffff0004dfb08000 and mm->pgd=ffff0004dfb08000.
Oct 25 21:35:58 ubuntu kernel: [    8.960247] [mitosis-origin] pgd_alloc for mm=ffff00049575e000 and mm->pgd =ffff0004dfb10000.
Oct 25 21:35:58 ubuntu kernel: [    8.962444] [mitosis-origin] pgd_free for mm=ffff000495758400 and pgd =ffff0004dfb0c000 and mm->pgd=ffff0004dfb0c000.
Oct 25 21:35:58 ubuntu kernel: [    8.965587] [mitosis-origin] pgd_alloc for mm=ffff000495758400 and mm->pgd =ffff0004dfb14000.
Oct 25 21:35:58 ubuntu kernel: [    8.966423] [mitosis-origin] pgd_free for mm=ffff00049575e000 and pgd =ffff0004dfb10000 and mm->pgd=ffff0004dfb10000.
Oct 25 21:35:58 ubuntu kernel: [    8.968623] [mitosis-origin] pgd_alloc for mm=ffff00049575e000 and mm->pgd =ffff0004dfb18000.
Oct 25 21:35:58 ubuntu kernel: [    8.969472] [mitosis-origin] pgd_free for mm=ffff000495758400 and pgd =ffff0004dfb14000 and mm->pgd=ffff0004dfb14000.
Oct 25 21:35:58 ubuntu kernel: [    8.971566] [mitosis-origin] pgd_alloc for mm=ffff000495758400 and mm->pgd =ffff0004dfb1c000.
Oct 25 21:35:58 ubuntu kernel: [    8.972478] [mitosis-origin] pgd_free for mm=ffff00049575e000 and pgd =ffff0004dfb18000 and mm->pgd=ffff0004dfb18000.
Oct 25 21:35:58 ubuntu kernel: [    8.974536] [mitosis-origin] pgd_alloc for mm=ffff00049575e000 and mm->pgd =ffff0004dfb20000.
Oct 25 21:35:58 ubuntu kernel: [    8.975393] [mitosis-origin] pgd_free for mm=ffff000495758400 and pgd =ffff0004dfb1c000 and mm->pgd=ffff0004dfb1c000.
Oct 25 21:35:58 ubuntu kernel: [    8.977639] [mitosis-origin] pgd_alloc for mm=ffff000495758400 and mm->pgd =ffff0004dfb24000.
Oct 25 21:35:58 ubuntu kernel: [    8.978496] [mitosis-origin] pgd_free for mm=ffff00049575e000 and pgd =ffff0004dfb20000 and mm->pgd=ffff0004dfb20000.
Oct 25 21:35:58 ubuntu kernel: [    8.980671] [mitosis-origin] pgd_alloc for mm=ffff00049575e000 and mm->pgd =ffff0004dfb28000.
Oct 25 21:35:58 ubuntu kernel: [    8.981471] [mitosis-origin] pgd_free for mm=ffff000495758400 and pgd =ffff0004dfb24000 and mm->pgd=ffff0004dfb24000.
Oct 25 21:35:58 ubuntu kernel: [    8.983524] [mitosis-origin] pgd_alloc for mm=ffff000495758400 and mm->pgd =ffff0004dfb2b000.
Oct 25 21:35:58 ubuntu kernel: [    8.984481] [mitosis-origin] pgd_free for mm=ffff00049575e000 and pgd =ffff0004dfb28000 and mm->pgd=ffff0004dfb28000.
Oct 25 21:35:58 ubuntu kernel: [    8.986557] [mitosis-origin] pgd_alloc for mm=ffff00049575e000 and mm->pgd =ffff0004dfb30000.
Oct 25 21:35:58 ubuntu lxcfs[1144]: hierarchies:
Oct 25 21:35:58 ubuntu kernel: [    8.987416] [mitosis-origin] pgd_free for mm=ffff000495758400 and pgd =ffff0004dfb2b000 and mm->pgd=ffff0004dfb2b000.
Oct 25 21:35:58 ubuntu kernel: [    8.989726] [mitosis-origin] pgd_alloc for mm=ffff000495758400 and mm->pgd =ffff0004dfb34000.
Oct 25 21:35:58 ubuntu kernel: [    8.990581] [mitosis-origin] pgd_free for mm=ffff00049575e000 and pgd =ffff0004dfb30000 and mm->pgd=ffff0004dfb30000.
Oct 25 21:35:58 ubuntu kernel: [    8.992658] [mitosis-origin] pgd_alloc for mm=ffff00049575e000 and mm->pgd =ffff0004957ea000.
Oct 25 21:35:58 ubuntu kernel: [    8.993476] [mitosis-origin] pgd_free for mm=ffff000495758400 and pgd =ffff0004dfb34000 and mm->pgd=ffff0004dfb34000.
Oct 25 21:35:58 ubuntu kernel: [    8.995478] [mitosis-origin] pgd_alloc for mm=ffff000495758400 and mm->pgd =ffff0004957ee000.
Oct 25 21:35:58 ubuntu kernel: [    8.996342] [mitosis-origin] pgd_free for mm=ffff00049575e000 and pgd =ffff0004957ea000 and mm->pgd=ffff0004957ea000.
Oct 25 21:35:58 ubuntu kernel: [    8.998497] [mitosis-origin] pgd_alloc for mm=ffff00049575e000 and mm->pgd =ffff0004957f2000.
Oct 25 21:35:58 ubuntu kernel: [    8.999304] [mitosis-origin] pgd_free for mm=ffff000495758400 and pgd =ffff0004957ee000 and mm->pgd=ffff0004957ee000.
Oct 25 21:35:58 ubuntu kernel: [    9.001405] [mitosis-origin] pgd_alloc for mm=ffff000495758400 and mm->pgd =ffff0004957f6000.
Oct 25 21:35:58 ubuntu kernel: [    9.002220] [mitosis-origin] pgd_free for mm=ffff00049575e000 and pgd =ffff0004957f2000 and mm->pgd=ffff0004957f2000.
Oct 25 21:35:58 ubuntu kernel: [    9.004353] [mitosis-origin] pgd_alloc for mm=ffff00049575e000 and mm->pgd =ffff0004957fa000.
Oct 25 21:35:58 ubuntu kernel: [    9.005219] [mitosis-origin] pgd_free for mm=ffff000495758400 and pgd =ffff0004957f6000 and mm->pgd=ffff0004957f6000.
Oct 25 21:35:58 ubuntu kernel: [    9.011585] [mitosis-origin] pgd_alloc for mm=ffff000495758400 and mm->pgd =ffff000495003000.
Oct 25 21:35:58 ubuntu kernel: [    9.012709] [mitosis-origin] pgd_free for mm=ffff00049575e000 and pgd =ffff0004957fa000 and mm->pgd=ffff0004957fa000.
Oct 25 21:35:58 ubuntu kernel: [    9.015880] [mitosis-origin] pgd_alloc for mm=ffff0004950b4800 and mm->pgd =ffff0004dec47000.
Oct 25 21:35:58 ubuntu kernel: [    9.021397] [mitosis-origin] pgd_alloc for mm=ffff0004950b7c00 and mm->pgd =ffff0004dec68000.
Oct 25 21:35:58 ubuntu kernel: [    9.022716] [mitosis-origin] pgd_free for mm=ffff0004950b4800 and pgd =ffff0004dec47000 and mm->pgd=ffff0004dec47000.
Oct 25 21:35:58 ubuntu kernel: [    9.025930] [mitosis-origin] pgd_alloc for mm=ffff0004950b4800 and mm->pgd =ffff0004dec77000.
Oct 25 21:35:58 ubuntu kernel: [    9.027259] [mitosis-origin] pgd_free for mm=ffff0004950b7c00 and pgd =ffff0004dec68000 and mm->pgd=ffff0004dec68000.
Oct 25 21:35:58 ubuntu kernel: [    9.029907] [mitosis-origin] pgd_alloc for mm=ffff0004950b7c00 and mm->pgd =ffff000495044000.
Oct 25 21:35:58 ubuntu kernel: [    9.030820] [mitosis-origin] pgd_free for mm=ffff0004950b4800 and pgd =ffff0004dec77000 and mm->pgd=ffff0004dec77000.
Oct 25 21:35:58 ubuntu kernel: [    9.033031] [mitosis-origin] pgd_alloc for mm=ffff0004950b4800 and mm->pgd =ffff000495048000.
Oct 25 21:35:58 ubuntu kernel: [    9.033931] [mitosis-origin] pgd_free for mm=ffff0004950b7c00 and pgd =ffff000495044000 and mm->pgd=ffff000495044000.
Oct 25 21:35:58 ubuntu kernel: [    9.036254] [mitosis-origin] pgd_alloc for mm=ffff0004950b7c00 and mm->pgd =ffff0004dec6a000.
Oct 25 21:35:58 ubuntu kernel: [    9.037094] [mitosis-origin] pgd_free for mm=ffff0004950b4800 and pgd =ffff000495048000 and mm->pgd=ffff000495048000.
Oct 25 21:35:58 ubuntu kernel: [    9.039058] [mitosis-origin] pgd_alloc for mm=ffff0004950b4800 and mm->pgd =ffff000495050000.
Oct 25 21:35:58 ubuntu kernel: [    9.039907] [mitosis-origin] pgd_free for mm=ffff0004950b7c00 and pgd =ffff0004dec6a000 and mm->pgd=ffff0004dec6a000.
Oct 25 21:35:58 ubuntu kernel: [    9.041985] [mitosis-origin] pgd_alloc for mm=ffff0004950b7c00 and mm->pgd =ffff000495054000.
Oct 25 21:35:58 ubuntu kernel: [    9.042822] [mitosis-origin] pgd_free for mm=ffff0004950b4800 and pgd =ffff000495050000 and mm->pgd=ffff000495050000.
Oct 25 21:35:58 ubuntu kernel: [    9.045551] [mitosis-origin] pgd_alloc for mm=ffff0004956db800 and mm->pgd =ffff0004df394000.
Oct 25 21:35:58 ubuntu kernel: [    9.047819] [mitosis-origin] pgd_free for mm=ffff0004956da400 and pgd =ffff0004dfbee000 and mm->pgd=ffff0004dfbee000.
Oct 25 21:35:58 ubuntu kernel: [    9.052825] [mitosis-origin] pgd_alloc for mm=ffff000495180c00 and mm->pgd =ffff0004dece8000.
Oct 25 21:35:58 ubuntu kernel: [    9.055005] Key type big_key registered
Oct 25 21:35:58 ubuntu kernel: [    9.055722] [mitosis-origin] pgd_alloc for mm=ffff000495183400 and mm->pgd =ffff0004df349000.
Oct 25 21:35:58 ubuntu kernel: [    9.056831] [mitosis-origin] pgd_free for mm=ffff000495180c00 and pgd =ffff0004dece8000 and mm->pgd=ffff0004dece8000.
Oct 25 21:35:58 ubuntu kernel: [    9.069060] [mitosis-origin] pgd_alloc for mm=ffff000495180c00 and mm->pgd =ffff0004df34d000.
Oct 25 21:35:58 ubuntu kernel: [    9.069970] [mitosis-origin] pgd_free for mm=ffff000495183400 and pgd =ffff0004df349000 and mm->pgd=ffff0004df349000.
Oct 25 21:35:58 ubuntu kernel: [    9.072622] [mitosis-origin] pgd_alloc for mm=ffff00049519b000 and mm->pgd =ffff000495127000.
Oct 25 21:35:58 ubuntu kernel: [    9.077014] Key type encrypted registered
Oct 25 21:35:58 ubuntu kernel: [    9.077839] AppArmor: AppArmor sha1 policy hashing enabled
Oct 25 21:35:58 ubuntu kernel: [    9.079360] ima: No TPM chip found, activating TPM-bypass!
Oct 25 21:35:58 ubuntu kernel: [    9.080587] ima: Allocated hash algorithm: sha1
Oct 25 21:35:58 ubuntu kernel: [    9.081528] ima: No architecture policies found
Oct 25 21:35:58 ubuntu kernel: [    9.082478] evm: Initialising EVM extended attributes:
Oct 25 21:35:58 ubuntu kernel: [    9.083458] evm: security.selinux
Oct 25 21:35:58 ubuntu kernel: [    9.083866] evm: security.SMACK64
Oct 25 21:35:58 ubuntu kernel: [    9.084322] evm: security.SMACK64EXEC
Oct 25 21:35:58 ubuntu kernel: [    9.084775] evm: security.SMACK64TRANSMUTE
Oct 25 21:35:58 ubuntu kernel: [    9.085272] evm: security.SMACK64MMAP
Oct 25 21:35:58 ubuntu kernel: [    9.085722] evm: security.apparmor
Oct 25 21:35:58 ubuntu kernel: [    9.086141] evm: security.ima
Oct 25 21:35:58 ubuntu kernel: [    9.086507] evm: security.capability
Oct 25 21:35:58 ubuntu kernel: [    9.086944] evm: HMAC attrs: 0x1
Oct 25 21:35:58 ubuntu kernel: [    9.092208] Freeing unused kernel memory: 7040K
Oct 25 21:35:58 ubuntu kernel: [    9.173096] Checked W+X mappings: passed, no W+X pages found
Oct 25 21:35:58 ubuntu kernel: [    9.173706] Run /init as init process
Oct 25 21:35:58 ubuntu kernel: [    9.174054]   with arguments:
Oct 25 21:35:58 ubuntu kernel: [    9.174055]     /init
Oct 25 21:35:58 ubuntu kernel: [    9.174056]   with environment:
Oct 25 21:35:58 ubuntu kernel: [    9.174057]     HOME=/
Oct 25 21:35:58 ubuntu kernel: [    9.174057]     TERM=linux
Oct 25 21:35:58 ubuntu kernel: [    9.174058]     BOOT_IMAGE=/boot/vmlinuz-5.7.1
Oct 25 21:35:58 ubuntu kernel: [    9.174239] [mitosis-origin] pgd_alloc for mm=ffff0004951ae000 and mm->pgd =ffff000495494000.
Oct 25 21:35:58 ubuntu kernel: [    9.178524] [mitosis-origin] pgd_alloc for mm=ffff0004951a8000 and mm->pgd =ffff0004954a7000.
Oct 25 21:35:58 ubuntu kernel: [    9.180889] [mitosis-origin] pgd_free for mm=ffff0004956db800 and pgd =ffff0004df394000 and mm->pgd=ffff0004df394000.
Oct 25 21:35:58 ubuntu kernel: [    9.182802] [mitosis-origin] pgd_alloc for mm=ffff0004951a9400 and mm->pgd =ffff0004954b5000.
Oct 25 21:35:58 ubuntu kernel: [    9.183903] [mitosis-origin] pgd_free for mm=ffff0004951a8000 and pgd =ffff0004954a7000 and mm->pgd=ffff0004954a7000.
Oct 25 21:35:58 ubuntu kernel: [    9.185560] [mitosis-origin] pgd_alloc for mm=ffff0004951a8800 and mm->pgd =ffff0004951be000.
Oct 25 21:35:58 ubuntu kernel: [    9.186636] [mitosis-origin] pgd_free for mm=ffff0004951a9400 and pgd =ffff0004954b5000 and mm->pgd=ffff0004954b5000.
Oct 25 21:35:58 ubuntu kernel: [    9.188166] [mitosis-origin] pgd_alloc for mm=ffff0004951ac000 and mm->pgd =ffff0004951cc000.
Oct 25 21:35:58 ubuntu kernel: [    9.189311] [mitosis-origin] pgd_free for mm=ffff000495758400 and pgd =ffff000495003000 and mm->pgd=ffff000495003000.
Oct 25 21:35:58 ubuntu kernel: [    9.191124] [mitosis-origin] pgd_alloc for mm=ffff0004951af400 and mm->pgd =ffff0004951da000.
Oct 25 21:35:58 ubuntu kernel: [    9.192623] [mitosis-origin] pgd_free for mm=ffff0004951ac000 and pgd =ffff0004951cc000 and mm->pgd=ffff0004951cc000.
Oct 25 21:35:58 ubuntu kernel: [    9.193897] [mitosis-origin] pgd_alloc for mm=ffff000495758400 and mm->pgd =ffff0004951cb000.
Oct 25 21:35:58 ubuntu kernel: [    9.194918] [mitosis-origin] pgd_free for mm=ffff0004951af400 and pgd =ffff0004951da000 and mm->pgd=ffff0004951da000.
Oct 25 21:35:58 ubuntu kernel: [    9.197025] [mitosis-origin] pgd_alloc for mm=ffff0004951a9c00 and mm->pgd =ffff0004951e8000.
Oct 25 21:35:58 ubuntu kernel: [    9.199022] [mitosis-origin] pgd_free for mm=ffff000495758400 and pgd =ffff0004951cb000 and mm->pgd=ffff0004951cb000.
Oct 25 21:35:58 ubuntu kernel: [    9.200577] [mitosis-origin] pgd_alloc for mm=ffff000495758400 and mm->pgd =ffff0004951d9000.
Oct 25 21:35:58 ubuntu kernel: [    9.201753] [mitosis-origin] pgd_free for mm=ffff0004951a9c00 and pgd =ffff0004951e8000 and mm->pgd=ffff0004951e8000.
Oct 25 21:35:58 ubuntu kernel: [    9.204078] [mitosis-origin] pgd_alloc for mm=ffff0004951ad400 and mm->pgd =ffff0004951f6000.
Oct 25 21:35:58 ubuntu kernel: [    9.206613] [mitosis-origin] pgd_free for mm=ffff0004950b7c00 and pgd =ffff000495054000 and mm->pgd=ffff000495054000.
Oct 25 21:35:58 ubuntu kernel: [    9.208022] [mitosis-origin] pgd_alloc for mm=ffff0004950b7c00 and mm->pgd =ffff000495041000.
Oct 25 21:35:58 ubuntu kernel: [    9.209087] [mitosis-origin] pgd_free for mm=ffff0004951ad400 and pgd =ffff0004951f6000 and mm->pgd=ffff0004951f6000.
Oct 25 21:35:58 ubuntu kernel: [    9.211706] [mitosis-origin] pgd_alloc for mm=ffff000495266000 and mm->pgd =ffff0004decff000.
Oct 25 21:35:58 ubuntu kernel: [    9.213585] [mitosis-origin] pgd_free for mm=ffff000495180c00 and pgd =ffff0004df34d000 and mm->pgd=ffff0004df34d000.
Oct 25 21:35:58 ubuntu kernel: [    9.216286] [mitosis-origin] pgd_alloc for mm=ffff000495180c00 and mm->pgd =ffff0004956ad000.
Oct 25 21:35:58 ubuntu kernel: [    9.218451] [mitosis-origin] pgd_free for mm=ffff000495266000 and pgd =ffff0004decff000 and mm->pgd=ffff0004decff000.
Oct 25 21:35:58 ubuntu kernel: [    9.222291] [mitosis-origin] pgd_alloc for mm=ffff000495260000 and mm->pgd =ffff0004ded0e000.
Oct 25 21:35:58 ubuntu kernel: [    9.223548] [mitosis-origin] pgd_free for mm=ffff000495180c00 and pgd =ffff0004956ad000 and mm->pgd=ffff0004956ad000.
Oct 25 21:35:58 ubuntu kernel: [    9.224996] [mitosis-origin] pgd_alloc for mm=ffff000495261400 and mm->pgd =ffff0004ded1c000.
Oct 25 21:35:58 ubuntu kernel: [    9.225937] [mitosis-origin] pgd_free for mm=ffff000495260000 and pgd =ffff0004ded0e000 and mm->pgd=ffff0004ded0e000.
Oct 25 21:35:58 ubuntu kernel: [    9.227119] [mitosis-origin] pgd_alloc for mm=ffff000495180c00 and mm->pgd =ffff0004ded0d000.
Oct 25 21:35:58 ubuntu kernel: [    9.228080] [mitosis-origin] pgd_free for mm=ffff000495261400 and pgd =ffff0004ded1c000 and mm->pgd=ffff0004ded1c000.
Oct 25 21:35:58 ubuntu kernel: [    9.229819] [mitosis-origin] pgd_alloc for mm=ffff000495260800 and mm->pgd =ffff00049526f000.
Oct 25 21:35:58 ubuntu kernel: [    9.230745] [mitosis-origin] pgd_free for mm=ffff000495180c00 and pgd =ffff0004ded0d000 and mm->pgd=ffff0004ded0d000.
Oct 25 21:35:58 ubuntu kernel: [    9.232462] [mitosis-origin] pgd_alloc for mm=ffff000495180c00 and mm->pgd =ffff0004ded1b000.
Oct 25 21:35:58 ubuntu kernel: [    9.233723] [mitosis-origin] pgd_free for mm=ffff000495260800 and pgd =ffff00049526f000 and mm->pgd=ffff00049526f000.
Oct 25 21:35:58 ubuntu kernel: [    9.235859] [mitosis-origin] pgd_alloc for mm=ffff000495264000 and mm->pgd =ffff00049527d000.
Oct 25 21:35:58 ubuntu kernel: [    9.237212] [mitosis-origin] pgd_free for mm=ffff000495180c00 and pgd =ffff0004ded1b000 and mm->pgd=ffff0004ded1b000.
Oct 25 21:35:58 ubuntu kernel: [    9.240546] [mitosis-origin] pgd_alloc for mm=ffff000495267400 and mm->pgd =ffff00049528c000.
Oct 25 21:35:58 ubuntu kernel: [    9.241587] [mitosis-origin] pgd_free for mm=ffff000495264000 and pgd =ffff00049527d000 and mm->pgd=ffff00049527d000.
Oct 25 21:35:58 ubuntu kernel: [    9.242931] [mitosis-origin] pgd_alloc for mm=ffff000495180c00 and mm->pgd =ffff0004df34a000.
Oct 25 21:35:58 ubuntu kernel: [    9.244004] [mitosis-origin] pgd_free for mm=ffff000495267400 and pgd =ffff00049528c000 and mm->pgd=ffff00049528c000.
Oct 25 21:35:58 ubuntu kernel: [    9.245747] [mitosis-origin] pgd_free for mm=ffff00049519b000 and pgd =ffff000495127000 and mm->pgd=ffff000495127000.
Oct 25 21:35:58 ubuntu kernel: [    9.247503] [mitosis-origin] pgd_alloc for mm=ffff00049519b000 and mm->pgd =ffff0004ded05000.
Oct 25 21:35:58 ubuntu kernel: [    9.248726] [mitosis-origin] pgd_free for mm=ffff0004950b7c00 and pgd =ffff000495041000 and mm->pgd=ffff000495041000.
Oct 25 21:35:58 ubuntu kernel: [    9.249949] [mitosis-origin] pgd_alloc for mm=ffff0004950b7c00 and mm->pgd =ffff0004dec6a000.
Oct 25 21:35:58 ubuntu kernel: [    9.250931] [mitosis-origin] pgd_free for mm=ffff00049519b000 and pgd =ffff0004ded05000 and mm->pgd=ffff0004ded05000.
Oct 25 21:35:58 ubuntu kernel: [    9.252629] [mitosis-origin] pgd_alloc for mm=ffff0004950b4800 and mm->pgd =ffff00049520a000.
Oct 25 21:35:58 ubuntu kernel: [    9.253773] [mitosis-origin] pgd_alloc for mm=ffff00049519dc00 and mm->pgd =ffff000495135000.
Oct 25 21:35:58 ubuntu kernel: [    9.254848] [mitosis-origin] pgd_free for mm=ffff0004950b4800 and pgd =ffff00049520a000 and mm->pgd=ffff00049520a000.
Oct 25 21:35:58 ubuntu kernel: [    9.257121] [mitosis-origin] pgd_free for mm=ffff00049519dc00 and pgd =ffff000495135000 and mm->pgd=ffff000495135000.
Oct 25 21:35:58 ubuntu kernel: [    9.258428] [mitosis-origin] pgd_alloc for mm=ffff00049519dc00 and mm->pgd =ffff000495135000.
Oct 25 21:35:58 ubuntu kernel: [    9.259592] [mitosis-origin] pgd_alloc for mm=ffff0004950b5000 and mm->pgd =ffff0004951f2000.
Oct 25 21:35:58 ubuntu kernel: [    9.260659] [mitosis-origin] pgd_free for mm=ffff00049519dc00 and pgd =ffff000495135000 and mm->pgd=ffff000495135000.
Oct 25 21:35:58 ubuntu kernel: [    9.262276] [mitosis-origin] pgd_alloc for mm=ffff0004950b6400 and mm->pgd =ffff000495048000.
Oct 25 21:35:58 ubuntu kernel: [    9.263258] [mitosis-origin] pgd_free for mm=ffff0004950b7c00 and pgd =ffff0004dec6a000 and mm->pgd=ffff0004dec6a000.
Oct 25 21:35:58 ubuntu kernel: [    9.264948] [mitosis-origin] pgd_alloc for mm=ffff0004952de000 and mm->pgd =ffff00049546a000.
Oct 25 21:35:58 ubuntu kernel: [    9.266130] [mitosis-origin] pgd_free for mm=ffff0004950b6400 and pgd =ffff000495048000 and mm->pgd=ffff000495048000.
Oct 25 21:35:58 ubuntu kernel: [    9.268264] [mitosis-origin] pgd_free for mm=ffff0004952de000 and pgd =ffff00049546a000 and mm->pgd=ffff00049546a000.
Oct 25 21:35:58 ubuntu kernel: [    9.269497] [mitosis-origin] pgd_alloc for mm=ffff0004952de000 and mm->pgd =ffff00049546a000.
Oct 25 21:35:58 ubuntu kernel: [    9.270639] [mitosis-origin] pgd_alloc for mm=ffff0004950b1000 and mm->pgd =ffff000495047000.
Oct 25 21:35:58 ubuntu kernel: [    9.271725] [mitosis-origin] pgd_free for mm=ffff0004952de000 and pgd =ffff00049546a000 and mm->pgd=ffff00049546a000.
Oct 25 21:35:58 ubuntu kernel: [    9.273578] [mitosis-origin] pgd_alloc for mm=ffff0004950b3c00 and mm->pgd =ffff0004dec89000.
Oct 25 21:35:58 ubuntu kernel: [    9.274855] [mitosis-origin] pgd_alloc for mm=ffff0004951acc00 and mm->pgd =ffff000495497000.
Oct 25 21:35:58 ubuntu kernel: [    9.277242] [mitosis-origin] pgd_free for mm=ffff0004950b3c00 and pgd =ffff0004dec89000 and mm->pgd=ffff0004dec89000.
Oct 25 21:35:58 ubuntu kernel: [    9.281752] [mitosis-origin] pgd_alloc for mm=ffff0004952d8000 and mm->pgd =ffff00049546c000.
Oct 25 21:35:58 ubuntu kernel: [    9.282947] [mitosis-origin] pgd_free for mm=ffff0004950b1000 and pgd =ffff000495047000 and mm->pgd=ffff000495047000.
Oct 25 21:35:58 ubuntu kernel: [    9.284470] [mitosis-origin] pgd_alloc for mm=ffff0004950b1000 and mm->pgd =ffff0004950c5000.
Oct 25 21:35:58 ubuntu kernel: [    9.285651] [mitosis-origin] pgd_free for mm=ffff0004952d8000 and pgd =ffff00049546c000 and mm->pgd=ffff00049546c000.
Oct 25 21:35:58 ubuntu kernel: [    9.287611] [mitosis-origin] pgd_alloc for mm=ffff0004950b0c00 and mm->pgd =ffff00049514c000.
Oct 25 21:35:58 ubuntu kernel: [    9.288856] [mitosis-origin] pgd_free for mm=ffff0004951acc00 and pgd =ffff000495497000 and mm->pgd=ffff000495497000.
Oct 25 21:35:58 ubuntu kernel: [    9.290357] [mitosis-origin] pgd_alloc for mm=ffff0004951acc00 and mm->pgd =ffff00049521a000.
Oct 25 21:35:58 ubuntu kernel: [    9.291539] [mitosis-origin] pgd_free for mm=ffff0004950b0c00 and pgd =ffff00049514c000 and mm->pgd=ffff00049514c000.
Oct 25 21:35:58 ubuntu kernel: [    9.296517] [mitosis-origin] pgd_alloc for mm=ffff0004951aec00 and mm->pgd =ffff00049522c000.
Oct 25 21:35:58 ubuntu kernel: [    9.298241] [mitosis-origin] pgd_alloc for mm=ffff0004952d9400 and mm->pgd =ffff0004deb2d000.
Oct 25 21:35:58 ubuntu kernel: [    9.299423] [mitosis-origin] pgd_free for mm=ffff0004951acc00 and pgd =ffff00049521a000 and mm->pgd=ffff00049521a000.
Oct 25 21:35:58 ubuntu kernel: [    9.301194] [mitosis-origin] pgd_alloc for mm=ffff0004951acc00 and mm->pgd =ffff00049521d000.
Oct 25 21:35:58 ubuntu kernel: [    9.302541] [mitosis-origin] pgd_free for mm=ffff0004952d9400 and pgd =ffff0004deb2d000 and mm->pgd=ffff0004deb2d000.
Oct 25 21:35:58 ubuntu kernel: [    9.336842] [mitosis-origin] pgd_alloc for mm=ffff0004950b3400 and mm->pgd =ffff0004950e4000.
Oct 25 21:35:58 ubuntu kernel: [    9.339935] [mitosis-origin] pgd_alloc for mm=ffff0004950b2800 and mm->pgd =ffff0004950c7000.
Oct 25 21:35:58 ubuntu kernel: [    9.341903] [mitosis-origin] pgd_alloc for mm=ffff0004950b3800 and mm->pgd =ffff0004dec82000.
Oct 25 21:35:58 ubuntu kernel: [    9.342962] [mitosis-origin] pgd_alloc for mm=ffff0004952d8800 and mm->pgd =ffff0004dec65000.
Oct 25 21:35:58 ubuntu kernel: [    9.343424] [mitosis-origin] pgd_free for mm=ffff0004951acc00 and pgd =ffff00049521d000 and mm->pgd=ffff00049521d000.
Oct 25 21:35:58 ubuntu kernel: [    9.343714] [mitosis-origin] pgd_alloc for mm=ffff0004950b2400 and mm->pgd =ffff0004dec6e000.
Oct 25 21:35:58 ubuntu kernel: [    9.344411] [mitosis-origin] pgd_alloc for mm=ffff0004950b7800 and mm->pgd =ffff0004950f7000.
Oct 25 21:35:58 ubuntu kernel: [    9.345186] [mitosis-origin] pgd_alloc for mm=ffff0004950b3000 and mm->pgd =ffff00049510b000.
Oct 25 21:35:58 ubuntu kernel: [    9.345947] [mitosis-origin] pgd_alloc for mm=ffff000495261c00 and mm->pgd =ffff000495299000.
Oct 25 21:35:58 ubuntu kernel: [    9.346431] [mitosis-origin] pgd_alloc for mm=ffff0004950b5c00 and mm->pgd =ffff00049545e000.
Oct 25 21:35:58 ubuntu kernel: [    9.347961] [mitosis-origin] pgd_alloc for mm=ffff0004950b6800 and mm->pgd =ffff000494841000.
Oct 25 21:35:58 ubuntu kernel: [    9.351897] [mitosis-origin] pgd_alloc for mm=ffff0004950b2000 and mm->pgd =ffff000494854000.
Oct 25 21:35:58 ubuntu kernel: [    9.393818] [mitosis-origin] pgd_alloc for mm=ffff000494b04400 and mm->pgd =ffff0004df615000.
Oct 25 21:35:58 ubuntu kernel: [    9.394893] [mitosis-origin] pgd_free for mm=ffff0004950b2800 and pgd =ffff0004950c7000 and mm->pgd=ffff0004950c7000.
Oct 25 21:35:58 ubuntu kernel: [    9.395268] [mitosis-origin] pgd_alloc for mm=ffff000494b07000 and mm->pgd =ffff0004df629000.
Oct 25 21:35:58 ubuntu kernel: [    9.397245] [mitosis-origin] pgd_alloc for mm=ffff000494b05800 and mm->pgd =ffff0004df63c000.
Oct 25 21:35:58 ubuntu kernel: [    9.398967] [mitosis-origin] pgd_alloc for mm=ffff0004952dc000 and mm->pgd =ffff0004deb45000.
Oct 25 21:35:58 ubuntu kernel: [    9.399039] [mitosis-origin] pgd_alloc for mm=ffff000494b00400 and mm->pgd =ffff0004df350000.
Oct 25 21:35:58 ubuntu kernel: [    9.401059] [mitosis-origin] pgd_free for mm=ffff000495261c00 and pgd =ffff000495299000 and mm->pgd=ffff000495299000.
Oct 25 21:35:58 ubuntu kernel: [    9.402058] [mitosis-origin] pgd_alloc for mm=ffff000494b06000 and mm->pgd =ffff000494b58000.
Oct 25 21:35:58 ubuntu kernel: [    9.403142] [mitosis-origin] pgd_alloc for mm=ffff000495261c00 and mm->pgd =ffff00049537d000.
Oct 25 21:35:58 ubuntu kernel: [    9.404207] [mitosis-origin] pgd_alloc for mm=ffff000494b00000 and mm->pgd =ffff000494b6c000.
Oct 25 21:35:58 ubuntu kernel: [    9.406090] [mitosis-origin] pgd_alloc for mm=ffff000494b01400 and mm->pgd =ffff000494a78000.
Oct 25 21:35:58 ubuntu kernel: [    9.406441] [mitosis-origin] pgd_free for mm=ffff0004952dc000 and pgd =ffff0004deb45000 and mm->pgd=ffff0004deb45000.
Oct 25 21:35:58 ubuntu kernel: [    9.407214] [mitosis-origin] pgd_alloc for mm=ffff000494b00800 and mm->pgd =ffff000495693000.
Oct 25 21:35:58 ubuntu kernel: [    9.409309] [mitosis-origin] pgd_alloc for mm=ffff000494b04000 and mm->pgd =ffff0004949c0000.
Oct 25 21:35:58 ubuntu kernel: [    9.410340] [mitosis-origin] pgd_alloc for mm=ffff000494b07400 and mm->pgd =ffff000494982000.
Oct 25 21:35:58 ubuntu kernel: [    9.411364] [mitosis-origin] pgd_alloc for mm=ffff000494b01c00 and mm->pgd =ffff00049491a000.
Oct 25 21:35:58 ubuntu kernel: [    9.412460] [mitosis-origin] pgd_alloc for mm=ffff000494b05400 and mm->pgd =ffff0004949cd000.
Oct 25 21:35:58 ubuntu kernel: [    9.413471] [mitosis-origin] pgd_alloc for mm=ffff000494b04c00 and mm->pgd =ffff000495349000.
Oct 25 21:35:58 ubuntu kernel: [    9.414484] [mitosis-origin] pgd_alloc for mm=ffff000494b06c00 and mm->pgd =ffff0004949e1000.
Oct 25 21:35:58 ubuntu kernel: [    9.415453] [mitosis-origin] pgd_alloc for mm=ffff000494b01800 and mm->pgd =ffff0004949a9000.
Oct 25 21:35:58 ubuntu kernel: [    9.416521] [mitosis-origin] pgd_alloc for mm=ffff000494b04800 and mm->pgd =ffff00049495c000.
Oct 25 21:35:58 ubuntu kernel: [    9.417501] [mitosis-origin] pgd_alloc for mm=ffff000494b07c00 and mm->pgd =ffff000494b0f000.
Oct 25 21:35:58 ubuntu kernel: [    9.418469] [mitosis-origin] pgd_alloc for mm=ffff000494b05000 and mm->pgd =ffff000494a5e000.
Oct 25 21:35:58 ubuntu kernel: [    9.419542] [mitosis-origin] pgd_alloc for mm=ffff000494b06400 and mm->pgd =ffff000494abe000.
Oct 25 21:35:58 ubuntu kernel: [    9.420649] [mitosis-origin] pgd_alloc for mm=ffff000494b01000 and mm->pgd =ffff000494410000.
Oct 25 21:35:58 ubuntu kernel: [    9.421647] [mitosis-origin] pgd_alloc for mm=ffff000494b03c00 and mm->pgd =ffff000494aae000.
Oct 25 21:35:58 ubuntu kernel: [    9.422641] [mitosis-origin] pgd_alloc for mm=ffff000494b00c00 and mm->pgd =ffff000494a31000.
Oct 25 21:35:58 ubuntu kernel: [    9.423794] [mitosis-origin] pgd_alloc for mm=ffff000494b03400 and mm->pgd =ffff000494a83000.
Oct 25 21:35:58 ubuntu kernel: [    9.425677] [mitosis-origin] pgd_free for mm=ffff000495180c00 and pgd =ffff0004df34a000 and mm->pgd=ffff0004df34a000.
Oct 25 21:35:58 ubuntu kernel: [    9.425714] [mitosis-origin] pgd_free for mm=ffff000495642c00 and pgd =ffff0004df156000 and mm->pgd=ffff0004df156000.
Oct 25 21:35:58 ubuntu kernel: [    9.425752] [mitosis-origin] pgd_free for mm=ffff0004950b5000 and pgd =ffff0004951f2000 and mm->pgd=ffff0004951f2000.
Oct 25 21:35:58 ubuntu kernel: [    9.425934] [mitosis-origin] pgd_free for mm=ffff0004950b3800 and pgd =ffff0004dec82000 and mm->pgd=ffff0004dec82000.
Oct 25 21:35:58 ubuntu kernel: [    9.429726] [mitosis-origin] pgd_free for mm=ffff0004952d8800 and pgd =ffff0004dec65000 and mm->pgd=ffff0004dec65000.
Oct 25 21:35:58 ubuntu kernel: [    9.430274] [mitosis-origin] pgd_free for mm=ffff0004950b2400 and pgd =ffff0004dec6e000 and mm->pgd=ffff0004dec6e000.
Oct 25 21:35:58 ubuntu kernel: [    9.434722] scsi host0: Virtio SCSI HBA
Oct 25 21:35:58 ubuntu kernel: [    9.435669] [mitosis-origin] pgd_free for mm=ffff0004950b2000 and pgd =ffff000494854000 and mm->pgd=ffff000494854000.
Oct 25 21:35:58 ubuntu kernel: [    9.435751] [mitosis-origin] pgd_free for mm=ffff0004950b6800 and pgd =ffff000494841000 and mm->pgd=ffff000494841000.
Oct 25 21:35:58 ubuntu kernel: [    9.436720] scsi 0:0:0:0: Direct-Access     QEMU     QEMU HARDDISK    2.5+ PQ: 0 ANSI: 5
Oct 25 21:35:58 ubuntu kernel: [    9.437148] [mitosis-origin] pgd_alloc for mm=ffff000494b02800 and mm->pgd =ffff00049442e000.
Oct 25 21:35:58 ubuntu kernel: [    9.437153] scsi 0:0:0:1: CD-ROM            QEMU     QEMU CD-ROM      2.5+ PQ: 0 ANSI: 5
Oct 25 21:35:58 ubuntu kernel: [    9.437528] [mitosis-origin] pgd_alloc for mm=ffff000494b03800 and mm->pgd =ffff000494442000.
Oct 25 21:35:58 ubuntu kernel: [    9.437854] [mitosis-origin] pgd_alloc for mm=ffff000494b02400 and mm->pgd =ffff000494657000.
Oct 25 21:35:58 ubuntu kernel: [    9.440290] [mitosis-origin] pgd_alloc for mm=ffff0004947d5000 and mm->pgd =ffff000494733000.
Oct 25 21:35:58 ubuntu kernel: [    9.442138] [mitosis-origin] pgd_alloc for mm=ffff000494b07800 and mm->pgd =ffff00049466a000.
Oct 25 21:35:58 ubuntu lxcfs[1144]:   0: fd:   6: blkio
Oct 25 21:35:58 ubuntu kernel: [    9.448469] [mitosis-origin] pgd_alloc for mm=ffff0004956db800 and mm->pgd =ffff000495460000.
Oct 25 21:35:58 ubuntu kernel: [    9.449472] [mitosis-origin] pgd_alloc for mm=ffff000494b03000 and mm->pgd =ffff00049467e000.
Oct 25 21:35:58 ubuntu kernel: [    9.449996] [mitosis-origin] pgd_free for mm=ffff0004951a8800 and pgd =ffff0004951be000 and mm->pgd=ffff0004951be000.
Oct 25 21:35:58 ubuntu kernel: [    9.451472] [mitosis-origin] pgd_alloc for mm=ffff000494b05c00 and mm->pgd =ffff000494690000.
Oct 25 21:35:58 ubuntu kernel: [    9.453706] [mitosis-origin] pgd_alloc for mm=ffff0004947d6400 and mm->pgd =ffff000493e62000.
Oct 25 21:35:58 ubuntu kernel: [    9.453967] [mitosis-origin] pgd_alloc for mm=ffff000494b06800 and mm->pgd =ffff000493e97000.
Oct 25 21:35:58 ubuntu lxcfs[1144]:   1: fd:   7: memory
Oct 25 21:35:58 ubuntu kernel: [    9.454831] [mitosis-origin] pgd_free for mm=ffff0004947d5000 and pgd =ffff000494733000 and mm->pgd=ffff000494733000.
Oct 25 21:35:58 ubuntu kernel: [    9.456405] [mitosis-origin] pgd_alloc for mm=ffff000494b02000 and mm->pgd =ffff000493eab000.
Oct 25 21:35:58 ubuntu kernel: [    9.458419] [mitosis-origin] pgd_alloc for mm=ffff0004956da400 and mm->pgd =ffff000495278000.
Oct 25 21:35:58 ubuntu kernel: [    9.458663] [mitosis-origin] pgd_alloc for mm=ffff000494b02c00 and mm->pgd =ffff000493ebe000.
Oct 25 21:35:58 ubuntu kernel: [    9.459556] [mitosis-origin] pgd_free for mm=ffff0004956db800 and pgd =ffff000495460000 and mm->pgd=ffff000495460000.
Oct 25 21:35:58 ubuntu kernel: [    9.460922] [mitosis-origin] pgd_alloc for mm=ffff00049399c400 and mm->pgd =ffff00049394b000.
Oct 25 21:35:58 ubuntu kernel: [    9.462935] [mitosis-origin] pgd_alloc for mm=ffff0004956db800 and mm->pgd =ffff000495270000.
Oct 25 21:35:58 ubuntu kernel: [    9.463344] [mitosis-origin] pgd_alloc for mm=ffff00049399f000 and mm->pgd =ffff000493960000.
Oct 25 21:35:58 ubuntu kernel: [    9.464224] [mitosis-origin] pgd_free for mm=ffff0004956da400 and pgd =ffff000495278000 and mm->pgd=ffff000495278000.
Oct 25 21:35:58 ubuntu kernel: [    9.464706] random: fast init done
Oct 25 21:35:58 ubuntu kernel: [    9.465505] [mitosis-origin] pgd_alloc for mm=ffff00049399d800 and mm->pgd =ffff000493973000.
Oct 25 21:35:58 ubuntu kernel: [    9.466019] sd 0:0:0:0: Attached scsi generic sg0 type 0
Oct 25 21:35:58 ubuntu kernel: [    9.466143] sd 0:0:0:0: Power-on or device reset occurred
Oct 25 21:35:58 ubuntu kernel: [    9.466334] sr 0:0:0:1: Power-on or device reset occurred
Oct 25 21:35:58 ubuntu kernel: [    9.466479] sr 0:0:0:1: [sr0] scsi3-mmc drive: 16x/50x cd/rw xa/form2 cdda tray
Oct 25 21:35:58 ubuntu kernel: [    9.466495] cdrom: Uniform CD-ROM driver Revision: 3.20
Oct 25 21:35:58 ubuntu kernel: [    9.466755] sd 0:0:0:0: [sda] 31457280 512-byte logical blocks: (16.1 GB/15.0 GiB)
Oct 25 21:35:58 ubuntu kernel: [    9.467331] [mitosis-origin] pgd_alloc for mm=ffff000493998400 and mm->pgd =ffff000493b71000.
Oct 25 21:35:58 ubuntu kernel: [    9.467915] sd 0:0:0:0: [sda] Write Protect is off
Oct 25 21:35:58 ubuntu kernel: [    9.468142] [mitosis-origin] pgd_free for mm=ffff000495811800 and pgd =ffff00049548b000 and mm->pgd=ffff00049548b000.
Oct 25 21:35:58 ubuntu kernel: [    9.468153] [mitosis-origin] pgd_free for mm=ffff0004950b7800 and pgd =ffff0004950f7000 and mm->pgd=ffff0004950f7000.
Oct 25 21:35:58 ubuntu kernel: [    9.468195] [mitosis-origin] pgd_free for mm=ffff0004950b5c00 and pgd =ffff00049545e000 and mm->pgd=ffff00049545e000.
Oct 25 21:35:58 ubuntu kernel: [    9.468260] [mitosis-origin] pgd_free for mm=ffff0004950b3400 and pgd =ffff0004950e4000 and mm->pgd=ffff0004950e4000.
Oct 25 21:35:58 ubuntu kernel: [    9.468285] [mitosis-origin] pgd_free for mm=ffff0004950b3000 and pgd =ffff00049510b000 and mm->pgd=ffff00049510b000.
Oct 25 21:35:58 ubuntu kernel: [    9.468440] [mitosis-origin] pgd_free for mm=ffff00049542a800 and pgd =ffff0004de4a1000 and mm->pgd=ffff0004de4a1000.
Oct 25 21:35:58 ubuntu kernel: [    9.468584] [mitosis-origin] pgd_free for mm=ffff0004956db800 and pgd =ffff000495270000 and mm->pgd=ffff000495270000.
Oct 25 21:35:58 ubuntu kernel: [    9.468953] [mitosis-origin] pgd_alloc for mm=ffff00049399e000 and mm->pgd =ffff000493b85000.
Oct 25 21:35:58 ubuntu kernel: [    9.468996] sd 0:0:0:0: [sda] Mode Sense: 63 00 00 08
Oct 25 21:35:58 ubuntu kernel: [    9.469473] [mitosis-origin] pgd_alloc for mm=ffff000493998000 and mm->pgd =ffff000493b98000.
Oct 25 21:35:58 ubuntu kernel: [    9.470001] [mitosis-origin] pgd_alloc for mm=ffff000493999400 and mm->pgd =ffff00049346a000.
Oct 25 21:35:58 ubuntu kernel: [    9.470070] [mitosis-origin] pgd_alloc for mm=ffff0004950b2c00 and mm->pgd =ffff00049506d000.
Oct 25 21:35:58 ubuntu kernel: [    9.470484] sd 0:0:0:0: [sda] Write cache: enabled, read cache: enabled, doesn't support DPO or FUA
Oct 25 21:35:58 ubuntu kernel: [    9.471262] [mitosis-origin] pgd_alloc for mm=ffff0004950b4400 and mm->pgd =ffff00049381a000.
Oct 25 21:35:58 ubuntu kernel: [    9.471515] [mitosis-origin] pgd_alloc for mm=ffff000493998800 and mm->pgd =ffff00049347d000.
Oct 25 21:35:58 ubuntu kernel: [    9.471652] [mitosis-origin] pgd_free for mm=ffff000495758400 and pgd =ffff0004951d9000 and mm->pgd=ffff0004951d9000.
Oct 25 21:35:58 ubuntu kernel: [    9.472585] [mitosis-origin] pgd_free for mm=ffff0004950b2c00 and pgd =ffff00049506d000 and mm->pgd=ffff00049506d000.
