Oct 26 09:54:29 ubuntu systemd-modules-load[828]: Inserted module 'iscsi_tcp'
Oct 26 09:54:29 ubuntu kernel: [    0.000000] Booting Linux on physical CPU 0x0000000000 [0x481fd010]
Oct 26 09:54:29 ubuntu systemd-modules-load[828]: Inserted module 'ib_iser'
Oct 26 09:54:29 ubuntu kernel: [    0.000000] Linux version 5.7.1 (root@ubuntu) (gcc version 7.5.0 (Ubuntu/Linaro 7.5.0-3ubuntu1~18.04), GNU ld (GNU Binutils for Ubuntu) 2.30) #1 SMP Sun Oct 25 21:10:33 CST 2020
Oct 26 09:54:29 ubuntu lvm[848]:   2 logical volume(s) in volume group "ubuntu-vg" monitored
Oct 26 09:54:29 ubuntu kernel: [    0.000000] efi: EFI v2.70 by EDK II
Oct 26 09:54:29 ubuntu systemd[1]: Started Monitoring of LVM2 mirrors, snapshots etc. using dmeventd or progress polling.
Oct 26 09:54:29 ubuntu kernel: [    0.000000] efi:  SMBIOS 3.0=0x53f710000  ACPI 2.0=0x53c020000  MEMATTR=0x53cc7ca98  MEMRESERVE=0x53becd018 
Oct 26 09:54:29 ubuntu kernel: [    0.000000] cma: Reserved 32 MiB at 0x00000000fe000000
Oct 26 09:54:29 ubuntu kernel: [    0.000000] ACPI: Early table checksum verification disabled
Oct 26 09:54:29 ubuntu systemd[1]: Started Create Static Device Nodes in /dev.
Oct 26 09:54:29 ubuntu kernel: [    0.000000] ACPI: RSDP 0x000000053C020000 000024 (v02 BOCHS )
Oct 26 09:54:29 ubuntu systemd[1]: Started Load/Save Random Seed.
Oct 26 09:54:29 ubuntu kernel: [    0.000000] ACPI: XSDT 0x000000053BED0000 000054 (v01 BOCHS  BXPCFACP 00000001      01000013)
Oct 26 09:54:29 ubuntu kernel: [    0.000000] ACPI: FACP 0x000000053BE90000 00010C (v05 BOCHS  BXPCFACP 00000001 BXPC 00000001)
Oct 26 09:54:29 ubuntu kernel: [    0.000000] ACPI: DSDT 0x000000053BEA0000 001523 (v02 BOCHS  BXPCDSDT 00000001 BXPC 00000001)
Oct 26 09:54:29 ubuntu kernel: [    0.000000] ACPI: APIC 0x000000053BE80000 0009E8 (v03 BOCHS  BXPCAPIC 00000001 BXPC 00000001)
Oct 26 09:54:29 ubuntu systemd[1]: Started Apply Kernel Variables.
Oct 26 09:54:29 ubuntu kernel: [    0.000000] ACPI: GTDT 0x000000053BE70000 000060 (v02 BOCHS  BXPCGTDT 00000001 BXPC 00000001)
Oct 26 09:54:29 ubuntu systemd[1]: Started udev Coldplug all Devices.
Oct 26 09:54:29 ubuntu kernel: [    0.000000] ACPI: MCFG 0x000000053BE60000 00003C (v01 BOCHS  BXPCMCFG 00000001 BXPC 00000001)
Oct 26 09:54:29 ubuntu systemd[1]: Mounted FUSE Control File System.
Oct 26 09:54:29 ubuntu kernel: [    0.000000] ACPI: SPCR 0x000000053BE50000 000050 (v02 BOCHS  BXPCSPCR 00000001 BXPC 00000001)
Oct 26 09:54:29 ubuntu kernel: [    0.000000] ACPI: IORT 0x000000053BE40000 00007C (v00 BOCHS  BXPCIORT 00000001 BXPC 00000001)
Oct 26 09:54:29 ubuntu systemd[1]: Mounted Kernel Configuration File System.
Oct 26 09:54:29 ubuntu kernel: [    0.000000] ACPI: SPCR: console: pl011,mmio,0x9000000,9600
Oct 26 09:54:29 ubuntu kernel: [    0.000000] ACPI: NUMA: Failed to initialise from firmware
Oct 26 09:54:29 ubuntu kernel: [    0.000000] NUMA: Faking a node at [mem 0x0000000040000000-0x000000053fffffff]
Oct 26 09:54:29 ubuntu systemd[1]: Starting udev Kernel Device Manager...
Oct 26 09:54:29 ubuntu kernel: [    0.000000] NUMA: NODE_DATA [mem 0x53d409300-0x53d40cfff]
Oct 26 09:54:29 ubuntu kernel: [    0.000000] Zone ranges:
Oct 26 09:54:29 ubuntu systemd[1]: Reached target Local File Systems (Pre).
Oct 26 09:54:29 ubuntu systemd[1]: Starting Flush Journal to Persistent Storage...
Oct 26 09:54:29 ubuntu systemd[1]: Started udev Kernel Device Manager.
Oct 26 09:54:29 ubuntu systemd[1]: Started Dispatch Password Requests to Console Directory Watch.
Oct 26 09:54:29 ubuntu systemd[1]: Reached target Local Encrypted Volumes.
Oct 26 09:54:29 ubuntu systemd[1]: Started Flush Journal to Persistent Storage.
Oct 26 09:54:29 ubuntu systemd[1]: Found device /dev/ttyAMA0.
Oct 26 09:54:29 ubuntu systemd-udevd[884]: link_config: autonegotiation is unset or enabled, the speed and duplex are not writable.
Oct 26 09:54:29 ubuntu kernel: [    0.000000]   DMA      [mem 0x0000000040000000-0x000000007fffffff]
Oct 26 09:54:29 ubuntu systemd[1]: Listening on Load/Save RF Kill Switch Status /dev/rfkill Watch.
Oct 26 09:54:29 ubuntu kernel: [    0.000000]   DMA32    [mem 0x0000000080000000-0x00000000ffffffff]
Oct 26 09:54:29 ubuntu systemd-udevd[937]: link_config: autonegotiation is unset or enabled, the speed and duplex are not writable.
Oct 26 09:54:29 ubuntu kernel: [    0.000000]   Normal   [mem 0x0000000100000000-0x000000053fffffff]
Oct 26 09:54:29 ubuntu systemd[1]: Found device /dev/mapper/ubuntu--vg-swap_1.
Oct 26 09:54:29 ubuntu kernel: [    0.000000] Movable zone start for each node
Oct 26 09:54:29 ubuntu systemd[1]: Activating swap /dev/mapper/ubuntu--vg-swap_1...
Oct 26 09:54:29 ubuntu kernel: [    0.000000] Early memory node ranges
Oct 26 09:54:29 ubuntu systemd[1]: Activated swap /dev/mapper/ubuntu--vg-swap_1.
Oct 26 09:54:29 ubuntu kernel: [    0.000000]   node   0: [mem 0x0000000040000000-0x000000053bedffff]
Oct 26 09:54:29 ubuntu kernel: [    0.000000]   node   0: [mem 0x000000053bee0000-0x000000053bffffff]
Oct 26 09:54:29 ubuntu kernel: [    0.000000]   node   0: [mem 0x000000053c000000-0x000000053c02ffff]
Oct 26 09:54:29 ubuntu systemd[1]: Found device QEMU_HARDDISK 1.
Oct 26 09:54:29 ubuntu systemd[1]: Starting File System Check on /dev/disk/by-uuid/5EA9-3D4C...
Oct 26 09:54:29 ubuntu systemd[1]: Reached target Swap.
Oct 26 09:54:29 ubuntu systemd[1]: Created slice system-lvm2\x2dpvscan.slice.
Oct 26 09:54:29 ubuntu kernel: [    0.000000]   node   0: [mem 0x000000053c030000-0x000000053c0affff]
Oct 26 09:54:29 ubuntu systemd[1]: Starting LVM2 PV scan on device 8:2...
Oct 26 09:54:29 ubuntu kernel: [    0.000000]   node   0: [mem 0x000000053c0b0000-0x000000053f57ffff]
Oct 26 09:54:29 ubuntu kernel: [    0.000000]   node   0: [mem 0x000000053f580000-0x000000053f95ffff]
Oct 26 09:54:29 ubuntu systemd[1]: Started File System Check Daemon to report status.
Oct 26 09:54:29 ubuntu systemd-fsck[1031]: fsck.fat 4.1 (2017-01-24)
Oct 26 09:54:29 ubuntu kernel: [    0.000000]   node   0: [mem 0x000000053f960000-0x000000053fffffff]
Oct 26 09:54:29 ubuntu kernel: [    0.000000] Zeroed struct page in unavailable ranges: 544 pages
Oct 26 09:54:29 ubuntu kernel: [    0.000000] Initmem setup node 0 [mem 0x0000000040000000-0x000000053fffffff]
Oct 26 09:54:29 ubuntu systemd-fsck[1031]: /dev/sda1: 5 files, 41/65501 clusters
Oct 26 09:54:29 ubuntu lvm[1032]:   2 logical volume(s) in volume group "ubuntu-vg" now active
Oct 26 09:54:29 ubuntu systemd[1]: Started File System Check on /dev/disk/by-uuid/5EA9-3D4C.
Oct 26 09:54:29 ubuntu kernel: [    0.000000] On node 0 totalpages: 5242880
Oct 26 09:54:29 ubuntu systemd[1]: Started LVM2 PV scan on device 8:2.
Oct 26 09:54:29 ubuntu systemd[1]: Mounting /boot/efi...
Oct 26 09:54:29 ubuntu kernel: [    0.000000]   DMA zone: 5120 pages used for memmap
Oct 26 09:54:29 ubuntu kernel: [    0.000000]   DMA zone: 0 pages reserved
Oct 26 09:54:29 ubuntu kernel: [    0.000000]   DMA zone: 262144 pages, LIFO batch:63
Oct 26 09:54:29 ubuntu kernel: [    0.000000]   DMA32 zone: 10240 pages used for memmap
Oct 26 09:54:29 ubuntu kernel: [    0.000000]   DMA32 zone: 524288 pages, LIFO batch:63
Oct 26 09:54:29 ubuntu kernel: [    0.000000]   Normal zone: 87040 pages used for memmap
Oct 26 09:54:29 ubuntu kernel: [    0.000000]   Normal zone: 4456448 pages, LIFO batch:63
Oct 26 09:54:29 ubuntu systemd[1]: Mounted /boot/efi.
Oct 26 09:54:29 ubuntu kernel: [    0.000000] psci: probing for conduit method from ACPI.
Oct 26 09:54:29 ubuntu kernel: [    0.000000] psci: PSCIv1.0 detected in firmware.
Oct 26 09:54:29 ubuntu kernel: [    0.000000] psci: Using standard PSCI v0.2 function IDs
Oct 26 09:54:29 ubuntu kernel: [    0.000000] psci: Trusted OS migration not required
Oct 26 09:54:29 ubuntu kernel: [    0.000000] psci: SMC Calling Convention v1.1
Oct 26 09:54:29 ubuntu kernel: [    0.000000] ACPI: SRAT not present
Oct 26 09:54:29 ubuntu kernel: [    0.000000] percpu: Embedded 33 pages/cpu s94616 r8192 d32360 u135168
Oct 26 09:54:29 ubuntu systemd[1]: Reached target Local File Systems.
Oct 26 09:54:29 ubuntu systemd[1]: Starting Create Volatile Files and Directories...
Oct 26 09:54:29 ubuntu kernel: [    0.000000] pcpu-alloc: s94616 r8192 d32360 u135168 alloc=33*4096
Oct 26 09:54:29 ubuntu systemd[1]: Starting Tell Plymouth To Write Out Runtime Data...
Oct 26 09:54:29 ubuntu kernel: [    0.000000] pcpu-alloc: [0] 00 [0] 01 [0] 02 [0] 03 [0] 04 [0] 05 [0] 06 [0] 07 
Oct 26 09:54:29 ubuntu systemd[1]: Starting Set console font and keymap...
Oct 26 09:54:29 ubuntu kernel: [    0.000000] pcpu-alloc: [0] 08 [0] 09 [0] 10 [0] 11 [0] 12 [0] 13 [0] 14 [0] 15 
Oct 26 09:54:29 ubuntu kernel: [    0.000000] pcpu-alloc: [0] 16 [0] 17 [0] 18 [0] 19 [0] 20 [0] 21 [0] 22 [0] 23 
Oct 26 09:54:29 ubuntu kernel: [    0.000000] pcpu-alloc: [0] 24 [0] 25 [0] 26 [0] 27 [0] 28 [0] 29 [0] 30 [0] 31 
Oct 26 09:54:29 ubuntu kernel: [    0.000000] Detected VIPT I-cache on CPU0
Oct 26 09:54:29 ubuntu kernel: [    0.000000] CPU features: detected: GIC system register CPU interface
Oct 26 09:54:29 ubuntu kernel: [    0.000000] CPU features: detected: Hardware dirty bit management
Oct 26 09:54:29 ubuntu systemd[1]: Starting AppArmor initialization...
Oct 26 09:54:29 ubuntu kernel: [    0.000000] Built 1 zonelists, mobility grouping on.  Total pages: 5140480
Oct 26 09:54:29 ubuntu kernel: [    0.000000] Policy zone: Normal
Oct 26 09:54:29 ubuntu kernel: [    0.000000] Kernel command line: BOOT_IMAGE=/boot/vmlinuz-5.7.1 root=/dev/mapper/ubuntu--vg-root ro
Oct 26 09:54:29 ubuntu kernel: [    0.000000] Dentry cache hash table entries: 4194304 (order: 13, 33554432 bytes, linear)
Oct 26 09:54:29 ubuntu kernel: [    0.000000] Inode-cache hash table entries: 2097152 (order: 12, 16777216 bytes, linear)
Oct 26 09:54:29 ubuntu kernel: [    0.000000] mem auto-init: stack:off, heap alloc:on, heap free:off
Oct 26 09:54:29 ubuntu kernel: [    0.000000] software IO TLB: mapped [mem 0x7bfff000-0x7ffff000] (64MB)
Oct 26 09:54:29 ubuntu kernel: [    0.000000] Memory: 20269608K/20971520K available (14204K kernel code, 2354K rwdata, 6868K rodata, 7040K init, 1132K bss, 669144K reserved, 32768K cma-reserved)
Oct 26 09:54:29 ubuntu kernel: [    0.000000] random: get_random_u64 called from __kmem_cache_create+0x54/0x5d8 with crng_init=0
Oct 26 09:54:29 ubuntu kernel: [    0.000000] SLUB: HWalign=64, Order=0-3, MinObjects=0, CPUs=32, Nodes=1
Oct 26 09:54:29 ubuntu kernel: [    0.000000] ftrace: allocating 46106 entries in 181 pages
Oct 26 09:54:29 ubuntu kernel: [    0.000000] ftrace: allocated 181 pages with 5 groups
Oct 26 09:54:29 ubuntu systemd[1]: Starting ebtables ruleset management...
Oct 26 09:54:29 ubuntu kernel: [    0.000000] rcu: Hierarchical RCU implementation.
Oct 26 09:54:29 ubuntu systemd[1]: Started Tell Plymouth To Write Out Runtime Data.
Oct 26 09:54:29 ubuntu kernel: [    0.000000] rcu: 	RCU restricting CPUs from NR_CPUS=256 to nr_cpu_ids=32.
Oct 26 09:54:29 ubuntu kernel: [    0.000000] 	Tasks RCU enabled.
Oct 26 09:54:29 ubuntu kernel: [    0.000000] rcu: RCU calculated value of scheduler-enlistment delay is 25 jiffies.
Oct 26 09:54:29 ubuntu systemd[1]: Started Set console font and keymap.
Oct 26 09:54:29 ubuntu kernel: [    0.000000] rcu: Adjusting geometry for rcu_fanout_leaf=16, nr_cpu_ids=32
Oct 26 09:54:29 ubuntu kernel: [    0.000000] NR_IRQS: 64, nr_irqs: 64, preallocated irqs: 0
Oct 26 09:54:29 ubuntu kernel: [    0.000000] GICv3: 256 SPIs implemented
Oct 26 09:54:29 ubuntu kernel: [    0.000000] GICv3: 0 Extended SPIs implemented
Oct 26 09:54:29 ubuntu kernel: [    0.000000] GICv3: Distributor has no Range Selector support
Oct 26 09:54:29 ubuntu systemd[1]: Started Create Volatile Files and Directories.
Oct 26 09:54:29 ubuntu kernel: [    0.000000] GICv3: 16 PPIs implemented
Oct 26 09:54:29 ubuntu kernel: [    0.000000] GICv3: CPU0: found redistributor 0 region 0:0x00000000080a0000
Oct 26 09:54:29 ubuntu systemd[1]: Starting Network Time Synchronization...
Oct 26 09:54:29 ubuntu kernel: [    0.000000] ACPI: SRAT not present
Oct 26 09:54:29 ubuntu kernel: [    0.000000] ITS [mem 0x08080000-0x0809ffff]
Oct 26 09:54:29 ubuntu kernel: [    0.000000] ITS@0x0000000008080000: allocated 8192 Devices @53ca00000 (indirect, esz 8, psz 64K, shr 1)
Oct 26 09:54:29 ubuntu kernel: [    0.000000] ITS@0x0000000008080000: allocated 8192 Interrupt Collections @53ca10000 (flat, esz 8, psz 64K, shr 1)
Oct 26 09:54:29 ubuntu systemd[1]: Starting Update UTMP about System Boot/Shutdown...
Oct 26 09:54:29 ubuntu kernel: [    0.000000] GICv3: using LPI property table @0x000000053ca20000
Oct 26 09:54:29 ubuntu apparmor[1043]:  * Starting AppArmor profiles
Oct 26 09:54:29 ubuntu kernel: [    0.000000] GICv3: CPU0: using allocated LPI pending table @0x000000053ca30000
Oct 26 09:54:29 ubuntu kernel: [    0.000000] arch_timer: cp15 timer(s) running at 100.00MHz (virt).
Oct 26 09:54:29 ubuntu kernel: [    0.000000] clocksource: arch_sys_counter: mask: 0xffffffffffffff max_cycles: 0x171024e7e0, max_idle_ns: 440795205315 ns
Oct 26 09:54:29 ubuntu kernel: [    0.000002] sched_clock: 56 bits at 100MHz, resolution 10ns, wraps every 4398046511100ns
Oct 26 09:54:29 ubuntu systemd[1]: Started Update UTMP about System Boot/Shutdown.
Oct 26 09:54:29 ubuntu kernel: [    0.000274] Console: colour dummy device 80x25
Oct 26 09:54:29 ubuntu kernel: [    0.000353] ACPI: Core revision 20200326
Oct 26 09:54:29 ubuntu systemd[1]: Started ebtables ruleset management.
Oct 26 09:54:29 ubuntu kernel: [    0.000507] Calibrating delay loop (skipped), value calculated using timer frequency.. 200.00 BogoMIPS (lpj=400000)
Oct 26 09:54:29 ubuntu kernel: [    0.000510] pid_max: default: 32768 minimum: 301
Oct 26 09:54:29 ubuntu systemd[1]: Reached target Network (Pre).
Oct 26 09:54:29 ubuntu kernel: [    0.000587] LSM: Security Framework initializing
Oct 26 09:54:29 ubuntu systemd[1]: Starting Network Service...
Oct 26 09:54:29 ubuntu kernel: [    0.000611] Yama: becoming mindful.
Oct 26 09:54:29 ubuntu systemd[1]: Started Network Time Synchronization.
Oct 26 09:54:29 ubuntu kernel: [    0.000772] AppArmor: AppArmor initialized
Oct 26 09:54:29 ubuntu kernel: [    0.001261] Mount-cache hash table entries: 65536 (order: 7, 524288 bytes, linear)
Oct 26 09:54:29 ubuntu systemd[1]: Reached target System Time Synchronized.
Oct 26 09:54:29 ubuntu kernel: [    0.001641] Mountpoint-cache hash table entries: 65536 (order: 7, 524288 bytes, linear)
Oct 26 09:54:29 ubuntu systemd-networkd[1079]: Enumeration completed
Oct 26 09:54:29 ubuntu kernel: [    0.003432] ACPI PPTT: No PPTT table found, CPU and cache topology may be inaccurate
Oct 26 09:54:29 ubuntu kernel: [    0.003782] rcu: Hierarchical SRCU implementation.
Oct 26 09:54:29 ubuntu kernel: [    0.004767] Platform MSI: ITS@0x8080000 domain created
Oct 26 09:54:29 ubuntu kernel: [    0.004786] PCI/MSI: ITS@0x8080000 domain created
Oct 26 09:54:29 ubuntu systemd[1]: Started Network Service.
Oct 26 09:54:29 ubuntu kernel: [    0.004838] Remapping and enabling EFI services.
Oct 26 09:54:29 ubuntu kernel: [    0.004852] [mitosis-origin] pgd_alloc for mm=ffff800011dcda40 and mm->pgd =ffff0004df9ba000.
Oct 26 09:54:29 ubuntu kernel: [    0.006215] smp: Bringing up secondary CPUs ...
Oct 26 09:54:29 ubuntu kernel: [    0.122736] Detected VIPT I-cache on CPU1
Oct 26 09:54:29 ubuntu kernel: [    0.122754] GICv3: CPU1: found redistributor 1 region 0:0x00000000080c0000
Oct 26 09:54:29 ubuntu kernel: [    0.122942] GICv3: CPU1: using allocated LPI pending table @0x000000053ca40000
Oct 26 09:54:29 ubuntu kernel: [    0.122974] CPU1: Booted secondary processor 0x0000000001 [0x481fd010]
Oct 26 09:54:29 ubuntu systemd-networkd[1079]: lo: Link is not managed by us
Oct 26 09:54:29 ubuntu systemd[1]: Starting Wait for Network to be Configured...
Oct 26 09:54:29 ubuntu apparmor[1043]: Skipping profile in /etc/apparmor.d/disable: usr.sbin.rsyslogd
Oct 26 09:54:29 ubuntu systemd[1]: Starting Network Name Resolution...
Oct 26 09:54:29 ubuntu systemd-networkd-wait-online[1108]: ignoring: lo
Oct 26 09:54:29 ubuntu kernel: [    0.400262] Detected VIPT I-cache on CPU2
Oct 26 09:54:29 ubuntu kernel: [    0.400293] GICv3: CPU2: found redistributor 2 region 0:0x00000000080e0000
Oct 26 09:54:29 ubuntu kernel: [    0.400603] GICv3: CPU2: using allocated LPI pending table @0x000000053ca50000
Oct 26 09:54:29 ubuntu kernel: [    0.400646] CPU2: Booted secondary processor 0x0000000002 [0x481fd010]
Oct 26 09:54:29 ubuntu kernel: [    0.673348] Detected VIPT I-cache on CPU3
Oct 26 09:54:29 ubuntu kernel: [    0.673380] GICv3: CPU3: found redistributor 3 region 0:0x0000000008100000
Oct 26 09:54:29 ubuntu kernel: [    0.673657] GICv3: CPU3: using allocated LPI pending table @0x000000053ca60000
Oct 26 09:54:29 ubuntu kernel: [    0.673700] CPU3: Booted secondary processor 0x0000000003 [0x481fd010]
Oct 26 09:54:29 ubuntu kernel: [    0.781959] Detected VIPT I-cache on CPU4
Oct 26 09:54:29 ubuntu kernel: [    0.781997] GICv3: CPU4: found redistributor 4 region 0:0x0000000008120000
Oct 26 09:54:29 ubuntu apparmor[1043]:    ...done.
Oct 26 09:54:29 ubuntu kernel: [    0.782368] GICv3: CPU4: using allocated LPI pending table @0x000000053ca70000
Oct 26 09:54:29 ubuntu systemd[1]: Started AppArmor initialization.
Oct 26 09:54:29 ubuntu systemd[1]: Reached target System Initialization.
Oct 26 09:54:29 ubuntu kernel: [    0.782434] CPU4: Booted secondary processor 0x0000000004 [0x481fd010]
Oct 26 09:54:29 ubuntu systemd[1]: Started Daily apt download activities.
Oct 26 09:54:29 ubuntu kernel: [    1.053559] Detected VIPT I-cache on CPU5
Oct 26 09:54:29 ubuntu kernel: [    1.053583] GICv3: CPU5: found redistributor 5 region 0:0x0000000008140000
Oct 26 09:54:29 ubuntu kernel: [    1.053812] GICv3: CPU5: using allocated LPI pending table @0x000000053ca80000
Oct 26 09:54:29 ubuntu systemd[1]: Started Message of the Day.
Oct 26 09:54:29 ubuntu kernel: [    1.053846] CPU5: Booted secondary processor 0x0000000005 [0x481fd010]
Oct 26 09:54:29 ubuntu kernel: [    1.158749] Detected VIPT I-cache on CPU6
Oct 26 09:54:29 ubuntu kernel: [    1.158822] GICv3: CPU6: found redistributor 6 region 0:0x0000000008160000
Oct 26 09:54:29 ubuntu kernel: [    1.159275] GICv3: CPU6: using allocated LPI pending table @0x000000053ca90000
Oct 26 09:54:29 ubuntu kernel: [    1.159372] CPU6: Booted secondary processor 0x0000000006 [0x481fd010]
Oct 26 09:54:29 ubuntu kernel: [    1.435332] Detected VIPT I-cache on CPU7
Oct 26 09:54:29 ubuntu systemd-networkd[1079]: enp1s0: Gained carrier
Oct 26 09:54:29 ubuntu kernel: [    1.435370] GICv3: CPU7: found redistributor 7 region 0:0x0000000008180000
Oct 26 09:54:29 ubuntu kernel: [    1.435643] GICv3: CPU7: using allocated LPI pending table @0x000000053caa0000
Oct 26 09:54:29 ubuntu systemd[1]: Listening on Open-iSCSI iscsid Socket.
Oct 26 09:54:29 ubuntu systemd-networkd-wait-online[1108]: ignoring: lo
Oct 26 09:54:29 ubuntu kernel: [    1.435685] CPU7: Booted secondary processor 0x0000000007 [0x481fd010]
Oct 26 09:54:29 ubuntu kernel: [    1.543437] Detected VIPT I-cache on CPU8
Oct 26 09:54:29 ubuntu systemd-timesyncd[1050]: Network configuration changed, trying to establish connection.
Oct 26 09:54:29 ubuntu systemd-networkd-wait-online[1108]: ignoring: lo
Oct 26 09:54:29 ubuntu kernel: [    1.543495] GICv3: CPU8: found redistributor 8 region 0:0x00000000081a0000
Oct 26 09:54:29 ubuntu systemd[1]: Listening on ACPID Listen Socket.
Oct 26 09:54:29 ubuntu kernel: [    1.543861] GICv3: CPU8: using allocated LPI pending table @0x000000053cab0000
Oct 26 09:54:29 ubuntu kernel: [    1.543919] CPU8: Booted secondary processor 0x0000000008 [0x481fd010]
Oct 26 09:54:29 ubuntu kernel: [    1.822631] Detected VIPT I-cache on CPU9
Oct 26 09:54:29 ubuntu systemd[1]: Listening on UUID daemon activation socket.
Oct 26 09:54:29 ubuntu systemd[1]: Starting Socket activation for snappy daemon.
Oct 26 09:54:29 ubuntu systemd[1]: Started Discard unused blocks once a week.
Oct 26 09:54:29 ubuntu kernel: [    1.822657] GICv3: CPU9: found redistributor 9 region 0:0x00000000081c0000
Oct 26 09:54:29 ubuntu kernel: [    1.822888] GICv3: CPU9: using allocated LPI pending table @0x000000053cac0000
Oct 26 09:54:29 ubuntu systemd[1]: Started Daily Cleanup of Temporary Directories.
Oct 26 09:54:29 ubuntu kernel: [    1.822913] CPU9: Booted secondary processor 0x0000000009 [0x481fd010]
Oct 26 09:54:29 ubuntu systemd[1]: Starting LXD - unix socket.
Oct 26 09:54:29 ubuntu systemd[1]: Started ACPI Events Check.
Oct 26 09:54:29 ubuntu kernel: [    2.097130] Detected VIPT I-cache on CPU10
Oct 26 09:54:29 ubuntu kernel: [    2.097168] GICv3: CPU10: found redistributor a region 0:0x00000000081e0000
Oct 26 09:54:29 ubuntu systemd[1]: Reached target Paths.
Oct 26 09:54:29 ubuntu kernel: [    2.097385] GICv3: CPU10: using allocated LPI pending table @0x000000053cad0000
Oct 26 09:54:29 ubuntu kernel: [    2.097424] CPU10: Booted secondary processor 0x000000000a [0x481fd010]
Oct 26 09:54:29 ubuntu kernel: [    2.376542] Detected VIPT I-cache on CPU11
Oct 26 09:54:29 ubuntu systemd[1]: Listening on D-Bus System Message Bus Socket.
Oct 26 09:54:29 ubuntu kernel: [    2.376596] GICv3: CPU11: found redistributor b region 0:0x0000000008200000
Oct 26 09:54:29 ubuntu kernel: [    2.376851] GICv3: CPU11: using allocated LPI pending table @0x000000053cae0000
Oct 26 09:54:29 ubuntu kernel: [    2.376889] CPU11: Booted secondary processor 0x000000000b [0x481fd010]
Oct 26 09:54:29 ubuntu systemd[1]: Started Daily apt upgrade and clean activities.
Oct 26 09:54:29 ubuntu kernel: [    2.490694] Detected VIPT I-cache on CPU12
Oct 26 09:54:29 ubuntu kernel: [    2.490769] GICv3: CPU12: found redistributor c region 0:0x0000000008220000
Oct 26 09:54:29 ubuntu kernel: [    2.491134] GICv3: CPU12: using allocated LPI pending table @0x000000053caf0000
Oct 26 09:54:29 ubuntu kernel: [    2.491192] CPU12: Booted secondary processor 0x000000000c [0x481fd010]
Oct 26 09:54:29 ubuntu systemd[1]: Reached target Timers.
Oct 26 09:54:29 ubuntu kernel: [    2.768455] Detected VIPT I-cache on CPU13
Oct 26 09:54:29 ubuntu systemd[1]: Listening on Socket activation for snappy daemon.
Oct 26 09:54:29 ubuntu systemd[1]: Listening on LXD - unix socket.
Oct 26 09:54:29 ubuntu systemd[1]: Reached target Sockets.
Oct 26 09:54:29 ubuntu systemd[1]: Reached target Basic System.
Oct 26 09:54:29 ubuntu kernel: [    2.768514] GICv3: CPU13: found redistributor d region 0:0x0000000008240000
Oct 26 09:54:29 ubuntu systemd[1]: Started Regular background program processing daemon.
Oct 26 09:54:29 ubuntu kernel: [    2.768734] GICv3: CPU13: using allocated LPI pending table @0x000000053cb00000
Oct 26 09:54:29 ubuntu kernel: [    2.768760] CPU13: Booted secondary processor 0x000000000d [0x481fd010]
Oct 26 09:54:29 ubuntu kernel: [    2.877130] Detected VIPT I-cache on CPU14
Oct 26 09:54:29 ubuntu kernel: [    2.877234] GICv3: CPU14: found redistributor e region 0:0x0000000008260000
Oct 26 09:54:29 ubuntu kernel: [    2.877569] GICv3: CPU14: using allocated LPI pending table @0x000000053cb10000
Oct 26 09:54:29 ubuntu systemd[1]: Started D-Bus System Message Bus.
Oct 26 09:54:29 ubuntu kernel: [    2.877630] CPU14: Booted secondary processor 0x000000000e [0x481fd010]
Oct 26 09:54:29 ubuntu kernel: [    3.059685] Detected VIPT I-cache on CPU15
Oct 26 09:54:29 ubuntu kernel: [    3.059727] GICv3: CPU15: found redistributor f region 0:0x0000000008280000
Oct 26 09:54:29 ubuntu kernel: [    3.059967] GICv3: CPU15: using allocated LPI pending table @0x000000053cb20000
Oct 26 09:54:29 ubuntu kernel: [    3.059997] CPU15: Booted secondary processor 0x000000000f [0x481fd010]
Oct 26 09:54:29 ubuntu kernel: [    3.261349] Detected VIPT I-cache on CPU16
Oct 26 09:54:29 ubuntu kernel: [    3.261395] GICv3: CPU16: found redistributor 100 region 0:0x00000000082a0000
Oct 26 09:54:29 ubuntu kernel: [    3.261613] GICv3: CPU16: using allocated LPI pending table @0x000000053cb30000
Oct 26 09:54:29 ubuntu systemd-resolved[1117]: Positive Trust Anchors:
Oct 26 09:54:29 ubuntu kernel: [    3.261654] CPU16: Booted secondary processor 0x0000000100 [0x481fd010]
Oct 26 09:54:29 ubuntu systemd-resolved[1117]: . IN DS 19036 8 2 49aac11d7b6f6446702e54a1607371607a1a41855200fd2ce1cdde32f24e8fb5
Oct 26 09:54:29 ubuntu kernel: [    3.538583] Detected VIPT I-cache on CPU17
Oct 26 09:54:29 ubuntu systemd-resolved[1117]: . IN DS 20326 8 2 e06d44b80b8f1d39a95c0b0d7c65d08458e880409bbc683457104237c7f8ec8d
Oct 26 09:54:29 ubuntu kernel: [    3.538668] GICv3: CPU17: found redistributor 101 region 0:0x00000000082c0000
Oct 26 09:54:29 ubuntu kernel: [    3.538919] GICv3: CPU17: using allocated LPI pending table @0x000000053cb40000
Oct 26 09:54:29 ubuntu kernel: [    3.538952] CPU17: Booted secondary processor 0x0000000101 [0x481fd010]
Oct 26 09:54:29 ubuntu systemd-resolved[1117]: Negative trust anchors: 10.in-addr.arpa 16.172.in-addr.arpa 17.172.in-addr.arpa 18.172.in-addr.arpa 19.172.in-addr.arpa 20.172.in-addr.arpa 21.172.in-addr.arpa 22.172.in-addr.arpa 23.172.in-addr.arpa 24.172.in-addr.arpa 25.172.in-addr.arpa 26.172.in-addr.arpa 27.172.in-addr.arpa 28.172.in-addr.arpa 29.172.in-addr.arpa 30.172.in-addr.arpa 31.172.in-addr.arpa 168.192.in-addr.arpa d.f.ip6.arpa corp home internal intranet lan local private test
Oct 26 09:54:29 ubuntu cron[1122]: (CRON) INFO (pidfile fd = 3)
Oct 26 09:54:29 ubuntu kernel: [    3.658482] Detected VIPT I-cache on CPU18
Oct 26 09:54:29 ubuntu kernel: [    3.658533] GICv3: CPU18: found redistributor 102 region 0:0x00000000082e0000
Oct 26 09:54:29 ubuntu systemd-resolved[1117]: Using system hostname 'ubuntu'.
Oct 26 09:54:29 ubuntu kernel: [    3.658766] GICv3: CPU18: using allocated LPI pending table @0x000000053cb50000
Oct 26 09:54:29 ubuntu kernel: [    3.658803] CPU18: Booted secondary processor 0x0000000102 [0x481fd010]
Oct 26 09:54:29 ubuntu kernel: [    3.771289] Detected VIPT I-cache on CPU19
Oct 26 09:54:29 ubuntu kernel: [    3.771342] GICv3: CPU19: found redistributor 103 region 0:0x0000000008300000
Oct 26 09:54:29 ubuntu kernel: [    3.771563] GICv3: CPU19: using allocated LPI pending table @0x000000053cb60000
Oct 26 09:54:29 ubuntu kernel: [    3.771602] CPU19: Booted secondary processor 0x0000000103 [0x481fd010]
Oct 26 09:54:29 ubuntu kernel: [    3.886890] Detected VIPT I-cache on CPU20
Oct 26 09:54:29 ubuntu kernel: [    3.886952] GICv3: CPU20: found redistributor 104 region 0:0x0000000008320000
Oct 26 09:54:29 ubuntu kernel: [    3.887200] GICv3: CPU20: using allocated LPI pending table @0x000000053cb70000
Oct 26 09:54:29 ubuntu kernel: [    3.887243] CPU20: Booted secondary processor 0x0000000104 [0x481fd010]
Oct 26 09:54:29 ubuntu kernel: [    4.182532] Detected VIPT I-cache on CPU21
Oct 26 09:54:29 ubuntu kernel: [    4.182619] GICv3: CPU21: found redistributor 105 region 0:0x0000000008340000
Oct 26 09:54:29 ubuntu kernel: [    4.182845] GICv3: CPU21: using allocated LPI pending table @0x000000053cb80000
Oct 26 09:54:29 ubuntu kernel: [    4.182892] CPU21: Booted secondary processor 0x0000000105 [0x481fd010]
Oct 26 09:54:29 ubuntu kernel: [    4.467014] Detected VIPT I-cache on CPU22
Oct 26 09:54:29 ubuntu kernel: [    4.467073] GICv3: CPU22: found redistributor 106 region 0:0x0000000008360000
Oct 26 09:54:29 ubuntu kernel: [    4.467301] GICv3: CPU22: using allocated LPI pending table @0x000000053cb90000
Oct 26 09:54:29 ubuntu kernel: [    4.467347] CPU22: Booted secondary processor 0x0000000106 [0x481fd010]
Oct 26 09:54:29 ubuntu kernel: [    4.582196] Detected VIPT I-cache on CPU23
Oct 26 09:54:29 ubuntu kernel: [    4.582323] GICv3: CPU23: found redistributor 107 region 0:0x0000000008380000
Oct 26 09:54:29 ubuntu cron[1122]: (CRON) INFO (Running @reboot jobs)
Oct 26 09:54:29 ubuntu kernel: [    4.582650] GICv3: CPU23: using allocated LPI pending table @0x000000053cba0000
Oct 26 09:54:29 ubuntu kernel: [    4.582725] CPU23: Booted secondary processor 0x0000000107 [0x481fd010]
Oct 26 09:54:29 ubuntu systemd[1]: Starting Dispatcher daemon for systemd-networkd...
Oct 26 09:54:29 ubuntu kernel: [    4.696493] Detected VIPT I-cache on CPU24
Oct 26 09:54:29 ubuntu kernel: [    4.696554] GICv3: CPU24: found redistributor 108 region 0:0x00000000083a0000
Oct 26 09:54:29 ubuntu kernel: [    4.696790] GICv3: CPU24: using allocated LPI pending table @0x000000053cbb0000
Oct 26 09:54:29 ubuntu kernel: [    4.696834] CPU24: Booted secondary processor 0x0000000108 [0x481fd010]
Oct 26 09:54:29 ubuntu kernel: [    4.811152] Detected VIPT I-cache on CPU25
Oct 26 09:54:29 ubuntu systemd[1]: Started FUSE filesystem for LXC.
Oct 26 09:54:29 ubuntu kernel: [    4.811227] GICv3: CPU25: found redistributor 109 region 0:0x00000000083c0000
Oct 26 09:54:29 ubuntu systemd[1]: Starting LSB: Record successful boot for GRUB...
Oct 26 09:54:29 ubuntu kernel: [    4.811454] GICv3: CPU25: using allocated LPI pending table @0x000000053cbc0000
Oct 26 09:54:29 ubuntu systemd[1]: Starting Snappy daemon...
Oct 26 09:54:29 ubuntu lxcfs[1125]: mount namespace: 5
Oct 26 09:54:29 ubuntu kernel: [    4.811490] CPU25: Booted secondary processor 0x0000000109 [0x481fd010]
Oct 26 09:54:29 ubuntu lxcfs[1125]: hierarchies:
Oct 26 09:54:29 ubuntu lxcfs[1125]:   0: fd:   6: hugetlb
Oct 26 09:54:29 ubuntu kernel: [    5.091072] Detected VIPT I-cache on CPU26
Oct 26 09:54:29 ubuntu lxcfs[1125]:   1: fd:   7: freezer
Oct 26 09:54:29 ubuntu kernel: [    5.091137] GICv3: CPU26: found redistributor 10a region 0:0x00000000083e0000
Oct 26 09:54:29 ubuntu lxcfs[1125]:   2: fd:   8: cpuset
Oct 26 09:54:29 ubuntu kernel: [    5.091361] GICv3: CPU26: using allocated LPI pending table @0x000000053cbd0000
Oct 26 09:54:29 ubuntu lxcfs[1125]:   3: fd:   9: pids
Oct 26 09:54:29 ubuntu kernel: [    5.091399] CPU26: Booted secondary processor 0x000000010a [0x481fd010]
Oct 26 09:54:29 ubuntu kernel: [    5.377136] Detected VIPT I-cache on CPU27
Oct 26 09:54:29 ubuntu kernel: [    5.377209] GICv3: CPU27: found redistributor 10b region 0:0x0000000008400000
Oct 26 09:54:29 ubuntu lxcfs[1125]:   4: fd:  10: net_cls,net_prio
Oct 26 09:54:29 ubuntu kernel: [    5.377467] GICv3: CPU27: using allocated LPI pending table @0x000000053cbe0000
Oct 26 09:54:29 ubuntu lxcfs[1125]:   5: fd:  11: memory
Oct 26 09:54:29 ubuntu kernel: [    5.377504] CPU27: Booted secondary processor 0x000000010b [0x481fd010]
Oct 26 09:54:29 ubuntu kernel: [    5.494560] Detected VIPT I-cache on CPU28
Oct 26 09:54:29 ubuntu kernel: [    5.494704] GICv3: CPU28: found redistributor 10c region 0:0x0000000008420000
Oct 26 09:54:29 ubuntu kernel: [    5.495199] GICv3: CPU28: using allocated LPI pending table @0x000000053cbf0000
Oct 26 09:54:29 ubuntu kernel: [    5.495266] CPU28: Booted secondary processor 0x000000010c [0x481fd010]
Oct 26 09:54:29 ubuntu kernel: [    5.782113] Detected VIPT I-cache on CPU29
Oct 26 09:54:29 ubuntu kernel: [    5.782178] GICv3: CPU29: found redistributor 10d region 0:0x0000000008440000
Oct 26 09:54:29 ubuntu lxcfs[1125]:   6: fd:  12: perf_event
Oct 26 09:54:29 ubuntu lxcfs[1125]:   7: fd:  13: devices
Oct 26 09:54:29 ubuntu kernel: [    5.782394] GICv3: CPU29: using allocated LPI pending table @0x000000051f800000
Oct 26 09:54:29 ubuntu kernel: [    5.782426] CPU29: Booted secondary processor 0x000000010d [0x481fd010]
Oct 26 09:54:29 ubuntu kernel: [    6.064471] Detected VIPT I-cache on CPU30
Oct 26 09:54:29 ubuntu kernel: [    6.064546] GICv3: CPU30: found redistributor 10e region 0:0x0000000008460000
Oct 26 09:54:29 ubuntu kernel: [    6.064778] GICv3: CPU30: using allocated LPI pending table @0x000000051f810000
Oct 26 09:54:29 ubuntu kernel: [    6.064817] CPU30: Booted secondary processor 0x000000010e [0x481fd010]
Oct 26 09:54:29 ubuntu kernel: [    6.349830] Detected VIPT I-cache on CPU31
Oct 26 09:54:29 ubuntu kernel: [    6.349903] GICv3: CPU31: found redistributor 10f region 0:0x0000000008480000
Oct 26 09:54:29 ubuntu kernel: [    6.350157] GICv3: CPU31: using allocated LPI pending table @0x000000051f820000
Oct 26 09:54:29 ubuntu kernel: [    6.350195] CPU31: Booted secondary processor 0x000000010f [0x481fd010]
Oct 26 09:54:29 ubuntu kernel: [    6.350403] smp: Brought up 1 node, 32 CPUs
Oct 26 09:54:29 ubuntu kernel: [    6.350516] SMP: Total of 32 processors activated.
Oct 26 09:54:29 ubuntu kernel: [    6.350522] CPU features: detected: Privileged Access Never
Oct 26 09:54:29 ubuntu kernel: [    6.350524] CPU features: detected: LSE atomic instructions
Oct 26 09:54:29 ubuntu kernel: [    6.350527] CPU features: detected: User Access Override
Oct 26 09:54:29 ubuntu kernel: [    6.350531] CPU features: detected: Common not Private translations
Oct 26 09:54:29 ubuntu kernel: [    6.350534] CPU features: detected: Data cache clean to Point of Persistence
Oct 26 09:54:29 ubuntu kernel: [    6.350537] CPU features: detected: RAS Extension Support
Oct 26 09:54:29 ubuntu kernel: [    6.350540] CPU features: detected: CRC32 instructions
Oct 26 09:54:29 ubuntu lxcfs[1125]:   8: fd:  14: cpu,cpuacct
Oct 26 09:54:29 ubuntu kernel: [    6.461300] CPU: All CPU(s) started at EL1
Oct 26 09:54:29 ubuntu kernel: [    6.461671] alternatives: patching kernel code
Oct 26 09:54:29 ubuntu kernel: [    6.467998] devtmpfs: initialized
Oct 26 09:54:29 ubuntu kernel: [    6.469686] Registered cp15_barrier emulation handler
Oct 26 09:54:29 ubuntu kernel: [    6.469871] Registered setend emulation handler
Oct 26 09:54:29 ubuntu lxcfs[1125]:   9: fd:  15: blkio
Oct 26 09:54:29 ubuntu kernel: [    6.469876] KASLR disabled due to lack of seed
Oct 26 09:54:29 ubuntu lxcfs[1125]:  10: fd:  16: rdma
Oct 26 09:54:29 ubuntu kernel: [    6.470766] clocksource: jiffies: mask: 0xffffffff max_cycles: 0xffffffff, max_idle_ns: 7645041785100000 ns
Oct 26 09:54:29 ubuntu kernel: [    6.471152] futex hash table entries: 8192 (order: 7, 524288 bytes, linear)
Oct 26 09:54:29 ubuntu kernel: [    6.472563] pinctrl core: initialized pinctrl subsystem
Oct 26 09:54:29 ubuntu kernel: [    6.473212] thermal_sys: Registered thermal governor 'fair_share'
Oct 26 09:54:29 ubuntu lxcfs[1125]:  11: fd:  17: name=systemd
Oct 26 09:54:29 ubuntu kernel: [    6.473213] thermal_sys: Registered thermal governor 'bang_bang'
Oct 26 09:54:29 ubuntu kernel: [    6.473215] thermal_sys: Registered thermal governor 'step_wise'
Oct 26 09:54:29 ubuntu kernel: [    6.473217] thermal_sys: Registered thermal governor 'user_space'
Oct 26 09:54:29 ubuntu kernel: [    6.473348] SMBIOS 3.0.0 present.
Oct 26 09:54:29 ubuntu kernel: [    6.473353] DMI: QEMU KVM Virtual Machine, BIOS 0.0.0 02/06/2015
Oct 26 09:54:29 ubuntu kernel: [    6.474065] NET: Registered protocol family 16
Oct 26 09:54:29 ubuntu kernel: [    6.476479] DMA: preallocated 256 KiB pool for atomic allocations
Oct 26 09:54:29 ubuntu kernel: [    6.476485] audit: initializing netlink subsys (disabled)
Oct 26 09:54:29 ubuntu kernel: [    6.476861] audit: type=2000 audit(6.036:1): state=initialized audit_enabled=0 res=1
Oct 26 09:54:29 ubuntu kernel: [    6.477446] cpuidle: using governor ladder
Oct 26 09:54:29 ubuntu kernel: [    6.477462] cpuidle: using governor menu
Oct 26 09:54:29 ubuntu lxcfs[1125]:  12: fd:  18: unified
Oct 26 09:54:29 ubuntu systemd[1]: Starting System Logging Service...
Oct 26 09:54:29 ubuntu kernel: [    6.477567] hw-breakpoint: found 6 breakpoint and 4 watchpoint registers.
Oct 26 09:54:29 ubuntu kernel: [    6.480123] ASID allocator initialised with 65536 entries
Oct 26 09:54:29 ubuntu kernel: [    6.480262] ACPI: bus type PCI registered
Oct 26 09:54:29 ubuntu systemd[1]: Starting Login Service...
Oct 26 09:54:29 ubuntu kernel: [    6.480273] acpiphp: ACPI Hot Plug PCI Controller Driver version: 0.5
Oct 26 09:54:29 ubuntu kernel: [    6.480487] Serial: AMBA PL011 UART driver
Oct 26 09:54:29 ubuntu kernel: [    6.484691] HugeTLB registered 1.00 GiB page size, pre-allocated 0 pages
Oct 26 09:54:29 ubuntu systemd[1]: Started irqbalance daemon.
Oct 26 09:54:29 ubuntu kernel: [    6.484694] HugeTLB registered 32.0 MiB page size, pre-allocated 0 pages
Oct 26 09:54:29 ubuntu kernel: [    6.484696] HugeTLB registered 2.00 MiB page size, pre-allocated 0 pages
Oct 26 09:54:29 ubuntu systemd[1]: Starting LXD - container startup/shutdown...
Oct 26 09:54:29 ubuntu kernel: [    6.484697] HugeTLB registered 64.0 KiB page size, pre-allocated 0 pages
Oct 26 09:54:29 ubuntu kernel: [    6.501763] ACPI: Added _OSI(Module Device)
Oct 26 09:54:29 ubuntu kernel: [    6.501766] ACPI: Added _OSI(Processor Device)
Oct 26 09:54:29 ubuntu kernel: [    6.501767] ACPI: Added _OSI(3.0 _SCP Extensions)
Oct 26 09:54:29 ubuntu kernel: [    6.501769] ACPI: Added _OSI(Processor Aggregator Device)
Oct 26 09:54:29 ubuntu kernel: [    6.501771] ACPI: Added _OSI(Linux-Dell-Video)
Oct 26 09:54:29 ubuntu kernel: [    6.501773] ACPI: Added _OSI(Linux-Lenovo-NV-HDMI-Audio)
Oct 26 09:54:29 ubuntu kernel: [    6.501774] ACPI: Added _OSI(Linux-HPI-Hybrid-Graphics)
Oct 26 09:54:29 ubuntu kernel: [    6.502626] ACPI: 1 ACPI AML tables successfully acquired and loaded
Oct 26 09:54:29 ubuntu systemd[1]: Started Deferred execution scheduler.
Oct 26 09:54:29 ubuntu kernel: [    6.503182] ACPI: Interpreter enabled
Oct 26 09:54:29 ubuntu kernel: [    6.503184] ACPI: Using GIC for interrupt routing
Oct 26 09:54:29 ubuntu kernel: [    6.503199] ACPI: MCFG table detected, 1 entries
Oct 26 09:54:29 ubuntu rsyslogd: imuxsock: Acquired UNIX socket '/run/systemd/journal/syslog' (fd 3) from systemd.  [v8.32.0]
Oct 26 09:54:29 ubuntu kernel: [    6.507682] ARMH0011:00: ttyAMA0 at MMIO 0x9000000 (irq = 4, base_baud = 0) is a SBSA
Oct 26 09:54:29 ubuntu rsyslogd: rsyslogd's groupid changed to 106
Oct 26 09:54:29 ubuntu kernel: [    6.655515] printk: console [ttyAMA0] enabled
Oct 26 09:54:29 ubuntu kernel: [    6.658256] ACPI: PCI Root Bridge [PCI0] (domain 0000 [bus 00-0f])
Oct 26 09:54:29 ubuntu kernel: [    6.658889] acpi PNP0A08:00: _OSC: OS supports [ExtendedConfig ASPM ClockPM Segments MSI HPX-Type3]
Oct 26 09:54:29 ubuntu kernel: [    6.659898] acpi PNP0A08:00: _OSC: platform does not support [SHPCHotplug LTR]
Oct 26 09:54:29 ubuntu rsyslogd: rsyslogd's userid changed to 102
Oct 26 09:54:29 ubuntu kernel: [    6.660663] acpi PNP0A08:00: _OSC: OS now controls [PCIeHotplug PME AER PCIeCapability]
Oct 26 09:54:29 ubuntu kernel: [    6.661745] acpi PNP0A08:00: ECAM area [mem 0x3f000000-0x3fffffff] reserved by PNP0C02:00
Oct 26 09:54:29 ubuntu kernel: [    6.662600] acpi PNP0A08:00: ECAM at [mem 0x3f000000-0x3fffffff] for [bus 00-0f]
Oct 26 09:54:29 ubuntu kernel: [    6.663337] Remapped I/O 0x000000003eff0000 to [io  0x0000-0xffff window]
Oct 26 09:54:29 ubuntu kernel: [    6.664176] PCI host bridge to bus 0000:00
Oct 26 09:54:29 ubuntu kernel: [    6.664571] pci_bus 0000:00: root bus resource [mem 0x10000000-0x3efeffff window]
Oct 26 09:54:29 ubuntu kernel: [    6.665267] pci_bus 0000:00: root bus resource [io  0x0000-0xffff window]
Oct 26 09:54:29 ubuntu kernel: [    6.665944] pci_bus 0000:00: root bus resource [mem 0x8000000000-0xffffffffff window]
Oct 26 09:54:29 ubuntu kernel: [    6.666674] pci_bus 0000:00: root bus resource [bus 00-0f]
Oct 26 09:54:29 ubuntu kernel: [    6.667239] pci 0000:00:00.0: [1b36:0008] type 00 class 0x060000
Oct 26 09:54:29 ubuntu kernel: [    6.668160] pci 0000:00:01.0: [1b36:000c] type 01 class 0x060400
Oct 26 09:54:29 ubuntu kernel: [    6.670342] pci 0000:00:01.0: reg 0x10: [mem 0x10303000-0x10303fff]
Oct 26 09:54:29 ubuntu kernel: [    6.673650] pci 0000:00:01.1: [1b36:000c] type 01 class 0x060400
Oct 26 09:54:29 ubuntu kernel: [    6.675682] pci 0000:00:01.1: reg 0x10: [mem 0x10302000-0x10302fff]
Oct 26 09:54:29 ubuntu rsyslogd:  [origin software="rsyslogd" swVersion="8.32.0" x-pid="1130" x-info="http://www.rsyslog.com"] start
Oct 26 09:54:29 ubuntu systemd[1]: Starting Accounts Service...
Oct 26 09:54:29 ubuntu kernel: [    6.681243] pci 0000:00:01.2: [1b36:000c] type 01 class 0x060400
Oct 26 09:54:29 ubuntu kernel: [    6.683365] pci 0000:00:01.2: reg 0x10: [mem 0x10301000-0x10301fff]
Oct 26 09:54:29 ubuntu kernel: [    6.686618] pci 0000:00:01.3: [1b36:000c] type 01 class 0x060400
Oct 26 09:54:29 ubuntu kernel: [    6.688945] pci 0000:00:01.3: reg 0x10: [mem 0x10300000-0x10300fff]
Oct 26 09:54:29 ubuntu kernel: [    6.695833] pci 0000:01:00.0: [1af4:1041] type 00 class 0x020000
Oct 26 09:54:29 ubuntu kernel: [    6.698326] pci 0000:01:00.0: reg 0x14: [mem 0x10200000-0x10200fff]
Oct 26 09:54:29 ubuntu kernel: [    6.701566] pci 0000:01:00.0: reg 0x20: [mem 0x8000000000-0x8000003fff 64bit pref]
Oct 26 09:54:29 ubuntu kernel: [    6.703395] pci 0000:01:00.0: reg 0x30: [mem 0xfff80000-0xffffffff pref]
Oct 26 09:54:29 ubuntu kernel: [    6.706988] pci 0000:02:00.0: [1b36:000d] type 00 class 0x0c0330
Oct 26 09:54:29 ubuntu kernel: [    6.707602] pci 0000:02:00.0: reg 0x10: [mem 0x10100000-0x10103fff 64bit]
Oct 26 09:54:29 ubuntu kernel: [    6.709186] pci 0000:03:00.0: [1af4:1048] type 00 class 0x010000
Oct 26 09:54:29 ubuntu kernel: [    6.711175] pci 0000:03:00.0: reg 0x14: [mem 0x10000000-0x10000fff]
Oct 26 09:54:29 ubuntu kernel: [    6.714124] pci 0000:03:00.0: reg 0x20: [mem 0x8000100000-0x8000103fff 64bit pref]
Oct 26 09:54:29 ubuntu kernel: [    6.721159] pci 0000:00:01.0: bridge window [io  0x1000-0x0fff] to [bus 01] add_size 1000
Oct 26 09:54:29 ubuntu kernel: [    6.722166] pci 0000:00:01.0: bridge window [mem 0x00100000-0x001fffff 64bit pref] to [bus 01] add_size 100000 add_align 100000
Oct 26 09:54:29 ubuntu kernel: [    6.723501] pci 0000:00:01.0: bridge window [mem 0x00100000-0x001fffff] to [bus 01] add_size 100000 add_align 100000
Oct 26 09:54:29 ubuntu kernel: [    6.724674] pci 0000:00:01.1: bridge window [io  0x1000-0x0fff] to [bus 02] add_size 1000
Oct 26 09:54:29 ubuntu kernel: [    6.725616] pci 0000:00:01.1: bridge window [mem 0x00100000-0x000fffff 64bit pref] to [bus 02] add_size 200000 add_align 100000
Oct 26 09:54:29 ubuntu kernel: [    6.726914] pci 0000:00:01.1: bridge window [mem 0x00100000-0x001fffff] to [bus 02] add_size 100000 add_align 100000
Oct 26 09:54:29 ubuntu kernel: [    6.729246] pci 0000:00:01.2: bridge window [io  0x1000-0x0fff] to [bus 03] add_size 1000
Oct 26 09:54:29 ubuntu kernel: [    6.730128] pci 0000:00:01.2: bridge window [mem 0x00100000-0x001fffff 64bit pref] to [bus 03] add_size 100000 add_align 100000
Oct 26 09:54:29 ubuntu kernel: [    6.731364] pci 0000:00:01.2: bridge window [mem 0x00100000-0x001fffff] to [bus 03] add_size 100000 add_align 100000
Oct 26 09:54:29 ubuntu kernel: [    6.732484] pci 0000:00:01.3: bridge window [io  0x1000-0x0fff] to [bus 04] add_size 1000
Oct 26 09:54:29 ubuntu kernel: [    6.733379] pci 0000:00:01.3: bridge window [mem 0x00100000-0x000fffff 64bit pref] to [bus 04] add_size 200000 add_align 100000
Oct 26 09:54:29 ubuntu kernel: [    6.734647] pci 0000:00:01.3: bridge window [mem 0x00100000-0x000fffff] to [bus 04] add_size 200000 add_align 100000
Oct 26 09:54:29 ubuntu kernel: [    6.735804] pci 0000:00:01.0: BAR 14: assigned [mem 0x10000000-0x101fffff]
Oct 26 09:54:29 ubuntu kernel: [    6.736551] pci 0000:00:01.0: BAR 15: assigned [mem 0x8000000000-0x80001fffff 64bit pref]
Oct 26 09:54:29 ubuntu kernel: [    6.737346] pci 0000:00:01.1: BAR 14: assigned [mem 0x10200000-0x103fffff]
Oct 26 09:54:29 ubuntu kernel: [    6.738057] pci 0000:00:01.1: BAR 15: assigned [mem 0x8000200000-0x80003fffff 64bit pref]
Oct 26 09:54:29 ubuntu kernel: [    6.738836] pci 0000:00:01.2: BAR 14: assigned [mem 0x10400000-0x105fffff]
Oct 26 09:54:29 ubuntu kernel: [    6.739476] pci 0000:00:01.2: BAR 15: assigned [mem 0x8000400000-0x80005fffff 64bit pref]
Oct 26 09:54:29 ubuntu kernel: [    6.740232] pci 0000:00:01.3: BAR 14: assigned [mem 0x10600000-0x107fffff]
Oct 26 09:54:29 ubuntu kernel: [    6.740872] pci 0000:00:01.3: BAR 15: assigned [mem 0x8000600000-0x80007fffff 64bit pref]
Oct 26 09:54:29 ubuntu kernel: [    6.741636] pci 0000:00:01.0: BAR 0: assigned [mem 0x10800000-0x10800fff]
Oct 26 09:54:29 ubuntu kernel: [    6.742715] pci 0000:00:01.0: BAR 13: assigned [io  0x1000-0x1fff]
Oct 26 09:54:29 ubuntu kernel: [    6.743293] pci 0000:00:01.1: BAR 0: assigned [mem 0x10801000-0x10801fff]
Oct 26 09:54:29 ubuntu kernel: [    6.744240] pci 0000:00:01.1: BAR 13: assigned [io  0x2000-0x2fff]
Oct 26 09:54:29 ubuntu kernel: [    6.744838] pci 0000:00:01.2: BAR 0: assigned [mem 0x10802000-0x10802fff]
Oct 26 09:54:29 ubuntu kernel: [    6.745796] pci 0000:00:01.2: BAR 13: assigned [io  0x3000-0x3fff]
Oct 26 09:54:29 ubuntu kernel: [    6.746396] pci 0000:00:01.3: BAR 0: assigned [mem 0x10803000-0x10803fff]
Oct 26 09:54:29 ubuntu kernel: [    6.747365] pci 0000:00:01.3: BAR 13: assigned [io  0x4000-0x4fff]
Oct 26 09:54:29 ubuntu kernel: [    6.747940] pci 0000:01:00.0: BAR 6: assigned [mem 0x10000000-0x1007ffff pref]
Oct 26 09:54:29 ubuntu kernel: [    6.748604] pci 0000:01:00.0: BAR 4: assigned [mem 0x8000000000-0x8000003fff 64bit pref]
Oct 26 09:54:29 ubuntu kernel: [    6.750030] pci 0000:01:00.0: BAR 1: assigned [mem 0x10080000-0x10080fff]
Oct 26 09:54:29 ubuntu kernel: [    6.751005] pci 0000:00:01.0: PCI bridge to [bus 01]
Oct 26 09:54:29 ubuntu kernel: [    6.751480] pci 0000:00:01.0:   bridge window [io  0x1000-0x1fff]
Oct 26 09:54:29 ubuntu kernel: [    6.752649] pci 0000:00:01.0:   bridge window [mem 0x10000000-0x101fffff]
Oct 26 09:54:29 ubuntu kernel: [    6.754492] pci 0000:00:01.0:   bridge window [mem 0x8000000000-0x80001fffff 64bit pref]
Oct 26 09:54:29 ubuntu kernel: [    6.756278] pci 0000:02:00.0: BAR 0: assigned [mem 0x10200000-0x10203fff 64bit]
Oct 26 09:54:29 ubuntu kernel: [    6.756997] pci 0000:00:01.1: PCI bridge to [bus 02]
Oct 26 09:54:29 ubuntu kernel: [    6.757440] pci 0000:00:01.1:   bridge window [io  0x2000-0x2fff]
Oct 26 09:54:29 ubuntu kernel: [    6.758649] pci 0000:00:01.1:   bridge window [mem 0x10200000-0x103fffff]
Oct 26 09:54:29 ubuntu kernel: [    6.759648] pci 0000:00:01.1:   bridge window [mem 0x8000200000-0x80003fffff 64bit pref]
Oct 26 09:54:29 ubuntu kernel: [    6.761270] pci 0000:03:00.0: BAR 4: assigned [mem 0x8000400000-0x8000403fff 64bit pref]
Oct 26 09:54:29 ubuntu kernel: [    6.762757] pci 0000:03:00.0: BAR 1: assigned [mem 0x10400000-0x10400fff]
Oct 26 09:54:29 ubuntu kernel: [    6.764661] pci 0000:00:01.2: PCI bridge to [bus 03]
Oct 26 09:54:29 ubuntu kernel: [    6.765161] pci 0000:00:01.2:   bridge window [io  0x3000-0x3fff]
Oct 26 09:54:29 ubuntu kernel: [    6.766430] pci 0000:00:01.2:   bridge window [mem 0x10400000-0x105fffff]
Oct 26 09:54:29 ubuntu kernel: [    6.767518] pci 0000:00:01.2:   bridge window [mem 0x8000400000-0x80005fffff 64bit pref]
Oct 26 09:54:29 ubuntu kernel: [    6.769265] pci 0000:00:01.3: PCI bridge to [bus 04]
Oct 26 09:54:29 ubuntu kernel: [    6.769769] pci 0000:00:01.3:   bridge window [io  0x4000-0x4fff]
Oct 26 09:54:29 ubuntu kernel: [    6.771083] pci 0000:00:01.3:   bridge window [mem 0x10600000-0x107fffff]
Oct 26 09:54:29 ubuntu kernel: [    6.772185] pci 0000:00:01.3:   bridge window [mem 0x8000600000-0x80007fffff 64bit pref]
Oct 26 09:54:29 ubuntu kernel: [    6.773972] pci_bus 0000:00: resource 4 [mem 0x10000000-0x3efeffff window]
Oct 26 09:54:29 ubuntu kernel: [    6.775729] pci_bus 0000:00: resource 5 [io  0x0000-0xffff window]
Oct 26 09:54:29 ubuntu kernel: [    6.776311] pci_bus 0000:00: resource 6 [mem 0x8000000000-0xffffffffff window]
Oct 26 09:54:29 ubuntu kernel: [    6.776986] pci_bus 0000:01: resource 0 [io  0x1000-0x1fff]
Oct 26 09:54:29 ubuntu kernel: [    6.777713] pci_bus 0000:01: resource 1 [mem 0x10000000-0x101fffff]
Oct 26 09:54:29 ubuntu kernel: [    6.778398] pci_bus 0000:01: resource 2 [mem 0x8000000000-0x80001fffff 64bit pref]
Oct 26 09:54:29 ubuntu kernel: [    6.779176] pci_bus 0000:02: resource 0 [io  0x2000-0x2fff]
Oct 26 09:54:29 ubuntu kernel: [    6.779724] pci_bus 0000:02: resource 1 [mem 0x10200000-0x103fffff]
Oct 26 09:54:29 ubuntu kernel: [    6.780337] pci_bus 0000:02: resource 2 [mem 0x8000200000-0x80003fffff 64bit pref]
Oct 26 09:54:29 ubuntu kernel: [    6.781082] pci_bus 0000:03: resource 0 [io  0x3000-0x3fff]
Oct 26 09:54:29 ubuntu kernel: [    6.781635] pci_bus 0000:03: resource 1 [mem 0x10400000-0x105fffff]
Oct 26 09:54:29 ubuntu kernel: [    6.782318] pci_bus 0000:03: resource 2 [mem 0x8000400000-0x80005fffff 64bit pref]
Oct 26 09:54:29 ubuntu kernel: [    6.783086] pci_bus 0000:04: resource 0 [io  0x4000-0x4fff]
Oct 26 09:54:29 ubuntu kernel: [    6.783637] pci_bus 0000:04: resource 1 [mem 0x10600000-0x107fffff]
Oct 26 09:54:29 ubuntu kernel: [    6.784252] pci_bus 0000:04: resource 2 [mem 0x8000600000-0x80007fffff 64bit pref]
Oct 26 09:54:29 ubuntu kernel: [    6.785100] ACPI: PCI Interrupt Link [GSI0] (IRQs *35)
Oct 26 09:54:29 ubuntu kernel: [    6.785599] ACPI: PCI Interrupt Link [GSI1] (IRQs *36)
Oct 26 09:54:29 ubuntu kernel: [    6.786051] ACPI: PCI Interrupt Link [GSI2] (IRQs *37)
Oct 26 09:54:29 ubuntu kernel: [    6.786544] ACPI: PCI Interrupt Link [GSI3] (IRQs *38)
Oct 26 09:54:29 ubuntu kernel: [    6.788217] iommu: Default domain type: Translated 
Oct 26 09:54:29 ubuntu kernel: [    6.788785] vgaarb: loaded
Oct 26 09:54:29 ubuntu kernel: [    6.789481] SCSI subsystem initialized
Oct 26 09:54:29 ubuntu kernel: [    6.790312] libata version 3.00 loaded.
Oct 26 09:54:29 ubuntu kernel: [    6.790377] ACPI: bus type USB registered
Oct 26 09:54:29 ubuntu kernel: [    6.790820] usbcore: registered new interface driver usbfs
Oct 26 09:54:29 ubuntu kernel: [    6.791337] usbcore: registered new interface driver hub
Oct 26 09:54:29 ubuntu kernel: [    6.792312] usbcore: registered new device driver usb
Oct 26 09:54:29 ubuntu kernel: [    6.792843] pps_core: LinuxPPS API ver. 1 registered
Oct 26 09:54:29 ubuntu kernel: [    6.793306] pps_core: Software ver. 5.3.6 - Copyright 2005-2007 Rodolfo Giometti <giometti@linux.it>
Oct 26 09:54:29 ubuntu kernel: [    6.794142] PTP clock support registered
Oct 26 09:54:29 ubuntu kernel: [    6.795249] EDAC MC: Ver: 3.0.0
Oct 26 09:54:29 ubuntu kernel: [    6.796040] Registered efivars operations
Oct 26 09:54:29 ubuntu kernel: [    6.798928] NetLabel: Initializing
Oct 26 09:54:29 ubuntu kernel: [    6.799255] NetLabel:  domain hash size = 128
Oct 26 09:54:29 ubuntu kernel: [    6.799629] NetLabel:  protocols = UNLABELED CIPSOv4 CALIPSO
Oct 26 09:54:29 ubuntu kernel: [    6.800176] NetLabel:  unlabeled traffic allowed by default
Oct 26 09:54:29 ubuntu kernel: [    6.801527] clocksource: Switched to clocksource arch_sys_counter
Oct 26 09:54:29 ubuntu kernel: [    6.825145] VFS: Disk quotas dquot_6.6.0
Oct 26 09:54:29 ubuntu kernel: [    6.825565] VFS: Dquot-cache hash table entries: 512 (order 0, 4096 bytes)
Oct 26 09:54:29 ubuntu kernel: [    6.826543] AppArmor: AppArmor Filesystem Enabled
Oct 26 09:54:29 ubuntu kernel: [    6.827039] pnp: PnP ACPI init
Oct 26 09:54:29 ubuntu kernel: [    6.827534] system 00:00: [mem 0x3f000000-0x3fffffff] could not be reserved
Oct 26 09:54:29 ubuntu kernel: [    6.828144] system 00:00: Plug and Play ACPI device, IDs PNP0c02 (active)
Oct 26 09:54:29 ubuntu kernel: [    6.828152] pnp: PnP ACPI: found 1 devices
Oct 26 09:54:29 ubuntu kernel: [    6.833751] NET: Registered protocol family 2
Oct 26 09:54:29 ubuntu kernel: [    6.835063] tcp_listen_portaddr_hash hash table entries: 16384 (order: 6, 262144 bytes, linear)
Oct 26 09:54:29 ubuntu kernel: [    6.837168] TCP established hash table entries: 262144 (order: 9, 2097152 bytes, linear)
Oct 26 09:54:29 ubuntu kernel: [    6.838938] TCP bind hash table entries: 65536 (order: 8, 1048576 bytes, linear)
Oct 26 09:54:29 ubuntu kernel: [    6.839717] TCP: Hash tables configured (established 262144 bind 65536)
Oct 26 09:54:29 ubuntu kernel: [    6.840904] UDP hash table entries: 16384 (order: 7, 524288 bytes, linear)
Oct 26 09:54:29 ubuntu kernel: [    6.841933] UDP-Lite hash table entries: 16384 (order: 7, 524288 bytes, linear)
Oct 26 09:54:29 ubuntu kernel: [    6.842856] NET: Registered protocol family 1
Oct 26 09:54:29 ubuntu kernel: [    6.843263] NET: Registered protocol family 44
Oct 26 09:54:29 ubuntu kernel: [    6.843764] pci 0000:02:00.0: enabling device (0000 -> 0002)
Oct 26 09:54:29 ubuntu kernel: [    6.844709] PCI: CLS 0 bytes, default 64
Oct 26 09:54:29 ubuntu kernel: [    6.845260] Trying to unpack rootfs image as initramfs...
Oct 26 09:54:29 ubuntu kernel: [    7.881427] Freeing initrd memory: 61288K
Oct 26 09:54:29 ubuntu kernel: [    7.910841] hw perfevents: enabled with armv8_pmuv3_0 PMU driver, 13 counters available
Oct 26 09:54:29 ubuntu kernel: [    7.912961] kvm [1]: HYP mode not available
Oct 26 09:54:29 ubuntu kernel: [    7.914379] Initialise system trusted keyrings
Oct 26 09:54:29 ubuntu kernel: [    7.914857] Key type blacklist registered
Oct 26 09:54:29 ubuntu kernel: [    7.915649] workingset: timestamp_bits=40 max_order=23 bucket_order=0
Oct 26 09:54:29 ubuntu kernel: [    7.920992] zbud: loaded
Oct 26 09:54:29 ubuntu kernel: [    7.922704] squashfs: version 4.0 (2009/01/31) Phillip Lougher
Oct 26 09:54:29 ubuntu kernel: [    7.924647] fuse: init (API version 7.31)
Oct 26 09:54:29 ubuntu kernel: [    7.927675] integrity: Platform Keyring initialized
Oct 26 09:54:29 ubuntu kernel: [    7.939071] [mitosis-origin] pgd_alloc for mm=ffff00049584cc00 and mm->pgd =ffff0004deed6000.
Oct 26 09:54:29 ubuntu kernel: [    7.947220] Key type asymmetric registered
Oct 26 09:54:29 ubuntu kernel: [    7.947719] Asymmetric key parser 'x509' registered
Oct 26 09:54:29 ubuntu kernel: [    7.948311] Block layer SCSI generic (bsg) driver version 0.4 loaded (major 244)
Oct 26 09:54:29 ubuntu kernel: [    7.949853] io scheduler mq-deadline registered
Oct 26 09:54:29 ubuntu kernel: [    7.953524] pl061_gpio ARMH0061:00: PL061 GPIO chip registered
Oct 26 09:54:29 ubuntu kernel: [    7.954477] PCI Interrupt Link [GSI1] enabled at IRQ 36
Oct 26 09:54:29 ubuntu kernel: [    7.956018] pcieport 0000:00:01.0: PME: Signaling with IRQ 44
Oct 26 09:54:29 ubuntu kernel: [    7.956974] pcieport 0000:00:01.0: AER: enabled with IRQ 44
Oct 26 09:54:29 ubuntu kernel: [    7.957701] pcieport 0000:00:01.0: pciehp: Slot #0 AttnBtn+ PwrCtrl+ MRL- AttnInd+ PwrInd+ HotPlug+ Surprise+ Interlock+ NoCompl- IbPresDis- LLActRep-
Oct 26 09:54:29 ubuntu kernel: [    7.960188] pcieport 0000:00:01.1: PME: Signaling with IRQ 45
Oct 26 09:54:29 ubuntu kernel: [    7.961020] pcieport 0000:00:01.1: AER: enabled with IRQ 45
Oct 26 09:54:29 ubuntu kernel: [    7.961648] pcieport 0000:00:01.1: pciehp: Slot #0 AttnBtn+ PwrCtrl+ MRL- AttnInd+ PwrInd+ HotPlug+ Surprise+ Interlock+ NoCompl- IbPresDis- LLActRep-
Oct 26 09:54:29 ubuntu kernel: [    7.964033] pcieport 0000:00:01.2: PME: Signaling with IRQ 46
Oct 26 09:54:29 ubuntu kernel: [    7.964884] pcieport 0000:00:01.2: AER: enabled with IRQ 46
Oct 26 09:54:29 ubuntu kernel: [    7.965452] pcieport 0000:00:01.2: pciehp: Slot #0 AttnBtn+ PwrCtrl+ MRL- AttnInd+ PwrInd+ HotPlug+ Surprise+ Interlock+ NoCompl- IbPresDis- LLActRep-
Oct 26 09:54:29 ubuntu kernel: [    7.967814] pcieport 0000:00:01.3: PME: Signaling with IRQ 47
Oct 26 09:54:29 ubuntu kernel: [    7.968625] pcieport 0000:00:01.3: AER: enabled with IRQ 47
Oct 26 09:54:29 ubuntu kernel: [    7.969193] pcieport 0000:00:01.3: pciehp: Slot #0 AttnBtn+ PwrCtrl+ MRL- AttnInd+ PwrInd+ HotPlug+ Surprise+ Interlock+ NoCompl- IbPresDis- LLActRep-
Oct 26 09:54:29 ubuntu kernel: [    7.970942] pcieport 0000:00:01.3: pciehp: Slot(0-3): Link Up
Oct 26 09:54:29 ubuntu kernel: [    7.971188] shpchp: Standard Hot Plug PCI Controller Driver version: 0.4
Oct 26 09:54:29 ubuntu kernel: [    7.973839] input: Power Button as /devices/LNXSYSTM:00/LNXSYBUS:00/PNP0C0C:00/input/input0
Oct 26 09:54:29 ubuntu kernel: [    7.974645] ACPI: Power Button [PWRB]
Oct 26 09:54:29 ubuntu kernel: [    7.980354] Serial: 8250/16550 driver, 32 ports, IRQ sharing enabled
Oct 26 09:54:29 ubuntu kernel: [    7.983493] msm_serial: driver initialized
Oct 26 09:54:29 ubuntu kernel: [    7.984544] cacheinfo: Unable to detect cache hierarchy for CPU 0
Oct 26 09:54:29 ubuntu kernel: [    8.005194] loop: module loaded
Oct 26 09:54:29 ubuntu kernel: [    8.007597] libphy: Fixed MDIO Bus: probed
Oct 26 09:54:29 ubuntu kernel: [    8.008645] tun: Universal TUN/TAP device driver, 1.6
Oct 26 09:54:29 ubuntu kernel: [    8.010550] PPP generic driver version 2.4.2
Oct 26 09:54:29 ubuntu kernel: [    8.011875] ehci_hcd: USB 2.0 'Enhanced' Host Controller (EHCI) Driver
Oct 26 09:54:29 ubuntu kernel: [    8.013562] ehci-pci: EHCI PCI platform driver
Oct 26 09:54:29 ubuntu kernel: [    8.014178] ehci-orion: EHCI orion driver
Oct 26 09:54:29 ubuntu kernel: [    8.014587] ohci_hcd: USB 1.1 'Open' Host Controller (OHCI) Driver
Oct 26 09:54:29 ubuntu kernel: [    8.015167] ohci-pci: OHCI PCI platform driver
Oct 26 09:54:29 ubuntu kernel: [    8.015603] uhci_hcd: USB Universal Host Controller Interface driver
Oct 26 09:54:29 ubuntu kernel: [    8.016926] xhci_hcd 0000:02:00.0: xHCI Host Controller
Oct 26 09:54:29 ubuntu kernel: [    8.017468] xhci_hcd 0000:02:00.0: new USB bus registered, assigned bus number 1
Oct 26 09:54:29 ubuntu kernel: [    8.018511] xhci_hcd 0000:02:00.0: hcc params 0x00087001 hci version 0x100 quirks 0x0000000000000010
Oct 26 09:54:29 ubuntu kernel: [    8.020449] usb usb1: New USB device found, idVendor=1d6b, idProduct=0002, bcdDevice= 5.07
Oct 26 09:54:29 ubuntu kernel: [    8.021236] usb usb1: New USB device strings: Mfr=3, Product=2, SerialNumber=1
Oct 26 09:54:29 ubuntu kernel: [    8.021943] usb usb1: Product: xHCI Host Controller
Oct 26 09:54:29 ubuntu kernel: [    8.022418] usb usb1: Manufacturer: Linux 5.7.1 xhci-hcd
Oct 26 09:54:29 ubuntu kernel: [    8.022911] usb usb1: SerialNumber: 0000:02:00.0
Oct 26 09:54:29 ubuntu kernel: [    8.023590] hub 1-0:1.0: USB hub found
Oct 26 09:54:29 ubuntu kernel: [    8.023990] hub 1-0:1.0: 8 ports detected
Oct 26 09:54:29 ubuntu kernel: [    8.024737] xhci_hcd 0000:02:00.0: xHCI Host Controller
Oct 26 09:54:29 ubuntu kernel: [    8.025240] xhci_hcd 0000:02:00.0: new USB bus registered, assigned bus number 2
Oct 26 09:54:29 ubuntu kernel: [    8.025967] xhci_hcd 0000:02:00.0: Host supports USB 3.0 SuperSpeed
Oct 26 09:54:29 ubuntu kernel: [    8.026587] usb usb2: We don't know the algorithms for LPM for this host, disabling LPM.
Oct 26 09:54:29 ubuntu kernel: [    8.027364] usb usb2: New USB device found, idVendor=1d6b, idProduct=0003, bcdDevice= 5.07
Oct 26 09:54:29 ubuntu kernel: [    8.028122] usb usb2: New USB device strings: Mfr=3, Product=2, SerialNumber=1
Oct 26 09:54:29 ubuntu kernel: [    8.028780] usb usb2: Product: xHCI Host Controller
Oct 26 09:54:29 ubuntu kernel: [    8.029238] usb usb2: Manufacturer: Linux 5.7.1 xhci-hcd
Oct 26 09:54:29 ubuntu kernel: [    8.029756] usb usb2: SerialNumber: 0000:02:00.0
Oct 26 09:54:29 ubuntu kernel: [    8.030348] hub 2-0:1.0: USB hub found
Oct 26 09:54:29 ubuntu kernel: [    8.030758] hub 2-0:1.0: 8 ports detected
Oct 26 09:54:29 ubuntu kernel: [    8.031792] mousedev: PS/2 mouse device common for all mice
Oct 26 09:54:29 ubuntu kernel: [    8.032743] rtc-efi rtc-efi.0: registered as rtc0
Oct 26 09:54:29 ubuntu kernel: [    8.033433] rtc-efi rtc-efi.0: setting system clock to 2020-10-26T01:54:23 UTC (1603677263)
Oct 26 09:54:29 ubuntu kernel: [    8.034379] i2c /dev entries driver
Oct 26 09:54:29 ubuntu kernel: [    8.034964] device-mapper: uevent: version 1.0.3
Oct 26 09:54:29 ubuntu kernel: [    8.035525] device-mapper: ioctl: 4.42.0-ioctl (2020-02-27) initialised: dm-devel@redhat.com
Oct 26 09:54:29 ubuntu kernel: [    8.037869] ledtrig-cpu: registered to indicate activity on CPUs
Oct 26 09:54:29 ubuntu kernel: [    8.038550] EFI Variables Facility v0.08 2004-May-17
Oct 26 09:54:29 ubuntu kernel: [    8.040590] NET: Registered protocol family 10
Oct 26 09:54:29 ubuntu kernel: [    8.042564] [mitosis-origin] pgd_alloc for mm=ffff00049567f000 and mm->pgd =ffff0004de845000.
Oct 26 09:54:29 ubuntu kernel: [    8.048129] [mitosis-origin] pgd_alloc for mm=ffff00049567d400 and mm->pgd =ffff0004de855000.
Oct 26 09:54:29 ubuntu kernel: [    8.050086] [mitosis-origin] pgd_free for mm=ffff00049567f000 and pgd =ffff0004de845000 and mm->pgd=ffff0004de845000.
Oct 26 09:54:29 ubuntu kernel: [    8.052913] [mitosis-origin] pgd_alloc for mm=ffff00049569a800 and mm->pgd =ffff0004de488000.
Oct 26 09:54:29 ubuntu kernel: [    8.057448] [mitosis-origin] pgd_alloc for mm=ffff00049569e400 and mm->pgd =ffff0004de49a000.
Oct 26 09:54:29 ubuntu kernel: [    8.059179] [mitosis-origin] pgd_free for mm=ffff00049569a800 and pgd =ffff0004de488000 and mm->pgd=ffff0004de488000.
Oct 26 09:54:29 ubuntu kernel: [    8.062599] [mitosis-origin] pgd_alloc for mm=ffff00049569a800 and mm->pgd =ffff0004de49e000.
Oct 26 09:54:29 ubuntu kernel: [    8.064189] [mitosis-origin] pgd_free for mm=ffff00049569e400 and pgd =ffff0004de49a000 and mm->pgd=ffff0004de49a000.
Oct 26 09:54:29 ubuntu kernel: [    8.067144] [mitosis-origin] pgd_alloc for mm=ffff0004956d0c00 and mm->pgd =ffff0004df1be000.
Oct 26 09:54:29 ubuntu kernel: [    8.071837] Segment Routing with IPv6
Oct 26 09:54:29 ubuntu kernel: [    8.072247] NET: Registered protocol family 17
Oct 26 09:54:29 ubuntu kernel: [    8.072934] Key type dns_resolver registered
Oct 26 09:54:29 ubuntu kernel: [    8.073915] registered taskstats version 1
Oct 26 09:54:29 ubuntu kernel: [    8.074995] Loading compiled-in X.509 certificates
Oct 26 09:54:29 ubuntu kernel: [    8.077188] [mitosis-origin] pgd_alloc for mm=ffff0004956d2800 and mm->pgd =ffff0004df1cd000.
Oct 26 09:54:29 ubuntu kernel: [    8.078737] [mitosis-origin] pgd_free for mm=ffff0004956d0c00 and pgd =ffff0004df1be000 and mm->pgd=ffff0004df1be000.
Oct 26 09:54:29 ubuntu kernel: [    8.083306] Loaded X.509 cert 'Build time autogenerated kernel key: 5fc9bbbf10d23f3f9dda6c889ba5358a20950e89'
Oct 26 09:54:29 ubuntu kernel: [    8.086017] zswap: loaded using pool lzo/zbud
Oct 26 09:54:29 ubuntu kernel: [    8.087935] Key type ._fscrypt registered
Oct 26 09:54:29 ubuntu kernel: [    8.088797] Key type .fscrypt registered
Oct 26 09:54:29 ubuntu kernel: [    8.089676] Key type fscrypt-provisioning registered
Oct 26 09:54:29 ubuntu kernel: [    8.090722] [mitosis-origin] pgd_alloc for mm=ffff0004957d6800 and mm->pgd =ffff0004defbd000.
Oct 26 09:54:29 ubuntu kernel: [    8.092770] [mitosis-origin] pgd_alloc for mm=ffff0004957d3c00 and mm->pgd =ffff0004defcd000.
Oct 26 09:54:29 ubuntu kernel: [    8.093781] [mitosis-origin] pgd_free for mm=ffff0004957d6800 and pgd =ffff0004defbd000 and mm->pgd=ffff0004defbd000.
Oct 26 09:54:29 ubuntu kernel: [    8.096033] [mitosis-origin] pgd_alloc for mm=ffff0004957d6800 and mm->pgd =ffff0004defdc000.
Oct 26 09:54:29 ubuntu kernel: [    8.096940] [mitosis-origin] pgd_free for mm=ffff0004957d3c00 and pgd =ffff0004defcd000 and mm->pgd=ffff0004defcd000.
Oct 26 09:54:29 ubuntu kernel: [    8.100677] [mitosis-origin] pgd_free for mm=ffff00049567d400 and pgd =ffff0004de855000 and mm->pgd=ffff0004de855000.
Oct 26 09:54:29 ubuntu kernel: [    8.103843] [mitosis-origin] pgd_alloc for mm=ffff0004957d3c00 and mm->pgd =ffff00049543d000.
Oct 26 09:54:29 ubuntu kernel: [    8.108267] cryptd: max_cpu_qlen set to 1000
Oct 26 09:54:29 ubuntu kernel: [    8.116282] [mitosis-origin] pgd_free for mm=ffff0004956d2800 and pgd =ffff0004df1cd000 and mm->pgd=ffff0004df1cd000.
Oct 26 09:54:29 ubuntu kernel: [    8.119629] [mitosis-origin] pgd_alloc for mm=ffff0004956d2800 and mm->pgd =ffff0004df1cd000.
Oct 26 09:54:29 ubuntu kernel: [    8.124428] [mitosis-origin] pgd_alloc for mm=ffff0004956d0c00 and mm->pgd =ffff00049598c000.
Oct 26 09:54:29 ubuntu kernel: [    8.126939] [mitosis-origin] pgd_free for mm=ffff0004956d2800 and pgd =ffff0004df1cd000 and mm->pgd=ffff0004df1cd000.
Oct 26 09:54:29 ubuntu kernel: [    8.129231] [mitosis-origin] pgd_alloc for mm=ffff0004956d2800 and mm->pgd =ffff000495990000.
Oct 26 09:54:29 ubuntu kernel: [    8.130163] [mitosis-origin] pgd_free for mm=ffff0004956d0c00 and pgd =ffff00049598c000 and mm->pgd=ffff00049598c000.
Oct 26 09:54:29 ubuntu kernel: [    8.132336] [mitosis-origin] pgd_alloc for mm=ffff0004956d0c00 and mm->pgd =ffff000495994000.
Oct 26 09:54:29 ubuntu kernel: [    8.133219] [mitosis-origin] pgd_free for mm=ffff0004956d2800 and pgd =ffff000495990000 and mm->pgd=ffff000495990000.
Oct 26 09:54:29 ubuntu kernel: [    8.135710] [mitosis-origin] pgd_alloc for mm=ffff0004956d2800 and mm->pgd =ffff000495998000.
Oct 26 09:54:29 ubuntu kernel: [    8.136576] [mitosis-origin] pgd_free for mm=ffff0004956d0c00 and pgd =ffff000495994000 and mm->pgd=ffff000495994000.
Oct 26 09:54:29 ubuntu kernel: [    8.138859] [mitosis-origin] pgd_alloc for mm=ffff0004956d0c00 and mm->pgd =ffff00049599c000.
Oct 26 09:54:29 ubuntu kernel: [    8.139721] [mitosis-origin] pgd_free for mm=ffff0004956d2800 and pgd =ffff000495998000 and mm->pgd=ffff000495998000.
Oct 26 09:54:29 ubuntu kernel: [    8.141929] [mitosis-origin] pgd_alloc for mm=ffff0004956d2800 and mm->pgd =ffff0004959a0000.
Oct 26 09:54:29 ubuntu kernel: [    8.142913] [mitosis-origin] pgd_free for mm=ffff0004956d0c00 and pgd =ffff00049599c000 and mm->pgd=ffff00049599c000.
Oct 26 09:54:29 ubuntu kernel: [    8.145143] [mitosis-origin] pgd_alloc for mm=ffff0004956d0c00 and mm->pgd =ffff0004959a4000.
Oct 26 09:54:29 ubuntu kernel: [    8.145998] [mitosis-origin] pgd_free for mm=ffff0004956d2800 and pgd =ffff0004959a0000 and mm->pgd=ffff0004959a0000.
Oct 26 09:54:29 ubuntu kernel: [    8.148072] [mitosis-origin] pgd_alloc for mm=ffff0004956d2800 and mm->pgd =ffff0004959a8000.
Oct 26 09:54:29 ubuntu kernel: [    8.148854] [mitosis-origin] pgd_free for mm=ffff0004956d0c00 and pgd =ffff0004959a4000 and mm->pgd=ffff0004959a4000.
Oct 26 09:54:29 ubuntu kernel: [    8.151002] [mitosis-origin] pgd_alloc for mm=ffff0004956d0c00 and mm->pgd =ffff0004959ac000.
Oct 26 09:54:29 ubuntu kernel: [    8.151784] [mitosis-origin] pgd_free for mm=ffff0004956d2800 and pgd =ffff0004959a8000 and mm->pgd=ffff0004959a8000.
Oct 26 09:54:29 ubuntu kernel: [    8.154045] [mitosis-origin] pgd_alloc for mm=ffff0004956d2800 and mm->pgd =ffff0004959b0000.
Oct 26 09:54:29 ubuntu kernel: [    8.154900] [mitosis-origin] pgd_free for mm=ffff0004956d0c00 and pgd =ffff0004959ac000 and mm->pgd=ffff0004959ac000.
Oct 26 09:54:29 ubuntu kernel: [    8.157045] [mitosis-origin] pgd_alloc for mm=ffff0004956d0c00 and mm->pgd =ffff0004959b4000.
Oct 26 09:54:29 ubuntu kernel: [    8.157977] [mitosis-origin] pgd_free for mm=ffff0004956d2800 and pgd =ffff0004959b0000 and mm->pgd=ffff0004959b0000.
Oct 26 09:54:29 ubuntu kernel: [    8.160070] [mitosis-origin] pgd_alloc for mm=ffff0004956d2800 and mm->pgd =ffff0004959b7000.
Oct 26 09:54:29 ubuntu kernel: [    8.160874] [mitosis-origin] pgd_free for mm=ffff0004956d0c00 and pgd =ffff0004959b4000 and mm->pgd=ffff0004959b4000.
Oct 26 09:54:29 ubuntu kernel: [    8.163014] [mitosis-origin] pgd_alloc for mm=ffff0004956d0c00 and mm->pgd =ffff000495168000.
Oct 26 09:54:29 ubuntu kernel: [    8.163798] [mitosis-origin] pgd_free for mm=ffff0004956d2800 and pgd =ffff0004959b7000 and mm->pgd=ffff0004959b7000.
Oct 26 09:54:29 ubuntu kernel: [    8.165983] [mitosis-origin] pgd_alloc for mm=ffff00049569e400 and mm->pgd =ffff000495134000.
Oct 26 09:54:29 ubuntu kernel: [    8.168151] [mitosis-origin] pgd_free for mm=ffff00049569a800 and pgd =ffff0004de49e000 and mm->pgd=ffff0004de49e000.
Oct 26 09:54:29 ubuntu kernel: [    8.172257] [mitosis-origin] pgd_alloc for mm=ffff00049569a800 and mm->pgd =ffff000495138000.
Oct 26 09:54:29 ubuntu kernel: [    8.173873] [mitosis-origin] pgd_free for mm=ffff00049569e400 and pgd =ffff000495134000 and mm->pgd=ffff000495134000.
Oct 26 09:54:29 ubuntu kernel: [    8.181203] [mitosis-origin] pgd_alloc for mm=ffff00049569e400 and mm->pgd =ffff00049513c000.
Oct 26 09:54:29 ubuntu kernel: [    8.182174] [mitosis-origin] pgd_free for mm=ffff00049569a800 and pgd =ffff000495138000 and mm->pgd=ffff000495138000.
Oct 26 09:54:29 ubuntu kernel: [    8.184260] [mitosis-origin] pgd_alloc for mm=ffff00049569a800 and mm->pgd =ffff000495140000.
Oct 26 09:54:29 ubuntu kernel: [    8.185163] [mitosis-origin] pgd_free for mm=ffff00049569e400 and pgd =ffff00049513c000 and mm->pgd=ffff00049513c000.
Oct 26 09:54:29 ubuntu kernel: [    8.188264] [mitosis-origin] pgd_alloc for mm=ffff00049569e400 and mm->pgd =ffff000495144000.
Oct 26 09:54:29 ubuntu kernel: [    8.189700] [mitosis-origin] pgd_free for mm=ffff00049569a800 and pgd =ffff000495140000 and mm->pgd=ffff000495140000.
Oct 26 09:54:29 ubuntu kernel: [    8.192783] [mitosis-origin] pgd_alloc for mm=ffff00049569a800 and mm->pgd =ffff000495148000.
Oct 26 09:54:29 ubuntu kernel: [    8.194244] [mitosis-origin] pgd_free for mm=ffff00049569e400 and pgd =ffff000495144000 and mm->pgd=ffff000495144000.
Oct 26 09:54:29 ubuntu kernel: [    8.196141] [mitosis-origin] pgd_alloc for mm=ffff00049569e400 and mm->pgd =ffff00049514c000.
Oct 26 09:54:29 ubuntu kernel: [    8.196967] [mitosis-origin] pgd_free for mm=ffff00049569a800 and pgd =ffff000495148000 and mm->pgd=ffff000495148000.
Oct 26 09:54:29 ubuntu kernel: [    8.198996] [mitosis-origin] pgd_alloc for mm=ffff00049569a800 and mm->pgd =ffff000495150000.
Oct 26 09:54:29 ubuntu kernel: [    8.199825] [mitosis-origin] pgd_free for mm=ffff00049569e400 and pgd =ffff00049514c000 and mm->pgd=ffff00049514c000.
Oct 26 09:54:29 ubuntu kernel: [    8.201832] [mitosis-origin] pgd_alloc for mm=ffff00049569e400 and mm->pgd =ffff000495154000.
Oct 26 09:54:29 ubuntu kernel: [    8.202697] [mitosis-origin] pgd_free for mm=ffff00049569a800 and pgd =ffff000495150000 and mm->pgd=ffff000495150000.
Oct 26 09:54:29 ubuntu kernel: [    8.204624] [mitosis-origin] pgd_alloc for mm=ffff00049569a800 and mm->pgd =ffff000495158000.
Oct 26 09:54:29 ubuntu kernel: [    8.205463] [mitosis-origin] pgd_free for mm=ffff00049569e400 and pgd =ffff000495154000 and mm->pgd=ffff000495154000.
Oct 26 09:54:29 ubuntu kernel: [    8.207503] [mitosis-origin] pgd_alloc for mm=ffff00049569e400 and mm->pgd =ffff00049515c000.
Oct 26 09:54:29 ubuntu kernel: [    8.208329] [mitosis-origin] pgd_free for mm=ffff00049569a800 and pgd =ffff000495158000 and mm->pgd=ffff000495158000.
Oct 26 09:54:29 ubuntu kernel: [    8.210298] [mitosis-origin] pgd_alloc for mm=ffff00049569a800 and mm->pgd =ffff000495160000.
Oct 26 09:54:29 ubuntu kernel: [    8.211148] [mitosis-origin] pgd_free for mm=ffff00049569e400 and pgd =ffff00049515c000 and mm->pgd=ffff00049515c000.
Oct 26 09:54:29 ubuntu kernel: [    8.213072] [mitosis-origin] pgd_alloc for mm=ffff00049569e400 and mm->pgd =ffff000495164000.
Oct 26 09:54:29 ubuntu kernel: [    8.213976] [mitosis-origin] pgd_free for mm=ffff00049569a800 and pgd =ffff000495160000 and mm->pgd=ffff000495160000.
Oct 26 09:54:29 ubuntu kernel: [    8.215926] [mitosis-origin] pgd_alloc for mm=ffff00049569a800 and mm->pgd =ffff0004de8a6000.
Oct 26 09:54:29 ubuntu kernel: [    8.216765] [mitosis-origin] pgd_free for mm=ffff00049569e400 and pgd =ffff000495164000 and mm->pgd=ffff000495164000.
Oct 26 09:54:29 ubuntu kernel: [    8.218875] [mitosis-origin] pgd_alloc for mm=ffff00049569e400 and mm->pgd =ffff0004951ec000.
Oct 26 09:54:29 ubuntu kernel: [    8.219711] [mitosis-origin] pgd_free for mm=ffff00049569a800 and pgd =ffff0004de8a6000 and mm->pgd=ffff0004de8a6000.
Oct 26 09:54:29 ubuntu kernel: [    8.221926] [mitosis-origin] pgd_alloc for mm=ffff0004956d2800 and mm->pgd =ffff0004950e8000.
Oct 26 09:54:29 ubuntu kernel: [    8.224149] [mitosis-origin] pgd_free for mm=ffff0004956d0c00 and pgd =ffff000495168000 and mm->pgd=ffff000495168000.
Oct 26 09:54:29 ubuntu kernel: [    8.229319] [mitosis-origin] pgd_alloc for mm=ffff0004956d0c00 and mm->pgd =ffff000495204000.
Oct 26 09:54:29 ubuntu kernel: [    8.230814] [mitosis-origin] pgd_free for mm=ffff0004956d2800 and pgd =ffff0004950e8000 and mm->pgd=ffff0004950e8000.
Oct 26 09:54:29 ubuntu kernel: [    8.233659] [mitosis-origin] pgd_alloc for mm=ffff0004956d2800 and mm->pgd =ffff000495208000.
Oct 26 09:54:29 ubuntu kernel: [    8.234725] [mitosis-origin] pgd_free for mm=ffff0004956d0c00 and pgd =ffff000495204000 and mm->pgd=ffff000495204000.
Oct 26 09:54:29 ubuntu kernel: [    8.246730] [mitosis-origin] pgd_alloc for mm=ffff000495257400 and mm->pgd =ffff0004df25a000.
Oct 26 09:54:29 ubuntu kernel: [    8.249168] [mitosis-origin] pgd_alloc for mm=ffff000495256c00 and mm->pgd =ffff0004de8b8000.
Oct 26 09:54:29 ubuntu kernel: [    8.250068] [mitosis-origin] pgd_free for mm=ffff000495257400 and pgd =ffff0004df25a000 and mm->pgd=ffff0004df25a000.
Oct 26 09:54:29 ubuntu kernel: [    8.252112] [mitosis-origin] pgd_alloc for mm=ffff000495257400 and mm->pgd =ffff0004de8bb000.
Oct 26 09:54:29 ubuntu kernel: [    8.252948] [mitosis-origin] pgd_free for mm=ffff000495256c00 and pgd =ffff0004de8b8000 and mm->pgd=ffff0004de8b8000.
Oct 26 09:54:29 ubuntu kernel: [    8.255353] [mitosis-origin] pgd_alloc for mm=ffff000495256c00 and mm->pgd =ffff0004de8c0000.
Oct 26 09:54:29 ubuntu kernel: [    8.256347] [mitosis-origin] pgd_free for mm=ffff000495257400 and pgd =ffff0004de8bb000 and mm->pgd=ffff0004de8bb000.
Oct 26 09:54:29 ubuntu kernel: [    8.258760] [mitosis-origin] pgd_alloc for mm=ffff000495257400 and mm->pgd =ffff0004de8c4000.
Oct 26 09:54:29 ubuntu kernel: [    8.259766] [mitosis-origin] pgd_free for mm=ffff000495256c00 and pgd =ffff0004de8c0000 and mm->pgd=ffff0004de8c0000.
Oct 26 09:54:29 ubuntu kernel: [    8.262181] [mitosis-origin] pgd_alloc for mm=ffff000495256c00 and mm->pgd =ffff0004de8c8000.
Oct 26 09:54:29 ubuntu kernel: [    8.263014] [mitosis-origin] pgd_free for mm=ffff000495257400 and pgd =ffff0004de8c4000 and mm->pgd=ffff0004de8c4000.
Oct 26 09:54:29 ubuntu kernel: [    8.265047] [mitosis-origin] pgd_alloc for mm=ffff000495257400 and mm->pgd =ffff0004de8cc000.
Oct 26 09:54:29 ubuntu kernel: [    8.265951] [mitosis-origin] pgd_free for mm=ffff000495256c00 and pgd =ffff0004de8c8000 and mm->pgd=ffff0004de8c8000.
Oct 26 09:54:29 ubuntu kernel: [    8.267959] [mitosis-origin] pgd_alloc for mm=ffff000495256c00 and mm->pgd =ffff0004951f1000.
Oct 26 09:54:29 ubuntu kernel: [    8.268789] [mitosis-origin] pgd_free for mm=ffff000495257400 and pgd =ffff0004de8cc000 and mm->pgd=ffff0004de8cc000.
Oct 26 09:54:29 ubuntu kernel: [    8.270869] [mitosis-origin] pgd_alloc for mm=ffff000495257400 and mm->pgd =ffff0004951f5000.
Oct 26 09:54:29 ubuntu kernel: [    8.271713] [mitosis-origin] pgd_free for mm=ffff000495256c00 and pgd =ffff0004951f1000 and mm->pgd=ffff0004951f1000.
Oct 26 09:54:29 ubuntu kernel: [    8.273949] [mitosis-origin] pgd_alloc for mm=ffff000495256c00 and mm->pgd =ffff0004df276000.
Oct 26 09:54:29 ubuntu kernel: [    8.274788] [mitosis-origin] pgd_free for mm=ffff000495257400 and pgd =ffff0004951f5000 and mm->pgd=ffff0004951f5000.
Oct 26 09:54:29 ubuntu kernel: [    8.276814] [mitosis-origin] pgd_alloc for mm=ffff000495257400 and mm->pgd =ffff0004951f9000.
Oct 26 09:54:29 ubuntu kernel: [    8.277720] [mitosis-origin] pgd_free for mm=ffff000495256c00 and pgd =ffff0004df276000 and mm->pgd=ffff0004df276000.
Oct 26 09:54:29 ubuntu kernel: [    8.279490] Key type big_key registered
Oct 26 09:54:29 ubuntu kernel: [    8.280049] [mitosis-origin] pgd_alloc for mm=ffff0004952a2c00 and mm->pgd =ffff0004df2a9000.
Oct 26 09:54:29 ubuntu kernel: [    8.293729] [mitosis-origin] pgd_alloc for mm=ffff0004952a6800 and mm->pgd =ffff0004df2bd000.
Oct 26 09:54:29 ubuntu kernel: [    8.294502] [mitosis-origin] pgd_free for mm=ffff0004952a2c00 and pgd =ffff0004df2a9000 and mm->pgd=ffff0004df2a9000.
Oct 26 09:54:29 ubuntu kernel: [    8.296733] [mitosis-origin] pgd_alloc for mm=ffff0004952a2c00 and mm->pgd =ffff0004952bb000.
Oct 26 09:54:29 ubuntu kernel: [    8.297533] [mitosis-origin] pgd_free for mm=ffff0004952a6800 and pgd =ffff0004df2bd000 and mm->pgd=ffff0004df2bd000.
Oct 26 09:54:29 ubuntu kernel: [    8.299260] Key type encrypted registered
Oct 26 09:54:29 ubuntu kernel: [    8.300282] AppArmor: AppArmor sha1 policy hashing enabled
Oct 26 09:54:29 ubuntu kernel: [    8.301991] ima: No TPM chip found, activating TPM-bypass!
Oct 26 09:54:29 ubuntu kernel: [    8.303353] ima: Allocated hash algorithm: sha1
Oct 26 09:54:29 ubuntu kernel: [    8.304493] ima: No architecture policies found
Oct 26 09:54:29 ubuntu kernel: [    8.305684] evm: Initialising EVM extended attributes:
Oct 26 09:54:29 ubuntu kernel: [    8.306303] evm: security.selinux
Oct 26 09:54:29 ubuntu kernel: [    8.306689] evm: security.SMACK64
Oct 26 09:54:29 ubuntu kernel: [    8.307075] evm: security.SMACK64EXEC
Oct 26 09:54:29 ubuntu kernel: [    8.307498] evm: security.SMACK64TRANSMUTE
Oct 26 09:54:29 ubuntu kernel: [    8.307972] evm: security.SMACK64MMAP
Oct 26 09:54:29 ubuntu kernel: [    8.308393] evm: security.apparmor
Oct 26 09:54:29 ubuntu kernel: [    8.308786] evm: security.ima
Oct 26 09:54:29 ubuntu kernel: [    8.309140] evm: security.capability
Oct 26 09:54:29 ubuntu kernel: [    8.309593] evm: HMAC attrs: 0x1
Oct 26 09:54:29 ubuntu kernel: [    8.314148] Freeing unused kernel memory: 7040K
Oct 26 09:54:29 ubuntu kernel: [    8.396906] Checked W+X mappings: passed, no W+X pages found
Oct 26 09:54:29 ubuntu kernel: [    8.397528] Run /init as init process
Oct 26 09:54:29 ubuntu kernel: [    8.397871]   with arguments:
Oct 26 09:54:29 ubuntu kernel: [    8.397872]     /init
Oct 26 09:54:29 ubuntu kernel: [    8.397873]   with environment:
Oct 26 09:54:29 ubuntu kernel: [    8.397874]     HOME=/
Oct 26 09:54:29 ubuntu kernel: [    8.397874]     TERM=linux
Oct 26 09:54:29 ubuntu kernel: [    8.397875]     BOOT_IMAGE=/boot/vmlinuz-5.7.1
Oct 26 09:54:29 ubuntu kernel: [    8.397937] [mitosis-origin] pgd_alloc for mm=ffff000495379000 and mm->pgd =ffff000495302000.
Oct 26 09:54:29 ubuntu kernel: [    8.400012] [mitosis-origin] pgd_alloc for mm=ffff000495379400 and mm->pgd =ffff000495315000.
Oct 26 09:54:29 ubuntu kernel: [    8.401964] [mitosis-origin] pgd_alloc for mm=ffff000495378000 and mm->pgd =ffff000495329000.
Oct 26 09:54:29 ubuntu kernel: [    8.402893] [mitosis-origin] pgd_free for mm=ffff000495379400 and pgd =ffff000495315000 and mm->pgd=ffff000495315000.
Oct 26 09:54:29 ubuntu kernel: [    8.406087] [mitosis-origin] pgd_alloc for mm=ffff000495378c00 and mm->pgd =ffff000495337000.
Oct 26 09:54:29 ubuntu kernel: [    8.407549] [mitosis-origin] pgd_free for mm=ffff000495378000 and pgd =ffff000495329000 and mm->pgd=ffff000495329000.
Oct 26 09:54:29 ubuntu kernel: [    8.410383] [mitosis-origin] pgd_alloc for mm=ffff00049537a800 and mm->pgd =ffff000495345000.
Oct 26 09:54:29 ubuntu kernel: [    8.411817] [mitosis-origin] pgd_free for mm=ffff000495378c00 and pgd =ffff000495337000 and mm->pgd=ffff000495337000.
Oct 26 09:54:29 ubuntu kernel: [    8.413251] [mitosis-origin] pgd_alloc for mm=ffff00049537e400 and mm->pgd =ffff000495353000.
Oct 26 09:54:29 ubuntu kernel: [    8.414912] [mitosis-origin] pgd_free for mm=ffff00049537a800 and pgd =ffff000495345000 and mm->pgd=ffff000495345000.
Oct 26 09:54:29 ubuntu kernel: [    8.416201] [mitosis-origin] pgd_alloc for mm=ffff0004953b7c00 and mm->pgd =ffff000495344000.
Oct 26 09:54:29 ubuntu kernel: [    8.417228] [mitosis-origin] pgd_free for mm=ffff00049537e400 and pgd =ffff000495353000 and mm->pgd=ffff000495353000.
Oct 26 09:54:29 ubuntu kernel: [    8.419272] [mitosis-origin] pgd_alloc for mm=ffff00049537a000 and mm->pgd =ffff000495361000.
Oct 26 09:54:29 ubuntu kernel: [    8.420926] [mitosis-origin] pgd_free for mm=ffff0004953b7c00 and pgd =ffff000495344000 and mm->pgd=ffff000495344000.
Oct 26 09:54:29 ubuntu kernel: [    8.422184] [mitosis-origin] pgd_alloc for mm=ffff0004953b7c00 and mm->pgd =ffff000495344000.
Oct 26 09:54:29 ubuntu kernel: [    8.423114] [mitosis-origin] pgd_free for mm=ffff00049537a000 and pgd =ffff000495361000 and mm->pgd=ffff000495361000.
Oct 26 09:54:29 ubuntu kernel: [    8.424919] [mitosis-origin] pgd_alloc for mm=ffff000495379800 and mm->pgd =ffff00049536d000.
Oct 26 09:54:29 ubuntu kernel: [    8.427278] [mitosis-origin] pgd_free for mm=ffff0004953b7c00 and pgd =ffff000495344000 and mm->pgd=ffff000495344000.
Oct 26 09:54:29 ubuntu kernel: [    8.428593] [mitosis-origin] pgd_alloc for mm=ffff0004953b7c00 and mm->pgd =ffff000495344000.
Oct 26 09:54:29 ubuntu kernel: [    8.429644] [mitosis-origin] pgd_free for mm=ffff000495379800 and pgd =ffff00049536d000 and mm->pgd=ffff00049536d000.
Oct 26 09:54:29 ubuntu kernel: [    8.432537] [mitosis-origin] pgd_alloc for mm=ffff0004953fcc00 and mm->pgd =ffff0004df383000.
Oct 26 09:54:29 ubuntu kernel: [    8.435278] [mitosis-origin] pgd_alloc for mm=ffff000494c0ec00 and mm->pgd =ffff0004df447000.
Oct 26 09:54:29 ubuntu kernel: [    8.437554] [mitosis-origin] pgd_free for mm=ffff0004953fcc00 and pgd =ffff0004df383000 and mm->pgd=ffff0004df383000.
Oct 26 09:54:29 ubuntu kernel: [    8.441272] [mitosis-origin] pgd_alloc for mm=ffff0004953ff400 and mm->pgd =ffff0004df393000.
Oct 26 09:54:29 ubuntu kernel: [    8.442480] [mitosis-origin] pgd_free for mm=ffff000494c0ec00 and pgd =ffff0004df447000 and mm->pgd=ffff0004df447000.
Oct 26 09:54:29 ubuntu kernel: [    8.444110] [mitosis-origin] pgd_alloc for mm=ffff0004953fec00 and mm->pgd =ffff0004df3a1000.
Oct 26 09:54:29 ubuntu kernel: [    8.445225] [mitosis-origin] pgd_free for mm=ffff0004953ff400 and pgd =ffff0004df393000 and mm->pgd=ffff0004df393000.
Oct 26 09:54:29 ubuntu kernel: [    8.446668] [mitosis-origin] pgd_alloc for mm=ffff000494c0ec00 and mm->pgd =ffff0004df393000.
Oct 26 09:54:29 ubuntu kernel: [    8.447763] [mitosis-origin] pgd_free for mm=ffff0004953fec00 and pgd =ffff0004df3a1000 and mm->pgd=ffff0004df3a1000.
Oct 26 09:54:29 ubuntu kernel: [    8.449823] [mitosis-origin] pgd_alloc for mm=ffff0004953f9c00 and mm->pgd =ffff0004df3af000.
Oct 26 09:54:29 ubuntu kernel: [    8.451014] [mitosis-origin] pgd_free for mm=ffff000494c0ec00 and pgd =ffff0004df393000 and mm->pgd=ffff0004df393000.
Oct 26 09:54:29 ubuntu kernel: [    8.452489] [mitosis-origin] pgd_alloc for mm=ffff000494c0ec00 and mm->pgd =ffff0004df393000.
Oct 26 09:54:29 ubuntu kernel: [    8.453722] [mitosis-origin] pgd_free for mm=ffff0004953f9c00 and pgd =ffff0004df3af000 and mm->pgd=ffff0004df3af000.
Oct 26 09:54:29 ubuntu kernel: [    8.455735] [mitosis-origin] pgd_alloc for mm=ffff0004953fa400 and mm->pgd =ffff000494c18000.
Oct 26 09:54:29 ubuntu kernel: [    8.456902] [mitosis-origin] pgd_free for mm=ffff000494c0ec00 and pgd =ffff0004df393000 and mm->pgd=ffff0004df393000.
Oct 26 09:54:29 ubuntu kernel: [    8.460366] [mitosis-origin] pgd_alloc for mm=ffff0004953fd800 and mm->pgd =ffff000494c27000.
Oct 26 09:54:29 ubuntu kernel: [    8.461664] [mitosis-origin] pgd_free for mm=ffff0004953fa400 and pgd =ffff000494c18000 and mm->pgd=ffff000494c18000.
Oct 26 09:54:29 ubuntu kernel: [    8.463148] [mitosis-origin] pgd_alloc for mm=ffff000494c0ec00 and mm->pgd =ffff000494c18000.
Oct 26 09:54:29 ubuntu kernel: [    8.464316] [mitosis-origin] pgd_free for mm=ffff0004953fd800 and pgd =ffff000494c27000 and mm->pgd=ffff000494c27000.
Oct 26 09:54:29 ubuntu kernel: [    8.466731] [mitosis-origin] pgd_alloc for mm=ffff00049537fc00 and mm->pgd =ffff000494c61000.
Oct 26 09:54:29 ubuntu kernel: [    8.468224] [mitosis-origin] pgd_alloc for mm=ffff0004953fb000 and mm->pgd =ffff000494c31000.
Oct 26 09:54:29 ubuntu kernel: [    8.469576] [mitosis-origin] pgd_free for mm=ffff00049537fc00 and pgd =ffff000494c61000 and mm->pgd=ffff000494c61000.
Oct 26 09:54:29 ubuntu kernel: [    8.471704] [mitosis-origin] pgd_alloc for mm=ffff0004953fd000 and mm->pgd =ffff000494c42000.
Oct 26 09:54:29 ubuntu kernel: [    8.473983] [mitosis-origin] pgd_alloc for mm=ffff000494cad800 and mm->pgd =ffff0004952c5000.
Oct 26 09:54:29 ubuntu kernel: [    8.476362] [mitosis-origin] pgd_free for mm=ffff0004953fd000 and pgd =ffff000494c42000 and mm->pgd=ffff000494c42000.
Oct 26 09:54:29 ubuntu kernel: [    8.480213] [mitosis-origin] pgd_alloc for mm=ffff000494cd5c00 and mm->pgd =ffff0004df7d2000.
Oct 26 09:54:29 ubuntu kernel: [    8.481956] [mitosis-origin] pgd_alloc for mm=ffff000494ce9800 and mm->pgd =ffff0004dec4b000.
Oct 26 09:54:29 ubuntu kernel: [    8.483229] [mitosis-origin] pgd_free for mm=ffff000494cd5c00 and pgd =ffff0004df7d2000 and mm->pgd=ffff0004df7d2000.
Oct 26 09:54:29 ubuntu kernel: [    8.485508] [mitosis-origin] pgd_alloc for mm=ffff000494cefc00 and mm->pgd =ffff0004dec60000.
Oct 26 09:54:29 ubuntu kernel: [    8.487164] [mitosis-origin] pgd_alloc for mm=ffff000494cd4800 and mm->pgd =ffff0004df7e0000.
Oct 26 09:54:29 ubuntu kernel: [    8.489527] [mitosis-origin] pgd_free for mm=ffff000494cefc00 and pgd =ffff0004dec60000 and mm->pgd=ffff0004dec60000.
Oct 26 09:54:29 ubuntu kernel: [    8.493369] [mitosis-origin] pgd_free for mm=ffff000494cd4800 and pgd =ffff0004df7e0000 and mm->pgd=ffff0004df7e0000.
Oct 26 09:54:29 ubuntu kernel: [    8.495980] [mitosis-origin] pgd_alloc for mm=ffff000494cd4800 and mm->pgd =ffff0004df7e0000.
Oct 26 09:54:29 ubuntu kernel: [    8.498239] [mitosis-origin] pgd_alloc for mm=ffff0004953ff000 and mm->pgd =ffff000494c35000.
Oct 26 09:54:29 ubuntu kernel: [    8.499190] [mitosis-origin] pgd_free for mm=ffff000494cd4800 and pgd =ffff0004df7e0000 and mm->pgd=ffff0004df7e0000.
Oct 26 09:54:29 ubuntu kernel: [    8.500757] [mitosis-origin] pgd_alloc for mm=ffff0004953fd400 and mm->pgd =ffff000494c51000.
Oct 26 09:54:29 ubuntu kernel: [    8.501843] [mitosis-origin] pgd_alloc for mm=ffff000494cd3800 and mm->pgd =ffff0004df7fa000.
Oct 26 09:54:29 ubuntu kernel: [    8.502763] [mitosis-origin] pgd_free for mm=ffff0004953fd400 and pgd =ffff000494c51000 and mm->pgd=ffff000494c51000.
Oct 26 09:54:29 ubuntu kernel: [    8.504640] [mitosis-origin] pgd_free for mm=ffff000494cd3800 and pgd =ffff0004df7fa000 and mm->pgd=ffff0004df7fa000.
Oct 26 09:54:29 ubuntu kernel: [    8.505813] [mitosis-origin] pgd_alloc for mm=ffff000494cd3800 and mm->pgd =ffff0004df7fa000.
Oct 26 09:54:29 ubuntu kernel: [    8.506966] [mitosis-origin] pgd_free for mm=ffff0004953ff000 and pgd =ffff000494c35000 and mm->pgd=ffff000494c35000.
Oct 26 09:54:29 ubuntu kernel: [    8.508784] [mitosis-origin] pgd_alloc for mm=ffff0004953ff000 and mm->pgd =ffff000494c35000.
Oct 26 09:54:29 ubuntu kernel: [    8.510353] [mitosis-origin] pgd_free for mm=ffff000494cd3800 and pgd =ffff0004df7fa000 and mm->pgd=ffff0004df7fa000.
Oct 26 09:54:29 ubuntu kernel: [    8.512786] [mitosis-origin] pgd_alloc for mm=ffff0004953ff800 and mm->pgd =ffff000494d39000.
Oct 26 09:54:29 ubuntu kernel: [    8.514473] [mitosis-origin] pgd_alloc for mm=ffff000494cd2c00 and mm->pgd =ffff0004df7e1000.
Oct 26 09:54:29 ubuntu kernel: [    8.515571] [mitosis-origin] pgd_free for mm=ffff0004953ff800 and pgd =ffff000494d39000 and mm->pgd=ffff000494d39000.
Oct 26 09:54:29 ubuntu kernel: [    8.519757] [mitosis-origin] pgd_alloc for mm=ffff000494cd6800 and mm->pgd =ffff0004df7de000.
Oct 26 09:54:29 ubuntu kernel: [    8.521006] [mitosis-origin] pgd_alloc for mm=ffff0004953f9000 and mm->pgd =ffff000494d47000.
Oct 26 09:54:29 ubuntu kernel: [    8.522090] [mitosis-origin] pgd_free for mm=ffff000494cd2c00 and pgd =ffff0004df7e1000 and mm->pgd=ffff0004df7e1000.
Oct 26 09:54:29 ubuntu kernel: [    8.523385] [mitosis-origin] pgd_alloc for mm=ffff000494cd2c00 and mm->pgd =ffff000494d6e000.
Oct 26 09:54:29 ubuntu kernel: [    8.524403] [mitosis-origin] pgd_free for mm=ffff0004953f9000 and pgd =ffff000494d47000 and mm->pgd=ffff000494d47000.
Oct 26 09:54:29 ubuntu kernel: [    8.560763] [mitosis-origin] pgd_alloc for mm=ffff000494f16800 and mm->pgd =ffff0004dec12000.
Oct 26 09:54:29 ubuntu kernel: [    8.564775] [mitosis-origin] pgd_alloc for mm=ffff000494f13c00 and mm->pgd =ffff0004dec22000.
Oct 26 09:54:29 ubuntu kernel: [    8.566995] [mitosis-origin] pgd_alloc for mm=ffff000494f14c00 and mm->pgd =ffff0004dec33000.
Oct 26 09:54:29 ubuntu kernel: [    8.567012] [mitosis-origin] pgd_alloc for mm=ffff0004953f9400 and mm->pgd =ffff000494d63000.
Oct 26 09:54:29 ubuntu kernel: [    8.568173] [mitosis-origin] pgd_free for mm=ffff000494cd2c00 and pgd =ffff000494d6e000 and mm->pgd=ffff000494d6e000.
Oct 26 09:54:29 ubuntu kernel: [    8.568291] [mitosis-origin] pgd_alloc for mm=ffff000494f17400 and mm->pgd =ffff000494c4b000.
Oct 26 09:54:29 ubuntu kernel: [    8.568440] [mitosis-origin] pgd_free for mm=ffff000494ce9800 and pgd =ffff0004dec4b000 and mm->pgd=ffff0004dec4b000.
Oct 26 09:54:29 ubuntu kernel: [    8.568541] [mitosis-origin] pgd_alloc for mm=ffff000494f16c00 and mm->pgd =ffff000494d99000.
Oct 26 09:54:29 ubuntu kernel: [    8.568822] [mitosis-origin] pgd_alloc for mm=ffff000494f11c00 and mm->pgd =ffff000494fab000.
Oct 26 09:54:29 ubuntu kernel: [    8.568851] [mitosis-origin] pgd_free for mm=ffff0004953fb000 and pgd =ffff000494c31000 and mm->pgd=ffff000494c31000.
Oct 26 09:54:29 ubuntu kernel: [    8.568980] [mitosis-origin] pgd_alloc for mm=ffff000495378400 and mm->pgd =ffff000494c6b000.
Oct 26 09:54:29 ubuntu kernel: [    8.569084] [mitosis-origin] pgd_free for mm=ffff0004953f9400 and pgd =ffff000494d63000 and mm->pgd=ffff000494d63000.
Oct 26 09:54:29 ubuntu kernel: [    8.576967] [mitosis-origin] pgd_alloc for mm=ffff000494f12400 and mm->pgd =ffff000494fbc000.
Oct 26 09:54:29 ubuntu kernel: [    8.578202] [mitosis-origin] pgd_alloc for mm=ffff000494f15800 and mm->pgd =ffff000494437000.
Oct 26 09:54:29 ubuntu kernel: [    8.579776] [mitosis-origin] pgd_free for mm=ffff00049584cc00 and pgd =ffff0004deed6000 and mm->pgd=ffff0004deed6000.
Oct 26 09:54:29 ubuntu kernel: [    8.579828] [mitosis-origin] pgd_alloc for mm=ffff000494f13000 and mm->pgd =ffff000494448000.
Oct 26 09:54:29 ubuntu kernel: [    8.605936] [mitosis-origin] pgd_free for mm=ffff0004957d3c00 and pgd =ffff00049543d000 and mm->pgd=ffff00049543d000.
Oct 26 09:54:29 ubuntu kernel: [    8.616898] [mitosis-origin] pgd_alloc for mm=ffff000494f15000 and mm->pgd =ffff00049445b000.
Oct 26 09:54:29 ubuntu kernel: [    8.619133] [mitosis-origin] pgd_free for mm=ffff000494f13000 and pgd =ffff000494448000 and mm->pgd=ffff000494448000.
Oct 26 09:54:29 ubuntu kernel: [    8.619894] [mitosis-origin] pgd_alloc for mm=ffff000494f17000 and mm->pgd =ffff00049446b000.
Oct 26 09:54:29 ubuntu kernel: [    8.622549] [mitosis-origin] pgd_alloc for mm=ffff0004953f8000 and mm->pgd =ffff000494c64000.
Oct 26 09:54:29 ubuntu kernel: [    8.624144] [mitosis-origin] pgd_free for mm=ffff000495378400 and pgd =ffff000494c6b000 and mm->pgd=ffff000494c6b000.
Oct 26 09:54:29 ubuntu kernel: [    8.624699] [mitosis-origin] pgd_alloc for mm=ffff000494f15400 and mm->pgd =ffff000494e3b000.
Oct 26 09:54:29 ubuntu kernel: [    8.624847] [mitosis-origin] pgd_alloc for mm=ffff0004945b6800 and mm->pgd =ffff0004dec31000.
Oct 26 09:54:29 ubuntu kernel: [    8.624945] [mitosis-origin] pgd_free for mm=ffff0004953f8000 and pgd =ffff000494c64000 and mm->pgd=ffff000494c64000.
Oct 26 09:54:29 ubuntu kernel: [    8.629143] [mitosis-origin] pgd_alloc for mm=ffff000494f17800 and mm->pgd =ffff00049458d000.
Oct 26 09:54:29 ubuntu kernel: [    8.630286] [mitosis-origin] pgd_alloc for mm=ffff000494f11000 and mm->pgd =ffff00049459d000.
Oct 26 09:54:29 ubuntu kernel: [    8.631388] [mitosis-origin] pgd_alloc for mm=ffff000494f11400 and mm->pgd =ffff000494ee1000.
Oct 26 09:54:29 ubuntu kernel: [    8.632488] [mitosis-origin] pgd_alloc for mm=ffff000494f10000 and mm->pgd =ffff000494e86000.
Oct 26 09:54:29 ubuntu kernel: [    8.633644] [mitosis-origin] pgd_alloc for mm=ffff000494f10c00 and mm->pgd =ffff000494dc1000.
Oct 26 09:54:29 ubuntu kernel: [    8.634908] [mitosis-origin] pgd_alloc for mm=ffff000494f12800 and mm->pgd =ffff000494532000.
Oct 26 09:54:29 ubuntu kernel: [    8.636337] [mitosis-origin] pgd_free for mm=ffff000494f11c00 and pgd =ffff000494fab000 and mm->pgd=ffff000494fab000.
Oct 26 09:54:29 ubuntu kernel: [    8.636387] [mitosis-origin] pgd_free for mm=ffff000494f16c00 and pgd =ffff000494d99000 and mm->pgd=ffff000494d99000.
Oct 26 09:54:29 ubuntu kernel: [    8.636441] [mitosis-origin] pgd_free for mm=ffff000494f12400 and pgd =ffff000494fbc000 and mm->pgd=ffff000494fbc000.
Oct 26 09:54:29 ubuntu kernel: [    8.636469] [mitosis-origin] pgd_free for mm=ffff000494f17400 and pgd =ffff000494c4b000 and mm->pgd=ffff000494c4b000.
Oct 26 09:54:29 ubuntu kernel: [    8.636604] [mitosis-origin] pgd_free for mm=ffff000494f16800 and pgd =ffff0004dec12000 and mm->pgd=ffff0004dec12000.
Oct 26 09:54:29 ubuntu kernel: [    8.636646] [mitosis-origin] pgd_free for mm=ffff000494f15800 and pgd =ffff000494437000 and mm->pgd=ffff000494437000.
Oct 26 09:54:29 ubuntu kernel: [    8.636702] [mitosis-origin] pgd_free for mm=ffff000494f13c00 and pgd =ffff0004dec22000 and mm->pgd=ffff0004dec22000.
Oct 26 09:54:29 ubuntu kernel: [    8.636807] [mitosis-origin] pgd_alloc for mm=ffff000494f16400 and mm->pgd =ffff0004945ca000.
Oct 26 09:54:29 ubuntu kernel: [    8.641185] [mitosis-origin] pgd_free for mm=ffff0004957d6800 and pgd =ffff0004defdc000 and mm->pgd=ffff0004defdc000.
Oct 26 09:54:29 ubuntu kernel: [    8.642191] [mitosis-origin] pgd_alloc for mm=ffff000494f12000 and mm->pgd =ffff000494574000.
Oct 26 09:54:29 ubuntu kernel: [    8.647739] [mitosis-origin] pgd_alloc for mm=ffff000494f11800 and mm->pgd =ffff000494f3d000.
Oct 26 09:54:29 ubuntu kernel: [    8.648922] [mitosis-origin] pgd_alloc for mm=ffff000494f17c00 and mm->pgd =ffff000494567000.
Oct 26 09:54:29 ubuntu kernel: [    8.651034] [mitosis-origin] pgd_free for mm=ffff00049569e400 and pgd =ffff0004951ec000 and mm->pgd=ffff0004951ec000.
Oct 26 09:54:29 ubuntu kernel: [    8.651108] [mitosis-origin] pgd_free for mm=ffff0004956d2800 and pgd =ffff000495208000 and mm->pgd=ffff000495208000.
Oct 26 09:54:29 ubuntu kernel: [    8.653472] [mitosis-origin] pgd_free for mm=ffff000495257400 and pgd =ffff0004951f9000 and mm->pgd=ffff0004951f9000.
Oct 26 09:54:29 ubuntu kernel: [    8.656454] [mitosis-origin] pgd_alloc for mm=ffff000494f10400 and mm->pgd =ffff000494472000.
Oct 26 09:54:29 ubuntu kernel: [    8.657883] scsi host0: Virtio SCSI HBA
Oct 26 09:54:29 ubuntu kernel: [    8.658133] [mitosis-origin] pgd_alloc for mm=ffff000494f14000 and mm->pgd =ffff000494e22000.
Oct 26 09:54:29 ubuntu kernel: [    8.658252] [mitosis-origin] pgd_alloc for mm=ffff000494c09c00 and mm->pgd =ffff0004df43f000.
Oct 26 09:54:29 ubuntu kernel: [    8.658314] [mitosis-origin] pgd_free for mm=ffff000494c0ec00 and pgd =ffff000494c18000 and mm->pgd=ffff000494c18000.
Oct 26 09:54:29 ubuntu kernel: [    8.659973] scsi 0:0:0:0: Direct-Access     QEMU     QEMU HARDDISK    2.5+ PQ: 0 ANSI: 5
Oct 26 09:54:29 ubuntu kernel: [    8.660352] [mitosis-origin] pgd_free for mm=ffff000494c09c00 and pgd =ffff0004df43f000 and mm->pgd=ffff0004df43f000.
Oct 26 09:54:29 ubuntu kernel: [    8.660620] [mitosis-origin] pgd_alloc for mm=ffff000494f14400 and mm->pgd =ffff000494e0c000.
Oct 26 09:54:29 ubuntu kernel: [    8.661012] [mitosis-origin] pgd_alloc for mm=ffff000494f16000 and mm->pgd =ffff0004946d9000.
Oct 26 09:54:29 ubuntu kernel: [    8.661450] [mitosis-origin] pgd_alloc for mm=ffff000494f10800 and mm->pgd =ffff0004946ea000.
Oct 26 09:54:29 ubuntu kernel: [    8.661798] scsi 0:0:0:1: CD-ROM            QEMU     QEMU CD-ROM      2.5+ PQ: 0 ANSI: 5
Oct 26 09:54:29 ubuntu kernel: [    8.663605] [mitosis-origin] pgd_alloc for mm=ffff000493c0a000 and mm->pgd =ffff0004decef000.
Oct 26 09:54:29 ubuntu kernel: [    8.664732] [mitosis-origin] pgd_alloc for mm=ffff000494f13400 and mm->pgd =ffff0004946fc000.
Oct 26 09:54:29 ubuntu kernel: [    8.667452] [mitosis-origin] pgd_alloc for mm=ffff000494c09c00 and mm->pgd =ffff000494c1a000.
Oct 26 09:54:29 ubuntu kernel: [    8.668458] [mitosis-origin] pgd_alloc for mm=ffff000494f15c00 and mm->pgd =ffff00049470c000.
Oct 26 09:54:29 ubuntu kernel: [    8.671323] [mitosis-origin] pgd_free for mm=ffff000494c09c00 and pgd =ffff000494c1a000 and mm->pgd=ffff000494c1a000.
Oct 26 09:54:29 ubuntu kernel: [    8.672419] [mitosis-origin] pgd_alloc for mm=ffff000494f14800 and mm->pgd =ffff000493eca000.
Oct 26 09:54:29 ubuntu kernel: [    8.673947] [mitosis-origin] pgd_alloc for mm=ffff000494cab000 and mm->pgd =ffff000493f5a000.
Oct 26 09:54:29 ubuntu kernel: [    8.675002] [mitosis-origin] pgd_alloc for mm=ffff000494f13800 and mm->pgd =ffff000493edc000.
Oct 26 09:54:29 ubuntu kernel: [    8.675554] [mitosis-origin] pgd_free for mm=ffff000494cad800 and pgd =ffff0004952c5000 and mm->pgd=ffff0004952c5000.
Oct 26 09:54:29 ubuntu kernel: [    8.676815] [mitosis-origin] pgd_alloc for mm=ffff000494f12c00 and mm->pgd =ffff000493eec000.
Oct 26 09:54:29 ubuntu kernel: [    8.679174] [mitosis-origin] pgd_alloc for mm=ffff00049383a400 and mm->pgd =ffff0004df599000.
Oct 26 09:54:29 ubuntu kernel: [    8.679620] [mitosis-origin] pgd_alloc for mm=ffff000494f16c00 and mm->pgd =ffff0004938b7000.
Oct 26 09:54:29 ubuntu kernel: [    8.682798] [mitosis-origin] pgd_free for mm=ffff00049383a400 and pgd =ffff0004df599000 and mm->pgd=ffff0004df599000.
Oct 26 09:54:29 ubuntu kernel: [    8.682862] [mitosis-origin] pgd_free for mm=ffff000494f14c00 and pgd =ffff0004dec33000 and mm->pgd=ffff0004dec33000.
Oct 26 09:54:29 ubuntu kernel: [    8.683588] [mitosis-origin] pgd_alloc for mm=ffff000494f11c00 and mm->pgd =ffff0004938cc000.
Oct 26 09:54:29 ubuntu kernel: [    8.686384] [mitosis-origin] pgd_alloc for mm=ffff000493adb800 and mm->pgd =ffff0004ded6c000.
Oct 26 09:54:29 ubuntu kernel: [    8.687386] [mitosis-origin] pgd_alloc for mm=ffff000494f13c00 and mm->pgd =ffff0004938dd000.
Oct 26 09:54:29 ubuntu kernel: [    8.689511] [mitosis-origin] pgd_alloc for mm=ffff00049383a400 and mm->pgd =ffff0004df5b9000.
Oct 26 09:54:29 ubuntu kernel: [    8.690355] [mitosis-origin] pgd_alloc for mm=ffff000494f15800 and mm->pgd =ffff0004938ef000.
Oct 26 09:54:29 ubuntu kernel: [    8.692325] [mitosis-origin] pgd_free for mm=ffff00049383a400 and pgd =ffff0004df5b9000 and mm->pgd=ffff0004df5b9000.
Oct 26 09:54:29 ubuntu kernel: [    8.692350] [mitosis-origin] pgd_free for mm=ffff000493c0a000 and pgd =ffff0004decef000 and mm->pgd=ffff0004decef000.
Oct 26 09:54:29 ubuntu kernel: [    8.692424] [mitosis-origin] pgd_free for mm=ffff000494cab000 and pgd =ffff000493f5a000 and mm->pgd=ffff000493f5a000.
Oct 26 09:54:29 ubuntu kernel: [    8.692457] [mitosis-origin] pgd_free for mm=ffff000493adb800 and pgd =ffff0004ded6c000 and mm->pgd=ffff0004ded6c000.
Oct 26 09:54:29 ubuntu kernel: [    8.692847] [mitosis-origin] pgd_alloc for mm=ffff000494f16800 and mm->pgd =ffff000493429000.
Oct 26 09:54:29 ubuntu kernel: [    8.693228] [mitosis-origin] pgd_alloc for mm=ffff000494f17400 and mm->pgd =ffff00049343a000.
Oct 26 09:54:29 ubuntu kernel: [    8.693578] [mitosis-origin] pgd_free for mm=ffff0004953b7c00 and pgd =ffff000495344000 and mm->pgd=ffff000495344000.
Oct 26 09:54:29 ubuntu kernel: [    8.693702] [mitosis-origin] pgd_alloc for mm=ffff000494f12400 and mm->pgd =ffff00049344c000.
Oct 26 09:54:29 ubuntu kernel: [    8.695709] [mitosis-origin] pgd_alloc for mm=ffff00049383a400 and mm->pgd =ffff0004df5ca000.
Oct 26 09:54:29 ubuntu kernel: [    8.696750] [mitosis-origin] pgd_alloc for mm=ffff000494f13000 and mm->pgd =ffff00049345d000.
Oct 26 09:54:29 ubuntu kernel: [    8.697024] random: fast init done
Oct 26 09:54:29 ubuntu kernel: [    8.698783] [mitosis-origin] pgd_alloc for mm=ffff000494ce8400 and mm->pgd =ffff00049366a000.
Oct 26 09:54:29 ubuntu kernel: [    8.698885] sd 0:0:0:0: Attached scsi generic sg0 type 0
Oct 26 09:54:29 ubuntu kernel: [    8.698962] sd 0:0:0:0: Power-on or device reset occurred
Oct 26 09:54:29 ubuntu kernel: [    8.699095] sr 0:0:0:1: Power-on or device reset occurred
Oct 26 09:54:29 ubuntu kernel: [    8.699266] sr 0:0:0:1: [sr0] scsi3-mmc drive: 16x/50x cd/rw xa/form2 cdda tray
Oct 26 09:54:29 ubuntu kernel: [    8.699284] cdrom: Uniform CD-ROM driver Revision: 3.20
Oct 26 09:54:29 ubuntu kernel: [    8.699584] sd 0:0:0:0: [sda] 31457280 512-byte logical blocks: (16.1 GB/15.0 GiB)
