Dec  2 19:14:28 ubuntu systemd-modules-load[836]: Inserted module 'iscsi_tcp'
Dec  2 19:14:28 ubuntu systemd[1]: Starting Flush Journal to Persistent Storage...
Dec  2 19:14:28 ubuntu systemd[1]: Starting udev Kernel Device Manager...
Dec  2 19:14:28 ubuntu lvm[837]:   2 logical volume(s) in volume group "ubuntu-vg" monitored
Dec  2 19:14:28 ubuntu kernel: [    0.000000] Booting Linux on physical CPU 0x0000000000 [0x481fd010]
Dec  2 19:14:28 ubuntu kernel: [    0.000000] Linux version 5.7.1 (root@ubuntu) (gcc version 7.5.0 (Ubuntu/Linaro 7.5.0-3ubuntu1~18.04), GNU ld (GNU Binutils for Ubuntu) 2.30) #1 SMP Wed Dec 2 18:51:12 CST 2020
Dec  2 19:14:28 ubuntu kernel: [    0.000000] efi: EFI v2.70 by EDK II
Dec  2 19:14:28 ubuntu kernel: [    0.000000] efi:  SMBIOS 3.0=0x53f710000  ACPI 2.0=0x53c020000  MEMATTR=0x53cc7ca98  MEMRESERVE=0x53becd018 
Dec  2 19:14:28 ubuntu kernel: [    0.000000] cma: Reserved 32 MiB at 0x00000000fe000000
Dec  2 19:14:28 ubuntu kernel: [    0.000000] ACPI: Early table checksum verification disabled
Dec  2 19:14:28 ubuntu systemd[1]: Started Monitoring of LVM2 mirrors, snapshots etc. using dmeventd or progress polling.
Dec  2 19:14:28 ubuntu kernel: [    0.000000] ACPI: RSDP 0x000000053C020000 000024 (v02 BOCHS )
Dec  2 19:14:28 ubuntu kernel: [    0.000000] ACPI: XSDT 0x000000053BED0000 000054 (v01 BOCHS  BXPCFACP 00000001      01000013)
Dec  2 19:14:28 ubuntu systemd[1]: Reached target Local File Systems (Pre).
Dec  2 19:14:28 ubuntu kernel: [    0.000000] ACPI: FACP 0x000000053BE90000 00010C (v05 BOCHS  BXPCFACP 00000001 BXPC 00000001)
Dec  2 19:14:28 ubuntu kernel: [    0.000000] ACPI: DSDT 0x000000053BEA0000 001523 (v02 BOCHS  BXPCDSDT 00000001 BXPC 00000001)
Dec  2 19:14:28 ubuntu systemd-modules-load[836]: Inserted module 'ib_iser'
Dec  2 19:14:28 ubuntu kernel: [    0.000000] ACPI: APIC 0x000000053BE80000 0009E8 (v03 BOCHS  BXPCAPIC 00000001 BXPC 00000001)
Dec  2 19:14:28 ubuntu systemd[1]: Started Load Kernel Modules.
Dec  2 19:14:28 ubuntu kernel: [    0.000000] ACPI: GTDT 0x000000053BE70000 000060 (v02 BOCHS  BXPCGTDT 00000001 BXPC 00000001)
Dec  2 19:14:28 ubuntu systemd[1]: Starting Apply Kernel Variables...
Dec  2 19:14:28 ubuntu kernel: [    0.000000] ACPI: MCFG 0x000000053BE60000 00003C (v01 BOCHS  BXPCMCFG 00000001 BXPC 00000001)
Dec  2 19:14:28 ubuntu kernel: [    0.000000] ACPI: SPCR 0x000000053BE50000 000050 (v02 BOCHS  BXPCSPCR 00000001 BXPC 00000001)
Dec  2 19:14:28 ubuntu systemd[1]: Mounting FUSE Control File System...
Dec  2 19:14:28 ubuntu kernel: [    0.000000] ACPI: IORT 0x000000053BE40000 00007C (v00 BOCHS  BXPCIORT 00000001 BXPC 00000001)
Dec  2 19:14:28 ubuntu kernel: [    0.000000] ACPI: SPCR: console: pl011,mmio,0x9000000,9600
Dec  2 19:14:28 ubuntu systemd[1]: Mounting Kernel Configuration File System...
Dec  2 19:14:28 ubuntu kernel: [    0.000000] ACPI: NUMA: Failed to initialise from firmware
Dec  2 19:14:28 ubuntu kernel: [    0.000000] NUMA: Faking a node at [mem 0x0000000040000000-0x000000053fffffff]
Dec  2 19:14:28 ubuntu systemd[1]: Started udev Kernel Device Manager.
Dec  2 19:14:28 ubuntu kernel: [    0.000000] NUMA: NODE_DATA [mem 0x53d409300-0x53d40cfff]
Dec  2 19:14:28 ubuntu kernel: [    0.000000] Zone ranges:
Dec  2 19:14:28 ubuntu kernel: [    0.000000]   DMA      [mem 0x0000000040000000-0x000000007fffffff]
Dec  2 19:14:28 ubuntu kernel: [    0.000000]   DMA32    [mem 0x0000000080000000-0x00000000ffffffff]
Dec  2 19:14:28 ubuntu systemd[1]: Mounted FUSE Control File System.
Dec  2 19:14:28 ubuntu kernel: [    0.000000]   Normal   [mem 0x0000000100000000-0x000000053fffffff]
Dec  2 19:14:28 ubuntu kernel: [    0.000000] Movable zone start for each node
Dec  2 19:14:28 ubuntu systemd[1]: Mounted Kernel Configuration File System.
Dec  2 19:14:28 ubuntu kernel: [    0.000000] Early memory node ranges
Dec  2 19:14:28 ubuntu kernel: [    0.000000]   node   0: [mem 0x0000000040000000-0x000000053bedffff]
Dec  2 19:14:28 ubuntu systemd[1]: Started Apply Kernel Variables.
Dec  2 19:14:28 ubuntu kernel: [    0.000000]   node   0: [mem 0x000000053bee0000-0x000000053bffffff]
Dec  2 19:14:28 ubuntu kernel: [    0.000000]   node   0: [mem 0x000000053c000000-0x000000053c02ffff]
Dec  2 19:14:28 ubuntu kernel: [    0.000000]   node   0: [mem 0x000000053c030000-0x000000053c0affff]
Dec  2 19:14:28 ubuntu kernel: [    0.000000]   node   0: [mem 0x000000053c0b0000-0x000000053f57ffff]
Dec  2 19:14:28 ubuntu systemd[1]: Started Flush Journal to Persistent Storage.
Dec  2 19:14:28 ubuntu systemd[1]: Started udev Coldplug all Devices.
Dec  2 19:14:28 ubuntu systemd[1]: Started Dispatch Password Requests to Console Directory Watch.
Dec  2 19:14:28 ubuntu systemd[1]: Reached target Local Encrypted Volumes.
Dec  2 19:14:28 ubuntu systemd[1]: Found device /dev/ttyAMA0.
Dec  2 19:14:28 ubuntu kernel: [    0.000000]   node   0: [mem 0x000000053f580000-0x000000053f95ffff]
Dec  2 19:14:28 ubuntu systemd-udevd[896]: link_config: autonegotiation is unset or enabled, the speed and duplex are not writable.
Dec  2 19:14:28 ubuntu kernel: [    0.000000]   node   0: [mem 0x000000053f960000-0x000000053fffffff]
Dec  2 19:14:28 ubuntu systemd[1]: Listening on Load/Save RF Kill Switch Status /dev/rfkill Watch.
Dec  2 19:14:28 ubuntu kernel: [    0.000000] Zeroed struct page in unavailable ranges: 544 pages
Dec  2 19:14:28 ubuntu kernel: [    0.000000] Initmem setup node 0 [mem 0x0000000040000000-0x000000053fffffff]
Dec  2 19:14:28 ubuntu systemd-udevd[894]: link_config: autonegotiation is unset or enabled, the speed and duplex are not writable.
Dec  2 19:14:28 ubuntu kernel: [    0.000000] On node 0 totalpages: 5242880
Dec  2 19:14:28 ubuntu kernel: [    0.000000]   DMA zone: 5120 pages used for memmap
Dec  2 19:14:28 ubuntu systemd[1]: Found device /dev/mapper/ubuntu--vg-swap_1.
Dec  2 19:14:28 ubuntu kernel: [    0.000000]   DMA zone: 0 pages reserved
Dec  2 19:14:28 ubuntu kernel: [    0.000000]   DMA zone: 262144 pages, LIFO batch:63
Dec  2 19:14:28 ubuntu kernel: [    0.000000]   DMA32 zone: 10240 pages used for memmap
Dec  2 19:14:28 ubuntu kernel: [    0.000000]   DMA32 zone: 524288 pages, LIFO batch:63
Dec  2 19:14:28 ubuntu kernel: [    0.000000]   Normal zone: 87040 pages used for memmap
Dec  2 19:14:28 ubuntu kernel: [    0.000000]   Normal zone: 4456448 pages, LIFO batch:63
Dec  2 19:14:28 ubuntu systemd[1]: Activating swap /dev/mapper/ubuntu--vg-swap_1...
Dec  2 19:14:28 ubuntu kernel: [    0.000000] psci: probing for conduit method from ACPI.
Dec  2 19:14:28 ubuntu kernel: [    0.000000] psci: PSCIv1.0 detected in firmware.
Dec  2 19:14:28 ubuntu systemd[1]: Found device QEMU_HARDDISK 1.
Dec  2 19:14:28 ubuntu systemd[1]: Starting File System Check on /dev/disk/by-uuid/5EA9-3D4C...
Dec  2 19:14:28 ubuntu systemd[1]: Created slice system-lvm2\x2dpvscan.slice.
Dec  2 19:14:28 ubuntu systemd[1]: Starting LVM2 PV scan on device 8:2...
Dec  2 19:14:28 ubuntu systemd[1]: Activated swap /dev/mapper/ubuntu--vg-swap_1.
Dec  2 19:14:28 ubuntu kernel: [    0.000000] psci: Using standard PSCI v0.2 function IDs
Dec  2 19:14:28 ubuntu systemd[1]: Started File System Check Daemon to report status.
Dec  2 19:14:28 ubuntu kernel: [    0.000000] psci: Trusted OS migration not required
Dec  2 19:14:28 ubuntu kernel: [    0.000000] psci: SMC Calling Convention v1.1
Dec  2 19:14:28 ubuntu systemd[1]: Reached target Swap.
Dec  2 19:14:28 ubuntu kernel: [    0.000000] ACPI: SRAT not present
Dec  2 19:14:28 ubuntu kernel: [    0.000000] percpu: Embedded 33 pages/cpu s94616 r8192 d32360 u135168
Dec  2 19:14:28 ubuntu systemd-fsck[1032]: fsck.fat 4.1 (2017-01-24)
Dec  2 19:14:28 ubuntu systemd-fsck[1032]: /dev/sda1: 5 files, 41/65501 clusters
Dec  2 19:14:28 ubuntu kernel: [    0.000000] pcpu-alloc: s94616 r8192 d32360 u135168 alloc=33*4096
Dec  2 19:14:28 ubuntu lvm[1033]:   2 logical volume(s) in volume group "ubuntu-vg" now active
Dec  2 19:14:28 ubuntu systemd[1]: Started File System Check on /dev/disk/by-uuid/5EA9-3D4C.
Dec  2 19:14:28 ubuntu kernel: [    0.000000] pcpu-alloc: [0] 00 [0] 01 [0] 02 [0] 03 [0] 04 [0] 05 [0] 06 [0] 07 
Dec  2 19:14:28 ubuntu systemd[1]: Started LVM2 PV scan on device 8:2.
Dec  2 19:14:28 ubuntu kernel: [    0.000000] pcpu-alloc: [0] 08 [0] 09 [0] 10 [0] 11 [0] 12 [0] 13 [0] 14 [0] 15 
Dec  2 19:14:28 ubuntu kernel: [    0.000000] pcpu-alloc: [0] 16 [0] 17 [0] 18 [0] 19 [0] 20 [0] 21 [0] 22 [0] 23 
Dec  2 19:14:28 ubuntu kernel: [    0.000000] pcpu-alloc: [0] 24 [0] 25 [0] 26 [0] 27 [0] 28 [0] 29 [0] 30 [0] 31 
Dec  2 19:14:28 ubuntu kernel: [    0.000000] Detected VIPT I-cache on CPU0
Dec  2 19:14:28 ubuntu systemd[1]: Mounting /boot/efi...
Dec  2 19:14:28 ubuntu kernel: [    0.000000] CPU features: detected: GIC system register CPU interface
Dec  2 19:14:28 ubuntu kernel: [    0.000000] CPU features: detected: Hardware dirty bit management
Dec  2 19:14:28 ubuntu systemd[1]: Mounted /boot/efi.
Dec  2 19:14:28 ubuntu kernel: [    0.000000] Built 1 zonelists, mobility grouping on.  Total pages: 5140480
Dec  2 19:14:28 ubuntu systemd[1]: Reached target Local File Systems.
Dec  2 19:14:28 ubuntu kernel: [    0.000000] Policy zone: Normal
Dec  2 19:14:28 ubuntu systemd[1]: Starting Set console font and keymap...
Dec  2 19:14:28 ubuntu kernel: [    0.000000] Kernel command line: BOOT_IMAGE=/boot/vmlinuz-5.7.1 root=/dev/mapper/ubuntu--vg-root ro
Dec  2 19:14:28 ubuntu kernel: [    0.000000] Dentry cache hash table entries: 4194304 (order: 13, 33554432 bytes, linear)
Dec  2 19:14:28 ubuntu systemd[1]: Starting AppArmor initialization...
Dec  2 19:14:28 ubuntu kernel: [    0.000000] Inode-cache hash table entries: 2097152 (order: 12, 16777216 bytes, linear)
Dec  2 19:14:28 ubuntu kernel: [    0.000000] mem auto-init: stack:off, heap alloc:on, heap free:off
Dec  2 19:14:28 ubuntu systemd[1]: Starting ebtables ruleset management...
Dec  2 19:14:28 ubuntu kernel: [    0.000000] software IO TLB: mapped [mem 0x7bfff000-0x7ffff000] (64MB)
Dec  2 19:14:28 ubuntu kernel: [    0.000000] Memory: 20269608K/20971520K available (14204K kernel code, 2354K rwdata, 6868K rodata, 7040K init, 1132K bss, 669144K reserved, 32768K cma-reserved)
Dec  2 19:14:28 ubuntu systemd[1]: Starting Create Volatile Files and Directories...
Dec  2 19:14:28 ubuntu kernel: [    0.000000] random: get_random_u64 called from __kmem_cache_create+0x54/0x5d8 with crng_init=0
Dec  2 19:14:28 ubuntu kernel: [    0.000000] SLUB: HWalign=64, Order=0-3, MinObjects=0, CPUs=32, Nodes=1
Dec  2 19:14:28 ubuntu systemd[1]: Starting Tell Plymouth To Write Out Runtime Data...
Dec  2 19:14:28 ubuntu kernel: [    0.000000] ftrace: allocating 46107 entries in 181 pages
Dec  2 19:14:28 ubuntu kernel: [    0.000000] ftrace: allocated 181 pages with 5 groups
Dec  2 19:14:28 ubuntu systemd[1]: Started Set console font and keymap.
Dec  2 19:14:28 ubuntu kernel: [    0.000000] rcu: Hierarchical RCU implementation.
Dec  2 19:14:28 ubuntu systemd[1]: Started Create Volatile Files and Directories.
Dec  2 19:14:28 ubuntu kernel: [    0.000000] rcu: 	RCU restricting CPUs from NR_CPUS=256 to nr_cpu_ids=32.
Dec  2 19:14:28 ubuntu systemd[1]: Starting Update UTMP about System Boot/Shutdown...
Dec  2 19:14:28 ubuntu kernel: [    0.000000] 	Tasks RCU enabled.
Dec  2 19:14:28 ubuntu kernel: [    0.000000] rcu: RCU calculated value of scheduler-enlistment delay is 25 jiffies.
Dec  2 19:14:28 ubuntu apparmor[1042]:  * Starting AppArmor profiles
Dec  2 19:14:28 ubuntu kernel: [    0.000000] rcu: Adjusting geometry for rcu_fanout_leaf=16, nr_cpu_ids=32
Dec  2 19:14:28 ubuntu kernel: [    0.000000] NR_IRQS: 64, nr_irqs: 64, preallocated irqs: 0
Dec  2 19:14:28 ubuntu kernel: [    0.000000] GICv3: 256 SPIs implemented
Dec  2 19:14:28 ubuntu systemd[1]: Starting Network Time Synchronization...
Dec  2 19:14:28 ubuntu kernel: [    0.000000] GICv3: 0 Extended SPIs implemented
Dec  2 19:14:28 ubuntu kernel: [    0.000000] GICv3: Distributor has no Range Selector support
Dec  2 19:14:28 ubuntu kernel: [    0.000000] GICv3: 16 PPIs implemented
Dec  2 19:14:28 ubuntu kernel: [    0.000000] GICv3: CPU0: found redistributor 0 region 0:0x00000000080a0000
Dec  2 19:14:28 ubuntu systemd[1]: Started Tell Plymouth To Write Out Runtime Data.
Dec  2 19:14:28 ubuntu kernel: [    0.000000] ACPI: SRAT not present
Dec  2 19:14:28 ubuntu kernel: [    0.000000] ITS [mem 0x08080000-0x0809ffff]
Dec  2 19:14:28 ubuntu systemd[1]: Started Update UTMP about System Boot/Shutdown.
Dec  2 19:14:28 ubuntu kernel: [    0.000000] ITS@0x0000000008080000: allocated 8192 Devices @53ca00000 (indirect, esz 8, psz 64K, shr 1)
Dec  2 19:14:28 ubuntu systemd[1]: Started ebtables ruleset management.
Dec  2 19:14:28 ubuntu kernel: [    0.000000] ITS@0x0000000008080000: allocated 8192 Interrupt Collections @53ca10000 (flat, esz 8, psz 64K, shr 1)
Dec  2 19:14:28 ubuntu systemd[1]: Reached target Network (Pre).
Dec  2 19:14:28 ubuntu kernel: [    0.000000] GICv3: using LPI property table @0x000000053ca20000
Dec  2 19:14:28 ubuntu kernel: [    0.000000] GICv3: CPU0: using allocated LPI pending table @0x000000053ca30000
Dec  2 19:14:28 ubuntu systemd[1]: Starting Network Service...
Dec  2 19:14:28 ubuntu kernel: [    0.000000] arch_timer: cp15 timer(s) running at 100.00MHz (virt).
Dec  2 19:14:28 ubuntu kernel: [    0.000000] clocksource: arch_sys_counter: mask: 0xffffffffffffff max_cycles: 0x171024e7e0, max_idle_ns: 440795205315 ns
Dec  2 19:14:28 ubuntu systemd[1]: Started Network Time Synchronization.
Dec  2 19:14:28 ubuntu kernel: [    0.000001] sched_clock: 56 bits at 100MHz, resolution 10ns, wraps every 4398046511100ns
Dec  2 19:14:28 ubuntu kernel: [    0.000054] Console: colour dummy device 80x25
Dec  2 19:14:28 ubuntu systemd[1]: Reached target System Time Synchronized.
Dec  2 19:14:28 ubuntu kernel: [    0.000078] ACPI: Core revision 20200326
Dec  2 19:14:28 ubuntu kernel: [    0.000122] Calibrating delay loop (skipped), value calculated using timer frequency.. 200.00 BogoMIPS (lpj=400000)
Dec  2 19:14:28 ubuntu systemd-networkd[1077]: Enumeration completed
Dec  2 19:14:28 ubuntu kernel: [    0.000124] pid_max: default: 32768 minimum: 301
Dec  2 19:14:28 ubuntu kernel: [    0.000158] LSM: Security Framework initializing
Dec  2 19:14:28 ubuntu systemd[1]: Started Network Service.
Dec  2 19:14:28 ubuntu kernel: [    0.000164] Yama: becoming mindful.
Dec  2 19:14:28 ubuntu systemd-networkd[1077]: lo: Link is not managed by us
Dec  2 19:14:28 ubuntu kernel: [    0.000187] AppArmor: AppArmor initialized
Dec  2 19:14:28 ubuntu systemd[1]: Starting Wait for Network to be Configured...
Dec  2 19:14:28 ubuntu systemd[1]: Starting Network Name Resolution...
Dec  2 19:14:28 ubuntu systemd-networkd-wait-online[1101]: ignoring: lo
Dec  2 19:14:28 ubuntu kernel: [    0.000249] Mount-cache hash table entries: 65536 (order: 7, 524288 bytes, linear)
Dec  2 19:14:28 ubuntu apparmor[1042]: Skipping profile in /etc/apparmor.d/disable: usr.sbin.rsyslogd
Dec  2 19:14:28 ubuntu kernel: [    0.000277] Mountpoint-cache hash table entries: 65536 (order: 7, 524288 bytes, linear)
Dec  2 19:14:28 ubuntu systemd-networkd[1077]: enp1s0: Gained carrier
Dec  2 19:14:28 ubuntu kernel: [    0.000610] ACPI PPTT: No PPTT table found, CPU and cache topology may be inaccurate
Dec  2 19:14:28 ubuntu kernel: [    0.000763] rcu: Hierarchical SRCU implementation.
Dec  2 19:14:28 ubuntu systemd-networkd-wait-online[1101]: ignoring: lo
Dec  2 19:14:28 ubuntu kernel: [    0.001229] Platform MSI: ITS@0x8080000 domain created
Dec  2 19:14:28 ubuntu systemd-timesyncd[1059]: Network configuration changed, trying to establish connection.
Dec  2 19:14:28 ubuntu systemd-networkd-wait-online[1101]: ignoring: lo
Dec  2 19:14:28 ubuntu kernel: [    0.001234] PCI/MSI: ITS@0x8080000 domain created
Dec  2 19:14:28 ubuntu systemd-resolved[1105]: Positive Trust Anchors:
Dec  2 19:14:28 ubuntu systemd-resolved[1105]: . IN DS 19036 8 2 49aac11d7b6f6446702e54a1607371607a1a41855200fd2ce1cdde32f24e8fb5
Dec  2 19:14:28 ubuntu kernel: [    0.001241] Remapping and enabling EFI services.
Dec  2 19:14:28 ubuntu systemd-resolved[1105]: . IN DS 20326 8 2 e06d44b80b8f1d39a95c0b0d7c65d08458e880409bbc683457104237c7f8ec8d
Dec  2 19:14:28 ubuntu kernel: [    0.002116] smp: Bringing up secondary CPUs ...
Dec  2 19:14:28 ubuntu kernel: [    0.092241] Detected VIPT I-cache on CPU1
Dec  2 19:14:28 ubuntu systemd-resolved[1105]: Negative trust anchors: 10.in-addr.arpa 16.172.in-addr.arpa 17.172.in-addr.arpa 18.172.in-addr.arpa 19.172.in-addr.arpa 20.172.in-addr.arpa 21.172.in-addr.arpa 22.172.in-addr.arpa 23.172.in-addr.arpa 24.172.in-addr.arpa 25.172.in-addr.arpa 26.172.in-addr.arpa 27.172.in-addr.arpa 28.172.in-addr.arpa 29.172.in-addr.arpa 30.172.in-addr.arpa 31.172.in-addr.arpa 168.192.in-addr.arpa d.f.ip6.arpa corp home internal intranet lan local private test
Dec  2 19:14:28 ubuntu systemd-resolved[1105]: Using system hostname 'ubuntu'.
Dec  2 19:14:28 ubuntu kernel: [    0.092265] GICv3: CPU1: found redistributor 1 region 0:0x00000000080c0000
Dec  2 19:14:28 ubuntu systemd[1]: Started Network Name Resolution.
Dec  2 19:14:28 ubuntu kernel: [    0.092532] GICv3: CPU1: using allocated LPI pending table @0x000000053ca40000
Dec  2 19:14:28 ubuntu systemd[1]: Reached target Network.
Dec  2 19:14:28 ubuntu kernel: [    0.092559] CPU1: Booted secondary processor 0x0000000001 [0x481fd010]
Dec  2 19:14:28 ubuntu kernel: [    0.182900] Detected VIPT I-cache on CPU2
Dec  2 19:14:28 ubuntu systemd[1]: Reached target Host and Network Name Lookups.
Dec  2 19:14:28 ubuntu kernel: [    0.182916] GICv3: CPU2: found redistributor 2 region 0:0x00000000080e0000
Dec  2 19:14:28 ubuntu apparmor[1042]:    ...done.
Dec  2 19:14:28 ubuntu systemd[1]: Started AppArmor initialization.
Dec  2 19:14:28 ubuntu systemd[1]: Reached target System Initialization.
Dec  2 19:14:28 ubuntu systemd[1]: Started Message of the Day.
Dec  2 19:14:28 ubuntu systemd[1]: Started Daily apt download activities.
Dec  2 19:14:28 ubuntu systemd[1]: Started Daily apt upgrade and clean activities.
Dec  2 19:14:28 ubuntu systemd[1]: Starting LXD - unix socket.
Dec  2 19:14:28 ubuntu systemd[1]: Listening on ACPID Listen Socket.
Dec  2 19:14:28 ubuntu systemd[1]: Listening on Open-iSCSI iscsid Socket.
Dec  2 19:14:28 ubuntu kernel: [    0.183128] GICv3: CPU2: using allocated LPI pending table @0x000000053ca50000
Dec  2 19:14:28 ubuntu kernel: [    0.183152] CPU2: Booted secondary processor 0x0000000002 [0x481fd010]
Dec  2 19:14:28 ubuntu systemd[1]: Started Discard unused blocks once a week.
Dec  2 19:14:28 ubuntu kernel: [    0.273538] Detected VIPT I-cache on CPU3
Dec  2 19:14:28 ubuntu systemd[1]: Listening on D-Bus System Message Bus Socket.
Dec  2 19:14:28 ubuntu kernel: [    0.273554] GICv3: CPU3: found redistributor 3 region 0:0x0000000008100000
Dec  2 19:14:28 ubuntu systemd[1]: Started Daily Cleanup of Temporary Directories.
Dec  2 19:14:28 ubuntu systemd[1]: Started ACPI Events Check.
Dec  2 19:14:28 ubuntu systemd[1]: Reached target Paths.
Dec  2 19:14:28 ubuntu kernel: [    0.273774] GICv3: CPU3: using allocated LPI pending table @0x000000053ca60000
Dec  2 19:14:28 ubuntu systemd[1]: Starting Socket activation for snappy daemon.
Dec  2 19:14:28 ubuntu kernel: [    0.273799] CPU3: Booted secondary processor 0x0000000003 [0x481fd010]
Dec  2 19:14:28 ubuntu kernel: [    0.365056] Detected VIPT I-cache on CPU4
Dec  2 19:14:28 ubuntu kernel: [    0.365107] GICv3: CPU4: found redistributor 4 region 0:0x0000000008120000
Dec  2 19:14:28 ubuntu kernel: [    0.365452] GICv3: CPU4: using allocated LPI pending table @0x000000053ca70000
Dec  2 19:14:28 ubuntu kernel: [    0.365519] CPU4: Booted secondary processor 0x0000000004 [0x481fd010]
Dec  2 19:14:28 ubuntu kernel: [    0.504993] Detected VIPT I-cache on CPU5
Dec  2 19:14:28 ubuntu kernel: [    0.505013] GICv3: CPU5: found redistributor 5 region 0:0x0000000008140000
Dec  2 19:14:28 ubuntu systemd[1]: Reached target Timers.
Dec  2 19:14:28 ubuntu kernel: [    0.505252] GICv3: CPU5: using allocated LPI pending table @0x000000053ca80000
Dec  2 19:14:28 ubuntu kernel: [    0.505281] CPU5: Booted secondary processor 0x0000000005 [0x481fd010]
Dec  2 19:14:28 ubuntu systemd[1]: Listening on UUID daemon activation socket.
Dec  2 19:14:28 ubuntu kernel: [    0.596421] Detected VIPT I-cache on CPU6
Dec  2 19:14:28 ubuntu kernel: [    0.596443] GICv3: CPU6: found redistributor 6 region 0:0x0000000008160000
Dec  2 19:14:28 ubuntu systemd[1]: Listening on LXD - unix socket.
Dec  2 19:14:28 ubuntu kernel: [    0.596706] GICv3: CPU6: using allocated LPI pending table @0x000000053ca90000
Dec  2 19:14:28 ubuntu systemd[1]: Listening on Socket activation for snappy daemon.
Dec  2 19:14:28 ubuntu kernel: [    0.596730] CPU6: Booted secondary processor 0x0000000006 [0x481fd010]
Dec  2 19:14:28 ubuntu kernel: [    0.687961] Detected VIPT I-cache on CPU7
Dec  2 19:14:28 ubuntu systemd[1]: Reached target Sockets.
Dec  2 19:14:28 ubuntu kernel: [    0.687983] GICv3: CPU7: found redistributor 7 region 0:0x0000000008180000
Dec  2 19:14:28 ubuntu kernel: [    0.688203] GICv3: CPU7: using allocated LPI pending table @0x000000053caa0000
Dec  2 19:14:28 ubuntu kernel: [    0.688227] CPU7: Booted secondary processor 0x0000000007 [0x481fd010]
Dec  2 19:14:28 ubuntu systemd[1]: Reached target Basic System.
Dec  2 19:14:28 ubuntu kernel: [    0.779669] Detected VIPT I-cache on CPU8
Dec  2 19:14:28 ubuntu kernel: [    0.779693] GICv3: CPU8: found redistributor 8 region 0:0x00000000081a0000
Dec  2 19:14:28 ubuntu kernel: [    0.779927] GICv3: CPU8: using allocated LPI pending table @0x000000053cab0000
Dec  2 19:14:28 ubuntu systemd[1]: Started irqbalance daemon.
Dec  2 19:14:28 ubuntu kernel: [    0.779949] CPU8: Booted secondary processor 0x0000000008 [0x481fd010]
Dec  2 19:14:28 ubuntu systemd[1]: Starting Accounts Service...
Dec  2 19:14:28 ubuntu kernel: [    0.872014] Detected VIPT I-cache on CPU9
Dec  2 19:14:28 ubuntu systemd[1]: Started FUSE filesystem for LXC.
Dec  2 19:14:28 ubuntu kernel: [    0.872041] GICv3: CPU9: found redistributor 9 region 0:0x00000000081c0000
Dec  2 19:14:28 ubuntu kernel: [    0.872282] GICv3: CPU9: using allocated LPI pending table @0x000000053cac0000
Dec  2 19:14:28 ubuntu kernel: [    0.872307] CPU9: Booted secondary processor 0x0000000009 [0x481fd010]
Dec  2 19:14:28 ubuntu kernel: [    0.964359] Detected VIPT I-cache on CPU10
Dec  2 19:14:28 ubuntu kernel: [    0.964386] GICv3: CPU10: found redistributor a region 0:0x00000000081e0000
Dec  2 19:14:28 ubuntu kernel: [    0.964601] GICv3: CPU10: using allocated LPI pending table @0x000000053cad0000
Dec  2 19:14:28 ubuntu kernel: [    0.964625] CPU10: Booted secondary processor 0x000000000a [0x481fd010]
Dec  2 19:14:28 ubuntu kernel: [    1.056239] Detected VIPT I-cache on CPU11
Dec  2 19:14:28 ubuntu kernel: [    1.056267] GICv3: CPU11: found redistributor b region 0:0x0000000008200000
Dec  2 19:14:28 ubuntu kernel: [    1.056456] GICv3: CPU11: using allocated LPI pending table @0x000000053cae0000
Dec  2 19:14:28 ubuntu systemd[1]: Starting Login Service...
Dec  2 19:14:28 ubuntu kernel: [    1.056478] CPU11: Booted secondary processor 0x000000000b [0x481fd010]
Dec  2 19:14:28 ubuntu kernel: [    1.148280] Detected VIPT I-cache on CPU12
Dec  2 19:14:28 ubuntu /usr/sbin/irqbalance: IRQ arch_timer(2) guessed as class 0
Dec  2 19:14:28 ubuntu /usr/sbin/irqbalance: IRQ uart-pl011(4) guessed as class 0
Dec  2 19:14:28 ubuntu kernel: [    1.148311] GICv3: CPU12: found redistributor c region 0:0x0000000008220000
Dec  2 19:14:28 ubuntu kernel: [    1.148523] GICv3: CPU12: using allocated LPI pending table @0x000000053caf0000
Dec  2 19:14:28 ubuntu /usr/sbin/irqbalance: IRQ arm-pmu(42) guessed as class 0
Dec  2 19:14:28 ubuntu kernel: [    1.148547] CPU12: Booted secondary processor 0x000000000c [0x481fd010]
Dec  2 19:14:28 ubuntu kernel: [    1.241262] Detected VIPT I-cache on CPU13
Dec  2 19:14:28 ubuntu /usr/sbin/irqbalance: IRQ ACPI:Event(43) guessed as class 0
Dec  2 19:14:28 ubuntu kernel: [    1.241296] GICv3: CPU13: found redistributor d region 0:0x0000000008240000
Dec  2 19:14:28 ubuntu /usr/sbin/irqbalance: IRQ pciehp(44) guessed as class 0
Dec  2 19:14:28 ubuntu kernel: [    1.241511] GICv3: CPU13: using allocated LPI pending table @0x000000053cb00000
Dec  2 19:14:28 ubuntu /usr/sbin/irqbalance: IRQ pciehp(45) guessed as class 0
Dec  2 19:14:28 ubuntu kernel: [    1.241540] CPU13: Booted secondary processor 0x000000000d [0x481fd010]
Dec  2 19:14:28 ubuntu kernel: [    1.334526] Detected VIPT I-cache on CPU14
Dec  2 19:14:28 ubuntu kernel: [    1.334606] GICv3: CPU14: found redistributor e region 0:0x0000000008260000
Dec  2 19:14:28 ubuntu /usr/sbin/irqbalance: IRQ pciehp(46) guessed as class 0
Dec  2 19:14:28 ubuntu kernel: [    1.334920] GICv3: CPU14: using allocated LPI pending table @0x000000053cb10000
Dec  2 19:14:28 ubuntu kernel: [    1.334979] CPU14: Booted secondary processor 0x000000000e [0x481fd010]
Dec  2 19:14:28 ubuntu /usr/sbin/irqbalance: IRQ pciehp(47) guessed as class 0
Dec  2 19:14:28 ubuntu kernel: [    1.439792] Detected VIPT I-cache on CPU15
Dec  2 19:14:28 ubuntu kernel: [    1.439831] GICv3: CPU15: found redistributor f region 0:0x0000000008280000
Dec  2 19:14:28 ubuntu /usr/sbin/irqbalance: IRQ xhci_hcd(48) guessed as class 0
Dec  2 19:14:28 ubuntu kernel: [    1.440085] GICv3: CPU15: using allocated LPI pending table @0x000000053cb20000
Dec  2 19:14:28 ubuntu /usr/sbin/irqbalance: IRQ xhci_hcd(49) guessed as class 0
Dec  2 19:14:28 ubuntu kernel: [    1.440115] CPU15: Booted secondary processor 0x000000000f [0x481fd010]
Dec  2 19:14:28 ubuntu kernel: [    1.532898] Detected VIPT I-cache on CPU16
Dec  2 19:14:28 ubuntu /usr/sbin/irqbalance: IRQ xhci_hcd(50) guessed as class 0
Dec  2 19:14:28 ubuntu kernel: [    1.532935] GICv3: CPU16: found redistributor 100 region 0:0x00000000082a0000
Dec  2 19:14:28 ubuntu kernel: [    1.533156] GICv3: CPU16: using allocated LPI pending table @0x000000053cb30000
Dec  2 19:14:28 ubuntu /usr/sbin/irqbalance: IRQ xhci_hcd(51) guessed as class 0
Dec  2 19:14:28 ubuntu /usr/sbin/irqbalance: IRQ xhci_hcd(52) guessed as class 0
Dec  2 19:14:28 ubuntu kernel: [    1.533181] CPU16: Booted secondary processor 0x0000000100 [0x481fd010]
Dec  2 19:14:28 ubuntu /usr/sbin/irqbalance: IRQ xhci_hcd(53) guessed as class 0
Dec  2 19:14:28 ubuntu kernel: [    1.626237] Detected VIPT I-cache on CPU17
Dec  2 19:14:28 ubuntu /usr/sbin/irqbalance: IRQ xhci_hcd(54) guessed as class 0
Dec  2 19:14:28 ubuntu kernel: [    1.626327] GICv3: CPU17: found redistributor 101 region 0:0x00000000082c0000
Dec  2 19:14:28 ubuntu kernel: [    1.626928] GICv3: CPU17: using allocated LPI pending table @0x000000053cb40000
Dec  2 19:14:28 ubuntu /usr/sbin/irqbalance: IRQ xhci_hcd(55) guessed as class 0
Dec  2 19:14:28 ubuntu kernel: [    1.626957] CPU17: Booted secondary processor 0x0000000101 [0x481fd010]
Dec  2 19:14:28 ubuntu /usr/sbin/irqbalance: IRQ xhci_hcd(56) guessed as class 0
Dec  2 19:14:28 ubuntu /usr/sbin/irqbalance: IRQ xhci_hcd(57) guessed as class 0
Dec  2 19:14:28 ubuntu kernel: [    1.719849] Detected VIPT I-cache on CPU18
Dec  2 19:14:28 ubuntu /usr/sbin/irqbalance: IRQ xhci_hcd(58) guessed as class 0
Dec  2 19:14:28 ubuntu kernel: [    1.719890] GICv3: CPU18: found redistributor 102 region 0:0x00000000082e0000
Dec  2 19:14:28 ubuntu kernel: [    1.720076] GICv3: CPU18: using allocated LPI pending table @0x000000053cb50000
Dec  2 19:14:28 ubuntu /usr/sbin/irqbalance: IRQ xhci_hcd(59) guessed as class 0
Dec  2 19:14:28 ubuntu kernel: [    1.720103] CPU18: Booted secondary processor 0x0000000102 [0x481fd010]
Dec  2 19:14:28 ubuntu kernel: [    1.812958] Detected VIPT I-cache on CPU19
Dec  2 19:14:28 ubuntu /usr/sbin/irqbalance: IRQ xhci_hcd(60) guessed as class 0
Dec  2 19:14:28 ubuntu /usr/sbin/irqbalance: IRQ xhci_hcd(61) guessed as class 0
Dec  2 19:14:28 ubuntu kernel: [    1.813002] GICv3: CPU19: found redistributor 103 region 0:0x0000000008300000
Dec  2 19:14:28 ubuntu kernel: [    1.813179] GICv3: CPU19: using allocated LPI pending table @0x000000053cb60000
Dec  2 19:14:28 ubuntu kernel: [    1.813205] CPU19: Booted secondary processor 0x0000000103 [0x481fd010]
Dec  2 19:14:28 ubuntu kernel: [    1.906396] Detected VIPT I-cache on CPU20
Dec  2 19:14:28 ubuntu kernel: [    1.906462] GICv3: CPU20: found redistributor 104 region 0:0x0000000008320000
Dec  2 19:14:28 ubuntu kernel: [    1.906636] GICv3: CPU20: using allocated LPI pending table @0x000000053cb70000
Dec  2 19:14:28 ubuntu kernel: [    1.906659] CPU20: Booted secondary processor 0x0000000104 [0x481fd010]
Dec  2 19:14:28 ubuntu /usr/sbin/irqbalance: IRQ xhci_hcd(62) guessed as class 0
Dec  2 19:14:28 ubuntu kernel: [    2.000123] Detected VIPT I-cache on CPU21
Dec  2 19:14:28 ubuntu kernel: [    2.000179] GICv3: CPU21: found redistributor 105 region 0:0x0000000008340000
Dec  2 19:14:28 ubuntu kernel: [    2.000636] GICv3: CPU21: using allocated LPI pending table @0x000000053cb80000
Dec  2 19:14:28 ubuntu /usr/sbin/irqbalance: IRQ xhci_hcd(63) guessed as class 0
Dec  2 19:14:28 ubuntu kernel: [    2.000663] CPU21: Booted secondary processor 0x0000000105 [0x481fd010]
Dec  2 19:14:28 ubuntu /usr/sbin/irqbalance: IRQ virtio1-config(64) guessed as class 0
Dec  2 19:14:28 ubuntu kernel: [    2.094555] Detected VIPT I-cache on CPU22
Dec  2 19:14:28 ubuntu /usr/sbin/irqbalance: IRQ virtio1-control(65) guessed as class 0
Dec  2 19:14:28 ubuntu kernel: [    2.094604] GICv3: CPU22: found redistributor 106 region 0:0x0000000008360000
Dec  2 19:14:28 ubuntu kernel: [    2.094818] GICv3: CPU22: using allocated LPI pending table @0x000000053cb90000
Dec  2 19:14:28 ubuntu kernel: [    2.094850] CPU22: Booted secondary processor 0x0000000106 [0x481fd010]
Dec  2 19:14:28 ubuntu kernel: [    2.188586] Detected VIPT I-cache on CPU23
Dec  2 19:14:28 ubuntu /usr/sbin/irqbalance: IRQ virtio1-event(66) guessed as class 0
Dec  2 19:14:28 ubuntu kernel: [    2.188637] GICv3: CPU23: found redistributor 107 region 0:0x0000000008380000
Dec  2 19:14:28 ubuntu kernel: [    2.188839] GICv3: CPU23: using allocated LPI pending table @0x000000053cba0000
Dec  2 19:14:28 ubuntu kernel: [    2.188869] CPU23: Booted secondary processor 0x0000000107 [0x481fd010]
Dec  2 19:14:28 ubuntu kernel: [    2.282912] Detected VIPT I-cache on CPU24
Dec  2 19:14:28 ubuntu /usr/sbin/irqbalance: IRQ virtio1-request(67) guessed as class 0
Dec  2 19:14:28 ubuntu kernel: [    2.282964] GICv3: CPU24: found redistributor 108 region 0:0x00000000083a0000
Dec  2 19:14:28 ubuntu kernel: [    2.283164] GICv3: CPU24: using allocated LPI pending table @0x000000053cbb0000
Dec  2 19:14:28 ubuntu kernel: [    2.283193] CPU24: Booted secondary processor 0x0000000108 [0x481fd010]
Dec  2 19:14:28 ubuntu kernel: [    2.377097] Detected VIPT I-cache on CPU25
Dec  2 19:14:28 ubuntu kernel: [    2.377151] GICv3: CPU25: found redistributor 109 region 0:0x00000000083c0000
Dec  2 19:14:28 ubuntu kernel: [    2.377332] GICv3: CPU25: using allocated LPI pending table @0x000000053cbc0000
Dec  2 19:14:28 ubuntu /usr/sbin/irqbalance: IRQ virtio0-config(68) guessed as class 0
Dec  2 19:14:28 ubuntu kernel: [    2.377362] CPU25: Booted secondary processor 0x0000000109 [0x481fd010]
Dec  2 19:14:28 ubuntu kernel: [    2.622486] Detected VIPT I-cache on CPU26
Dec  2 19:14:28 ubuntu kernel: [    2.622570] GICv3: CPU26: found redistributor 10a region 0:0x00000000083e0000
Dec  2 19:14:28 ubuntu /usr/sbin/irqbalance: IRQ virtio0-input.0(69) guessed as class 0
Dec  2 19:14:28 ubuntu kernel: [    2.622808] GICv3: CPU26: using allocated LPI pending table @0x000000053cbd0000
Dec  2 19:14:28 ubuntu /usr/sbin/irqbalance: IRQ virtio0-output.0(70) guessed as class 0
Dec  2 19:14:28 ubuntu kernel: [    2.622859] CPU26: Booted secondary processor 0x000000010a [0x481fd010]
Dec  2 19:14:28 ubuntu kernel: [    2.724149] Detected VIPT I-cache on CPU27
Dec  2 19:14:28 ubuntu kernel: [    2.724214] GICv3: CPU27: found redistributor 10b region 0:0x0000000008400000
Dec  2 19:14:28 ubuntu systemd[1]: Starting Snappy daemon...
Dec  2 19:14:28 ubuntu kernel: [    2.724420] GICv3: CPU27: using allocated LPI pending table @0x000000053cbe0000
Dec  2 19:14:28 ubuntu lxcfs[1131]: mount namespace: 5
Dec  2 19:14:28 ubuntu kernel: [    2.724451] CPU27: Booted secondary processor 0x000000010b [0x481fd010]
Dec  2 19:14:28 ubuntu kernel: [    2.819310] Detected VIPT I-cache on CPU28
Dec  2 19:14:28 ubuntu kernel: [    2.819368] GICv3: CPU28: found redistributor 10c region 0:0x0000000008420000
Dec  2 19:14:28 ubuntu kernel: [    2.819624] GICv3: CPU28: using allocated LPI pending table @0x000000053cbf0000
Dec  2 19:14:28 ubuntu kernel: [    2.819652] CPU28: Booted secondary processor 0x000000010c [0x481fd010]
Dec  2 19:14:28 ubuntu kernel: [    3.065159] Detected VIPT I-cache on CPU29
Dec  2 19:14:28 ubuntu kernel: [    3.065303] GICv3: CPU29: found redistributor 10d region 0:0x0000000008440000
Dec  2 19:14:28 ubuntu kernel: [    3.065681] GICv3: CPU29: using allocated LPI pending table @0x000000051f800000
Dec  2 19:14:28 ubuntu lxcfs[1131]: hierarchies:
Dec  2 19:14:28 ubuntu lxcfs[1131]:   0: fd:   6: hugetlb
Dec  2 19:14:28 ubuntu lxcfs[1131]:   1: fd:   7: freezer
Dec  2 19:14:28 ubuntu lxcfs[1131]:   2: fd:   8: perf_event
Dec  2 19:14:28 ubuntu lxcfs[1131]:   3: fd:   9: devices
Dec  2 19:14:28 ubuntu lxcfs[1131]:   4: fd:  10: pids
Dec  2 19:14:28 ubuntu lxcfs[1131]:   5: fd:  11: blkio
Dec  2 19:14:28 ubuntu kernel: [    3.065743] CPU29: Booted secondary processor 0x000000010d [0x481fd010]
Dec  2 19:14:28 ubuntu kernel: [    3.313526] Detected VIPT I-cache on CPU30
Dec  2 19:14:28 ubuntu kernel: [    3.313589] GICv3: CPU30: found redistributor 10e region 0:0x0000000008460000
Dec  2 19:14:28 ubuntu kernel: [    3.313771] GICv3: CPU30: using allocated LPI pending table @0x000000051f810000
Dec  2 19:14:28 ubuntu kernel: [    3.313803] CPU30: Booted secondary processor 0x000000010e [0x481fd010]
Dec  2 19:14:28 ubuntu kernel: [    3.567566] Detected VIPT I-cache on CPU31
Dec  2 19:14:28 ubuntu kernel: [    3.567631] GICv3: CPU31: found redistributor 10f region 0:0x0000000008480000
Dec  2 19:14:28 ubuntu lxcfs[1131]:   6: fd:  12: memory
Dec  2 19:14:28 ubuntu kernel: [    3.567929] GICv3: CPU31: using allocated LPI pending table @0x000000051f820000
Dec  2 19:14:28 ubuntu lxcfs[1131]:   7: fd:  13: net_cls,net_prio
Dec  2 19:14:28 ubuntu lxcfs[1131]:   8: fd:  14: cpuset
Dec  2 19:14:28 ubuntu lxcfs[1131]:   9: fd:  15: cpu,cpuacct
Dec  2 19:14:28 ubuntu lxcfs[1131]:  10: fd:  16: rdma
Dec  2 19:14:28 ubuntu lxcfs[1131]:  11: fd:  17: name=systemd
Dec  2 19:14:28 ubuntu lxcfs[1131]:  12: fd:  18: unified
Dec  2 19:14:28 ubuntu systemd[1]: Starting LSB: Record successful boot for GRUB...
Dec  2 19:14:28 ubuntu systemd[1]: Started Deferred execution scheduler.
Dec  2 19:14:28 ubuntu systemd[1]: Starting LXD - container startup/shutdown...
Dec  2 19:14:28 ubuntu kernel: [    3.568002] CPU31: Booted secondary processor 0x000000010f [0x481fd010]
Dec  2 19:14:28 ubuntu kernel: [    3.568161] smp: Brought up 1 node, 32 CPUs
Dec  2 19:14:28 ubuntu kernel: [    3.568204] SMP: Total of 32 processors activated.
Dec  2 19:14:28 ubuntu kernel: [    3.568206] CPU features: detected: Privileged Access Never
Dec  2 19:14:28 ubuntu kernel: [    3.568207] CPU features: detected: LSE atomic instructions
Dec  2 19:14:28 ubuntu kernel: [    3.568208] CPU features: detected: User Access Override
Dec  2 19:14:28 ubuntu kernel: [    3.568210] CPU features: detected: Common not Private translations
Dec  2 19:14:28 ubuntu kernel: [    3.568211] CPU features: detected: Data cache clean to Point of Persistence
Dec  2 19:14:28 ubuntu systemd[1]: Starting Dispatcher daemon for systemd-networkd...
Dec  2 19:14:28 ubuntu kernel: [    3.568212] CPU features: detected: RAS Extension Support
Dec  2 19:14:28 ubuntu kernel: [    3.568213] CPU features: detected: CRC32 instructions
Dec  2 19:14:28 ubuntu systemd[1]: Started Regular background program processing daemon.
Dec  2 19:14:28 ubuntu kernel: [    3.714312] CPU: All CPU(s) started at EL1
Dec  2 19:14:28 ubuntu kernel: [    3.743206] alternatives: patching kernel code
Dec  2 19:14:28 ubuntu systemd[1]: Starting System Logging Service...
Dec  2 19:14:28 ubuntu kernel: [    3.765510] devtmpfs: initialized
Dec  2 19:14:28 ubuntu cron[1147]: (CRON) INFO (pidfile fd = 3)
Dec  2 19:14:28 ubuntu kernel: [    3.766218] Registered cp15_barrier emulation handler
Dec  2 19:14:28 ubuntu kernel: [    3.766317] Registered setend emulation handler
Dec  2 19:14:28 ubuntu kernel: [    3.766320] KASLR disabled due to lack of seed
Dec  2 19:14:28 ubuntu systemd[1]: Started D-Bus System Message Bus.
Dec  2 19:14:28 ubuntu kernel: [    3.766714] clocksource: jiffies: mask: 0xffffffff max_cycles: 0xffffffff, max_idle_ns: 7645041785100000 ns
Dec  2 19:14:28 ubuntu kernel: [    3.767006] futex hash table entries: 8192 (order: 7, 524288 bytes, linear)
Dec  2 19:14:28 ubuntu cron[1147]: (CRON) INFO (Running @reboot jobs)
Dec  2 19:14:28 ubuntu kernel: [    3.767685] pinctrl core: initialized pinctrl subsystem
Dec  2 19:14:28 ubuntu kernel: [    3.767839] thermal_sys: Registered thermal governor 'fair_share'
Dec  2 19:14:28 ubuntu rsyslogd: imuxsock: Acquired UNIX socket '/run/systemd/journal/syslog' (fd 3) from systemd.  [v8.32.0]
Dec  2 19:14:28 ubuntu kernel: [    3.767840] thermal_sys: Registered thermal governor 'bang_bang'
Dec  2 19:14:28 ubuntu kernel: [    3.767841] thermal_sys: Registered thermal governor 'step_wise'
Dec  2 19:14:28 ubuntu kernel: [    3.767842] thermal_sys: Registered thermal governor 'user_space'
Dec  2 19:14:28 ubuntu rsyslogd: rsyslogd's groupid changed to 106
Dec  2 19:14:28 ubuntu kernel: [    3.767888] SMBIOS 3.0.0 present.
Dec  2 19:14:28 ubuntu kernel: [    3.767891] DMI: QEMU KVM Virtual Machine, BIOS 0.0.0 02/06/2015
Dec  2 19:14:28 ubuntu kernel: [    3.768202] NET: Registered protocol family 16
Dec  2 19:14:28 ubuntu rsyslogd: rsyslogd's userid changed to 102
Dec  2 19:14:28 ubuntu kernel: [    3.769377] DMA: preallocated 256 KiB pool for atomic allocations
Dec  2 19:14:28 ubuntu rsyslogd:  [origin software="rsyslogd" swVersion="8.32.0" x-pid="1149" x-info="http://www.rsyslog.com"] start
Dec  2 19:14:28 ubuntu kernel: [    3.769381] audit: initializing netlink subsys (disabled)
Dec  2 19:14:28 ubuntu kernel: [    3.769459] audit: type=2000 audit(3.684:1): state=initialized audit_enabled=0 res=1
Dec  2 19:14:28 ubuntu kernel: [    3.769646] cpuidle: using governor ladder
Dec  2 19:14:28 ubuntu kernel: [    3.769657] cpuidle: using governor menu
Dec  2 19:14:28 ubuntu kernel: [    3.769695] hw-breakpoint: found 6 breakpoint and 4 watchpoint registers.
Dec  2 19:14:28 ubuntu kernel: [    3.770682] ASID allocator initialised with 65536 entries
Dec  2 19:14:28 ubuntu kernel: [    3.770760] ACPI: bus type PCI registered
Dec  2 19:14:28 ubuntu kernel: [    3.770762] acpiphp: ACPI Hot Plug PCI Controller Driver version: 0.5
Dec  2 19:14:28 ubuntu kernel: [    3.770833] Serial: AMBA PL011 UART driver
Dec  2 19:14:28 ubuntu kernel: [    3.773886] HugeTLB registered 1.00 GiB page size, pre-allocated 0 pages
Dec  2 19:14:28 ubuntu kernel: [    3.773889] HugeTLB registered 32.0 MiB page size, pre-allocated 0 pages
Dec  2 19:14:28 ubuntu kernel: [    3.773890] HugeTLB registered 2.00 MiB page size, pre-allocated 0 pages
Dec  2 19:14:28 ubuntu kernel: [    3.773892] HugeTLB registered 64.0 KiB page size, pre-allocated 0 pages
Dec  2 19:14:28 ubuntu kernel: [    3.781464] ACPI: Added _OSI(Module Device)
Dec  2 19:14:28 ubuntu kernel: [    3.781466] ACPI: Added _OSI(Processor Device)
Dec  2 19:14:28 ubuntu kernel: [    3.781468] ACPI: Added _OSI(3.0 _SCP Extensions)
Dec  2 19:14:28 ubuntu kernel: [    3.781469] ACPI: Added _OSI(Processor Aggregator Device)
Dec  2 19:14:28 ubuntu kernel: [    3.781470] ACPI: Added _OSI(Linux-Dell-Video)
Dec  2 19:14:28 ubuntu kernel: [    3.781472] ACPI: Added _OSI(Linux-Lenovo-NV-HDMI-Audio)
Dec  2 19:14:28 ubuntu kernel: [    3.781473] ACPI: Added _OSI(Linux-HPI-Hybrid-Graphics)
Dec  2 19:14:28 ubuntu kernel: [    3.782142] ACPI: 1 ACPI AML tables successfully acquired and loaded
Dec  2 19:14:28 ubuntu kernel: [    3.782632] ACPI: Interpreter enabled
Dec  2 19:14:28 ubuntu kernel: [    3.782633] ACPI: Using GIC for interrupt routing
Dec  2 19:14:28 ubuntu kernel: [    3.782644] ACPI: MCFG table detected, 1 entries
Dec  2 19:14:28 ubuntu kernel: [    3.786477] ARMH0011:00: ttyAMA0 at MMIO 0x9000000 (irq = 4, base_baud = 0) is a SBSA
Dec  2 19:14:28 ubuntu kernel: [    3.948308] printk: console [ttyAMA0] enabled
Dec  2 19:14:28 ubuntu kernel: [    3.950293] ACPI: PCI Root Bridge [PCI0] (domain 0000 [bus 00-0f])
Dec  2 19:14:28 ubuntu kernel: [    3.950911] acpi PNP0A08:00: _OSC: OS supports [ExtendedConfig ASPM ClockPM Segments MSI HPX-Type3]
Dec  2 19:14:28 ubuntu kernel: [    3.951890] acpi PNP0A08:00: _OSC: platform does not support [SHPCHotplug LTR]
Dec  2 19:14:28 ubuntu kernel: [    3.952721] acpi PNP0A08:00: _OSC: OS now controls [PCIeHotplug PME AER PCIeCapability]
Dec  2 19:14:28 ubuntu kernel: [    3.953731] acpi PNP0A08:00: ECAM area [mem 0x3f000000-0x3fffffff] reserved by PNP0C02:00
Dec  2 19:14:28 ubuntu kernel: [    3.954536] acpi PNP0A08:00: ECAM at [mem 0x3f000000-0x3fffffff] for [bus 00-0f]
Dec  2 19:14:28 ubuntu kernel: [    3.955278] Remapped I/O 0x000000003eff0000 to [io  0x0000-0xffff window]
Dec  2 19:14:28 ubuntu kernel: [    3.956138] PCI host bridge to bus 0000:00
Dec  2 19:14:28 ubuntu kernel: [    3.956533] pci_bus 0000:00: root bus resource [mem 0x10000000-0x3efeffff window]
Dec  2 19:14:28 ubuntu kernel: [    3.957279] pci_bus 0000:00: root bus resource [io  0x0000-0xffff window]
Dec  2 19:14:28 ubuntu kernel: [    3.957932] pci_bus 0000:00: root bus resource [mem 0x8000000000-0xffffffffff window]
Dec  2 19:14:28 ubuntu kernel: [    3.958683] pci_bus 0000:00: root bus resource [bus 00-0f]
Dec  2 19:14:28 ubuntu kernel: [    3.959257] pci 0000:00:00.0: [1b36:0008] type 00 class 0x060000
Dec  2 19:14:28 ubuntu kernel: [    3.960158] pci 0000:00:01.0: [1b36:000c] type 01 class 0x060400
Dec  2 19:14:28 ubuntu kernel: [    3.962226] pci 0000:00:01.0: reg 0x10: [mem 0x10303000-0x10303fff]
Dec  2 19:14:28 ubuntu kernel: [    3.965394] pci 0000:00:01.1: [1b36:000c] type 01 class 0x060400
Dec  2 19:14:28 ubuntu kernel: [    3.967283] pci 0000:00:01.1: reg 0x10: [mem 0x10302000-0x10302fff]
Dec  2 19:14:28 ubuntu kernel: [    3.970464] pci 0000:00:01.2: [1b36:000c] type 01 class 0x060400
Dec  2 19:14:28 ubuntu kernel: [    3.974114] pci 0000:00:01.2: reg 0x10: [mem 0x10301000-0x10301fff]
Dec  2 19:14:28 ubuntu kernel: [    3.976963] pci 0000:00:01.3: [1b36:000c] type 01 class 0x060400
Dec  2 19:14:28 ubuntu kernel: [    3.978776] pci 0000:00:01.3: reg 0x10: [mem 0x10300000-0x10300fff]
Dec  2 19:14:28 ubuntu kernel: [    3.982901] pci 0000:01:00.0: [1af4:1041] type 00 class 0x020000
Dec  2 19:14:28 ubuntu kernel: [    3.986910] pci 0000:01:00.0: reg 0x14: [mem 0x10200000-0x10200fff]
Dec  2 19:14:28 ubuntu kernel: [    3.989778] pci 0000:01:00.0: reg 0x20: [mem 0x8000000000-0x8000003fff 64bit pref]
Dec  2 19:14:28 ubuntu kernel: [    3.991364] pci 0000:01:00.0: reg 0x30: [mem 0xfff80000-0xffffffff pref]
Dec  2 19:14:28 ubuntu kernel: [    3.993381] pci 0000:02:00.0: [1b36:000d] type 00 class 0x0c0330
Dec  2 19:14:28 ubuntu kernel: [    3.994136] pci 0000:02:00.0: reg 0x10: [mem 0x10100000-0x10103fff 64bit]
Dec  2 19:14:28 ubuntu kernel: [    3.997211] pci 0000:03:00.0: [1af4:1048] type 00 class 0x010000
Dec  2 19:14:28 ubuntu kernel: [    3.998982] pci 0000:03:00.0: reg 0x14: [mem 0x10000000-0x10000fff]
Dec  2 19:14:28 ubuntu kernel: [    4.001374] pci 0000:03:00.0: reg 0x20: [mem 0x8000100000-0x8000103fff 64bit pref]
Dec  2 19:14:28 ubuntu kernel: [    4.005899] pci 0000:00:01.0: bridge window [io  0x1000-0x0fff] to [bus 01] add_size 1000
Dec  2 19:14:28 ubuntu kernel: [    4.008679] pci 0000:00:01.0: bridge window [mem 0x00100000-0x001fffff 64bit pref] to [bus 01] add_size 100000 add_align 100000
Dec  2 19:14:28 ubuntu kernel: [    4.009950] pci 0000:00:01.0: bridge window [mem 0x00100000-0x001fffff] to [bus 01] add_size 100000 add_align 100000
Dec  2 19:14:28 ubuntu kernel: [    4.011087] pci 0000:00:01.1: bridge window [io  0x1000-0x0fff] to [bus 02] add_size 1000
Dec  2 19:14:28 ubuntu kernel: [    4.012093] pci 0000:00:01.1: bridge window [mem 0x00100000-0x000fffff 64bit pref] to [bus 02] add_size 200000 add_align 100000
Dec  2 19:14:28 ubuntu kernel: [    4.013520] pci 0000:00:01.1: bridge window [mem 0x00100000-0x001fffff] to [bus 02] add_size 100000 add_align 100000
Dec  2 19:14:28 ubuntu kernel: [    4.014755] pci 0000:00:01.2: bridge window [io  0x1000-0x0fff] to [bus 03] add_size 1000
Dec  2 19:14:28 ubuntu kernel: [    4.015727] pci 0000:00:01.2: bridge window [mem 0x00100000-0x001fffff 64bit pref] to [bus 03] add_size 100000 add_align 100000
Dec  2 19:14:28 ubuntu kernel: [    4.017169] pci 0000:00:01.2: bridge window [mem 0x00100000-0x001fffff] to [bus 03] add_size 100000 add_align 100000
Dec  2 19:14:28 ubuntu kernel: [    4.018499] pci 0000:00:01.3: bridge window [io  0x1000-0x0fff] to [bus 04] add_size 1000
Dec  2 19:14:28 ubuntu kernel: [    4.019488] pci 0000:00:01.3: bridge window [mem 0x00100000-0x000fffff 64bit pref] to [bus 04] add_size 200000 add_align 100000
Dec  2 19:14:28 ubuntu kernel: [    4.020834] pci 0000:00:01.3: bridge window [mem 0x00100000-0x000fffff] to [bus 04] add_size 200000 add_align 100000
Dec  2 19:14:28 ubuntu kernel: [    4.021834] pci 0000:00:01.0: BAR 14: assigned [mem 0x10000000-0x101fffff]
Dec  2 19:14:28 ubuntu kernel: [    4.022478] pci 0000:00:01.0: BAR 15: assigned [mem 0x8000000000-0x80001fffff 64bit pref]
Dec  2 19:14:28 ubuntu kernel: [    4.023311] pci 0000:00:01.1: BAR 14: assigned [mem 0x10200000-0x103fffff]
Dec  2 19:14:28 ubuntu kernel: [    4.023953] pci 0000:00:01.1: BAR 15: assigned [mem 0x8000200000-0x80003fffff 64bit pref]
Dec  2 19:14:28 ubuntu kernel: [    4.024829] pci 0000:00:01.2: BAR 14: assigned [mem 0x10400000-0x105fffff]
Dec  2 19:14:28 ubuntu kernel: [    4.025502] pci 0000:00:01.2: BAR 15: assigned [mem 0x8000400000-0x80005fffff 64bit pref]
Dec  2 19:14:28 ubuntu kernel: [    4.026286] pci 0000:00:01.3: BAR 14: assigned [mem 0x10600000-0x107fffff]
Dec  2 19:14:28 ubuntu kernel: [    4.026939] pci 0000:00:01.3: BAR 15: assigned [mem 0x8000600000-0x80007fffff 64bit pref]
Dec  2 19:14:28 ubuntu kernel: [    4.027751] pci 0000:00:01.0: BAR 0: assigned [mem 0x10800000-0x10800fff]
Dec  2 19:14:28 ubuntu kernel: [    4.028955] pci 0000:00:01.0: BAR 13: assigned [io  0x1000-0x1fff]
Dec  2 19:14:28 ubuntu kernel: [    4.029556] pci 0000:00:01.1: BAR 0: assigned [mem 0x10801000-0x10801fff]
Dec  2 19:14:28 ubuntu kernel: [    4.030507] pci 0000:00:01.1: BAR 13: assigned [io  0x2000-0x2fff]
Dec  2 19:14:28 ubuntu kernel: [    4.031109] pci 0000:00:01.2: BAR 0: assigned [mem 0x10802000-0x10802fff]
Dec  2 19:14:28 ubuntu kernel: [    4.032195] pci 0000:00:01.2: BAR 13: assigned [io  0x3000-0x3fff]
Dec  2 19:14:28 ubuntu kernel: [    4.032820] pci 0000:00:01.3: BAR 0: assigned [mem 0x10803000-0x10803fff]
Dec  2 19:14:28 ubuntu kernel: [    4.033805] pci 0000:00:01.3: BAR 13: assigned [io  0x4000-0x4fff]
Dec  2 19:14:28 ubuntu kernel: [    4.034406] pci 0000:01:00.0: BAR 6: assigned [mem 0x10000000-0x1007ffff pref]
Dec  2 19:14:28 ubuntu kernel: [    4.035111] pci 0000:01:00.0: BAR 4: assigned [mem 0x8000000000-0x8000003fff 64bit pref]
Dec  2 19:14:28 ubuntu kernel: [    4.036639] pci 0000:01:00.0: BAR 1: assigned [mem 0x10080000-0x10080fff]
Dec  2 19:14:28 ubuntu kernel: [    4.037598] pci 0000:00:01.0: PCI bridge to [bus 01]
Dec  2 19:14:28 ubuntu kernel: [    4.038083] pci 0000:00:01.0:   bridge window [io  0x1000-0x1fff]
Dec  2 19:14:28 ubuntu kernel: [    4.039243] pci 0000:00:01.0:   bridge window [mem 0x10000000-0x101fffff]
Dec  2 19:14:28 ubuntu kernel: [    4.040386] pci 0000:00:01.0:   bridge window [mem 0x8000000000-0x80001fffff 64bit pref]
Dec  2 19:14:28 ubuntu kernel: [    4.041933] pci 0000:02:00.0: BAR 0: assigned [mem 0x10200000-0x10203fff 64bit]
Dec  2 19:14:28 ubuntu kernel: [    4.042664] pci 0000:00:01.1: PCI bridge to [bus 02]
Dec  2 19:14:28 ubuntu kernel: [    4.043142] pci 0000:00:01.1:   bridge window [io  0x2000-0x2fff]
Dec  2 19:14:28 ubuntu kernel: [    4.044374] pci 0000:00:01.1:   bridge window [mem 0x10200000-0x103fffff]
Dec  2 19:14:28 ubuntu kernel: [    4.045445] pci 0000:00:01.1:   bridge window [mem 0x8000200000-0x80003fffff 64bit pref]
Dec  2 19:14:28 ubuntu kernel: [    4.046963] pci 0000:03:00.0: BAR 4: assigned [mem 0x8000400000-0x8000403fff 64bit pref]
Dec  2 19:14:28 ubuntu kernel: [    4.048416] pci 0000:03:00.0: BAR 1: assigned [mem 0x10400000-0x10400fff]
Dec  2 19:14:28 ubuntu kernel: [    4.050782] pci 0000:00:01.2: PCI bridge to [bus 03]
Dec  2 19:14:28 ubuntu kernel: [    4.051277] pci 0000:00:01.2:   bridge window [io  0x3000-0x3fff]
Dec  2 19:14:28 ubuntu kernel: [    4.052585] pci 0000:00:01.2:   bridge window [mem 0x10400000-0x105fffff]
Dec  2 19:14:28 ubuntu kernel: [    4.053808] pci 0000:00:01.2:   bridge window [mem 0x8000400000-0x80005fffff 64bit pref]
Dec  2 19:14:28 ubuntu kernel: [    4.055604] pci 0000:00:01.3: PCI bridge to [bus 04]
Dec  2 19:14:28 ubuntu kernel: [    4.056226] pci 0000:00:01.3:   bridge window [io  0x4000-0x4fff]
Dec  2 19:14:28 ubuntu kernel: [    4.057693] pci 0000:00:01.3:   bridge window [mem 0x10600000-0x107fffff]
Dec  2 19:14:28 ubuntu kernel: [    4.058892] pci 0000:00:01.3:   bridge window [mem 0x8000600000-0x80007fffff 64bit pref]
Dec  2 19:14:28 ubuntu kernel: [    4.061790] pci_bus 0000:00: resource 4 [mem 0x10000000-0x3efeffff window]
Dec  2 19:14:28 ubuntu kernel: [    4.062454] pci_bus 0000:00: resource 5 [io  0x0000-0xffff window]
Dec  2 19:14:28 ubuntu kernel: [    4.063034] pci_bus 0000:00: resource 6 [mem 0x8000000000-0xffffffffff window]
Dec  2 19:14:28 ubuntu kernel: [    4.063737] pci_bus 0000:01: resource 0 [io  0x1000-0x1fff]
Dec  2 19:14:28 ubuntu kernel: [    4.064384] pci_bus 0000:01: resource 1 [mem 0x10000000-0x101fffff]
Dec  2 19:14:28 ubuntu kernel: [    4.065008] pci_bus 0000:01: resource 2 [mem 0x8000000000-0x80001fffff 64bit pref]
Dec  2 19:14:28 ubuntu kernel: [    4.065748] pci_bus 0000:02: resource 0 [io  0x2000-0x2fff]
Dec  2 19:14:28 ubuntu kernel: [    4.066327] pci_bus 0000:02: resource 1 [mem 0x10200000-0x103fffff]
Dec  2 19:14:28 ubuntu kernel: [    4.066941] pci_bus 0000:02: resource 2 [mem 0x8000200000-0x80003fffff 64bit pref]
Dec  2 19:14:28 ubuntu kernel: [    4.067693] pci_bus 0000:03: resource 0 [io  0x3000-0x3fff]
Dec  2 19:14:28 ubuntu kernel: [    4.068372] pci_bus 0000:03: resource 1 [mem 0x10400000-0x105fffff]
Dec  2 19:14:28 ubuntu kernel: [    4.069041] pci_bus 0000:03: resource 2 [mem 0x8000400000-0x80005fffff 64bit pref]
Dec  2 19:14:28 ubuntu kernel: [    4.069850] pci_bus 0000:04: resource 0 [io  0x4000-0x4fff]
Dec  2 19:14:28 ubuntu kernel: [    4.070442] pci_bus 0000:04: resource 1 [mem 0x10600000-0x107fffff]
Dec  2 19:14:28 ubuntu kernel: [    4.071096] pci_bus 0000:04: resource 2 [mem 0x8000600000-0x80007fffff 64bit pref]
Dec  2 19:14:28 ubuntu kernel: [    4.071973] ACPI: PCI Interrupt Link [GSI0] (IRQs *35)
Dec  2 19:14:28 ubuntu kernel: [    4.072691] ACPI: PCI Interrupt Link [GSI1] (IRQs *36)
Dec  2 19:14:28 ubuntu kernel: [    4.073252] ACPI: PCI Interrupt Link [GSI2] (IRQs *37)
Dec  2 19:14:28 ubuntu kernel: [    4.073809] ACPI: PCI Interrupt Link [GSI3] (IRQs *38)
Dec  2 19:14:28 ubuntu kernel: [    4.075295] iommu: Default domain type: Translated 
Dec  2 19:14:28 ubuntu kernel: [    4.075915] vgaarb: loaded
Dec  2 19:14:28 ubuntu kernel: [    4.076717] SCSI subsystem initialized
Dec  2 19:14:28 ubuntu kernel: [    4.077432] libata version 3.00 loaded.
Dec  2 19:14:28 ubuntu kernel: [    4.077456] ACPI: bus type USB registered
Dec  2 19:14:28 ubuntu kernel: [    4.077871] usbcore: registered new interface driver usbfs
Dec  2 19:14:28 ubuntu kernel: [    4.078405] usbcore: registered new interface driver hub
Dec  2 19:14:28 ubuntu kernel: [    4.079318] usbcore: registered new device driver usb
Dec  2 19:14:28 ubuntu kernel: [    4.079883] pps_core: LinuxPPS API ver. 1 registered
Dec  2 19:14:28 ubuntu kernel: [    4.080427] pps_core: Software ver. 5.3.6 - Copyright 2005-2007 Rodolfo Giometti <giometti@linux.it>
Dec  2 19:14:28 ubuntu kernel: [    4.081312] PTP clock support registered
Dec  2 19:14:28 ubuntu kernel: [    4.082166] EDAC MC: Ver: 3.0.0
Dec  2 19:14:28 ubuntu kernel: [    4.082741] Registered efivars operations
Dec  2 19:14:28 ubuntu kernel: [    4.084756] NetLabel: Initializing
Dec  2 19:14:28 ubuntu kernel: [    4.085099] NetLabel:  domain hash size = 128
Dec  2 19:14:28 ubuntu kernel: [    4.085542] NetLabel:  protocols = UNLABELED CIPSOv4 CALIPSO
Dec  2 19:14:28 ubuntu kernel: [    4.086097] NetLabel:  unlabeled traffic allowed by default
Dec  2 19:14:28 ubuntu kernel: [    4.087042] clocksource: Switched to clocksource arch_sys_counter
Dec  2 19:14:28 ubuntu kernel: [    4.104642] VFS: Disk quotas dquot_6.6.0
Dec  2 19:14:28 ubuntu kernel: [    4.105082] VFS: Dquot-cache hash table entries: 512 (order 0, 4096 bytes)
Dec  2 19:14:28 ubuntu kernel: [    4.105909] AppArmor: AppArmor Filesystem Enabled
Dec  2 19:14:28 ubuntu kernel: [    4.106415] pnp: PnP ACPI init
Dec  2 19:14:28 ubuntu kernel: [    4.106885] system 00:00: [mem 0x3f000000-0x3fffffff] could not be reserved
Dec  2 19:14:28 ubuntu kernel: [    4.107633] system 00:00: Plug and Play ACPI device, IDs PNP0c02 (active)
Dec  2 19:14:28 ubuntu kernel: [    4.107640] pnp: PnP ACPI: found 1 devices
Dec  2 19:14:28 ubuntu kernel: [    4.110270] NET: Registered protocol family 2
Dec  2 19:14:28 ubuntu kernel: [    4.110903] tcp_listen_portaddr_hash hash table entries: 16384 (order: 6, 262144 bytes, linear)
Dec  2 19:14:28 ubuntu kernel: [    4.112282] TCP established hash table entries: 262144 (order: 9, 2097152 bytes, linear)
Dec  2 19:14:28 ubuntu kernel: [    4.113661] TCP bind hash table entries: 65536 (order: 8, 1048576 bytes, linear)
Dec  2 19:14:28 ubuntu kernel: [    4.114491] TCP: Hash tables configured (established 262144 bind 65536)
Dec  2 19:14:28 ubuntu kernel: [    4.115270] UDP hash table entries: 16384 (order: 7, 524288 bytes, linear)
Dec  2 19:14:28 ubuntu kernel: [    4.115992] UDP-Lite hash table entries: 16384 (order: 7, 524288 bytes, linear)
Dec  2 19:14:28 ubuntu kernel: [    4.116806] NET: Registered protocol family 1
Dec  2 19:14:28 ubuntu kernel: [    4.117230] NET: Registered protocol family 44
Dec  2 19:14:28 ubuntu kernel: [    4.117703] pci 0000:02:00.0: enabling device (0000 -> 0002)
Dec  2 19:14:28 ubuntu kernel: [    4.118621] PCI: CLS 0 bytes, default 64
Dec  2 19:14:28 ubuntu kernel: [    4.119066] Trying to unpack rootfs image as initramfs...
Dec  2 19:14:28 ubuntu kernel: [    5.010599] Freeing initrd memory: 61288K
Dec  2 19:14:28 ubuntu kernel: [    5.040028] hw perfevents: enabled with armv8_pmuv3_0 PMU driver, 13 counters available
Dec  2 19:14:28 ubuntu kernel: [    5.040978] kvm [1]: HYP mode not available
Dec  2 19:14:28 ubuntu kernel: [    5.042038] Initialise system trusted keyrings
Dec  2 19:14:28 ubuntu kernel: [    5.042518] Key type blacklist registered
Dec  2 19:14:28 ubuntu kernel: [    5.043076] workingset: timestamp_bits=40 max_order=23 bucket_order=0
Dec  2 19:14:28 ubuntu kernel: [    5.045742] zbud: loaded
Dec  2 19:14:28 ubuntu kernel: [    5.046403] squashfs: version 4.0 (2009/01/31) Phillip Lougher
Dec  2 19:14:28 ubuntu kernel: [    5.047553] fuse: init (API version 7.31)
Dec  2 19:14:28 ubuntu kernel: [    5.048302] integrity: Platform Keyring initialized
Dec  2 19:14:28 ubuntu kernel: [    5.054946] Key type asymmetric registered
Dec  2 19:14:28 ubuntu kernel: [    5.055342] Asymmetric key parser 'x509' registered
Dec  2 19:14:28 ubuntu kernel: [    5.055782] Block layer SCSI generic (bsg) driver version 0.4 loaded (major 244)
Dec  2 19:14:28 ubuntu kernel: [    5.056932] io scheduler mq-deadline registered
Dec  2 19:14:28 ubuntu kernel: [    5.059490] pl061_gpio ARMH0061:00: PL061 GPIO chip registered
Dec  2 19:14:28 ubuntu kernel: [    5.060301] PCI Interrupt Link [GSI1] enabled at IRQ 36
Dec  2 19:14:28 ubuntu kernel: [    5.061631] pcieport 0000:00:01.0: PME: Signaling with IRQ 44
Dec  2 19:14:28 ubuntu kernel: [    5.062419] pcieport 0000:00:01.0: AER: enabled with IRQ 44
Dec  2 19:14:28 ubuntu kernel: [    5.063025] pcieport 0000:00:01.0: pciehp: Slot #0 AttnBtn+ PwrCtrl+ MRL- AttnInd+ PwrInd+ HotPlug+ Surprise+ Interlock+ NoCompl- IbPresDis- LLActRep-
Dec  2 19:14:28 ubuntu kernel: [    5.065425] pcieport 0000:00:01.1: PME: Signaling with IRQ 45
Dec  2 19:14:28 ubuntu kernel: [    5.066131] pcieport 0000:00:01.1: AER: enabled with IRQ 45
Dec  2 19:14:28 ubuntu kernel: [    5.066655] pcieport 0000:00:01.1: pciehp: Slot #0 AttnBtn+ PwrCtrl+ MRL- AttnInd+ PwrInd+ HotPlug+ Surprise+ Interlock+ NoCompl- IbPresDis- LLActRep-
Dec  2 19:14:28 ubuntu kernel: [    5.068730] pcieport 0000:00:01.2: PME: Signaling with IRQ 46
Dec  2 19:14:28 ubuntu kernel: [    5.069378] pcieport 0000:00:01.2: AER: enabled with IRQ 46
Dec  2 19:14:28 ubuntu kernel: [    5.069901] pcieport 0000:00:01.2: pciehp: Slot #0 AttnBtn+ PwrCtrl+ MRL- AttnInd+ PwrInd+ HotPlug+ Surprise+ Interlock+ NoCompl- IbPresDis- LLActRep-
Dec  2 19:14:28 ubuntu kernel: [    5.071930] pcieport 0000:00:01.3: PME: Signaling with IRQ 47
Dec  2 19:14:28 ubuntu kernel: [    5.072706] pcieport 0000:00:01.3: AER: enabled with IRQ 47
Dec  2 19:14:28 ubuntu kernel: [    5.073236] pcieport 0000:00:01.3: pciehp: Slot #0 AttnBtn+ PwrCtrl+ MRL- AttnInd+ PwrInd+ HotPlug+ Surprise+ Interlock+ NoCompl- IbPresDis- LLActRep-
Dec  2 19:14:28 ubuntu kernel: [    5.074611] pcieport 0000:00:01.3: pciehp: Slot(0-3): Link Up
Dec  2 19:14:28 ubuntu kernel: [    5.074973] shpchp: Standard Hot Plug PCI Controller Driver version: 0.4
Dec  2 19:14:28 ubuntu kernel: [    5.076446] input: Power Button as /devices/LNXSYSTM:00/LNXSYBUS:00/PNP0C0C:00/input/input0
Dec  2 19:14:28 ubuntu kernel: [    5.077211] ACPI: Power Button [PWRB]
Dec  2 19:14:28 ubuntu kernel: [    5.082166] Serial: 8250/16550 driver, 32 ports, IRQ sharing enabled
Dec  2 19:14:28 ubuntu kernel: [    5.084933] msm_serial: driver initialized
Dec  2 19:14:28 ubuntu kernel: [    5.085836] cacheinfo: Unable to detect cache hierarchy for CPU 0
Dec  2 19:14:28 ubuntu kernel: [    5.099135] loop: module loaded
Dec  2 19:14:28 ubuntu kernel: [    5.101211] libphy: Fixed MDIO Bus: probed
Dec  2 19:14:28 ubuntu kernel: [    5.102271] tun: Universal TUN/TAP device driver, 1.6
Dec  2 19:14:28 ubuntu kernel: [    5.103999] PPP generic driver version 2.4.2
Dec  2 19:14:28 ubuntu kernel: [    5.105237] ehci_hcd: USB 2.0 'Enhanced' Host Controller (EHCI) Driver
Dec  2 19:14:28 ubuntu kernel: [    5.106866] ehci-pci: EHCI PCI platform driver
Dec  2 19:14:28 ubuntu kernel: [    5.107551] ehci-orion: EHCI orion driver
Dec  2 19:14:28 ubuntu kernel: [    5.107963] ohci_hcd: USB 1.1 'Open' Host Controller (OHCI) Driver
Dec  2 19:14:28 ubuntu kernel: [    5.108560] ohci-pci: OHCI PCI platform driver
Dec  2 19:14:28 ubuntu kernel: [    5.108999] uhci_hcd: USB Universal Host Controller Interface driver
Dec  2 19:14:28 ubuntu kernel: [    5.110154] xhci_hcd 0000:02:00.0: xHCI Host Controller
Dec  2 19:14:28 ubuntu kernel: [    5.110687] xhci_hcd 0000:02:00.0: new USB bus registered, assigned bus number 1
Dec  2 19:14:28 ubuntu kernel: [    5.111647] xhci_hcd 0000:02:00.0: hcc params 0x00087001 hci version 0x100 quirks 0x0000000000000010
Dec  2 19:14:28 ubuntu kernel: [    5.113946] usb usb1: New USB device found, idVendor=1d6b, idProduct=0002, bcdDevice= 5.07
Dec  2 19:14:28 ubuntu kernel: [    5.114758] usb usb1: New USB device strings: Mfr=3, Product=2, SerialNumber=1
Dec  2 19:14:28 ubuntu kernel: [    5.115574] usb usb1: Product: xHCI Host Controller
Dec  2 19:14:28 ubuntu kernel: [    5.116063] usb usb1: Manufacturer: Linux 5.7.1 xhci-hcd
Dec  2 19:14:28 ubuntu kernel: [    5.116589] usb usb1: SerialNumber: 0000:02:00.0
Dec  2 19:14:28 ubuntu kernel: [    5.117179] hub 1-0:1.0: USB hub found
Dec  2 19:14:28 ubuntu kernel: [    5.117590] hub 1-0:1.0: 8 ports detected
Dec  2 19:14:28 ubuntu kernel: [    5.118321] xhci_hcd 0000:02:00.0: xHCI Host Controller
Dec  2 19:14:28 ubuntu kernel: [    5.118850] xhci_hcd 0000:02:00.0: new USB bus registered, assigned bus number 2
Dec  2 19:14:28 ubuntu kernel: [    5.119647] xhci_hcd 0000:02:00.0: Host supports USB 3.0 SuperSpeed
Dec  2 19:14:28 ubuntu kernel: [    5.120307] usb usb2: We don't know the algorithms for LPM for this host, disabling LPM.
Dec  2 19:14:28 ubuntu kernel: [    5.121140] usb usb2: New USB device found, idVendor=1d6b, idProduct=0003, bcdDevice= 5.07
Dec  2 19:14:28 ubuntu kernel: [    5.121969] usb usb2: New USB device strings: Mfr=3, Product=2, SerialNumber=1
Dec  2 19:14:28 ubuntu kernel: [    5.122685] usb usb2: Product: xHCI Host Controller
Dec  2 19:14:28 ubuntu kernel: [    5.123276] usb usb2: Manufacturer: Linux 5.7.1 xhci-hcd
Dec  2 19:14:28 ubuntu kernel: [    5.123785] usb usb2: SerialNumber: 0000:02:00.0
Dec  2 19:14:28 ubuntu kernel: [    5.124335] hub 2-0:1.0: USB hub found
Dec  2 19:14:28 ubuntu kernel: [    5.124726] hub 2-0:1.0: 8 ports detected
Dec  2 19:14:28 ubuntu kernel: [    5.125487] mousedev: PS/2 mouse device common for all mice
Dec  2 19:14:28 ubuntu kernel: [    5.126331] rtc-efi rtc-efi.0: registered as rtc0
Dec  2 19:14:28 ubuntu kernel: [    5.127035] rtc-efi rtc-efi.0: setting system clock to 2020-12-02T11:14:24 UTC (1606907664)
Dec  2 19:14:28 ubuntu kernel: [    5.127937] i2c /dev entries driver
Dec  2 19:14:28 ubuntu kernel: [    5.128489] device-mapper: uevent: version 1.0.3
Dec  2 19:14:28 ubuntu kernel: [    5.129043] device-mapper: ioctl: 4.42.0-ioctl (2020-02-27) initialised: dm-devel@redhat.com
Dec  2 19:14:28 ubuntu kernel: [    5.130993] ledtrig-cpu: registered to indicate activity on CPUs
Dec  2 19:14:28 ubuntu kernel: [    5.131754] EFI Variables Facility v0.08 2004-May-17
Dec  2 19:14:28 ubuntu kernel: [    5.134746] NET: Registered protocol family 10
Dec  2 19:14:28 ubuntu kernel: [    5.146542] Segment Routing with IPv6
Dec  2 19:14:28 ubuntu kernel: [    5.147383] NET: Registered protocol family 17
Dec  2 19:14:28 ubuntu kernel: [    5.148423] Key type dns_resolver registered
Dec  2 19:14:28 ubuntu kernel: [    5.149761] registered taskstats version 1
Dec  2 19:14:28 ubuntu kernel: [    5.150798] Loading compiled-in X.509 certificates
Dec  2 19:14:28 ubuntu kernel: [    5.156374] Loaded X.509 cert 'Build time autogenerated kernel key: 5fc9bbbf10d23f3f9dda6c889ba5358a20950e89'
Dec  2 19:14:28 ubuntu kernel: [    5.158030] zswap: loaded using pool lzo/zbud
Dec  2 19:14:28 ubuntu kernel: [    5.159144] Key type ._fscrypt registered
Dec  2 19:14:28 ubuntu kernel: [    5.159696] Key type .fscrypt registered
Dec  2 19:14:28 ubuntu kernel: [    5.160206] Key type fscrypt-provisioning registered
Dec  2 19:14:28 ubuntu kernel: [    5.171273] cryptd: max_cpu_qlen set to 1000
Dec  2 19:14:28 ubuntu kernel: [    5.243447] Key type big_key registered
Dec  2 19:14:28 ubuntu kernel: [    5.257655] Key type encrypted registered
Dec  2 19:14:28 ubuntu kernel: [    5.258186] AppArmor: AppArmor sha1 policy hashing enabled
Dec  2 19:14:28 ubuntu kernel: [    5.259006] ima: No TPM chip found, activating TPM-bypass!
Dec  2 19:14:28 ubuntu kernel: [    5.259955] ima: Allocated hash algorithm: sha1
Dec  2 19:14:28 ubuntu kernel: [    5.260515] ima: No architecture policies found
Dec  2 19:14:28 ubuntu kernel: [    5.261094] evm: Initialising EVM extended attributes:
Dec  2 19:14:28 ubuntu kernel: [    5.261706] evm: security.selinux
Dec  2 19:14:28 ubuntu kernel: [    5.262097] evm: security.SMACK64
Dec  2 19:14:28 ubuntu kernel: [    5.262495] evm: security.SMACK64EXEC
Dec  2 19:14:28 ubuntu kernel: [    5.262934] evm: security.SMACK64TRANSMUTE
Dec  2 19:14:28 ubuntu kernel: [    5.263510] evm: security.SMACK64MMAP
Dec  2 19:14:28 ubuntu kernel: [    5.263961] evm: security.apparmor
Dec  2 19:14:28 ubuntu kernel: [    5.264379] evm: security.ima
Dec  2 19:14:28 ubuntu kernel: [    5.264737] evm: security.capability
Dec  2 19:14:28 ubuntu kernel: [    5.265167] evm: HMAC attrs: 0x1
Dec  2 19:14:28 ubuntu kernel: [    5.269242] Freeing unused kernel memory: 7040K
Dec  2 19:14:28 ubuntu kernel: [    5.341687] Checked W+X mappings: passed, no W+X pages found
Dec  2 19:14:28 ubuntu kernel: [    5.342328] Run /init as init process
Dec  2 19:14:28 ubuntu kernel: [    5.342656]   with arguments:
Dec  2 19:14:28 ubuntu kernel: [    5.342657]     /init
Dec  2 19:14:28 ubuntu kernel: [    5.342658]   with environment:
Dec  2 19:14:28 ubuntu kernel: [    5.342659]     HOME=/
Dec  2 19:14:28 ubuntu kernel: [    5.342659]     TERM=linux
Dec  2 19:14:28 ubuntu kernel: [    5.342660]     BOOT_IMAGE=/boot/vmlinuz-5.7.1
Dec  2 19:14:28 ubuntu kernel: [    5.456278] scsi host0: Virtio SCSI HBA
Dec  2 19:14:28 ubuntu kernel: [    5.459839] scsi 0:0:0:0: Direct-Access     QEMU     QEMU HARDDISK    2.5+ PQ: 0 ANSI: 5
Dec  2 19:14:28 ubuntu kernel: [    5.462398] scsi 0:0:0:1: CD-ROM            QEMU     QEMU CD-ROM      2.5+ PQ: 0 ANSI: 5
Dec  2 19:14:28 ubuntu kernel: [    5.479603] virtio_net virtio0 enp1s0: renamed from eth0
Dec  2 19:14:28 ubuntu kernel: [    5.490796] random: fast init done
Dec  2 19:14:28 ubuntu kernel: [    5.492750] sd 0:0:0:0: Attached scsi generic sg0 type 0
Dec  2 19:14:28 ubuntu kernel: [    5.492822] sd 0:0:0:0: Power-on or device reset occurred
Dec  2 19:14:28 ubuntu kernel: [    5.493905] sr 0:0:0:1: Power-on or device reset occurred
Dec  2 19:14:28 ubuntu kernel: [    5.494505] sd 0:0:0:0: [sda] 31457280 512-byte logical blocks: (16.1 GB/15.0 GiB)
Dec  2 19:14:28 ubuntu kernel: [    5.494931] sr 0:0:0:1: [sr0] scsi3-mmc drive: 16x/50x cd/rw xa/form2 cdda tray
Dec  2 19:14:28 ubuntu kernel: [    5.495875] sd 0:0:0:0: [sda] Write Protect is off
Dec  2 19:14:28 ubuntu kernel: [    5.496547] cdrom: Uniform CD-ROM driver Revision: 3.20
Dec  2 19:14:28 ubuntu kernel: [    5.497010] sd 0:0:0:0: [sda] Mode Sense: 63 00 00 08
Dec  2 19:14:28 ubuntu kernel: [    5.497604] sd 0:0:0:0: [sda] Write cache: enabled, read cache: enabled, doesn't support DPO or FUA
Dec  2 19:14:28 ubuntu kernel: [    5.512876] sr 0:0:0:1: Attached scsi CD-ROM sr0
Dec  2 19:14:28 ubuntu kernel: [    5.513177] sr 0:0:0:1: Attached scsi generic sg1 type 5
Dec  2 19:14:28 ubuntu kernel: [    5.531898]  sda: sda1 sda2
Dec  2 19:14:28 ubuntu kernel: [    5.535056] sd 0:0:0:0: [sda] Attached SCSI disk
Dec  2 19:14:28 ubuntu kernel: [    5.561229] random: lvm: uninitialized urandom read (4 bytes read)
Dec  2 19:14:28 ubuntu kernel: [    5.579559] random: lvm: uninitialized urandom read (2 bytes read)
Dec  2 19:14:28 ubuntu kernel: [    6.843039] raid6: neonx8   gen() 11720 MB/s
Dec  2 19:14:28 ubuntu kernel: [    6.911040] raid6: neonx8   xor()  8517 MB/s
Dec  2 19:14:28 ubuntu kernel: [    6.979046] raid6: neonx4   gen() 11146 MB/s
Dec  2 19:14:28 ubuntu kernel: [    7.047039] raid6: neonx4   xor()  7803 MB/s
Dec  2 19:14:28 ubuntu kernel: [    7.115036] raid6: neonx2   gen()  9175 MB/s
Dec  2 19:14:28 ubuntu kernel: [    7.183041] raid6: neonx2   xor()  6605 MB/s
Dec  2 19:14:28 ubuntu kernel: [    7.251038] raid6: neonx1   gen()  6766 MB/s
Dec  2 19:14:28 ubuntu kernel: [    7.319038] raid6: neonx1   xor()  2897 MB/s
Dec  2 19:14:28 ubuntu kernel: [    7.387047] raid6: int64x8  gen()  5841 MB/s
Dec  2 19:14:28 ubuntu kernel: [    7.455035] raid6: int64x8  xor()  3627 MB/s
Dec  2 19:14:28 ubuntu kernel: [    7.523034] raid6: int64x4  gen()  7242 MB/s
Dec  2 19:14:28 ubuntu kernel: [    7.591042] raid6: int64x4  xor()  3694 MB/s
Dec  2 19:14:28 ubuntu kernel: [    7.659047] raid6: int64x2  gen()  5958 MB/s
Dec  2 19:14:28 ubuntu kernel: [    7.667047] pcieport 0000:00:01.3: pciehp: Failed to check link status
Dec  2 19:14:28 ubuntu kernel: [    7.727046] raid6: int64x2  xor()  1673 MB/s
Dec  2 19:14:28 ubuntu kernel: [    7.795038] raid6: int64x1  gen()  4538 MB/s
Dec  2 19:14:28 ubuntu kernel: [    7.863034] raid6: int64x1  xor()  1235 MB/s
Dec  2 19:14:28 ubuntu kernel: [    7.863508] raid6: using algorithm neonx8 gen() 11720 MB/s
Dec  2 19:14:28 ubuntu kernel: [    7.864017] raid6: .... xor() 8517 MB/s, rmw enabled
Dec  2 19:14:28 ubuntu kernel: [    7.864484] raid6: using neon recovery algorithm
Dec  2 19:14:28 ubuntu kernel: [    7.867720] xor: measuring software checksum speed
Dec  2 19:14:28 ubuntu kernel: [    7.907031]    8regs     : 13120.000 MB/sec
Dec  2 19:14:28 ubuntu kernel: [    7.947066]    32regs    : 16054.000 MB/sec
Dec  2 19:14:28 ubuntu kernel: [    7.987048]    arm64_neon: 19350.000 MB/sec
Dec  2 19:14:28 ubuntu kernel: [    7.995880] xor: using function: arm64_neon (19350.000 MB/sec)
Dec  2 19:14:28 ubuntu kernel: [    7.997814] async_tx: api initialized (async)
Dec  2 19:14:28 ubuntu kernel: [    8.044484] random: lvm: uninitialized urandom read (4 bytes read)
Dec  2 19:14:28 ubuntu kernel: [    8.069542] random: lvm: uninitialized urandom read (4 bytes read)
Dec  2 19:14:28 ubuntu kernel: [    8.149638] Btrfs loaded, crc32c=crc32c-generic
Dec  2 19:14:28 ubuntu kernel: [    8.210069] EXT4-fs (dm-0): mounted filesystem with ordered data mode. Opts: (null)
Dec  2 19:14:28 ubuntu kernel: [    8.407885] systemd[1]: systemd 237 running in system mode. (+PAM +AUDIT +SELINUX +IMA +APPARMOR +SMACK +SYSVINIT +UTMP +LIBCRYPTSETUP +GCRYPT +GNUTLS +ACL +XZ +LZ4 +SECCOMP +BLKID +ELFUTILS +KMOD -IDN2 +IDN -PCRE2 default-hierarchy=hybrid)
Dec  2 19:14:28 ubuntu kernel: [    8.411150] systemd[1]: Detected virtualization kvm.
Dec  2 19:14:28 ubuntu kernel: [    8.411830] systemd[1]: Detected architecture arm64.
Dec  2 19:14:28 ubuntu kernel: [    8.431967] systemd[1]: Set hostname to <ubuntu>.
Dec  2 19:14:28 ubuntu kernel: [    8.497802] random: systemd: uninitialized urandom read (16 bytes read)
Dec  2 19:14:28 ubuntu kernel: [    8.499445] systemd[1]: Created slice System Slice.
Dec  2 19:14:28 ubuntu kernel: [    8.500597] systemd[1]: Listening on Journal Socket (/dev/log).
Dec  2 19:14:28 ubuntu kernel: [    8.501822] systemd[1]: Listening on LVM2 metadata daemon socket.
Dec  2 19:14:28 ubuntu kernel: [    8.503134] systemd[1]: Listening on Journal Socket.
Dec  2 19:14:28 ubuntu kernel: [    8.505170] systemd[1]: Starting Set the console keyboard layout...
Dec  2 19:14:28 ubuntu kernel: [    8.506591] systemd[1]: Listening on udev Control Socket.
Dec  2 19:14:28 ubuntu kernel: [    8.523095] EXT4-fs (dm-0): re-mounted. Opts: errors=remount-ro
Dec  2 19:14:28 ubuntu kernel: [    8.544902] Loading iSCSI transport class v2.0-870.
Dec  2 19:14:28 ubuntu kernel: [    8.553564] iscsi: registered transport (tcp)
Dec  2 19:14:28 ubuntu kernel: [    8.577155] systemd-journald[828]: Received request to flush runtime journal from PID 1
Dec  2 19:14:28 ubuntu kernel: [    8.587101] iscsi: registered transport (iser)
Dec  2 19:14:28 ubuntu kernel: [    8.760459] pstore: Using crash dump compression: deflate
Dec  2 19:14:28 ubuntu kernel: [    8.768823] pstore: Registered efi as persistent store backend
Dec  2 19:14:28 ubuntu kernel: [    8.915163] Adding 1003516k swap on /dev/mapper/ubuntu--vg-swap_1.  Priority:-2 extents:1 across:1003516k FS
Dec  2 19:14:28 ubuntu kernel: [    9.052972] audit: type=1400 audit(1606907668.424:2): apparmor="STATUS" operation="profile_load" profile="unconfined" name="/usr/bin/lxc-start" pid=1119 comm="apparmor_parser"
Dec  2 19:14:28 ubuntu kernel: [    9.114713] audit: type=1400 audit(1606907668.484:3): apparmor="STATUS" operation="profile_load" profile="unconfined" name="/usr/bin/man" pid=1122 comm="apparmor_parser"
Dec  2 19:14:28 ubuntu kernel: [    9.115683] audit: type=1400 audit(1606907668.488:4): apparmor="STATUS" operation="profile_load" profile="unconfined" name="man_filter" pid=1122 comm="apparmor_parser"
Dec  2 19:14:28 ubuntu kernel: [    9.116897] audit: type=1400 audit(1606907668.488:5): apparmor="STATUS" operation="profile_load" profile="unconfined" name="man_groff" pid=1122 comm="apparmor_parser"
Dec  2 19:14:28 ubuntu kernel: [    9.139240] audit: type=1400 audit(1606907668.512:6): apparmor="STATUS" operation="profile_load" profile="unconfined" name="/usr/sbin/tcpdump" pid=1125 comm="apparmor_parser"
Dec  2 19:14:28 ubuntu kernel: [    9.197756] audit: type=1400 audit(1606907668.568:7): apparmor="STATUS" operation="profile_load" profile="unconfined" name="/sbin/dhclient" pid=1117 comm="apparmor_parser"
Dec  2 19:14:28 ubuntu kernel: [    9.199313] audit: type=1400 audit(1606907668.572:8): apparmor="STATUS" operation="profile_load" profile="unconfined" name="/usr/lib/NetworkManager/nm-dhcp-client.action" pid=1117 comm="apparmor_parser"
Dec  2 19:14:28 ubuntu kernel: [    9.200737] audit: type=1400 audit(1606907668.572:9): apparmor="STATUS" operation="profile_load" profile="unconfined" name="/usr/lib/NetworkManager/nm-dhcp-helper" pid=1117 comm="apparmor_parser"
Dec  2 19:14:28 ubuntu kernel: [    9.202094] audit: type=1400 audit(1606907668.572:10): apparmor="STATUS" operation="profile_load" profile="unconfined" name="/usr/lib/connman/scripts/dhclient-script" pid=1117 comm="apparmor_parser"
Dec  2 19:14:28 ubuntu kernel: [    9.258897] audit: type=1400 audit(1606907668.628:11): apparmor="STATUS" operation="profile_load" profile="unconfined" name="/usr/lib/snapd/snap-confine" pid=1123 comm="apparmor_parser"
Dec  2 19:14:28 ubuntu kernel: [    9.334275] new mount options do not match the existing superblock, will be ignored
Dec  2 19:14:28 ubuntu systemd[1]: Started System Logging Service.
Dec  2 19:14:28 ubuntu systemd[1]: Started Login Service.
Dec  2 19:14:28 ubuntu snapd[1134]: AppArmor status: apparmor is enabled but some kernel features are missing: dbus, network
Dec  2 19:14:28 ubuntu grub-common[1139]:  * Recording successful boot for GRUB
Dec  2 19:14:28 ubuntu systemd[1]: Started Unattended Upgrades Shutdown.
Dec  2 19:14:28 ubuntu dbus-daemon[1154]: [system] Activating via systemd: service name='org.freedesktop.PolicyKit1' unit='polkit.service' requested by ':1.4' (uid=0 pid=1130 comm="/usr/lib/accountsservice/accounts-daemon ")
Dec  2 19:14:28 ubuntu systemd[1]: Starting Authorization Manager...
Dec  2 19:14:28 ubuntu grub-common[1139]:    ...done.
Dec  2 19:14:28 ubuntu systemd[1]: Started LSB: Record successful boot for GRUB.
Dec  2 19:14:28 ubuntu polkitd[1171]: started daemon version 0.105 using authority implementation `local' version `0.105'
Dec  2 19:14:28 ubuntu dbus-daemon[1154]: [system] Successfully activated service 'org.freedesktop.PolicyKit1'
Dec  2 19:14:28 ubuntu systemd[1]: Started Authorization Manager.
Dec  2 19:14:28 ubuntu accounts-daemon[1130]: started daemon version 0.6.45
Dec  2 19:14:28 ubuntu systemd[1]: Started Accounts Service.
Dec  2 19:14:28 ubuntu snapd[1134]: daemon.go:346: started snapd/2.42.1+18.04 (series 16; classic; devmode) ubuntu/18.04 (arm64) linux/5.7.1.
Dec  2 19:14:28 ubuntu networkd-dispatcher[1146]: No valid path found for iwconfig
Dec  2 19:14:28 ubuntu systemd[1]: Started Dispatcher daemon for systemd-networkd.
Dec  2 19:14:28 ubuntu snapd[1134]: daemon.go:439: adjusting startup timeout by 30s (pessimistic estimate of 30s plus 5s per snap)
Dec  2 19:14:28 ubuntu systemd[1]: Started Snappy daemon.
Dec  2 19:14:28 ubuntu systemd[1]: Starting Wait until snapd is fully seeded...
Dec  2 19:14:28 ubuntu systemd[1]: Started Wait until snapd is fully seeded.
Dec  2 19:14:30 ubuntu systemd-networkd[1077]: enp1s0: Gained IPv6LL
Dec  2 19:14:30 ubuntu systemd-networkd[1077]: enp1s0: Configured
Dec  2 19:14:30 ubuntu systemd-timesyncd[1059]: Network configuration changed, trying to establish connection.
Dec  2 19:14:30 ubuntu systemd-networkd-wait-online[1101]: ignoring: lo
Dec  2 19:14:30 ubuntu systemd-networkd-wait-online[1101]: managing: enp1s0
Dec  2 19:14:30 ubuntu systemd[1]: Started Wait for Network to be Configured.
Dec  2 19:14:30 ubuntu systemd[1]: Reached target Network is Online.
Dec  2 19:14:30 ubuntu systemd[1]: Reached target Remote File Systems (Pre).
Dec  2 19:14:30 ubuntu systemd[1]: Reached target Remote File Systems.
Dec  2 19:14:30 ubuntu systemd[1]: Starting Permit User Sessions...
Dec  2 19:14:30 ubuntu systemd[1]: Starting LSB: automatic crash report generation...
Dec  2 19:14:30 ubuntu systemd[1]: Starting Availability of block devices...
Dec  2 19:14:30 ubuntu systemd[1]: Starting OpenBSD Secure Shell server...
Dec  2 19:14:30 ubuntu systemd[1]: Started Permit User Sessions.
Dec  2 19:14:30 ubuntu systemd[1]: Started Availability of block devices.
Dec  2 19:14:30 ubuntu systemd[1]: Starting Terminate Plymouth Boot Screen...
Dec  2 19:14:30 ubuntu systemd[1]: Starting Hold until boot process finishes up...
Dec  2 19:14:30 ubuntu systemd[1]: Started Hold until boot process finishes up.
Dec  2 19:14:30 ubuntu apport[1229]:  * Starting automatic crash report generation: apport
Dec  2 19:14:30 ubuntu systemd[1]: Started Serial Getty on ttyAMA0.
Dec  2 19:14:30 ubuntu systemd[1]: Starting Set console scheme...
Dec  2 19:14:30 ubuntu apport[1229]:    ...done.
Dec  2 19:14:30 ubuntu systemd[1]: Started LSB: automatic crash report generation.
Dec  2 19:14:30 ubuntu systemd[1]: Started Terminate Plymouth Boot Screen.
Dec  2 19:14:30 ubuntu systemd[1]: Started Set console scheme.
Dec  2 19:14:30 ubuntu systemd[1]: Created slice system-getty.slice.
Dec  2 19:14:30 ubuntu systemd[1]: Started Getty on tty1.
Dec  2 19:14:30 ubuntu systemd[1]: Reached target Login Prompts.
Dec  2 19:14:30 ubuntu systemd[1]: Started OpenBSD Secure Shell server.
Dec  2 19:14:30 ubuntu kernel: [   10.927196] random: crng init done
Dec  2 19:14:30 ubuntu kernel: [   10.927199] random: 5 urandom warning(s) missed due to ratelimiting
Dec  2 19:14:30 ubuntu systemd[1]: Started LXD - container startup/shutdown.
Dec  2 19:14:30 ubuntu systemd[1]: Reached target Multi-User System.
Dec  2 19:14:30 ubuntu systemd[1]: Reached target Graphical Interface.
Dec  2 19:14:30 ubuntu systemd[1]: Starting Update UTMP about System Runlevel Changes...
Dec  2 19:14:30 ubuntu systemd[1]: Started Update UTMP about System Runlevel Changes.
Dec  2 19:14:30 ubuntu systemd[1]: Startup finished in 8.266s (kernel) + 2.577s (userspace) = 10.844s.
Dec  2 19:14:30 ubuntu kernel: [   10.964484] fbcon: Taking over console
Dec  2 19:14:37 ubuntu systemd[1]: Created slice User Slice of huawei.
Dec  2 19:14:37 ubuntu systemd[1]: Starting User Manager for UID 1000...
Dec  2 19:14:37 ubuntu systemd[1]: Started Session 1 of user huawei.
Dec  2 19:14:37 ubuntu systemd[1486]: Reached target Paths.
Dec  2 19:14:37 ubuntu systemd[1486]: Listening on GnuPG cryptographic agent and passphrase cache (access for web browsers).
Dec  2 19:14:37 ubuntu systemd[1486]: Reached target Timers.
Dec  2 19:14:37 ubuntu systemd[1486]: Listening on REST API socket for snapd user session agent.
Dec  2 19:14:37 ubuntu systemd[1486]: Listening on GnuPG network certificate management daemon.
Dec  2 19:14:37 ubuntu systemd[1486]: Listening on GnuPG cryptographic agent (ssh-agent emulation).
Dec  2 19:14:37 ubuntu systemd[1486]: Listening on GnuPG cryptographic agent and passphrase cache (restricted).
Dec  2 19:14:37 ubuntu systemd[1486]: Listening on GnuPG cryptographic agent and passphrase cache.
Dec  2 19:14:37 ubuntu systemd[1486]: Reached target Sockets.
Dec  2 19:14:37 ubuntu systemd[1486]: Reached target Basic System.
Dec  2 19:14:37 ubuntu systemd[1486]: Reached target Default.
Dec  2 19:14:37 ubuntu systemd[1486]: Startup finished in 49ms.
Dec  2 19:14:37 ubuntu systemd[1]: Started User Manager for UID 1000.
Dec  2 19:14:43 ubuntu snapd[1134]: daemon.go:540: gracefully waiting for running hooks
Dec  2 19:14:43 ubuntu snapd[1134]: daemon.go:542: done waiting for running hooks
Dec  2 19:14:43 ubuntu snapd[1134]: daemon stop requested to wait for socket activation
Dec  2 19:14:46 ubuntu kernel: [   26.932727] Page table allocation set to fixed on node 0
Dec  2 19:14:46 ubuntu kernel: [   26.933608] [mitosis] pgd_alloc: pid = 1536
Dec  2 19:14:46 ubuntu kernel: [   26.933611] [mitosis] pgd_alloc for mm=ffff0004d4a0e800 and mm->pgd =ffff0004dcfe6000.
Dec  2 19:14:46 ubuntu kernel: [   26.933611] PTREPL: set state to deactivated.
Dec  2 19:14:46 ubuntu kernel: [   26.938881] PROCFS: Command ot drain the pgtable cache
Dec  2 19:14:46 ubuntu kernel: [   26.946380] PROCFS: Command ot populate the pgtable cache
Dec  2 19:14:46 ubuntu kernel: [   26.946382] PGREPL: populating pgtable cache with 1100000 tables per node
Dec  2 19:14:46 ubuntu kernel: [   26.946383] PGREPL: populating pgtable cache node[0] with 1100000 tables
Dec  2 19:14:47 ubuntu kernel: [   28.267628] PGREPL: node[0] populated with 1100000  tables
Dec  2 19:14:47 ubuntu kernel: [   28.322809] [mitosis] kernel_set_pgtlbreplpolicy: mode = 3
Dec  2 19:14:47 ubuntu kernel: [   28.322811] [mitosis] NOTE: mode == 1
Dec  2 19:14:47 ubuntu kernel: [   28.322812] [mitosis] NOTE: pgtable replication start to check...
Dec  2 19:14:47 ubuntu kernel: [   28.322813] [mitosis] kernel_set_pgtlbreplpolicy: pid = 1581
Dec  2 19:14:47 ubuntu kernel: [   28.322814] PTREP: Called pgtbl_repl_prepare_replication version 1
Dec  2 19:14:47 ubuntu kernel: [   28.322814] [mitosis] pgtbl_repl_prepare_replication  for mm=ffff0003b9fff000.
Dec  2 19:14:47 ubuntu kernel: [   28.322815] [mitosis]------PTREPL: alloc pgd start------
Dec  2 19:14:47 ubuntu kernel: [   28.322816] [mitosis] nr_node_ids=1.
Dec  2 19:14:47 ubuntu kernel: [   28.322817] [mitosis] pgd_alloc origin mm->pgd =ffff0004dc42f000.
Dec  2 19:14:47 ubuntu kernel: [   28.322818] [mitosis] pgd_alloc mm->repl_pgd[0]=ffff0003b9f47000.
Dec  2 19:14:47 ubuntu kernel: [   28.322819] ------PTREPL: alloc pgd success------
Dec  2 19:14:47 ubuntu kernel: [   28.322820] pgtbl_repl_prepare_replication:1152 pgd=ffff0004dc42f000..ffff0004dc42ffff
Dec  2 19:14:47 ubuntu kernel: [   28.322822] PTREP: pgd_idx = 341and pgd=ffff0004dc42faa8  and pgd[341]=51cae8003
Dec  2 19:14:47 ubuntu kernel: [   28.322823] pgtbl_repl_prepare_replication:1160 pgd[341]'s pud=ffff0004dcae8000..ffff0004dcae8fff
Dec  2 19:14:47 ubuntu kernel: [   28.322824] pgtbl_repl_prepare_replication:1164 another func __va pud=ffff0004dcae8000..ffff0004dcae8fff
Dec  2 19:14:47 ubuntu kernel: [   28.322825] pgtbl_repl_prepare_replication:1165 1 pfn=51cae8   2 pfn=51cae8
Dec  2 19:14:47 ubuntu kernel: [   28.322826] [mitosis] __pgtable_repl_alloc_one origin pagep=ffff0004dcae8000 and new pagep = ffff0003b9f46000
Dec  2 19:14:47 ubuntu kernel: [   28.322827] ------PTREPL: set_pgd start------
Dec  2 19:14:47 ubuntu kernel: [   28.322828] ------ 1 . page_pgd->replica_node_id = -1------
Dec  2 19:14:47 ubuntu kernel: [   28.322830] PTREP: set_pgd offset=aa8 and node0 origin pgd=ffff0003b9f47000  and pgd+offset=ffff0003b9f47aa8  and pud=ffff0003b9f46000 and pdgval=3f9f46003
Dec  2 19:14:47 ubuntu kernel: [   28.322831] PTREP: set_pgd  origin pgdval=3f9f46003  and another func pgdval=3f9f46003
Dec  2 19:14:47 ubuntu kernel: [   28.322831] ------PTREPL: set_pgd done------
Dec  2 19:14:47 ubuntu kernel: [   28.322832] [mitosis] start search pud .......
Dec  2 19:14:47 ubuntu kernel: [   28.322833] PTREP: pud_idx = 171and pud=ffff0004dcae8558  and pud[171]=51caea003
Dec  2 19:14:47 ubuntu kernel: [   28.322834] pgtbl_repl_prepare_replication:1184 pud[171]'s pmd=ffff0004dcaea000..ffff0004dcaeafff
Dec  2 19:14:47 ubuntu kernel: [   28.322835] pgtbl_repl_prepare_replication:1185 1 pfn=51caea   2 pfn=51caea
Dec  2 19:14:47 ubuntu kernel: [   28.322837] [mitosis] __pgtable_repl_alloc_one origin pagep=ffff0004dcaea000 and new pagep = ffff0003b9f45000
Dec  2 19:14:47 ubuntu kernel: [   28.322838] ------PTREPL: set_pud start------
Dec  2 19:14:47 ubuntu kernel: [   28.322838] ------ 1 . page_pud->replica_node_id = -1------
Dec  2 19:14:47 ubuntu kernel: [   28.322840] PTREP: set_pud offset=558 and node0 origin pud=ffff0003b9f46000  and pud+offset=ffff0003b9f46558  and pmd=ffff0003b9f45000 and pudval=3f9f45003
Dec  2 19:14:47 ubuntu kernel: [   28.322840] ------PTREPL: set_pud done------
Dec  2 19:14:47 ubuntu kernel: [   28.322842] PTREP: pmd_idx = 278and pmd=ffff0004dcaea8b0  and pmd[278]=518f27003
Dec  2 19:14:47 ubuntu kernel: [   28.322843] pgtbl_repl_prepare_replication:1204 pmd[278]'s pte=ffff0004d8f27000..ffff0004d8f27fff
Dec  2 19:14:47 ubuntu kernel: [   28.322843] pgtbl_repl_prepare_replication:1205 1 pfn=518f27   2 pfn=518f27
Dec  2 19:14:47 ubuntu kernel: [   28.322845] [mitosis] __pgtable_repl_alloc_one origin pagep=ffff0004d8f27000 and new pagep = ffff0003b9f44000
Dec  2 19:14:47 ubuntu kernel: [   28.322846] ------PTREPL: set_pmd start------
Dec  2 19:14:47 ubuntu kernel: [   28.322846] ------ 1 . page_pmd->replica_node_id = -1------
Dec  2 19:14:47 ubuntu kernel: [   28.322848] PTREP: set_pmd offset=8b0 and node0 origin pmd=ffff0003b9f45000  and pmd+offset=ffff0003b9f458b0  and pte=ffff0003b9f44000 and pmdval=3f9f44003
Dec  2 19:14:47 ubuntu kernel: [   28.322848] ------PTREPL: set_pmd done------
Dec  2 19:14:47 ubuntu kernel: [   28.322849] ------PTREPL: set_pte start------
Dec  2 19:14:47 ubuntu kernel: [   28.322850] ------ 1 . page_pte->replica_node_id = -1------
Dec  2 19:14:47 ubuntu kernel: [   28.322851] PTREP: set_pte offset=7a8 and node0 origin pte=ffff0003b9f44000  and pte+offset=ffff0003b9f447a8  and pteval=2000050e5e6fd3
Dec  2 19:14:47 ubuntu kernel: [   28.322851] ------PTREPL: set_pte start------
Dec  2 19:14:47 ubuntu kernel: [   28.322852] ------ 1 . page_pte->replica_node_id = -1------
Dec  2 19:14:47 ubuntu kernel: [   28.322853] PTREP: set_pte offset=7b0 and node0 origin pte=ffff0003b9f44000  and pte+offset=ffff0003b9f447b0  and pteval=2000050c159fd3
Dec  2 19:14:47 ubuntu kernel: [   28.322853] ------PTREPL: set_pte start------
Dec  2 19:14:47 ubuntu kernel: [   28.322854] ------ 1 . page_pte->replica_node_id = -1------
Dec  2 19:14:47 ubuntu kernel: [   28.322855] PTREP: set_pte offset=7b8 and node0 origin pte=ffff0003b9f44000  and pte+offset=ffff0003b9f447b8  and pteval=2000050d89efd3
Dec  2 19:14:47 ubuntu kernel: [   28.322855] ------PTREPL: set_pte start------
Dec  2 19:14:47 ubuntu kernel: [   28.322856] ------ 1 . page_pte->replica_node_id = -1------
Dec  2 19:14:47 ubuntu kernel: [   28.322857] PTREP: set_pte offset=7c0 and node0 origin pte=ffff0003b9f44000  and pte+offset=ffff0003b9f447c0  and pteval=200004d6255fd3
Dec  2 19:14:47 ubuntu kernel: [   28.322858] ------PTREPL: set_pte start------
Dec  2 19:14:47 ubuntu kernel: [   28.322858] ------ 1 . page_pte->replica_node_id = -1------
Dec  2 19:14:47 ubuntu kernel: [   28.322859] PTREP: set_pte offset=7c8 and node0 origin pte=ffff0003b9f44000  and pte+offset=ffff0003b9f447c8  and pteval=2000053bd6ffd3
Dec  2 19:14:47 ubuntu kernel: [   28.322860] ------PTREPL: set_pte start------
Dec  2 19:14:47 ubuntu kernel: [   28.322860] ------ 1 . page_pte->replica_node_id = -1------
Dec  2 19:14:47 ubuntu kernel: [   28.322861] PTREP: set_pte offset=7d0 and node0 origin pte=ffff0003b9f44000  and pte+offset=ffff0003b9f447d0  and pteval=2000053c2c3fd3
Dec  2 19:14:47 ubuntu kernel: [   28.322862] ------PTREPL: set_pte start------
Dec  2 19:14:47 ubuntu kernel: [   28.322863] ------ 1 . page_pte->replica_node_id = -1------
Dec  2 19:14:47 ubuntu kernel: [   28.322863] PTREP: set_pte offset=858 and node0 origin pte=ffff0003b9f44000  and pte+offset=ffff0003b9f44858  and pteval=e000050d993fd3
Dec  2 19:14:47 ubuntu kernel: [   28.322864] ------PTREPL: set_pte start------
Dec  2 19:14:47 ubuntu kernel: [   28.322865] ------ 1 . page_pte->replica_node_id = -1------
Dec  2 19:14:47 ubuntu kernel: [   28.322865] PTREP: set_pte offset=860 and node0 origin pte=ffff0003b9f44000  and pte+offset=ffff0003b9f44860  and pteval=e800050e6e0f53
Dec  2 19:14:47 ubuntu kernel: [   28.322867] PTREP: pud_idx = 172and pud=ffff0004dcae8560  and pud[172]=51cae1003
Dec  2 19:14:47 ubuntu kernel: [   28.322868] pgtbl_repl_prepare_replication:1184 pud[172]'s pmd=ffff0004dcae1000..ffff0004dcae1fff
Dec  2 19:14:47 ubuntu kernel: [   28.322869] pgtbl_repl_prepare_replication:1185 1 pfn=51cae1   2 pfn=51cae1
Dec  2 19:14:47 ubuntu kernel: [   28.322870] [mitosis] __pgtable_repl_alloc_one origin pagep=ffff0004dcae1000 and new pagep = ffff0003b9f43000
Dec  2 19:14:47 ubuntu kernel: [   28.322871] ------PTREPL: set_pud start------
Dec  2 19:14:47 ubuntu kernel: [   28.322872] ------ 1 . page_pud->replica_node_id = -1------
Dec  2 19:14:47 ubuntu kernel: [   28.322873] PTREP: set_pud offset=560 and node0 origin pud=ffff0003b9f46000  and pud+offset=ffff0003b9f46560  and pmd=ffff0003b9f43000 and pudval=3f9f43003
Dec  2 19:14:47 ubuntu kernel: [   28.322873] ------PTREPL: set_pud done------
Dec  2 19:14:47 ubuntu kernel: [   28.322874] PTREP: pmd_idx = 103and pmd=ffff0004dcae1338  and pmd[103]=51cae2003
Dec  2 19:14:47 ubuntu kernel: [   28.322875] pgtbl_repl_prepare_replication:1204 pmd[103]'s pte=ffff0004dcae2000..ffff0004dcae2fff
Dec  2 19:14:47 ubuntu kernel: [   28.322876] pgtbl_repl_prepare_replication:1205 1 pfn=51cae2   2 pfn=51cae2
Dec  2 19:14:47 ubuntu kernel: [   28.322877] [mitosis] __pgtable_repl_alloc_one origin pagep=ffff0004dcae2000 and new pagep = ffff0003b9f42000
Dec  2 19:14:47 ubuntu kernel: [   28.322878] ------PTREPL: set_pmd start------
Dec  2 19:14:47 ubuntu kernel: [   28.322878] ------ 1 . page_pmd->replica_node_id = -1------
Dec  2 19:14:47 ubuntu kernel: [   28.322879] PTREP: set_pmd offset=338 and node0 origin pmd=ffff0003b9f43000  and pmd+offset=ffff0003b9f43338  and pte=ffff0003b9f42000 and pmdval=3f9f42003
Dec  2 19:14:47 ubuntu kernel: [   28.322880] ------PTREPL: set_pmd done------
Dec  2 19:14:47 ubuntu kernel: [   28.322880] ------PTREPL: set_pte start------
Dec  2 19:14:47 ubuntu kernel: [   28.322881] ------ 1 . page_pte->replica_node_id = -1------
Dec  2 19:14:47 ubuntu kernel: [   28.322882] PTREP: set_pte offset=1c8 and node0 origin pte=ffff0003b9f42000  and pte+offset=ffff0003b9f421c8  and pteval=e800050b587f53
Dec  2 19:14:47 ubuntu kernel: [   28.322882] ------PTREPL: set_pte start------
Dec  2 19:14:47 ubuntu kernel: [   28.322883] ------ 1 . page_pte->replica_node_id = -1------
Dec  2 19:14:47 ubuntu kernel: [   28.322884] PTREP: set_pte offset=1d0 and node0 origin pte=ffff0003b9f42000  and pte+offset=ffff0003b9f421d0  and pteval=e800050fc27f53
Dec  2 19:14:47 ubuntu kernel: [   28.322885] ------PTREPL: set_pte start------
Dec  2 19:14:47 ubuntu kernel: [   28.322885] ------ 1 . page_pte->replica_node_id = -1------
Dec  2 19:14:47 ubuntu kernel: [   28.322886] PTREP: set_pte offset=208 and node0 origin pte=ffff0003b9f42000  and pte+offset=ffff0003b9f42208  and pteval=e800050663cf53
Dec  2 19:14:47 ubuntu kernel: [   28.322886] ------PTREPL: set_pte start------
Dec  2 19:14:47 ubuntu kernel: [   28.322887] ------ 1 . page_pte->replica_node_id = -1------
Dec  2 19:14:47 ubuntu kernel: [   28.322888] PTREP: set_pte offset=210 and node0 origin pte=ffff0003b9f42000  and pte+offset=ffff0003b9f42210  and pteval=e800050e02af53
Dec  2 19:14:47 ubuntu kernel: [   28.322890] ===================================== end of a page
Dec  2 19:14:47 ubuntu kernel: [   28.322892] PTREP: pgd_idx = 511and pgd=ffff0004dc42fff8  and pgd[511]=518e4c003
Dec  2 19:14:47 ubuntu kernel: [   28.322892] pgtbl_repl_prepare_replication:1160 pgd[511]'s pud=ffff0004d8e4c000..ffff0004d8e4cfff
Dec  2 19:14:47 ubuntu kernel: [   28.322893] pgtbl_repl_prepare_replication:1164 another func __va pud=ffff0004d8e4c000..ffff0004d8e4cfff
Dec  2 19:14:47 ubuntu kernel: [   28.322894] pgtbl_repl_prepare_replication:1165 1 pfn=518e4c   2 pfn=518e4c
Dec  2 19:14:47 ubuntu kernel: [   28.322895] [mitosis] __pgtable_repl_alloc_one origin pagep=ffff0004d8e4c000 and new pagep = ffff0003b9f41000
Dec  2 19:14:47 ubuntu kernel: [   28.322896] ------PTREPL: set_pgd start------
Dec  2 19:14:47 ubuntu kernel: [   28.322896] ------ 1 . page_pgd->replica_node_id = -1------
Dec  2 19:14:47 ubuntu kernel: [   28.322897] PTREP: set_pgd offset=ff8 and node0 origin pgd=ffff0003b9f47000  and pgd+offset=ffff0003b9f47ff8  and pud=ffff0003b9f41000 and pdgval=3f9f41003
Dec  2 19:14:47 ubuntu kernel: [   28.322898] PTREP: set_pgd  origin pgdval=3f9f41003  and another func pgdval=3f9f41003
Dec  2 19:14:47 ubuntu kernel: [   28.322899] ------PTREPL: set_pgd done------
Dec  2 19:14:47 ubuntu kernel: [   28.322900] [mitosis] start search pud .......
Dec  2 19:14:47 ubuntu kernel: [   28.322901] PTREP: pud_idx = 510and pud=ffff0004d8e4cff0  and pud[510]=518f2a003
Dec  2 19:14:47 ubuntu kernel: [   28.322902] pgtbl_repl_prepare_replication:1184 pud[510]'s pmd=ffff0004d8f2a000..ffff0004d8f2afff
Dec  2 19:14:47 ubuntu kernel: [   28.322903] pgtbl_repl_prepare_replication:1185 1 pfn=518f2a   2 pfn=518f2a
Dec  2 19:14:47 ubuntu kernel: [   28.322904] [mitosis] __pgtable_repl_alloc_one origin pagep=ffff0004d8f2a000 and new pagep = ffff0003b9f40000
Dec  2 19:14:47 ubuntu kernel: [   28.322904] ------PTREPL: set_pud start------
Dec  2 19:14:47 ubuntu kernel: [   28.322905] ------ 1 . page_pud->replica_node_id = -1------
Dec  2 19:14:47 ubuntu kernel: [   28.322906] PTREP: set_pud offset=ff0 and node0 origin pud=ffff0003b9f41000  and pud+offset=ffff0003b9f41ff0  and pmd=ffff0003b9f40000 and pudval=3f9f40003
Dec  2 19:14:47 ubuntu kernel: [   28.322907] ------PTREPL: set_pud done------
Dec  2 19:14:47 ubuntu kernel: [   28.322908] PTREP: pmd_idx = 160and pmd=ffff0004d8f2a500  and pmd[160]=4d444f003
Dec  2 19:14:47 ubuntu kernel: [   28.322909] pgtbl_repl_prepare_replication:1204 pmd[160]'s pte=ffff00049444f000..ffff00049444ffff
Dec  2 19:14:47 ubuntu kernel: [   28.322909] pgtbl_repl_prepare_replication:1205 1 pfn=4d444f   2 pfn=4d444f
Dec  2 19:14:47 ubuntu kernel: [   28.322911] [mitosis] __pgtable_repl_alloc_one origin pagep=ffff00049444f000 and new pagep = ffff0003b9f3f000
Dec  2 19:14:47 ubuntu kernel: [   28.322911] ------PTREPL: set_pmd start------
Dec  2 19:14:47 ubuntu kernel: [   28.322912] ------ 1 . page_pmd->replica_node_id = -1------
Dec  2 19:14:47 ubuntu kernel: [   28.322913] PTREP: set_pmd offset=500 and node0 origin pmd=ffff0003b9f40000  and pmd+offset=ffff0003b9f40500  and pte=ffff0003b9f3f000 and pmdval=3f9f3f003
Dec  2 19:14:47 ubuntu kernel: [   28.322914] ------PTREPL: set_pmd done------
Dec  2 19:14:47 ubuntu kernel: [   28.322914] ------PTREPL: set_pte start------
Dec  2 19:14:47 ubuntu kernel: [   28.322915] ------ 1 . page_pte->replica_node_id = -1------
Dec  2 19:14:47 ubuntu kernel: [   28.322916] PTREP: set_pte offset=890 and node0 origin pte=ffff0003b9f3f000  and pte+offset=ffff0003b9f3f890  and pteval=e800050fab4f53
Dec  2 19:14:47 ubuntu kernel: [   28.322916] ------PTREPL: set_pte start------
Dec  2 19:14:47 ubuntu kernel: [   28.322917] ------ 1 . page_pte->replica_node_id = -1------
Dec  2 19:14:47 ubuntu kernel: [   28.322918] PTREP: set_pte offset=8a0 and node0 origin pte=ffff0003b9f3f000  and pte+offset=ffff0003b9f3f8a0  and pteval=2000053cf00fd3
Dec  2 19:14:47 ubuntu kernel: [   28.322919] ------PTREPL: set_pte start------
Dec  2 19:14:47 ubuntu kernel: [   28.322919] ------ 1 . page_pte->replica_node_id = -1------
Dec  2 19:14:47 ubuntu kernel: [   28.322920] PTREP: set_pte offset=8a8 and node0 origin pte=ffff0003b9f3f000  and pte+offset=ffff0003b9f3f8a8  and pteval=200004d388dfd3
Dec  2 19:14:47 ubuntu kernel: [   28.322921] ------PTREPL: set_pte start------
Dec  2 19:14:47 ubuntu kernel: [   28.322921] ------ 1 . page_pte->replica_node_id = -1------
Dec  2 19:14:47 ubuntu kernel: [   28.322922] PTREP: set_pte offset=8b0 and node0 origin pte=ffff0003b9f3f000  and pte+offset=ffff0003b9f3f8b0  and pteval=200004d5dbcfd3
Dec  2 19:14:47 ubuntu kernel: [   28.322923] ------PTREPL: set_pte start------
Dec  2 19:14:47 ubuntu kernel: [   28.322923] ------ 1 . page_pte->replica_node_id = -1------
Dec  2 19:14:47 ubuntu kernel: [   28.322924] PTREP: set_pte offset=8b8 and node0 origin pte=ffff0003b9f3f000  and pte+offset=ffff0003b9f3f8b8  and pteval=2000053c35ffd3
Dec  2 19:14:47 ubuntu kernel: [   28.322925] ------PTREPL: set_pte start------
Dec  2 19:14:47 ubuntu kernel: [   28.322925] ------ 1 . page_pte->replica_node_id = -1------
Dec  2 19:14:47 ubuntu kernel: [   28.322926] PTREP: set_pte offset=8c0 and node0 origin pte=ffff0003b9f3f000  and pte+offset=ffff0003b9f3f8c0  and pteval=200004d5d98fd3
Dec  2 19:14:47 ubuntu kernel: [   28.322926] ------PTREPL: set_pte start------
Dec  2 19:14:47 ubuntu kernel: [   28.322927] ------ 1 . page_pte->replica_node_id = -1------
Dec  2 19:14:47 ubuntu kernel: [   28.322928] PTREP: set_pte offset=8c8 and node0 origin pte=ffff0003b9f3f000  and pte+offset=ffff0003b9f3f8c8  and pteval=200004d5d99fd3
Dec  2 19:14:47 ubuntu kernel: [   28.322928] ------PTREPL: set_pte start------
Dec  2 19:14:47 ubuntu kernel: [   28.322929] ------ 1 . page_pte->replica_node_id = -1------
Dec  2 19:14:47 ubuntu kernel: [   28.322930] PTREP: set_pte offset=8d0 and node0 origin pte=ffff0003b9f3f000  and pte+offset=ffff0003b9f3f8d0  and pteval=200004d5d9afd3
Dec  2 19:14:47 ubuntu kernel: [   28.322930] ------PTREPL: set_pte start------
Dec  2 19:14:47 ubuntu kernel: [   28.322931] ------ 1 . page_pte->replica_node_id = -1------
Dec  2 19:14:47 ubuntu kernel: [   28.322932] PTREP: set_pte offset=8d8 and node0 origin pte=ffff0003b9f3f000  and pte+offset=ffff0003b9f3f8d8  and pteval=2000053c117fd3
Dec  2 19:14:47 ubuntu kernel: [   28.322932] ------PTREPL: set_pte start------
Dec  2 19:14:47 ubuntu kernel: [   28.322933] ------ 1 . page_pte->replica_node_id = -1------
Dec  2 19:14:47 ubuntu kernel: [   28.322934] PTREP: set_pte offset=8e0 and node0 origin pte=ffff0003b9f3f000  and pte+offset=ffff0003b9f3f8e0  and pteval=2000053bdb8fd3
Dec  2 19:14:47 ubuntu kernel: [   28.322934] ------PTREPL: set_pte start------
Dec  2 19:14:47 ubuntu kernel: [   28.322935] ------ 1 . page_pte->replica_node_id = -1------
Dec  2 19:14:47 ubuntu kernel: [   28.322936] PTREP: set_pte offset=8e8 and node0 origin pte=ffff0003b9f3f000  and pte+offset=ffff0003b9f3f8e8  and pteval=200004d62a3fd3
Dec  2 19:14:47 ubuntu kernel: [   28.322937] ------PTREPL: set_pte start------
Dec  2 19:14:47 ubuntu kernel: [   28.322937] ------ 1 . page_pte->replica_node_id = -1------
Dec  2 19:14:47 ubuntu kernel: [   28.322938] PTREP: set_pte offset=8f0 and node0 origin pte=ffff0003b9f3f000  and pte+offset=ffff0003b9f3f8f0  and pteval=200004d627ffd3
Dec  2 19:14:47 ubuntu kernel: [   28.322939] ------PTREPL: set_pte start------
Dec  2 19:14:47 ubuntu kernel: [   28.322939] ------ 1 . page_pte->replica_node_id = -1------
Dec  2 19:14:47 ubuntu kernel: [   28.322940] PTREP: set_pte offset=8f8 and node0 origin pte=ffff0003b9f3f000  and pte+offset=ffff0003b9f3f8f8  and pteval=2000053c34afd3
Dec  2 19:14:47 ubuntu kernel: [   28.322941] ------PTREPL: set_pte start------
Dec  2 19:14:47 ubuntu kernel: [   28.322941] ------ 1 . page_pte->replica_node_id = -1------
Dec  2 19:14:47 ubuntu kernel: [   28.322942] PTREP: set_pte offset=900 and node0 origin pte=ffff0003b9f3f000  and pte+offset=ffff0003b9f3f900  and pteval=2000053cf7dfd3
Dec  2 19:14:47 ubuntu kernel: [   28.322943] ------PTREPL: set_pte start------
Dec  2 19:14:47 ubuntu kernel: [   28.322943] ------ 1 . page_pte->replica_node_id = -1------
Dec  2 19:14:47 ubuntu kernel: [   28.322944] PTREP: set_pte offset=908 and node0 origin pte=ffff0003b9f3f000  and pte+offset=ffff0003b9f3f908  and pteval=2000053c35dfd3
Dec  2 19:14:47 ubuntu kernel: [   28.322945] ------PTREPL: set_pte start------
