Oct 24 16:56:34 ubuntu systemd-modules-load[820]: Inserted module 'iscsi_tcp'
Oct 24 16:56:34 ubuntu kernel: [    0.000000] Booting Linux on physical CPU 0x0000000000 [0x481fd010]
Oct 24 16:56:34 ubuntu kernel: [    0.000000] Linux version 5.7.1 (root@ubuntu) (gcc version 7.5.0 (Ubuntu/Linaro 7.5.0-3ubuntu1~18.04), GNU ld (GNU Binutils for Ubuntu) 2.30) #1 SMP Sat Oct 24 16:24:38 CST 2020
Oct 24 16:56:34 ubuntu systemd-modules-load[820]: Inserted module 'ib_iser'
Oct 24 16:56:34 ubuntu kernel: [    0.000000] efi: EFI v2.70 by EDK II
Oct 24 16:56:34 ubuntu kernel: [    0.000000] efi:  SMBIOS 3.0=0x53f710000  ACPI 2.0=0x53c020000  MEMATTR=0x53cc7ca98  MEMRESERVE=0x53becd018 
Oct 24 16:56:34 ubuntu lvm[842]:   2 logical volume(s) in volume group "ubuntu-vg" monitored
Oct 24 16:56:34 ubuntu kernel: [    0.000000] cma: Reserved 32 MiB at 0x00000000fe000000
Oct 24 16:56:34 ubuntu kernel: [    0.000000] ACPI: Early table checksum verification disabled
Oct 24 16:56:34 ubuntu kernel: [    0.000000] ACPI: RSDP 0x000000053C020000 000024 (v02 BOCHS )
Oct 24 16:56:34 ubuntu kernel: [    0.000000] ACPI: XSDT 0x000000053BED0000 000054 (v01 BOCHS  BXPCFACP 00000001      01000013)
Oct 24 16:56:34 ubuntu systemd[1]: Started Monitoring of LVM2 mirrors, snapshots etc. using dmeventd or progress polling.
Oct 24 16:56:34 ubuntu kernel: [    0.000000] ACPI: FACP 0x000000053BE90000 00010C (v05 BOCHS  BXPCFACP 00000001 BXPC 00000001)
Oct 24 16:56:34 ubuntu kernel: [    0.000000] ACPI: DSDT 0x000000053BEA0000 001523 (v02 BOCHS  BXPCDSDT 00000001 BXPC 00000001)
Oct 24 16:56:34 ubuntu kernel: [    0.000000] ACPI: APIC 0x000000053BE80000 0009E8 (v03 BOCHS  BXPCAPIC 00000001 BXPC 00000001)
Oct 24 16:56:34 ubuntu kernel: [    0.000000] ACPI: GTDT 0x000000053BE70000 000060 (v02 BOCHS  BXPCGTDT 00000001 BXPC 00000001)
Oct 24 16:56:34 ubuntu kernel: [    0.000000] ACPI: MCFG 0x000000053BE60000 00003C (v01 BOCHS  BXPCMCFG 00000001 BXPC 00000001)
Oct 24 16:56:34 ubuntu kernel: [    0.000000] ACPI: SPCR 0x000000053BE50000 000050 (v02 BOCHS  BXPCSPCR 00000001 BXPC 00000001)
Oct 24 16:56:34 ubuntu systemd[1]: Started Create Static Device Nodes in /dev.
Oct 24 16:56:34 ubuntu kernel: [    0.000000] ACPI: IORT 0x000000053BE40000 00007C (v00 BOCHS  BXPCIORT 00000001 BXPC 00000001)
Oct 24 16:56:34 ubuntu kernel: [    0.000000] ACPI: SPCR: console: pl011,mmio,0x9000000,9600
Oct 24 16:56:34 ubuntu kernel: [    0.000000] ACPI: NUMA: Failed to initialise from firmware
Oct 24 16:56:34 ubuntu kernel: [    0.000000] NUMA: Faking a node at [mem 0x0000000040000000-0x000000053fffffff]
Oct 24 16:56:34 ubuntu systemd[1]: Started Load/Save Random Seed.
Oct 24 16:56:34 ubuntu kernel: [    0.000000] NUMA: NODE_DATA [mem 0x53d409300-0x53d40cfff]
Oct 24 16:56:34 ubuntu kernel: [    0.000000] Zone ranges:
Oct 24 16:56:34 ubuntu kernel: [    0.000000]   DMA      [mem 0x0000000040000000-0x000000007fffffff]
Oct 24 16:56:34 ubuntu kernel: [    0.000000]   DMA32    [mem 0x0000000080000000-0x00000000ffffffff]
Oct 24 16:56:34 ubuntu systemd[1]: Started Apply Kernel Variables.
Oct 24 16:56:34 ubuntu kernel: [    0.000000]   Normal   [mem 0x0000000100000000-0x000000053fffffff]
Oct 24 16:56:34 ubuntu systemd[1]: Mounted FUSE Control File System.
Oct 24 16:56:34 ubuntu kernel: [    0.000000] Movable zone start for each node
Oct 24 16:56:34 ubuntu systemd[1]: Mounted Kernel Configuration File System.
Oct 24 16:56:34 ubuntu kernel: [    0.000000] Early memory node ranges
Oct 24 16:56:34 ubuntu systemd[1]: Starting udev Kernel Device Manager...
Oct 24 16:56:34 ubuntu kernel: [    0.000000]   node   0: [mem 0x0000000040000000-0x000000053bedffff]
Oct 24 16:56:34 ubuntu kernel: [    0.000000]   node   0: [mem 0x000000053bee0000-0x000000053bffffff]
Oct 24 16:56:34 ubuntu systemd[1]: Reached target Local File Systems (Pre).
Oct 24 16:56:34 ubuntu kernel: [    0.000000]   node   0: [mem 0x000000053c000000-0x000000053c02ffff]
Oct 24 16:56:34 ubuntu kernel: [    0.000000]   node   0: [mem 0x000000053c030000-0x000000053c0affff]
Oct 24 16:56:34 ubuntu kernel: [    0.000000]   node   0: [mem 0x000000053c0b0000-0x000000053f57ffff]
Oct 24 16:56:34 ubuntu kernel: [    0.000000]   node   0: [mem 0x000000053f580000-0x000000053f95ffff]
Oct 24 16:56:34 ubuntu kernel: [    0.000000]   node   0: [mem 0x000000053f960000-0x000000053fffffff]
Oct 24 16:56:34 ubuntu systemd[1]: Starting Flush Journal to Persistent Storage...
Oct 24 16:56:34 ubuntu kernel: [    0.000000] Zeroed struct page in unavailable ranges: 544 pages
Oct 24 16:56:34 ubuntu kernel: [    0.000000] Initmem setup node 0 [mem 0x0000000040000000-0x000000053fffffff]
Oct 24 16:56:34 ubuntu kernel: [    0.000000] On node 0 totalpages: 5242880
Oct 24 16:56:34 ubuntu systemd[1]: Started udev Kernel Device Manager.
Oct 24 16:56:34 ubuntu kernel: [    0.000000]   DMA zone: 5120 pages used for memmap
Oct 24 16:56:34 ubuntu systemd[1]: Started Flush Journal to Persistent Storage.
Oct 24 16:56:34 ubuntu kernel: [    0.000000]   DMA zone: 0 pages reserved
Oct 24 16:56:34 ubuntu kernel: [    0.000000]   DMA zone: 262144 pages, LIFO batch:63
Oct 24 16:56:34 ubuntu systemd[1]: Started udev Coldplug all Devices.
Oct 24 16:56:34 ubuntu kernel: [    0.000000]   DMA32 zone: 10240 pages used for memmap
Oct 24 16:56:34 ubuntu kernel: [    0.000000]   DMA32 zone: 524288 pages, LIFO batch:63
Oct 24 16:56:34 ubuntu kernel: [    0.000000]   Normal zone: 87040 pages used for memmap
Oct 24 16:56:34 ubuntu kernel: [    0.000000]   Normal zone: 4456448 pages, LIFO batch:63
Oct 24 16:56:34 ubuntu kernel: [    0.000000] psci: probing for conduit method from ACPI.
Oct 24 16:56:34 ubuntu systemd[1]: Started Dispatch Password Requests to Console Directory Watch.
Oct 24 16:56:34 ubuntu kernel: [    0.000000] psci: PSCIv1.0 detected in firmware.
Oct 24 16:56:34 ubuntu kernel: [    0.000000] psci: Using standard PSCI v0.2 function IDs
Oct 24 16:56:34 ubuntu kernel: [    0.000000] psci: Trusted OS migration not required
Oct 24 16:56:34 ubuntu kernel: [    0.000000] psci: SMC Calling Convention v1.1
Oct 24 16:56:34 ubuntu kernel: [    0.000000] ACPI: SRAT not present
Oct 24 16:56:34 ubuntu kernel: [    0.000000] percpu: Embedded 33 pages/cpu s94616 r8192 d32360 u135168
Oct 24 16:56:34 ubuntu kernel: [    0.000000] pcpu-alloc: s94616 r8192 d32360 u135168 alloc=33*4096
Oct 24 16:56:34 ubuntu kernel: [    0.000000] pcpu-alloc: [0] 00 [0] 01 [0] 02 [0] 03 [0] 04 [0] 05 [0] 06 [0] 07 
Oct 24 16:56:34 ubuntu kernel: [    0.000000] pcpu-alloc: [0] 08 [0] 09 [0] 10 [0] 11 [0] 12 [0] 13 [0] 14 [0] 15 
Oct 24 16:56:34 ubuntu kernel: [    0.000000] pcpu-alloc: [0] 16 [0] 17 [0] 18 [0] 19 [0] 20 [0] 21 [0] 22 [0] 23 
Oct 24 16:56:34 ubuntu kernel: [    0.000000] pcpu-alloc: [0] 24 [0] 25 [0] 26 [0] 27 [0] 28 [0] 29 [0] 30 [0] 31 
Oct 24 16:56:34 ubuntu kernel: [    0.000000] Detected VIPT I-cache on CPU0
Oct 24 16:56:34 ubuntu kernel: [    0.000000] CPU features: detected: GIC system register CPU interface
Oct 24 16:56:34 ubuntu kernel: [    0.000000] CPU features: detected: Hardware dirty bit management
Oct 24 16:56:34 ubuntu kernel: [    0.000000] Built 1 zonelists, mobility grouping on.  Total pages: 5140480
Oct 24 16:56:34 ubuntu systemd[1]: Reached target Local Encrypted Volumes.
Oct 24 16:56:34 ubuntu kernel: [    0.000000] Policy zone: Normal
Oct 24 16:56:34 ubuntu kernel: [    0.000000] Kernel command line: BOOT_IMAGE=/boot/vmlinuz-5.7.1 root=/dev/mapper/ubuntu--vg-root ro
Oct 24 16:56:34 ubuntu kernel: [    0.000000] Dentry cache hash table entries: 4194304 (order: 13, 33554432 bytes, linear)
Oct 24 16:56:34 ubuntu kernel: [    0.000000] Inode-cache hash table entries: 2097152 (order: 12, 16777216 bytes, linear)
Oct 24 16:56:34 ubuntu kernel: [    0.000000] mem auto-init: stack:off, heap alloc:on, heap free:off
Oct 24 16:56:34 ubuntu systemd[1]: Found device /dev/ttyAMA0.
Oct 24 16:56:34 ubuntu systemd-udevd[873]: link_config: autonegotiation is unset or enabled, the speed and duplex are not writable.
Oct 24 16:56:34 ubuntu kernel: [    0.000000] software IO TLB: mapped [mem 0x7bfff000-0x7ffff000] (64MB)
Oct 24 16:56:34 ubuntu systemd[1]: Listening on Load/Save RF Kill Switch Status /dev/rfkill Watch.
Oct 24 16:56:34 ubuntu kernel: [    0.000000] Memory: 20269608K/20971520K available (14204K kernel code, 2354K rwdata, 6868K rodata, 7040K init, 1132K bss, 669144K reserved, 32768K cma-reserved)
Oct 24 16:56:34 ubuntu kernel: [    0.000000] random: get_random_u64 called from __kmem_cache_create+0x54/0x5d8 with crng_init=0
Oct 24 16:56:34 ubuntu kernel: [    0.000000] SLUB: HWalign=64, Order=0-3, MinObjects=0, CPUs=32, Nodes=1
Oct 24 16:56:34 ubuntu systemd-udevd[890]: link_config: autonegotiation is unset or enabled, the speed and duplex are not writable.
Oct 24 16:56:34 ubuntu kernel: [    0.000000] ftrace: allocating 46106 entries in 181 pages
Oct 24 16:56:34 ubuntu kernel: [    0.000000] ftrace: allocated 181 pages with 5 groups
Oct 24 16:56:34 ubuntu systemd[1]: Found device /dev/mapper/ubuntu--vg-swap_1.
Oct 24 16:56:34 ubuntu kernel: [    0.000000] rcu: Hierarchical RCU implementation.
Oct 24 16:56:34 ubuntu systemd[1]: Activating swap /dev/mapper/ubuntu--vg-swap_1...
Oct 24 16:56:34 ubuntu kernel: [    0.000000] rcu: 	RCU restricting CPUs from NR_CPUS=256 to nr_cpu_ids=32.
Oct 24 16:56:34 ubuntu kernel: [    0.000000] 	Tasks RCU enabled.
Oct 24 16:56:34 ubuntu systemd[1]: Created slice system-lvm2\x2dpvscan.slice.
Oct 24 16:56:34 ubuntu kernel: [    0.000000] rcu: RCU calculated value of scheduler-enlistment delay is 25 jiffies.
Oct 24 16:56:34 ubuntu kernel: [    0.000000] rcu: Adjusting geometry for rcu_fanout_leaf=16, nr_cpu_ids=32
Oct 24 16:56:34 ubuntu kernel: [    0.000000] NR_IRQS: 64, nr_irqs: 64, preallocated irqs: 0
Oct 24 16:56:34 ubuntu kernel: [    0.000000] GICv3: 256 SPIs implemented
Oct 24 16:56:34 ubuntu kernel: [    0.000000] GICv3: 0 Extended SPIs implemented
Oct 24 16:56:34 ubuntu kernel: [    0.000000] GICv3: Distributor has no Range Selector support
Oct 24 16:56:34 ubuntu kernel: [    0.000000] GICv3: 16 PPIs implemented
Oct 24 16:56:34 ubuntu kernel: [    0.000000] GICv3: CPU0: found redistributor 0 region 0:0x00000000080a0000
Oct 24 16:56:34 ubuntu kernel: [    0.000000] ACPI: SRAT not present
Oct 24 16:56:34 ubuntu kernel: [    0.000000] ITS [mem 0x08080000-0x0809ffff]
Oct 24 16:56:34 ubuntu kernel: [    0.000000] ITS@0x0000000008080000: allocated 8192 Devices @53ca00000 (indirect, esz 8, psz 64K, shr 1)
Oct 24 16:56:34 ubuntu kernel: [    0.000000] ITS@0x0000000008080000: allocated 8192 Interrupt Collections @53ca10000 (flat, esz 8, psz 64K, shr 1)
Oct 24 16:56:34 ubuntu kernel: [    0.000000] GICv3: using LPI property table @0x000000053ca20000
Oct 24 16:56:34 ubuntu kernel: [    0.000000] GICv3: CPU0: using allocated LPI pending table @0x000000053ca30000
Oct 24 16:56:34 ubuntu kernel: [    0.000000] arch_timer: cp15 timer(s) running at 100.00MHz (virt).
Oct 24 16:56:34 ubuntu systemd[1]: Starting LVM2 PV scan on device 8:2...
Oct 24 16:56:34 ubuntu kernel: [    0.000000] clocksource: arch_sys_counter: mask: 0xffffffffffffff max_cycles: 0x171024e7e0, max_idle_ns: 440795205315 ns
Oct 24 16:56:34 ubuntu systemd[1]: Found device QEMU_HARDDISK 1.
Oct 24 16:56:34 ubuntu kernel: [    0.000002] sched_clock: 56 bits at 100MHz, resolution 10ns, wraps every 4398046511100ns
Oct 24 16:56:34 ubuntu kernel: [    0.000300] Console: colour dummy device 80x25
Oct 24 16:56:34 ubuntu kernel: [    0.000368] ACPI: Core revision 20200326
Oct 24 16:56:34 ubuntu systemd[1]: Activated swap /dev/mapper/ubuntu--vg-swap_1.
Oct 24 16:56:34 ubuntu systemd[1]: Reached target Swap.
Oct 24 16:56:34 ubuntu systemd[1]: Starting File System Check on /dev/disk/by-uuid/5EA9-3D4C...
Oct 24 16:56:34 ubuntu kernel: [    0.000537] Calibrating delay loop (skipped), value calculated using timer frequency.. 200.00 BogoMIPS (lpj=400000)
Oct 24 16:56:34 ubuntu kernel: [    0.000541] pid_max: default: 32768 minimum: 301
Oct 24 16:56:34 ubuntu systemd[1]: Started File System Check Daemon to report status.
Oct 24 16:56:34 ubuntu kernel: [    0.000614] LSM: Security Framework initializing
Oct 24 16:56:34 ubuntu lvm[1024]:   2 logical volume(s) in volume group "ubuntu-vg" now active
Oct 24 16:56:34 ubuntu systemd[1]: Started LVM2 PV scan on device 8:2.
Oct 24 16:56:34 ubuntu kernel: [    0.000644] Yama: becoming mindful.
Oct 24 16:56:34 ubuntu kernel: [    0.000810] AppArmor: AppArmor initialized
Oct 24 16:56:34 ubuntu systemd-fsck[1025]: fsck.fat 4.1 (2017-01-24)
Oct 24 16:56:34 ubuntu kernel: [    0.001178] Mount-cache hash table entries: 65536 (order: 7, 524288 bytes, linear)
Oct 24 16:56:34 ubuntu kernel: [    0.001464] Mountpoint-cache hash table entries: 65536 (order: 7, 524288 bytes, linear)
Oct 24 16:56:34 ubuntu kernel: [    0.003200] ACPI PPTT: No PPTT table found, CPU and cache topology may be inaccurate
Oct 24 16:56:34 ubuntu kernel: [    0.003501] rcu: Hierarchical SRCU implementation.
Oct 24 16:56:34 ubuntu kernel: [    0.004215] Platform MSI: ITS@0x8080000 domain created
Oct 24 16:56:34 ubuntu kernel: [    0.004231] PCI/MSI: ITS@0x8080000 domain created
Oct 24 16:56:34 ubuntu kernel: [    0.004281] Remapping and enabling EFI services.
Oct 24 16:56:34 ubuntu kernel: [    0.004295] [mitosis-origin] pgd_alloc for mm=ffff800011dcda40 and mm->pgd =ffff0004df9ba000.
Oct 24 16:56:34 ubuntu kernel: [    0.005514] smp: Bringing up secondary CPUs ...
Oct 24 16:56:34 ubuntu kernel: [    0.305114] Detected VIPT I-cache on CPU1
Oct 24 16:56:34 ubuntu kernel: [    0.305166] GICv3: CPU1: found redistributor 1 region 0:0x00000000080c0000
Oct 24 16:56:34 ubuntu systemd-fsck[1025]: /dev/sda1: 5 files, 41/65501 clusters
Oct 24 16:56:34 ubuntu kernel: [    0.305495] GICv3: CPU1: using allocated LPI pending table @0x000000053ca40000
Oct 24 16:56:34 ubuntu kernel: [    0.305546] CPU1: Booted secondary processor 0x0000000001 [0x481fd010]
Oct 24 16:56:34 ubuntu systemd[1]: Started File System Check on /dev/disk/by-uuid/5EA9-3D4C.
Oct 24 16:56:34 ubuntu systemd[1]: Mounting /boot/efi...
Oct 24 16:56:34 ubuntu systemd[1]: Mounted /boot/efi.
Oct 24 16:56:34 ubuntu kernel: [    0.443172] Detected VIPT I-cache on CPU2
Oct 24 16:56:34 ubuntu systemd[1]: Reached target Local File Systems.
Oct 24 16:56:34 ubuntu systemd[1]: Starting Set console font and keymap...
Oct 24 16:56:34 ubuntu kernel: [    0.443223] GICv3: CPU2: found redistributor 2 region 0:0x00000000080e0000
Oct 24 16:56:34 ubuntu systemd[1]: Starting ebtables ruleset management...
Oct 24 16:56:34 ubuntu kernel: [    0.443618] GICv3: CPU2: using allocated LPI pending table @0x000000053ca50000
Oct 24 16:56:34 ubuntu kernel: [    0.443693] CPU2: Booted secondary processor 0x0000000002 [0x481fd010]
Oct 24 16:56:34 ubuntu kernel: [    0.582871] Detected VIPT I-cache on CPU3
Oct 24 16:56:34 ubuntu kernel: [    0.582895] GICv3: CPU3: found redistributor 3 region 0:0x0000000008100000
Oct 24 16:56:34 ubuntu systemd[1]: Starting AppArmor initialization...
Oct 24 16:56:34 ubuntu kernel: [    0.583168] GICv3: CPU3: using allocated LPI pending table @0x000000053ca60000
Oct 24 16:56:34 ubuntu systemd[1]: Starting Tell Plymouth To Write Out Runtime Data...
Oct 24 16:56:34 ubuntu systemd[1]: Starting Create Volatile Files and Directories...
Oct 24 16:56:34 ubuntu systemd[1]: Started Set console font and keymap.
Oct 24 16:56:34 ubuntu kernel: [    0.583202] CPU3: Booted secondary processor 0x0000000003 [0x481fd010]
Oct 24 16:56:34 ubuntu kernel: [    0.875120] Detected VIPT I-cache on CPU4
Oct 24 16:56:34 ubuntu kernel: [    0.875152] GICv3: CPU4: found redistributor 4 region 0:0x0000000008120000
Oct 24 16:56:34 ubuntu kernel: [    0.875387] GICv3: CPU4: using allocated LPI pending table @0x000000053ca70000
Oct 24 16:56:34 ubuntu kernel: [    0.875425] CPU4: Booted secondary processor 0x0000000004 [0x481fd010]
Oct 24 16:56:34 ubuntu kernel: [    1.159659] Detected VIPT I-cache on CPU5
Oct 24 16:56:34 ubuntu kernel: [    1.159684] GICv3: CPU5: found redistributor 5 region 0:0x0000000008140000
Oct 24 16:56:34 ubuntu kernel: [    1.159990] GICv3: CPU5: using allocated LPI pending table @0x000000053ca80000
Oct 24 16:56:34 ubuntu kernel: [    1.160029] CPU5: Booted secondary processor 0x0000000005 [0x481fd010]
Oct 24 16:56:34 ubuntu kernel: [    1.444876] Detected VIPT I-cache on CPU6
Oct 24 16:56:34 ubuntu kernel: [    1.444907] GICv3: CPU6: found redistributor 6 region 0:0x0000000008160000
Oct 24 16:56:34 ubuntu kernel: [    1.445156] GICv3: CPU6: using allocated LPI pending table @0x000000053ca90000
Oct 24 16:56:34 ubuntu kernel: [    1.445195] CPU6: Booted secondary processor 0x0000000006 [0x481fd010]
Oct 24 16:56:34 ubuntu kernel: [    1.731393] Detected VIPT I-cache on CPU7
Oct 24 16:56:34 ubuntu kernel: [    1.731419] GICv3: CPU7: found redistributor 7 region 0:0x0000000008180000
Oct 24 16:56:34 ubuntu kernel: [    1.731667] GICv3: CPU7: using allocated LPI pending table @0x000000053caa0000
Oct 24 16:56:34 ubuntu kernel: [    1.731697] CPU7: Booted secondary processor 0x0000000007 [0x481fd010]
Oct 24 16:56:34 ubuntu kernel: [    1.847344] Detected VIPT I-cache on CPU8
Oct 24 16:56:34 ubuntu kernel: [    1.847383] GICv3: CPU8: found redistributor 8 region 0:0x00000000081a0000
Oct 24 16:56:34 ubuntu kernel: [    1.847660] GICv3: CPU8: using allocated LPI pending table @0x000000053cab0000
Oct 24 16:56:34 ubuntu kernel: [    1.847699] CPU8: Booted secondary processor 0x0000000008 [0x481fd010]
Oct 24 16:56:34 ubuntu kernel: [    2.116070] Detected VIPT I-cache on CPU9
Oct 24 16:56:34 ubuntu kernel: [    2.116101] GICv3: CPU9: found redistributor 9 region 0:0x00000000081c0000
Oct 24 16:56:34 ubuntu kernel: [    2.116336] GICv3: CPU9: using allocated LPI pending table @0x000000053cac0000
Oct 24 16:56:34 ubuntu kernel: [    2.116376] CPU9: Booted secondary processor 0x0000000009 [0x481fd010]
Oct 24 16:56:34 ubuntu kernel: [    2.225427] Detected VIPT I-cache on CPU10
Oct 24 16:56:34 ubuntu kernel: [    2.225524] GICv3: CPU10: found redistributor a region 0:0x00000000081e0000
Oct 24 16:56:34 ubuntu kernel: [    2.225948] GICv3: CPU10: using allocated LPI pending table @0x000000053cad0000
Oct 24 16:56:34 ubuntu kernel: [    2.226047] CPU10: Booted secondary processor 0x000000000a [0x481fd010]
Oct 24 16:56:34 ubuntu kernel: [    2.545527] Detected VIPT I-cache on CPU11
Oct 24 16:56:34 ubuntu kernel: [    2.545608] GICv3: CPU11: found redistributor b region 0:0x0000000008200000
Oct 24 16:56:34 ubuntu kernel: [    2.545915] GICv3: CPU11: using allocated LPI pending table @0x000000053cae0000
Oct 24 16:56:34 ubuntu kernel: [    2.545946] CPU11: Booted secondary processor 0x000000000b [0x481fd010]
Oct 24 16:56:34 ubuntu kernel: [    2.837758] Detected VIPT I-cache on CPU12
Oct 24 16:56:34 ubuntu kernel: [    2.837799] GICv3: CPU12: found redistributor c region 0:0x0000000008220000
Oct 24 16:56:34 ubuntu kernel: [    2.838168] GICv3: CPU12: using allocated LPI pending table @0x000000053caf0000
Oct 24 16:56:34 ubuntu kernel: [    2.838208] CPU12: Booted secondary processor 0x000000000c [0x481fd010]
Oct 24 16:56:34 ubuntu kernel: [    2.955495] Detected VIPT I-cache on CPU13
Oct 24 16:56:34 ubuntu kernel: [    2.955580] GICv3: CPU13: found redistributor d region 0:0x0000000008240000
Oct 24 16:56:34 ubuntu kernel: [    2.955970] GICv3: CPU13: using allocated LPI pending table @0x000000053cb00000
Oct 24 16:56:34 ubuntu kernel: [    2.956032] CPU13: Booted secondary processor 0x000000000d [0x481fd010]
Oct 24 16:56:34 ubuntu kernel: [    3.244719] Detected VIPT I-cache on CPU14
Oct 24 16:56:34 ubuntu systemd[1]: Started Tell Plymouth To Write Out Runtime Data.
Oct 24 16:56:34 ubuntu kernel: [    3.244783] GICv3: CPU14: found redistributor e region 0:0x0000000008260000
Oct 24 16:56:34 ubuntu kernel: [    3.245067] GICv3: CPU14: using allocated LPI pending table @0x000000053cb10000
Oct 24 16:56:34 ubuntu kernel: [    3.245101] CPU14: Booted secondary processor 0x000000000e [0x481fd010]
Oct 24 16:56:34 ubuntu kernel: [    3.530403] Detected VIPT I-cache on CPU15
Oct 24 16:56:34 ubuntu systemd[1]: Started Create Volatile Files and Directories.
Oct 24 16:56:34 ubuntu kernel: [    3.530448] GICv3: CPU15: found redistributor f region 0:0x0000000008280000
Oct 24 16:56:34 ubuntu apparmor[1037]:  * Starting AppArmor profiles
Oct 24 16:56:34 ubuntu kernel: [    3.530729] GICv3: CPU15: using allocated LPI pending table @0x000000053cb20000
Oct 24 16:56:34 ubuntu kernel: [    3.530774] CPU15: Booted secondary processor 0x000000000f [0x481fd010]
Oct 24 16:56:34 ubuntu kernel: [    3.824175] Detected VIPT I-cache on CPU16
Oct 24 16:56:34 ubuntu kernel: [    3.824222] GICv3: CPU16: found redistributor 100 region 0:0x00000000082a0000
Oct 24 16:56:34 ubuntu kernel: [    3.824480] GICv3: CPU16: using allocated LPI pending table @0x000000053cb30000
Oct 24 16:56:34 ubuntu systemd[1]: Starting Update UTMP about System Boot/Shutdown...
Oct 24 16:56:34 ubuntu kernel: [    3.824518] CPU16: Booted secondary processor 0x0000000100 [0x481fd010]
Oct 24 16:56:34 ubuntu systemd[1]: Starting Network Time Synchronization...
Oct 24 16:56:34 ubuntu systemd[1]: Started ebtables ruleset management.
Oct 24 16:56:34 ubuntu systemd[1]: Reached target Network (Pre).
Oct 24 16:56:34 ubuntu kernel: [    4.109490] Detected VIPT I-cache on CPU17
Oct 24 16:56:34 ubuntu systemd[1]: Starting Network Service...
Oct 24 16:56:34 ubuntu kernel: [    4.109540] GICv3: CPU17: found redistributor 101 region 0:0x00000000082c0000
Oct 24 16:56:34 ubuntu kernel: [    4.110013] GICv3: CPU17: using allocated LPI pending table @0x000000053cb40000
Oct 24 16:56:34 ubuntu kernel: [    4.110052] CPU17: Booted secondary processor 0x0000000101 [0x481fd010]
Oct 24 16:56:34 ubuntu kernel: [    4.230154] Detected VIPT I-cache on CPU18
Oct 24 16:56:34 ubuntu kernel: [    4.230258] GICv3: CPU18: found redistributor 102 region 0:0x00000000082e0000
Oct 24 16:56:34 ubuntu kernel: [    4.230600] GICv3: CPU18: using allocated LPI pending table @0x000000053cb50000
Oct 24 16:56:34 ubuntu kernel: [    4.230673] CPU18: Booted secondary processor 0x0000000102 [0x481fd010]
Oct 24 16:56:34 ubuntu kernel: [    4.503758] Detected VIPT I-cache on CPU19
Oct 24 16:56:34 ubuntu kernel: [    4.503818] GICv3: CPU19: found redistributor 103 region 0:0x0000000008300000
Oct 24 16:56:34 ubuntu kernel: [    4.504028] GICv3: CPU19: using allocated LPI pending table @0x000000053cb60000
Oct 24 16:56:34 ubuntu systemd[1]: Started Update UTMP about System Boot/Shutdown.
Oct 24 16:56:34 ubuntu kernel: [    4.504072] CPU19: Booted secondary processor 0x0000000103 [0x481fd010]
Oct 24 16:56:34 ubuntu systemd[1]: Started Network Time Synchronization.
Oct 24 16:56:34 ubuntu kernel: [    4.615116] Detected VIPT I-cache on CPU20
Oct 24 16:56:34 ubuntu systemd-networkd[1062]: Enumeration completed
Oct 24 16:56:34 ubuntu kernel: [    4.615171] GICv3: CPU20: found redistributor 104 region 0:0x0000000008320000
Oct 24 16:56:34 ubuntu systemd-timesyncd[1057]: No network connectivity, watching for changes.
Oct 24 16:56:34 ubuntu systemd-networkd[1062]: lo: Link is not managed by us
Oct 24 16:56:34 ubuntu systemd[1]: Started Network Service.
Oct 24 16:56:34 ubuntu kernel: [    4.615394] GICv3: CPU20: using allocated LPI pending table @0x000000053cb70000
Oct 24 16:56:34 ubuntu kernel: [    4.615430] CPU20: Booted secondary processor 0x0000000104 [0x481fd010]
Oct 24 16:56:34 ubuntu kernel: [    4.726638] Detected VIPT I-cache on CPU21
Oct 24 16:56:34 ubuntu kernel: [    4.726752] GICv3: CPU21: found redistributor 105 region 0:0x0000000008340000
Oct 24 16:56:34 ubuntu systemd[1]: Starting Wait for Network to be Configured...
Oct 24 16:56:34 ubuntu kernel: [    4.727158] GICv3: CPU21: using allocated LPI pending table @0x000000053cb80000
Oct 24 16:56:34 ubuntu kernel: [    4.727229] CPU21: Booted secondary processor 0x0000000105 [0x481fd010]
Oct 24 16:56:34 ubuntu kernel: [    5.017452] Detected VIPT I-cache on CPU22
Oct 24 16:56:34 ubuntu kernel: [    5.017514] GICv3: CPU22: found redistributor 106 region 0:0x0000000008360000
Oct 24 16:56:34 ubuntu kernel: [    5.017786] GICv3: CPU22: using allocated LPI pending table @0x000000053cb90000
Oct 24 16:56:34 ubuntu systemd[1]: Starting Network Name Resolution...
Oct 24 16:56:34 ubuntu kernel: [    5.017834] CPU22: Booted secondary processor 0x0000000106 [0x481fd010]
Oct 24 16:56:34 ubuntu kernel: [    5.238865] Detected VIPT I-cache on CPU23
Oct 24 16:56:34 ubuntu kernel: [    5.238925] GICv3: CPU23: found redistributor 107 region 0:0x0000000008380000
Oct 24 16:56:34 ubuntu kernel: [    5.239230] GICv3: CPU23: using allocated LPI pending table @0x000000053cba0000
Oct 24 16:56:34 ubuntu kernel: [    5.239267] CPU23: Booted secondary processor 0x0000000107 [0x481fd010]
Oct 24 16:56:34 ubuntu kernel: [    5.360900] Detected VIPT I-cache on CPU24
Oct 24 16:56:34 ubuntu kernel: [    5.361040] GICv3: CPU24: found redistributor 108 region 0:0x00000000083a0000
Oct 24 16:56:34 ubuntu kernel: [    5.361547] GICv3: CPU24: using allocated LPI pending table @0x000000053cbb0000
Oct 24 16:56:34 ubuntu kernel: [    5.361616] CPU24: Booted secondary processor 0x0000000108 [0x481fd010]
Oct 24 16:56:34 ubuntu kernel: [    5.653961] Detected VIPT I-cache on CPU25
Oct 24 16:56:34 ubuntu kernel: [    5.654023] GICv3: CPU25: found redistributor 109 region 0:0x00000000083c0000
Oct 24 16:56:34 ubuntu kernel: [    5.654256] GICv3: CPU25: using allocated LPI pending table @0x000000053cbc0000
Oct 24 16:56:34 ubuntu kernel: [    5.654296] CPU25: Booted secondary processor 0x0000000109 [0x481fd010]
Oct 24 16:56:34 ubuntu kernel: [    5.765538] Detected VIPT I-cache on CPU26
Oct 24 16:56:34 ubuntu kernel: [    5.765675] GICv3: CPU26: found redistributor 10a region 0:0x00000000083e0000
Oct 24 16:56:34 ubuntu kernel: [    5.766035] GICv3: CPU26: using allocated LPI pending table @0x000000053cbd0000
Oct 24 16:56:34 ubuntu kernel: [    5.766111] CPU26: Booted secondary processor 0x000000010a [0x481fd010]
Oct 24 16:56:34 ubuntu kernel: [    5.883568] Detected VIPT I-cache on CPU27
Oct 24 16:56:34 ubuntu kernel: [    5.883639] GICv3: CPU27: found redistributor 10b region 0:0x0000000008400000
Oct 24 16:56:34 ubuntu kernel: [    5.883858] GICv3: CPU27: using allocated LPI pending table @0x000000053cbe0000
Oct 24 16:56:34 ubuntu kernel: [    5.883907] CPU27: Booted secondary processor 0x000000010b [0x481fd010]
Oct 24 16:56:34 ubuntu kernel: [    6.052989] Detected VIPT I-cache on CPU28
Oct 24 16:56:34 ubuntu kernel: [    6.053135] GICv3: CPU28: found redistributor 10c region 0:0x0000000008420000
Oct 24 16:56:34 ubuntu kernel: [    6.053494] GICv3: CPU28: using allocated LPI pending table @0x000000053cbf0000
Oct 24 16:56:34 ubuntu systemd[1]: Reached target System Time Synchronized.
Oct 24 16:56:34 ubuntu kernel: [    6.053570] CPU28: Booted secondary processor 0x000000010c [0x481fd010]
Oct 24 16:56:34 ubuntu systemd-networkd-wait-online[1091]: ignoring: lo
Oct 24 16:56:34 ubuntu kernel: [    6.305380] Detected VIPT I-cache on CPU29
Oct 24 16:56:34 ubuntu kernel: [    6.305451] GICv3: CPU29: found redistributor 10d region 0:0x0000000008440000
Oct 24 16:56:34 ubuntu systemd-networkd[1062]: enp1s0: Gained carrier
Oct 24 16:56:34 ubuntu systemd-networkd-wait-online[1091]: ignoring: lo
Oct 24 16:56:34 ubuntu systemd-timesyncd[1057]: Network configuration changed, trying to establish connection.
Oct 24 16:56:34 ubuntu systemd-networkd-wait-online[1091]: ignoring: lo
Oct 24 16:56:34 ubuntu apparmor[1037]: Skipping profile in /etc/apparmor.d/disable: usr.sbin.rsyslogd
Oct 24 16:56:34 ubuntu systemd-resolved[1098]: Positive Trust Anchors:
Oct 24 16:56:34 ubuntu kernel: [    6.305679] GICv3: CPU29: using allocated LPI pending table @0x000000051f800000
Oct 24 16:56:34 ubuntu systemd-resolved[1098]: . IN DS 19036 8 2 49aac11d7b6f6446702e54a1607371607a1a41855200fd2ce1cdde32f24e8fb5
Oct 24 16:56:34 ubuntu kernel: [    6.305725] CPU29: Booted secondary processor 0x000000010d [0x481fd010]
Oct 24 16:56:34 ubuntu kernel: [    6.610864] Detected VIPT I-cache on CPU30
Oct 24 16:56:34 ubuntu kernel: [    6.610952] GICv3: CPU30: found redistributor 10e region 0:0x0000000008460000
Oct 24 16:56:34 ubuntu systemd-resolved[1098]: . IN DS 20326 8 2 e06d44b80b8f1d39a95c0b0d7c65d08458e880409bbc683457104237c7f8ec8d
Oct 24 16:56:34 ubuntu kernel: [    6.611273] GICv3: CPU30: using allocated LPI pending table @0x000000051f810000
Oct 24 16:56:34 ubuntu systemd-resolved[1098]: Negative trust anchors: 10.in-addr.arpa 16.172.in-addr.arpa 17.172.in-addr.arpa 18.172.in-addr.arpa 19.172.in-addr.arpa 20.172.in-addr.arpa 21.172.in-addr.arpa 22.172.in-addr.arpa 23.172.in-addr.arpa 24.172.in-addr.arpa 25.172.in-addr.arpa 26.172.in-addr.arpa 27.172.in-addr.arpa 28.172.in-addr.arpa 29.172.in-addr.arpa 30.172.in-addr.arpa 31.172.in-addr.arpa 168.192.in-addr.arpa d.f.ip6.arpa corp home internal intranet lan local private test
Oct 24 16:56:34 ubuntu kernel: [    6.611327] CPU30: Booted secondary processor 0x000000010e [0x481fd010]
Oct 24 16:56:34 ubuntu systemd-resolved[1098]: Using system hostname 'ubuntu'.
Oct 24 16:56:34 ubuntu kernel: [    6.904001] Detected VIPT I-cache on CPU31
Oct 24 16:56:34 ubuntu systemd[1]: Started Network Name Resolution.
Oct 24 16:56:34 ubuntu systemd[1]: Reached target Host and Network Name Lookups.
Oct 24 16:56:34 ubuntu kernel: [    6.904073] GICv3: CPU31: found redistributor 10f region 0:0x0000000008480000
Oct 24 16:56:34 ubuntu systemd[1]: Reached target Network.
Oct 24 16:56:34 ubuntu kernel: [    6.904284] GICv3: CPU31: using allocated LPI pending table @0x000000051f820000
Oct 24 16:56:34 ubuntu apparmor[1037]:    ...done.
Oct 24 16:56:34 ubuntu kernel: [    6.904333] CPU31: Booted secondary processor 0x000000010f [0x481fd010]
Oct 24 16:56:34 ubuntu systemd[1]: Started AppArmor initialization.
Oct 24 16:56:34 ubuntu kernel: [    6.904521] smp: Brought up 1 node, 32 CPUs
Oct 24 16:56:34 ubuntu kernel: [    6.904631] SMP: Total of 32 processors activated.
Oct 24 16:56:34 ubuntu systemd[1]: Reached target System Initialization.
Oct 24 16:56:34 ubuntu kernel: [    6.904637] CPU features: detected: Privileged Access Never
Oct 24 16:56:34 ubuntu systemd[1]: Started Discard unused blocks once a week.
Oct 24 16:56:34 ubuntu kernel: [    6.904640] CPU features: detected: LSE atomic instructions
Oct 24 16:56:34 ubuntu kernel: [    6.904642] CPU features: detected: User Access Override
Oct 24 16:56:34 ubuntu systemd[1]: Listening on Open-iSCSI iscsid Socket.
Oct 24 16:56:34 ubuntu kernel: [    6.904646] CPU features: detected: Common not Private translations
Oct 24 16:56:34 ubuntu systemd[1]: Started Message of the Day.
Oct 24 16:56:34 ubuntu kernel: [    6.904649] CPU features: detected: Data cache clean to Point of Persistence
Oct 24 16:56:34 ubuntu kernel: [    6.904652] CPU features: detected: RAS Extension Support
Oct 24 16:56:34 ubuntu kernel: [    6.904655] CPU features: detected: CRC32 instructions
Oct 24 16:56:34 ubuntu kernel: [    7.023326] CPU: All CPU(s) started at EL1
Oct 24 16:56:34 ubuntu kernel: [    7.023731] alternatives: patching kernel code
Oct 24 16:56:34 ubuntu kernel: [    7.029171] devtmpfs: initialized
Oct 24 16:56:34 ubuntu systemd[1]: Started ACPI Events Check.
Oct 24 16:56:34 ubuntu kernel: [    7.030646] Registered cp15_barrier emulation handler
Oct 24 16:56:34 ubuntu kernel: [    7.030845] Registered setend emulation handler
Oct 24 16:56:34 ubuntu systemd[1]: Listening on ACPID Listen Socket.
Oct 24 16:56:34 ubuntu kernel: [    7.030849] KASLR disabled due to lack of seed
Oct 24 16:56:34 ubuntu kernel: [    7.031690] clocksource: jiffies: mask: 0xffffffff max_cycles: 0xffffffff, max_idle_ns: 7645041785100000 ns
Oct 24 16:56:34 ubuntu kernel: [    7.032012] futex hash table entries: 8192 (order: 7, 524288 bytes, linear)
Oct 24 16:56:34 ubuntu kernel: [    7.033076] pinctrl core: initialized pinctrl subsystem
Oct 24 16:56:34 ubuntu kernel: [    7.033650] thermal_sys: Registered thermal governor 'fair_share'
Oct 24 16:56:34 ubuntu systemd[1]: Starting Socket activation for snappy daemon.
Oct 24 16:56:34 ubuntu kernel: [    7.033651] thermal_sys: Registered thermal governor 'bang_bang'
Oct 24 16:56:34 ubuntu systemd[1]: Listening on UUID daemon activation socket.
Oct 24 16:56:34 ubuntu kernel: [    7.033653] thermal_sys: Registered thermal governor 'step_wise'
Oct 24 16:56:34 ubuntu systemd[1]: Started Daily apt download activities.
Oct 24 16:56:34 ubuntu kernel: [    7.033654] thermal_sys: Registered thermal governor 'user_space'
Oct 24 16:56:34 ubuntu systemd[1]: Started Daily apt upgrade and clean activities.
Oct 24 16:56:34 ubuntu systemd[1]: Listening on D-Bus System Message Bus Socket.
Oct 24 16:56:34 ubuntu systemd[1]: Started Daily Cleanup of Temporary Directories.
Oct 24 16:56:34 ubuntu kernel: [    7.033784] SMBIOS 3.0.0 present.
Oct 24 16:56:34 ubuntu systemd[1]: Reached target Timers.
Oct 24 16:56:34 ubuntu kernel: [    7.033788] DMI: QEMU KVM Virtual Machine, BIOS 0.0.0 02/06/2015
Oct 24 16:56:34 ubuntu kernel: [    7.034492] NET: Registered protocol family 16
Oct 24 16:56:34 ubuntu kernel: [    7.037000] DMA: preallocated 256 KiB pool for atomic allocations
Oct 24 16:56:34 ubuntu systemd[1]: Reached target Paths.
Oct 24 16:56:34 ubuntu kernel: [    7.037006] audit: initializing netlink subsys (disabled)
Oct 24 16:56:34 ubuntu systemd[1]: Starting LXD - unix socket.
Oct 24 16:56:34 ubuntu kernel: [    7.037296] audit: type=2000 audit(6.608:1): state=initialized audit_enabled=0 res=1
Oct 24 16:56:34 ubuntu kernel: [    7.037716] cpuidle: using governor ladder
Oct 24 16:56:34 ubuntu kernel: [    7.037729] cpuidle: using governor menu
Oct 24 16:56:34 ubuntu systemd[1]: Listening on Socket activation for snappy daemon.
Oct 24 16:56:34 ubuntu kernel: [    7.037803] hw-breakpoint: found 6 breakpoint and 4 watchpoint registers.
Oct 24 16:56:34 ubuntu kernel: [    7.040354] ASID allocator initialised with 65536 entries
Oct 24 16:56:34 ubuntu kernel: [    7.040506] ACPI: bus type PCI registered
Oct 24 16:56:34 ubuntu kernel: [    7.040518] acpiphp: ACPI Hot Plug PCI Controller Driver version: 0.5
Oct 24 16:56:34 ubuntu kernel: [    7.040713] Serial: AMBA PL011 UART driver
Oct 24 16:56:34 ubuntu kernel: [    7.044435] HugeTLB registered 1.00 GiB page size, pre-allocated 0 pages
Oct 24 16:56:34 ubuntu kernel: [    7.044437] HugeTLB registered 32.0 MiB page size, pre-allocated 0 pages
Oct 24 16:56:34 ubuntu systemd[1]: Listening on LXD - unix socket.
Oct 24 16:56:34 ubuntu kernel: [    7.044439] HugeTLB registered 2.00 MiB page size, pre-allocated 0 pages
Oct 24 16:56:34 ubuntu kernel: [    7.044440] HugeTLB registered 64.0 KiB page size, pre-allocated 0 pages
Oct 24 16:56:34 ubuntu kernel: [    7.061053] ACPI: Added _OSI(Module Device)
Oct 24 16:56:34 ubuntu kernel: [    7.061055] ACPI: Added _OSI(Processor Device)
Oct 24 16:56:34 ubuntu systemd[1]: Reached target Sockets.
Oct 24 16:56:34 ubuntu kernel: [    7.061057] ACPI: Added _OSI(3.0 _SCP Extensions)
Oct 24 16:56:34 ubuntu systemd[1]: Reached target Basic System.
Oct 24 16:56:34 ubuntu systemd[1]: Starting Dispatcher daemon for systemd-networkd...
Oct 24 16:56:34 ubuntu systemd[1]: Started Deferred execution scheduler.
Oct 24 16:56:34 ubuntu kernel: [    7.061058] ACPI: Added _OSI(Processor Aggregator Device)
Oct 24 16:56:34 ubuntu systemd[1]: Starting LSB: Record successful boot for GRUB...
Oct 24 16:56:34 ubuntu kernel: [    7.061060] ACPI: Added _OSI(Linux-Dell-Video)
Oct 24 16:56:34 ubuntu kernel: [    7.061062] ACPI: Added _OSI(Linux-Lenovo-NV-HDMI-Audio)
Oct 24 16:56:34 ubuntu kernel: [    7.061064] ACPI: Added _OSI(Linux-HPI-Hybrid-Graphics)
Oct 24 16:56:34 ubuntu kernel: [    7.061944] ACPI: 1 ACPI AML tables successfully acquired and loaded
Oct 24 16:56:34 ubuntu systemd[1]: Started irqbalance daemon.
Oct 24 16:56:34 ubuntu kernel: [    7.062486] ACPI: Interpreter enabled
Oct 24 16:56:34 ubuntu systemd[1]: Starting Accounts Service...
Oct 24 16:56:34 ubuntu kernel: [    7.062488] ACPI: Using GIC for interrupt routing
Oct 24 16:56:34 ubuntu systemd[1]: Starting System Logging Service...
Oct 24 16:56:34 ubuntu kernel: [    7.062516] ACPI: MCFG table detected, 1 entries
Oct 24 16:56:34 ubuntu systemd[1]: Started D-Bus System Message Bus.
Oct 24 16:56:34 ubuntu kernel: [    7.066849] ARMH0011:00: ttyAMA0 at MMIO 0x9000000 (irq = 4, base_baud = 0) is a SBSA
Oct 24 16:56:34 ubuntu /usr/sbin/irqbalance: IRQ arch_timer(2) guessed as class 0
Oct 24 16:56:34 ubuntu /usr/sbin/irqbalance: IRQ uart-pl011(4) guessed as class 0
Oct 24 16:56:34 ubuntu kernel: [    7.226014] printk: console [ttyAMA0] enabled
Oct 24 16:56:34 ubuntu kernel: [    7.228621] ACPI: PCI Root Bridge [PCI0] (domain 0000 [bus 00-0f])
Oct 24 16:56:34 ubuntu kernel: [    7.229344] acpi PNP0A08:00: _OSC: OS supports [ExtendedConfig ASPM ClockPM Segments MSI HPX-Type3]
Oct 24 16:56:34 ubuntu kernel: [    7.230404] acpi PNP0A08:00: _OSC: platform does not support [SHPCHotplug LTR]
Oct 24 16:56:34 ubuntu kernel: [    7.231216] acpi PNP0A08:00: _OSC: OS now controls [PCIeHotplug PME AER PCIeCapability]
Oct 24 16:56:34 ubuntu kernel: [    7.232323] acpi PNP0A08:00: ECAM area [mem 0x3f000000-0x3fffffff] reserved by PNP0C02:00
Oct 24 16:56:34 ubuntu kernel: [    7.233147] acpi PNP0A08:00: ECAM at [mem 0x3f000000-0x3fffffff] for [bus 00-0f]
Oct 24 16:56:34 ubuntu kernel: [    7.233990] Remapped I/O 0x000000003eff0000 to [io  0x0000-0xffff window]
Oct 24 16:56:34 ubuntu kernel: [    7.234886] PCI host bridge to bus 0000:00
Oct 24 16:56:34 ubuntu kernel: [    7.235301] pci_bus 0000:00: root bus resource [mem 0x10000000-0x3efeffff window]
Oct 24 16:56:34 ubuntu kernel: [    7.236044] pci_bus 0000:00: root bus resource [io  0x0000-0xffff window]
Oct 24 16:56:34 ubuntu kernel: [    7.236700] pci_bus 0000:00: root bus resource [mem 0x8000000000-0xffffffffff window]
Oct 24 16:56:34 ubuntu kernel: [    7.237479] pci_bus 0000:00: root bus resource [bus 00-0f]
Oct 24 16:56:34 ubuntu kernel: [    7.238077] pci 0000:00:00.0: [1b36:0008] type 00 class 0x060000
Oct 24 16:56:34 ubuntu /usr/sbin/irqbalance: IRQ arm-pmu(42) guessed as class 0
Oct 24 16:56:34 ubuntu kernel: [    7.239035] pci 0000:00:01.0: [1b36:000c] type 01 class 0x060400
Oct 24 16:56:34 ubuntu kernel: [    7.241512] pci 0000:00:01.0: reg 0x10: [mem 0x10303000-0x10303fff]
Oct 24 16:56:34 ubuntu kernel: [    7.245241] pci 0000:00:01.1: [1b36:000c] type 01 class 0x060400
Oct 24 16:56:34 ubuntu kernel: [    7.247480] pci 0000:00:01.1: reg 0x10: [mem 0x10302000-0x10302fff]
Oct 24 16:56:34 ubuntu kernel: [    7.255050] pci 0000:00:01.2: [1b36:000c] type 01 class 0x060400
Oct 24 16:56:34 ubuntu /usr/sbin/irqbalance: IRQ ACPI:Event(43) guessed as class 0
Oct 24 16:56:34 ubuntu kernel: [    7.257223] pci 0000:00:01.2: reg 0x10: [mem 0x10301000-0x10301fff]
Oct 24 16:56:34 ubuntu kernel: [    7.262441] pci 0000:00:01.3: [1b36:000c] type 01 class 0x060400
Oct 24 16:56:34 ubuntu kernel: [    7.267811] pci 0000:00:01.3: reg 0x10: [mem 0x10300000-0x10300fff]
Oct 24 16:56:34 ubuntu kernel: [    7.272526] pci 0000:01:00.0: [1af4:1041] type 00 class 0x020000
Oct 24 16:56:34 ubuntu kernel: [    7.275203] pci 0000:01:00.0: reg 0x14: [mem 0x10200000-0x10200fff]
Oct 24 16:56:34 ubuntu /usr/sbin/irqbalance: IRQ pciehp(44) guessed as class 0
Oct 24 16:56:34 ubuntu kernel: [    7.281386] pci 0000:01:00.0: reg 0x20: [mem 0x8000000000-0x8000003fff 64bit pref]
Oct 24 16:56:34 ubuntu /usr/sbin/irqbalance: IRQ pciehp(45) guessed as class 0
Oct 24 16:56:34 ubuntu /usr/sbin/irqbalance: IRQ pciehp(46) guessed as class 0
Oct 24 16:56:34 ubuntu /usr/sbin/irqbalance: IRQ pciehp(47) guessed as class 0
Oct 24 16:56:34 ubuntu /usr/sbin/irqbalance: IRQ xhci_hcd(48) guessed as class 0
Oct 24 16:56:34 ubuntu /usr/sbin/irqbalance: IRQ xhci_hcd(49) guessed as class 0
Oct 24 16:56:34 ubuntu kernel: [    7.283411] pci 0000:01:00.0: reg 0x30: [mem 0xfff80000-0xffffffff pref]
Oct 24 16:56:34 ubuntu kernel: [    7.286152] pci 0000:02:00.0: [1b36:000d] type 00 class 0x0c0330
Oct 24 16:56:34 ubuntu kernel: [    7.287104] pci 0000:02:00.0: reg 0x10: [mem 0x10100000-0x10103fff 64bit]
Oct 24 16:56:34 ubuntu /usr/sbin/irqbalance: IRQ xhci_hcd(50) guessed as class 0
Oct 24 16:56:34 ubuntu kernel: [    7.291862] pci 0000:03:00.0: [1af4:1048] type 00 class 0x010000
Oct 24 16:56:34 ubuntu kernel: [    7.294274] pci 0000:03:00.0: reg 0x14: [mem 0x10000000-0x10000fff]
Oct 24 16:56:34 ubuntu kernel: [    7.297538] pci 0000:03:00.0: reg 0x20: [mem 0x8000100000-0x8000103fff 64bit pref]
Oct 24 16:56:34 ubuntu kernel: [    7.307445] pci 0000:00:01.0: bridge window [io  0x1000-0x0fff] to [bus 01] add_size 1000
Oct 24 16:56:34 ubuntu /usr/sbin/irqbalance: IRQ xhci_hcd(51) guessed as class 0
Oct 24 16:56:34 ubuntu /usr/sbin/irqbalance: IRQ xhci_hcd(52) guessed as class 0
Oct 24 16:56:34 ubuntu kernel: [    7.308738] pci 0000:00:01.0: bridge window [mem 0x00100000-0x001fffff 64bit pref] to [bus 01] add_size 100000 add_align 100000
Oct 24 16:56:34 ubuntu kernel: [    7.310643] pci 0000:00:01.0: bridge window [mem 0x00100000-0x001fffff] to [bus 01] add_size 100000 add_align 100000
Oct 24 16:56:34 ubuntu kernel: [    7.312256] pci 0000:00:01.1: bridge window [io  0x1000-0x0fff] to [bus 02] add_size 1000
Oct 24 16:56:34 ubuntu /usr/sbin/irqbalance: IRQ xhci_hcd(53) guessed as class 0
Oct 24 16:56:34 ubuntu /usr/sbin/irqbalance: IRQ xhci_hcd(54) guessed as class 0
Oct 24 16:56:34 ubuntu /usr/sbin/irqbalance: IRQ xhci_hcd(55) guessed as class 0
Oct 24 16:56:34 ubuntu kernel: [    7.313499] pci 0000:00:01.1: bridge window [mem 0x00100000-0x000fffff 64bit pref] to [bus 02] add_size 200000 add_align 100000
Oct 24 16:56:34 ubuntu kernel: [    7.315050] pci 0000:00:01.1: bridge window [mem 0x00100000-0x001fffff] to [bus 02] add_size 100000 add_align 100000
Oct 24 16:56:34 ubuntu kernel: [    7.316081] pci 0000:00:01.2: bridge window [io  0x1000-0x0fff] to [bus 03] add_size 1000
Oct 24 16:56:34 ubuntu kernel: [    7.316880] pci 0000:00:01.2: bridge window [mem 0x00100000-0x001fffff 64bit pref] to [bus 03] add_size 100000 add_align 100000
Oct 24 16:56:34 ubuntu kernel: [    7.317999] pci 0000:00:01.2: bridge window [mem 0x00100000-0x001fffff] to [bus 03] add_size 100000 add_align 100000
Oct 24 16:56:34 ubuntu /usr/sbin/irqbalance: IRQ xhci_hcd(56) guessed as class 0
Oct 24 16:56:34 ubuntu kernel: [    7.319025] pci 0000:00:01.3: bridge window [io  0x1000-0x0fff] to [bus 04] add_size 1000
Oct 24 16:56:34 ubuntu /usr/sbin/irqbalance: IRQ xhci_hcd(57) guessed as class 0
Oct 24 16:56:34 ubuntu kernel: [    7.319920] pci 0000:00:01.3: bridge window [mem 0x00100000-0x000fffff 64bit pref] to [bus 04] add_size 200000 add_align 100000
Oct 24 16:56:34 ubuntu kernel: [    7.321026] pci 0000:00:01.3: bridge window [mem 0x00100000-0x000fffff] to [bus 04] add_size 200000 add_align 100000
Oct 24 16:56:34 ubuntu kernel: [    7.322075] pci 0000:00:01.0: BAR 14: assigned [mem 0x10000000-0x101fffff]
Oct 24 16:56:34 ubuntu kernel: [    7.322771] pci 0000:00:01.0: BAR 15: assigned [mem 0x8000000000-0x80001fffff 64bit pref]
Oct 24 16:56:34 ubuntu /usr/sbin/irqbalance: IRQ xhci_hcd(58) guessed as class 0
Oct 24 16:56:34 ubuntu /usr/sbin/irqbalance: IRQ xhci_hcd(59) guessed as class 0
Oct 24 16:56:34 ubuntu kernel: [    7.323561] pci 0000:00:01.1: BAR 14: assigned [mem 0x10200000-0x103fffff]
Oct 24 16:56:34 ubuntu kernel: [    7.324272] pci 0000:00:01.1: BAR 15: assigned [mem 0x8000200000-0x80003fffff 64bit pref]
Oct 24 16:56:34 ubuntu kernel: [    7.325082] pci 0000:00:01.2: BAR 14: assigned [mem 0x10400000-0x105fffff]
Oct 24 16:56:34 ubuntu kernel: [    7.325779] pci 0000:00:01.2: BAR 15: assigned [mem 0x8000400000-0x80005fffff 64bit pref]
Oct 24 16:56:34 ubuntu kernel: [    7.326583] pci 0000:00:01.3: BAR 14: assigned [mem 0x10600000-0x107fffff]
Oct 24 16:56:34 ubuntu kernel: [    7.327244] pci 0000:00:01.3: BAR 15: assigned [mem 0x8000600000-0x80007fffff 64bit pref]
Oct 24 16:56:34 ubuntu kernel: [    7.328059] pci 0000:00:01.0: BAR 0: assigned [mem 0x10800000-0x10800fff]
Oct 24 16:56:34 ubuntu kernel: [    7.329177] pci 0000:00:01.0: BAR 13: assigned [io  0x1000-0x1fff]
Oct 24 16:56:34 ubuntu kernel: [    7.329793] pci 0000:00:01.1: BAR 0: assigned [mem 0x10801000-0x10801fff]
Oct 24 16:56:34 ubuntu kernel: [    7.330843] pci 0000:00:01.1: BAR 13: assigned [io  0x2000-0x2fff]
Oct 24 16:56:34 ubuntu kernel: [    7.331448] pci 0000:00:01.2: BAR 0: assigned [mem 0x10802000-0x10802fff]
Oct 24 16:56:34 ubuntu kernel: [    7.332499] pci 0000:00:01.2: BAR 13: assigned [io  0x3000-0x3fff]
Oct 24 16:56:34 ubuntu /usr/sbin/irqbalance: IRQ xhci_hcd(60) guessed as class 0
Oct 24 16:56:34 ubuntu kernel: [    7.333152] pci 0000:00:01.3: BAR 0: assigned [mem 0x10803000-0x10803fff]
Oct 24 16:56:34 ubuntu kernel: [    7.334238] pci 0000:00:01.3: BAR 13: assigned [io  0x4000-0x4fff]
Oct 24 16:56:34 ubuntu kernel: [    7.334861] pci 0000:01:00.0: BAR 6: assigned [mem 0x10000000-0x1007ffff pref]
Oct 24 16:56:34 ubuntu kernel: [    7.336931] pci 0000:01:00.0: BAR 4: assigned [mem 0x8000000000-0x8000003fff 64bit pref]
Oct 24 16:56:34 ubuntu kernel: [    7.338905] pci 0000:01:00.0: BAR 1: assigned [mem 0x10080000-0x10080fff]
Oct 24 16:56:34 ubuntu kernel: [    7.340159] pci 0000:00:01.0: PCI bridge to [bus 01]
Oct 24 16:56:34 ubuntu kernel: [    7.340765] pci 0000:00:01.0:   bridge window [io  0x1000-0x1fff]
Oct 24 16:56:34 ubuntu kernel: [    7.342337] pci 0000:00:01.0:   bridge window [mem 0x10000000-0x101fffff]
Oct 24 16:56:34 ubuntu kernel: [    7.343738] pci 0000:00:01.0:   bridge window [mem 0x8000000000-0x80001fffff 64bit pref]
Oct 24 16:56:34 ubuntu kernel: [    7.345836] pci 0000:02:00.0: BAR 0: assigned [mem 0x10200000-0x10203fff 64bit]
Oct 24 16:56:34 ubuntu kernel: [    7.348112] pci 0000:00:01.1: PCI bridge to [bus 02]
Oct 24 16:56:34 ubuntu kernel: [    7.348603] pci 0000:00:01.1:   bridge window [io  0x2000-0x2fff]
Oct 24 16:56:34 ubuntu kernel: [    7.350221] pci 0000:00:01.1:   bridge window [mem 0x10200000-0x103fffff]
Oct 24 16:56:34 ubuntu kernel: [    7.351370] pci 0000:00:01.1:   bridge window [mem 0x8000200000-0x80003fffff 64bit pref]
Oct 24 16:56:34 ubuntu kernel: [    7.353147] pci 0000:03:00.0: BAR 4: assigned [mem 0x8000400000-0x8000403fff 64bit pref]
Oct 24 16:56:34 ubuntu kernel: [    7.354788] pci 0000:03:00.0: BAR 1: assigned [mem 0x10400000-0x10400fff]
Oct 24 16:56:34 ubuntu kernel: [    7.355974] pci 0000:00:01.2: PCI bridge to [bus 03]
Oct 24 16:56:34 ubuntu /usr/sbin/irqbalance: IRQ xhci_hcd(61) guessed as class 0
Oct 24 16:56:34 ubuntu kernel: [    7.356611] pci 0000:00:01.2:   bridge window [io  0x3000-0x3fff]
Oct 24 16:56:34 ubuntu kernel: [    7.358132] pci 0000:00:01.2:   bridge window [mem 0x10400000-0x105fffff]
Oct 24 16:56:34 ubuntu kernel: [    7.361330] pci 0000:00:01.2:   bridge window [mem 0x8000400000-0x80005fffff 64bit pref]
Oct 24 16:56:34 ubuntu /usr/sbin/irqbalance: IRQ xhci_hcd(62) guessed as class 0
Oct 24 16:56:34 ubuntu kernel: [    7.363437] pci 0000:00:01.3: PCI bridge to [bus 04]
Oct 24 16:56:34 ubuntu /usr/sbin/irqbalance: IRQ xhci_hcd(63) guessed as class 0
Oct 24 16:56:34 ubuntu /usr/sbin/irqbalance: IRQ virtio1-config(64) guessed as class 0
Oct 24 16:56:34 ubuntu kernel: [    7.364043] pci 0000:00:01.3:   bridge window [io  0x4000-0x4fff]
Oct 24 16:56:34 ubuntu kernel: [    7.365719] pci 0000:00:01.3:   bridge window [mem 0x10600000-0x107fffff]
Oct 24 16:56:34 ubuntu kernel: [    7.367126] pci 0000:00:01.3:   bridge window [mem 0x8000600000-0x80007fffff 64bit pref]
Oct 24 16:56:34 ubuntu kernel: [    7.369275] pci_bus 0000:00: resource 4 [mem 0x10000000-0x3efeffff window]
Oct 24 16:56:34 ubuntu /usr/sbin/irqbalance: IRQ virtio1-control(65) guessed as class 0
Oct 24 16:56:34 ubuntu kernel: [    7.371807] pci_bus 0000:00: resource 5 [io  0x0000-0xffff window]
Oct 24 16:56:34 ubuntu /usr/sbin/irqbalance: IRQ virtio1-event(66) guessed as class 0
Oct 24 16:56:34 ubuntu kernel: [    7.372471] pci_bus 0000:00: resource 6 [mem 0x8000000000-0xffffffffff window]
Oct 24 16:56:34 ubuntu /usr/sbin/irqbalance: IRQ virtio1-request(67) guessed as class 0
Oct 24 16:56:34 ubuntu kernel: [    7.373280] pci_bus 0000:01: resource 0 [io  0x1000-0x1fff]
Oct 24 16:56:34 ubuntu /usr/sbin/irqbalance: IRQ virtio0-config(68) guessed as class 0
Oct 24 16:56:34 ubuntu kernel: [    7.373895] pci_bus 0000:01: resource 1 [mem 0x10000000-0x101fffff]
Oct 24 16:56:34 ubuntu /usr/sbin/irqbalance: IRQ virtio0-input.0(69) guessed as class 0
Oct 24 16:56:34 ubuntu kernel: [    7.374550] pci_bus 0000:01: resource 2 [mem 0x8000000000-0x80001fffff 64bit pref]
Oct 24 16:56:34 ubuntu /usr/sbin/irqbalance: IRQ virtio0-output.0(70) guessed as class 0
Oct 24 16:56:34 ubuntu kernel: [    7.375362] pci_bus 0000:02: resource 0 [io  0x2000-0x2fff]
Oct 24 16:56:34 ubuntu rsyslogd: imuxsock: Acquired UNIX socket '/run/systemd/journal/syslog' (fd 3) from systemd.  [v8.32.0]
Oct 24 16:56:34 ubuntu kernel: [    7.375967] pci_bus 0000:02: resource 1 [mem 0x10200000-0x103fffff]
Oct 24 16:56:34 ubuntu kernel: [    7.376622] pci_bus 0000:02: resource 2 [mem 0x8000200000-0x80003fffff 64bit pref]
Oct 24 16:56:34 ubuntu kernel: [    7.377452] pci_bus 0000:03: resource 0 [io  0x3000-0x3fff]
Oct 24 16:56:34 ubuntu kernel: [    7.378071] pci_bus 0000:03: resource 1 [mem 0x10400000-0x105fffff]
Oct 24 16:56:34 ubuntu kernel: [    7.378737] pci_bus 0000:03: resource 2 [mem 0x8000400000-0x80005fffff 64bit pref]
Oct 24 16:56:34 ubuntu kernel: [    7.379556] pci_bus 0000:04: resource 0 [io  0x4000-0x4fff]
Oct 24 16:56:34 ubuntu rsyslogd: rsyslogd's groupid changed to 106
Oct 24 16:56:34 ubuntu rsyslogd: rsyslogd's userid changed to 102
Oct 24 16:56:34 ubuntu kernel: [    7.380137] pci_bus 0000:04: resource 1 [mem 0x10600000-0x107fffff]
Oct 24 16:56:34 ubuntu rsyslogd:  [origin software="rsyslogd" swVersion="8.32.0" x-pid="1132" x-info="http://www.rsyslog.com"] start
Oct 24 16:56:34 ubuntu kernel: [    7.380796] pci_bus 0000:04: resource 2 [mem 0x8000600000-0x80007fffff 64bit pref]
Oct 24 16:56:34 ubuntu kernel: [    7.381654] ACPI: PCI Interrupt Link [GSI0] (IRQs *35)
Oct 24 16:56:34 ubuntu kernel: [    7.382226] ACPI: PCI Interrupt Link [GSI1] (IRQs *36)
Oct 24 16:56:34 ubuntu kernel: [    7.382766] ACPI: PCI Interrupt Link [GSI2] (IRQs *37)
Oct 24 16:56:34 ubuntu kernel: [    7.383310] ACPI: PCI Interrupt Link [GSI3] (IRQs *38)
Oct 24 16:56:34 ubuntu kernel: [    7.385101] iommu: Default domain type: Translated 
Oct 24 16:56:34 ubuntu kernel: [    7.385805] vgaarb: loaded
Oct 24 16:56:34 ubuntu kernel: [    7.386526] SCSI subsystem initialized
Oct 24 16:56:34 ubuntu kernel: [    7.387455] libata version 3.00 loaded.
Oct 24 16:56:34 ubuntu kernel: [    7.387510] ACPI: bus type USB registered
Oct 24 16:56:34 ubuntu kernel: [    7.387991] usbcore: registered new interface driver usbfs
Oct 24 16:56:34 ubuntu kernel: [    7.388572] usbcore: registered new interface driver hub
Oct 24 16:56:34 ubuntu kernel: [    7.389643] usbcore: registered new device driver usb
Oct 24 16:56:34 ubuntu kernel: [    7.390250] pps_core: LinuxPPS API ver. 1 registered
Oct 24 16:56:34 ubuntu kernel: [    7.390735] pps_core: Software ver. 5.3.6 - Copyright 2005-2007 Rodolfo Giometti <giometti@linux.it>
Oct 24 16:56:34 ubuntu kernel: [    7.391630] PTP clock support registered
Oct 24 16:56:34 ubuntu kernel: [    7.392849] EDAC MC: Ver: 3.0.0
Oct 24 16:56:34 ubuntu kernel: [    7.393584] Registered efivars operations
Oct 24 16:56:34 ubuntu kernel: [    7.396480] NetLabel: Initializing
Oct 24 16:56:34 ubuntu kernel: [    7.396857] NetLabel:  domain hash size = 128
Oct 24 16:56:34 ubuntu kernel: [    7.397284] NetLabel:  protocols = UNLABELED CIPSOv4 CALIPSO
Oct 24 16:56:34 ubuntu kernel: [    7.397906] NetLabel:  unlabeled traffic allowed by default
Oct 24 16:56:34 ubuntu kernel: [    7.399313] clocksource: Switched to clocksource arch_sys_counter
Oct 24 16:56:34 ubuntu kernel: [    7.420839] VFS: Disk quotas dquot_6.6.0
Oct 24 16:56:34 ubuntu kernel: [    7.421283] VFS: Dquot-cache hash table entries: 512 (order 0, 4096 bytes)
Oct 24 16:56:34 ubuntu kernel: [    7.422268] AppArmor: AppArmor Filesystem Enabled
Oct 24 16:56:34 ubuntu kernel: [    7.422799] pnp: PnP ACPI init
Oct 24 16:56:34 ubuntu kernel: [    7.423341] system 00:00: [mem 0x3f000000-0x3fffffff] could not be reserved
Oct 24 16:56:34 ubuntu kernel: [    7.424053] system 00:00: Plug and Play ACPI device, IDs PNP0c02 (active)
Oct 24 16:56:34 ubuntu kernel: [    7.424062] pnp: PnP ACPI: found 1 devices
Oct 24 16:56:34 ubuntu kernel: [    7.429971] NET: Registered protocol family 2
Oct 24 16:56:34 ubuntu kernel: [    7.431309] tcp_listen_portaddr_hash hash table entries: 16384 (order: 6, 262144 bytes, linear)
Oct 24 16:56:34 ubuntu kernel: [    7.433279] TCP established hash table entries: 262144 (order: 9, 2097152 bytes, linear)
Oct 24 16:56:34 ubuntu kernel: [    7.435083] TCP bind hash table entries: 65536 (order: 8, 1048576 bytes, linear)
Oct 24 16:56:34 ubuntu kernel: [    7.435948] TCP: Hash tables configured (established 262144 bind 65536)
Oct 24 16:56:34 ubuntu kernel: [    7.437092] UDP hash table entries: 16384 (order: 7, 524288 bytes, linear)
Oct 24 16:56:34 ubuntu kernel: [    7.438092] UDP-Lite hash table entries: 16384 (order: 7, 524288 bytes, linear)
Oct 24 16:56:34 ubuntu kernel: [    7.439187] NET: Registered protocol family 1
Oct 24 16:56:34 ubuntu kernel: [    7.439672] NET: Registered protocol family 44
Oct 24 16:56:34 ubuntu kernel: [    7.440202] pci 0000:02:00.0: enabling device (0000 -> 0002)
Oct 24 16:56:34 ubuntu kernel: [    7.441379] PCI: CLS 0 bytes, default 64
Oct 24 16:56:34 ubuntu kernel: [    7.441922] Trying to unpack rootfs image as initramfs...
Oct 24 16:56:34 ubuntu kernel: [    8.465280] Freeing initrd memory: 61288K
Oct 24 16:56:34 ubuntu kernel: [    8.494085] hw perfevents: enabled with armv8_pmuv3_0 PMU driver, 13 counters available
Oct 24 16:56:34 ubuntu kernel: [    8.495093] kvm [1]: HYP mode not available
Oct 24 16:56:34 ubuntu kernel: [    8.496730] Initialise system trusted keyrings
Oct 24 16:56:34 ubuntu kernel: [    8.497347] Key type blacklist registered
Oct 24 16:56:34 ubuntu kernel: [    8.498108] workingset: timestamp_bits=40 max_order=23 bucket_order=0
Oct 24 16:56:34 ubuntu kernel: [    8.501493] zbud: loaded
Oct 24 16:56:34 ubuntu kernel: [    8.502408] squashfs: version 4.0 (2009/01/31) Phillip Lougher
Oct 24 16:56:34 ubuntu kernel: [    8.503486] fuse: init (API version 7.31)
Oct 24 16:56:34 ubuntu kernel: [    8.504442] integrity: Platform Keyring initialized
Oct 24 16:56:34 ubuntu kernel: [    8.509519] [mitosis-origin] pgd_alloc for mm=ffff0004958e6000 and mm->pgd =ffff0004df41c000.
Oct 24 16:56:34 ubuntu kernel: [    8.513713] Key type asymmetric registered
Oct 24 16:56:34 ubuntu kernel: [    8.514211] Asymmetric key parser 'x509' registered
Oct 24 16:56:34 ubuntu kernel: [    8.514684] Block layer SCSI generic (bsg) driver version 0.4 loaded (major 244)
Oct 24 16:56:34 ubuntu kernel: [    8.516008] io scheduler mq-deadline registered
Oct 24 16:56:34 ubuntu kernel: [    8.520216] pl061_gpio ARMH0061:00: PL061 GPIO chip registered
Oct 24 16:56:34 ubuntu kernel: [    8.521626] PCI Interrupt Link [GSI1] enabled at IRQ 36
Oct 24 16:56:34 ubuntu kernel: [    8.524087] pcieport 0000:00:01.0: PME: Signaling with IRQ 44
Oct 24 16:56:34 ubuntu kernel: [    8.525464] pcieport 0000:00:01.0: AER: enabled with IRQ 44
Oct 24 16:56:34 ubuntu kernel: [    8.526152] pcieport 0000:00:01.0: pciehp: Slot #0 AttnBtn+ PwrCtrl+ MRL- AttnInd+ PwrInd+ HotPlug+ Surprise+ Interlock+ NoCompl- IbPresDis- LLActRep-
Oct 24 16:56:34 ubuntu kernel: [    8.528575] pcieport 0000:00:01.1: PME: Signaling with IRQ 45
Oct 24 16:56:34 ubuntu kernel: [    8.529384] pcieport 0000:00:01.1: AER: enabled with IRQ 45
Oct 24 16:56:34 ubuntu kernel: [    8.529981] pcieport 0000:00:01.1: pciehp: Slot #0 AttnBtn+ PwrCtrl+ MRL- AttnInd+ PwrInd+ HotPlug+ Surprise+ Interlock+ NoCompl- IbPresDis- LLActRep-
Oct 24 16:56:34 ubuntu kernel: [    8.532261] pcieport 0000:00:01.2: PME: Signaling with IRQ 46
Oct 24 16:56:34 ubuntu kernel: [    8.533299] pcieport 0000:00:01.2: AER: enabled with IRQ 46
Oct 24 16:56:34 ubuntu kernel: [    8.533892] pcieport 0000:00:01.2: pciehp: Slot #0 AttnBtn+ PwrCtrl+ MRL- AttnInd+ PwrInd+ HotPlug+ Surprise+ Interlock+ NoCompl- IbPresDis- LLActRep-
Oct 24 16:56:34 ubuntu kernel: [    8.536293] pcieport 0000:00:01.3: PME: Signaling with IRQ 47
Oct 24 16:56:34 ubuntu kernel: [    8.537095] pcieport 0000:00:01.3: AER: enabled with IRQ 47
Oct 24 16:56:34 ubuntu kernel: [    8.537687] pcieport 0000:00:01.3: pciehp: Slot #0 AttnBtn+ PwrCtrl+ MRL- AttnInd+ PwrInd+ HotPlug+ Surprise+ Interlock+ NoCompl- IbPresDis- LLActRep-
Oct 24 16:56:34 ubuntu kernel: [    8.539232] pcieport 0000:00:01.3: pciehp: Slot(0-3): Link Up
Oct 24 16:56:34 ubuntu kernel: [    8.539803] shpchp: Standard Hot Plug PCI Controller Driver version: 0.4
Oct 24 16:56:34 ubuntu kernel: [    8.541425] input: Power Button as /devices/LNXSYSTM:00/LNXSYBUS:00/PNP0C0C:00/input/input0
Oct 24 16:56:34 ubuntu kernel: [    8.542265] ACPI: Power Button [PWRB]
Oct 24 16:56:34 ubuntu kernel: [    8.548391] Serial: 8250/16550 driver, 32 ports, IRQ sharing enabled
Oct 24 16:56:34 ubuntu kernel: [    8.552627] msm_serial: driver initialized
Oct 24 16:56:34 ubuntu kernel: [    8.553762] cacheinfo: Unable to detect cache hierarchy for CPU 0
Oct 24 16:56:34 ubuntu kernel: [    8.572353] loop: module loaded
Oct 24 16:56:34 ubuntu kernel: [    8.573852] libphy: Fixed MDIO Bus: probed
Oct 24 16:56:34 ubuntu kernel: [    8.574814] tun: Universal TUN/TAP device driver, 1.6
Oct 24 16:56:34 ubuntu kernel: [    8.575678] PPP generic driver version 2.4.2
Oct 24 16:56:34 ubuntu kernel: [    8.576332] ehci_hcd: USB 2.0 'Enhanced' Host Controller (EHCI) Driver
Oct 24 16:56:34 ubuntu kernel: [    8.577046] ehci-pci: EHCI PCI platform driver
Oct 24 16:56:34 ubuntu kernel: [    8.577572] ehci-orion: EHCI orion driver
Oct 24 16:56:34 ubuntu kernel: [    8.578017] ohci_hcd: USB 1.1 'Open' Host Controller (OHCI) Driver
Oct 24 16:56:34 ubuntu kernel: [    8.578667] ohci-pci: OHCI PCI platform driver
Oct 24 16:56:34 ubuntu kernel: [    8.579152] uhci_hcd: USB Universal Host Controller Interface driver
Oct 24 16:56:34 ubuntu kernel: [    8.580939] xhci_hcd 0000:02:00.0: xHCI Host Controller
Oct 24 16:56:34 ubuntu kernel: [    8.581519] xhci_hcd 0000:02:00.0: new USB bus registered, assigned bus number 1
Oct 24 16:56:34 ubuntu kernel: [    8.582630] xhci_hcd 0000:02:00.0: hcc params 0x00087001 hci version 0x100 quirks 0x0000000000000010
Oct 24 16:56:34 ubuntu kernel: [    8.584919] usb usb1: New USB device found, idVendor=1d6b, idProduct=0002, bcdDevice= 5.07
Oct 24 16:56:34 ubuntu kernel: [    8.585787] usb usb1: New USB device strings: Mfr=3, Product=2, SerialNumber=1
Oct 24 16:56:34 ubuntu kernel: [    8.586526] usb usb1: Product: xHCI Host Controller
Oct 24 16:56:34 ubuntu kernel: [    8.587027] usb usb1: Manufacturer: Linux 5.7.1 xhci-hcd
Oct 24 16:56:34 ubuntu kernel: [    8.587625] usb usb1: SerialNumber: 0000:02:00.0
Oct 24 16:56:34 ubuntu kernel: [    8.588462] hub 1-0:1.0: USB hub found
Oct 24 16:56:34 ubuntu kernel: [    8.588881] hub 1-0:1.0: 8 ports detected
Oct 24 16:56:34 ubuntu kernel: [    8.589686] xhci_hcd 0000:02:00.0: xHCI Host Controller
Oct 24 16:56:34 ubuntu kernel: [    8.590192] xhci_hcd 0000:02:00.0: new USB bus registered, assigned bus number 2
Oct 24 16:56:34 ubuntu kernel: [    8.590900] xhci_hcd 0000:02:00.0: Host supports USB 3.0 SuperSpeed
Oct 24 16:56:34 ubuntu kernel: [    8.591572] usb usb2: We don't know the algorithms for LPM for this host, disabling LPM.
Oct 24 16:56:34 ubuntu kernel: [    8.592394] usb usb2: New USB device found, idVendor=1d6b, idProduct=0003, bcdDevice= 5.07
Oct 24 16:56:34 ubuntu kernel: [    8.593178] usb usb2: New USB device strings: Mfr=3, Product=2, SerialNumber=1
Oct 24 16:56:34 ubuntu kernel: [    8.593854] usb usb2: Product: xHCI Host Controller
Oct 24 16:56:34 ubuntu kernel: [    8.594310] usb usb2: Manufacturer: Linux 5.7.1 xhci-hcd
Oct 24 16:56:34 ubuntu kernel: [    8.594807] usb usb2: SerialNumber: 0000:02:00.0
Oct 24 16:56:34 ubuntu kernel: [    8.595584] hub 2-0:1.0: USB hub found
Oct 24 16:56:34 ubuntu kernel: [    8.596025] hub 2-0:1.0: 8 ports detected
Oct 24 16:56:34 ubuntu kernel: [    8.596995] mousedev: PS/2 mouse device common for all mice
Oct 24 16:56:34 ubuntu kernel: [    8.598233] rtc-efi rtc-efi.0: registered as rtc0
Oct 24 16:56:34 ubuntu kernel: [    8.598973] rtc-efi rtc-efi.0: setting system clock to 2020-10-24T08:56:28 UTC (1603529788)
Oct 24 16:56:34 ubuntu kernel: [    8.599932] i2c /dev entries driver
Oct 24 16:56:34 ubuntu kernel: [    8.600602] device-mapper: uevent: version 1.0.3
Oct 24 16:56:34 ubuntu kernel: [    8.601249] device-mapper: ioctl: 4.42.0-ioctl (2020-02-27) initialised: dm-devel@redhat.com
Oct 24 16:56:34 ubuntu kernel: [    8.603921] ledtrig-cpu: registered to indicate activity on CPUs
Oct 24 16:56:34 ubuntu kernel: [    8.604616] EFI Variables Facility v0.08 2004-May-17
Oct 24 16:56:34 ubuntu kernel: [    8.607871] NET: Registered protocol family 10
Oct 24 16:56:34 ubuntu kernel: [    8.610201] [mitosis-origin] pgd_alloc for mm=ffff00049560ec00 and mm->pgd =ffff0004df057000.
Oct 24 16:56:34 ubuntu kernel: [    8.615378] [mitosis-origin] pgd_alloc for mm=ffff00049560b800 and mm->pgd =ffff0004df066000.
Oct 24 16:56:34 ubuntu kernel: [    8.617651] [mitosis-origin] pgd_free for mm=ffff00049560ec00 and pgd =ffff0004df057000 and mm->pgd=ffff0004df057000.
Oct 24 16:56:34 ubuntu kernel: [    8.621305] [mitosis-origin] pgd_alloc for mm=ffff00049560ec00 and mm->pgd =ffff0004df073000.
Oct 24 16:56:34 ubuntu kernel: [    8.622187] [mitosis-origin] pgd_free for mm=ffff00049560b800 and pgd =ffff0004df066000 and mm->pgd=ffff0004df066000.
Oct 24 16:56:34 ubuntu kernel: [    8.624496] [mitosis-origin] pgd_alloc for mm=ffff00049560b800 and mm->pgd =ffff0004def1a000.
Oct 24 16:56:34 ubuntu kernel: [    8.625368] [mitosis-origin] pgd_free for mm=ffff00049560ec00 and pgd =ffff0004df073000 and mm->pgd=ffff0004df073000.
Oct 24 16:56:34 ubuntu kernel: [    8.627379] [mitosis-origin] pgd_alloc for mm=ffff00049560ec00 and mm->pgd =ffff0004def21000.
Oct 24 16:56:34 ubuntu kernel: [    8.628415] [mitosis-origin] pgd_free for mm=ffff00049560b800 and pgd =ffff0004def1a000 and mm->pgd=ffff0004def1a000.
Oct 24 16:56:34 ubuntu kernel: [    8.631180] [mitosis-origin] pgd_alloc for mm=ffff00049560b800 and mm->pgd =ffff0004def25000.
Oct 24 16:56:34 ubuntu kernel: [    8.632271] [mitosis-origin] pgd_free for mm=ffff00049560ec00 and pgd =ffff0004def21000 and mm->pgd=ffff0004def21000.
Oct 24 16:56:34 ubuntu kernel: [    8.634548] Segment Routing with IPv6
Oct 24 16:56:34 ubuntu kernel: [    8.635852] NET: Registered protocol family 17
Oct 24 16:56:34 ubuntu kernel: [    8.637484] Key type dns_resolver registered
Oct 24 16:56:34 ubuntu kernel: [    8.638945] registered taskstats version 1
Oct 24 16:56:34 ubuntu kernel: [    8.640231] Loading compiled-in X.509 certificates
Oct 24 16:56:34 ubuntu kernel: [    8.642259] [mitosis-origin] pgd_alloc for mm=ffff00049560ec00 and mm->pgd =ffff0004ded18000.
Oct 24 16:56:34 ubuntu kernel: [    8.643502] [mitosis-origin] pgd_free for mm=ffff00049560b800 and pgd =ffff0004def25000 and mm->pgd=ffff0004def25000.
Oct 24 16:56:34 ubuntu kernel: [    8.646665] Loaded X.509 cert 'Build time autogenerated kernel key: 5fc9bbbf10d23f3f9dda6c889ba5358a20950e89'
Oct 24 16:56:34 ubuntu kernel: [    8.648431] zswap: loaded using pool lzo/zbud
Oct 24 16:56:34 ubuntu kernel: [    8.649713] Key type ._fscrypt registered
Oct 24 16:56:34 ubuntu kernel: [    8.650188] Key type .fscrypt registered
Oct 24 16:56:34 ubuntu kernel: [    8.650630] Key type fscrypt-provisioning registered
Oct 24 16:56:34 ubuntu kernel: [    8.651523] [mitosis-origin] pgd_alloc for mm=ffff0004957c9400 and mm->pgd =ffff0004df096000.
Oct 24 16:56:34 ubuntu kernel: [    8.655533] [mitosis-origin] pgd_alloc for mm=ffff0004957ca000 and mm->pgd =ffff0004df0b5000.
Oct 24 16:56:34 ubuntu kernel: [    8.657284] [mitosis-origin] pgd_free for mm=ffff0004957c9400 and pgd =ffff0004df096000 and mm->pgd=ffff0004df096000.
Oct 24 16:56:34 ubuntu kernel: [    8.661549] [mitosis-origin] pgd_alloc for mm=ffff0004957c9400 and mm->pgd =ffff0004def35000.
Oct 24 16:56:34 ubuntu kernel: [    8.663270] [mitosis-origin] pgd_free for mm=ffff0004957ca000 and pgd =ffff0004df0b5000 and mm->pgd=ffff0004df0b5000.
Oct 24 16:56:34 ubuntu kernel: [    8.667037] [mitosis-origin] pgd_alloc for mm=ffff000495019800 and mm->pgd =ffff00049578c000.
Oct 24 16:56:34 ubuntu kernel: [    8.673919] cryptd: max_cpu_qlen set to 1000
Oct 24 16:56:34 ubuntu kernel: [    8.681773] [mitosis-origin] pgd_alloc for mm=ffff000495063000 and mm->pgd =ffff0004ded6d000.
Oct 24 16:56:34 ubuntu kernel: [    8.687313] [mitosis-origin] pgd_alloc for mm=ffff00049501a400 and mm->pgd =ffff0004957af000.
Oct 24 16:56:34 ubuntu kernel: [    8.689725] [mitosis-origin] pgd_free for mm=ffff000495019800 and pgd =ffff00049578c000 and mm->pgd=ffff00049578c000.
Oct 24 16:56:34 ubuntu kernel: [    8.695446] [mitosis-origin] pgd_alloc for mm=ffff0004958e1c00 and mm->pgd =ffff0004df42d000.
Oct 24 16:56:34 ubuntu kernel: [    8.696409] [mitosis-origin] pgd_free for mm=ffff0004958e6000 and pgd =ffff0004df41c000 and mm->pgd=ffff0004df41c000.
Oct 24 16:56:34 ubuntu kernel: [    8.698928] [mitosis-origin] pgd_alloc for mm=ffff000495102000 and mm->pgd =ffff0004950b8000.
Oct 24 16:56:34 ubuntu kernel: [    8.704967] [mitosis-origin] pgd_alloc for mm=ffff00049511d400 and mm->pgd =ffff0004dec9d000.
Oct 24 16:56:34 ubuntu kernel: [    8.709615] [mitosis-origin] pgd_alloc for mm=ffff00049511ac00 and mm->pgd =ffff0004950c0000.
Oct 24 16:56:34 ubuntu kernel: [    8.711047] [mitosis-origin] pgd_free for mm=ffff00049511d400 and pgd =ffff0004dec9d000 and mm->pgd=ffff0004dec9d000.
Oct 24 16:56:34 ubuntu kernel: [    8.714830] [mitosis-origin] pgd_alloc for mm=ffff00049511d400 and mm->pgd =ffff0004950c4000.
Oct 24 16:56:34 ubuntu kernel: [    8.716456] [mitosis-origin] pgd_free for mm=ffff00049511ac00 and pgd =ffff0004950c0000 and mm->pgd=ffff0004950c0000.
Oct 24 16:56:34 ubuntu kernel: [    8.718871] [mitosis-origin] pgd_alloc for mm=ffff00049511ac00 and mm->pgd =ffff0004950c8000.
Oct 24 16:56:34 ubuntu kernel: [    8.719809] [mitosis-origin] pgd_free for mm=ffff00049511d400 and pgd =ffff0004950c4000 and mm->pgd=ffff0004950c4000.
Oct 24 16:56:34 ubuntu kernel: [    8.722129] [mitosis-origin] pgd_alloc for mm=ffff00049511d400 and mm->pgd =ffff0004950cc000.
Oct 24 16:56:34 ubuntu kernel: [    8.722958] [mitosis-origin] pgd_free for mm=ffff00049511ac00 and pgd =ffff0004950c8000 and mm->pgd=ffff0004950c8000.
Oct 24 16:56:34 ubuntu kernel: [    8.725399] [mitosis-origin] pgd_alloc for mm=ffff00049511ac00 and mm->pgd =ffff0004950d0000.
Oct 24 16:56:34 ubuntu kernel: [    8.726295] [mitosis-origin] pgd_free for mm=ffff00049511d400 and pgd =ffff0004950cc000 and mm->pgd=ffff0004950cc000.
Oct 24 16:56:34 ubuntu kernel: [    8.728677] [mitosis-origin] pgd_alloc for mm=ffff00049511d400 and mm->pgd =ffff0004950d4000.
Oct 24 16:56:34 ubuntu kernel: [    8.729502] [mitosis-origin] pgd_free for mm=ffff00049511ac00 and pgd =ffff0004950d0000 and mm->pgd=ffff0004950d0000.
Oct 24 16:56:34 ubuntu kernel: [    8.731915] [mitosis-origin] pgd_alloc for mm=ffff00049511ac00 and mm->pgd =ffff0004950d8000.
Oct 24 16:56:34 ubuntu kernel: [    8.732740] [mitosis-origin] pgd_free for mm=ffff00049511d400 and pgd =ffff0004950d4000 and mm->pgd=ffff0004950d4000.
Oct 24 16:56:34 ubuntu kernel: [    8.734926] [mitosis-origin] pgd_alloc for mm=ffff00049511d400 and mm->pgd =ffff0004950dc000.
Oct 24 16:56:34 ubuntu kernel: [    8.735867] [mitosis-origin] pgd_free for mm=ffff00049511ac00 and pgd =ffff0004950d8000 and mm->pgd=ffff0004950d8000.
Oct 24 16:56:34 ubuntu kernel: [    8.738126] [mitosis-origin] pgd_alloc for mm=ffff00049511ac00 and mm->pgd =ffff0004950e0000.
Oct 24 16:56:34 ubuntu kernel: [    8.738975] [mitosis-origin] pgd_free for mm=ffff00049511d400 and pgd =ffff0004950dc000 and mm->pgd=ffff0004950dc000.
Oct 24 16:56:34 ubuntu kernel: [    8.741393] [mitosis-origin] pgd_alloc for mm=ffff00049511d400 and mm->pgd =ffff0004950e4000.
Oct 24 16:56:34 ubuntu kernel: [    8.742249] [mitosis-origin] pgd_free for mm=ffff00049511ac00 and pgd =ffff0004950e0000 and mm->pgd=ffff0004950e0000.
Oct 24 16:56:34 ubuntu kernel: [    8.744576] [mitosis-origin] pgd_alloc for mm=ffff00049511ac00 and mm->pgd =ffff0004950e8000.
Oct 24 16:56:34 ubuntu kernel: [    8.745383] [mitosis-origin] pgd_free for mm=ffff00049511d400 and pgd =ffff0004950e4000 and mm->pgd=ffff0004950e4000.
Oct 24 16:56:34 ubuntu kernel: [    8.755307] [mitosis-origin] pgd_alloc for mm=ffff000495063c00 and mm->pgd =ffff0004ded7f000.
Oct 24 16:56:34 ubuntu kernel: [    8.757165] [mitosis-origin] pgd_free for mm=ffff000495063000 and pgd =ffff0004ded6d000 and mm->pgd=ffff0004ded6d000.
Oct 24 16:56:34 ubuntu kernel: [    8.762546] [mitosis-origin] pgd_alloc for mm=ffff000495063000 and mm->pgd =ffff000495a02000.
Oct 24 16:56:34 ubuntu kernel: [    8.764811] [mitosis-origin] pgd_free for mm=ffff000495063c00 and pgd =ffff0004ded7f000 and mm->pgd=ffff0004ded7f000.
Oct 24 16:56:34 ubuntu kernel: [    8.767104] [mitosis-origin] pgd_alloc for mm=ffff000495063c00 and mm->pgd =ffff0004959fa000.
Oct 24 16:56:34 ubuntu kernel: [    8.768053] [mitosis-origin] pgd_free for mm=ffff000495063000 and pgd =ffff000495a02000 and mm->pgd=ffff000495a02000.
Oct 24 16:56:34 ubuntu kernel: [    8.770407] [mitosis-origin] pgd_alloc for mm=ffff000495063000 and mm->pgd =ffff0004df41c000.
Oct 24 16:56:34 ubuntu kernel: [    8.771291] [mitosis-origin] pgd_free for mm=ffff000495063c00 and pgd =ffff0004959fa000 and mm->pgd=ffff0004959fa000.
Oct 24 16:56:34 ubuntu kernel: [    8.773552] [mitosis-origin] pgd_alloc for mm=ffff000495063c00 and mm->pgd =ffff0004df434000.
Oct 24 16:56:34 ubuntu kernel: [    8.774435] [mitosis-origin] pgd_free for mm=ffff000495063000 and pgd =ffff0004df41c000 and mm->pgd=ffff0004df41c000.
Oct 24 16:56:34 ubuntu kernel: [    8.776674] [mitosis-origin] pgd_alloc for mm=ffff000495063000 and mm->pgd =ffff0004df438000.
Oct 24 16:56:34 ubuntu kernel: [    8.777533] [mitosis-origin] pgd_free for mm=ffff000495063c00 and pgd =ffff0004df434000 and mm->pgd=ffff0004df434000.
Oct 24 16:56:34 ubuntu kernel: [    8.779978] [mitosis-origin] pgd_alloc for mm=ffff000495019800 and mm->pgd =ffff00049506d000.
Oct 24 16:56:34 ubuntu kernel: [    8.782319] [mitosis-origin] pgd_free for mm=ffff00049501a400 and pgd =ffff0004957af000 and mm->pgd=ffff0004957af000.
Oct 24 16:56:34 ubuntu kernel: [    8.787525] [mitosis-origin] pgd_alloc for mm=ffff00049501a400 and mm->pgd =ffff0004951af000.
Oct 24 16:56:34 ubuntu kernel: [    8.788413] [mitosis-origin] pgd_free for mm=ffff000495019800 and pgd =ffff00049506d000 and mm->pgd=ffff00049506d000.
Oct 24 16:56:34 ubuntu kernel: [    8.790252] [mitosis-origin] pgd_alloc for mm=ffff000495019800 and mm->pgd =ffff0004951b3000.
Oct 24 16:56:34 ubuntu kernel: [    8.791103] [mitosis-origin] pgd_free for mm=ffff00049501a400 and pgd =ffff0004951af000 and mm->pgd=ffff0004951af000.
Oct 24 16:56:34 ubuntu kernel: [    8.793093] [mitosis-origin] pgd_alloc for mm=ffff00049501a400 and mm->pgd =ffff0004951b7000.
Oct 24 16:56:34 ubuntu kernel: [    8.793950] [mitosis-origin] pgd_free for mm=ffff000495019800 and pgd =ffff0004951b3000 and mm->pgd=ffff0004951b3000.
Oct 24 16:56:34 ubuntu kernel: [    8.796342] [mitosis-origin] pgd_alloc for mm=ffff00049524f400 and mm->pgd =ffff0004951bb000.
Oct 24 16:56:34 ubuntu kernel: [    8.801413] [mitosis-origin] pgd_alloc for mm=ffff00049525ac00 and mm->pgd =ffff000495573000.
Oct 24 16:56:34 ubuntu kernel: [    8.805428] [mitosis-origin] pgd_alloc for mm=ffff000495258c00 and mm->pgd =ffff000495583000.
Oct 24 16:56:34 ubuntu kernel: [    8.806775] [mitosis-origin] pgd_free for mm=ffff00049525ac00 and pgd =ffff000495573000 and mm->pgd=ffff000495573000.
Oct 24 16:56:34 ubuntu kernel: [    8.810102] [mitosis-origin] pgd_alloc for mm=ffff00049525ac00 and mm->pgd =ffff0004951c8000.
Oct 24 16:56:34 ubuntu kernel: [    8.811473] [mitosis-origin] pgd_free for mm=ffff000495258c00 and pgd =ffff000495583000 and mm->pgd=ffff000495583000.
Oct 24 16:56:34 ubuntu kernel: [    8.813886] [mitosis-origin] pgd_alloc for mm=ffff000495258c00 and mm->pgd =ffff0004951cc000.
Oct 24 16:56:34 ubuntu kernel: [    8.814760] [mitosis-origin] pgd_free for mm=ffff00049525ac00 and pgd =ffff0004951c8000 and mm->pgd=ffff0004951c8000.
Oct 24 16:56:34 ubuntu kernel: [    8.817060] [mitosis-origin] pgd_alloc for mm=ffff00049525ac00 and mm->pgd =ffff0004951d0000.
Oct 24 16:56:34 ubuntu kernel: [    8.817938] [mitosis-origin] pgd_free for mm=ffff000495258c00 and pgd =ffff0004951cc000 and mm->pgd=ffff0004951cc000.
Oct 24 16:56:34 ubuntu kernel: [    8.829271] [mitosis-origin] pgd_free for mm=ffff000495063000 and pgd =ffff0004df438000 and mm->pgd=ffff0004df438000.
Oct 24 16:56:34 ubuntu kernel: [    8.832175] [mitosis-origin] pgd_alloc for mm=ffff000495063000 and mm->pgd =ffff0004df438000.
Oct 24 16:56:34 ubuntu kernel: [    8.837036] [mitosis-origin] pgd_alloc for mm=ffff000495063c00 and mm->pgd =ffff0004952bb000.
Oct 24 16:56:34 ubuntu kernel: [    8.839329] [mitosis-origin] pgd_free for mm=ffff000495063000 and pgd =ffff0004df438000 and mm->pgd=ffff0004df438000.
Oct 24 16:56:34 ubuntu kernel: [    8.842132] [mitosis-origin] pgd_alloc for mm=ffff000495063000 and mm->pgd =ffff0004952bf000.
Oct 24 16:56:34 ubuntu kernel: [    8.843067] [mitosis-origin] pgd_free for mm=ffff000495063c00 and pgd =ffff0004952bb000 and mm->pgd=ffff0004952bb000.
Oct 24 16:56:34 ubuntu kernel: [    8.845701] [mitosis-origin] pgd_alloc for mm=ffff000495063c00 and mm->pgd =ffff0004952c3000.
Oct 24 16:56:34 ubuntu kernel: [    8.846625] [mitosis-origin] pgd_free for mm=ffff000495063000 and pgd =ffff0004952bf000 and mm->pgd=ffff0004952bf000.
Oct 24 16:56:34 ubuntu kernel: [    8.849062] [mitosis-origin] pgd_alloc for mm=ffff000495063000 and mm->pgd =ffff0004952c7000.
Oct 24 16:56:34 ubuntu kernel: [    8.849956] [mitosis-origin] pgd_free for mm=ffff000495063c00 and pgd =ffff0004952c3000 and mm->pgd=ffff0004952c3000.
Oct 24 16:56:34 ubuntu kernel: [    8.852281] [mitosis-origin] pgd_alloc for mm=ffff000495063c00 and mm->pgd =ffff0004952cb000.
Oct 24 16:56:34 ubuntu kernel: [    8.853169] [mitosis-origin] pgd_free for mm=ffff000495063000 and pgd =ffff0004952c7000 and mm->pgd=ffff0004952c7000.
Oct 24 16:56:34 ubuntu kernel: [    8.855647] [mitosis-origin] pgd_alloc for mm=ffff000495063000 and mm->pgd =ffff0004952cf000.
Oct 24 16:56:34 ubuntu kernel: [    8.856584] [mitosis-origin] pgd_free for mm=ffff000495063c00 and pgd =ffff0004952cb000 and mm->pgd=ffff0004952cb000.
Oct 24 16:56:34 ubuntu kernel: [    8.858822] [mitosis-origin] pgd_alloc for mm=ffff000495063c00 and mm->pgd =ffff0004952d3000.
Oct 24 16:56:34 ubuntu kernel: [    8.859750] [mitosis-origin] pgd_free for mm=ffff000495063000 and pgd =ffff0004952cf000 and mm->pgd=ffff0004952cf000.
Oct 24 16:56:34 ubuntu kernel: [    8.861980] [mitosis-origin] pgd_alloc for mm=ffff000495063000 and mm->pgd =ffff0004952d6000.
Oct 24 16:56:34 ubuntu kernel: [    8.862837] [mitosis-origin] pgd_free for mm=ffff000495063c00 and pgd =ffff0004952d3000 and mm->pgd=ffff0004952d3000.
Oct 24 16:56:34 ubuntu kernel: [    8.866033] [mitosis-origin] pgd_alloc for mm=ffff0004953b9800 and mm->pgd =ffff0004def56000.
Oct 24 16:56:34 ubuntu kernel: [    8.871354] [mitosis-origin] pgd_alloc for mm=ffff0004953c7000 and mm->pgd =ffff000495372000.
Oct 24 16:56:34 ubuntu kernel: [    8.876088] Key type big_key registered
Oct 24 16:56:34 ubuntu kernel: [    8.876937] [mitosis-origin] pgd_alloc for mm=ffff0004953c4c00 and mm->pgd =ffff0004953cc000.
Oct 24 16:56:34 ubuntu kernel: [    8.879176] [mitosis-origin] pgd_free for mm=ffff0004953c7000 and pgd =ffff000495372000 and mm->pgd=ffff000495372000.
Oct 24 16:56:34 ubuntu kernel: [    8.891200] [mitosis-origin] pgd_alloc for mm=ffff0004953c7000 and mm->pgd =ffff0004953dd000.
Oct 24 16:56:34 ubuntu kernel: [    8.892197] [mitosis-origin] pgd_free for mm=ffff0004953c4c00 and pgd =ffff0004953cc000 and mm->pgd=ffff0004953cc000.
Oct 24 16:56:34 ubuntu kernel: [    8.894870] [mitosis-origin] pgd_alloc for mm=ffff0004953c4c00 and mm->pgd =ffff0004def49000.
Oct 24 16:56:34 ubuntu kernel: [    8.895829] [mitosis-origin] pgd_free for mm=ffff0004953c7000 and pgd =ffff0004953dd000 and mm->pgd=ffff0004953dd000.
Oct 24 16:56:34 ubuntu kernel: [    8.897838] Key type encrypted registered
Oct 24 16:56:34 ubuntu kernel: [    8.898908] AppArmor: AppArmor sha1 policy hashing enabled
Oct 24 16:56:34 ubuntu kernel: [    8.900911] ima: No TPM chip found, activating TPM-bypass!
Oct 24 16:56:34 ubuntu kernel: [    8.902336] ima: Allocated hash algorithm: sha1
Oct 24 16:56:34 ubuntu kernel: [    8.903653] ima: No architecture policies found
Oct 24 16:56:34 ubuntu kernel: [    8.904534] evm: Initialising EVM extended attributes:
Oct 24 16:56:34 ubuntu kernel: [    8.905163] evm: security.selinux
Oct 24 16:56:34 ubuntu kernel: [    8.905561] evm: security.SMACK64
Oct 24 16:56:34 ubuntu kernel: [    8.905969] evm: security.SMACK64EXEC
Oct 24 16:56:34 ubuntu kernel: [    8.906411] evm: security.SMACK64TRANSMUTE
Oct 24 16:56:34 ubuntu kernel: [    8.906905] evm: security.SMACK64MMAP
Oct 24 16:56:34 ubuntu kernel: [    8.907393] evm: security.apparmor
Oct 24 16:56:34 ubuntu kernel: [    8.907821] evm: security.ima
Oct 24 16:56:34 ubuntu kernel: [    8.908183] evm: security.capability
Oct 24 16:56:34 ubuntu kernel: [    8.908628] evm: HMAC attrs: 0x1
Oct 24 16:56:34 ubuntu kernel: [    8.914707] Freeing unused kernel memory: 7040K
Oct 24 16:56:34 ubuntu kernel: [    8.983170] Checked W+X mappings: passed, no W+X pages found
Oct 24 16:56:34 ubuntu kernel: [    8.983876] Run /init as init process
Oct 24 16:56:34 ubuntu kernel: [    8.984237]   with arguments:
Oct 24 16:56:34 ubuntu kernel: [    8.984238]     /init
Oct 24 16:56:34 ubuntu kernel: [    8.984238]   with environment:
Oct 24 16:56:34 ubuntu kernel: [    8.984240]     HOME=/
Oct 24 16:56:34 ubuntu kernel: [    8.984240]     TERM=linux
Oct 24 16:56:34 ubuntu kernel: [    8.984241]     BOOT_IMAGE=/boot/vmlinuz-5.7.1
Oct 24 16:56:34 ubuntu kernel: [    8.984327] [mitosis-origin] pgd_alloc for mm=ffff000494c5a800 and mm->pgd =ffff0004deeae000.
Oct 24 16:56:34 ubuntu kernel: [    8.986516] [mitosis-origin] pgd_alloc for mm=ffff000494c59800 and mm->pgd =ffff0004deebe000.
Oct 24 16:56:34 ubuntu kernel: [    8.987517] [mitosis-origin] pgd_free for mm=ffff0004953c4c00 and pgd =ffff0004def49000 and mm->pgd=ffff0004def49000.
Oct 24 16:56:34 ubuntu kernel: [    8.991119] [mitosis-origin] pgd_alloc for mm=ffff000494c5a400 and mm->pgd =ffff0004deec9000.
Oct 24 16:56:34 ubuntu kernel: [    8.992495] [mitosis-origin] pgd_free for mm=ffff000494c59800 and pgd =ffff0004deebe000 and mm->pgd=ffff0004deebe000.
Oct 24 16:56:34 ubuntu kernel: [    8.995821] [mitosis-origin] pgd_alloc for mm=ffff000494c5b000 and mm->pgd =ffff000494c26000.
Oct 24 16:56:34 ubuntu kernel: [    8.997320] [mitosis-origin] pgd_free for mm=ffff000494c5a400 and pgd =ffff0004deec9000 and mm->pgd=ffff0004deec9000.
Oct 24 16:56:34 ubuntu kernel: [    8.998899] [mitosis-origin] pgd_alloc for mm=ffff000494c5bc00 and mm->pgd =ffff000494c34000.
Oct 24 16:56:34 ubuntu kernel: [    9.000512] [mitosis-origin] pgd_free for mm=ffff000494c5b000 and pgd =ffff000494c26000 and mm->pgd=ffff000494c26000.
Oct 24 16:56:34 ubuntu kernel: [    9.002160] [mitosis-origin] pgd_alloc for mm=ffff000494c5fc00 and mm->pgd =ffff000494c42000.
Oct 24 16:56:34 ubuntu kernel: [    9.003880] [mitosis-origin] pgd_free for mm=ffff000494c5bc00 and pgd =ffff000494c34000 and mm->pgd=ffff000494c34000.
Oct 24 16:56:34 ubuntu kernel: [    9.005711] [mitosis-origin] pgd_alloc for mm=ffff0004953c4c00 and mm->pgd =ffff000494c33000.
Oct 24 16:56:34 ubuntu kernel: [    9.007602] [mitosis-origin] pgd_free for mm=ffff000494c5fc00 and pgd =ffff000494c42000 and mm->pgd=ffff000494c42000.
Oct 24 16:56:34 ubuntu kernel: [    9.011036] [mitosis-origin] pgd_alloc for mm=ffff000494c5f000 and mm->pgd =ffff000494c50000.
Oct 24 16:56:34 ubuntu kernel: [    9.013652] [mitosis-origin] pgd_free for mm=ffff0004953c4c00 and pgd =ffff000494c33000 and mm->pgd=ffff000494c33000.
Oct 24 16:56:34 ubuntu kernel: [    9.015323] [mitosis-origin] pgd_alloc for mm=ffff0004953c4c00 and mm->pgd =ffff0004953dd000.
Oct 24 16:56:34 ubuntu kernel: [    9.016580] [mitosis-origin] pgd_free for mm=ffff000494c5f000 and pgd =ffff000494c50000 and mm->pgd=ffff000494c50000.
Oct 24 16:56:34 ubuntu kernel: [    9.018844] [mitosis-origin] pgd_alloc for mm=ffff000494c5cc00 and mm->pgd =ffff000494c82000.
Oct 24 16:56:34 ubuntu kernel: [    9.021206] [mitosis-origin] pgd_free for mm=ffff0004953c4c00 and pgd =ffff0004953dd000 and mm->pgd=ffff0004953dd000.
Oct 24 16:56:34 ubuntu kernel: [    9.022939] [mitosis-origin] pgd_alloc for mm=ffff0004953c4c00 and mm->pgd =ffff000494c24000.
Oct 24 16:56:34 ubuntu kernel: [    9.024282] [mitosis-origin] pgd_free for mm=ffff000494c5cc00 and pgd =ffff000494c82000 and mm->pgd=ffff000494c82000.
Oct 24 16:56:34 ubuntu kernel: [    9.026265] [mitosis-origin] pgd_free for mm=ffff00049524f400 and pgd =ffff0004951bb000 and mm->pgd=ffff0004951bb000.
Oct 24 16:56:34 ubuntu kernel: [    9.030236] [mitosis-origin] pgd_alloc for mm=ffff00049524f400 and mm->pgd =ffff000494c4c000.
Oct 24 16:56:34 ubuntu kernel: [    9.032713] [mitosis-origin] pgd_free for mm=ffff00049501a400 and pgd =ffff0004951b7000 and mm->pgd=ffff0004951b7000.
Oct 24 16:56:34 ubuntu kernel: [    9.035202] [mitosis-origin] pgd_alloc for mm=ffff00049501a400 and mm->pgd =ffff000495340000.
Oct 24 16:56:34 ubuntu kernel: [    9.037300] [mitosis-origin] pgd_free for mm=ffff00049524f400 and pgd =ffff000494c4c000 and mm->pgd=ffff000494c4c000.
Oct 24 16:56:34 ubuntu kernel: [    9.040106] [mitosis-origin] pgd_alloc for mm=ffff00049524e800 and mm->pgd =ffff0004de49a000.
Oct 24 16:56:34 ubuntu kernel: [    9.041424] [mitosis-origin] pgd_free for mm=ffff00049501a400 and pgd =ffff000495340000 and mm->pgd=ffff000495340000.
Oct 24 16:56:34 ubuntu kernel: [    9.042997] [mitosis-origin] pgd_alloc for mm=ffff000495248800 and mm->pgd =ffff0004de40d000.
Oct 24 16:56:34 ubuntu kernel: [    9.044418] [mitosis-origin] pgd_free for mm=ffff00049524e800 and pgd =ffff0004de49a000 and mm->pgd=ffff0004de49a000.
Oct 24 16:56:34 ubuntu kernel: [    9.045715] [mitosis-origin] pgd_alloc for mm=ffff00049501a400 and mm->pgd =ffff0004deb18000.
Oct 24 16:56:34 ubuntu kernel: [    9.046749] [mitosis-origin] pgd_free for mm=ffff000495248800 and pgd =ffff0004de40d000 and mm->pgd=ffff0004de40d000.
Oct 24 16:56:34 ubuntu kernel: [    9.049126] [mitosis-origin] pgd_alloc for mm=ffff00049524ec00 and mm->pgd =ffff0004debff000.
Oct 24 16:56:34 ubuntu kernel: [    9.051542] [mitosis-origin] pgd_free for mm=ffff00049501a400 and pgd =ffff0004deb18000 and mm->pgd=ffff0004deb18000.
Oct 24 16:56:34 ubuntu kernel: [    9.053181] [mitosis-origin] pgd_alloc for mm=ffff00049501a400 and mm->pgd =ffff0004de40e000.
Oct 24 16:56:34 ubuntu kernel: [    9.054487] [mitosis-origin] pgd_free for mm=ffff00049524ec00 and pgd =ffff0004debff000 and mm->pgd=ffff0004debff000.
Oct 24 16:56:34 ubuntu kernel: [    9.056911] [mitosis-origin] pgd_alloc for mm=ffff00049524b800 and mm->pgd =ffff0004debf1000.
Oct 24 16:56:34 ubuntu kernel: [    9.059119] [mitosis-origin] pgd_free for mm=ffff00049501a400 and pgd =ffff0004de40e000 and mm->pgd=ffff0004de40e000.
Oct 24 16:56:34 ubuntu kernel: [    9.064171] [mitosis-origin] pgd_alloc for mm=ffff00049524c000 and mm->pgd =ffff0004debe3000.
Oct 24 16:56:34 ubuntu kernel: [    9.065783] [mitosis-origin] pgd_free for mm=ffff00049524b800 and pgd =ffff0004debf1000 and mm->pgd=ffff0004debf1000.
Oct 24 16:56:34 ubuntu kernel: [    9.068914] [mitosis-origin] pgd_alloc for mm=ffff00049501a400 and mm->pgd =ffff000495794000.
Oct 24 16:56:34 ubuntu kernel: [    9.071226] [mitosis-origin] pgd_free for mm=ffff00049524c000 and pgd =ffff0004debe3000 and mm->pgd=ffff0004debe3000.
Oct 24 16:56:34 ubuntu kernel: [    9.074491] [mitosis-origin] pgd_free for mm=ffff000495063000 and pgd =ffff0004952d6000 and mm->pgd=ffff0004952d6000.
Oct 24 16:56:34 ubuntu kernel: [    9.076051] [mitosis-origin] pgd_alloc for mm=ffff000495063000 and mm->pgd =ffff0004952d6000.
Oct 24 16:56:34 ubuntu kernel: [    9.077041] [mitosis-origin] pgd_free for mm=ffff0004953c4c00 and pgd =ffff000494c24000 and mm->pgd=ffff000494c24000.
Oct 24 16:56:34 ubuntu kernel: [    9.078185] [mitosis-origin] pgd_alloc for mm=ffff0004953c4c00 and mm->pgd =ffff000494c1f000.
Oct 24 16:56:34 ubuntu kernel: [    9.079108] [mitosis-origin] pgd_free for mm=ffff000495063000 and pgd =ffff0004952d6000 and mm->pgd=ffff0004952d6000.
Oct 24 16:56:34 ubuntu kernel: [    9.080630] [mitosis-origin] pgd_alloc for mm=ffff0004953c7000 and mm->pgd =ffff000494c3b000.
Oct 24 16:56:34 ubuntu kernel: [    9.081713] [mitosis-origin] pgd_alloc for mm=ffff000495063c00 and mm->pgd =ffff0004ded78000.
Oct 24 16:56:34 ubuntu kernel: [    9.082749] [mitosis-origin] pgd_free for mm=ffff0004953c7000 and pgd =ffff000494c3b000 and mm->pgd=ffff000494c3b000.
Oct 24 16:56:34 ubuntu kernel: [    9.084425] [mitosis-origin] pgd_free for mm=ffff00049525ac00 and pgd =ffff0004951d0000 and mm->pgd=ffff0004951d0000.
Oct 24 16:56:34 ubuntu kernel: [    9.088006] [mitosis-origin] pgd_free for mm=ffff000495063c00 and pgd =ffff0004ded78000 and mm->pgd=ffff0004ded78000.
Oct 24 16:56:34 ubuntu kernel: [    9.089202] [mitosis-origin] pgd_alloc for mm=ffff000495063c00 and mm->pgd =ffff0004ded78000.
Oct 24 16:56:34 ubuntu kernel: [    9.090354] [mitosis-origin] pgd_alloc for mm=ffff0004953c6000 and mm->pgd =ffff000494c1e000.
Oct 24 16:56:34 ubuntu kernel: [    9.092734] [mitosis-origin] pgd_free for mm=ffff000495063c00 and pgd =ffff0004ded78000 and mm->pgd=ffff0004ded78000.
Oct 24 16:56:34 ubuntu kernel: [    9.096583] [mitosis-origin] pgd_alloc for mm=ffff0004953c1c00 and mm->pgd =ffff000494c2f000.
Oct 24 16:56:34 ubuntu kernel: [    9.099086] [mitosis-origin] pgd_alloc for mm=ffff000495067c00 and mm->pgd =ffff0004ded86000.
Oct 24 16:56:34 ubuntu kernel: [    9.100304] [mitosis-origin] pgd_free for mm=ffff0004953c1c00 and pgd =ffff000494c2f000 and mm->pgd=ffff000494c2f000.
Oct 24 16:56:34 ubuntu kernel: [    9.101987] [mitosis-origin] pgd_free for mm=ffff0004953c4c00 and pgd =ffff000494c1f000 and mm->pgd=ffff000494c1f000.
Oct 24 16:56:34 ubuntu kernel: [    9.105576] [mitosis-origin] pgd_free for mm=ffff000495067c00 and pgd =ffff0004ded86000 and mm->pgd=ffff0004ded86000.
Oct 24 16:56:34 ubuntu kernel: [    9.106898] [mitosis-origin] pgd_alloc for mm=ffff000495067c00 and mm->pgd =ffff0004ded86000.
Oct 24 16:56:34 ubuntu kernel: [    9.108328] [mitosis-origin] pgd_alloc for mm=ffff0004953c5400 and mm->pgd =ffff000494c82000.
Oct 24 16:56:34 ubuntu kernel: [    9.110725] [mitosis-origin] pgd_free for mm=ffff000495067c00 and pgd =ffff0004ded86000 and mm->pgd=ffff0004ded86000.
Oct 24 16:56:34 ubuntu kernel: [    9.114730] [mitosis-origin] pgd_alloc for mm=ffff0004953c2c00 and mm->pgd =ffff0004952cd000.
Oct 24 16:56:34 ubuntu kernel: [    9.116762] [mitosis-origin] pgd_alloc for mm=ffff000495067000 and mm->pgd =ffff0004952d2000.
Oct 24 16:56:34 ubuntu kernel: [    9.117753] [mitosis-origin] pgd_free for mm=ffff0004953c2c00 and pgd =ffff0004952cd000 and mm->pgd=ffff0004952cd000.
Oct 24 16:56:34 ubuntu kernel: [    9.120057] [mitosis-origin] pgd_free for mm=ffff000495067000 and pgd =ffff0004952d2000 and mm->pgd=ffff0004952d2000.
Oct 24 16:56:34 ubuntu kernel: [    9.121429] [mitosis-origin] pgd_alloc for mm=ffff000495067000 and mm->pgd =ffff0004952d2000.
Oct 24 16:56:34 ubuntu kernel: [    9.122558] [mitosis-origin] pgd_free for mm=ffff0004953c5400 and pgd =ffff000494c82000 and mm->pgd=ffff000494c82000.
Oct 24 16:56:34 ubuntu kernel: [    9.123853] [mitosis-origin] pgd_alloc for mm=ffff0004953c5400 and mm->pgd =ffff00049537b000.
Oct 24 16:56:34 ubuntu kernel: [    9.125638] [mitosis-origin] pgd_free for mm=ffff000495067000 and pgd =ffff0004952d2000 and mm->pgd=ffff0004952d2000.
Oct 24 16:56:34 ubuntu kernel: [    9.129365] [mitosis-origin] pgd_alloc for mm=ffff0004953c0c00 and mm->pgd =ffff000494c23000.
Oct 24 16:56:34 ubuntu kernel: [    9.131679] [mitosis-origin] pgd_free for mm=ffff0004953c6000 and pgd =ffff000494c1e000 and mm->pgd=ffff000494c1e000.
Oct 24 16:56:34 ubuntu kernel: [    9.134713] [mitosis-origin] pgd_alloc for mm=ffff00049525ac00 and mm->pgd =ffff000494c1f000.
Oct 24 16:56:34 ubuntu kernel: [    9.136834] [mitosis-origin] pgd_free for mm=ffff0004953c0c00 and pgd =ffff000494c23000 and mm->pgd=ffff000494c23000.
Oct 24 16:56:34 ubuntu kernel: [    9.143686] [mitosis-origin] pgd_alloc for mm=ffff000495258c00 and mm->pgd =ffff000494c39000.
Oct 24 16:56:34 ubuntu kernel: [    9.145073] [mitosis-origin] pgd_alloc for mm=ffff00049524a800 and mm->pgd =ffff0004deb1c000.
Oct 24 16:56:34 ubuntu kernel: [    9.146047] [mitosis-origin] pgd_free for mm=ffff00049525ac00 and pgd =ffff000494c1f000 and mm->pgd=ffff000494c1f000.
Oct 24 16:56:34 ubuntu kernel: [    9.147200] [mitosis-origin] pgd_alloc for mm=ffff00049525ac00 and mm->pgd =ffff0004def44000.
Oct 24 16:56:34 ubuntu kernel: [    9.148206] [mitosis-origin] pgd_free for mm=ffff00049524a800 and pgd =ffff0004deb1c000 and mm->pgd=ffff0004deb1c000.
Oct 24 16:56:34 ubuntu kernel: [    9.185574] [mitosis-origin] pgd_alloc for mm=ffff0004953c1400 and mm->pgd =ffff0004df439000.
Oct 24 16:56:34 ubuntu kernel: [    9.189191] [mitosis-origin] pgd_alloc for mm=ffff0004953c2000 and mm->pgd =ffff0004ded89000.
Oct 24 16:56:34 ubuntu kernel: [    9.191617] [mitosis-origin] pgd_alloc for mm=ffff000495249800 and mm->pgd =ffff0004df403000.
Oct 24 16:56:34 ubuntu kernel: [    9.191700] [mitosis-origin] pgd_free for mm=ffff00049525ac00 and pgd =ffff0004def44000 and mm->pgd=ffff0004def44000.
Oct 24 16:56:34 ubuntu kernel: [    9.191932] [mitosis-origin] pgd_alloc for mm=ffff0004953c0000 and mm->pgd =ffff0004deebe000.
Oct 24 16:56:34 ubuntu kernel: [    9.192709] [mitosis-origin] pgd_alloc for mm=ffff0004953c5000 and mm->pgd =ffff0004953cc000.
Oct 24 16:56:34 ubuntu kernel: [    9.192924] [mitosis-origin] pgd_alloc for mm=ffff000494e0fc00 and mm->pgd =ffff0004de414000.
Oct 24 16:56:34 ubuntu kernel: [    9.193140] [mitosis-origin] pgd_free for mm=ffff000495249800 and pgd =ffff0004df403000 and mm->pgd=ffff0004df403000.
Oct 24 16:56:34 ubuntu kernel: [    9.197666] [mitosis-origin] pgd_alloc for mm=ffff0004953c6400 and mm->pgd =ffff000494dd6000.
Oct 24 16:56:34 ubuntu kernel: [    9.199347] [mitosis-origin] pgd_alloc for mm=ffff0004953c7800 and mm->pgd =ffff000494de8000.
Oct 24 16:56:34 ubuntu kernel: [    9.200656] [mitosis-origin] pgd_alloc for mm=ffff0004953c1000 and mm->pgd =ffff000494dfb000.
Oct 24 16:56:34 ubuntu kernel: [    9.201895] [mitosis-origin] pgd_alloc for mm=ffff0004953c4400 and mm->pgd =ffff000494e97000.
Oct 24 16:56:34 ubuntu kernel: [    9.203430] [mitosis-origin] pgd_free for mm=ffff0004958e1c00 and pgd =ffff0004df42d000 and mm->pgd=ffff0004df42d000.
Oct 24 16:56:34 ubuntu kernel: [    9.204858] [mitosis-origin] pgd_alloc for mm=ffff0004953c0400 and mm->pgd =ffff000494eaa000.
Oct 24 16:56:34 ubuntu kernel: [    9.206002] [mitosis-origin] pgd_alloc for mm=ffff0004953c5c00 and mm->pgd =ffff000494ebc000.
Oct 24 16:56:34 ubuntu kernel: [    9.207125] [mitosis-origin] pgd_alloc for mm=ffff0004953c4800 and mm->pgd =ffff000494f38000.
Oct 24 16:56:34 ubuntu kernel: [    9.208313] [mitosis-origin] pgd_alloc for mm=ffff0004953c3400 and mm->pgd =ffff000494f4a000.
Oct 24 16:56:34 ubuntu kernel: [    9.209427] [mitosis-origin] pgd_alloc for mm=ffff0004953c5800 and mm->pgd =ffff000494f5d000.
Oct 24 16:56:34 ubuntu kernel: [    9.210610] [mitosis-origin] pgd_alloc for mm=ffff0004953c7400 and mm->pgd =ffff000494f6f000.
Oct 24 16:56:34 ubuntu kernel: [    9.211725] [mitosis-origin] pgd_alloc for mm=ffff0004953c6800 and mm->pgd =ffff000494fc0000.
Oct 24 16:56:34 ubuntu kernel: [    9.212817] [mitosis-origin] pgd_alloc for mm=ffff0004953c0800 and mm->pgd =ffff000494fd2000.
Oct 24 16:56:34 ubuntu kernel: [    9.213869] [mitosis-origin] pgd_alloc for mm=ffff0004953c6c00 and mm->pgd =ffff000494fe3000.
Oct 24 16:56:34 ubuntu kernel: [    9.214974] [mitosis-origin] pgd_alloc for mm=ffff0004953c3800 and mm->pgd =ffff000494432000.
Oct 24 16:56:34 ubuntu kernel: [    9.216181] [mitosis-origin] pgd_alloc for mm=ffff0004953c4000 and mm->pgd =ffff000494444000.
Oct 24 16:56:34 ubuntu kernel: [    9.217278] [mitosis-origin] pgd_alloc for mm=ffff0004953c2800 and mm->pgd =ffff000494456000.
Oct 24 16:56:34 ubuntu kernel: [    9.218385] [mitosis-origin] pgd_alloc for mm=ffff0004953c1800 and mm->pgd =ffff000494468000.
Oct 24 16:56:34 ubuntu kernel: [    9.219544] [mitosis-origin] pgd_alloc for mm=ffff0004953c2400 and mm->pgd =ffff0004944bf000.
Oct 24 16:56:34 ubuntu kernel: [    9.220696] [mitosis-origin] pgd_alloc for mm=ffff0004953c3000 and mm->pgd =ffff0004944d0000.
Oct 24 16:56:34 ubuntu kernel: [    9.221885] [mitosis-origin] pgd_alloc for mm=ffff0004953c3c00 and mm->pgd =ffff0004944e3000.
Oct 24 16:56:34 ubuntu kernel: [    9.223080] [mitosis-origin] pgd_alloc for mm=ffff0004953c7c00 and mm->pgd =ffff00049452e000.
Oct 24 16:56:34 ubuntu kernel: [    9.224326] [mitosis-origin] pgd_alloc for mm=ffff0004953c0c00 and mm->pgd =ffff000494540000.
Oct 24 16:56:34 ubuntu kernel: [    9.225446] [mitosis-origin] pgd_alloc for mm=ffff0004953c6000 and mm->pgd =ffff000494552000.
Oct 24 16:56:34 ubuntu kernel: [    9.226542] [mitosis-origin] pgd_alloc for mm=ffff0004953c2c00 and mm->pgd =ffff000494564000.
Oct 24 16:56:34 ubuntu kernel: [    9.227691] [mitosis-origin] pgd_alloc for mm=ffff0004953c4c00 and mm->pgd =ffff0004945b7000.
Oct 24 16:56:34 ubuntu kernel: [    9.228791] [mitosis-origin] pgd_alloc for mm=ffff0004953c1c00 and mm->pgd =ffff0004945c9000.
Oct 24 16:56:34 ubuntu kernel: [    9.229913] [mitosis-origin] pgd_alloc for mm=ffff0004953c7000 and mm->pgd =ffff0004945dd000.
Oct 24 16:56:34 ubuntu kernel: [    9.231032] [mitosis-origin] pgd_alloc for mm=ffff000494662c00 and mm->pgd =ffff000494623000.
Oct 24 16:56:34 ubuntu kernel: [    9.232218] [mitosis-origin] pgd_alloc for mm=ffff000494660c00 and mm->pgd =ffff000494635000.
Oct 24 16:56:34 ubuntu kernel: [    9.233329] [mitosis-origin] pgd_alloc for mm=ffff000494661400 and mm->pgd =ffff000494647000.
Oct 24 16:56:34 ubuntu kernel: [    9.234431] [mitosis-origin] pgd_alloc for mm=ffff000494662000 and mm->pgd =ffff00049468c000.
Oct 24 16:56:34 ubuntu kernel: [    9.235568] [mitosis-origin] pgd_alloc for mm=ffff000494660000 and mm->pgd =ffff00049469d000.
Oct 24 16:56:34 ubuntu kernel: [    9.236725] [mitosis-origin] pgd_alloc for mm=ffff000494665000 and mm->pgd =ffff0004946af000.
Oct 24 16:56:34 ubuntu kernel: [    9.237807] [mitosis-origin] pgd_alloc for mm=ffff000494666400 and mm->pgd =ffff0004946c4000.
Oct 24 16:56:34 ubuntu kernel: [    9.238900] [mitosis-origin] pgd_alloc for mm=ffff000494667800 and mm->pgd =ffff000494719000.
Oct 24 16:56:34 ubuntu kernel: [    9.240066] [mitosis-origin] pgd_alloc for mm=ffff000494661000 and mm->pgd =ffff00049472d000.
Oct 24 16:56:34 ubuntu kernel: [    9.241167] [mitosis-origin] pgd_alloc for mm=ffff000494664400 and mm->pgd =ffff00049473f000.
Oct 24 16:56:34 ubuntu kernel: [    9.241812] [mitosis-origin] pgd_alloc for mm=ffff00049524a400 and mm->pgd =ffff0004dfbf4000.
Oct 24 16:56:34 ubuntu kernel: [    9.242410] [mitosis-origin] pgd_alloc for mm=ffff000494660400 and mm->pgd =ffff000494d17000.
Oct 24 16:56:34 ubuntu kernel: [    9.243401] [mitosis-origin] pgd_alloc for mm=ffff000494c5e000 and mm->pgd =ffff000494ca5000.
Oct 24 16:56:34 ubuntu kernel: [    9.244839] [mitosis-origin] pgd_free for mm=ffff000494e0fc00 and pgd =ffff0004de414000 and mm->pgd=ffff0004de414000.
Oct 24 16:56:34 ubuntu kernel: [    9.245200] [mitosis-origin] pgd_free for mm=ffff00049524a400 and pgd =ffff0004dfbf4000 and mm->pgd=ffff0004dfbf4000.
Oct 24 16:56:34 ubuntu kernel: [    9.263726] [mitosis-origin] pgd_free for mm=ffff00049560ec00 and pgd =ffff0004ded18000 and mm->pgd=ffff0004ded18000.
Oct 24 16:56:34 ubuntu kernel: [    9.263799] [mitosis-origin] pgd_free for mm=ffff0004957c9400 and pgd =ffff0004def35000 and mm->pgd=ffff0004def35000.
Oct 24 16:56:34 ubuntu kernel: [    9.274275] scsi host0: Virtio SCSI HBA
Oct 24 16:56:34 ubuntu kernel: [    9.276139] [mitosis-origin] pgd_free for mm=ffff0004953b9800 and pgd =ffff0004def56000 and mm->pgd=ffff0004def56000.
Oct 24 16:56:34 ubuntu kernel: [    9.276453] [mitosis-origin] pgd_alloc for mm=ffff000493cf5c00 and mm->pgd =ffff0004de849000.
Oct 24 16:56:34 ubuntu kernel: [    9.277631] [mitosis-origin] pgd_alloc for mm=ffff000493e25800 and mm->pgd =ffff000495353000.
Oct 24 16:56:34 ubuntu kernel: [    9.278025] scsi 0:0:0:0: Direct-Access     QEMU     QEMU HARDDISK    2.5+ PQ: 0 ANSI: 5
Oct 24 16:56:34 ubuntu kernel: [    9.278568] scsi 0:0:0:1: CD-ROM            QEMU     QEMU CD-ROM      2.5+ PQ: 0 ANSI: 5
Oct 24 16:56:34 ubuntu kernel: [    9.280583] [mitosis-origin] pgd_alloc for mm=ffff000493e27400 and mm->pgd =ffff0004df543000.
Oct 24 16:56:34 ubuntu kernel: [    9.280858] [mitosis-origin] pgd_alloc for mm=ffff0004957ca000 and mm->pgd =ffff0004df0b0000.
Oct 24 16:56:34 ubuntu kernel: [    9.280901] [mitosis-origin] pgd_alloc for mm=ffff000493f4e000 and mm->pgd =ffff0004df5b6000.
Oct 24 16:56:34 ubuntu kernel: [    9.280951] [mitosis-origin] pgd_alloc for mm=ffff000493f70400 and mm->pgd =ffff0004df67a000.
Oct 24 16:56:34 ubuntu kernel: [    9.280999] [mitosis-origin] pgd_alloc for mm=ffff00049560ec00 and mm->pgd =ffff0004def23000.
Oct 24 16:56:34 ubuntu kernel: [    9.281019] [mitosis-origin] pgd_alloc for mm=ffff000493fc6c00 and mm->pgd =ffff0004df7e6000.
Oct 24 16:56:34 ubuntu kernel: [    9.281036] [mitosis-origin] pgd_alloc for mm=ffff000493fd6800 and mm->pgd =ffff0004df328000.
Oct 24 16:56:34 ubuntu kernel: [    9.281204] [mitosis-origin] pgd_alloc for mm=ffff00049348ec00 and mm->pgd =ffff0004df7a5000.
Oct 24 16:56:34 ubuntu kernel: [    9.281617] [mitosis-origin] pgd_alloc for mm=ffff000493502000 and mm->pgd =ffff0004df2a0000.
Oct 24 16:56:34 ubuntu kernel: [    9.281639] [mitosis-origin] pgd_alloc for mm=ffff000493fd0800 and mm->pgd =ffff0004df338000.
Oct 24 16:56:34 ubuntu kernel: [    9.281714] [mitosis-origin] pgd_alloc for mm=ffff00049350f800 and mm->pgd =ffff0004df36e000.
Oct 24 16:56:34 ubuntu kernel: [    9.281766] [mitosis-origin] pgd_alloc for mm=ffff0004953b9800 and mm->pgd =ffff0004def59000.
Oct 24 16:56:34 ubuntu kernel: [    9.281803] [mitosis-origin] pgd_alloc for mm=ffff000493f75c00 and mm->pgd =ffff0004df68b000.
Oct 24 16:56:34 ubuntu kernel: [    9.281809] [mitosis-origin] pgd_alloc for mm=ffff00049524b000 and mm->pgd =ffff0004dfb2c000.
Oct 24 16:56:34 ubuntu kernel: [    9.281842] [mitosis-origin] pgd_alloc for mm=ffff000494665c00 and mm->pgd =ffff0004df648000.
Oct 24 16:56:34 ubuntu kernel: [    9.281853] [mitosis-origin] pgd_alloc for mm=ffff000494e0fc00 and mm->pgd =ffff0004de46e000.
Oct 24 16:56:34 ubuntu kernel: [    9.282038] [mitosis-origin] pgd_free for mm=ffff000493fd6800 and pgd =ffff0004df328000 and mm->pgd=ffff0004df328000.
Oct 24 16:56:34 ubuntu kernel: [    9.282101] [mitosis-origin] pgd_free for mm=ffff000493fc6c00 and pgd =ffff0004df7e6000 and mm->pgd=ffff0004df7e6000.
Oct 24 16:56:34 ubuntu kernel: [    9.282195] [mitosis-origin] pgd_free for mm=ffff00049348ec00 and pgd =ffff0004df7a5000 and mm->pgd=ffff0004df7a5000.
