Dec  3 18:51:06 ubuntu systemd-modules-load[824]: Inserted module 'iscsi_tcp'
Dec  3 18:51:06 ubuntu kernel: [    0.000000] Booting Linux on physical CPU 0x0000000000 [0x481fd010]
Dec  3 18:51:06 ubuntu systemd-modules-load[824]: Inserted module 'ib_iser'
Dec  3 18:51:06 ubuntu kernel: [    0.000000] Linux version 5.7.1 (root@ubuntu) (gcc version 7.5.0 (Ubuntu/Linaro 7.5.0-3ubuntu1~18.04), GNU ld (GNU Binutils for Ubuntu) 2.30) #1 SMP Thu Dec 3 18:26:00 CST 2020
Dec  3 18:51:06 ubuntu kernel: [    0.000000] efi: EFI v2.70 by EDK II
Dec  3 18:51:06 ubuntu lvm[823]:   2 logical volume(s) in volume group "ubuntu-vg" monitored
Dec  3 18:51:06 ubuntu kernel: [    0.000000] efi:  SMBIOS 3.0=0x53f710000  ACPI 2.0=0x53c020000  MEMATTR=0x53cc7ca98  MEMRESERVE=0x53becd018 
Dec  3 18:51:06 ubuntu systemd[1]: Started Monitoring of LVM2 mirrors, snapshots etc. using dmeventd or progress polling.
Dec  3 18:51:06 ubuntu kernel: [    0.000000] cma: Reserved 32 MiB at 0x00000000fe000000
Dec  3 18:51:06 ubuntu kernel: [    0.000000] ACPI: Early table checksum verification disabled
Dec  3 18:51:06 ubuntu kernel: [    0.000000] ACPI: RSDP 0x000000053C020000 000024 (v02 BOCHS )
Dec  3 18:51:06 ubuntu kernel: [    0.000000] ACPI: XSDT 0x000000053BED0000 000054 (v01 BOCHS  BXPCFACP 00000001      01000013)
Dec  3 18:51:06 ubuntu kernel: [    0.000000] ACPI: FACP 0x000000053BE90000 00010C (v05 BOCHS  BXPCFACP 00000001 BXPC 00000001)
Dec  3 18:51:06 ubuntu systemd[1]: Mounted FUSE Control File System.
Dec  3 18:51:06 ubuntu systemd[1]: Mounted Kernel Configuration File System.
Dec  3 18:51:06 ubuntu systemd[1]: Starting Flush Journal to Persistent Storage...
Dec  3 18:51:06 ubuntu kernel: [    0.000000] ACPI: DSDT 0x000000053BEA0000 001523 (v02 BOCHS  BXPCDSDT 00000001 BXPC 00000001)
Dec  3 18:51:06 ubuntu kernel: [    0.000000] ACPI: APIC 0x000000053BE80000 0009E8 (v03 BOCHS  BXPCAPIC 00000001 BXPC 00000001)
Dec  3 18:51:06 ubuntu systemd[1]: Started Apply Kernel Variables.
Dec  3 18:51:06 ubuntu systemd[1]: Started Set the console keyboard layout.
Dec  3 18:51:06 ubuntu kernel: [    0.000000] ACPI: GTDT 0x000000053BE70000 000060 (v02 BOCHS  BXPCGTDT 00000001 BXPC 00000001)
Dec  3 18:51:06 ubuntu kernel: [    0.000000] ACPI: MCFG 0x000000053BE60000 00003C (v01 BOCHS  BXPCMCFG 00000001 BXPC 00000001)
Dec  3 18:51:06 ubuntu systemd[1]: Started udev Kernel Device Manager.
Dec  3 18:51:06 ubuntu kernel: [    0.000000] ACPI: SPCR 0x000000053BE50000 000050 (v02 BOCHS  BXPCSPCR 00000001 BXPC 00000001)
Dec  3 18:51:06 ubuntu kernel: [    0.000000] ACPI: IORT 0x000000053BE40000 00007C (v00 BOCHS  BXPCIORT 00000001 BXPC 00000001)
Dec  3 18:51:06 ubuntu kernel: [    0.000000] ACPI: SPCR: console: pl011,mmio,0x9000000,9600
Dec  3 18:51:06 ubuntu kernel: [    0.000000] ACPI: NUMA: Failed to initialise from firmware
Dec  3 18:51:06 ubuntu kernel: [    0.000000] NUMA: Faking a node at [mem 0x0000000040000000-0x000000053fffffff]
Dec  3 18:51:06 ubuntu lvm[1026]:   2 logical volume(s) in volume group "ubuntu-vg" now active
Dec  3 18:51:06 ubuntu kernel: [    0.000000] NUMA: NODE_DATA [mem 0x53d409300-0x53d40cfff]
Dec  3 18:51:06 ubuntu kernel: [    0.000000] Zone ranges:
Dec  3 18:51:06 ubuntu kernel: [    0.000000]   DMA      [mem 0x0000000040000000-0x000000007fffffff]
Dec  3 18:51:06 ubuntu systemd[1]: Reached target Local File Systems (Pre).
Dec  3 18:51:06 ubuntu kernel: [    0.000000]   DMA32    [mem 0x0000000080000000-0x00000000ffffffff]
Dec  3 18:51:06 ubuntu kernel: [    0.000000]   Normal   [mem 0x0000000100000000-0x000000053fffffff]
Dec  3 18:51:06 ubuntu kernel: [    0.000000] Movable zone start for each node
Dec  3 18:51:06 ubuntu systemd[1]: Started udev Coldplug all Devices.
Dec  3 18:51:06 ubuntu kernel: [    0.000000] Early memory node ranges
Dec  3 18:51:06 ubuntu kernel: [    0.000000]   node   0: [mem 0x0000000040000000-0x000000053bedffff]
Dec  3 18:51:06 ubuntu kernel: [    0.000000]   node   0: [mem 0x000000053bee0000-0x000000053bffffff]
Dec  3 18:51:06 ubuntu systemd-fsck[1027]: fsck.fat 4.1 (2017-01-24)
Dec  3 18:51:06 ubuntu kernel: [    0.000000]   node   0: [mem 0x000000053c000000-0x000000053c02ffff]
Dec  3 18:51:06 ubuntu systemd-fsck[1027]: /dev/sda1: 5 files, 41/65501 clusters
Dec  3 18:51:06 ubuntu kernel: [    0.000000]   node   0: [mem 0x000000053c030000-0x000000053c0affff]
Dec  3 18:51:06 ubuntu kernel: [    0.000000]   node   0: [mem 0x000000053c0b0000-0x000000053f57ffff]
Dec  3 18:51:06 ubuntu kernel: [    0.000000]   node   0: [mem 0x000000053f580000-0x000000053f95ffff]
Dec  3 18:51:06 ubuntu systemd[1]: Started Dispatch Password Requests to Console Directory Watch.
Dec  3 18:51:06 ubuntu kernel: [    0.000000]   node   0: [mem 0x000000053f960000-0x000000053fffffff]
Dec  3 18:51:06 ubuntu kernel: [    0.000000] Zeroed struct page in unavailable ranges: 544 pages
Dec  3 18:51:06 ubuntu kernel: [    0.000000] Initmem setup node 0 [mem 0x0000000040000000-0x000000053fffffff]
Dec  3 18:51:06 ubuntu systemd[1]: Reached target Local Encrypted Volumes.
Dec  3 18:51:06 ubuntu kernel: [    0.000000] On node 0 totalpages: 5242880
Dec  3 18:51:06 ubuntu kernel: [    0.000000]   DMA zone: 5120 pages used for memmap
Dec  3 18:51:06 ubuntu kernel: [    0.000000]   DMA zone: 0 pages reserved
Dec  3 18:51:06 ubuntu kernel: [    0.000000]   DMA zone: 262144 pages, LIFO batch:63
Dec  3 18:51:06 ubuntu systemd[1]: Started Flush Journal to Persistent Storage.
Dec  3 18:51:06 ubuntu kernel: [    0.000000]   DMA32 zone: 10240 pages used for memmap
Dec  3 18:51:06 ubuntu kernel: [    0.000000]   DMA32 zone: 524288 pages, LIFO batch:63
Dec  3 18:51:06 ubuntu kernel: [    0.000000]   Normal zone: 87040 pages used for memmap
Dec  3 18:51:06 ubuntu systemd[1]: Found device /dev/ttyAMA0.
Dec  3 18:51:06 ubuntu kernel: [    0.000000]   Normal zone: 4456448 pages, LIFO batch:63
Dec  3 18:51:06 ubuntu systemd-udevd[860]: link_config: autonegotiation is unset or enabled, the speed and duplex are not writable.
Dec  3 18:51:06 ubuntu systemd-udevd[914]: link_config: autonegotiation is unset or enabled, the speed and duplex are not writable.
Dec  3 18:51:06 ubuntu kernel: [    0.000000] psci: probing for conduit method from ACPI.
Dec  3 18:51:06 ubuntu systemd[1]: Listening on Load/Save RF Kill Switch Status /dev/rfkill Watch.
Dec  3 18:51:06 ubuntu kernel: [    0.000000] psci: PSCIv1.0 detected in firmware.
Dec  3 18:51:06 ubuntu kernel: [    0.000000] psci: Using standard PSCI v0.2 function IDs
Dec  3 18:51:06 ubuntu apparmor[1036]:  * Starting AppArmor profiles
Dec  3 18:51:06 ubuntu kernel: [    0.000000] psci: Trusted OS migration not required
Dec  3 18:51:06 ubuntu kernel: [    0.000000] psci: SMC Calling Convention v1.1
Dec  3 18:51:06 ubuntu kernel: [    0.000000] ACPI: SRAT not present
Dec  3 18:51:06 ubuntu kernel: [    0.000000] percpu: Embedded 33 pages/cpu s94616 r8192 d32360 u135168
Dec  3 18:51:06 ubuntu kernel: [    0.000000] pcpu-alloc: s94616 r8192 d32360 u135168 alloc=33*4096
Dec  3 18:51:06 ubuntu systemd[1]: Found device /dev/mapper/ubuntu--vg-swap_1.
Dec  3 18:51:06 ubuntu kernel: [    0.000000] pcpu-alloc: [0] 00 [0] 01 [0] 02 [0] 03 [0] 04 [0] 05 [0] 06 [0] 07 
Dec  3 18:51:06 ubuntu kernel: [    0.000000] pcpu-alloc: [0] 08 [0] 09 [0] 10 [0] 11 [0] 12 [0] 13 [0] 14 [0] 15 
Dec  3 18:51:06 ubuntu systemd[1]: Activating swap /dev/mapper/ubuntu--vg-swap_1...
Dec  3 18:51:06 ubuntu kernel: [    0.000000] pcpu-alloc: [0] 16 [0] 17 [0] 18 [0] 19 [0] 20 [0] 21 [0] 22 [0] 23 
Dec  3 18:51:06 ubuntu kernel: [    0.000000] pcpu-alloc: [0] 24 [0] 25 [0] 26 [0] 27 [0] 28 [0] 29 [0] 30 [0] 31 
Dec  3 18:51:06 ubuntu kernel: [    0.000000] Detected VIPT I-cache on CPU0
Dec  3 18:51:06 ubuntu kernel: [    0.000000] CPU features: detected: GIC system register CPU interface
Dec  3 18:51:06 ubuntu kernel: [    0.000000] CPU features: detected: Hardware dirty bit management
Dec  3 18:51:06 ubuntu systemd[1]: Found device QEMU_HARDDISK 1.
Dec  3 18:51:06 ubuntu kernel: [    0.000000] Built 1 zonelists, mobility grouping on.  Total pages: 5140480
Dec  3 18:51:06 ubuntu kernel: [    0.000000] Policy zone: Normal
Dec  3 18:51:06 ubuntu systemd[1]: Created slice system-lvm2\x2dpvscan.slice.
Dec  3 18:51:06 ubuntu kernel: [    0.000000] Kernel command line: BOOT_IMAGE=/boot/vmlinuz-5.7.1 root=/dev/mapper/ubuntu--vg-root ro
Dec  3 18:51:06 ubuntu systemd[1]: Starting LVM2 PV scan on device 8:2...
Dec  3 18:51:06 ubuntu kernel: [    0.000000] Dentry cache hash table entries: 4194304 (order: 13, 33554432 bytes, linear)
Dec  3 18:51:06 ubuntu kernel: [    0.000000] Inode-cache hash table entries: 2097152 (order: 12, 16777216 bytes, linear)
Dec  3 18:51:06 ubuntu systemd[1]: Starting File System Check on /dev/disk/by-uuid/5EA9-3D4C...
Dec  3 18:51:06 ubuntu kernel: [    0.000000] mem auto-init: stack:off, heap alloc:on, heap free:off
Dec  3 18:51:06 ubuntu systemd[1]: Activated swap /dev/mapper/ubuntu--vg-swap_1.
Dec  3 18:51:06 ubuntu kernel: [    0.000000] software IO TLB: mapped [mem 0x7bfff000-0x7ffff000] (64MB)
Dec  3 18:51:06 ubuntu kernel: [    0.000000] Memory: 20269608K/20971520K available (14204K kernel code, 2354K rwdata, 6868K rodata, 7040K init, 1132K bss, 669144K reserved, 32768K cma-reserved)
Dec  3 18:51:06 ubuntu kernel: [    0.000000] random: get_random_u64 called from __kmem_cache_create+0x54/0x5d8 with crng_init=0
Dec  3 18:51:06 ubuntu systemd[1]: Reached target Swap.
Dec  3 18:51:06 ubuntu kernel: [    0.000000] SLUB: HWalign=64, Order=0-3, MinObjects=0, CPUs=32, Nodes=1
Dec  3 18:51:06 ubuntu kernel: [    0.000000] ftrace: allocating 46107 entries in 181 pages
Dec  3 18:51:06 ubuntu kernel: [    0.000000] ftrace: allocated 181 pages with 5 groups
Dec  3 18:51:06 ubuntu kernel: [    0.000000] rcu: Hierarchical RCU implementation.
Dec  3 18:51:06 ubuntu kernel: [    0.000000] rcu: 	RCU restricting CPUs from NR_CPUS=256 to nr_cpu_ids=32.
Dec  3 18:51:06 ubuntu kernel: [    0.000000] 	Tasks RCU enabled.
Dec  3 18:51:06 ubuntu kernel: [    0.000000] rcu: RCU calculated value of scheduler-enlistment delay is 25 jiffies.
Dec  3 18:51:06 ubuntu kernel: [    0.000000] rcu: Adjusting geometry for rcu_fanout_leaf=16, nr_cpu_ids=32
Dec  3 18:51:06 ubuntu kernel: [    0.000000] NR_IRQS: 64, nr_irqs: 64, preallocated irqs: 0
Dec  3 18:51:06 ubuntu kernel: [    0.000000] GICv3: 256 SPIs implemented
Dec  3 18:51:06 ubuntu kernel: [    0.000000] GICv3: 0 Extended SPIs implemented
Dec  3 18:51:06 ubuntu kernel: [    0.000000] GICv3: Distributor has no Range Selector support
Dec  3 18:51:06 ubuntu kernel: [    0.000000] GICv3: 16 PPIs implemented
Dec  3 18:51:06 ubuntu kernel: [    0.000000] GICv3: CPU0: found redistributor 0 region 0:0x00000000080a0000
Dec  3 18:51:06 ubuntu kernel: [    0.000000] ACPI: SRAT not present
Dec  3 18:51:06 ubuntu kernel: [    0.000000] ITS [mem 0x08080000-0x0809ffff]
Dec  3 18:51:06 ubuntu kernel: [    0.000000] ITS@0x0000000008080000: allocated 8192 Devices @53ca00000 (indirect, esz 8, psz 64K, shr 1)
Dec  3 18:51:06 ubuntu kernel: [    0.000000] ITS@0x0000000008080000: allocated 8192 Interrupt Collections @53ca10000 (flat, esz 8, psz 64K, shr 1)
Dec  3 18:51:06 ubuntu kernel: [    0.000000] GICv3: using LPI property table @0x000000053ca20000
Dec  3 18:51:06 ubuntu kernel: [    0.000000] GICv3: CPU0: using allocated LPI pending table @0x000000053ca30000
Dec  3 18:51:06 ubuntu kernel: [    0.000000] arch_timer: cp15 timer(s) running at 100.00MHz (virt).
Dec  3 18:51:06 ubuntu systemd[1]: Started File System Check Daemon to report status.
Dec  3 18:51:06 ubuntu systemd[1]: Started LVM2 PV scan on device 8:2.
Dec  3 18:51:06 ubuntu systemd[1]: Started File System Check on /dev/disk/by-uuid/5EA9-3D4C.
Dec  3 18:51:06 ubuntu systemd[1]: Mounting /boot/efi...
Dec  3 18:51:06 ubuntu systemd[1]: Mounted /boot/efi.
Dec  3 18:51:06 ubuntu kernel: [    0.000000] clocksource: arch_sys_counter: mask: 0xffffffffffffff max_cycles: 0x171024e7e0, max_idle_ns: 440795205315 ns
Dec  3 18:51:06 ubuntu systemd[1]: Reached target Local File Systems.
Dec  3 18:51:06 ubuntu kernel: [    0.000001] sched_clock: 56 bits at 100MHz, resolution 10ns, wraps every 4398046511100ns
Dec  3 18:51:06 ubuntu systemd[1]: Starting Create Volatile Files and Directories...
Dec  3 18:51:06 ubuntu kernel: [    0.000055] Console: colour dummy device 80x25
Dec  3 18:51:06 ubuntu kernel: [    0.000081] ACPI: Core revision 20200326
Dec  3 18:51:06 ubuntu systemd[1]: Starting Set console font and keymap...
Dec  3 18:51:06 ubuntu kernel: [    0.000125] Calibrating delay loop (skipped), value calculated using timer frequency.. 200.00 BogoMIPS (lpj=400000)
Dec  3 18:51:06 ubuntu kernel: [    0.000127] pid_max: default: 32768 minimum: 301
Dec  3 18:51:06 ubuntu kernel: [    0.000161] LSM: Security Framework initializing
Dec  3 18:51:06 ubuntu systemd[1]: Starting AppArmor initialization...
Dec  3 18:51:06 ubuntu kernel: [    0.000166] Yama: becoming mindful.
Dec  3 18:51:06 ubuntu systemd[1]: Starting Tell Plymouth To Write Out Runtime Data...
Dec  3 18:51:06 ubuntu kernel: [    0.000189] AppArmor: AppArmor initialized
Dec  3 18:51:06 ubuntu systemd[1]: Starting ebtables ruleset management...
Dec  3 18:51:06 ubuntu kernel: [    0.000250] Mount-cache hash table entries: 65536 (order: 7, 524288 bytes, linear)
Dec  3 18:51:06 ubuntu kernel: [    0.000278] Mountpoint-cache hash table entries: 65536 (order: 7, 524288 bytes, linear)
Dec  3 18:51:06 ubuntu kernel: [    0.000650] ACPI PPTT: No PPTT table found, CPU and cache topology may be inaccurate
Dec  3 18:51:06 ubuntu kernel: [    0.000800] rcu: Hierarchical SRCU implementation.
Dec  3 18:51:06 ubuntu systemd[1]: Started Set console font and keymap.
Dec  3 18:51:06 ubuntu kernel: [    0.001238] Platform MSI: ITS@0x8080000 domain created
Dec  3 18:51:06 ubuntu kernel: [    0.001243] PCI/MSI: ITS@0x8080000 domain created
Dec  3 18:51:06 ubuntu kernel: [    0.001250] Remapping and enabling EFI services.
Dec  3 18:51:06 ubuntu kernel: [    0.002102] smp: Bringing up secondary CPUs ...
Dec  3 18:51:06 ubuntu systemd[1]: Started Create Volatile Files and Directories.
Dec  3 18:51:06 ubuntu kernel: [    0.109293] Detected VIPT I-cache on CPU1
Dec  3 18:51:06 ubuntu kernel: [    0.109310] GICv3: CPU1: found redistributor 1 region 0:0x00000000080c0000
Dec  3 18:51:06 ubuntu kernel: [    0.109518] GICv3: CPU1: using allocated LPI pending table @0x000000053ca40000
Dec  3 18:51:06 ubuntu systemd[1]: Starting Update UTMP about System Boot/Shutdown...
Dec  3 18:51:06 ubuntu kernel: [    0.109547] CPU1: Booted secondary processor 0x0000000001 [0x481fd010]
Dec  3 18:51:06 ubuntu systemd[1]: Starting Network Time Synchronization...
Dec  3 18:51:06 ubuntu kernel: [    0.199742] Detected VIPT I-cache on CPU2
Dec  3 18:51:06 ubuntu systemd[1]: Started Tell Plymouth To Write Out Runtime Data.
Dec  3 18:51:06 ubuntu kernel: [    0.199758] GICv3: CPU2: found redistributor 2 region 0:0x00000000080e0000
Dec  3 18:51:06 ubuntu systemd[1]: Started Update UTMP about System Boot/Shutdown.
Dec  3 18:51:06 ubuntu systemd[1]: Started ebtables ruleset management.
Dec  3 18:51:06 ubuntu systemd[1]: Reached target Network (Pre).
Dec  3 18:51:06 ubuntu systemd[1]: Starting Network Service...
Dec  3 18:51:06 ubuntu systemd[1]: Started Network Time Synchronization.
Dec  3 18:51:06 ubuntu systemd[1]: Reached target System Time Synchronized.
Dec  3 18:51:06 ubuntu systemd-networkd[1060]: Enumeration completed
Dec  3 18:51:06 ubuntu systemd[1]: Started Network Service.
Dec  3 18:51:06 ubuntu systemd-networkd[1060]: lo: Link is not managed by us
Dec  3 18:51:06 ubuntu systemd[1]: Starting Network Name Resolution...
Dec  3 18:51:06 ubuntu kernel: [    0.199935] GICv3: CPU2: using allocated LPI pending table @0x000000053ca50000
Dec  3 18:51:06 ubuntu systemd[1]: Starting Wait for Network to be Configured...
Dec  3 18:51:06 ubuntu kernel: [    0.199959] CPU2: Booted secondary processor 0x0000000002 [0x481fd010]
Dec  3 18:51:06 ubuntu systemd-networkd-wait-online[1094]: ignoring: lo
Dec  3 18:51:06 ubuntu kernel: [    0.290184] Detected VIPT I-cache on CPU3
Dec  3 18:51:06 ubuntu kernel: [    0.290200] GICv3: CPU3: found redistributor 3 region 0:0x0000000008100000
Dec  3 18:51:06 ubuntu kernel: [    0.290384] GICv3: CPU3: using allocated LPI pending table @0x000000053ca60000
Dec  3 18:51:06 ubuntu kernel: [    0.290409] CPU3: Booted secondary processor 0x0000000003 [0x481fd010]
Dec  3 18:51:06 ubuntu kernel: [    0.381336] Detected VIPT I-cache on CPU4
Dec  3 18:51:06 ubuntu kernel: [    0.381354] GICv3: CPU4: found redistributor 4 region 0:0x0000000008120000
Dec  3 18:51:06 ubuntu kernel: [    0.381515] GICv3: CPU4: using allocated LPI pending table @0x000000053ca70000
Dec  3 18:51:06 ubuntu kernel: [    0.381541] CPU4: Booted secondary processor 0x0000000004 [0x481fd010]
Dec  3 18:51:06 ubuntu kernel: [    0.472211] Detected VIPT I-cache on CPU5
Dec  3 18:51:06 ubuntu kernel: [    0.472230] GICv3: CPU5: found redistributor 5 region 0:0x0000000008140000
Dec  3 18:51:06 ubuntu kernel: [    0.472389] GICv3: CPU5: using allocated LPI pending table @0x000000053ca80000
Dec  3 18:51:06 ubuntu kernel: [    0.472412] CPU5: Booted secondary processor 0x0000000005 [0x481fd010]
Dec  3 18:51:06 ubuntu kernel: [    0.563219] Detected VIPT I-cache on CPU6
Dec  3 18:51:06 ubuntu kernel: [    0.563241] GICv3: CPU6: found redistributor 6 region 0:0x0000000008160000
Dec  3 18:51:06 ubuntu kernel: [    0.563434] GICv3: CPU6: using allocated LPI pending table @0x000000053ca90000
Dec  3 18:51:06 ubuntu kernel: [    0.563459] CPU6: Booted secondary processor 0x0000000006 [0x481fd010]
Dec  3 18:51:06 ubuntu kernel: [    0.654360] Detected VIPT I-cache on CPU7
Dec  3 18:51:06 ubuntu kernel: [    0.654382] GICv3: CPU7: found redistributor 7 region 0:0x0000000008180000
Dec  3 18:51:06 ubuntu kernel: [    0.654569] GICv3: CPU7: using allocated LPI pending table @0x000000053caa0000
Dec  3 18:51:06 ubuntu kernel: [    0.654594] CPU7: Booted secondary processor 0x0000000007 [0x481fd010]
Dec  3 18:51:06 ubuntu apparmor[1036]: Skipping profile in /etc/apparmor.d/disable: usr.sbin.rsyslogd
Dec  3 18:51:06 ubuntu kernel: [    0.745572] Detected VIPT I-cache on CPU8
Dec  3 18:51:06 ubuntu kernel: [    0.745595] GICv3: CPU8: found redistributor 8 region 0:0x00000000081a0000
Dec  3 18:51:06 ubuntu kernel: [    0.745780] GICv3: CPU8: using allocated LPI pending table @0x000000053cab0000
Dec  3 18:51:06 ubuntu kernel: [    0.745804] CPU8: Booted secondary processor 0x0000000008 [0x481fd010]
Dec  3 18:51:06 ubuntu kernel: [    0.837415] Detected VIPT I-cache on CPU9
Dec  3 18:51:06 ubuntu kernel: [    0.837439] GICv3: CPU9: found redistributor 9 region 0:0x00000000081c0000
Dec  3 18:51:06 ubuntu systemd-networkd[1060]: enp1s0: Gained carrier
Dec  3 18:51:06 ubuntu kernel: [    0.837580] GICv3: CPU9: using allocated LPI pending table @0x000000053cac0000
Dec  3 18:51:06 ubuntu kernel: [    0.837605] CPU9: Booted secondary processor 0x0000000009 [0x481fd010]
Dec  3 18:51:06 ubuntu kernel: [    0.929132] Detected VIPT I-cache on CPU10
Dec  3 18:51:06 ubuntu kernel: [    0.929159] GICv3: CPU10: found redistributor a region 0:0x00000000081e0000
Dec  3 18:51:06 ubuntu systemd-networkd-wait-online[1094]: ignoring: lo
Dec  3 18:51:06 ubuntu kernel: [    0.929342] GICv3: CPU10: using allocated LPI pending table @0x000000053cad0000
Dec  3 18:51:06 ubuntu kernel: [    0.929366] CPU10: Booted secondary processor 0x000000000a [0x481fd010]
Dec  3 18:51:06 ubuntu kernel: [    1.020780] Detected VIPT I-cache on CPU11
Dec  3 18:51:06 ubuntu kernel: [    1.020807] GICv3: CPU11: found redistributor b region 0:0x0000000008200000
Dec  3 18:51:06 ubuntu kernel: [    1.020959] GICv3: CPU11: using allocated LPI pending table @0x000000053cae0000
Dec  3 18:51:06 ubuntu kernel: [    1.020982] CPU11: Booted secondary processor 0x000000000b [0x481fd010]
Dec  3 18:51:06 ubuntu kernel: [    1.112498] Detected VIPT I-cache on CPU12
Dec  3 18:51:06 ubuntu kernel: [    1.112529] GICv3: CPU12: found redistributor c region 0:0x0000000008220000
Dec  3 18:51:06 ubuntu kernel: [    1.112678] GICv3: CPU12: using allocated LPI pending table @0x000000053caf0000
Dec  3 18:51:06 ubuntu systemd-networkd-wait-online[1094]: ignoring: lo
Dec  3 18:51:06 ubuntu systemd-timesyncd[1049]: Network configuration changed, trying to establish connection.
Dec  3 18:51:06 ubuntu systemd-resolved[1092]: Positive Trust Anchors:
Dec  3 18:51:06 ubuntu kernel: [    1.112706] CPU12: Booted secondary processor 0x000000000c [0x481fd010]
Dec  3 18:51:06 ubuntu systemd-resolved[1092]: . IN DS 19036 8 2 49aac11d7b6f6446702e54a1607371607a1a41855200fd2ce1cdde32f24e8fb5
Dec  3 18:51:06 ubuntu kernel: [    1.204758] Detected VIPT I-cache on CPU13
Dec  3 18:51:06 ubuntu kernel: [    1.204788] GICv3: CPU13: found redistributor d region 0:0x0000000008240000
Dec  3 18:51:06 ubuntu systemd-resolved[1092]: . IN DS 20326 8 2 e06d44b80b8f1d39a95c0b0d7c65d08458e880409bbc683457104237c7f8ec8d
Dec  3 18:51:06 ubuntu kernel: [    1.204970] GICv3: CPU13: using allocated LPI pending table @0x000000053cb00000
Dec  3 18:51:06 ubuntu kernel: [    1.204994] CPU13: Booted secondary processor 0x000000000d [0x481fd010]
Dec  3 18:51:06 ubuntu kernel: [    1.296783] Detected VIPT I-cache on CPU14
Dec  3 18:51:06 ubuntu kernel: [    1.296816] GICv3: CPU14: found redistributor e region 0:0x0000000008260000
Dec  3 18:51:06 ubuntu kernel: [    1.296958] GICv3: CPU14: using allocated LPI pending table @0x000000053cb10000
Dec  3 18:51:06 ubuntu kernel: [    1.296983] CPU14: Booted secondary processor 0x000000000e [0x481fd010]
Dec  3 18:51:06 ubuntu kernel: [    1.388948] Detected VIPT I-cache on CPU15
Dec  3 18:51:06 ubuntu kernel: [    1.388987] GICv3: CPU15: found redistributor f region 0:0x0000000008280000
Dec  3 18:51:06 ubuntu kernel: [    1.389132] GICv3: CPU15: using allocated LPI pending table @0x000000053cb20000
Dec  3 18:51:06 ubuntu kernel: [    1.389157] CPU15: Booted secondary processor 0x000000000f [0x481fd010]
Dec  3 18:51:06 ubuntu systemd-resolved[1092]: Negative trust anchors: 10.in-addr.arpa 16.172.in-addr.arpa 17.172.in-addr.arpa 18.172.in-addr.arpa 19.172.in-addr.arpa 20.172.in-addr.arpa 21.172.in-addr.arpa 22.172.in-addr.arpa 23.172.in-addr.arpa 24.172.in-addr.arpa 25.172.in-addr.arpa 26.172.in-addr.arpa 27.172.in-addr.arpa 28.172.in-addr.arpa 29.172.in-addr.arpa 30.172.in-addr.arpa 31.172.in-addr.arpa 168.192.in-addr.arpa d.f.ip6.arpa corp home internal intranet lan local private test
Dec  3 18:51:06 ubuntu kernel: [    1.481234] Detected VIPT I-cache on CPU16
Dec  3 18:51:06 ubuntu systemd-resolved[1092]: Using system hostname 'ubuntu'.
Dec  3 18:51:06 ubuntu kernel: [    1.481268] GICv3: CPU16: found redistributor 100 region 0:0x00000000082a0000
Dec  3 18:51:06 ubuntu kernel: [    1.481445] GICv3: CPU16: using allocated LPI pending table @0x000000053cb30000
Dec  3 18:51:06 ubuntu kernel: [    1.481468] CPU16: Booted secondary processor 0x0000000100 [0x481fd010]
Dec  3 18:51:06 ubuntu systemd[1]: Started Network Name Resolution.
Dec  3 18:51:06 ubuntu kernel: [    1.573423] Detected VIPT I-cache on CPU17
Dec  3 18:51:06 ubuntu kernel: [    1.573465] GICv3: CPU17: found redistributor 101 region 0:0x00000000082c0000
Dec  3 18:51:06 ubuntu systemd[1]: Reached target Network.
Dec  3 18:51:06 ubuntu kernel: [    1.573882] GICv3: CPU17: using allocated LPI pending table @0x000000053cb40000
Dec  3 18:51:06 ubuntu kernel: [    1.573908] CPU17: Booted secondary processor 0x0000000101 [0x481fd010]
Dec  3 18:51:06 ubuntu systemd[1]: Reached target Host and Network Name Lookups.
Dec  3 18:51:06 ubuntu kernel: [    1.666351] Detected VIPT I-cache on CPU18
Dec  3 18:51:06 ubuntu kernel: [    1.666391] GICv3: CPU18: found redistributor 102 region 0:0x00000000082e0000
Dec  3 18:51:06 ubuntu kernel: [    1.666571] GICv3: CPU18: using allocated LPI pending table @0x000000053cb50000
Dec  3 18:51:06 ubuntu kernel: [    1.666598] CPU18: Booted secondary processor 0x0000000102 [0x481fd010]
Dec  3 18:51:06 ubuntu apparmor[1036]:    ...done.
Dec  3 18:51:06 ubuntu kernel: [    1.759216] Detected VIPT I-cache on CPU19
Dec  3 18:51:06 ubuntu kernel: [    1.759263] GICv3: CPU19: found redistributor 103 region 0:0x0000000008300000
Dec  3 18:51:06 ubuntu kernel: [    1.759426] GICv3: CPU19: using allocated LPI pending table @0x000000053cb60000
Dec  3 18:51:06 ubuntu systemd[1]: Started AppArmor initialization.
Dec  3 18:51:06 ubuntu kernel: [    1.759452] CPU19: Booted secondary processor 0x0000000103 [0x481fd010]
Dec  3 18:51:06 ubuntu kernel: [    1.851788] Detected VIPT I-cache on CPU20
Dec  3 18:51:06 ubuntu kernel: [    1.851831] GICv3: CPU20: found redistributor 104 region 0:0x0000000008320000
Dec  3 18:51:06 ubuntu kernel: [    1.852013] GICv3: CPU20: using allocated LPI pending table @0x000000053cb70000
Dec  3 18:51:06 ubuntu systemd[1]: Reached target System Initialization.
Dec  3 18:51:06 ubuntu kernel: [    1.852039] CPU20: Booted secondary processor 0x0000000104 [0x481fd010]
Dec  3 18:51:06 ubuntu systemd[1]: Listening on Open-iSCSI iscsid Socket.
Dec  3 18:51:06 ubuntu kernel: [    2.095288] Detected VIPT I-cache on CPU21
Dec  3 18:51:06 ubuntu kernel: [    2.095353] GICv3: CPU21: found redistributor 105 region 0:0x0000000008340000
Dec  3 18:51:06 ubuntu systemd[1]: Started Daily apt download activities.
Dec  3 18:51:06 ubuntu kernel: [    2.096373] GICv3: CPU21: using allocated LPI pending table @0x000000053cb80000
Dec  3 18:51:06 ubuntu systemd[1]: Started ACPI Events Check.
Dec  3 18:51:06 ubuntu kernel: [    2.096462] CPU21: Booted secondary processor 0x0000000105 [0x481fd010]
Dec  3 18:51:06 ubuntu kernel: [    2.293215] Detected VIPT I-cache on CPU22
Dec  3 18:51:06 ubuntu kernel: [    2.293262] GICv3: CPU22: found redistributor 106 region 0:0x0000000008360000
Dec  3 18:51:06 ubuntu kernel: [    2.293461] GICv3: CPU22: using allocated LPI pending table @0x000000053cb90000
Dec  3 18:51:06 ubuntu systemd[1]: Reached target Paths.
Dec  3 18:51:06 ubuntu kernel: [    2.293486] CPU22: Booted secondary processor 0x0000000106 [0x481fd010]
Dec  3 18:51:06 ubuntu kernel: [    2.386341] Detected VIPT I-cache on CPU23
Dec  3 18:51:06 ubuntu kernel: [    2.386387] GICv3: CPU23: found redistributor 107 region 0:0x0000000008380000
Dec  3 18:51:06 ubuntu kernel: [    2.386585] GICv3: CPU23: using allocated LPI pending table @0x000000053cba0000
Dec  3 18:51:06 ubuntu kernel: [    2.386610] CPU23: Booted secondary processor 0x0000000107 [0x481fd010]
Dec  3 18:51:06 ubuntu systemd[1]: Starting Socket activation for snappy daemon.
Dec  3 18:51:06 ubuntu kernel: [    2.479395] Detected VIPT I-cache on CPU24
Dec  3 18:51:06 ubuntu kernel: [    2.479443] GICv3: CPU24: found redistributor 108 region 0:0x00000000083a0000
Dec  3 18:51:06 ubuntu kernel: [    2.479601] GICv3: CPU24: using allocated LPI pending table @0x000000053cbb0000
Dec  3 18:51:06 ubuntu systemd[1]: Started Daily apt upgrade and clean activities.
Dec  3 18:51:06 ubuntu kernel: [    2.479626] CPU24: Booted secondary processor 0x0000000108 [0x481fd010]
Dec  3 18:51:06 ubuntu kernel: [    2.572655] Detected VIPT I-cache on CPU25
Dec  3 18:51:06 ubuntu systemd[1]: Listening on UUID daemon activation socket.
Dec  3 18:51:06 ubuntu kernel: [    2.572708] GICv3: CPU25: found redistributor 109 region 0:0x00000000083c0000
Dec  3 18:51:06 ubuntu kernel: [    2.572866] GICv3: CPU25: using allocated LPI pending table @0x000000053cbc0000
Dec  3 18:51:06 ubuntu kernel: [    2.572894] CPU25: Booted secondary processor 0x0000000109 [0x481fd010]
Dec  3 18:51:06 ubuntu systemd[1]: Listening on ACPID Listen Socket.
Dec  3 18:51:06 ubuntu kernel: [    2.816038] Detected VIPT I-cache on CPU26
Dec  3 18:51:06 ubuntu systemd[1]: Started Message of the Day.
Dec  3 18:51:06 ubuntu kernel: [    2.816110] GICv3: CPU26: found redistributor 10a region 0:0x00000000083e0000
Dec  3 18:51:06 ubuntu systemd[1]: Started Discard unused blocks once a week.
Dec  3 18:51:06 ubuntu kernel: [    2.816402] GICv3: CPU26: using allocated LPI pending table @0x000000053cbd0000
Dec  3 18:51:06 ubuntu systemd[1]: Started Daily Cleanup of Temporary Directories.
Dec  3 18:51:06 ubuntu systemd[1]: Reached target Timers.
Dec  3 18:51:06 ubuntu systemd[1]: Listening on D-Bus System Message Bus Socket.
Dec  3 18:51:06 ubuntu kernel: [    2.816470] CPU26: Booted secondary processor 0x000000010a [0x481fd010]
Dec  3 18:51:06 ubuntu systemd[1]: Starting LXD - unix socket.
Dec  3 18:51:06 ubuntu kernel: [    3.065006] Detected VIPT I-cache on CPU27
Dec  3 18:51:06 ubuntu kernel: [    3.065060] GICv3: CPU27: found redistributor 10b region 0:0x0000000008400000
Dec  3 18:51:06 ubuntu kernel: [    3.065301] GICv3: CPU27: using allocated LPI pending table @0x000000053cbe0000
Dec  3 18:51:06 ubuntu systemd[1]: Listening on Socket activation for snappy daemon.
Dec  3 18:51:06 ubuntu kernel: [    3.065334] CPU27: Booted secondary processor 0x000000010b [0x481fd010]
Dec  3 18:51:06 ubuntu kernel: [    3.159224] Detected VIPT I-cache on CPU28
Dec  3 18:51:06 ubuntu systemd[1]: Listening on LXD - unix socket.
Dec  3 18:51:06 ubuntu kernel: [    3.159280] GICv3: CPU28: found redistributor 10c region 0:0x0000000008420000
Dec  3 18:51:06 ubuntu systemd[1]: Reached target Sockets.
Dec  3 18:51:06 ubuntu kernel: [    3.159442] GICv3: CPU28: using allocated LPI pending table @0x000000053cbf0000
Dec  3 18:51:06 ubuntu systemd[1]: Reached target Basic System.
Dec  3 18:51:06 ubuntu kernel: [    3.159469] CPU28: Booted secondary processor 0x000000010c [0x481fd010]
Dec  3 18:51:06 ubuntu kernel: [    3.253117] Detected VIPT I-cache on CPU29
Dec  3 18:51:06 ubuntu kernel: [    3.253193] GICv3: CPU29: found redistributor 10d region 0:0x0000000008440000
Dec  3 18:51:06 ubuntu systemd[1]: Started D-Bus System Message Bus.
Dec  3 18:51:06 ubuntu kernel: [    3.253320] GICv3: CPU29: using allocated LPI pending table @0x000000051f800000
Dec  3 18:51:06 ubuntu systemd[1]: Starting Accounts Service...
Dec  3 18:51:06 ubuntu systemd[1]: Started Deferred execution scheduler.
Dec  3 18:51:06 ubuntu systemd[1]: Started Regular background program processing daemon.
Dec  3 18:51:06 ubuntu systemd[1]: Starting Dispatcher daemon for systemd-networkd...
Dec  3 18:51:06 ubuntu cron[1130]: (CRON) INFO (pidfile fd = 3)
Dec  3 18:51:06 ubuntu systemd[1]: Starting System Logging Service...
Dec  3 18:51:06 ubuntu cron[1130]: (CRON) INFO (Running @reboot jobs)
Dec  3 18:51:06 ubuntu dbus-daemon[1125]: [system] Activating via systemd: service name='org.freedesktop.PolicyKit1' unit='polkit.service' requested by ':1.3' (uid=0 pid=1126 comm="/usr/lib/accountsservice/accounts-daemon ")
Dec  3 18:51:06 ubuntu systemd[1]: Starting Login Service...
Dec  3 18:51:06 ubuntu systemd[1]: Starting Snappy daemon...
Dec  3 18:51:06 ubuntu systemd[1]: Started FUSE filesystem for LXC.
Dec  3 18:51:06 ubuntu systemd[1]: Started irqbalance daemon.
Dec  3 18:51:06 ubuntu kernel: [    3.253348] CPU29: Booted secondary processor 0x000000010d [0x481fd010]
Dec  3 18:51:06 ubuntu systemd[1]: Starting LSB: Record successful boot for GRUB...
Dec  3 18:51:06 ubuntu kernel: [    3.347214] Detected VIPT I-cache on CPU30
Dec  3 18:51:06 ubuntu lxcfs[1137]: mount namespace: 5
Dec  3 18:51:06 ubuntu kernel: [    3.347274] GICv3: CPU30: found redistributor 10e region 0:0x0000000008460000
Dec  3 18:51:06 ubuntu kernel: [    3.347456] GICv3: CPU30: using allocated LPI pending table @0x000000051f810000
Dec  3 18:51:06 ubuntu kernel: [    3.347483] CPU30: Booted secondary processor 0x000000010e [0x481fd010]
Dec  3 18:51:06 ubuntu kernel: [    3.441716] Detected VIPT I-cache on CPU31
Dec  3 18:51:06 ubuntu kernel: [    3.441798] GICv3: CPU31: found redistributor 10f region 0:0x0000000008480000
Dec  3 18:51:06 ubuntu lxcfs[1137]: hierarchies:
Dec  3 18:51:06 ubuntu kernel: [    3.441936] GICv3: CPU31: using allocated LPI pending table @0x000000051f820000
Dec  3 18:51:06 ubuntu kernel: [    3.441967] CPU31: Booted secondary processor 0x000000010f [0x481fd010]
Dec  3 18:51:06 ubuntu lxcfs[1137]:   0: fd:   6: freezer
Dec  3 18:51:06 ubuntu kernel: [    3.442047] smp: Brought up 1 node, 32 CPUs
Dec  3 18:51:06 ubuntu lxcfs[1137]:   1: fd:   7: cpu,cpuacct
Dec  3 18:51:06 ubuntu kernel: [    3.442090] SMP: Total of 32 processors activated.
Dec  3 18:51:06 ubuntu lxcfs[1137]:   2: fd:   8: cpuset
Dec  3 18:51:06 ubuntu kernel: [    3.442092] CPU features: detected: Privileged Access Never
Dec  3 18:51:06 ubuntu kernel: [    3.442093] CPU features: detected: LSE atomic instructions
Dec  3 18:51:06 ubuntu kernel: [    3.442094] CPU features: detected: User Access Override
Dec  3 18:51:06 ubuntu kernel: [    3.442096] CPU features: detected: Common not Private translations
Dec  3 18:51:06 ubuntu kernel: [    3.442097] CPU features: detected: Data cache clean to Point of Persistence
Dec  3 18:51:06 ubuntu kernel: [    3.442098] CPU features: detected: RAS Extension Support
Dec  3 18:51:06 ubuntu kernel: [    3.442099] CPU features: detected: CRC32 instructions
Dec  3 18:51:06 ubuntu lxcfs[1137]:   3: fd:   9: hugetlb
Dec  3 18:51:06 ubuntu kernel: [    3.581516] CPU: All CPU(s) started at EL1
Dec  3 18:51:06 ubuntu kernel: [    3.612415] alternatives: patching kernel code
Dec  3 18:51:06 ubuntu kernel: [    3.630649] devtmpfs: initialized
Dec  3 18:51:06 ubuntu kernel: [    3.631244] Registered cp15_barrier emulation handler
Dec  3 18:51:06 ubuntu kernel: [    3.631346] Registered setend emulation handler
Dec  3 18:51:06 ubuntu kernel: [    3.631349] KASLR disabled due to lack of seed
Dec  3 18:51:06 ubuntu lxcfs[1137]:   4: fd:  10: memory
Dec  3 18:51:06 ubuntu kernel: [    3.631727] clocksource: jiffies: mask: 0xffffffff max_cycles: 0xffffffff, max_idle_ns: 7645041785100000 ns
Dec  3 18:51:06 ubuntu kernel: [    3.632018] futex hash table entries: 8192 (order: 7, 524288 bytes, linear)
Dec  3 18:51:06 ubuntu kernel: [    3.632648] pinctrl core: initialized pinctrl subsystem
Dec  3 18:51:06 ubuntu kernel: [    3.632811] thermal_sys: Registered thermal governor 'fair_share'
Dec  3 18:51:06 ubuntu lxcfs[1137]:   5: fd:  11: rdma
Dec  3 18:51:06 ubuntu kernel: [    3.632812] thermal_sys: Registered thermal governor 'bang_bang'
Dec  3 18:51:06 ubuntu kernel: [    3.632813] thermal_sys: Registered thermal governor 'step_wise'
Dec  3 18:51:06 ubuntu kernel: [    3.632815] thermal_sys: Registered thermal governor 'user_space'
Dec  3 18:51:06 ubuntu lxcfs[1137]:   6: fd:  12: devices
Dec  3 18:51:06 ubuntu lxcfs[1137]:   7: fd:  13: blkio
Dec  3 18:51:06 ubuntu lxcfs[1137]:   8: fd:  14: net_cls,net_prio
Dec  3 18:51:06 ubuntu kernel: [    3.632859] SMBIOS 3.0.0 present.
Dec  3 18:51:06 ubuntu lxcfs[1137]:   9: fd:  15: pids
Dec  3 18:51:06 ubuntu kernel: [    3.632864] DMI: QEMU KVM Virtual Machine, BIOS 0.0.0 02/06/2015
Dec  3 18:51:06 ubuntu lxcfs[1137]:  10: fd:  16: perf_event
Dec  3 18:51:06 ubuntu kernel: [    3.633219] NET: Registered protocol family 16
Dec  3 18:51:06 ubuntu lxcfs[1137]:  11: fd:  17: name=systemd
Dec  3 18:51:06 ubuntu kernel: [    3.634460] DMA: preallocated 256 KiB pool for atomic allocations
Dec  3 18:51:06 ubuntu kernel: [    3.634463] audit: initializing netlink subsys (disabled)
Dec  3 18:51:06 ubuntu kernel: [    3.634575] audit: type=2000 audit(3.556:1): state=initialized audit_enabled=0 res=1
Dec  3 18:51:06 ubuntu lxcfs[1137]:  12: fd:  18: unified
Dec  3 18:51:06 ubuntu kernel: [    3.634757] cpuidle: using governor ladder
Dec  3 18:51:06 ubuntu kernel: [    3.634768] cpuidle: using governor menu
Dec  3 18:51:06 ubuntu systemd[1]: Starting LXD - container startup/shutdown...
Dec  3 18:51:06 ubuntu rsyslogd: imuxsock: Acquired UNIX socket '/run/systemd/journal/syslog' (fd 3) from systemd.  [v8.32.0]
Dec  3 18:51:06 ubuntu kernel: [    3.634811] hw-breakpoint: found 6 breakpoint and 4 watchpoint registers.
Dec  3 18:51:06 ubuntu rsyslogd: rsyslogd's groupid changed to 106
Dec  3 18:51:06 ubuntu kernel: [    3.635852] ASID allocator initialised with 65536 entries
Dec  3 18:51:06 ubuntu kernel: [    3.635926] ACPI: bus type PCI registered
Dec  3 18:51:06 ubuntu rsyslogd: rsyslogd's userid changed to 102
Dec  3 18:51:06 ubuntu kernel: [    3.635928] acpiphp: ACPI Hot Plug PCI Controller Driver version: 0.5
Dec  3 18:51:06 ubuntu kernel: [    3.635997] Serial: AMBA PL011 UART driver
Dec  3 18:51:06 ubuntu kernel: [    3.639182] HugeTLB registered 1.00 GiB page size, pre-allocated 0 pages
Dec  3 18:51:06 ubuntu rsyslogd:  [origin software="rsyslogd" swVersion="8.32.0" x-pid="1134" x-info="http://www.rsyslog.com"] start
Dec  3 18:51:06 ubuntu systemd[1]: Started System Logging Service.
Dec  3 18:51:06 ubuntu kernel: [    3.639184] HugeTLB registered 32.0 MiB page size, pre-allocated 0 pages
Dec  3 18:51:06 ubuntu kernel: [    3.639185] HugeTLB registered 2.00 MiB page size, pre-allocated 0 pages
Dec  3 18:51:06 ubuntu kernel: [    3.639187] HugeTLB registered 64.0 KiB page size, pre-allocated 0 pages
Dec  3 18:51:06 ubuntu kernel: [    3.648254] ACPI: Added _OSI(Module Device)
Dec  3 18:51:06 ubuntu kernel: [    3.648256] ACPI: Added _OSI(Processor Device)
Dec  3 18:51:06 ubuntu kernel: [    3.648258] ACPI: Added _OSI(3.0 _SCP Extensions)
Dec  3 18:51:06 ubuntu kernel: [    3.648259] ACPI: Added _OSI(Processor Aggregator Device)
Dec  3 18:51:06 ubuntu kernel: [    3.648261] ACPI: Added _OSI(Linux-Dell-Video)
Dec  3 18:51:06 ubuntu kernel: [    3.648262] ACPI: Added _OSI(Linux-Lenovo-NV-HDMI-Audio)
Dec  3 18:51:06 ubuntu kernel: [    3.648264] ACPI: Added _OSI(Linux-HPI-Hybrid-Graphics)
Dec  3 18:51:06 ubuntu kernel: [    3.648994] ACPI: 1 ACPI AML tables successfully acquired and loaded
Dec  3 18:51:06 ubuntu kernel: [    3.649462] ACPI: Interpreter enabled
Dec  3 18:51:06 ubuntu kernel: [    3.649463] ACPI: Using GIC for interrupt routing
Dec  3 18:51:06 ubuntu kernel: [    3.649473] ACPI: MCFG table detected, 1 entries
Dec  3 18:51:06 ubuntu kernel: [    3.653181] ARMH0011:00: ttyAMA0 at MMIO 0x9000000 (irq = 4, base_baud = 0) is a SBSA
Dec  3 18:51:06 ubuntu kernel: [    3.804561] printk: console [ttyAMA0] enabled
Dec  3 18:51:06 ubuntu kernel: [    3.806665] ACPI: PCI Root Bridge [PCI0] (domain 0000 [bus 00-0f])
Dec  3 18:51:06 ubuntu kernel: [    3.807270] acpi PNP0A08:00: _OSC: OS supports [ExtendedConfig ASPM ClockPM Segments MSI HPX-Type3]
Dec  3 18:51:06 ubuntu kernel: [    3.808270] acpi PNP0A08:00: _OSC: platform does not support [SHPCHotplug LTR]
Dec  3 18:51:06 ubuntu kernel: [    3.809101] acpi PNP0A08:00: _OSC: OS now controls [PCIeHotplug PME AER PCIeCapability]
Dec  3 18:51:06 ubuntu kernel: [    3.810114] acpi PNP0A08:00: ECAM area [mem 0x3f000000-0x3fffffff] reserved by PNP0C02:00
Dec  3 18:51:06 ubuntu kernel: [    3.810885] acpi PNP0A08:00: ECAM at [mem 0x3f000000-0x3fffffff] for [bus 00-0f]
Dec  3 18:51:06 ubuntu kernel: [    3.811587] Remapped I/O 0x000000003eff0000 to [io  0x0000-0xffff window]
Dec  3 18:51:06 ubuntu kernel: [    3.812300] PCI host bridge to bus 0000:00
Dec  3 18:51:06 ubuntu kernel: [    3.812715] pci_bus 0000:00: root bus resource [mem 0x10000000-0x3efeffff window]
Dec  3 18:51:06 ubuntu kernel: [    3.813494] pci_bus 0000:00: root bus resource [io  0x0000-0xffff window]
Dec  3 18:51:06 ubuntu kernel: [    3.814132] pci_bus 0000:00: root bus resource [mem 0x8000000000-0xffffffffff window]
Dec  3 18:51:06 ubuntu kernel: [    3.814846] pci_bus 0000:00: root bus resource [bus 00-0f]
Dec  3 18:51:06 ubuntu kernel: [    3.815383] pci 0000:00:00.0: [1b36:0008] type 00 class 0x060000
Dec  3 18:51:06 ubuntu kernel: [    3.816141] pci 0000:00:01.0: [1b36:000c] type 01 class 0x060400
Dec  3 18:51:06 ubuntu kernel: [    3.818127] pci 0000:00:01.0: reg 0x10: [mem 0x10303000-0x10303fff]
Dec  3 18:51:06 ubuntu kernel: [    3.821180] pci 0000:00:01.1: [1b36:000c] type 01 class 0x060400
Dec  3 18:51:06 ubuntu kernel: [    3.822994] pci 0000:00:01.1: reg 0x10: [mem 0x10302000-0x10302fff]
Dec  3 18:51:06 ubuntu kernel: [    3.826109] pci 0000:00:01.2: [1b36:000c] type 01 class 0x060400
Dec  3 18:51:06 ubuntu kernel: [    3.828542] pci 0000:00:01.2: reg 0x10: [mem 0x10301000-0x10301fff]
Dec  3 18:51:06 ubuntu kernel: [    3.831471] pci 0000:00:01.3: [1b36:000c] type 01 class 0x060400
Dec  3 18:51:06 ubuntu kernel: [    3.833273] pci 0000:00:01.3: reg 0x10: [mem 0x10300000-0x10300fff]
Dec  3 18:51:06 ubuntu kernel: [    3.836642] pci 0000:01:00.0: [1af4:1041] type 00 class 0x020000
Dec  3 18:51:06 ubuntu kernel: [    3.839275] pci 0000:01:00.0: reg 0x14: [mem 0x10200000-0x10200fff]
Dec  3 18:51:06 ubuntu kernel: [    3.841577] pci 0000:01:00.0: reg 0x20: [mem 0x8000000000-0x8000003fff 64bit pref]
Dec  3 18:51:06 ubuntu kernel: [    3.842855] pci 0000:01:00.0: reg 0x30: [mem 0xfff80000-0xffffffff pref]
Dec  3 18:51:06 ubuntu kernel: [    3.844360] pci 0000:02:00.0: [1b36:000d] type 00 class 0x0c0330
Dec  3 18:51:06 ubuntu kernel: [    3.845109] pci 0000:02:00.0: reg 0x10: [mem 0x10100000-0x10103fff 64bit]
Dec  3 18:51:06 ubuntu kernel: [    3.846752] pci 0000:03:00.0: [1af4:1048] type 00 class 0x010000
Dec  3 18:51:06 ubuntu kernel: [    3.848577] pci 0000:03:00.0: reg 0x14: [mem 0x10000000-0x10000fff]
Dec  3 18:51:06 ubuntu kernel: [    3.851570] pci 0000:03:00.0: reg 0x20: [mem 0x8000100000-0x8000103fff 64bit pref]
Dec  3 18:51:06 ubuntu kernel: [    3.855701] pci 0000:00:01.0: bridge window [io  0x1000-0x0fff] to [bus 01] add_size 1000
Dec  3 18:51:06 ubuntu kernel: [    3.856549] pci 0000:00:01.0: bridge window [mem 0x00100000-0x001fffff 64bit pref] to [bus 01] add_size 100000 add_align 100000
Dec  3 18:51:06 ubuntu kernel: [    3.857795] pci 0000:00:01.0: bridge window [mem 0x00100000-0x001fffff] to [bus 01] add_size 100000 add_align 100000
Dec  3 18:51:06 ubuntu kernel: [    3.858923] pci 0000:00:01.1: bridge window [io  0x1000-0x0fff] to [bus 02] add_size 1000
Dec  3 18:51:06 ubuntu kernel: [    3.860242] pci 0000:00:01.1: bridge window [mem 0x00100000-0x000fffff 64bit pref] to [bus 02] add_size 200000 add_align 100000
Dec  3 18:51:06 ubuntu kernel: [    3.861505] pci 0000:00:01.1: bridge window [mem 0x00100000-0x001fffff] to [bus 02] add_size 100000 add_align 100000
Dec  3 18:51:06 ubuntu kernel: [    3.862545] pci 0000:00:01.2: bridge window [io  0x1000-0x0fff] to [bus 03] add_size 1000
Dec  3 18:51:06 ubuntu kernel: [    3.863367] pci 0000:00:01.2: bridge window [mem 0x00100000-0x001fffff 64bit pref] to [bus 03] add_size 100000 add_align 100000
Dec  3 18:51:06 ubuntu kernel: [    3.864476] pci 0000:00:01.2: bridge window [mem 0x00100000-0x001fffff] to [bus 03] add_size 100000 add_align 100000
Dec  3 18:51:06 ubuntu kernel: [    3.865561] pci 0000:00:01.3: bridge window [io  0x1000-0x0fff] to [bus 04] add_size 1000
Dec  3 18:51:06 ubuntu kernel: [    3.866364] pci 0000:00:01.3: bridge window [mem 0x00100000-0x000fffff 64bit pref] to [bus 04] add_size 200000 add_align 100000
Dec  3 18:51:06 ubuntu kernel: [    3.867471] pci 0000:00:01.3: bridge window [mem 0x00100000-0x000fffff] to [bus 04] add_size 200000 add_align 100000
Dec  3 18:51:06 ubuntu kernel: [    3.868493] pci 0000:00:01.0: BAR 14: assigned [mem 0x10000000-0x101fffff]
Dec  3 18:51:06 ubuntu kernel: [    3.869207] pci 0000:00:01.0: BAR 15: assigned [mem 0x8000000000-0x80001fffff 64bit pref]
Dec  3 18:51:06 ubuntu kernel: [    3.870065] pci 0000:00:01.1: BAR 14: assigned [mem 0x10200000-0x103fffff]
Dec  3 18:51:06 ubuntu kernel: [    3.870704] pci 0000:00:01.1: BAR 15: assigned [mem 0x8000200000-0x80003fffff 64bit pref]
Dec  3 18:51:06 ubuntu kernel: [    3.871457] pci 0000:00:01.2: BAR 14: assigned [mem 0x10400000-0x105fffff]
Dec  3 18:51:06 ubuntu kernel: [    3.872136] pci 0000:00:01.2: BAR 15: assigned [mem 0x8000400000-0x80005fffff 64bit pref]
Dec  3 18:51:06 ubuntu kernel: [    3.872904] pci 0000:00:01.3: BAR 14: assigned [mem 0x10600000-0x107fffff]
Dec  3 18:51:06 ubuntu kernel: [    3.873604] pci 0000:00:01.3: BAR 15: assigned [mem 0x8000600000-0x80007fffff 64bit pref]
Dec  3 18:51:06 ubuntu kernel: [    3.874372] pci 0000:00:01.0: BAR 0: assigned [mem 0x10800000-0x10800fff]
Dec  3 18:51:06 ubuntu kernel: [    3.875310] pci 0000:00:01.0: BAR 13: assigned [io  0x1000-0x1fff]
Dec  3 18:51:06 ubuntu kernel: [    3.875892] pci 0000:00:01.1: BAR 0: assigned [mem 0x10801000-0x10801fff]
Dec  3 18:51:06 ubuntu kernel: [    3.876832] pci 0000:00:01.1: BAR 13: assigned [io  0x2000-0x2fff]
Dec  3 18:51:06 ubuntu kernel: [    3.877535] pci 0000:00:01.2: BAR 0: assigned [mem 0x10802000-0x10802fff]
Dec  3 18:51:06 ubuntu kernel: [    3.878469] pci 0000:00:01.2: BAR 13: assigned [io  0x3000-0x3fff]
Dec  3 18:51:06 ubuntu kernel: [    3.879045] pci 0000:00:01.3: BAR 0: assigned [mem 0x10803000-0x10803fff]
Dec  3 18:51:06 ubuntu kernel: [    3.879939] pci 0000:00:01.3: BAR 13: assigned [io  0x4000-0x4fff]
Dec  3 18:51:06 ubuntu kernel: [    3.880533] pci 0000:01:00.0: BAR 6: assigned [mem 0x10000000-0x1007ffff pref]
Dec  3 18:51:06 ubuntu kernel: [    3.881326] pci 0000:01:00.0: BAR 4: assigned [mem 0x8000000000-0x8000003fff 64bit pref]
Dec  3 18:51:06 ubuntu kernel: [    3.882627] pci 0000:01:00.0: BAR 1: assigned [mem 0x10080000-0x10080fff]
Dec  3 18:51:06 ubuntu kernel: [    3.883518] pci 0000:00:01.0: PCI bridge to [bus 01]
Dec  3 18:51:06 ubuntu kernel: [    3.883986] pci 0000:00:01.0:   bridge window [io  0x1000-0x1fff]
Dec  3 18:51:06 ubuntu kernel: [    3.885077] pci 0000:00:01.0:   bridge window [mem 0x10000000-0x101fffff]
Dec  3 18:51:06 ubuntu kernel: [    3.886456] pci 0000:00:01.0:   bridge window [mem 0x8000000000-0x80001fffff 64bit pref]
Dec  3 18:51:06 ubuntu kernel: [    3.887917] pci 0000:02:00.0: BAR 0: assigned [mem 0x10200000-0x10203fff 64bit]
Dec  3 18:51:06 ubuntu kernel: [    3.888634] pci 0000:00:01.1: PCI bridge to [bus 02]
Dec  3 18:51:06 ubuntu kernel: [    3.889129] pci 0000:00:01.1:   bridge window [io  0x2000-0x2fff]
Dec  3 18:51:06 ubuntu kernel: [    3.890281] pci 0000:00:01.1:   bridge window [mem 0x10200000-0x103fffff]
Dec  3 18:51:06 ubuntu kernel: [    3.891260] pci 0000:00:01.1:   bridge window [mem 0x8000200000-0x80003fffff 64bit pref]
Dec  3 18:51:06 ubuntu kernel: [    3.892711] pci 0000:03:00.0: BAR 4: assigned [mem 0x8000400000-0x8000403fff 64bit pref]
Dec  3 18:51:06 ubuntu kernel: [    3.894089] pci 0000:03:00.0: BAR 1: assigned [mem 0x10400000-0x10400fff]
Dec  3 18:51:06 ubuntu kernel: [    3.895036] pci 0000:00:01.2: PCI bridge to [bus 03]
Dec  3 18:51:06 ubuntu kernel: [    3.895522] pci 0000:00:01.2:   bridge window [io  0x3000-0x3fff]
Dec  3 18:51:06 ubuntu kernel: [    3.896993] pci 0000:00:01.2:   bridge window [mem 0x10400000-0x105fffff]
Dec  3 18:51:06 ubuntu kernel: [    3.898063] pci 0000:00:01.2:   bridge window [mem 0x8000400000-0x80005fffff 64bit pref]
Dec  3 18:51:06 ubuntu kernel: [    3.899528] pci 0000:00:01.3: PCI bridge to [bus 04]
Dec  3 18:51:06 ubuntu kernel: [    3.899997] pci 0000:00:01.3:   bridge window [io  0x4000-0x4fff]
Dec  3 18:51:06 ubuntu kernel: [    3.901129] pci 0000:00:01.3:   bridge window [mem 0x10600000-0x107fffff]
Dec  3 18:51:06 ubuntu kernel: [    3.902174] pci 0000:00:01.3:   bridge window [mem 0x8000600000-0x80007fffff 64bit pref]
Dec  3 18:51:06 ubuntu kernel: [    3.903650] pci_bus 0000:00: resource 4 [mem 0x10000000-0x3efeffff window]
Dec  3 18:51:06 ubuntu kernel: [    3.904376] pci_bus 0000:00: resource 5 [io  0x0000-0xffff window]
Dec  3 18:51:06 ubuntu kernel: [    3.904982] pci_bus 0000:00: resource 6 [mem 0x8000000000-0xffffffffff window]
Dec  3 18:51:06 ubuntu kernel: [    3.905755] pci_bus 0000:01: resource 0 [io  0x1000-0x1fff]
Dec  3 18:51:06 ubuntu kernel: [    3.906623] pci_bus 0000:01: resource 1 [mem 0x10000000-0x101fffff]
Dec  3 18:51:06 ubuntu kernel: [    3.907259] pci_bus 0000:01: resource 2 [mem 0x8000000000-0x80001fffff 64bit pref]
Dec  3 18:51:06 ubuntu kernel: [    3.907983] pci_bus 0000:02: resource 0 [io  0x2000-0x2fff]
Dec  3 18:51:06 ubuntu kernel: [    3.908522] pci_bus 0000:02: resource 1 [mem 0x10200000-0x103fffff]
Dec  3 18:51:06 ubuntu kernel: [    3.909141] pci_bus 0000:02: resource 2 [mem 0x8000200000-0x80003fffff 64bit pref]
Dec  3 18:51:06 ubuntu kernel: [    3.909914] pci_bus 0000:03: resource 0 [io  0x3000-0x3fff]
Dec  3 18:51:06 ubuntu kernel: [    3.910453] pci_bus 0000:03: resource 1 [mem 0x10400000-0x105fffff]
Dec  3 18:51:06 ubuntu kernel: [    3.911048] pci_bus 0000:03: resource 2 [mem 0x8000400000-0x80005fffff 64bit pref]
Dec  3 18:51:06 ubuntu kernel: [    3.911804] pci_bus 0000:04: resource 0 [io  0x4000-0x4fff]
Dec  3 18:51:06 ubuntu kernel: [    3.912332] pci_bus 0000:04: resource 1 [mem 0x10600000-0x107fffff]
Dec  3 18:51:06 ubuntu kernel: [    3.912931] pci_bus 0000:04: resource 2 [mem 0x8000600000-0x80007fffff 64bit pref]
Dec  3 18:51:06 ubuntu kernel: [    3.913792] ACPI: PCI Interrupt Link [GSI0] (IRQs *35)
Dec  3 18:51:06 ubuntu kernel: [    3.914284] ACPI: PCI Interrupt Link [GSI1] (IRQs *36)
Dec  3 18:51:06 ubuntu kernel: [    3.914775] ACPI: PCI Interrupt Link [GSI2] (IRQs *37)
Dec  3 18:51:06 ubuntu kernel: [    3.915252] ACPI: PCI Interrupt Link [GSI3] (IRQs *38)
Dec  3 18:51:06 ubuntu kernel: [    3.916555] iommu: Default domain type: Translated 
Dec  3 18:51:06 ubuntu kernel: [    3.917098] vgaarb: loaded
Dec  3 18:51:06 ubuntu kernel: [    3.917689] SCSI subsystem initialized
Dec  3 18:51:06 ubuntu kernel: [    3.918411] libata version 3.00 loaded.
Dec  3 18:51:06 ubuntu kernel: [    3.918435] ACPI: bus type USB registered
Dec  3 18:51:06 ubuntu kernel: [    3.918838] usbcore: registered new interface driver usbfs
Dec  3 18:51:06 ubuntu kernel: [    3.919354] usbcore: registered new interface driver hub
Dec  3 18:51:06 ubuntu kernel: [    3.920262] usbcore: registered new device driver usb
Dec  3 18:51:06 ubuntu kernel: [    3.920815] pps_core: LinuxPPS API ver. 1 registered
Dec  3 18:51:06 ubuntu kernel: [    3.921307] pps_core: Software ver. 5.3.6 - Copyright 2005-2007 Rodolfo Giometti <giometti@linux.it>
Dec  3 18:51:06 ubuntu kernel: [    3.922147] PTP clock support registered
Dec  3 18:51:06 ubuntu kernel: [    3.922961] EDAC MC: Ver: 3.0.0
Dec  3 18:51:06 ubuntu kernel: [    3.923539] Registered efivars operations
Dec  3 18:51:06 ubuntu kernel: [    3.925062] NetLabel: Initializing
Dec  3 18:51:06 ubuntu kernel: [    3.925486] NetLabel:  domain hash size = 128
Dec  3 18:51:06 ubuntu kernel: [    3.925888] NetLabel:  protocols = UNLABELED CIPSOv4 CALIPSO
Dec  3 18:51:06 ubuntu kernel: [    3.926436] NetLabel:  unlabeled traffic allowed by default
Dec  3 18:51:06 ubuntu kernel: [    3.972485] clocksource: Switched to clocksource arch_sys_counter
Dec  3 18:51:06 ubuntu kernel: [    3.992579] VFS: Disk quotas dquot_6.6.0
Dec  3 18:51:06 ubuntu kernel: [    3.992995] VFS: Dquot-cache hash table entries: 512 (order 0, 4096 bytes)
Dec  3 18:51:06 ubuntu kernel: [    3.993802] AppArmor: AppArmor Filesystem Enabled
Dec  3 18:51:06 ubuntu kernel: [    3.994299] pnp: PnP ACPI init
Dec  3 18:51:06 ubuntu kernel: [    3.994763] system 00:00: [mem 0x3f000000-0x3fffffff] could not be reserved
Dec  3 18:51:06 ubuntu kernel: [    3.995419] system 00:00: Plug and Play ACPI device, IDs PNP0c02 (active)
Dec  3 18:51:06 ubuntu kernel: [    3.995425] pnp: PnP ACPI: found 1 devices
Dec  3 18:51:06 ubuntu kernel: [    3.997820] NET: Registered protocol family 2
Dec  3 18:51:06 ubuntu kernel: [    3.998558] tcp_listen_portaddr_hash hash table entries: 16384 (order: 6, 262144 bytes, linear)
Dec  3 18:51:06 ubuntu kernel: [    3.999726] TCP established hash table entries: 262144 (order: 9, 2097152 bytes, linear)
Dec  3 18:51:06 ubuntu kernel: [    4.001021] TCP bind hash table entries: 65536 (order: 8, 1048576 bytes, linear)
Dec  3 18:51:06 ubuntu kernel: [    4.001790] TCP: Hash tables configured (established 262144 bind 65536)
Dec  3 18:51:06 ubuntu kernel: [    4.002454] UDP hash table entries: 16384 (order: 7, 524288 bytes, linear)
Dec  3 18:51:06 ubuntu kernel: [    4.003117] UDP-Lite hash table entries: 16384 (order: 7, 524288 bytes, linear)
Dec  3 18:51:06 ubuntu /usr/sbin/irqbalance: IRQ arch_timer(2) guessed as class 0
Dec  3 18:51:06 ubuntu kernel: [    4.003907] NET: Registered protocol family 1
Dec  3 18:51:06 ubuntu kernel: [    4.004287] NET: Registered protocol family 44
Dec  3 18:51:06 ubuntu kernel: [    4.004874] pci 0000:02:00.0: enabling device (0000 -> 0002)
Dec  3 18:51:06 ubuntu kernel: [    4.006046] PCI: CLS 0 bytes, default 64
Dec  3 18:51:06 ubuntu kernel: [    4.006543] Trying to unpack rootfs image as initramfs...
Dec  3 18:51:06 ubuntu kernel: [    4.891892] Freeing initrd memory: 61288K
Dec  3 18:51:06 ubuntu kernel: [    4.933419] hw perfevents: enabled with armv8_pmuv3_0 PMU driver, 13 counters available
Dec  3 18:51:06 ubuntu kernel: [    4.935295] kvm [1]: HYP mode not available
Dec  3 18:51:06 ubuntu kernel: [    4.937973] Initialise system trusted keyrings
Dec  3 18:51:06 ubuntu kernel: [    4.938523] Key type blacklist registered
Dec  3 18:51:06 ubuntu kernel: [    4.939055] workingset: timestamp_bits=40 max_order=23 bucket_order=0
Dec  3 18:51:06 ubuntu kernel: [    4.941792] zbud: loaded
Dec  3 18:51:06 ubuntu kernel: [    4.942481] squashfs: version 4.0 (2009/01/31) Phillip Lougher
Dec  3 18:51:06 ubuntu kernel: [    4.943451] fuse: init (API version 7.31)
Dec  3 18:51:06 ubuntu kernel: [    4.944278] integrity: Platform Keyring initialized
Dec  3 18:51:06 ubuntu kernel: [    4.954130] Key type asymmetric registered
Dec  3 18:51:06 ubuntu kernel: [    4.954980] Asymmetric key parser 'x509' registered
Dec  3 18:51:06 ubuntu kernel: [    4.955952] Block layer SCSI generic (bsg) driver version 0.4 loaded (major 244)
Dec  3 18:51:06 ubuntu kernel: [    4.958434] io scheduler mq-deadline registered
Dec  3 18:51:06 ubuntu kernel: [    4.963634] pl061_gpio ARMH0061:00: PL061 GPIO chip registered
Dec  3 18:51:06 ubuntu kernel: [    4.965053] PCI Interrupt Link [GSI1] enabled at IRQ 36
Dec  3 18:51:06 ubuntu kernel: [    4.966514] pcieport 0000:00:01.0: PME: Signaling with IRQ 44
Dec  3 18:51:06 ubuntu kernel: [    4.967424] pcieport 0000:00:01.0: AER: enabled with IRQ 44
Dec  3 18:51:06 ubuntu kernel: [    4.968169] pcieport 0000:00:01.0: pciehp: Slot #0 AttnBtn+ PwrCtrl+ MRL- AttnInd+ PwrInd+ HotPlug+ Surprise+ Interlock+ NoCompl- IbPresDis- LLActRep-
Dec  3 18:51:06 ubuntu kernel: [    4.971008] pcieport 0000:00:01.1: PME: Signaling with IRQ 45
Dec  3 18:51:06 ubuntu kernel: [    4.971940] pcieport 0000:00:01.1: AER: enabled with IRQ 45
Dec  3 18:51:06 ubuntu kernel: [    4.972775] pcieport 0000:00:01.1: pciehp: Slot #0 AttnBtn+ PwrCtrl+ MRL- AttnInd+ PwrInd+ HotPlug+ Surprise+ Interlock+ NoCompl- IbPresDis- LLActRep-
Dec  3 18:51:06 ubuntu kernel: [    4.975825] pcieport 0000:00:01.2: PME: Signaling with IRQ 46
Dec  3 18:51:06 ubuntu kernel: [    4.976819] pcieport 0000:00:01.2: AER: enabled with IRQ 46
Dec  3 18:51:06 ubuntu kernel: [    4.977638] pcieport 0000:00:01.2: pciehp: Slot #0 AttnBtn+ PwrCtrl+ MRL- AttnInd+ PwrInd+ HotPlug+ Surprise+ Interlock+ NoCompl- IbPresDis- LLActRep-
Dec  3 18:51:06 ubuntu kernel: [    4.980686] pcieport 0000:00:01.3: PME: Signaling with IRQ 47
Dec  3 18:51:06 ubuntu kernel: [    4.981645] pcieport 0000:00:01.3: AER: enabled with IRQ 47
Dec  3 18:51:06 ubuntu kernel: [    4.982483] pcieport 0000:00:01.3: pciehp: Slot #0 AttnBtn+ PwrCtrl+ MRL- AttnInd+ PwrInd+ HotPlug+ Surprise+ Interlock+ NoCompl- IbPresDis- LLActRep-
Dec  3 18:51:06 ubuntu kernel: [    4.984689] pcieport 0000:00:01.3: pciehp: Slot(0-3): Link Up
Dec  3 18:51:06 ubuntu kernel: [    4.984974] shpchp: Standard Hot Plug PCI Controller Driver version: 0.4
Dec  3 18:51:06 ubuntu kernel: [    4.987216] input: Power Button as /devices/LNXSYSTM:00/LNXSYBUS:00/PNP0C0C:00/input/input0
Dec  3 18:51:06 ubuntu kernel: [    4.988407] ACPI: Power Button [PWRB]
Dec  3 18:51:06 ubuntu kernel: [    4.994761] Serial: 8250/16550 driver, 32 ports, IRQ sharing enabled
Dec  3 18:51:06 ubuntu kernel: [    4.997520] msm_serial: driver initialized
Dec  3 18:51:06 ubuntu kernel: [    4.998414] cacheinfo: Unable to detect cache hierarchy for CPU 0
Dec  3 18:51:06 ubuntu kernel: [    5.003927] loop: module loaded
Dec  3 18:51:06 ubuntu kernel: [    5.005102] libphy: Fixed MDIO Bus: probed
Dec  3 18:51:06 ubuntu kernel: [    5.005785] tun: Universal TUN/TAP device driver, 1.6
Dec  3 18:51:06 ubuntu kernel: [    5.006814] PPP generic driver version 2.4.2
Dec  3 18:51:06 ubuntu kernel: [    5.007608] ehci_hcd: USB 2.0 'Enhanced' Host Controller (EHCI) Driver
Dec  3 18:51:06 ubuntu kernel: [    5.008708] ehci-pci: EHCI PCI platform driver
Dec  3 18:51:06 ubuntu kernel: [    5.009434] ehci-orion: EHCI orion driver
Dec  3 18:51:06 ubuntu kernel: [    5.010096] ohci_hcd: USB 1.1 'Open' Host Controller (OHCI) Driver
Dec  3 18:51:06 ubuntu kernel: [    5.011083] ohci-pci: OHCI PCI platform driver
Dec  3 18:51:06 ubuntu kernel: [    5.011807] uhci_hcd: USB Universal Host Controller Interface driver
Dec  3 18:51:06 ubuntu kernel: [    5.013317] xhci_hcd 0000:02:00.0: xHCI Host Controller
Dec  3 18:51:06 ubuntu kernel: [    5.013828] xhci_hcd 0000:02:00.0: new USB bus registered, assigned bus number 1
Dec  3 18:51:06 ubuntu kernel: [    5.014706] xhci_hcd 0000:02:00.0: hcc params 0x00087001 hci version 0x100 quirks 0x0000000000000010
Dec  3 18:51:06 ubuntu kernel: [    5.016494] usb usb1: New USB device found, idVendor=1d6b, idProduct=0002, bcdDevice= 5.07
Dec  3 18:51:06 ubuntu kernel: [    5.017523] usb usb1: New USB device strings: Mfr=3, Product=2, SerialNumber=1
Dec  3 18:51:06 ubuntu kernel: [    5.018200] usb usb1: Product: xHCI Host Controller
Dec  3 18:51:06 ubuntu kernel: [    5.018657] usb usb1: Manufacturer: Linux 5.7.1 xhci-hcd
Dec  3 18:51:06 ubuntu kernel: [    5.019154] usb usb1: SerialNumber: 0000:02:00.0
Dec  3 18:51:06 ubuntu kernel: [    5.019737] hub 1-0:1.0: USB hub found
Dec  3 18:51:06 ubuntu kernel: [    5.020121] hub 1-0:1.0: 8 ports detected
Dec  3 18:51:06 ubuntu kernel: [    5.020868] xhci_hcd 0000:02:00.0: xHCI Host Controller
Dec  3 18:51:06 ubuntu kernel: [    5.021390] xhci_hcd 0000:02:00.0: new USB bus registered, assigned bus number 2
Dec  3 18:51:06 ubuntu kernel: [    5.022082] xhci_hcd 0000:02:00.0: Host supports USB 3.0 SuperSpeed
Dec  3 18:51:06 ubuntu kernel: [    5.022691] usb usb2: We don't know the algorithms for LPM for this host, disabling LPM.
Dec  3 18:51:06 ubuntu kernel: [    5.023468] usb usb2: New USB device found, idVendor=1d6b, idProduct=0003, bcdDevice= 5.07
Dec  3 18:51:06 ubuntu kernel: [    5.024243] usb usb2: New USB device strings: Mfr=3, Product=2, SerialNumber=1
Dec  3 18:51:06 ubuntu kernel: [    5.024981] usb usb2: Product: xHCI Host Controller
Dec  3 18:51:06 ubuntu kernel: [    5.025443] usb usb2: Manufacturer: Linux 5.7.1 xhci-hcd
Dec  3 18:51:06 ubuntu kernel: [    5.025946] usb usb2: SerialNumber: 0000:02:00.0
Dec  3 18:51:06 ubuntu kernel: [    5.026497] hub 2-0:1.0: USB hub found
Dec  3 18:51:06 ubuntu kernel: [    5.026879] hub 2-0:1.0: 8 ports detected
Dec  3 18:51:06 ubuntu kernel: [    5.027660] mousedev: PS/2 mouse device common for all mice
Dec  3 18:51:06 ubuntu kernel: [    5.028480] rtc-efi rtc-efi.0: registered as rtc0
Dec  3 18:51:06 ubuntu kernel: [    5.029154] rtc-efi rtc-efi.0: setting system clock to 2020-12-03T10:51:02 UTC (1606992662)
Dec  3 18:51:06 ubuntu kernel: [    5.030021] i2c /dev entries driver
Dec  3 18:51:06 ubuntu kernel: [    5.030556] device-mapper: uevent: version 1.0.3
Dec  3 18:51:06 ubuntu kernel: [    5.031094] device-mapper: ioctl: 4.42.0-ioctl (2020-02-27) initialised: dm-devel@redhat.com
Dec  3 18:51:06 ubuntu kernel: [    5.032901] ledtrig-cpu: registered to indicate activity on CPUs
Dec  3 18:51:06 ubuntu kernel: [    5.033544] EFI Variables Facility v0.08 2004-May-17
Dec  3 18:51:06 ubuntu kernel: [    5.038299] NET: Registered protocol family 10
Dec  3 18:51:06 ubuntu kernel: [    5.044483] Segment Routing with IPv6
Dec  3 18:51:06 ubuntu kernel: [    5.044861] NET: Registered protocol family 17
Dec  3 18:51:06 ubuntu kernel: [    5.045365] Key type dns_resolver registered
Dec  3 18:51:06 ubuntu kernel: [    5.045919] registered taskstats version 1
Dec  3 18:51:06 ubuntu kernel: [    5.046488] Loading compiled-in X.509 certificates
Dec  3 18:51:06 ubuntu kernel: [    5.049505] Loaded X.509 cert 'Build time autogenerated kernel key: 5fc9bbbf10d23f3f9dda6c889ba5358a20950e89'
Dec  3 18:51:06 ubuntu kernel: [    5.050964] zswap: loaded using pool lzo/zbud
Dec  3 18:51:06 ubuntu kernel: [    5.052227] Key type ._fscrypt registered
Dec  3 18:51:06 ubuntu kernel: [    5.052824] Key type .fscrypt registered
Dec  3 18:51:06 ubuntu kernel: [    5.053343] Key type fscrypt-provisioning registered
Dec  3 18:51:06 ubuntu kernel: [    5.069278] cryptd: max_cpu_qlen set to 1000
Dec  3 18:51:06 ubuntu kernel: [    5.149552] Key type big_key registered
Dec  3 18:51:06 ubuntu kernel: [    5.162395] Key type encrypted registered
Dec  3 18:51:06 ubuntu kernel: [    5.162773] AppArmor: AppArmor sha1 policy hashing enabled
Dec  3 18:51:06 ubuntu kernel: [    5.163419] ima: No TPM chip found, activating TPM-bypass!
Dec  3 18:51:06 ubuntu kernel: [    5.163933] ima: Allocated hash algorithm: sha1
Dec  3 18:51:06 ubuntu kernel: [    5.164357] ima: No architecture policies found
Dec  3 18:51:06 ubuntu kernel: [    5.164827] evm: Initialising EVM extended attributes:
Dec  3 18:51:06 ubuntu kernel: [    5.165300] evm: security.selinux
Dec  3 18:51:06 ubuntu kernel: [    5.165604] evm: security.SMACK64
Dec  3 18:51:06 ubuntu kernel: [    5.165908] evm: security.SMACK64EXEC
Dec  3 18:51:06 ubuntu kernel: [    5.166243] evm: security.SMACK64TRANSMUTE
Dec  3 18:51:06 ubuntu kernel: [    5.166617] evm: security.SMACK64MMAP
Dec  3 18:51:06 ubuntu kernel: [    5.166952] evm: security.apparmor
Dec  3 18:51:06 ubuntu kernel: [    5.167259] evm: security.ima
Dec  3 18:51:06 ubuntu kernel: [    5.167528] evm: security.capability
Dec  3 18:51:06 ubuntu kernel: [    5.167852] evm: HMAC attrs: 0x1
Dec  3 18:51:06 ubuntu kernel: [    5.172406] Freeing unused kernel memory: 7040K
Dec  3 18:51:06 ubuntu kernel: [    5.247434] Checked W+X mappings: passed, no W+X pages found
Dec  3 18:51:06 ubuntu kernel: [    5.248008] Run /init as init process
Dec  3 18:51:06 ubuntu kernel: [    5.248346]   with arguments:
Dec  3 18:51:06 ubuntu kernel: [    5.248347]     /init
Dec  3 18:51:06 ubuntu kernel: [    5.248348]   with environment:
Dec  3 18:51:06 ubuntu kernel: [    5.248349]     HOME=/
Dec  3 18:51:06 ubuntu kernel: [    5.248349]     TERM=linux
Dec  3 18:51:06 ubuntu kernel: [    5.248350]     BOOT_IMAGE=/boot/vmlinuz-5.7.1
Dec  3 18:51:06 ubuntu kernel: [    5.350495] scsi host0: Virtio SCSI HBA
Dec  3 18:51:06 ubuntu kernel: [    5.352847] scsi 0:0:0:0: Direct-Access     QEMU     QEMU HARDDISK    2.5+ PQ: 0 ANSI: 5
Dec  3 18:51:06 ubuntu kernel: [    5.364417] scsi 0:0:0:1: CD-ROM            QEMU     QEMU CD-ROM      2.5+ PQ: 0 ANSI: 5
Dec  3 18:51:06 ubuntu kernel: [    5.379382] virtio_net virtio0 enp1s0: renamed from eth0
Dec  3 18:51:06 ubuntu kernel: [    5.390618] random: fast init done
Dec  3 18:51:06 ubuntu kernel: [    5.394152] scsi 0:0:0:0: Attached scsi generic sg0 type 0
Dec  3 18:51:06 ubuntu kernel: [    5.395539] sd 0:0:0:0: Power-on or device reset occurred
Dec  3 18:51:06 ubuntu kernel: [    5.396740] sr 0:0:0:1: Power-on or device reset occurred
Dec  3 18:51:06 ubuntu kernel: [    5.397438] sr 0:0:0:1: [sr0] scsi3-mmc drive: 16x/50x cd/rw xa/form2 cdda tray
Dec  3 18:51:06 ubuntu kernel: [    5.398283] cdrom: Uniform CD-ROM driver Revision: 3.20
Dec  3 18:51:06 ubuntu kernel: [    5.399010] sd 0:0:0:0: [sda] 31457280 512-byte logical blocks: (16.1 GB/15.0 GiB)
Dec  3 18:51:06 ubuntu kernel: [    5.399789] sd 0:0:0:0: [sda] Write Protect is off
Dec  3 18:51:06 ubuntu kernel: [    5.400237] sd 0:0:0:0: [sda] Mode Sense: 63 00 00 08
Dec  3 18:51:06 ubuntu kernel: [    5.400339] sd 0:0:0:0: [sda] Write cache: enabled, read cache: enabled, doesn't support DPO or FUA
Dec  3 18:51:06 ubuntu kernel: [    5.418366] sr 0:0:0:1: Attached scsi CD-ROM sr0
Dec  3 18:51:06 ubuntu kernel: [    5.418627] sr 0:0:0:1: Attached scsi generic sg1 type 5
Dec  3 18:51:06 ubuntu kernel: [    5.431849]  sda: sda1 sda2
Dec  3 18:51:06 ubuntu kernel: [    5.434474] sd 0:0:0:0: [sda] Attached SCSI disk
Dec  3 18:51:06 ubuntu kernel: [    5.459749] random: lvm: uninitialized urandom read (4 bytes read)
Dec  3 18:51:06 ubuntu kernel: [    5.477398] random: lvm: uninitialized urandom read (2 bytes read)
Dec  3 18:51:06 ubuntu kernel: [    6.764442] raid6: neonx8   gen() 11748 MB/s
Dec  3 18:51:06 ubuntu kernel: [    6.832433] raid6: neonx8   xor()  8483 MB/s
Dec  3 18:51:06 ubuntu kernel: [    6.900433] raid6: neonx4   gen() 11087 MB/s
Dec  3 18:51:06 ubuntu kernel: [    6.968441] raid6: neonx4   xor()  7811 MB/s
Dec  3 18:51:06 ubuntu kernel: [    7.036450] raid6: neonx2   gen()  9052 MB/s
Dec  3 18:51:06 ubuntu kernel: [    7.104444] raid6: neonx2   xor()  6585 MB/s
Dec  3 18:51:06 ubuntu kernel: [    7.172460] raid6: neonx1   gen()  6747 MB/s
Dec  3 18:51:06 ubuntu kernel: [    7.240449] raid6: neonx1   xor()  2858 MB/s
Dec  3 18:51:06 ubuntu kernel: [    7.308439] raid6: int64x8  gen()  5820 MB/s
Dec  3 18:51:06 ubuntu kernel: [    7.376464] raid6: int64x8  xor()  3608 MB/s
Dec  3 18:51:06 ubuntu kernel: [    7.444434] raid6: int64x4  gen()  7195 MB/s
Dec  3 18:51:06 ubuntu kernel: [    7.496457] pcieport 0000:00:01.3: pciehp: Failed to check link status
Dec  3 18:51:06 ubuntu kernel: [    7.512445] raid6: int64x4  xor()  3662 MB/s
Dec  3 18:51:06 ubuntu kernel: [    7.580437] raid6: int64x2  gen()  5936 MB/s
Dec  3 18:51:06 ubuntu kernel: [    7.648448] raid6: int64x2  xor()  1694 MB/s
Dec  3 18:51:06 ubuntu kernel: [    7.716450] raid6: int64x1  gen()  4543 MB/s
Dec  3 18:51:06 ubuntu kernel: [    7.784460] raid6: int64x1  xor()  1223 MB/s
Dec  3 18:51:06 ubuntu kernel: [    7.784921] raid6: using algorithm neonx8 gen() 11748 MB/s
Dec  3 18:51:06 ubuntu kernel: [    7.785448] raid6: .... xor() 8483 MB/s, rmw enabled
Dec  3 18:51:06 ubuntu kernel: [    7.785908] raid6: using neon recovery algorithm
Dec  3 18:51:06 ubuntu kernel: [    7.788808] xor: measuring software checksum speed
Dec  3 18:51:06 ubuntu kernel: [    7.828432]    8regs     : 12993.000 MB/sec
Dec  3 18:51:06 ubuntu kernel: [    7.868451]    32regs    : 15804.000 MB/sec
Dec  3 18:51:06 ubuntu kernel: [    7.908453]    arm64_neon: 19316.000 MB/sec
Dec  3 18:51:06 ubuntu kernel: [    7.908903] xor: using function: arm64_neon (19316.000 MB/sec)
Dec  3 18:51:06 ubuntu kernel: [    7.910720] async_tx: api initialized (async)
Dec  3 18:51:06 ubuntu kernel: [    7.950175] random: lvm: uninitialized urandom read (4 bytes read)
Dec  3 18:51:06 ubuntu kernel: [    7.967541] random: lvm: uninitialized urandom read (4 bytes read)
Dec  3 18:51:06 ubuntu kernel: [    8.041329] Btrfs loaded, crc32c=crc32c-generic
Dec  3 18:51:06 ubuntu kernel: [    8.096095] EXT4-fs (dm-0): mounted filesystem with ordered data mode. Opts: (null)
Dec  3 18:51:06 ubuntu kernel: [    8.281506] systemd[1]: systemd 237 running in system mode. (+PAM +AUDIT +SELINUX +IMA +APPARMOR +SMACK +SYSVINIT +UTMP +LIBCRYPTSETUP +GCRYPT +GNUTLS +ACL +XZ +LZ4 +SECCOMP +BLKID +ELFUTILS +KMOD -IDN2 +IDN -PCRE2 default-hierarchy=hybrid)
Dec  3 18:51:06 ubuntu kernel: [    8.283588] systemd[1]: Detected virtualization kvm.
Dec  3 18:51:06 ubuntu kernel: [    8.284058] systemd[1]: Detected architecture arm64.
Dec  3 18:51:06 ubuntu kernel: [    8.311947] systemd[1]: Set hostname to <ubuntu>.
Dec  3 18:51:06 ubuntu kernel: [    8.387108] random: systemd: uninitialized urandom read (16 bytes read)
Dec  3 18:51:06 ubuntu kernel: [    8.387794] systemd[1]: Reached target User and Group Name Lookups.
Dec  3 18:51:06 ubuntu kernel: [    8.389930] systemd[1]: Created slice User and Session Slice.
Dec  3 18:51:06 ubuntu kernel: [    8.391121] systemd[1]: Started Forward Password Requests to Wall Directory Watch.
Dec  3 18:51:06 ubuntu kernel: [    8.393117] systemd[1]: Created slice System Slice.
Dec  3 18:51:06 ubuntu kernel: [    8.394184] systemd[1]: Listening on LVM2 poll daemon socket.
Dec  3 18:51:06 ubuntu kernel: [    8.395344] systemd[1]: Listening on Device-mapper event daemon FIFOs.
Dec  3 18:51:06 ubuntu kernel: [    8.422237] Loading iSCSI transport class v2.0-870.
Dec  3 18:51:06 ubuntu kernel: [    8.431854] iscsi: registered transport (tcp)
Dec  3 18:51:06 ubuntu kernel: [    8.434714] EXT4-fs (dm-0): re-mounted. Opts: errors=remount-ro
Dec  3 18:51:06 ubuntu kernel: [    8.461721] iscsi: registered transport (iser)
Dec  3 18:51:06 ubuntu kernel: [    8.487267] systemd-journald[827]: Received request to flush runtime journal from PID 1
Dec  3 18:51:06 ubuntu kernel: [    8.706711] pstore: Using crash dump compression: deflate
Dec  3 18:51:06 ubuntu kernel: [    8.719695] pstore: Registered efi as persistent store backend
Dec  3 18:51:06 ubuntu kernel: [    8.844562] Adding 1003516k swap on /dev/mapper/ubuntu--vg-swap_1.  Priority:-2 extents:1 across:1003516k FS
Dec  3 18:51:06 ubuntu kernel: [    9.019544] audit: type=1400 audit(1606992666.484:2): apparmor="STATUS" operation="profile_load" profile="unconfined" name="/usr/bin/lxc-start" pid=1116 comm="apparmor_parser"
Dec  3 18:51:06 ubuntu kernel: [    9.082651] audit: type=1400 audit(1606992666.548:3): apparmor="STATUS" operation="profile_load" profile="unconfined" name="/usr/bin/man" pid=1115 comm="apparmor_parser"
Dec  3 18:51:06 ubuntu kernel: [    9.083622] audit: type=1400 audit(1606992666.548:4): apparmor="STATUS" operation="profile_load" profile="unconfined" name="man_filter" pid=1115 comm="apparmor_parser"
Dec  3 18:51:06 ubuntu kernel: [    9.084892] audit: type=1400 audit(1606992666.552:5): apparmor="STATUS" operation="profile_load" profile="unconfined" name="man_groff" pid=1115 comm="apparmor_parser"
Dec  3 18:51:06 ubuntu kernel: [    9.106175] audit: type=1400 audit(1606992666.572:6): apparmor="STATUS" operation="profile_load" profile="unconfined" name="/usr/sbin/tcpdump" pid=1121 comm="apparmor_parser"
Dec  3 18:51:06 ubuntu kernel: [    9.164151] audit: type=1400 audit(1606992666.628:7): apparmor="STATUS" operation="profile_load" profile="unconfined" name="/sbin/dhclient" pid=1111 comm="apparmor_parser"
Dec  3 18:51:06 ubuntu kernel: [    9.165662] audit: type=1400 audit(1606992666.632:8): apparmor="STATUS" operation="profile_load" profile="unconfined" name="/usr/lib/NetworkManager/nm-dhcp-client.action" pid=1111 comm="apparmor_parser"
Dec  3 18:51:06 ubuntu kernel: [    9.167086] audit: type=1400 audit(1606992666.632:9): apparmor="STATUS" operation="profile_load" profile="unconfined" name="/usr/lib/NetworkManager/nm-dhcp-helper" pid=1111 comm="apparmor_parser"
Dec  3 18:51:06 ubuntu kernel: [    9.168443] audit: type=1400 audit(1606992666.632:10): apparmor="STATUS" operation="profile_load" profile="unconfined" name="/usr/lib/connman/scripts/dhclient-script" pid=1111 comm="apparmor_parser"
Dec  3 18:51:06 ubuntu kernel: [    9.222307] audit: type=1400 audit(1606992666.688:11): apparmor="STATUS" operation="profile_load" profile="unconfined" name="/usr/lib/snapd/snap-confine" pid=1117 comm="apparmor_parser"
Dec  3 18:51:06 ubuntu kernel: [    9.337848] new mount options do not match the existing superblock, will be ignored
Dec  3 18:51:06 ubuntu /usr/sbin/irqbalance: IRQ uart-pl011(4) guessed as class 0
Dec  3 18:51:06 ubuntu /usr/sbin/irqbalance: IRQ arm-pmu(42) guessed as class 0
Dec  3 18:51:06 ubuntu /usr/sbin/irqbalance: IRQ ACPI:Event(43) guessed as class 0
Dec  3 18:51:06 ubuntu /usr/sbin/irqbalance: IRQ pciehp(44) guessed as class 0
Dec  3 18:51:06 ubuntu /usr/sbin/irqbalance: IRQ pciehp(45) guessed as class 0
Dec  3 18:51:06 ubuntu /usr/sbin/irqbalance: IRQ pciehp(46) guessed as class 0
Dec  3 18:51:06 ubuntu /usr/sbin/irqbalance: IRQ pciehp(47) guessed as class 0
Dec  3 18:51:06 ubuntu /usr/sbin/irqbalance: IRQ xhci_hcd(48) guessed as class 0
Dec  3 18:51:06 ubuntu /usr/sbin/irqbalance: IRQ xhci_hcd(49) guessed as class 0
Dec  3 18:51:06 ubuntu /usr/sbin/irqbalance: IRQ xhci_hcd(50) guessed as class 0
Dec  3 18:51:06 ubuntu /usr/sbin/irqbalance: IRQ xhci_hcd(51) guessed as class 0
Dec  3 18:51:06 ubuntu /usr/sbin/irqbalance: IRQ xhci_hcd(52) guessed as class 0
Dec  3 18:51:06 ubuntu /usr/sbin/irqbalance: IRQ xhci_hcd(53) guessed as class 0
Dec  3 18:51:06 ubuntu /usr/sbin/irqbalance: IRQ xhci_hcd(54) guessed as class 0
Dec  3 18:51:06 ubuntu /usr/sbin/irqbalance: IRQ xhci_hcd(55) guessed as class 0
Dec  3 18:51:06 ubuntu /usr/sbin/irqbalance: IRQ xhci_hcd(56) guessed as class 0
Dec  3 18:51:06 ubuntu /usr/sbin/irqbalance: IRQ xhci_hcd(57) guessed as class 0
Dec  3 18:51:06 ubuntu /usr/sbin/irqbalance: IRQ xhci_hcd(58) guessed as class 0
Dec  3 18:51:06 ubuntu /usr/sbin/irqbalance: IRQ xhci_hcd(59) guessed as class 0
Dec  3 18:51:06 ubuntu /usr/sbin/irqbalance: IRQ xhci_hcd(60) guessed as class 0
Dec  3 18:51:06 ubuntu /usr/sbin/irqbalance: IRQ xhci_hcd(61) guessed as class 0
Dec  3 18:51:06 ubuntu /usr/sbin/irqbalance: IRQ xhci_hcd(62) guessed as class 0
Dec  3 18:51:06 ubuntu /usr/sbin/irqbalance: IRQ xhci_hcd(63) guessed as class 0
Dec  3 18:51:06 ubuntu /usr/sbin/irqbalance: IRQ virtio1-config(64) guessed as class 0
Dec  3 18:51:06 ubuntu /usr/sbin/irqbalance: IRQ virtio1-control(65) guessed as class 0
Dec  3 18:51:06 ubuntu /usr/sbin/irqbalance: IRQ virtio1-event(66) guessed as class 0
Dec  3 18:51:06 ubuntu /usr/sbin/irqbalance: IRQ virtio1-request(67) guessed as class 0
Dec  3 18:51:06 ubuntu /usr/sbin/irqbalance: IRQ virtio0-config(68) guessed as class 0
Dec  3 18:51:06 ubuntu /usr/sbin/irqbalance: IRQ virtio0-input.0(69) guessed as class 0
Dec  3 18:51:06 ubuntu /usr/sbin/irqbalance: IRQ virtio0-output.0(70) guessed as class 0
Dec  3 18:51:06 ubuntu systemd[1]: Starting Authorization Manager...
Dec  3 18:51:06 ubuntu systemd[1]: Started Login Service.
Dec  3 18:51:06 ubuntu systemd[1]: Started Unattended Upgrades Shutdown.
Dec  3 18:51:06 ubuntu grub-common[1140]:  * Recording successful boot for GRUB
Dec  3 18:51:06 ubuntu grub-common[1140]:    ...done.
Dec  3 18:51:06 ubuntu polkitd[1157]: started daemon version 0.105 using authority implementation `local' version `0.105'
Dec  3 18:51:06 ubuntu systemd[1]: Started LSB: Record successful boot for GRUB.
Dec  3 18:51:06 ubuntu dbus-daemon[1125]: [system] Successfully activated service 'org.freedesktop.PolicyKit1'
Dec  3 18:51:06 ubuntu systemd[1]: Started Authorization Manager.
Dec  3 18:51:06 ubuntu accounts-daemon[1126]: started daemon version 0.6.45
Dec  3 18:51:06 ubuntu systemd[1]: Started Accounts Service.
Dec  3 18:51:06 ubuntu snapd[1136]: AppArmor status: apparmor is enabled but some kernel features are missing: dbus, network
Dec  3 18:51:06 ubuntu snapd[1136]: daemon.go:346: started snapd/2.42.1+18.04 (series 16; classic; devmode) ubuntu/18.04 (arm64) linux/5.7.1.
Dec  3 18:51:06 ubuntu networkd-dispatcher[1133]: No valid path found for iwconfig
Dec  3 18:51:06 ubuntu systemd[1]: Started Dispatcher daemon for systemd-networkd.
Dec  3 18:51:06 ubuntu snapd[1136]: daemon.go:439: adjusting startup timeout by 30s (pessimistic estimate of 30s plus 5s per snap)
Dec  3 18:51:07 ubuntu systemd[1]: Started Snappy daemon.
Dec  3 18:51:07 ubuntu systemd[1]: Starting Wait until snapd is fully seeded...
Dec  3 18:51:07 ubuntu systemd[1]: Started Wait until snapd is fully seeded.
Dec  3 18:51:07 ubuntu systemd-networkd[1060]: enp1s0: Gained IPv6LL
Dec  3 18:51:07 ubuntu systemd-networkd[1060]: enp1s0: Configured
Dec  3 18:51:07 ubuntu systemd-timesyncd[1049]: Network configuration changed, trying to establish connection.
Dec  3 18:51:07 ubuntu systemd-networkd-wait-online[1094]: ignoring: lo
Dec  3 18:51:07 ubuntu systemd-networkd-wait-online[1094]: managing: enp1s0
Dec  3 18:51:07 ubuntu systemd[1]: Started Wait for Network to be Configured.
Dec  3 18:51:07 ubuntu systemd[1]: Reached target Network is Online.
Dec  3 18:51:07 ubuntu systemd[1]: Reached target Remote File Systems (Pre).
Dec  3 18:51:07 ubuntu systemd[1]: Reached target Remote File Systems.
Dec  3 18:51:07 ubuntu systemd[1]: Starting Permit User Sessions...
Dec  3 18:51:07 ubuntu systemd[1]: Starting LSB: automatic crash report generation...
Dec  3 18:51:07 ubuntu systemd[1]: Starting Availability of block devices...
Dec  3 18:51:07 ubuntu systemd[1]: Starting OpenBSD Secure Shell server...
Dec  3 18:51:07 ubuntu systemd[1]: Started Permit User Sessions.
Dec  3 18:51:07 ubuntu systemd[1]: Started Availability of block devices.
Dec  3 18:51:07 ubuntu systemd[1]: Starting Hold until boot process finishes up...
Dec  3 18:51:07 ubuntu systemd[1]: Starting Terminate Plymouth Boot Screen...
Dec  3 18:51:07 ubuntu systemd[1]: Started Hold until boot process finishes up.
Dec  3 18:51:07 ubuntu systemd[1]: Started Serial Getty on ttyAMA0.
Dec  3 18:51:07 ubuntu systemd[1]: Starting Set console scheme...
Dec  3 18:51:07 ubuntu systemd[1]: Started Set console scheme.
Dec  3 18:51:07 ubuntu systemd[1]: Created slice system-getty.slice.
Dec  3 18:51:07 ubuntu apport[1221]:  * Starting automatic crash report generation: apport
Dec  3 18:51:07 ubuntu systemd[1]: Started Getty on tty1.
Dec  3 18:51:07 ubuntu systemd[1]: Reached target Login Prompts.
Dec  3 18:51:07 ubuntu systemd[1]: Started Terminate Plymouth Boot Screen.
Dec  3 18:51:07 ubuntu systemd[1]: Started OpenBSD Secure Shell server.
Dec  3 18:51:07 ubuntu apport[1221]:    ...done.
Dec  3 18:51:07 ubuntu systemd[1]: Started LSB: automatic crash report generation.
Dec  3 18:51:08 ubuntu kernel: [   10.784484] random: crng init done
Dec  3 18:51:08 ubuntu kernel: [   10.784489] random: 5 urandom warning(s) missed due to ratelimiting
Dec  3 18:51:08 ubuntu systemd[1]: Started LXD - container startup/shutdown.
Dec  3 18:51:08 ubuntu systemd[1]: Reached target Multi-User System.
Dec  3 18:51:08 ubuntu systemd[1]: Reached target Graphical Interface.
Dec  3 18:51:08 ubuntu systemd[1]: Starting Update UTMP about System Runlevel Changes...
Dec  3 18:51:08 ubuntu systemd[1]: Started Update UTMP about System Runlevel Changes.
Dec  3 18:51:08 ubuntu systemd[1]: Startup finished in 8.146s (kernel) + 2.566s (userspace) = 10.712s.
Dec  3 18:51:08 ubuntu kernel: [   10.836152] fbcon: Taking over console
Dec  3 18:51:12 ubuntu snapd[1136]: daemon.go:540: gracefully waiting for running hooks
Dec  3 18:51:12 ubuntu snapd[1136]: daemon.go:542: done waiting for running hooks
Dec  3 18:51:12 ubuntu snapd[1136]: daemon stop requested to wait for socket activation
Dec  3 18:51:24 ubuntu systemd[1]: Created slice User Slice of huawei.
Dec  3 18:51:24 ubuntu systemd[1]: Starting User Manager for UID 1000...
Dec  3 18:51:24 ubuntu systemd[1]: Started Session 1 of user huawei.
Dec  3 18:51:24 ubuntu systemd[1410]: Listening on GnuPG network certificate management daemon.
Dec  3 18:51:24 ubuntu systemd[1410]: Listening on GnuPG cryptographic agent and passphrase cache (restricted).
Dec  3 18:51:24 ubuntu systemd[1410]: Listening on GnuPG cryptographic agent and passphrase cache.
Dec  3 18:51:24 ubuntu systemd[1410]: Listening on GnuPG cryptographic agent and passphrase cache (access for web browsers).
Dec  3 18:51:24 ubuntu systemd[1410]: Reached target Paths.
Dec  3 18:51:24 ubuntu systemd[1410]: Listening on GnuPG cryptographic agent (ssh-agent emulation).
Dec  3 18:51:24 ubuntu systemd[1410]: Reached target Timers.
Dec  3 18:51:24 ubuntu systemd[1410]: Listening on REST API socket for snapd user session agent.
Dec  3 18:51:24 ubuntu systemd[1410]: Reached target Sockets.
Dec  3 18:51:24 ubuntu systemd[1410]: Reached target Basic System.
Dec  3 18:51:24 ubuntu systemd[1410]: Reached target Default.
Dec  3 18:51:24 ubuntu systemd[1410]: Startup finished in 50ms.
Dec  3 18:51:24 ubuntu systemd[1]: Started User Manager for UID 1000.
Start test round: 1
Dec  3 18:51:32 ubuntu kernel: [   34.907381] Page table allocation set to fixed on node 0
Dec  3 18:51:32 ubuntu kernel: [   34.908236] [mitosis] pgd_alloc: pid = 1454
Dec  3 18:51:32 ubuntu kernel: [   34.908238] [mitosis] pgd_alloc for mm=ffff0004d7c32400 and mm->pgd =ffff0004d5f5b000.
Dec  3 18:51:32 ubuntu kernel: [   34.908239] PTREPL: set state to deactivated.
Dec  3 18:51:32 ubuntu kernel: [   34.914423] PROCFS: Command ot drain the pgtable cache
Dec  3 18:51:32 ubuntu kernel: [   34.924149] PROCFS: Command ot populate the pgtable cache
Dec  3 18:51:32 ubuntu kernel: [   34.924152] PGREPL: populating pgtable cache with 1100000 tables per node
Dec  3 18:51:32 ubuntu kernel: [   34.924154] PGREPL: populating pgtable cache node[0] with 1100000 tables
Dec  3 18:51:33 ubuntu kernel: [   36.169903] PGREPL: node[0] populated with 1100000  tables
Dec  3 18:51:33 ubuntu kernel: [   36.197537] [mitosis] NOTE: version = 6
Dec  3 18:51:33 ubuntu kernel: [   36.197539] [mitosis] kernel_set_pgtlbreplpolicy: pid = 1499
Dec  3 18:51:33 ubuntu kernel: [   36.197540] PTREP: Called pgtbl_repl_prepare_replication version 2
Dec  3 18:51:33 ubuntu kernel: [   36.197541] [mitosis] pgtbl_repl_prepare_replication  for mm=ffff0003b83b1400.
Dec  3 18:51:33 ubuntu kernel: [   36.197542] [mitosis]------PTREPL: alloc pgd start------
Dec  3 18:51:33 ubuntu kernel: [   36.197543] [mitosis] nr_node_ids=1.
Dec  3 18:51:33 ubuntu kernel: [   36.197544] [mitosis] pgd_alloc origin mm->pgd =ffff0004d4541000.
Dec  3 18:51:33 ubuntu kernel: [   36.197545] [mitosis] pgd_alloc mm->repl_pgd[0]=ffff0003b82ef000.
Dec  3 18:51:33 ubuntu kernel: [   36.197546] ------PTREPL: alloc pgd success------
Dec  3 18:51:33 ubuntu kernel: [   36.197547] pgtbl_repl_prepare_replication:1152 pgd=ffff0004d4541000..ffff0004d4541fff
Dec  3 18:51:33 ubuntu kernel: [   36.197548] PTREP: pgd_idx = 341and pgd=ffff0004d4541aa8  and pgd[341]=4d5347003
Dec  3 18:51:33 ubuntu kernel: [   36.197550] pgtbl_repl_prepare_replication:1160 pgd[341]'s pud=ffff000495347000..ffff000495347fff
Dec  3 18:51:33 ubuntu kernel: [   36.197551] pgtbl_repl_prepare_replication:1164 another func __va pud=ffff000495347000..ffff000495347fff
Dec  3 18:51:33 ubuntu kernel: [   36.197551] pgtbl_repl_prepare_replication:1165 1 pfn=4d5347   2 pfn=4d5347
Dec  3 18:51:33 ubuntu kernel: [   36.197553] ------PTREPL: set_pgd start------
Dec  3 18:51:33 ubuntu kernel: [   36.197553] ------ 1 . page_pgd->replica_node_id = -1------
Dec  3 18:51:33 ubuntu kernel: [   36.197555] PTREP: set_pgd offset=aa8 and node0 origin pgd=ffff0003b82ef000  and pgd+offset=ffff0003b82efaa8  and pud=ffff0003b82ee000 and pdgval=3f82ee003
Dec  3 18:51:33 ubuntu kernel: [   36.197556] PTREP: set_pgd  origin pgdval=3f82ee003  and another func pgdval=3f82ee003
Dec  3 18:51:33 ubuntu kernel: [   36.197557] ------PTREPL: set_pgd done------
Dec  3 18:51:33 ubuntu kernel: [   36.197557] [mitosis] start search pud .......
Dec  3 18:51:33 ubuntu kernel: [   36.197558] PTREP: pud_idx = 171and pud=ffff000495347558  and pud[171]=4d2b7c003
Dec  3 18:51:33 ubuntu kernel: [   36.197559] pgtbl_repl_prepare_replication:1184 pud[171]'s pmd=ffff000492b7c000..ffff000492b7cfff
Dec  3 18:51:33 ubuntu kernel: [   36.197560] pgtbl_repl_prepare_replication:1185 1 pfn=4d2b7c   2 pfn=4d2b7c
Dec  3 18:51:33 ubuntu kernel: [   36.197562] PTREP: pmd_idx = 220and pmd=ffff000492b7c6e0  and pmd[220]=4d4447003
Dec  3 18:51:33 ubuntu kernel: [   36.197563] pgtbl_repl_prepare_replication:1204 pmd[220]'s pte=ffff000494447000..ffff000494447fff
Dec  3 18:51:33 ubuntu kernel: [   36.197564] pgtbl_repl_prepare_replication:1205 1 pfn=4d4447   2 pfn=4d4447
Dec  3 18:51:33 ubuntu kernel: [   36.197567] PTREP: pmd_idx = 346and pmd=ffff000492b7cad0  and pmd[346]=51eb31003
Dec  3 18:51:33 ubuntu kernel: [   36.197568] pgtbl_repl_prepare_replication:1204 pmd[346]'s pte=ffff0004deb31000..ffff0004deb31fff
Dec  3 18:51:33 ubuntu kernel: [   36.197568] pgtbl_repl_prepare_replication:1205 1 pfn=51eb31   2 pfn=51eb31
Dec  3 18:51:33 ubuntu kernel: [   36.197571] ===================================== end of a page
Dec  3 18:51:33 ubuntu kernel: [   36.197572] PTREP: pgd_idx = 511and pgd=ffff0004d4541ff8  and pgd[511]=518e96003
Dec  3 18:51:33 ubuntu kernel: [   36.197573] pgtbl_repl_prepare_replication:1160 pgd[511]'s pud=ffff0004d8e96000..ffff0004d8e96fff
Dec  3 18:51:33 ubuntu kernel: [   36.197574] pgtbl_repl_prepare_replication:1164 another func __va pud=ffff0004d8e96000..ffff0004d8e96fff
Dec  3 18:51:33 ubuntu kernel: [   36.197575] pgtbl_repl_prepare_replication:1165 1 pfn=518e96   2 pfn=518e96
Dec  3 18:51:33 ubuntu kernel: [   36.197576] ------PTREPL: set_pgd start------
Dec  3 18:51:33 ubuntu kernel: [   36.197576] ------ 1 . page_pgd->replica_node_id = -1------
Dec  3 18:51:33 ubuntu kernel: [   36.197577] PTREP: set_pgd offset=ff8 and node0 origin pgd=ffff0003b82ef000  and pgd+offset=ffff0003b82efff8  and pud=ffff0003b82ea000 and pdgval=3f82ea003
Dec  3 18:51:33 ubuntu kernel: [   36.197578] PTREP: set_pgd  origin pgdval=3f82ea003  and another func pgdval=3f82ea003
Dec  3 18:51:33 ubuntu kernel: [   36.197579] ------PTREPL: set_pgd done------
Dec  3 18:51:33 ubuntu kernel: [   36.197579] [mitosis] start search pud .......
Dec  3 18:51:33 ubuntu kernel: [   36.197581] PTREP: pud_idx = 510and pud=ffff0004d8e96ff0  and pud[510]=519bc9003
Dec  3 18:51:33 ubuntu kernel: [   36.197581] pgtbl_repl_prepare_replication:1184 pud[510]'s pmd=ffff0004d9bc9000..ffff0004d9bc9fff
Dec  3 18:51:33 ubuntu kernel: [   36.197582] pgtbl_repl_prepare_replication:1185 1 pfn=519bc9   2 pfn=519bc9
Dec  3 18:51:33 ubuntu kernel: [   36.197584] PTREP: pmd_idx = 120and pmd=ffff0004d9bc93c0  and pmd[120]=51f72e003
Dec  3 18:51:33 ubuntu kernel: [   36.197585] pgtbl_repl_prepare_replication:1204 pmd[120]'s pte=ffff0004df72e000..ffff0004df72efff
Dec  3 18:51:33 ubuntu kernel: [   36.197586] pgtbl_repl_prepare_replication:1205 1 pfn=51f72e   2 pfn=51f72e
Dec  3 18:51:33 ubuntu kernel: [   36.197589] PTREP: pmd_idx = 121and pmd=ffff0004d9bc93c8  and pmd[121]=517b97003
Dec  3 18:51:33 ubuntu kernel: [   36.197590] pgtbl_repl_prepare_replication:1204 pmd[121]'s pte=ffff0004d7b97000..ffff0004d7b97fff
Dec  3 18:51:33 ubuntu kernel: [   36.197591] pgtbl_repl_prepare_replication:1205 1 pfn=517b97   2 pfn=517b97
Dec  3 18:51:33 ubuntu kernel: [   36.197594] PTREP: pud_idx = 511and pud=ffff0004d8e96ff8  and pud[511]=4d45ac003
Dec  3 18:51:33 ubuntu kernel: [   36.197595] pgtbl_repl_prepare_replication:1184 pud[511]'s pmd=ffff0004945ac000..ffff0004945acfff
Dec  3 18:51:33 ubuntu kernel: [   36.197596] pgtbl_repl_prepare_replication:1185 1 pfn=4d45ac   2 pfn=4d45ac
Dec  3 18:51:33 ubuntu kernel: [   36.197598] PTREP: pmd_idx = 221and pmd=ffff0004945ac6e8  and pmd[221]=5179b9003
Dec  3 18:51:33 ubuntu kernel: [   36.197599] pgtbl_repl_prepare_replication:1204 pmd[221]'s pte=ffff0004d79b9000..ffff0004d79b9fff
Dec  3 18:51:33 ubuntu kernel: [   36.197599] pgtbl_repl_prepare_replication:1205 1 pfn=5179b9   2 pfn=5179b9
Dec  3 18:51:33 ubuntu kernel: [   36.197602] ===================================== end of a page
Dec  3 18:51:33 ubuntu kernel: [   36.197603] pgtbl_repl_prepare_replication:1231 all: pud_num=3, pmd_num=5, pte_num=338
Dec  3 18:51:33 ubuntu kernel: [   36.197605] cpu_do_switch_mm:283 cpu_do_switch_mm mm=ffff0003b83b1400, pgd=ffff0003b82ef000, pgd_phys=3f82ef000
Dec  3 18:51:33 ubuntu kernel: [   36.197605] PTREP: Called pgtbl_repl_prepare_replication  done
Dec  3 18:51:33 ubuntu kernel: [   36.197606] [mitosis] pgtable replication enabled for mm=ffff0003b83b1400.
Dec  3 18:51:33 ubuntu kernel: [   36.197607] [mitosis] pgtable replication err=0.
Dec  3 18:51:33 ubuntu kernel: [   36.197626] [mitosis]------PTREPL: alloc pgd start------
Dec  3 18:51:33 ubuntu kernel: [   36.197627] [mitosis] nr_node_ids=1.
Dec  3 18:51:33 ubuntu kernel: [   36.197628] [mitosis] pgd_alloc origin mm->pgd =ffff0004d7aeb000.
Dec  3 18:51:33 ubuntu kernel: [   36.197629] [mitosis] pgd_alloc mm->repl_pgd[0]=ffff0003b82e4000.
Dec  3 18:51:33 ubuntu kernel: [   36.197629] ------PTREPL: alloc pgd success------
Dec  3 18:51:33 ubuntu kernel: [   36.198106] cpu_do_switch_mm:283 cpu_do_switch_mm mm=ffff0003b83b1400, pgd=ffff0003b82ef000, pgd_phys=3f82ef000
Dec  3 18:51:33 ubuntu kernel: [   36.198123] ------PTREPL: set_pgd start------
Dec  3 18:51:33 ubuntu kernel: [   36.198124] ------ 1 . page_pgd->replica_node_id = -1------
Dec  3 18:51:33 ubuntu kernel: [   36.198126] PTREP: set_pgd offset=ff8 and node0 origin pgd=ffff0003b82e4000  and pgd+offset=ffff0003b82e4ff8  and pud=ffff0003b82e3000 and pdgval=3f82e3003
Dec  3 18:51:33 ubuntu kernel: [   36.198127] PTREP: set_pgd  origin pgdval=3f82e3003  and another func pgdval=3f82e3003
Dec  3 18:51:33 ubuntu kernel: [   36.198127] ------PTREPL: set_pgd done------
Dec  3 18:51:33 ubuntu kernel: [   36.198157] cpu_do_switch_mm:283 cpu_do_switch_mm mm=ffff0003b83b4400, pgd=ffff0003b82e4000, pgd_phys=3f82e4000
Dec  3 18:51:33 ubuntu kernel: [   36.198254] PTREP: set_pmd  origin pmd=ffff000492b7c6e0  and pmdval=0
Dec  3 18:51:33 ubuntu kernel: [   36.198255] PTREP: Called pgtable_repl_set_pmd  !page_te 
Dec  3 18:51:33 ubuntu kernel: [   36.198258] PTREP: set_pmd  origin pmd=ffff000492b7cad0  and pmdval=0
Dec  3 18:51:33 ubuntu kernel: [   36.198258] PTREP: Called pgtable_repl_set_pmd  !page_te 
Dec  3 18:51:33 ubuntu kernel: [   36.198259] PTREP: set_pud  origin pud=ffff000495347558  and pudval=0
Dec  3 18:51:33 ubuntu kernel: [   36.198260] PTREP: Called pgtable_repl_set_pud  !page_pmd 
Dec  3 18:51:33 ubuntu kernel: [   36.198260] ------PTREPL: set_pgd start------
Dec  3 18:51:33 ubuntu kernel: [   36.198261] ------ 1 . page_pgd->replica_node_id = -1------
Dec  3 18:51:33 ubuntu kernel: [   36.198262] PTREP: set_pgd  origin pgd=ffff0004d4541aa8  and pgdval=0
Dec  3 18:51:33 ubuntu kernel: [   36.198262] PTREP: Called pgtable_repl_set_pgd  !page_pud 
Dec  3 18:51:33 ubuntu kernel: [   36.198263] ------PTREPL: set_pgd start------
Dec  3 18:51:33 ubuntu kernel: [   36.198264] ------ 1 . page_pgd->replica_node_id = -1------
Dec  3 18:51:33 ubuntu kernel: [   36.198264] PTREP: set_pgd  origin pgd=ffff0004d4541aa8  and pgdval=0
Dec  3 18:51:33 ubuntu kernel: [   36.198265] PTREP: Called pgtable_repl_set_pgd  !page_pud 
Dec  3 18:51:33 ubuntu kernel: [   36.198270] PTREP: set_pmd  origin pmd=ffff0004d9bc93c0  and pmdval=0
Dec  3 18:51:33 ubuntu kernel: [   36.198270] PTREP: Called pgtable_repl_set_pmd  !page_te 
Dec  3 18:51:33 ubuntu kernel: [   36.198271] PTREP: set_pmd  origin pmd=ffff0004d9bc93c8  and pmdval=0
Dec  3 18:51:33 ubuntu kernel: [   36.198272] PTREP: Called pgtable_repl_set_pmd  !page_te 
Dec  3 18:51:33 ubuntu kernel: [   36.198272] PTREP: set_pud  origin pud=ffff0004d8e96ff0  and pudval=0
Dec  3 18:51:33 ubuntu kernel: [   36.198273] PTREP: Called pgtable_repl_set_pud  !page_pmd 
Dec  3 18:51:33 ubuntu kernel: [   36.198274] PTREP: set_pmd  origin pmd=ffff0004945ac6e8  and pmdval=0
Dec  3 18:51:33 ubuntu kernel: [   36.198274] PTREP: Called pgtable_repl_set_pmd  !page_te 
Dec  3 18:51:33 ubuntu kernel: [   36.198275] PTREP: set_pud  origin pud=ffff0004d8e96ff8  and pudval=0
Dec  3 18:51:33 ubuntu kernel: [   36.198276] PTREP: Called pgtable_repl_set_pud  !page_pmd 
Dec  3 18:51:33 ubuntu kernel: [   36.198276] ------PTREPL: set_pgd start------
Dec  3 18:51:33 ubuntu kernel: [   36.198277] ------ 1 . page_pgd->replica_node_id = -1------
Dec  3 18:51:33 ubuntu kernel: [   36.198278] PTREP: set_pgd  origin pgd=ffff0004d4541ff8  and pgdval=0
Dec  3 18:51:33 ubuntu kernel: [   36.198278] PTREP: Called pgtable_repl_set_pgd  !page_pud 
Dec  3 18:51:33 ubuntu kernel: [   36.198279] ------PTREPL: set_pgd start------
Dec  3 18:51:33 ubuntu kernel: [   36.198279] ------ 1 . page_pgd->replica_node_id = -1------
Dec  3 18:51:33 ubuntu kernel: [   36.198280] PTREP: set_pgd  origin pgd=ffff0004d4541ff8  and pgdval=0
Dec  3 18:51:33 ubuntu kernel: [   36.198280] PTREP: Called pgtable_repl_set_pgd  !page_pud 
Dec  3 18:51:33 ubuntu kernel: [   36.198301] [mitosis] PTREPL: free pgd start 
Dec  3 18:51:33 ubuntu kernel: [   36.198302] [mitosis] pgtable_repl_pgd_free freed pgd=ffff0004d4541000 and mm->pgd=ffff0004d4541000.
Dec  3 18:51:33 ubuntu kernel: [   36.198303] [mitosis]------PTREPL: free pgd done------
Dec  3 18:51:33 ubuntu kernel: [   36.198316] PTREP: set_pmd  origin pmd=ffff0004de87eff8  and pmdval=0
Dec  3 18:51:33 ubuntu kernel: [   36.198316] PTREP: Called pgtable_repl_set_pmd  !page_te 
Dec  3 18:51:33 ubuntu kernel: [   36.198333] ------PTREPL: set_pgd start------
Dec  3 18:51:33 ubuntu kernel: [   36.198334] ------ 1 . page_pgd->replica_node_id = -1------
Dec  3 18:51:33 ubuntu kernel: [   36.198335] PTREP: set_pgd offset=aa8 and node0 origin pgd=ffff0003b82e4000  and pgd+offset=ffff0003b82e4aa8  and pud=ffff0003b82e0000 and pdgval=3f82e0003
Dec  3 18:51:33 ubuntu kernel: [   36.198336] PTREP: set_pgd  origin pgdval=3f82e0003  and another func pgdval=3f82e0003
Dec  3 18:51:33 ubuntu kernel: [   36.198337] ------PTREPL: set_pgd done------
Dec  3 18:51:33 ubuntu huawei: Waiting for benchmark: to be ready
Dec  3 18:51:39 ubuntu kernel: [   42.136558] cpu_do_switch_mm:283 cpu_do_switch_mm mm=ffff0003b83b4400, pgd=ffff0003b82e4000, pgd_phys=3f82e4000
Dec  3 18:51:39 ubuntu kernel: [   42.136687] cpu_do_switch_mm:283 cpu_do_switch_mm mm=ffff0003b83b4400, pgd=ffff0003b82e4000, pgd_phys=3f82e4000
Dec  3 18:51:39 ubuntu kernel: [   42.136698] cpu_do_switch_mm:283 cpu_do_switch_mm mm=ffff0003b83b4400, pgd=ffff0003b82e4000, pgd_phys=3f82e4000
Dec  3 18:51:39 ubuntu kernel: [   42.136701] cpu_do_switch_mm:283 cpu_do_switch_mm mm=ffff0003b83b4400, pgd=ffff0003b82e4000, pgd_phys=3f82e4000
Dec  3 18:51:39 ubuntu kernel: [   42.136768] cpu_do_switch_mm:283 cpu_do_switch_mm mm=ffff0003b83b4400, pgd=ffff0003b82e4000, pgd_phys=3f82e4000
Dec  3 18:51:39 ubuntu kernel: [   42.136796] cpu_do_switch_mm:283 cpu_do_switch_mm mm=ffff0003b83b4400, pgd=ffff0003b82e4000, pgd_phys=3f82e4000
Dec  3 18:51:39 ubuntu kernel: [   42.136824] cpu_do_switch_mm:283 cpu_do_switch_mm mm=ffff0003b83b4400, pgd=ffff0003b82e4000, pgd_phys=3f82e4000
Dec  3 18:51:39 ubuntu kernel: [   42.136857] cpu_do_switch_mm:283 cpu_do_switch_mm mm=ffff0003b83b4400, pgd=ffff0003b82e4000, pgd_phys=3f82e4000
Dec  3 18:51:39 ubuntu kernel: [   42.136864] cpu_do_switch_mm:283 cpu_do_switch_mm mm=ffff0003b83b4400, pgd=ffff0003b82e4000, pgd_phys=3f82e4000
Dec  3 18:51:39 ubuntu kernel: [   42.138224] cpu_do_switch_mm:283 cpu_do_switch_mm mm=ffff0003b83b4400, pgd=ffff0003b82e4000, pgd_phys=3f82e4000
Dec  3 18:51:39 ubuntu kernel: [   42.138283] cpu_do_switch_mm:283 cpu_do_switch_mm mm=ffff0003b83b4400, pgd=ffff0003b82e4000, pgd_phys=3f82e4000
Dec  3 18:51:39 ubuntu kernel: [   42.138311] cpu_do_switch_mm:283 cpu_do_switch_mm mm=ffff0003b83b4400, pgd=ffff0003b82e4000, pgd_phys=3f82e4000
Dec  3 18:51:39 ubuntu kernel: [   42.138324] cpu_do_switch_mm:283 cpu_do_switch_mm mm=ffff0003b83b4400, pgd=ffff0003b82e4000, pgd_phys=3f82e4000
Dec  3 18:51:39 ubuntu kernel: [   42.138638] cpu_do_switch_mm:283 cpu_do_switch_mm mm=ffff0003b83b4400, pgd=ffff0003b82e4000, pgd_phys=3f82e4000
Dec  3 18:51:39 ubuntu kernel: [   42.138808] cpu_do_switch_mm:283 cpu_do_switch_mm mm=ffff0003b83b4400, pgd=ffff0003b82e4000, pgd_phys=3f82e4000
Dec  3 18:51:39 ubuntu kernel: [   42.138838] cpu_do_switch_mm:283 cpu_do_switch_mm mm=ffff0003b83b4400, pgd=ffff0003b82e4000, pgd_phys=3f82e4000
Dec  3 18:51:39 ubuntu kernel: [   42.138845] cpu_do_switch_mm:283 cpu_do_switch_mm mm=ffff0003b83b4400, pgd=ffff0003b82e4000, pgd_phys=3f82e4000
Dec  3 18:51:39 ubuntu kernel: [   42.138936] cpu_do_switch_mm:283 cpu_do_switch_mm mm=ffff0003b83b4400, pgd=ffff0003b82e4000, pgd_phys=3f82e4000
Dec  3 18:51:39 ubuntu kernel: [   42.138947] cpu_do_switch_mm:283 cpu_do_switch_mm mm=ffff0003b83b4400, pgd=ffff0003b82e4000, pgd_phys=3f82e4000
Dec  3 18:51:39 ubuntu kernel: [   42.138951] cpu_do_switch_mm:283 cpu_do_switch_mm mm=ffff0003b83b4400, pgd=ffff0003b82e4000, pgd_phys=3f82e4000
Dec  3 18:51:39 ubuntu kernel: [   42.138970] cpu_do_switch_mm:283 cpu_do_switch_mm mm=ffff0003b83b4400, pgd=ffff0003b82e4000, pgd_phys=3f82e4000
Dec  3 18:51:39 ubuntu kernel: [   42.138995] cpu_do_switch_mm:283 cpu_do_switch_mm mm=ffff0003b83b4400, pgd=ffff0003b82e4000, pgd_phys=3f82e4000
Dec  3 18:51:39 ubuntu kernel: [   42.139147] cpu_do_switch_mm:283 cpu_do_switch_mm mm=ffff0003b83b4400, pgd=ffff0003b82e4000, pgd_phys=3f82e4000
Dec  3 18:51:39 ubuntu kernel: [   42.140631] cpu_do_switch_mm:283 cpu_do_switch_mm mm=ffff0003b83b4400, pgd=ffff0003b82e4000, pgd_phys=3f82e4000
Dec  3 18:51:39 ubuntu kernel: [   42.140633] cpu_do_switch_mm:283 cpu_do_switch_mm mm=ffff0003b83b4400, pgd=ffff0003b82e4000, pgd_phys=3f82e4000
Dec  3 18:51:39 ubuntu kernel: [   42.140747] cpu_do_switch_mm:283 cpu_do_switch_mm mm=ffff0003b83b4400, pgd=ffff0003b82e4000, pgd_phys=3f82e4000
Dec  3 18:51:39 ubuntu kernel: [   42.140859] cpu_do_switch_mm:283 cpu_do_switch_mm mm=ffff0003b83b4400, pgd=ffff0003b82e4000, pgd_phys=3f82e4000
Dec  3 18:51:39 ubuntu kernel: [   42.142274] cpu_do_switch_mm:283 cpu_do_switch_mm mm=ffff0003b83b4400, pgd=ffff0003b82e4000, pgd_phys=3f82e4000
Dec  3 18:51:39 ubuntu kernel: [   42.142620] cpu_do_switch_mm:283 cpu_do_switch_mm mm=ffff0003b83b4400, pgd=ffff0003b82e4000, pgd_phys=3f82e4000
Dec  3 18:51:39 ubuntu kernel: [   42.142686] cpu_do_switch_mm:283 cpu_do_switch_mm mm=ffff0003b83b4400, pgd=ffff0003b82e4000, pgd_phys=3f82e4000
Dec  3 18:51:39 ubuntu kernel: [   42.144200] cpu_do_switch_mm:283 cpu_do_switch_mm mm=ffff0003b83b4400, pgd=ffff0003b82e4000, pgd_phys=3f82e4000
Dec  3 18:51:39 ubuntu kernel: [   42.144502] cpu_do_switch_mm:283 cpu_do_switch_mm mm=ffff0003b83b4400, pgd=ffff0003b82e4000, pgd_phys=3f82e4000
Dec  3 18:51:39 ubuntu kernel: [   42.144510] cpu_do_switch_mm:283 cpu_do_switch_mm mm=ffff0003b83b4400, pgd=ffff0003b82e4000, pgd_phys=3f82e4000
Dec  3 18:51:39 ubuntu kernel: [   42.146753] cpu_do_switch_mm:283 cpu_do_switch_mm mm=ffff0003b83b4400, pgd=ffff0003b82e4000, pgd_phys=3f82e4000
Dec  3 18:51:39 ubuntu kernel: [   42.146805] cpu_do_switch_mm:283 cpu_do_switch_mm mm=ffff0003b83b4400, pgd=ffff0003b82e4000, pgd_phys=3f82e4000
Dec  3 18:51:39 ubuntu kernel: [   42.147075] cpu_do_switch_mm:283 cpu_do_switch_mm mm=ffff0003b83b4400, pgd=ffff0003b82e4000, pgd_phys=3f82e4000
Dec  3 18:51:39 ubuntu kernel: [   42.148440] cpu_do_switch_mm:283 cpu_do_switch_mm mm=ffff0003b83b4400, pgd=ffff0003b82e4000, pgd_phys=3f82e4000
Dec  3 18:51:39 ubuntu kernel: [   42.148558] cpu_do_switch_mm:283 cpu_do_switch_mm mm=ffff0003b83b4400, pgd=ffff0003b82e4000, pgd_phys=3f82e4000
Dec  3 18:51:39 ubuntu kernel: [   42.148679] cpu_do_switch_mm:283 cpu_do_switch_mm mm=ffff0003b83b4400, pgd=ffff0003b82e4000, pgd_phys=3f82e4000
Dec  3 18:51:39 ubuntu kernel: [   42.151162] cpu_do_switch_mm:283 cpu_do_switch_mm mm=ffff0003b83b4400, pgd=ffff0003b82e4000, pgd_phys=3f82e4000
Dec  3 18:51:39 ubuntu kernel: [   42.152119] cpu_do_switch_mm:283 cpu_do_switch_mm mm=ffff0003b83b4400, pgd=ffff0003b82e4000, pgd_phys=3f82e4000
Dec  3 18:51:39 ubuntu kernel: [   42.152173] cpu_do_switch_mm:283 cpu_do_switch_mm mm=ffff0003b83b4400, pgd=ffff0003b82e4000, pgd_phys=3f82e4000
Dec  3 18:51:39 ubuntu kernel: [   42.152489] cpu_do_switch_mm:283 cpu_do_switch_mm mm=ffff0003b83b4400, pgd=ffff0003b82e4000, pgd_phys=3f82e4000
Dec  3 18:51:39 ubuntu kernel: [   42.152497] cpu_do_switch_mm:283 cpu_do_switch_mm mm=ffff0003b83b4400, pgd=ffff0003b82e4000, pgd_phys=3f82e4000
Dec  3 18:51:39 ubuntu kernel: [   42.152523] cpu_do_switch_mm:283 cpu_do_switch_mm mm=ffff0003b83b4400, pgd=ffff0003b82e4000, pgd_phys=3f82e4000
Dec  3 18:51:39 ubuntu kernel: [   42.152688] cpu_do_switch_mm:283 cpu_do_switch_mm mm=ffff0003b83b4400, pgd=ffff0003b82e4000, pgd_phys=3f82e4000
