Oct 28 21:34:51 ubuntu systemd-modules-load[856]: Inserted module 'iscsi_tcp'
Oct 28 21:34:51 ubuntu kernel: [    0.000000] Booting Linux on physical CPU 0x0000000000 [0x481fd010]
Oct 28 21:34:51 ubuntu kernel: [    0.000000] Linux version 5.7.1 (root@ubuntu) (gcc version 7.5.0 (Ubuntu/Linaro 7.5.0-3ubuntu1~18.04), GNU ld (GNU Binutils for Ubuntu) 2.30) #1 SMP Wed Oct 28 21:07:57 CST 2020
Oct 28 21:34:51 ubuntu kernel: [    0.000000] efi: EFI v2.70 by EDK II
Oct 28 21:34:51 ubuntu kernel: [    0.000000] efi:  SMBIOS 3.0=0x53f710000  ACPI 2.0=0x53c020000  MEMATTR=0x53cc7ca98  MEMRESERVE=0x53becd018 
Oct 28 21:34:51 ubuntu systemd-modules-load[856]: Inserted module 'ib_iser'
Oct 28 21:34:51 ubuntu kernel: [    0.000000] cma: Reserved 32 MiB at 0x00000000fe000000
Oct 28 21:34:51 ubuntu kernel: [    0.000000] ACPI: Early table checksum verification disabled
Oct 28 21:34:51 ubuntu kernel: [    0.000000] ACPI: RSDP 0x000000053C020000 000024 (v02 BOCHS )
Oct 28 21:34:51 ubuntu kernel: [    0.000000] ACPI: XSDT 0x000000053BED0000 000054 (v01 BOCHS  BXPCFACP 00000001      01000013)
Oct 28 21:34:51 ubuntu lvm[863]:   2 logical volume(s) in volume group "ubuntu-vg" monitored
Oct 28 21:34:51 ubuntu systemd[1]: Starting Flush Journal to Persistent Storage...
Oct 28 21:34:51 ubuntu systemd[1]: Started udev Coldplug all Devices.
Oct 28 21:34:51 ubuntu systemd[1]: Started udev Kernel Device Manager.
Oct 28 21:34:51 ubuntu kernel: [    0.000000] ACPI: FACP 0x000000053BE90000 00010C (v05 BOCHS  BXPCFACP 00000001 BXPC 00000001)
Oct 28 21:34:51 ubuntu systemd[1]: Started Dispatch Password Requests to Console Directory Watch.
Oct 28 21:34:51 ubuntu kernel: [    0.000000] ACPI: DSDT 0x000000053BEA0000 001523 (v02 BOCHS  BXPCDSDT 00000001 BXPC 00000001)
Oct 28 21:34:51 ubuntu kernel: [    0.000000] ACPI: APIC 0x000000053BE80000 0009E8 (v03 BOCHS  BXPCAPIC 00000001 BXPC 00000001)
Oct 28 21:34:51 ubuntu systemd[1]: Reached target Local Encrypted Volumes.
Oct 28 21:34:51 ubuntu kernel: [    0.000000] ACPI: GTDT 0x000000053BE70000 000060 (v02 BOCHS  BXPCGTDT 00000001 BXPC 00000001)
Oct 28 21:34:51 ubuntu systemd[1]: Started Flush Journal to Persistent Storage.
Oct 28 21:34:51 ubuntu systemd[1]: Found device /dev/ttyAMA0.
Oct 28 21:34:51 ubuntu kernel: [    0.000000] ACPI: MCFG 0x000000053BE60000 00003C (v01 BOCHS  BXPCMCFG 00000001 BXPC 00000001)
Oct 28 21:34:51 ubuntu systemd-udevd[958]: link_config: autonegotiation is unset or enabled, the speed and duplex are not writable.
Oct 28 21:34:51 ubuntu systemd[1]: Listening on Load/Save RF Kill Switch Status /dev/rfkill Watch.
Oct 28 21:34:51 ubuntu kernel: [    0.000000] ACPI: SPCR 0x000000053BE50000 000050 (v02 BOCHS  BXPCSPCR 00000001 BXPC 00000001)
Oct 28 21:34:51 ubuntu systemd-udevd[919]: link_config: autonegotiation is unset or enabled, the speed and duplex are not writable.
Oct 28 21:34:51 ubuntu kernel: [    0.000000] ACPI: IORT 0x000000053BE40000 00007C (v00 BOCHS  BXPCIORT 00000001 BXPC 00000001)
Oct 28 21:34:51 ubuntu kernel: [    0.000000] ACPI: SPCR: console: pl011,mmio,0x9000000,9600
Oct 28 21:34:51 ubuntu systemd[1]: Found device /dev/mapper/ubuntu--vg-swap_1.
Oct 28 21:34:51 ubuntu kernel: [    0.000000] ACPI: NUMA: Failed to initialise from firmware
Oct 28 21:34:51 ubuntu kernel: [    0.000000] NUMA: Faking a node at [mem 0x0000000040000000-0x000000053fffffff]
Oct 28 21:34:51 ubuntu systemd[1]: Activating swap /dev/mapper/ubuntu--vg-swap_1...
Oct 28 21:34:51 ubuntu systemd[1]: Activated swap /dev/mapper/ubuntu--vg-swap_1.
Oct 28 21:34:51 ubuntu systemd[1]: Reached target Swap.
Oct 28 21:34:51 ubuntu kernel: [    0.000000] NUMA: NODE_DATA [mem 0x53d409300-0x53d40cfff]
Oct 28 21:34:51 ubuntu kernel: [    0.000000] Zone ranges:
Oct 28 21:34:51 ubuntu kernel: [    0.000000]   DMA      [mem 0x0000000040000000-0x000000007fffffff]
Oct 28 21:34:51 ubuntu kernel: [    0.000000]   DMA32    [mem 0x0000000080000000-0x00000000ffffffff]
Oct 28 21:34:51 ubuntu kernel: [    0.000000]   Normal   [mem 0x0000000100000000-0x000000053fffffff]
Oct 28 21:34:51 ubuntu kernel: [    0.000000] Movable zone start for each node
Oct 28 21:34:51 ubuntu systemd[1]: Created slice system-lvm2\x2dpvscan.slice.
Oct 28 21:34:51 ubuntu kernel: [    0.000000] Early memory node ranges
Oct 28 21:34:51 ubuntu kernel: [    0.000000]   node   0: [mem 0x0000000040000000-0x000000053bedffff]
Oct 28 21:34:51 ubuntu kernel: [    0.000000]   node   0: [mem 0x000000053bee0000-0x000000053bffffff]
Oct 28 21:34:51 ubuntu systemd[1]: Starting LVM2 PV scan on device 8:2...
Oct 28 21:34:51 ubuntu systemd[1]: Found device QEMU_HARDDISK 1.
Oct 28 21:34:51 ubuntu kernel: [    0.000000]   node   0: [mem 0x000000053c000000-0x000000053c02ffff]
Oct 28 21:34:51 ubuntu kernel: [    0.000000]   node   0: [mem 0x000000053c030000-0x000000053c0affff]
Oct 28 21:34:51 ubuntu systemd[1]: Starting File System Check on /dev/disk/by-uuid/5EA9-3D4C...
Oct 28 21:34:51 ubuntu kernel: [    0.000000]   node   0: [mem 0x000000053c0b0000-0x000000053f57ffff]
Oct 28 21:34:51 ubuntu kernel: [    0.000000]   node   0: [mem 0x000000053f580000-0x000000053f95ffff]
Oct 28 21:34:51 ubuntu systemd[1]: Started File System Check Daemon to report status.
Oct 28 21:34:51 ubuntu kernel: [    0.000000]   node   0: [mem 0x000000053f960000-0x000000053fffffff]
Oct 28 21:34:51 ubuntu kernel: [    0.000000] Zeroed struct page in unavailable ranges: 544 pages
Oct 28 21:34:51 ubuntu kernel: [    0.000000] Initmem setup node 0 [mem 0x0000000040000000-0x000000053fffffff]
Oct 28 21:34:51 ubuntu lvm[1069]:   2 logical volume(s) in volume group "ubuntu-vg" now active
Oct 28 21:34:51 ubuntu kernel: [    0.000000] On node 0 totalpages: 5242880
Oct 28 21:34:51 ubuntu kernel: [    0.000000]   DMA zone: 5120 pages used for memmap
Oct 28 21:34:51 ubuntu kernel: [    0.000000]   DMA zone: 0 pages reserved
Oct 28 21:34:51 ubuntu systemd[1]: Started LVM2 PV scan on device 8:2.
Oct 28 21:34:51 ubuntu kernel: [    0.000000]   DMA zone: 262144 pages, LIFO batch:63
Oct 28 21:34:51 ubuntu kernel: [    0.000000]   DMA32 zone: 10240 pages used for memmap
Oct 28 21:34:51 ubuntu kernel: [    0.000000]   DMA32 zone: 524288 pages, LIFO batch:63
Oct 28 21:34:51 ubuntu kernel: [    0.000000]   Normal zone: 87040 pages used for memmap
Oct 28 21:34:51 ubuntu kernel: [    0.000000]   Normal zone: 4456448 pages, LIFO batch:63
Oct 28 21:34:51 ubuntu kernel: [    0.000000] psci: probing for conduit method from ACPI.
Oct 28 21:34:51 ubuntu kernel: [    0.000000] psci: PSCIv1.0 detected in firmware.
Oct 28 21:34:51 ubuntu systemd-fsck[1070]: fsck.fat 4.1 (2017-01-24)
Oct 28 21:34:51 ubuntu kernel: [    0.000000] psci: Using standard PSCI v0.2 function IDs
Oct 28 21:34:51 ubuntu systemd-fsck[1070]: /dev/sda1: 5 files, 41/65501 clusters
Oct 28 21:34:51 ubuntu kernel: [    0.000000] psci: Trusted OS migration not required
Oct 28 21:34:51 ubuntu kernel: [    0.000000] psci: SMC Calling Convention v1.1
Oct 28 21:34:51 ubuntu kernel: [    0.000000] ACPI: SRAT not present
Oct 28 21:34:51 ubuntu kernel: [    0.000000] percpu: Embedded 33 pages/cpu s94616 r8192 d32360 u135168
Oct 28 21:34:51 ubuntu kernel: [    0.000000] pcpu-alloc: s94616 r8192 d32360 u135168 alloc=33*4096
Oct 28 21:34:51 ubuntu systemd[1]: Started File System Check on /dev/disk/by-uuid/5EA9-3D4C.
Oct 28 21:34:51 ubuntu kernel: [    0.000000] pcpu-alloc: [0] 00 [0] 01 [0] 02 [0] 03 [0] 04 [0] 05 [0] 06 [0] 07 
Oct 28 21:34:51 ubuntu kernel: [    0.000000] pcpu-alloc: [0] 08 [0] 09 [0] 10 [0] 11 [0] 12 [0] 13 [0] 14 [0] 15 
Oct 28 21:34:51 ubuntu kernel: [    0.000000] pcpu-alloc: [0] 16 [0] 17 [0] 18 [0] 19 [0] 20 [0] 21 [0] 22 [0] 23 
Oct 28 21:34:51 ubuntu systemd[1]: Mounting /boot/efi...
Oct 28 21:34:51 ubuntu kernel: [    0.000000] pcpu-alloc: [0] 24 [0] 25 [0] 26 [0] 27 [0] 28 [0] 29 [0] 30 [0] 31 
Oct 28 21:34:51 ubuntu kernel: [    0.000000] Detected VIPT I-cache on CPU0
Oct 28 21:34:51 ubuntu kernel: [    0.000000] CPU features: detected: GIC system register CPU interface
Oct 28 21:34:51 ubuntu kernel: [    0.000000] CPU features: detected: Hardware dirty bit management
Oct 28 21:34:51 ubuntu systemd[1]: Mounted /boot/efi.
Oct 28 21:34:51 ubuntu kernel: [    0.000000] Built 1 zonelists, mobility grouping on.  Total pages: 5140480
Oct 28 21:34:51 ubuntu systemd[1]: Reached target Local File Systems.
Oct 28 21:34:51 ubuntu kernel: [    0.000000] Policy zone: Normal
Oct 28 21:34:51 ubuntu kernel: [    0.000000] Kernel command line: BOOT_IMAGE=/boot/vmlinuz-5.7.1 root=/dev/mapper/ubuntu--vg-root ro
Oct 28 21:34:51 ubuntu kernel: [    0.000000] Dentry cache hash table entries: 4194304 (order: 13, 33554432 bytes, linear)
Oct 28 21:34:51 ubuntu kernel: [    0.000000] Inode-cache hash table entries: 2097152 (order: 12, 16777216 bytes, linear)
Oct 28 21:34:51 ubuntu kernel: [    0.000000] mem auto-init: stack:off, heap alloc:on, heap free:off
Oct 28 21:34:51 ubuntu systemd[1]: Starting AppArmor initialization...
Oct 28 21:34:51 ubuntu kernel: [    0.000000] software IO TLB: mapped [mem 0x7bfff000-0x7ffff000] (64MB)
Oct 28 21:34:51 ubuntu kernel: [    0.000000] Memory: 20269608K/20971520K available (14204K kernel code, 2354K rwdata, 6868K rodata, 7040K init, 1132K bss, 669144K reserved, 32768K cma-reserved)
Oct 28 21:34:51 ubuntu kernel: [    0.000000] random: get_random_u64 called from __kmem_cache_create+0x54/0x5d8 with crng_init=0
Oct 28 21:34:51 ubuntu kernel: [    0.000000] SLUB: HWalign=64, Order=0-3, MinObjects=0, CPUs=32, Nodes=1
Oct 28 21:34:51 ubuntu systemd[1]: Starting Set console font and keymap...
Oct 28 21:34:51 ubuntu kernel: [    0.000000] ftrace: allocating 46106 entries in 181 pages
Oct 28 21:34:51 ubuntu kernel: [    0.000000] ftrace: allocated 181 pages with 5 groups
Oct 28 21:34:51 ubuntu kernel: [    0.000000] rcu: Hierarchical RCU implementation.
Oct 28 21:34:51 ubuntu systemd[1]: Starting ebtables ruleset management...
Oct 28 21:34:51 ubuntu kernel: [    0.000000] rcu: 	RCU restricting CPUs from NR_CPUS=256 to nr_cpu_ids=32.
Oct 28 21:34:51 ubuntu kernel: [    0.000000] 	Tasks RCU enabled.
Oct 28 21:34:51 ubuntu kernel: [    0.000000] rcu: RCU calculated value of scheduler-enlistment delay is 25 jiffies.
Oct 28 21:34:51 ubuntu kernel: [    0.000000] rcu: Adjusting geometry for rcu_fanout_leaf=16, nr_cpu_ids=32
Oct 28 21:34:51 ubuntu kernel: [    0.000000] NR_IRQS: 64, nr_irqs: 64, preallocated irqs: 0
Oct 28 21:34:51 ubuntu kernel: [    0.000000] GICv3: 256 SPIs implemented
Oct 28 21:34:51 ubuntu systemd[1]: Starting Tell Plymouth To Write Out Runtime Data...
Oct 28 21:34:51 ubuntu kernel: [    0.000000] GICv3: 0 Extended SPIs implemented
Oct 28 21:34:51 ubuntu kernel: [    0.000000] GICv3: Distributor has no Range Selector support
Oct 28 21:34:51 ubuntu kernel: [    0.000000] GICv3: 16 PPIs implemented
Oct 28 21:34:51 ubuntu systemd[1]: Starting Create Volatile Files and Directories...
Oct 28 21:34:51 ubuntu systemd[1]: Started Set console font and keymap.
Oct 28 21:34:51 ubuntu kernel: [    0.000000] GICv3: CPU0: found redistributor 0 region 0:0x00000000080a0000
Oct 28 21:34:51 ubuntu kernel: [    0.000000] ACPI: SRAT not present
Oct 28 21:34:51 ubuntu systemd[1]: Started Tell Plymouth To Write Out Runtime Data.
Oct 28 21:34:51 ubuntu kernel: [    0.000000] ITS [mem 0x08080000-0x0809ffff]
Oct 28 21:34:51 ubuntu apparmor[1079]:  * Starting AppArmor profiles
Oct 28 21:34:51 ubuntu kernel: [    0.000000] ITS@0x0000000008080000: allocated 8192 Devices @53ca00000 (indirect, esz 8, psz 64K, shr 1)
Oct 28 21:34:51 ubuntu kernel: [    0.000000] ITS@0x0000000008080000: allocated 8192 Interrupt Collections @53ca10000 (flat, esz 8, psz 64K, shr 1)
Oct 28 21:34:51 ubuntu kernel: [    0.000000] GICv3: using LPI property table @0x000000053ca20000
Oct 28 21:34:51 ubuntu systemd[1]: Started Create Volatile Files and Directories.
Oct 28 21:34:51 ubuntu kernel: [    0.000000] GICv3: CPU0: using allocated LPI pending table @0x000000053ca30000
Oct 28 21:34:51 ubuntu kernel: [    0.000000] arch_timer: cp15 timer(s) running at 100.00MHz (virt).
Oct 28 21:34:51 ubuntu systemd[1]: Started ebtables ruleset management.
Oct 28 21:34:51 ubuntu kernel: [    0.000000] clocksource: arch_sys_counter: mask: 0xffffffffffffff max_cycles: 0x171024e7e0, max_idle_ns: 440795205315 ns
Oct 28 21:34:51 ubuntu kernel: [    0.000002] sched_clock: 56 bits at 100MHz, resolution 10ns, wraps every 4398046511100ns
Oct 28 21:34:51 ubuntu kernel: [    0.000226] Console: colour dummy device 80x25
Oct 28 21:34:51 ubuntu kernel: [    0.000304] ACPI: Core revision 20200326
Oct 28 21:34:51 ubuntu systemd[1]: Reached target Network (Pre).
Oct 28 21:34:51 ubuntu kernel: [    0.000423] Calibrating delay loop (skipped), value calculated using timer frequency.. 200.00 BogoMIPS (lpj=400000)
Oct 28 21:34:51 ubuntu kernel: [    0.000426] pid_max: default: 32768 minimum: 301
Oct 28 21:34:51 ubuntu systemd[1]: Starting Network Service...
Oct 28 21:34:51 ubuntu kernel: [    0.000498] LSM: Security Framework initializing
Oct 28 21:34:51 ubuntu kernel: [    0.000526] Yama: becoming mindful.
Oct 28 21:34:51 ubuntu kernel: [    0.000680] AppArmor: AppArmor initialized
Oct 28 21:34:51 ubuntu systemd[1]: Starting Update UTMP about System Boot/Shutdown...
Oct 28 21:34:51 ubuntu kernel: [    0.001038] Mount-cache hash table entries: 65536 (order: 7, 524288 bytes, linear)
Oct 28 21:34:51 ubuntu kernel: [    0.001320] Mountpoint-cache hash table entries: 65536 (order: 7, 524288 bytes, linear)
Oct 28 21:34:51 ubuntu systemd[1]: Starting Network Time Synchronization...
Oct 28 21:34:51 ubuntu kernel: [    0.002953] ACPI PPTT: No PPTT table found, CPU and cache topology may be inaccurate
Oct 28 21:34:51 ubuntu kernel: [    0.003310] rcu: Hierarchical SRCU implementation.
Oct 28 21:34:51 ubuntu kernel: [    0.003924] Platform MSI: ITS@0x8080000 domain created
Oct 28 21:34:51 ubuntu kernel: [    0.003939] PCI/MSI: ITS@0x8080000 domain created
Oct 28 21:34:51 ubuntu kernel: [    0.004052] Remapping and enabling EFI services.
Oct 28 21:34:51 ubuntu kernel: [    0.004066] [mitosis-origin] pgd_alloc for mm=ffff800011dcda40 and mm->pgd =ffff0004df9ba000.
Oct 28 21:34:51 ubuntu systemd[1]: Started Update UTMP about System Boot/Shutdown.
Oct 28 21:34:51 ubuntu kernel: [    0.005212] smp: Bringing up secondary CPUs ...
Oct 28 21:34:51 ubuntu systemd-networkd[1105]: Enumeration completed
Oct 28 21:34:51 ubuntu kernel: [    0.196231] Detected VIPT I-cache on CPU1
Oct 28 21:34:51 ubuntu kernel: [    0.196273] GICv3: CPU1: found redistributor 1 region 0:0x00000000080c0000
Oct 28 21:34:51 ubuntu kernel: [    0.196633] GICv3: CPU1: using allocated LPI pending table @0x000000053ca40000
Oct 28 21:34:51 ubuntu systemd[1]: Started Network Service.
Oct 28 21:34:51 ubuntu kernel: [    0.196697] CPU1: Booted secondary processor 0x0000000001 [0x481fd010]
Oct 28 21:34:51 ubuntu systemd-networkd[1105]: lo: Link is not managed by us
Oct 28 21:34:51 ubuntu systemd[1]: Starting Network Name Resolution...
Oct 28 21:34:51 ubuntu kernel: [    0.300553] Detected VIPT I-cache on CPU2
Oct 28 21:34:51 ubuntu systemd[1]: Starting Wait for Network to be Configured...
Oct 28 21:34:51 ubuntu kernel: [    0.300574] GICv3: CPU2: found redistributor 2 region 0:0x00000000080e0000
Oct 28 21:34:51 ubuntu kernel: [    0.300774] GICv3: CPU2: using allocated LPI pending table @0x000000053ca50000
Oct 28 21:34:51 ubuntu kernel: [    0.300805] CPU2: Booted secondary processor 0x0000000002 [0x481fd010]
Oct 28 21:34:51 ubuntu systemd[1]: Started Network Time Synchronization.
Oct 28 21:34:51 ubuntu kernel: [    0.403554] Detected VIPT I-cache on CPU3
Oct 28 21:34:51 ubuntu kernel: [    0.403573] GICv3: CPU3: found redistributor 3 region 0:0x0000000008100000
Oct 28 21:34:51 ubuntu kernel: [    0.403761] GICv3: CPU3: using allocated LPI pending table @0x000000053ca60000
Oct 28 21:34:51 ubuntu systemd[1]: Reached target System Time Synchronized.
Oct 28 21:34:51 ubuntu kernel: [    0.403788] CPU3: Booted secondary processor 0x0000000003 [0x481fd010]
Oct 28 21:34:51 ubuntu kernel: [    0.506630] Detected VIPT I-cache on CPU4
Oct 28 21:34:51 ubuntu kernel: [    0.506649] GICv3: CPU4: found redistributor 4 region 0:0x0000000008120000
Oct 28 21:34:51 ubuntu systemd-networkd[1105]: enp1s0: Gained carrier
Oct 28 21:34:51 ubuntu kernel: [    0.506830] GICv3: CPU4: using allocated LPI pending table @0x000000053ca70000
Oct 28 21:34:51 ubuntu kernel: [    0.506856] CPU4: Booted secondary processor 0x0000000004 [0x481fd010]
Oct 28 21:34:51 ubuntu kernel: [    0.609908] Detected VIPT I-cache on CPU5
Oct 28 21:34:51 ubuntu kernel: [    0.609930] GICv3: CPU5: found redistributor 5 region 0:0x0000000008140000
Oct 28 21:34:51 ubuntu kernel: [    0.610150] GICv3: CPU5: using allocated LPI pending table @0x000000053ca80000
Oct 28 21:34:51 ubuntu kernel: [    0.610177] CPU5: Booted secondary processor 0x0000000005 [0x481fd010]
Oct 28 21:34:51 ubuntu systemd-timesyncd[1111]: Network configuration changed, trying to establish connection.
Oct 28 21:34:51 ubuntu kernel: [    0.852831] Detected VIPT I-cache on CPU6
Oct 28 21:34:51 ubuntu kernel: [    0.852869] GICv3: CPU6: found redistributor 6 region 0:0x0000000008160000
Oct 28 21:34:51 ubuntu kernel: [    0.853101] GICv3: CPU6: using allocated LPI pending table @0x000000053ca90000
Oct 28 21:34:51 ubuntu kernel: [    0.853148] CPU6: Booted secondary processor 0x0000000006 [0x481fd010]
Oct 28 21:34:51 ubuntu kernel: [    0.962085] Detected VIPT I-cache on CPU7
Oct 28 21:34:51 ubuntu kernel: [    0.962111] GICv3: CPU7: found redistributor 7 region 0:0x0000000008180000
Oct 28 21:34:51 ubuntu apparmor[1079]: Skipping profile in /etc/apparmor.d/disable: usr.sbin.rsyslogd
Oct 28 21:34:51 ubuntu kernel: [    0.962336] GICv3: CPU7: using allocated LPI pending table @0x000000053caa0000
Oct 28 21:34:51 ubuntu kernel: [    0.962365] CPU7: Booted secondary processor 0x0000000007 [0x481fd010]
Oct 28 21:34:51 ubuntu kernel: [    1.235815] Detected VIPT I-cache on CPU8
Oct 28 21:34:51 ubuntu kernel: [    1.235868] GICv3: CPU8: found redistributor 8 region 0:0x00000000081a0000
Oct 28 21:34:51 ubuntu kernel: [    1.236127] GICv3: CPU8: using allocated LPI pending table @0x000000053cab0000
Oct 28 21:34:51 ubuntu kernel: [    1.236165] CPU8: Booted secondary processor 0x0000000008 [0x481fd010]
Oct 28 21:34:51 ubuntu systemd-resolved[1131]: Positive Trust Anchors:
Oct 28 21:34:51 ubuntu kernel: [    1.507390] Detected VIPT I-cache on CPU9
Oct 28 21:34:51 ubuntu kernel: [    1.507418] GICv3: CPU9: found redistributor 9 region 0:0x00000000081c0000
Oct 28 21:34:51 ubuntu kernel: [    1.507644] GICv3: CPU9: using allocated LPI pending table @0x000000053cac0000
Oct 28 21:34:51 ubuntu systemd-resolved[1131]: . IN DS 19036 8 2 49aac11d7b6f6446702e54a1607371607a1a41855200fd2ce1cdde32f24e8fb5
Oct 28 21:34:51 ubuntu systemd-resolved[1131]: . IN DS 20326 8 2 e06d44b80b8f1d39a95c0b0d7c65d08458e880409bbc683457104237c7f8ec8d
Oct 28 21:34:51 ubuntu systemd-resolved[1131]: Negative trust anchors: 10.in-addr.arpa 16.172.in-addr.arpa 17.172.in-addr.arpa 18.172.in-addr.arpa 19.172.in-addr.arpa 20.172.in-addr.arpa 21.172.in-addr.arpa 22.172.in-addr.arpa 23.172.in-addr.arpa 24.172.in-addr.arpa 25.172.in-addr.arpa 26.172.in-addr.arpa 27.172.in-addr.arpa 28.172.in-addr.arpa 29.172.in-addr.arpa 30.172.in-addr.arpa 31.172.in-addr.arpa 168.192.in-addr.arpa d.f.ip6.arpa corp home internal intranet lan local private test
Oct 28 21:34:51 ubuntu systemd-resolved[1131]: Using system hostname 'ubuntu'.
Oct 28 21:34:51 ubuntu kernel: [    1.507677] CPU9: Booted secondary processor 0x0000000009 [0x481fd010]
Oct 28 21:34:51 ubuntu kernel: [    1.783111] Detected VIPT I-cache on CPU10
Oct 28 21:34:51 ubuntu systemd[1]: Started Network Name Resolution.
Oct 28 21:34:51 ubuntu kernel: [    1.783145] GICv3: CPU10: found redistributor a region 0:0x00000000081e0000
Oct 28 21:34:51 ubuntu kernel: [    1.783384] GICv3: CPU10: using allocated LPI pending table @0x000000053cad0000
Oct 28 21:34:51 ubuntu kernel: [    1.783417] CPU10: Booted secondary processor 0x000000000a [0x481fd010]
Oct 28 21:34:51 ubuntu kernel: [    2.056447] Detected VIPT I-cache on CPU11
Oct 28 21:34:51 ubuntu systemd[1]: Reached target Host and Network Name Lookups.
Oct 28 21:34:51 ubuntu kernel: [    2.056478] GICv3: CPU11: found redistributor b region 0:0x0000000008200000
Oct 28 21:34:51 ubuntu kernel: [    2.056715] GICv3: CPU11: using allocated LPI pending table @0x000000053cae0000
Oct 28 21:34:51 ubuntu systemd[1]: Reached target Network.
Oct 28 21:34:51 ubuntu kernel: [    2.056752] CPU11: Booted secondary processor 0x000000000b [0x481fd010]
Oct 28 21:34:51 ubuntu kernel: [    2.333671] Detected VIPT I-cache on CPU12
Oct 28 21:34:51 ubuntu apparmor[1079]:    ...done.
Oct 28 21:34:51 ubuntu kernel: [    2.333722] GICv3: CPU12: found redistributor c region 0:0x0000000008220000
Oct 28 21:34:51 ubuntu kernel: [    2.333972] GICv3: CPU12: using allocated LPI pending table @0x000000053caf0000
Oct 28 21:34:51 ubuntu systemd[1]: Started AppArmor initialization.
Oct 28 21:34:51 ubuntu kernel: [    2.334005] CPU12: Booted secondary processor 0x000000000c [0x481fd010]
Oct 28 21:34:51 ubuntu kernel: [    2.442566] Detected VIPT I-cache on CPU13
Oct 28 21:34:51 ubuntu kernel: [    2.442684] GICv3: CPU13: found redistributor d region 0:0x0000000008240000
Oct 28 21:34:51 ubuntu systemd[1]: Reached target System Initialization.
Oct 28 21:34:51 ubuntu kernel: [    2.443131] GICv3: CPU13: using allocated LPI pending table @0x000000053cb00000
Oct 28 21:34:51 ubuntu kernel: [    2.443236] CPU13: Booted secondary processor 0x000000000d [0x481fd010]
Oct 28 21:34:51 ubuntu kernel: [    2.574836] Detected VIPT I-cache on CPU14
Oct 28 21:34:51 ubuntu kernel: [    2.574924] GICv3: CPU14: found redistributor e region 0:0x0000000008260000
Oct 28 21:34:51 ubuntu kernel: [    2.575300] GICv3: CPU14: using allocated LPI pending table @0x000000053cb10000
Oct 28 21:34:51 ubuntu systemd[1]: Listening on UUID daemon activation socket.
Oct 28 21:34:51 ubuntu kernel: [    2.575364] CPU14: Booted secondary processor 0x000000000e [0x481fd010]
Oct 28 21:34:51 ubuntu kernel: [    2.850324] Detected VIPT I-cache on CPU15
Oct 28 21:34:51 ubuntu kernel: [    2.850362] GICv3: CPU15: found redistributor f region 0:0x0000000008280000
Oct 28 21:34:51 ubuntu kernel: [    2.850565] GICv3: CPU15: using allocated LPI pending table @0x000000053cb20000
Oct 28 21:34:51 ubuntu kernel: [    2.850592] CPU15: Booted secondary processor 0x000000000f [0x481fd010]
Oct 28 21:34:51 ubuntu kernel: [    3.131141] Detected VIPT I-cache on CPU16
Oct 28 21:34:51 ubuntu kernel: [    3.131194] GICv3: CPU16: found redistributor 100 region 0:0x00000000082a0000
Oct 28 21:34:51 ubuntu kernel: [    3.131448] GICv3: CPU16: using allocated LPI pending table @0x000000053cb30000
Oct 28 21:34:51 ubuntu kernel: [    3.131491] CPU16: Booted secondary processor 0x0000000100 [0x481fd010]
Oct 28 21:34:51 ubuntu kernel: [    3.241288] Detected VIPT I-cache on CPU17
Oct 28 21:34:51 ubuntu kernel: [    3.241394] GICv3: CPU17: found redistributor 101 region 0:0x00000000082c0000
Oct 28 21:34:51 ubuntu systemd[1]: Started ACPI Events Check.
Oct 28 21:34:51 ubuntu kernel: [    3.241775] GICv3: CPU17: using allocated LPI pending table @0x000000053cb40000
Oct 28 21:34:51 ubuntu systemd[1]: Starting LXD - unix socket.
Oct 28 21:34:51 ubuntu kernel: [    3.241848] CPU17: Booted secondary processor 0x0000000101 [0x481fd010]
Oct 28 21:34:51 ubuntu kernel: [    3.517152] Detected VIPT I-cache on CPU18
Oct 28 21:34:51 ubuntu kernel: [    3.517199] GICv3: CPU18: found redistributor 102 region 0:0x00000000082e0000
Oct 28 21:34:51 ubuntu kernel: [    3.517415] GICv3: CPU18: using allocated LPI pending table @0x000000053cb50000
Oct 28 21:34:51 ubuntu systemd[1]: Starting Socket activation for snappy daemon.
Oct 28 21:34:51 ubuntu kernel: [    3.517446] CPU18: Booted secondary processor 0x0000000102 [0x481fd010]
Oct 28 21:34:51 ubuntu systemd[1]: Listening on Open-iSCSI iscsid Socket.
Oct 28 21:34:51 ubuntu systemd[1]: Started Daily apt download activities.
Oct 28 21:34:51 ubuntu systemd[1]: Started Daily apt upgrade and clean activities.
Oct 28 21:34:51 ubuntu kernel: [    3.622254] Detected VIPT I-cache on CPU19
Oct 28 21:34:51 ubuntu systemd[1]: Listening on D-Bus System Message Bus Socket.
Oct 28 21:34:51 ubuntu kernel: [    3.622358] GICv3: CPU19: found redistributor 103 region 0:0x0000000008300000
Oct 28 21:34:51 ubuntu kernel: [    3.622732] GICv3: CPU19: using allocated LPI pending table @0x000000053cb60000
Oct 28 21:34:51 ubuntu kernel: [    3.622800] CPU19: Booted secondary processor 0x0000000103 [0x481fd010]
Oct 28 21:34:51 ubuntu kernel: [    3.904563] Detected VIPT I-cache on CPU20
Oct 28 21:34:51 ubuntu systemd[1]: Started Message of the Day.
Oct 28 21:34:51 ubuntu kernel: [    3.904618] GICv3: CPU20: found redistributor 104 region 0:0x0000000008320000
Oct 28 21:34:51 ubuntu kernel: [    3.904859] GICv3: CPU20: using allocated LPI pending table @0x000000053cb70000
Oct 28 21:34:51 ubuntu kernel: [    3.904902] CPU20: Booted secondary processor 0x0000000104 [0x481fd010]
Oct 28 21:34:51 ubuntu kernel: [    4.016200] Detected VIPT I-cache on CPU21
Oct 28 21:34:51 ubuntu systemd[1]: Listening on ACPID Listen Socket.
Oct 28 21:34:51 ubuntu kernel: [    4.016320] GICv3: CPU21: found redistributor 105 region 0:0x0000000008340000
Oct 28 21:34:51 ubuntu kernel: [    4.016726] GICv3: CPU21: using allocated LPI pending table @0x000000053cb80000
Oct 28 21:34:51 ubuntu systemd[1]: Started Daily Cleanup of Temporary Directories.
Oct 28 21:34:51 ubuntu kernel: [    4.016802] CPU21: Booted secondary processor 0x0000000105 [0x481fd010]
Oct 28 21:34:51 ubuntu kernel: [    4.129168] Detected VIPT I-cache on CPU22
Oct 28 21:34:51 ubuntu systemd[1]: Started Discard unused blocks once a week.
Oct 28 21:34:51 ubuntu kernel: [    4.129223] GICv3: CPU22: found redistributor 106 region 0:0x0000000008360000
Oct 28 21:34:51 ubuntu kernel: [    4.129421] GICv3: CPU22: using allocated LPI pending table @0x000000053cb90000
Oct 28 21:34:51 ubuntu kernel: [    4.129453] CPU22: Booted secondary processor 0x0000000106 [0x481fd010]
Oct 28 21:34:51 ubuntu kernel: [    4.411261] Detected VIPT I-cache on CPU23
Oct 28 21:34:51 ubuntu systemd[1]: Reached target Timers.
Oct 28 21:34:51 ubuntu kernel: [    4.411324] GICv3: CPU23: found redistributor 107 region 0:0x0000000008380000
Oct 28 21:34:51 ubuntu systemd[1]: Reached target Paths.
Oct 28 21:34:51 ubuntu systemd[1]: Listening on LXD - unix socket.
Oct 28 21:34:51 ubuntu kernel: [    4.411582] GICv3: CPU23: using allocated LPI pending table @0x000000053cba0000
Oct 28 21:34:51 ubuntu systemd[1]: Listening on Socket activation for snappy daemon.
Oct 28 21:34:51 ubuntu kernel: [    4.411621] CPU23: Booted secondary processor 0x0000000107 [0x481fd010]
Oct 28 21:34:51 ubuntu systemd[1]: Reached target Sockets.
Oct 28 21:34:51 ubuntu kernel: [    4.522180] Detected VIPT I-cache on CPU24
Oct 28 21:34:51 ubuntu systemd[1]: Reached target Basic System.
Oct 28 21:34:51 ubuntu systemd[1]: Started Deferred execution scheduler.
Oct 28 21:34:51 ubuntu kernel: [    4.522318] GICv3: CPU24: found redistributor 108 region 0:0x00000000083a0000
Oct 28 21:34:51 ubuntu kernel: [    4.522667] GICv3: CPU24: using allocated LPI pending table @0x000000053cbb0000
Oct 28 21:34:51 ubuntu kernel: [    4.522742] CPU24: Booted secondary processor 0x0000000108 [0x481fd010]
Oct 28 21:34:51 ubuntu systemd[1]: Starting Dispatcher daemon for systemd-networkd...
Oct 28 21:34:51 ubuntu kernel: [    4.654051] Detected VIPT I-cache on CPU25
Oct 28 21:34:51 ubuntu kernel: [    4.654184] GICv3: CPU25: found redistributor 109 region 0:0x00000000083c0000
Oct 28 21:34:51 ubuntu systemd[1]: Starting System Logging Service...
Oct 28 21:34:51 ubuntu kernel: [    4.654557] GICv3: CPU25: using allocated LPI pending table @0x000000053cbc0000
Oct 28 21:34:51 ubuntu systemd[1]: Started Regular background program processing daemon.
Oct 28 21:34:51 ubuntu systemd[1]: Starting LSB: Record successful boot for GRUB...
Oct 28 21:34:51 ubuntu kernel: [    4.654627] CPU25: Booted secondary processor 0x0000000109 [0x481fd010]
Oct 28 21:34:51 ubuntu kernel: [    4.935213] Detected VIPT I-cache on CPU26
Oct 28 21:34:51 ubuntu cron[1172]: (CRON) INFO (pidfile fd = 3)
Oct 28 21:34:51 ubuntu kernel: [    4.935268] GICv3: CPU26: found redistributor 10a region 0:0x00000000083e0000
Oct 28 21:34:51 ubuntu kernel: [    4.935499] GICv3: CPU26: using allocated LPI pending table @0x000000053cbd0000
Oct 28 21:34:51 ubuntu systemd[1]: Started D-Bus System Message Bus.
Oct 28 21:34:51 ubuntu kernel: [    4.935524] CPU26: Booted secondary processor 0x000000010a [0x481fd010]
Oct 28 21:34:51 ubuntu cron[1172]: (CRON) INFO (Running @reboot jobs)
Oct 28 21:34:51 ubuntu rsyslogd: imuxsock: Acquired UNIX socket '/run/systemd/journal/syslog' (fd 3) from systemd.  [v8.32.0]
Oct 28 21:34:51 ubuntu rsyslogd: rsyslogd's groupid changed to 106
Oct 28 21:34:51 ubuntu rsyslogd: rsyslogd's userid changed to 102
Oct 28 21:34:51 ubuntu rsyslogd:  [origin software="rsyslogd" swVersion="8.32.0" x-pid="1171" x-info="http://www.rsyslog.com"] start
Oct 28 21:34:51 ubuntu kernel: [    5.219913] Detected VIPT I-cache on CPU27
Oct 28 21:34:51 ubuntu kernel: [    5.220010] GICv3: CPU27: found redistributor 10b region 0:0x0000000008400000
Oct 28 21:34:51 ubuntu kernel: [    5.220205] GICv3: CPU27: using allocated LPI pending table @0x000000053cbe0000
Oct 28 21:34:51 ubuntu kernel: [    5.220246] CPU27: Booted secondary processor 0x000000010b [0x481fd010]
Oct 28 21:34:51 ubuntu kernel: [    5.503033] Detected VIPT I-cache on CPU28
Oct 28 21:34:51 ubuntu kernel: [    5.503090] GICv3: CPU28: found redistributor 10c region 0:0x0000000008420000
Oct 28 21:34:51 ubuntu kernel: [    5.503317] GICv3: CPU28: using allocated LPI pending table @0x000000053cbf0000
Oct 28 21:34:51 ubuntu kernel: [    5.503352] CPU28: Booted secondary processor 0x000000010c [0x481fd010]
Oct 28 21:34:51 ubuntu kernel: [    5.610467] Detected VIPT I-cache on CPU29
Oct 28 21:34:51 ubuntu kernel: [    5.610557] GICv3: CPU29: found redistributor 10d region 0:0x0000000008440000
Oct 28 21:34:51 ubuntu kernel: [    5.610710] GICv3: CPU29: using allocated LPI pending table @0x000000051f800000
Oct 28 21:34:51 ubuntu kernel: [    5.610741] CPU29: Booted secondary processor 0x000000010d [0x481fd010]
Oct 28 21:34:51 ubuntu kernel: [    5.717181] Detected VIPT I-cache on CPU30
Oct 28 21:34:51 ubuntu kernel: [    5.717331] GICv3: CPU30: found redistributor 10e region 0:0x0000000008460000
Oct 28 21:34:51 ubuntu kernel: [    5.717587] GICv3: CPU30: using allocated LPI pending table @0x000000051f810000
Oct 28 21:34:51 ubuntu kernel: [    5.717640] CPU30: Booted secondary processor 0x000000010e [0x481fd010]
Oct 28 21:34:51 ubuntu kernel: [    5.828601] Detected VIPT I-cache on CPU31
Oct 28 21:34:51 ubuntu kernel: [    5.828679] GICv3: CPU31: found redistributor 10f region 0:0x0000000008480000
Oct 28 21:34:51 ubuntu kernel: [    5.828846] GICv3: CPU31: using allocated LPI pending table @0x000000051f820000
Oct 28 21:34:51 ubuntu kernel: [    5.828883] CPU31: Booted secondary processor 0x000000010f [0x481fd010]
Oct 28 21:34:51 ubuntu kernel: [    5.828988] smp: Brought up 1 node, 32 CPUs
Oct 28 21:34:51 ubuntu kernel: [    5.829034] SMP: Total of 32 processors activated.
Oct 28 21:34:51 ubuntu kernel: [    5.829036] CPU features: detected: Privileged Access Never
Oct 28 21:34:51 ubuntu kernel: [    5.829037] CPU features: detected: LSE atomic instructions
Oct 28 21:34:51 ubuntu kernel: [    5.829039] CPU features: detected: User Access Override
Oct 28 21:34:51 ubuntu kernel: [    5.829040] CPU features: detected: Common not Private translations
Oct 28 21:34:51 ubuntu kernel: [    5.829041] CPU features: detected: Data cache clean to Point of Persistence
Oct 28 21:34:51 ubuntu kernel: [    5.829042] CPU features: detected: RAS Extension Support
Oct 28 21:34:51 ubuntu kernel: [    5.829044] CPU features: detected: CRC32 instructions
Oct 28 21:34:51 ubuntu kernel: [    5.927302] CPU: All CPU(s) started at EL1
Oct 28 21:34:51 ubuntu kernel: [    5.927639] alternatives: patching kernel code
Oct 28 21:34:51 ubuntu kernel: [    5.931980] devtmpfs: initialized
Oct 28 21:34:51 ubuntu kernel: [    5.933290] Registered cp15_barrier emulation handler
Oct 28 21:34:51 ubuntu kernel: [    5.933471] Registered setend emulation handler
Oct 28 21:34:51 ubuntu kernel: [    5.933481] KASLR disabled due to lack of seed
Oct 28 21:34:51 ubuntu kernel: [    5.934730] clocksource: jiffies: mask: 0xffffffff max_cycles: 0xffffffff, max_idle_ns: 7645041785100000 ns
Oct 28 21:34:51 ubuntu kernel: [    5.935052] futex hash table entries: 8192 (order: 7, 524288 bytes, linear)
Oct 28 21:34:51 ubuntu kernel: [    5.936197] pinctrl core: initialized pinctrl subsystem
Oct 28 21:34:51 ubuntu kernel: [    5.936781] thermal_sys: Registered thermal governor 'fair_share'
Oct 28 21:34:51 ubuntu kernel: [    5.936782] thermal_sys: Registered thermal governor 'bang_bang'
Oct 28 21:34:51 ubuntu kernel: [    5.936784] thermal_sys: Registered thermal governor 'step_wise'
Oct 28 21:34:51 ubuntu kernel: [    5.936786] thermal_sys: Registered thermal governor 'user_space'
Oct 28 21:34:51 ubuntu kernel: [    5.936892] SMBIOS 3.0.0 present.
Oct 28 21:34:51 ubuntu kernel: [    5.936897] DMI: QEMU KVM Virtual Machine, BIOS 0.0.0 02/06/2015
Oct 28 21:34:51 ubuntu kernel: [    5.937520] NET: Registered protocol family 16
Oct 28 21:34:51 ubuntu kernel: [    5.939562] DMA: preallocated 256 KiB pool for atomic allocations
Oct 28 21:34:51 ubuntu kernel: [    5.939570] audit: initializing netlink subsys (disabled)
Oct 28 21:34:51 ubuntu kernel: [    5.939794] audit: type=2000 audit(5.876:1): state=initialized audit_enabled=0 res=1
Oct 28 21:34:51 ubuntu kernel: [    5.940348] cpuidle: using governor ladder
Oct 28 21:34:51 ubuntu kernel: [    5.940469] cpuidle: using governor menu
Oct 28 21:34:51 ubuntu kernel: [    5.940551] hw-breakpoint: found 6 breakpoint and 4 watchpoint registers.
Oct 28 21:34:51 ubuntu kernel: [    5.943130] ASID allocator initialised with 65536 entries
Oct 28 21:34:51 ubuntu kernel: [    5.943557] ACPI: bus type PCI registered
Oct 28 21:34:51 ubuntu kernel: [    5.943582] acpiphp: ACPI Hot Plug PCI Controller Driver version: 0.5
Oct 28 21:34:51 ubuntu kernel: [    5.944182] Serial: AMBA PL011 UART driver
Oct 28 21:34:51 ubuntu kernel: [    5.952236] HugeTLB registered 1.00 GiB page size, pre-allocated 0 pages
Oct 28 21:34:51 ubuntu kernel: [    5.952243] HugeTLB registered 32.0 MiB page size, pre-allocated 0 pages
Oct 28 21:34:51 ubuntu kernel: [    5.952247] HugeTLB registered 2.00 MiB page size, pre-allocated 0 pages
Oct 28 21:34:51 ubuntu kernel: [    5.952251] HugeTLB registered 64.0 KiB page size, pre-allocated 0 pages
Oct 28 21:34:51 ubuntu kernel: [    5.970272] ACPI: Added _OSI(Module Device)
Oct 28 21:34:51 ubuntu kernel: [    5.970275] ACPI: Added _OSI(Processor Device)
Oct 28 21:34:51 ubuntu kernel: [    5.970276] ACPI: Added _OSI(3.0 _SCP Extensions)
Oct 28 21:34:51 ubuntu kernel: [    5.970278] ACPI: Added _OSI(Processor Aggregator Device)
Oct 28 21:34:51 ubuntu kernel: [    5.970279] ACPI: Added _OSI(Linux-Dell-Video)
Oct 28 21:34:51 ubuntu kernel: [    5.970281] ACPI: Added _OSI(Linux-Lenovo-NV-HDMI-Audio)
Oct 28 21:34:51 ubuntu kernel: [    5.970282] ACPI: Added _OSI(Linux-HPI-Hybrid-Graphics)
Oct 28 21:34:51 ubuntu kernel: [    5.971103] ACPI: 1 ACPI AML tables successfully acquired and loaded
Oct 28 21:34:51 ubuntu kernel: [    5.971625] ACPI: Interpreter enabled
Oct 28 21:34:51 ubuntu kernel: [    5.971626] ACPI: Using GIC for interrupt routing
Oct 28 21:34:51 ubuntu kernel: [    5.971640] ACPI: MCFG table detected, 1 entries
Oct 28 21:34:51 ubuntu kernel: [    5.976100] ARMH0011:00: ttyAMA0 at MMIO 0x9000000 (irq = 4, base_baud = 0) is a SBSA
Oct 28 21:34:51 ubuntu kernel: [    6.127181] printk: console [ttyAMA0] enabled
Oct 28 21:34:51 ubuntu kernel: [    6.129352] ACPI: PCI Root Bridge [PCI0] (domain 0000 [bus 00-0f])
Oct 28 21:34:51 ubuntu kernel: [    6.129989] acpi PNP0A08:00: _OSC: OS supports [ExtendedConfig ASPM ClockPM Segments MSI HPX-Type3]
Oct 28 21:34:51 ubuntu kernel: [    6.131042] acpi PNP0A08:00: _OSC: platform does not support [SHPCHotplug LTR]
Oct 28 21:34:51 ubuntu kernel: [    6.131796] acpi PNP0A08:00: _OSC: OS now controls [PCIeHotplug PME AER PCIeCapability]
Oct 28 21:34:51 ubuntu kernel: [    6.132812] acpi PNP0A08:00: ECAM area [mem 0x3f000000-0x3fffffff] reserved by PNP0C02:00
Oct 28 21:34:51 ubuntu kernel: [    6.133587] acpi PNP0A08:00: ECAM at [mem 0x3f000000-0x3fffffff] for [bus 00-0f]
Oct 28 21:34:51 ubuntu kernel: [    6.134342] Remapped I/O 0x000000003eff0000 to [io  0x0000-0xffff window]
Oct 28 21:34:51 ubuntu kernel: [    6.135192] PCI host bridge to bus 0000:00
Oct 28 21:34:51 ubuntu kernel: [    6.135577] pci_bus 0000:00: root bus resource [mem 0x10000000-0x3efeffff window]
Oct 28 21:34:51 ubuntu kernel: [    6.136266] pci_bus 0000:00: root bus resource [io  0x0000-0xffff window]
Oct 28 21:34:51 ubuntu kernel: [    6.136895] pci_bus 0000:00: root bus resource [mem 0x8000000000-0xffffffffff window]
Oct 28 21:34:51 ubuntu kernel: [    6.137604] pci_bus 0000:00: root bus resource [bus 00-0f]
Oct 28 21:34:51 ubuntu kernel: [    6.138163] pci 0000:00:00.0: [1b36:0008] type 00 class 0x060000
Oct 28 21:34:51 ubuntu kernel: [    6.139085] pci 0000:00:01.0: [1b36:000c] type 01 class 0x060400
Oct 28 21:34:51 ubuntu kernel: [    6.141008] pci 0000:00:01.0: reg 0x10: [mem 0x10303000-0x10303fff]
Oct 28 21:34:51 ubuntu kernel: [    6.144533] pci 0000:00:01.1: [1b36:000c] type 01 class 0x060400
Oct 28 21:34:51 ubuntu kernel: [    6.146596] pci 0000:00:01.1: reg 0x10: [mem 0x10302000-0x10302fff]
Oct 28 21:34:51 ubuntu kernel: [    6.150796] pci 0000:00:01.2: [1b36:000c] type 01 class 0x060400
Oct 28 21:34:51 ubuntu kernel: [    6.152598] pci 0000:00:01.2: reg 0x10: [mem 0x10301000-0x10301fff]
Oct 28 21:34:51 ubuntu kernel: [    6.155475] pci 0000:00:01.3: [1b36:000c] type 01 class 0x060400
Oct 28 21:34:51 ubuntu kernel: [    6.157296] pci 0000:00:01.3: reg 0x10: [mem 0x10300000-0x10300fff]
Oct 28 21:34:51 ubuntu kernel: [    6.161782] pci 0000:01:00.0: [1af4:1041] type 00 class 0x020000
Oct 28 21:34:51 ubuntu kernel: [    6.163668] pci 0000:01:00.0: reg 0x14: [mem 0x10200000-0x10200fff]
Oct 28 21:34:51 ubuntu kernel: [    6.166286] pci 0000:01:00.0: reg 0x20: [mem 0x8000000000-0x8000003fff 64bit pref]
Oct 28 21:34:51 ubuntu kernel: [    6.167718] pci 0000:01:00.0: reg 0x30: [mem 0xfff80000-0xffffffff pref]
Oct 28 21:34:51 ubuntu kernel: [    6.169492] pci 0000:02:00.0: [1b36:000d] type 00 class 0x0c0330
Oct 28 21:34:51 ubuntu kernel: [    6.170211] pci 0000:02:00.0: reg 0x10: [mem 0x10100000-0x10103fff 64bit]
Oct 28 21:34:51 ubuntu kernel: [    6.172450] pci 0000:03:00.0: [1af4:1048] type 00 class 0x010000
Oct 28 21:34:51 ubuntu kernel: [    6.174288] pci 0000:03:00.0: reg 0x14: [mem 0x10000000-0x10000fff]
Oct 28 21:34:51 ubuntu kernel: [    6.176762] pci 0000:03:00.0: reg 0x20: [mem 0x8000100000-0x8000103fff 64bit pref]
Oct 28 21:34:51 ubuntu kernel: [    6.181364] pci 0000:00:01.0: bridge window [io  0x1000-0x0fff] to [bus 01] add_size 1000
Oct 28 21:34:51 ubuntu kernel: [    6.183766] pci 0000:00:01.0: bridge window [mem 0x00100000-0x001fffff 64bit pref] to [bus 01] add_size 100000 add_align 100000
Oct 28 21:34:51 ubuntu kernel: [    6.186592] pci 0000:00:01.0: bridge window [mem 0x00100000-0x001fffff] to [bus 01] add_size 100000 add_align 100000
Oct 28 21:34:51 ubuntu kernel: [    6.189037] pci 0000:00:01.1: bridge window [io  0x1000-0x0fff] to [bus 02] add_size 1000
Oct 28 21:34:51 ubuntu kernel: [    6.191012] pci 0000:00:01.1: bridge window [mem 0x00100000-0x000fffff 64bit pref] to [bus 02] add_size 200000 add_align 100000
Oct 28 21:34:51 ubuntu kernel: [    6.192887] pci 0000:00:01.1: bridge window [mem 0x00100000-0x001fffff] to [bus 02] add_size 100000 add_align 100000
Oct 28 21:34:51 ubuntu kernel: [    6.193802] pci 0000:00:01.2: bridge window [io  0x1000-0x0fff] to [bus 03] add_size 1000
Oct 28 21:34:51 ubuntu kernel: [    6.194511] pci 0000:00:01.2: bridge window [mem 0x00100000-0x001fffff 64bit pref] to [bus 03] add_size 100000 add_align 100000
Oct 28 21:34:51 ubuntu kernel: [    6.195540] pci 0000:00:01.2: bridge window [mem 0x00100000-0x001fffff] to [bus 03] add_size 100000 add_align 100000
Oct 28 21:34:51 ubuntu kernel: [    6.196463] pci 0000:00:01.3: bridge window [io  0x1000-0x0fff] to [bus 04] add_size 1000
Oct 28 21:34:51 ubuntu kernel: [    6.197232] pci 0000:00:01.3: bridge window [mem 0x00100000-0x000fffff 64bit pref] to [bus 04] add_size 200000 add_align 100000
Oct 28 21:34:51 ubuntu kernel: [    6.198281] pci 0000:00:01.3: bridge window [mem 0x00100000-0x000fffff] to [bus 04] add_size 200000 add_align 100000
Oct 28 21:34:51 ubuntu kernel: [    6.199296] pci 0000:00:01.0: BAR 14: assigned [mem 0x10000000-0x101fffff]
Oct 28 21:34:51 ubuntu kernel: [    6.199980] pci 0000:00:01.0: BAR 15: assigned [mem 0x8000000000-0x80001fffff 64bit pref]
Oct 28 21:34:51 ubuntu kernel: [    6.200766] pci 0000:00:01.1: BAR 14: assigned [mem 0x10200000-0x103fffff]
Oct 28 21:34:51 ubuntu kernel: [    6.201387] pci 0000:00:01.1: BAR 15: assigned [mem 0x8000200000-0x80003fffff 64bit pref]
Oct 28 21:34:51 ubuntu kernel: [    6.202152] pci 0000:00:01.2: BAR 14: assigned [mem 0x10400000-0x105fffff]
Oct 28 21:34:51 ubuntu kernel: [    6.202791] pci 0000:00:01.2: BAR 15: assigned [mem 0x8000400000-0x80005fffff 64bit pref]
Oct 28 21:34:51 ubuntu kernel: [    6.203503] pci 0000:00:01.3: BAR 14: assigned [mem 0x10600000-0x107fffff]
Oct 28 21:34:51 ubuntu kernel: [    6.204110] pci 0000:00:01.3: BAR 15: assigned [mem 0x8000600000-0x80007fffff 64bit pref]
Oct 28 21:34:51 ubuntu kernel: [    6.204837] pci 0000:00:01.0: BAR 0: assigned [mem 0x10800000-0x10800fff]
Oct 28 21:34:51 ubuntu kernel: [    6.205881] pci 0000:00:01.0: BAR 13: assigned [io  0x1000-0x1fff]
Oct 28 21:34:51 ubuntu kernel: [    6.206465] pci 0000:00:01.1: BAR 0: assigned [mem 0x10801000-0x10801fff]
Oct 28 21:34:51 ubuntu kernel: [    6.207406] pci 0000:00:01.1: BAR 13: assigned [io  0x2000-0x2fff]
Oct 28 21:34:51 ubuntu kernel: [    6.207949] pci 0000:00:01.2: BAR 0: assigned [mem 0x10802000-0x10802fff]
Oct 28 21:34:51 ubuntu kernel: [    6.208927] pci 0000:00:01.2: BAR 13: assigned [io  0x3000-0x3fff]
Oct 28 21:34:51 ubuntu kernel: [    6.209473] pci 0000:00:01.3: BAR 0: assigned [mem 0x10803000-0x10803fff]
Oct 28 21:34:51 ubuntu kernel: [    6.210394] pci 0000:00:01.3: BAR 13: assigned [io  0x4000-0x4fff]
Oct 28 21:34:51 ubuntu kernel: [    6.210943] pci 0000:01:00.0: BAR 6: assigned [mem 0x10000000-0x1007ffff pref]
Oct 28 21:34:51 ubuntu kernel: [    6.211580] pci 0000:01:00.0: BAR 4: assigned [mem 0x8000000000-0x8000003fff 64bit pref]
Oct 28 21:34:51 ubuntu kernel: [    6.212980] pci 0000:01:00.0: BAR 1: assigned [mem 0x10080000-0x10080fff]
Oct 28 21:34:51 ubuntu kernel: [    6.213904] pci 0000:00:01.0: PCI bridge to [bus 01]
Oct 28 21:34:51 ubuntu kernel: [    6.214353] pci 0000:00:01.0:   bridge window [io  0x1000-0x1fff]
Oct 28 21:34:51 ubuntu kernel: [    6.215570] pci 0000:00:01.0:   bridge window [mem 0x10000000-0x101fffff]
Oct 28 21:34:51 ubuntu kernel: [    6.217359] pci 0000:00:01.0:   bridge window [mem 0x8000000000-0x80001fffff 64bit pref]
Oct 28 21:34:51 ubuntu kernel: [    6.219014] pci 0000:02:00.0: BAR 0: assigned [mem 0x10200000-0x10203fff 64bit]
Oct 28 21:34:51 ubuntu kernel: [    6.219798] pci 0000:00:01.1: PCI bridge to [bus 02]
Oct 28 21:34:51 ubuntu kernel: [    6.220300] pci 0000:00:01.1:   bridge window [io  0x2000-0x2fff]
Oct 28 21:34:51 ubuntu kernel: [    6.221613] pci 0000:00:01.1:   bridge window [mem 0x10200000-0x103fffff]
Oct 28 21:34:51 ubuntu kernel: [    6.222737] pci 0000:00:01.1:   bridge window [mem 0x8000200000-0x80003fffff 64bit pref]
Oct 28 21:34:51 ubuntu kernel: [    6.224466] pci 0000:03:00.0: BAR 4: assigned [mem 0x8000400000-0x8000403fff 64bit pref]
Oct 28 21:34:51 ubuntu kernel: [    6.225912] pci 0000:03:00.0: BAR 1: assigned [mem 0x10400000-0x10400fff]
Oct 28 21:34:51 ubuntu kernel: [    6.227471] pci 0000:00:01.2: PCI bridge to [bus 03]
Oct 28 21:34:51 ubuntu kernel: [    6.227940] pci 0000:00:01.2:   bridge window [io  0x3000-0x3fff]
Oct 28 21:34:51 ubuntu kernel: [    6.229110] pci 0000:00:01.2:   bridge window [mem 0x10400000-0x105fffff]
Oct 28 21:34:51 ubuntu kernel: [    6.230221] pci 0000:00:01.2:   bridge window [mem 0x8000400000-0x80005fffff 64bit pref]
Oct 28 21:34:51 ubuntu kernel: [    6.231809] pci 0000:00:01.3: PCI bridge to [bus 04]
Oct 28 21:34:51 ubuntu kernel: [    6.232281] pci 0000:00:01.3:   bridge window [io  0x4000-0x4fff]
Oct 28 21:34:51 ubuntu kernel: [    6.233680] pci 0000:00:01.3:   bridge window [mem 0x10600000-0x107fffff]
Oct 28 21:34:51 ubuntu kernel: [    6.234893] pci 0000:00:01.3:   bridge window [mem 0x8000600000-0x80007fffff 64bit pref]
Oct 28 21:34:51 ubuntu kernel: [    6.236637] pci_bus 0000:00: resource 4 [mem 0x10000000-0x3efeffff window]
Oct 28 21:34:51 ubuntu kernel: [    6.238040] pci_bus 0000:00: resource 5 [io  0x0000-0xffff window]
Oct 28 21:34:51 ubuntu kernel: [    6.238685] pci_bus 0000:00: resource 6 [mem 0x8000000000-0xffffffffff window]
Oct 28 21:34:51 ubuntu kernel: [    6.239434] pci_bus 0000:01: resource 0 [io  0x1000-0x1fff]
Oct 28 21:34:51 ubuntu kernel: [    6.239991] pci_bus 0000:01: resource 1 [mem 0x10000000-0x101fffff]
Oct 28 21:34:51 ubuntu kernel: [    6.240712] pci_bus 0000:01: resource 2 [mem 0x8000000000-0x80001fffff 64bit pref]
Oct 28 21:34:51 ubuntu kernel: [    6.241487] pci_bus 0000:02: resource 0 [io  0x2000-0x2fff]
Oct 28 21:34:51 ubuntu kernel: [    6.242013] pci_bus 0000:02: resource 1 [mem 0x10200000-0x103fffff]
Oct 28 21:34:51 ubuntu kernel: [    6.242597] pci_bus 0000:02: resource 2 [mem 0x8000200000-0x80003fffff 64bit pref]
Oct 28 21:34:51 ubuntu kernel: [    6.243355] pci_bus 0000:03: resource 0 [io  0x3000-0x3fff]
Oct 28 21:34:51 ubuntu kernel: [    6.243882] pci_bus 0000:03: resource 1 [mem 0x10400000-0x105fffff]
Oct 28 21:34:51 ubuntu kernel: [    6.244471] pci_bus 0000:03: resource 2 [mem 0x8000400000-0x80005fffff 64bit pref]
Oct 28 21:34:51 ubuntu kernel: [    6.245185] pci_bus 0000:04: resource 0 [io  0x4000-0x4fff]
Oct 28 21:34:51 ubuntu kernel: [    6.245711] pci_bus 0000:04: resource 1 [mem 0x10600000-0x107fffff]
Oct 28 21:34:51 ubuntu kernel: [    6.246299] pci_bus 0000:04: resource 2 [mem 0x8000600000-0x80007fffff 64bit pref]
Oct 28 21:34:51 ubuntu kernel: [    6.247122] ACPI: PCI Interrupt Link [GSI0] (IRQs *35)
Oct 28 21:34:51 ubuntu kernel: [    6.247690] ACPI: PCI Interrupt Link [GSI1] (IRQs *36)
Oct 28 21:34:51 ubuntu kernel: [    6.248187] ACPI: PCI Interrupt Link [GSI2] (IRQs *37)
Oct 28 21:34:51 ubuntu kernel: [    6.248739] ACPI: PCI Interrupt Link [GSI3] (IRQs *38)
Oct 28 21:34:51 ubuntu kernel: [    6.250403] iommu: Default domain type: Translated 
Oct 28 21:34:51 ubuntu kernel: [    6.250942] vgaarb: loaded
Oct 28 21:34:51 ubuntu kernel: [    6.251723] SCSI subsystem initialized
Oct 28 21:34:51 ubuntu kernel: [    6.252431] libata version 3.00 loaded.
Oct 28 21:34:51 ubuntu kernel: [    6.252493] ACPI: bus type USB registered
Oct 28 21:34:51 ubuntu kernel: [    6.252905] usbcore: registered new interface driver usbfs
Oct 28 21:34:51 ubuntu kernel: [    6.253475] usbcore: registered new interface driver hub
Oct 28 21:34:51 ubuntu kernel: [    6.254438] usbcore: registered new device driver usb
Oct 28 21:34:51 ubuntu kernel: [    6.254991] pps_core: LinuxPPS API ver. 1 registered
Oct 28 21:34:51 ubuntu kernel: [    6.255496] pps_core: Software ver. 5.3.6 - Copyright 2005-2007 Rodolfo Giometti <giometti@linux.it>
Oct 28 21:34:51 ubuntu kernel: [    6.256405] PTP clock support registered
Oct 28 21:34:51 ubuntu kernel: [    6.257380] EDAC MC: Ver: 3.0.0
Oct 28 21:34:51 ubuntu kernel: [    6.258048] Registered efivars operations
Oct 28 21:34:51 ubuntu kernel: [    6.260617] NetLabel: Initializing
Oct 28 21:34:51 ubuntu kernel: [    6.260933] NetLabel:  domain hash size = 128
Oct 28 21:34:51 ubuntu kernel: [    6.261326] NetLabel:  protocols = UNLABELED CIPSOv4 CALIPSO
Oct 28 21:34:51 ubuntu kernel: [    6.261916] NetLabel:  unlabeled traffic allowed by default
Oct 28 21:34:51 ubuntu kernel: [    6.263052] clocksource: Switched to clocksource arch_sys_counter
Oct 28 21:34:51 ubuntu kernel: [    6.286714] VFS: Disk quotas dquot_6.6.0
Oct 28 21:34:51 ubuntu kernel: [    6.287182] VFS: Dquot-cache hash table entries: 512 (order 0, 4096 bytes)
Oct 28 21:34:51 ubuntu kernel: [    6.288168] AppArmor: AppArmor Filesystem Enabled
Oct 28 21:34:51 ubuntu kernel: [    6.288704] pnp: PnP ACPI init
Oct 28 21:34:51 ubuntu kernel: [    6.289248] system 00:00: [mem 0x3f000000-0x3fffffff] could not be reserved
Oct 28 21:34:51 ubuntu kernel: [    6.289880] system 00:00: Plug and Play ACPI device, IDs PNP0c02 (active)
Oct 28 21:34:51 ubuntu kernel: [    6.289888] pnp: PnP ACPI: found 1 devices
Oct 28 21:34:51 ubuntu kernel: [    6.293611] NET: Registered protocol family 2
Oct 28 21:34:51 ubuntu kernel: [    6.295198] tcp_listen_portaddr_hash hash table entries: 16384 (order: 6, 262144 bytes, linear)
Oct 28 21:34:51 ubuntu kernel: [    6.298423] TCP established hash table entries: 262144 (order: 9, 2097152 bytes, linear)
Oct 28 21:34:51 ubuntu kernel: [    6.301629] TCP bind hash table entries: 65536 (order: 8, 1048576 bytes, linear)
Oct 28 21:34:51 ubuntu kernel: [    6.303198] TCP: Hash tables configured (established 262144 bind 65536)
Oct 28 21:34:51 ubuntu kernel: [    6.305283] UDP hash table entries: 16384 (order: 7, 524288 bytes, linear)
Oct 28 21:34:51 ubuntu kernel: [    6.306976] UDP-Lite hash table entries: 16384 (order: 7, 524288 bytes, linear)
Oct 28 21:34:51 ubuntu kernel: [    6.308022] NET: Registered protocol family 1
Oct 28 21:34:51 ubuntu kernel: [    6.308467] NET: Registered protocol family 44
Oct 28 21:34:51 ubuntu kernel: [    6.308974] pci 0000:02:00.0: enabling device (0000 -> 0002)
Oct 28 21:34:51 ubuntu kernel: [    6.309938] PCI: CLS 0 bytes, default 64
Oct 28 21:34:51 ubuntu kernel: [    6.310497] Trying to unpack rootfs image as initramfs...
Oct 28 21:34:51 ubuntu kernel: [    7.307227] Freeing initrd memory: 61288K
Oct 28 21:34:51 ubuntu kernel: [    7.334858] hw perfevents: enabled with armv8_pmuv3_0 PMU driver, 13 counters available
Oct 28 21:34:51 ubuntu kernel: [    7.337058] kvm [1]: HYP mode not available
Oct 28 21:34:51 ubuntu kernel: [    7.338230] Initialise system trusted keyrings
Oct 28 21:34:51 ubuntu kernel: [    7.338711] Key type blacklist registered
Oct 28 21:34:51 ubuntu kernel: [    7.339268] workingset: timestamp_bits=40 max_order=23 bucket_order=0
Oct 28 21:34:51 ubuntu kernel: [    7.341223] zbud: loaded
Oct 28 21:34:51 ubuntu kernel: [    7.341982] squashfs: version 4.0 (2009/01/31) Phillip Lougher
Oct 28 21:34:51 ubuntu kernel: [    7.342848] fuse: init (API version 7.31)
Oct 28 21:34:51 ubuntu kernel: [    7.343901] integrity: Platform Keyring initialized
Oct 28 21:34:51 ubuntu kernel: [    7.348964] [mitosis-origin] pgd_alloc for mm=ffff0004d114b400 and mm->pgd =ffff0004def27000.
Oct 28 21:34:51 ubuntu kernel: [    7.352507] Key type asymmetric registered
Oct 28 21:34:51 ubuntu kernel: [    7.352904] Asymmetric key parser 'x509' registered
Oct 28 21:34:51 ubuntu kernel: [    7.353371] Block layer SCSI generic (bsg) driver version 0.4 loaded (major 244)
Oct 28 21:34:51 ubuntu kernel: [    7.354795] io scheduler mq-deadline registered
Oct 28 21:34:51 ubuntu kernel: [    7.358941] pl061_gpio ARMH0061:00: PL061 GPIO chip registered
Oct 28 21:34:51 ubuntu kernel: [    7.360259] PCI Interrupt Link [GSI1] enabled at IRQ 36
Oct 28 21:34:51 ubuntu kernel: [    7.362222] pcieport 0000:00:01.0: PME: Signaling with IRQ 44
Oct 28 21:34:51 ubuntu kernel: [    7.362965] pcieport 0000:00:01.0: AER: enabled with IRQ 44
Oct 28 21:34:51 ubuntu kernel: [    7.363603] pcieport 0000:00:01.0: pciehp: Slot #0 AttnBtn+ PwrCtrl+ MRL- AttnInd+ PwrInd+ HotPlug+ Surprise+ Interlock+ NoCompl- IbPresDis- LLActRep-
Oct 28 21:34:51 ubuntu kernel: [    7.365793] pcieport 0000:00:01.1: PME: Signaling with IRQ 45
Oct 28 21:34:51 ubuntu kernel: [    7.366535] pcieport 0000:00:01.1: AER: enabled with IRQ 45
Oct 28 21:34:51 ubuntu kernel: [    7.367112] pcieport 0000:00:01.1: pciehp: Slot #0 AttnBtn+ PwrCtrl+ MRL- AttnInd+ PwrInd+ HotPlug+ Surprise+ Interlock+ NoCompl- IbPresDis- LLActRep-
Oct 28 21:34:51 ubuntu kernel: [    7.369218] pcieport 0000:00:01.2: PME: Signaling with IRQ 46
Oct 28 21:34:51 ubuntu kernel: [    7.369941] pcieport 0000:00:01.2: AER: enabled with IRQ 46
Oct 28 21:34:51 ubuntu kernel: [    7.370496] pcieport 0000:00:01.2: pciehp: Slot #0 AttnBtn+ PwrCtrl+ MRL- AttnInd+ PwrInd+ HotPlug+ Surprise+ Interlock+ NoCompl- IbPresDis- LLActRep-
Oct 28 21:34:51 ubuntu kernel: [    7.372699] pcieport 0000:00:01.3: PME: Signaling with IRQ 47
Oct 28 21:34:51 ubuntu kernel: [    7.373410] pcieport 0000:00:01.3: AER: enabled with IRQ 47
Oct 28 21:34:51 ubuntu kernel: [    7.373989] pcieport 0000:00:01.3: pciehp: Slot #0 AttnBtn+ PwrCtrl+ MRL- AttnInd+ PwrInd+ HotPlug+ Surprise+ Interlock+ NoCompl- IbPresDis- LLActRep-
Oct 28 21:34:51 ubuntu kernel: [    7.375411] pcieport 0000:00:01.3: pciehp: Slot(0-3): Link Up
Oct 28 21:34:51 ubuntu kernel: [    7.375815] shpchp: Standard Hot Plug PCI Controller Driver version: 0.4
Oct 28 21:34:51 ubuntu kernel: [    7.377350] input: Power Button as /devices/LNXSYSTM:00/LNXSYBUS:00/PNP0C0C:00/input/input0
Oct 28 21:34:51 ubuntu kernel: [    7.378177] ACPI: Power Button [PWRB]
Oct 28 21:34:51 ubuntu kernel: [    7.383825] Serial: 8250/16550 driver, 32 ports, IRQ sharing enabled
Oct 28 21:34:51 ubuntu kernel: [    7.386576] msm_serial: driver initialized
Oct 28 21:34:51 ubuntu kernel: [    7.387571] cacheinfo: Unable to detect cache hierarchy for CPU 0
Oct 28 21:34:51 ubuntu kernel: [    7.403350] loop: module loaded
Oct 28 21:34:51 ubuntu kernel: [    7.405233] libphy: Fixed MDIO Bus: probed
Oct 28 21:34:51 ubuntu kernel: [    7.405838] tun: Universal TUN/TAP device driver, 1.6
Oct 28 21:34:51 ubuntu kernel: [    7.406856] PPP generic driver version 2.4.2
Oct 28 21:34:51 ubuntu kernel: [    7.407714] ehci_hcd: USB 2.0 'Enhanced' Host Controller (EHCI) Driver
Oct 28 21:34:51 ubuntu kernel: [    7.408609] ehci-pci: EHCI PCI platform driver
Oct 28 21:34:51 ubuntu kernel: [    7.409254] ehci-orion: EHCI orion driver
Oct 28 21:34:51 ubuntu kernel: [    7.409847] ohci_hcd: USB 1.1 'Open' Host Controller (OHCI) Driver
Oct 28 21:34:51 ubuntu kernel: [    7.410533] ohci-pci: OHCI PCI platform driver
Oct 28 21:34:51 ubuntu kernel: [    7.410970] uhci_hcd: USB Universal Host Controller Interface driver
Oct 28 21:34:51 ubuntu kernel: [    7.412631] xhci_hcd 0000:02:00.0: xHCI Host Controller
Oct 28 21:34:51 ubuntu kernel: [    7.413332] xhci_hcd 0000:02:00.0: new USB bus registered, assigned bus number 1
Oct 28 21:34:51 ubuntu kernel: [    7.414364] xhci_hcd 0000:02:00.0: hcc params 0x00087001 hci version 0x100 quirks 0x0000000000000010
Oct 28 21:34:51 ubuntu kernel: [    7.416380] usb usb1: New USB device found, idVendor=1d6b, idProduct=0002, bcdDevice= 5.07
Oct 28 21:34:51 ubuntu kernel: [    7.417167] usb usb1: New USB device strings: Mfr=3, Product=2, SerialNumber=1
Oct 28 21:34:51 ubuntu kernel: [    7.417854] usb usb1: Product: xHCI Host Controller
Oct 28 21:34:51 ubuntu kernel: [    7.418310] usb usb1: Manufacturer: Linux 5.7.1 xhci-hcd
Oct 28 21:34:51 ubuntu kernel: [    7.418809] usb usb1: SerialNumber: 0000:02:00.0
Oct 28 21:34:51 ubuntu kernel: [    7.419531] hub 1-0:1.0: USB hub found
Oct 28 21:34:51 ubuntu kernel: [    7.419944] hub 1-0:1.0: 8 ports detected
Oct 28 21:34:51 ubuntu kernel: [    7.420694] xhci_hcd 0000:02:00.0: xHCI Host Controller
Oct 28 21:34:51 ubuntu kernel: [    7.421199] xhci_hcd 0000:02:00.0: new USB bus registered, assigned bus number 2
Oct 28 21:34:51 ubuntu kernel: [    7.421911] xhci_hcd 0000:02:00.0: Host supports USB 3.0 SuperSpeed
Oct 28 21:34:51 ubuntu kernel: [    7.422533] usb usb2: We don't know the algorithms for LPM for this host, disabling LPM.
Oct 28 21:34:51 ubuntu kernel: [    7.423352] usb usb2: New USB device found, idVendor=1d6b, idProduct=0003, bcdDevice= 5.07
Oct 28 21:34:51 ubuntu kernel: [    7.424129] usb usb2: New USB device strings: Mfr=3, Product=2, SerialNumber=1
Oct 28 21:34:51 ubuntu kernel: [    7.424819] usb usb2: Product: xHCI Host Controller
Oct 28 21:34:51 ubuntu kernel: [    7.425264] usb usb2: Manufacturer: Linux 5.7.1 xhci-hcd
Oct 28 21:34:51 ubuntu kernel: [    7.425757] usb usb2: SerialNumber: 0000:02:00.0
Oct 28 21:34:51 ubuntu kernel: [    7.426316] hub 2-0:1.0: USB hub found
Oct 28 21:34:51 ubuntu kernel: [    7.426699] hub 2-0:1.0: 8 ports detected
Oct 28 21:34:51 ubuntu kernel: [    7.427627] mousedev: PS/2 mouse device common for all mice
Oct 28 21:34:51 ubuntu kernel: [    7.428690] rtc-efi rtc-efi.0: registered as rtc0
Oct 28 21:34:51 ubuntu kernel: [    7.429388] rtc-efi rtc-efi.0: setting system clock to 2020-10-28T13:34:45 UTC (1603892085)
Oct 28 21:34:51 ubuntu kernel: [    7.430283] i2c /dev entries driver
Oct 28 21:34:51 ubuntu kernel: [    7.430875] device-mapper: uevent: version 1.0.3
Oct 28 21:34:51 ubuntu kernel: [    7.431506] device-mapper: ioctl: 4.42.0-ioctl (2020-02-27) initialised: dm-devel@redhat.com
Oct 28 21:34:51 ubuntu kernel: [    7.433740] ledtrig-cpu: registered to indicate activity on CPUs
Oct 28 21:34:51 ubuntu kernel: [    7.434412] EFI Variables Facility v0.08 2004-May-17
Oct 28 21:34:51 ubuntu kernel: [    7.436843] NET: Registered protocol family 10
Oct 28 21:34:51 ubuntu kernel: [    7.438515] [mitosis-origin] pgd_alloc for mm=ffff000495941800 and mm->pgd =ffff0004de403000.
Oct 28 21:34:51 ubuntu kernel: [    7.441018] [mitosis-origin] pgd_alloc for mm=ffff000495941000 and mm->pgd =ffff0004de561000.
Oct 28 21:34:51 ubuntu kernel: [    7.441900] [mitosis-origin] pgd_free for mm=ffff000495941800 and pgd =ffff0004de403000 and mm->pgd=ffff0004de403000.
Oct 28 21:34:51 ubuntu kernel: [    7.444266] [mitosis-origin] pgd_alloc for mm=ffff000495941800 and mm->pgd =ffff0004d11b5000.
Oct 28 21:34:51 ubuntu kernel: [    7.445143] [mitosis-origin] pgd_free for mm=ffff000495941000 and pgd =ffff0004de561000 and mm->pgd=ffff0004de561000.
Oct 28 21:34:51 ubuntu kernel: [    7.447445] [mitosis-origin] pgd_alloc for mm=ffff00049596ec00 and mm->pgd =ffff0004df327000.
Oct 28 21:34:51 ubuntu kernel: [    7.450945] [mitosis-origin] pgd_alloc for mm=ffff00049596c400 and mm->pgd =ffff0004df337000.
Oct 28 21:34:51 ubuntu kernel: [    7.452646] [mitosis-origin] pgd_free for mm=ffff00049596ec00 and pgd =ffff0004df327000 and mm->pgd=ffff0004df327000.
Oct 28 21:34:51 ubuntu kernel: [    7.456172] [mitosis-origin] pgd_alloc for mm=ffff0004959a7c00 and mm->pgd =ffff0004df366000.
Oct 28 21:34:51 ubuntu kernel: [    7.460517] Segment Routing with IPv6
Oct 28 21:34:51 ubuntu kernel: [    7.461088] NET: Registered protocol family 17
Oct 28 21:34:51 ubuntu kernel: [    7.461851] Key type dns_resolver registered
Oct 28 21:34:51 ubuntu kernel: [    7.462419] registered taskstats version 1
Oct 28 21:34:51 ubuntu kernel: [    7.462825] Loading compiled-in X.509 certificates
Oct 28 21:34:51 ubuntu kernel: [    7.464286] [mitosis-origin] pgd_alloc for mm=ffff0004d114b800 and mm->pgd =ffff0004959ca000.
Oct 28 21:34:51 ubuntu kernel: [    7.465841] [mitosis-origin] pgd_free for mm=ffff0004d114b400 and pgd =ffff0004def27000 and mm->pgd=ffff0004def27000.
Oct 28 21:34:51 ubuntu kernel: [    7.470292] Loaded X.509 cert 'Build time autogenerated kernel key: 5fc9bbbf10d23f3f9dda6c889ba5358a20950e89'
Oct 28 21:34:51 ubuntu kernel: [    7.472192] zswap: loaded using pool lzo/zbud
Oct 28 21:34:51 ubuntu kernel: [    7.473454] Key type ._fscrypt registered
Oct 28 21:34:51 ubuntu kernel: [    7.474019] Key type .fscrypt registered
Oct 28 21:34:51 ubuntu kernel: [    7.474545] Key type fscrypt-provisioning registered
Oct 28 21:34:51 ubuntu kernel: [    7.475479] [mitosis-origin] pgd_alloc for mm=ffff000495add800 and mm->pgd =ffff0004de8a5000.
Oct 28 21:34:51 ubuntu kernel: [    7.478136] [mitosis-origin] pgd_alloc for mm=ffff000495ada000 and mm->pgd =ffff0004de8b5000.
Oct 28 21:34:51 ubuntu kernel: [    7.479450] [mitosis-origin] pgd_free for mm=ffff000495add800 and pgd =ffff0004de8a5000 and mm->pgd=ffff0004de8a5000.
Oct 28 21:34:51 ubuntu kernel: [    7.482366] [mitosis-origin] pgd_alloc for mm=ffff000495add800 and mm->pgd =ffff0004de8c3000.
Oct 28 21:34:51 ubuntu kernel: [    7.483679] [mitosis-origin] pgd_free for mm=ffff000495ada000 and pgd =ffff0004de8b5000 and mm->pgd=ffff0004de8b5000.
Oct 28 21:34:51 ubuntu kernel: [    7.488504] [mitosis-origin] pgd_alloc for mm=ffff000495b47400 and mm->pgd =ffff0004df1cf000.
Oct 28 21:34:51 ubuntu kernel: [    7.495124] cryptd: max_cpu_qlen set to 1000
Oct 28 21:34:51 ubuntu kernel: [    7.503951] [mitosis-origin] pgd_alloc for mm=ffff000495bfd000 and mm->pgd =ffff0004de80e000.
Oct 28 21:34:51 ubuntu kernel: [    7.508912] [mitosis-origin] pgd_alloc for mm=ffff000495bfe000 and mm->pgd =ffff0004959f3000.
Oct 28 21:34:51 ubuntu kernel: [    7.511214] [mitosis-origin] pgd_free for mm=ffff000495bfd000 and pgd =ffff0004de80e000 and mm->pgd=ffff0004de80e000.
Oct 28 21:34:51 ubuntu kernel: [    7.514370] [mitosis-origin] pgd_alloc for mm=ffff000495bfd000 and mm->pgd =ffff0004959f7000.
Oct 28 21:34:51 ubuntu kernel: [    7.515267] [mitosis-origin] pgd_free for mm=ffff000495bfe000 and pgd =ffff0004959f3000 and mm->pgd=ffff0004959f3000.
Oct 28 21:34:51 ubuntu kernel: [    7.517144] [mitosis-origin] pgd_alloc for mm=ffff000495bfe000 and mm->pgd =ffff0004959fb000.
Oct 28 21:34:51 ubuntu kernel: [    7.517997] [mitosis-origin] pgd_free for mm=ffff000495bfd000 and pgd =ffff0004959f7000 and mm->pgd=ffff0004959f7000.
Oct 28 21:34:51 ubuntu kernel: [    7.519879] [mitosis-origin] pgd_alloc for mm=ffff000495bfd000 and mm->pgd =ffff000495406000.
Oct 28 21:34:51 ubuntu kernel: [    7.520715] [mitosis-origin] pgd_free for mm=ffff000495bfe000 and pgd =ffff0004959fb000 and mm->pgd=ffff0004959fb000.
Oct 28 21:34:51 ubuntu kernel: [    7.522607] [mitosis-origin] pgd_alloc for mm=ffff000495bfe000 and mm->pgd =ffff00049540a000.
Oct 28 21:34:51 ubuntu kernel: [    7.523610] [mitosis-origin] pgd_free for mm=ffff000495bfd000 and pgd =ffff000495406000 and mm->pgd=ffff000495406000.
Oct 28 21:34:51 ubuntu kernel: [    7.525630] [mitosis-origin] pgd_alloc for mm=ffff000495ada000 and mm->pgd =ffff0004de8c8000.
Oct 28 21:34:51 ubuntu kernel: [    7.527394] [mitosis-origin] pgd_free for mm=ffff000495941800 and pgd =ffff0004d11b5000 and mm->pgd=ffff0004d11b5000.
Oct 28 21:34:51 ubuntu kernel: [    7.530587] [mitosis-origin] pgd_alloc for mm=ffff0004954dc000 and mm->pgd =ffff000495418000.
Oct 28 21:34:51 ubuntu kernel: [    7.533802] [mitosis-origin] pgd_alloc for mm=ffff0004954d8c00 and mm->pgd =ffff000495426000.
Oct 28 21:34:51 ubuntu kernel: [    7.535150] [mitosis-origin] pgd_free for mm=ffff0004954dc000 and pgd =ffff000495418000 and mm->pgd=ffff000495418000.
Oct 28 21:34:51 ubuntu kernel: [    7.538192] [mitosis-origin] pgd_alloc for mm=ffff0004954dc000 and mm->pgd =ffff0004de571000.
Oct 28 21:34:51 ubuntu kernel: [    7.539220] [mitosis-origin] pgd_free for mm=ffff0004954d8c00 and pgd =ffff000495426000 and mm->pgd=ffff000495426000.
Oct 28 21:34:51 ubuntu kernel: [    7.541538] [mitosis-origin] pgd_alloc for mm=ffff0004954d8c00 and mm->pgd =ffff0004df343000.
Oct 28 21:34:51 ubuntu kernel: [    7.542539] [mitosis-origin] pgd_free for mm=ffff0004954dc000 and pgd =ffff0004de571000 and mm->pgd=ffff0004de571000.
Oct 28 21:34:51 ubuntu kernel: [    7.544895] [mitosis-origin] pgd_alloc for mm=ffff0004954dc000 and mm->pgd =ffff0004df340000.
Oct 28 21:34:51 ubuntu kernel: [    7.545874] [mitosis-origin] pgd_free for mm=ffff0004954d8c00 and pgd =ffff0004df343000 and mm->pgd=ffff0004df343000.
Oct 28 21:34:51 ubuntu kernel: [    7.547962] [mitosis-origin] pgd_alloc for mm=ffff0004954d8c00 and mm->pgd =ffff0004df328000.
Oct 28 21:34:51 ubuntu kernel: [    7.548805] [mitosis-origin] pgd_free for mm=ffff0004954dc000 and pgd =ffff0004df340000 and mm->pgd=ffff0004df340000.
Oct 28 21:34:51 ubuntu kernel: [    7.550845] [mitosis-origin] pgd_alloc for mm=ffff0004954dc000 and mm->pgd =ffff0004df333000.
Oct 28 21:34:51 ubuntu kernel: [    7.551770] [mitosis-origin] pgd_free for mm=ffff0004954d8c00 and pgd =ffff0004df328000 and mm->pgd=ffff0004df328000.
Oct 28 21:34:51 ubuntu kernel: [    7.553796] [mitosis-origin] pgd_alloc for mm=ffff0004954d8c00 and mm->pgd =ffff0004df335000.
Oct 28 21:34:51 ubuntu kernel: [    7.554630] [mitosis-origin] pgd_free for mm=ffff0004954dc000 and pgd =ffff0004df333000 and mm->pgd=ffff0004df333000.
Oct 28 21:34:51 ubuntu kernel: [    7.556781] [mitosis-origin] pgd_alloc for mm=ffff0004954dc000 and mm->pgd =ffff0004df32e000.
Oct 28 21:34:51 ubuntu kernel: [    7.557621] [mitosis-origin] pgd_free for mm=ffff0004954d8c00 and pgd =ffff0004df335000 and mm->pgd=ffff0004df335000.
Oct 28 21:34:51 ubuntu kernel: [    7.563696] [mitosis-origin] pgd_alloc for mm=ffff00049558b800 and mm->pgd =ffff0004df61b000.
Oct 28 21:34:51 ubuntu kernel: [    7.568972] [mitosis-origin] pgd_alloc for mm=ffff0004955b1800 and mm->pgd =ffff0004df6ea000.
Oct 28 21:34:51 ubuntu kernel: [    7.573797] [mitosis-origin] pgd_alloc for mm=ffff0004955b1000 and mm->pgd =ffff0004df6fb000.
Oct 28 21:34:51 ubuntu kernel: [    7.575298] [mitosis-origin] pgd_free for mm=ffff0004955b1800 and pgd =ffff0004df6ea000 and mm->pgd=ffff0004df6ea000.
Oct 28 21:34:51 ubuntu kernel: [    7.578763] [mitosis-origin] pgd_alloc for mm=ffff0004955b1800 and mm->pgd =ffff0004df358000.
Oct 28 21:34:51 ubuntu kernel: [    7.580324] [mitosis-origin] pgd_free for mm=ffff0004955b1000 and pgd =ffff0004df6fb000 and mm->pgd=ffff0004df6fb000.
Oct 28 21:34:51 ubuntu kernel: [    7.582794] [mitosis-origin] pgd_alloc for mm=ffff0004955b1000 and mm->pgd =ffff0004df35c000.
Oct 28 21:34:51 ubuntu kernel: [    7.583832] [mitosis-origin] pgd_free for mm=ffff0004955b1800 and pgd =ffff0004df358000 and mm->pgd=ffff0004df358000.
Oct 28 21:34:51 ubuntu kernel: [    7.585912] [mitosis-origin] pgd_alloc for mm=ffff0004955b1800 and mm->pgd =ffff0004df361000.
Oct 28 21:34:51 ubuntu kernel: [    7.586764] [mitosis-origin] pgd_free for mm=ffff0004955b1000 and pgd =ffff0004df35c000 and mm->pgd=ffff0004df35c000.
Oct 28 21:34:51 ubuntu kernel: [    7.588857] [mitosis-origin] pgd_alloc for mm=ffff0004955b1000 and mm->pgd =ffff000495600000.
Oct 28 21:34:51 ubuntu kernel: [    7.589735] [mitosis-origin] pgd_free for mm=ffff0004955b1800 and pgd =ffff0004df361000 and mm->pgd=ffff0004df361000.
Oct 28 21:34:51 ubuntu kernel: [    7.591743] [mitosis-origin] pgd_alloc for mm=ffff0004955b1800 and mm->pgd =ffff000495604000.
Oct 28 21:34:51 ubuntu kernel: [    7.592608] [mitosis-origin] pgd_free for mm=ffff0004955b1000 and pgd =ffff000495600000 and mm->pgd=ffff000495600000.
Oct 28 21:34:51 ubuntu kernel: [    7.594547] [mitosis-origin] pgd_alloc for mm=ffff0004955b1000 and mm->pgd =ffff000495608000.
Oct 28 21:34:51 ubuntu kernel: [    7.595500] [mitosis-origin] pgd_free for mm=ffff0004955b1800 and pgd =ffff000495604000 and mm->pgd=ffff000495604000.
Oct 28 21:34:51 ubuntu kernel: [    7.597430] [mitosis-origin] pgd_alloc for mm=ffff0004955b1800 and mm->pgd =ffff00049560c000.
Oct 28 21:34:51 ubuntu kernel: [    7.598323] [mitosis-origin] pgd_free for mm=ffff0004955b1000 and pgd =ffff000495608000 and mm->pgd=ffff000495608000.
Oct 28 21:34:51 ubuntu kernel: [    7.600295] [mitosis-origin] pgd_alloc for mm=ffff0004955b1000 and mm->pgd =ffff000495610000.
Oct 28 21:34:51 ubuntu kernel: [    7.601162] [mitosis-origin] pgd_free for mm=ffff0004955b1800 and pgd =ffff00049560c000 and mm->pgd=ffff00049560c000.
Oct 28 21:34:51 ubuntu kernel: [    7.603014] [mitosis-origin] pgd_alloc for mm=ffff0004955b1800 and mm->pgd =ffff000495614000.
Oct 28 21:34:51 ubuntu kernel: [    7.603831] [mitosis-origin] pgd_free for mm=ffff0004955b1000 and pgd =ffff000495610000 and mm->pgd=ffff000495610000.
Oct 28 21:34:51 ubuntu kernel: [    7.605708] [mitosis-origin] pgd_alloc for mm=ffff0004955b1000 and mm->pgd =ffff000495618000.
Oct 28 21:34:51 ubuntu kernel: [    7.606526] [mitosis-origin] pgd_free for mm=ffff0004955b1800 and pgd =ffff000495614000 and mm->pgd=ffff000495614000.
Oct 28 21:34:51 ubuntu kernel: [    7.608448] [mitosis-origin] pgd_alloc for mm=ffff0004955b1800 and mm->pgd =ffff00049561c000.
Oct 28 21:34:51 ubuntu kernel: [    7.609238] [mitosis-origin] pgd_free for mm=ffff0004955b1000 and pgd =ffff000495618000 and mm->pgd=ffff000495618000.
Oct 28 21:34:51 ubuntu kernel: [    7.611142] [mitosis-origin] pgd_alloc for mm=ffff0004955b1000 and mm->pgd =ffff00049561f000.
Oct 28 21:34:51 ubuntu kernel: [    7.611935] [mitosis-origin] pgd_free for mm=ffff0004955b1800 and pgd =ffff00049561c000 and mm->pgd=ffff00049561c000.
Oct 28 21:34:51 ubuntu kernel: [    7.613856] [mitosis-origin] pgd_alloc for mm=ffff0004955b1800 and mm->pgd =ffff000495624000.
Oct 28 21:34:51 ubuntu kernel: [    7.614646] [mitosis-origin] pgd_free for mm=ffff0004955b1000 and pgd =ffff00049561f000 and mm->pgd=ffff00049561f000.
Oct 28 21:34:51 ubuntu kernel: [    7.620908] [mitosis-origin] pgd_alloc for mm=ffff00049558e800 and mm->pgd =ffff000495628000.
Oct 28 21:34:51 ubuntu kernel: [    7.621772] [mitosis-origin] pgd_free for mm=ffff00049558b800 and pgd =ffff0004df61b000 and mm->pgd=ffff0004df61b000.
Oct 28 21:34:51 ubuntu kernel: [    7.625194] [mitosis-origin] pgd_alloc for mm=ffff00049558b800 and mm->pgd =ffff000495630000.
Oct 28 21:34:51 ubuntu kernel: [    7.626743] [mitosis-origin] pgd_free for mm=ffff00049558e800 and pgd =ffff000495628000 and mm->pgd=ffff000495628000.
Oct 28 21:34:51 ubuntu kernel: [    7.630710] [mitosis-origin] pgd_alloc for mm=ffff00049558e800 and mm->pgd =ffff000495634000.
Oct 28 21:34:51 ubuntu kernel: [    7.631626] [mitosis-origin] pgd_free for mm=ffff00049558b800 and pgd =ffff000495630000 and mm->pgd=ffff000495630000.
Oct 28 21:34:51 ubuntu kernel: [    7.633677] [mitosis-origin] pgd_alloc for mm=ffff00049558b800 and mm->pgd =ffff000495638000.
Oct 28 21:34:51 ubuntu kernel: [    7.634531] [mitosis-origin] pgd_free for mm=ffff00049558e800 and pgd =ffff000495634000 and mm->pgd=ffff000495634000.
Oct 28 21:34:51 ubuntu kernel: [    7.636595] [mitosis-origin] pgd_alloc for mm=ffff00049558e800 and mm->pgd =ffff00049563c000.
Oct 28 21:34:51 ubuntu kernel: [    7.637446] [mitosis-origin] pgd_free for mm=ffff00049558b800 and pgd =ffff000495638000 and mm->pgd=ffff000495638000.
Oct 28 21:34:51 ubuntu kernel: [    7.639618] [mitosis-origin] pgd_alloc for mm=ffff000495721000 and mm->pgd =ffff000495aef000.
Oct 28 21:34:51 ubuntu kernel: [    7.642248] [mitosis-origin] pgd_alloc for mm=ffff000495725400 and mm->pgd =ffff000495b70000.
Oct 28 21:34:51 ubuntu kernel: [    7.643438] [mitosis-origin] pgd_free for mm=ffff000495721000 and pgd =ffff000495aef000 and mm->pgd=ffff000495aef000.
Oct 28 21:34:51 ubuntu kernel: [    7.646008] [mitosis-origin] pgd_alloc for mm=ffff000495721000 and mm->pgd =ffff0004956e8000.
Oct 28 21:34:51 ubuntu kernel: [    7.647266] [mitosis-origin] pgd_free for mm=ffff000495725400 and pgd =ffff000495b70000 and mm->pgd=ffff000495b70000.
Oct 28 21:34:51 ubuntu kernel: [    7.649408] [mitosis-origin] pgd_alloc for mm=ffff000495725400 and mm->pgd =ffff0004956ec000.
Oct 28 21:34:51 ubuntu kernel: [    7.650331] [mitosis-origin] pgd_free for mm=ffff000495721000 and pgd =ffff0004956e8000 and mm->pgd=ffff0004956e8000.
Oct 28 21:34:51 ubuntu kernel: [    7.652763] [mitosis-origin] pgd_alloc for mm=ffff000495732c00 and mm->pgd =ffff0004dfb7c000.
Oct 28 21:34:51 ubuntu kernel: [    7.654772] [mitosis-origin] pgd_alloc for mm=ffff00049596ec00 and mm->pgd =ffff0004956f1000.
Oct 28 21:34:51 ubuntu kernel: [    7.655793] [mitosis-origin] pgd_free for mm=ffff00049596c400 and pgd =ffff0004df337000 and mm->pgd=ffff0004df337000.
Oct 28 21:34:51 ubuntu kernel: [    7.658037] Key type big_key registered
Oct 28 21:34:51 ubuntu kernel: [    7.658666] [mitosis-origin] pgd_alloc for mm=ffff00049596c400 and mm->pgd =ffff0004956fe000.
Oct 28 21:34:51 ubuntu kernel: [    7.659733] [mitosis-origin] pgd_free for mm=ffff00049596ec00 and pgd =ffff0004956f1000 and mm->pgd=ffff0004956f1000.
Oct 28 21:34:51 ubuntu kernel: [    7.671448] [mitosis-origin] pgd_alloc for mm=ffff00049596ec00 and mm->pgd =ffff00049570f000.
Oct 28 21:34:51 ubuntu kernel: [    7.672210] [mitosis-origin] pgd_free for mm=ffff00049596c400 and pgd =ffff0004956fe000 and mm->pgd=ffff0004956fe000.
Oct 28 21:34:51 ubuntu kernel: [    7.674137] [mitosis-origin] pgd_alloc for mm=ffff00049596c400 and mm->pgd =ffff000495aef000.
Oct 28 21:34:51 ubuntu kernel: [    7.674902] [mitosis-origin] pgd_free for mm=ffff00049596ec00 and pgd =ffff00049570f000 and mm->pgd=ffff00049570f000.
Oct 28 21:34:51 ubuntu kernel: [    7.676713] Key type encrypted registered
Oct 28 21:34:51 ubuntu kernel: [    7.677835] AppArmor: AppArmor sha1 policy hashing enabled
Oct 28 21:34:51 ubuntu kernel: [    7.679792] ima: No TPM chip found, activating TPM-bypass!
Oct 28 21:34:51 ubuntu kernel: [    7.681136] ima: Allocated hash algorithm: sha1
Oct 28 21:34:51 ubuntu kernel: [    7.682473] ima: No architecture policies found
Oct 28 21:34:51 ubuntu kernel: [    7.683717] evm: Initialising EVM extended attributes:
Oct 28 21:34:51 ubuntu kernel: [    7.684920] evm: security.selinux
Oct 28 21:34:51 ubuntu kernel: [    7.685701] evm: security.SMACK64
Oct 28 21:34:51 ubuntu kernel: [    7.686454] evm: security.SMACK64EXEC
Oct 28 21:34:51 ubuntu kernel: [    7.687362] evm: security.SMACK64TRANSMUTE
Oct 28 21:34:51 ubuntu kernel: [    7.688289] evm: security.SMACK64MMAP
Oct 28 21:34:51 ubuntu kernel: [    7.688626] evm: security.apparmor
Oct 28 21:34:51 ubuntu kernel: [    7.688937] evm: security.ima
Oct 28 21:34:51 ubuntu kernel: [    7.689207] evm: security.capability
Oct 28 21:34:51 ubuntu kernel: [    7.689534] evm: HMAC attrs: 0x1
Oct 28 21:34:51 ubuntu kernel: [    7.694268] Freeing unused kernel memory: 7040K
Oct 28 21:34:51 ubuntu kernel: [    7.775730] Checked W+X mappings: passed, no W+X pages found
Oct 28 21:34:51 ubuntu kernel: [    7.776370] Run /init as init process
Oct 28 21:34:51 ubuntu kernel: [    7.776731]   with arguments:
Oct 28 21:34:51 ubuntu kernel: [    7.776733]     /init
Oct 28 21:34:51 ubuntu kernel: [    7.776734]   with environment:
Oct 28 21:34:51 ubuntu kernel: [    7.776735]     HOME=/
Oct 28 21:34:51 ubuntu kernel: [    7.776735]     TERM=linux
Oct 28 21:34:51 ubuntu kernel: [    7.776736]     BOOT_IMAGE=/boot/vmlinuz-5.7.1
Oct 28 21:34:51 ubuntu kernel: [    7.776832] [mitosis-origin] pgd_alloc for mm=ffff0004957e5400 and mm->pgd =ffff0004df512000.
Oct 28 21:34:51 ubuntu kernel: [    7.779169] [mitosis-origin] pgd_alloc for mm=ffff0004957e0800 and mm->pgd =ffff0004df523000.
Oct 28 21:34:51 ubuntu kernel: [    7.780147] [mitosis-origin] pgd_free for mm=ffff00049596c400 and pgd =ffff000495aef000 and mm->pgd=ffff000495aef000.
Oct 28 21:34:51 ubuntu kernel: [    7.783829] [mitosis-origin] pgd_alloc for mm=ffff0004957e7000 and mm->pgd =ffff0004957a8000.
Oct 28 21:34:51 ubuntu kernel: [    7.785084] [mitosis-origin] pgd_free for mm=ffff0004957e0800 and pgd =ffff0004df523000 and mm->pgd=ffff0004df523000.
Oct 28 21:34:51 ubuntu kernel: [    7.788125] [mitosis-origin] pgd_alloc for mm=ffff0004957e3000 and mm->pgd =ffff0004957b7000.
Oct 28 21:34:51 ubuntu kernel: [    7.789343] [mitosis-origin] pgd_free for mm=ffff0004957e7000 and pgd =ffff0004957a8000 and mm->pgd=ffff0004957a8000.
Oct 28 21:34:51 ubuntu kernel: [    7.790795] [mitosis-origin] pgd_alloc for mm=ffff0004957e2400 and mm->pgd =ffff0004957c6000.
Oct 28 21:34:51 ubuntu kernel: [    7.792091] [mitosis-origin] pgd_free for mm=ffff0004957e3000 and pgd =ffff0004957b7000 and mm->pgd=ffff0004957b7000.
Oct 28 21:34:51 ubuntu kernel: [    7.793584] [mitosis-origin] pgd_alloc for mm=ffff0004957e4000 and mm->pgd =ffff0004957d3000.
Oct 28 21:34:51 ubuntu kernel: [    7.795286] [mitosis-origin] pgd_free for mm=ffff0004957e2400 and pgd =ffff0004957c6000 and mm->pgd=ffff0004957c6000.
Oct 28 21:34:51 ubuntu kernel: [    7.796635] [mitosis-origin] pgd_alloc for mm=ffff00049596c400 and mm->pgd =ffff0004957c5000.
Oct 28 21:34:51 ubuntu kernel: [    7.797707] [mitosis-origin] pgd_free for mm=ffff0004957e4000 and pgd =ffff0004957d3000 and mm->pgd=ffff0004957d3000.
Oct 28 21:34:51 ubuntu kernel: [    7.799685] [mitosis-origin] pgd_alloc for mm=ffff0004957e0c00 and mm->pgd =ffff000495008000.
Oct 28 21:34:51 ubuntu kernel: [    7.801656] [mitosis-origin] pgd_free for mm=ffff00049596c400 and pgd =ffff0004957c5000 and mm->pgd=ffff0004957c5000.
Oct 28 21:34:51 ubuntu kernel: [    7.802981] [mitosis-origin] pgd_alloc for mm=ffff00049596c400 and mm->pgd =ffff0004957d2000.
Oct 28 21:34:51 ubuntu kernel: [    7.804102] [mitosis-origin] pgd_free for mm=ffff0004957e0c00 and pgd =ffff000495008000 and mm->pgd=ffff000495008000.
Oct 28 21:34:51 ubuntu kernel: [    7.806177] [mitosis-origin] pgd_alloc for mm=ffff0004957e5000 and mm->pgd =ffff000495017000.
Oct 28 21:34:51 ubuntu kernel: [    7.808461] [mitosis-origin] pgd_free for mm=ffff00049596c400 and pgd =ffff0004957d2000 and mm->pgd=ffff0004957d2000.
Oct 28 21:34:51 ubuntu kernel: [    7.809853] [mitosis-origin] pgd_alloc for mm=ffff00049596c400 and mm->pgd =ffff0004957d2000.
Oct 28 21:34:51 ubuntu kernel: [    7.810900] [mitosis-origin] pgd_free for mm=ffff0004957e5000 and pgd =ffff000495017000 and mm->pgd=ffff000495017000.
Oct 28 21:34:51 ubuntu kernel: [    7.812718] [mitosis-origin] pgd_free for mm=ffff0004959a7c00 and pgd =ffff0004df366000 and mm->pgd=ffff0004df366000.
Oct 28 21:34:51 ubuntu kernel: [    7.815676] [mitosis-origin] pgd_alloc for mm=ffff0004959a7c00 and mm->pgd =ffff0004df366000.
Oct 28 21:34:51 ubuntu kernel: [    7.817415] [mitosis-origin] pgd_free for mm=ffff0004954dc000 and pgd =ffff0004df32e000 and mm->pgd=ffff0004df32e000.
Oct 28 21:34:51 ubuntu kernel: [    7.818932] [mitosis-origin] pgd_alloc for mm=ffff0004954dc000 and mm->pgd =ffff0004df32e000.
Oct 28 21:34:51 ubuntu kernel: [    7.820121] [mitosis-origin] pgd_free for mm=ffff0004959a7c00 and pgd =ffff0004df366000 and mm->pgd=ffff0004df366000.
Oct 28 21:34:51 ubuntu kernel: [    7.822008] [mitosis-origin] pgd_alloc for mm=ffff0004959a5800 and mm->pgd =ffff0004df38b000.
Oct 28 21:34:51 ubuntu kernel: [    7.823642] [mitosis-origin] pgd_free for mm=ffff0004954dc000 and pgd =ffff0004df32e000 and mm->pgd=ffff0004df32e000.
Oct 28 21:34:51 ubuntu kernel: [    7.825123] [mitosis-origin] pgd_alloc for mm=ffff0004959a2000 and mm->pgd =ffff0004df39c000.
Oct 28 21:34:51 ubuntu kernel: [    7.827385] [mitosis-origin] pgd_free for mm=ffff00049558e800 and pgd =ffff00049563c000 and mm->pgd=ffff00049563c000.
Oct 28 21:34:51 ubuntu kernel: [    7.830436] [mitosis-origin] pgd_alloc for mm=ffff00049558e800 and mm->pgd =ffff00049563c000.
Oct 28 21:34:51 ubuntu kernel: [    7.832891] [mitosis-origin] pgd_free for mm=ffff0004959a2000 and pgd =ffff0004df39c000 and mm->pgd=ffff0004df39c000.
Oct 28 21:34:51 ubuntu kernel: [    7.835592] [mitosis-origin] pgd_alloc for mm=ffff0004959a6c00 and mm->pgd =ffff0004df3ab000.
Oct 28 21:34:51 ubuntu kernel: [    7.836718] [mitosis-origin] pgd_free for mm=ffff00049558e800 and pgd =ffff00049563c000 and mm->pgd=ffff00049563c000.
Oct 28 21:34:51 ubuntu kernel: [    7.838113] [mitosis-origin] pgd_alloc for mm=ffff00049558e800 and mm->pgd =ffff00049563c000.
Oct 28 21:34:51 ubuntu kernel: [    7.839358] [mitosis-origin] pgd_free for mm=ffff0004959a6c00 and pgd =ffff0004df3ab000 and mm->pgd=ffff0004df3ab000.
Oct 28 21:34:51 ubuntu kernel: [    7.841345] [mitosis-origin] pgd_alloc for mm=ffff0004959a4400 and mm->pgd =ffff000495041000.
Oct 28 21:34:51 ubuntu kernel: [    7.842500] [mitosis-origin] pgd_free for mm=ffff00049558e800 and pgd =ffff00049563c000 and mm->pgd=ffff00049563c000.
Oct 28 21:34:51 ubuntu kernel: [    7.845811] [mitosis-origin] pgd_alloc for mm=ffff0004959a0400 and mm->pgd =ffff000495099000.
Oct 28 21:34:51 ubuntu kernel: [    7.846986] [mitosis-origin] pgd_free for mm=ffff0004959a4400 and pgd =ffff000495041000 and mm->pgd=ffff000495041000.
Oct 28 21:34:51 ubuntu kernel: [    7.848539] [mitosis-origin] pgd_alloc for mm=ffff00049558e800 and mm->pgd =ffff000495041000.
Oct 28 21:34:51 ubuntu kernel: [    7.849703] [mitosis-origin] pgd_free for mm=ffff0004959a0400 and pgd =ffff000495099000 and mm->pgd=ffff000495099000.
Oct 28 21:34:51 ubuntu kernel: [    7.852030] [mitosis-origin] pgd_alloc for mm=ffff0004957e6000 and mm->pgd =ffff000495025000.
Oct 28 21:34:51 ubuntu kernel: [    7.853511] [mitosis-origin] pgd_alloc for mm=ffff0004959a7400 and mm->pgd =ffff0004950a5000.
Oct 28 21:34:51 ubuntu kernel: [    7.854834] [mitosis-origin] pgd_free for mm=ffff0004957e6000 and pgd =ffff000495025000 and mm->pgd=ffff000495025000.
Oct 28 21:34:51 ubuntu kernel: [    7.857078] [mitosis-origin] pgd_alloc for mm=ffff0004959a6400 and mm->pgd =ffff0004950b6000.
Oct 28 21:34:51 ubuntu kernel: [    7.858553] [mitosis-origin] pgd_alloc for mm=ffff0004957e1c00 and mm->pgd =ffff000495031000.
Oct 28 21:34:51 ubuntu kernel: [    7.859976] [mitosis-origin] pgd_free for mm=ffff0004959a6400 and pgd =ffff0004950b6000 and mm->pgd=ffff0004950b6000.
Oct 28 21:34:51 ubuntu kernel: [    7.862526] [mitosis-origin] pgd_free for mm=ffff0004957e1c00 and pgd =ffff000495031000 and mm->pgd=ffff000495031000.
Oct 28 21:34:51 ubuntu kernel: [    7.864311] [mitosis-origin] pgd_alloc for mm=ffff0004957e1c00 and mm->pgd =ffff000495031000.
Oct 28 21:34:51 ubuntu kernel: [    7.865825] [mitosis-origin] pgd_alloc for mm=ffff0004959a2c00 and mm->pgd =ffff0004950c1000.
Oct 28 21:34:51 ubuntu kernel: [    7.867241] [mitosis-origin] pgd_free for mm=ffff0004957e1c00 and pgd =ffff000495031000 and mm->pgd=ffff000495031000.
Oct 28 21:34:51 ubuntu kernel: [    7.869256] [mitosis-origin] pgd_alloc for mm=ffff0004959a7800 and mm->pgd =ffff0004950c7000.
Oct 28 21:34:51 ubuntu kernel: [    7.870484] [mitosis-origin] pgd_free for mm=ffff0004959a5800 and pgd =ffff0004df38b000 and mm->pgd=ffff0004df38b000.
Oct 28 21:34:51 ubuntu kernel: [    7.872114] [mitosis-origin] pgd_alloc for mm=ffff0004954dc000 and mm->pgd =ffff0004df38b000.
Oct 28 21:34:51 ubuntu kernel: [    7.873124] [mitosis-origin] pgd_free for mm=ffff0004959a7800 and pgd =ffff0004950c7000 and mm->pgd=ffff0004950c7000.
Oct 28 21:34:51 ubuntu kernel: [    7.875100] [mitosis-origin] pgd_free for mm=ffff0004959a7400 and pgd =ffff0004950a5000 and mm->pgd=ffff0004950a5000.
Oct 28 21:34:51 ubuntu kernel: [    7.876387] [mitosis-origin] pgd_alloc for mm=ffff000495176400 and mm->pgd =ffff0004df57e000.
Oct 28 21:34:51 ubuntu kernel: [    7.877765] [mitosis-origin] pgd_alloc for mm=ffff0004959a1400 and mm->pgd =ffff000495111000.
Oct 28 21:34:51 ubuntu kernel: [    7.880219] [mitosis-origin] pgd_free for mm=ffff000495176400 and pgd =ffff0004df57e000 and mm->pgd=ffff0004df57e000.
Oct 28 21:34:51 ubuntu kernel: [    7.884091] [mitosis-origin] pgd_alloc for mm=ffff0004959a4800 and mm->pgd =ffff000495121000.
Oct 28 21:34:51 ubuntu kernel: [    7.886057] [mitosis-origin] pgd_free for mm=ffff00049558e800 and pgd =ffff000495041000 and mm->pgd=ffff000495041000.
Oct 28 21:34:51 ubuntu kernel: [    7.887199] [mitosis-origin] pgd_alloc for mm=ffff00049558e800 and mm->pgd =ffff000495630000.
Oct 28 21:34:51 ubuntu kernel: [    7.888090] [mitosis-origin] pgd_free for mm=ffff0004959a4800 and pgd =ffff000495121000 and mm->pgd=ffff000495121000.
Oct 28 21:34:51 ubuntu kernel: [    7.890109] [mitosis-origin] pgd_alloc for mm=ffff000495172c00 and mm->pgd =ffff0004950af000.
Oct 28 21:34:51 ubuntu kernel: [    7.891248] [mitosis-origin] pgd_free for mm=ffff0004959a1400 and pgd =ffff000495111000 and mm->pgd=ffff000495111000.
Oct 28 21:34:51 ubuntu kernel: [    7.892363] [mitosis-origin] pgd_alloc for mm=ffff0004959a1400 and mm->pgd =ffff000495111000.
Oct 28 21:34:51 ubuntu kernel: [    7.893279] [mitosis-origin] pgd_free for mm=ffff000495172c00 and pgd =ffff0004950af000 and mm->pgd=ffff0004950af000.
Oct 28 21:34:51 ubuntu kernel: [    7.895929] [mitosis-origin] pgd_alloc for mm=ffff0004959a3400 and mm->pgd =ffff00049512f000.
Oct 28 21:34:51 ubuntu kernel: [    7.897831] [mitosis-origin] pgd_alloc for mm=ffff000495177800 and mm->pgd =ffff0004df5ab000.
Oct 28 21:34:51 ubuntu kernel: [    7.899064] [mitosis-origin] pgd_free for mm=ffff0004959a3400 and pgd =ffff00049512f000 and mm->pgd=ffff00049512f000.
Oct 28 21:34:51 ubuntu kernel: [    7.903918] [mitosis-origin] pgd_alloc for mm=ffff000495171400 and mm->pgd =ffff0004df5c0000.
Oct 28 21:34:51 ubuntu kernel: [    7.905574] [mitosis-origin] pgd_alloc for mm=ffff0004959a3800 and mm->pgd =ffff00049513e000.
Oct 28 21:34:51 ubuntu kernel: [    7.907642] [mitosis-origin] pgd_free for mm=ffff000495177800 and pgd =ffff0004df5ab000 and mm->pgd=ffff0004df5ab000.
Oct 28 21:34:51 ubuntu kernel: [    7.908890] [mitosis-origin] pgd_alloc for mm=ffff000495177800 and mm->pgd =ffff0004df5ab000.
Oct 28 21:34:51 ubuntu kernel: [    7.909902] [mitosis-origin] pgd_free for mm=ffff0004959a3800 and pgd =ffff00049513e000 and mm->pgd=ffff00049513e000.
Oct 28 21:34:51 ubuntu kernel: [    7.944162] [mitosis-origin] pgd_alloc for mm=ffff00049533cc00 and mm->pgd =ffff0004dec14000.
Oct 28 21:34:51 ubuntu kernel: [    7.945607] [mitosis-origin] pgd_alloc for mm=ffff00049533bc00 and mm->pgd =ffff0004dec27000.
Oct 28 21:34:51 ubuntu kernel: [    7.946802] [mitosis-origin] pgd_alloc for mm=ffff000495339800 and mm->pgd =ffff0004dec3b000.
Oct 28 21:34:51 ubuntu kernel: [    7.947924] [mitosis-origin] pgd_alloc for mm=ffff000495339000 and mm->pgd =ffff000495385000.
Oct 28 21:34:51 ubuntu kernel: [    7.948909] [mitosis-origin] pgd_alloc for mm=ffff00049533d400 and mm->pgd =ffff000495398000.
Oct 28 21:34:51 ubuntu kernel: [    7.949857] [mitosis-origin] pgd_free for mm=ffff000495177800 and pgd =ffff0004df5ab000 and mm->pgd=ffff0004df5ab000.
Oct 28 21:34:51 ubuntu kernel: [    7.949920] [mitosis-origin] pgd_alloc for mm=ffff0004959a6800 and mm->pgd =ffff0004df5a8000.
Oct 28 21:34:51 ubuntu kernel: [    7.949944] [mitosis-origin] pgd_alloc for mm=ffff000495338800 and mm->pgd =ffff0004953ad000.
Oct 28 21:34:51 ubuntu kernel: [    7.950104] [mitosis-origin] pgd_free for mm=ffff00049558e800 and pgd =ffff000495630000 and mm->pgd=ffff000495630000.
Oct 28 21:34:51 ubuntu kernel: [    7.950140] [mitosis-origin] pgd_alloc for mm=ffff00049533f000 and mm->pgd =ffff0004951e2000.
Oct 28 21:34:51 ubuntu kernel: [    7.950352] [mitosis-origin] pgd_alloc for mm=ffff00049533b000 and mm->pgd =ffff0004953e6000.
Oct 28 21:34:51 ubuntu kernel: [    7.950509] [mitosis-origin] pgd_free for mm=ffff0004959a2c00 and pgd =ffff0004950c1000 and mm->pgd=ffff0004950c1000.
Oct 28 21:34:51 ubuntu kernel: [    7.951092] [mitosis-origin] pgd_alloc for mm=ffff00049533a400 and mm->pgd =ffff0004953fa000.
Oct 28 21:34:51 ubuntu kernel: [    7.953747] [mitosis-origin] pgd_alloc for mm=ffff0004957e5c00 and mm->pgd =ffff0004950d3000.
Oct 28 21:34:51 ubuntu kernel: [    7.955749] [mitosis-origin] pgd_alloc for mm=ffff00049533c000 and mm->pgd =ffff00049485d000.
Oct 28 21:34:51 ubuntu kernel: [    7.956700] [mitosis-origin] pgd_free for mm=ffff0004959a6800 and pgd =ffff0004df5a8000 and mm->pgd=ffff0004df5a8000.
Oct 28 21:34:51 ubuntu kernel: [    7.957518] [mitosis-origin] pgd_alloc for mm=ffff000495338c00 and mm->pgd =ffff000494870000.
Oct 28 21:34:51 ubuntu kernel: [    7.964392] [mitosis-origin] pgd_alloc for mm=ffff00049533d000 and mm->pgd =ffff000494885000.
Oct 28 21:34:51 ubuntu kernel: [    7.965378] [mitosis-origin] pgd_alloc for mm=ffff00049533e000 and mm->pgd =ffff000495311000.
Oct 28 21:34:51 ubuntu kernel: [    7.966389] [mitosis-origin] pgd_alloc for mm=ffff000495339c00 and mm->pgd =ffff0004948a4000.
Oct 28 21:34:51 ubuntu kernel: [    7.967411] [mitosis-origin] pgd_alloc for mm=ffff00049533dc00 and mm->pgd =ffff0004948b9000.
Oct 28 21:34:51 ubuntu kernel: [    7.968403] [mitosis-origin] pgd_alloc for mm=ffff00049533a800 and mm->pgd =ffff0004952f7000.
Oct 28 21:34:51 ubuntu kernel: [    7.969390] [mitosis-origin] pgd_alloc for mm=ffff00049533fc00 and mm->pgd =ffff0004948cb000.
Oct 28 21:34:51 ubuntu kernel: [    7.970531] [mitosis-origin] pgd_alloc for mm=ffff00049533d800 and mm->pgd =ffff0004948df000.
Oct 28 21:34:51 ubuntu kernel: [    7.990757] [mitosis-origin] pgd_free for mm=ffff0004d114b800 and pgd =ffff0004959ca000 and mm->pgd=ffff0004959ca000.
Oct 28 21:34:51 ubuntu kernel: [    7.990795] [mitosis-origin] pgd_free for mm=ffff000495bfe000 and pgd =ffff00049540a000 and mm->pgd=ffff00049540a000.
Oct 28 21:34:51 ubuntu kernel: [    7.990840] [mitosis-origin] pgd_free for mm=ffff000495ada000 and pgd =ffff0004de8c8000 and mm->pgd=ffff0004de8c8000.
Oct 28 21:34:51 ubuntu kernel: [    7.990843] [mitosis-origin] pgd_free for mm=ffff000495b47400 and pgd =ffff0004df1cf000 and mm->pgd=ffff0004df1cf000.
Oct 28 21:34:51 ubuntu kernel: [    7.990851] [mitosis-origin] pgd_free for mm=ffff00049596c400 and pgd =ffff0004957d2000 and mm->pgd=ffff0004957d2000.
Oct 28 21:34:51 ubuntu kernel: [    7.990870] [mitosis-origin] pgd_free for mm=ffff000495732c00 and pgd =ffff0004dfb7c000 and mm->pgd=ffff0004dfb7c000.
Oct 28 21:34:51 ubuntu kernel: [    7.991039] [mitosis-origin] pgd_free for mm=ffff00049533b000 and pgd =ffff0004953e6000 and mm->pgd=ffff0004953e6000.
Oct 28 21:34:51 ubuntu kernel: [    7.991060] [mitosis-origin] pgd_free for mm=ffff00049533d000 and pgd =ffff000494885000 and mm->pgd=ffff000494885000.
Oct 28 21:34:51 ubuntu kernel: [    8.007276] [mitosis-origin] pgd_alloc for mm=ffff00049533a000 and mm->pgd =ffff000494a85000.
Oct 28 21:34:51 ubuntu kernel: [    8.010562] [mitosis-origin] pgd_alloc for mm=ffff00049533ec00 and mm->pgd =ffff000494a98000.
Oct 28 21:34:51 ubuntu kernel: [    8.012279] [mitosis-origin] pgd_free for mm=ffff000495339800 and pgd =ffff0004dec3b000 and mm->pgd=ffff0004dec3b000.
Oct 28 21:34:51 ubuntu kernel: [    8.013114] [mitosis-origin] pgd_free for mm=ffff0004957e5c00 and pgd =ffff0004950d3000 and mm->pgd=ffff0004950d3000.
Oct 28 21:34:51 ubuntu kernel: [    8.013625] [mitosis-origin] pgd_alloc for mm=ffff00049533c400 and mm->pgd =ffff000494aac000.
Oct 28 21:34:51 ubuntu kernel: [    8.013872] [mitosis-origin] pgd_free for mm=ffff000495338800 and pgd =ffff0004953ad000 and mm->pgd=ffff0004953ad000.
Oct 28 21:34:51 ubuntu kernel: [    8.013959] [mitosis-origin] pgd_alloc for mm=ffff0004959a0000 and mm->pgd =ffff0004dec3b000.
Oct 28 21:34:51 ubuntu kernel: [    8.014194] [mitosis-origin] pgd_alloc for mm=ffff000494b22400 and mm->pgd =ffff0004dec51000.
Oct 28 21:34:51 ubuntu kernel: [    8.014330] [mitosis-origin] pgd_free for mm=ffff0004959a0000 and pgd =ffff0004dec3b000 and mm->pgd=ffff0004dec3b000.
Oct 28 21:34:51 ubuntu kernel: [    8.015956] [mitosis-origin] pgd_free for mm=ffff00049533bc00 and pgd =ffff0004dec27000 and mm->pgd=ffff0004dec27000.
Oct 28 21:34:51 ubuntu kernel: [    8.015985] [mitosis-origin] pgd_alloc for mm=ffff000495338400 and mm->pgd =ffff000494b1d000.
Oct 28 21:34:51 ubuntu kernel: [    8.022402] [mitosis-origin] pgd_alloc for mm=ffff00049533f400 and mm->pgd =ffff000494b40000.
Oct 28 21:34:51 ubuntu kernel: [    8.023495] [mitosis-origin] pgd_alloc for mm=ffff00049533e400 and mm->pgd =ffff000494b55000.
Oct 28 21:34:51 ubuntu kernel: [    8.024499] [mitosis-origin] pgd_alloc for mm=ffff00049533ac00 and mm->pgd =ffff000494b69000.
Oct 28 21:34:51 ubuntu kernel: [    8.025535] [mitosis-origin] pgd_alloc for mm=ffff00049533f800 and mm->pgd =ffff0004949d1000.
Oct 28 21:34:51 ubuntu kernel: [    8.026567] [mitosis-origin] pgd_alloc for mm=ffff000495339400 and mm->pgd =ffff000494971000.
Oct 28 21:34:51 ubuntu kernel: [    8.027728] [mitosis-origin] pgd_alloc for mm=ffff00049533c800 and mm->pgd =ffff000494920000.
Oct 28 21:34:51 ubuntu kernel: [    8.028764] [mitosis-origin] pgd_alloc for mm=ffff00049533b400 and mm->pgd =ffff000494945000.
Oct 28 21:34:51 ubuntu kernel: [    8.029843] [mitosis-origin] pgd_alloc for mm=ffff00049533b800 and mm->pgd =ffff000494a0b000.
Oct 28 21:34:51 ubuntu kernel: [    8.030864] [mitosis-origin] pgd_alloc for mm=ffff00049533e800 and mm->pgd =ffff0004949b4000.
Oct 28 21:34:51 ubuntu kernel: [    8.031974] [mitosis-origin] pgd_alloc for mm=ffff000495338000 and mm->pgd =ffff000494941000.
Oct 28 21:34:51 ubuntu kernel: [    8.032973] [mitosis-origin] pgd_alloc for mm=ffff000495338800 and mm->pgd =ffff0004952d3000.
Oct 28 21:34:51 ubuntu kernel: [    8.034002] [mitosis-origin] pgd_alloc for mm=ffff00049533bc00 and mm->pgd =ffff000494ac0000.
Oct 28 21:34:51 ubuntu kernel: [    8.035030] [mitosis-origin] pgd_alloc for mm=ffff000495339800 and mm->pgd =ffff0004949a4000.
Oct 28 21:34:51 ubuntu kernel: [    8.036059] [mitosis-origin] pgd_alloc for mm=ffff00049533d000 and mm->pgd =ffff0004952e8000.
Oct 28 21:34:51 ubuntu kernel: [    8.037069] [mitosis-origin] pgd_alloc for mm=ffff00049533b000 and mm->pgd =ffff000495305000.
Oct 28 21:34:51 ubuntu kernel: [    8.038130] [mitosis-origin] pgd_alloc for mm=ffff000494a21c00 and mm->pgd =ffff000494a12000.
Oct 28 21:34:51 ubuntu kernel: [    8.039202] [mitosis-origin] pgd_alloc for mm=ffff000494a25c00 and mm->pgd =ffff000494a78000.
Oct 28 21:34:51 ubuntu kernel: [    8.040281] [mitosis-origin] pgd_alloc for mm=ffff000494a22800 and mm->pgd =ffff000494a4c000.
Oct 28 21:34:51 ubuntu kernel: [    8.041356] [mitosis-origin] pgd_alloc for mm=ffff000494a27c00 and mm->pgd =ffff000494a31000.
Oct 28 21:34:51 ubuntu kernel: [    8.042460] [mitosis-origin] pgd_alloc for mm=ffff000494a25800 and mm->pgd =ffff000494b86000.
Oct 28 21:34:51 ubuntu kernel: [    8.043550] [mitosis-origin] pgd_alloc for mm=ffff000494a22000 and mm->pgd =ffff000494b9a000.
Oct 28 21:34:51 ubuntu kernel: [    8.044640] [mitosis-origin] pgd_alloc for mm=ffff000494a26c00 and mm->pgd =ffff000494bba000.
Oct 28 21:34:51 ubuntu kernel: [    8.045664] [mitosis-origin] pgd_alloc for mm=ffff000494a24400 and mm->pgd =ffff000494bce000.
Oct 28 21:34:51 ubuntu kernel: [    8.046700] [mitosis-origin] pgd_alloc for mm=ffff000494a20400 and mm->pgd =ffff000494be5000.
Oct 28 21:34:51 ubuntu kernel: [    8.047778] [mitosis-origin] pgd_alloc for mm=ffff000494a27400 and mm->pgd =ffff000494000000.
Oct 28 21:34:51 ubuntu kernel: [    8.048798] [mitosis-origin] pgd_alloc for mm=ffff000494a26400 and mm->pgd =ffff000494015000.
Oct 28 21:34:51 ubuntu kernel: [    8.049814] [mitosis-origin] pgd_alloc for mm=ffff000494a22c00 and mm->pgd =ffff000494029000.
Oct 28 21:34:51 ubuntu kernel: [    8.050844] [mitosis-origin] pgd_alloc for mm=ffff000494a27800 and mm->pgd =ffff000494047000.
Oct 28 21:34:51 ubuntu kernel: [    8.051922] [mitosis-origin] pgd_alloc for mm=ffff000494a21400 and mm->pgd =ffff00049406b000.
Oct 28 21:34:51 ubuntu kernel: [    8.052947] [mitosis-origin] pgd_alloc for mm=ffff000494a24800 and mm->pgd =ffff000494080000.
Oct 28 21:34:51 ubuntu kernel: [    8.053956] [mitosis-origin] pgd_alloc for mm=ffff000494a23400 and mm->pgd =ffff0004940ac000.
Oct 28 21:34:51 ubuntu kernel: [    8.055039] [mitosis-origin] pgd_alloc for mm=ffff000494a23800 and mm->pgd =ffff0004940c0000.
Oct 28 21:34:51 ubuntu kernel: [    8.056052] [mitosis-origin] pgd_alloc for mm=ffff000494a26800 and mm->pgd =ffff0004940d5000.
Oct 28 21:34:51 ubuntu kernel: [    8.057089] [mitosis-origin] pgd_alloc for mm=ffff000494a20000 and mm->pgd =ffff0004940e8000.
Oct 28 21:34:51 ubuntu kernel: [    8.058114] [mitosis-origin] pgd_alloc for mm=ffff000494a24c00 and mm->pgd =ffff000494107000.
Oct 28 21:34:51 ubuntu kernel: [    8.059077] [mitosis-origin] pgd_free for mm=ffff0004954dc000 and pgd =ffff0004df38b000 and mm->pgd=ffff0004df38b000.
Oct 28 21:34:51 ubuntu kernel: [    8.059170] [mitosis-origin] pgd_alloc for mm=ffff000494a23c00 and mm->pgd =ffff00049411b000.
Oct 28 21:34:51 ubuntu kernel: [    8.061137] [mitosis-origin] pgd_alloc for mm=ffff000494a21800 and mm->pgd =ffff000494130000.
Oct 28 21:34:51 ubuntu kernel: [    8.062148] [mitosis-origin] pgd_alloc for mm=ffff000494a21000 and mm->pgd =ffff000494158000.
Oct 28 21:34:51 ubuntu kernel: [    8.063160] [mitosis-origin] pgd_alloc for mm=ffff000494a25400 and mm->pgd =ffff00049416d000.
Oct 28 21:34:51 ubuntu kernel: [    8.064153] [mitosis-origin] pgd_alloc for mm=ffff000494a20800 and mm->pgd =ffff000494180000.
Oct 28 21:34:51 ubuntu kernel: [    8.065133] [mitosis-origin] pgd_alloc for mm=ffff000494a27000 and mm->pgd =ffff00049419c000.
Oct 28 21:34:51 ubuntu kernel: [    8.066129] [mitosis-origin] pgd_alloc for mm=ffff000494a23000 and mm->pgd =ffff0004941b1000.
Oct 28 21:34:51 ubuntu kernel: [    8.067205] [mitosis-origin] pgd_alloc for mm=ffff000494a22400 and mm->pgd =ffff0004941c6000.
Oct 28 21:34:51 ubuntu kernel: [    8.068217] [mitosis-origin] pgd_alloc for mm=ffff000494a24000 and mm->pgd =ffff0004941f5000.
Oct 28 21:34:51 ubuntu kernel: [    8.069227] [mitosis-origin] pgd_alloc for mm=ffff000494a20c00 and mm->pgd =ffff000494209000.
Oct 28 21:34:51 ubuntu kernel: [    8.070244] [mitosis-origin] pgd_alloc for mm=ffff000494a25000 and mm->pgd =ffff00049421e000.
Oct 28 21:34:51 ubuntu kernel: [    8.071307] [mitosis-origin] pgd_alloc for mm=ffff000494a26000 and mm->pgd =ffff00049424d000.
Oct 28 21:34:51 ubuntu kernel: [    8.072317] [mitosis-origin] pgd_alloc for mm=ffff000494288000 and mm->pgd =ffff000494263000.
Oct 28 21:34:51 ubuntu kernel: [    8.073312] [mitosis-origin] pgd_alloc for mm=ffff00049428cc00 and mm->pgd =ffff000494278000.
Oct 28 21:34:51 ubuntu kernel: [    8.074317] [mitosis-origin] pgd_alloc for mm=ffff00049428bc00 and mm->pgd =ffff00049429e000.
Oct 28 21:34:51 ubuntu kernel: [    8.075353] [mitosis-origin] pgd_alloc for mm=ffff000494289800 and mm->pgd =ffff0004942b2000.
Oct 28 21:34:51 ubuntu kernel: [    8.076349] [mitosis-origin] pgd_alloc for mm=ffff000494289000 and mm->pgd =ffff0004942c6000.
Oct 28 21:34:51 ubuntu kernel: [    8.077334] [mitosis-origin] pgd_alloc for mm=ffff00049428d400 and mm->pgd =ffff0004942e4000.
Oct 28 21:34:51 ubuntu kernel: [    8.078338] [mitosis-origin] pgd_alloc for mm=ffff000494288800 and mm->pgd =ffff0004942f8000.
Oct 28 21:34:51 ubuntu kernel: [    8.079417] [mitosis-origin] pgd_alloc for mm=ffff00049428f000 and mm->pgd =ffff00049430d000.
Oct 28 21:34:51 ubuntu kernel: [    8.080425] [mitosis-origin] pgd_alloc for mm=ffff00049428b000 and mm->pgd =ffff000494336000.
Oct 28 21:34:51 ubuntu kernel: [    8.081437] [mitosis-origin] pgd_alloc for mm=ffff00049428a400 and mm->pgd =ffff00049434b000.
Oct 28 21:34:51 ubuntu kernel: [    8.082458] [mitosis-origin] pgd_alloc for mm=ffff00049428c000 and mm->pgd =ffff00049435f000.
Oct 28 21:34:51 ubuntu kernel: [    8.083502] [mitosis-origin] pgd_alloc for mm=ffff000494288c00 and mm->pgd =ffff00049438b000.
Oct 28 21:34:51 ubuntu kernel: [    8.084514] [mitosis-origin] pgd_alloc for mm=ffff00049428d000 and mm->pgd =ffff00049439f000.
Oct 28 21:34:51 ubuntu kernel: [    8.085528] [mitosis-origin] pgd_alloc for mm=ffff00049428e000 and mm->pgd =ffff0004943b4000.
Oct 28 21:34:51 ubuntu kernel: [    8.086555] [mitosis-origin] pgd_alloc for mm=ffff000494289c00 and mm->pgd =ffff0004943e2000.
Oct 28 21:34:51 ubuntu kernel: [    8.087645] [mitosis-origin] pgd_alloc for mm=ffff00049428dc00 and mm->pgd =ffff0004943f6000.
Oct 28 21:34:51 ubuntu kernel: [    8.088641] [mitosis-origin] pgd_alloc for mm=ffff00049428a800 and mm->pgd =ffff00049280b000.
Oct 28 21:34:51 ubuntu kernel: [    8.089775] [mitosis-origin] pgd_alloc for mm=ffff00049428fc00 and mm->pgd =ffff00049281e000.
