Oct 23 10:14:59 ubuntu systemd-modules-load[851]: Inserted module 'iscsi_tcp'
Oct 23 10:14:59 ubuntu kernel: [    0.000000] Booting Linux on physical CPU 0x0000000000 [0x481fd010]
Oct 23 10:14:59 ubuntu systemd[1]: Started Create list of required static device nodes for the current kernel.
Oct 23 10:14:59 ubuntu kernel: [    0.000000] Linux version 5.7.1 (root@ubuntu) (gcc version 7.5.0 (Ubuntu/Linaro 7.5.0-3ubuntu1~18.04), GNU ld (GNU Binutils for Ubuntu) 2.30) #1 SMP Fri Oct 23 01:29:54 CST 2020
Oct 23 10:14:59 ubuntu kernel: [    0.000000] efi: EFI v2.70 by EDK II
Oct 23 10:14:59 ubuntu systemd[1]: Mounted Kernel Debug File System.
Oct 23 10:14:59 ubuntu kernel: [    0.000000] efi:  SMBIOS 3.0=0x53f710000  ACPI 2.0=0x53c020000  MEMATTR=0x53cc7ca98  MEMRESERVE=0x53becd018 
Oct 23 10:14:59 ubuntu systemd[1]: Mounted POSIX Message Queue File System.
Oct 23 10:14:59 ubuntu kernel: [    0.000000] cma: Reserved 32 MiB at 0x00000000fe000000
Oct 23 10:14:59 ubuntu kernel: [    0.000000] ACPI: Early table checksum verification disabled
Oct 23 10:14:59 ubuntu kernel: [    0.000000] ACPI: RSDP 0x000000053C020000 000024 (v02 BOCHS )
Oct 23 10:14:59 ubuntu kernel: [    0.000000] ACPI: XSDT 0x000000053BED0000 000054 (v01 BOCHS  BXPCFACP 00000001      01000013)
Oct 23 10:14:59 ubuntu kernel: [    0.000000] ACPI: FACP 0x000000053BE90000 00010C (v05 BOCHS  BXPCFACP 00000001 BXPC 00000001)
Oct 23 10:14:59 ubuntu kernel: [    0.000000] ACPI: DSDT 0x000000053BEA0000 001523 (v02 BOCHS  BXPCDSDT 00000001 BXPC 00000001)
Oct 23 10:14:59 ubuntu kernel: [    0.000000] ACPI: APIC 0x000000053BE80000 0009E8 (v03 BOCHS  BXPCAPIC 00000001 BXPC 00000001)
Oct 23 10:14:59 ubuntu kernel: [    0.000000] ACPI: GTDT 0x000000053BE70000 000060 (v02 BOCHS  BXPCGTDT 00000001 BXPC 00000001)
Oct 23 10:14:59 ubuntu kernel: [    0.000000] ACPI: MCFG 0x000000053BE60000 00003C (v01 BOCHS  BXPCMCFG 00000001 BXPC 00000001)
Oct 23 10:14:59 ubuntu systemd[1]: Mounted Huge Pages File System.
Oct 23 10:14:59 ubuntu kernel: [    0.000000] ACPI: SPCR 0x000000053BE50000 000050 (v02 BOCHS  BXPCSPCR 00000001 BXPC 00000001)
Oct 23 10:14:59 ubuntu systemd-modules-load[851]: Inserted module 'ib_iser'
Oct 23 10:14:59 ubuntu kernel: [    0.000000] ACPI: IORT 0x000000053BE40000 00007C (v00 BOCHS  BXPCIORT 00000001 BXPC 00000001)
Oct 23 10:14:59 ubuntu systemd[1]: Started Uncomplicated firewall.
Oct 23 10:14:59 ubuntu kernel: [    0.000000] ACPI: SPCR: console: pl011,mmio,0x9000000,9600
Oct 23 10:14:59 ubuntu kernel: [    0.000000] ACPI: NUMA: Failed to initialise from firmware
Oct 23 10:14:59 ubuntu kernel: [    0.000000] NUMA: Faking a node at [mem 0x0000000040000000-0x000000053fffffff]
Oct 23 10:14:59 ubuntu systemd[1]: Started Load Kernel Modules.
Oct 23 10:14:59 ubuntu kernel: [    0.000000] NUMA: NODE_DATA [mem 0x53d409300-0x53d40cfff]
Oct 23 10:14:59 ubuntu kernel: [    0.000000] Zone ranges:
Oct 23 10:14:59 ubuntu systemd[1]: Started Remount Root and Kernel File Systems.
Oct 23 10:14:59 ubuntu kernel: [    0.000000]   DMA      [mem 0x0000000040000000-0x000000007fffffff]
Oct 23 10:14:59 ubuntu systemd[1]: Started LVM2 metadata daemon.
Oct 23 10:14:59 ubuntu kernel: [    0.000000]   DMA32    [mem 0x0000000080000000-0x00000000ffffffff]
Oct 23 10:14:59 ubuntu kernel: [    0.000000]   Normal   [mem 0x0000000100000000-0x000000053fffffff]
Oct 23 10:14:59 ubuntu kernel: [    0.000000] Movable zone start for each node
Oct 23 10:14:59 ubuntu systemd[1]: Starting Load/Save Random Seed...
Oct 23 10:14:59 ubuntu kernel: [    0.000000] Early memory node ranges
Oct 23 10:14:59 ubuntu kernel: [    0.000000]   node   0: [mem 0x0000000040000000-0x000000053bedffff]
Oct 23 10:14:59 ubuntu kernel: [    0.000000]   node   0: [mem 0x000000053bee0000-0x000000053bffffff]
Oct 23 10:14:59 ubuntu kernel: [    0.000000]   node   0: [mem 0x000000053c000000-0x000000053c02ffff]
Oct 23 10:14:59 ubuntu kernel: [    0.000000]   node   0: [mem 0x000000053c030000-0x000000053c0affff]
Oct 23 10:14:59 ubuntu kernel: [    0.000000]   node   0: [mem 0x000000053c0b0000-0x000000053f57ffff]
Oct 23 10:14:59 ubuntu kernel: [    0.000000]   node   0: [mem 0x000000053f580000-0x000000053f95ffff]
Oct 23 10:14:59 ubuntu kernel: [    0.000000]   node   0: [mem 0x000000053f960000-0x000000053fffffff]
Oct 23 10:14:59 ubuntu kernel: [    0.000000] Zeroed struct page in unavailable ranges: 544 pages
Oct 23 10:14:59 ubuntu kernel: [    0.000000] Initmem setup node 0 [mem 0x0000000040000000-0x000000053fffffff]
Oct 23 10:14:59 ubuntu kernel: [    0.000000] On node 0 totalpages: 5242880
Oct 23 10:14:59 ubuntu kernel: [    0.000000]   DMA zone: 5120 pages used for memmap
Oct 23 10:14:59 ubuntu kernel: [    0.000000]   DMA zone: 0 pages reserved
Oct 23 10:14:59 ubuntu kernel: [    0.000000]   DMA zone: 262144 pages, LIFO batch:63
Oct 23 10:14:59 ubuntu kernel: [    0.000000]   DMA32 zone: 10240 pages used for memmap
Oct 23 10:14:59 ubuntu systemd[1]: Starting Apply Kernel Variables...
Oct 23 10:14:59 ubuntu kernel: [    0.000000]   DMA32 zone: 524288 pages, LIFO batch:63
Oct 23 10:14:59 ubuntu systemd[1]: Mounting Kernel Configuration File System...
Oct 23 10:14:59 ubuntu kernel: [    0.000000]   Normal zone: 87040 pages used for memmap
Oct 23 10:14:59 ubuntu lvm[841]:   2 logical volume(s) in volume group "ubuntu-vg" monitored
Oct 23 10:14:59 ubuntu kernel: [    0.000000]   Normal zone: 4456448 pages, LIFO batch:63
Oct 23 10:14:59 ubuntu kernel: [    0.000000] psci: probing for conduit method from ACPI.
Oct 23 10:14:59 ubuntu systemd[1]: Mounting FUSE Control File System...
Oct 23 10:14:59 ubuntu kernel: [    0.000000] psci: PSCIv1.0 detected in firmware.
Oct 23 10:14:59 ubuntu systemd[1]: Starting Create Static Device Nodes in /dev...
Oct 23 10:14:59 ubuntu systemd[1]: Starting Flush Journal to Persistent Storage...
Oct 23 10:14:59 ubuntu kernel: [    0.000000] psci: Using standard PSCI v0.2 function IDs
Oct 23 10:14:59 ubuntu kernel: [    0.000000] psci: Trusted OS migration not required
Oct 23 10:14:59 ubuntu kernel: [    0.000000] psci: SMC Calling Convention v1.1
Oct 23 10:14:59 ubuntu kernel: [    0.000000] ACPI: SRAT not present
Oct 23 10:14:59 ubuntu kernel: [    0.000000] percpu: Embedded 33 pages/cpu s94616 r8192 d32360 u135168
Oct 23 10:14:59 ubuntu kernel: [    0.000000] pcpu-alloc: s94616 r8192 d32360 u135168 alloc=33*4096
Oct 23 10:14:59 ubuntu kernel: [    0.000000] pcpu-alloc: [0] 00 [0] 01 [0] 02 [0] 03 [0] 04 [0] 05 [0] 06 [0] 07 
Oct 23 10:14:59 ubuntu systemd[1]: Started Monitoring of LVM2 mirrors, snapshots etc. using dmeventd or progress polling.
Oct 23 10:14:59 ubuntu kernel: [    0.000000] pcpu-alloc: [0] 08 [0] 09 [0] 10 [0] 11 [0] 12 [0] 13 [0] 14 [0] 15 
Oct 23 10:14:59 ubuntu kernel: [    0.000000] pcpu-alloc: [0] 16 [0] 17 [0] 18 [0] 19 [0] 20 [0] 21 [0] 22 [0] 23 
Oct 23 10:14:59 ubuntu systemd[1]: Started Set the console keyboard layout.
Oct 23 10:14:59 ubuntu kernel: [    0.000000] pcpu-alloc: [0] 24 [0] 25 [0] 26 [0] 27 [0] 28 [0] 29 [0] 30 [0] 31 
Oct 23 10:14:59 ubuntu systemd[1]: Started Load/Save Random Seed.
Oct 23 10:14:59 ubuntu kernel: [    0.000000] Detected VIPT I-cache on CPU0
Oct 23 10:14:59 ubuntu kernel: [    0.000000] CPU features: detected: GIC system register CPU interface
Oct 23 10:14:59 ubuntu kernel: [    0.000000] CPU features: detected: Hardware dirty bit management
Oct 23 10:14:59 ubuntu kernel: [    0.000000] Built 1 zonelists, mobility grouping on.  Total pages: 5140480
Oct 23 10:14:59 ubuntu kernel: [    0.000000] Policy zone: Normal
Oct 23 10:14:59 ubuntu systemd[1]: Started Apply Kernel Variables.
Oct 23 10:14:59 ubuntu kernel: [    0.000000] Kernel command line: BOOT_IMAGE=/boot/vmlinuz-5.7.1 root=/dev/mapper/ubuntu--vg-root ro
Oct 23 10:14:59 ubuntu kernel: [    0.000000] Dentry cache hash table entries: 4194304 (order: 13, 33554432 bytes, linear)
Oct 23 10:14:59 ubuntu kernel: [    0.000000] Inode-cache hash table entries: 2097152 (order: 12, 16777216 bytes, linear)
Oct 23 10:14:59 ubuntu kernel: [    0.000000] mem auto-init: stack:off, heap alloc:on, heap free:off
Oct 23 10:14:59 ubuntu kernel: [    0.000000] software IO TLB: mapped [mem 0x7bfff000-0x7ffff000] (64MB)
Oct 23 10:14:59 ubuntu kernel: [    0.000000] Memory: 20269612K/20971520K available (14204K kernel code, 2354K rwdata, 6868K rodata, 7040K init, 1132K bss, 669140K reserved, 32768K cma-reserved)
Oct 23 10:14:59 ubuntu kernel: [    0.000000] random: get_random_u64 called from __kmem_cache_create+0x54/0x5d8 with crng_init=0
Oct 23 10:14:59 ubuntu kernel: [    0.000000] SLUB: HWalign=64, Order=0-3, MinObjects=0, CPUs=32, Nodes=1
Oct 23 10:14:59 ubuntu kernel: [    0.000000] ftrace: allocating 46106 entries in 181 pages
Oct 23 10:14:59 ubuntu kernel: [    0.000000] ftrace: allocated 181 pages with 5 groups
Oct 23 10:14:59 ubuntu kernel: [    0.000000] rcu: Hierarchical RCU implementation.
Oct 23 10:14:59 ubuntu kernel: [    0.000000] rcu: 	RCU restricting CPUs from NR_CPUS=256 to nr_cpu_ids=32.
Oct 23 10:14:59 ubuntu kernel: [    0.000000] 	Tasks RCU enabled.
Oct 23 10:14:59 ubuntu kernel: [    0.000000] rcu: RCU calculated value of scheduler-enlistment delay is 25 jiffies.
Oct 23 10:14:59 ubuntu kernel: [    0.000000] rcu: Adjusting geometry for rcu_fanout_leaf=16, nr_cpu_ids=32
Oct 23 10:14:59 ubuntu kernel: [    0.000000] NR_IRQS: 64, nr_irqs: 64, preallocated irqs: 0
Oct 23 10:14:59 ubuntu kernel: [    0.000000] GICv3: 256 SPIs implemented
Oct 23 10:14:59 ubuntu kernel: [    0.000000] GICv3: 0 Extended SPIs implemented
Oct 23 10:14:59 ubuntu kernel: [    0.000000] GICv3: Distributor has no Range Selector support
Oct 23 10:14:59 ubuntu kernel: [    0.000000] GICv3: 16 PPIs implemented
Oct 23 10:14:59 ubuntu kernel: [    0.000000] GICv3: CPU0: found redistributor 0 region 0:0x00000000080a0000
Oct 23 10:14:59 ubuntu kernel: [    0.000000] ACPI: SRAT not present
Oct 23 10:14:59 ubuntu systemd[1]: Mounted Kernel Configuration File System.
Oct 23 10:14:59 ubuntu systemd[1]: Mounted FUSE Control File System.
Oct 23 10:14:59 ubuntu kernel: [    0.000000] ITS [mem 0x08080000-0x0809ffff]
Oct 23 10:14:59 ubuntu systemd[1]: Started Create Static Device Nodes in /dev.
Oct 23 10:14:59 ubuntu kernel: [    0.000000] ITS@0x0000000008080000: allocated 8192 Devices @53ca00000 (indirect, esz 8, psz 64K, shr 1)
Oct 23 10:14:59 ubuntu systemd[1]: Starting udev Kernel Device Manager...
Oct 23 10:14:59 ubuntu systemd[1]: Reached target Local File Systems (Pre).
Oct 23 10:14:59 ubuntu kernel: [    0.000000] ITS@0x0000000008080000: allocated 8192 Interrupt Collections @53ca10000 (flat, esz 8, psz 64K, shr 1)
Oct 23 10:14:59 ubuntu kernel: [    0.000000] GICv3: using LPI property table @0x000000053ca20000
Oct 23 10:14:59 ubuntu kernel: [    0.000000] GICv3: CPU0: using allocated LPI pending table @0x000000053ca30000
Oct 23 10:14:59 ubuntu kernel: [    0.000000] arch_timer: cp15 timer(s) running at 100.00MHz (virt).
Oct 23 10:14:59 ubuntu kernel: [    0.000000] clocksource: arch_sys_counter: mask: 0xffffffffffffff max_cycles: 0x171024e7e0, max_idle_ns: 440795205315 ns
Oct 23 10:14:59 ubuntu kernel: [    0.000002] sched_clock: 56 bits at 100MHz, resolution 10ns, wraps every 4398046511100ns
Oct 23 10:14:59 ubuntu systemd[1]: Started udev Kernel Device Manager.
Oct 23 10:14:59 ubuntu kernel: [    0.000276] Console: colour dummy device 80x25
Oct 23 10:14:59 ubuntu systemd[1]: Started Flush Journal to Persistent Storage.
Oct 23 10:14:59 ubuntu kernel: [    0.000363] ACPI: Core revision 20200326
Oct 23 10:14:59 ubuntu kernel: [    0.000539] Calibrating delay loop (skipped), value calculated using timer frequency.. 200.00 BogoMIPS (lpj=400000)
Oct 23 10:14:59 ubuntu kernel: [    0.000542] pid_max: default: 32768 minimum: 301
Oct 23 10:14:59 ubuntu kernel: [    0.000621] LSM: Security Framework initializing
Oct 23 10:14:59 ubuntu kernel: [    0.000655] Yama: becoming mindful.
Oct 23 10:14:59 ubuntu kernel: [    0.000834] AppArmor: AppArmor initialized
Oct 23 10:14:59 ubuntu kernel: [    0.001259] Mount-cache hash table entries: 65536 (order: 7, 524288 bytes, linear)
Oct 23 10:14:59 ubuntu kernel: [    0.001581] Mountpoint-cache hash table entries: 65536 (order: 7, 524288 bytes, linear)
Oct 23 10:14:59 ubuntu kernel: [    0.003531] ACPI PPTT: No PPTT table found, CPU and cache topology may be inaccurate
Oct 23 10:14:59 ubuntu kernel: [    0.003907] rcu: Hierarchical SRCU implementation.
Oct 23 10:14:59 ubuntu kernel: [    0.004968] Platform MSI: ITS@0x8080000 domain created
Oct 23 10:14:59 ubuntu kernel: [    0.004986] PCI/MSI: ITS@0x8080000 domain created
Oct 23 10:14:59 ubuntu kernel: [    0.005034] Remapping and enabling EFI services.
Oct 23 10:14:59 ubuntu kernel: [    0.005051] [mitosis-origin] pgd_alloc for mm=ffff800011dcda40 and mm->pgd =ffff0004df9ba000.
Oct 23 10:14:59 ubuntu kernel: [    0.006425] smp: Bringing up secondary CPUs ...
Oct 23 10:14:59 ubuntu kernel: [    0.122029] Detected VIPT I-cache on CPU1
Oct 23 10:14:59 ubuntu kernel: [    0.122050] GICv3: CPU1: found redistributor 1 region 0:0x00000000080c0000
Oct 23 10:14:59 ubuntu kernel: [    0.122301] GICv3: CPU1: using allocated LPI pending table @0x000000053ca40000
Oct 23 10:14:59 ubuntu kernel: [    0.122340] CPU1: Booted secondary processor 0x0000000001 [0x481fd010]
Oct 23 10:14:59 ubuntu systemd[1]: Started udev Coldplug all Devices.
Oct 23 10:14:59 ubuntu systemd[1]: Started Dispatch Password Requests to Console Directory Watch.
Oct 23 10:14:59 ubuntu systemd[1]: Reached target Local Encrypted Volumes.
Oct 23 10:14:59 ubuntu kernel: [    0.236864] Detected VIPT I-cache on CPU2
Oct 23 10:14:59 ubuntu systemd[1]: Found device /dev/ttyAMA0.
Oct 23 10:14:59 ubuntu kernel: [    0.236882] GICv3: CPU2: found redistributor 2 region 0:0x00000000080e0000
Oct 23 10:14:59 ubuntu systemd-udevd[932]: link_config: autonegotiation is unset or enabled, the speed and duplex are not writable.
Oct 23 10:14:59 ubuntu systemd-udevd[950]: link_config: autonegotiation is unset or enabled, the speed and duplex are not writable.
Oct 23 10:14:59 ubuntu kernel: [    0.237088] GICv3: CPU2: using allocated LPI pending table @0x000000053ca50000
Oct 23 10:14:59 ubuntu systemd[1]: Listening on Load/Save RF Kill Switch Status /dev/rfkill Watch.
Oct 23 10:14:59 ubuntu systemd[1]: Found device /dev/mapper/ubuntu--vg-swap_1.
Oct 23 10:14:59 ubuntu kernel: [    0.237119] CPU2: Booted secondary processor 0x0000000002 [0x481fd010]
Oct 23 10:14:59 ubuntu systemd[1]: Activating swap /dev/mapper/ubuntu--vg-swap_1...
Oct 23 10:14:59 ubuntu kernel: [    0.347513] Detected VIPT I-cache on CPU3
Oct 23 10:14:59 ubuntu systemd[1]: Activated swap /dev/mapper/ubuntu--vg-swap_1.
Oct 23 10:14:59 ubuntu kernel: [    0.347580] GICv3: CPU3: found redistributor 3 region 0:0x0000000008100000
Oct 23 10:14:59 ubuntu kernel: [    0.348047] GICv3: CPU3: using allocated LPI pending table @0x000000053ca60000
Oct 23 10:14:59 ubuntu kernel: [    0.348142] CPU3: Booted secondary processor 0x0000000003 [0x481fd010]
Oct 23 10:14:59 ubuntu kernel: [    0.658095] Detected VIPT I-cache on CPU4
Oct 23 10:14:59 ubuntu kernel: [    0.658125] GICv3: CPU4: found redistributor 4 region 0:0x0000000008120000
Oct 23 10:14:59 ubuntu systemd[1]: Found device QEMU_HARDDISK 1.
Oct 23 10:14:59 ubuntu kernel: [    0.658429] GICv3: CPU4: using allocated LPI pending table @0x000000053ca70000
Oct 23 10:14:59 ubuntu kernel: [    0.658468] CPU4: Booted secondary processor 0x0000000004 [0x481fd010]
Oct 23 10:14:59 ubuntu kernel: [    0.770325] Detected VIPT I-cache on CPU5
Oct 23 10:14:59 ubuntu kernel: [    0.770352] GICv3: CPU5: found redistributor 5 region 0:0x0000000008140000
Oct 23 10:14:59 ubuntu kernel: [    0.770595] GICv3: CPU5: using allocated LPI pending table @0x000000053ca80000
Oct 23 10:14:59 ubuntu kernel: [    0.770626] CPU5: Booted secondary processor 0x0000000005 [0x481fd010]
Oct 23 10:14:59 ubuntu kernel: [    0.878688] Detected VIPT I-cache on CPU6
Oct 23 10:14:59 ubuntu kernel: [    0.878758] GICv3: CPU6: found redistributor 6 region 0:0x0000000008160000
Oct 23 10:14:59 ubuntu kernel: [    0.879221] GICv3: CPU6: using allocated LPI pending table @0x000000053ca90000
Oct 23 10:14:59 ubuntu kernel: [    0.879304] CPU6: Booted secondary processor 0x0000000006 [0x481fd010]
Oct 23 10:14:59 ubuntu kernel: [    1.164766] Detected VIPT I-cache on CPU7
Oct 23 10:14:59 ubuntu kernel: [    1.164800] GICv3: CPU7: found redistributor 7 region 0:0x0000000008180000
Oct 23 10:14:59 ubuntu kernel: [    1.165084] GICv3: CPU7: using allocated LPI pending table @0x000000053caa0000
Oct 23 10:14:59 ubuntu kernel: [    1.165127] CPU7: Booted secondary processor 0x0000000007 [0x481fd010]
Oct 23 10:14:59 ubuntu kernel: [    1.274271] Detected VIPT I-cache on CPU8
Oct 23 10:14:59 ubuntu kernel: [    1.274300] GICv3: CPU8: found redistributor 8 region 0:0x00000000081a0000
Oct 23 10:14:59 ubuntu kernel: [    1.274544] GICv3: CPU8: using allocated LPI pending table @0x000000053cab0000
Oct 23 10:14:59 ubuntu systemd[1]: Starting File System Check on /dev/disk/by-uuid/5EA9-3D4C...
Oct 23 10:14:59 ubuntu kernel: [    1.274578] CPU8: Booted secondary processor 0x0000000008 [0x481fd010]
Oct 23 10:14:59 ubuntu systemd[1]: Reached target Swap.
Oct 23 10:14:59 ubuntu kernel: [    1.383298] Detected VIPT I-cache on CPU9
Oct 23 10:14:59 ubuntu kernel: [    1.383331] GICv3: CPU9: found redistributor 9 region 0:0x00000000081c0000
Oct 23 10:14:59 ubuntu kernel: [    1.383578] GICv3: CPU9: using allocated LPI pending table @0x000000053cac0000
Oct 23 10:14:59 ubuntu kernel: [    1.383613] CPU9: Booted secondary processor 0x0000000009 [0x481fd010]
Oct 23 10:14:59 ubuntu kernel: [    1.492546] Detected VIPT I-cache on CPU10
Oct 23 10:14:59 ubuntu systemd[1]: Created slice system-lvm2\x2dpvscan.slice.
Oct 23 10:14:59 ubuntu kernel: [    1.492580] GICv3: CPU10: found redistributor a region 0:0x00000000081e0000
Oct 23 10:14:59 ubuntu systemd[1]: Starting LVM2 PV scan on device 8:2...
Oct 23 10:14:59 ubuntu kernel: [    1.492815] GICv3: CPU10: using allocated LPI pending table @0x000000053cad0000
Oct 23 10:14:59 ubuntu kernel: [    1.492845] CPU10: Booted secondary processor 0x000000000a [0x481fd010]
Oct 23 10:14:59 ubuntu kernel: [    1.776047] Detected VIPT I-cache on CPU11
Oct 23 10:14:59 ubuntu systemd[1]: Started File System Check Daemon to report status.
Oct 23 10:14:59 ubuntu kernel: [    1.776083] GICv3: CPU11: found redistributor b region 0:0x0000000008200000
Oct 23 10:14:59 ubuntu systemd-fsck[1048]: fsck.fat 4.1 (2017-01-24)
Oct 23 10:14:59 ubuntu kernel: [    1.776349] GICv3: CPU11: using allocated LPI pending table @0x000000053cae0000
Oct 23 10:14:59 ubuntu kernel: [    1.776384] CPU11: Booted secondary processor 0x000000000b [0x481fd010]
Oct 23 10:14:59 ubuntu kernel: [    2.064100] Detected VIPT I-cache on CPU12
Oct 23 10:14:59 ubuntu systemd-fsck[1048]: /dev/sda1: 5 files, 41/65501 clusters
Oct 23 10:14:59 ubuntu kernel: [    2.064136] GICv3: CPU12: found redistributor c region 0:0x0000000008220000
Oct 23 10:14:59 ubuntu systemd[1]: Started File System Check on /dev/disk/by-uuid/5EA9-3D4C.
Oct 23 10:14:59 ubuntu kernel: [    2.064401] GICv3: CPU12: using allocated LPI pending table @0x000000053caf0000
Oct 23 10:14:59 ubuntu kernel: [    2.064437] CPU12: Booted secondary processor 0x000000000c [0x481fd010]
Oct 23 10:14:59 ubuntu kernel: [    2.175697] Detected VIPT I-cache on CPU13
Oct 23 10:14:59 ubuntu systemd[1]: Mounting /boot/efi...
Oct 23 10:14:59 ubuntu kernel: [    2.175738] GICv3: CPU13: found redistributor d region 0:0x0000000008240000
Oct 23 10:14:59 ubuntu lvm[1049]:   2 logical volume(s) in volume group "ubuntu-vg" now active
Oct 23 10:14:59 ubuntu kernel: [    2.176117] GICv3: CPU13: using allocated LPI pending table @0x000000053cb00000
Oct 23 10:14:59 ubuntu kernel: [    2.176152] CPU13: Booted secondary processor 0x000000000d [0x481fd010]
Oct 23 10:14:59 ubuntu kernel: [    2.459203] Detected VIPT I-cache on CPU14
Oct 23 10:14:59 ubuntu systemd[1]: Started LVM2 PV scan on device 8:2.
Oct 23 10:14:59 ubuntu kernel: [    2.459246] GICv3: CPU14: found redistributor e region 0:0x0000000008260000
Oct 23 10:14:59 ubuntu systemd[1]: Mounted /boot/efi.
Oct 23 10:14:59 ubuntu kernel: [    2.459502] GICv3: CPU14: using allocated LPI pending table @0x000000053cb10000
Oct 23 10:14:59 ubuntu kernel: [    2.459542] CPU14: Booted secondary processor 0x000000000e [0x481fd010]
Oct 23 10:14:59 ubuntu systemd[1]: Reached target Local File Systems.
Oct 23 10:14:59 ubuntu kernel: [    2.749717] Detected VIPT I-cache on CPU15
Oct 23 10:14:59 ubuntu systemd[1]: Starting ebtables ruleset management...
Oct 23 10:14:59 ubuntu systemd[1]: Starting Tell Plymouth To Write Out Runtime Data...
Oct 23 10:14:59 ubuntu kernel: [    2.749762] GICv3: CPU15: found redistributor f region 0:0x0000000008280000
Oct 23 10:14:59 ubuntu systemd[1]: Starting AppArmor initialization...
Oct 23 10:14:59 ubuntu kernel: [    2.750026] GICv3: CPU15: using allocated LPI pending table @0x000000053cb20000
Oct 23 10:14:59 ubuntu kernel: [    2.750066] CPU15: Booted secondary processor 0x000000000f [0x481fd010]
Oct 23 10:14:59 ubuntu kernel: [    2.861286] Detected VIPT I-cache on CPU16
Oct 23 10:14:59 ubuntu kernel: [    2.861380] GICv3: CPU16: found redistributor 100 region 0:0x00000000082a0000
Oct 23 10:14:59 ubuntu kernel: [    2.861732] GICv3: CPU16: using allocated LPI pending table @0x000000053cb30000
Oct 23 10:14:59 ubuntu systemd[1]: Starting Set console font and keymap...
Oct 23 10:14:59 ubuntu kernel: [    2.861806] CPU16: Booted secondary processor 0x0000000100 [0x481fd010]
Oct 23 10:14:59 ubuntu systemd[1]: Starting Create Volatile Files and Directories...
Oct 23 10:14:59 ubuntu kernel: [    3.135380] Detected VIPT I-cache on CPU17
Oct 23 10:14:59 ubuntu systemd[1]: Started Tell Plymouth To Write Out Runtime Data.
Oct 23 10:14:59 ubuntu kernel: [    3.135428] GICv3: CPU17: found redistributor 101 region 0:0x00000000082c0000
Oct 23 10:14:59 ubuntu kernel: [    3.135652] GICv3: CPU17: using allocated LPI pending table @0x000000053cb40000
Oct 23 10:14:59 ubuntu kernel: [    3.135690] CPU17: Booted secondary processor 0x0000000101 [0x481fd010]
Oct 23 10:14:59 ubuntu kernel: [    3.428760] Detected VIPT I-cache on CPU18
Oct 23 10:14:59 ubuntu kernel: [    3.428836] GICv3: CPU18: found redistributor 102 region 0:0x00000000082e0000
Oct 23 10:14:59 ubuntu kernel: [    3.429096] GICv3: CPU18: using allocated LPI pending table @0x000000053cb50000
Oct 23 10:14:59 ubuntu kernel: [    3.429135] CPU18: Booted secondary processor 0x0000000102 [0x481fd010]
Oct 23 10:14:59 ubuntu kernel: [    3.714883] Detected VIPT I-cache on CPU19
Oct 23 10:14:59 ubuntu kernel: [    3.714934] GICv3: CPU19: found redistributor 103 region 0:0x0000000008300000
Oct 23 10:14:59 ubuntu kernel: [    3.715174] GICv3: CPU19: using allocated LPI pending table @0x000000053cb60000
Oct 23 10:14:59 ubuntu kernel: [    3.715206] CPU19: Booted secondary processor 0x0000000103 [0x481fd010]
Oct 23 10:14:59 ubuntu kernel: [    4.013872] Detected VIPT I-cache on CPU20
Oct 23 10:14:59 ubuntu kernel: [    4.013930] GICv3: CPU20: found redistributor 104 region 0:0x0000000008320000
Oct 23 10:14:59 ubuntu kernel: [    4.014220] GICv3: CPU20: using allocated LPI pending table @0x000000053cb70000
Oct 23 10:14:59 ubuntu systemd[1]: Started Set console font and keymap.
Oct 23 10:14:59 ubuntu kernel: [    4.014262] CPU20: Booted secondary processor 0x0000000104 [0x481fd010]
Oct 23 10:14:59 ubuntu kernel: [    4.301523] Detected VIPT I-cache on CPU21
Oct 23 10:14:59 ubuntu kernel: [    4.301577] GICv3: CPU21: found redistributor 105 region 0:0x0000000008340000
Oct 23 10:14:59 ubuntu systemd[1]: Started Create Volatile Files and Directories.
Oct 23 10:14:59 ubuntu kernel: [    4.301841] GICv3: CPU21: using allocated LPI pending table @0x000000053cb80000
Oct 23 10:14:59 ubuntu kernel: [    4.301876] CPU21: Booted secondary processor 0x0000000105 [0x481fd010]
Oct 23 10:14:59 ubuntu systemd[1]: Starting Network Time Synchronization...
Oct 23 10:14:59 ubuntu kernel: [    4.412735] Detected VIPT I-cache on CPU22
Oct 23 10:14:59 ubuntu systemd[1]: Starting Update UTMP about System Boot/Shutdown...
Oct 23 10:14:59 ubuntu kernel: [    4.412863] GICv3: CPU22: found redistributor 106 region 0:0x0000000008360000
Oct 23 10:14:59 ubuntu kernel: [    4.413360] GICv3: CPU22: using allocated LPI pending table @0x000000053cb90000
Oct 23 10:14:59 ubuntu apparmor[1061]:  * Starting AppArmor profiles
Oct 23 10:14:59 ubuntu kernel: [    4.413433] CPU22: Booted secondary processor 0x0000000106 [0x481fd010]
Oct 23 10:14:59 ubuntu systemd[1]: Started ebtables ruleset management.
Oct 23 10:14:59 ubuntu kernel: [    4.711474] Detected VIPT I-cache on CPU23
Oct 23 10:14:59 ubuntu kernel: [    4.711535] GICv3: CPU23: found redistributor 107 region 0:0x0000000008380000
Oct 23 10:14:59 ubuntu kernel: [    4.711785] GICv3: CPU23: using allocated LPI pending table @0x000000053cba0000
Oct 23 10:14:59 ubuntu kernel: [    4.711832] CPU23: Booted secondary processor 0x0000000107 [0x481fd010]
Oct 23 10:14:59 ubuntu systemd[1]: Reached target Network (Pre).
Oct 23 10:14:59 ubuntu kernel: [    5.001341] Detected VIPT I-cache on CPU24
Oct 23 10:14:59 ubuntu kernel: [    5.001399] GICv3: CPU24: found redistributor 108 region 0:0x00000000083a0000
Oct 23 10:14:59 ubuntu kernel: [    5.001737] GICv3: CPU24: using allocated LPI pending table @0x000000053cbb0000
Oct 23 10:14:59 ubuntu kernel: [    5.001775] CPU24: Booted secondary processor 0x0000000108 [0x481fd010]
Oct 23 10:14:59 ubuntu kernel: [    5.306208] Detected VIPT I-cache on CPU25
Oct 23 10:14:59 ubuntu kernel: [    5.306271] GICv3: CPU25: found redistributor 109 region 0:0x00000000083c0000
Oct 23 10:14:59 ubuntu kernel: [    5.306441] GICv3: CPU25: using allocated LPI pending table @0x000000053cbc0000
Oct 23 10:14:59 ubuntu systemd[1]: Starting Network Service...
Oct 23 10:14:59 ubuntu kernel: [    5.306517] CPU25: Booted secondary processor 0x0000000109 [0x481fd010]
Oct 23 10:14:59 ubuntu kernel: [    5.596906] Detected VIPT I-cache on CPU26
Oct 23 10:14:59 ubuntu kernel: [    5.596973] GICv3: CPU26: found redistributor 10a region 0:0x00000000083e0000
Oct 23 10:14:59 ubuntu kernel: [    5.597226] GICv3: CPU26: using allocated LPI pending table @0x000000053cbd0000
Oct 23 10:14:59 ubuntu systemd[1]: Started Update UTMP about System Boot/Shutdown.
Oct 23 10:14:59 ubuntu kernel: [    5.597262] CPU26: Booted secondary processor 0x000000010a [0x481fd010]
Oct 23 10:14:59 ubuntu systemd[1]: Started Network Time Synchronization.
Oct 23 10:14:59 ubuntu systemd[1]: Reached target System Time Synchronized.
Oct 23 10:14:59 ubuntu kernel: [    5.709329] Detected VIPT I-cache on CPU27
Oct 23 10:14:59 ubuntu systemd-networkd[1090]: Enumeration completed
Oct 23 10:14:59 ubuntu kernel: [    5.709479] GICv3: CPU27: found redistributor 10b region 0:0x0000000008400000
Oct 23 10:14:59 ubuntu kernel: [    5.709863] GICv3: CPU27: using allocated LPI pending table @0x000000053cbe0000
Oct 23 10:14:59 ubuntu kernel: [    5.709928] CPU27: Booted secondary processor 0x000000010b [0x481fd010]
Oct 23 10:14:59 ubuntu kernel: [    6.011007] Detected VIPT I-cache on CPU28
Oct 23 10:14:59 ubuntu systemd-timesyncd[1076]: No network connectivity, watching for changes.
Oct 23 10:14:59 ubuntu kernel: [    6.011078] GICv3: CPU28: found redistributor 10c region 0:0x0000000008420000
Oct 23 10:14:59 ubuntu kernel: [    6.011494] GICv3: CPU28: using allocated LPI pending table @0x000000053cbf0000
Oct 23 10:14:59 ubuntu kernel: [    6.011544] CPU28: Booted secondary processor 0x000000010c [0x481fd010]
Oct 23 10:14:59 ubuntu systemd[1]: Started Network Service.
Oct 23 10:14:59 ubuntu kernel: [    6.304548] Detected VIPT I-cache on CPU29
Oct 23 10:14:59 ubuntu systemd-networkd[1090]: lo: Link is not managed by us
Oct 23 10:14:59 ubuntu kernel: [    6.304619] GICv3: CPU29: found redistributor 10d region 0:0x0000000008440000
Oct 23 10:14:59 ubuntu systemd[1]: Starting Network Name Resolution...
Oct 23 10:14:59 ubuntu systemd[1]: Starting Wait for Network to be Configured...
Oct 23 10:14:59 ubuntu kernel: [    6.304832] GICv3: CPU29: using allocated LPI pending table @0x000000051f800000
Oct 23 10:14:59 ubuntu systemd-networkd-wait-online[1126]: ignoring: lo
Oct 23 10:14:59 ubuntu kernel: [    6.304872] CPU29: Booted secondary processor 0x000000010d [0x481fd010]
Oct 23 10:14:59 ubuntu apparmor[1061]: Skipping profile in /etc/apparmor.d/disable: usr.sbin.rsyslogd
Oct 23 10:14:59 ubuntu kernel: [    6.606980] Detected VIPT I-cache on CPU30
Oct 23 10:14:59 ubuntu systemd-networkd[1090]: enp1s0: Gained carrier
Oct 23 10:14:59 ubuntu kernel: [    6.607050] GICv3: CPU30: found redistributor 10e region 0:0x0000000008460000
Oct 23 10:14:59 ubuntu kernel: [    6.607322] GICv3: CPU30: using allocated LPI pending table @0x000000051f810000
Oct 23 10:14:59 ubuntu systemd-networkd-wait-online[1126]: ignoring: lo
Oct 23 10:14:59 ubuntu kernel: [    6.607366] CPU30: Booted secondary processor 0x000000010e [0x481fd010]
Oct 23 10:14:59 ubuntu kernel: [    6.937980] Detected VIPT I-cache on CPU31
Oct 23 10:14:59 ubuntu kernel: [    6.938078] GICv3: CPU31: found redistributor 10f region 0:0x0000000008480000
Oct 23 10:14:59 ubuntu kernel: [    6.938317] GICv3: CPU31: using allocated LPI pending table @0x000000051f820000
Oct 23 10:14:59 ubuntu kernel: [    6.938364] CPU31: Booted secondary processor 0x000000010f [0x481fd010]
Oct 23 10:14:59 ubuntu kernel: [    6.938621] smp: Brought up 1 node, 32 CPUs
Oct 23 10:14:59 ubuntu kernel: [    6.938733] SMP: Total of 32 processors activated.
Oct 23 10:14:59 ubuntu kernel: [    6.938738] CPU features: detected: Privileged Access Never
Oct 23 10:14:59 ubuntu kernel: [    6.938741] CPU features: detected: LSE atomic instructions
Oct 23 10:14:59 ubuntu kernel: [    6.938743] CPU features: detected: User Access Override
Oct 23 10:14:59 ubuntu kernel: [    6.938748] CPU features: detected: Common not Private translations
Oct 23 10:14:59 ubuntu kernel: [    6.938751] CPU features: detected: Data cache clean to Point of Persistence
Oct 23 10:14:59 ubuntu kernel: [    6.938754] CPU features: detected: RAS Extension Support
Oct 23 10:14:59 ubuntu kernel: [    6.938757] CPU features: detected: CRC32 instructions
Oct 23 10:14:59 ubuntu kernel: [    7.068413] CPU: All CPU(s) started at EL1
Oct 23 10:14:59 ubuntu kernel: [    7.068828] alternatives: patching kernel code
Oct 23 10:14:59 ubuntu kernel: [    7.076442] devtmpfs: initialized
Oct 23 10:14:59 ubuntu kernel: [    7.077952] Registered cp15_barrier emulation handler
Oct 23 10:14:59 ubuntu kernel: [    7.078156] Registered setend emulation handler
Oct 23 10:14:59 ubuntu kernel: [    7.078163] KASLR disabled due to lack of seed
Oct 23 10:14:59 ubuntu kernel: [    7.079112] clocksource: jiffies: mask: 0xffffffff max_cycles: 0xffffffff, max_idle_ns: 7645041785100000 ns
Oct 23 10:14:59 ubuntu kernel: [    7.079538] futex hash table entries: 8192 (order: 7, 524288 bytes, linear)
Oct 23 10:14:59 ubuntu kernel: [    7.080881] pinctrl core: initialized pinctrl subsystem
Oct 23 10:14:59 ubuntu kernel: [    7.081538] thermal_sys: Registered thermal governor 'fair_share'
Oct 23 10:14:59 ubuntu kernel: [    7.081539] thermal_sys: Registered thermal governor 'bang_bang'
Oct 23 10:14:59 ubuntu kernel: [    7.081541] thermal_sys: Registered thermal governor 'step_wise'
Oct 23 10:14:59 ubuntu systemd-timesyncd[1076]: Network configuration changed, trying to establish connection.
Oct 23 10:14:59 ubuntu kernel: [    7.081542] thermal_sys: Registered thermal governor 'user_space'
Oct 23 10:14:59 ubuntu kernel: [    7.081683] SMBIOS 3.0.0 present.
Oct 23 10:14:59 ubuntu kernel: [    7.081689] DMI: QEMU KVM Virtual Machine, BIOS 0.0.0 02/06/2015
Oct 23 10:14:59 ubuntu kernel: [    7.082567] NET: Registered protocol family 16
Oct 23 10:14:59 ubuntu kernel: [    7.084918] DMA: preallocated 256 KiB pool for atomic allocations
Oct 23 10:14:59 ubuntu kernel: [    7.084925] audit: initializing netlink subsys (disabled)
Oct 23 10:14:59 ubuntu kernel: [    7.085272] audit: type=2000 audit(6.996:1): state=initialized audit_enabled=0 res=1
Oct 23 10:14:59 ubuntu kernel: [    7.085702] cpuidle: using governor ladder
Oct 23 10:14:59 ubuntu kernel: [    7.085716] cpuidle: using governor menu
Oct 23 10:14:59 ubuntu kernel: [    7.085803] hw-breakpoint: found 6 breakpoint and 4 watchpoint registers.
Oct 23 10:14:59 ubuntu kernel: [    7.088108] ASID allocator initialised with 65536 entries
Oct 23 10:14:59 ubuntu systemd-networkd-wait-online[1126]: ignoring: lo
Oct 23 10:14:59 ubuntu kernel: [    7.088264] ACPI: bus type PCI registered
Oct 23 10:14:59 ubuntu systemd-resolved[1122]: Positive Trust Anchors:
Oct 23 10:14:59 ubuntu kernel: [    7.088276] acpiphp: ACPI Hot Plug PCI Controller Driver version: 0.5
Oct 23 10:14:59 ubuntu kernel: [    7.088466] Serial: AMBA PL011 UART driver
Oct 23 10:14:59 ubuntu kernel: [    7.092457] HugeTLB registered 1.00 GiB page size, pre-allocated 0 pages
Oct 23 10:14:59 ubuntu kernel: [    7.092460] HugeTLB registered 32.0 MiB page size, pre-allocated 0 pages
Oct 23 10:14:59 ubuntu kernel: [    7.092462] HugeTLB registered 2.00 MiB page size, pre-allocated 0 pages
Oct 23 10:14:59 ubuntu kernel: [    7.092463] HugeTLB registered 64.0 KiB page size, pre-allocated 0 pages
Oct 23 10:14:59 ubuntu kernel: [    7.104468] ACPI: Added _OSI(Module Device)
Oct 23 10:14:59 ubuntu kernel: [    7.104471] ACPI: Added _OSI(Processor Device)
Oct 23 10:14:59 ubuntu kernel: [    7.104472] ACPI: Added _OSI(3.0 _SCP Extensions)
Oct 23 10:14:59 ubuntu kernel: [    7.104473] ACPI: Added _OSI(Processor Aggregator Device)
Oct 23 10:14:59 ubuntu kernel: [    7.104476] ACPI: Added _OSI(Linux-Dell-Video)
Oct 23 10:14:59 ubuntu kernel: [    7.104477] ACPI: Added _OSI(Linux-Lenovo-NV-HDMI-Audio)
Oct 23 10:14:59 ubuntu kernel: [    7.104479] ACPI: Added _OSI(Linux-HPI-Hybrid-Graphics)
Oct 23 10:14:59 ubuntu kernel: [    7.105360] ACPI: 1 ACPI AML tables successfully acquired and loaded
Oct 23 10:14:59 ubuntu systemd-resolved[1122]: . IN DS 19036 8 2 49aac11d7b6f6446702e54a1607371607a1a41855200fd2ce1cdde32f24e8fb5
Oct 23 10:14:59 ubuntu kernel: [    7.105889] ACPI: Interpreter enabled
Oct 23 10:14:59 ubuntu kernel: [    7.105891] ACPI: Using GIC for interrupt routing
Oct 23 10:14:59 ubuntu kernel: [    7.105924] ACPI: MCFG table detected, 1 entries
Oct 23 10:14:59 ubuntu kernel: [    7.110770] ARMH0011:00: ttyAMA0 at MMIO 0x9000000 (irq = 4, base_baud = 0) is a SBSA
Oct 23 10:14:59 ubuntu systemd-resolved[1122]: . IN DS 20326 8 2 e06d44b80b8f1d39a95c0b0d7c65d08458e880409bbc683457104237c7f8ec8d
Oct 23 10:14:59 ubuntu kernel: [    7.260548] printk: console [ttyAMA0] enabled
Oct 23 10:14:59 ubuntu kernel: [    7.263192] ACPI: PCI Root Bridge [PCI0] (domain 0000 [bus 00-0f])
Oct 23 10:14:59 ubuntu kernel: [    7.263875] acpi PNP0A08:00: _OSC: OS supports [ExtendedConfig ASPM ClockPM Segments MSI HPX-Type3]
Oct 23 10:14:59 ubuntu kernel: [    7.265000] acpi PNP0A08:00: _OSC: platform does not support [SHPCHotplug LTR]
Oct 23 10:14:59 ubuntu kernel: [    7.265832] acpi PNP0A08:00: _OSC: OS now controls [PCIeHotplug PME AER PCIeCapability]
Oct 23 10:14:59 ubuntu systemd-resolved[1122]: Negative trust anchors: 10.in-addr.arpa 16.172.in-addr.arpa 17.172.in-addr.arpa 18.172.in-addr.arpa 19.172.in-addr.arpa 20.172.in-addr.arpa 21.172.in-addr.arpa 22.172.in-addr.arpa 23.172.in-addr.arpa 24.172.in-addr.arpa 25.172.in-addr.arpa 26.172.in-addr.arpa 27.172.in-addr.arpa 28.172.in-addr.arpa 29.172.in-addr.arpa 30.172.in-addr.arpa 31.172.in-addr.arpa 168.192.in-addr.arpa d.f.ip6.arpa corp home internal intranet lan local private test
Oct 23 10:14:59 ubuntu kernel: [    7.266860] acpi PNP0A08:00: ECAM area [mem 0x3f000000-0x3fffffff] reserved by PNP0C02:00
Oct 23 10:14:59 ubuntu systemd-resolved[1122]: Using system hostname 'ubuntu'.
Oct 23 10:14:59 ubuntu kernel: [    7.267604] acpi PNP0A08:00: ECAM at [mem 0x3f000000-0x3fffffff] for [bus 00-0f]
Oct 23 10:14:59 ubuntu systemd[1]: Started Network Name Resolution.
Oct 23 10:14:59 ubuntu kernel: [    7.268404] Remapped I/O 0x000000003eff0000 to [io  0x0000-0xffff window]
Oct 23 10:14:59 ubuntu systemd[1]: Reached target Network.
Oct 23 10:14:59 ubuntu kernel: [    7.269331] PCI host bridge to bus 0000:00
Oct 23 10:14:59 ubuntu systemd[1]: Reached target Host and Network Name Lookups.
Oct 23 10:14:59 ubuntu kernel: [    7.269729] pci_bus 0000:00: root bus resource [mem 0x10000000-0x3efeffff window]
Oct 23 10:14:59 ubuntu kernel: [    7.270475] pci_bus 0000:00: root bus resource [io  0x0000-0xffff window]
Oct 23 10:14:59 ubuntu kernel: [    7.271135] pci_bus 0000:00: root bus resource [mem 0x8000000000-0xffffffffff window]
Oct 23 10:14:59 ubuntu apparmor[1061]:    ...done.
Oct 23 10:14:59 ubuntu kernel: [    7.271884] pci_bus 0000:00: root bus resource [bus 00-0f]
Oct 23 10:14:59 ubuntu kernel: [    7.272508] pci 0000:00:00.0: [1b36:0008] type 00 class 0x060000
Oct 23 10:14:59 ubuntu kernel: [    7.273527] pci 0000:00:01.0: [1b36:000c] type 01 class 0x060400
Oct 23 10:14:59 ubuntu systemd[1]: Started AppArmor initialization.
Oct 23 10:14:59 ubuntu kernel: [    7.275502] pci 0000:00:01.0: reg 0x10: [mem 0x10303000-0x10303fff]
Oct 23 10:14:59 ubuntu kernel: [    7.278598] pci 0000:00:01.1: [1b36:000c] type 01 class 0x060400
Oct 23 10:14:59 ubuntu systemd[1]: Reached target System Initialization.
Oct 23 10:14:59 ubuntu kernel: [    7.280456] pci 0000:00:01.1: reg 0x10: [mem 0x10302000-0x10302fff]
Oct 23 10:14:59 ubuntu kernel: [    7.283960] pci 0000:00:01.2: [1b36:000c] type 01 class 0x060400
Oct 23 10:14:59 ubuntu systemd[1]: Started Daily apt download activities.
Oct 23 10:14:59 ubuntu kernel: [    7.288071] pci 0000:00:01.2: reg 0x10: [mem 0x10301000-0x10301fff]
Oct 23 10:14:59 ubuntu systemd[1]: Listening on ACPID Listen Socket.
Oct 23 10:14:59 ubuntu kernel: [    7.292051] pci 0000:00:01.3: [1b36:000c] type 01 class 0x060400
Oct 23 10:14:59 ubuntu kernel: [    7.294392] pci 0000:00:01.3: reg 0x10: [mem 0x10300000-0x10300fff]
Oct 23 10:14:59 ubuntu kernel: [    7.300522] pci 0000:01:00.0: [1af4:1041] type 00 class 0x020000
Oct 23 10:14:59 ubuntu kernel: [    7.302643] pci 0000:01:00.0: reg 0x14: [mem 0x10200000-0x10200fff]
Oct 23 10:14:59 ubuntu systemd[1]: Starting Socket activation for snappy daemon.
Oct 23 10:14:59 ubuntu kernel: [    7.305587] pci 0000:01:00.0: reg 0x20: [mem 0x8000000000-0x8000003fff 64bit pref]
Oct 23 10:14:59 ubuntu systemd[1]: Starting LXD - unix socket.
Oct 23 10:14:59 ubuntu systemd[1]: Listening on D-Bus System Message Bus Socket.
Oct 23 10:14:59 ubuntu kernel: [    7.307264] pci 0000:01:00.0: reg 0x30: [mem 0xfff80000-0xffffffff pref]
Oct 23 10:14:59 ubuntu kernel: [    7.311011] pci 0000:02:00.0: [1b36:000d] type 00 class 0x0c0330
Oct 23 10:14:59 ubuntu systemd[1]: Started Daily apt upgrade and clean activities.
Oct 23 10:14:59 ubuntu kernel: [    7.311723] pci 0000:02:00.0: reg 0x10: [mem 0x10100000-0x10103fff 64bit]
Oct 23 10:14:59 ubuntu kernel: [    7.313687] pci 0000:03:00.0: [1af4:1048] type 00 class 0x010000
Oct 23 10:14:59 ubuntu kernel: [    7.316142] pci 0000:03:00.0: reg 0x14: [mem 0x10000000-0x10000fff]
Oct 23 10:14:59 ubuntu kernel: [    7.319454] pci 0000:03:00.0: reg 0x20: [mem 0x8000100000-0x8000103fff 64bit pref]
Oct 23 10:14:59 ubuntu systemd[1]: Started Daily Cleanup of Temporary Directories.
Oct 23 10:14:59 ubuntu kernel: [    7.326056] pci 0000:00:01.0: bridge window [io  0x1000-0x0fff] to [bus 01] add_size 1000
Oct 23 10:14:59 ubuntu kernel: [    7.326965] pci 0000:00:01.0: bridge window [mem 0x00100000-0x001fffff 64bit pref] to [bus 01] add_size 100000 add_align 100000
Oct 23 10:14:59 ubuntu systemd[1]: Started ACPI Events Check.
Oct 23 10:14:59 ubuntu kernel: [    7.328108] pci 0000:00:01.0: bridge window [mem 0x00100000-0x001fffff] to [bus 01] add_size 100000 add_align 100000
Oct 23 10:14:59 ubuntu systemd[1]: Reached target Paths.
Oct 23 10:14:59 ubuntu kernel: [    7.329212] pci 0000:00:01.1: bridge window [io  0x1000-0x0fff] to [bus 02] add_size 1000
Oct 23 10:14:59 ubuntu kernel: [    7.330004] pci 0000:00:01.1: bridge window [mem 0x00100000-0x000fffff 64bit pref] to [bus 02] add_size 200000 add_align 100000
Oct 23 10:14:59 ubuntu kernel: [    7.331029] pci 0000:00:01.1: bridge window [mem 0x00100000-0x001fffff] to [bus 02] add_size 100000 add_align 100000
Oct 23 10:14:59 ubuntu systemd[1]: Started Message of the Day.
Oct 23 10:14:59 ubuntu kernel: [    7.332528] pci 0000:00:01.2: bridge window [io  0x1000-0x0fff] to [bus 03] add_size 1000
Oct 23 10:14:59 ubuntu systemd[1]: Listening on Open-iSCSI iscsid Socket.
Oct 23 10:14:59 ubuntu kernel: [    7.333265] pci 0000:00:01.2: bridge window [mem 0x00100000-0x001fffff 64bit pref] to [bus 03] add_size 100000 add_align 100000
Oct 23 10:14:59 ubuntu kernel: [    7.334283] pci 0000:00:01.2: bridge window [mem 0x00100000-0x001fffff] to [bus 03] add_size 100000 add_align 100000
Oct 23 10:14:59 ubuntu kernel: [    7.335227] pci 0000:00:01.3: bridge window [io  0x1000-0x0fff] to [bus 04] add_size 1000
Oct 23 10:14:59 ubuntu kernel: [    7.335927] pci 0000:00:01.3: bridge window [mem 0x00100000-0x000fffff 64bit pref] to [bus 04] add_size 200000 add_align 100000
Oct 23 10:14:59 ubuntu kernel: [    7.336976] pci 0000:00:01.3: bridge window [mem 0x00100000-0x000fffff] to [bus 04] add_size 200000 add_align 100000
Oct 23 10:14:59 ubuntu kernel: [    7.338068] pci 0000:00:01.0: BAR 14: assigned [mem 0x10000000-0x101fffff]
Oct 23 10:14:59 ubuntu kernel: [    7.338812] pci 0000:00:01.0: BAR 15: assigned [mem 0x8000000000-0x80001fffff 64bit pref]
Oct 23 10:14:59 ubuntu systemd[1]: Listening on UUID daemon activation socket.
Oct 23 10:14:59 ubuntu systemd[1]: Started Discard unused blocks once a week.
Oct 23 10:14:59 ubuntu systemd[1]: Reached target Timers.
Oct 23 10:14:59 ubuntu systemd[1]: Listening on Socket activation for snappy daemon.
Oct 23 10:14:59 ubuntu kernel: [    7.339595] pci 0000:00:01.1: BAR 14: assigned [mem 0x10200000-0x103fffff]
Oct 23 10:14:59 ubuntu kernel: [    7.340245] pci 0000:00:01.1: BAR 15: assigned [mem 0x8000200000-0x80003fffff 64bit pref]
Oct 23 10:14:59 ubuntu kernel: [    7.341053] pci 0000:00:01.2: BAR 14: assigned [mem 0x10400000-0x105fffff]
Oct 23 10:14:59 ubuntu kernel: [    7.341721] pci 0000:00:01.2: BAR 15: assigned [mem 0x8000400000-0x80005fffff 64bit pref]
Oct 23 10:14:59 ubuntu kernel: [    7.342508] pci 0000:00:01.3: BAR 14: assigned [mem 0x10600000-0x107fffff]
Oct 23 10:14:59 ubuntu kernel: [    7.343192] pci 0000:00:01.3: BAR 15: assigned [mem 0x8000600000-0x80007fffff 64bit pref]
Oct 23 10:14:59 ubuntu kernel: [    7.343961] pci 0000:00:01.0: BAR 0: assigned [mem 0x10800000-0x10800fff]
Oct 23 10:14:59 ubuntu kernel: [    7.345053] pci 0000:00:01.0: BAR 13: assigned [io  0x1000-0x1fff]
Oct 23 10:14:59 ubuntu kernel: [    7.345709] pci 0000:00:01.1: BAR 0: assigned [mem 0x10801000-0x10801fff]
Oct 23 10:14:59 ubuntu systemd[1]: Listening on LXD - unix socket.
Oct 23 10:14:59 ubuntu kernel: [    7.346617] pci 0000:00:01.1: BAR 13: assigned [io  0x2000-0x2fff]
Oct 23 10:14:59 ubuntu systemd[1]: Reached target Sockets.
Oct 23 10:14:59 ubuntu systemd[1]: Reached target Basic System.
Oct 23 10:14:59 ubuntu kernel: [    7.347200] pci 0000:00:01.2: BAR 0: assigned [mem 0x10802000-0x10802fff]
Oct 23 10:14:59 ubuntu systemd[1]: Started Regular background program processing daemon.
Oct 23 10:14:59 ubuntu kernel: [    7.348092] pci 0000:00:01.2: BAR 13: assigned [io  0x3000-0x3fff]
Oct 23 10:14:59 ubuntu cron[1153]: (CRON) INFO (pidfile fd = 3)
Oct 23 10:14:59 ubuntu systemd[1]: Starting LXD - container startup/shutdown...
Oct 23 10:14:59 ubuntu kernel: [    7.348654] pci 0000:00:01.3: BAR 0: assigned [mem 0x10803000-0x10803fff]
Oct 23 10:14:59 ubuntu cron[1153]: (CRON) INFO (Running @reboot jobs)
Oct 23 10:14:59 ubuntu kernel: [    7.349589] pci 0000:00:01.3: BAR 13: assigned [io  0x4000-0x4fff]
Oct 23 10:14:59 ubuntu systemd[1]: Started D-Bus System Message Bus.
Oct 23 10:14:59 ubuntu systemd[1]: Starting System Logging Service...
Oct 23 10:14:59 ubuntu kernel: [    7.350141] pci 0000:01:00.0: BAR 6: assigned [mem 0x10000000-0x1007ffff pref]
Oct 23 10:14:59 ubuntu systemd[1]: Started irqbalance daemon.
Oct 23 10:14:59 ubuntu kernel: [    7.350805] pci 0000:01:00.0: BAR 4: assigned [mem 0x8000000000-0x8000003fff 64bit pref]
Oct 23 10:14:59 ubuntu kernel: [    7.352134] pci 0000:01:00.0: BAR 1: assigned [mem 0x10080000-0x10080fff]
Oct 23 10:14:59 ubuntu systemd[1]: Starting Dispatcher daemon for systemd-networkd...
Oct 23 10:14:59 ubuntu kernel: [    7.353212] pci 0000:00:01.0: PCI bridge to [bus 01]
Oct 23 10:14:59 ubuntu kernel: [    7.353711] pci 0000:00:01.0:   bridge window [io  0x1000-0x1fff]
Oct 23 10:14:59 ubuntu kernel: [    7.354889] pci 0000:00:01.0:   bridge window [mem 0x10000000-0x101fffff]
Oct 23 10:14:59 ubuntu systemd[1]: Starting Login Service...
Oct 23 10:14:59 ubuntu kernel: [    7.356594] pci 0000:00:01.0:   bridge window [mem 0x8000000000-0x80001fffff 64bit pref]
Oct 23 10:14:59 ubuntu kernel: [    7.358144] pci 0000:02:00.0: BAR 0: assigned [mem 0x10200000-0x10203fff 64bit]
Oct 23 10:14:59 ubuntu rsyslogd: imuxsock: Acquired UNIX socket '/run/systemd/journal/syslog' (fd 3) from systemd.  [v8.32.0]
Oct 23 10:14:59 ubuntu kernel: [    7.358852] pci 0000:00:01.1: PCI bridge to [bus 02]
Oct 23 10:14:59 ubuntu kernel: [    7.359298] pci 0000:00:01.1:   bridge window [io  0x2000-0x2fff]
Oct 23 10:14:59 ubuntu rsyslogd: rsyslogd's groupid changed to 106
Oct 23 10:14:59 ubuntu kernel: [    7.360445] pci 0000:00:01.1:   bridge window [mem 0x10200000-0x103fffff]
Oct 23 10:14:59 ubuntu kernel: [    7.361581] pci 0000:00:01.1:   bridge window [mem 0x8000200000-0x80003fffff 64bit pref]
Oct 23 10:14:59 ubuntu kernel: [    7.363290] pci 0000:03:00.0: BAR 4: assigned [mem 0x8000400000-0x8000403fff 64bit pref]
Oct 23 10:14:59 ubuntu kernel: [    7.364759] pci 0000:03:00.0: BAR 1: assigned [mem 0x10400000-0x10400fff]
Oct 23 10:14:59 ubuntu rsyslogd: rsyslogd's userid changed to 102
Oct 23 10:14:59 ubuntu kernel: [    7.366381] pci 0000:00:01.2: PCI bridge to [bus 03]
Oct 23 10:14:59 ubuntu kernel: [    7.366899] pci 0000:00:01.2:   bridge window [io  0x3000-0x3fff]
Oct 23 10:14:59 ubuntu kernel: [    7.368156] pci 0000:00:01.2:   bridge window [mem 0x10400000-0x105fffff]
Oct 23 10:14:59 ubuntu kernel: [    7.369335] pci 0000:00:01.2:   bridge window [mem 0x8000400000-0x80005fffff 64bit pref]
Oct 23 10:14:59 ubuntu kernel: [    7.371124] pci 0000:00:01.3: PCI bridge to [bus 04]
Oct 23 10:14:59 ubuntu rsyslogd:  [origin software="rsyslogd" swVersion="8.32.0" x-pid="1156" x-info="http://www.rsyslog.com"] start
Oct 23 10:14:59 ubuntu kernel: [    7.371645] pci 0000:00:01.3:   bridge window [io  0x4000-0x4fff]
Oct 23 10:14:59 ubuntu kernel: [    7.372949] pci 0000:00:01.3:   bridge window [mem 0x10600000-0x107fffff]
Oct 23 10:14:59 ubuntu kernel: [    7.374172] pci 0000:00:01.3:   bridge window [mem 0x8000600000-0x80007fffff 64bit pref]
Oct 23 10:14:59 ubuntu kernel: [    7.375924] pci_bus 0000:00: resource 4 [mem 0x10000000-0x3efeffff window]
Oct 23 10:14:59 ubuntu kernel: [    7.377678] pci_bus 0000:00: resource 5 [io  0x0000-0xffff window]
Oct 23 10:14:59 ubuntu kernel: [    7.378371] pci_bus 0000:00: resource 6 [mem 0x8000000000-0xffffffffff window]
Oct 23 10:14:59 ubuntu kernel: [    7.379080] pci_bus 0000:01: resource 0 [io  0x1000-0x1fff]
Oct 23 10:14:59 ubuntu kernel: [    7.379600] pci_bus 0000:01: resource 1 [mem 0x10000000-0x101fffff]
Oct 23 10:14:59 ubuntu kernel: [    7.380188] pci_bus 0000:01: resource 2 [mem 0x8000000000-0x80001fffff 64bit pref]
Oct 23 10:14:59 ubuntu kernel: [    7.380914] pci_bus 0000:02: resource 0 [io  0x2000-0x2fff]
Oct 23 10:14:59 ubuntu kernel: [    7.381434] pci_bus 0000:02: resource 1 [mem 0x10200000-0x103fffff]
Oct 23 10:14:59 ubuntu kernel: [    7.382059] pci_bus 0000:02: resource 2 [mem 0x8000200000-0x80003fffff 64bit pref]
Oct 23 10:14:59 ubuntu kernel: [    7.382800] pci_bus 0000:03: resource 0 [io  0x3000-0x3fff]
Oct 23 10:14:59 ubuntu kernel: [    7.383338] pci_bus 0000:03: resource 1 [mem 0x10400000-0x105fffff]
Oct 23 10:14:59 ubuntu kernel: [    7.383922] pci_bus 0000:03: resource 2 [mem 0x8000400000-0x80005fffff 64bit pref]
Oct 23 10:14:59 ubuntu kernel: [    7.384658] pci_bus 0000:04: resource 0 [io  0x4000-0x4fff]
Oct 23 10:14:59 ubuntu kernel: [    7.385190] pci_bus 0000:04: resource 1 [mem 0x10600000-0x107fffff]
Oct 23 10:14:59 ubuntu kernel: [    7.385856] pci_bus 0000:04: resource 2 [mem 0x8000600000-0x80007fffff 64bit pref]
Oct 23 10:14:59 ubuntu kernel: [    7.386707] ACPI: PCI Interrupt Link [GSI0] (IRQs *35)
Oct 23 10:14:59 ubuntu kernel: [    7.387227] ACPI: PCI Interrupt Link [GSI1] (IRQs *36)
Oct 23 10:14:59 ubuntu kernel: [    7.387722] ACPI: PCI Interrupt Link [GSI2] (IRQs *37)
Oct 23 10:14:59 ubuntu kernel: [    7.388222] ACPI: PCI Interrupt Link [GSI3] (IRQs *38)
Oct 23 10:14:59 ubuntu kernel: [    7.389874] iommu: Default domain type: Translated 
Oct 23 10:14:59 ubuntu kernel: [    7.390506] vgaarb: loaded
Oct 23 10:14:59 ubuntu kernel: [    7.391295] SCSI subsystem initialized
Oct 23 10:14:59 ubuntu kernel: [    7.392073] libata version 3.00 loaded.
Oct 23 10:14:59 ubuntu kernel: [    7.392132] ACPI: bus type USB registered
Oct 23 10:14:59 ubuntu kernel: [    7.392586] usbcore: registered new interface driver usbfs
Oct 23 10:14:59 ubuntu kernel: [    7.393199] usbcore: registered new interface driver hub
Oct 23 10:14:59 ubuntu kernel: [    7.394179] usbcore: registered new device driver usb
Oct 23 10:14:59 ubuntu kernel: [    7.394744] pps_core: LinuxPPS API ver. 1 registered
Oct 23 10:14:59 ubuntu kernel: [    7.395259] pps_core: Software ver. 5.3.6 - Copyright 2005-2007 Rodolfo Giometti <giometti@linux.it>
Oct 23 10:14:59 ubuntu kernel: [    7.396056] PTP clock support registered
Oct 23 10:14:59 ubuntu kernel: [    7.397035] EDAC MC: Ver: 3.0.0
Oct 23 10:14:59 ubuntu kernel: [    7.397755] Registered efivars operations
Oct 23 10:14:59 ubuntu kernel: [    7.400438] NetLabel: Initializing
Oct 23 10:14:59 ubuntu kernel: [    7.400778] NetLabel:  domain hash size = 128
Oct 23 10:14:59 ubuntu kernel: [    7.401185] NetLabel:  protocols = UNLABELED CIPSOv4 CALIPSO
Oct 23 10:14:59 ubuntu kernel: [    7.401812] NetLabel:  unlabeled traffic allowed by default
Oct 23 10:14:59 ubuntu kernel: [    7.403252] clocksource: Switched to clocksource arch_sys_counter
Oct 23 10:14:59 ubuntu kernel: [    7.427853] VFS: Disk quotas dquot_6.6.0
Oct 23 10:14:59 ubuntu kernel: [    7.428335] VFS: Dquot-cache hash table entries: 512 (order 0, 4096 bytes)
Oct 23 10:14:59 ubuntu kernel: [    7.429382] AppArmor: AppArmor Filesystem Enabled
Oct 23 10:14:59 ubuntu kernel: [    7.429918] pnp: PnP ACPI init
Oct 23 10:14:59 ubuntu kernel: [    7.430509] system 00:00: [mem 0x3f000000-0x3fffffff] could not be reserved
Oct 23 10:14:59 ubuntu kernel: [    7.431168] system 00:00: Plug and Play ACPI device, IDs PNP0c02 (active)
Oct 23 10:14:59 ubuntu kernel: [    7.431177] pnp: PnP ACPI: found 1 devices
Oct 23 10:14:59 ubuntu kernel: [    7.437143] NET: Registered protocol family 2
Oct 23 10:14:59 ubuntu kernel: [    7.438568] tcp_listen_portaddr_hash hash table entries: 16384 (order: 6, 262144 bytes, linear)
Oct 23 10:14:59 ubuntu kernel: [    7.440720] TCP established hash table entries: 262144 (order: 9, 2097152 bytes, linear)
Oct 23 10:14:59 ubuntu kernel: [    7.442399] TCP bind hash table entries: 65536 (order: 8, 1048576 bytes, linear)
Oct 23 10:14:59 ubuntu kernel: [    7.443239] TCP: Hash tables configured (established 262144 bind 65536)
Oct 23 10:14:59 ubuntu kernel: [    7.444424] UDP hash table entries: 16384 (order: 7, 524288 bytes, linear)
Oct 23 10:14:59 ubuntu kernel: [    7.445413] UDP-Lite hash table entries: 16384 (order: 7, 524288 bytes, linear)
Oct 23 10:14:59 ubuntu kernel: [    7.446337] NET: Registered protocol family 1
Oct 23 10:14:59 ubuntu kernel: [    7.446793] NET: Registered protocol family 44
Oct 23 10:14:59 ubuntu kernel: [    7.447311] pci 0000:02:00.0: enabling device (0000 -> 0002)
Oct 23 10:14:59 ubuntu kernel: [    7.448311] PCI: CLS 0 bytes, default 64
Oct 23 10:14:59 ubuntu kernel: [    7.448862] Trying to unpack rootfs image as initramfs...
Oct 23 10:14:59 ubuntu kernel: [    8.500065] Freeing initrd memory: 61284K
Oct 23 10:14:59 ubuntu kernel: [    8.535499] hw perfevents: enabled with armv8_pmuv3_0 PMU driver, 13 counters available
Oct 23 10:14:59 ubuntu kernel: [    8.536877] kvm [1]: HYP mode not available
Oct 23 10:14:59 ubuntu kernel: [    8.538832] Initialise system trusted keyrings
Oct 23 10:14:59 ubuntu kernel: [    8.539373] Key type blacklist registered
Oct 23 10:14:59 ubuntu systemd[1]: Started FUSE filesystem for LXC.
Oct 23 10:14:59 ubuntu kernel: [    8.540048] workingset: timestamp_bits=40 max_order=23 bucket_order=0
Oct 23 10:14:59 ubuntu kernel: [    8.542549] zbud: loaded
Oct 23 10:14:59 ubuntu kernel: [    8.543393] squashfs: version 4.0 (2009/01/31) Phillip Lougher
Oct 23 10:14:59 ubuntu kernel: [    8.544417] fuse: init (API version 7.31)
Oct 23 10:14:59 ubuntu kernel: [    8.545478] integrity: Platform Keyring initialized
Oct 23 10:14:59 ubuntu kernel: [    8.550936] [mitosis-origin] pgd_alloc for mm=ffff0004958a6000 and mm->pgd =ffff0004dec08000.
Oct 23 10:14:59 ubuntu kernel: [    8.559500] Key type asymmetric registered
Oct 23 10:14:59 ubuntu kernel: [    8.560560] Asymmetric key parser 'x509' registered
Oct 23 10:14:59 ubuntu kernel: [    8.561809] Block layer SCSI generic (bsg) driver version 0.4 loaded (major 244)
Oct 23 10:14:59 ubuntu kernel: [    8.564472] io scheduler mq-deadline registered
Oct 23 10:14:59 ubuntu kernel: [    8.568786] pl061_gpio ARMH0061:00: PL061 GPIO chip registered
Oct 23 10:14:59 ubuntu kernel: [    8.569605] PCI Interrupt Link [GSI1] enabled at IRQ 36
Oct 23 10:14:59 ubuntu kernel: [    8.570942] pcieport 0000:00:01.0: PME: Signaling with IRQ 44
Oct 23 10:14:59 ubuntu kernel: [    8.572093] pcieport 0000:00:01.0: AER: enabled with IRQ 44
Oct 23 10:14:59 ubuntu kernel: [    8.572736] pcieport 0000:00:01.0: pciehp: Slot #0 AttnBtn+ PwrCtrl+ MRL- AttnInd+ PwrInd+ HotPlug+ Surprise+ Interlock+ NoCompl- IbPresDis- LLActRep-
Oct 23 10:14:59 ubuntu kernel: [    8.574985] pcieport 0000:00:01.1: PME: Signaling with IRQ 45
Oct 23 10:14:59 ubuntu kernel: [    8.575781] pcieport 0000:00:01.1: AER: enabled with IRQ 45
Oct 23 10:14:59 ubuntu kernel: [    8.576312] pcieport 0000:00:01.1: pciehp: Slot #0 AttnBtn+ PwrCtrl+ MRL- AttnInd+ PwrInd+ HotPlug+ Surprise+ Interlock+ NoCompl- IbPresDis- LLActRep-
Oct 23 10:14:59 ubuntu kernel: [    8.578341] pcieport 0000:00:01.2: PME: Signaling with IRQ 46
Oct 23 10:14:59 ubuntu kernel: [    8.579116] pcieport 0000:00:01.2: AER: enabled with IRQ 46
Oct 23 10:14:59 ubuntu kernel: [    8.579705] pcieport 0000:00:01.2: pciehp: Slot #0 AttnBtn+ PwrCtrl+ MRL- AttnInd+ PwrInd+ HotPlug+ Surprise+ Interlock+ NoCompl- IbPresDis- LLActRep-
Oct 23 10:14:59 ubuntu kernel: [    8.581862] pcieport 0000:00:01.3: PME: Signaling with IRQ 47
Oct 23 10:14:59 ubuntu kernel: [    8.582584] pcieport 0000:00:01.3: AER: enabled with IRQ 47
Oct 23 10:14:59 ubuntu kernel: [    8.583161] pcieport 0000:00:01.3: pciehp: Slot #0 AttnBtn+ PwrCtrl+ MRL- AttnInd+ PwrInd+ HotPlug+ Surprise+ Interlock+ NoCompl- IbPresDis- LLActRep-
Oct 23 10:14:59 ubuntu kernel: [    8.584704] pcieport 0000:00:01.3: pciehp: Slot(0-3): Link Up
Oct 23 10:14:59 ubuntu kernel: [    8.585476] shpchp: Standard Hot Plug PCI Controller Driver version: 0.4
Oct 23 10:14:59 ubuntu kernel: [    8.586720] input: Power Button as /devices/LNXSYSTM:00/LNXSYBUS:00/PNP0C0C:00/input/input0
Oct 23 10:14:59 ubuntu kernel: [    8.587614] ACPI: Power Button [PWRB]
Oct 23 10:14:59 ubuntu kernel: [    8.593823] Serial: 8250/16550 driver, 32 ports, IRQ sharing enabled
Oct 23 10:14:59 ubuntu kernel: [    8.597535] msm_serial: driver initialized
Oct 23 10:14:59 ubuntu kernel: [    8.598854] cacheinfo: Unable to detect cache hierarchy for CPU 0
Oct 23 10:14:59 ubuntu kernel: [    8.607275] loop: module loaded
Oct 23 10:14:59 ubuntu kernel: [    8.608361] libphy: Fixed MDIO Bus: probed
Oct 23 10:14:59 ubuntu kernel: [    8.608777] tun: Universal TUN/TAP device driver, 1.6
Oct 23 10:14:59 ubuntu kernel: [    8.609481] PPP generic driver version 2.4.2
Oct 23 10:14:59 ubuntu kernel: [    8.610047] ehci_hcd: USB 2.0 'Enhanced' Host Controller (EHCI) Driver
Oct 23 10:14:59 ubuntu kernel: [    8.610795] ehci-pci: EHCI PCI platform driver
Oct 23 10:14:59 ubuntu kernel: [    8.611280] ehci-orion: EHCI orion driver
Oct 23 10:14:59 ubuntu kernel: [    8.611693] ohci_hcd: USB 1.1 'Open' Host Controller (OHCI) Driver
Oct 23 10:14:59 ubuntu kernel: [    8.612281] ohci-pci: OHCI PCI platform driver
Oct 23 10:14:59 ubuntu kernel: [    8.612718] uhci_hcd: USB Universal Host Controller Interface driver
Oct 23 10:14:59 ubuntu kernel: [    8.613957] xhci_hcd 0000:02:00.0: xHCI Host Controller
Oct 23 10:14:59 ubuntu kernel: [    8.614453] xhci_hcd 0000:02:00.0: new USB bus registered, assigned bus number 1
Oct 23 10:14:59 ubuntu kernel: [    8.615473] xhci_hcd 0000:02:00.0: hcc params 0x00087001 hci version 0x100 quirks 0x0000000000000010
Oct 23 10:14:59 ubuntu kernel: [    8.617400] usb usb1: New USB device found, idVendor=1d6b, idProduct=0002, bcdDevice= 5.07
Oct 23 10:14:59 ubuntu kernel: [    8.618140] usb usb1: New USB device strings: Mfr=3, Product=2, SerialNumber=1
Oct 23 10:14:59 ubuntu kernel: [    8.618781] usb usb1: Product: xHCI Host Controller
Oct 23 10:14:59 ubuntu kernel: [    8.619344] usb usb1: Manufacturer: Linux 5.7.1 xhci-hcd
Oct 23 10:14:59 ubuntu kernel: [    8.619852] usb usb1: SerialNumber: 0000:02:00.0
Oct 23 10:14:59 ubuntu kernel: [    8.620601] hub 1-0:1.0: USB hub found
Oct 23 10:14:59 ubuntu kernel: [    8.621016] hub 1-0:1.0: 8 ports detected
Oct 23 10:14:59 ubuntu kernel: [    8.622082] xhci_hcd 0000:02:00.0: xHCI Host Controller
Oct 23 10:14:59 ubuntu kernel: [    8.622608] xhci_hcd 0000:02:00.0: new USB bus registered, assigned bus number 2
Oct 23 10:14:59 ubuntu kernel: [    8.623345] xhci_hcd 0000:02:00.0: Host supports USB 3.0 SuperSpeed
Oct 23 10:14:59 ubuntu kernel: [    8.623972] usb usb2: We don't know the algorithms for LPM for this host, disabling LPM.
Oct 23 10:14:59 ubuntu kernel: [    8.624768] usb usb2: New USB device found, idVendor=1d6b, idProduct=0003, bcdDevice= 5.07
Oct 23 10:14:59 ubuntu kernel: [    8.625557] usb usb2: New USB device strings: Mfr=3, Product=2, SerialNumber=1
Oct 23 10:14:59 ubuntu kernel: [    8.626246] usb usb2: Product: xHCI Host Controller
Oct 23 10:14:59 ubuntu kernel: [    8.626726] usb usb2: Manufacturer: Linux 5.7.1 xhci-hcd
Oct 23 10:14:59 ubuntu kernel: [    8.627339] usb usb2: SerialNumber: 0000:02:00.0
Oct 23 10:14:59 ubuntu kernel: [    8.627977] hub 2-0:1.0: USB hub found
Oct 23 10:14:59 ubuntu kernel: [    8.628371] hub 2-0:1.0: 8 ports detected
Oct 23 10:14:59 ubuntu kernel: [    8.629347] mousedev: PS/2 mouse device common for all mice
Oct 23 10:14:59 ubuntu kernel: [    8.630436] rtc-efi rtc-efi.0: registered as rtc0
Oct 23 10:14:59 ubuntu kernel: [    8.631126] rtc-efi rtc-efi.0: setting system clock to 2020-10-23T02:14:53 UTC (1603419293)
Oct 23 10:14:59 ubuntu kernel: [    8.632073] i2c /dev entries driver
Oct 23 10:14:59 ubuntu kernel: [    8.632671] device-mapper: uevent: version 1.0.3
Oct 23 10:14:59 ubuntu kernel: [    8.633304] device-mapper: ioctl: 4.42.0-ioctl (2020-02-27) initialised: dm-devel@redhat.com
Oct 23 10:14:59 ubuntu kernel: [    8.635830] ledtrig-cpu: registered to indicate activity on CPUs
Oct 23 10:14:59 ubuntu kernel: [    8.636496] EFI Variables Facility v0.08 2004-May-17
Oct 23 10:14:59 ubuntu kernel: [    8.644103] NET: Registered protocol family 10
Oct 23 10:14:59 ubuntu kernel: [    8.646253] [mitosis-origin] pgd_alloc for mm=ffff0004955a4c00 and mm->pgd =ffff0004de886000.
Oct 23 10:14:59 ubuntu kernel: [    8.651632] [mitosis-origin] pgd_alloc for mm=ffff0004955a2c00 and mm->pgd =ffff0004de8a5000.
Oct 23 10:14:59 ubuntu kernel: [    8.653107] [mitosis-origin] pgd_free for mm=ffff0004955a4c00 and pgd =ffff0004de886000 and mm->pgd=ffff0004de886000.
Oct 23 10:14:59 ubuntu kernel: [    8.656463] [mitosis-origin] pgd_alloc for mm=ffff0004955a4c00 and mm->pgd =ffff000495890000.
Oct 23 10:14:59 ubuntu kernel: [    8.657513] [mitosis-origin] pgd_free for mm=ffff0004955a2c00 and pgd =ffff0004de8a5000 and mm->pgd=ffff0004de8a5000.
Oct 23 10:14:59 ubuntu kernel: [    8.660384] [mitosis-origin] pgd_alloc for mm=ffff0004955e6000 and mm->pgd =ffff0004df1ca000.
Oct 23 10:14:59 ubuntu kernel: [    8.665411] [mitosis-origin] pgd_alloc for mm=ffff0004955e1c00 and mm->pgd =ffff0004df1d9000.
Oct 23 10:14:59 ubuntu kernel: [    8.667193] [mitosis-origin] pgd_free for mm=ffff0004955e6000 and pgd =ffff0004df1ca000 and mm->pgd=ffff0004df1ca000.
Oct 23 10:14:59 ubuntu kernel: [    8.671862] [mitosis-origin] pgd_alloc for mm=ffff000495655000 and mm->pgd =ffff0004df209000.
Oct 23 10:14:59 ubuntu kernel: [    8.676558] Segment Routing with IPv6
Oct 23 10:14:59 ubuntu kernel: [    8.676970] NET: Registered protocol family 17
Oct 23 10:14:59 ubuntu kernel: [    8.677615] Key type dns_resolver registered
Oct 23 10:14:59 ubuntu kernel: [    8.678339] registered taskstats version 1
Oct 23 10:14:59 ubuntu kernel: [    8.678777] Loading compiled-in X.509 certificates
Oct 23 10:14:59 ubuntu kernel: [    8.680337] [mitosis-origin] pgd_alloc for mm=ffff000495680000 and mm->pgd =ffff0004dec45000.
Oct 23 10:14:59 ubuntu kernel: [    8.686405] Loaded X.509 cert 'Build time autogenerated kernel key: 5fc9bbbf10d23f3f9dda6c889ba5358a20950e89'
Oct 23 10:14:59 ubuntu kernel: [    8.689684] zswap: loaded using pool lzo/zbud
Oct 23 10:14:59 ubuntu kernel: [    8.691926] Key type ._fscrypt registered
Oct 23 10:14:59 ubuntu kernel: [    8.692912] Key type .fscrypt registered
Oct 23 10:14:59 ubuntu kernel: [    8.693833] Key type fscrypt-provisioning registered
Oct 23 10:14:59 ubuntu kernel: [    8.695425] [mitosis-origin] pgd_alloc for mm=ffff00049575f400 and mm->pgd =ffff0004de457000.
Oct 23 10:14:59 ubuntu kernel: [    8.697813] [mitosis-origin] pgd_alloc for mm=ffff000495759400 and mm->pgd =ffff0004de47d000.
Oct 23 10:14:59 ubuntu kernel: [    8.698753] [mitosis-origin] pgd_free for mm=ffff00049575f400 and pgd =ffff0004de457000 and mm->pgd=ffff0004de457000.
Oct 23 10:14:59 ubuntu kernel: [    8.700987] [mitosis-origin] pgd_alloc for mm=ffff00049575f400 and mm->pgd =ffff0004de481000.
Oct 23 10:14:59 ubuntu kernel: [    8.701913] [mitosis-origin] pgd_free for mm=ffff000495759400 and pgd =ffff0004de47d000 and mm->pgd=ffff0004de47d000.
Oct 23 10:14:59 ubuntu kernel: [    8.706380] [mitosis-origin] pgd_alloc for mm=ffff0004957ee800 and mm->pgd =ffff0004deb32000.
Oct 23 10:14:59 ubuntu kernel: [    8.716015] cryptd: max_cpu_qlen set to 1000
Oct 23 10:14:59 ubuntu kernel: [    8.722318] [mitosis-origin] pgd_alloc for mm=ffff00049503c400 and mm->pgd =ffff0004de847000.
Oct 23 10:14:59 ubuntu kernel: [    8.728361] [mitosis-origin] pgd_alloc for mm=ffff0004955a2c00 and mm->pgd =ffff00049563b000.
Oct 23 10:14:59 ubuntu kernel: [    8.729323] [mitosis-origin] pgd_free for mm=ffff0004955a4c00 and pgd =ffff000495890000 and mm->pgd=ffff000495890000.
Oct 23 10:14:59 ubuntu kernel: [    8.731992] [mitosis-origin] pgd_free for mm=ffff000495655000 and pgd =ffff0004df209000 and mm->pgd=ffff0004df209000.
Oct 23 10:14:59 ubuntu kernel: [    8.735007] [mitosis-origin] pgd_alloc for mm=ffff0004950c0c00 and mm->pgd =ffff00049504b000.
Oct 23 10:14:59 ubuntu kernel: [    8.740463] [mitosis-origin] pgd_alloc for mm=ffff0004950c3c00 and mm->pgd =ffff00049507b000.
Oct 23 10:14:59 ubuntu kernel: [    8.741882] [mitosis-origin] pgd_free for mm=ffff0004950c0c00 and pgd =ffff00049504b000 and mm->pgd=ffff00049504b000.
Oct 23 10:14:59 ubuntu kernel: [    8.745273] [mitosis-origin] pgd_alloc for mm=ffff0004950c0c00 and mm->pgd =ffff0004df33a000.
Oct 23 10:14:59 ubuntu kernel: [    8.746746] [mitosis-origin] pgd_free for mm=ffff0004950c3c00 and pgd =ffff00049507b000 and mm->pgd=ffff00049507b000.
Oct 23 10:14:59 ubuntu kernel: [    8.749366] [mitosis-origin] pgd_alloc for mm=ffff0004950c3c00 and mm->pgd =ffff0004df33e000.
Oct 23 10:14:59 ubuntu kernel: [    8.750301] [mitosis-origin] pgd_free for mm=ffff0004950c0c00 and pgd =ffff0004df33a000 and mm->pgd=ffff0004df33a000.
Oct 23 10:14:59 ubuntu kernel: [    8.752557] [mitosis-origin] pgd_alloc for mm=ffff0004950c0c00 and mm->pgd =ffff0004df342000.
Oct 23 10:14:59 ubuntu kernel: [    8.753494] [mitosis-origin] pgd_free for mm=ffff0004950c3c00 and pgd =ffff0004df33e000 and mm->pgd=ffff0004df33e000.
Oct 23 10:14:59 ubuntu kernel: [    8.755744] [mitosis-origin] pgd_alloc for mm=ffff0004950c3c00 and mm->pgd =ffff0004df345000.
Oct 23 10:14:59 ubuntu kernel: [    8.756658] [mitosis-origin] pgd_free for mm=ffff0004950c0c00 and pgd =ffff0004df342000 and mm->pgd=ffff0004df342000.
Oct 23 10:14:59 ubuntu kernel: [    8.758691] [mitosis-origin] pgd_alloc for mm=ffff0004950c0c00 and mm->pgd =ffff0004df34a000.
Oct 23 10:14:59 ubuntu kernel: [    8.759642] [mitosis-origin] pgd_free for mm=ffff0004950c3c00 and pgd =ffff0004df345000 and mm->pgd=ffff0004df345000.
Oct 23 10:14:59 ubuntu kernel: [    8.761677] [mitosis-origin] pgd_alloc for mm=ffff0004950c3c00 and mm->pgd =ffff0004df34e000.
Oct 23 10:14:59 ubuntu kernel: [    8.762565] [mitosis-origin] pgd_free for mm=ffff0004950c0c00 and pgd =ffff0004df34a000 and mm->pgd=ffff0004df34a000.
Oct 23 10:14:59 ubuntu kernel: [    8.764710] [mitosis-origin] pgd_alloc for mm=ffff0004950c0c00 and mm->pgd =ffff0004df352000.
Oct 23 10:14:59 ubuntu kernel: [    8.765566] [mitosis-origin] pgd_free for mm=ffff0004950c3c00 and pgd =ffff0004df34e000 and mm->pgd=ffff0004df34e000.
Oct 23 10:14:59 ubuntu kernel: [    8.767729] [mitosis-origin] pgd_alloc for mm=ffff0004950c3c00 and mm->pgd =ffff0004df356000.
Oct 23 10:14:59 ubuntu kernel: [    8.768580] [mitosis-origin] pgd_free for mm=ffff0004950c0c00 and pgd =ffff0004df352000 and mm->pgd=ffff0004df352000.
Oct 23 10:14:59 ubuntu kernel: [    8.770633] [mitosis-origin] pgd_alloc for mm=ffff0004950c0c00 and mm->pgd =ffff0004df35a000.
Oct 23 10:14:59 ubuntu kernel: [    8.771563] [mitosis-origin] pgd_free for mm=ffff0004950c3c00 and pgd =ffff0004df356000 and mm->pgd=ffff0004df356000.
Oct 23 10:14:59 ubuntu kernel: [    8.773715] [mitosis-origin] pgd_alloc for mm=ffff0004950c3c00 and mm->pgd =ffff0004df35e000.
Oct 23 10:14:59 ubuntu kernel: [    8.774586] [mitosis-origin] pgd_free for mm=ffff0004950c0c00 and pgd =ffff0004df35a000 and mm->pgd=ffff0004df35a000.
Oct 23 10:14:59 ubuntu kernel: [    8.776694] [mitosis-origin] pgd_alloc for mm=ffff0004950c0c00 and mm->pgd =ffff0004df362000.
Oct 23 10:14:59 ubuntu kernel: [    8.777542] [mitosis-origin] pgd_free for mm=ffff0004950c3c00 and pgd =ffff0004df35e000 and mm->pgd=ffff0004df35e000.
Oct 23 10:14:59 ubuntu kernel: [    8.779652] [mitosis-origin] pgd_alloc for mm=ffff0004950c3c00 and mm->pgd =ffff0004df366000.
Oct 23 10:14:59 ubuntu kernel: [    8.780501] [mitosis-origin] pgd_free for mm=ffff0004950c0c00 and pgd =ffff0004df362000 and mm->pgd=ffff0004df362000.
Oct 23 10:14:59 ubuntu kernel: [    8.788176] [mitosis-origin] pgd_alloc for mm=ffff000495173400 and mm->pgd =ffff0004df428000.
Oct 23 10:14:59 ubuntu kernel: [    8.793545] [mitosis-origin] pgd_alloc for mm=ffff000495176000 and mm->pgd =ffff000495128000.
Oct 23 10:14:59 ubuntu kernel: [    8.795391] [mitosis-origin] pgd_free for mm=ffff000495173400 and pgd =ffff0004df428000 and mm->pgd=ffff0004df428000.
Oct 23 10:14:59 ubuntu kernel: [    8.797780] [mitosis-origin] pgd_alloc for mm=ffff000495173400 and mm->pgd =ffff00049512c000.
Oct 23 10:14:59 ubuntu kernel: [    8.798786] [mitosis-origin] pgd_free for mm=ffff000495176000 and pgd =ffff000495128000 and mm->pgd=ffff000495128000.
Oct 23 10:14:59 ubuntu kernel: [    8.801275] [mitosis-origin] pgd_alloc for mm=ffff000495176000 and mm->pgd =ffff000495130000.
Oct 23 10:14:59 ubuntu kernel: [    8.802275] [mitosis-origin] pgd_free for mm=ffff000495173400 and pgd =ffff00049512c000 and mm->pgd=ffff00049512c000.
Oct 23 10:14:59 ubuntu kernel: [    8.804602] [mitosis-origin] pgd_alloc for mm=ffff0004951c9400 and mm->pgd =ffff0004df4b6000.
Oct 23 10:14:59 ubuntu kernel: [    8.806762] [mitosis-origin] pgd_alloc for mm=ffff0004951db000 and mm->pgd =ffff0004df4f4000.
Oct 23 10:14:59 ubuntu kernel: [    8.808937] [mitosis-origin] pgd_alloc for mm=ffff0004951da400 and mm->pgd =ffff0004df503000.
Oct 23 10:14:59 ubuntu kernel: [    8.809805] [mitosis-origin] pgd_free for mm=ffff0004951db000 and pgd =ffff0004df4f4000 and mm->pgd=ffff0004df4f4000.
Oct 23 10:14:59 ubuntu kernel: [    8.812112] [mitosis-origin] pgd_alloc for mm=ffff0004951db000 and mm->pgd =ffff0004df511000.
Oct 23 10:14:59 ubuntu kernel: [    8.813575] [mitosis-origin] pgd_free for mm=ffff0004951da400 and pgd =ffff0004df503000 and mm->pgd=ffff0004df503000.
Oct 23 10:14:59 ubuntu kernel: [    8.817112] [mitosis-origin] pgd_alloc for mm=ffff0004951da400 and mm->pgd =ffff000495192000.
Oct 23 10:14:59 ubuntu kernel: [    8.818675] [mitosis-origin] pgd_free for mm=ffff0004951db000 and pgd =ffff0004df511000 and mm->pgd=ffff0004df511000.
Oct 23 10:14:59 ubuntu kernel: [    8.821488] [mitosis-origin] pgd_alloc for mm=ffff0004951db000 and mm->pgd =ffff000495196000.
Oct 23 10:14:59 ubuntu kernel: [    8.822347] [mitosis-origin] pgd_free for mm=ffff0004951da400 and pgd =ffff000495192000 and mm->pgd=ffff000495192000.
Oct 23 10:14:59 ubuntu kernel: [    8.824465] [mitosis-origin] pgd_alloc for mm=ffff0004951da400 and mm->pgd =ffff00049519a000.
Oct 23 10:14:59 ubuntu kernel: [    8.825316] [mitosis-origin] pgd_free for mm=ffff0004951db000 and pgd =ffff000495196000 and mm->pgd=ffff000495196000.
Oct 23 10:14:59 ubuntu kernel: [    8.827431] [mitosis-origin] pgd_alloc for mm=ffff0004951db000 and mm->pgd =ffff00049519e000.
Oct 23 10:14:59 ubuntu kernel: [    8.828293] [mitosis-origin] pgd_free for mm=ffff0004951da400 and pgd =ffff00049519a000 and mm->pgd=ffff00049519a000.
Oct 23 10:14:59 ubuntu kernel: [    8.830411] [mitosis-origin] pgd_alloc for mm=ffff0004951da400 and mm->pgd =ffff0004951a2000.
Oct 23 10:14:59 ubuntu kernel: [    8.831482] [mitosis-origin] pgd_free for mm=ffff0004951db000 and pgd =ffff00049519e000 and mm->pgd=ffff00049519e000.
Oct 23 10:14:59 ubuntu kernel: [    8.833550] [mitosis-origin] pgd_alloc for mm=ffff0004951db000 and mm->pgd =ffff0004951a6000.
Oct 23 10:14:59 ubuntu kernel: [    8.834410] [mitosis-origin] pgd_free for mm=ffff0004951da400 and pgd =ffff0004951a2000 and mm->pgd=ffff0004951a2000.
Oct 23 10:14:59 ubuntu kernel: [    8.836598] [mitosis-origin] pgd_alloc for mm=ffff0004951da400 and mm->pgd =ffff0004951aa000.
Oct 23 10:14:59 ubuntu kernel: [    8.837476] [mitosis-origin] pgd_free for mm=ffff0004951db000 and pgd =ffff0004951a6000 and mm->pgd=ffff0004951a6000.
Oct 23 10:14:59 ubuntu kernel: [    8.839762] [mitosis-origin] pgd_alloc for mm=ffff0004951c8000 and mm->pgd =ffff0004df4a8000.
Oct 23 10:14:59 ubuntu kernel: [    8.840558] [mitosis-origin] pgd_free for mm=ffff0004951c9400 and pgd =ffff0004df4b6000 and mm->pgd=ffff0004df4b6000.
Oct 23 10:14:59 ubuntu kernel: [    8.846939] [mitosis-origin] pgd_free for mm=ffff0004951da400 and pgd =ffff0004951aa000 and mm->pgd=ffff0004951aa000.
Oct 23 10:14:59 ubuntu kernel: [    8.850057] [mitosis-origin] pgd_alloc for mm=ffff0004951c9400 and mm->pgd =ffff00049523a000.
Oct 23 10:14:59 ubuntu kernel: [    8.851942] [mitosis-origin] pgd_free for mm=ffff0004951c8000 and pgd =ffff0004df4a8000 and mm->pgd=ffff0004df4a8000.
Oct 23 10:14:59 ubuntu kernel: [    8.856012] [mitosis-origin] pgd_alloc for mm=ffff0004951c8000 and mm->pgd =ffff000495247000.
Oct 23 10:14:59 ubuntu kernel: [    8.857337] [mitosis-origin] pgd_free for mm=ffff0004951c9400 and pgd =ffff00049523a000 and mm->pgd=ffff00049523a000.
Oct 23 10:14:59 ubuntu kernel: [    8.860589] [mitosis-origin] pgd_alloc for mm=ffff0004951c9400 and mm->pgd =ffff00049524b000.
Oct 23 10:14:59 ubuntu kernel: [    8.861917] [mitosis-origin] pgd_free for mm=ffff0004951c8000 and pgd =ffff000495247000 and mm->pgd=ffff000495247000.
Oct 23 10:14:59 ubuntu kernel: [    8.864492] [mitosis-origin] pgd_alloc for mm=ffff0004951c8000 and mm->pgd =ffff00049524e000.
Oct 23 10:14:59 ubuntu kernel: [    8.865418] [mitosis-origin] pgd_free for mm=ffff0004951c9400 and pgd =ffff00049524b000 and mm->pgd=ffff00049524b000.
Oct 23 10:14:59 ubuntu kernel: [    8.867399] [mitosis-origin] pgd_alloc for mm=ffff0004951c9400 and mm->pgd =ffff000495253000.
Oct 23 10:14:59 ubuntu kernel: [    8.868196] [mitosis-origin] pgd_free for mm=ffff0004951c8000 and pgd =ffff00049524e000 and mm->pgd=ffff00049524e000.
Oct 23 10:14:59 ubuntu kernel: [    8.870144] [mitosis-origin] pgd_alloc for mm=ffff0004951c8000 and mm->pgd =ffff000495257000.
Oct 23 10:14:59 ubuntu kernel: [    8.870956] [mitosis-origin] pgd_free for mm=ffff0004951c9400 and pgd =ffff000495253000 and mm->pgd=ffff000495253000.
Oct 23 10:14:59 ubuntu kernel: [    8.873032] [mitosis-origin] pgd_alloc for mm=ffff0004951c9400 and mm->pgd =ffff00049525b000.
Oct 23 10:14:59 ubuntu kernel: [    8.873819] [mitosis-origin] pgd_free for mm=ffff0004951c8000 and pgd =ffff000495257000 and mm->pgd=ffff000495257000.
Oct 23 10:14:59 ubuntu kernel: [    8.875829] [mitosis-origin] pgd_alloc for mm=ffff0004951c8000 and mm->pgd =ffff00049525f000.
Oct 23 10:14:59 ubuntu kernel: [    8.876624] [mitosis-origin] pgd_free for mm=ffff0004951c9400 and pgd =ffff00049525b000 and mm->pgd=ffff00049525b000.
Oct 23 10:14:59 ubuntu kernel: [    8.878589] [mitosis-origin] pgd_alloc for mm=ffff0004951c9400 and mm->pgd =ffff000495263000.
Oct 23 10:14:59 ubuntu kernel: [    8.879460] [mitosis-origin] pgd_free for mm=ffff0004951c8000 and pgd =ffff00049525f000 and mm->pgd=ffff00049525f000.
Oct 23 10:14:59 ubuntu kernel: [    8.881967] [mitosis-origin] pgd_alloc for mm=ffff000495759400 and mm->pgd =ffff0004de44a000.
Oct 23 10:14:59 ubuntu kernel: [    8.887020] [mitosis-origin] pgd_alloc for mm=ffff000495342400 and mm->pgd =ffff000495778000.
Oct 23 10:14:59 ubuntu kernel: [    8.891543] Key type big_key registered
Oct 23 10:14:59 ubuntu kernel: [    8.892567] [mitosis-origin] pgd_alloc for mm=ffff0004957e9000 and mm->pgd =ffff000495619000.
Oct 23 10:14:59 ubuntu kernel: [    8.894824] [mitosis-origin] pgd_free for mm=ffff0004957ee800 and pgd =ffff0004deb32000 and mm->pgd=ffff0004deb32000.
Oct 23 10:14:59 ubuntu kernel: [    8.909193] [mitosis-origin] pgd_alloc for mm=ffff0004955a4c00 and mm->pgd =ffff000495639000.
Oct 23 10:14:59 ubuntu kernel: [    8.910156] [mitosis-origin] pgd_free for mm=ffff0004955a2c00 and pgd =ffff00049563b000 and mm->pgd=ffff00049563b000.
Oct 23 10:14:59 ubuntu kernel: [    8.912861] [mitosis-origin] pgd_alloc for mm=ffff00049536f800 and mm->pgd =ffff0004dfb0c000.
Oct 23 10:14:59 ubuntu kernel: [    8.917416] Key type encrypted registered
Oct 23 10:14:59 ubuntu kernel: [    8.918057] AppArmor: AppArmor sha1 policy hashing enabled
Oct 23 10:14:59 ubuntu kernel: [    8.919267] ima: No TPM chip found, activating TPM-bypass!
Oct 23 10:14:59 ubuntu kernel: [    8.919950] ima: Allocated hash algorithm: sha1
Oct 23 10:14:59 ubuntu kernel: [    8.920519] ima: No architecture policies found
Oct 23 10:14:59 ubuntu kernel: [    8.921086] evm: Initialising EVM extended attributes:
Oct 23 10:14:59 ubuntu kernel: [    8.921692] evm: security.selinux
Oct 23 10:14:59 ubuntu kernel: [    8.922073] evm: security.SMACK64
Oct 23 10:14:59 ubuntu kernel: [    8.922466] evm: security.SMACK64EXEC
Oct 23 10:14:59 ubuntu kernel: [    8.922887] evm: security.SMACK64TRANSMUTE
Oct 23 10:14:59 ubuntu kernel: [    8.923459] evm: security.SMACK64MMAP
Oct 23 10:14:59 ubuntu kernel: [    8.923891] evm: security.apparmor
Oct 23 10:14:59 ubuntu kernel: [    8.924286] evm: security.ima
Oct 23 10:14:59 ubuntu kernel: [    8.924628] evm: security.capability
Oct 23 10:14:59 ubuntu kernel: [    8.925098] evm: HMAC attrs: 0x1
Oct 23 10:14:59 ubuntu kernel: [    8.930525] Freeing unused kernel memory: 7040K
Oct 23 10:14:59 ubuntu kernel: [    9.014304] Checked W+X mappings: passed, no W+X pages found
Oct 23 10:14:59 ubuntu kernel: [    9.015044] Run /init as init process
Oct 23 10:14:59 ubuntu kernel: [    9.015406]   with arguments:
Oct 23 10:14:59 ubuntu kernel: [    9.015408]     /init
Oct 23 10:14:59 ubuntu kernel: [    9.015408]   with environment:
Oct 23 10:14:59 ubuntu kernel: [    9.015410]     HOME=/
Oct 23 10:14:59 ubuntu kernel: [    9.015410]     TERM=linux
Oct 23 10:14:59 ubuntu kernel: [    9.015411]     BOOT_IMAGE=/boot/vmlinuz-5.7.1
Oct 23 10:14:59 ubuntu kernel: [    9.015486] [mitosis-origin] pgd_alloc for mm=ffff0004953fa000 and mm->pgd =ffff0004df2ac000.
Oct 23 10:14:59 ubuntu kernel: [    9.017527] [mitosis-origin] pgd_alloc for mm=ffff0004953f8c00 and mm->pgd =ffff0004df2ce000.
Oct 23 10:14:59 ubuntu kernel: [    9.019349] [mitosis-origin] pgd_alloc for mm=ffff0004953fbc00 and mm->pgd =ffff0004df2db000.
Oct 23 10:14:59 ubuntu kernel: [    9.020202] [mitosis-origin] pgd_free for mm=ffff0004953f8c00 and pgd =ffff0004df2ce000 and mm->pgd=ffff0004df2ce000.
Oct 23 10:14:59 ubuntu kernel: [    9.023340] [mitosis-origin] pgd_alloc for mm=ffff0004953f9800 and mm->pgd =ffff0004953be000.
Oct 23 10:14:59 ubuntu kernel: [    9.024531] [mitosis-origin] pgd_free for mm=ffff0004953fbc00 and pgd =ffff0004df2db000 and mm->pgd=ffff0004df2db000.
Oct 23 10:14:59 ubuntu kernel: [    9.027142] [mitosis-origin] pgd_alloc for mm=ffff0004953fdc00 and mm->pgd =ffff0004953ce000.
Oct 23 10:14:59 ubuntu kernel: [    9.028549] [mitosis-origin] pgd_free for mm=ffff0004953f9800 and pgd =ffff0004953be000 and mm->pgd=ffff0004953be000.
Oct 23 10:14:59 ubuntu kernel: [    9.031262] [mitosis-origin] pgd_alloc for mm=ffff0004953fb400 and mm->pgd =ffff0004953dc000.
Oct 23 10:14:59 ubuntu kernel: [    9.032447] [mitosis-origin] pgd_free for mm=ffff0004953fdc00 and pgd =ffff0004953ce000 and mm->pgd=ffff0004953ce000.
Oct 23 10:14:59 ubuntu kernel: [    9.034027] [mitosis-origin] pgd_alloc for mm=ffff0004951da400 and mm->pgd =ffff0004953ce000.
Oct 23 10:14:59 ubuntu kernel: [    9.035296] [mitosis-origin] pgd_free for mm=ffff0004953fb400 and pgd =ffff0004953dc000 and mm->pgd=ffff0004953dc000.
Oct 23 10:14:59 ubuntu /usr/sbin/irqbalance: IRQ arch_timer(2) guessed as class 0
Oct 23 10:14:59 ubuntu kernel: [    9.037518] [mitosis-origin] pgd_alloc for mm=ffff0004953fe000 and mm->pgd =ffff0004953ec000.
Oct 23 10:14:59 ubuntu kernel: [    9.038445] [mitosis-origin] pgd_free for mm=ffff0004951da400 and pgd =ffff0004953ce000 and mm->pgd=ffff0004953ce000.
Oct 23 10:14:59 ubuntu kernel: [    9.040080] [mitosis-origin] pgd_alloc for mm=ffff0004951da400 and mm->pgd =ffff0004953ce000.
Oct 23 10:14:59 ubuntu kernel: [    9.041295] [mitosis-origin] pgd_free for mm=ffff0004953fe000 and pgd =ffff0004953ec000 and mm->pgd=ffff0004953ec000.
Oct 23 10:14:59 ubuntu kernel: [    9.043414] [mitosis-origin] pgd_alloc for mm=ffff0004953f9c00 and mm->pgd =ffff000494c2c000.
Oct 23 10:14:59 ubuntu kernel: [    9.044373] [mitosis-origin] pgd_free for mm=ffff0004951da400 and pgd =ffff0004953ce000 and mm->pgd=ffff0004953ce000.
Oct 23 10:14:59 ubuntu kernel: [    9.045872] [mitosis-origin] pgd_alloc for mm=ffff0004951da400 and mm->pgd =ffff0004953ce000.
Oct 23 10:14:59 ubuntu kernel: [    9.047038] [mitosis-origin] pgd_free for mm=ffff0004953f9c00 and pgd =ffff000494c2c000 and mm->pgd=ffff000494c2c000.
Oct 23 10:14:59 ubuntu kernel: [    9.050359] [mitosis-origin] pgd_alloc for mm=ffff000494c9ec00 and mm->pgd =ffff0004df59a000.
Oct 23 10:14:59 ubuntu kernel: [    9.052918] [mitosis-origin] pgd_free for mm=ffff00049503c400 and pgd =ffff0004de847000 and mm->pgd=ffff0004de847000.
Oct 23 10:14:59 ubuntu kernel: [    9.055878] [mitosis-origin] pgd_alloc for mm=ffff00049503c400 and mm->pgd =ffff0004de847000.
Oct 23 10:14:59 ubuntu kernel: [    9.058077] [mitosis-origin] pgd_free for mm=ffff000494c9ec00 and pgd =ffff0004df59a000 and mm->pgd=ffff0004df59a000.
Oct 23 10:14:59 ubuntu kernel: [    9.061242] [mitosis-origin] pgd_alloc for mm=ffff000494c9b000 and mm->pgd =ffff0004df5ac000.
Oct 23 10:14:59 ubuntu kernel: [    9.062248] [mitosis-origin] pgd_free for mm=ffff00049503c400 and pgd =ffff0004de847000 and mm->pgd=ffff0004de847000.
Oct 23 10:14:59 ubuntu kernel: [    9.063710] [mitosis-origin] pgd_alloc for mm=ffff000494c9a400 and mm->pgd =ffff0004df5bc000.
Oct 23 10:14:59 ubuntu kernel: [    9.064709] [mitosis-origin] pgd_free for mm=ffff000494c9b000 and pgd =ffff0004df5ac000 and mm->pgd=ffff0004df5ac000.
Oct 23 10:14:59 ubuntu kernel: [    9.065908] [mitosis-origin] pgd_alloc for mm=ffff00049503c400 and mm->pgd =ffff0004df5ac000.
Oct 23 10:14:59 ubuntu kernel: [    9.066885] [mitosis-origin] pgd_free for mm=ffff000494c9a400 and pgd =ffff0004df5bc000 and mm->pgd=ffff0004df5bc000.
Oct 23 10:14:59 ubuntu kernel: [    9.068799] [mitosis-origin] pgd_alloc for mm=ffff000494c9e400 and mm->pgd =ffff0004df5cc000.
Oct 23 10:14:59 ubuntu kernel: [    9.069965] [mitosis-origin] pgd_free for mm=ffff00049503c400 and pgd =ffff0004df5ac000 and mm->pgd=ffff0004df5ac000.
Oct 23 10:14:59 ubuntu kernel: [    9.071430] [mitosis-origin] pgd_alloc for mm=ffff00049503c400 and mm->pgd =ffff0004df5ac000.
Oct 23 10:14:59 ubuntu kernel: [    9.072579] [mitosis-origin] pgd_free for mm=ffff000494c9e400 and pgd =ffff0004df5cc000 and mm->pgd=ffff0004df5cc000.
Oct 23 10:14:59 ubuntu kernel: [    9.074569] [mitosis-origin] pgd_alloc for mm=ffff000494c98800 and mm->pgd =ffff000494cc6000.
Oct 23 10:14:59 ubuntu kernel: [    9.075785] [mitosis-origin] pgd_free for mm=ffff00049503c400 and pgd =ffff0004df5ac000 and mm->pgd=ffff0004df5ac000.
Oct 23 10:14:59 ubuntu kernel: [    9.079120] [mitosis-origin] pgd_alloc for mm=ffff000494c9d000 and mm->pgd =ffff000494cd7000.
Oct 23 10:14:59 ubuntu kernel: [    9.080439] [mitosis-origin] pgd_free for mm=ffff0004955a4c00 and pgd =ffff000495639000 and mm->pgd=ffff000495639000.
Oct 23 10:14:59 ubuntu kernel: [    9.083402] [mitosis-origin] pgd_alloc for mm=ffff0004955a4c00 and mm->pgd =ffff000495639000.
Oct 23 10:14:59 ubuntu kernel: [    9.085614] [mitosis-origin] pgd_free for mm=ffff000494c9d000 and pgd =ffff000494cd7000 and mm->pgd=ffff000494cd7000.
Oct 23 10:14:59 ubuntu kernel: [    9.088373] [mitosis-origin] pgd_free for mm=ffff0004955e1c00 and pgd =ffff0004df1d9000 and mm->pgd=ffff0004df1d9000.
Oct 23 10:14:59 ubuntu kernel: [    9.091580] [mitosis-origin] pgd_alloc for mm=ffff0004955e1c00 and mm->pgd =ffff0004952da000.
Oct 23 10:14:59 ubuntu kernel: [    9.094011] [mitosis-origin] pgd_alloc for mm=ffff000494c9f000 and mm->pgd =ffff000494ce3000.
Oct 23 10:14:59 ubuntu kernel: [    9.096380] [mitosis-origin] pgd_free for mm=ffff0004955e1c00 and pgd =ffff0004952da000 and mm->pgd=ffff0004952da000.
Oct 23 10:14:59 ubuntu kernel: [    9.098452] [mitosis-origin] pgd_alloc for mm=ffff000494c9fc00 and mm->pgd =ffff000494cf4000.
Oct 23 10:14:59 ubuntu kernel: [    9.099935] [mitosis-origin] pgd_alloc for mm=ffff0004955e6000 and mm->pgd =ffff0004952e7000.
Oct 23 10:14:59 ubuntu kernel: [    9.101170] [mitosis-origin] pgd_free for mm=ffff000494c9fc00 and pgd =ffff000494cf4000 and mm->pgd=ffff000494cf4000.
Oct 23 10:14:59 ubuntu kernel: [    9.103132] [mitosis-origin] pgd_free for mm=ffff00049575f400 and pgd =ffff0004de481000 and mm->pgd=ffff0004de481000.
Oct 23 10:14:59 ubuntu kernel: [    9.106666] [mitosis-origin] pgd_free for mm=ffff0004955e6000 and pgd =ffff0004952e7000 and mm->pgd=ffff0004952e7000.
Oct 23 10:14:59 ubuntu kernel: [    9.109718] [mitosis-origin] pgd_alloc for mm=ffff0004955e6000 and mm->pgd =ffff0004952e7000.
Oct 23 10:14:59 ubuntu kernel: [    9.112259] [mitosis-origin] pgd_alloc for mm=ffff000494c9a800 and mm->pgd =ffff000494d14000.
Oct 23 10:14:59 ubuntu kernel: [    9.114530] [mitosis-origin] pgd_free for mm=ffff0004955e6000 and pgd =ffff0004952e7000 and mm->pgd=ffff0004952e7000.
Oct 23 10:14:59 ubuntu kernel: [    9.116939] [mitosis-origin] pgd_alloc for mm=ffff000494c9a000 and mm->pgd =ffff000494d26000.
Oct 23 10:14:59 ubuntu kernel: [    9.118254] [mitosis-origin] pgd_free for mm=ffff000494c9f000 and pgd =ffff000494ce3000 and mm->pgd=ffff000494ce3000.
Oct 23 10:14:59 ubuntu kernel: [    9.121548] [mitosis-origin] pgd_alloc for mm=ffff000495655000 and mm->pgd =ffff0004de481000.
Oct 23 10:14:59 ubuntu /usr/sbin/irqbalance: IRQ uart-pl011(4) guessed as class 0
Oct 23 10:14:59 ubuntu kernel: [    9.123780] [mitosis-origin] pgd_free for mm=ffff000494c9a000 and pgd =ffff000494d26000 and mm->pgd=ffff000494d26000.
Oct 23 10:14:59 ubuntu kernel: [    9.126480] [mitosis-origin] pgd_alloc for mm=ffff0004955e4000 and mm->pgd =ffff000494d61000.
Oct 23 10:14:59 ubuntu kernel: [    9.128635] [mitosis-origin] pgd_alloc for mm=ffff000494c98c00 and mm->pgd =ffff000494ce7000.
Oct 23 10:14:59 ubuntu kernel: [    9.130580] [mitosis-origin] pgd_free for mm=ffff0004955e4000 and pgd =ffff000494d61000 and mm->pgd=ffff000494d61000.
Oct 23 10:14:59 ubuntu kernel: [    9.134094] [mitosis-origin] pgd_alloc for mm=ffff000494c9bc00 and mm->pgd =ffff0004952e3000.
Oct 23 10:14:59 ubuntu kernel: [    9.136268] [mitosis-origin] pgd_free for mm=ffff000494c9a800 and pgd =ffff000494d14000 and mm->pgd=ffff000494d14000.
Oct 23 10:14:59 ubuntu kernel: [    9.137647] [mitosis-origin] pgd_alloc for mm=ffff0004953fc000 and mm->pgd =ffff000494c39000.
Oct 23 10:14:59 ubuntu kernel: [    9.138735] [mitosis-origin] pgd_free for mm=ffff000494c9bc00 and pgd =ffff0004952e3000 and mm->pgd=ffff0004952e3000.
Oct 23 10:14:59 ubuntu kernel: [    9.141502] [mitosis-origin] pgd_alloc for mm=ffff0004955e6800 and mm->pgd =ffff0004952f0000.
Oct 23 10:14:59 ubuntu kernel: [    9.142881] [mitosis-origin] pgd_free for mm=ffff000494c98c00 and pgd =ffff000494ce7000 and mm->pgd=ffff000494ce7000.
Oct 23 10:14:59 ubuntu kernel: [    9.144665] [mitosis-origin] pgd_alloc for mm=ffff000494c98c00 and mm->pgd =ffff000494ce7000.
Oct 23 10:14:59 ubuntu kernel: [    9.146050] [mitosis-origin] pgd_free for mm=ffff0004955e6800 and pgd =ffff0004952f0000 and mm->pgd=ffff0004952f0000.
Oct 23 10:14:59 ubuntu kernel: [    9.148521] [mitosis-origin] pgd_alloc for mm=ffff000494c99800 and mm->pgd =ffff000494d43000.
Oct 23 10:14:59 ubuntu kernel: [    9.150242] [mitosis-origin] pgd_alloc for mm=ffff000494dab800 and mm->pgd =ffff000495379000.
Oct 23 10:14:59 ubuntu kernel: [    9.152850] [mitosis-origin] pgd_free for mm=ffff000494c99800 and pgd =ffff000494d43000 and mm->pgd=ffff000494d43000.
Oct 23 10:14:59 ubuntu kernel: [    9.161809] [mitosis-origin] pgd_alloc for mm=ffff000494da8400 and mm->pgd =ffff000495390000.
Oct 23 10:14:59 ubuntu kernel: [    9.163409] [mitosis-origin] pgd_alloc for mm=ffff000494e13800 and mm->pgd =ffff0004df621000.
Oct 23 10:14:59 ubuntu kernel: [    9.166260] [mitosis-origin] pgd_alloc for mm=ffff000494e3f000 and mm->pgd =ffff0004df380000.
Oct 23 10:14:59 ubuntu kernel: [    9.168944] [mitosis-origin] pgd_free for mm=ffff000494e13800 and pgd =ffff0004df621000 and mm->pgd=ffff0004df621000.
Oct 23 10:14:59 ubuntu kernel: [    9.208606] [mitosis-origin] pgd_alloc for mm=ffff000494c9dc00 and mm->pgd =ffff000494d10000.
Oct 23 10:14:59 ubuntu kernel: [    9.210235] [mitosis-origin] pgd_alloc for mm=ffff000494c9b400 and mm->pgd =ffff0004952fb000.
Oct 23 10:14:59 ubuntu kernel: [    9.211501] [mitosis-origin] pgd_alloc for mm=ffff000494c9e000 and mm->pgd =ffff000494fd4000.
Oct 23 10:14:59 ubuntu kernel: [    9.212568] [mitosis-origin] pgd_alloc for mm=ffff000494c99c00 and mm->pgd =ffff000494fe7000.
Oct 23 10:14:59 ubuntu kernel: [    9.213612] [mitosis-origin] pgd_alloc for mm=ffff000494c9c000 and mm->pgd =ffff000494ff9000.
Oct 23 10:14:59 ubuntu kernel: [    9.214696] [mitosis-origin] pgd_alloc for mm=ffff000494c9e800 and mm->pgd =ffff00049440d000.
Oct 23 10:14:59 ubuntu kernel: [    9.215204] [mitosis-origin] pgd_alloc for mm=ffff000494498400 and mm->pgd =ffff0004df66d000.
Oct 23 10:14:59 ubuntu kernel: [    9.215766] [mitosis-origin] pgd_free for mm=ffff0004958a6000 and pgd =ffff0004dec08000 and mm->pgd=ffff0004dec08000.
Oct 23 10:14:59 ubuntu kernel: [    9.215845] [mitosis-origin] pgd_alloc for mm=ffff000494c99000 and mm->pgd =ffff0004944ae000.
Oct 23 10:14:59 ubuntu kernel: [    9.215982] [mitosis-origin] pgd_free for mm=ffff000494e3f000 and pgd =ffff0004df380000 and mm->pgd=ffff0004df380000.
Oct 23 10:14:59 ubuntu kernel: [    9.216113] [mitosis-origin] pgd_alloc for mm=ffff000494c9f800 and mm->pgd =ffff0004944c1000.
Oct 23 10:14:59 ubuntu kernel: [    9.216677] [mitosis-origin] pgd_alloc for mm=ffff000494e3f000 and mm->pgd =ffff0004df396000.
Oct 23 10:14:59 ubuntu kernel: [    9.270733] [mitosis-origin] pgd_alloc for mm=ffff000494c9cc00 and mm->pgd =ffff0004944d4000.
Oct 23 10:14:59 ubuntu kernel: [    9.273561] [mitosis-origin] pgd_free for mm=ffff000494c9e000 and pgd =ffff000494fd4000 and mm->pgd=ffff000494fd4000.
Oct 23 10:14:59 ubuntu kernel: [    9.274335] [mitosis-origin] pgd_alloc for mm=ffff000494c9ac00 and mm->pgd =ffff00049458a000.
Oct 23 10:14:59 ubuntu kernel: [    9.276141] [mitosis-origin] pgd_free for mm=ffff000494c9b400 and pgd =ffff0004952fb000 and mm->pgd=ffff0004952fb000.
Oct 23 10:14:59 ubuntu kernel: [    9.277455] [mitosis-origin] pgd_free for mm=ffff000494e3f000 and pgd =ffff0004df396000 and mm->pgd=ffff0004df396000.
Oct 23 10:14:59 ubuntu kernel: [    9.277779] [mitosis-origin] pgd_alloc for mm=ffff000494c9d800 and mm->pgd =ffff000494f65000.
Oct 23 10:14:59 ubuntu kernel: [    9.277972] [mitosis-origin] pgd_free for mm=ffff000494498400 and pgd =ffff0004df66d000 and mm->pgd=ffff0004df66d000.
Oct 23 10:14:59 ubuntu kernel: [    9.278823] [mitosis-origin] pgd_alloc for mm=ffff00049449ec00 and mm->pgd =ffff0004952fb000.
Oct 23 10:14:59 ubuntu kernel: [    9.281449] [mitosis-origin] pgd_alloc for mm=ffff000494c9d400 and mm->pgd =ffff000494f97000.
Oct 23 10:14:59 ubuntu kernel: [    9.283020] [mitosis-origin] pgd_alloc for mm=ffff000494e3fc00 and mm->pgd =ffff0004df66d000.
Oct 23 10:14:59 ubuntu /usr/sbin/irqbalance: IRQ arm-pmu(42) guessed as class 0
Oct 23 10:14:59 ubuntu kernel: [    9.284276] [mitosis-origin] pgd_alloc for mm=ffff000494c9f400 and mm->pgd =ffff0004945d1000.
Oct 23 10:14:59 ubuntu kernel: [    9.284934] [mitosis-origin] pgd_free for mm=ffff00049449ec00 and pgd =ffff0004952fb000 and mm->pgd=ffff0004952fb000.
Oct 23 10:14:59 ubuntu kernel: [    9.285863] [mitosis-origin] pgd_alloc for mm=ffff000494c99400 and mm->pgd =ffff000494ebd000.
Oct 23 10:14:59 ubuntu kernel: [    9.288639] [mitosis-origin] pgd_alloc for mm=ffff000494c98000 and mm->pgd =ffff0004945b0000.
Oct 23 10:14:59 ubuntu kernel: [    9.289701] [mitosis-origin] pgd_alloc for mm=ffff000494c9c800 and mm->pgd =ffff0004945f3000.
Oct 23 10:14:59 ubuntu /usr/sbin/irqbalance: IRQ ACPI:Event(43) guessed as class 0
Oct 23 10:14:59 ubuntu kernel: [    9.290788] [mitosis-origin] pgd_alloc for mm=ffff000494c9c400 and mm->pgd =ffff000494f18000.
Oct 23 10:14:59 ubuntu kernel: [    9.291955] [mitosis-origin] pgd_alloc for mm=ffff000494c9b800 and mm->pgd =ffff000494f2c000.
Oct 23 10:14:59 ubuntu kernel: [    9.293075] [mitosis-origin] pgd_alloc for mm=ffff000494c98400 and mm->pgd =ffff000494f3e000.
Oct 23 10:14:59 ubuntu kernel: [    9.294184] [mitosis-origin] pgd_alloc for mm=ffff000494c9b400 and mm->pgd =ffff000494edb000.
Oct 23 10:14:59 ubuntu kernel: [    9.295296] [mitosis-origin] pgd_alloc for mm=ffff000494c9e000 and mm->pgd =ffff000494eef000.
Oct 23 10:14:59 ubuntu kernel: [    9.296402] [mitosis-origin] pgd_alloc for mm=ffff000494c99800 and mm->pgd =ffff000494601000.
Oct 23 10:14:59 ubuntu kernel: [    9.297494] [mitosis-origin] pgd_alloc for mm=ffff000494c9bc00 and mm->pgd =ffff00049461f000.
Oct 23 10:14:59 ubuntu kernel: [    9.298590] [mitosis-origin] pgd_alloc for mm=ffff000494c9a800 and mm->pgd =ffff000494633000.
Oct 23 10:14:59 ubuntu kernel: [    9.299736] [mitosis-origin] pgd_alloc for mm=ffff000494c9a000 and mm->pgd =ffff000494646000.
Oct 23 10:14:59 ubuntu kernel: [    9.301009] [mitosis-origin] pgd_alloc for mm=ffff000494c9f000 and mm->pgd =ffff000494659000.
Oct 23 10:14:59 ubuntu kernel: [    9.302187] [mitosis-origin] pgd_alloc for mm=ffff000494c9fc00 and mm->pgd =ffff00049466f000.
Oct 23 10:14:59 ubuntu kernel: [    9.303341] [mitosis-origin] pgd_alloc for mm=ffff000494c9d000 and mm->pgd =ffff000494681000.
Oct 23 10:14:59 ubuntu kernel: [    9.304469] [mitosis-origin] pgd_alloc for mm=ffff000494c9e400 and mm->pgd =ffff000494695000.
Oct 23 10:14:59 ubuntu kernel: [    9.305598] [mitosis-origin] pgd_alloc for mm=ffff000494c9a400 and mm->pgd =ffff0004946b2000.
Oct 23 10:14:59 ubuntu kernel: [    9.306779] [mitosis-origin] pgd_alloc for mm=ffff000494c9b000 and mm->pgd =ffff0004946c4000.
Oct 23 10:14:59 ubuntu kernel: [    9.307990] [mitosis-origin] pgd_alloc for mm=ffff000494c9ec00 and mm->pgd =ffff0004946d8000.
Oct 23 10:14:59 ubuntu kernel: [    9.309190] [mitosis-origin] pgd_alloc for mm=ffff000494738800 and mm->pgd =ffff0004946f5000.
Oct 23 10:14:59 ubuntu kernel: [    9.310355] [mitosis-origin] pgd_alloc for mm=ffff00049473d000 and mm->pgd =ffff000494708000.
Oct 23 10:14:59 ubuntu kernel: [    9.311497] [mitosis-origin] pgd_alloc for mm=ffff00049473f000 and mm->pgd =ffff00049471c000.
Oct 23 10:14:59 ubuntu kernel: [    9.312543] [mitosis-origin] pgd_alloc for mm=ffff00049473fc00 and mm->pgd =ffff00049474a000.
Oct 23 10:14:59 ubuntu kernel: [    9.313584] [mitosis-origin] pgd_alloc for mm=ffff00049473a800 and mm->pgd =ffff00049475c000.
Oct 23 10:14:59 ubuntu kernel: [    9.314643] [mitosis-origin] pgd_alloc for mm=ffff00049473a000 and mm->pgd =ffff000494770000.
Oct 23 10:14:59 ubuntu /usr/sbin/irqbalance: IRQ pciehp(44) guessed as class 0
Oct 23 10:14:59 ubuntu kernel: [    9.315775] [mitosis-origin] pgd_alloc for mm=ffff000494738c00 and mm->pgd =ffff000494784000.
Oct 23 10:14:59 ubuntu kernel: [    9.316827] [mitosis-origin] pgd_alloc for mm=ffff00049473bc00 and mm->pgd =ffff0004947b2000.
Oct 23 10:14:59 ubuntu kernel: [    9.317890] [mitosis-origin] pgd_alloc for mm=ffff000494739800 and mm->pgd =ffff0004947c5000.
Oct 23 10:14:59 ubuntu kernel: [    9.318964] [mitosis-origin] pgd_alloc for mm=ffff00049473dc00 and mm->pgd =ffff0004947d8000.
Oct 23 10:14:59 ubuntu kernel: [    9.320106] [mitosis-origin] pgd_alloc for mm=ffff00049473b400 and mm->pgd =ffff000493803000.
Oct 23 10:14:59 ubuntu /usr/sbin/irqbalance: IRQ pciehp(45) guessed as class 0
Oct 23 10:14:59 ubuntu kernel: [    9.321147] [mitosis-origin] pgd_alloc for mm=ffff00049473e000 and mm->pgd =ffff000493816000.
Oct 23 10:14:59 ubuntu kernel: [    9.322190] [mitosis-origin] pgd_alloc for mm=ffff000494739c00 and mm->pgd =ffff00049382b000.
Oct 23 10:14:59 ubuntu kernel: [    9.323301] [mitosis-origin] pgd_alloc for mm=ffff00049473c000 and mm->pgd =ffff000493847000.
Oct 23 10:14:59 ubuntu kernel: [    9.324357] [mitosis-origin] pgd_alloc for mm=ffff00049473e800 and mm->pgd =ffff00049385b000.
Oct 23 10:14:59 ubuntu kernel: [    9.325418] [mitosis-origin] pgd_alloc for mm=ffff000494739000 and mm->pgd =ffff00049386e000.
Oct 23 10:14:59 ubuntu kernel: [    9.326503] [mitosis-origin] pgd_alloc for mm=ffff00049473f800 and mm->pgd =ffff000493893000.
Oct 23 10:14:59 ubuntu kernel: [    9.327620] [mitosis-origin] pgd_alloc for mm=ffff00049473cc00 and mm->pgd =ffff0004938a6000.
Oct 23 10:14:59 ubuntu kernel: [    9.328698] [mitosis-origin] pgd_alloc for mm=ffff00049473ac00 and mm->pgd =ffff0004938bb000.
Oct 23 10:14:59 ubuntu kernel: [    9.329748] [mitosis-origin] pgd_alloc for mm=ffff00049473d800 and mm->pgd =ffff0004938cd000.
Oct 23 10:14:59 ubuntu kernel: [    9.330809] [mitosis-origin] pgd_alloc for mm=ffff00049473d400 and mm->pgd =ffff0004938ec000.
Oct 23 10:14:59 ubuntu kernel: [    9.332099] [mitosis-origin] pgd_alloc for mm=ffff00049473f400 and mm->pgd =ffff000493900000.
Oct 23 10:14:59 ubuntu kernel: [    9.333251] [mitosis-origin] pgd_alloc for mm=ffff000494739400 and mm->pgd =ffff000493912000.
Oct 23 10:14:59 ubuntu kernel: [    9.334449] [mitosis-origin] pgd_alloc for mm=ffff000494738000 and mm->pgd =ffff000493941000.
Oct 23 10:14:59 ubuntu kernel: [    9.335626] [mitosis-origin] pgd_alloc for mm=ffff00049473c800 and mm->pgd =ffff000493954000.
Oct 23 10:14:59 ubuntu /usr/sbin/irqbalance: IRQ pciehp(46) guessed as class 0
Oct 23 10:14:59 ubuntu kernel: [    9.336777] [mitosis-origin] pgd_alloc for mm=ffff00049473c400 and mm->pgd =ffff000493969000.
Oct 23 10:14:59 ubuntu kernel: [    9.337915] [mitosis-origin] pgd_alloc for mm=ffff00049473b800 and mm->pgd =ffff000493995000.
Oct 23 10:14:59 ubuntu kernel: [    9.339052] [mitosis-origin] pgd_alloc for mm=ffff000494738400 and mm->pgd =ffff0004939aa000.
Oct 23 10:14:59 ubuntu kernel: [    9.340234] [mitosis-origin] pgd_alloc for mm=ffff00049473ec00 and mm->pgd =ffff0004939bd000.
Oct 23 10:14:59 ubuntu kernel: [    9.341366] [mitosis-origin] pgd_alloc for mm=ffff00049473b000 and mm->pgd =ffff0004939da000.
Oct 23 10:14:59 ubuntu kernel: [    9.342533] [mitosis-origin] pgd_alloc for mm=ffff00049473a400 and mm->pgd =ffff0004939ed000.
Oct 23 10:14:59 ubuntu kernel: [    9.343727] [mitosis-origin] pgd_alloc for mm=ffff00049473e400 and mm->pgd =ffff000493a01000.
Oct 23 10:14:59 ubuntu kernel: [    9.344874] [mitosis-origin] pgd_alloc for mm=ffff000493a32800 and mm->pgd =ffff000493a14000.
Oct 23 10:14:59 ubuntu kernel: [    9.346019] [mitosis-origin] pgd_alloc for mm=ffff000493a32000 and mm->pgd =ffff000493a47000.
Oct 23 10:14:59 ubuntu kernel: [    9.347145] [mitosis-origin] pgd_alloc for mm=ffff000493a30c00 and mm->pgd =ffff000493a5c000.
Oct 23 10:14:59 ubuntu kernel: [    9.348373] [mitosis-origin] pgd_alloc for mm=ffff000493a33c00 and mm->pgd =ffff000493a6e000.
Oct 23 10:14:59 ubuntu kernel: [    9.349545] [mitosis-origin] pgd_alloc for mm=ffff000493a31800 and mm->pgd =ffff000493a92000.
Oct 23 10:14:59 ubuntu kernel: [    9.350652] [mitosis-origin] pgd_alloc for mm=ffff000493a35c00 and mm->pgd =ffff000493aa5000.
Oct 23 10:14:59 ubuntu kernel: [    9.351755] [mitosis-origin] pgd_alloc for mm=ffff000493a33400 and mm->pgd =ffff000493ab9000.
Oct 23 10:14:59 ubuntu kernel: [    9.352853] [mitosis-origin] pgd_alloc for mm=ffff000493a36000 and mm->pgd =ffff000493afc000.
Oct 23 10:14:59 ubuntu kernel: [    9.353922] [mitosis-origin] pgd_alloc for mm=ffff000493a31c00 and mm->pgd =ffff000493b10000.
Oct 23 10:14:59 ubuntu kernel: [    9.355002] [mitosis-origin] pgd_alloc for mm=ffff000493a34000 and mm->pgd =ffff000493b22000.
Oct 23 10:14:59 ubuntu kernel: [    9.356132] [mitosis-origin] pgd_alloc for mm=ffff000493a36800 and mm->pgd =ffff000493b4f000.
Oct 23 10:14:59 ubuntu kernel: [    9.357190] [mitosis-origin] pgd_alloc for mm=ffff000493a31000 and mm->pgd =ffff000493b63000.
Oct 23 10:14:59 ubuntu kernel: [    9.358236] [mitosis-origin] pgd_alloc for mm=ffff000493a37800 and mm->pgd =ffff000493b76000.
Oct 23 10:14:59 ubuntu kernel: [    9.359472] [mitosis-origin] pgd_alloc for mm=ffff000493a34c00 and mm->pgd =ffff000493b8a000.
Oct 23 10:14:59 ubuntu kernel: [    9.361249] [mitosis-origin] pgd_free for mm=ffff000494c99000 and pgd =ffff0004944ae000 and mm->pgd=ffff0004944ae000.
Oct 23 10:14:59 ubuntu kernel: [    9.361287] [mitosis-origin] pgd_free for mm=ffff000494c9f800 and pgd =ffff0004944c1000 and mm->pgd=ffff0004944c1000.
Oct 23 10:14:59 ubuntu kernel: [    9.361304] [mitosis-origin] pgd_free for mm=ffff000494c9c000 and pgd =ffff000494ff9000 and mm->pgd=ffff000494ff9000.
Oct 23 10:14:59 ubuntu kernel: [    9.361332] [mitosis-origin] pgd_free for mm=ffff000494c9dc00 and pgd =ffff000494d10000 and mm->pgd=ffff000494d10000.
