Jun  7 00:09:58 ubuntu rsyslogd:  [origin software="rsyslogd" swVersion="8.32.0" x-pid="2550" x-info="http://www.rsyslog.com"] rsyslogd was HUPed
Jun  7 00:10:17 ubuntu anacron[11640]: Job `cron.daily' terminated
Jun  7 00:10:17 ubuntu anacron[11640]: Normal exit (1 job run)
Jun  7 00:17:01 ubuntu CRON[11883]: (root) CMD (   cd / && run-parts --report /etc/cron.hourly)
Jun  7 00:54:01 ubuntu CRON[11904]: (root) CMD (   test -x /etc/cron.daily/popularity-contest && /etc/cron.daily/popularity-contest --crond)
Jun  7 01:02:57 ubuntu systemd[1]: Started Run anacron jobs.
Jun  7 01:02:57 ubuntu anacron[11913]: Anacron 2.3 started on 2021-06-07
Jun  7 01:02:57 ubuntu anacron[11913]: Normal exit (0 jobs run)
Jun  7 01:17:01 ubuntu CRON[11939]: (root) CMD (   cd / && run-parts --report /etc/cron.hourly)
Jun  7 02:03:36 ubuntu systemd[1]: Started Run anacron jobs.
Jun  7 02:03:36 ubuntu anacron[11968]: Anacron 2.3 started on 2021-06-07
Jun  7 02:03:36 ubuntu anacron[11968]: Normal exit (0 jobs run)
Jun  7 02:17:01 ubuntu CRON[11997]: (root) CMD (   cd / && run-parts --report /etc/cron.hourly)
Jun  7 03:04:36 ubuntu systemd[1]: Started Run anacron jobs.
Jun  7 03:04:36 ubuntu anacron[12023]: Anacron 2.3 started on 2021-06-07
Jun  7 03:04:36 ubuntu anacron[12023]: Normal exit (0 jobs run)
Jun  7 03:17:02 ubuntu CRON[12051]: (root) CMD (   cd / && run-parts --report /etc/cron.hourly)
Jun  7 04:00:15 ubuntu systemd[1]: Started Run anacron jobs.
Jun  7 04:00:15 ubuntu anacron[12074]: Anacron 2.3 started on 2021-06-07
Jun  7 04:00:15 ubuntu anacron[12074]: Normal exit (0 jobs run)
Jun  7 04:17:01 ubuntu CRON[12102]: (root) CMD (   cd / && run-parts --report /etc/cron.hourly)
Jun  7 05:00:57 ubuntu systemd[1]: Started Run anacron jobs.
Jun  7 05:00:57 ubuntu anacron[12126]: Anacron 2.3 started on 2021-06-07
Jun  7 05:00:57 ubuntu anacron[12126]: Normal exit (0 jobs run)
Jun  7 05:17:01 ubuntu CRON[12158]: (root) CMD (   cd / && run-parts --report /etc/cron.hourly)
Jun  7 06:01:57 ubuntu systemd[1]: Started Run anacron jobs.
Jun  7 06:01:57 ubuntu anacron[12180]: Anacron 2.3 started on 2021-06-07
Jun  7 06:01:57 ubuntu anacron[12180]: Normal exit (0 jobs run)
Jun  7 06:17:02 ubuntu CRON[12211]: (root) CMD (   cd / && run-parts --report /etc/cron.hourly)
Jun  7 06:25:01 ubuntu CRON[12220]: (root) CMD (test -x /usr/sbin/anacron || ( cd / && run-parts --report /etc/cron.daily ))
Jun  7 06:48:18 ubuntu systemd[1]: Starting Daily apt upgrade and clean activities...
Jun  7 06:48:18 ubuntu systemd[1]: Started Daily apt upgrade and clean activities.
Jun  7 07:04:18 ubuntu systemd[1]: Started Run anacron jobs.
Jun  7 07:04:18 ubuntu anacron[12310]: Anacron 2.3 started on 2021-06-07
Jun  7 07:04:18 ubuntu anacron[12310]: Normal exit (0 jobs run)
Jun  7 07:17:01 ubuntu CRON[12337]: (root) CMD (   cd / && run-parts --report /etc/cron.hourly)
Jun  7 07:17:57 ubuntu systemd[1]: Starting Message of the Day...
Jun  7 07:17:58 ubuntu 50-motd-news[12339]:  * Super-optimized for small spaces - read how we shrank the memory
Jun  7 07:17:58 ubuntu 50-motd-news[12339]:    footprint of MicroK8s to make it the smallest full K8s around.
Jun  7 07:17:58 ubuntu 50-motd-news[12339]:    https://ubuntu.com/blog/microk8s-memory-optimisation
Jun  7 07:17:58 ubuntu systemd[1]: Started Message of the Day.
Jun  7 07:30:01 ubuntu CRON[12409]: (root) CMD ([ -x /etc/init.d/anacron ] && if [ ! -d /run/systemd/system ]; then /usr/sbin/invoke-rc.d anacron start >/dev/null; fi)
Jun  7 07:43:36 ubuntu systemd[1]: Starting Daily apt download activities...
Jun  7 07:44:06 ubuntu systemd-networkd-wait-online[12438]: Event loop failed: Connection timed out
Jun  7 07:44:36 ubuntu apt-helper[12419]: E: Sub-process /lib/systemd/systemd-networkd-wait-online returned an error code (1)
Jun  7 07:44:36 ubuntu apt-helper[12419]: E: Sub-process nm-online returned an error code (1)
Jun  7 07:44:37 ubuntu systemd-resolved[2265]: Server returned error NXDOMAIN, mitigating potential DNS violation DVE-2018-0001, retrying transaction with reduced feature level UDP.
Jun  7 07:44:38 ubuntu systemd-resolved[2265]: message repeated 2 times: [ Server returned error NXDOMAIN, mitigating potential DNS violation DVE-2018-0001, retrying transaction with reduced feature level UDP.]
Jun  7 07:44:41 ubuntu dbus-daemon[2561]: [system] Activating via systemd: service name='org.freedesktop.PackageKit' unit='packagekit.service' requested by ':1.34' (uid=0 pid=12911 comm="/usr/bin/gdbus call --system --dest org.freedeskto")
Jun  7 07:44:41 ubuntu systemd[1]: Starting PackageKit Daemon...
Jun  7 07:44:41 ubuntu PackageKit: daemon start
Jun  7 07:44:42 ubuntu dbus-daemon[2561]: [system] Successfully activated service 'org.freedesktop.PackageKit'
Jun  7 07:44:42 ubuntu systemd[1]: Started PackageKit Daemon.
Jun  7 07:44:49 ubuntu systemd[1]: Started Daily apt download activities.
Jun  7 08:01:36 ubuntu systemd[1]: Started Run anacron jobs.
Jun  7 08:01:36 ubuntu anacron[13036]: Anacron 2.3 started on 2021-06-07
Jun  7 08:01:36 ubuntu anacron[13036]: Normal exit (0 jobs run)
Jun  7 08:17:02 ubuntu CRON[13063]: (root) CMD (   cd / && run-parts --report /etc/cron.hourly)
Jun  7 08:34:42 ubuntu systemd[1]: Started Session 25 of user huawei.
Jun  7 08:35:19 ubuntu kernel: [59022.884394] Page table allocation set to fixed on node 0
Jun  7 08:36:52 ubuntu kernel: [59115.963937] Page table allocation set to fixed on node 0
Jun  7 08:38:59 ubuntu kernel: [59242.423561] Page table allocation set to fixed on node 0
Jun  7 08:38:59 ubuntu kernel: [59242.457474] [mitosis] NOTE: version = 6
Jun  7 08:38:59 ubuntu kernel: [59242.457481] [mitosis] kernel_set_pgtlbreplpolicy: pid = 15505
Jun  7 08:38:59 ubuntu kernel: [59242.457483] PTREP: Called pgtbl_repl_prepare_replication version 2
Jun  7 08:38:59 ubuntu kernel: [59242.457487] [mitosis] pgtbl_repl_prepare_replication  for mm=ffff2027a4f09800.
Jun  7 08:38:59 ubuntu kernel: [59242.457489] [mitosis]------PTREPL: alloc pgd start------
Jun  7 08:38:59 ubuntu kernel: [59242.457491] [mitosis] nr_node_ids=4.
Jun  7 08:38:59 ubuntu kernel: [59242.457493] [mitosis] pgd_alloc origin mm->pgd =ffff002505cd8000.
Jun  7 08:38:59 ubuntu kernel: [59242.457501] [mitosis] pgd_alloc mm->repl_pgd[0]=ffff0027b2e1f000.
Jun  7 08:38:59 ubuntu kernel: [59242.457504] [mitosis] pgd_alloc mm->repl_pgd[1]=ffff002fd2424000.
Jun  7 08:38:59 ubuntu kernel: [59242.457509] [mitosis] pgd_alloc mm->repl_pgd[2]=ffff2027a4fb5000.
Jun  7 08:38:59 ubuntu kernel: [59242.457542] [mitosis] pgd_alloc mm->repl_pgd[3]=ffff202fb22f6000.
Jun  7 08:38:59 ubuntu kernel: [59242.457544] ------PTREPL: alloc pgd success------
Jun  7 08:38:59 ubuntu kernel: [59242.457548] pgtbl_repl_prepare_replication:1206 pgd=ffff002505cd8000..ffff002505cd8fff
Jun  7 08:38:59 ubuntu kernel: [59242.457553] PTREP: pgd_idx = 341，and pgd=ffff002505cd8aa8  and pgd[341]=23779a5003
Jun  7 08:38:59 ubuntu kernel: [59242.457556] pgtbl_repl_prepare_replication:1214 pgd[341]'s pud=ffff0023779a5000..ffff0023779a5fff
Jun  7 08:38:59 ubuntu kernel: [59242.457559] pgtbl_repl_prepare_replication:1218 another func __va pud=ffff0023779a5000..ffff0023779a5fff
Jun  7 08:38:59 ubuntu kernel: [59242.457561] pgtbl_repl_prepare_replication:1219 1 pfn=23779a5   2 pfn=23779a5
Jun  7 08:38:59 ubuntu kernel: [59242.457572] [mitosis] start search pud .......
Jun  7 08:38:59 ubuntu kernel: [59242.457576] PTREP: pud_idx = 171，and pud=ffff0023779a5558  and pud[171]=2409554003
Jun  7 08:38:59 ubuntu kernel: [59242.457579] pgtbl_repl_prepare_replication:1238 pud[171]'s pmd=ffff002409554000..ffff002409554fff
Jun  7 08:38:59 ubuntu kernel: [59242.457582] pgtbl_repl_prepare_replication:1239 1 pfn=2409554   2 pfn=2409554
Jun  7 08:38:59 ubuntu kernel: [59242.457596] PTREP: pmd_idx = 193，and pmd=ffff002409554608  and pmd[193]=26ddffb003
Jun  7 08:38:59 ubuntu kernel: [59242.457598] pgtbl_repl_prepare_replication:1258 pmd[193]'s pte=ffff0026ddffb000..ffff0026ddffbfff
Jun  7 08:38:59 ubuntu kernel: [59242.457600] pgtbl_repl_prepare_replication:1259 1 pfn=26ddffb   2 pfn=26ddffb
Jun  7 08:38:59 ubuntu kernel: [59242.457618] PTREP: pud_idx = 172，and pud=ffff0023779a5560  and pud[172]=27c862d003
Jun  7 08:38:59 ubuntu kernel: [59242.457620] pgtbl_repl_prepare_replication:1238 pud[172]'s pmd=ffff0027c862d000..ffff0027c862dfff
Jun  7 08:38:59 ubuntu kernel: [59242.457623] pgtbl_repl_prepare_replication:1239 1 pfn=27c862d   2 pfn=27c862d
Jun  7 08:38:59 ubuntu kernel: [59242.457648] PTREP: pmd_idx = 164，and pmd=ffff0027c862d520  and pmd[164]=2505f5c003
Jun  7 08:38:59 ubuntu kernel: [59242.457651] pgtbl_repl_prepare_replication:1258 pmd[164]'s pte=ffff002505f5c000..ffff002505f5cfff
Jun  7 08:38:59 ubuntu kernel: [59242.457653] pgtbl_repl_prepare_replication:1259 1 pfn=2505f5c   2 pfn=2505f5c
Jun  7 08:38:59 ubuntu kernel: [59242.457673] ===================================== end of a page
Jun  7 08:38:59 ubuntu kernel: [59242.457676] PTREP: pgd_idx = 511，and pgd=ffff002505cd8ff8  and pgd[511]=229c82e003
Jun  7 08:38:59 ubuntu kernel: [59242.457679] pgtbl_repl_prepare_replication:1214 pgd[511]'s pud=ffff00229c82e000..ffff00229c82efff
Jun  7 08:38:59 ubuntu kernel: [59242.457681] pgtbl_repl_prepare_replication:1218 another func __va pud=ffff00229c82e000..ffff00229c82efff
Jun  7 08:38:59 ubuntu kernel: [59242.457684] pgtbl_repl_prepare_replication:1219 1 pfn=229c82e   2 pfn=229c82e
Jun  7 08:38:59 ubuntu kernel: [59242.457694] [mitosis] start search pud .......
Jun  7 08:38:59 ubuntu kernel: [59242.457700] PTREP: pud_idx = 510，and pud=ffff00229c82eff0  and pud[510]=27d053c003
Jun  7 08:38:59 ubuntu kernel: [59242.457703] pgtbl_repl_prepare_replication:1238 pud[510]'s pmd=ffff0027d053c000..ffff0027d053cfff
Jun  7 08:38:59 ubuntu kernel: [59242.457704] pgtbl_repl_prepare_replication:1239 1 pfn=27d053c   2 pfn=27d053c
Jun  7 08:38:59 ubuntu kernel: [59242.457718] PTREP: pmd_idx = 262，and pmd=ffff0027d053c830  and pmd[262]=22aa070003
Jun  7 08:38:59 ubuntu kernel: [59242.457720] pgtbl_repl_prepare_replication:1258 pmd[262]'s pte=ffff0022aa070000..ffff0022aa070fff
Jun  7 08:38:59 ubuntu kernel: [59242.457723] pgtbl_repl_prepare_replication:1259 1 pfn=22aa070   2 pfn=22aa070
Jun  7 08:38:59 ubuntu kernel: [59242.457744] PTREP: pmd_idx = 263，and pmd=ffff0027d053c838  and pmd[263]=27cc1fb003
Jun  7 08:38:59 ubuntu kernel: [59242.457747] pgtbl_repl_prepare_replication:1258 pmd[263]'s pte=ffff0027cc1fb000..ffff0027cc1fbfff
Jun  7 08:38:59 ubuntu kernel: [59242.457749] pgtbl_repl_prepare_replication:1259 1 pfn=27cc1fb   2 pfn=27cc1fb
Jun  7 08:38:59 ubuntu kernel: [59242.457765] PTREP: pud_idx = 511，and pud=ffff00229c82eff8  and pud[511]=229c822003
Jun  7 08:38:59 ubuntu kernel: [59242.457767] pgtbl_repl_prepare_replication:1238 pud[511]'s pmd=ffff00229c822000..ffff00229c822fff
Jun  7 08:38:59 ubuntu kernel: [59242.457769] pgtbl_repl_prepare_replication:1239 1 pfn=229c822   2 pfn=229c822
Jun  7 08:38:59 ubuntu kernel: [59242.457780] PTREP: pmd_idx = 259，and pmd=ffff00229c822818  and pmd[259]=25efe84003
Jun  7 08:38:59 ubuntu kernel: [59242.457782] pgtbl_repl_prepare_replication:1258 pmd[259]'s pte=ffff0025efe84000..ffff0025efe84fff
Jun  7 08:38:59 ubuntu kernel: [59242.457785] pgtbl_repl_prepare_replication:1259 1 pfn=25efe84   2 pfn=25efe84
Jun  7 08:38:59 ubuntu kernel: [59242.457798] ===================================== end of a page
Jun  7 08:38:59 ubuntu kernel: [59242.457800] pgtbl_repl_prepare_replication:1285 all: pud_num=4, pmd_num=5, pte_num=327
Jun  7 08:38:59 ubuntu kernel: [59242.457802] PTREP: Called pgtbl_repl_prepare_replication  done
Jun  7 08:38:59 ubuntu kernel: [59242.457805] [mitosis] pgtable replication enabled for mm=ffff2027a4f09800.
Jun  7 08:38:59 ubuntu kernel: [59242.457807] [mitosis] pgtable replication err=0.
Jun  7 08:38:59 ubuntu kernel: [59242.457881] [mitosis]------PTREPL: alloc pgd start------
Jun  7 08:38:59 ubuntu kernel: [59242.457883] [mitosis] nr_node_ids=4.
Jun  7 08:38:59 ubuntu kernel: [59242.457885] [mitosis] pgd_alloc origin mm->pgd =ffff0025388c7000.
Jun  7 08:38:59 ubuntu kernel: [59242.457888] [mitosis] pgd_alloc mm->repl_pgd[0]=ffff0025388c6000.
Jun  7 08:38:59 ubuntu kernel: [59242.457891] [mitosis] pgd_alloc mm->repl_pgd[1]=ffff002fd379e000.
Jun  7 08:38:59 ubuntu kernel: [59242.457896] [mitosis] pgd_alloc mm->repl_pgd[2]=ffff2027b5371000.
Jun  7 08:38:59 ubuntu kernel: [59242.457900] [mitosis] pgd_alloc mm->repl_pgd[3]=ffff202fc23c6000.
Jun  7 08:38:59 ubuntu kernel: [59242.457901] ------PTREPL: alloc pgd success------
Jun  7 08:38:59 ubuntu kernel: [59242.558109] [mitosis] PTREPL: free pgd start 
Jun  7 08:38:59 ubuntu kernel: [59242.558119] [mitosis] pgtable_repl_pgd_free freed pgd=ffff002505cd8000 and mm->pgd=ffff002505cd8000.
Jun  7 08:38:59 ubuntu kernel: [59242.558123] [mitosis]------PTREPL: free pgd done------
Jun  7 08:40:29 ubuntu kernel: [59332.687612] [mitosis] PTREPL: free pgd start 
Jun  7 08:40:29 ubuntu kernel: [59332.687619] [mitosis] pgtable_repl_pgd_free freed pgd=ffff0027cc842000 and mm->pgd=ffff0027cc842000.
Jun  7 08:40:29 ubuntu kernel: [59332.687621] [mitosis]------PTREPL: free pgd done------
Jun  7 09:02:20 ubuntu systemd[1]: Started Run anacron jobs.
Jun  7 09:02:20 ubuntu anacron[16459]: Anacron 2.3 started on 2021-06-07
Jun  7 09:02:20 ubuntu anacron[16459]: Normal exit (0 jobs run)
Jun  7 09:11:40 ubuntu kernel: [61203.229071] Page table allocation set to fixed on node 0
Jun  7 09:13:13 ubuntu kernel: [61296.796696] Page table allocation set to fixed on node 0
Jun  7 09:15:36 ubuntu kernel: [61439.414212] Page table allocation set to fixed on node 0
Jun  7 09:15:36 ubuntu kernel: [61439.449698] [mitosis] NOTE: version = 6
Jun  7 09:15:36 ubuntu kernel: [61439.449707] [mitosis] kernel_set_pgtlbreplpolicy: pid = 18956
Jun  7 09:15:36 ubuntu kernel: [61439.449710] PTREP: Called pgtbl_repl_prepare_replication version 2
Jun  7 09:15:36 ubuntu kernel: [61439.449714] [mitosis] pgtbl_repl_prepare_replication  for mm=ffff2027a4f09400.
Jun  7 09:15:36 ubuntu kernel: [61439.449716] [mitosis]------PTREPL: alloc pgd start------
Jun  7 09:15:36 ubuntu kernel: [61439.449717] [mitosis] nr_node_ids=4.
Jun  7 09:15:36 ubuntu kernel: [61439.449719] [mitosis] pgd_alloc origin mm->pgd =ffff0023b8677000.
Jun  7 09:15:36 ubuntu kernel: [61439.449724] [mitosis] pgd_alloc mm->repl_pgd[0]=ffff0027cc849000.
Jun  7 09:15:36 ubuntu kernel: [61439.449729] [mitosis] pgd_alloc mm->repl_pgd[1]=ffff002fc7141000.
Jun  7 09:15:36 ubuntu kernel: [61439.449732] [mitosis] pgd_alloc mm->repl_pgd[2]=ffff2027c7cf4000.
Jun  7 09:15:36 ubuntu kernel: [61439.449735] [mitosis] pgd_alloc mm->repl_pgd[3]=ffff202fbff5c000.
Jun  7 09:15:36 ubuntu kernel: [61439.449736] ------PTREPL: alloc pgd success------
Jun  7 09:15:36 ubuntu kernel: [61439.449740] pgtbl_repl_prepare_replication:1206 pgd=ffff0023b8677000..ffff0023b8677fff
Jun  7 09:15:36 ubuntu kernel: [61439.449746] PTREP: pgd_idx = 341，and pgd=ffff0023b8677aa8  and pgd[341]=246b9c6003
Jun  7 09:15:36 ubuntu kernel: [61439.449749] pgtbl_repl_prepare_replication:1214 pgd[341]'s pud=ffff00246b9c6000..ffff00246b9c6fff
Jun  7 09:15:36 ubuntu kernel: [61439.449751] pgtbl_repl_prepare_replication:1218 another func __va pud=ffff00246b9c6000..ffff00246b9c6fff
Jun  7 09:15:36 ubuntu kernel: [61439.449753] pgtbl_repl_prepare_replication:1219 1 pfn=246b9c6   2 pfn=246b9c6
Jun  7 09:15:36 ubuntu kernel: [61439.449829] [mitosis] start search pud .......
Jun  7 09:15:36 ubuntu kernel: [61439.449834] PTREP: pud_idx = 171，and pud=ffff00246b9c6558  and pud[171]=24dcaf4003
Jun  7 09:15:36 ubuntu kernel: [61439.449837] pgtbl_repl_prepare_replication:1238 pud[171]'s pmd=ffff0024dcaf4000..ffff0024dcaf4fff
Jun  7 09:15:36 ubuntu kernel: [61439.449839] pgtbl_repl_prepare_replication:1239 1 pfn=24dcaf4   2 pfn=24dcaf4
Jun  7 09:15:36 ubuntu kernel: [61439.449854] PTREP: pmd_idx = 93，and pmd=ffff0024dcaf42e8  and pmd[93]=271b63b003
Jun  7 09:15:36 ubuntu kernel: [61439.449856] pgtbl_repl_prepare_replication:1258 pmd[93]'s pte=ffff00271b63b000..ffff00271b63bfff
Jun  7 09:15:36 ubuntu kernel: [61439.449858] pgtbl_repl_prepare_replication:1259 1 pfn=271b63b   2 pfn=271b63b
Jun  7 09:15:36 ubuntu kernel: [61439.449877] PTREP: pud_idx = 172，and pud=ffff00246b9c6560  and pud[172]=20d470b003
Jun  7 09:15:36 ubuntu kernel: [61439.449879] pgtbl_repl_prepare_replication:1238 pud[172]'s pmd=ffff0020d470b000..ffff0020d470bfff
Jun  7 09:15:36 ubuntu kernel: [61439.449881] pgtbl_repl_prepare_replication:1239 1 pfn=20d470b   2 pfn=20d470b
Jun  7 09:15:36 ubuntu kernel: [61439.449892] PTREP: pmd_idx = 2，and pmd=ffff0020d470b010  and pmd[2]=25c5c83003
Jun  7 09:15:36 ubuntu kernel: [61439.449894] pgtbl_repl_prepare_replication:1258 pmd[2]'s pte=ffff0025c5c83000..ffff0025c5c83fff
Jun  7 09:15:36 ubuntu kernel: [61439.449896] pgtbl_repl_prepare_replication:1259 1 pfn=25c5c83   2 pfn=25c5c83
Jun  7 09:15:36 ubuntu kernel: [61439.449918] ===================================== end of a page
Jun  7 09:15:36 ubuntu kernel: [61439.449921] PTREP: pgd_idx = 511，and pgd=ffff0023b8677ff8  and pgd[511]=24c9a23003
Jun  7 09:15:36 ubuntu kernel: [61439.449923] pgtbl_repl_prepare_replication:1214 pgd[511]'s pud=ffff0024c9a23000..ffff0024c9a23fff
Jun  7 09:15:36 ubuntu kernel: [61439.449926] pgtbl_repl_prepare_replication:1218 another func __va pud=ffff0024c9a23000..ffff0024c9a23fff
Jun  7 09:15:36 ubuntu kernel: [61439.449927] pgtbl_repl_prepare_replication:1219 1 pfn=24c9a23   2 pfn=24c9a23
Jun  7 09:15:36 ubuntu kernel: [61439.449937] [mitosis] start search pud .......
Jun  7 09:15:36 ubuntu kernel: [61439.449944] PTREP: pud_idx = 510，and pud=ffff0024c9a23ff0  and pud[510]=20d44cc003
Jun  7 09:15:36 ubuntu kernel: [61439.449946] pgtbl_repl_prepare_replication:1238 pud[510]'s pmd=ffff0020d44cc000..ffff0020d44ccfff
Jun  7 09:15:36 ubuntu kernel: [61439.449948] pgtbl_repl_prepare_replication:1239 1 pfn=20d44cc   2 pfn=20d44cc
Jun  7 09:15:36 ubuntu kernel: [61439.449962] PTREP: pmd_idx = 256，and pmd=ffff0020d44cc800  and pmd[256]=25ffd13003
Jun  7 09:15:36 ubuntu kernel: [61439.449964] pgtbl_repl_prepare_replication:1258 pmd[256]'s pte=ffff0025ffd13000..ffff0025ffd13fff
Jun  7 09:15:36 ubuntu kernel: [61439.449966] pgtbl_repl_prepare_replication:1259 1 pfn=25ffd13   2 pfn=25ffd13
Jun  7 09:15:36 ubuntu kernel: [61439.449988] PTREP: pmd_idx = 257，and pmd=ffff0020d44cc808  and pmd[257]=233cce7003
Jun  7 09:15:36 ubuntu kernel: [61439.449991] pgtbl_repl_prepare_replication:1258 pmd[257]'s pte=ffff00233cce7000..ffff00233cce7fff
Jun  7 09:15:36 ubuntu kernel: [61439.449993] pgtbl_repl_prepare_replication:1259 1 pfn=233cce7   2 pfn=233cce7
Jun  7 09:15:36 ubuntu kernel: [61439.450010] PTREP: pud_idx = 511，and pud=ffff0024c9a23ff8  and pud[511]=246bbe9003
Jun  7 09:15:36 ubuntu kernel: [61439.450012] pgtbl_repl_prepare_replication:1238 pud[511]'s pmd=ffff00246bbe9000..ffff00246bbe9fff
Jun  7 09:15:36 ubuntu kernel: [61439.450014] pgtbl_repl_prepare_replication:1239 1 pfn=246bbe9   2 pfn=246bbe9
Jun  7 09:15:36 ubuntu kernel: [61439.450026] PTREP: pmd_idx = 346，and pmd=ffff00246bbe9ad0  and pmd[346]=27d2741003
Jun  7 09:15:36 ubuntu kernel: [61439.450028] pgtbl_repl_prepare_replication:1258 pmd[346]'s pte=ffff0027d2741000..ffff0027d2741fff
Jun  7 09:15:36 ubuntu kernel: [61439.450030] pgtbl_repl_prepare_replication:1259 1 pfn=27d2741   2 pfn=27d2741
Jun  7 09:15:36 ubuntu kernel: [61439.450045] ===================================== end of a page
Jun  7 09:15:36 ubuntu kernel: [61439.450048] pgtbl_repl_prepare_replication:1285 all: pud_num=4, pmd_num=5, pte_num=315
Jun  7 09:15:36 ubuntu kernel: [61439.450050] PTREP: Called pgtbl_repl_prepare_replication  done
Jun  7 09:15:36 ubuntu kernel: [61439.450052] [mitosis] pgtable replication enabled for mm=ffff2027a4f09400.
Jun  7 09:15:36 ubuntu kernel: [61439.450054] [mitosis] pgtable replication err=0.
Jun  7 09:15:36 ubuntu kernel: [61439.450146] [mitosis]------PTREPL: alloc pgd start------
Jun  7 09:15:36 ubuntu kernel: [61439.450148] [mitosis] nr_node_ids=4.
Jun  7 09:15:36 ubuntu kernel: [61439.450150] [mitosis] pgd_alloc origin mm->pgd =ffff0027d0462000.
Jun  7 09:15:36 ubuntu kernel: [61439.450154] [mitosis] pgd_alloc mm->repl_pgd[0]=ffff0021a763d000.
Jun  7 09:15:36 ubuntu kernel: [61439.450158] [mitosis] pgd_alloc mm->repl_pgd[1]=ffff002fc0a0a000.
Jun  7 09:15:36 ubuntu kernel: [61439.450161] [mitosis] pgd_alloc mm->repl_pgd[2]=ffff2027c074a000.
Jun  7 09:15:36 ubuntu kernel: [61439.450164] [mitosis] pgd_alloc mm->repl_pgd[3]=ffff202fc2259000.
Jun  7 09:15:36 ubuntu kernel: [61439.450166] ------PTREPL: alloc pgd success------
Jun  7 09:15:36 ubuntu kernel: [61439.550348] [mitosis] PTREPL: free pgd start 
Jun  7 09:15:36 ubuntu kernel: [61439.550358] [mitosis] pgtable_repl_pgd_free freed pgd=ffff0023b8677000 and mm->pgd=ffff0023b8677000.
Jun  7 09:15:36 ubuntu kernel: [61439.550362] [mitosis]------PTREPL: free pgd done------
Jun  7 09:17:01 ubuntu CRON[19793]: (root) CMD (   cd / && run-parts --report /etc/cron.hourly)
Jun  7 09:21:50 ubuntu systemd[1]: Stopped Stop ureadahead data collection 45s after completed startup.
Jun  7 09:21:50 ubuntu systemd[1]: Stopping PackageKit Daemon...
Jun  7 09:21:50 ubuntu systemd[1]: Closed Load/Save RF Kill Switch Status /dev/rfkill Watch.
Jun  7 09:21:50 ubuntu systemd[1]: Stopping Availability of block devices...
Jun  7 09:21:50 ubuntu systemd[1]: Stopping Session 5 of user huawei.
Jun  7 09:21:50 ubuntu systemd[1]: Stopped QEMU KVM preparation - module, ksm, hugepages.
Jun  7 09:21:50 ubuntu systemd[1]: Stopping Session 25 of user huawei.
Jun  7 09:21:50 ubuntu systemd[1]: Stopped target Timers.
Jun  7 09:21:50 ubuntu ModemManager[2374]: <info>  Caught signal, shutting down...
Jun  7 09:21:50 ubuntu systemd[1]: Stopped Daily apt upgrade and clean activities.
Jun  7 09:21:50 ubuntu systemd[1]: Stopped Trigger anacron every hour.
Jun  7 09:21:50 ubuntu systemd[1]: Stopped Message of the Day.
Jun  7 09:21:50 ubuntu systemd[1]: Stopped target Graphical Interface.
Jun  7 09:21:50 ubuntu systemd[1]: Stopped target Multi-User System.
Jun  7 09:21:50 ubuntu systemd[1]: Stopping Modem Manager...
Jun  7 09:21:50 ubuntu NetworkManager[2613]: <info>  [1623028910.1505] modem-manager: ModemManager no longer available
Jun  7 09:25:51 ubuntu systemd[1]: Starting Flush Journal to Persistent Storage...
Jun  7 09:25:51 ubuntu kernel: [    0.000000] Booting Linux on physical CPU 0x0000080000 [0x481fd010]
Jun  7 09:25:51 ubuntu kernel: [    0.000000] Linux version 5.7.1 (root@ubuntu) (gcc version 5.5.0 20171010 (Ubuntu/Linaro 5.5.0-12ubuntu1), GNU ld (GNU Binutils for Ubuntu) 2.30) #1 SMP Sun Jun 6 15:35:02 CST 2021
Jun  7 09:25:51 ubuntu kernel: [    0.000000] efi: EFI v2.70 by EDK II
Jun  7 09:25:51 ubuntu systemd[1]: Started udev Coldplug all Devices.
Jun  7 09:25:51 ubuntu kernel: [    0.000000] efi:  ACPI 2.0=0x2fc50000  SMBIOS 3.0=0x2fbf0000  MEMATTR=0x35e93018  ESRT=0x36117b18  MEMRESERVE=0x2fb93018 
Jun  7 09:25:51 ubuntu kernel: [    0.000000] esrt: Reserving ESRT space from 0x0000000036117b18 to 0x0000000036117b50.
Jun  7 09:25:51 ubuntu kernel: [    0.000000] cma: Reserved 32 MiB at 0x000000007e000000
Jun  7 09:25:51 ubuntu systemd[1]: Started LVM2 metadata daemon.
Jun  7 09:25:51 ubuntu kernel: [    0.000000] ACPI: Early table checksum verification disabled
Jun  7 09:25:51 ubuntu kernel: [    0.000000] ACPI: RSDP 0x000000002FC50000 000024 (v02 HISI  )
Jun  7 09:25:51 ubuntu kernel: [    0.000000] ACPI: XSDT 0x000000002FC40000 0000A4 (v01 HISI   HIP08    00000000      01000013)
Jun  7 09:25:51 ubuntu kernel: [    0.000000] ACPI: FACP 0x000000002F790000 000114 (v06 HISI   HIP08    00000000 HISI 20151124)
Jun  7 09:25:51 ubuntu systemd[1]: Started Create Static Device Nodes in /dev.
Jun  7 09:25:51 ubuntu kernel: [    0.000000] ACPI: DSDT 0x000000002F530000 00C441 (v02 HISI   HIP08    00000000 INTL 20181213)
Jun  7 09:25:51 ubuntu kernel: [    0.000000] ACPI: PCCT 0x000000002FC30000 00008A (v01 HISI   HIP08    00000000 HISI 20151124)
Jun  7 09:25:51 ubuntu kernel: [    0.000000] ACPI: SSDT 0x000000002FC20000 00E64A (v02 HISI   HIP07    00000000 INTL 20181213)
Jun  7 09:25:51 ubuntu kernel: [    0.000000] ACPI: BERT 0x000000002FBC0000 000030 (v01 HISI   HIP08    00000000 HISI 20151124)
Jun  7 09:25:51 ubuntu systemd[1]: Starting udev Kernel Device Manager...
Jun  7 09:25:51 ubuntu kernel: [    0.000000] ACPI: HEST 0x000000002FBA0000 00058C (v01 HISI   HIP08    00000000 HISI 20151124)
Jun  7 09:25:51 ubuntu kernel: [    0.000000] ACPI: ERST 0x000000002FB60000 000230 (v01 HISI   HIP08    00000000 HISI 20151124)
Jun  7 09:25:51 ubuntu kernel: [    0.000000] ACPI: EINJ 0x000000002FB50000 000170 (v01 HISI   HIP08    00000000 HISI 20151124)
Jun  7 09:25:51 ubuntu kernel: [    0.000000] ACPI: GTDT 0x000000002F590000 00007C (v02 HISI   HIP08    00000000 HISI 20151124)
Jun  7 09:25:51 ubuntu kernel: [    0.000000] ACPI: MCFG 0x000000002F580000 00003C (v01 HISI   HIP08    00000000 HISI 20151124)
Jun  7 09:25:51 ubuntu kernel: [    0.000000] ACPI: SLIT 0x000000002F570000 00003C (v01 HISI   HIP08    00000000 HISI 20151124)
Jun  7 09:25:51 ubuntu kernel: [    0.000000] ACPI: SRAT 0x000000002F560000 0007D0 (v03 HISI   HIP08    00000000 HISI 20151124)
Jun  7 09:25:51 ubuntu kernel: [    0.000000] ACPI: SDEI 0x000000002F550000 000030 (v01 HISI   HIP08    00000000 HISI 20151124)
Jun  7 09:25:51 ubuntu systemd[1]: Activated swap /swapfile.
Jun  7 09:25:51 ubuntu kernel: [    0.000000] ACPI: APIC 0x000000002F540000 001E6C (v04 HISI   HIP08    00000000 HISI 20151124)
Jun  7 09:25:51 ubuntu kernel: [    0.000000] ACPI: IORT 0x000000002F520000 001678 (v00 HISI   HIP08    00000000 INTL 20181213)
Jun  7 09:25:51 ubuntu systemd[1]: Reached target Swap.
Jun  7 09:25:51 ubuntu kernel: [    0.000000] ACPI: PPTT 0x000000002ECE0000 0031B0 (v01 HISI   HIP08    00000000 HISI 20151124)
Jun  7 09:25:51 ubuntu kernel: [    0.000000] ACPI: SPMI 0x000000002ECD0000 000041 (v05 HISI   HIP08    00000000 HISI 20151124)
Jun  7 09:25:51 ubuntu kernel: [    0.000000] ACPI: SRAT: Node 0 PXM 0 [mem 0x2080000000-0x27ffffffff]
Jun  7 09:25:51 ubuntu kernel: [    0.000000] ACPI: SRAT: Node 1 PXM 1 [mem 0x2800000000-0x2fffffffff]
Jun  7 09:25:51 ubuntu kernel: [    0.000000] ACPI: SRAT: Node 0 PXM 0 [mem 0x00000000-0x7fffffff]
Jun  7 09:25:51 ubuntu kernel: [    0.000000] ACPI: SRAT: Node 2 PXM 2 [mem 0x202000000000-0x2027ffffffff]
Jun  7 09:25:51 ubuntu systemd-modules-load[1486]: Inserted module 'lp'
Jun  7 09:25:51 ubuntu kernel: [    0.000000] ACPI: SRAT: Node 3 PXM 3 [mem 0x202800000000-0x202fffffffff]
Jun  7 09:25:51 ubuntu kernel: [    0.000000] NUMA: NODE_DATA [mem 0x27ffffc300-0x27ffffffff]
Jun  7 09:25:51 ubuntu kernel: [    0.000000] NUMA: NODE_DATA [mem 0x2fffffc300-0x2fffffffff]
Jun  7 09:25:51 ubuntu systemd-modules-load[1486]: Inserted module 'ppdev'
Jun  7 09:25:51 ubuntu kernel: [    0.000000] NUMA: NODE_DATA [mem 0x2027ffffc300-0x2027ffffffff]
Jun  7 09:25:51 ubuntu kernel: [    0.000000] NUMA: NODE_DATA [mem 0x202feffff300-0x202ff0002fff]
Jun  7 09:25:51 ubuntu kernel: [    0.000000] Zone ranges:
Jun  7 09:25:51 ubuntu kernel: [    0.000000]   DMA      [mem 0x0000000000000000-0x000000003fffffff]
Jun  7 09:25:51 ubuntu systemd-modules-load[1486]: Failed to find module 'parport_pc'
Jun  7 09:25:51 ubuntu kernel: [    0.000000]   DMA32    [mem 0x0000000040000000-0x00000000ffffffff]
Jun  7 09:25:51 ubuntu kernel: [    0.000000]   Normal   [mem 0x0000000100000000-0x0000202fffffffff]
Jun  7 09:25:51 ubuntu kernel: [    0.000000] Movable zone start for each node
Jun  7 09:25:51 ubuntu systemd[1]: Started Monitoring of LVM2 mirrors, snapshots etc. using dmeventd or progress polling.
Jun  7 09:25:51 ubuntu kernel: [    0.000000] Early memory node ranges
Jun  7 09:25:51 ubuntu kernel: [    0.000000]   node   0: [mem 0x0000000000000000-0x000000000000ffff]
Jun  7 09:25:51 ubuntu kernel: [    0.000000]   node   0: [mem 0x0000000000010000-0x000000002e501fff]
Jun  7 09:25:51 ubuntu kernel: [    0.000000]   node   0: [mem 0x000000002e502000-0x000000002eccffff]
Jun  7 09:25:51 ubuntu systemd-modules-load[1486]: Inserted module 'iscsi_tcp'
Jun  7 09:25:51 ubuntu kernel: [    0.000000]   node   0: [mem 0x000000002ecd0000-0x000000002f59ffff]
Jun  7 09:25:51 ubuntu kernel: [    0.000000]   node   0: [mem 0x000000002f5a0000-0x000000002f78ffff]
Jun  7 09:25:51 ubuntu kernel: [    0.000000]   node   0: [mem 0x000000002f790000-0x000000002f79ffff]
Jun  7 09:25:51 ubuntu kernel: [    0.000000]   node   0: [mem 0x000000002f7a0000-0x000000002f87ffff]
Jun  7 09:25:51 ubuntu kernel: [    0.000000]   node   0: [mem 0x000000002f880000-0x000000002f8bffff]
Jun  7 09:25:51 ubuntu kernel: [    0.000000]   node   0: [mem 0x000000002f8c0000-0x000000002f95ffff]
Jun  7 09:25:51 ubuntu systemd-modules-load[1486]: Inserted module 'ib_iser'
Jun  7 09:25:51 ubuntu kernel: [    0.000000]   node   0: [mem 0x000000002f960000-0x000000002f97ffff]
Jun  7 09:25:51 ubuntu kernel: [    0.000000]   node   0: [mem 0x000000002f980000-0x000000002fabffff]
Jun  7 09:25:51 ubuntu kernel: [    0.000000]   node   0: [mem 0x000000002fac0000-0x000000002fb6ffff]
Jun  7 09:25:51 ubuntu systemd[1]: systemd-modules-load.service: Main process exited, code=exited, status=1/FAILURE
Jun  7 09:25:51 ubuntu kernel: [    0.000000]   node   0: [mem 0x000000002fb70000-0x000000002fb71fff]
Jun  7 09:25:51 ubuntu kernel: [    0.000000]   node   0: [mem 0x000000002fb72000-0x000000002fb7ffff]
Jun  7 09:25:51 ubuntu kernel: [    0.000000]   node   0: [mem 0x000000002fb80000-0x000000002fb80fff]
Jun  7 09:25:51 ubuntu systemd[1]: systemd-modules-load.service: Failed with result 'exit-code'.
Jun  7 09:25:51 ubuntu kernel: [    0.000000]   node   0: [mem 0x000000002fb81000-0x000000002fb8ffff]
Jun  7 09:25:51 ubuntu kernel: [    0.000000]   node   0: [mem 0x000000002fb90000-0x000000002fb91fff]
Jun  7 09:25:51 ubuntu kernel: [    0.000000]   node   0: [mem 0x000000002fb92000-0x000000002fbaffff]
Jun  7 09:25:51 ubuntu systemd[1]: Failed to start Load Kernel Modules.
Jun  7 09:25:51 ubuntu kernel: [    0.000000]   node   0: [mem 0x000000002fbb0000-0x000000002fbb1fff]
Jun  7 09:25:51 ubuntu kernel: [    0.000000]   node   0: [mem 0x000000002fbb2000-0x000000002fbcffff]
Jun  7 09:25:51 ubuntu kernel: [    0.000000]   node   0: [mem 0x000000002fbd0000-0x000000002fbd0fff]
Jun  7 09:25:51 ubuntu kernel: [    0.000000]   node   0: [mem 0x000000002fbd1000-0x000000002fbdffff]
Jun  7 09:25:51 ubuntu systemd[1]: Started Set the console keyboard layout.
Jun  7 09:25:51 ubuntu kernel: [    0.000000]   node   0: [mem 0x000000002fbe0000-0x000000002fbfffff]
Jun  7 09:25:51 ubuntu kernel: [    0.000000]   node   0: [mem 0x000000002fc00000-0x000000002fc5ffff]
Jun  7 09:25:51 ubuntu kernel: [    0.000000]   node   0: [mem 0x000000002fc60000-0x000000002fe5ffff]
Jun  7 09:25:51 ubuntu systemd[1]: Reached target Local File Systems (Pre).
Jun  7 09:25:51 ubuntu kernel: [    0.000000]   node   0: [mem 0x000000002fe60000-0x000000002fe60fff]
Jun  7 09:25:51 ubuntu kernel: [    0.000000]   node   0: [mem 0x000000002fe61000-0x000000002fe64fff]
Jun  7 09:25:51 ubuntu kernel: [    0.000000]   node   0: [mem 0x000000002fe65000-0x000000002fe6afff]
Jun  7 09:25:51 ubuntu systemd[1]: Starting Apply Kernel Variables...
Jun  7 09:25:51 ubuntu kernel: [    0.000000]   node   0: [mem 0x000000002fe6b000-0x000000002fe6bfff]
Jun  7 09:25:51 ubuntu systemd[1]: Mounting Kernel Configuration File System...
Jun  7 09:25:51 ubuntu kernel: [    0.000000]   node   0: [mem 0x000000002fe6c000-0x000000003f02ffff]
Jun  7 09:25:51 ubuntu kernel: [    0.000000]   node   0: [mem 0x000000003f030000-0x000000003f05ffff]
Jun  7 09:25:51 ubuntu kernel: [    0.000000]   node   0: [mem 0x000000003f060000-0x000000003fbfffff]
Jun  7 09:25:51 ubuntu kernel: [    0.000000]   node   0: [mem 0x0000000040000000-0x0000000043ffffff]
Jun  7 09:25:51 ubuntu kernel: [    0.000000]   node   0: [mem 0x0000000044030000-0x000000004fffffff]
Jun  7 09:25:51 ubuntu systemd[1]: Mounting FUSE Control File System...
Jun  7 09:25:51 ubuntu kernel: [    0.000000]   node   0: [mem 0x0000000050000000-0x000000007fffffff]
Jun  7 09:25:51 ubuntu kernel: [    0.000000]   node   0: [mem 0x0000002080000000-0x00000027ffffffff]
Jun  7 09:25:51 ubuntu kernel: [    0.000000]   node   1: [mem 0x0000002800000000-0x0000002fffffffff]
Jun  7 09:25:51 ubuntu systemd[1]: Mounted Kernel Configuration File System.
Jun  7 09:25:51 ubuntu kernel: [    0.000000]   node   2: [mem 0x0000202000000000-0x00002027ffffffff]
Jun  7 09:25:51 ubuntu kernel: [    0.000000]   node   3: [mem 0x0000202800000000-0x0000202fffffffff]
Jun  7 09:25:51 ubuntu kernel: [    0.000000] Zeroed struct page in unavailable ranges: 814 pages
Jun  7 09:25:51 ubuntu kernel: [    0.000000] Initmem setup node 0 [mem 0x0000000000000000-0x00000027ffffffff]
Jun  7 09:25:51 ubuntu kernel: [    0.000000] On node 0 totalpages: 8387536
Jun  7 09:25:51 ubuntu systemd[1]: Mounted FUSE Control File System.
Jun  7 09:25:51 ubuntu kernel: [    0.000000]   DMA zone: 5120 pages used for memmap
Jun  7 09:25:51 ubuntu systemd[1]: Started Apply Kernel Variables.
Jun  7 09:25:51 ubuntu kernel: [    0.000000]   DMA zone: 0 pages reserved
Jun  7 09:25:51 ubuntu kernel: [    0.000000]   DMA zone: 261120 pages, LIFO batch:63
Jun  7 09:25:51 ubuntu kernel: [    0.000000]   DMA32 zone: 5120 pages used for memmap
Jun  7 09:25:51 ubuntu kernel: [    0.000000]   DMA32 zone: 262096 pages, LIFO batch:63
Jun  7 09:25:51 ubuntu systemd[1]: Started udev Kernel Device Manager.
Jun  7 09:25:51 ubuntu kernel: [    0.000000]   Normal zone: 153600 pages used for memmap
Jun  7 09:25:51 ubuntu kernel: [    0.000000]   Normal zone: 7864320 pages, LIFO batch:63
Jun  7 09:25:51 ubuntu kernel: [    0.000000] Initmem setup node 1 [mem 0x0000002800000000-0x0000002fffffffff]
Jun  7 09:25:51 ubuntu systemd[1]: Started Dispatch Password Requests to Console Directory Watch.
Jun  7 09:25:51 ubuntu kernel: [    0.000000] On node 1 totalpages: 8388608
Jun  7 09:25:51 ubuntu kernel: [    0.000000]   Normal zone: 163840 pages used for memmap
Jun  7 09:25:51 ubuntu kernel: [    0.000000]   Normal zone: 8388608 pages, LIFO batch:63
Jun  7 09:25:51 ubuntu systemd[1]: Reached target Local Encrypted Volumes.
Jun  7 09:25:51 ubuntu kernel: [    0.000000] Initmem setup node 2 [mem 0x0000202000000000-0x00002027ffffffff]
Jun  7 09:25:51 ubuntu kernel: [    0.000000] On node 2 totalpages: 8388608
Jun  7 09:25:51 ubuntu systemd[1]: Started Flush Journal to Persistent Storage.
Jun  7 09:25:51 ubuntu kernel: [    0.000000]   Normal zone: 163840 pages used for memmap
Jun  7 09:25:51 ubuntu kernel: [    0.000000]   Normal zone: 8388608 pages, LIFO batch:63
Jun  7 09:25:51 ubuntu kernel: [    0.000000] Initmem setup node 3 [mem 0x0000202800000000-0x0000202fffffffff]
Jun  7 09:25:51 ubuntu kernel: [    0.000000] On node 3 totalpages: 8388608
Jun  7 09:25:51 ubuntu kernel: [    0.000000]   Normal zone: 163840 pages used for memmap
Jun  7 09:25:51 ubuntu kernel: [    0.000000]   Normal zone: 8388608 pages, LIFO batch:63
Jun  7 09:25:51 ubuntu systemd[1]: Listening on Load/Save RF Kill Switch Status /dev/rfkill Watch.
Jun  7 09:25:51 ubuntu kernel: [    0.000000] psci: probing for conduit method from ACPI.
Jun  7 09:25:51 ubuntu kernel: [    0.000000] psci: PSCIv1.1 detected in firmware.
Jun  7 09:25:51 ubuntu kernel: [    0.000000] psci: Using standard PSCI v0.2 function IDs
Jun  7 09:25:51 ubuntu kernel: [    0.000000] psci: MIGRATE_INFO_TYPE not supported.
Jun  7 09:25:51 ubuntu systemd-udevd[1703]: link_config: autonegotiation is unset or enabled, the speed and duplex are not writable.
Jun  7 09:25:51 ubuntu kernel: [    0.000000] psci: SMC Calling Convention v1.1
Jun  7 09:25:51 ubuntu systemd-udevd[1621]: link_config: autonegotiation is unset or enabled, the speed and duplex are not writable.
Jun  7 09:25:51 ubuntu systemd-udevd[1725]: link_config: autonegotiation is unset or enabled, the speed and duplex are not writable.
Jun  7 09:25:51 ubuntu systemd-udevd[1672]: link_config: autonegotiation is unset or enabled, the speed and duplex are not writable.
Jun  7 09:25:51 ubuntu systemd-udevd[1548]: link_config: autonegotiation is unset or enabled, the speed and duplex are not writable.
Jun  7 09:25:51 ubuntu mtp-probe: checking bus 5, device 3: "/sys/devices/pci0000:7a/0000:7a:02.0/usb5/5-1/5-1.2"
Jun  7 09:25:51 ubuntu mtp-probe: checking bus 1, device 3: "/sys/devices/pci0000:7a/0000:7a:01.0/usb1/1-1/1-1.1"
Jun  7 09:25:51 ubuntu mtp-probe: bus: 5, device: 3 was not an MTP device
Jun  7 09:25:51 ubuntu mtp-probe: bus: 1, device: 3 was not an MTP device
Jun  7 09:25:51 ubuntu systemd[1]: Found device HW-SAS3508 EFI\x20System\x20Partition.
Jun  7 09:25:51 ubuntu systemd[1]: Starting File System Check on /dev/disk/by-uuid/71BE-99A8...
Jun  7 09:25:51 ubuntu kernel: [    0.000000] ACPI: NUMA: SRAT: PXM 0 -> MPIDR 0x80000 -> Node 0
Jun  7 09:25:51 ubuntu kernel: [    0.000000] ACPI: NUMA: SRAT: PXM 0 -> MPIDR 0x80100 -> Node 0
Jun  7 09:25:51 ubuntu systemd[1]: Started File System Check Daemon to report status.
Jun  7 09:25:51 ubuntu kernel: [    0.000000] ACPI: NUMA: SRAT: PXM 0 -> MPIDR 0x80200 -> Node 0
Jun  7 09:25:51 ubuntu kernel: [    0.000000] ACPI: NUMA: SRAT: PXM 0 -> MPIDR 0x80300 -> Node 0
Jun  7 09:25:51 ubuntu kernel: [    0.000000] ACPI: NUMA: SRAT: PXM 0 -> MPIDR 0x90000 -> Node 0
Jun  7 09:25:51 ubuntu kernel: [    0.000000] ACPI: NUMA: SRAT: PXM 0 -> MPIDR 0x90100 -> Node 0
Jun  7 09:25:51 ubuntu kernel: [    0.000000] ACPI: NUMA: SRAT: PXM 0 -> MPIDR 0x90200 -> Node 0
Jun  7 09:25:51 ubuntu systemd-fsck[1964]: fsck.fat 4.1 (2017-01-24)
Jun  7 09:25:51 ubuntu kernel: [    0.000000] ACPI: NUMA: SRAT: PXM 0 -> MPIDR 0x90300 -> Node 0
Jun  7 09:25:51 ubuntu kernel: [    0.000000] ACPI: NUMA: SRAT: PXM 0 -> MPIDR 0xa0000 -> Node 0
Jun  7 09:25:51 ubuntu kernel: [    0.000000] ACPI: NUMA: SRAT: PXM 0 -> MPIDR 0xa0100 -> Node 0
Jun  7 09:25:51 ubuntu kernel: [    0.000000] ACPI: NUMA: SRAT: PXM 0 -> MPIDR 0xa0200 -> Node 0
Jun  7 09:25:51 ubuntu systemd-fsck[1964]: /dev/sda1: 5 files, 35/65501 clusters
Jun  7 09:25:51 ubuntu kernel: [    0.000000] ACPI: NUMA: SRAT: PXM 0 -> MPIDR 0xa0300 -> Node 0
Jun  7 09:25:51 ubuntu kernel: [    0.000000] ACPI: NUMA: SRAT: PXM 0 -> MPIDR 0xb0000 -> Node 0
Jun  7 09:25:51 ubuntu kernel: [    0.000000] ACPI: NUMA: SRAT: PXM 0 -> MPIDR 0xb0100 -> Node 0
Jun  7 09:25:51 ubuntu systemd[1]: Started File System Check on /dev/disk/by-uuid/71BE-99A8.
Jun  7 09:25:51 ubuntu kernel: [    0.000000] ACPI: NUMA: SRAT: PXM 0 -> MPIDR 0xb0200 -> Node 0
Jun  7 09:25:51 ubuntu systemd[1]: Mounting /boot/efi...
Jun  7 09:25:51 ubuntu kernel: [    0.000000] ACPI: NUMA: SRAT: PXM 0 -> MPIDR 0xb0300 -> Node 0
Jun  7 09:25:51 ubuntu systemd[1]: Mounted /boot/efi.
Jun  7 09:25:51 ubuntu kernel: [    0.000000] ACPI: NUMA: SRAT: PXM 0 -> MPIDR 0xc0000 -> Node 0
Jun  7 09:25:51 ubuntu kernel: [    0.000000] ACPI: NUMA: SRAT: PXM 0 -> MPIDR 0xc0100 -> Node 0
Jun  7 09:25:51 ubuntu kernel: [    0.000000] ACPI: NUMA: SRAT: PXM 0 -> MPIDR 0xc0200 -> Node 0
Jun  7 09:25:51 ubuntu kernel: [    0.000000] ACPI: NUMA: SRAT: PXM 0 -> MPIDR 0xc0300 -> Node 0
Jun  7 09:25:51 ubuntu kernel: [    0.000000] ACPI: NUMA: SRAT: PXM 0 -> MPIDR 0xd0000 -> Node 0
Jun  7 09:25:51 ubuntu systemd[1]: Reached target Local File Systems.
Jun  7 09:25:51 ubuntu kernel: [    0.000000] ACPI: NUMA: SRAT: PXM 0 -> MPIDR 0xd0100 -> Node 0
Jun  7 09:25:51 ubuntu kernel: [    0.000000] ACPI: NUMA: SRAT: PXM 0 -> MPIDR 0xd0200 -> Node 0
Jun  7 09:25:51 ubuntu kernel: [    0.000000] ACPI: NUMA: SRAT: PXM 0 -> MPIDR 0xd0300 -> Node 0
Jun  7 09:25:51 ubuntu kernel: [    0.000000] ACPI: NUMA: SRAT: PXM 1 -> MPIDR 0x180000 -> Node 1
Jun  7 09:25:51 ubuntu kernel: [    0.000000] ACPI: NUMA: SRAT: PXM 1 -> MPIDR 0x180100 -> Node 1
Jun  7 09:25:51 ubuntu systemd[1]: Starting Clean up any mess left by 0dns-up...
Jun  7 09:25:51 ubuntu kernel: [    0.000000] ACPI: NUMA: SRAT: PXM 1 -> MPIDR 0x180200 -> Node 1
Jun  7 09:25:51 ubuntu kernel: [    0.000000] ACPI: NUMA: SRAT: PXM 1 -> MPIDR 0x180300 -> Node 1
Jun  7 09:25:51 ubuntu kernel: [    0.000000] ACPI: NUMA: SRAT: PXM 1 -> MPIDR 0x190000 -> Node 1
Jun  7 09:25:51 ubuntu systemd[1]: Starting Create Volatile Files and Directories...
Jun  7 09:25:51 ubuntu kernel: [    0.000000] ACPI: NUMA: SRAT: PXM 1 -> MPIDR 0x190100 -> Node 1
Jun  7 09:25:51 ubuntu kernel: [    0.000000] ACPI: NUMA: SRAT: PXM 1 -> MPIDR 0x190200 -> Node 1
Jun  7 09:25:51 ubuntu kernel: [    0.000000] ACPI: NUMA: SRAT: PXM 1 -> MPIDR 0x190300 -> Node 1
Jun  7 09:25:51 ubuntu kernel: [    0.000000] ACPI: NUMA: SRAT: PXM 1 -> MPIDR 0x1a0000 -> Node 1
Jun  7 09:25:51 ubuntu systemd[1]: Starting Set console font and keymap...
Jun  7 09:25:51 ubuntu kernel: [    0.000000] ACPI: NUMA: SRAT: PXM 1 -> MPIDR 0x1a0100 -> Node 1
Jun  7 09:25:51 ubuntu kernel: [    0.000000] ACPI: NUMA: SRAT: PXM 1 -> MPIDR 0x1a0200 -> Node 1
Jun  7 09:25:51 ubuntu systemd[1]: Starting Tell Plymouth To Write Out Runtime Data...
Jun  7 09:25:51 ubuntu kernel: [    0.000000] ACPI: NUMA: SRAT: PXM 1 -> MPIDR 0x1a0300 -> Node 1
Jun  7 09:25:51 ubuntu kernel: [    0.000000] ACPI: NUMA: SRAT: PXM 1 -> MPIDR 0x1b0000 -> Node 1
Jun  7 09:25:51 ubuntu kernel: [    0.000000] ACPI: NUMA: SRAT: PXM 1 -> MPIDR 0x1b0100 -> Node 1
Jun  7 09:25:51 ubuntu kernel: [    0.000000] ACPI: NUMA: SRAT: PXM 1 -> MPIDR 0x1b0200 -> Node 1
Jun  7 09:25:51 ubuntu kernel: [    0.000000] ACPI: NUMA: SRAT: PXM 1 -> MPIDR 0x1b0300 -> Node 1
Jun  7 09:25:51 ubuntu kernel: [    0.000000] ACPI: NUMA: SRAT: PXM 1 -> MPIDR 0x1c0000 -> Node 1
Jun  7 09:25:51 ubuntu systemd[1]: Starting ebtables ruleset management...
Jun  7 09:25:51 ubuntu kernel: [    0.000000] ACPI: NUMA: SRAT: PXM 1 -> MPIDR 0x1c0100 -> Node 1
Jun  7 09:25:51 ubuntu systemd[1]: Starting Enable support for additional executable binary formats...
Jun  7 09:25:51 ubuntu kernel: [    0.000000] ACPI: NUMA: SRAT: PXM 1 -> MPIDR 0x1c0200 -> Node 1
Jun  7 09:25:51 ubuntu kernel: [    0.000000] ACPI: NUMA: SRAT: PXM 1 -> MPIDR 0x1c0300 -> Node 1
Jun  7 09:25:51 ubuntu kernel: [    0.000000] ACPI: NUMA: SRAT: PXM 1 -> MPIDR 0x1d0000 -> Node 1
Jun  7 09:25:51 ubuntu kernel: [    0.000000] ACPI: NUMA: SRAT: PXM 1 -> MPIDR 0x1d0100 -> Node 1
Jun  7 09:25:51 ubuntu systemd[1]: Starting AppArmor initialization...
Jun  7 09:25:51 ubuntu kernel: [    0.000000] ACPI: NUMA: SRAT: PXM 1 -> MPIDR 0x1d0200 -> Node 1
Jun  7 09:25:51 ubuntu kernel: [    0.000000] ACPI: NUMA: SRAT: PXM 1 -> MPIDR 0x1d0300 -> Node 1
Jun  7 09:25:51 ubuntu kernel: [    0.000000] ACPI: NUMA: SRAT: PXM 2 -> MPIDR 0x280000 -> Node 2
Jun  7 09:25:51 ubuntu kernel: [    0.000000] ACPI: NUMA: SRAT: PXM 2 -> MPIDR 0x280100 -> Node 2
Jun  7 09:25:51 ubuntu systemd[1]: Starting QEMU KVM preparation - module, ksm, hugepages...
Jun  7 09:25:51 ubuntu kernel: [    0.000000] ACPI: NUMA: SRAT: PXM 2 -> MPIDR 0x280200 -> Node 2
Jun  7 09:25:51 ubuntu kernel: [    0.000000] ACPI: NUMA: SRAT: PXM 2 -> MPIDR 0x280300 -> Node 2
Jun  7 09:25:51 ubuntu kernel: [    0.000000] ACPI: NUMA: SRAT: PXM 2 -> MPIDR 0x290000 -> Node 2
Jun  7 09:25:51 ubuntu kernel: [    0.000000] ACPI: NUMA: SRAT: PXM 2 -> MPIDR 0x290100 -> Node 2
Jun  7 09:25:51 ubuntu systemd[1]: Started Set console font and keymap.
Jun  7 09:25:51 ubuntu kernel: [    0.000000] ACPI: NUMA: SRAT: PXM 2 -> MPIDR 0x290200 -> Node 2
Jun  7 09:25:51 ubuntu kernel: [    0.000000] ACPI: NUMA: SRAT: PXM 2 -> MPIDR 0x290300 -> Node 2
Jun  7 09:25:51 ubuntu kernel: [    0.000000] ACPI: NUMA: SRAT: PXM 2 -> MPIDR 0x2a0000 -> Node 2
Jun  7 09:25:51 ubuntu kernel: [    0.000000] ACPI: NUMA: SRAT: PXM 2 -> MPIDR 0x2a0100 -> Node 2
Jun  7 09:25:51 ubuntu systemd[1]: Started Tell Plymouth To Write Out Runtime Data.
Jun  7 09:25:51 ubuntu kernel: [    0.000000] ACPI: NUMA: SRAT: PXM 2 -> MPIDR 0x2a0200 -> Node 2
Jun  7 09:25:51 ubuntu kernel: [    0.000000] ACPI: NUMA: SRAT: PXM 2 -> MPIDR 0x2a0300 -> Node 2
Jun  7 09:25:51 ubuntu kernel: [    0.000000] ACPI: NUMA: SRAT: PXM 2 -> MPIDR 0x2b0000 -> Node 2
Jun  7 09:25:51 ubuntu systemd[1]: Started QEMU KVM preparation - module, ksm, hugepages.
Jun  7 09:25:51 ubuntu kernel: [    0.000000] ACPI: NUMA: SRAT: PXM 2 -> MPIDR 0x2b0100 -> Node 2
Jun  7 09:25:51 ubuntu kernel: [    0.000000] ACPI: NUMA: SRAT: PXM 2 -> MPIDR 0x2b0200 -> Node 2
Jun  7 09:25:51 ubuntu kernel: [    0.000000] ACPI: NUMA: SRAT: PXM 2 -> MPIDR 0x2b0300 -> Node 2
Jun  7 09:25:51 ubuntu kernel: [    0.000000] ACPI: NUMA: SRAT: PXM 2 -> MPIDR 0x2c0000 -> Node 2
Jun  7 09:25:51 ubuntu kernel: [    0.000000] ACPI: NUMA: SRAT: PXM 2 -> MPIDR 0x2c0100 -> Node 2
Jun  7 09:25:51 ubuntu systemd[1]: proc-sys-fs-binfmt_misc.automount: Got automount request for /proc/sys/fs/binfmt_misc, triggered by 2032 (update-binfmts)
Jun  7 09:25:51 ubuntu kernel: [    0.000000] ACPI: NUMA: SRAT: PXM 2 -> MPIDR 0x2c0200 -> Node 2
Jun  7 09:25:51 ubuntu kernel: [    0.000000] ACPI: NUMA: SRAT: PXM 2 -> MPIDR 0x2c0300 -> Node 2
Jun  7 09:25:51 ubuntu kernel: [    0.000000] ACPI: NUMA: SRAT: PXM 2 -> MPIDR 0x2d0000 -> Node 2
Jun  7 09:25:51 ubuntu kernel: [    0.000000] ACPI: NUMA: SRAT: PXM 2 -> MPIDR 0x2d0100 -> Node 2
Jun  7 09:25:51 ubuntu systemd[1]: Mounting Arbitrary Executable File Formats File System...
Jun  7 09:25:51 ubuntu kernel: [    0.000000] ACPI: NUMA: SRAT: PXM 2 -> MPIDR 0x2d0200 -> Node 2
Jun  7 09:25:51 ubuntu kernel: [    0.000000] ACPI: NUMA: SRAT: PXM 2 -> MPIDR 0x2d0300 -> Node 2
Jun  7 09:25:51 ubuntu kernel: [    0.000000] ACPI: NUMA: SRAT: PXM 3 -> MPIDR 0x380000 -> Node 3
Jun  7 09:25:51 ubuntu kernel: [    0.000000] ACPI: NUMA: SRAT: PXM 3 -> MPIDR 0x380100 -> Node 3
Jun  7 09:25:51 ubuntu kernel: [    0.000000] ACPI: NUMA: SRAT: PXM 3 -> MPIDR 0x380200 -> Node 3
Jun  7 09:25:51 ubuntu kernel: [    0.000000] ACPI: NUMA: SRAT: PXM 3 -> MPIDR 0x380300 -> Node 3
Jun  7 09:25:51 ubuntu systemd[1]: Mounted Arbitrary Executable File Formats File System.
Jun  7 09:25:51 ubuntu kernel: [    0.000000] ACPI: NUMA: SRAT: PXM 3 -> MPIDR 0x390000 -> Node 3
Jun  7 09:25:51 ubuntu kernel: [    0.000000] ACPI: NUMA: SRAT: PXM 3 -> MPIDR 0x390100 -> Node 3
Jun  7 09:25:51 ubuntu kernel: [    0.000000] ACPI: NUMA: SRAT: PXM 3 -> MPIDR 0x390200 -> Node 3
Jun  7 09:25:51 ubuntu kernel: [    0.000000] ACPI: NUMA: SRAT: PXM 3 -> MPIDR 0x390300 -> Node 3
Jun  7 09:25:51 ubuntu systemd[1]: Started ebtables ruleset management.
Jun  7 09:25:51 ubuntu kernel: [    0.000000] ACPI: NUMA: SRAT: PXM 3 -> MPIDR 0x3a0000 -> Node 3
Jun  7 09:25:51 ubuntu systemd[1]: Started Enable support for additional executable binary formats.
Jun  7 09:25:51 ubuntu kernel: [    0.000000] ACPI: NUMA: SRAT: PXM 3 -> MPIDR 0x3a0100 -> Node 3
Jun  7 09:25:51 ubuntu kernel: [    0.000000] ACPI: NUMA: SRAT: PXM 3 -> MPIDR 0x3a0200 -> Node 3
Jun  7 09:25:51 ubuntu kernel: [    0.000000] ACPI: NUMA: SRAT: PXM 3 -> MPIDR 0x3a0300 -> Node 3
Jun  7 09:25:51 ubuntu kernel: [    0.000000] ACPI: NUMA: SRAT: PXM 3 -> MPIDR 0x3b0000 -> Node 3
Jun  7 09:25:51 ubuntu kernel: [    0.000000] ACPI: NUMA: SRAT: PXM 3 -> MPIDR 0x3b0100 -> Node 3
Jun  7 09:25:51 ubuntu systemd[1]: Reached target Network (Pre).
Jun  7 09:25:51 ubuntu kernel: [    0.000000] ACPI: NUMA: SRAT: PXM 3 -> MPIDR 0x3b0200 -> Node 3
Jun  7 09:25:51 ubuntu kernel: [    0.000000] ACPI: NUMA: SRAT: PXM 3 -> MPIDR 0x3b0300 -> Node 3
Jun  7 09:25:51 ubuntu kernel: [    0.000000] ACPI: NUMA: SRAT: PXM 3 -> MPIDR 0x3c0000 -> Node 3
Jun  7 09:25:51 ubuntu kernel: [    0.000000] ACPI: NUMA: SRAT: PXM 3 -> MPIDR 0x3c0100 -> Node 3
Jun  7 09:25:51 ubuntu apparmor[2036]:  * Starting AppArmor profiles
Jun  7 09:25:51 ubuntu kernel: [    0.000000] ACPI: NUMA: SRAT: PXM 3 -> MPIDR 0x3c0200 -> Node 3
Jun  7 09:25:51 ubuntu kernel: [    0.000000] ACPI: NUMA: SRAT: PXM 3 -> MPIDR 0x3c0300 -> Node 3
Jun  7 09:25:51 ubuntu kernel: [    0.000000] ACPI: NUMA: SRAT: PXM 3 -> MPIDR 0x3d0000 -> Node 3
Jun  7 09:25:51 ubuntu kernel: [    0.000000] ACPI: NUMA: SRAT: PXM 3 -> MPIDR 0x3d0100 -> Node 3
Jun  7 09:25:51 ubuntu apparmor[2036]: Skipping profile in /etc/apparmor.d/disable: usr.bin.firefox
Jun  7 09:25:51 ubuntu kernel: [    0.000000] ACPI: NUMA: SRAT: PXM 3 -> MPIDR 0x3d0200 -> Node 3
Jun  7 09:25:51 ubuntu kernel: [    0.000000] ACPI: NUMA: SRAT: PXM 3 -> MPIDR 0x3d0300 -> Node 3
Jun  7 09:25:51 ubuntu kernel: [    0.000000] percpu: Embedded 33 pages/cpu s94616 r8192 d32360 u135168
Jun  7 09:25:51 ubuntu apparmor[2036]: Skipping profile in /etc/apparmor.d/disable: usr.sbin.rsyslogd
Jun  7 09:25:51 ubuntu kernel: [    0.000000] pcpu-alloc: s94616 r8192 d32360 u135168 alloc=33*4096
Jun  7 09:25:51 ubuntu kernel: [    0.000000] pcpu-alloc: [0] 00 [0] 01 [0] 02 [0] 03 [0] 04 [0] 05 [0] 06 [0] 07 
Jun  7 09:25:51 ubuntu kernel: [    0.000000] pcpu-alloc: [0] 08 [0] 09 [0] 10 [0] 11 [0] 12 [0] 13 [0] 14 [0] 15 
Jun  7 09:25:51 ubuntu kernel: [    0.000000] pcpu-alloc: [0] 16 [0] 17 [0] 18 [0] 19 [0] 20 [0] 21 [0] 22 [0] 23 
Jun  7 09:25:51 ubuntu systemd[1]: Started Clean up any mess left by 0dns-up.
Jun  7 09:25:51 ubuntu kernel: [    0.000000] pcpu-alloc: [1] 24 [1] 25 [1] 26 [1] 27 [1] 28 [1] 29 [1] 30 [1] 31 
Jun  7 09:25:51 ubuntu kernel: [    0.000000] pcpu-alloc: [1] 32 [1] 33 [1] 34 [1] 35 [1] 36 [1] 37 [1] 38 [1] 39 
Jun  7 09:25:51 ubuntu kernel: [    0.000000] pcpu-alloc: [1] 40 [1] 41 [1] 42 [1] 43 [1] 44 [1] 45 [1] 46 [1] 47 
Jun  7 09:25:51 ubuntu systemd[1]: Starting Network Service...
Jun  7 09:25:51 ubuntu kernel: [    0.000000] pcpu-alloc: [2] 48 [2] 49 [2] 50 [2] 51 [2] 52 [2] 53 [2] 54 [2] 55 
Jun  7 09:25:51 ubuntu kernel: [    0.000000] pcpu-alloc: [2] 56 [2] 57 [2] 58 [2] 59 [2] 60 [2] 61 [2] 62 [2] 63 
Jun  7 09:25:51 ubuntu kernel: [    0.000000] pcpu-alloc: [2] 64 [2] 65 [2] 66 [2] 67 [2] 68 [2] 69 [2] 70 [2] 71 
Jun  7 09:25:51 ubuntu systemd[1]: Started Create Volatile Files and Directories.
Jun  7 09:25:51 ubuntu kernel: [    0.000000] pcpu-alloc: [3] 72 [3] 73 [3] 74 [3] 75 [3] 76 [3] 77 [3] 78 [3] 79 
Jun  7 09:25:51 ubuntu kernel: [    0.000000] pcpu-alloc: [3] 80 [3] 81 [3] 82 [3] 83 [3] 84 [3] 85 [3] 86 [3] 87 
Jun  7 09:25:51 ubuntu kernel: [    0.000000] pcpu-alloc: [3] 88 [3] 89 [3] 90 [3] 91 [3] 92 [3] 93 [3] 94 [3] 95 
Jun  7 09:25:51 ubuntu kernel: [    0.000000] Detected VIPT I-cache on CPU0
Jun  7 09:25:51 ubuntu systemd[1]: Starting Update UTMP about System Boot/Shutdown...
Jun  7 09:25:51 ubuntu kernel: [    0.000000] CPU features: detected: GIC system register CPU interface
Jun  7 09:25:51 ubuntu kernel: [    0.000000] CPU features: detected: Virtualization Host Extensions
Jun  7 09:25:51 ubuntu systemd[1]: Starting Network Time Synchronization...
Jun  7 09:25:51 ubuntu systemd[1]: Started Update UTMP about System Boot/Shutdown.
Jun  7 09:25:51 ubuntu apparmor[2036]:    ...done.
Jun  7 09:25:51 ubuntu systemd[1]: Started AppArmor initialization.
Jun  7 09:25:51 ubuntu systemd[1]: Starting Raise network interfaces...
Jun  7 09:25:51 ubuntu systemd[1]: Starting Load AppArmor profiles managed internally by snapd...
Jun  7 09:25:51 ubuntu systemd-networkd[2175]: br0: netdev ready
Jun  7 09:25:51 ubuntu systemd-networkd[2175]: Enumeration completed
Jun  7 09:25:51 ubuntu systemd[1]: Started Network Service.
Jun  7 09:25:51 ubuntu systemd-networkd[2175]: enp125s0f1: IPv6 successfully enabled
Jun  7 09:25:51 ubuntu systemd-networkd[2175]: enp125s0f3: Link is not managed by us
Jun  7 09:25:51 ubuntu systemd-networkd[2175]: enp125s0f2: Link is not managed by us
Jun  7 09:25:51 ubuntu kernel: [    0.000000] CPU features: detected: Hardware dirty bit management
Jun  7 09:25:51 ubuntu systemd-networkd[2175]: br0: Link is not managed by us
Jun  7 09:25:51 ubuntu kernel: [    0.000000] alternatives: patching kernel code
Jun  7 09:25:51 ubuntu kernel: [    0.000000] Built 4 zonelists, mobility grouping on.  Total pages: 32898000
Jun  7 09:25:51 ubuntu systemd-networkd[2175]: lo: Link is not managed by us
Jun  7 09:25:51 ubuntu kernel: [    0.000000] Policy zone: Normal
Jun  7 09:25:51 ubuntu kernel: [    0.000000] Kernel command line: BOOT_IMAGE=/boot/vmlinuz-5.7.1 root=UUID=87f15ea3-75f7-4c9d-add6-30cc3fc19001 ro text
Jun  7 09:25:51 ubuntu kernel: [    0.000000] printk: log_buf_len individual max cpu contribution: 4096 bytes
Jun  7 09:25:51 ubuntu kernel: [    0.000000] printk: log_buf_len total cpu_extra contributions: 389120 bytes
Jun  7 09:25:51 ubuntu systemd-networkd[2175]: enp125s0f0: Link is not managed by us
Jun  7 09:25:51 ubuntu kernel: [    0.000000] printk: log_buf_len min size: 262144 bytes
Jun  7 09:25:51 ubuntu kernel: [    0.000000] printk: log_buf_len: 1048576 bytes
Jun  7 09:25:51 ubuntu kernel: [    0.000000] printk: early log buf free: 245792(93%)
Jun  7 09:25:51 ubuntu kernel: [    0.000000] mem auto-init: stack:off, heap alloc:on, heap free:off
Jun  7 09:25:51 ubuntu kernel: [    0.000000] software IO TLB: mapped [mem 0x3b030000-0x3f030000] (64MB)
Jun  7 09:25:51 ubuntu systemd-networkd[2175]: enp125s0f1: Link UP
Jun  7 09:25:51 ubuntu kernel: [    0.000000] Memory: 130842212K/134213440K available (14140K kernel code, 2356K rwdata, 6880K rodata, 7040K init, 1134K bss, 3338460K reserved, 32768K cma-reserved)
Jun  7 09:25:51 ubuntu kernel: [    0.000000] random: get_random_u64 called from __kmem_cache_create+0x5c/0x5d8 with crng_init=0
Jun  7 09:25:51 ubuntu kernel: [    0.000000] SLUB: HWalign=64, Order=0-3, MinObjects=0, CPUs=96, Nodes=4
Jun  7 09:25:51 ubuntu systemd-udevd[2217]: link_config: autonegotiation is unset or enabled, the speed and duplex are not writable.
Jun  7 09:25:51 ubuntu kernel: [    0.000000] ftrace: allocating 46050 entries in 180 pages
Jun  7 09:25:51 ubuntu kernel: [    0.000000] ftrace: allocated 180 pages with 4 groups
Jun  7 09:25:51 ubuntu kernel: [    0.000000] rcu: Hierarchical RCU implementation.
Jun  7 09:25:51 ubuntu systemd[1]: Started Network Time Synchronization.
Jun  7 09:25:51 ubuntu kernel: [    0.000000] rcu: 	RCU restricting CPUs from NR_CPUS=256 to nr_cpu_ids=96.
Jun  7 09:25:51 ubuntu kernel: [    0.000000] 	Tasks RCU enabled.
Jun  7 09:25:51 ubuntu systemd[1]: Reached target System Time Synchronized.
Jun  7 09:25:51 ubuntu kernel: [    0.000000] rcu: RCU calculated value of scheduler-enlistment delay is 25 jiffies.
Jun  7 09:25:51 ubuntu snapd-apparmor[2215]: find: ‘/var/lib/snapd/apparmor/profiles/’: No such file or directory
Jun  7 09:25:51 ubuntu kernel: [    0.000000] rcu: Adjusting geometry for rcu_fanout_leaf=16, nr_cpu_ids=96
Jun  7 09:25:51 ubuntu systemd[1]: Starting Network Name Resolution...
Jun  7 09:25:51 ubuntu kernel: [    0.000000] NR_IRQS: 64, nr_irqs: 64, preallocated irqs: 0
Jun  7 09:25:51 ubuntu kernel: [    0.000000] GICv3: GIC: Using split EOI/Deactivate mode
Jun  7 09:25:51 ubuntu kernel: [    0.000000] GICv3: 640 SPIs implemented
Jun  7 09:25:51 ubuntu kernel: [    0.000000] GICv3: 0 Extended SPIs implemented
Jun  7 09:25:51 ubuntu kernel: [    0.000000] GICv3: Distributor has no Range Selector support
Jun  7 09:25:51 ubuntu systemd[1]: Starting Wait for Network to be Configured...
Jun  7 09:25:51 ubuntu kernel: [    0.000000] GICv3: 16 PPIs implemented
Jun  7 09:25:51 ubuntu systemd[1]: Started Load AppArmor profiles managed internally by snapd.
Jun  7 09:25:51 ubuntu kernel: [    0.000000] GICv3: GICv4 features: DirectLPI 
Jun  7 09:25:51 ubuntu kernel: [    0.000000] GICv3: CPU0: found redistributor 80000 region 0:0x00000000ae100000
Jun  7 09:25:51 ubuntu kernel: [    0.000000] SRAT: PXM 0 -> ITS 0 -> Node 0
Jun  7 09:25:51 ubuntu systemd[1]: Reached target System Initialization.
Jun  7 09:25:51 ubuntu kernel: [    0.000000] SRAT: PXM 2 -> ITS 1 -> Node 2
Jun  7 09:25:51 ubuntu kernel: [    0.000000] ITS [mem 0x202100000-0x20211ffff]
Jun  7 09:25:51 ubuntu systemd[1]: Listening on Virtual machine log manager socket.
Jun  7 09:25:51 ubuntu kernel: [    0.000000] ITS@0x0000000202100000: Using ITS number 0
Jun  7 09:25:51 ubuntu kernel: [    0.000000] ITS@0x0000000202100000: allocated 65536 Devices @27ffb80000 (flat, esz 8, psz 16K, shr 1)
Jun  7 09:25:51 ubuntu kernel: [    0.000000] ITS@0x0000000202100000: allocated 65536 Virtual CPUs @27ff000000 (flat, esz 16, psz 4K, shr 1)
Jun  7 09:25:51 ubuntu systemd[1]: Listening on Open-iSCSI iscsid Socket.
Jun  7 09:25:51 ubuntu kernel: [    0.000000] ITS@0x0000000202100000: allocated 256 Interrupt Collections @27ffb10000 (flat, esz 16, psz 4K, shr 1)
Jun  7 09:25:51 ubuntu kernel: [    0.000000] ITS [mem 0x200202100000-0x20020211ffff]
Jun  7 09:25:51 ubuntu kernel: [    0.000000] ITS@0x0000200202100000: Using ITS number 1
Jun  7 09:25:51 ubuntu systemd[1]: Listening on CUPS Scheduler.
Jun  7 09:25:51 ubuntu kernel: [    0.000000] ITS@0x0000200202100000: allocated 65536 Devices @2027ff880000 (flat, esz 8, psz 16K, shr 1)
Jun  7 09:25:51 ubuntu kernel: [    0.000000] ITS@0x0000200202100000: allocated 65536 Virtual CPUs @2027ff900000 (flat, esz 16, psz 4K, shr 1)
Jun  7 09:25:51 ubuntu systemd[1]: Listening on ACPID Listen Socket.
Jun  7 09:25:51 ubuntu kernel: [    0.000000] ITS@0x0000200202100000: allocated 256 Interrupt Collections @2027ff801000 (flat, esz 16, psz 4K, shr 1)
Jun  7 09:25:51 ubuntu kernel: [    0.000000] GICv3: using LPI property table @0x00000027ffb20000
Jun  7 09:25:51 ubuntu kernel: [    0.000000] ITS: Using DirectLPI for VPE invalidation
Jun  7 09:25:51 ubuntu kernel: [    0.000000] ITS: Enabling GICv4 support
Jun  7 09:25:51 ubuntu systemd[1]: Started Daily Cleanup of Temporary Directories.
Jun  7 09:25:51 ubuntu kernel: [    0.000000] GICv3: CPU0: using allocated LPI pending table @0x00000027ffb30000
Jun  7 09:25:51 ubuntu kernel: [    0.000000] arch_timer: cp15 timer(s) running at 100.00MHz (phys).
Jun  7 09:25:51 ubuntu systemd[1]: Started Discard unused blocks once a week.
Jun  7 09:25:51 ubuntu kernel: [    0.000000] clocksource: arch_sys_counter: mask: 0xffffffffffffff max_cycles: 0x171024e7e0, max_idle_ns: 440795205315 ns
Jun  7 09:25:51 ubuntu kernel: [    0.000001] sched_clock: 56 bits at 100MHz, resolution 10ns, wraps every 4398046511100ns
Jun  7 09:25:51 ubuntu kernel: [    0.000114] Console: colour dummy device 80x25
Jun  7 09:25:51 ubuntu systemd[1]: Listening on D-Bus System Message Bus Socket.
Jun  7 09:25:51 ubuntu kernel: [    0.000443] printk: console [tty0] enabled
Jun  7 09:25:51 ubuntu systemd[1]: Listening on UUID daemon activation socket.
Jun  7 09:25:51 ubuntu kernel: [    0.000506] mempolicy: Enabling automatic NUMA balancing. Configure with numa_balancing= or the kernel.numa_balancing sysctl
Jun  7 09:25:51 ubuntu kernel: [    0.000521] ACPI: Core revision 20200326
Jun  7 09:25:51 ubuntu kernel: [    0.000720] Calibrating delay loop (skipped), value calculated using timer frequency.. 200.00 BogoMIPS (lpj=400000)
Jun  7 09:25:51 ubuntu kernel: [    0.000724] pid_max: default: 98304 minimum: 768
Jun  7 09:25:51 ubuntu kernel: [    0.000802] LSM: Security Framework initializing
Jun  7 09:25:51 ubuntu kernel: [    0.000808] Yama: becoming mindful.
Jun  7 09:25:51 ubuntu systemd[1]: Started CUPS Scheduler.
Jun  7 09:25:51 ubuntu kernel: [    0.000842] AppArmor: AppArmor initialized
Jun  7 09:25:51 ubuntu kernel: [    0.013029] Dentry cache hash table entries: 8388608 (order: 14, 67108864 bytes, vmalloc)
Jun  7 09:25:51 ubuntu kernel: [    0.019084] Inode-cache hash table entries: 4194304 (order: 13, 33554432 bytes, vmalloc)
Jun  7 09:25:51 ubuntu kernel: [    0.019337] Mount-cache hash table entries: 131072 (order: 8, 1048576 bytes, vmalloc)
Jun  7 09:25:51 ubuntu kernel: [    0.019532] Mountpoint-cache hash table entries: 131072 (order: 8, 1048576 bytes, vmalloc)
Jun  7 09:25:51 ubuntu systemd-networkd[2175]: br0: IPv6 successfully enabled
Jun  7 09:25:51 ubuntu kernel: [    0.021952] rcu: Hierarchical SRCU implementation.
Jun  7 09:25:51 ubuntu kernel: [    0.022402] Platform MSI: ITS@0x202100000 domain created
Jun  7 09:25:51 ubuntu kernel: [    0.022406] Platform MSI: ITS@0x200202100000 domain created
Jun  7 09:25:51 ubuntu kernel: [    0.022412] PCI/MSI: ITS@0x202100000 domain created
Jun  7 09:25:51 ubuntu kernel: [    0.022415] PCI/MSI: ITS@0x200202100000 domain created
Jun  7 09:25:51 ubuntu systemd-networkd[2175]: enp125s0f3: Link is not managed by us
Jun  7 09:25:51 ubuntu kernel: [    0.022429] Remapping and enabling EFI services.
Jun  7 09:25:51 ubuntu kernel: [    0.022634] efi: memattr: Entry attributes invalid: RO and XP bits both cleared
Jun  7 09:25:51 ubuntu kernel: [    0.022640] efi: memattr: ! 0x000000000000-0x00000000ffff [Runtime Code       |RUN|  |  |  |  |  |  |  |   |  |  |  |  ]
Jun  7 09:25:51 ubuntu systemd-networkd[2175]: enp125s0f2: Link is not managed by us
Jun  7 09:25:51 ubuntu kernel: [    0.023777] smp: Bringing up secondary CPUs ...
Jun  7 09:25:51 ubuntu systemd-networkd[2175]: lo: Link is not managed by us
Jun  7 09:25:51 ubuntu kernel: [    0.053614] Detected VIPT I-cache on CPU1
Jun  7 09:25:51 ubuntu kernel: [    0.053621] GICv3: CPU1: found redistributor 80100 region 1:0x00000000ae140000
Jun  7 09:25:51 ubuntu kernel: [    0.053638] GICv3: CPU1: using allocated LPI pending table @0x00000027ffb40000
Jun  7 09:25:51 ubuntu systemd-networkd[2175]: enp125s0f0: Link UP
Jun  7 09:25:51 ubuntu kernel: [    0.053674] CPU1: Booted secondary processor 0x0000080100 [0x481fd010]
Jun  7 09:25:51 ubuntu systemd[1]: Starting LXD - unix socket.
Jun  7 09:25:51 ubuntu kernel: [    0.086158] Detected VIPT I-cache on CPU2
Jun  7 09:25:51 ubuntu kernel: [    0.086162] GICv3: CPU2: found redistributor 80200 region 2:0x00000000ae180000
Jun  7 09:25:51 ubuntu systemd[1]: Started ACPI Events Check.
Jun  7 09:25:51 ubuntu kernel: [    0.086173] GICv3: CPU2: using allocated LPI pending table @0x00000027ffb50000
Jun  7 09:25:51 ubuntu kernel: [    0.086206] CPU2: Booted secondary processor 0x0000080200 [0x481fd010]
Jun  7 09:25:51 ubuntu kernel: [    0.118708] Detected VIPT I-cache on CPU3
Jun  7 09:25:51 ubuntu systemd[1]: Started Trigger anacron every hour.
Jun  7 09:25:51 ubuntu kernel: [    0.118712] GICv3: CPU3: found redistributor 80300 region 3:0x00000000ae1c0000
Jun  7 09:25:51 ubuntu kernel: [    0.118726] GICv3: CPU3: using allocated LPI pending table @0x00000027ffb60000
Jun  7 09:25:51 ubuntu kernel: [    0.118757] CPU3: Booted secondary processor 0x0000080300 [0x481fd010]
Jun  7 09:25:51 ubuntu kernel: [    0.151438] Detected VIPT I-cache on CPU4
Jun  7 09:25:51 ubuntu systemd-resolved[2238]: Positive Trust Anchors:
Jun  7 09:25:51 ubuntu kernel: [    0.151446] GICv3: CPU4: found redistributor 90000 region 4:0x00000000ae200000
Jun  7 09:25:51 ubuntu kernel: [    0.151467] GICv3: CPU4: using allocated LPI pending table @0x00000027ffb70000
Jun  7 09:25:51 ubuntu kernel: [    0.151504] CPU4: Booted secondary processor 0x0000090000 [0x481fd010]
Jun  7 09:25:51 ubuntu kernel: [    0.184155] Detected VIPT I-cache on CPU5
Jun  7 09:25:51 ubuntu kernel: [    0.184160] GICv3: CPU5: found redistributor 90100 region 5:0x00000000ae240000
Jun  7 09:25:51 ubuntu systemd-resolved[2238]: . IN DS 19036 8 2 49aac11d7b6f6446702e54a1607371607a1a41855200fd2ce1cdde32f24e8fb5
Jun  7 09:25:51 ubuntu kernel: [    0.184174] GICv3: CPU5: using allocated LPI pending table @0x00000027ff100000
Jun  7 09:25:51 ubuntu kernel: [    0.184205] CPU5: Booted secondary processor 0x0000090100 [0x481fd010]
Jun  7 09:25:51 ubuntu kernel: [    0.216878] Detected VIPT I-cache on CPU6
Jun  7 09:25:51 ubuntu kernel: [    0.216883] GICv3: CPU6: found redistributor 90200 region 6:0x00000000ae280000
Jun  7 09:25:51 ubuntu kernel: [    0.216898] GICv3: CPU6: using allocated LPI pending table @0x00000027ff110000
Jun  7 09:25:51 ubuntu systemd-resolved[2238]: . IN DS 20326 8 2 e06d44b80b8f1d39a95c0b0d7c65d08458e880409bbc683457104237c7f8ec8d
Jun  7 09:25:51 ubuntu kernel: [    0.216930] CPU6: Booted secondary processor 0x0000090200 [0x481fd010]
Jun  7 09:25:51 ubuntu kernel: [    0.249603] Detected VIPT I-cache on CPU7
Jun  7 09:25:51 ubuntu kernel: [    0.249608] GICv3: CPU7: found redistributor 90300 region 7:0x00000000ae2c0000
Jun  7 09:25:51 ubuntu kernel: [    0.249621] GICv3: CPU7: using allocated LPI pending table @0x00000027ff120000
Jun  7 09:25:51 ubuntu systemd-resolved[2238]: Negative trust anchors: 10.in-addr.arpa 16.172.in-addr.arpa 17.172.in-addr.arpa 18.172.in-addr.arpa 19.172.in-addr.arpa 20.172.in-addr.arpa 21.172.in-addr.arpa 22.172.in-addr.arpa 23.172.in-addr.arpa 24.172.in-addr.arpa 25.172.in-addr.arpa 26.172.in-addr.arpa 27.172.in-addr.arpa 28.172.in-addr.arpa 29.172.in-addr.arpa 30.172.in-addr.arpa 31.172.in-addr.arpa 168.192.in-addr.arpa d.f.ip6.arpa corp home internal intranet lan local private test
Jun  7 09:25:51 ubuntu kernel: [    0.249652] CPU7: Booted secondary processor 0x0000090300 [0x481fd010]
Jun  7 09:25:51 ubuntu kernel: [    0.282503] Detected VIPT I-cache on CPU8
Jun  7 09:25:51 ubuntu kernel: [    0.282510] GICv3: CPU8: found redistributor a0000 region 8:0x00000000ae300000
Jun  7 09:25:51 ubuntu kernel: [    0.282526] GICv3: CPU8: using allocated LPI pending table @0x00000027ff130000
Jun  7 09:25:51 ubuntu kernel: [    0.282562] CPU8: Booted secondary processor 0x00000a0000 [0x481fd010]
Jun  7 09:25:51 ubuntu systemd-resolved[2238]: Using system hostname 'ubuntu'.
Jun  7 09:25:51 ubuntu kernel: [    0.315397] Detected VIPT I-cache on CPU9
Jun  7 09:25:51 ubuntu kernel: [    0.315403] GICv3: CPU9: found redistributor a0100 region 9:0x00000000ae340000
Jun  7 09:25:51 ubuntu kernel: [    0.315415] GICv3: CPU9: using allocated LPI pending table @0x00000027ff140000
Jun  7 09:25:51 ubuntu kernel: [    0.315446] CPU9: Booted secondary processor 0x00000a0100 [0x481fd010]
Jun  7 09:25:51 ubuntu kernel: [    0.348294] Detected VIPT I-cache on CPU10
Jun  7 09:25:51 ubuntu systemd[1]: Reached target Paths.
Jun  7 09:25:51 ubuntu systemd[1]: Started Message of the Day.
Jun  7 09:25:51 ubuntu systemd[1]: Starting Socket activation for snappy daemon.
Jun  7 09:25:51 ubuntu systemd[1]: Listening on Virtual machine lock manager socket.
Jun  7 09:25:51 ubuntu systemd[1]: Listening on Avahi mDNS/DNS-SD Stack Activation Socket.
Jun  7 09:25:51 ubuntu systemd[1]: Started Daily apt download activities.
Jun  7 09:25:51 ubuntu systemd[1]: Started Daily apt upgrade and clean activities.
Jun  7 09:25:51 ubuntu systemd[1]: Reached target Timers.
Jun  7 09:25:51 ubuntu systemd[1]: Started Network Name Resolution.
Jun  7 09:25:51 ubuntu systemd[1]: Listening on LXD - unix socket.
Jun  7 09:25:51 ubuntu systemd[1]: Listening on Socket activation for snappy daemon.
Jun  7 09:25:51 ubuntu systemd[1]: Reached target Sockets.
Jun  7 09:25:51 ubuntu systemd-networkd[2175]: br0: Link UP
Jun  7 09:25:51 ubuntu systemd[1]: Reached target Basic System.
Jun  7 09:25:51 ubuntu kernel: [    0.348299] GICv3: CPU10: found redistributor a0200 region 10:0x00000000ae380000
Jun  7 09:25:51 ubuntu kernel: [    0.348312] GICv3: CPU10: using allocated LPI pending table @0x00000027ff150000
Jun  7 09:25:51 ubuntu systemd[1]: Starting Modem Manager...
Jun  7 09:25:51 ubuntu kernel: [    0.348344] CPU10: Booted secondary processor 0x00000a0200 [0x481fd010]
Jun  7 09:25:51 ubuntu kernel: [    0.381192] Detected VIPT I-cache on CPU11
Jun  7 09:25:51 ubuntu kernel: [    0.381198] GICv3: CPU11: found redistributor a0300 region 11:0x00000000ae3c0000
Jun  7 09:25:51 ubuntu systemd[1]: Starting Disk Manager...
Jun  7 09:25:51 ubuntu kernel: [    0.381210] GICv3: CPU11: using allocated LPI pending table @0x00000027ff160000
Jun  7 09:25:51 ubuntu kernel: [    0.381242] CPU11: Booted secondary processor 0x00000a0300 [0x481fd010]
Jun  7 09:25:51 ubuntu kernel: [    0.414265] Detected VIPT I-cache on CPU12
Jun  7 09:25:51 ubuntu systemd[1]: Starting System Logging Service...
Jun  7 09:25:51 ubuntu kernel: [    0.414274] GICv3: CPU12: found redistributor b0000 region 12:0x00000000ae400000
Jun  7 09:25:51 ubuntu kernel: [    0.414292] GICv3: CPU12: using allocated LPI pending table @0x00000027ff170000
Jun  7 09:25:51 ubuntu systemd[1]: Starting LSB: Record successful boot for GRUB...
Jun  7 09:25:51 ubuntu kernel: [    0.414328] CPU12: Booted secondary processor 0x00000b0000 [0x481fd010]
Jun  7 09:25:51 ubuntu kernel: [    0.447333] Detected VIPT I-cache on CPU13
Jun  7 09:25:51 ubuntu kernel: [    0.447339] GICv3: CPU13: found redistributor b0100 region 13:0x00000000ae440000
Jun  7 09:25:51 ubuntu kernel: [    0.447352] GICv3: CPU13: using allocated LPI pending table @0x00000027ff180000
Jun  7 09:25:51 ubuntu kernel: [    0.447384] CPU13: Booted secondary processor 0x00000b0100 [0x481fd010]
Jun  7 09:25:51 ubuntu systemd[1]: Started Deferred execution scheduler.
Jun  7 09:25:51 ubuntu kernel: [    0.480404] Detected VIPT I-cache on CPU14
Jun  7 09:25:51 ubuntu kernel: [    0.480410] GICv3: CPU14: found redistributor b0200 region 14:0x00000000ae480000
Jun  7 09:25:51 ubuntu systemd[1]: Starting Snap Daemon...
Jun  7 09:25:51 ubuntu kernel: [    0.480423] GICv3: CPU14: using allocated LPI pending table @0x00000027ff190000
Jun  7 09:25:51 ubuntu kernel: [    0.480454] CPU14: Booted secondary processor 0x00000b0200 [0x481fd010]
Jun  7 09:25:51 ubuntu kernel: [    0.513474] Detected VIPT I-cache on CPU15
Jun  7 09:25:51 ubuntu kernel: [    0.513481] GICv3: CPU15: found redistributor b0300 region 15:0x00000000ae4c0000
Jun  7 09:25:51 ubuntu kernel: [    0.513493] GICv3: CPU15: using allocated LPI pending table @0x00000027ff1a0000
Jun  7 09:25:51 ubuntu systemd[1]: Started CUPS Scheduler.
Jun  7 09:25:51 ubuntu kernel: [    0.513525] CPU15: Booted secondary processor 0x00000b0300 [0x481fd010]
Jun  7 09:25:51 ubuntu kernel: [    0.546029] Detected VIPT I-cache on CPU16
Jun  7 09:25:51 ubuntu kernel: [    0.546037] GICv3: CPU16: found redistributor c0000 region 16:0x00000000ae500000
Jun  7 09:25:51 ubuntu kernel: [    0.546055] GICv3: CPU16: using allocated LPI pending table @0x00000027ff1b0000
Jun  7 09:25:51 ubuntu systemd[1]: Started Set the CPU Frequency Scaling governor.
Jun  7 09:25:51 ubuntu kernel: [    0.546091] CPU16: Booted secondary processor 0x00000c0000 [0x481fd010]
Jun  7 09:25:51 ubuntu kernel: [    0.578575] Detected VIPT I-cache on CPU17
Jun  7 09:25:51 ubuntu systemd[1]: Starting Restore /etc/resolv.conf if the system crashed before the ppp link was shut down...
Jun  7 09:25:51 ubuntu kernel: [    0.578582] GICv3: CPU17: found redistributor c0100 region 17:0x00000000ae540000
Jun  7 09:25:51 ubuntu kernel: [    0.578595] GICv3: CPU17: using allocated LPI pending table @0x00000027ff1c0000
Jun  7 09:25:51 ubuntu kernel: [    0.578627] CPU17: Booted secondary processor 0x00000c0100 [0x481fd010]
Jun  7 09:25:51 ubuntu kernel: [    0.611124] Detected VIPT I-cache on CPU18
Jun  7 09:25:51 ubuntu systemd[1]: Starting Accounts Service...
Jun  7 09:25:51 ubuntu kernel: [    0.611131] GICv3: CPU18: found redistributor c0200 region 18:0x00000000ae580000
Jun  7 09:25:51 ubuntu kernel: [    0.611144] GICv3: CPU18: using allocated LPI pending table @0x00000027ff1d0000
Jun  7 09:25:51 ubuntu kernel: [    0.611176] CPU18: Booted secondary processor 0x00000c0200 [0x481fd010]
Jun  7 09:25:51 ubuntu systemd[1]: Started D-Bus System Message Bus.
Jun  7 09:25:51 ubuntu kernel: [    0.643674] Detected VIPT I-cache on CPU19
Jun  7 09:25:51 ubuntu kernel: [    0.643681] GICv3: CPU19: found redistributor c0300 region 19:0x00000000ae5c0000
Jun  7 09:25:51 ubuntu rsyslogd: imuxsock: Acquired UNIX socket '/run/systemd/journal/syslog' (fd 3) from systemd.  [v8.32.0]
Jun  7 09:25:51 ubuntu kernel: [    0.643694] GICv3: CPU19: using allocated LPI pending table @0x00000027ff1e0000
Jun  7 09:25:51 ubuntu kernel: [    0.643727] CPU19: Booted secondary processor 0x00000c0300 [0x481fd010]
Jun  7 09:25:51 ubuntu kernel: [    0.676402] Detected VIPT I-cache on CPU20
Jun  7 09:25:51 ubuntu kernel: [    0.676411] GICv3: CPU20: found redistributor d0000 region 20:0x00000000ae600000
Jun  7 09:25:51 ubuntu rsyslogd: rsyslogd's groupid changed to 106
Jun  7 09:25:51 ubuntu kernel: [    0.676430] GICv3: CPU20: using allocated LPI pending table @0x00000027ff1f0000
Jun  7 09:25:51 ubuntu kernel: [    0.676467] CPU20: Booted secondary processor 0x00000d0000 [0x481fd010]
Jun  7 09:25:51 ubuntu kernel: [    0.709122] Detected VIPT I-cache on CPU21
Jun  7 09:25:51 ubuntu rsyslogd: rsyslogd's userid changed to 102
Jun  7 09:25:51 ubuntu kernel: [    0.709130] GICv3: CPU21: found redistributor d0100 region 21:0x00000000ae640000
Jun  7 09:25:51 ubuntu kernel: [    0.709144] GICv3: CPU21: using allocated LPI pending table @0x00000027ff200000
Jun  7 09:25:51 ubuntu kernel: [    0.709175] CPU21: Booted secondary processor 0x00000d0100 [0x481fd010]
Jun  7 09:25:51 ubuntu kernel: [    0.741845] Detected VIPT I-cache on CPU22
Jun  7 09:25:51 ubuntu rsyslogd:  [origin software="rsyslogd" swVersion="8.32.0" x-pid="2339" x-info="http://www.rsyslog.com"] start
Jun  7 09:25:51 ubuntu kernel: [    0.741853] GICv3: CPU22: found redistributor d0200 region 22:0x00000000ae680000
Jun  7 09:25:51 ubuntu kernel: [    0.741866] GICv3: CPU22: using allocated LPI pending table @0x00000027ff210000
Jun  7 09:25:51 ubuntu kernel: [    0.741899] CPU22: Booted secondary processor 0x00000d0200 [0x481fd010]
Jun  7 09:25:51 ubuntu kernel: [    0.774569] Detected VIPT I-cache on CPU23
Jun  7 09:25:51 ubuntu kernel: [    0.774576] GICv3: CPU23: found redistributor d0300 region 23:0x00000000ae6c0000
Jun  7 09:25:51 ubuntu kernel: [    0.774590] GICv3: CPU23: using allocated LPI pending table @0x00000027ff220000
Jun  7 09:25:51 ubuntu kernel: [    0.774621] CPU23: Booted secondary processor 0x00000d0300 [0x481fd010]
Jun  7 09:25:51 ubuntu kernel: [    0.807135] Detected VIPT I-cache on CPU24
Jun  7 09:25:51 ubuntu kernel: [    0.807151] GICv3: CPU24: found redistributor 180000 region 24:0x00000000aa100000
Jun  7 09:25:51 ubuntu kernel: [    0.807199] GICv3: CPU24: using allocated LPI pending table @0x00000027ff230000
Jun  7 09:25:51 ubuntu kernel: [    0.807245] CPU24: Booted secondary processor 0x0000180000 [0x481fd010]
Jun  7 09:25:51 ubuntu kernel: [    0.839671] Detected VIPT I-cache on CPU25
Jun  7 09:25:51 ubuntu kernel: [    0.839680] GICv3: CPU25: found redistributor 180100 region 25:0x00000000aa140000
Jun  7 09:25:51 ubuntu kernel: [    0.839696] GICv3: CPU25: using allocated LPI pending table @0x00000027ff240000
Jun  7 09:25:51 ubuntu kernel: [    0.839734] CPU25: Booted secondary processor 0x0000180100 [0x481fd010]
Jun  7 09:25:51 ubuntu kernel: [    0.872220] Detected VIPT I-cache on CPU26
Jun  7 09:25:51 ubuntu kernel: [    0.872230] GICv3: CPU26: found redistributor 180200 region 26:0x00000000aa180000
Jun  7 09:25:51 ubuntu kernel: [    0.872244] GICv3: CPU26: using allocated LPI pending table @0x00000027ff250000
Jun  7 09:25:51 ubuntu kernel: [    0.872282] CPU26: Booted secondary processor 0x0000180200 [0x481fd010]
Jun  7 09:25:51 ubuntu kernel: [    0.904771] Detected VIPT I-cache on CPU27
Jun  7 09:25:51 ubuntu kernel: [    0.904780] GICv3: CPU27: found redistributor 180300 region 27:0x00000000aa1c0000
Jun  7 09:25:51 ubuntu kernel: [    0.904795] GICv3: CPU27: using allocated LPI pending table @0x00000027ff260000
Jun  7 09:25:51 ubuntu kernel: [    0.904833] CPU27: Booted secondary processor 0x0000180300 [0x481fd010]
Jun  7 09:25:51 ubuntu kernel: [    0.937503] Detected VIPT I-cache on CPU28
Jun  7 09:25:51 ubuntu kernel: [    0.937517] GICv3: CPU28: found redistributor 190000 region 28:0x00000000aa200000
Jun  7 09:25:51 ubuntu kernel: [    0.937543] GICv3: CPU28: using allocated LPI pending table @0x00000027ff270000
Jun  7 09:25:51 ubuntu kernel: [    0.937590] CPU28: Booted secondary processor 0x0000190000 [0x481fd010]
Jun  7 09:25:51 ubuntu kernel: [    0.970218] Detected VIPT I-cache on CPU29
Jun  7 09:25:51 ubuntu kernel: [    0.970229] GICv3: CPU29: found redistributor 190100 region 29:0x00000000aa240000
Jun  7 09:25:51 ubuntu kernel: [    0.970244] GICv3: CPU29: using allocated LPI pending table @0x00000027ff280000
Jun  7 09:25:51 ubuntu kernel: [    0.970282] CPU29: Booted secondary processor 0x0000190100 [0x481fd010]
Jun  7 09:25:51 ubuntu kernel: [    1.002941] Detected VIPT I-cache on CPU30
Jun  7 09:25:51 ubuntu kernel: [    1.002952] GICv3: CPU30: found redistributor 190200 region 30:0x00000000aa280000
Jun  7 09:25:51 ubuntu kernel: [    1.002973] GICv3: CPU30: using allocated LPI pending table @0x00000027ff290000
Jun  7 09:25:51 ubuntu kernel: [    1.003011] CPU30: Booted secondary processor 0x0000190200 [0x481fd010]
Jun  7 09:25:51 ubuntu kernel: [    1.035665] Detected VIPT I-cache on CPU31
Jun  7 09:25:51 ubuntu kernel: [    1.035676] GICv3: CPU31: found redistributor 190300 region 31:0x00000000aa2c0000
Jun  7 09:25:51 ubuntu kernel: [    1.035693] GICv3: CPU31: using allocated LPI pending table @0x00000027ff2a0000
Jun  7 09:25:51 ubuntu kernel: [    1.035731] CPU31: Booted secondary processor 0x0000190300 [0x481fd010]
Jun  7 09:25:51 ubuntu kernel: [    1.068568] Detected VIPT I-cache on CPU32
Jun  7 09:25:51 ubuntu kernel: [    1.068582] GICv3: CPU32: found redistributor 1a0000 region 32:0x00000000aa300000
Jun  7 09:25:51 ubuntu kernel: [    1.068608] GICv3: CPU32: using allocated LPI pending table @0x00000027ff2b0000
Jun  7 09:25:51 ubuntu kernel: [    1.068651] CPU32: Booted secondary processor 0x00001a0000 [0x481fd010]
Jun  7 09:25:51 ubuntu kernel: [    1.101460] Detected VIPT I-cache on CPU33
Jun  7 09:25:51 ubuntu kernel: [    1.101471] GICv3: CPU33: found redistributor 1a0100 region 33:0x00000000aa340000
Jun  7 09:25:51 ubuntu kernel: [    1.101489] GICv3: CPU33: using allocated LPI pending table @0x00000027ff2c0000
Jun  7 09:25:51 ubuntu kernel: [    1.101527] CPU33: Booted secondary processor 0x00001a0100 [0x481fd010]
Jun  7 09:25:51 ubuntu kernel: [    1.134357] Detected VIPT I-cache on CPU34
Jun  7 09:25:51 ubuntu kernel: [    1.134368] GICv3: CPU34: found redistributor 1a0200 region 34:0x00000000aa380000
Jun  7 09:25:51 ubuntu kernel: [    1.134383] GICv3: CPU34: using allocated LPI pending table @0x00000027ff2d0000
Jun  7 09:25:51 ubuntu kernel: [    1.134422] CPU34: Booted secondary processor 0x00001a0200 [0x481fd010]
Jun  7 09:25:51 ubuntu kernel: [    1.167255] Detected VIPT I-cache on CPU35
Jun  7 09:25:51 ubuntu kernel: [    1.167266] GICv3: CPU35: found redistributor 1a0300 region 35:0x00000000aa3c0000
Jun  7 09:25:51 ubuntu kernel: [    1.167281] GICv3: CPU35: using allocated LPI pending table @0x00000027ff2e0000
Jun  7 09:25:51 ubuntu kernel: [    1.167319] CPU35: Booted secondary processor 0x00001a0300 [0x481fd010]
Jun  7 09:25:51 ubuntu kernel: [    1.200331] Detected VIPT I-cache on CPU36
Jun  7 09:25:51 ubuntu kernel: [    1.200346] GICv3: CPU36: found redistributor 1b0000 region 36:0x00000000aa400000
Jun  7 09:25:51 ubuntu kernel: [    1.200371] GICv3: CPU36: using allocated LPI pending table @0x00000027ff2f0000
Jun  7 09:25:51 ubuntu kernel: [    1.200416] CPU36: Booted secondary processor 0x00001b0000 [0x481fd010]
Jun  7 09:25:51 ubuntu kernel: [    1.233396] Detected VIPT I-cache on CPU37
Jun  7 09:25:51 ubuntu kernel: [    1.233408] GICv3: CPU37: found redistributor 1b0100 region 37:0x00000000aa440000
Jun  7 09:25:51 ubuntu kernel: [    1.233424] GICv3: CPU37: using allocated LPI pending table @0x00000027ff300000
Jun  7 09:25:51 ubuntu kernel: [    1.233461] CPU37: Booted secondary processor 0x00001b0100 [0x481fd010]
Jun  7 09:25:51 ubuntu kernel: [    1.266467] Detected VIPT I-cache on CPU38
Jun  7 09:25:51 ubuntu kernel: [    1.266478] GICv3: CPU38: found redistributor 1b0200 region 38:0x00000000aa480000
Jun  7 09:25:51 ubuntu kernel: [    1.266497] GICv3: CPU38: using allocated LPI pending table @0x00000027ff310000
Jun  7 09:25:51 ubuntu kernel: [    1.266536] CPU38: Booted secondary processor 0x00001b0200 [0x481fd010]
Jun  7 09:25:51 ubuntu kernel: [    1.299537] Detected VIPT I-cache on CPU39
Jun  7 09:25:51 ubuntu kernel: [    1.299549] GICv3: CPU39: found redistributor 1b0300 region 39:0x00000000aa4c0000
Jun  7 09:25:51 ubuntu kernel: [    1.299566] GICv3: CPU39: using allocated LPI pending table @0x00000027ff320000
Jun  7 09:25:51 ubuntu kernel: [    1.299605] CPU39: Booted secondary processor 0x00001b0300 [0x481fd010]
Jun  7 09:25:51 ubuntu kernel: [    1.332093] Detected VIPT I-cache on CPU40
Jun  7 09:25:51 ubuntu kernel: [    1.332108] GICv3: CPU40: found redistributor 1c0000 region 40:0x00000000aa500000
Jun  7 09:25:51 ubuntu kernel: [    1.332134] GICv3: CPU40: using allocated LPI pending table @0x00000027ff330000
Jun  7 09:25:51 ubuntu kernel: [    1.332177] CPU40: Booted secondary processor 0x00001c0000 [0x481fd010]
Jun  7 09:25:51 ubuntu kernel: [    1.364638] Detected VIPT I-cache on CPU41
Jun  7 09:25:51 ubuntu kernel: [    1.364649] GICv3: CPU41: found redistributor 1c0100 region 41:0x00000000aa540000
Jun  7 09:25:51 ubuntu kernel: [    1.364668] GICv3: CPU41: using allocated LPI pending table @0x00000027ff340000
Jun  7 09:25:51 ubuntu kernel: [    1.364707] CPU41: Booted secondary processor 0x00001c0100 [0x481fd010]
Jun  7 09:25:51 ubuntu kernel: [    1.397188] Detected VIPT I-cache on CPU42
Jun  7 09:25:51 ubuntu kernel: [    1.397199] GICv3: CPU42: found redistributor 1c0200 region 42:0x00000000aa580000
Jun  7 09:25:51 ubuntu kernel: [    1.397217] GICv3: CPU42: using allocated LPI pending table @0x00000027ff350000
Jun  7 09:25:51 ubuntu kernel: [    1.397257] CPU42: Booted secondary processor 0x00001c0200 [0x481fd010]
Jun  7 09:25:51 ubuntu kernel: [    1.429737] Detected VIPT I-cache on CPU43
Jun  7 09:25:51 ubuntu kernel: [    1.429749] GICv3: CPU43: found redistributor 1c0300 region 43:0x00000000aa5c0000
Jun  7 09:25:51 ubuntu kernel: [    1.429766] GICv3: CPU43: using allocated LPI pending table @0x00000027ff360000
Jun  7 09:25:51 ubuntu kernel: [    1.429806] CPU43: Booted secondary processor 0x00001c0300 [0x481fd010]
Jun  7 09:25:51 ubuntu kernel: [    1.462466] Detected VIPT I-cache on CPU44
Jun  7 09:25:51 ubuntu kernel: [    1.462482] GICv3: CPU44: found redistributor 1d0000 region 44:0x00000000aa600000
Jun  7 09:25:51 ubuntu kernel: [    1.462508] GICv3: CPU44: using allocated LPI pending table @0x00000027ff370000
Jun  7 09:25:51 ubuntu kernel: [    1.462554] CPU44: Booted secondary processor 0x00001d0000 [0x481fd010]
Jun  7 09:25:51 ubuntu kernel: [    1.495184] Detected VIPT I-cache on CPU45
Jun  7 09:25:51 ubuntu kernel: [    1.495197] GICv3: CPU45: found redistributor 1d0100 region 45:0x00000000aa640000
Jun  7 09:25:51 ubuntu kernel: [    1.495215] GICv3: CPU45: using allocated LPI pending table @0x00000027ff380000
Jun  7 09:25:51 ubuntu kernel: [    1.495254] CPU45: Booted secondary processor 0x00001d0100 [0x481fd010]
Jun  7 09:25:51 ubuntu kernel: [    1.527907] Detected VIPT I-cache on CPU46
Jun  7 09:25:51 ubuntu kernel: [    1.527920] GICv3: CPU46: found redistributor 1d0200 region 46:0x00000000aa680000
Jun  7 09:25:51 ubuntu kernel: [    1.527939] GICv3: CPU46: using allocated LPI pending table @0x00000027ff390000
Jun  7 09:25:51 ubuntu kernel: [    1.527977] CPU46: Booted secondary processor 0x00001d0200 [0x481fd010]
Jun  7 09:25:51 ubuntu kernel: [    1.560632] Detected VIPT I-cache on CPU47
Jun  7 09:25:51 ubuntu kernel: [    1.560644] GICv3: CPU47: found redistributor 1d0300 region 47:0x00000000aa6c0000
Jun  7 09:25:51 ubuntu kernel: [    1.560661] GICv3: CPU47: using allocated LPI pending table @0x00000027ff3a0000
Jun  7 09:25:51 ubuntu kernel: [    1.560700] CPU47: Booted secondary processor 0x00001d0300 [0x481fd010]
Jun  7 09:25:51 ubuntu kernel: [    1.593472] Detected VIPT I-cache on CPU48
Jun  7 09:25:51 ubuntu kernel: [    1.593510] GICv3: CPU48: found redistributor 280000 region 48:0x00002000ae100000
Jun  7 09:25:51 ubuntu kernel: [    1.593572] GICv3: CPU48: using allocated LPI pending table @0x00000027ff3b0000
Jun  7 09:25:51 ubuntu kernel: [    1.593643] CPU48: Booted secondary processor 0x0000280000 [0x481fd010]
Jun  7 09:25:51 ubuntu kernel: [    1.626260] Detected VIPT I-cache on CPU49
Jun  7 09:25:51 ubuntu kernel: [    1.626288] GICv3: CPU49: found redistributor 280100 region 49:0x00002000ae140000
Jun  7 09:25:51 ubuntu kernel: [    1.626309] GICv3: CPU49: using allocated LPI pending table @0x00000027ff3c0000
Jun  7 09:25:51 ubuntu kernel: [    1.626360] CPU49: Booted secondary processor 0x0000280100 [0x481fd010]
Jun  7 09:25:51 ubuntu kernel: [    1.659070] Detected VIPT I-cache on CPU50
Jun  7 09:25:51 ubuntu kernel: [    1.659098] GICv3: CPU50: found redistributor 280200 region 50:0x00002000ae180000
Jun  7 09:25:51 ubuntu kernel: [    1.659120] GICv3: CPU50: using allocated LPI pending table @0x00000027ff3d0000
Jun  7 09:25:51 ubuntu kernel: [    1.659172] CPU50: Booted secondary processor 0x0000280200 [0x481fd010]
Jun  7 09:25:51 ubuntu kernel: [    1.691881] Detected VIPT I-cache on CPU51
Jun  7 09:25:51 ubuntu kernel: [    1.691909] GICv3: CPU51: found redistributor 280300 region 51:0x00002000ae1c0000
Jun  7 09:25:51 ubuntu kernel: [    1.691929] GICv3: CPU51: using allocated LPI pending table @0x00000027ff3e0000
Jun  7 09:25:51 ubuntu kernel: [    1.691981] CPU51: Booted secondary processor 0x0000280300 [0x481fd010]
Jun  7 09:25:51 ubuntu kernel: [    1.724870] Detected VIPT I-cache on CPU52
Jun  7 09:25:51 ubuntu kernel: [    1.724899] GICv3: CPU52: found redistributor 290000 region 52:0x00002000ae200000
Jun  7 09:25:51 ubuntu kernel: [    1.724933] GICv3: CPU52: using allocated LPI pending table @0x00000027ff3f0000
Jun  7 09:25:51 ubuntu kernel: [    1.724989] CPU52: Booted secondary processor 0x0000290000 [0x481fd010]
Jun  7 09:25:51 ubuntu kernel: [    1.757849] Detected VIPT I-cache on CPU53
Jun  7 09:25:51 ubuntu kernel: [    1.757878] GICv3: CPU53: found redistributor 290100 region 53:0x00002000ae240000
Jun  7 09:25:51 ubuntu kernel: [    1.757896] GICv3: CPU53: using allocated LPI pending table @0x00000027fec00000
Jun  7 09:25:51 ubuntu kernel: [    1.757947] CPU53: Booted secondary processor 0x0000290100 [0x481fd010]
Jun  7 09:25:51 ubuntu kernel: [    1.790832] Detected VIPT I-cache on CPU54
Jun  7 09:25:51 ubuntu kernel: [    1.790861] GICv3: CPU54: found redistributor 290200 region 54:0x00002000ae280000
Jun  7 09:25:51 ubuntu kernel: [    1.790879] GICv3: CPU54: using allocated LPI pending table @0x00000027fec10000
Jun  7 09:25:51 ubuntu kernel: [    1.790931] CPU54: Booted secondary processor 0x0000290200 [0x481fd010]
Jun  7 09:25:51 ubuntu kernel: [    1.823817] Detected VIPT I-cache on CPU55
Jun  7 09:25:51 ubuntu kernel: [    1.823845] GICv3: CPU55: found redistributor 290300 region 55:0x00002000ae2c0000
Jun  7 09:25:51 ubuntu kernel: [    1.823863] GICv3: CPU55: using allocated LPI pending table @0x00000027fec20000
Jun  7 09:25:51 ubuntu kernel: [    1.823915] CPU55: Booted secondary processor 0x0000290300 [0x481fd010]
Jun  7 09:25:51 ubuntu kernel: [    1.856978] Detected VIPT I-cache on CPU56
Jun  7 09:25:51 ubuntu kernel: [    1.857008] GICv3: CPU56: found redistributor 2a0000 region 56:0x00002000ae300000
Jun  7 09:25:51 ubuntu kernel: [    1.857035] GICv3: CPU56: using allocated LPI pending table @0x00000027fec30000
Jun  7 09:25:51 ubuntu kernel: [    1.857089] CPU56: Booted secondary processor 0x00002a0000 [0x481fd010]
Jun  7 09:25:51 ubuntu kernel: [    1.890132] Detected VIPT I-cache on CPU57
Jun  7 09:25:51 ubuntu kernel: [    1.890161] GICv3: CPU57: found redistributor 2a0100 region 57:0x00002000ae340000
Jun  7 09:25:51 ubuntu kernel: [    1.890180] GICv3: CPU57: using allocated LPI pending table @0x00000027fec40000
Jun  7 09:25:51 ubuntu kernel: [    1.890232] CPU57: Booted secondary processor 0x00002a0100 [0x481fd010]
Jun  7 09:25:51 ubuntu kernel: [    1.923289] Detected VIPT I-cache on CPU58
Jun  7 09:25:51 ubuntu kernel: [    1.923319] GICv3: CPU58: found redistributor 2a0200 region 58:0x00002000ae380000
Jun  7 09:25:51 ubuntu kernel: [    1.923337] GICv3: CPU58: using allocated LPI pending table @0x00000027fec50000
Jun  7 09:25:51 ubuntu kernel: [    1.923389] CPU58: Booted secondary processor 0x00002a0200 [0x481fd010]
Jun  7 09:25:51 ubuntu kernel: [    1.956447] Detected VIPT I-cache on CPU59
Jun  7 09:25:51 ubuntu kernel: [    1.956477] GICv3: CPU59: found redistributor 2a0300 region 59:0x00002000ae3c0000
Jun  7 09:25:51 ubuntu kernel: [    1.956495] GICv3: CPU59: using allocated LPI pending table @0x00000027fec60000
Jun  7 09:25:51 ubuntu kernel: [    1.956548] CPU59: Booted secondary processor 0x00002a0300 [0x481fd010]
Jun  7 09:25:51 ubuntu kernel: [    1.989783] Detected VIPT I-cache on CPU60
Jun  7 09:25:51 ubuntu kernel: [    1.989814] GICv3: CPU60: found redistributor 2b0000 region 60:0x00002000ae400000
Jun  7 09:25:51 ubuntu kernel: [    1.989840] GICv3: CPU60: using allocated LPI pending table @0x00000027fec70000
Jun  7 09:25:51 ubuntu kernel: [    1.989896] CPU60: Booted secondary processor 0x00002b0000 [0x481fd010]
Jun  7 09:25:51 ubuntu kernel: [    2.023110] Detected VIPT I-cache on CPU61
Jun  7 09:25:51 ubuntu kernel: [    2.023140] GICv3: CPU61: found redistributor 2b0100 region 61:0x00002000ae440000
Jun  7 09:25:51 ubuntu kernel: [    2.023158] GICv3: CPU61: using allocated LPI pending table @0x00000027fec80000
Jun  7 09:25:51 ubuntu kernel: [    2.023210] CPU61: Booted secondary processor 0x00002b0100 [0x481fd010]
Jun  7 09:25:51 ubuntu kernel: [    2.056440] Detected VIPT I-cache on CPU62
Jun  7 09:25:51 ubuntu kernel: [    2.056470] GICv3: CPU62: found redistributor 2b0200 region 62:0x00002000ae480000
Jun  7 09:25:51 ubuntu kernel: [    2.056492] GICv3: CPU62: using allocated LPI pending table @0x00000027fec90000
Jun  7 09:25:51 ubuntu kernel: [    2.056545] CPU62: Booted secondary processor 0x00002b0200 [0x481fd010]
Jun  7 09:25:51 ubuntu kernel: [    2.089772] Detected VIPT I-cache on CPU63
Jun  7 09:25:51 ubuntu kernel: [    2.089801] GICv3: CPU63: found redistributor 2b0300 region 63:0x00002000ae4c0000
Jun  7 09:25:51 ubuntu kernel: [    2.089820] GICv3: CPU63: using allocated LPI pending table @0x00000027feca0000
Jun  7 09:25:51 ubuntu kernel: [    2.089872] CPU63: Booted secondary processor 0x00002b0300 [0x481fd010]
Jun  7 09:25:51 ubuntu kernel: [    2.122587] Detected VIPT I-cache on CPU64
Jun  7 09:25:51 ubuntu kernel: [    2.122617] GICv3: CPU64: found redistributor 2c0000 region 64:0x00002000ae500000
Jun  7 09:25:51 ubuntu kernel: [    2.122646] GICv3: CPU64: using allocated LPI pending table @0x00000027fecb0000
Jun  7 09:25:51 ubuntu kernel: [    2.122702] CPU64: Booted secondary processor 0x00002c0000 [0x481fd010]
Jun  7 09:25:51 ubuntu kernel: [    2.155393] Detected VIPT I-cache on CPU65
Jun  7 09:25:51 ubuntu kernel: [    2.155422] GICv3: CPU65: found redistributor 2c0100 region 65:0x00002000ae540000
Jun  7 09:25:51 ubuntu kernel: [    2.155440] GICv3: CPU65: using allocated LPI pending table @0x00000027fecc0000
Jun  7 09:25:51 ubuntu kernel: [    2.155492] CPU65: Booted secondary processor 0x00002c0100 [0x481fd010]
Jun  7 09:25:51 ubuntu kernel: [    2.188203] Detected VIPT I-cache on CPU66
Jun  7 09:25:51 ubuntu kernel: [    2.188232] GICv3: CPU66: found redistributor 2c0200 region 66:0x00002000ae580000
Jun  7 09:25:51 ubuntu kernel: [    2.188251] GICv3: CPU66: using allocated LPI pending table @0x00000027fecd0000
Jun  7 09:25:51 ubuntu kernel: [    2.188304] CPU66: Booted secondary processor 0x00002c0200 [0x481fd010]
Jun  7 09:25:51 ubuntu kernel: [    2.221014] Detected VIPT I-cache on CPU67
Jun  7 09:25:51 ubuntu kernel: [    2.221043] GICv3: CPU67: found redistributor 2c0300 region 67:0x00002000ae5c0000
Jun  7 09:25:51 ubuntu kernel: [    2.221063] GICv3: CPU67: using allocated LPI pending table @0x00000027fece0000
Jun  7 09:25:51 ubuntu kernel: [    2.221116] CPU67: Booted secondary processor 0x00002c0300 [0x481fd010]
Jun  7 09:25:51 ubuntu kernel: [    2.254002] Detected VIPT I-cache on CPU68
Jun  7 09:25:51 ubuntu kernel: [    2.254033] GICv3: CPU68: found redistributor 2d0000 region 68:0x00002000ae600000
Jun  7 09:25:51 ubuntu kernel: [    2.254062] GICv3: CPU68: using allocated LPI pending table @0x00000027fecf0000
Jun  7 09:25:51 ubuntu kernel: [    2.254119] CPU68: Booted secondary processor 0x00002d0000 [0x481fd010]
Jun  7 09:25:51 ubuntu kernel: [    2.286981] Detected VIPT I-cache on CPU69
Jun  7 09:25:51 ubuntu kernel: [    2.287011] GICv3: CPU69: found redistributor 2d0100 region 69:0x00002000ae640000
Jun  7 09:25:51 ubuntu kernel: [    2.287031] GICv3: CPU69: using allocated LPI pending table @0x00000027fed00000
Jun  7 09:25:51 ubuntu kernel: [    2.287084] CPU69: Booted secondary processor 0x00002d0100 [0x481fd010]
Jun  7 09:25:51 ubuntu kernel: [    2.319965] Detected VIPT I-cache on CPU70
Jun  7 09:25:51 ubuntu kernel: [    2.319995] GICv3: CPU70: found redistributor 2d0200 region 70:0x00002000ae680000
Jun  7 09:25:51 ubuntu kernel: [    2.320014] GICv3: CPU70: using allocated LPI pending table @0x00000027fed10000
Jun  7 09:25:51 ubuntu kernel: [    2.320067] CPU70: Booted secondary processor 0x00002d0200 [0x481fd010]
Jun  7 09:25:51 ubuntu kernel: [    2.352950] Detected VIPT I-cache on CPU71
Jun  7 09:25:51 ubuntu kernel: [    2.352980] GICv3: CPU71: found redistributor 2d0300 region 71:0x00002000ae6c0000
Jun  7 09:25:51 ubuntu kernel: [    2.352998] GICv3: CPU71: using allocated LPI pending table @0x00000027fed20000
Jun  7 09:25:51 ubuntu kernel: [    2.353052] CPU71: Booted secondary processor 0x00002d0300 [0x481fd010]
Jun  7 09:25:51 ubuntu kernel: [    2.393078] Detected VIPT I-cache on CPU72
Jun  7 09:25:51 ubuntu kernel: [    2.393131] GICv3: CPU72: found redistributor 380000 region 72:0x00002000aa100000
Jun  7 09:25:51 ubuntu kernel: [    2.393188] GICv3: CPU72: using allocated LPI pending table @0x00000027fed30000
Jun  7 09:25:51 ubuntu kernel: [    2.393270] CPU72: Booted secondary processor 0x0000380000 [0x481fd010]
Jun  7 09:25:51 ubuntu kernel: [    2.433154] Detected VIPT I-cache on CPU73
Jun  7 09:25:51 ubuntu kernel: [    2.433190] GICv3: CPU73: found redistributor 380100 region 73:0x00002000aa140000
Jun  7 09:25:51 ubuntu kernel: [    2.433210] GICv3: CPU73: using allocated LPI pending table @0x00000027fed40000
Jun  7 09:25:51 ubuntu kernel: [    2.433268] CPU73: Booted secondary processor 0x0000380100 [0x481fd010]
Jun  7 09:25:51 ubuntu kernel: [    2.473257] Detected VIPT I-cache on CPU74
Jun  7 09:25:51 ubuntu kernel: [    2.473292] GICv3: CPU74: found redistributor 380200 region 74:0x00002000aa180000
Jun  7 09:25:51 ubuntu kernel: [    2.473312] GICv3: CPU74: using allocated LPI pending table @0x00000027fed50000
Jun  7 09:25:51 ubuntu kernel: [    2.473370] CPU74: Booted secondary processor 0x0000380200 [0x481fd010]
Jun  7 09:25:51 ubuntu kernel: [    2.513358] Detected VIPT I-cache on CPU75
Jun  7 09:25:51 ubuntu kernel: [    2.513393] GICv3: CPU75: found redistributor 380300 region 75:0x00002000aa1c0000
Jun  7 09:25:51 ubuntu kernel: [    2.513414] GICv3: CPU75: using allocated LPI pending table @0x00000027fed60000
Jun  7 09:25:51 ubuntu kernel: [    2.513471] CPU75: Booted secondary processor 0x0000380300 [0x481fd010]
Jun  7 09:25:51 ubuntu kernel: [    2.553636] Detected VIPT I-cache on CPU76
Jun  7 09:25:51 ubuntu kernel: [    2.553674] GICv3: CPU76: found redistributor 390000 region 76:0x00002000aa200000
Jun  7 09:25:51 ubuntu kernel: [    2.553707] GICv3: CPU76: using allocated LPI pending table @0x00000027fed70000
Jun  7 09:25:51 ubuntu kernel: [    2.553768] CPU76: Booted secondary processor 0x0000390000 [0x481fd010]
Jun  7 09:25:51 ubuntu kernel: [    2.593908] Detected VIPT I-cache on CPU77
Jun  7 09:25:51 ubuntu kernel: [    2.593945] GICv3: CPU77: found redistributor 390100 region 77:0x00002000aa240000
Jun  7 09:25:51 ubuntu kernel: [    2.593965] GICv3: CPU77: using allocated LPI pending table @0x00000027fed80000
Jun  7 09:25:51 ubuntu kernel: [    2.594022] CPU77: Booted secondary processor 0x0000390100 [0x481fd010]
Jun  7 09:25:51 ubuntu kernel: [    2.634183] Detected VIPT I-cache on CPU78
Jun  7 09:25:51 ubuntu kernel: [    2.634219] GICv3: CPU78: found redistributor 390200 region 78:0x00002000aa280000
Jun  7 09:25:51 ubuntu kernel: [    2.634239] GICv3: CPU78: using allocated LPI pending table @0x00000027fed90000
Jun  7 09:25:51 ubuntu kernel: [    2.634297] CPU78: Booted secondary processor 0x0000390200 [0x481fd010]
Jun  7 09:25:51 ubuntu kernel: [    2.674459] Detected VIPT I-cache on CPU79
Jun  7 09:25:51 ubuntu kernel: [    2.674496] GICv3: CPU79: found redistributor 390300 region 79:0x00002000aa2c0000
Jun  7 09:25:51 ubuntu kernel: [    2.674517] GICv3: CPU79: using allocated LPI pending table @0x00000027feda0000
Jun  7 09:25:51 ubuntu kernel: [    2.674574] CPU79: Booted secondary processor 0x0000390300 [0x481fd010]
Jun  7 09:25:51 ubuntu kernel: [    2.714910] Detected VIPT I-cache on CPU80
Jun  7 09:25:51 ubuntu kernel: [    2.714949] GICv3: CPU80: found redistributor 3a0000 region 80:0x00002000aa300000
Jun  7 09:25:51 ubuntu kernel: [    2.714981] GICv3: CPU80: using allocated LPI pending table @0x00000027fedb0000
Jun  7 09:25:51 ubuntu kernel: [    2.715043] CPU80: Booted secondary processor 0x00003a0000 [0x481fd010]
Jun  7 09:25:51 ubuntu kernel: [    2.755356] Detected VIPT I-cache on CPU81
Jun  7 09:25:51 ubuntu kernel: [    2.755393] GICv3: CPU81: found redistributor 3a0100 region 81:0x00002000aa340000
Jun  7 09:25:51 ubuntu kernel: [    2.755415] GICv3: CPU81: using allocated LPI pending table @0x00000027fedc0000
Jun  7 09:25:51 ubuntu kernel: [    2.755473] CPU81: Booted secondary processor 0x00003a0100 [0x481fd010]
Jun  7 09:25:51 ubuntu kernel: [    2.795806] Detected VIPT I-cache on CPU82
Jun  7 09:25:51 ubuntu kernel: [    2.795842] GICv3: CPU82: found redistributor 3a0200 region 82:0x00002000aa380000
Jun  7 09:25:51 ubuntu kernel: [    2.795862] GICv3: CPU82: using allocated LPI pending table @0x00000027fedd0000
Jun  7 09:25:51 ubuntu kernel: [    2.795920] CPU82: Booted secondary processor 0x00003a0200 [0x481fd010]
Jun  7 09:25:51 ubuntu kernel: [    2.836254] Detected VIPT I-cache on CPU83
Jun  7 09:25:51 ubuntu kernel: [    2.836291] GICv3: CPU83: found redistributor 3a0300 region 83:0x00002000aa3c0000
Jun  7 09:25:51 ubuntu kernel: [    2.836312] GICv3: CPU83: using allocated LPI pending table @0x00000027fede0000
Jun  7 09:25:51 ubuntu kernel: [    2.836371] CPU83: Booted secondary processor 0x00003a0300 [0x481fd010]
Jun  7 09:25:51 ubuntu kernel: [    2.876879] Detected VIPT I-cache on CPU84
Jun  7 09:25:51 ubuntu kernel: [    2.876918] GICv3: CPU84: found redistributor 3b0000 region 84:0x00002000aa400000
Jun  7 09:25:51 ubuntu kernel: [    2.876951] GICv3: CPU84: using allocated LPI pending table @0x00000027fedf0000
Jun  7 09:25:51 ubuntu kernel: [    2.877012] CPU84: Booted secondary processor 0x00003b0000 [0x481fd010]
Jun  7 09:25:51 ubuntu kernel: [    2.917498] Detected VIPT I-cache on CPU85
Jun  7 09:25:51 ubuntu kernel: [    2.917536] GICv3: CPU85: found redistributor 3b0100 region 85:0x00002000aa440000
Jun  7 09:25:51 ubuntu kernel: [    2.917558] GICv3: CPU85: using allocated LPI pending table @0x00000027fee00000
Jun  7 09:25:51 ubuntu kernel: [    2.917616] CPU85: Booted secondary processor 0x00003b0100 [0x481fd010]
Jun  7 09:25:51 ubuntu kernel: [    2.958121] Detected VIPT I-cache on CPU86
Jun  7 09:25:51 ubuntu kernel: [    2.958158] GICv3: CPU86: found redistributor 3b0200 region 86:0x00002000aa480000
Jun  7 09:25:51 ubuntu kernel: [    2.958179] GICv3: CPU86: using allocated LPI pending table @0x00000027fee10000
Jun  7 09:25:51 ubuntu kernel: [    2.958238] CPU86: Booted secondary processor 0x00003b0200 [0x481fd010]
Jun  7 09:25:51 ubuntu kernel: [    2.998743] Detected VIPT I-cache on CPU87
Jun  7 09:25:51 ubuntu kernel: [    2.998781] GICv3: CPU87: found redistributor 3b0300 region 87:0x00002000aa4c0000
