Nov 25 20:01:06 ubuntu systemd[1]: Starting Modem Manager...
Nov 25 20:01:06 ubuntu kernel: [    0.000000] Booting Linux on physical CPU 0x0000080000 [0x481fd010]
Nov 25 20:01:06 ubuntu kernel: [    0.000000] Linux version 5.3.0-28-generic (buildd@bos02-arm64-072) (gcc version 7.4.0 (Ubuntu/Linaro 7.4.0-1ubuntu1~18.04.1)) #30~18.04.1-Ubuntu SMP Fri Jan 17 06:14:30 UTC 2020 (Ubuntu 5.3.0-28.30~18.04.1-generic 5.3.13)
Nov 25 20:01:06 ubuntu kernel: [    0.000000] efi: Getting EFI parameters from FDT:
Nov 25 20:01:06 ubuntu systemd[1]: Starting Clean up any mess left by 0dns-up...
Nov 25 20:01:06 ubuntu kernel: [    0.000000] efi: EFI v2.70 by EDK II
Nov 25 20:01:06 ubuntu kernel: [    0.000000] efi:  ACPI 2.0=0x2fc50000  SMBIOS 3.0=0x2fbf0000  MEMATTR=0x35e92018  ESRT=0x36117b18  MEMRESERVE=0x2fb93018 
Nov 25 20:01:06 ubuntu systemd[1]: Starting Load Kernel Modules...
Nov 25 20:01:06 ubuntu kernel: [    0.000000] secureboot: Secure boot disabled
Nov 25 20:01:06 ubuntu kernel: [    0.000000] esrt: Reserving ESRT space from 0x0000000036117b18 to 0x0000000036117b50.
Nov 25 20:01:06 ubuntu kernel: [    0.000000] cma: Reserved 32 MiB at 0x000000007e000000
Nov 25 20:01:06 ubuntu snapd-apparmor[2681]: find: ‘/var/lib/snapd/apparmor/profiles/’: No such file or directory
Nov 25 20:01:06 ubuntu kernel: [    0.000000] ACPI: Early table checksum verification disabled
Nov 25 20:01:06 ubuntu kernel: [    0.000000] ACPI: RSDP 0x000000002FC50000 000024 (v02 HISI  )
Nov 25 20:01:06 ubuntu kernel: [    0.000000] ACPI: XSDT 0x000000002FC40000 0000A4 (v01 HISI   HIP08    00000000      01000013)
Nov 25 20:01:06 ubuntu kernel: [    0.000000] ACPI: FACP 0x000000002F790000 000114 (v06 HISI   HIP08    00000000 HISI 20151124)
Nov 25 20:01:06 ubuntu kernel: [    0.000000] ACPI: DSDT 0x000000002F530000 00C441 (v02 HISI   HIP08    00000000 INTL 20181213)
Nov 25 20:01:06 ubuntu systemd[1]: Started CUPS Scheduler.
Nov 25 20:01:06 ubuntu kernel: [    0.000000] ACPI: PCCT 0x000000002FC30000 00008A (v01 HISI   HIP08    00000000 HISI 20151124)
Nov 25 20:01:06 ubuntu kernel: [    0.000000] ACPI: SSDT 0x000000002FC20000 00E64A (v02 HISI   HIP07    00000000 INTL 20181213)
Nov 25 20:01:06 ubuntu kernel: [    0.000000] ACPI: BERT 0x000000002FBC0000 000030 (v01 HISI   HIP08    00000000 HISI 20151124)
Nov 25 20:01:06 ubuntu kernel: [    0.000000] ACPI: HEST 0x000000002FBA0000 00058C (v01 HISI   HIP08    00000000 HISI 20151124)
Nov 25 20:01:06 ubuntu anacron[2691]: Anacron 2.3 started on 2020-11-25
Nov 25 20:01:06 ubuntu kernel: [    0.000000] ACPI: ERST 0x000000002FB60000 000230 (v01 HISI   HIP08    00000000 HISI 20151124)
Nov 25 20:01:06 ubuntu systemd[1]: Started Deferred execution scheduler.
Nov 25 20:01:06 ubuntu systemd[1]: Listening on Syslog Socket.
Nov 25 20:01:06 ubuntu kernel: [    0.000000] ACPI: EINJ 0x000000002FB50000 000170 (v01 HISI   HIP08    00000000 HISI 20151124)
Nov 25 20:01:06 ubuntu kernel: [    0.000000] ACPI: GTDT 0x000000002F590000 00007C (v02 HISI   HIP08    00000000 HISI 20151124)
Nov 25 20:01:06 ubuntu anacron[2691]: Normal exit (0 jobs run)
Nov 25 20:01:06 ubuntu kernel: [    0.000000] ACPI: MCFG 0x000000002F580000 00003C (v01 HISI   HIP08    00000000 HISI 20151124)
Nov 25 20:01:06 ubuntu kernel: [    0.000000] ACPI: SLIT 0x000000002F570000 00003C (v01 HISI   HIP08    00000000 HISI 20151124)
Nov 25 20:01:06 ubuntu systemd[1]: Created slice system-getty.slice.
Nov 25 20:01:06 ubuntu kernel: [    0.000000] ACPI: SRAT 0x000000002F560000 0007D0 (v03 HISI   HIP08    00000000 HISI 20151124)
Nov 25 20:01:06 ubuntu kernel: [    0.000000] ACPI: SDEI 0x000000002F550000 000030 (v01 HISI   HIP08    00000000 HISI 20151124)
Nov 25 20:01:06 ubuntu systemd-modules-load[2686]: Failed to find module 'parport_pc'
Nov 25 20:01:06 ubuntu kernel: [    0.000000] ACPI: APIC 0x000000002F540000 001E6C (v04 HISI   HIP08    00000000 HISI 20151124)
Nov 25 20:01:06 ubuntu kernel: [    0.000000] ACPI: IORT 0x000000002F520000 001678 (v00 HISI   HIP08    00000000 INTL 20181213)
Nov 25 20:01:06 ubuntu kernel: [    0.000000] ACPI: PPTT 0x000000002ECE0000 0031B0 (v01 HISI   HIP08    00000000 HISI 20151124)
Nov 25 20:01:06 ubuntu kernel: [    0.000000] ACPI: SPMI 0x000000002ECD0000 000041 (v05 HISI   HIP08    00000000 HISI 20151124)
Nov 25 20:01:06 ubuntu kernel: [    0.000000] ACPI: SRAT: Node 0 PXM 0 [mem 0x2080000000-0x27ffffffff]
Nov 25 20:01:06 ubuntu systemd[1]: Starting Disk Manager...
Nov 25 20:01:06 ubuntu kernel: [    0.000000] ACPI: SRAT: Node 1 PXM 1 [mem 0x2800000000-0x2fffffffff]
Nov 25 20:01:06 ubuntu kernel: [    0.000000] ACPI: SRAT: Node 0 PXM 0 [mem 0x00000000-0x7fffffff]
Nov 25 20:01:06 ubuntu kernel: [    0.000000] ACPI: SRAT: Node 2 PXM 2 [mem 0x202000000000-0x2027ffffffff]
Nov 25 20:01:06 ubuntu systemd[1]: Started Run anacron jobs.
Nov 25 20:01:06 ubuntu kernel: [    0.000000] ACPI: SRAT: Node 3 PXM 3 [mem 0x202800000000-0x202fffffffff]
Nov 25 20:01:06 ubuntu kernel: [    0.000000] NUMA: NODE_DATA [mem 0x27ffffcf80-0x27ffffffff]
Nov 25 20:01:06 ubuntu kernel: [    0.000000] NUMA: NODE_DATA [mem 0x2fffffcf80-0x2fffffffff]
Nov 25 20:01:06 ubuntu kernel: [    0.000000] NUMA: NODE_DATA [mem 0x2027ffffcf80-0x2027ffffffff]
Nov 25 20:01:06 ubuntu systemd[1]: Starting Uncomplicated firewall...
Nov 25 20:01:06 ubuntu kernel: [    0.000000] NUMA: NODE_DATA [mem 0x202fefffef80-0x202ff0001fff]
Nov 25 20:01:06 ubuntu kernel: [    0.000000] Zone ranges:
Nov 25 20:01:06 ubuntu systemd[1]: Started Read required files in advance.
Nov 25 20:01:06 ubuntu kernel: [    0.000000]   DMA32    [mem 0x0000000000000000-0x00000000ffffffff]
Nov 25 20:01:06 ubuntu kernel: [    0.000000]   Normal   [mem 0x0000000100000000-0x0000202fffffffff]
Nov 25 20:01:06 ubuntu kernel: [    0.000000] Movable zone start for each node
Nov 25 20:01:06 ubuntu kernel: [    0.000000] Early memory node ranges
Nov 25 20:01:06 ubuntu systemd[1]: Starting OpenBSD Secure Shell server...
Nov 25 20:01:06 ubuntu kernel: [    0.000000]   node   0: [mem 0x0000000000000000-0x000000000000ffff]
Nov 25 20:01:06 ubuntu kernel: [    0.000000]   node   0: [mem 0x0000000000010000-0x000000002e4f2fff]
Nov 25 20:01:06 ubuntu systemd[1]: Starting Tell Plymouth To Write Out Runtime Data...
Nov 25 20:01:06 ubuntu kernel: [    0.000000]   node   0: [mem 0x000000002e4f3000-0x000000002eccffff]
Nov 25 20:01:06 ubuntu kernel: [    0.000000]   node   0: [mem 0x000000002ecd0000-0x000000002f59ffff]
Nov 25 20:01:06 ubuntu kernel: [    0.000000]   node   0: [mem 0x000000002f5a0000-0x000000002f78ffff]
Nov 25 20:01:06 ubuntu kernel: [    0.000000]   node   0: [mem 0x000000002f790000-0x000000002f79ffff]
Nov 25 20:01:06 ubuntu kernel: [    0.000000]   node   0: [mem 0x000000002f7a0000-0x000000002f87ffff]
Nov 25 20:01:06 ubuntu kernel: [    0.000000]   node   0: [mem 0x000000002f880000-0x000000002f8bffff]
Nov 25 20:01:06 ubuntu systemd[1]: Starting Dispatcher daemon for systemd-networkd...
Nov 25 20:01:06 ubuntu kernel: [    0.000000]   node   0: [mem 0x000000002f8c0000-0x000000002f95ffff]
Nov 25 20:01:06 ubuntu kernel: [    0.000000]   node   0: [mem 0x000000002f960000-0x000000002f97ffff]
Nov 25 20:01:06 ubuntu kernel: [    0.000000]   node   0: [mem 0x000000002f980000-0x000000002fabffff]
Nov 25 20:01:06 ubuntu kernel: [    0.000000]   node   0: [mem 0x000000002fac0000-0x000000002fb6ffff]
Nov 25 20:01:06 ubuntu kernel: [    0.000000]   node   0: [mem 0x000000002fb70000-0x000000002fb71fff]
Nov 25 20:01:06 ubuntu systemd[1]: Closed Load/Save RF Kill Switch Status /dev/rfkill Watch.
Nov 25 20:01:06 ubuntu kernel: [    0.000000]   node   0: [mem 0x000000002fb72000-0x000000002fb7ffff]
Nov 25 20:01:06 ubuntu kernel: [    0.000000]   node   0: [mem 0x000000002fb80000-0x000000002fb80fff]
Nov 25 20:01:06 ubuntu systemd[1]: Reached target Remote File Systems.
Nov 25 20:01:06 ubuntu kernel: [    0.000000]   node   0: [mem 0x000000002fb81000-0x000000002fb8ffff]
Nov 25 20:01:06 ubuntu kernel: [    0.000000]   node   0: [mem 0x000000002fb90000-0x000000002fb91fff]
Nov 25 20:01:06 ubuntu kernel: [    0.000000]   node   0: [mem 0x000000002fb92000-0x000000002fbaffff]
Nov 25 20:01:06 ubuntu kernel: [    0.000000]   node   0: [mem 0x000000002fbb0000-0x000000002fbb1fff]
Nov 25 20:01:06 ubuntu kernel: [    0.000000]   node   0: [mem 0x000000002fbb2000-0x000000002fbcffff]
Nov 25 20:01:06 ubuntu systemd[1]: Starting Virtualization daemon...
Nov 25 20:01:06 ubuntu kernel: [    0.000000]   node   0: [mem 0x000000002fbd0000-0x000000002fbd0fff]
Nov 25 20:01:06 ubuntu systemd[1]: Starting LSB: GNOME Display Manager...
Nov 25 20:01:06 ubuntu kernel: [    0.000000]   node   0: [mem 0x000000002fbd1000-0x000000002fbdffff]
Nov 25 20:01:06 ubuntu kernel: [    0.000000]   node   0: [mem 0x000000002fbe0000-0x000000002fbfffff]
Nov 25 20:01:06 ubuntu kernel: [    0.000000]   node   0: [mem 0x000000002fc00000-0x000000002fc5ffff]
Nov 25 20:01:06 ubuntu kernel: [    0.000000]   node   0: [mem 0x000000002fc60000-0x000000002fe5ffff]
Nov 25 20:01:06 ubuntu systemd[1]: Starting Tool to automatically collect and submit kernel crash signatures...
Nov 25 20:01:06 ubuntu kernel: [    0.000000]   node   0: [mem 0x000000002fe60000-0x000000002fe60fff]
Nov 25 20:01:06 ubuntu kernel: [    0.000000]   node   0: [mem 0x000000002fe61000-0x000000002fe64fff]
Nov 25 20:01:06 ubuntu kernel: [    0.000000]   node   0: [mem 0x000000002fe65000-0x000000002fe6afff]
Nov 25 20:01:06 ubuntu systemd[1]: Starting ebtables ruleset management...
Nov 25 20:01:06 ubuntu kernel: [    0.000000]   node   0: [mem 0x000000002fe6b000-0x000000002fe6bfff]
Nov 25 20:01:06 ubuntu kernel: [    0.000000]   node   0: [mem 0x000000002fe6c000-0x000000003f02ffff]
Nov 25 20:01:06 ubuntu kernel: [    0.000000]   node   0: [mem 0x000000003f030000-0x000000003f05ffff]
Nov 25 20:01:06 ubuntu kernel: [    0.000000]   node   0: [mem 0x000000003f060000-0x000000003fbfffff]
Nov 25 20:01:06 ubuntu kernel: [    0.000000]   node   0: [mem 0x0000000040000000-0x0000000043ffffff]
Nov 25 20:01:06 ubuntu kernel: [    0.000000]   node   0: [mem 0x0000000044030000-0x000000004fffffff]
Nov 25 20:01:06 ubuntu systemd[1]: Started Forward Password Requests to Wall Directory Watch.
Nov 25 20:01:06 ubuntu kernel: [    0.000000]   node   0: [mem 0x0000000050000000-0x000000007fffffff]
Nov 25 20:01:06 ubuntu kernel: [    0.000000]   node   0: [mem 0x0000002080000000-0x00000027ffffffff]
Nov 25 20:01:06 ubuntu kernel: [    0.000000]   node   1: [mem 0x0000002800000000-0x0000002fffffffff]
Nov 25 20:01:06 ubuntu kernel: [    0.000000]   node   2: [mem 0x0000202000000000-0x00002027ffffffff]
Nov 25 20:01:06 ubuntu systemd[1]: Started crash report submission daemon.
Nov 25 20:01:06 ubuntu kernel: [    0.000000]   node   3: [mem 0x0000202800000000-0x0000202fffffffff]
Nov 25 20:01:06 ubuntu kernel: [    0.000000] Zeroed struct page in unavailable ranges: 829 pages
Nov 25 20:01:06 ubuntu kernel: [    0.000000] Initmem setup node 0 [mem 0x0000000000000000-0x00000027ffffffff]
Nov 25 20:01:06 ubuntu systemd[1]: Stopped target Friendly Recovery Mode.
Nov 25 20:01:06 ubuntu kernel: [    0.000000] On node 0 totalpages: 8387536
Nov 25 20:01:06 ubuntu kernel: [    0.000000]   DMA32 zone: 8176 pages used for memmap
Nov 25 20:01:06 ubuntu kernel: [    0.000000]   DMA32 zone: 0 pages reserved
Nov 25 20:01:06 ubuntu kernel: [    0.000000]   DMA32 zone: 523216 pages, LIFO batch:63
Nov 25 20:01:06 ubuntu systemd[1]: Reached target Libvirt guests shutdown.
Nov 25 20:01:06 ubuntu kernel: [    0.000000]   Normal zone: 122880 pages used for memmap
Nov 25 20:01:06 ubuntu kernel: [    0.000000]   Normal zone: 7864320 pages, LIFO batch:63
Nov 25 20:01:06 ubuntu kernel: [    0.000000] Initmem setup node 1 [mem 0x0000002800000000-0x0000002fffffffff]
Nov 25 20:01:06 ubuntu systemd[1]: Starting LSB: automatic crash report generation...
Nov 25 20:01:06 ubuntu kernel: [    0.000000] On node 1 totalpages: 8388608
Nov 25 20:01:06 ubuntu kernel: [    0.000000]   Normal zone: 131072 pages used for memmap
Nov 25 20:01:06 ubuntu kernel: [    0.000000]   Normal zone: 8388608 pages, LIFO batch:63
Nov 25 20:01:06 ubuntu kernel: [    0.000000] Initmem setup node 2 [mem 0x0000202000000000-0x00002027ffffffff]
Nov 25 20:01:06 ubuntu kernel: [    0.000000] On node 2 totalpages: 8388608
Nov 25 20:01:06 ubuntu kernel: [    0.000000]   Normal zone: 131072 pages used for memmap
Nov 25 20:01:06 ubuntu whoopsie[2748]: [20:01:06] Using lock path: /var/lock/whoopsie/lock
Nov 25 20:01:06 ubuntu kernel: [    0.000000]   Normal zone: 8388608 pages, LIFO batch:63
Nov 25 20:01:06 ubuntu kernel: [    0.000000] Initmem setup node 3 [mem 0x0000202800000000-0x0000202fffffffff]
Nov 25 20:01:06 ubuntu kernel: [    0.000000] On node 3 totalpages: 8388608
Nov 25 20:01:06 ubuntu kernel: [    0.000000]   Normal zone: 131072 pages used for memmap
Nov 25 20:01:06 ubuntu kernel: [    0.000000]   Normal zone: 8388608 pages, LIFO batch:63
Nov 25 20:01:06 ubuntu systemd[1]: Started irqbalance daemon.
Nov 25 20:01:06 ubuntu kernel: [    0.000000] psci: probing for conduit method from ACPI.
Nov 25 20:01:06 ubuntu kernel: [    0.000000] psci: PSCIv1.1 detected in firmware.
Nov 25 20:01:06 ubuntu systemd[1]: Starting Set console font and keymap...
Nov 25 20:01:06 ubuntu kernel: [    0.000000] psci: Using standard PSCI v0.2 function IDs
Nov 25 20:01:06 ubuntu kernel: [    0.000000] psci: MIGRATE_INFO_TYPE not supported.
Nov 25 20:01:06 ubuntu kernel: [    0.000000] psci: SMC Calling Convention v1.1
Nov 25 20:01:06 ubuntu systemd[1]: Created slice User and Session Slice.
Nov 25 20:01:06 ubuntu kernel: [    0.000000] ACPI: NUMA: SRAT: PXM 0 -> MPIDR 0x80000 -> Node 0
Nov 25 20:01:06 ubuntu systemd[1]: Starting LSB: Record successful boot for GRUB...
Nov 25 20:01:06 ubuntu systemd[1]: Starting WPA supplicant...
Nov 25 20:01:06 ubuntu systemd[1]: Starting Restore /etc/resolv.conf if the system crashed before the ppp link was shut down...
Nov 25 20:01:06 ubuntu systemd[1]: Stopping Authorization Manager...
Nov 25 20:01:06 ubuntu systemd[1]: Starting Snap Daemon...
Nov 25 20:01:06 ubuntu udisksd[2690]: udisks daemon version 2.7.6 starting
Nov 25 20:01:06 ubuntu systemd[1]: Starting Wait for Network to be Configured...
Nov 25 20:01:06 ubuntu systemd-networkd-wait-online[2837]: managing: br0
Nov 25 20:01:06 ubuntu systemd[1]: Started Set the CPU Frequency Scaling governor.
Nov 25 20:01:06 ubuntu systemd[1]: Starting LSB: Speech Dispatcher...
Nov 25 20:01:06 ubuntu systemd[1]: Reached target User and Group Name Lookups.
Nov 25 20:01:06 ubuntu kernel: [    0.000000] ACPI: NUMA: SRAT: PXM 0 -> MPIDR 0x80100 -> Node 0
Nov 25 20:01:06 ubuntu kernel: [    0.000000] ACPI: NUMA: SRAT: PXM 0 -> MPIDR 0x80200 -> Node 0
Nov 25 20:01:06 ubuntu systemd[1]: Starting Permit User Sessions...
Nov 25 20:01:06 ubuntu kernel: [    0.000000] ACPI: NUMA: SRAT: PXM 0 -> MPIDR 0x80300 -> Node 0
Nov 25 20:01:06 ubuntu kernel: [    0.000000] ACPI: NUMA: SRAT: PXM 0 -> MPIDR 0x90000 -> Node 0
Nov 25 20:01:06 ubuntu kernel: [    0.000000] ACPI: NUMA: SRAT: PXM 0 -> MPIDR 0x90100 -> Node 0
Nov 25 20:01:06 ubuntu kernel: [    0.000000] ACPI: NUMA: SRAT: PXM 0 -> MPIDR 0x90200 -> Node 0
Nov 25 20:01:06 ubuntu ModemManager[2682]: <info>  ModemManager (version 1.10.0) starting in system bus...
Nov 25 20:01:06 ubuntu kernel: [    0.000000] ACPI: NUMA: SRAT: PXM 0 -> MPIDR 0x90300 -> Node 0
Nov 25 20:01:06 ubuntu kernel: [    0.000000] ACPI: NUMA: SRAT: PXM 0 -> MPIDR 0xa0000 -> Node 0
Nov 25 20:01:06 ubuntu kernel: [    0.000000] ACPI: NUMA: SRAT: PXM 0 -> MPIDR 0xa0100 -> Node 0
Nov 25 20:01:06 ubuntu systemd[1]: Starting Login Service...
Nov 25 20:01:06 ubuntu kernel: [    0.000000] ACPI: NUMA: SRAT: PXM 0 -> MPIDR 0xa0200 -> Node 0
Nov 25 20:01:06 ubuntu kernel: [    0.000000] ACPI: NUMA: SRAT: PXM 0 -> MPIDR 0xa0300 -> Node 0
Nov 25 20:01:06 ubuntu kernel: [    0.000000] ACPI: NUMA: SRAT: PXM 0 -> MPIDR 0xb0000 -> Node 0
Nov 25 20:01:06 ubuntu kernel: [    0.000000] ACPI: NUMA: SRAT: PXM 0 -> MPIDR 0xb0100 -> Node 0
Nov 25 20:01:06 ubuntu kernel: [    0.000000] ACPI: NUMA: SRAT: PXM 0 -> MPIDR 0xb0200 -> Node 0
Nov 25 20:01:06 ubuntu kernel: [    0.000000] ACPI: NUMA: SRAT: PXM 0 -> MPIDR 0xb0300 -> Node 0
Nov 25 20:01:06 ubuntu dbus-daemon[2127]: [system] Activating via systemd: service name='org.freedesktop.PolicyKit1' unit='polkit.service' requested by ':1.11' (uid=0 pid=2682 comm="/usr/sbin/ModemManager --filter-policy=strict " label="unconfined")
Nov 25 20:01:06 ubuntu kernel: [    0.000000] ACPI: NUMA: SRAT: PXM 0 -> MPIDR 0xc0000 -> Node 0
Nov 25 20:01:06 ubuntu systemd[1]: Started Regular background program processing daemon.
Nov 25 20:01:06 ubuntu kernel: [    0.000000] ACPI: NUMA: SRAT: PXM 0 -> MPIDR 0xc0100 -> Node 0
Nov 25 20:01:06 ubuntu kernel: [    0.000000] ACPI: NUMA: SRAT: PXM 0 -> MPIDR 0xc0200 -> Node 0
Nov 25 20:01:06 ubuntu kernel: [    0.000000] ACPI: NUMA: SRAT: PXM 0 -> MPIDR 0xc0300 -> Node 0
Nov 25 20:01:06 ubuntu kernel: [    0.000000] ACPI: NUMA: SRAT: PXM 0 -> MPIDR 0xd0000 -> Node 0
Nov 25 20:01:06 ubuntu kernel: [    0.000000] ACPI: NUMA: SRAT: PXM 0 -> MPIDR 0xd0100 -> Node 0
Nov 25 20:01:06 ubuntu kernel: [    0.000000] ACPI: NUMA: SRAT: PXM 0 -> MPIDR 0xd0200 -> Node 0
Nov 25 20:01:06 ubuntu systemd[1]: Starting QEMU KVM preparation - module, ksm, hugepages...
Nov 25 20:01:06 ubuntu kernel: [    0.000000] ACPI: NUMA: SRAT: PXM 0 -> MPIDR 0xd0300 -> Node 0
Nov 25 20:01:06 ubuntu kernel: [    0.000000] ACPI: NUMA: SRAT: PXM 1 -> MPIDR 0x180000 -> Node 1
Nov 25 20:01:06 ubuntu kernel: [    0.000000] ACPI: NUMA: SRAT: PXM 1 -> MPIDR 0x180100 -> Node 1
Nov 25 20:01:06 ubuntu kernel: [    0.000000] ACPI: NUMA: SRAT: PXM 1 -> MPIDR 0x180200 -> Node 1
Nov 25 20:01:06 ubuntu systemd[1]: Starting System Logging Service...
Nov 25 20:01:06 ubuntu kernel: [    0.000000] ACPI: NUMA: SRAT: PXM 1 -> MPIDR 0x180300 -> Node 1
Nov 25 20:01:06 ubuntu kernel: [    0.000000] ACPI: NUMA: SRAT: PXM 1 -> MPIDR 0x190000 -> Node 1
Nov 25 20:01:06 ubuntu kernel: [    0.000000] ACPI: NUMA: SRAT: PXM 1 -> MPIDR 0x190100 -> Node 1
Nov 25 20:01:06 ubuntu systemd[1]: Stopping LVM2 metadata daemon...
Nov 25 20:01:06 ubuntu kernel: [    0.000000] ACPI: NUMA: SRAT: PXM 1 -> MPIDR 0x190200 -> Node 1
Nov 25 20:01:06 ubuntu kernel: [    0.000000] ACPI: NUMA: SRAT: PXM 1 -> MPIDR 0x190300 -> Node 1
Nov 25 20:01:06 ubuntu kernel: [    0.000000] ACPI: NUMA: SRAT: PXM 1 -> MPIDR 0x1a0000 -> Node 1
Nov 25 20:01:06 ubuntu kernel: [    0.000000] ACPI: NUMA: SRAT: PXM 1 -> MPIDR 0x1a0100 -> Node 1
Nov 25 20:01:06 ubuntu kernel: [    0.000000] ACPI: NUMA: SRAT: PXM 1 -> MPIDR 0x1a0200 -> Node 1
Nov 25 20:01:06 ubuntu kernel: [    0.000000] ACPI: NUMA: SRAT: PXM 1 -> MPIDR 0x1a0300 -> Node 1
Nov 25 20:01:06 ubuntu kernel: [    0.000000] ACPI: NUMA: SRAT: PXM 1 -> MPIDR 0x1b0000 -> Node 1
Nov 25 20:01:06 ubuntu kernel: [    0.000000] ACPI: NUMA: SRAT: PXM 1 -> MPIDR 0x1b0100 -> Node 1
Nov 25 20:01:06 ubuntu kernel: [    0.000000] ACPI: NUMA: SRAT: PXM 1 -> MPIDR 0x1b0200 -> Node 1
Nov 25 20:01:06 ubuntu kernel: [    0.000000] ACPI: NUMA: SRAT: PXM 1 -> MPIDR 0x1b0300 -> Node 1
Nov 25 20:01:06 ubuntu kernel: [    0.000000] ACPI: NUMA: SRAT: PXM 1 -> MPIDR 0x1c0000 -> Node 1
Nov 25 20:01:06 ubuntu kernel: [    0.000000] ACPI: NUMA: SRAT: PXM 1 -> MPIDR 0x1c0100 -> Node 1
Nov 25 20:01:06 ubuntu kernel: [    0.000000] ACPI: NUMA: SRAT: PXM 1 -> MPIDR 0x1c0200 -> Node 1
Nov 25 20:01:06 ubuntu kernel: [    0.000000] ACPI: NUMA: SRAT: PXM 1 -> MPIDR 0x1c0300 -> Node 1
Nov 25 20:01:06 ubuntu kernel: [    0.000000] ACPI: NUMA: SRAT: PXM 1 -> MPIDR 0x1d0000 -> Node 1
Nov 25 20:01:06 ubuntu kernel: [    0.000000] ACPI: NUMA: SRAT: PXM 1 -> MPIDR 0x1d0100 -> Node 1
Nov 25 20:01:06 ubuntu kernel: [    0.000000] ACPI: NUMA: SRAT: PXM 1 -> MPIDR 0x1d0200 -> Node 1
Nov 25 20:01:06 ubuntu kernel: [    0.000000] ACPI: NUMA: SRAT: PXM 1 -> MPIDR 0x1d0300 -> Node 1
Nov 25 20:01:06 ubuntu kernel: [    0.000000] ACPI: NUMA: SRAT: PXM 2 -> MPIDR 0x280000 -> Node 2
Nov 25 20:01:06 ubuntu kernel: [    0.000000] ACPI: NUMA: SRAT: PXM 2 -> MPIDR 0x280100 -> Node 2
Nov 25 20:01:06 ubuntu kernel: [    0.000000] ACPI: NUMA: SRAT: PXM 2 -> MPIDR 0x280200 -> Node 2
Nov 25 20:01:06 ubuntu kernel: [    0.000000] ACPI: NUMA: SRAT: PXM 2 -> MPIDR 0x280300 -> Node 2
Nov 25 20:01:06 ubuntu kernel: [    0.000000] ACPI: NUMA: SRAT: PXM 2 -> MPIDR 0x290000 -> Node 2
Nov 25 20:01:06 ubuntu kernel: [    0.000000] ACPI: NUMA: SRAT: PXM 2 -> MPIDR 0x290100 -> Node 2
Nov 25 20:01:06 ubuntu kernel: [    0.000000] ACPI: NUMA: SRAT: PXM 2 -> MPIDR 0x290200 -> Node 2
Nov 25 20:01:06 ubuntu kernel: [    0.000000] ACPI: NUMA: SRAT: PXM 2 -> MPIDR 0x290300 -> Node 2
Nov 25 20:01:06 ubuntu kernel: [    0.000000] ACPI: NUMA: SRAT: PXM 2 -> MPIDR 0x2a0000 -> Node 2
Nov 25 20:01:06 ubuntu kernel: [    0.000000] ACPI: NUMA: SRAT: PXM 2 -> MPIDR 0x2a0100 -> Node 2
Nov 25 20:01:06 ubuntu kernel: [    0.000000] ACPI: NUMA: SRAT: PXM 2 -> MPIDR 0x2a0200 -> Node 2
Nov 25 20:01:06 ubuntu kernel: [    0.000000] ACPI: NUMA: SRAT: PXM 2 -> MPIDR 0x2a0300 -> Node 2
Nov 25 20:01:06 ubuntu kernel: [    0.000000] ACPI: NUMA: SRAT: PXM 2 -> MPIDR 0x2b0000 -> Node 2
Nov 25 20:01:06 ubuntu kernel: [    0.000000] ACPI: NUMA: SRAT: PXM 2 -> MPIDR 0x2b0100 -> Node 2
Nov 25 20:01:06 ubuntu kernel: [    0.000000] ACPI: NUMA: SRAT: PXM 2 -> MPIDR 0x2b0200 -> Node 2
Nov 25 20:01:06 ubuntu kernel: [    0.000000] ACPI: NUMA: SRAT: PXM 2 -> MPIDR 0x2b0300 -> Node 2
Nov 25 20:01:06 ubuntu kernel: [    0.000000] ACPI: NUMA: SRAT: PXM 2 -> MPIDR 0x2c0000 -> Node 2
Nov 25 20:01:06 ubuntu kernel: [    0.000000] ACPI: NUMA: SRAT: PXM 2 -> MPIDR 0x2c0100 -> Node 2
Nov 25 20:01:06 ubuntu kernel: [    0.000000] ACPI: NUMA: SRAT: PXM 2 -> MPIDR 0x2c0200 -> Node 2
Nov 25 20:01:06 ubuntu kernel: [    0.000000] ACPI: NUMA: SRAT: PXM 2 -> MPIDR 0x2c0300 -> Node 2
Nov 25 20:01:06 ubuntu kernel: [    0.000000] ACPI: NUMA: SRAT: PXM 2 -> MPIDR 0x2d0000 -> Node 2
Nov 25 20:01:06 ubuntu kernel: [    0.000000] ACPI: NUMA: SRAT: PXM 2 -> MPIDR 0x2d0100 -> Node 2
Nov 25 20:01:06 ubuntu kernel: [    0.000000] ACPI: NUMA: SRAT: PXM 2 -> MPIDR 0x2d0200 -> Node 2
Nov 25 20:01:06 ubuntu kernel: [    0.000000] ACPI: NUMA: SRAT: PXM 2 -> MPIDR 0x2d0300 -> Node 2
Nov 25 20:01:06 ubuntu kernel: [    0.000000] ACPI: NUMA: SRAT: PXM 3 -> MPIDR 0x380000 -> Node 3
Nov 25 20:01:06 ubuntu kernel: [    0.000000] ACPI: NUMA: SRAT: PXM 3 -> MPIDR 0x380100 -> Node 3
Nov 25 20:01:06 ubuntu kernel: [    0.000000] ACPI: NUMA: SRAT: PXM 3 -> MPIDR 0x380200 -> Node 3
Nov 25 20:01:06 ubuntu kernel: [    0.000000] ACPI: NUMA: SRAT: PXM 3 -> MPIDR 0x380300 -> Node 3
Nov 25 20:01:06 ubuntu kernel: [    0.000000] ACPI: NUMA: SRAT: PXM 3 -> MPIDR 0x390000 -> Node 3
Nov 25 20:01:06 ubuntu kernel: [    0.000000] ACPI: NUMA: SRAT: PXM 3 -> MPIDR 0x390100 -> Node 3
Nov 25 20:01:06 ubuntu kernel: [    0.000000] ACPI: NUMA: SRAT: PXM 3 -> MPIDR 0x390200 -> Node 3
Nov 25 20:01:06 ubuntu kernel: [    0.000000] ACPI: NUMA: SRAT: PXM 3 -> MPIDR 0x390300 -> Node 3
Nov 25 20:01:06 ubuntu kernel: [    0.000000] ACPI: NUMA: SRAT: PXM 3 -> MPIDR 0x3a0000 -> Node 3
Nov 25 20:01:06 ubuntu kernel: [    0.000000] ACPI: NUMA: SRAT: PXM 3 -> MPIDR 0x3a0100 -> Node 3
Nov 25 20:01:06 ubuntu kernel: [    0.000000] ACPI: NUMA: SRAT: PXM 3 -> MPIDR 0x3a0200 -> Node 3
Nov 25 20:01:06 ubuntu kernel: [    0.000000] ACPI: NUMA: SRAT: PXM 3 -> MPIDR 0x3a0300 -> Node 3
Nov 25 20:01:06 ubuntu kernel: [    0.000000] ACPI: NUMA: SRAT: PXM 3 -> MPIDR 0x3b0000 -> Node 3
Nov 25 20:01:06 ubuntu kernel: [    0.000000] ACPI: NUMA: SRAT: PXM 3 -> MPIDR 0x3b0100 -> Node 3
Nov 25 20:01:06 ubuntu kernel: [    0.000000] ACPI: NUMA: SRAT: PXM 3 -> MPIDR 0x3b0200 -> Node 3
Nov 25 20:01:06 ubuntu kernel: [    0.000000] ACPI: NUMA: SRAT: PXM 3 -> MPIDR 0x3b0300 -> Node 3
Nov 25 20:01:06 ubuntu kernel: [    0.000000] ACPI: NUMA: SRAT: PXM 3 -> MPIDR 0x3c0000 -> Node 3
Nov 25 20:01:06 ubuntu kernel: [    0.000000] ACPI: NUMA: SRAT: PXM 3 -> MPIDR 0x3c0100 -> Node 3
Nov 25 20:01:06 ubuntu kernel: [    0.000000] ACPI: NUMA: SRAT: PXM 3 -> MPIDR 0x3c0200 -> Node 3
Nov 25 20:01:06 ubuntu kernel: [    0.000000] ACPI: NUMA: SRAT: PXM 3 -> MPIDR 0x3c0300 -> Node 3
Nov 25 20:01:06 ubuntu kernel: [    0.000000] ACPI: NUMA: SRAT: PXM 3 -> MPIDR 0x3d0000 -> Node 3
Nov 25 20:01:06 ubuntu kernel: [    0.000000] ACPI: NUMA: SRAT: PXM 3 -> MPIDR 0x3d0100 -> Node 3
Nov 25 20:01:06 ubuntu kernel: [    0.000000] ACPI: NUMA: SRAT: PXM 3 -> MPIDR 0x3d0200 -> Node 3
Nov 25 20:01:06 ubuntu kernel: [    0.000000] ACPI: NUMA: SRAT: PXM 3 -> MPIDR 0x3d0300 -> Node 3
Nov 25 20:01:06 ubuntu kernel: [    0.000000] percpu: Embedded 32 pages/cpu s93848 r8192 d29032 u131072
Nov 25 20:01:06 ubuntu kernel: [    0.000000] pcpu-alloc: s93848 r8192 d29032 u131072 alloc=32*4096
Nov 25 20:01:06 ubuntu kernel: [    0.000000] pcpu-alloc: [0] 00 [0] 01 [0] 02 [0] 03 [0] 04 [0] 05 [0] 06 [0] 07 
Nov 25 20:01:06 ubuntu kernel: [    0.000000] pcpu-alloc: [0] 08 [0] 09 [0] 10 [0] 11 [0] 12 [0] 13 [0] 14 [0] 15 
Nov 25 20:01:06 ubuntu kernel: [    0.000000] pcpu-alloc: [0] 16 [0] 17 [0] 18 [0] 19 [0] 20 [0] 21 [0] 22 [0] 23 
Nov 25 20:01:06 ubuntu kernel: [    0.000000] pcpu-alloc: [1] 24 [1] 25 [1] 26 [1] 27 [1] 28 [1] 29 [1] 30 [1] 31 
Nov 25 20:01:06 ubuntu kernel: [    0.000000] pcpu-alloc: [1] 32 [1] 33 [1] 34 [1] 35 [1] 36 [1] 37 [1] 38 [1] 39 
Nov 25 20:01:06 ubuntu kernel: [    0.000000] pcpu-alloc: [1] 40 [1] 41 [1] 42 [1] 43 [1] 44 [1] 45 [1] 46 [1] 47 
Nov 25 20:01:06 ubuntu kernel: [    0.000000] pcpu-alloc: [2] 48 [2] 49 [2] 50 [2] 51 [2] 52 [2] 53 [2] 54 [2] 55 
Nov 25 20:01:06 ubuntu kernel: [    0.000000] pcpu-alloc: [2] 56 [2] 57 [2] 58 [2] 59 [2] 60 [2] 61 [2] 62 [2] 63 
Nov 25 20:01:06 ubuntu kernel: [    0.000000] pcpu-alloc: [2] 64 [2] 65 [2] 66 [2] 67 [2] 68 [2] 69 [2] 70 [2] 71 
Nov 25 20:01:06 ubuntu kernel: [    0.000000] pcpu-alloc: [3] 72 [3] 73 [3] 74 [3] 75 [3] 76 [3] 77 [3] 78 [3] 79 
Nov 25 20:01:06 ubuntu kernel: [    0.000000] pcpu-alloc: [3] 80 [3] 81 [3] 82 [3] 83 [3] 84 [3] 85 [3] 86 [3] 87 
Nov 25 20:01:06 ubuntu kernel: [    0.000000] pcpu-alloc: [3] 88 [3] 89 [3] 90 [3] 91 [3] 92 [3] 93 [3] 94 [3] 95 
Nov 25 20:01:06 ubuntu kernel: [    0.000000] Detected VIPT I-cache on CPU0
Nov 25 20:01:06 ubuntu kernel: [    0.000000] CPU features: detected: GIC system register CPU interface
Nov 25 20:01:06 ubuntu kernel: [    0.000000] CPU features: detected: Virtualization Host Extensions
Nov 25 20:01:06 ubuntu kernel: [    0.000000] CPU features: detected: Hardware dirty bit management
Nov 25 20:01:06 ubuntu kernel: [    0.000000] alternatives: patching kernel code
Nov 25 20:01:06 ubuntu kernel: [    0.000000] Built 4 zonelists, mobility grouping on.  Total pages: 33029088
Nov 25 20:01:06 ubuntu kernel: [    0.000000] Policy zone: Normal
Nov 25 20:01:06 ubuntu kernel: [    0.000000] Kernel command line: BOOT_IMAGE=/boot/vmlinuz-5.3.0-28-generic root=UUID=87f15ea3-75f7-4c9d-add6-30cc3fc19001 ro recovery nomodeset
Nov 25 20:01:06 ubuntu kernel: [    0.000000] printk: log_buf_len individual max cpu contribution: 4096 bytes
Nov 25 20:01:06 ubuntu kernel: [    0.000000] printk: log_buf_len total cpu_extra contributions: 389120 bytes
Nov 25 20:01:06 ubuntu kernel: [    0.000000] printk: log_buf_len min size: 262144 bytes
Nov 25 20:01:06 ubuntu kernel: [    0.000000] printk: log_buf_len: 1048576 bytes
Nov 25 20:01:06 ubuntu kernel: [    0.000000] printk: early log buf free: 245800(93%)
Nov 25 20:01:06 ubuntu kernel: [    0.000000] mem auto-init: stack:off, heap alloc:on, heap free:off
Nov 25 20:01:06 ubuntu kernel: [    0.000000] software IO TLB: mapped [mem 0x7a000000-0x7e000000] (64MB)
Nov 25 20:01:06 ubuntu kernel: [    0.000000] Memory: 131368580K/134213440K available (12796K kernel code, 2194K rwdata, 5988K rodata, 6976K init, 1108K bss, 2812092K reserved, 32768K cma-reserved)
Nov 25 20:01:06 ubuntu kernel: [    0.000000] random: get_random_u64 called from __kmem_cache_create+0x50/0x5a0 with crng_init=0
Nov 25 20:01:06 ubuntu kernel: [    0.000000] SLUB: HWalign=64, Order=0-3, MinObjects=0, CPUs=96, Nodes=4
Nov 25 20:01:06 ubuntu kernel: [    0.000000] ftrace: allocating 44537 entries in 174 pages
Nov 25 20:01:06 ubuntu kernel: [    0.000000] rcu: Hierarchical RCU implementation.
Nov 25 20:01:06 ubuntu kernel: [    0.000000] rcu: 	RCU restricting CPUs from NR_CPUS=256 to nr_cpu_ids=96.
Nov 25 20:01:06 ubuntu kernel: [    0.000000] 	Tasks RCU enabled.
Nov 25 20:01:06 ubuntu kernel: [    0.000000] rcu: RCU calculated value of scheduler-enlistment delay is 25 jiffies.
Nov 25 20:01:06 ubuntu kernel: [    0.000000] rcu: Adjusting geometry for rcu_fanout_leaf=16, nr_cpu_ids=96
Nov 25 20:01:06 ubuntu kernel: [    0.000000] NR_IRQS: 64, nr_irqs: 64, preallocated irqs: 0
Nov 25 20:01:06 ubuntu kernel: [    0.000000] GICv3: GIC: Using split EOI/Deactivate mode
Nov 25 20:01:06 ubuntu kernel: [    0.000000] GICv3: Distributor has no Range Selector support
Nov 25 20:01:06 ubuntu kernel: [    0.000000] GICv3: VLPI support, direct LPI support
Nov 25 20:01:06 ubuntu kernel: [    0.000000] GICv3: CPU0: found redistributor 80000 region 0:0x00000000ae100000
Nov 25 20:01:06 ubuntu kernel: [    0.000000] SRAT: PXM 0 -> ITS 0 -> Node 0
Nov 25 20:01:06 ubuntu kernel: [    0.000000] SRAT: PXM 2 -> ITS 1 -> Node 2
Nov 25 20:01:06 ubuntu kernel: [    0.000000] ITS [mem 0x202100000-0x20211ffff]
Nov 25 20:01:06 ubuntu kernel: [    0.000000] ITS@0x0000000202100000: Using ITS number 0
Nov 25 20:01:06 ubuntu kernel: [    0.000000] ITS@0x0000000202100000: allocated 65536 Devices @27de380000 (flat, esz 8, psz 16K, shr 1)
Nov 25 20:01:06 ubuntu kernel: [    0.000000] ITS@0x0000000202100000: allocated 65536 Virtual CPUs @27de400000 (flat, esz 16, psz 4K, shr 1)
Nov 25 20:01:06 ubuntu kernel: [    0.000000] ITS@0x0000000202100000: allocated 256 Interrupt Collections @27de2fb000 (flat, esz 16, psz 4K, shr 1)
Nov 25 20:01:06 ubuntu kernel: [    0.000000] ITS [mem 0x200202100000-0x20020211ffff]
Nov 25 20:01:06 ubuntu kernel: [    0.000000] ITS@0x0000200202100000: Using ITS number 1
Nov 25 20:01:06 ubuntu kernel: [    0.000000] ITS@0x0000200202100000: allocated 65536 Devices @2027de080000 (flat, esz 8, psz 16K, shr 1)
Nov 25 20:01:06 ubuntu kernel: [    0.000000] ITS@0x0000200202100000: allocated 65536 Virtual CPUs @2027de100000 (flat, esz 16, psz 4K, shr 1)
Nov 25 20:01:06 ubuntu kernel: [    0.000000] ITS@0x0000200202100000: allocated 256 Interrupt Collections @2027de001000 (flat, esz 16, psz 4K, shr 1)
Nov 25 20:01:06 ubuntu kernel: [    0.000000] GICv3: using LPI property table @0x00000027de310000
Nov 25 20:01:06 ubuntu kernel: [    0.000000] ITS: Using DirectLPI for VPE invalidation
Nov 25 20:01:06 ubuntu kernel: [    0.000000] ITS: Enabling GICv4 support
Nov 25 20:01:06 ubuntu kernel: [    0.000000] GICv3: CPU0: using allocated LPI pending table @0x00000027de320000
Nov 25 20:01:06 ubuntu kernel: [    0.000000] arch_timer: cp15 timer(s) running at 100.00MHz (phys).
Nov 25 20:01:06 ubuntu kernel: [    0.000000] clocksource: arch_sys_counter: mask: 0xffffffffffffff max_cycles: 0x171024e7e0, max_idle_ns: 440795205315 ns
Nov 25 20:01:06 ubuntu kernel: [    0.000001] sched_clock: 56 bits at 100MHz, resolution 10ns, wraps every 4398046511100ns
Nov 25 20:01:06 ubuntu kernel: [    0.000142] Console: colour dummy device 80x25
Nov 25 20:01:06 ubuntu kernel: [    0.000459] printk: console [tty0] enabled
Nov 25 20:01:06 ubuntu kernel: [    0.000553] mempolicy: Enabling automatic NUMA balancing. Configure with numa_balancing= or the kernel.numa_balancing sysctl
Nov 25 20:01:06 ubuntu kernel: [    0.000567] ACPI: Core revision 20190703
Nov 25 20:01:06 ubuntu kernel: [    0.000759] Calibrating delay loop (skipped), value calculated using timer frequency.. 200.00 BogoMIPS (lpj=400000)
Nov 25 20:01:06 ubuntu kernel: [    0.000763] pid_max: default: 98304 minimum: 768
Nov 25 20:01:06 ubuntu kernel: [    0.000855] LSM: Security Framework initializing
Nov 25 20:01:06 ubuntu kernel: [    0.000861] Yama: becoming mindful.
Nov 25 20:01:06 ubuntu kernel: [    0.001062] AppArmor: AppArmor initialized
Nov 25 20:01:06 ubuntu kernel: [    0.012810] Dentry cache hash table entries: 8388608 (order: 14, 67108864 bytes, vmalloc)
Nov 25 20:01:06 ubuntu kernel: [    0.018711] Inode-cache hash table entries: 4194304 (order: 13, 33554432 bytes, vmalloc)
Nov 25 20:01:06 ubuntu kernel: [    0.018970] Mount-cache hash table entries: 131072 (order: 8, 1048576 bytes, vmalloc)
Nov 25 20:01:06 ubuntu kernel: [    0.019166] Mountpoint-cache hash table entries: 131072 (order: 8, 1048576 bytes, vmalloc)
Nov 25 20:01:06 ubuntu kernel: [    0.019414] *** VALIDATE proc ***
Nov 25 20:01:06 ubuntu kernel: [    0.019639] *** VALIDATE cgroup1 ***
Nov 25 20:01:06 ubuntu kernel: [    0.019642] *** VALIDATE cgroup2 ***
Nov 25 20:01:06 ubuntu kernel: [    0.021591] ASID allocator initialised with 32768 entries
Nov 25 20:01:06 ubuntu kernel: [    0.021613] rcu: Hierarchical SRCU implementation.
Nov 25 20:01:06 ubuntu kernel: [    0.022065] Platform MSI: ITS@0x202100000 domain created
Nov 25 20:01:06 ubuntu kernel: [    0.022069] Platform MSI: ITS@0x200202100000 domain created
Nov 25 20:01:06 ubuntu kernel: [    0.022075] PCI/MSI: ITS@0x202100000 domain created
Nov 25 20:01:06 ubuntu kernel: [    0.022078] PCI/MSI: ITS@0x200202100000 domain created
Nov 25 20:01:06 ubuntu kernel: [    0.022089] Remapping and enabling EFI services.
Nov 25 20:01:06 ubuntu kernel: [    0.022290] efi: memattr: Entry attributes invalid: RO and XP bits both cleared
Nov 25 20:01:06 ubuntu kernel: [    0.022294] efi: memattr: ! 0x000000000000-0x00000000ffff [Runtime Code       |RUN|  |  |  |  |  |  |   |  |  |  |  ]
Nov 25 20:01:06 ubuntu kernel: [    0.023425] smp: Bringing up secondary CPUs ...
Nov 25 20:01:06 ubuntu kernel: [    0.053253] Detected VIPT I-cache on CPU1
Nov 25 20:01:06 ubuntu kernel: [    0.053262] GICv3: CPU1: found redistributor 80100 region 1:0x00000000ae140000
Nov 25 20:01:06 ubuntu kernel: [    0.053268] GICv3: CPU1: using allocated LPI pending table @0x00000027de330000
Nov 25 20:01:06 ubuntu kernel: [    0.053303] CPU1: Booted secondary processor 0x0000080100 [0x481fd010]
Nov 25 20:01:06 ubuntu kernel: [    0.085795] Detected VIPT I-cache on CPU2
Nov 25 20:01:06 ubuntu kernel: [    0.085800] GICv3: CPU2: found redistributor 80200 region 2:0x00000000ae180000
Nov 25 20:01:06 ubuntu kernel: [    0.085805] GICv3: CPU2: using allocated LPI pending table @0x00000027de340000
Nov 25 20:01:06 ubuntu kernel: [    0.085836] CPU2: Booted secondary processor 0x0000080200 [0x481fd010]
Nov 25 20:01:06 ubuntu kernel: [    0.118346] Detected VIPT I-cache on CPU3
Nov 25 20:01:06 ubuntu kernel: [    0.118350] GICv3: CPU3: found redistributor 80300 region 3:0x00000000ae1c0000
Nov 25 20:01:06 ubuntu kernel: [    0.118355] GICv3: CPU3: using allocated LPI pending table @0x00000027de350000
Nov 25 20:01:06 ubuntu kernel: [    0.118386] CPU3: Booted secondary processor 0x0000080300 [0x481fd010]
Nov 25 20:01:06 ubuntu kernel: [    0.151076] Detected VIPT I-cache on CPU4
Nov 25 20:01:06 ubuntu kernel: [    0.151083] GICv3: CPU4: found redistributor 90000 region 4:0x00000000ae200000
Nov 25 20:01:06 ubuntu kernel: [    0.151090] GICv3: CPU4: using allocated LPI pending table @0x00000027de360000
Nov 25 20:01:06 ubuntu kernel: [    0.151125] CPU4: Booted secondary processor 0x0000090000 [0x481fd010]
Nov 25 20:01:06 ubuntu kernel: [    0.183793] Detected VIPT I-cache on CPU5
Nov 25 20:01:06 ubuntu kernel: [    0.183798] GICv3: CPU5: found redistributor 90100 region 5:0x00000000ae240000
Nov 25 20:01:06 ubuntu kernel: [    0.183803] GICv3: CPU5: using allocated LPI pending table @0x00000027de370000
Nov 25 20:01:06 ubuntu kernel: [    0.183834] CPU5: Booted secondary processor 0x0000090100 [0x481fd010]
Nov 25 20:01:06 ubuntu kernel: [    0.216516] Detected VIPT I-cache on CPU6
Nov 25 20:01:06 ubuntu kernel: [    0.216521] GICv3: CPU6: found redistributor 90200 region 6:0x00000000ae280000
Nov 25 20:01:06 ubuntu kernel: [    0.216526] GICv3: CPU6: using allocated LPI pending table @0x00000027de500000
Nov 25 20:01:06 ubuntu kernel: [    0.216558] CPU6: Booted secondary processor 0x0000090200 [0x481fd010]
Nov 25 20:01:06 ubuntu kernel: [    0.249240] Detected VIPT I-cache on CPU7
Nov 25 20:01:06 ubuntu kernel: [    0.249245] GICv3: CPU7: found redistributor 90300 region 7:0x00000000ae2c0000
Nov 25 20:01:06 ubuntu kernel: [    0.249250] GICv3: CPU7: using allocated LPI pending table @0x00000027de510000
Nov 25 20:01:06 ubuntu kernel: [    0.249281] CPU7: Booted secondary processor 0x0000090300 [0x481fd010]
Nov 25 20:01:06 ubuntu kernel: [    0.282141] Detected VIPT I-cache on CPU8
Nov 25 20:01:06 ubuntu kernel: [    0.282149] GICv3: CPU8: found redistributor a0000 region 8:0x00000000ae300000
Nov 25 20:01:06 ubuntu kernel: [    0.282155] GICv3: CPU8: using allocated LPI pending table @0x00000027de520000
Nov 25 20:01:06 ubuntu kernel: [    0.282189] CPU8: Booted secondary processor 0x00000a0000 [0x481fd010]
Nov 25 20:01:06 ubuntu kernel: [    0.315034] Detected VIPT I-cache on CPU9
Nov 25 20:01:06 ubuntu kernel: [    0.315040] GICv3: CPU9: found redistributor a0100 region 9:0x00000000ae340000
Nov 25 20:01:06 ubuntu kernel: [    0.315045] GICv3: CPU9: using allocated LPI pending table @0x00000027de530000
Nov 25 20:01:06 ubuntu kernel: [    0.315075] CPU9: Booted secondary processor 0x00000a0100 [0x481fd010]
Nov 25 20:01:06 ubuntu kernel: [    0.347931] Detected VIPT I-cache on CPU10
Nov 25 20:01:06 ubuntu kernel: [    0.347937] GICv3: CPU10: found redistributor a0200 region 10:0x00000000ae380000
Nov 25 20:01:06 ubuntu kernel: [    0.347943] GICv3: CPU10: using allocated LPI pending table @0x00000027de540000
Nov 25 20:01:06 ubuntu kernel: [    0.347975] CPU10: Booted secondary processor 0x00000a0200 [0x481fd010]
Nov 25 20:01:06 ubuntu kernel: [    0.380828] Detected VIPT I-cache on CPU11
Nov 25 20:01:06 ubuntu kernel: [    0.380834] GICv3: CPU11: found redistributor a0300 region 11:0x00000000ae3c0000
Nov 25 20:01:06 ubuntu kernel: [    0.380840] GICv3: CPU11: using allocated LPI pending table @0x00000027de550000
Nov 25 20:01:06 ubuntu kernel: [    0.380871] CPU11: Booted secondary processor 0x00000a0300 [0x481fd010]
Nov 25 20:01:06 ubuntu kernel: [    0.413904] Detected VIPT I-cache on CPU12
Nov 25 20:01:06 ubuntu kernel: [    0.413912] GICv3: CPU12: found redistributor b0000 region 12:0x00000000ae400000
Nov 25 20:01:06 ubuntu kernel: [    0.413918] GICv3: CPU12: using allocated LPI pending table @0x00000027de560000
Nov 25 20:01:06 ubuntu kernel: [    0.413953] CPU12: Booted secondary processor 0x00000b0000 [0x481fd010]
Nov 25 20:01:06 ubuntu kernel: [    0.446970] Detected VIPT I-cache on CPU13
Nov 25 20:01:06 ubuntu kernel: [    0.446976] GICv3: CPU13: found redistributor b0100 region 13:0x00000000ae440000
Nov 25 20:01:06 ubuntu kernel: [    0.446982] GICv3: CPU13: using allocated LPI pending table @0x00000027de570000
Nov 25 20:01:06 ubuntu kernel: [    0.447013] CPU13: Booted secondary processor 0x00000b0100 [0x481fd010]
Nov 25 20:01:06 ubuntu kernel: [    0.480041] Detected VIPT I-cache on CPU14
Nov 25 20:01:06 ubuntu kernel: [    0.480047] GICv3: CPU14: found redistributor b0200 region 14:0x00000000ae480000
Nov 25 20:01:06 ubuntu kernel: [    0.480053] GICv3: CPU14: using allocated LPI pending table @0x00000027de580000
Nov 25 20:01:06 ubuntu kernel: [    0.480084] CPU14: Booted secondary processor 0x00000b0200 [0x481fd010]
Nov 25 20:01:06 ubuntu kernel: [    0.513112] Detected VIPT I-cache on CPU15
Nov 25 20:01:06 ubuntu kernel: [    0.513118] GICv3: CPU15: found redistributor b0300 region 15:0x00000000ae4c0000
Nov 25 20:01:06 ubuntu kernel: [    0.513124] GICv3: CPU15: using allocated LPI pending table @0x00000027de590000
Nov 25 20:01:06 ubuntu kernel: [    0.513154] CPU15: Booted secondary processor 0x00000b0300 [0x481fd010]
Nov 25 20:01:06 ubuntu kernel: [    0.545666] Detected VIPT I-cache on CPU16
Nov 25 20:01:06 ubuntu kernel: [    0.545675] GICv3: CPU16: found redistributor c0000 region 16:0x00000000ae500000
Nov 25 20:01:06 ubuntu kernel: [    0.545682] GICv3: CPU16: using allocated LPI pending table @0x00000027de5a0000
Nov 25 20:01:06 ubuntu kernel: [    0.545715] CPU16: Booted secondary processor 0x00000c0000 [0x481fd010]
Nov 25 20:01:06 ubuntu kernel: [    0.578212] Detected VIPT I-cache on CPU17
Nov 25 20:01:06 ubuntu kernel: [    0.578219] GICv3: CPU17: found redistributor c0100 region 17:0x00000000ae540000
Nov 25 20:01:06 ubuntu kernel: [    0.578225] GICv3: CPU17: using allocated LPI pending table @0x00000027de5b0000
Nov 25 20:01:06 ubuntu kernel: [    0.578256] CPU17: Booted secondary processor 0x00000c0100 [0x481fd010]
Nov 25 20:01:06 ubuntu kernel: [    0.610762] Detected VIPT I-cache on CPU18
Nov 25 20:01:06 ubuntu kernel: [    0.610769] GICv3: CPU18: found redistributor c0200 region 18:0x00000000ae580000
Nov 25 20:01:06 ubuntu kernel: [    0.610775] GICv3: CPU18: using allocated LPI pending table @0x00000027de5c0000
Nov 25 20:01:06 ubuntu kernel: [    0.610806] CPU18: Booted secondary processor 0x00000c0200 [0x481fd010]
Nov 25 20:01:06 ubuntu kernel: [    0.643312] Detected VIPT I-cache on CPU19
Nov 25 20:01:06 ubuntu kernel: [    0.643319] GICv3: CPU19: found redistributor c0300 region 19:0x00000000ae5c0000
Nov 25 20:01:06 ubuntu kernel: [    0.643324] GICv3: CPU19: using allocated LPI pending table @0x00000027de5d0000
Nov 25 20:01:06 ubuntu kernel: [    0.643356] CPU19: Booted secondary processor 0x00000c0300 [0x481fd010]
Nov 25 20:01:06 ubuntu kernel: [    0.676040] Detected VIPT I-cache on CPU20
Nov 25 20:01:06 ubuntu kernel: [    0.676049] GICv3: CPU20: found redistributor d0000 region 20:0x00000000ae600000
Nov 25 20:01:06 ubuntu kernel: [    0.676057] GICv3: CPU20: using allocated LPI pending table @0x00000027de5e0000
Nov 25 20:01:06 ubuntu kernel: [    0.676091] CPU20: Booted secondary processor 0x00000d0000 [0x481fd010]
Nov 25 20:01:06 ubuntu kernel: [    0.708759] Detected VIPT I-cache on CPU21
Nov 25 20:01:06 ubuntu kernel: [    0.708766] GICv3: CPU21: found redistributor d0100 region 21:0x00000000ae640000
Nov 25 20:01:06 ubuntu kernel: [    0.708772] GICv3: CPU21: using allocated LPI pending table @0x00000027de5f0000
Nov 25 20:01:06 ubuntu kernel: [    0.708804] CPU21: Booted secondary processor 0x00000d0100 [0x481fd010]
Nov 25 20:01:06 ubuntu kernel: [    0.741483] Detected VIPT I-cache on CPU22
Nov 25 20:01:06 ubuntu kernel: [    0.741490] GICv3: CPU22: found redistributor d0200 region 22:0x00000000ae680000
Nov 25 20:01:06 ubuntu kernel: [    0.741496] GICv3: CPU22: using allocated LPI pending table @0x00000027de600000
Nov 25 20:01:06 ubuntu kernel: [    0.741528] CPU22: Booted secondary processor 0x00000d0200 [0x481fd010]
Nov 25 20:01:06 ubuntu kernel: [    0.774206] Detected VIPT I-cache on CPU23
Nov 25 20:01:06 ubuntu kernel: [    0.774213] GICv3: CPU23: found redistributor d0300 region 23:0x00000000ae6c0000
Nov 25 20:01:06 ubuntu kernel: [    0.774219] GICv3: CPU23: using allocated LPI pending table @0x00000027de610000
Nov 25 20:01:06 ubuntu kernel: [    0.774251] CPU23: Booted secondary processor 0x00000d0300 [0x481fd010]
Nov 25 20:01:06 ubuntu kernel: [    0.806774] Detected VIPT I-cache on CPU24
Nov 25 20:01:06 ubuntu kernel: [    0.806789] GICv3: CPU24: found redistributor 180000 region 24:0x00000000aa100000
Nov 25 20:01:06 ubuntu kernel: [    0.806809] GICv3: CPU24: using allocated LPI pending table @0x00000027de620000
Nov 25 20:01:06 ubuntu kernel: [    0.806856] CPU24: Booted secondary processor 0x0000180000 [0x481fd010]
Nov 25 20:01:06 ubuntu kernel: [    0.839308] Detected VIPT I-cache on CPU25
Nov 25 20:01:06 ubuntu kernel: [    0.839317] GICv3: CPU25: found redistributor 180100 region 25:0x00000000aa140000
Nov 25 20:01:06 ubuntu kernel: [    0.839323] GICv3: CPU25: using allocated LPI pending table @0x00000027de630000
Nov 25 20:01:06 ubuntu kernel: [    0.839360] CPU25: Booted secondary processor 0x0000180100 [0x481fd010]
Nov 25 20:01:06 ubuntu kernel: [    0.871857] Detected VIPT I-cache on CPU26
Nov 25 20:01:06 ubuntu kernel: [    0.871867] GICv3: CPU26: found redistributor 180200 region 26:0x00000000aa180000
Nov 25 20:01:06 ubuntu kernel: [    0.871873] GICv3: CPU26: using allocated LPI pending table @0x00000027de640000
Nov 25 20:01:06 ubuntu kernel: [    0.871910] CPU26: Booted secondary processor 0x0000180200 [0x481fd010]
Nov 25 20:01:06 ubuntu kernel: [    0.904408] Detected VIPT I-cache on CPU27
Nov 25 20:01:06 ubuntu kernel: [    0.904417] GICv3: CPU27: found redistributor 180300 region 27:0x00000000aa1c0000
Nov 25 20:01:06 ubuntu kernel: [    0.904423] GICv3: CPU27: using allocated LPI pending table @0x00000027de650000
Nov 25 20:01:06 ubuntu kernel: [    0.904459] CPU27: Booted secondary processor 0x0000180300 [0x481fd010]
Nov 25 20:01:06 ubuntu kernel: [    0.937139] Detected VIPT I-cache on CPU28
Nov 25 20:01:06 ubuntu kernel: [    0.937152] GICv3: CPU28: found redistributor 190000 region 28:0x00000000aa200000
Nov 25 20:01:06 ubuntu kernel: [    0.937162] GICv3: CPU28: using allocated LPI pending table @0x00000027de660000
Nov 25 20:01:06 ubuntu kernel: [    0.937207] CPU28: Booted secondary processor 0x0000190000 [0x481fd010]
Nov 25 20:01:06 ubuntu kernel: [    0.969855] Detected VIPT I-cache on CPU29
Nov 25 20:01:06 ubuntu kernel: [    0.969865] GICv3: CPU29: found redistributor 190100 region 29:0x00000000aa240000
Nov 25 20:01:06 ubuntu kernel: [    0.969872] GICv3: CPU29: using allocated LPI pending table @0x00000027de670000
Nov 25 20:01:06 ubuntu kernel: [    0.969909] CPU29: Booted secondary processor 0x0000190100 [0x481fd010]
Nov 25 20:01:06 ubuntu kernel: [    1.002579] Detected VIPT I-cache on CPU30
Nov 25 20:01:06 ubuntu kernel: [    1.002589] GICv3: CPU30: found redistributor 190200 region 30:0x00000000aa280000
Nov 25 20:01:06 ubuntu kernel: [    1.002595] GICv3: CPU30: using allocated LPI pending table @0x00000027de680000
Nov 25 20:01:06 ubuntu kernel: [    1.002633] CPU30: Booted secondary processor 0x0000190200 [0x481fd010]
Nov 25 20:01:06 ubuntu kernel: [    1.035302] Detected VIPT I-cache on CPU31
Nov 25 20:01:06 ubuntu kernel: [    1.035312] GICv3: CPU31: found redistributor 190300 region 31:0x00000000aa2c0000
Nov 25 20:01:06 ubuntu kernel: [    1.035318] GICv3: CPU31: using allocated LPI pending table @0x00000027de690000
Nov 25 20:01:06 ubuntu kernel: [    1.035356] CPU31: Booted secondary processor 0x0000190300 [0x481fd010]
Nov 25 20:01:06 ubuntu kernel: [    1.068206] Detected VIPT I-cache on CPU32
Nov 25 20:01:06 ubuntu kernel: [    1.068220] GICv3: CPU32: found redistributor 1a0000 region 32:0x00000000aa300000
Nov 25 20:01:06 ubuntu kernel: [    1.068228] GICv3: CPU32: using allocated LPI pending table @0x00000027de6a0000
Nov 25 20:01:06 ubuntu kernel: [    1.068271] CPU32: Booted secondary processor 0x00001a0000 [0x481fd010]
Nov 25 20:01:06 ubuntu kernel: [    1.101097] Detected VIPT I-cache on CPU33
Nov 25 20:01:06 ubuntu kernel: [    1.101108] GICv3: CPU33: found redistributor 1a0100 region 33:0x00000000aa340000
Nov 25 20:01:06 ubuntu kernel: [    1.101114] GICv3: CPU33: using allocated LPI pending table @0x00000027de6b0000
Nov 25 20:01:06 ubuntu kernel: [    1.101154] CPU33: Booted secondary processor 0x00001a0100 [0x481fd010]
Nov 25 20:01:06 ubuntu kernel: [    1.133994] Detected VIPT I-cache on CPU34
Nov 25 20:01:06 ubuntu kernel: [    1.134005] GICv3: CPU34: found redistributor 1a0200 region 34:0x00000000aa380000
Nov 25 20:01:06 ubuntu kernel: [    1.134011] GICv3: CPU34: using allocated LPI pending table @0x00000027de6c0000
Nov 25 20:01:06 ubuntu kernel: [    1.134049] CPU34: Booted secondary processor 0x00001a0200 [0x481fd010]
Nov 25 20:01:06 ubuntu kernel: [    1.166891] Detected VIPT I-cache on CPU35
Nov 25 20:01:06 ubuntu kernel: [    1.166902] GICv3: CPU35: found redistributor 1a0300 region 35:0x00000000aa3c0000
Nov 25 20:01:06 ubuntu kernel: [    1.166909] GICv3: CPU35: using allocated LPI pending table @0x00000027de6d0000
Nov 25 20:01:06 ubuntu kernel: [    1.166947] CPU35: Booted secondary processor 0x00001a0300 [0x481fd010]
Nov 25 20:01:06 ubuntu kernel: [    1.199967] Detected VIPT I-cache on CPU36
Nov 25 20:01:06 ubuntu kernel: [    1.199981] GICv3: CPU36: found redistributor 1b0000 region 36:0x00000000aa400000
Nov 25 20:01:06 ubuntu kernel: [    1.199990] GICv3: CPU36: using allocated LPI pending table @0x00000027de6e0000
Nov 25 20:01:06 ubuntu kernel: [    1.200033] CPU36: Booted secondary processor 0x00001b0000 [0x481fd010]
Nov 25 20:01:06 ubuntu kernel: [    1.233033] Detected VIPT I-cache on CPU37
Nov 25 20:01:06 ubuntu kernel: [    1.233044] GICv3: CPU37: found redistributor 1b0100 region 37:0x00000000aa440000
Nov 25 20:01:06 ubuntu kernel: [    1.233051] GICv3: CPU37: using allocated LPI pending table @0x00000027de6f0000
Nov 25 20:01:06 ubuntu kernel: [    1.233088] CPU37: Booted secondary processor 0x00001b0100 [0x481fd010]
Nov 25 20:01:06 ubuntu kernel: [    1.266103] Detected VIPT I-cache on CPU38
Nov 25 20:01:06 ubuntu kernel: [    1.266115] GICv3: CPU38: found redistributor 1b0200 region 38:0x00000000aa480000
Nov 25 20:01:06 ubuntu kernel: [    1.266121] GICv3: CPU38: using allocated LPI pending table @0x00000027de700000
Nov 25 20:01:06 ubuntu kernel: [    1.266161] CPU38: Booted secondary processor 0x00001b0200 [0x481fd010]
Nov 25 20:01:06 ubuntu kernel: [    1.299174] Detected VIPT I-cache on CPU39
Nov 25 20:01:06 ubuntu kernel: [    1.299186] GICv3: CPU39: found redistributor 1b0300 region 39:0x00000000aa4c0000
Nov 25 20:01:06 ubuntu kernel: [    1.299192] GICv3: CPU39: using allocated LPI pending table @0x00000027de710000
Nov 25 20:01:06 ubuntu kernel: [    1.299230] CPU39: Booted secondary processor 0x00001b0300 [0x481fd010]
Nov 25 20:01:06 ubuntu kernel: [    1.331731] Detected VIPT I-cache on CPU40
Nov 25 20:01:06 ubuntu kernel: [    1.331745] GICv3: CPU40: found redistributor 1c0000 region 40:0x00000000aa500000
Nov 25 20:01:06 ubuntu kernel: [    1.331753] GICv3: CPU40: using allocated LPI pending table @0x00000027de720000
Nov 25 20:01:06 ubuntu kernel: [    1.331797] CPU40: Booted secondary processor 0x00001c0000 [0x481fd010]
Nov 25 20:01:06 ubuntu kernel: [    1.364274] Detected VIPT I-cache on CPU41
Nov 25 20:01:06 ubuntu kernel: [    1.364286] GICv3: CPU41: found redistributor 1c0100 region 41:0x00000000aa540000
Nov 25 20:01:06 ubuntu kernel: [    1.364292] GICv3: CPU41: using allocated LPI pending table @0x00000027de730000
Nov 25 20:01:06 ubuntu kernel: [    1.364331] CPU41: Booted secondary processor 0x00001c0100 [0x481fd010]
Nov 25 20:01:06 ubuntu kernel: [    1.396824] Detected VIPT I-cache on CPU42
Nov 25 20:01:06 ubuntu kernel: [    1.396836] GICv3: CPU42: found redistributor 1c0200 region 42:0x00000000aa580000
Nov 25 20:01:06 ubuntu kernel: [    1.396842] GICv3: CPU42: using allocated LPI pending table @0x00000027de740000
Nov 25 20:01:06 ubuntu kernel: [    1.396879] CPU42: Booted secondary processor 0x00001c0200 [0x481fd010]
Nov 25 20:01:06 ubuntu kernel: [    1.429374] Detected VIPT I-cache on CPU43
Nov 25 20:01:06 ubuntu kernel: [    1.429386] GICv3: CPU43: found redistributor 1c0300 region 43:0x00000000aa5c0000
Nov 25 20:01:06 ubuntu kernel: [    1.429392] GICv3: CPU43: using allocated LPI pending table @0x00000027de750000
Nov 25 20:01:06 ubuntu kernel: [    1.429430] CPU43: Booted secondary processor 0x00001c0300 [0x481fd010]
Nov 25 20:01:06 ubuntu kernel: [    1.462104] Detected VIPT I-cache on CPU44
Nov 25 20:01:06 ubuntu kernel: [    1.462119] GICv3: CPU44: found redistributor 1d0000 region 44:0x00000000aa600000
Nov 25 20:01:06 ubuntu kernel: [    1.462128] GICv3: CPU44: using allocated LPI pending table @0x00000027de760000
Nov 25 20:01:06 ubuntu kernel: [    1.462172] CPU44: Booted secondary processor 0x00001d0000 [0x481fd010]
Nov 25 20:01:06 ubuntu kernel: [    1.494821] Detected VIPT I-cache on CPU45
Nov 25 20:01:06 ubuntu kernel: [    1.494833] GICv3: CPU45: found redistributor 1d0100 region 45:0x00000000aa640000
Nov 25 20:01:06 ubuntu kernel: [    1.494840] GICv3: CPU45: using allocated LPI pending table @0x00000027de770000
Nov 25 20:01:06 ubuntu kernel: [    1.494877] CPU45: Booted secondary processor 0x00001d0100 [0x481fd010]
Nov 25 20:01:06 ubuntu kernel: [    1.527545] Detected VIPT I-cache on CPU46
Nov 25 20:01:06 ubuntu kernel: [    1.527557] GICv3: CPU46: found redistributor 1d0200 region 46:0x00000000aa680000
Nov 25 20:01:06 ubuntu kernel: [    1.527564] GICv3: CPU46: using allocated LPI pending table @0x00000027de780000
Nov 25 20:01:06 ubuntu kernel: [    1.527602] CPU46: Booted secondary processor 0x00001d0200 [0x481fd010]
Nov 25 20:01:06 ubuntu kernel: [    1.560268] Detected VIPT I-cache on CPU47
Nov 25 20:01:06 ubuntu kernel: [    1.560281] GICv3: CPU47: found redistributor 1d0300 region 47:0x00000000aa6c0000
Nov 25 20:01:06 ubuntu kernel: [    1.560287] GICv3: CPU47: using allocated LPI pending table @0x00000027de790000
Nov 25 20:01:06 ubuntu kernel: [    1.560327] CPU47: Booted secondary processor 0x00001d0300 [0x481fd010]
Nov 25 20:01:06 ubuntu kernel: [    1.593109] Detected VIPT I-cache on CPU48
Nov 25 20:01:06 ubuntu kernel: [    1.593148] GICv3: CPU48: found redistributor 280000 region 48:0x00002000ae100000
Nov 25 20:01:06 ubuntu kernel: [    1.593167] GICv3: CPU48: using allocated LPI pending table @0x00000027de7a0000
Nov 25 20:01:06 ubuntu kernel: [    1.593234] CPU48: Booted secondary processor 0x0000280000 [0x481fd010]
Nov 25 20:01:06 ubuntu kernel: [    1.625896] Detected VIPT I-cache on CPU49
Nov 25 20:01:06 ubuntu kernel: [    1.625924] GICv3: CPU49: found redistributor 280100 region 49:0x00002000ae140000
Nov 25 20:01:06 ubuntu kernel: [    1.625931] GICv3: CPU49: using allocated LPI pending table @0x00000027de7b0000
Nov 25 20:01:06 ubuntu kernel: [    1.625982] CPU49: Booted secondary processor 0x0000280100 [0x481fd010]
Nov 25 20:01:06 ubuntu kernel: [    1.658707] Detected VIPT I-cache on CPU50
Nov 25 20:01:06 ubuntu kernel: [    1.658735] GICv3: CPU50: found redistributor 280200 region 50:0x00002000ae180000
Nov 25 20:01:06 ubuntu kernel: [    1.658741] GICv3: CPU50: using allocated LPI pending table @0x00000027de7c0000
Nov 25 20:01:06 ubuntu kernel: [    1.658792] CPU50: Booted secondary processor 0x0000280200 [0x481fd010]
Nov 25 20:01:06 ubuntu kernel: [    1.691518] Detected VIPT I-cache on CPU51
Nov 25 20:01:06 ubuntu kernel: [    1.691545] GICv3: CPU51: found redistributor 280300 region 51:0x00002000ae1c0000
Nov 25 20:01:06 ubuntu kernel: [    1.691552] GICv3: CPU51: using allocated LPI pending table @0x00000027de7d0000
Nov 25 20:01:06 ubuntu kernel: [    1.691603] CPU51: Booted secondary processor 0x0000280300 [0x481fd010]
Nov 25 20:01:06 ubuntu kernel: [    1.724505] Detected VIPT I-cache on CPU52
Nov 25 20:01:06 ubuntu kernel: [    1.724536] GICv3: CPU52: found redistributor 290000 region 52:0x00002000ae200000
Nov 25 20:01:06 ubuntu kernel: [    1.724550] GICv3: CPU52: using allocated LPI pending table @0x00000027de7e0000
Nov 25 20:01:06 ubuntu kernel: [    1.724602] CPU52: Booted secondary processor 0x0000290000 [0x481fd010]
Nov 25 20:01:06 ubuntu kernel: [    1.757485] Detected VIPT I-cache on CPU53
Nov 25 20:01:06 ubuntu kernel: [    1.757513] GICv3: CPU53: found redistributor 290100 region 53:0x00002000ae240000
Nov 25 20:01:06 ubuntu kernel: [    1.757520] GICv3: CPU53: using allocated LPI pending table @0x00000027de7f0000
Nov 25 20:01:06 ubuntu kernel: [    1.757570] CPU53: Booted secondary processor 0x0000290100 [0x481fd010]
Nov 25 20:01:06 ubuntu kernel: [    1.790469] Detected VIPT I-cache on CPU54
Nov 25 20:01:06 ubuntu kernel: [    1.790497] GICv3: CPU54: found redistributor 290200 region 54:0x00002000ae280000
Nov 25 20:01:06 ubuntu kernel: [    1.790504] GICv3: CPU54: using allocated LPI pending table @0x00000027de800000
Nov 25 20:01:06 ubuntu kernel: [    1.790556] CPU54: Booted secondary processor 0x0000290200 [0x481fd010]
Nov 25 20:01:06 ubuntu kernel: [    1.823453] Detected VIPT I-cache on CPU55
Nov 25 20:01:06 ubuntu kernel: [    1.823481] GICv3: CPU55: found redistributor 290300 region 55:0x00002000ae2c0000
Nov 25 20:01:06 ubuntu kernel: [    1.823488] GICv3: CPU55: using allocated LPI pending table @0x00000027de810000
Nov 25 20:01:06 ubuntu kernel: [    1.823538] CPU55: Booted secondary processor 0x0000290300 [0x481fd010]
Nov 25 20:01:06 ubuntu kernel: [    1.856616] Detected VIPT I-cache on CPU56
Nov 25 20:01:06 ubuntu kernel: [    1.856647] GICv3: CPU56: found redistributor 2a0000 region 56:0x00002000ae300000
Nov 25 20:01:06 ubuntu kernel: [    1.856661] GICv3: CPU56: using allocated LPI pending table @0x00000027de820000
Nov 25 20:01:06 ubuntu kernel: [    1.856715] CPU56: Booted secondary processor 0x00002a0000 [0x481fd010]
Nov 25 20:01:06 ubuntu kernel: [    1.889768] Detected VIPT I-cache on CPU57
Nov 25 20:01:06 ubuntu kernel: [    1.889797] GICv3: CPU57: found redistributor 2a0100 region 57:0x00002000ae340000
Nov 25 20:01:06 ubuntu kernel: [    1.889805] GICv3: CPU57: using allocated LPI pending table @0x00000027de830000
Nov 25 20:01:06 ubuntu kernel: [    1.889856] CPU57: Booted secondary processor 0x00002a0100 [0x481fd010]
Nov 25 20:01:06 ubuntu kernel: [    1.922927] Detected VIPT I-cache on CPU58
Nov 25 20:01:06 ubuntu kernel: [    1.922956] GICv3: CPU58: found redistributor 2a0200 region 58:0x00002000ae380000
Nov 25 20:01:06 ubuntu kernel: [    1.922963] GICv3: CPU58: using allocated LPI pending table @0x00000027de840000
Nov 25 20:01:06 ubuntu kernel: [    1.923014] CPU58: Booted secondary processor 0x00002a0200 [0x481fd010]
Nov 25 20:01:06 ubuntu kernel: [    1.956083] Detected VIPT I-cache on CPU59
Nov 25 20:01:06 ubuntu kernel: [    1.956113] GICv3: CPU59: found redistributor 2a0300 region 59:0x00002000ae3c0000
Nov 25 20:01:06 ubuntu kernel: [    1.956120] GICv3: CPU59: using allocated LPI pending table @0x00000027de850000
Nov 25 20:01:06 ubuntu kernel: [    1.956171] CPU59: Booted secondary processor 0x00002a0300 [0x481fd010]
Nov 25 20:01:06 ubuntu kernel: [    1.989419] Detected VIPT I-cache on CPU60
Nov 25 20:01:06 ubuntu kernel: [    1.989450] GICv3: CPU60: found redistributor 2b0000 region 60:0x00002000ae400000
Nov 25 20:01:06 ubuntu kernel: [    1.989465] GICv3: CPU60: using allocated LPI pending table @0x00000027de860000
Nov 25 20:01:06 ubuntu kernel: [    1.989520] CPU60: Booted secondary processor 0x00002b0000 [0x481fd010]
Nov 25 20:01:06 ubuntu kernel: [    2.022746] Detected VIPT I-cache on CPU61
Nov 25 20:01:06 ubuntu kernel: [    2.022775] GICv3: CPU61: found redistributor 2b0100 region 61:0x00002000ae440000
Nov 25 20:01:06 ubuntu kernel: [    2.022782] GICv3: CPU61: using allocated LPI pending table @0x00000027de870000
Nov 25 20:01:06 ubuntu kernel: [    2.022833] CPU61: Booted secondary processor 0x00002b0100 [0x481fd010]
Nov 25 20:01:06 ubuntu kernel: [    2.056077] Detected VIPT I-cache on CPU62
Nov 25 20:01:06 ubuntu kernel: [    2.056106] GICv3: CPU62: found redistributor 2b0200 region 62:0x00002000ae480000
Nov 25 20:01:06 ubuntu kernel: [    2.056113] GICv3: CPU62: using allocated LPI pending table @0x00000027de880000
Nov 25 20:01:06 ubuntu kernel: [    2.056165] CPU62: Booted secondary processor 0x00002b0200 [0x481fd010]
Nov 25 20:01:06 ubuntu kernel: [    2.089408] Detected VIPT I-cache on CPU63
Nov 25 20:01:06 ubuntu kernel: [    2.089438] GICv3: CPU63: found redistributor 2b0300 region 63:0x00002000ae4c0000
Nov 25 20:01:06 ubuntu kernel: [    2.089445] GICv3: CPU63: using allocated LPI pending table @0x00000027de890000
Nov 25 20:01:06 ubuntu kernel: [    2.089497] CPU63: Booted secondary processor 0x00002b0300 [0x481fd010]
Nov 25 20:01:06 ubuntu kernel: [    2.122224] Detected VIPT I-cache on CPU64
Nov 25 20:01:06 ubuntu kernel: [    2.122255] GICv3: CPU64: found redistributor 2c0000 region 64:0x00002000ae500000
Nov 25 20:01:06 ubuntu kernel: [    2.122270] GICv3: CPU64: using allocated LPI pending table @0x00000027de8a0000
Nov 25 20:01:06 ubuntu kernel: [    2.122325] CPU64: Booted secondary processor 0x00002c0000 [0x481fd010]
Nov 25 20:01:06 ubuntu kernel: [    2.155029] Detected VIPT I-cache on CPU65
Nov 25 20:01:06 ubuntu kernel: [    2.155058] GICv3: CPU65: found redistributor 2c0100 region 65:0x00002000ae540000
Nov 25 20:01:06 ubuntu kernel: [    2.155066] GICv3: CPU65: using allocated LPI pending table @0x00000027de8b0000
Nov 25 20:01:06 ubuntu kernel: [    2.155117] CPU65: Booted secondary processor 0x00002c0100 [0x481fd010]
Nov 25 20:01:06 ubuntu kernel: [    2.187839] Detected VIPT I-cache on CPU66
Nov 25 20:01:06 ubuntu kernel: [    2.187869] GICv3: CPU66: found redistributor 2c0200 region 66:0x00002000ae580000
Nov 25 20:01:06 ubuntu kernel: [    2.187876] GICv3: CPU66: using allocated LPI pending table @0x00000027de8c0000
Nov 25 20:01:06 ubuntu kernel: [    2.187928] CPU66: Booted secondary processor 0x00002c0200 [0x481fd010]
Nov 25 20:01:06 ubuntu kernel: [    2.220650] Detected VIPT I-cache on CPU67
Nov 25 20:01:06 ubuntu kernel: [    2.220679] GICv3: CPU67: found redistributor 2c0300 region 67:0x00002000ae5c0000
Nov 25 20:01:06 ubuntu kernel: [    2.220687] GICv3: CPU67: using allocated LPI pending table @0x00000027de8d0000
Nov 25 20:01:06 ubuntu kernel: [    2.220738] CPU67: Booted secondary processor 0x00002c0300 [0x481fd010]
Nov 25 20:01:06 ubuntu kernel: [    2.253638] Detected VIPT I-cache on CPU68
Nov 25 20:01:06 ubuntu kernel: [    2.253670] GICv3: CPU68: found redistributor 2d0000 region 68:0x00002000ae600000
Nov 25 20:01:06 ubuntu kernel: [    2.253686] GICv3: CPU68: using allocated LPI pending table @0x00000027de8e0000
Nov 25 20:01:06 ubuntu kernel: [    2.253741] CPU68: Booted secondary processor 0x00002d0000 [0x481fd010]
Nov 25 20:01:06 ubuntu kernel: [    2.286617] Detected VIPT I-cache on CPU69
Nov 25 20:01:06 ubuntu kernel: [    2.286647] GICv3: CPU69: found redistributor 2d0100 region 69:0x00002000ae640000
Nov 25 20:01:06 ubuntu kernel: [    2.286655] GICv3: CPU69: using allocated LPI pending table @0x00000027de8f0000
Nov 25 20:01:06 ubuntu kernel: [    2.286707] CPU69: Booted secondary processor 0x00002d0100 [0x481fd010]
Nov 25 20:01:06 ubuntu kernel: [    2.319601] Detected VIPT I-cache on CPU70
Nov 25 20:01:06 ubuntu kernel: [    2.319631] GICv3: CPU70: found redistributor 2d0200 region 70:0x00002000ae680000
Nov 25 20:01:06 ubuntu kernel: [    2.319639] GICv3: CPU70: using allocated LPI pending table @0x00000027de900000
Nov 25 20:01:06 ubuntu kernel: [    2.319690] CPU70: Booted secondary processor 0x00002d0200 [0x481fd010]
Nov 25 20:01:06 ubuntu kernel: [    2.352586] Detected VIPT I-cache on CPU71
Nov 25 20:01:06 ubuntu kernel: [    2.352615] GICv3: CPU71: found redistributor 2d0300 region 71:0x00002000ae6c0000
Nov 25 20:01:06 ubuntu kernel: [    2.352623] GICv3: CPU71: using allocated LPI pending table @0x00000027de910000
Nov 25 20:01:06 ubuntu kernel: [    2.352674] CPU71: Booted secondary processor 0x00002d0300 [0x481fd010]
Nov 25 20:01:06 ubuntu kernel: [    2.392715] Detected VIPT I-cache on CPU72
Nov 25 20:01:06 ubuntu kernel: [    2.392767] GICv3: CPU72: found redistributor 380000 region 72:0x00002000aa100000
Nov 25 20:01:06 ubuntu kernel: [    2.392789] GICv3: CPU72: using allocated LPI pending table @0x00000027de920000
Nov 25 20:01:06 ubuntu kernel: [    2.392871] CPU72: Booted secondary processor 0x0000380000 [0x481fd010]
Nov 25 20:01:06 ubuntu kernel: [    2.432791] Detected VIPT I-cache on CPU73
Nov 25 20:01:06 ubuntu kernel: [    2.432827] GICv3: CPU73: found redistributor 380100 region 73:0x00002000aa140000
Nov 25 20:01:06 ubuntu kernel: [    2.432835] GICv3: CPU73: using allocated LPI pending table @0x00000027de930000
Nov 25 20:01:06 ubuntu kernel: [    2.432892] CPU73: Booted secondary processor 0x0000380100 [0x481fd010]
Nov 25 20:01:06 ubuntu kernel: [    2.472893] Detected VIPT I-cache on CPU74
Nov 25 20:01:06 ubuntu kernel: [    2.472929] GICv3: CPU74: found redistributor 380200 region 74:0x00002000aa180000
Nov 25 20:01:06 ubuntu kernel: [    2.472937] GICv3: CPU74: using allocated LPI pending table @0x00000027de940000
Nov 25 20:01:06 ubuntu kernel: [    2.472993] CPU74: Booted secondary processor 0x0000380200 [0x481fd010]
Nov 25 20:01:06 ubuntu kernel: [    2.512994] Detected VIPT I-cache on CPU75
Nov 25 20:01:06 ubuntu kernel: [    2.513029] GICv3: CPU75: found redistributor 380300 region 75:0x00002000aa1c0000
Nov 25 20:01:06 ubuntu kernel: [    2.513037] GICv3: CPU75: using allocated LPI pending table @0x00000027de950000
Nov 25 20:01:06 ubuntu kernel: [    2.513093] CPU75: Booted secondary processor 0x0000380300 [0x481fd010]
Nov 25 20:01:06 ubuntu kernel: [    2.553273] Detected VIPT I-cache on CPU76
Nov 25 20:01:06 ubuntu kernel: [    2.553311] GICv3: CPU76: found redistributor 390000 region 76:0x00002000aa200000
Nov 25 20:01:06 ubuntu kernel: [    2.553328] GICv3: CPU76: using allocated LPI pending table @0x00000027de960000
Nov 25 20:01:06 ubuntu kernel: [    2.553388] CPU76: Booted secondary processor 0x0000390000 [0x481fd010]
Nov 25 20:01:06 ubuntu kernel: [    2.593545] Detected VIPT I-cache on CPU77
Nov 25 20:01:06 ubuntu kernel: [    2.593581] GICv3: CPU77: found redistributor 390100 region 77:0x00002000aa240000
Nov 25 20:01:06 ubuntu kernel: [    2.593589] GICv3: CPU77: using allocated LPI pending table @0x00000027de970000
Nov 25 20:01:06 ubuntu kernel: [    2.593646] CPU77: Booted secondary processor 0x0000390100 [0x481fd010]
Nov 25 20:01:06 ubuntu kernel: [    2.633820] Detected VIPT I-cache on CPU78
Nov 25 20:01:06 ubuntu kernel: [    2.633856] GICv3: CPU78: found redistributor 390200 region 78:0x00002000aa280000
Nov 25 20:01:06 ubuntu kernel: [    2.633865] GICv3: CPU78: using allocated LPI pending table @0x00000027de980000
Nov 25 20:01:06 ubuntu kernel: [    2.633921] CPU78: Booted secondary processor 0x0000390200 [0x481fd010]
Nov 25 20:01:06 ubuntu kernel: [    2.674095] Detected VIPT I-cache on CPU79
Nov 25 20:01:06 ubuntu kernel: [    2.674131] GICv3: CPU79: found redistributor 390300 region 79:0x00002000aa2c0000
Nov 25 20:01:06 ubuntu kernel: [    2.674139] GICv3: CPU79: using allocated LPI pending table @0x00000027de990000
Nov 25 20:01:06 ubuntu kernel: [    2.674196] CPU79: Booted secondary processor 0x0000390300 [0x481fd010]
Nov 25 20:01:06 ubuntu kernel: [    2.714547] Detected VIPT I-cache on CPU80
Nov 25 20:01:06 ubuntu kernel: [    2.714586] GICv3: CPU80: found redistributor 3a0000 region 80:0x00002000aa300000
Nov 25 20:01:06 ubuntu kernel: [    2.714601] GICv3: CPU80: using allocated LPI pending table @0x00000027de9a0000
Nov 25 20:01:06 ubuntu kernel: [    2.714661] CPU80: Booted secondary processor 0x00003a0000 [0x481fd010]
Nov 25 20:01:06 ubuntu kernel: [    2.754993] Detected VIPT I-cache on CPU81
Nov 25 20:01:06 ubuntu kernel: [    2.755030] GICv3: CPU81: found redistributor 3a0100 region 81:0x00002000aa340000
Nov 25 20:01:06 ubuntu kernel: [    2.755038] GICv3: CPU81: using allocated LPI pending table @0x00000027de9b0000
Nov 25 20:01:06 ubuntu kernel: [    2.755095] CPU81: Booted secondary processor 0x00003a0100 [0x481fd010]
Nov 25 20:01:06 ubuntu kernel: [    2.795441] Detected VIPT I-cache on CPU82
Nov 25 20:01:06 ubuntu kernel: [    2.795478] GICv3: CPU82: found redistributor 3a0200 region 82:0x00002000aa380000
Nov 25 20:01:06 ubuntu kernel: [    2.795486] GICv3: CPU82: using allocated LPI pending table @0x00000027de9c0000
Nov 25 20:01:06 ubuntu kernel: [    2.795544] CPU82: Booted secondary processor 0x00003a0200 [0x481fd010]
Nov 25 20:01:06 ubuntu kernel: [    2.835890] Detected VIPT I-cache on CPU83
Nov 25 20:01:06 ubuntu kernel: [    2.835927] GICv3: CPU83: found redistributor 3a0300 region 83:0x00002000aa3c0000
Nov 25 20:01:06 ubuntu kernel: [    2.835935] GICv3: CPU83: using allocated LPI pending table @0x00000027de9d0000
Nov 25 20:01:06 ubuntu kernel: [    2.835992] CPU83: Booted secondary processor 0x00003a0300 [0x481fd010]
Nov 25 20:01:06 ubuntu kernel: [    2.876517] Detected VIPT I-cache on CPU84
Nov 25 20:01:06 ubuntu kernel: [    2.876556] GICv3: CPU84: found redistributor 3b0000 region 84:0x00002000aa400000
Nov 25 20:01:06 ubuntu kernel: [    2.876572] GICv3: CPU84: using allocated LPI pending table @0x00000027de9e0000
Nov 25 20:01:06 ubuntu kernel: [    2.876632] CPU84: Booted secondary processor 0x00003b0000 [0x481fd010]
Nov 25 20:01:06 ubuntu kernel: [    2.917135] Detected VIPT I-cache on CPU85
Nov 25 20:01:06 ubuntu kernel: [    2.917173] GICv3: CPU85: found redistributor 3b0100 region 85:0x00002000aa440000
Nov 25 20:01:06 ubuntu kernel: [    2.917182] GICv3: CPU85: using allocated LPI pending table @0x00000027de9f0000
Nov 25 20:01:06 ubuntu kernel: [    2.917239] CPU85: Booted secondary processor 0x00003b0100 [0x481fd010]
Nov 25 20:01:06 ubuntu kernel: [    2.957757] Detected VIPT I-cache on CPU86
Nov 25 20:01:06 ubuntu kernel: [    2.957795] GICv3: CPU86: found redistributor 3b0200 region 86:0x00002000aa480000
Nov 25 20:01:06 ubuntu kernel: [    2.957804] GICv3: CPU86: using allocated LPI pending table @0x00000027dea00000
Nov 25 20:01:06 ubuntu kernel: [    2.957861] CPU86: Booted secondary processor 0x00003b0200 [0x481fd010]
Nov 25 20:01:06 ubuntu kernel: [    2.998380] Detected VIPT I-cache on CPU87
Nov 25 20:01:06 ubuntu kernel: [    2.998418] GICv3: CPU87: found redistributor 3b0300 region 87:0x00002000aa4c0000
Nov 25 20:01:06 ubuntu kernel: [    2.998426] GICv3: CPU87: using allocated LPI pending table @0x00000027dea10000
Nov 25 20:01:06 ubuntu kernel: [    2.998483] CPU87: Booted secondary processor 0x00003b0300 [0x481fd010]
Nov 25 20:01:06 ubuntu kernel: [    3.038485] Detected VIPT I-cache on CPU88
Nov 25 20:01:06 ubuntu kernel: [    3.038523] GICv3: CPU88: found redistributor 3c0000 region 88:0x00002000aa500000
Nov 25 20:01:06 ubuntu kernel: [    3.038540] GICv3: CPU88: using allocated LPI pending table @0x00000027dea20000
Nov 25 20:01:06 ubuntu kernel: [    3.038600] CPU88: Booted secondary processor 0x00003c0000 [0x481fd010]
Nov 25 20:01:06 ubuntu kernel: [    3.078583] Detected VIPT I-cache on CPU89
Nov 25 20:01:06 ubuntu kernel: [    3.078620] GICv3: CPU89: found redistributor 3c0100 region 89:0x00002000aa540000
Nov 25 20:01:06 ubuntu kernel: [    3.078629] GICv3: CPU89: using allocated LPI pending table @0x00000027dea30000
Nov 25 20:01:06 ubuntu kernel: [    3.078686] CPU89: Booted secondary processor 0x00003c0100 [0x481fd010]
Nov 25 20:01:06 ubuntu kernel: [    3.118684] Detected VIPT I-cache on CPU90
Nov 25 20:01:06 ubuntu kernel: [    3.118721] GICv3: CPU90: found redistributor 3c0200 region 90:0x00002000aa580000
Nov 25 20:01:06 ubuntu kernel: [    3.118730] GICv3: CPU90: using allocated LPI pending table @0x00000027dea40000
Nov 25 20:01:06 ubuntu kernel: [    3.118786] CPU90: Booted secondary processor 0x00003c0200 [0x481fd010]
Nov 25 20:01:06 ubuntu kernel: [    3.158787] Detected VIPT I-cache on CPU91
Nov 25 20:01:06 ubuntu kernel: [    3.158824] GICv3: CPU91: found redistributor 3c0300 region 91:0x00002000aa5c0000
Nov 25 20:01:06 ubuntu kernel: [    3.158833] GICv3: CPU91: using allocated LPI pending table @0x00000027dea50000
Nov 25 20:01:06 ubuntu kernel: [    3.158889] CPU91: Booted secondary processor 0x00003c0300 [0x481fd010]
Nov 25 20:01:06 ubuntu kernel: [    3.199065] Detected VIPT I-cache on CPU92
Nov 25 20:01:06 ubuntu kernel: [    3.199104] GICv3: CPU92: found redistributor 3d0000 region 92:0x00002000aa600000
Nov 25 20:01:06 ubuntu kernel: [    3.199120] GICv3: CPU92: using allocated LPI pending table @0x00000027dea60000
Nov 25 20:01:06 ubuntu kernel: [    3.199181] CPU92: Booted secondary processor 0x00003d0000 [0x481fd010]
Nov 25 20:01:06 ubuntu kernel: [    3.239337] Detected VIPT I-cache on CPU93
Nov 25 20:01:06 ubuntu kernel: [    3.239374] GICv3: CPU93: found redistributor 3d0100 region 93:0x00002000aa640000
Nov 25 20:01:06 ubuntu kernel: [    3.239383] GICv3: CPU93: using allocated LPI pending table @0x00000027dea70000
Nov 25 20:01:06 ubuntu kernel: [    3.239440] CPU93: Booted secondary processor 0x00003d0100 [0x481fd010]
Nov 25 20:01:06 ubuntu kernel: [    3.279612] Detected VIPT I-cache on CPU94
Nov 25 20:01:06 ubuntu kernel: [    3.279650] GICv3: CPU94: found redistributor 3d0200 region 94:0x00002000aa680000
Nov 25 20:01:06 ubuntu kernel: [    3.279658] GICv3: CPU94: using allocated LPI pending table @0x00000027dea80000
Nov 25 20:01:06 ubuntu kernel: [    3.279716] CPU94: Booted secondary processor 0x00003d0200 [0x481fd010]
Nov 25 20:01:06 ubuntu kernel: [    3.319887] Detected VIPT I-cache on CPU95
Nov 25 20:01:06 ubuntu kernel: [    3.319924] GICv3: CPU95: found redistributor 3d0300 region 95:0x00002000aa6c0000
Nov 25 20:01:06 ubuntu kernel: [    3.319933] GICv3: CPU95: using allocated LPI pending table @0x00000027dea90000
Nov 25 20:01:06 ubuntu kernel: [    3.319990] CPU95: Booted secondary processor 0x00003d0300 [0x481fd010]
Nov 25 20:01:06 ubuntu kernel: [    3.320859] smp: Brought up 4 nodes, 96 CPUs
Nov 25 20:01:06 ubuntu kernel: [    3.321396] SMP: Total of 96 processors activated.
Nov 25 20:01:06 ubuntu kernel: [    3.321398] CPU features: detected: Privileged Access Never
Nov 25 20:01:06 ubuntu kernel: [    3.321400] CPU features: detected: LSE atomic instructions
Nov 25 20:01:06 ubuntu kernel: [    3.321402] CPU features: detected: User Access Override
Nov 25 20:01:06 ubuntu kernel: [    3.321404] CPU features: detected: Common not Private translations
Nov 25 20:01:06 ubuntu kernel: [    3.321406] CPU features: detected: Data cache clean to Point of Persistence
Nov 25 20:01:06 ubuntu kernel: [    3.321409] CPU features: detected: RAS Extension Support
Nov 25 20:01:06 ubuntu kernel: [    3.321411] CPU features: detected: CRC32 instructions
Nov 25 20:01:06 ubuntu kernel: [    3.328355] CPU: All CPU(s) started at EL2
Nov 25 20:01:06 ubuntu kernel: [    3.344112] devtmpfs: initialized
Nov 25 20:01:06 ubuntu kernel: [    3.346696] Registered cp15_barrier emulation handler
Nov 25 20:01:06 ubuntu kernel: [    3.346735] Registered setend emulation handler
Nov 25 20:01:06 ubuntu kernel: [    3.347138] clocksource: jiffies: mask: 0xffffffff max_cycles: 0xffffffff, max_idle_ns: 7645041785100000 ns
Nov 25 20:01:06 ubuntu kernel: [    3.347531] futex hash table entries: 32768 (order: 9, 2097152 bytes, vmalloc)
Nov 25 20:01:06 ubuntu kernel: [    3.348388] pinctrl core: initialized pinctrl subsystem
Nov 25 20:01:06 ubuntu kernel: [    3.348628] SMBIOS 3.1.1 present.
Nov 25 20:01:06 ubuntu kernel: [    3.348633] DMI: Huawei TaiShan 200 (Model 2280)/BC82AMDDA, BIOS 1.06 10/29/2019
Nov 25 20:01:06 ubuntu kernel: [    3.348974] NET: Registered protocol family 16
Nov 25 20:01:06 ubuntu kernel: [    3.349958] audit: initializing netlink subsys (disabled)
Nov 25 20:01:06 ubuntu kernel: [    3.350009] audit: type=2000 audit(0.424:1): state=initialized audit_enabled=0 res=1
Nov 25 20:01:06 ubuntu kernel: [    3.350290] cpuidle: using governor ladder
Nov 25 20:01:06 ubuntu kernel: [    3.350395] cpuidle: using governor menu
Nov 25 20:01:06 ubuntu kernel: [    3.350405] Detected 1 PCC Subspaces
Nov 25 20:01:06 ubuntu kernel: [    3.350432] Registering PCC driver as Mailbox controller
Nov 25 20:01:06 ubuntu kernel: [    3.350480] hw-breakpoint: found 6 breakpoint and 4 watchpoint registers.
Nov 25 20:01:06 ubuntu kernel: [    3.352210] DMA: preallocated 256 KiB pool for atomic allocations
Nov 25 20:01:06 ubuntu kernel: [    3.352283] ACPI: bus type PCI registered
Nov 25 20:01:06 ubuntu kernel: [    3.352286] acpiphp: ACPI Hot Plug PCI Controller Driver version: 0.5
Nov 25 20:01:06 ubuntu kernel: [    3.352379] Serial: AMBA PL011 UART driver
Nov 25 20:01:06 ubuntu kernel: [    3.358222] HugeTLB registered 1.00 GiB page size, pre-allocated 0 pages
Nov 25 20:01:06 ubuntu kernel: [    3.358226] HugeTLB registered 32.0 MiB page size, pre-allocated 0 pages
Nov 25 20:01:06 ubuntu kernel: [    3.358228] HugeTLB registered 2.00 MiB page size, pre-allocated 0 pages
Nov 25 20:01:06 ubuntu kernel: [    3.358230] HugeTLB registered 64.0 KiB page size, pre-allocated 0 pages
Nov 25 20:01:06 ubuntu kernel: [    3.361995] fbcon: Taking over console
Nov 25 20:01:06 ubuntu kernel: [    3.362375] ACPI: Added _OSI(Module Device)
Nov 25 20:01:06 ubuntu kernel: [    3.362377] ACPI: Added _OSI(Processor Device)
Nov 25 20:01:06 ubuntu kernel: [    3.362379] ACPI: Added _OSI(3.0 _SCP Extensions)
Nov 25 20:01:06 ubuntu kernel: [    3.362381] ACPI: Added _OSI(Processor Aggregator Device)
Nov 25 20:01:06 ubuntu kernel: [    3.362384] ACPI: Added _OSI(Linux-Dell-Video)
Nov 25 20:01:06 ubuntu kernel: [    3.362386] ACPI: Added _OSI(Linux-Lenovo-NV-HDMI-Audio)
Nov 25 20:01:06 ubuntu kernel: [    3.362388] ACPI: Added _OSI(Linux-HPI-Hybrid-Graphics)
Nov 25 20:01:06 ubuntu kernel: [    3.370942] ACPI: 2 ACPI AML tables successfully acquired and loaded
Nov 25 20:01:06 ubuntu kernel: [    3.374142] ACPI: Interpreter enabled
Nov 25 20:01:06 ubuntu kernel: [    3.374146] ACPI: Using GIC for interrupt routing
Nov 25 20:01:06 ubuntu kernel: [    3.374159] ACPI: MCFG table detected, 1 entries
Nov 25 20:01:06 ubuntu kernel: [    3.374164] ACPI: IORT: SMMU-v3[148000000] Mapped to Proximity domain 0
Nov 25 20:01:06 ubuntu kernel: [    3.374201] ACPI: IORT: SMMU-v3[201000000] Mapped to Proximity domain 0
Nov 25 20:01:06 ubuntu kernel: [    3.374226] ACPI: IORT: SMMU-v3[100000000] Mapped to Proximity domain 0
Nov 25 20:01:06 ubuntu kernel: [    3.374251] ACPI: IORT: SMMU-v3[140000000] Mapped to Proximity domain 0
Nov 25 20:01:06 ubuntu kernel: [    3.374272] ACPI: IORT: SMMU-v3[200148000000] Mapped to Proximity domain 2
Nov 25 20:01:06 ubuntu kernel: [    3.374293] ACPI: IORT: SMMU-v3[200201000000] Mapped to Proximity domain 2
Nov 25 20:01:06 ubuntu kernel: [    3.374315] ACPI: IORT: SMMU-v3[200100000000] Mapped to Proximity domain 2
Nov 25 20:01:06 ubuntu kernel: [    3.374340] ACPI: IORT: SMMU-v3[200140000000] Mapped to Proximity domain 2
Nov 25 20:01:06 ubuntu kernel: [    3.374940] HEST: Table parsing has been initialized.
Nov 25 20:01:06 ubuntu kernel: [    3.401332] ACPI: PCI Root Bridge [PCI0] (domain 0000 [bus 00-3f])
Nov 25 20:01:06 ubuntu kernel: [    3.401339] acpi PNP0A08:00: _OSC: OS supports [ExtendedConfig ASPM ClockPM Segments MSI HPX-Type3]
Nov 25 20:01:06 ubuntu kernel: [    3.401437] acpi PNP0A08:00: _OSC: platform does not support [SHPCHotplug LTR]
Nov 25 20:01:06 ubuntu kernel: [    3.401519] acpi PNP0A08:00: _OSC: OS now controls [PCIeHotplug PME AER PCIeCapability]
Nov 25 20:01:06 ubuntu kernel: [    3.402073] acpi PNP0A08:00: ECAM area [mem 0xd0000000-0xd3ffffff] reserved by PNP0C02:00
Nov 25 20:01:06 ubuntu kernel: [    3.402084] acpi PNP0A08:00: ECAM at [mem 0xd0000000-0xd3ffffff] for [bus 00-3f]
Nov 25 20:01:06 ubuntu kernel: [    3.402105] Remapped I/O 0x00000000f7ff0000 to [io  0x0000-0xffff window]
Nov 25 20:01:06 ubuntu kernel: [    3.402156] PCI host bridge to bus 0000:00
Nov 25 20:01:06 ubuntu kernel: [    3.402160] pci_bus 0000:00: root bus resource [mem 0x80000000000-0x82fffffffff pref window]
Nov 25 20:01:06 ubuntu kernel: [    3.402163] pci_bus 0000:00: root bus resource [mem 0xe0000000-0xf7feffff window]
Nov 25 20:01:06 ubuntu kernel: [    3.402166] pci_bus 0000:00: root bus resource [io  0x0000-0xffff window]
Nov 25 20:01:06 ubuntu kernel: [    3.402169] pci_bus 0000:00: root bus resource [bus 00-3f]
Nov 25 20:01:06 ubuntu kernel: [    3.402199] pci 0000:00:00.0: [19e5:a120] type 01 class 0x060400
Nov 25 20:01:06 ubuntu kernel: [    3.402261] pci 0000:00:00.0: PME# supported from D0 D1 D2 D3hot D3cold
Nov 25 20:01:06 ubuntu kernel: [    3.402316] pci 0000:00:04.0: [19e5:a120] type 01 class 0x060400
Nov 25 20:01:06 ubuntu kernel: [    3.402373] pci 0000:00:04.0: PME# supported from D0 D1 D2 D3hot D3cold
Nov 25 20:01:06 ubuntu kernel: [    3.402417] pci 0000:00:08.0: [19e5:a120] type 01 class 0x060400
Nov 25 20:01:06 ubuntu kernel: [    3.402467] pci 0000:00:08.0: PME# supported from D0 D1 D2 D3hot D3cold
Nov 25 20:01:06 ubuntu kernel: [    3.402510] pci 0000:00:0c.0: [19e5:a120] type 01 class 0x060400
Nov 25 20:01:06 ubuntu kernel: [    3.402561] pci 0000:00:0c.0: PME# supported from D0 D1 D2 D3hot D3cold
Nov 25 20:01:06 ubuntu kernel: [    3.402608] pci 0000:00:10.0: [19e5:a120] type 01 class 0x060400
Nov 25 20:01:06 ubuntu kernel: [    3.402659] pci 0000:00:10.0: PME# supported from D0 D1 D2 D3hot D3cold
Nov 25 20:01:06 ubuntu kernel: [    3.402710] pci 0000:00:11.0: [19e5:a120] type 01 class 0x060400
Nov 25 20:01:06 ubuntu kernel: [    3.402761] pci 0000:00:11.0: PME# supported from D0 D1 D2 D3hot D3cold
Nov 25 20:01:06 ubuntu kernel: [    3.402810] pci 0000:00:12.0: [19e5:a120] type 01 class 0x060400
Nov 25 20:01:06 ubuntu kernel: [    3.402860] pci 0000:00:12.0: PME# supported from D0 D1 D2 D3hot D3cold
Nov 25 20:01:06 ubuntu kernel: [    3.402976] pci 0000:03:00.0: [1000:0016] type 00 class 0x010400
Nov 25 20:01:06 ubuntu kernel: [    3.402998] pci 0000:03:00.0: reg 0x10: [mem 0x80000100000-0x800001fffff 64bit pref]
Nov 25 20:01:06 ubuntu kernel: [    3.403007] pci 0000:03:00.0: reg 0x18: [mem 0x80000000000-0x800000fffff 64bit pref]
Nov 25 20:01:06 ubuntu kernel: [    3.403015] pci 0000:03:00.0: reg 0x20: [mem 0xe6400000-0xe64fffff]
Nov 25 20:01:06 ubuntu kernel: [    3.403022] pci 0000:03:00.0: reg 0x24: [io  0x0000-0x00ff]
Nov 25 20:01:06 ubuntu kernel: [    3.403029] pci 0000:03:00.0: reg 0x30: [mem 0xe6300000-0xe63fffff pref]
Nov 25 20:01:06 ubuntu kernel: [    3.403096] pci 0000:03:00.0: supports D1 D2
Nov 25 20:01:06 ubuntu kernel: [    3.403217] pci 0000:05:00.0: [19e5:1710] type 00 class 0x118000
Nov 25 20:01:06 ubuntu kernel: [    3.403243] pci 0000:05:00.0: reg 0x10: [mem 0xe0000000-0xe3ffffff pref]
Nov 25 20:01:06 ubuntu kernel: [    3.403253] pci 0000:05:00.0: reg 0x14: [mem 0xe6200000-0xe62fffff]
Nov 25 20:01:06 ubuntu kernel: [    3.403402] pci 0000:05:00.0: supports D1
Nov 25 20:01:06 ubuntu kernel: [    3.403404] pci 0000:05:00.0: PME# supported from D0 D1 D3hot
Nov 25 20:01:06 ubuntu kernel: [    3.403531] pci 0000:06:00.0: [19e5:1711] type 00 class 0x030000
Nov 25 20:01:06 ubuntu kernel: [    3.403561] pci 0000:06:00.0: reg 0x10: [mem 0xe4000000-0xe5ffffff pref]
Nov 25 20:01:06 ubuntu kernel: [    3.403574] pci 0000:06:00.0: reg 0x14: [mem 0xe6000000-0xe61fffff]
Nov 25 20:01:06 ubuntu kernel: [    3.403697] pci 0000:06:00.0: BAR 0: assigned to efifb
Nov 25 20:01:06 ubuntu kernel: [    3.403756] pci 0000:06:00.0: supports D1
Nov 25 20:01:06 ubuntu kernel: [    3.403758] pci 0000:06:00.0: PME# supported from D0 D1 D3hot
Nov 25 20:01:06 ubuntu kernel: [    3.403882] pci_bus 0000:00: on NUMA node 0
Nov 25 20:01:06 ubuntu kernel: [    3.403884] pci 0000:00:00.0: PCI bridge to [bus 01]
Nov 25 20:01:06 ubuntu kernel: [    3.403889] pci 0000:00:04.0: PCI bridge to [bus 02]
Nov 25 20:01:06 ubuntu kernel: [    3.403893] pci 0000:00:08.0: PCI bridge to [bus 03]
Nov 25 20:01:06 ubuntu kernel: [    3.403896] pci 0000:00:08.0:   bridge window [io  0x0000-0x0fff]
Nov 25 20:01:06 ubuntu kernel: [    3.403899] pci 0000:00:08.0:   bridge window [mem 0xe6300000-0xe64fffff]
Nov 25 20:01:06 ubuntu kernel: [    3.403902] pci 0000:00:08.0:   bridge window [mem 0x80000000000-0x800001fffff 64bit pref]
Nov 25 20:01:06 ubuntu kernel: [    3.403906] pci 0000:00:0c.0: PCI bridge to [bus 04]
Nov 25 20:01:06 ubuntu kernel: [    3.403910] pci 0000:00:10.0: PCI bridge to [bus 05]
Nov 25 20:01:06 ubuntu kernel: [    3.403914] pci 0000:00:10.0:   bridge window [mem 0xe6200000-0xe62fffff]
Nov 25 20:01:06 ubuntu kernel: [    3.403917] pci 0000:00:10.0:   bridge window [mem 0xe0000000-0xe3ffffff 64bit pref]
Nov 25 20:01:06 ubuntu kernel: [    3.403920] pci 0000:00:11.0: PCI bridge to [bus 06]
Nov 25 20:01:06 ubuntu kernel: [    3.403923] pci 0000:00:11.0:   bridge window [mem 0xe6000000-0xe61fffff]
Nov 25 20:01:06 ubuntu kernel: [    3.403927] pci 0000:00:11.0:   bridge window [mem 0xe4000000-0xe5ffffff 64bit pref]
Nov 25 20:01:06 ubuntu kernel: [    3.403930] pci 0000:00:12.0: PCI bridge to [bus 07]
Nov 25 20:01:06 ubuntu kernel: [    3.403939] pci 0000:00:00.0: PCI bridge to [bus 01]
Nov 25 20:01:06 ubuntu kernel: [    3.403944] pci 0000:00:04.0: PCI bridge to [bus 02]
Nov 25 20:01:06 ubuntu kernel: [    3.403949] pci 0000:00:08.0: PCI bridge to [bus 03]
Nov 25 20:01:06 ubuntu kernel: [    3.403951] pci 0000:00:08.0:   bridge window [io  0x0000-0x0fff]
Nov 25 20:01:06 ubuntu kernel: [    3.403954] pci 0000:00:08.0:   bridge window [mem 0xe6300000-0xe64fffff]
Nov 25 20:01:06 ubuntu kernel: [    3.403958] pci 0000:00:08.0:   bridge window [mem 0x80000000000-0x800001fffff 64bit pref]
Nov 25 20:01:06 ubuntu kernel: [    3.403961] pci 0000:00:0c.0: PCI bridge to [bus 04]
Nov 25 20:01:06 ubuntu kernel: [    3.403965] pci 0000:00:10.0: PCI bridge to [bus 05]
Nov 25 20:01:06 ubuntu kernel: [    3.403969] pci 0000:00:10.0:   bridge window [mem 0xe6200000-0xe62fffff]
Nov 25 20:01:06 ubuntu kernel: [    3.403972] pci 0000:00:10.0:   bridge window [mem 0xe0000000-0xe3ffffff 64bit pref]
Nov 25 20:01:06 ubuntu kernel: [    3.403975] pci 0000:00:11.0: PCI bridge to [bus 06]
Nov 25 20:01:06 ubuntu kernel: [    3.403978] pci 0000:00:11.0:   bridge window [mem 0xe6000000-0xe61fffff]
Nov 25 20:01:06 ubuntu kernel: [    3.403981] pci 0000:00:11.0:   bridge window [mem 0xe4000000-0xe5ffffff 64bit pref]
Nov 25 20:01:06 ubuntu kernel: [    3.403985] pci 0000:00:12.0: PCI bridge to [bus 07]
Nov 25 20:01:06 ubuntu kernel: [    3.403990] pci_bus 0000:00: resource 4 [mem 0x80000000000-0x82fffffffff pref window]
Nov 25 20:01:06 ubuntu kernel: [    3.403993] pci_bus 0000:00: resource 5 [mem 0xe0000000-0xf7feffff window]
Nov 25 20:01:06 ubuntu kernel: [    3.403995] pci_bus 0000:00: resource 6 [io  0x0000-0xffff window]
Nov 25 20:01:06 ubuntu kernel: [    3.403998] pci_bus 0000:03: resource 0 [io  0x0000-0x0fff]
Nov 25 20:01:06 ubuntu kernel: [    3.404000] pci_bus 0000:03: resource 1 [mem 0xe6300000-0xe64fffff]
Nov 25 20:01:06 ubuntu kernel: [    3.404003] pci_bus 0000:03: resource 2 [mem 0x80000000000-0x800001fffff 64bit pref]
Nov 25 20:01:06 ubuntu kernel: [    3.404006] pci_bus 0000:05: resource 1 [mem 0xe6200000-0xe62fffff]
Nov 25 20:01:06 ubuntu kernel: [    3.404008] pci_bus 0000:05: resource 2 [mem 0xe0000000-0xe3ffffff 64bit pref]
Nov 25 20:01:06 ubuntu kernel: [    3.404012] pci_bus 0000:06: resource 1 [mem 0xe6000000-0xe61fffff]
Nov 25 20:01:06 ubuntu kernel: [    3.404014] pci_bus 0000:06: resource 2 [mem 0xe4000000-0xe5ffffff 64bit pref]
Nov 25 20:01:06 ubuntu kernel: [    3.404049] ACPI: PCI Root Bridge [PCI1] (domain 0000 [bus 7b])
Nov 25 20:01:06 ubuntu kernel: [    3.404054] acpi PNP0A08:01: _OSC: OS supports [ExtendedConfig ASPM ClockPM Segments MSI HPX-Type3]
Nov 25 20:01:06 ubuntu kernel: [    3.404145] acpi PNP0A08:01: _OSC: platform does not support [PCIeHotplug SHPCHotplug PME AER LTR]
Nov 25 20:01:06 ubuntu kernel: [    3.404225] acpi PNP0A08:01: _OSC: OS now controls [PCIeCapability]
Nov 25 20:01:06 ubuntu kernel: [    3.404776] acpi PNP0A08:01: ECAM area [mem 0xd7b00000-0xd7bfffff] reserved by PNP0C02:00
Nov 25 20:01:06 ubuntu kernel: [    3.404792] acpi PNP0A08:01: ECAM at [mem 0xd7b00000-0xd7bfffff] for [bus 7b]
Nov 25 20:01:06 ubuntu kernel: [    3.404842] PCI host bridge to bus 0000:7b
Nov 25 20:01:06 ubuntu kernel: [    3.404846] pci_bus 0000:7b: root bus resource [mem 0x148800000-0x148ffffff pref window]
Nov 25 20:01:06 ubuntu kernel: [    3.404849] pci_bus 0000:7b: root bus resource [bus 7b]
Nov 25 20:01:06 ubuntu kernel: [    3.404855] pci 0000:7b:00.0: [19e5:a122] type 00 class 0x088000
Nov 25 20:01:06 ubuntu kernel: [    3.404863] pci 0000:7b:00.0: reg 0x18: [mem 0x00000000-0x00003fff 64bit pref]
Nov 25 20:01:06 ubuntu kernel: [    3.404913] pci_bus 0000:7b: on NUMA node 0
Nov 25 20:01:06 ubuntu kernel: [    3.404917] pci 0000:7b:00.0: BAR 2: assigned [mem 0x148800000-0x148803fff 64bit pref]
Nov 25 20:01:06 ubuntu kernel: [    3.404922] pci_bus 0000:7b: resource 4 [mem 0x148800000-0x148ffffff pref window]
Nov 25 20:01:06 ubuntu kernel: [    3.404946] ACPI: PCI Root Bridge [PCI2] (domain 0000 [bus 7a])
Nov 25 20:01:06 ubuntu kernel: [    3.404950] acpi PNP0A08:02: _OSC: OS supports [ExtendedConfig ASPM ClockPM Segments MSI HPX-Type3]
Nov 25 20:01:06 ubuntu kernel: [    3.405038] acpi PNP0A08:02: _OSC: platform does not support [PCIeHotplug SHPCHotplug PME AER LTR]
Nov 25 20:01:06 ubuntu kernel: [    3.405118] acpi PNP0A08:02: _OSC: OS now controls [PCIeCapability]
Nov 25 20:01:06 ubuntu kernel: [    3.405657] acpi PNP0A08:02: ECAM area [mem 0xd7a00000-0xd7afffff] reserved by PNP0C02:00
Nov 25 20:01:06 ubuntu kernel: [    3.405672] acpi PNP0A08:02: ECAM at [mem 0xd7a00000-0xd7afffff] for [bus 7a]
Nov 25 20:01:06 ubuntu kernel: [    3.405716] PCI host bridge to bus 0000:7a
Nov 25 20:01:06 ubuntu kernel: [    3.405719] pci_bus 0000:7a: root bus resource [mem 0x20c000000-0x20c1fffff pref window]
Nov 25 20:01:06 ubuntu kernel: [    3.405722] pci_bus 0000:7a: root bus resource [bus 7a]
Nov 25 20:01:06 ubuntu kernel: [    3.405729] pci 0000:7a:00.0: [19e5:a23b] type 00 class 0x0c0310
Nov 25 20:01:06 ubuntu kernel: [    3.405735] pci 0000:7a:00.0: reg 0x10: [mem 0x20c100000-0x20c100fff 64bit pref]
Nov 25 20:01:06 ubuntu kernel: [    3.405777] pci 0000:7a:01.0: [19e5:a239] type 00 class 0x0c0320
Nov 25 20:01:06 ubuntu kernel: [    3.405783] pci 0000:7a:01.0: reg 0x10: [mem 0x20c101000-0x20c101fff 64bit pref]
Nov 25 20:01:06 ubuntu kernel: [    3.405822] pci 0000:7a:02.0: [19e5:a238] type 00 class 0x0c0330
Nov 25 20:01:06 ubuntu kernel: [    3.405828] pci 0000:7a:02.0: reg 0x10: [mem 0x20c000000-0x20c0fffff 64bit pref]
Nov 25 20:01:06 ubuntu kernel: [    3.405874] pci_bus 0000:7a: on NUMA node 0
Nov 25 20:01:06 ubuntu kernel: [    3.405877] pci 0000:7a:02.0: BAR 0: assigned [mem 0x20c000000-0x20c0fffff 64bit pref]
Nov 25 20:01:06 ubuntu kernel: [    3.405881] pci 0000:7a:00.0: BAR 0: assigned [mem 0x20c100000-0x20c100fff 64bit pref]
Nov 25 20:01:06 ubuntu kernel: [    3.405886] pci 0000:7a:01.0: BAR 0: assigned [mem 0x20c101000-0x20c101fff 64bit pref]
Nov 25 20:01:06 ubuntu kernel: [    3.405891] pci_bus 0000:7a: resource 4 [mem 0x20c000000-0x20c1fffff pref window]
Nov 25 20:01:06 ubuntu kernel: [    3.405915] ACPI: PCI Root Bridge [PCI3] (domain 0000 [bus 78-79])
Nov 25 20:01:06 ubuntu kernel: [    3.405919] acpi PNP0A08:03: _OSC: OS supports [ExtendedConfig ASPM ClockPM Segments MSI HPX-Type3]
Nov 25 20:01:06 ubuntu kernel: [    3.406006] acpi PNP0A08:03: _OSC: platform does not support [PCIeHotplug SHPCHotplug PME AER LTR]
Nov 25 20:01:06 ubuntu kernel: [    3.406086] acpi PNP0A08:03: _OSC: OS now controls [PCIeCapability]
Nov 25 20:01:06 ubuntu kernel: [    3.406630] acpi PNP0A08:03: ECAM area [mem 0xd7800000-0xd79fffff] reserved by PNP0C02:00
Nov 25 20:01:06 ubuntu kernel: [    3.406637] acpi PNP0A08:03: ECAM at [mem 0xd7800000-0xd79fffff] for [bus 78-79]
Nov 25 20:01:06 ubuntu kernel: [    3.406698] PCI host bridge to bus 0000:78
Nov 25 20:01:06 ubuntu kernel: [    3.406701] pci_bus 0000:78: root bus resource [mem 0x208000000-0x208bfffff pref window]
Nov 25 20:01:06 ubuntu kernel: [    3.406704] pci_bus 0000:78: root bus resource [bus 78-79]
Nov 25 20:01:06 ubuntu kernel: [    3.406716] pci_bus 0000:78: on NUMA node 0
Nov 25 20:01:06 ubuntu kernel: [    3.406718] pci_bus 0000:78: resource 4 [mem 0x208000000-0x208bfffff pref window]
Nov 25 20:01:06 ubuntu kernel: [    3.406744] ACPI: PCI Root Bridge [PCI4] (domain 0000 [bus 7c-7d])
Nov 25 20:01:06 ubuntu kernel: [    3.406748] acpi PNP0A08:04: _OSC: OS supports [ExtendedConfig ASPM ClockPM Segments MSI HPX-Type3]
Nov 25 20:01:06 ubuntu kernel: [    3.406834] acpi PNP0A08:04: _OSC: platform does not support [PCIeHotplug SHPCHotplug PME AER LTR]
Nov 25 20:01:06 ubuntu kernel: [    3.406914] acpi PNP0A08:04: _OSC: OS now controls [PCIeCapability]
Nov 25 20:01:06 ubuntu kernel: [    3.407447] acpi PNP0A08:04: ECAM area [mem 0xd7c00000-0xd7dfffff] reserved by PNP0C02:00
Nov 25 20:01:06 ubuntu kernel: [    3.407454] acpi PNP0A08:04: ECAM at [mem 0xd7c00000-0xd7dfffff] for [bus 7c-7d]
Nov 25 20:01:06 ubuntu kernel: [    3.407507] PCI host bridge to bus 0000:7c
Nov 25 20:01:06 ubuntu kernel: [    3.407510] pci_bus 0000:7c: root bus resource [mem 0x120000000-0x13fffffff pref window]
Nov 25 20:01:06 ubuntu kernel: [    3.407513] pci_bus 0000:7c: root bus resource [bus 7c-7d]
Nov 25 20:01:06 ubuntu kernel: [    3.407521] pci 0000:7c:00.0: [19e5:a121] type 01 class 0x060400
Nov 25 20:01:06 ubuntu kernel: [    3.407530] pci 0000:7c:00.0: enabling Extended Tags
Nov 25 20:01:06 ubuntu kernel: [    3.407600] pci 0000:7d:00.0: [19e5:a222] type 00 class 0x020000
Nov 25 20:01:06 ubuntu kernel: [    3.407607] pci 0000:7d:00.0: reg 0x10: [mem 0x1210f0000-0x1210fffff 64bit pref]
Nov 25 20:01:06 ubuntu kernel: [    3.407612] pci 0000:7d:00.0: reg 0x18: [mem 0x120f00000-0x120ffffff 64bit pref]
Nov 25 20:01:06 ubuntu kernel: [    3.407634] pci 0000:7d:00.0: reg 0x224: [mem 0x1210c0000-0x1210cffff 64bit pref]
Nov 25 20:01:06 ubuntu kernel: [    3.407638] pci 0000:7d:00.0: VF(n) BAR0 space: [mem 0x1210c0000-0x1210effff 64bit pref] (contains BAR0 for 3 VFs)
Nov 25 20:01:06 ubuntu kernel: [    3.407643] pci 0000:7d:00.0: reg 0x22c: [mem 0x120c00000-0x120cfffff 64bit pref]
Nov 25 20:01:06 ubuntu kernel: [    3.407646] pci 0000:7d:00.0: VF(n) BAR2 space: [mem 0x120c00000-0x120efffff 64bit pref] (contains BAR2 for 3 VFs)
Nov 25 20:01:06 ubuntu kernel: [    3.407688] pci 0000:7d:00.1: [19e5:a221] type 00 class 0x020000
Nov 25 20:01:06 ubuntu kernel: [    3.407694] pci 0000:7d:00.1: reg 0x10: [mem 0x1210b0000-0x1210bffff 64bit pref]
Nov 25 20:01:06 ubuntu kernel: [    3.407699] pci 0000:7d:00.1: reg 0x18: [mem 0x120b00000-0x120bfffff 64bit pref]
Nov 25 20:01:06 ubuntu kernel: [    3.407720] pci 0000:7d:00.1: reg 0x224: [mem 0x121080000-0x12108ffff 64bit pref]
Nov 25 20:01:06 ubuntu kernel: [    3.407723] pci 0000:7d:00.1: VF(n) BAR0 space: [mem 0x121080000-0x1210affff 64bit pref] (contains BAR0 for 3 VFs)
Nov 25 20:01:06 ubuntu kernel: [    3.407728] pci 0000:7d:00.1: reg 0x22c: [mem 0x120800000-0x1208fffff 64bit pref]
Nov 25 20:01:06 ubuntu kernel: [    3.407731] pci 0000:7d:00.1: VF(n) BAR2 space: [mem 0x120800000-0x120afffff 64bit pref] (contains BAR2 for 3 VFs)
Nov 25 20:01:06 ubuntu kernel: [    3.407767] pci 0000:7d:00.2: [19e5:a222] type 00 class 0x020000
Nov 25 20:01:06 ubuntu kernel: [    3.407774] pci 0000:7d:00.2: reg 0x10: [mem 0x121070000-0x12107ffff 64bit pref]
Nov 25 20:01:06 ubuntu kernel: [    3.407779] pci 0000:7d:00.2: reg 0x18: [mem 0x120700000-0x1207fffff 64bit pref]
Nov 25 20:01:06 ubuntu kernel: [    3.407799] pci 0000:7d:00.2: reg 0x224: [mem 0x121040000-0x12104ffff 64bit pref]
Nov 25 20:01:06 ubuntu kernel: [    3.407802] pci 0000:7d:00.2: VF(n) BAR0 space: [mem 0x121040000-0x12106ffff 64bit pref] (contains BAR0 for 3 VFs)
Nov 25 20:01:06 ubuntu kernel: [    3.407807] pci 0000:7d:00.2: reg 0x22c: [mem 0x120400000-0x1204fffff 64bit pref]
Nov 25 20:01:06 ubuntu kernel: [    3.407811] pci 0000:7d:00.2: VF(n) BAR2 space: [mem 0x120400000-0x1206fffff 64bit pref] (contains BAR2 for 3 VFs)
Nov 25 20:01:06 ubuntu kernel: [    3.407846] pci 0000:7d:00.3: [19e5:a221] type 00 class 0x020000
Nov 25 20:01:06 ubuntu kernel: [    3.407852] pci 0000:7d:00.3: reg 0x10: [mem 0x121030000-0x12103ffff 64bit pref]
Nov 25 20:01:06 ubuntu kernel: [    3.407857] pci 0000:7d:00.3: reg 0x18: [mem 0x120300000-0x1203fffff 64bit pref]
Nov 25 20:01:06 ubuntu kernel: [    3.407877] pci 0000:7d:00.3: reg 0x224: [mem 0x121000000-0x12100ffff 64bit pref]
Nov 25 20:01:06 ubuntu kernel: [    3.407880] pci 0000:7d:00.3: VF(n) BAR0 space: [mem 0x121000000-0x12102ffff 64bit pref] (contains BAR0 for 3 VFs)
Nov 25 20:01:06 ubuntu kernel: [    3.407886] pci 0000:7d:00.3: reg 0x22c: [mem 0x120000000-0x1200fffff 64bit pref]
Nov 25 20:01:06 ubuntu kernel: [    3.407889] pci 0000:7d:00.3: VF(n) BAR2 space: [mem 0x120000000-0x1202fffff 64bit pref] (contains BAR2 for 3 VFs)
Nov 25 20:01:06 ubuntu kernel: [    3.407925] pci_bus 0000:7c: on NUMA node 0
Nov 25 20:01:06 ubuntu kernel: [    3.407930] pci 0000:7c:00.0: bridge window [mem 0x00100000-0x005fffff 64bit pref] to [bus 7d] add_size c00000 add_align 100000
Nov 25 20:01:06 ubuntu kernel: [    3.407936] pci 0000:7c:00.0: BAR 15: assigned [mem 0x120000000-0x1210fffff 64bit pref]
Nov 25 20:01:06 ubuntu kernel: [    3.407943] pci 0000:7d:00.0: BAR 2: assigned [mem 0x120000000-0x1200fffff 64bit pref]
Nov 25 20:01:06 ubuntu kernel: [    3.407947] pci 0000:7d:00.0: BAR 9: assigned [mem 0x120100000-0x1203fffff 64bit pref]
Nov 25 20:01:06 ubuntu kernel: [    3.407951] pci 0000:7d:00.1: BAR 2: assigned [mem 0x120400000-0x1204fffff 64bit pref]
Nov 25 20:01:06 ubuntu kernel: [    3.407955] pci 0000:7d:00.1: BAR 9: assigned [mem 0x120500000-0x1207fffff 64bit pref]
Nov 25 20:01:06 ubuntu kernel: [    3.407959] pci 0000:7d:00.2: BAR 2: assigned [mem 0x120800000-0x1208fffff 64bit pref]
Nov 25 20:01:06 ubuntu kernel: [    3.407963] pci 0000:7d:00.2: BAR 9: assigned [mem 0x120900000-0x120bfffff 64bit pref]
Nov 25 20:01:06 ubuntu kernel: [    3.407966] pci 0000:7d:00.3: BAR 2: assigned [mem 0x120c00000-0x120cfffff 64bit pref]
Nov 25 20:01:06 ubuntu kernel: [    3.407971] pci 0000:7d:00.3: BAR 9: assigned [mem 0x120d00000-0x120ffffff 64bit pref]
Nov 25 20:01:06 ubuntu kernel: [    3.407974] pci 0000:7d:00.0: BAR 0: assigned [mem 0x121000000-0x12100ffff 64bit pref]
Nov 25 20:01:06 ubuntu kernel: [    3.407978] pci 0000:7d:00.0: BAR 7: assigned [mem 0x121010000-0x12103ffff 64bit pref]
Nov 25 20:01:06 ubuntu kernel: [    3.407982] pci 0000:7d:00.1: BAR 0: assigned [mem 0x121040000-0x12104ffff 64bit pref]
Nov 25 20:01:06 ubuntu kernel: [    3.407986] pci 0000:7d:00.1: BAR 7: assigned [mem 0x121050000-0x12107ffff 64bit pref]
Nov 25 20:01:06 ubuntu kernel: [    3.407990] pci 0000:7d:00.2: BAR 0: assigned [mem 0x121080000-0x12108ffff 64bit pref]
Nov 25 20:01:06 ubuntu kernel: [    3.407994] pci 0000:7d:00.2: BAR 7: assigned [mem 0x121090000-0x1210bffff 64bit pref]
Nov 25 20:01:06 ubuntu kernel: [    3.407998] pci 0000:7d:00.3: BAR 0: assigned [mem 0x1210c0000-0x1210cffff 64bit pref]
Nov 25 20:01:06 ubuntu kernel: [    3.408002] pci 0000:7d:00.3: BAR 7: assigned [mem 0x1210d0000-0x1210fffff 64bit pref]
Nov 25 20:01:06 ubuntu kernel: [    3.408006] pci 0000:7c:00.0: PCI bridge to [bus 7d]
Nov 25 20:01:06 ubuntu kernel: [    3.408010] pci 0000:7c:00.0:   bridge window [mem 0x120000000-0x1210fffff 64bit pref]
Nov 25 20:01:06 ubuntu kernel: [    3.408014] pci_bus 0000:7c: resource 4 [mem 0x120000000-0x13fffffff pref window]
Nov 25 20:01:06 ubuntu kernel: [    3.408017] pci_bus 0000:7d: resource 2 [mem 0x120000000-0x1210fffff 64bit pref]
Nov 25 20:01:06 ubuntu kernel: [    3.408048] ACPI: PCI Root Bridge [PCI5] (domain 0000 [bus 74-76])
Nov 25 20:01:06 ubuntu kernel: [    3.408052] acpi PNP0A08:05: _OSC: OS supports [ExtendedConfig ASPM ClockPM Segments MSI HPX-Type3]
Nov 25 20:01:06 ubuntu kernel: [    3.408140] acpi PNP0A08:05: _OSC: platform does not support [PCIeHotplug SHPCHotplug PME AER LTR]
Nov 25 20:01:06 ubuntu kernel: [    3.408220] acpi PNP0A08:05: _OSC: OS now controls [PCIeCapability]
Nov 25 20:01:06 ubuntu kernel: [    3.408761] acpi PNP0A08:05: ECAM area [mem 0xd7400000-0xd76fffff] reserved by PNP0C02:00
Nov 25 20:01:06 ubuntu kernel: [    3.408776] acpi PNP0A08:05: ECAM at [mem 0xd7400000-0xd76fffff] for [bus 74-76]
Nov 25 20:01:06 ubuntu kernel: [    3.408852] PCI host bridge to bus 0000:74
Nov 25 20:01:06 ubuntu kernel: [    3.408855] pci_bus 0000:74: root bus resource [mem 0x141000000-0x141ffffff pref window]
Nov 25 20:01:06 ubuntu kernel: [    3.408859] pci_bus 0000:74: root bus resource [mem 0x144000000-0x145ffffff pref window]
Nov 25 20:01:06 ubuntu kernel: [    3.408862] pci_bus 0000:74: root bus resource [mem 0xa2000000-0xa2ffffff window]
