Nov 25 16:36:48 ubuntu systemd[1]: Starting Flush Journal to Persistent Storage...
Nov 25 16:36:48 ubuntu kernel: [    0.000000] Booting Linux on physical CPU 0x0000080000 [0x481fd010]
Nov 25 16:36:48 ubuntu kernel: [    0.000000] Linux version 5.7.1 (root@ubuntu) (gcc version 7.5.0 (Ubuntu/Linaro 7.5.0-3ubuntu1~18.04), GNU ld (GNU Binutils for Ubuntu) 2.30) #1 SMP Wed Nov 25 14:40:10 CST 2020
Nov 25 16:36:48 ubuntu kernel: [    0.000000] efi: EFI v2.70 by EDK II
Nov 25 16:36:48 ubuntu kernel: [    0.000000] efi:  ACPI 2.0=0x2fc50000  SMBIOS 3.0=0x2fbf0000  MEMATTR=0x35e92018  ESRT=0x36117b18  MEMRESERVE=0x2fb93018 
Nov 25 16:36:48 ubuntu kernel: [    0.000000] esrt: Reserving ESRT space from 0x0000000036117b18 to 0x0000000036117b50.
Nov 25 16:36:48 ubuntu systemd[1]: Started Load/Save Random Seed.
Nov 25 16:36:48 ubuntu kernel: [    0.000000] cma: Reserved 32 MiB at 0x000000007e000000
Nov 25 16:36:48 ubuntu kernel: [    0.000000] ACPI: Early table checksum verification disabled
Nov 25 16:36:48 ubuntu kernel: [    0.000000] ACPI: RSDP 0x000000002FC50000 000024 (v02 HISI  )
Nov 25 16:36:48 ubuntu kernel: [    0.000000] ACPI: XSDT 0x000000002FC40000 0000A4 (v01 HISI   HIP08    00000000      01000013)
Nov 25 16:36:48 ubuntu kernel: [    0.000000] ACPI: FACP 0x000000002F790000 000114 (v06 HISI   HIP08    00000000 HISI 20151124)
Nov 25 16:36:48 ubuntu kernel: [    0.000000] ACPI: DSDT 0x000000002F530000 00C441 (v02 HISI   HIP08    00000000 INTL 20181213)
Nov 25 16:36:48 ubuntu systemd[1]: Started udev Coldplug all Devices.
Nov 25 16:36:48 ubuntu kernel: [    0.000000] ACPI: PCCT 0x000000002FC30000 00008A (v01 HISI   HIP08    00000000 HISI 20151124)
Nov 25 16:36:48 ubuntu kernel: [    0.000000] ACPI: SSDT 0x000000002FC20000 00E64A (v02 HISI   HIP07    00000000 INTL 20181213)
Nov 25 16:36:48 ubuntu kernel: [    0.000000] ACPI: BERT 0x000000002FBC0000 000030 (v01 HISI   HIP08    00000000 HISI 20151124)
Nov 25 16:36:48 ubuntu kernel: [    0.000000] ACPI: HEST 0x000000002FBA0000 00058C (v01 HISI   HIP08    00000000 HISI 20151124)
Nov 25 16:36:48 ubuntu systemd-modules-load[1504]: Inserted module 'lp'
Nov 25 16:36:48 ubuntu kernel: [    0.000000] ACPI: ERST 0x000000002FB60000 000230 (v01 HISI   HIP08    00000000 HISI 20151124)
Nov 25 16:36:48 ubuntu kernel: [    0.000000] ACPI: EINJ 0x000000002FB50000 000170 (v01 HISI   HIP08    00000000 HISI 20151124)
Nov 25 16:36:48 ubuntu kernel: [    0.000000] ACPI: GTDT 0x000000002F590000 00007C (v02 HISI   HIP08    00000000 HISI 20151124)
Nov 25 16:36:48 ubuntu kernel: [    0.000000] ACPI: MCFG 0x000000002F580000 00003C (v01 HISI   HIP08    00000000 HISI 20151124)
Nov 25 16:36:48 ubuntu kernel: [    0.000000] ACPI: SLIT 0x000000002F570000 00003C (v01 HISI   HIP08    00000000 HISI 20151124)
Nov 25 16:36:48 ubuntu kernel: [    0.000000] ACPI: SRAT 0x000000002F560000 0007D0 (v03 HISI   HIP08    00000000 HISI 20151124)
Nov 25 16:36:48 ubuntu kernel: [    0.000000] ACPI: SDEI 0x000000002F550000 000030 (v01 HISI   HIP08    00000000 HISI 20151124)
Nov 25 16:36:48 ubuntu systemd-modules-load[1504]: Inserted module 'ppdev'
Nov 25 16:36:48 ubuntu kernel: [    0.000000] ACPI: APIC 0x000000002F540000 001E6C (v04 HISI   HIP08    00000000 HISI 20151124)
Nov 25 16:36:48 ubuntu systemd-modules-load[1504]: Failed to find module 'parport_pc'
Nov 25 16:36:48 ubuntu systemd[1]: Started Create Static Device Nodes in /dev.
Nov 25 16:36:48 ubuntu systemd[1]: Starting udev Kernel Device Manager...
Nov 25 16:36:48 ubuntu systemd[1]: Activated swap /swapfile.
Nov 25 16:36:48 ubuntu systemd[1]: Started LVM2 metadata daemon.
Nov 25 16:36:48 ubuntu kernel: [    0.000000] ACPI: IORT 0x000000002F520000 001678 (v00 HISI   HIP08    00000000 INTL 20181213)
Nov 25 16:36:48 ubuntu systemd[1]: Reached target Swap.
Nov 25 16:36:48 ubuntu kernel: [    0.000000] ACPI: PPTT 0x000000002ECE0000 0031B0 (v01 HISI   HIP08    00000000 HISI 20151124)
Nov 25 16:36:48 ubuntu kernel: [    0.000000] ACPI: SPMI 0x000000002ECD0000 000041 (v05 HISI   HIP08    00000000 HISI 20151124)
Nov 25 16:36:48 ubuntu kernel: [    0.000000] ACPI: SRAT: Node 0 PXM 0 [mem 0x2080000000-0x27ffffffff]
Nov 25 16:36:48 ubuntu kernel: [    0.000000] ACPI: SRAT: Node 1 PXM 1 [mem 0x2800000000-0x2fffffffff]
Nov 25 16:36:48 ubuntu systemd[1]: Started Monitoring of LVM2 mirrors, snapshots etc. using dmeventd or progress polling.
Nov 25 16:36:48 ubuntu kernel: [    0.000000] ACPI: SRAT: Node 0 PXM 0 [mem 0x00000000-0x7fffffff]
Nov 25 16:36:48 ubuntu kernel: [    0.000000] ACPI: SRAT: Node 2 PXM 2 [mem 0x202000000000-0x2027ffffffff]
Nov 25 16:36:48 ubuntu kernel: [    0.000000] ACPI: SRAT: Node 3 PXM 3 [mem 0x202800000000-0x202fffffffff]
Nov 25 16:36:48 ubuntu systemd-modules-load[1504]: Inserted module 'iscsi_tcp'
Nov 25 16:36:48 ubuntu systemd[1]: Started Set the console keyboard layout.
Nov 25 16:36:48 ubuntu systemd[1]: Reached target Local File Systems (Pre).
Nov 25 16:36:48 ubuntu systemd-modules-load[1504]: Inserted module 'ib_iser'
Nov 25 16:36:48 ubuntu kernel: [    0.000000] NUMA: NODE_DATA [mem 0x27ffffc300-0x27ffffffff]
Nov 25 16:36:48 ubuntu systemd[1]: systemd-modules-load.service: Main process exited, code=exited, status=1/FAILURE
Nov 25 16:36:48 ubuntu kernel: [    0.000000] NUMA: NODE_DATA [mem 0x2fffffc300-0x2fffffffff]
Nov 25 16:36:48 ubuntu kernel: [    0.000000] NUMA: NODE_DATA [mem 0x2027ffffc300-0x2027ffffffff]
Nov 25 16:36:48 ubuntu kernel: [    0.000000] NUMA: NODE_DATA [mem 0x202ff0000300-0x202ff0003fff]
Nov 25 16:36:48 ubuntu kernel: [    0.000000] Zone ranges:
Nov 25 16:36:48 ubuntu kernel: [    0.000000]   DMA      [mem 0x0000000000000000-0x000000003fffffff]
Nov 25 16:36:48 ubuntu kernel: [    0.000000]   DMA32    [mem 0x0000000040000000-0x00000000ffffffff]
Nov 25 16:36:48 ubuntu kernel: [    0.000000]   Normal   [mem 0x0000000100000000-0x0000202fffffffff]
Nov 25 16:36:48 ubuntu kernel: [    0.000000] Movable zone start for each node
Nov 25 16:36:48 ubuntu systemd[1]: systemd-modules-load.service: Failed with result 'exit-code'.
Nov 25 16:36:48 ubuntu kernel: [    0.000000] Early memory node ranges
Nov 25 16:36:48 ubuntu kernel: [    0.000000]   node   0: [mem 0x0000000000000000-0x000000000000ffff]
Nov 25 16:36:48 ubuntu kernel: [    0.000000]   node   0: [mem 0x0000000000010000-0x000000002e4f2fff]
Nov 25 16:36:48 ubuntu kernel: [    0.000000]   node   0: [mem 0x000000002e4f3000-0x000000002eccffff]
Nov 25 16:36:48 ubuntu systemd[1]: Failed to start Load Kernel Modules.
Nov 25 16:36:48 ubuntu kernel: [    0.000000]   node   0: [mem 0x000000002ecd0000-0x000000002f59ffff]
Nov 25 16:36:48 ubuntu kernel: [    0.000000]   node   0: [mem 0x000000002f5a0000-0x000000002f78ffff]
Nov 25 16:36:48 ubuntu kernel: [    0.000000]   node   0: [mem 0x000000002f790000-0x000000002f79ffff]
Nov 25 16:36:48 ubuntu kernel: [    0.000000]   node   0: [mem 0x000000002f7a0000-0x000000002f87ffff]
Nov 25 16:36:48 ubuntu systemd[1]: Mounting FUSE Control File System...
Nov 25 16:36:48 ubuntu kernel: [    0.000000]   node   0: [mem 0x000000002f880000-0x000000002f8bffff]
Nov 25 16:36:48 ubuntu kernel: [    0.000000]   node   0: [mem 0x000000002f8c0000-0x000000002f95ffff]
Nov 25 16:36:48 ubuntu systemd[1]: Mounting Kernel Configuration File System...
Nov 25 16:36:48 ubuntu kernel: [    0.000000]   node   0: [mem 0x000000002f960000-0x000000002f97ffff]
Nov 25 16:36:48 ubuntu kernel: [    0.000000]   node   0: [mem 0x000000002f980000-0x000000002fabffff]
Nov 25 16:36:48 ubuntu systemd[1]: Starting Apply Kernel Variables...
Nov 25 16:36:48 ubuntu kernel: [    0.000000]   node   0: [mem 0x000000002fac0000-0x000000002fb6ffff]
Nov 25 16:36:48 ubuntu kernel: [    0.000000]   node   0: [mem 0x000000002fb70000-0x000000002fb71fff]
Nov 25 16:36:48 ubuntu kernel: [    0.000000]   node   0: [mem 0x000000002fb72000-0x000000002fb7ffff]
Nov 25 16:36:48 ubuntu kernel: [    0.000000]   node   0: [mem 0x000000002fb80000-0x000000002fb80fff]
Nov 25 16:36:48 ubuntu kernel: [    0.000000]   node   0: [mem 0x000000002fb81000-0x000000002fb8ffff]
Nov 25 16:36:48 ubuntu systemd[1]: Mounted FUSE Control File System.
Nov 25 16:36:48 ubuntu kernel: [    0.000000]   node   0: [mem 0x000000002fb90000-0x000000002fb91fff]
Nov 25 16:36:48 ubuntu kernel: [    0.000000]   node   0: [mem 0x000000002fb92000-0x000000002fbaffff]
Nov 25 16:36:48 ubuntu kernel: [    0.000000]   node   0: [mem 0x000000002fbb0000-0x000000002fbb1fff]
Nov 25 16:36:48 ubuntu kernel: [    0.000000]   node   0: [mem 0x000000002fbb2000-0x000000002fbcffff]
Nov 25 16:36:48 ubuntu kernel: [    0.000000]   node   0: [mem 0x000000002fbd0000-0x000000002fbd0fff]
Nov 25 16:36:48 ubuntu kernel: [    0.000000]   node   0: [mem 0x000000002fbd1000-0x000000002fbdffff]
Nov 25 16:36:48 ubuntu systemd[1]: Mounted Kernel Configuration File System.
Nov 25 16:36:48 ubuntu kernel: [    0.000000]   node   0: [mem 0x000000002fbe0000-0x000000002fbfffff]
Nov 25 16:36:48 ubuntu kernel: [    0.000000]   node   0: [mem 0x000000002fc00000-0x000000002fc5ffff]
Nov 25 16:36:48 ubuntu kernel: [    0.000000]   node   0: [mem 0x000000002fc60000-0x000000002fe5ffff]
Nov 25 16:36:48 ubuntu kernel: [    0.000000]   node   0: [mem 0x000000002fe60000-0x000000002fe60fff]
Nov 25 16:36:48 ubuntu systemd[1]: Started Apply Kernel Variables.
Nov 25 16:36:48 ubuntu kernel: [    0.000000]   node   0: [mem 0x000000002fe61000-0x000000002fe64fff]
Nov 25 16:36:48 ubuntu kernel: [    0.000000]   node   0: [mem 0x000000002fe65000-0x000000002fe6afff]
Nov 25 16:36:48 ubuntu kernel: [    0.000000]   node   0: [mem 0x000000002fe6b000-0x000000002fe6bfff]
Nov 25 16:36:48 ubuntu systemd[1]: Started udev Kernel Device Manager.
Nov 25 16:36:48 ubuntu kernel: [    0.000000]   node   0: [mem 0x000000002fe6c000-0x000000003f02ffff]
Nov 25 16:36:48 ubuntu kernel: [    0.000000]   node   0: [mem 0x000000003f030000-0x000000003f05ffff]
Nov 25 16:36:48 ubuntu kernel: [    0.000000]   node   0: [mem 0x000000003f060000-0x000000003fbfffff]
Nov 25 16:36:48 ubuntu kernel: [    0.000000]   node   0: [mem 0x0000000040000000-0x0000000043ffffff]
Nov 25 16:36:48 ubuntu kernel: [    0.000000]   node   0: [mem 0x0000000044030000-0x000000004fffffff]
Nov 25 16:36:48 ubuntu systemd[1]: Started Dispatch Password Requests to Console Directory Watch.
Nov 25 16:36:48 ubuntu kernel: [    0.000000]   node   0: [mem 0x0000000050000000-0x000000007fffffff]
Nov 25 16:36:48 ubuntu kernel: [    0.000000]   node   0: [mem 0x0000002080000000-0x00000027ffffffff]
Nov 25 16:36:48 ubuntu kernel: [    0.000000]   node   1: [mem 0x0000002800000000-0x0000002fffffffff]
Nov 25 16:36:48 ubuntu kernel: [    0.000000]   node   2: [mem 0x0000202000000000-0x00002027ffffffff]
Nov 25 16:36:48 ubuntu systemd[1]: Reached target Local Encrypted Volumes.
Nov 25 16:36:48 ubuntu kernel: [    0.000000]   node   3: [mem 0x0000202800000000-0x0000202fffffffff]
Nov 25 16:36:48 ubuntu kernel: [    0.000000] Zeroed struct page in unavailable ranges: 829 pages
Nov 25 16:36:48 ubuntu kernel: [    0.000000] Initmem setup node 0 [mem 0x0000000000000000-0x00000027ffffffff]
Nov 25 16:36:48 ubuntu kernel: [    0.000000] On node 0 totalpages: 8387536
Nov 25 16:36:48 ubuntu systemd-udevd[1591]: link_config: autonegotiation is unset or enabled, the speed and duplex are not writable.
Nov 25 16:36:48 ubuntu kernel: [    0.000000]   DMA zone: 5120 pages used for memmap
Nov 25 16:36:48 ubuntu kernel: [    0.000000]   DMA zone: 0 pages reserved
Nov 25 16:36:48 ubuntu kernel: [    0.000000]   DMA zone: 261120 pages, LIFO batch:63
Nov 25 16:36:48 ubuntu kernel: [    0.000000]   DMA32 zone: 5120 pages used for memmap
Nov 25 16:36:48 ubuntu kernel: [    0.000000]   DMA32 zone: 262096 pages, LIFO batch:63
Nov 25 16:36:48 ubuntu kernel: [    0.000000]   Normal zone: 153600 pages used for memmap
Nov 25 16:36:48 ubuntu kernel: [    0.000000]   Normal zone: 7864320 pages, LIFO batch:63
Nov 25 16:36:48 ubuntu systemd-udevd[1631]: link_config: autonegotiation is unset or enabled, the speed and duplex are not writable.
Nov 25 16:36:48 ubuntu kernel: [    0.000000] Initmem setup node 1 [mem 0x0000002800000000-0x0000002fffffffff]
Nov 25 16:36:48 ubuntu kernel: [    0.000000] On node 1 totalpages: 8388608
Nov 25 16:36:48 ubuntu kernel: [    0.000000]   Normal zone: 163840 pages used for memmap
Nov 25 16:36:48 ubuntu kernel: [    0.000000]   Normal zone: 8388608 pages, LIFO batch:63
Nov 25 16:36:48 ubuntu systemd-udevd[1567]: link_config: autonegotiation is unset or enabled, the speed and duplex are not writable.
Nov 25 16:36:48 ubuntu kernel: [    0.000000] Initmem setup node 2 [mem 0x0000202000000000-0x00002027ffffffff]
Nov 25 16:36:48 ubuntu kernel: [    0.000000] On node 2 totalpages: 8388608
Nov 25 16:36:48 ubuntu kernel: [    0.000000]   Normal zone: 163840 pages used for memmap
Nov 25 16:36:48 ubuntu kernel: [    0.000000]   Normal zone: 8388608 pages, LIFO batch:63
Nov 25 16:36:48 ubuntu systemd[1]: Started Flush Journal to Persistent Storage.
Nov 25 16:36:48 ubuntu kernel: [    0.000000] Initmem setup node 3 [mem 0x0000202800000000-0x0000202fffffffff]
Nov 25 16:36:48 ubuntu kernel: [    0.000000] On node 3 totalpages: 8388608
Nov 25 16:36:48 ubuntu kernel: [    0.000000]   Normal zone: 163840 pages used for memmap
Nov 25 16:36:48 ubuntu kernel: [    0.000000]   Normal zone: 8388608 pages, LIFO batch:63
Nov 25 16:36:48 ubuntu kernel: [    0.000000] psci: probing for conduit method from ACPI.
Nov 25 16:36:48 ubuntu systemd-udevd[1677]: link_config: autonegotiation is unset or enabled, the speed and duplex are not writable.
Nov 25 16:36:48 ubuntu kernel: [    0.000000] psci: PSCIv1.1 detected in firmware.
Nov 25 16:36:48 ubuntu kernel: [    0.000000] psci: Using standard PSCI v0.2 function IDs
Nov 25 16:36:48 ubuntu kernel: [    0.000000] psci: MIGRATE_INFO_TYPE not supported.
Nov 25 16:36:48 ubuntu kernel: [    0.000000] psci: SMC Calling Convention v1.1
Nov 25 16:36:48 ubuntu systemd[1]: Listening on Load/Save RF Kill Switch Status /dev/rfkill Watch.
Nov 25 16:36:48 ubuntu systemd-udevd[1633]: link_config: autonegotiation is unset or enabled, the speed and duplex are not writable.
Nov 25 16:36:48 ubuntu mtp-probe: checking bus 5, device 3: "/sys/devices/pci0000:7a/0000:7a:02.0/usb5/5-1/5-1.2"
Nov 25 16:36:48 ubuntu mtp-probe: checking bus 1, device 3: "/sys/devices/pci0000:7a/0000:7a:01.0/usb1/1-1/1-1.1"
Nov 25 16:36:48 ubuntu mtp-probe: bus: 5, device: 3 was not an MTP device
Nov 25 16:36:48 ubuntu mtp-probe: bus: 1, device: 3 was not an MTP device
Nov 25 16:36:48 ubuntu systemd[1]: Found device HW-SAS3508 EFI\x20System\x20Partition.
Nov 25 16:36:48 ubuntu systemd[1]: Starting File System Check on /dev/disk/by-uuid/71BE-99A8...
Nov 25 16:36:48 ubuntu systemd[1]: Started File System Check Daemon to report status.
Nov 25 16:36:48 ubuntu systemd-fsck[1961]: fsck.fat 4.1 (2017-01-24)
Nov 25 16:36:48 ubuntu systemd-fsck[1961]: /dev/sda1: 5 files, 35/65501 clusters
Nov 25 16:36:48 ubuntu kernel: [    0.000000] ACPI: NUMA: SRAT: PXM 0 -> MPIDR 0x80000 -> Node 0
Nov 25 16:36:48 ubuntu kernel: [    0.000000] ACPI: NUMA: SRAT: PXM 0 -> MPIDR 0x80100 -> Node 0
Nov 25 16:36:48 ubuntu systemd[1]: Started File System Check on /dev/disk/by-uuid/71BE-99A8.
Nov 25 16:36:48 ubuntu kernel: [    0.000000] ACPI: NUMA: SRAT: PXM 0 -> MPIDR 0x80200 -> Node 0
Nov 25 16:36:48 ubuntu kernel: [    0.000000] ACPI: NUMA: SRAT: PXM 0 -> MPIDR 0x80300 -> Node 0
Nov 25 16:36:48 ubuntu kernel: [    0.000000] ACPI: NUMA: SRAT: PXM 0 -> MPIDR 0x90000 -> Node 0
Nov 25 16:36:48 ubuntu kernel: [    0.000000] ACPI: NUMA: SRAT: PXM 0 -> MPIDR 0x90100 -> Node 0
Nov 25 16:36:48 ubuntu kernel: [    0.000000] ACPI: NUMA: SRAT: PXM 0 -> MPIDR 0x90200 -> Node 0
Nov 25 16:36:48 ubuntu kernel: [    0.000000] ACPI: NUMA: SRAT: PXM 0 -> MPIDR 0x90300 -> Node 0
Nov 25 16:36:48 ubuntu systemd[1]: Mounting /boot/efi...
Nov 25 16:36:48 ubuntu kernel: [    0.000000] ACPI: NUMA: SRAT: PXM 0 -> MPIDR 0xa0000 -> Node 0
Nov 25 16:36:48 ubuntu kernel: [    0.000000] ACPI: NUMA: SRAT: PXM 0 -> MPIDR 0xa0100 -> Node 0
Nov 25 16:36:48 ubuntu kernel: [    0.000000] ACPI: NUMA: SRAT: PXM 0 -> MPIDR 0xa0200 -> Node 0
Nov 25 16:36:48 ubuntu systemd[1]: Mounted /boot/efi.
Nov 25 16:36:48 ubuntu kernel: [    0.000000] ACPI: NUMA: SRAT: PXM 0 -> MPIDR 0xa0300 -> Node 0
Nov 25 16:36:48 ubuntu kernel: [    0.000000] ACPI: NUMA: SRAT: PXM 0 -> MPIDR 0xb0000 -> Node 0
Nov 25 16:36:48 ubuntu kernel: [    0.000000] ACPI: NUMA: SRAT: PXM 0 -> MPIDR 0xb0100 -> Node 0
Nov 25 16:36:48 ubuntu systemd[1]: Reached target Local File Systems.
Nov 25 16:36:48 ubuntu kernel: [    0.000000] ACPI: NUMA: SRAT: PXM 0 -> MPIDR 0xb0200 -> Node 0
Nov 25 16:36:48 ubuntu kernel: [    0.000000] ACPI: NUMA: SRAT: PXM 0 -> MPIDR 0xb0300 -> Node 0
Nov 25 16:36:48 ubuntu systemd[1]: Starting Enable support for additional executable binary formats...
Nov 25 16:36:48 ubuntu kernel: [    0.000000] ACPI: NUMA: SRAT: PXM 0 -> MPIDR 0xc0000 -> Node 0
Nov 25 16:36:48 ubuntu kernel: [    0.000000] ACPI: NUMA: SRAT: PXM 0 -> MPIDR 0xc0100 -> Node 0
Nov 25 16:36:48 ubuntu kernel: [    0.000000] ACPI: NUMA: SRAT: PXM 0 -> MPIDR 0xc0200 -> Node 0
Nov 25 16:36:48 ubuntu kernel: [    0.000000] ACPI: NUMA: SRAT: PXM 0 -> MPIDR 0xc0300 -> Node 0
Nov 25 16:36:48 ubuntu systemd[1]: Starting Clean up any mess left by 0dns-up...
Nov 25 16:36:48 ubuntu kernel: [    0.000000] ACPI: NUMA: SRAT: PXM 0 -> MPIDR 0xd0000 -> Node 0
Nov 25 16:36:48 ubuntu kernel: [    0.000000] ACPI: NUMA: SRAT: PXM 0 -> MPIDR 0xd0100 -> Node 0
Nov 25 16:36:48 ubuntu systemd[1]: Starting AppArmor initialization...
Nov 25 16:36:48 ubuntu kernel: [    0.000000] ACPI: NUMA: SRAT: PXM 0 -> MPIDR 0xd0200 -> Node 0
Nov 25 16:36:48 ubuntu kernel: [    0.000000] ACPI: NUMA: SRAT: PXM 0 -> MPIDR 0xd0300 -> Node 0
Nov 25 16:36:48 ubuntu kernel: [    0.000000] ACPI: NUMA: SRAT: PXM 1 -> MPIDR 0x180000 -> Node 1
Nov 25 16:36:48 ubuntu kernel: [    0.000000] ACPI: NUMA: SRAT: PXM 1 -> MPIDR 0x180100 -> Node 1
Nov 25 16:36:48 ubuntu systemd[1]: Starting Set console font and keymap...
Nov 25 16:36:48 ubuntu kernel: [    0.000000] ACPI: NUMA: SRAT: PXM 1 -> MPIDR 0x180200 -> Node 1
Nov 25 16:36:48 ubuntu kernel: [    0.000000] ACPI: NUMA: SRAT: PXM 1 -> MPIDR 0x180300 -> Node 1
Nov 25 16:36:48 ubuntu kernel: [    0.000000] ACPI: NUMA: SRAT: PXM 1 -> MPIDR 0x190000 -> Node 1
Nov 25 16:36:48 ubuntu systemd[1]: Starting QEMU KVM preparation - module, ksm, hugepages...
Nov 25 16:36:48 ubuntu kernel: [    0.000000] ACPI: NUMA: SRAT: PXM 1 -> MPIDR 0x190100 -> Node 1
Nov 25 16:36:48 ubuntu kernel: [    0.000000] ACPI: NUMA: SRAT: PXM 1 -> MPIDR 0x190200 -> Node 1
Nov 25 16:36:48 ubuntu kernel: [    0.000000] ACPI: NUMA: SRAT: PXM 1 -> MPIDR 0x190300 -> Node 1
Nov 25 16:36:48 ubuntu systemd[1]: Starting ebtables ruleset management...
Nov 25 16:36:48 ubuntu kernel: [    0.000000] ACPI: NUMA: SRAT: PXM 1 -> MPIDR 0x1a0000 -> Node 1
Nov 25 16:36:48 ubuntu kernel: [    0.000000] ACPI: NUMA: SRAT: PXM 1 -> MPIDR 0x1a0100 -> Node 1
Nov 25 16:36:48 ubuntu kernel: [    0.000000] ACPI: NUMA: SRAT: PXM 1 -> MPIDR 0x1a0200 -> Node 1
Nov 25 16:36:48 ubuntu systemd[1]: Starting Create Volatile Files and Directories...
Nov 25 16:36:48 ubuntu kernel: [    0.000000] ACPI: NUMA: SRAT: PXM 1 -> MPIDR 0x1a0300 -> Node 1
Nov 25 16:36:48 ubuntu kernel: [    0.000000] ACPI: NUMA: SRAT: PXM 1 -> MPIDR 0x1b0000 -> Node 1
Nov 25 16:36:48 ubuntu kernel: [    0.000000] ACPI: NUMA: SRAT: PXM 1 -> MPIDR 0x1b0100 -> Node 1
Nov 25 16:36:48 ubuntu kernel: [    0.000000] ACPI: NUMA: SRAT: PXM 1 -> MPIDR 0x1b0200 -> Node 1
Nov 25 16:36:48 ubuntu systemd[1]: Starting Tell Plymouth To Write Out Runtime Data...
Nov 25 16:36:48 ubuntu kernel: [    0.000000] ACPI: NUMA: SRAT: PXM 1 -> MPIDR 0x1b0300 -> Node 1
Nov 25 16:36:48 ubuntu kernel: [    0.000000] ACPI: NUMA: SRAT: PXM 1 -> MPIDR 0x1c0000 -> Node 1
Nov 25 16:36:48 ubuntu kernel: [    0.000000] ACPI: NUMA: SRAT: PXM 1 -> MPIDR 0x1c0100 -> Node 1
Nov 25 16:36:48 ubuntu systemd[1]: Started QEMU KVM preparation - module, ksm, hugepages.
Nov 25 16:36:48 ubuntu kernel: [    0.000000] ACPI: NUMA: SRAT: PXM 1 -> MPIDR 0x1c0200 -> Node 1
Nov 25 16:36:48 ubuntu kernel: [    0.000000] ACPI: NUMA: SRAT: PXM 1 -> MPIDR 0x1c0300 -> Node 1
Nov 25 16:36:48 ubuntu kernel: [    0.000000] ACPI: NUMA: SRAT: PXM 1 -> MPIDR 0x1d0000 -> Node 1
Nov 25 16:36:48 ubuntu kernel: [    0.000000] ACPI: NUMA: SRAT: PXM 1 -> MPIDR 0x1d0100 -> Node 1
Nov 25 16:36:48 ubuntu systemd[1]: proc-sys-fs-binfmt_misc.automount: Got automount request for /proc/sys/fs/binfmt_misc, triggered by 2009 (update-binfmts)
Nov 25 16:36:48 ubuntu kernel: [    0.000000] ACPI: NUMA: SRAT: PXM 1 -> MPIDR 0x1d0200 -> Node 1
Nov 25 16:36:48 ubuntu kernel: [    0.000000] ACPI: NUMA: SRAT: PXM 1 -> MPIDR 0x1d0300 -> Node 1
Nov 25 16:36:48 ubuntu systemd[1]: Mounting Arbitrary Executable File Formats File System...
Nov 25 16:36:48 ubuntu kernel: [    0.000000] ACPI: NUMA: SRAT: PXM 2 -> MPIDR 0x280000 -> Node 2
Nov 25 16:36:48 ubuntu kernel: [    0.000000] ACPI: NUMA: SRAT: PXM 2 -> MPIDR 0x280100 -> Node 2
Nov 25 16:36:48 ubuntu kernel: [    0.000000] ACPI: NUMA: SRAT: PXM 2 -> MPIDR 0x280200 -> Node 2
Nov 25 16:36:48 ubuntu kernel: [    0.000000] ACPI: NUMA: SRAT: PXM 2 -> MPIDR 0x280300 -> Node 2
Nov 25 16:36:48 ubuntu kernel: [    0.000000] ACPI: NUMA: SRAT: PXM 2 -> MPIDR 0x290000 -> Node 2
Nov 25 16:36:48 ubuntu systemd[1]: Started Set console font and keymap.
Nov 25 16:36:48 ubuntu kernel: [    0.000000] ACPI: NUMA: SRAT: PXM 2 -> MPIDR 0x290100 -> Node 2
Nov 25 16:36:48 ubuntu kernel: [    0.000000] ACPI: NUMA: SRAT: PXM 2 -> MPIDR 0x290200 -> Node 2
Nov 25 16:36:48 ubuntu kernel: [    0.000000] ACPI: NUMA: SRAT: PXM 2 -> MPIDR 0x290300 -> Node 2
Nov 25 16:36:48 ubuntu kernel: [    0.000000] ACPI: NUMA: SRAT: PXM 2 -> MPIDR 0x2a0000 -> Node 2
Nov 25 16:36:48 ubuntu apparmor[2018]:  * Starting AppArmor profiles
Nov 25 16:36:48 ubuntu kernel: [    0.000000] ACPI: NUMA: SRAT: PXM 2 -> MPIDR 0x2a0100 -> Node 2
Nov 25 16:36:48 ubuntu kernel: [    0.000000] ACPI: NUMA: SRAT: PXM 2 -> MPIDR 0x2a0200 -> Node 2
Nov 25 16:36:48 ubuntu kernel: [    0.000000] ACPI: NUMA: SRAT: PXM 2 -> MPIDR 0x2a0300 -> Node 2
Nov 25 16:36:48 ubuntu kernel: [    0.000000] ACPI: NUMA: SRAT: PXM 2 -> MPIDR 0x2b0000 -> Node 2
Nov 25 16:36:48 ubuntu systemd[1]: Started ebtables ruleset management.
Nov 25 16:36:48 ubuntu kernel: [    0.000000] ACPI: NUMA: SRAT: PXM 2 -> MPIDR 0x2b0100 -> Node 2
Nov 25 16:36:48 ubuntu kernel: [    0.000000] ACPI: NUMA: SRAT: PXM 2 -> MPIDR 0x2b0200 -> Node 2
Nov 25 16:36:48 ubuntu kernel: [    0.000000] ACPI: NUMA: SRAT: PXM 2 -> MPIDR 0x2b0300 -> Node 2
Nov 25 16:36:48 ubuntu kernel: [    0.000000] ACPI: NUMA: SRAT: PXM 2 -> MPIDR 0x2c0000 -> Node 2
Nov 25 16:36:48 ubuntu systemd[1]: Reached target Network (Pre).
Nov 25 16:36:48 ubuntu kernel: [    0.000000] ACPI: NUMA: SRAT: PXM 2 -> MPIDR 0x2c0100 -> Node 2
Nov 25 16:36:48 ubuntu kernel: [    0.000000] ACPI: NUMA: SRAT: PXM 2 -> MPIDR 0x2c0200 -> Node 2
Nov 25 16:36:48 ubuntu kernel: [    0.000000] ACPI: NUMA: SRAT: PXM 2 -> MPIDR 0x2c0300 -> Node 2
Nov 25 16:36:48 ubuntu systemd[1]: Started Tell Plymouth To Write Out Runtime Data.
Nov 25 16:36:48 ubuntu kernel: [    0.000000] ACPI: NUMA: SRAT: PXM 2 -> MPIDR 0x2d0000 -> Node 2
Nov 25 16:36:48 ubuntu kernel: [    0.000000] ACPI: NUMA: SRAT: PXM 2 -> MPIDR 0x2d0100 -> Node 2
Nov 25 16:36:48 ubuntu kernel: [    0.000000] ACPI: NUMA: SRAT: PXM 2 -> MPIDR 0x2d0200 -> Node 2
Nov 25 16:36:48 ubuntu systemd[1]: Mounted Arbitrary Executable File Formats File System.
Nov 25 16:36:48 ubuntu kernel: [    0.000000] ACPI: NUMA: SRAT: PXM 2 -> MPIDR 0x2d0300 -> Node 2
Nov 25 16:36:48 ubuntu kernel: [    0.000000] ACPI: NUMA: SRAT: PXM 3 -> MPIDR 0x380000 -> Node 3
Nov 25 16:36:48 ubuntu kernel: [    0.000000] ACPI: NUMA: SRAT: PXM 3 -> MPIDR 0x380100 -> Node 3
Nov 25 16:36:48 ubuntu systemd[1]: Started Enable support for additional executable binary formats.
Nov 25 16:36:48 ubuntu kernel: [    0.000000] ACPI: NUMA: SRAT: PXM 3 -> MPIDR 0x380200 -> Node 3
Nov 25 16:36:48 ubuntu systemd[1]: Started Create Volatile Files and Directories.
Nov 25 16:36:48 ubuntu kernel: [    0.000000] ACPI: NUMA: SRAT: PXM 3 -> MPIDR 0x380300 -> Node 3
Nov 25 16:36:48 ubuntu kernel: [    0.000000] ACPI: NUMA: SRAT: PXM 3 -> MPIDR 0x390000 -> Node 3
Nov 25 16:36:48 ubuntu kernel: [    0.000000] ACPI: NUMA: SRAT: PXM 3 -> MPIDR 0x390100 -> Node 3
Nov 25 16:36:48 ubuntu kernel: [    0.000000] ACPI: NUMA: SRAT: PXM 3 -> MPIDR 0x390200 -> Node 3
Nov 25 16:36:48 ubuntu kernel: [    0.000000] ACPI: NUMA: SRAT: PXM 3 -> MPIDR 0x390300 -> Node 3
Nov 25 16:36:48 ubuntu apparmor[2018]: Skipping profile in /etc/apparmor.d/disable: usr.bin.firefox
Nov 25 16:36:48 ubuntu kernel: [    0.000000] ACPI: NUMA: SRAT: PXM 3 -> MPIDR 0x3a0000 -> Node 3
Nov 25 16:36:48 ubuntu kernel: [    0.000000] ACPI: NUMA: SRAT: PXM 3 -> MPIDR 0x3a0100 -> Node 3
Nov 25 16:36:48 ubuntu apparmor[2018]: Skipping profile in /etc/apparmor.d/disable: usr.sbin.rsyslogd
Nov 25 16:36:48 ubuntu kernel: [    0.000000] ACPI: NUMA: SRAT: PXM 3 -> MPIDR 0x3a0200 -> Node 3
Nov 25 16:36:48 ubuntu kernel: [    0.000000] ACPI: NUMA: SRAT: PXM 3 -> MPIDR 0x3a0300 -> Node 3
Nov 25 16:36:48 ubuntu kernel: [    0.000000] ACPI: NUMA: SRAT: PXM 3 -> MPIDR 0x3b0000 -> Node 3
Nov 25 16:36:48 ubuntu kernel: [    0.000000] ACPI: NUMA: SRAT: PXM 3 -> MPIDR 0x3b0100 -> Node 3
Nov 25 16:36:48 ubuntu systemd[1]: Starting Network Time Synchronization...
Nov 25 16:36:48 ubuntu kernel: [    0.000000] ACPI: NUMA: SRAT: PXM 3 -> MPIDR 0x3b0200 -> Node 3
Nov 25 16:36:48 ubuntu kernel: [    0.000000] ACPI: NUMA: SRAT: PXM 3 -> MPIDR 0x3b0300 -> Node 3
Nov 25 16:36:48 ubuntu kernel: [    0.000000] ACPI: NUMA: SRAT: PXM 3 -> MPIDR 0x3c0000 -> Node 3
Nov 25 16:36:48 ubuntu systemd[1]: Starting Update UTMP about System Boot/Shutdown...
Nov 25 16:36:48 ubuntu kernel: [    0.000000] ACPI: NUMA: SRAT: PXM 3 -> MPIDR 0x3c0100 -> Node 3
Nov 25 16:36:48 ubuntu kernel: [    0.000000] ACPI: NUMA: SRAT: PXM 3 -> MPIDR 0x3c0200 -> Node 3
Nov 25 16:36:48 ubuntu kernel: [    0.000000] ACPI: NUMA: SRAT: PXM 3 -> MPIDR 0x3c0300 -> Node 3
Nov 25 16:36:48 ubuntu kernel: [    0.000000] ACPI: NUMA: SRAT: PXM 3 -> MPIDR 0x3d0000 -> Node 3
Nov 25 16:36:48 ubuntu kernel: [    0.000000] ACPI: NUMA: SRAT: PXM 3 -> MPIDR 0x3d0100 -> Node 3
Nov 25 16:36:48 ubuntu systemd[1]: Started Clean up any mess left by 0dns-up.
Nov 25 16:36:48 ubuntu systemd[1]: Starting Network Service...
Nov 25 16:36:48 ubuntu kernel: [    0.000000] ACPI: NUMA: SRAT: PXM 3 -> MPIDR 0x3d0200 -> Node 3
Nov 25 16:36:48 ubuntu kernel: [    0.000000] ACPI: NUMA: SRAT: PXM 3 -> MPIDR 0x3d0300 -> Node 3
Nov 25 16:36:48 ubuntu kernel: [    0.000000] percpu: Embedded 33 pages/cpu s94616 r8192 d32360 u135168
Nov 25 16:36:48 ubuntu kernel: [    0.000000] pcpu-alloc: s94616 r8192 d32360 u135168 alloc=33*4096
Nov 25 16:36:48 ubuntu kernel: [    0.000000] pcpu-alloc: [0] 00 [0] 01 [0] 02 [0] 03 [0] 04 [0] 05 [0] 06 [0] 07 
Nov 25 16:36:48 ubuntu systemd[1]: Started Update UTMP about System Boot/Shutdown.
Nov 25 16:36:48 ubuntu kernel: [    0.000000] pcpu-alloc: [0] 08 [0] 09 [0] 10 [0] 11 [0] 12 [0] 13 [0] 14 [0] 15 
Nov 25 16:36:48 ubuntu kernel: [    0.000000] pcpu-alloc: [0] 16 [0] 17 [0] 18 [0] 19 [0] 20 [0] 21 [0] 22 [0] 23 
Nov 25 16:36:48 ubuntu kernel: [    0.000000] pcpu-alloc: [1] 24 [1] 25 [1] 26 [1] 27 [1] 28 [1] 29 [1] 30 [1] 31 
Nov 25 16:36:48 ubuntu kernel: [    0.000000] pcpu-alloc: [1] 32 [1] 33 [1] 34 [1] 35 [1] 36 [1] 37 [1] 38 [1] 39 
Nov 25 16:36:48 ubuntu systemd[1]: Started Network Time Synchronization.
Nov 25 16:36:48 ubuntu kernel: [    0.000000] pcpu-alloc: [1] 40 [1] 41 [1] 42 [1] 43 [1] 44 [1] 45 [1] 46 [1] 47 
Nov 25 16:36:48 ubuntu kernel: [    0.000000] pcpu-alloc: [2] 48 [2] 49 [2] 50 [2] 51 [2] 52 [2] 53 [2] 54 [2] 55 
Nov 25 16:36:48 ubuntu kernel: [    0.000000] pcpu-alloc: [2] 56 [2] 57 [2] 58 [2] 59 [2] 60 [2] 61 [2] 62 [2] 63 
Nov 25 16:36:48 ubuntu kernel: [    0.000000] pcpu-alloc: [2] 64 [2] 65 [2] 66 [2] 67 [2] 68 [2] 69 [2] 70 [2] 71 
Nov 25 16:36:48 ubuntu systemd[1]: Reached target System Time Synchronized.
Nov 25 16:36:48 ubuntu kernel: [    0.000000] pcpu-alloc: [3] 72 [3] 73 [3] 74 [3] 75 [3] 76 [3] 77 [3] 78 [3] 79 
Nov 25 16:36:48 ubuntu kernel: [    0.000000] pcpu-alloc: [3] 80 [3] 81 [3] 82 [3] 83 [3] 84 [3] 85 [3] 86 [3] 87 
Nov 25 16:36:48 ubuntu kernel: [    0.000000] pcpu-alloc: [3] 88 [3] 89 [3] 90 [3] 91 [3] 92 [3] 93 [3] 94 [3] 95 
Nov 25 16:36:48 ubuntu kernel: [    0.000000] Detected VIPT I-cache on CPU0
Nov 25 16:36:48 ubuntu kernel: [    0.000000] CPU features: detected: GIC system register CPU interface
Nov 25 16:36:48 ubuntu systemd-udevd[2330]: link_config: autonegotiation is unset or enabled, the speed and duplex are not writable.
Nov 25 16:36:48 ubuntu kernel: [    0.000000] CPU features: detected: Virtualization Host Extensions
Nov 25 16:36:48 ubuntu systemd-networkd[2280]: br0: netdev ready
Nov 25 16:36:48 ubuntu systemd-networkd[2280]: Enumeration completed
Nov 25 16:36:48 ubuntu systemd[1]: Started Network Service.
Nov 25 16:36:48 ubuntu systemd-networkd[2280]: br0: IPv6 successfully enabled
Nov 25 16:36:48 ubuntu systemd-networkd[2280]: enp125s0f3: Link is not managed by us
Nov 25 16:36:48 ubuntu systemd-networkd[2280]: lo: Link is not managed by us
Nov 25 16:36:48 ubuntu systemd-networkd[2280]: enp125s0f2: Link is not managed by us
Nov 25 16:36:48 ubuntu systemd-networkd[2280]: enp125s0f1: Link is not managed by us
Nov 25 16:36:48 ubuntu systemd-networkd[2280]: enp125s0f0: Link is not managed by us
Nov 25 16:36:48 ubuntu systemd-networkd[2280]: enp125s0f1: IPv6 successfully enabled
Nov 25 16:36:48 ubuntu systemd-networkd[2280]: enp125s0f3: Link is not managed by us
Nov 25 16:36:48 ubuntu systemd-networkd[2280]: lo: Link is not managed by us
Nov 25 16:36:48 ubuntu kernel: [    0.000000] CPU features: detected: Hardware dirty bit management
Nov 25 16:36:48 ubuntu kernel: [    0.000000] alternatives: patching kernel code
Nov 25 16:36:48 ubuntu kernel: [    0.000000] Built 4 zonelists, mobility grouping on.  Total pages: 32898000
Nov 25 16:36:48 ubuntu kernel: [    0.000000] Policy zone: Normal
Nov 25 16:36:48 ubuntu systemd-networkd[2280]: enp125s0f2: Link is not managed by us
Nov 25 16:36:48 ubuntu kernel: [    0.000000] Kernel command line: BOOT_IMAGE=/boot/vmlinuz-5.7.1 root=UUID=87f15ea3-75f7-4c9d-add6-30cc3fc19001 ro
Nov 25 16:36:48 ubuntu kernel: [    0.000000] printk: log_buf_len individual max cpu contribution: 4096 bytes
Nov 25 16:36:48 ubuntu kernel: [    0.000000] printk: log_buf_len total cpu_extra contributions: 389120 bytes
Nov 25 16:36:48 ubuntu systemd-networkd[2280]: enp125s0f0: Link is not managed by us
Nov 25 16:36:48 ubuntu kernel: [    0.000000] printk: log_buf_len min size: 262144 bytes
Nov 25 16:36:48 ubuntu kernel: [    0.000000] printk: log_buf_len: 1048576 bytes
Nov 25 16:36:48 ubuntu kernel: [    0.000000] printk: early log buf free: 245796(93%)
Nov 25 16:36:48 ubuntu kernel: [    0.000000] mem auto-init: stack:off, heap alloc:on, heap free:off
Nov 25 16:36:48 ubuntu systemd[1]: Starting Network Name Resolution...
Nov 25 16:36:48 ubuntu kernel: [    0.000000] software IO TLB: mapped [mem 0x3b030000-0x3f030000] (64MB)
Nov 25 16:36:48 ubuntu kernel: [    0.000000] Memory: 130841752K/134213440K available (14204K kernel code, 2354K rwdata, 6868K rodata, 7040K init, 1132K bss, 3338920K reserved, 32768K cma-reserved)
Nov 25 16:36:48 ubuntu kernel: [    0.000000] random: get_random_u64 called from __kmem_cache_create+0x54/0x5d8 with crng_init=0
Nov 25 16:36:48 ubuntu systemd-networkd[2280]: br0: Link UP
Nov 25 16:36:48 ubuntu kernel: [    0.000000] SLUB: HWalign=64, Order=0-3, MinObjects=0, CPUs=96, Nodes=4
Nov 25 16:36:48 ubuntu kernel: [    0.000000] ftrace: allocating 46107 entries in 181 pages
Nov 25 16:36:48 ubuntu kernel: [    0.000000] ftrace: allocated 181 pages with 5 groups
Nov 25 16:36:48 ubuntu kernel: [    0.000000] rcu: Hierarchical RCU implementation.
Nov 25 16:36:48 ubuntu kernel: [    0.000000] rcu: 	RCU restricting CPUs from NR_CPUS=256 to nr_cpu_ids=96.
Nov 25 16:36:48 ubuntu systemd-networkd[2280]: enp125s0f1: Link UP
Nov 25 16:36:48 ubuntu kernel: [    0.000000] 	Tasks RCU enabled.
Nov 25 16:36:48 ubuntu systemd[1]: Starting Wait for Network to be Configured...
Nov 25 16:36:48 ubuntu kernel: [    0.000000] rcu: RCU calculated value of scheduler-enlistment delay is 25 jiffies.
Nov 25 16:36:48 ubuntu kernel: [    0.000000] rcu: Adjusting geometry for rcu_fanout_leaf=16, nr_cpu_ids=96
Nov 25 16:36:48 ubuntu kernel: [    0.000000] NR_IRQS: 64, nr_irqs: 64, preallocated irqs: 0
Nov 25 16:36:48 ubuntu kernel: [    0.000000] GICv3: GIC: Using split EOI/Deactivate mode
Nov 25 16:36:48 ubuntu kernel: [    0.000000] GICv3: 640 SPIs implemented
Nov 25 16:36:48 ubuntu kernel: [    0.000000] GICv3: 0 Extended SPIs implemented
Nov 25 16:36:48 ubuntu kernel: [    0.000000] GICv3: Distributor has no Range Selector support
Nov 25 16:36:48 ubuntu systemd-networkd-wait-online[2344]: ignoring: lo
Nov 25 16:36:48 ubuntu kernel: [    0.000000] GICv3: 16 PPIs implemented
Nov 25 16:36:48 ubuntu kernel: [    0.000000] GICv3: GICv4 features: DirectLPI 
Nov 25 16:36:48 ubuntu kernel: [    0.000000] GICv3: CPU0: found redistributor 80000 region 0:0x00000000ae100000
Nov 25 16:36:48 ubuntu kernel: [    0.000000] SRAT: PXM 0 -> ITS 0 -> Node 0
Nov 25 16:36:48 ubuntu systemd-resolved[2338]: Positive Trust Anchors:
Nov 25 16:36:48 ubuntu kernel: [    0.000000] SRAT: PXM 2 -> ITS 1 -> Node 2
Nov 25 16:36:48 ubuntu kernel: [    0.000000] ITS [mem 0x202100000-0x20211ffff]
Nov 25 16:36:48 ubuntu systemd-resolved[2338]: . IN DS 19036 8 2 49aac11d7b6f6446702e54a1607371607a1a41855200fd2ce1cdde32f24e8fb5
Nov 25 16:36:48 ubuntu kernel: [    0.000000] ITS@0x0000000202100000: Using ITS number 0
Nov 25 16:36:48 ubuntu kernel: [    0.000000] ITS@0x0000000202100000: allocated 65536 Devices @27ffb80000 (flat, esz 8, psz 16K, shr 1)
Nov 25 16:36:48 ubuntu kernel: [    0.000000] ITS@0x0000000202100000: allocated 65536 Virtual CPUs @27ff000000 (flat, esz 16, psz 4K, shr 1)
Nov 25 16:36:48 ubuntu kernel: [    0.000000] ITS@0x0000000202100000: allocated 256 Interrupt Collections @27ffb01000 (flat, esz 16, psz 4K, shr 1)
Nov 25 16:36:48 ubuntu kernel: [    0.000000] ITS [mem 0x200202100000-0x20020211ffff]
Nov 25 16:36:48 ubuntu kernel: [    0.000000] ITS@0x0000200202100000: Using ITS number 1
Nov 25 16:36:48 ubuntu systemd-resolved[2338]: . IN DS 20326 8 2 e06d44b80b8f1d39a95c0b0d7c65d08458e880409bbc683457104237c7f8ec8d
Nov 25 16:36:48 ubuntu kernel: [    0.000000] ITS@0x0000200202100000: allocated 65536 Devices @2027ff880000 (flat, esz 8, psz 16K, shr 1)
Nov 25 16:36:48 ubuntu kernel: [    0.000000] ITS@0x0000200202100000: allocated 65536 Virtual CPUs @2027ff900000 (flat, esz 16, psz 4K, shr 1)
Nov 25 16:36:48 ubuntu kernel: [    0.000000] ITS@0x0000200202100000: allocated 256 Interrupt Collections @2027ff801000 (flat, esz 16, psz 4K, shr 1)
Nov 25 16:36:48 ubuntu kernel: [    0.000000] GICv3: using LPI property table @0x00000027ffb20000
Nov 25 16:36:48 ubuntu kernel: [    0.000000] ITS: Using DirectLPI for VPE invalidation
Nov 25 16:36:48 ubuntu systemd-resolved[2338]: Negative trust anchors: 10.in-addr.arpa 16.172.in-addr.arpa 17.172.in-addr.arpa 18.172.in-addr.arpa 19.172.in-addr.arpa 20.172.in-addr.arpa 21.172.in-addr.arpa 22.172.in-addr.arpa 23.172.in-addr.arpa 24.172.in-addr.arpa 25.172.in-addr.arpa 26.172.in-addr.arpa 27.172.in-addr.arpa 28.172.in-addr.arpa 29.172.in-addr.arpa 30.172.in-addr.arpa 31.172.in-addr.arpa 168.192.in-addr.arpa d.f.ip6.arpa corp home internal intranet lan local private test
Nov 25 16:36:48 ubuntu kernel: [    0.000000] ITS: Enabling GICv4 support
Nov 25 16:36:48 ubuntu kernel: [    0.000000] GICv3: CPU0: using allocated LPI pending table @0x00000027ffb30000
Nov 25 16:36:48 ubuntu kernel: [    0.000000] arch_timer: cp15 timer(s) running at 100.00MHz (phys).
Nov 25 16:36:48 ubuntu systemd-resolved[2338]: Using system hostname 'ubuntu'.
Nov 25 16:36:48 ubuntu kernel: [    0.000000] clocksource: arch_sys_counter: mask: 0xffffffffffffff max_cycles: 0x171024e7e0, max_idle_ns: 440795205315 ns
Nov 25 16:36:48 ubuntu kernel: [    0.000001] sched_clock: 56 bits at 100MHz, resolution 10ns, wraps every 4398046511100ns
Nov 25 16:36:48 ubuntu kernel: [    0.000107] Console: colour dummy device 80x25
Nov 25 16:36:48 ubuntu systemd[1]: Started Network Name Resolution.
Nov 25 16:36:48 ubuntu kernel: [    0.000419] printk: console [tty0] enabled
Nov 25 16:36:48 ubuntu kernel: [    0.000484] mempolicy: Enabling automatic NUMA balancing. Configure with numa_balancing= or the kernel.numa_balancing sysctl
Nov 25 16:36:48 ubuntu systemd[1]: Reached target Host and Network Name Lookups.
Nov 25 16:36:48 ubuntu kernel: [    0.000499] ACPI: Core revision 20200326
Nov 25 16:36:48 ubuntu kernel: [    0.000731] Calibrating delay loop (skipped), value calculated using timer frequency.. 200.00 BogoMIPS (lpj=400000)
Nov 25 16:36:48 ubuntu kernel: [    0.000735] pid_max: default: 98304 minimum: 768
Nov 25 16:36:48 ubuntu systemd-networkd-wait-online[2344]: ignoring: lo
Nov 25 16:36:48 ubuntu kernel: [    0.000812] LSM: Security Framework initializing
Nov 25 16:36:48 ubuntu kernel: [    0.000819] Yama: becoming mindful.
Nov 25 16:36:48 ubuntu kernel: [    0.000851] AppArmor: AppArmor initialized
Nov 25 16:36:48 ubuntu kernel: [    0.013308] Dentry cache hash table entries: 8388608 (order: 14, 67108864 bytes, vmalloc)
Nov 25 16:36:48 ubuntu kernel: [    0.019645] Inode-cache hash table entries: 4194304 (order: 13, 33554432 bytes, vmalloc)
Nov 25 16:36:48 ubuntu kernel: [    0.019898] Mount-cache hash table entries: 131072 (order: 8, 1048576 bytes, vmalloc)
Nov 25 16:36:48 ubuntu kernel: [    0.020104] Mountpoint-cache hash table entries: 131072 (order: 8, 1048576 bytes, vmalloc)
Nov 25 16:36:48 ubuntu kernel: [    0.022500] rcu: Hierarchical SRCU implementation.
Nov 25 16:36:48 ubuntu kernel: [    0.022942] Platform MSI: ITS@0x202100000 domain created
Nov 25 16:36:48 ubuntu kernel: [    0.022946] Platform MSI: ITS@0x200202100000 domain created
Nov 25 16:36:48 ubuntu kernel: [    0.022952] PCI/MSI: ITS@0x202100000 domain created
Nov 25 16:36:48 ubuntu kernel: [    0.022955] PCI/MSI: ITS@0x200202100000 domain created
Nov 25 16:36:48 ubuntu kernel: [    0.022970] Remapping and enabling EFI services.
Nov 25 16:36:48 ubuntu kernel: [    0.023174] efi: memattr: Entry attributes invalid: RO and XP bits both cleared
Nov 25 16:36:48 ubuntu kernel: [    0.023179] efi: memattr: ! 0x000000000000-0x00000000ffff [Runtime Code       |RUN|  |  |  |  |  |  |  |   |  |  |  |  ]
Nov 25 16:36:48 ubuntu kernel: [    0.024350] smp: Bringing up secondary CPUs ...
Nov 25 16:36:48 ubuntu kernel: [    0.054187] Detected VIPT I-cache on CPU1
Nov 25 16:36:48 ubuntu kernel: [    0.054194] GICv3: CPU1: found redistributor 80100 region 1:0x00000000ae140000
Nov 25 16:36:48 ubuntu kernel: [    0.054210] GICv3: CPU1: using allocated LPI pending table @0x00000027ffb40000
Nov 25 16:36:48 ubuntu kernel: [    0.054246] CPU1: Booted secondary processor 0x0000080100 [0x481fd010]
Nov 25 16:36:48 ubuntu kernel: [    0.086731] Detected VIPT I-cache on CPU2
Nov 25 16:36:48 ubuntu kernel: [    0.086735] GICv3: CPU2: found redistributor 80200 region 2:0x00000000ae180000
Nov 25 16:36:48 ubuntu systemd-networkd-wait-online[2344]: message repeated 3 times: [ ignoring: lo]
Nov 25 16:36:48 ubuntu systemd-networkd[2280]: enp125s0f0: Link UP
Nov 25 16:36:48 ubuntu kernel: [    0.086746] GICv3: CPU2: using allocated LPI pending table @0x00000027ffb50000
Nov 25 16:36:48 ubuntu kernel: [    0.086778] CPU2: Booted secondary processor 0x0000080200 [0x481fd010]
Nov 25 16:36:48 ubuntu systemd-networkd-wait-online[2344]: ignoring: lo
Nov 25 16:36:48 ubuntu kernel: [    0.119281] Detected VIPT I-cache on CPU3
Nov 25 16:36:48 ubuntu kernel: [    0.119286] GICv3: CPU3: found redistributor 80300 region 3:0x00000000ae1c0000
Nov 25 16:36:48 ubuntu kernel: [    0.119298] GICv3: CPU3: using allocated LPI pending table @0x00000027ffb60000
Nov 25 16:36:48 ubuntu kernel: [    0.119329] CPU3: Booted secondary processor 0x0000080300 [0x481fd010]
Nov 25 16:36:48 ubuntu kernel: [    0.152012] Detected VIPT I-cache on CPU4
Nov 25 16:36:48 ubuntu apparmor[2018]:    ...done.
Nov 25 16:36:48 ubuntu kernel: [    0.152020] GICv3: CPU4: found redistributor 90000 region 4:0x00000000ae200000
Nov 25 16:36:48 ubuntu kernel: [    0.152040] GICv3: CPU4: using allocated LPI pending table @0x00000027ffb70000
Nov 25 16:36:48 ubuntu kernel: [    0.152077] CPU4: Booted secondary processor 0x0000090000 [0x481fd010]
Nov 25 16:36:48 ubuntu kernel: [    0.184728] Detected VIPT I-cache on CPU5
Nov 25 16:36:48 ubuntu kernel: [    0.184733] GICv3: CPU5: found redistributor 90100 region 5:0x00000000ae240000
Nov 25 16:36:48 ubuntu systemd[1]: Started AppArmor initialization.
Nov 25 16:36:48 ubuntu kernel: [    0.184748] GICv3: CPU5: using allocated LPI pending table @0x00000027ff100000
Nov 25 16:36:48 ubuntu systemd[1]: Starting Load AppArmor profiles managed internally by snapd...
Nov 25 16:36:48 ubuntu kernel: [    0.184779] CPU5: Booted secondary processor 0x0000090100 [0x481fd010]
Nov 25 16:36:48 ubuntu kernel: [    0.217452] Detected VIPT I-cache on CPU6
Nov 25 16:36:48 ubuntu kernel: [    0.217457] GICv3: CPU6: found redistributor 90200 region 6:0x00000000ae280000
Nov 25 16:36:48 ubuntu kernel: [    0.217469] GICv3: CPU6: using allocated LPI pending table @0x00000027ff110000
Nov 25 16:36:48 ubuntu kernel: [    0.217501] CPU6: Booted secondary processor 0x0000090200 [0x481fd010]
Nov 25 16:36:48 ubuntu systemd[1]: Starting Raise network interfaces...
Nov 25 16:36:48 ubuntu kernel: [    0.250176] Detected VIPT I-cache on CPU7
Nov 25 16:36:48 ubuntu kernel: [    0.250181] GICv3: CPU7: found redistributor 90300 region 7:0x00000000ae2c0000
Nov 25 16:36:48 ubuntu kernel: [    0.250194] GICv3: CPU7: using allocated LPI pending table @0x00000027ff120000
Nov 25 16:36:48 ubuntu snapd-apparmor[2371]: find: ‘/var/lib/snapd/apparmor/profiles/’: No such file or directory
Nov 25 16:36:48 ubuntu kernel: [    0.250225] CPU7: Booted secondary processor 0x0000090300 [0x481fd010]
Nov 25 16:36:48 ubuntu kernel: [    0.283077] Detected VIPT I-cache on CPU8
Nov 25 16:36:48 ubuntu kernel: [    0.283085] GICv3: CPU8: found redistributor a0000 region 8:0x00000000ae300000
Nov 25 16:36:48 ubuntu kernel: [    0.283102] GICv3: CPU8: using allocated LPI pending table @0x00000027ff130000
Nov 25 16:36:48 ubuntu kernel: [    0.283137] CPU8: Booted secondary processor 0x00000a0000 [0x481fd010]
Nov 25 16:36:48 ubuntu systemd[1]: Started Load AppArmor profiles managed internally by snapd.
Nov 25 16:36:48 ubuntu kernel: [    0.315971] Detected VIPT I-cache on CPU9
Nov 25 16:36:48 ubuntu kernel: [    0.315976] GICv3: CPU9: found redistributor a0100 region 9:0x00000000ae340000
Nov 25 16:36:48 ubuntu kernel: [    0.315989] GICv3: CPU9: using allocated LPI pending table @0x00000027ff140000
Nov 25 16:36:48 ubuntu systemd[1]: Reached target System Initialization.
Nov 25 16:36:48 ubuntu kernel: [    0.316021] CPU9: Booted secondary processor 0x00000a0100 [0x481fd010]
Nov 25 16:36:48 ubuntu kernel: [    0.348867] Detected VIPT I-cache on CPU10
Nov 25 16:36:48 ubuntu systemd[1]: Listening on ACPID Listen Socket.
Nov 25 16:36:48 ubuntu systemd[1]: Started Discard unused blocks once a week.
Nov 25 16:36:48 ubuntu systemd[1]: Started Daily apt download activities.
Nov 25 16:36:48 ubuntu systemd[1]: Started Trigger anacron every hour.
Nov 25 16:36:48 ubuntu systemd[1]: Starting Socket activation for snappy daemon.
Nov 25 16:36:48 ubuntu systemd[1]: Started Daily apt upgrade and clean activities.
Nov 25 16:36:48 ubuntu systemd[1]: Listening on Virtual machine lock manager socket.
Nov 25 16:36:48 ubuntu systemd[1]: Listening on D-Bus System Message Bus Socket.
Nov 25 16:36:48 ubuntu systemd[1]: Started CUPS Scheduler.
Nov 25 16:36:48 ubuntu systemd[1]: Started Message of the Day.
Nov 25 16:36:48 ubuntu systemd[1]: Listening on UUID daemon activation socket.
Nov 25 16:36:48 ubuntu kernel: [    0.348873] GICv3: CPU10: found redistributor a0200 region 10:0x00000000ae380000
Nov 25 16:36:48 ubuntu kernel: [    0.348886] GICv3: CPU10: using allocated LPI pending table @0x00000027ff150000
Nov 25 16:36:48 ubuntu systemd[1]: Listening on Virtual machine log manager socket.
Nov 25 16:36:48 ubuntu kernel: [    0.348917] CPU10: Booted secondary processor 0x00000a0200 [0x481fd010]
Nov 25 16:36:48 ubuntu kernel: [    0.381765] Detected VIPT I-cache on CPU11
Nov 25 16:36:48 ubuntu systemd[1]: Started ACPI Events Check.
Nov 25 16:36:48 ubuntu kernel: [    0.381770] GICv3: CPU11: found redistributor a0300 region 11:0x00000000ae3c0000
Nov 25 16:36:48 ubuntu kernel: [    0.381783] GICv3: CPU11: using allocated LPI pending table @0x00000027ff160000
Nov 25 16:36:48 ubuntu kernel: [    0.381814] CPU11: Booted secondary processor 0x00000a0300 [0x481fd010]
Nov 25 16:36:48 ubuntu kernel: [    0.414840] Detected VIPT I-cache on CPU12
Nov 25 16:36:48 ubuntu systemd[1]: Listening on Open-iSCSI iscsid Socket.
Nov 25 16:36:48 ubuntu kernel: [    0.414847] GICv3: CPU12: found redistributor b0000 region 12:0x00000000ae400000
Nov 25 16:36:48 ubuntu systemd[1]: Starting LXD - unix socket.
Nov 25 16:36:48 ubuntu kernel: [    0.414866] GICv3: CPU12: using allocated LPI pending table @0x00000027ff170000
Nov 25 16:36:48 ubuntu kernel: [    0.414901] CPU12: Booted secondary processor 0x00000b0000 [0x481fd010]
Nov 25 16:36:48 ubuntu kernel: [    0.447906] Detected VIPT I-cache on CPU13
Nov 25 16:36:48 ubuntu kernel: [    0.447913] GICv3: CPU13: found redistributor b0100 region 13:0x00000000ae440000
Nov 25 16:36:48 ubuntu kernel: [    0.447926] GICv3: CPU13: using allocated LPI pending table @0x00000027ff180000
Nov 25 16:36:48 ubuntu systemd[1]: Reached target Paths.
Nov 25 16:36:48 ubuntu kernel: [    0.447958] CPU13: Booted secondary processor 0x00000b0100 [0x481fd010]
Nov 25 16:36:48 ubuntu kernel: [    0.480977] Detected VIPT I-cache on CPU14
Nov 25 16:36:48 ubuntu kernel: [    0.480983] GICv3: CPU14: found redistributor b0200 region 14:0x00000000ae480000
Nov 25 16:36:48 ubuntu systemd[1]: Listening on CUPS Scheduler.
Nov 25 16:36:48 ubuntu kernel: [    0.480996] GICv3: CPU14: using allocated LPI pending table @0x00000027ff190000
Nov 25 16:36:48 ubuntu kernel: [    0.481028] CPU14: Booted secondary processor 0x00000b0200 [0x481fd010]
Nov 25 16:36:48 ubuntu kernel: [    0.514048] Detected VIPT I-cache on CPU15
Nov 25 16:36:48 ubuntu systemd[1]: Listening on Avahi mDNS/DNS-SD Stack Activation Socket.
Nov 25 16:36:48 ubuntu kernel: [    0.514054] GICv3: CPU15: found redistributor b0300 region 15:0x00000000ae4c0000
Nov 25 16:36:48 ubuntu kernel: [    0.514069] GICv3: CPU15: using allocated LPI pending table @0x00000027ff1a0000
Nov 25 16:36:48 ubuntu systemd[1]: Started Daily Cleanup of Temporary Directories.
Nov 25 16:36:48 ubuntu kernel: [    0.514101] CPU15: Booted secondary processor 0x00000b0300 [0x481fd010]
Nov 25 16:36:48 ubuntu kernel: [    0.546602] Detected VIPT I-cache on CPU16
Nov 25 16:36:48 ubuntu kernel: [    0.546611] GICv3: CPU16: found redistributor c0000 region 16:0x00000000ae500000
Nov 25 16:36:48 ubuntu kernel: [    0.546629] GICv3: CPU16: using allocated LPI pending table @0x00000027ff1b0000
Nov 25 16:36:48 ubuntu kernel: [    0.546665] CPU16: Booted secondary processor 0x00000c0000 [0x481fd010]
Nov 25 16:36:48 ubuntu systemd[1]: Reached target Timers.
Nov 25 16:36:48 ubuntu kernel: [    0.579149] Detected VIPT I-cache on CPU17
Nov 25 16:36:48 ubuntu kernel: [    0.579155] GICv3: CPU17: found redistributor c0100 region 17:0x00000000ae540000
Nov 25 16:36:48 ubuntu kernel: [    0.579169] GICv3: CPU17: using allocated LPI pending table @0x00000027ff1c0000
Nov 25 16:36:48 ubuntu systemd[1]: Listening on Socket activation for snappy daemon.
Nov 25 16:36:48 ubuntu kernel: [    0.579201] CPU17: Booted secondary processor 0x00000c0100 [0x481fd010]
Nov 25 16:36:48 ubuntu kernel: [    0.611698] Detected VIPT I-cache on CPU18
Nov 25 16:36:48 ubuntu kernel: [    0.611705] GICv3: CPU18: found redistributor c0200 region 18:0x00000000ae580000
Nov 25 16:36:48 ubuntu kernel: [    0.611718] GICv3: CPU18: using allocated LPI pending table @0x00000027ff1d0000
Nov 25 16:36:48 ubuntu kernel: [    0.611750] CPU18: Booted secondary processor 0x00000c0200 [0x481fd010]
Nov 25 16:36:48 ubuntu systemd[1]: Listening on LXD - unix socket.
Nov 25 16:36:48 ubuntu kernel: [    0.644248] Detected VIPT I-cache on CPU19
Nov 25 16:36:48 ubuntu kernel: [    0.644255] GICv3: CPU19: found redistributor c0300 region 19:0x00000000ae5c0000
Nov 25 16:36:48 ubuntu kernel: [    0.644268] GICv3: CPU19: using allocated LPI pending table @0x00000027ff1e0000
Nov 25 16:36:48 ubuntu kernel: [    0.644300] CPU19: Booted secondary processor 0x00000c0300 [0x481fd010]
Nov 25 16:36:48 ubuntu systemd[1]: Reached target Sockets.
Nov 25 16:36:48 ubuntu kernel: [    0.676976] Detected VIPT I-cache on CPU20
Nov 25 16:36:48 ubuntu kernel: [    0.676985] GICv3: CPU20: found redistributor d0000 region 20:0x00000000ae600000
Nov 25 16:36:48 ubuntu systemd[1]: Reached target Basic System.
Nov 25 16:36:48 ubuntu kernel: [    0.677005] GICv3: CPU20: using allocated LPI pending table @0x00000027ff1f0000
Nov 25 16:36:48 ubuntu kernel: [    0.677041] CPU20: Booted secondary processor 0x00000d0000 [0x481fd010]
Nov 25 16:36:48 ubuntu kernel: [    0.709695] Detected VIPT I-cache on CPU21
Nov 25 16:36:48 ubuntu kernel: [    0.709703] GICv3: CPU21: found redistributor d0100 region 21:0x00000000ae640000
Nov 25 16:36:48 ubuntu kernel: [    0.709716] GICv3: CPU21: using allocated LPI pending table @0x00000027ff200000
Nov 25 16:36:48 ubuntu systemd[1]: Started CUPS Scheduler.
Nov 25 16:36:48 ubuntu kernel: [    0.709749] CPU21: Booted secondary processor 0x00000d0100 [0x481fd010]
Nov 25 16:36:48 ubuntu kernel: [    0.742419] Detected VIPT I-cache on CPU22
Nov 25 16:36:48 ubuntu kernel: [    0.742426] GICv3: CPU22: found redistributor d0200 region 22:0x00000000ae680000
Nov 25 16:36:48 ubuntu systemd[1]: Starting Restore /etc/resolv.conf if the system crashed before the ppp link was shut down...
Nov 25 16:36:48 ubuntu kernel: [    0.742440] GICv3: CPU22: using allocated LPI pending table @0x00000027ff210000
Nov 25 16:36:48 ubuntu kernel: [    0.742472] CPU22: Booted secondary processor 0x00000d0200 [0x481fd010]
Nov 25 16:36:48 ubuntu kernel: [    0.775143] Detected VIPT I-cache on CPU23
Nov 25 16:36:48 ubuntu kernel: [    0.775150] GICv3: CPU23: found redistributor d0300 region 23:0x00000000ae6c0000
Nov 25 16:36:48 ubuntu kernel: [    0.775164] GICv3: CPU23: using allocated LPI pending table @0x00000027ff220000
Nov 25 16:36:48 ubuntu systemd[1]: Started Deferred execution scheduler.
Nov 25 16:36:48 ubuntu kernel: [    0.775195] CPU23: Booted secondary processor 0x00000d0300 [0x481fd010]
Nov 25 16:36:48 ubuntu kernel: [    0.807709] Detected VIPT I-cache on CPU24
Nov 25 16:36:48 ubuntu kernel: [    0.807725] GICv3: CPU24: found redistributor 180000 region 24:0x00000000aa100000
Nov 25 16:36:48 ubuntu systemd[1]: Starting Avahi mDNS/DNS-SD Stack...
Nov 25 16:36:48 ubuntu kernel: [    0.807770] GICv3: CPU24: using allocated LPI pending table @0x00000027ff230000
Nov 25 16:36:48 ubuntu kernel: [    0.807817] CPU24: Booted secondary processor 0x0000180000 [0x481fd010]
Nov 25 16:36:48 ubuntu kernel: [    0.840244] Detected VIPT I-cache on CPU25
Nov 25 16:36:48 ubuntu kernel: [    0.840253] GICv3: CPU25: found redistributor 180100 region 25:0x00000000aa140000
Nov 25 16:36:48 ubuntu systemd[1]: Started Run anacron jobs.
Nov 25 16:36:48 ubuntu kernel: [    0.840267] GICv3: CPU25: using allocated LPI pending table @0x00000027ff240000
Nov 25 16:36:48 ubuntu kernel: [    0.840305] CPU25: Booted secondary processor 0x0000180100 [0x481fd010]
Nov 25 16:36:48 ubuntu anacron[2477]: Anacron 2.3 started on 2020-11-25
Nov 25 16:36:48 ubuntu kernel: [    0.872795] Detected VIPT I-cache on CPU26
Nov 25 16:36:48 ubuntu kernel: [    0.872804] GICv3: CPU26: found redistributor 180200 region 26:0x00000000aa180000
Nov 25 16:36:48 ubuntu kernel: [    0.872818] GICv3: CPU26: using allocated LPI pending table @0x00000027ff250000
Nov 25 16:36:48 ubuntu kernel: [    0.872856] CPU26: Booted secondary processor 0x0000180200 [0x481fd010]
Nov 25 16:36:48 ubuntu systemd[1]: Started FUSE filesystem for LXC.
Nov 25 16:36:48 ubuntu kernel: [    0.905345] Detected VIPT I-cache on CPU27
Nov 25 16:36:48 ubuntu systemd[1]: Starting System Logging Service...
Nov 25 16:36:48 ubuntu kernel: [    0.905355] GICv3: CPU27: found redistributor 180300 region 27:0x00000000aa1c0000
Nov 25 16:36:48 ubuntu kernel: [    0.905370] GICv3: CPU27: using allocated LPI pending table @0x00000027ff260000
Nov 25 16:36:48 ubuntu kernel: [    0.905407] CPU27: Booted secondary processor 0x0000180300 [0x481fd010]
Nov 25 16:36:48 ubuntu kernel: [    0.938077] Detected VIPT I-cache on CPU28
Nov 25 16:36:48 ubuntu systemd[1]: Started Regular background program processing daemon.
Nov 25 16:36:48 ubuntu kernel: [    0.938090] GICv3: CPU28: found redistributor 190000 region 28:0x00000000aa200000
Nov 25 16:36:48 ubuntu kernel: [    0.938118] GICv3: CPU28: using allocated LPI pending table @0x00000027ff270000
Nov 25 16:36:48 ubuntu kernel: [    0.938163] CPU28: Booted secondary processor 0x0000190000 [0x481fd010]
Nov 25 16:36:48 ubuntu kernel: [    0.970792] Detected VIPT I-cache on CPU29
Nov 25 16:36:48 ubuntu cron[2486]: (CRON) INFO (pidfile fd = 3)
Nov 25 16:36:48 ubuntu kernel: [    0.970802] GICv3: CPU29: found redistributor 190100 region 29:0x00000000aa240000
Nov 25 16:36:48 ubuntu kernel: [    0.970818] GICv3: CPU29: using allocated LPI pending table @0x00000027ff280000
Nov 25 16:36:48 ubuntu kernel: [    0.970855] CPU29: Booted secondary processor 0x0000190100 [0x481fd010]
Nov 25 16:36:48 ubuntu kernel: [    1.003515] Detected VIPT I-cache on CPU30
Nov 25 16:36:48 ubuntu kernel: [    1.003526] GICv3: CPU30: found redistributor 190200 region 30:0x00000000aa280000
Nov 25 16:36:48 ubuntu systemd[1]: Started Set the CPU Frequency Scaling governor.
Nov 25 16:36:48 ubuntu kernel: [    1.003545] GICv3: CPU30: using allocated LPI pending table @0x00000027ff290000
Nov 25 16:36:48 ubuntu kernel: [    1.003583] CPU30: Booted secondary processor 0x0000190200 [0x481fd010]
Nov 25 16:36:48 ubuntu kernel: [    1.036238] Detected VIPT I-cache on CPU31
Nov 25 16:36:48 ubuntu kernel: [    1.036249] GICv3: CPU31: found redistributor 190300 region 31:0x00000000aa2c0000
Nov 25 16:36:48 ubuntu kernel: [    1.036268] GICv3: CPU31: using allocated LPI pending table @0x00000027ff2a0000
Nov 25 16:36:48 ubuntu kernel: [    1.036305] CPU31: Booted secondary processor 0x0000190300 [0x481fd010]
Nov 25 16:36:48 ubuntu cron[2486]: (CRON) INFO (Running @reboot jobs)
Nov 25 16:36:48 ubuntu kernel: [    1.069143] Detected VIPT I-cache on CPU32
Nov 25 16:36:48 ubuntu kernel: [    1.069156] GICv3: CPU32: found redistributor 1a0000 region 32:0x00000000aa300000
Nov 25 16:36:48 ubuntu kernel: [    1.069181] GICv3: CPU32: using allocated LPI pending table @0x00000027ff2b0000
Nov 25 16:36:48 ubuntu systemd[1]: Starting Login Service...
Nov 25 16:36:48 ubuntu kernel: [    1.069224] CPU32: Booted secondary processor 0x00001a0000 [0x481fd010]
Nov 25 16:36:48 ubuntu kernel: [    1.102033] Detected VIPT I-cache on CPU33
Nov 25 16:36:48 ubuntu kernel: [    1.102044] GICv3: CPU33: found redistributor 1a0100 region 33:0x00000000aa340000
Nov 25 16:36:48 ubuntu kernel: [    1.102060] GICv3: CPU33: using allocated LPI pending table @0x00000027ff2c0000
Nov 25 16:36:48 ubuntu kernel: [    1.102099] CPU33: Booted secondary processor 0x00001a0100 [0x481fd010]
Nov 25 16:36:48 ubuntu kernel: [    1.134930] Detected VIPT I-cache on CPU34
Nov 25 16:36:48 ubuntu kernel: [    1.134941] GICv3: CPU34: found redistributor 1a0200 region 34:0x00000000aa380000
Nov 25 16:36:48 ubuntu kernel: [    1.134957] GICv3: CPU34: using allocated LPI pending table @0x00000027ff2d0000
Nov 25 16:36:48 ubuntu kernel: [    1.134995] CPU34: Booted secondary processor 0x00001a0200 [0x481fd010]
Nov 25 16:36:48 ubuntu kernel: [    1.167827] Detected VIPT I-cache on CPU35
Nov 25 16:36:48 ubuntu kernel: [    1.167839] GICv3: CPU35: found redistributor 1a0300 region 35:0x00000000aa3c0000
Nov 25 16:36:48 ubuntu kernel: [    1.167854] GICv3: CPU35: using allocated LPI pending table @0x00000027ff2e0000
Nov 25 16:36:48 ubuntu kernel: [    1.167892] CPU35: Booted secondary processor 0x00001a0300 [0x481fd010]
Nov 25 16:36:48 ubuntu kernel: [    1.200905] Detected VIPT I-cache on CPU36
Nov 25 16:36:48 ubuntu kernel: [    1.200918] GICv3: CPU36: found redistributor 1b0000 region 36:0x00000000aa400000
Nov 25 16:36:48 ubuntu kernel: [    1.200943] GICv3: CPU36: using allocated LPI pending table @0x00000027ff2f0000
Nov 25 16:36:48 ubuntu kernel: [    1.200987] CPU36: Booted secondary processor 0x00001b0000 [0x481fd010]
Nov 25 16:36:48 ubuntu rsyslogd: imuxsock: Acquired UNIX socket '/run/systemd/journal/syslog' (fd 3) from systemd.  [v8.32.0]
Nov 25 16:36:48 ubuntu kernel: [    1.233970] Detected VIPT I-cache on CPU37
Nov 25 16:36:48 ubuntu kernel: [    1.233981] GICv3: CPU37: found redistributor 1b0100 region 37:0x00000000aa440000
Nov 25 16:36:48 ubuntu kernel: [    1.233998] GICv3: CPU37: using allocated LPI pending table @0x00000027ff300000
Nov 25 16:36:48 ubuntu kernel: [    1.234035] CPU37: Booted secondary processor 0x00001b0100 [0x481fd010]
Nov 25 16:36:48 ubuntu kernel: [    1.267040] Detected VIPT I-cache on CPU38
Nov 25 16:36:48 ubuntu kernel: [    1.267051] GICv3: CPU38: found redistributor 1b0200 region 38:0x00000000aa480000
Nov 25 16:36:48 ubuntu kernel: [    1.267070] GICv3: CPU38: using allocated LPI pending table @0x00000027ff310000
Nov 25 16:36:48 ubuntu kernel: [    1.267107] CPU38: Booted secondary processor 0x00001b0200 [0x481fd010]
Nov 25 16:36:48 ubuntu kernel: [    1.300110] Detected VIPT I-cache on CPU39
Nov 25 16:36:48 ubuntu kernel: [    1.300122] GICv3: CPU39: found redistributor 1b0300 region 39:0x00000000aa4c0000
Nov 25 16:36:48 ubuntu kernel: [    1.300140] GICv3: CPU39: using allocated LPI pending table @0x00000027ff320000
Nov 25 16:36:48 ubuntu kernel: [    1.300178] CPU39: Booted secondary processor 0x00001b0300 [0x481fd010]
Nov 25 16:36:48 ubuntu kernel: [    1.332667] Detected VIPT I-cache on CPU40
Nov 25 16:36:48 ubuntu kernel: [    1.332682] GICv3: CPU40: found redistributor 1c0000 region 40:0x00000000aa500000
Nov 25 16:36:48 ubuntu kernel: [    1.332710] GICv3: CPU40: using allocated LPI pending table @0x00000027ff330000
Nov 25 16:36:48 ubuntu kernel: [    1.332752] CPU40: Booted secondary processor 0x00001c0000 [0x481fd010]
Nov 25 16:36:48 ubuntu kernel: [    1.365212] Detected VIPT I-cache on CPU41
Nov 25 16:36:48 ubuntu kernel: [    1.365223] GICv3: CPU41: found redistributor 1c0100 region 41:0x00000000aa540000
Nov 25 16:36:48 ubuntu kernel: [    1.365241] GICv3: CPU41: using allocated LPI pending table @0x00000027ff340000
Nov 25 16:36:48 ubuntu kernel: [    1.365280] CPU41: Booted secondary processor 0x00001c0100 [0x481fd010]
Nov 25 16:36:48 ubuntu kernel: [    1.397761] Detected VIPT I-cache on CPU42
Nov 25 16:36:48 ubuntu kernel: [    1.397772] GICv3: CPU42: found redistributor 1c0200 region 42:0x00000000aa580000
Nov 25 16:36:48 ubuntu kernel: [    1.397790] GICv3: CPU42: using allocated LPI pending table @0x00000027ff350000
Nov 25 16:36:48 ubuntu kernel: [    1.397828] CPU42: Booted secondary processor 0x00001c0200 [0x481fd010]
Nov 25 16:36:48 ubuntu kernel: [    1.430311] Detected VIPT I-cache on CPU43
Nov 25 16:36:48 ubuntu kernel: [    1.430322] GICv3: CPU43: found redistributor 1c0300 region 43:0x00000000aa5c0000
Nov 25 16:36:48 ubuntu kernel: [    1.430339] GICv3: CPU43: using allocated LPI pending table @0x00000027ff360000
Nov 25 16:36:48 ubuntu kernel: [    1.430377] CPU43: Booted secondary processor 0x00001c0300 [0x481fd010]
Nov 25 16:36:48 ubuntu kernel: [    1.463040] Detected VIPT I-cache on CPU44
Nov 25 16:36:48 ubuntu kernel: [    1.463055] GICv3: CPU44: found redistributor 1d0000 region 44:0x00000000aa600000
Nov 25 16:36:48 ubuntu kernel: [    1.463082] GICv3: CPU44: using allocated LPI pending table @0x00000027ff370000
Nov 25 16:36:48 ubuntu kernel: [    1.463127] CPU44: Booted secondary processor 0x00001d0000 [0x481fd010]
Nov 25 16:36:48 ubuntu kernel: [    1.495758] Detected VIPT I-cache on CPU45
Nov 25 16:36:48 ubuntu kernel: [    1.495770] GICv3: CPU45: found redistributor 1d0100 region 45:0x00000000aa640000
Nov 25 16:36:48 ubuntu kernel: [    1.495790] GICv3: CPU45: using allocated LPI pending table @0x00000027ff380000
Nov 25 16:36:48 ubuntu kernel: [    1.495829] CPU45: Booted secondary processor 0x00001d0100 [0x481fd010]
Nov 25 16:36:48 ubuntu kernel: [    1.528482] Detected VIPT I-cache on CPU46
Nov 25 16:36:48 ubuntu kernel: [    1.528495] GICv3: CPU46: found redistributor 1d0200 region 46:0x00000000aa680000
Nov 25 16:36:48 ubuntu kernel: [    1.528512] GICv3: CPU46: using allocated LPI pending table @0x00000027ff390000
Nov 25 16:36:48 ubuntu kernel: [    1.528550] CPU46: Booted secondary processor 0x00001d0200 [0x481fd010]
Nov 25 16:36:48 ubuntu kernel: [    1.561205] Detected VIPT I-cache on CPU47
Nov 25 16:36:48 ubuntu kernel: [    1.561217] GICv3: CPU47: found redistributor 1d0300 region 47:0x00000000aa6c0000
Nov 25 16:36:48 ubuntu kernel: [    1.561234] GICv3: CPU47: using allocated LPI pending table @0x00000027ff3a0000
Nov 25 16:36:48 ubuntu kernel: [    1.561273] CPU47: Booted secondary processor 0x00001d0300 [0x481fd010]
Nov 25 16:36:48 ubuntu kernel: [    1.594046] Detected VIPT I-cache on CPU48
Nov 25 16:36:48 ubuntu kernel: [    1.594086] GICv3: CPU48: found redistributor 280000 region 48:0x00002000ae100000
Nov 25 16:36:48 ubuntu kernel: [    1.594148] GICv3: CPU48: using allocated LPI pending table @0x00000027ff3b0000
Nov 25 16:36:48 ubuntu kernel: [    1.594219] CPU48: Booted secondary processor 0x0000280000 [0x481fd010]
Nov 25 16:36:48 ubuntu kernel: [    1.626834] Detected VIPT I-cache on CPU49
Nov 25 16:36:48 ubuntu kernel: [    1.626862] GICv3: CPU49: found redistributor 280100 region 49:0x00002000ae140000
Nov 25 16:36:48 ubuntu kernel: [    1.626884] GICv3: CPU49: using allocated LPI pending table @0x00000027ff3c0000
Nov 25 16:36:48 ubuntu kernel: [    1.626936] CPU49: Booted secondary processor 0x0000280100 [0x481fd010]
Nov 25 16:36:48 ubuntu kernel: [    1.659644] Detected VIPT I-cache on CPU50
Nov 25 16:36:48 ubuntu kernel: [    1.659671] GICv3: CPU50: found redistributor 280200 region 50:0x00002000ae180000
Nov 25 16:36:48 ubuntu kernel: [    1.659694] GICv3: CPU50: using allocated LPI pending table @0x00000027ff3d0000
Nov 25 16:36:48 ubuntu kernel: [    1.659745] CPU50: Booted secondary processor 0x0000280200 [0x481fd010]
Nov 25 16:36:48 ubuntu kernel: [    1.692454] Detected VIPT I-cache on CPU51
Nov 25 16:36:48 ubuntu kernel: [    1.692482] GICv3: CPU51: found redistributor 280300 region 51:0x00002000ae1c0000
Nov 25 16:36:48 ubuntu kernel: [    1.692505] GICv3: CPU51: using allocated LPI pending table @0x00000027ff3e0000
Nov 25 16:36:48 ubuntu kernel: [    1.692556] CPU51: Booted secondary processor 0x0000280300 [0x481fd010]
Nov 25 16:36:48 ubuntu kernel: [    1.725441] Detected VIPT I-cache on CPU52
Nov 25 16:36:48 ubuntu kernel: [    1.725471] GICv3: CPU52: found redistributor 290000 region 52:0x00002000ae200000
Nov 25 16:36:48 ubuntu kernel: [    1.725508] GICv3: CPU52: using allocated LPI pending table @0x00000027ff3f0000
Nov 25 16:36:48 ubuntu kernel: [    1.725563] CPU52: Booted secondary processor 0x0000290000 [0x481fd010]
Nov 25 16:36:48 ubuntu kernel: [    1.758422] Detected VIPT I-cache on CPU53
Nov 25 16:36:48 ubuntu kernel: [    1.758450] GICv3: CPU53: found redistributor 290100 region 53:0x00002000ae240000
Nov 25 16:36:48 ubuntu kernel: [    1.758470] GICv3: CPU53: using allocated LPI pending table @0x00000027fec00000
Nov 25 16:36:48 ubuntu kernel: [    1.758522] CPU53: Booted secondary processor 0x0000290100 [0x481fd010]
Nov 25 16:36:48 ubuntu kernel: [    1.791406] Detected VIPT I-cache on CPU54
Nov 25 16:36:48 ubuntu kernel: [    1.791434] GICv3: CPU54: found redistributor 290200 region 54:0x00002000ae280000
Nov 25 16:36:48 ubuntu kernel: [    1.791454] GICv3: CPU54: using allocated LPI pending table @0x00000027fec10000
Nov 25 16:36:48 ubuntu kernel: [    1.791506] CPU54: Booted secondary processor 0x0000290200 [0x481fd010]
Nov 25 16:36:48 ubuntu kernel: [    1.824391] Detected VIPT I-cache on CPU55
Nov 25 16:36:48 ubuntu kernel: [    1.824419] GICv3: CPU55: found redistributor 290300 region 55:0x00002000ae2c0000
Nov 25 16:36:48 ubuntu kernel: [    1.824439] GICv3: CPU55: using allocated LPI pending table @0x00000027fec20000
Nov 25 16:36:48 ubuntu kernel: [    1.824490] CPU55: Booted secondary processor 0x0000290300 [0x481fd010]
Nov 25 16:36:48 ubuntu kernel: [    1.857552] Detected VIPT I-cache on CPU56
Nov 25 16:36:48 ubuntu kernel: [    1.857582] GICv3: CPU56: found redistributor 2a0000 region 56:0x00002000ae300000
Nov 25 16:36:48 ubuntu kernel: [    1.857610] GICv3: CPU56: using allocated LPI pending table @0x00000027fec30000
Nov 25 16:36:48 ubuntu kernel: [    1.857664] CPU56: Booted secondary processor 0x00002a0000 [0x481fd010]
Nov 25 16:36:48 ubuntu kernel: [    1.890705] Detected VIPT I-cache on CPU57
Nov 25 16:36:48 ubuntu kernel: [    1.890734] GICv3: CPU57: found redistributor 2a0100 region 57:0x00002000ae340000
Nov 25 16:36:48 ubuntu kernel: [    1.890754] GICv3: CPU57: using allocated LPI pending table @0x00000027fec40000
Nov 25 16:36:48 ubuntu kernel: [    1.890806] CPU57: Booted secondary processor 0x00002a0100 [0x481fd010]
Nov 25 16:36:48 ubuntu kernel: [    1.923863] Detected VIPT I-cache on CPU58
Nov 25 16:36:48 ubuntu kernel: [    1.923891] GICv3: CPU58: found redistributor 2a0200 region 58:0x00002000ae380000
Nov 25 16:36:48 ubuntu kernel: [    1.923911] GICv3: CPU58: using allocated LPI pending table @0x00000027fec50000
Nov 25 16:36:48 ubuntu kernel: [    1.923962] CPU58: Booted secondary processor 0x00002a0200 [0x481fd010]
Nov 25 16:36:48 ubuntu kernel: [    1.957020] Detected VIPT I-cache on CPU59
Nov 25 16:36:48 ubuntu kernel: [    1.957049] GICv3: CPU59: found redistributor 2a0300 region 59:0x00002000ae3c0000
Nov 25 16:36:48 ubuntu kernel: [    1.957069] GICv3: CPU59: using allocated LPI pending table @0x00000027fec60000
Nov 25 16:36:48 ubuntu kernel: [    1.957120] CPU59: Booted secondary processor 0x00002a0300 [0x481fd010]
Nov 25 16:36:48 ubuntu kernel: [    1.990355] Detected VIPT I-cache on CPU60
Nov 25 16:36:48 ubuntu kernel: [    1.990387] GICv3: CPU60: found redistributor 2b0000 region 60:0x00002000ae400000
Nov 25 16:36:48 ubuntu kernel: [    1.990416] GICv3: CPU60: using allocated LPI pending table @0x00000027fec70000
Nov 25 16:36:48 ubuntu kernel: [    1.990470] CPU60: Booted secondary processor 0x00002b0000 [0x481fd010]
Nov 25 16:36:48 ubuntu kernel: [    2.023683] Detected VIPT I-cache on CPU61
Nov 25 16:36:48 ubuntu kernel: [    2.023712] GICv3: CPU61: found redistributor 2b0100 region 61:0x00002000ae440000
Nov 25 16:36:48 ubuntu kernel: [    2.023735] GICv3: CPU61: using allocated LPI pending table @0x00000027fec80000
Nov 25 16:36:48 ubuntu kernel: [    2.023788] CPU61: Booted secondary processor 0x00002b0100 [0x481fd010]
Nov 25 16:36:48 ubuntu kernel: [    2.057014] Detected VIPT I-cache on CPU62
Nov 25 16:36:48 ubuntu kernel: [    2.057044] GICv3: CPU62: found redistributor 2b0200 region 62:0x00002000ae480000
Nov 25 16:36:48 ubuntu kernel: [    2.057064] GICv3: CPU62: using allocated LPI pending table @0x00000027fec90000
Nov 25 16:36:48 ubuntu kernel: [    2.057118] CPU62: Booted secondary processor 0x00002b0200 [0x481fd010]
Nov 25 16:36:48 ubuntu kernel: [    2.090345] Detected VIPT I-cache on CPU63
Nov 25 16:36:48 ubuntu kernel: [    2.090375] GICv3: CPU63: found redistributor 2b0300 region 63:0x00002000ae4c0000
Nov 25 16:36:48 ubuntu kernel: [    2.090397] GICv3: CPU63: using allocated LPI pending table @0x00000027feca0000
Nov 25 16:36:48 ubuntu kernel: [    2.090449] CPU63: Booted secondary processor 0x00002b0300 [0x481fd010]
Nov 25 16:36:48 ubuntu kernel: [    2.123160] Detected VIPT I-cache on CPU64
Nov 25 16:36:48 ubuntu kernel: [    2.123191] GICv3: CPU64: found redistributor 2c0000 region 64:0x00002000ae500000
Nov 25 16:36:48 ubuntu kernel: [    2.123221] GICv3: CPU64: using allocated LPI pending table @0x00000027fecb0000
Nov 25 16:36:48 ubuntu kernel: [    2.123276] CPU64: Booted secondary processor 0x00002c0000 [0x481fd010]
Nov 25 16:36:48 ubuntu kernel: [    2.155967] Detected VIPT I-cache on CPU65
Nov 25 16:36:48 ubuntu kernel: [    2.155996] GICv3: CPU65: found redistributor 2c0100 region 65:0x00002000ae540000
Nov 25 16:36:48 ubuntu kernel: [    2.156016] GICv3: CPU65: using allocated LPI pending table @0x00000027fecc0000
Nov 25 16:36:48 ubuntu kernel: [    2.156070] CPU65: Booted secondary processor 0x00002c0100 [0x481fd010]
Nov 25 16:36:48 ubuntu kernel: [    2.188776] Detected VIPT I-cache on CPU66
Nov 25 16:36:48 ubuntu kernel: [    2.188805] GICv3: CPU66: found redistributor 2c0200 region 66:0x00002000ae580000
Nov 25 16:36:48 ubuntu kernel: [    2.188827] GICv3: CPU66: using allocated LPI pending table @0x00000027fecd0000
Nov 25 16:36:48 ubuntu kernel: [    2.188881] CPU66: Booted secondary processor 0x00002c0200 [0x481fd010]
Nov 25 16:36:48 ubuntu kernel: [    2.221588] Detected VIPT I-cache on CPU67
Nov 25 16:36:48 ubuntu kernel: [    2.221617] GICv3: CPU67: found redistributor 2c0300 region 67:0x00002000ae5c0000
Nov 25 16:36:48 ubuntu kernel: [    2.221638] GICv3: CPU67: using allocated LPI pending table @0x00000027fece0000
Nov 25 16:36:48 ubuntu kernel: [    2.221691] CPU67: Booted secondary processor 0x00002c0300 [0x481fd010]
Nov 25 16:36:48 ubuntu kernel: [    2.254574] Detected VIPT I-cache on CPU68
Nov 25 16:36:48 ubuntu kernel: [    2.254605] GICv3: CPU68: found redistributor 2d0000 region 68:0x00002000ae600000
Nov 25 16:36:48 ubuntu kernel: [    2.254636] GICv3: CPU68: using allocated LPI pending table @0x00000027fecf0000
Nov 25 16:36:48 ubuntu kernel: [    2.254693] CPU68: Booted secondary processor 0x00002d0000 [0x481fd010]
Nov 25 16:36:48 ubuntu kernel: [    2.287556] Detected VIPT I-cache on CPU69
Nov 25 16:36:48 ubuntu kernel: [    2.287586] GICv3: CPU69: found redistributor 2d0100 region 69:0x00002000ae640000
Nov 25 16:36:48 ubuntu kernel: [    2.287607] GICv3: CPU69: using allocated LPI pending table @0x00000027fed00000
Nov 25 16:36:48 ubuntu kernel: [    2.287661] CPU69: Booted secondary processor 0x00002d0100 [0x481fd010]
Nov 25 16:36:48 ubuntu kernel: [    2.320539] Detected VIPT I-cache on CPU70
Nov 25 16:36:48 ubuntu kernel: [    2.320569] GICv3: CPU70: found redistributor 2d0200 region 70:0x00002000ae680000
Nov 25 16:36:48 ubuntu kernel: [    2.320590] GICv3: CPU70: using allocated LPI pending table @0x00000027fed10000
Nov 25 16:36:48 ubuntu kernel: [    2.320643] CPU70: Booted secondary processor 0x00002d0200 [0x481fd010]
Nov 25 16:36:48 ubuntu kernel: [    2.353523] Detected VIPT I-cache on CPU71
Nov 25 16:36:48 ubuntu kernel: [    2.353553] GICv3: CPU71: found redistributor 2d0300 region 71:0x00002000ae6c0000
Nov 25 16:36:48 ubuntu kernel: [    2.353575] GICv3: CPU71: using allocated LPI pending table @0x00000027fed20000
Nov 25 16:36:48 ubuntu kernel: [    2.353628] CPU71: Booted secondary processor 0x00002d0300 [0x481fd010]
Nov 25 16:36:48 ubuntu kernel: [    2.393652] Detected VIPT I-cache on CPU72
Nov 25 16:36:48 ubuntu kernel: [    2.393705] GICv3: CPU72: found redistributor 380000 region 72:0x00002000aa100000
Nov 25 16:36:48 ubuntu kernel: [    2.393746] GICv3: CPU72: using allocated LPI pending table @0x00000027fed30000
Nov 25 16:36:48 ubuntu kernel: [    2.393830] CPU72: Booted secondary processor 0x0000380000 [0x481fd010]
Nov 25 16:36:48 ubuntu kernel: [    2.433729] Detected VIPT I-cache on CPU73
Nov 25 16:36:48 ubuntu kernel: [    2.433764] GICv3: CPU73: found redistributor 380100 region 73:0x00002000aa140000
Nov 25 16:36:48 ubuntu kernel: [    2.433789] GICv3: CPU73: using allocated LPI pending table @0x00000027fed40000
Nov 25 16:36:48 ubuntu kernel: [    2.433847] CPU73: Booted secondary processor 0x0000380100 [0x481fd010]
Nov 25 16:36:48 ubuntu kernel: [    2.473830] Detected VIPT I-cache on CPU74
Nov 25 16:36:48 ubuntu kernel: [    2.473865] GICv3: CPU74: found redistributor 380200 region 74:0x00002000aa180000
Nov 25 16:36:48 ubuntu kernel: [    2.473889] GICv3: CPU74: using allocated LPI pending table @0x00000027fed50000
Nov 25 16:36:48 ubuntu kernel: [    2.473946] CPU74: Booted secondary processor 0x0000380200 [0x481fd010]
Nov 25 16:36:48 ubuntu kernel: [    2.513931] Detected VIPT I-cache on CPU75
Nov 25 16:36:48 ubuntu kernel: [    2.513967] GICv3: CPU75: found redistributor 380300 region 75:0x00002000aa1c0000
Nov 25 16:36:48 ubuntu kernel: [    2.513989] GICv3: CPU75: using allocated LPI pending table @0x00000027fed60000
Nov 25 16:36:48 ubuntu kernel: [    2.514046] CPU75: Booted secondary processor 0x0000380300 [0x481fd010]
Nov 25 16:36:48 ubuntu kernel: [    2.554210] Detected VIPT I-cache on CPU76
Nov 25 16:36:48 ubuntu kernel: [    2.554248] GICv3: CPU76: found redistributor 390000 region 76:0x00002000aa200000
Nov 25 16:36:48 ubuntu kernel: [    2.554284] GICv3: CPU76: using allocated LPI pending table @0x00000027fed70000
Nov 25 16:36:48 ubuntu kernel: [    2.554345] CPU76: Booted secondary processor 0x0000390000 [0x481fd010]
Nov 25 16:36:48 ubuntu kernel: [    2.594481] Detected VIPT I-cache on CPU77
Nov 25 16:36:48 ubuntu kernel: [    2.594518] GICv3: CPU77: found redistributor 390100 region 77:0x00002000aa240000
Nov 25 16:36:48 ubuntu kernel: [    2.594541] GICv3: CPU77: using allocated LPI pending table @0x00000027fed80000
Nov 25 16:36:48 ubuntu kernel: [    2.594599] CPU77: Booted secondary processor 0x0000390100 [0x481fd010]
Nov 25 16:36:48 ubuntu kernel: [    2.634757] Detected VIPT I-cache on CPU78
Nov 25 16:36:48 ubuntu kernel: [    2.634793] GICv3: CPU78: found redistributor 390200 region 78:0x00002000aa280000
Nov 25 16:36:48 ubuntu kernel: [    2.634816] GICv3: CPU78: using allocated LPI pending table @0x00000027fed90000
Nov 25 16:36:48 ubuntu kernel: [    2.634874] CPU78: Booted secondary processor 0x0000390200 [0x481fd010]
Nov 25 16:36:48 ubuntu kernel: [    2.675032] Detected VIPT I-cache on CPU79
Nov 25 16:36:48 ubuntu kernel: [    2.675069] GICv3: CPU79: found redistributor 390300 region 79:0x00002000aa2c0000
Nov 25 16:36:48 ubuntu kernel: [    2.675092] GICv3: CPU79: using allocated LPI pending table @0x00000027feda0000
Nov 25 16:36:48 ubuntu kernel: [    2.675150] CPU79: Booted secondary processor 0x0000390300 [0x481fd010]
Nov 25 16:36:48 ubuntu kernel: [    2.715484] Detected VIPT I-cache on CPU80
Nov 25 16:36:48 ubuntu kernel: [    2.715522] GICv3: CPU80: found redistributor 3a0000 region 80:0x00002000aa300000
Nov 25 16:36:48 ubuntu kernel: [    2.715555] GICv3: CPU80: using allocated LPI pending table @0x00000027fedb0000
Nov 25 16:36:48 ubuntu kernel: [    2.715616] CPU80: Booted secondary processor 0x00003a0000 [0x481fd010]
Nov 25 16:36:48 ubuntu kernel: [    2.755929] Detected VIPT I-cache on CPU81
Nov 25 16:36:48 ubuntu kernel: [    2.755966] GICv3: CPU81: found redistributor 3a0100 region 81:0x00002000aa340000
Nov 25 16:36:48 ubuntu kernel: [    2.755990] GICv3: CPU81: using allocated LPI pending table @0x00000027fedc0000
Nov 25 16:36:48 ubuntu kernel: [    2.756048] CPU81: Booted secondary processor 0x00003a0100 [0x481fd010]
Nov 25 16:36:48 ubuntu kernel: [    2.796378] Detected VIPT I-cache on CPU82
Nov 25 16:36:48 ubuntu kernel: [    2.796415] GICv3: CPU82: found redistributor 3a0200 region 82:0x00002000aa380000
Nov 25 16:36:48 ubuntu kernel: [    2.796439] GICv3: CPU82: using allocated LPI pending table @0x00000027fedd0000
Nov 25 16:36:48 ubuntu kernel: [    2.796497] CPU82: Booted secondary processor 0x00003a0200 [0x481fd010]
Nov 25 16:36:48 ubuntu kernel: [    2.836827] Detected VIPT I-cache on CPU83
Nov 25 16:36:48 ubuntu kernel: [    2.836864] GICv3: CPU83: found redistributor 3a0300 region 83:0x00002000aa3c0000
Nov 25 16:36:48 ubuntu kernel: [    2.836888] GICv3: CPU83: using allocated LPI pending table @0x00000027fede0000
Nov 25 16:36:48 ubuntu kernel: [    2.836945] CPU83: Booted secondary processor 0x00003a0300 [0x481fd010]
Nov 25 16:36:48 ubuntu kernel: [    2.877453] Detected VIPT I-cache on CPU84
Nov 25 16:36:48 ubuntu kernel: [    2.877492] GICv3: CPU84: found redistributor 3b0000 region 84:0x00002000aa400000
Nov 25 16:36:48 ubuntu kernel: [    2.877526] GICv3: CPU84: using allocated LPI pending table @0x00000027fedf0000
Nov 25 16:36:48 ubuntu kernel: [    2.877587] CPU84: Booted secondary processor 0x00003b0000 [0x481fd010]
Nov 25 16:36:48 ubuntu kernel: [    2.918073] Detected VIPT I-cache on CPU85
Nov 25 16:36:48 ubuntu kernel: [    2.918111] GICv3: CPU85: found redistributor 3b0100 region 85:0x00002000aa440000
Nov 25 16:36:48 ubuntu kernel: [    2.918134] GICv3: CPU85: using allocated LPI pending table @0x00000027fee00000
Nov 25 16:36:48 ubuntu kernel: [    2.918192] CPU85: Booted secondary processor 0x00003b0100 [0x481fd010]
Nov 25 16:36:48 ubuntu kernel: [    2.958695] Detected VIPT I-cache on CPU86
Nov 25 16:36:48 ubuntu kernel: [    2.958732] GICv3: CPU86: found redistributor 3b0200 region 86:0x00002000aa480000
Nov 25 16:36:48 ubuntu kernel: [    2.958758] GICv3: CPU86: using allocated LPI pending table @0x00000027fee10000
Nov 25 16:36:48 ubuntu kernel: [    2.958815] CPU86: Booted secondary processor 0x00003b0200 [0x481fd010]
Nov 25 16:36:48 ubuntu kernel: [    2.999318] Detected VIPT I-cache on CPU87
Nov 25 16:36:48 ubuntu kernel: [    2.999356] GICv3: CPU87: found redistributor 3b0300 region 87:0x00002000aa4c0000
Nov 25 16:36:48 ubuntu kernel: [    2.999379] GICv3: CPU87: using allocated LPI pending table @0x00000027fee20000
Nov 25 16:36:48 ubuntu kernel: [    2.999437] CPU87: Booted secondary processor 0x00003b0300 [0x481fd010]
Nov 25 16:36:48 ubuntu kernel: [    3.039422] Detected VIPT I-cache on CPU88
Nov 25 16:36:48 ubuntu kernel: [    3.039460] GICv3: CPU88: found redistributor 3c0000 region 88:0x00002000aa500000
Nov 25 16:36:48 ubuntu kernel: [    3.039495] GICv3: CPU88: using allocated LPI pending table @0x00000027fee30000
Nov 25 16:36:48 ubuntu kernel: [    3.039556] CPU88: Booted secondary processor 0x00003c0000 [0x481fd010]
Nov 25 16:36:48 ubuntu kernel: [    3.079520] Detected VIPT I-cache on CPU89
Nov 25 16:36:48 ubuntu kernel: [    3.079557] GICv3: CPU89: found redistributor 3c0100 region 89:0x00002000aa540000
Nov 25 16:36:48 ubuntu kernel: [    3.079586] GICv3: CPU89: using allocated LPI pending table @0x00000027fee40000
Nov 25 16:36:48 ubuntu kernel: [    3.079643] CPU89: Booted secondary processor 0x00003c0100 [0x481fd010]
Nov 25 16:36:48 ubuntu kernel: [    3.119622] Detected VIPT I-cache on CPU90
Nov 25 16:36:48 ubuntu kernel: [    3.119659] GICv3: CPU90: found redistributor 3c0200 region 90:0x00002000aa580000
Nov 25 16:36:48 ubuntu kernel: [    3.119683] GICv3: CPU90: using allocated LPI pending table @0x00000027fee50000
Nov 25 16:36:48 ubuntu kernel: [    3.119741] CPU90: Booted secondary processor 0x00003c0200 [0x481fd010]
Nov 25 16:36:48 ubuntu kernel: [    3.159723] Detected VIPT I-cache on CPU91
Nov 25 16:36:48 ubuntu kernel: [    3.159760] GICv3: CPU91: found redistributor 3c0300 region 91:0x00002000aa5c0000
Nov 25 16:36:48 ubuntu kernel: [    3.159785] GICv3: CPU91: using allocated LPI pending table @0x00000027fee60000
Nov 25 16:36:48 ubuntu kernel: [    3.159843] CPU91: Booted secondary processor 0x00003c0300 [0x481fd010]
Nov 25 16:36:48 ubuntu kernel: [    3.200002] Detected VIPT I-cache on CPU92
Nov 25 16:36:48 ubuntu kernel: [    3.200041] GICv3: CPU92: found redistributor 3d0000 region 92:0x00002000aa600000
Nov 25 16:36:48 ubuntu kernel: [    3.200078] GICv3: CPU92: using allocated LPI pending table @0x00000027fee70000
Nov 25 16:36:48 ubuntu kernel: [    3.200140] CPU92: Booted secondary processor 0x00003d0000 [0x481fd010]
Nov 25 16:36:48 ubuntu kernel: [    3.240274] Detected VIPT I-cache on CPU93
Nov 25 16:36:48 ubuntu kernel: [    3.240312] GICv3: CPU93: found redistributor 3d0100 region 93:0x00002000aa640000
Nov 25 16:36:48 ubuntu kernel: [    3.240337] GICv3: CPU93: using allocated LPI pending table @0x00000027fee80000
Nov 25 16:36:48 ubuntu kernel: [    3.240395] CPU93: Booted secondary processor 0x00003d0100 [0x481fd010]
Nov 25 16:36:48 ubuntu kernel: [    3.280549] Detected VIPT I-cache on CPU94
Nov 25 16:36:48 ubuntu kernel: [    3.280587] GICv3: CPU94: found redistributor 3d0200 region 94:0x00002000aa680000
Nov 25 16:36:48 ubuntu kernel: [    3.280612] GICv3: CPU94: using allocated LPI pending table @0x00000027fee90000
Nov 25 16:36:48 ubuntu kernel: [    3.280670] CPU94: Booted secondary processor 0x00003d0200 [0x481fd010]
Nov 25 16:36:48 ubuntu kernel: [    3.320825] Detected VIPT I-cache on CPU95
Nov 25 16:36:48 ubuntu kernel: [    3.320863] GICv3: CPU95: found redistributor 3d0300 region 95:0x00002000aa6c0000
Nov 25 16:36:48 ubuntu kernel: [    3.320887] GICv3: CPU95: using allocated LPI pending table @0x00000027feea0000
Nov 25 16:36:48 ubuntu kernel: [    3.320946] CPU95: Booted secondary processor 0x00003d0300 [0x481fd010]
Nov 25 16:36:48 ubuntu kernel: [    3.321786] smp: Brought up 4 nodes, 96 CPUs
Nov 25 16:36:48 ubuntu kernel: [    3.322328] SMP: Total of 96 processors activated.
Nov 25 16:36:48 ubuntu kernel: [    3.322331] CPU features: detected: Privileged Access Never
Nov 25 16:36:48 ubuntu kernel: [    3.322332] CPU features: detected: LSE atomic instructions
Nov 25 16:36:48 ubuntu kernel: [    3.322334] CPU features: detected: User Access Override
Nov 25 16:36:48 ubuntu kernel: [    3.322337] CPU features: detected: Common not Private translations
Nov 25 16:36:48 ubuntu kernel: [    3.322339] CPU features: detected: Data cache clean to Point of Persistence
Nov 25 16:36:48 ubuntu kernel: [    3.322341] CPU features: detected: RAS Extension Support
Nov 25 16:36:48 ubuntu kernel: [    3.322343] CPU features: detected: CRC32 instructions
Nov 25 16:36:48 ubuntu kernel: [    3.387179] CPU: All CPU(s) started at EL2
Nov 25 16:36:48 ubuntu kernel: [    3.403243] devtmpfs: initialized
Nov 25 16:36:48 ubuntu kernel: [    3.405918] Registered cp15_barrier emulation handler
Nov 25 16:36:48 ubuntu kernel: [    3.405956] Registered setend emulation handler
Nov 25 16:36:48 ubuntu kernel: [    3.405962] KASLR disabled due to lack of seed
Nov 25 16:36:48 ubuntu kernel: [    3.406379] clocksource: jiffies: mask: 0xffffffff max_cycles: 0xffffffff, max_idle_ns: 7645041785100000 ns
Nov 25 16:36:48 ubuntu kernel: [    3.406786] futex hash table entries: 32768 (order: 9, 2097152 bytes, vmalloc)
Nov 25 16:36:48 ubuntu kernel: [    3.407641] pinctrl core: initialized pinctrl subsystem
Nov 25 16:36:48 ubuntu kernel: [    3.407817] thermal_sys: Registered thermal governor 'fair_share'
Nov 25 16:36:48 ubuntu kernel: [    3.407818] thermal_sys: Registered thermal governor 'bang_bang'
Nov 25 16:36:48 ubuntu kernel: [    3.407822] thermal_sys: Registered thermal governor 'step_wise'
Nov 25 16:36:48 ubuntu kernel: [    3.407824] thermal_sys: Registered thermal governor 'user_space'
Nov 25 16:36:48 ubuntu kernel: [    3.407907] SMBIOS 3.1.1 present.
Nov 25 16:36:48 ubuntu kernel: [    3.407913] DMI: Huawei TaiShan 200 (Model 2280)/BC82AMDDA, BIOS 1.06 10/29/2019
Nov 25 16:36:48 ubuntu kernel: [    3.408264] NET: Registered protocol family 16
Nov 25 16:36:48 ubuntu kernel: [    3.409379] DMA: preallocated 256 KiB pool for atomic allocations
Nov 25 16:36:48 ubuntu kernel: [    3.409384] audit: initializing netlink subsys (disabled)
Nov 25 16:36:48 ubuntu kernel: [    3.409427] audit: type=2000 audit(0.488:1): state=initialized audit_enabled=0 res=1
Nov 25 16:36:48 ubuntu kernel: [    3.409692] cpuidle: using governor ladder
Nov 25 16:36:48 ubuntu kernel: [    3.409767] cpuidle: using governor menu
Nov 25 16:36:48 ubuntu kernel: [    3.409777] Detected 1 PCC Subspaces
Nov 25 16:36:48 ubuntu kernel: [    3.409804] Registering PCC driver as Mailbox controller
Nov 25 16:36:48 ubuntu kernel: [    3.409881] hw-breakpoint: found 6 breakpoint and 4 watchpoint registers.
Nov 25 16:36:48 ubuntu kernel: [    3.410748] ASID allocator initialised with 65536 entries
Nov 25 16:36:48 ubuntu kernel: [    3.410899] ACPI: bus type PCI registered
Nov 25 16:36:48 ubuntu kernel: [    3.410903] acpiphp: ACPI Hot Plug PCI Controller Driver version: 0.5
Nov 25 16:36:48 ubuntu kernel: [    3.411074] Serial: AMBA PL011 UART driver
Nov 25 16:36:48 ubuntu kernel: [    3.418064] HugeTLB registered 1.00 GiB page size, pre-allocated 0 pages
Nov 25 16:36:48 ubuntu kernel: [    3.418068] HugeTLB registered 32.0 MiB page size, pre-allocated 0 pages
Nov 25 16:36:48 ubuntu kernel: [    3.418070] HugeTLB registered 2.00 MiB page size, pre-allocated 0 pages
Nov 25 16:36:48 ubuntu kernel: [    3.418073] HugeTLB registered 64.0 KiB page size, pre-allocated 0 pages
Nov 25 16:36:48 ubuntu kernel: [    3.421630] fbcon: Taking over console
Nov 25 16:36:48 ubuntu kernel: [    3.422030] ACPI: Added _OSI(Module Device)
Nov 25 16:36:48 ubuntu kernel: [    3.422033] ACPI: Added _OSI(Processor Device)
Nov 25 16:36:48 ubuntu kernel: [    3.422035] ACPI: Added _OSI(3.0 _SCP Extensions)
Nov 25 16:36:48 ubuntu kernel: [    3.422038] ACPI: Added _OSI(Processor Aggregator Device)
Nov 25 16:36:48 ubuntu kernel: [    3.422040] ACPI: Added _OSI(Linux-Dell-Video)
Nov 25 16:36:48 ubuntu kernel: [    3.422045] ACPI: Added _OSI(Linux-Lenovo-NV-HDMI-Audio)
Nov 25 16:36:48 ubuntu kernel: [    3.422047] ACPI: Added _OSI(Linux-HPI-Hybrid-Graphics)
Nov 25 16:36:48 ubuntu kernel: [    3.431208] ACPI: 2 ACPI AML tables successfully acquired and loaded
Nov 25 16:36:48 ubuntu kernel: [    3.434670] ACPI: Interpreter enabled
Nov 25 16:36:48 ubuntu kernel: [    3.434673] ACPI: Using GIC for interrupt routing
Nov 25 16:36:48 ubuntu kernel: [    3.434688] ACPI: MCFG table detected, 1 entries
Nov 25 16:36:48 ubuntu kernel: [    3.434691] ACPI: IORT: [Firmware Bug]: ID count for ID mapping entry is wrong, applying workaround
Nov 25 16:36:48 ubuntu kernel: [    3.434696] ACPI: IORT: SMMU-v3[148000000] Mapped to Proximity domain 0
Nov 25 16:36:48 ubuntu kernel: [    3.434750] ACPI: IORT: SMMU-v3[201000000] Mapped to Proximity domain 0
Nov 25 16:36:48 ubuntu kernel: [    3.434774] ACPI: IORT: SMMU-v3[100000000] Mapped to Proximity domain 0
Nov 25 16:36:48 ubuntu kernel: [    3.434800] ACPI: IORT: SMMU-v3[140000000] Mapped to Proximity domain 0
Nov 25 16:36:48 ubuntu kernel: [    3.434823] ACPI: IORT: SMMU-v3[200148000000] Mapped to Proximity domain 2
Nov 25 16:36:48 ubuntu kernel: [    3.434848] ACPI: IORT: SMMU-v3[200201000000] Mapped to Proximity domain 2
Nov 25 16:36:48 ubuntu kernel: [    3.434870] ACPI: IORT: SMMU-v3[200100000000] Mapped to Proximity domain 2
Nov 25 16:36:48 ubuntu kernel: [    3.434893] ACPI: IORT: SMMU-v3[200140000000] Mapped to Proximity domain 2
Nov 25 16:36:48 ubuntu kernel: [    3.435555] HEST: Table parsing has been initialized.
Nov 25 16:36:48 ubuntu kernel: [    3.462769] ACPI: PCI Root Bridge [PCI0] (domain 0000 [bus 00-3f])
Nov 25 16:36:48 ubuntu kernel: [    3.462777] acpi PNP0A08:00: _OSC: OS supports [ExtendedConfig ASPM ClockPM Segments MSI HPX-Type3]
Nov 25 16:36:48 ubuntu kernel: [    3.462880] acpi PNP0A08:00: _OSC: platform does not support [SHPCHotplug LTR]
Nov 25 16:36:48 ubuntu kernel: [    3.462968] acpi PNP0A08:00: _OSC: OS now controls [PCIeHotplug PME AER PCIeCapability]
Nov 25 16:36:48 ubuntu kernel: [    3.463554] acpi PNP0A08:00: ECAM area [mem 0xd0000000-0xd3ffffff] reserved by PNP0C02:00
Nov 25 16:36:48 ubuntu kernel: [    3.463566] acpi PNP0A08:00: ECAM at [mem 0xd0000000-0xd3ffffff] for [bus 00-3f]
Nov 25 16:36:48 ubuntu kernel: [    3.463589] Remapped I/O 0x00000000f7ff0000 to [io  0x0000-0xffff window]
Nov 25 16:36:48 ubuntu kernel: [    3.463655] PCI host bridge to bus 0000:00
Nov 25 16:36:48 ubuntu kernel: [    3.463659] pci_bus 0000:00: root bus resource [mem 0x80000000000-0x82fffffffff pref window]
Nov 25 16:36:48 ubuntu kernel: [    3.463662] pci_bus 0000:00: root bus resource [mem 0xe0000000-0xf7feffff window]
Nov 25 16:36:48 ubuntu kernel: [    3.463665] pci_bus 0000:00: root bus resource [io  0x0000-0xffff window]
Nov 25 16:36:48 ubuntu kernel: [    3.463668] pci_bus 0000:00: root bus resource [bus 00-3f]
Nov 25 16:36:48 ubuntu kernel: [    3.463700] pci 0000:00:00.0: [19e5:a120] type 01 class 0x060400
Nov 25 16:36:48 ubuntu kernel: [    3.463767] pci 0000:00:00.0: PME# supported from D0 D1 D2 D3hot D3cold
Nov 25 16:36:48 ubuntu kernel: [    3.463832] pci 0000:00:04.0: [19e5:a120] type 01 class 0x060400
Nov 25 16:36:48 ubuntu kernel: [    3.463890] pci 0000:00:04.0: PME# supported from D0 D1 D2 D3hot D3cold
Nov 25 16:36:48 ubuntu kernel: [    3.463941] pci 0000:00:08.0: [19e5:a120] type 01 class 0x060400
Nov 25 16:36:48 ubuntu kernel: [    3.463995] pci 0000:00:08.0: PME# supported from D0 D1 D2 D3hot D3cold
Nov 25 16:36:48 ubuntu kernel: [    3.464042] pci 0000:00:0c.0: [19e5:a120] type 01 class 0x060400
Nov 25 16:36:48 ubuntu kernel: [    3.464098] pci 0000:00:0c.0: PME# supported from D0 D1 D2 D3hot D3cold
Nov 25 16:36:48 ubuntu kernel: [    3.464146] pci 0000:00:10.0: [19e5:a120] type 01 class 0x060400
Nov 25 16:36:48 ubuntu kernel: [    3.464200] pci 0000:00:10.0: PME# supported from D0 D1 D2 D3hot D3cold
Nov 25 16:36:48 ubuntu kernel: [    3.464247] pci 0000:00:11.0: [19e5:a120] type 01 class 0x060400
Nov 25 16:36:48 ubuntu kernel: [    3.464301] pci 0000:00:11.0: PME# supported from D0 D1 D2 D3hot D3cold
Nov 25 16:36:48 ubuntu kernel: [    3.464347] pci 0000:00:12.0: [19e5:a120] type 01 class 0x060400
Nov 25 16:36:48 ubuntu kernel: [    3.464401] pci 0000:00:12.0: PME# supported from D0 D1 D2 D3hot D3cold
Nov 25 16:36:48 ubuntu kernel: [    3.464508] pci 0000:03:00.0: [1000:0016] type 00 class 0x010400
Nov 25 16:36:48 ubuntu kernel: [    3.464530] pci 0000:03:00.0: reg 0x10: [mem 0x80000100000-0x800001fffff 64bit pref]
Nov 25 16:36:48 ubuntu kernel: [    3.464539] pci 0000:03:00.0: reg 0x18: [mem 0x80000000000-0x800000fffff 64bit pref]
Nov 25 16:36:48 ubuntu kernel: [    3.464548] pci 0000:03:00.0: reg 0x20: [mem 0xe6400000-0xe64fffff]
Nov 25 16:36:48 ubuntu kernel: [    3.464555] pci 0000:03:00.0: reg 0x24: [io  0x0000-0x00ff]
Nov 25 16:36:48 ubuntu kernel: [    3.464563] pci 0000:03:00.0: reg 0x30: [mem 0xe6300000-0xe63fffff pref]
Nov 25 16:36:48 ubuntu kernel: [    3.464633] pci 0000:03:00.0: supports D1 D2
Nov 25 16:36:48 ubuntu kernel: [    3.464759] pci 0000:05:00.0: [19e5:1710] type 00 class 0x118000
Nov 25 16:36:48 ubuntu kernel: [    3.464785] pci 0000:05:00.0: reg 0x10: [mem 0xe0000000-0xe3ffffff pref]
Nov 25 16:36:48 ubuntu kernel: [    3.464795] pci 0000:05:00.0: reg 0x14: [mem 0xe6200000-0xe62fffff]
Nov 25 16:36:48 ubuntu kernel: [    3.464947] pci 0000:05:00.0: supports D1
Nov 25 16:36:48 ubuntu kernel: [    3.464949] pci 0000:05:00.0: PME# supported from D0 D1 D3hot
Nov 25 16:36:48 ubuntu kernel: [    3.465072] pci 0000:06:00.0: [19e5:1711] type 00 class 0x030000
Nov 25 16:36:48 ubuntu kernel: [    3.465104] pci 0000:06:00.0: reg 0x10: [mem 0xe4000000-0xe5ffffff pref]
Nov 25 16:36:48 ubuntu kernel: [    3.465117] pci 0000:06:00.0: reg 0x14: [mem 0xe6000000-0xe61fffff]
Nov 25 16:36:48 ubuntu kernel: [    3.465242] pci 0000:06:00.0: BAR 0: assigned to efifb
Nov 25 16:36:48 ubuntu kernel: [    3.465302] pci 0000:06:00.0: supports D1
Nov 25 16:36:48 ubuntu kernel: [    3.465304] pci 0000:06:00.0: PME# supported from D0 D1 D3hot
Nov 25 16:36:48 ubuntu kernel: [    3.465427] pci_bus 0000:00: on NUMA node 0
Nov 25 16:36:48 ubuntu kernel: [    3.465429] pci 0000:00:00.0: PCI bridge to [bus 01]
Nov 25 16:36:48 ubuntu kernel: [    3.465433] pci 0000:00:04.0: PCI bridge to [bus 02]
Nov 25 16:36:48 ubuntu kernel: [    3.465438] pci 0000:00:08.0: PCI bridge to [bus 03]
Nov 25 16:36:48 ubuntu kernel: [    3.465441] pci 0000:00:08.0:   bridge window [io  0x0000-0x0fff]
Nov 25 16:36:48 ubuntu kernel: [    3.465444] pci 0000:00:08.0:   bridge window [mem 0xe6300000-0xe64fffff]
Nov 25 16:36:48 ubuntu kernel: [    3.465447] pci 0000:00:08.0:   bridge window [mem 0x80000000000-0x800001fffff 64bit pref]
Nov 25 16:36:48 ubuntu kernel: [    3.465451] pci 0000:00:0c.0: PCI bridge to [bus 04]
Nov 25 16:36:48 ubuntu kernel: [    3.465455] pci 0000:00:10.0: PCI bridge to [bus 05]
Nov 25 16:36:48 ubuntu kernel: [    3.465459] pci 0000:00:10.0:   bridge window [mem 0xe6200000-0xe62fffff]
Nov 25 16:36:48 ubuntu kernel: [    3.465462] pci 0000:00:10.0:   bridge window [mem 0xe0000000-0xe3ffffff 64bit pref]
Nov 25 16:36:48 ubuntu kernel: [    3.465465] pci 0000:00:11.0: PCI bridge to [bus 06]
Nov 25 16:36:48 ubuntu kernel: [    3.465469] pci 0000:00:11.0:   bridge window [mem 0xe6000000-0xe61fffff]
Nov 25 16:36:48 ubuntu kernel: [    3.465472] pci 0000:00:11.0:   bridge window [mem 0xe4000000-0xe5ffffff 64bit pref]
Nov 25 16:36:48 ubuntu kernel: [    3.465475] pci 0000:00:12.0: PCI bridge to [bus 07]
Nov 25 16:36:48 ubuntu kernel: [    3.465485] pci 0000:00:00.0: PCI bridge to [bus 01]
Nov 25 16:36:48 ubuntu kernel: [    3.465490] pci 0000:00:04.0: PCI bridge to [bus 02]
Nov 25 16:36:48 ubuntu kernel: [    3.465495] pci 0000:00:08.0: PCI bridge to [bus 03]
Nov 25 16:36:48 ubuntu kernel: [    3.465497] pci 0000:00:08.0:   bridge window [io  0x0000-0x0fff]
Nov 25 16:36:48 ubuntu kernel: [    3.465500] pci 0000:00:08.0:   bridge window [mem 0xe6300000-0xe64fffff]
Nov 25 16:36:48 ubuntu kernel: [    3.465504] pci 0000:00:08.0:   bridge window [mem 0x80000000000-0x800001fffff 64bit pref]
Nov 25 16:36:48 ubuntu kernel: [    3.465508] pci 0000:00:0c.0: PCI bridge to [bus 04]
Nov 25 16:36:48 ubuntu kernel: [    3.465513] pci 0000:00:10.0: PCI bridge to [bus 05]
Nov 25 16:36:48 ubuntu kernel: [    3.465520] pci 0000:00:10.0:   bridge window [mem 0xe6200000-0xe62fffff]
Nov 25 16:36:48 ubuntu kernel: [    3.465523] pci 0000:00:10.0:   bridge window [mem 0xe0000000-0xe3ffffff 64bit pref]
Nov 25 16:36:48 ubuntu kernel: [    3.465527] pci 0000:00:11.0: PCI bridge to [bus 06]
Nov 25 16:36:48 ubuntu kernel: [    3.465530] pci 0000:00:11.0:   bridge window [mem 0xe6000000-0xe61fffff]
Nov 25 16:36:48 ubuntu kernel: [    3.465533] pci 0000:00:11.0:   bridge window [mem 0xe4000000-0xe5ffffff 64bit pref]
Nov 25 16:36:48 ubuntu kernel: [    3.465537] pci 0000:00:12.0: PCI bridge to [bus 07]
Nov 25 16:36:48 ubuntu kernel: [    3.465542] pci_bus 0000:00: resource 4 [mem 0x80000000000-0x82fffffffff pref window]
Nov 25 16:36:48 ubuntu kernel: [    3.465546] pci_bus 0000:00: resource 5 [mem 0xe0000000-0xf7feffff window]
Nov 25 16:36:48 ubuntu kernel: [    3.465548] pci_bus 0000:00: resource 6 [io  0x0000-0xffff window]
Nov 25 16:36:48 ubuntu kernel: [    3.465551] pci_bus 0000:03: resource 0 [io  0x0000-0x0fff]
Nov 25 16:36:48 ubuntu kernel: [    3.465554] pci_bus 0000:03: resource 1 [mem 0xe6300000-0xe64fffff]
Nov 25 16:36:48 ubuntu kernel: [    3.465556] pci_bus 0000:03: resource 2 [mem 0x80000000000-0x800001fffff 64bit pref]
Nov 25 16:36:48 ubuntu kernel: [    3.465559] pci_bus 0000:05: resource 1 [mem 0xe6200000-0xe62fffff]
Nov 25 16:36:48 ubuntu kernel: [    3.465562] pci_bus 0000:05: resource 2 [mem 0xe0000000-0xe3ffffff 64bit pref]
Nov 25 16:36:48 ubuntu kernel: [    3.465565] pci_bus 0000:06: resource 1 [mem 0xe6000000-0xe61fffff]
Nov 25 16:36:48 ubuntu kernel: [    3.465568] pci_bus 0000:06: resource 2 [mem 0xe4000000-0xe5ffffff 64bit pref]
Nov 25 16:36:48 ubuntu kernel: [    3.465617] ACPI: PCI Root Bridge [PCI1] (domain 0000 [bus 7b])
Nov 25 16:36:48 ubuntu kernel: [    3.465622] acpi PNP0A08:01: _OSC: OS supports [ExtendedConfig ASPM ClockPM Segments MSI HPX-Type3]
Nov 25 16:36:48 ubuntu kernel: [    3.465719] acpi PNP0A08:01: _OSC: platform does not support [PCIeHotplug SHPCHotplug PME AER LTR]
Nov 25 16:36:48 ubuntu kernel: [    3.465807] acpi PNP0A08:01: _OSC: OS now controls [PCIeCapability]
Nov 25 16:36:48 ubuntu kernel: [    3.466394] acpi PNP0A08:01: ECAM area [mem 0xd7b00000-0xd7bfffff] reserved by PNP0C02:00
Nov 25 16:36:48 ubuntu kernel: [    3.466411] acpi PNP0A08:01: ECAM at [mem 0xd7b00000-0xd7bfffff] for [bus 7b]
Nov 25 16:36:48 ubuntu kernel: [    3.466460] PCI host bridge to bus 0000:7b
Nov 25 16:36:48 ubuntu kernel: [    3.466463] pci_bus 0000:7b: root bus resource [mem 0x148800000-0x148ffffff pref window]
Nov 25 16:36:48 ubuntu kernel: [    3.466466] pci_bus 0000:7b: root bus resource [bus 7b]
Nov 25 16:36:48 ubuntu kernel: [    3.466474] pci 0000:7b:00.0: [19e5:a122] type 00 class 0x088000
Nov 25 16:36:48 ubuntu kernel: [    3.466482] pci 0000:7b:00.0: reg 0x18: [mem 0x00000000-0x00003fff 64bit pref]
Nov 25 16:36:48 ubuntu kernel: [    3.466533] pci_bus 0000:7b: on NUMA node 0
Nov 25 16:36:48 ubuntu kernel: [    3.466537] pci 0000:7b:00.0: BAR 2: assigned [mem 0x148800000-0x148803fff 64bit pref]
Nov 25 16:36:48 ubuntu kernel: [    3.466543] pci_bus 0000:7b: resource 4 [mem 0x148800000-0x148ffffff pref window]
Nov 25 16:36:48 ubuntu kernel: [    3.466582] ACPI: PCI Root Bridge [PCI2] (domain 0000 [bus 7a])
Nov 25 16:36:48 ubuntu kernel: [    3.466587] acpi PNP0A08:02: _OSC: OS supports [ExtendedConfig ASPM ClockPM Segments MSI HPX-Type3]
Nov 25 16:36:48 ubuntu kernel: [    3.466683] acpi PNP0A08:02: _OSC: platform does not support [PCIeHotplug SHPCHotplug PME AER LTR]
Nov 25 16:36:48 ubuntu kernel: [    3.466770] acpi PNP0A08:02: _OSC: OS now controls [PCIeCapability]
Nov 25 16:36:48 ubuntu kernel: [    3.467343] acpi PNP0A08:02: ECAM area [mem 0xd7a00000-0xd7afffff] reserved by PNP0C02:00
Nov 25 16:36:48 ubuntu kernel: [    3.467358] acpi PNP0A08:02: ECAM at [mem 0xd7a00000-0xd7afffff] for [bus 7a]
Nov 25 16:36:48 ubuntu kernel: [    3.467405] PCI host bridge to bus 0000:7a
Nov 25 16:36:48 ubuntu kernel: [    3.467408] pci_bus 0000:7a: root bus resource [mem 0x20c000000-0x20c1fffff pref window]
Nov 25 16:36:48 ubuntu kernel: [    3.467411] pci_bus 0000:7a: root bus resource [bus 7a]
Nov 25 16:36:48 ubuntu kernel: [    3.467418] pci 0000:7a:00.0: [19e5:a23b] type 00 class 0x0c0310
Nov 25 16:36:48 ubuntu kernel: [    3.467425] pci 0000:7a:00.0: reg 0x10: [mem 0x20c100000-0x20c100fff 64bit pref]
Nov 25 16:36:48 ubuntu kernel: [    3.467471] pci 0000:7a:01.0: [19e5:a239] type 00 class 0x0c0320
Nov 25 16:36:48 ubuntu kernel: [    3.467478] pci 0000:7a:01.0: reg 0x10: [mem 0x20c101000-0x20c101fff 64bit pref]
Nov 25 16:36:48 ubuntu kernel: [    3.467522] pci 0000:7a:02.0: [19e5:a238] type 00 class 0x0c0330
Nov 25 16:36:48 ubuntu kernel: [    3.467528] pci 0000:7a:02.0: reg 0x10: [mem 0x20c000000-0x20c0fffff 64bit pref]
Nov 25 16:36:48 ubuntu kernel: [    3.467576] pci_bus 0000:7a: on NUMA node 0
Nov 25 16:36:48 ubuntu kernel: [    3.467579] pci 0000:7a:02.0: BAR 0: assigned [mem 0x20c000000-0x20c0fffff 64bit pref]
Nov 25 16:36:48 ubuntu kernel: [    3.467584] pci 0000:7a:00.0: BAR 0: assigned [mem 0x20c100000-0x20c100fff 64bit pref]
Nov 25 16:36:48 ubuntu kernel: [    3.467589] pci 0000:7a:01.0: BAR 0: assigned [mem 0x20c101000-0x20c101fff 64bit pref]
Nov 25 16:36:48 ubuntu kernel: [    3.467594] pci_bus 0000:7a: resource 4 [mem 0x20c000000-0x20c1fffff pref window]
Nov 25 16:36:48 ubuntu kernel: [    3.467633] ACPI: PCI Root Bridge [PCI3] (domain 0000 [bus 78-79])
Nov 25 16:36:48 ubuntu kernel: [    3.467637] acpi PNP0A08:03: _OSC: OS supports [ExtendedConfig ASPM ClockPM Segments MSI HPX-Type3]
