Apr 29 00:05:12 ubuntu rsyslogd:  [origin software="rsyslogd" swVersion="8.32.0" x-pid="2527" x-info="http://www.rsyslog.com"] rsyslogd was HUPed
Apr 29 00:05:29 ubuntu anacron[3675]: Job `cron.daily' terminated
Apr 29 00:05:29 ubuntu anacron[3675]: Normal exit (1 job run)
Apr 29 00:17:01 ubuntu CRON[3916]: (root) CMD (   cd / && run-parts --report /etc/cron.hourly)
Apr 29 00:54:01 ubuntu CRON[3925]: (root) CMD (   test -x /etc/cron.daily/popularity-contest && /etc/cron.daily/popularity-contest --crond)
Apr 29 01:01:55 ubuntu systemd[1]: Started Run anacron jobs.
Apr 29 01:01:55 ubuntu anacron[3930]: Anacron 2.3 started on 2021-04-29
Apr 29 01:01:55 ubuntu anacron[3930]: Normal exit (0 jobs run)
Apr 29 01:17:02 ubuntu CRON[3951]: (root) CMD (   cd / && run-parts --report /etc/cron.hourly)
Apr 29 02:01:08 ubuntu systemd[1]: Started Run anacron jobs.
Apr 29 02:01:09 ubuntu anacron[3960]: Anacron 2.3 started on 2021-04-29
Apr 29 02:01:09 ubuntu anacron[3960]: Normal exit (0 jobs run)
Apr 29 02:17:01 ubuntu CRON[3981]: (root) CMD (   cd / && run-parts --report /etc/cron.hourly)
Apr 29 03:02:14 ubuntu systemd[1]: Started Run anacron jobs.
Apr 29 03:02:14 ubuntu anacron[3989]: Anacron 2.3 started on 2021-04-29
Apr 29 03:02:14 ubuntu anacron[3989]: Normal exit (0 jobs run)
Apr 29 03:17:01 ubuntu CRON[4013]: (root) CMD (   cd / && run-parts --report /etc/cron.hourly)
Apr 29 03:38:15 ubuntu systemd[1]: Starting Message of the Day...
Apr 29 03:38:16 ubuntu 50-motd-news[4018]:  * Pure upstream Kubernetes 1.21, smallest, simplest cluster ops!
Apr 29 03:38:16 ubuntu 50-motd-news[4018]:      https://microk8s.io/
Apr 29 03:38:16 ubuntu systemd[1]: Started Message of the Day.
Apr 29 04:01:08 ubuntu systemd[1]: Started Run anacron jobs.
Apr 29 04:01:09 ubuntu anacron[4083]: Anacron 2.3 started on 2021-04-29
Apr 29 04:01:09 ubuntu anacron[4083]: Normal exit (0 jobs run)
Apr 29 04:17:01 ubuntu CRON[4106]: (root) CMD (   cd / && run-parts --report /etc/cron.hourly)
Apr 29 05:00:55 ubuntu systemd[1]: Started Run anacron jobs.
Apr 29 05:00:55 ubuntu anacron[4114]: Anacron 2.3 started on 2021-04-29
Apr 29 05:00:55 ubuntu anacron[4114]: Normal exit (0 jobs run)
Apr 29 05:17:02 ubuntu CRON[4136]: (root) CMD (   cd / && run-parts --report /etc/cron.hourly)
Apr 29 06:01:55 ubuntu systemd[1]: Started Run anacron jobs.
Apr 29 06:01:55 ubuntu anacron[4144]: Anacron 2.3 started on 2021-04-29
Apr 29 06:01:55 ubuntu anacron[4144]: Normal exit (0 jobs run)
Apr 29 06:17:01 ubuntu CRON[4165]: (root) CMD (   cd / && run-parts --report /etc/cron.hourly)
Apr 29 06:25:01 ubuntu CRON[4170]: (root) CMD (test -x /usr/sbin/anacron || ( cd / && run-parts --report /etc/cron.daily ))
Apr 29 06:42:55 ubuntu systemd[1]: Starting Daily apt upgrade and clean activities...
Apr 29 06:42:55 ubuntu systemd[1]: Started Daily apt upgrade and clean activities.
Apr 29 07:03:55 ubuntu systemd[1]: Started Run anacron jobs.
Apr 29 07:03:55 ubuntu anacron[4255]: Anacron 2.3 started on 2021-04-29
Apr 29 07:03:55 ubuntu anacron[4255]: Normal exit (0 jobs run)
Apr 29 07:17:01 ubuntu CRON[4276]: (root) CMD (   cd / && run-parts --report /etc/cron.hourly)
Apr 29 07:30:01 ubuntu CRON[4282]: (root) CMD ([ -x /etc/init.d/anacron ] && if [ ! -d /run/systemd/system ]; then /usr/sbin/invoke-rc.d anacron start >/dev/null; fi)
Apr 29 08:01:55 ubuntu systemd[1]: Started Run anacron jobs.
Apr 29 08:01:55 ubuntu anacron[4288]: Anacron 2.3 started on 2021-04-29
Apr 29 08:01:55 ubuntu anacron[4288]: Normal exit (0 jobs run)
Apr 29 08:17:01 ubuntu CRON[4309]: (root) CMD (   cd / && run-parts --report /etc/cron.hourly)
Apr 29 09:00:08 ubuntu systemd[1]: Started Run anacron jobs.
Apr 29 09:00:08 ubuntu anacron[4318]: Anacron 2.3 started on 2021-04-29
Apr 29 09:00:08 ubuntu anacron[4318]: Normal exit (0 jobs run)
Apr 29 09:17:01 ubuntu CRON[4338]: (root) CMD (   cd / && run-parts --report /etc/cron.hourly)
Apr 29 10:00:21 ubuntu systemd[1]: Started Run anacron jobs.
Apr 29 10:00:21 ubuntu anacron[4346]: Anacron 2.3 started on 2021-04-29
Apr 29 10:00:21 ubuntu anacron[4346]: Normal exit (0 jobs run)
Apr 29 10:17:01 ubuntu CRON[4372]: (root) CMD (   cd / && run-parts --report /etc/cron.hourly)
Apr 29 11:01:22 ubuntu systemd[1]: Started Run anacron jobs.
Apr 29 11:01:22 ubuntu anacron[4380]: Anacron 2.3 started on 2021-04-29
Apr 29 11:01:22 ubuntu anacron[4380]: Normal exit (0 jobs run)
Apr 29 11:17:01 ubuntu CRON[4405]: (root) CMD (   cd / && run-parts --report /etc/cron.hourly)
Apr 29 11:51:55 ubuntu systemd[1]: Starting Daily apt download activities...
Apr 29 11:52:25 ubuntu systemd-networkd-wait-online[4429]: Event loop failed: Connection timed out
Apr 29 11:52:55 ubuntu apt-helper[4414]: E: Sub-process /lib/systemd/systemd-networkd-wait-online returned an error code (1)
Apr 29 11:52:55 ubuntu apt-helper[4414]: E: Sub-process nm-online returned an error code (1)
Apr 29 11:52:56 ubuntu systemd-resolved[2322]: Server returned error NXDOMAIN, mitigating potential DNS violation DVE-2018-0001, retrying transaction with reduced feature level UDP.
Apr 29 11:52:57 ubuntu systemd-resolved[2322]: message repeated 2 times: [ Server returned error NXDOMAIN, mitigating potential DNS violation DVE-2018-0001, retrying transaction with reduced feature level UDP.]
Apr 29 11:53:00 ubuntu dbus-daemon[2421]: [system] Activating via systemd: service name='org.freedesktop.PackageKit' unit='packagekit.service' requested by ':1.28' (uid=0 pid=4899 comm="/usr/bin/gdbus call --system --dest org.freedeskto")
Apr 29 11:53:00 ubuntu systemd[1]: Starting PackageKit Daemon...
Apr 29 11:53:00 ubuntu PackageKit: daemon start
Apr 29 11:53:01 ubuntu dbus-daemon[2421]: [system] Successfully activated service 'org.freedesktop.PackageKit'
Apr 29 11:53:01 ubuntu systemd[1]: Started PackageKit Daemon.
Apr 29 11:53:09 ubuntu systemd[1]: Started Daily apt download activities.
Apr 29 12:04:55 ubuntu systemd[1]: Started Run anacron jobs.
Apr 29 12:04:55 ubuntu anacron[5014]: Anacron 2.3 started on 2021-04-29
Apr 29 12:04:55 ubuntu anacron[5014]: Normal exit (0 jobs run)
Apr 29 12:17:02 ubuntu CRON[5034]: (root) CMD (   cd / && run-parts --report /etc/cron.hourly)
Apr 29 13:02:55 ubuntu systemd[1]: Started Run anacron jobs.
Apr 29 13:02:55 ubuntu anacron[5043]: Anacron 2.3 started on 2021-04-29
Apr 29 13:02:55 ubuntu anacron[5043]: Normal exit (0 jobs run)
Apr 29 13:17:01 ubuntu CRON[5064]: (root) CMD (   cd / && run-parts --report /etc/cron.hourly)
Apr 29 14:03:25 ubuntu systemd[1]: Started Run anacron jobs.
Apr 29 14:03:25 ubuntu anacron[5076]: Anacron 2.3 started on 2021-04-29
Apr 29 14:03:25 ubuntu anacron[5076]: Normal exit (0 jobs run)
Apr 29 14:17:01 ubuntu CRON[5098]: (root) CMD (   cd / && run-parts --report /etc/cron.hourly)
Apr 29 15:01:07 ubuntu systemd[1]: Created slice User Slice of huawei.
Apr 29 15:01:07 ubuntu systemd[1]: Starting User Manager for UID 1000...
Apr 29 15:01:07 ubuntu systemd[1]: Started Session 21 of user huawei.
Apr 29 15:01:07 ubuntu systemd[5117]: Listening on GnuPG cryptographic agent and passphrase cache (restricted).
Apr 29 15:01:07 ubuntu systemd[5117]: Listening on GnuPG network certificate management daemon.
Apr 29 15:01:07 ubuntu systemd[5117]: Listening on GnuPG cryptographic agent and passphrase cache (access for web browsers).
Apr 29 15:01:07 ubuntu systemd[5117]: Starting D-Bus User Message Bus Socket.
Apr 29 15:01:07 ubuntu systemd[5117]: Listening on REST API socket for snapd user session agent.
Apr 29 15:01:07 ubuntu systemd[5117]: Listening on GnuPG cryptographic agent (ssh-agent emulation).
Apr 29 15:01:07 ubuntu systemd[5117]: Reached target Timers.
Apr 29 15:01:07 ubuntu systemd[5117]: Started Pending report trigger for Ubuntu Report.
Apr 29 15:01:07 ubuntu systemd[5117]: Listening on GnuPG cryptographic agent and passphrase cache.
Apr 29 15:01:07 ubuntu systemd[5117]: Reached target Paths.
Apr 29 15:01:07 ubuntu systemd[5117]: Listening on D-Bus User Message Bus Socket.
Apr 29 15:01:07 ubuntu systemd[5117]: Reached target Sockets.
Apr 29 15:01:07 ubuntu systemd[5117]: Reached target Basic System.
Apr 29 15:01:07 ubuntu systemd[5117]: Reached target Default.
Apr 29 15:01:07 ubuntu systemd[5117]: Startup finished in 194ms.
Apr 29 15:01:07 ubuntu systemd[1]: Started User Manager for UID 1000.
Apr 29 15:03:37 ubuntu systemd[1]: Started Run anacron jobs.
Apr 29 15:03:37 ubuntu anacron[5285]: Anacron 2.3 started on 2021-04-29
Apr 29 15:03:37 ubuntu anacron[5285]: Normal exit (0 jobs run)
Apr 29 15:11:29 ubuntu systemd-memcached-wrapper[2928]: Signal handled: Terminated.
Apr 29 15:11:29 ubuntu systemd[1]: Stopping memcached daemon...
Apr 29 15:11:29 ubuntu systemd[1]: Stopped memcached daemon.
Apr 29 15:17:01 ubuntu CRON[5497]: (root) CMD (   cd / && run-parts --report /etc/cron.hourly)
Apr 29 15:27:55 ubuntu systemd[1]: Started Session 24 of user huawei.
Start test round: 1
Apr 29 15:28:08 ubuntu kernel: [62364.168914] Page table allocation set to normal behavior
Apr 29 15:28:08 ubuntu kernel: [62364.175678] PROCFS: Command ot drain the pgtable cache
[0mWaiting for benchmark: 5723 to be ready
[0mWaiting for benchmark to be done current :2021-04-29 15:28:09
Execution Time (seconds): 1
****success****
memcached : F completed.
current = 2021-04-29 15:28:10
Start test round: 1
Apr 29 15:30:09 ubuntu kernel: [62485.565997] Page table allocation set to normal behavior
Apr 29 15:30:09 ubuntu kernel: [62485.572411] PROCFS: Command ot drain the pgtable cache
[0mWaiting for benchmark: 5831 to be ready
[0mWaiting for benchmark to be done current :2021-04-29 15:30:10
Execution Time (seconds): 1
****success****
memcached : F completed.
current = 2021-04-29 15:30:11
Apr 29 15:30:12 ubuntu kernel: [62487.986742] Page table allocation set to fixed on node 0
Apr 29 15:30:12 ubuntu kernel: [62487.987773] [mitosis] pgd_alloc: pid = 5884
Apr 29 15:30:12 ubuntu kernel: [62487.987776] [mitosis] pgd_alloc for mm=ffff2027bb6b7c00 and mm->pgd =ffff2027ab838000.
Apr 29 15:30:12 ubuntu kernel: [62487.987777] PTREPL: set state to deactivated.
Apr 29 15:30:12 ubuntu kernel: [62487.994773] PROCFS: Command ot drain the pgtable cache
Apr 29 15:30:12 ubuntu kernel: [62488.001826] PROCFS: Command ot populate the pgtable cache
Apr 29 15:30:12 ubuntu kernel: [62488.001828] PGREPL: populating pgtable cache with 1100000 tables per node
Apr 29 15:30:12 ubuntu kernel: [62488.001829] PGREPL: populating pgtable cache node[0] with 1100000 tables
Apr 29 15:30:13 ubuntu kernel: [62489.254738] PGREPL: node[0] populated with 1100000  tables
Apr 29 15:30:13 ubuntu kernel: [62489.254742] PGREPL: populating pgtable cache node[1] with 1100000 tables
Apr 29 15:30:14 ubuntu kernel: [62490.680083] PGREPL: node[1] populated with 1100000  tables
Apr 29 15:30:14 ubuntu kernel: [62490.680088] PGREPL: populating pgtable cache node[2] with 1100000 tables
Apr 29 15:30:15 ubuntu kernel: [62491.356487] PGREPL: node[2] populated with 1100000  tables
Apr 29 15:30:15 ubuntu kernel: [62491.356491] PGREPL: populating pgtable cache node[3] with 1100000 tables
Apr 29 15:30:16 ubuntu kernel: [62492.118502] PGREPL: node[3] populated with 1100000  tables
[0mWaiting for benchmark: 5923 to be ready
Apr 29 15:30:16 ubuntu kernel: [62492.150812] [mitosis] NOTE: version = 6
Apr 29 15:30:16 ubuntu kernel: [62492.150814] [mitosis] kernel_set_pgtlbreplpolicy: pid = 5923
Apr 29 15:30:16 ubuntu kernel: [62492.150815] PTREP: Called pgtbl_repl_prepare_replication version 2
Apr 29 15:30:16 ubuntu kernel: [62492.150816] [mitosis] pgtbl_repl_prepare_replication  for mm=ffff2027bfb9e800.
Apr 29 15:30:16 ubuntu kernel: [62492.150817] [mitosis]------PTREPL: alloc pgd start------
Apr 29 15:30:16 ubuntu kernel: [62492.150818] [mitosis] nr_node_ids=4.
Apr 29 15:30:16 ubuntu kernel: [62492.150819] [mitosis] pgd_alloc origin mm->pgd =ffff20269e02c000.
Apr 29 15:30:16 ubuntu kernel: [62492.150821] [mitosis] pgd_alloc mm->repl_pgd[0]=ffff0026ab6bd000.
Apr 29 15:30:16 ubuntu kernel: [62492.150823] [mitosis] pgd_alloc mm->repl_pgd[1]=ffff002eb4a35000.
Apr 29 15:30:16 ubuntu kernel: [62492.150824] [mitosis] pgd_alloc mm->repl_pgd[2]=ffff20269e016000.
Apr 29 15:30:16 ubuntu kernel: [62492.150826] [mitosis] pgd_alloc mm->repl_pgd[3]=ffff202e8ca4d000.
Apr 29 15:30:16 ubuntu kernel: [62492.150826] ------PTREPL: alloc pgd success------
Apr 29 15:30:16 ubuntu kernel: [62492.150828] pgtbl_repl_prepare_replication:1156 pgd=ffff20269e02c000..ffff20269e02cfff
Apr 29 15:30:16 ubuntu kernel: [62492.150830] PTREP: pgd_idx = 341ï¼Œand pgd=ffff20269e02caa8  and pgd[341]=20269e036003
Apr 29 15:30:16 ubuntu kernel: [62492.150831] pgtbl_repl_prepare_replication:1164 pgd[341]'s pud=ffff20269e036000..ffff20269e036fff
Apr 29 15:30:16 ubuntu kernel: [62492.150832] pgtbl_repl_prepare_replication:1168 another func __va pud=ffff20269e036000..ffff20269e036fff
Apr 29 15:30:16 ubuntu kernel: [62492.150833] pgtbl_repl_prepare_replication:1169 1 pfn=20269e036   2 pfn=20269e036
Apr 29 15:30:16 ubuntu kernel: [62492.150838] [mitosis] start search pud .......
Apr 29 15:30:16 ubuntu kernel: [62492.150839] PTREP: pud_idx = 170ï¼Œand pud=ffff20269e036550  and pud[170]=20269e037003
Apr 29 15:30:16 ubuntu kernel: [62492.150840] pgtbl_repl_prepare_replication:1188 pud[170]'s pmd=ffff20269e037000..ffff20269e037fff
Apr 29 15:30:16 ubuntu kernel: [62492.150841] pgtbl_repl_prepare_replication:1189 1 pfn=20269e037   2 pfn=20269e037
Apr 29 15:30:16 ubuntu kernel: [62492.150847] PTREP: pmd_idx = 356ï¼Œand pmd=ffff20269e037b20  and pmd[356]=20269e034003
Apr 29 15:30:16 ubuntu kernel: [62492.150848] pgtbl_repl_prepare_replication:1208 pmd[356]'s pte=ffff20269e034000..ffff20269e034fff
Apr 29 15:30:16 ubuntu kernel: [62492.150849] pgtbl_repl_prepare_replication:1209 1 pfn=20269e034   2 pfn=20269e034
Apr 29 15:30:16 ubuntu kernel: [62492.150856] PTREP: pud_idx = 171ï¼Œand pud=ffff20269e036558  and pud[171]=20269e030003
Apr 29 15:30:16 ubuntu kernel: [62492.150857] pgtbl_repl_prepare_replication:1188 pud[171]'s pmd=ffff20269e030000..ffff20269e030fff
Apr 29 15:30:16 ubuntu kernel: [62492.150858] pgtbl_repl_prepare_replication:1189 1 pfn=20269e030   2 pfn=20269e030
Apr 29 15:30:16 ubuntu kernel: [62492.150864] PTREP: pmd_idx = 343ï¼Œand pmd=ffff20269e030ab8  and pmd[343]=20269e032003
Apr 29 15:30:16 ubuntu kernel: [62492.150864] pgtbl_repl_prepare_replication:1208 pmd[343]'s pte=ffff20269e032000..ffff20269e032fff
Apr 29 15:30:16 ubuntu kernel: [62492.150865] pgtbl_repl_prepare_replication:1209 1 pfn=20269e032   2 pfn=20269e032
Apr 29 15:30:16 ubuntu kernel: [62492.150871] ===================================== end of a page
Apr 29 15:30:16 ubuntu kernel: [62492.150872] PTREP: pgd_idx = 511ï¼Œand pgd=ffff20269e02cff8  and pgd[511]=20269e02b003
Apr 29 15:30:16 ubuntu kernel: [62492.150873] pgtbl_repl_prepare_replication:1164 pgd[511]'s pud=ffff20269e02b000..ffff20269e02bfff
Apr 29 15:30:16 ubuntu kernel: [62492.150874] pgtbl_repl_prepare_replication:1168 another func __va pud=ffff20269e02b000..ffff20269e02bfff
Apr 29 15:30:16 ubuntu kernel: [62492.150875] pgtbl_repl_prepare_replication:1169 1 pfn=20269e02b   2 pfn=20269e02b
Apr 29 15:30:16 ubuntu kernel: [62492.150880] [mitosis] start search pud .......
Apr 29 15:30:16 ubuntu kernel: [62492.150881] PTREP: pud_idx = 510ï¼Œand pud=ffff20269e02bff0  and pud[510]=20269e035003
Apr 29 15:30:16 ubuntu kernel: [62492.150882] pgtbl_repl_prepare_replication:1188 pud[510]'s pmd=ffff20269e035000..ffff20269e035fff
Apr 29 15:30:16 ubuntu kernel: [62492.150883] pgtbl_repl_prepare_replication:1189 1 pfn=20269e035   2 pfn=20269e035
Apr 29 15:30:16 ubuntu kernel: [62492.150889] PTREP: pmd_idx = 334ï¼Œand pmd=ffff20269e035a70  and pmd[334]=20269e02f003
Apr 29 15:30:16 ubuntu kernel: [62492.150890] pgtbl_repl_prepare_replication:1208 pmd[334]'s pte=ffff20269e02f000..ffff20269e02ffff
Apr 29 15:30:16 ubuntu kernel: [62492.150890] pgtbl_repl_prepare_replication:1209 1 pfn=20269e02f   2 pfn=20269e02f
Apr 29 15:30:16 ubuntu kernel: [62492.150897] PTREP: pmd_idx = 335ï¼Œand pmd=ffff20269e035a78  and pmd[335]=20269e01f003
Apr 29 15:30:16 ubuntu kernel: [62492.150898] pgtbl_repl_prepare_replication:1208 pmd[335]'s pte=ffff20269e01f000..ffff20269e01ffff
Apr 29 15:30:16 ubuntu kernel: [62492.150899] pgtbl_repl_prepare_replication:1209 1 pfn=20269e01f   2 pfn=20269e01f
Apr 29 15:30:16 ubuntu kernel: [62492.150909] PTREP: pud_idx = 511ï¼Œand pud=ffff20269e02bff8  and pud[511]=20269e02a003
Apr 29 15:30:16 ubuntu kernel: [62492.150909] pgtbl_repl_prepare_replication:1188 pud[511]'s pmd=ffff20269e02a000..ffff20269e02afff
Apr 29 15:30:16 ubuntu kernel: [62492.150910] pgtbl_repl_prepare_replication:1189 1 pfn=20269e02a   2 pfn=20269e02a
Apr 29 15:30:16 ubuntu kernel: [62492.150915] PTREP: pmd_idx = 428ï¼Œand pmd=ffff20269e02ad60  and pmd[428]=20269e03c003
Apr 29 15:30:16 ubuntu kernel: [62492.150916] pgtbl_repl_prepare_replication:1208 pmd[428]'s pte=ffff20269e03c000..ffff20269e03cfff
Apr 29 15:30:16 ubuntu kernel: [62492.150917] pgtbl_repl_prepare_replication:1209 1 pfn=20269e03c   2 pfn=20269e03c
Apr 29 15:30:16 ubuntu kernel: [62492.150924] ===================================== end of a page
Apr 29 15:30:16 ubuntu kernel: [62492.150924] pgtbl_repl_prepare_replication:1235 all: pud_num=4, pmd_num=5, pte_num=337
Apr 29 15:30:16 ubuntu kernel: [62492.150926] PTREP: Called pgtbl_repl_prepare_replication  done
Apr 29 15:30:16 ubuntu kernel: [62492.150926] [mitosis] pgtable replication enabled for mm=ffff2027bfb9e800.
Apr 29 15:30:16 ubuntu kernel: [62492.150927] [mitosis] pgtable replication err=0.
Apr 29 15:30:16 ubuntu kernel: [62492.150944] [mitosis]------PTREPL: alloc pgd start------
Apr 29 15:30:16 ubuntu kernel: [62492.150945] [mitosis] nr_node_ids=4.
Apr 29 15:30:16 ubuntu kernel: [62492.150946] [mitosis] pgd_alloc origin mm->pgd =ffff20269e031000.
Apr 29 15:30:16 ubuntu kernel: [62492.150948] [mitosis] pgd_alloc mm->repl_pgd[0]=ffff0026ab6b1000.
Apr 29 15:30:16 ubuntu kernel: [62492.150950] [mitosis] pgd_alloc mm->repl_pgd[1]=ffff002eb4a29000.
Apr 29 15:30:16 ubuntu kernel: [62492.150951] [mitosis] pgd_alloc mm->repl_pgd[2]=ffff20269e00a000.
Apr 29 15:30:16 ubuntu kernel: [62492.150952] [mitosis] pgd_alloc mm->repl_pgd[3]=ffff202e8ca41000.
Apr 29 15:30:16 ubuntu kernel: [62492.150952] ------PTREPL: alloc pgd success------
Apr 29 15:30:16 ubuntu kernel: [62492.151123] [mitosis] PTREPL: free pgd start 
Apr 29 15:30:16 ubuntu kernel: [62492.151125] [mitosis] pgtable_repl_pgd_free freed pgd=ffff20269e02c000 and mm->pgd=ffff20269e02c000.
Apr 29 15:30:16 ubuntu kernel: [62492.151125] [mitosis]------PTREPL: free pgd done------
Apr 29 15:30:16 ubuntu kernel: [62492.152111] [mitosis]------PTREPL: alloc pgd start------
Apr 29 15:30:16 ubuntu kernel: [62492.152113] [mitosis] nr_node_ids=4.
Apr 29 15:30:16 ubuntu kernel: [62492.152114] [mitosis] pgd_alloc origin mm->pgd =ffff2027ab80f000.
Apr 29 15:30:16 ubuntu kernel: [62492.152116] [mitosis] pgd_alloc mm->repl_pgd[0]=ffff0026ab6a5000.
Apr 29 15:30:16 ubuntu kernel: [62492.152118] [mitosis] pgd_alloc mm->repl_pgd[1]=ffff002eb4a1d000.
Apr 29 15:30:16 ubuntu kernel: [62492.152120] [mitosis] pgd_alloc mm->repl_pgd[2]=ffff20269e7fe000.
Apr 29 15:30:16 ubuntu kernel: [62492.152121] [mitosis] pgd_alloc mm->repl_pgd[3]=ffff202e8ca35000.
Apr 29 15:30:16 ubuntu kernel: [62492.152122] ------PTREPL: alloc pgd success------
[0mWaiting for benchmark to be done current :2021-04-29 15:30:17
Apr 29 15:30:17 ubuntu kernel: [62493.258844] [mitosis] PTREPL: free pgd start 
Apr 29 15:30:17 ubuntu kernel: [62493.258850] [mitosis] pgtable_repl_pgd_free freed pgd=ffff20269e031000 and mm->pgd=ffff20269e031000.
Apr 29 15:30:17 ubuntu kernel: [62493.258852] [mitosis]------PTREPL: free pgd done------
Execution Time (seconds): 1
****success****
memcached : FM completed.
current = 2021-04-29 15:30:18
Start test round: 1
Apr 29 15:39:51 ubuntu kernel: [63067.806460] Page table allocation set to normal behavior
Apr 29 15:39:51 ubuntu kernel: [63067.814618] PROCFS: Command ot drain the pgtable cache
[0mWaiting for benchmark: 6027 to be ready
Apr 29 15:39:52 ubuntu kernel: [63068.827802] [mitosis] PTREPL: free pgd start 
Apr 29 15:39:52 ubuntu kernel: [63068.827809] [mitosis] pgtable_repl_pgd_free freed pgd=ffff2027ab80f000 and mm->pgd=ffff2027ab80f000.
Apr 29 15:39:52 ubuntu kernel: [63068.827812] [mitosis]------PTREPL: free pgd done------
[0mWaiting for benchmark to be done current :2021-04-29 15:39:53
Execution Time (seconds): 1
****success****
memcached : F completed.
current = 2021-04-29 15:39:54
Apr 29 15:39:55 ubuntu kernel: [63071.118299] Page table allocation set to fixed on node 0
Apr 29 15:39:55 ubuntu kernel: [63071.126590] PROCFS: Command ot drain the pgtable cache
Apr 29 15:39:55 ubuntu kernel: [63071.133659] PROCFS: Command ot populate the pgtable cache
Apr 29 15:39:55 ubuntu kernel: [63071.133662] PGREPL: populating pgtable cache with 1100000 tables per node
Apr 29 15:39:55 ubuntu kernel: [63071.133663] PGREPL: populating pgtable cache node[0] with 1100000 tables
Apr 29 15:39:56 ubuntu kernel: [63072.388934] PGREPL: node[0] populated with 1100000  tables
Apr 29 15:39:56 ubuntu kernel: [63072.388938] PGREPL: populating pgtable cache node[1] with 1100000 tables
Apr 29 15:39:57 ubuntu kernel: [63073.815505] PGREPL: node[1] populated with 1100000  tables
Apr 29 15:39:57 ubuntu kernel: [63073.815510] PGREPL: populating pgtable cache node[2] with 1100000 tables
Apr 29 15:39:58 ubuntu kernel: [63074.491730] PGREPL: node[2] populated with 1100000  tables
Apr 29 15:39:58 ubuntu kernel: [63074.491734] PGREPL: populating pgtable cache node[3] with 1100000 tables
Apr 29 15:39:59 ubuntu kernel: [63075.465822] PGREPL: node[3] populated with 1100000  tables
[0mWaiting for benchmark: 6148 to be ready
Apr 29 15:39:59 ubuntu kernel: [63075.493880] [mitosis] NOTE: version = 6
Apr 29 15:39:59 ubuntu kernel: [63075.493883] [mitosis] kernel_set_pgtlbreplpolicy: pid = 6148
Apr 29 15:39:59 ubuntu kernel: [63075.493884] PTREP: Called pgtbl_repl_prepare_replication version 2
Apr 29 15:39:59 ubuntu kernel: [63075.493885] [mitosis] pgtbl_repl_prepare_replication  for mm=ffff2027bfb99800.
Apr 29 15:39:59 ubuntu kernel: [63075.493886] [mitosis]------PTREPL: alloc pgd start------
Apr 29 15:39:59 ubuntu kernel: [63075.493887] [mitosis] nr_node_ids=4.
Apr 29 15:39:59 ubuntu kernel: [63075.493887] [mitosis] pgd_alloc origin mm->pgd =ffff2027c3d9e000.
Apr 29 15:39:59 ubuntu kernel: [63075.493890] [mitosis] pgd_alloc mm->repl_pgd[0]=ffff0026abb35000.
Apr 29 15:39:59 ubuntu kernel: [63075.493892] [mitosis] pgd_alloc mm->repl_pgd[1]=ffff002eb4dd3000.
Apr 29 15:39:59 ubuntu kernel: [63075.493893] [mitosis] pgd_alloc mm->repl_pgd[2]=ffff20269eb95000.
Apr 29 15:39:59 ubuntu kernel: [63075.493895] [mitosis] pgd_alloc mm->repl_pgd[3]=ffff202e8cdae000.
Apr 29 15:39:59 ubuntu kernel: [63075.493896] ------PTREPL: alloc pgd success------
Apr 29 15:39:59 ubuntu kernel: [63075.493897] pgtbl_repl_prepare_replication:1156 pgd=ffff2027c3d9e000..ffff2027c3d9efff
Apr 29 15:39:59 ubuntu kernel: [63075.493899] PTREP: pgd_idx = 341ï¼Œand pgd=ffff2027c3d9eaa8  and pgd[341]=2027bf7ff003
Apr 29 15:39:59 ubuntu kernel: [63075.493900] pgtbl_repl_prepare_replication:1164 pgd[341]'s pud=ffff2027bf7ff000..ffff2027bf7fffff
Apr 29 15:39:59 ubuntu kernel: [63075.493901] pgtbl_repl_prepare_replication:1168 another func __va pud=ffff2027bf7ff000..ffff2027bf7fffff
Apr 29 15:39:59 ubuntu kernel: [63075.493902] pgtbl_repl_prepare_replication:1169 1 pfn=2027bf7ff   2 pfn=2027bf7ff
Apr 29 15:39:59 ubuntu kernel: [63075.493908] [mitosis] start search pud .......
Apr 29 15:39:59 ubuntu kernel: [63075.493910] PTREP: pud_idx = 170ï¼Œand pud=ffff2027bf7ff550  and pud[170]=2027c06aa003
Apr 29 15:39:59 ubuntu kernel: [63075.493911] pgtbl_repl_prepare_replication:1188 pud[170]'s pmd=ffff2027c06aa000..ffff2027c06aafff
Apr 29 15:39:59 ubuntu kernel: [63075.493912] pgtbl_repl_prepare_replication:1189 1 pfn=2027c06aa   2 pfn=2027c06aa
Apr 29 15:39:59 ubuntu kernel: [63075.493919] PTREP: pmd_idx = 464ï¼Œand pmd=ffff2027c06aae80  and pmd[464]=2027bf837003
Apr 29 15:39:59 ubuntu kernel: [63075.493920] pgtbl_repl_prepare_replication:1208 pmd[464]'s pte=ffff2027bf837000..ffff2027bf837fff
Apr 29 15:39:59 ubuntu kernel: [63075.493920] pgtbl_repl_prepare_replication:1209 1 pfn=2027bf837   2 pfn=2027bf837
Apr 29 15:39:59 ubuntu kernel: [63075.493928] PTREP: pud_idx = 171ï¼Œand pud=ffff2027bf7ff558  and pud[171]=2027abcb2003
Apr 29 15:39:59 ubuntu kernel: [63075.493929] pgtbl_repl_prepare_replication:1188 pud[171]'s pmd=ffff2027abcb2000..ffff2027abcb2fff
Apr 29 15:39:59 ubuntu kernel: [63075.493930] pgtbl_repl_prepare_replication:1189 1 pfn=2027abcb2   2 pfn=2027abcb2
Apr 29 15:39:59 ubuntu kernel: [63075.493936] PTREP: pmd_idx = 366ï¼Œand pmd=ffff2027abcb2b70  and pmd[366]=2027abcb3003
Apr 29 15:39:59 ubuntu kernel: [63075.493937] pgtbl_repl_prepare_replication:1208 pmd[366]'s pte=ffff2027abcb3000..ffff2027abcb3fff
Apr 29 15:39:59 ubuntu kernel: [63075.493938] pgtbl_repl_prepare_replication:1209 1 pfn=2027abcb3   2 pfn=2027abcb3
Apr 29 15:39:59 ubuntu kernel: [63075.493945] ===================================== end of a page
Apr 29 15:39:59 ubuntu kernel: [63075.493946] PTREP: pgd_idx = 511ï¼Œand pgd=ffff2027c3d9eff8  and pgd[511]=2027c3d9d003
Apr 29 15:39:59 ubuntu kernel: [63075.493947] pgtbl_repl_prepare_replication:1164 pgd[511]'s pud=ffff2027c3d9d000..ffff2027c3d9dfff
Apr 29 15:39:59 ubuntu kernel: [63075.493949] pgtbl_repl_prepare_replication:1168 another func __va pud=ffff2027c3d9d000..ffff2027c3d9dfff
Apr 29 15:39:59 ubuntu kernel: [63075.493949] pgtbl_repl_prepare_replication:1169 1 pfn=2027c3d9d   2 pfn=2027c3d9d
Apr 29 15:39:59 ubuntu kernel: [63075.493955] [mitosis] start search pud .......
Apr 29 15:39:59 ubuntu kernel: [63075.493956] PTREP: pud_idx = 510ï¼Œand pud=ffff2027c3d9dff0  and pud[510]=2027d2cb5003
Apr 29 15:39:59 ubuntu kernel: [63075.493957] pgtbl_repl_prepare_replication:1188 pud[510]'s pmd=ffff2027d2cb5000..ffff2027d2cb5fff
Apr 29 15:39:59 ubuntu kernel: [63075.493958] pgtbl_repl_prepare_replication:1189 1 pfn=2027d2cb5   2 pfn=2027d2cb5
Apr 29 15:39:59 ubuntu kernel: [63075.493964] PTREP: pmd_idx = 210ï¼Œand pmd=ffff2027d2cb5690  and pmd[210]=2027abe4c003
Apr 29 15:39:59 ubuntu kernel: [63075.493965] pgtbl_repl_prepare_replication:1208 pmd[210]'s pte=ffff2027abe4c000..ffff2027abe4cfff
Apr 29 15:39:59 ubuntu kernel: [63075.493966] pgtbl_repl_prepare_replication:1209 1 pfn=2027abe4c   2 pfn=2027abe4c
Apr 29 15:39:59 ubuntu kernel: [63075.493973] PTREP: pmd_idx = 211ï¼Œand pmd=ffff2027d2cb5698  and pmd[211]=2027d2cb6003
Apr 29 15:39:59 ubuntu kernel: [63075.493974] pgtbl_repl_prepare_replication:1208 pmd[211]'s pte=ffff2027d2cb6000..ffff2027d2cb6fff
Apr 29 15:39:59 ubuntu kernel: [63075.493975] pgtbl_repl_prepare_replication:1209 1 pfn=2027d2cb6   2 pfn=2027d2cb6
Apr 29 15:39:59 ubuntu kernel: [63075.493985] PTREP: pud_idx = 511ï¼Œand pud=ffff2027c3d9dff8  and pud[511]=2027c3d9c003
Apr 29 15:39:59 ubuntu kernel: [63075.493986] pgtbl_repl_prepare_replication:1188 pud[511]'s pmd=ffff2027c3d9c000..ffff2027c3d9cfff
Apr 29 15:39:59 ubuntu kernel: [63075.493987] pgtbl_repl_prepare_replication:1189 1 pfn=2027c3d9c   2 pfn=2027c3d9c
Apr 29 15:39:59 ubuntu kernel: [63075.493992] PTREP: pmd_idx = 215ï¼Œand pmd=ffff2027c3d9c6b8  and pmd[215]=2027bf75b003
Apr 29 15:39:59 ubuntu kernel: [63075.493993] pgtbl_repl_prepare_replication:1208 pmd[215]'s pte=ffff2027bf75b000..ffff2027bf75bfff
Apr 29 15:39:59 ubuntu kernel: [63075.493994] pgtbl_repl_prepare_replication:1209 1 pfn=2027bf75b   2 pfn=2027bf75b
Apr 29 15:39:59 ubuntu kernel: [63075.494002] ===================================== end of a page
Apr 29 15:39:59 ubuntu kernel: [63075.494003] pgtbl_repl_prepare_replication:1235 all: pud_num=4, pmd_num=5, pte_num=344
Apr 29 15:39:59 ubuntu kernel: [63075.494004] PTREP: Called pgtbl_repl_prepare_replication  done
Apr 29 15:39:59 ubuntu kernel: [63075.494005] [mitosis] pgtable replication enabled for mm=ffff2027bfb99800.
Apr 29 15:39:59 ubuntu kernel: [63075.494006] [mitosis] pgtable replication err=0.
Apr 29 15:39:59 ubuntu kernel: [63075.494028] [mitosis]------PTREPL: alloc pgd start------
Apr 29 15:39:59 ubuntu kernel: [63075.494028] [mitosis] nr_node_ids=4.
Apr 29 15:39:59 ubuntu kernel: [63075.494029] [mitosis] pgd_alloc origin mm->pgd =ffff2027d2cb7000.
Apr 29 15:39:59 ubuntu kernel: [63075.494031] [mitosis] pgd_alloc mm->repl_pgd[0]=ffff0026abb29000.
Apr 29 15:39:59 ubuntu kernel: [63075.494033] [mitosis] pgd_alloc mm->repl_pgd[1]=ffff002eb4dc7000.
Apr 29 15:39:59 ubuntu kernel: [63075.494034] [mitosis] pgd_alloc mm->repl_pgd[2]=ffff20269eb89000.
Apr 29 15:39:59 ubuntu kernel: [63075.494036] [mitosis] pgd_alloc mm->repl_pgd[3]=ffff202e8cda2000.
Apr 29 15:39:59 ubuntu kernel: [63075.494037] ------PTREPL: alloc pgd success------
Apr 29 15:39:59 ubuntu kernel: [63075.494231] [mitosis] PTREPL: free pgd start 
Apr 29 15:39:59 ubuntu kernel: [63075.494232] [mitosis] pgtable_repl_pgd_free freed pgd=ffff2027c3d9e000 and mm->pgd=ffff2027c3d9e000.
Apr 29 15:39:59 ubuntu kernel: [63075.494233] [mitosis]------PTREPL: free pgd done------
Apr 29 15:39:59 ubuntu kernel: [63075.495252] [mitosis]------PTREPL: alloc pgd start------
Apr 29 15:39:59 ubuntu kernel: [63075.495253] [mitosis] nr_node_ids=4.
Apr 29 15:39:59 ubuntu kernel: [63075.495254] [mitosis] pgd_alloc origin mm->pgd =ffff2027c06a9000.
Apr 29 15:39:59 ubuntu kernel: [63075.495256] [mitosis] pgd_alloc mm->repl_pgd[0]=ffff0026abb1b000.
Apr 29 15:39:59 ubuntu kernel: [63075.495258] [mitosis] pgd_alloc mm->repl_pgd[1]=ffff002eb4db9000.
Apr 29 15:39:59 ubuntu kernel: [63075.495259] [mitosis] pgd_alloc mm->repl_pgd[2]=ffff20269eb7b000.
Apr 29 15:39:59 ubuntu kernel: [63075.495261] [mitosis] pgd_alloc mm->repl_pgd[3]=ffff202e8cd94000.
Apr 29 15:39:59 ubuntu kernel: [63075.495261] ------PTREPL: alloc pgd success------
[0mWaiting for benchmark to be done current :2021-04-29 15:40:00
Apr 29 15:40:00 ubuntu kernel: [63076.555903] [mitosis] PTREPL: free pgd start 
Apr 29 15:40:00 ubuntu kernel: [63076.555906] [mitosis] pgtable_repl_pgd_free freed pgd=ffff2027d2cb7000 and mm->pgd=ffff2027d2cb7000.
Apr 29 15:40:00 ubuntu kernel: [63076.555908] [mitosis]------PTREPL: free pgd done------
Execution Time (seconds): 1
****success****
memcached : FM completed.
current = 2021-04-29 15:40:01
Start test round: 1
Apr 29 15:41:26 ubuntu kernel: [63162.940121] Page table allocation set to normal behavior
Apr 29 15:41:26 ubuntu kernel: [63162.948493] PROCFS: Command ot drain the pgtable cache
[0mWaiting for benchmark: 6299 to be ready
[0mWaiting for benchmark to be done current :2021-04-29 15:41:29
Execution Time (seconds): 1
****success****
memcached : F completed.
current = 2021-04-29 15:41:30
Apr 29 15:41:30 ubuntu kernel: [63166.279903] Page table allocation set to fixed on node 0
Apr 29 15:41:30 ubuntu kernel: [63166.288331] PROCFS: Command ot drain the pgtable cache
Apr 29 15:41:30 ubuntu kernel: [63166.295412] PROCFS: Command ot populate the pgtable cache
Apr 29 15:41:30 ubuntu kernel: [63166.295415] PGREPL: populating pgtable cache with 1100000 tables per node
Apr 29 15:41:30 ubuntu kernel: [63166.295416] PGREPL: populating pgtable cache node[0] with 1100000 tables
Apr 29 15:41:31 ubuntu kernel: [63167.552058] PGREPL: node[0] populated with 1100000  tables
Apr 29 15:41:31 ubuntu kernel: [63167.552064] PGREPL: populating pgtable cache node[1] with 1100000 tables
Apr 29 15:41:32 ubuntu kernel: [63168.978410] PGREPL: node[1] populated with 1100000  tables
Apr 29 15:41:32 ubuntu kernel: [63168.978413] PGREPL: populating pgtable cache node[2] with 1100000 tables
Apr 29 15:41:33 ubuntu kernel: [63169.654007] PGREPL: node[2] populated with 1100000  tables
Apr 29 15:41:33 ubuntu kernel: [63169.654012] PGREPL: populating pgtable cache node[3] with 1100000 tables
Apr 29 15:41:34 ubuntu kernel: [63170.628023] PGREPL: node[3] populated with 1100000  tables
[0mWaiting for benchmark: 6389 to be ready
Apr 29 15:41:34 ubuntu kernel: [63170.658432] [mitosis] NOTE: version = 6
Apr 29 15:41:34 ubuntu kernel: [63170.658434] [mitosis] kernel_set_pgtlbreplpolicy: pid = 6389
Apr 29 15:41:34 ubuntu kernel: [63170.658436] PTREP: Called pgtbl_repl_prepare_replication version 2
Apr 29 15:41:34 ubuntu kernel: [63170.658437] [mitosis] pgtbl_repl_prepare_replication  for mm=ffff2027bfb9fc00.
Apr 29 15:41:34 ubuntu kernel: [63170.658438] [mitosis]------PTREPL: alloc pgd start------
Apr 29 15:41:34 ubuntu kernel: [63170.658439] [mitosis] nr_node_ids=4.
Apr 29 15:41:34 ubuntu kernel: [63170.658439] [mitosis] pgd_alloc origin mm->pgd =ffff2027c066b000.
Apr 29 15:41:34 ubuntu kernel: [63170.658442] [mitosis] pgd_alloc mm->repl_pgd[0]=ffff0026abfba000.
Apr 29 15:41:34 ubuntu kernel: [63170.658444] [mitosis] pgd_alloc mm->repl_pgd[1]=ffff002eb51c9000.
Apr 29 15:41:34 ubuntu kernel: [63170.658445] [mitosis] pgd_alloc mm->repl_pgd[2]=ffff20269ed25000.
Apr 29 15:41:34 ubuntu kernel: [63170.658447] [mitosis] pgd_alloc mm->repl_pgd[3]=ffff202e8d163000.
Apr 29 15:41:34 ubuntu kernel: [63170.658448] ------PTREPL: alloc pgd success------
Apr 29 15:41:34 ubuntu kernel: [63170.658449] pgtbl_repl_prepare_replication:1156 pgd=ffff2027c066b000..ffff2027c066bfff
Apr 29 15:41:34 ubuntu kernel: [63170.658451] PTREP: pgd_idx = 341ï¼Œand pgd=ffff2027c066baa8  and pgd[341]=2027c3cbc003
Apr 29 15:41:34 ubuntu kernel: [63170.658452] pgtbl_repl_prepare_replication:1164 pgd[341]'s pud=ffff2027c3cbc000..ffff2027c3cbcfff
Apr 29 15:41:34 ubuntu kernel: [63170.658453] pgtbl_repl_prepare_replication:1168 another func __va pud=ffff2027c3cbc000..ffff2027c3cbcfff
Apr 29 15:41:34 ubuntu kernel: [63170.658454] pgtbl_repl_prepare_replication:1169 1 pfn=2027c3cbc   2 pfn=2027c3cbc
Apr 29 15:41:34 ubuntu kernel: [63170.658460] [mitosis] start search pud .......
Apr 29 15:41:34 ubuntu kernel: [63170.658461] PTREP: pud_idx = 171ï¼Œand pud=ffff2027c3cbc558  and pud[171]=2027d21de003
Apr 29 15:41:34 ubuntu kernel: [63170.658462] pgtbl_repl_prepare_replication:1188 pud[171]'s pmd=ffff2027d21de000..ffff2027d21defff
Apr 29 15:41:34 ubuntu kernel: [63170.658463] pgtbl_repl_prepare_replication:1189 1 pfn=2027d21de   2 pfn=2027d21de
Apr 29 15:41:34 ubuntu kernel: [63170.658470] PTREP: pmd_idx = 215ï¼Œand pmd=ffff2027d21de6b8  and pmd[215]=2027c42cd003
Apr 29 15:41:34 ubuntu kernel: [63170.658470] pgtbl_repl_prepare_replication:1208 pmd[215]'s pte=ffff2027c42cd000..ffff2027c42cdfff
Apr 29 15:41:34 ubuntu kernel: [63170.658471] pgtbl_repl_prepare_replication:1209 1 pfn=2027c42cd   2 pfn=2027c42cd
Apr 29 15:41:34 ubuntu kernel: [63170.658479] PTREP: pud_idx = 172ï¼Œand pud=ffff2027c3cbc560  and pud[172]=2027d2fb7003
Apr 29 15:41:34 ubuntu kernel: [63170.658480] pgtbl_repl_prepare_replication:1188 pud[172]'s pmd=ffff2027d2fb7000..ffff2027d2fb7fff
Apr 29 15:41:34 ubuntu kernel: [63170.658480] pgtbl_repl_prepare_replication:1189 1 pfn=2027d2fb7   2 pfn=2027d2fb7
Apr 29 15:41:34 ubuntu kernel: [63170.658485] PTREP: pmd_idx = 30ï¼Œand pmd=ffff2027d2fb70f0  and pmd[30]=2027c0544003
Apr 29 15:41:34 ubuntu kernel: [63170.658486] pgtbl_repl_prepare_replication:1208 pmd[30]'s pte=ffff2027c0544000..ffff2027c0544fff
Apr 29 15:41:34 ubuntu kernel: [63170.658487] pgtbl_repl_prepare_replication:1209 1 pfn=2027c0544   2 pfn=2027c0544
Apr 29 15:41:34 ubuntu kernel: [63170.658495] ===================================== end of a page
Apr 29 15:41:34 ubuntu kernel: [63170.658496] PTREP: pgd_idx = 511ï¼Œand pgd=ffff2027c066bff8  and pgd[511]=20269e12d003
Apr 29 15:41:34 ubuntu kernel: [63170.658497] pgtbl_repl_prepare_replication:1164 pgd[511]'s pud=ffff20269e12d000..ffff20269e12dfff
Apr 29 15:41:34 ubuntu kernel: [63170.658498] pgtbl_repl_prepare_replication:1168 another func __va pud=ffff20269e12d000..ffff20269e12dfff
Apr 29 15:41:34 ubuntu kernel: [63170.658499] pgtbl_repl_prepare_replication:1169 1 pfn=20269e12d   2 pfn=20269e12d
Apr 29 15:41:34 ubuntu kernel: [63170.658503] [mitosis] start search pud .......
Apr 29 15:41:34 ubuntu kernel: [63170.658505] PTREP: pud_idx = 510ï¼Œand pud=ffff20269e12dff0  and pud[510]=2027d1b1b003
Apr 29 15:41:34 ubuntu kernel: [63170.658506] pgtbl_repl_prepare_replication:1188 pud[510]'s pmd=ffff2027d1b1b000..ffff2027d1b1bfff
Apr 29 15:41:34 ubuntu kernel: [63170.658506] pgtbl_repl_prepare_replication:1189 1 pfn=2027d1b1b   2 pfn=2027d1b1b
Apr 29 15:41:34 ubuntu kernel: [63170.658513] PTREP: pmd_idx = 64ï¼Œand pmd=ffff2027d1b1b200  and pmd[64]=2027d4d3f003
Apr 29 15:41:34 ubuntu kernel: [63170.658513] pgtbl_repl_prepare_replication:1208 pmd[64]'s pte=ffff2027d4d3f000..ffff2027d4d3ffff
Apr 29 15:41:34 ubuntu kernel: [63170.658514] pgtbl_repl_prepare_replication:1209 1 pfn=2027d4d3f   2 pfn=2027d4d3f
Apr 29 15:41:34 ubuntu kernel: [63170.658522] PTREP: pmd_idx = 65ï¼Œand pmd=ffff2027d1b1b208  and pmd[65]=2027bf7fe003
Apr 29 15:41:34 ubuntu kernel: [63170.658523] pgtbl_repl_prepare_replication:1208 pmd[65]'s pte=ffff2027bf7fe000..ffff2027bf7fefff
Apr 29 15:41:34 ubuntu kernel: [63170.658523] pgtbl_repl_prepare_replication:1209 1 pfn=2027bf7fe   2 pfn=2027bf7fe
Apr 29 15:41:34 ubuntu kernel: [63170.658533] PTREP: pud_idx = 511ï¼Œand pud=ffff20269e12dff8  and pud[511]=2027ceca2003
Apr 29 15:41:34 ubuntu kernel: [63170.658534] pgtbl_repl_prepare_replication:1188 pud[511]'s pmd=ffff2027ceca2000..ffff2027ceca2fff
Apr 29 15:41:34 ubuntu kernel: [63170.658534] pgtbl_repl_prepare_replication:1189 1 pfn=2027ceca2   2 pfn=2027ceca2
Apr 29 15:41:34 ubuntu kernel: [63170.658540] PTREP: pmd_idx = 45ï¼Œand pmd=ffff2027ceca2168  and pmd[45]=2027abef9003
Apr 29 15:41:34 ubuntu kernel: [63170.658541] pgtbl_repl_prepare_replication:1208 pmd[45]'s pte=ffff2027abef9000..ffff2027abef9fff
Apr 29 15:41:34 ubuntu kernel: [63170.658542] pgtbl_repl_prepare_replication:1209 1 pfn=2027abef9   2 pfn=2027abef9
Apr 29 15:41:34 ubuntu kernel: [63170.658549] ===================================== end of a page
Apr 29 15:41:34 ubuntu kernel: [63170.658550] pgtbl_repl_prepare_replication:1235 all: pud_num=4, pmd_num=5, pte_num=317
Apr 29 15:41:34 ubuntu kernel: [63170.658551] PTREP: Called pgtbl_repl_prepare_replication  done
Apr 29 15:41:34 ubuntu kernel: [63170.658552] [mitosis] pgtable replication enabled for mm=ffff2027bfb9fc00.
Apr 29 15:41:34 ubuntu kernel: [63170.658552] [mitosis] pgtable replication err=0.
Apr 29 15:41:34 ubuntu kernel: [63170.658573] [mitosis]------PTREPL: alloc pgd start------
Apr 29 15:41:34 ubuntu kernel: [63170.658573] [mitosis] nr_node_ids=4.
Apr 29 15:41:34 ubuntu kernel: [63170.658574] [mitosis] pgd_alloc origin mm->pgd =ffff2027bf7b5000.
Apr 29 15:41:34 ubuntu kernel: [63170.658576] [mitosis] pgd_alloc mm->repl_pgd[0]=ffff0026abfae000.
Apr 29 15:41:34 ubuntu kernel: [63170.658578] [mitosis] pgd_alloc mm->repl_pgd[1]=ffff002eb51bd000.
Apr 29 15:41:34 ubuntu kernel: [63170.658579] [mitosis] pgd_alloc mm->repl_pgd[2]=ffff20269ed19000.
Apr 29 15:41:34 ubuntu kernel: [63170.658581] [mitosis] pgd_alloc mm->repl_pgd[3]=ffff202e8d157000.
Apr 29 15:41:34 ubuntu kernel: [63170.658582] ------PTREPL: alloc pgd success------
Apr 29 15:41:34 ubuntu kernel: [63170.658776] [mitosis] PTREPL: free pgd start 
Apr 29 15:41:34 ubuntu kernel: [63170.658778] [mitosis] pgtable_repl_pgd_free freed pgd=ffff2027c066b000 and mm->pgd=ffff2027c066b000.
Apr 29 15:41:34 ubuntu kernel: [63170.658781] [mitosis]------PTREPL: free pgd done------
Apr 29 15:41:34 ubuntu kernel: [63170.659811] [mitosis]------PTREPL: alloc pgd start------
Apr 29 15:41:34 ubuntu kernel: [63170.659813] [mitosis] nr_node_ids=4.
Apr 29 15:41:34 ubuntu kernel: [63170.659814] [mitosis] pgd_alloc origin mm->pgd =ffff20269d1ae000.
Apr 29 15:41:34 ubuntu kernel: [63170.659816] [mitosis] pgd_alloc mm->repl_pgd[0]=ffff0026abfa1000.
Apr 29 15:41:34 ubuntu kernel: [63170.659818] [mitosis] pgd_alloc mm->repl_pgd[1]=ffff002eb51b0000.
Apr 29 15:41:34 ubuntu kernel: [63170.659820] [mitosis] pgd_alloc mm->repl_pgd[2]=ffff20269ed0c000.
Apr 29 15:41:34 ubuntu kernel: [63170.659821] [mitosis] pgd_alloc mm->repl_pgd[3]=ffff202e8d14a000.
Apr 29 15:41:34 ubuntu kernel: [63170.659822] ------PTREPL: alloc pgd success------
[0mWaiting for benchmark to be done current :2021-04-29 15:41:35
Apr 29 15:41:35 ubuntu kernel: [63171.764847] [mitosis] PTREPL: free pgd start 
Apr 29 15:41:35 ubuntu kernel: [63171.764854] [mitosis] pgtable_repl_pgd_free freed pgd=ffff2027bf7b5000 and mm->pgd=ffff2027bf7b5000.
Apr 29 15:41:35 ubuntu kernel: [63171.764856] [mitosis]------PTREPL: free pgd done------
Execution Time (seconds): 1
****success****
memcached : FM completed.
current = 2021-04-29 15:41:36
Start test round: 1
Apr 29 15:42:05 ubuntu kernel: [63201.383277] Page table allocation set to normal behavior
Apr 29 15:42:05 ubuntu kernel: [63201.391835] PROCFS: Command ot drain the pgtable cache
[0mWaiting for benchmark: 6497 to be ready
Apr 29 15:42:06 ubuntu kernel: [63202.365735] [mitosis] PTREPL: free pgd start 
Apr 29 15:42:06 ubuntu kernel: [63202.365742] [mitosis] pgtable_repl_pgd_free freed pgd=ffff20269d1ae000 and mm->pgd=ffff20269d1ae000.
Apr 29 15:42:06 ubuntu kernel: [63202.365744] [mitosis]------PTREPL: free pgd done------
[0mWaiting for benchmark to be done current :2021-04-29 15:42:07
Execution Time (seconds): 1
****success****
memcached : F completed.
current = 2021-04-29 15:42:08
Apr 29 15:42:08 ubuntu kernel: [63204.678976] Page table allocation set to fixed on node 0
Apr 29 15:42:08 ubuntu kernel: [63204.685941] PROCFS: Command ot drain the pgtable cache
Apr 29 15:42:08 ubuntu kernel: [63204.692873] PROCFS: Command ot populate the pgtable cache
Apr 29 15:42:08 ubuntu kernel: [63204.692875] PGREPL: populating pgtable cache with 1100000 tables per node
Apr 29 15:42:08 ubuntu kernel: [63204.692877] PGREPL: populating pgtable cache node[0] with 1100000 tables
Apr 29 15:42:09 ubuntu kernel: [63205.948320] PGREPL: node[0] populated with 1100000  tables
Apr 29 15:42:09 ubuntu kernel: [63205.948326] PGREPL: populating pgtable cache node[1] with 1100000 tables
Apr 29 15:42:11 ubuntu kernel: [63207.374769] PGREPL: node[1] populated with 1100000  tables
Apr 29 15:42:11 ubuntu kernel: [63207.374773] PGREPL: populating pgtable cache node[2] with 1100000 tables
Apr 29 15:42:12 ubuntu kernel: [63208.051472] PGREPL: node[2] populated with 1100000  tables
Apr 29 15:42:12 ubuntu kernel: [63208.051476] PGREPL: populating pgtable cache node[3] with 1100000 tables
Apr 29 15:42:13 ubuntu kernel: [63209.025232] PGREPL: node[3] populated with 1100000  tables
[0mWaiting for benchmark: 6588 to be ready
Apr 29 15:42:13 ubuntu kernel: [63209.056909] [mitosis] NOTE: version = 6
Apr 29 15:42:13 ubuntu kernel: [63209.056912] [mitosis] kernel_set_pgtlbreplpolicy: pid = 6588
Apr 29 15:42:13 ubuntu kernel: [63209.056913] PTREP: Called pgtbl_repl_prepare_replication version 2
Apr 29 15:42:13 ubuntu kernel: [63209.056914] [mitosis] pgtbl_repl_prepare_replication  for mm=ffff2027bfb9b000.
Apr 29 15:42:13 ubuntu kernel: [63209.056915] [mitosis]------PTREPL: alloc pgd start------
Apr 29 15:42:13 ubuntu kernel: [63209.056915] [mitosis] nr_node_ids=4.
Apr 29 15:42:13 ubuntu kernel: [63209.056916] [mitosis] pgd_alloc origin mm->pgd =ffff20269ef10000.
Apr 29 15:42:13 ubuntu kernel: [63209.056919] [mitosis] pgd_alloc mm->repl_pgd[0]=ffff0026ab03a000.
Apr 29 15:42:13 ubuntu kernel: [63209.056922] [mitosis] pgd_alloc mm->repl_pgd[1]=ffff002eb5624000.
Apr 29 15:42:13 ubuntu kernel: [63209.056923] [mitosis] pgd_alloc mm->repl_pgd[2]=ffff20269794b000.
Apr 29 15:42:13 ubuntu kernel: [63209.056924] [mitosis] pgd_alloc mm->repl_pgd[3]=ffff202e8d5d9000.
Apr 29 15:42:13 ubuntu kernel: [63209.056925] ------PTREPL: alloc pgd success------
Apr 29 15:42:13 ubuntu kernel: [63209.056927] pgtbl_repl_prepare_replication:1156 pgd=ffff20269ef10000..ffff20269ef10fff
Apr 29 15:42:13 ubuntu kernel: [63209.056928] PTREP: pgd_idx = 341ï¼Œand pgd=ffff20269ef10aa8  and pgd[341]=20269eedd003
Apr 29 15:42:13 ubuntu kernel: [63209.056930] pgtbl_repl_prepare_replication:1164 pgd[341]'s pud=ffff20269eedd000..ffff20269eeddfff
Apr 29 15:42:13 ubuntu kernel: [63209.056931] pgtbl_repl_prepare_replication:1168 another func __va pud=ffff20269eedd000..ffff20269eeddfff
Apr 29 15:42:13 ubuntu kernel: [63209.056932] pgtbl_repl_prepare_replication:1169 1 pfn=20269eedd   2 pfn=20269eedd
Apr 29 15:42:13 ubuntu kernel: [63209.056938] [mitosis] start search pud .......
Apr 29 15:42:13 ubuntu kernel: [63209.056939] PTREP: pud_idx = 170ï¼Œand pud=ffff20269eedd550  and pud[170]=20269eede003
Apr 29 15:42:13 ubuntu kernel: [63209.056940] pgtbl_repl_prepare_replication:1188 pud[170]'s pmd=ffff20269eede000..ffff20269eedefff
Apr 29 15:42:13 ubuntu kernel: [63209.056941] pgtbl_repl_prepare_replication:1189 1 pfn=20269eede   2 pfn=20269eede
Apr 29 15:42:13 ubuntu kernel: [63209.056948] PTREP: pmd_idx = 510ï¼Œand pmd=ffff20269eedeff0  and pmd[510]=2027c3e2e003
Apr 29 15:42:13 ubuntu kernel: [63209.056949] pgtbl_repl_prepare_replication:1208 pmd[510]'s pte=ffff2027c3e2e000..ffff2027c3e2efff
Apr 29 15:42:13 ubuntu kernel: [63209.056950] pgtbl_repl_prepare_replication:1209 1 pfn=2027c3e2e   2 pfn=2027c3e2e
Apr 29 15:42:13 ubuntu kernel: [63209.056957] PTREP: pud_idx = 171ï¼Œand pud=ffff20269eedd558  and pud[171]=2027c3c3e003
Apr 29 15:42:13 ubuntu kernel: [63209.056958] pgtbl_repl_prepare_replication:1188 pud[171]'s pmd=ffff2027c3c3e000..ffff2027c3c3efff
Apr 29 15:42:13 ubuntu kernel: [63209.056959] pgtbl_repl_prepare_replication:1189 1 pfn=2027c3c3e   2 pfn=2027c3c3e
Apr 29 15:42:13 ubuntu kernel: [63209.056964] PTREP: pmd_idx = 222ï¼Œand pmd=ffff2027c3c3e6f0  and pmd[222]=2027c3e2c003
Apr 29 15:42:13 ubuntu kernel: [63209.056965] pgtbl_repl_prepare_replication:1208 pmd[222]'s pte=ffff2027c3e2c000..ffff2027c3e2cfff
Apr 29 15:42:13 ubuntu kernel: [63209.056966] pgtbl_repl_prepare_replication:1209 1 pfn=2027c3e2c   2 pfn=2027c3e2c
Apr 29 15:42:13 ubuntu kernel: [63209.056973] ===================================== end of a page
Apr 29 15:42:13 ubuntu kernel: [63209.056975] PTREP: pgd_idx = 511ï¼Œand pgd=ffff20269ef10ff8  and pgd[511]=20269c92f003
Apr 29 15:42:13 ubuntu kernel: [63209.056975] pgtbl_repl_prepare_replication:1164 pgd[511]'s pud=ffff20269c92f000..ffff20269c92ffff
Apr 29 15:42:13 ubuntu kernel: [63209.056977] pgtbl_repl_prepare_replication:1168 another func __va pud=ffff20269c92f000..ffff20269c92ffff
Apr 29 15:42:13 ubuntu kernel: [63209.056977] pgtbl_repl_prepare_replication:1169 1 pfn=20269c92f   2 pfn=20269c92f
Apr 29 15:42:13 ubuntu kernel: [63209.056982] [mitosis] start search pud .......
Apr 29 15:42:13 ubuntu kernel: [63209.056984] PTREP: pud_idx = 510ï¼Œand pud=ffff20269c92fff0  and pud[510]=20269eedc003
Apr 29 15:42:13 ubuntu kernel: [63209.056985] pgtbl_repl_prepare_replication:1188 pud[510]'s pmd=ffff20269eedc000..ffff20269eedcfff
Apr 29 15:42:13 ubuntu kernel: [63209.056986] pgtbl_repl_prepare_replication:1189 1 pfn=20269eedc   2 pfn=20269eedc
Apr 29 15:42:13 ubuntu kernel: [63209.056992] PTREP: pmd_idx = 102ï¼Œand pmd=ffff20269eedc330  and pmd[102]=2027c3c3d003
Apr 29 15:42:13 ubuntu kernel: [63209.056993] pgtbl_repl_prepare_replication:1208 pmd[102]'s pte=ffff2027c3c3d000..ffff2027c3c3dfff
Apr 29 15:42:13 ubuntu kernel: [63209.056993] pgtbl_repl_prepare_replication:1209 1 pfn=2027c3c3d   2 pfn=2027c3c3d
Apr 29 15:42:13 ubuntu kernel: [63209.057001] PTREP: pmd_idx = 103ï¼Œand pmd=ffff20269eedc338  and pmd[103]=2027c3e2f003
Apr 29 15:42:13 ubuntu kernel: [63209.057001] pgtbl_repl_prepare_replication:1208 pmd[103]'s pte=ffff2027c3e2f000..ffff2027c3e2ffff
Apr 29 15:42:13 ubuntu kernel: [63209.057002] pgtbl_repl_prepare_replication:1209 1 pfn=2027c3e2f   2 pfn=2027c3e2f
Apr 29 15:42:13 ubuntu kernel: [63209.057012] PTREP: pud_idx = 511ï¼Œand pud=ffff20269c92fff8  and pud[511]=20269c92e003
Apr 29 15:42:13 ubuntu kernel: [63209.057013] pgtbl_repl_prepare_replication:1188 pud[511]'s pmd=ffff20269c92e000..ffff20269c92efff
Apr 29 15:42:13 ubuntu kernel: [63209.057014] pgtbl_repl_prepare_replication:1189 1 pfn=20269c92e   2 pfn=20269c92e
Apr 29 15:42:13 ubuntu kernel: [63209.057020] PTREP: pmd_idx = 391ï¼Œand pmd=ffff20269c92ec38  and pmd[391]=2027abca7003
Apr 29 15:42:13 ubuntu kernel: [63209.057021] pgtbl_repl_prepare_replication:1208 pmd[391]'s pte=ffff2027abca7000..ffff2027abca7fff
Apr 29 15:42:13 ubuntu kernel: [63209.057021] pgtbl_repl_prepare_replication:1209 1 pfn=2027abca7   2 pfn=2027abca7
Apr 29 15:42:13 ubuntu kernel: [63209.057028] ===================================== end of a page
Apr 29 15:42:13 ubuntu kernel: [63209.057029] pgtbl_repl_prepare_replication:1235 all: pud_num=4, pmd_num=5, pte_num=330
Apr 29 15:42:13 ubuntu kernel: [63209.057030] PTREP: Called pgtbl_repl_prepare_replication  done
Apr 29 15:42:13 ubuntu kernel: [63209.057031] [mitosis] pgtable replication enabled for mm=ffff2027bfb9b000.
Apr 29 15:42:13 ubuntu kernel: [63209.057032] [mitosis] pgtable replication err=0.
Apr 29 15:42:13 ubuntu kernel: [63209.057052] [mitosis]------PTREPL: alloc pgd start------
Apr 29 15:42:13 ubuntu kernel: [63209.057053] [mitosis] nr_node_ids=4.
Apr 29 15:42:13 ubuntu kernel: [63209.057053] [mitosis] pgd_alloc origin mm->pgd =ffff2027c3c3f000.
Apr 29 15:42:13 ubuntu kernel: [63209.057055] [mitosis] pgd_alloc mm->repl_pgd[0]=ffff0026ab02e000.
Apr 29 15:42:13 ubuntu kernel: [63209.057057] [mitosis] pgd_alloc mm->repl_pgd[1]=ffff002eb5618000.
Apr 29 15:42:13 ubuntu kernel: [63209.057059] [mitosis] pgd_alloc mm->repl_pgd[2]=ffff20269793f000.
Apr 29 15:42:13 ubuntu kernel: [63209.057060] [mitosis] pgd_alloc mm->repl_pgd[3]=ffff202e8d5cd000.
Apr 29 15:42:13 ubuntu kernel: [63209.057061] ------PTREPL: alloc pgd success------
Apr 29 15:42:13 ubuntu kernel: [63209.057241] [mitosis] PTREPL: free pgd start 
Apr 29 15:42:13 ubuntu kernel: [63209.057243] [mitosis] pgtable_repl_pgd_free freed pgd=ffff20269ef10000 and mm->pgd=ffff20269ef10000.
Apr 29 15:42:13 ubuntu kernel: [63209.057243] [mitosis]------PTREPL: free pgd done------
Apr 29 15:42:13 ubuntu kernel: [63209.058256] [mitosis]------PTREPL: alloc pgd start------
Apr 29 15:42:13 ubuntu kernel: [63209.058258] [mitosis] nr_node_ids=4.
Apr 29 15:42:13 ubuntu kernel: [63209.058259] [mitosis] pgd_alloc origin mm->pgd =ffff2027abc7a000.
Apr 29 15:42:13 ubuntu kernel: [63209.058261] [mitosis] pgd_alloc mm->repl_pgd[0]=ffff0026ab022000.
Apr 29 15:42:13 ubuntu kernel: [63209.058263] [mitosis] pgd_alloc mm->repl_pgd[1]=ffff002eb560c000.
Apr 29 15:42:13 ubuntu kernel: [63209.058264] [mitosis] pgd_alloc mm->repl_pgd[2]=ffff202697933000.
Apr 29 15:42:13 ubuntu kernel: [63209.058266] [mitosis] pgd_alloc mm->repl_pgd[3]=ffff202e8d5c1000.
Apr 29 15:42:13 ubuntu kernel: [63209.058266] ------PTREPL: alloc pgd success------
[0mWaiting for benchmark to be done current :2021-04-29 15:42:14
Apr 29 15:42:14 ubuntu kernel: [63210.163978] [mitosis] PTREPL: free pgd start 
Apr 29 15:42:14 ubuntu kernel: [63210.163984] [mitosis] pgtable_repl_pgd_free freed pgd=ffff2027c3c3f000 and mm->pgd=ffff2027c3c3f000.
Apr 29 15:42:14 ubuntu kernel: [63210.163986] [mitosis]------PTREPL: free pgd done------
Execution Time (seconds): 1
****success****
memcached : FM completed.
current = 2021-04-29 15:42:15
Apr 29 16:03:55 ubuntu systemd[1]: Started Run anacron jobs.
Apr 29 16:03:55 ubuntu anacron[6665]: Anacron 2.3 started on 2021-04-29
Apr 29 16:03:55 ubuntu anacron[6665]: Normal exit (0 jobs run)
Apr 29 16:17:02 ubuntu CRON[6690]: (root) CMD (   cd / && run-parts --report /etc/cron.hourly)
Apr 29 16:20:38 ubuntu kernel: [65514.519192] [mitosis] PTREPL: free pgd start 
Apr 29 16:20:38 ubuntu kernel: [65514.519200] [mitosis] pgtable_repl_pgd_free freed pgd=ffff2027abc7a000 and mm->pgd=ffff2027abc7a000.
Apr 29 16:20:38 ubuntu kernel: [65514.519204] [mitosis]------PTREPL: free pgd done------
Start test round: 1
Apr 29 16:34:52 ubuntu kernel: [66368.628472] Page table allocation set to normal behavior
Apr 29 16:34:52 ubuntu kernel: [66368.636614] PROCFS: Command ot drain the pgtable cache
[0mWaiting for benchmark: 7009 to be ready
[0mWaiting for benchmark to be done current :2021-04-29 16:34:54
Apr 29 16:36:52 ubuntu systemd[1]: Stopping Session 24 of user huawei.
Apr 29 16:36:52 ubuntu systemd[1]: Stopped Stop ureadahead data collection 45s after completed startup.
Apr 29 16:36:52 ubuntu systemd[1]: Stopping PackageKit Daemon...
Apr 29 16:36:52 ubuntu systemd[1]: Stopping Availability of block devices...
Apr 29 16:36:52 ubuntu systemd[1]: Stopping Authorization Manager...
Apr 29 16:36:52 ubuntu systemd[1]: Stopping Session 21 of user huawei.
Apr 29 16:36:52 ubuntu systemd[1]: Stopped QEMU KVM preparation - module, ksm, hugepages.
Apr 29 16:36:52 ubuntu systemd[1]: Stopping User Manager for UID 1000...
Apr 29 16:36:52 ubuntu systemd[1]: Stopped target Timers.
Apr 29 16:36:52 ubuntu systemd[1]: Stopped Message of the Day.
Apr 29 16:36:52 ubuntu systemd[1]: Stopped Daily Cleanup of Temporary Directories.
Apr 29 16:36:52 ubuntu systemd[1]: Stopped Daily apt upgrade and clean activities.
Apr 29 16:36:52 ubuntu systemd[1]: Stopped Daily apt download activities.
Apr 29 16:36:52 ubuntu systemd[1]: Stopped Trigger anacron every hour.
Apr 29 16:36:52 ubuntu systemd[1]: Stopped Discard unused blocks once a week.
Apr 29 16:36:52 ubuntu systemd[1]: Closed Load/Save RF Kill Switch Status /dev/rfkill Watch.
Apr 29 16:36:52 ubuntu systemd[1]: Stopped target Graphical Interface.
Apr 29 16:36:52 ubuntu systemd[1]: Stopping Accounts Service...
Apr 29 16:36:52 ubuntu systemd[1]: Stopped target Multi-User System.
Apr 29 16:40:49 ubuntu systemd[1]: Starting Flush Journal to Persistent Storage...
Apr 29 16:40:49 ubuntu kernel: [    0.000000] Booting Linux on physical CPU 0x0000080000 [0x481fd010]
Apr 29 16:40:49 ubuntu systemd[1]: Started udev Coldplug all Devices.
Apr 29 16:40:49 ubuntu kernel: [    0.000000] Linux version 5.7.1 (root@ubuntu) (gcc version 7.5.0 (Ubuntu/Linaro 7.5.0-3ubuntu1~18.04), GNU ld (GNU Binutils for Ubuntu) 2.30) #1 SMP Wed Mar 3 19:39:20 CST 2021
Apr 29 16:40:49 ubuntu kernel: [    0.000000] efi: EFI v2.70 by EDK II
Apr 29 16:40:49 ubuntu kernel: [    0.000000] efi:  ACPI 2.0=0x2fc50000  SMBIOS 3.0=0x2fbf0000  MEMATTR=0x35e93018  ESRT=0x36117b18  MEMRESERVE=0x2fb93018 
Apr 29 16:40:49 ubuntu systemd[1]: ureadahead.service: Main process exited, code=exited, status=5/NOTINSTALLED
Apr 29 16:40:49 ubuntu kernel: [    0.000000] esrt: Reserving ESRT space from 0x0000000036117b18 to 0x0000000036117b50.
Apr 29 16:40:49 ubuntu kernel: [    0.000000] cma: Reserved 32 MiB at 0x000000007e000000
Apr 29 16:40:49 ubuntu kernel: [    0.000000] ACPI: Early table checksum verification disabled
Apr 29 16:40:49 ubuntu kernel: [    0.000000] ACPI: RSDP 0x000000002FC50000 000024 (v02 HISI  )
Apr 29 16:40:49 ubuntu kernel: [    0.000000] ACPI: XSDT 0x000000002FC40000 0000A4 (v01 HISI   HIP08    00000000      01000013)
Apr 29 16:40:49 ubuntu kernel: [    0.000000] ACPI: FACP 0x000000002F790000 000114 (v06 HISI   HIP08    00000000 HISI 20151124)
Apr 29 16:40:49 ubuntu ureadahead[1500]: ureadahead: Error while tracing: No such file or directory
Apr 29 16:40:49 ubuntu kernel: [    0.000000] ACPI: DSDT 0x000000002F530000 00C441 (v02 HISI   HIP08    00000000 INTL 20181213)
Apr 29 16:40:49 ubuntu kernel: [    0.000000] ACPI: PCCT 0x000000002FC30000 00008A (v01 HISI   HIP08    00000000 HISI 20151124)
Apr 29 16:40:49 ubuntu systemd[1]: ureadahead.service: Failed with result 'exit-code'.
Apr 29 16:40:49 ubuntu kernel: [    0.000000] ACPI: SSDT 0x000000002FC20000 00E64A (v02 HISI   HIP07    00000000 INTL 20181213)
Apr 29 16:40:49 ubuntu kernel: [    0.000000] ACPI: BERT 0x000000002FBC0000 000030 (v01 HISI   HIP08    00000000 HISI 20151124)
Apr 29 16:40:49 ubuntu systemd-modules-load[1497]: Inserted module 'lp'
Apr 29 16:40:49 ubuntu kernel: [    0.000000] ACPI: HEST 0x000000002FBA0000 00058C (v01 HISI   HIP08    00000000 HISI 20151124)
Apr 29 16:40:49 ubuntu kernel: [    0.000000] ACPI: ERST 0x000000002FB60000 000230 (v01 HISI   HIP08    00000000 HISI 20151124)
Apr 29 16:40:49 ubuntu kernel: [    0.000000] ACPI: EINJ 0x000000002FB50000 000170 (v01 HISI   HIP08    00000000 HISI 20151124)
Apr 29 16:40:49 ubuntu systemd-modules-load[1497]: Inserted module 'ppdev'
Apr 29 16:40:49 ubuntu kernel: [    0.000000] ACPI: GTDT 0x000000002F590000 00007C (v02 HISI   HIP08    00000000 HISI 20151124)
Apr 29 16:40:49 ubuntu kernel: [    0.000000] ACPI: MCFG 0x000000002F580000 00003C (v01 HISI   HIP08    00000000 HISI 20151124)
Apr 29 16:40:49 ubuntu kernel: [    0.000000] ACPI: SLIT 0x000000002F570000 00003C (v01 HISI   HIP08    00000000 HISI 20151124)
Apr 29 16:40:49 ubuntu kernel: [    0.000000] ACPI: SRAT 0x000000002F560000 0007D0 (v03 HISI   HIP08    00000000 HISI 20151124)
Apr 29 16:40:49 ubuntu kernel: [    0.000000] ACPI: SDEI 0x000000002F550000 000030 (v01 HISI   HIP08    00000000 HISI 20151124)
Apr 29 16:40:49 ubuntu systemd-modules-load[1497]: Failed to find module 'parport_pc'
Apr 29 16:40:49 ubuntu kernel: [    0.000000] ACPI: APIC 0x000000002F540000 001E6C (v04 HISI   HIP08    00000000 HISI 20151124)
Apr 29 16:40:49 ubuntu kernel: [    0.000000] ACPI: IORT 0x000000002F520000 001678 (v00 HISI   HIP08    00000000 INTL 20181213)
Apr 29 16:40:49 ubuntu kernel: [    0.000000] ACPI: PPTT 0x000000002ECE0000 0031B0 (v01 HISI   HIP08    00000000 HISI 20151124)
Apr 29 16:40:49 ubuntu kernel: [    0.000000] ACPI: SPMI 0x000000002ECD0000 000041 (v05 HISI   HIP08    00000000 HISI 20151124)
Apr 29 16:40:49 ubuntu systemd[1]: Started LVM2 metadata daemon.
Apr 29 16:40:49 ubuntu kernel: [    0.000000] ACPI: SRAT: Node 0 PXM 0 [mem 0x2080000000-0x27ffffffff]
Apr 29 16:40:49 ubuntu kernel: [    0.000000] ACPI: SRAT: Node 1 PXM 1 [mem 0x2800000000-0x2fffffffff]
Apr 29 16:40:49 ubuntu kernel: [    0.000000] ACPI: SRAT: Node 0 PXM 0 [mem 0x00000000-0x7fffffff]
Apr 29 16:40:49 ubuntu kernel: [    0.000000] ACPI: SRAT: Node 2 PXM 2 [mem 0x202000000000-0x2027ffffffff]
Apr 29 16:40:49 ubuntu kernel: [    0.000000] ACPI: SRAT: Node 3 PXM 3 [mem 0x202800000000-0x202fffffffff]
Apr 29 16:40:49 ubuntu systemd[1]: Activated swap /swapfile.
Apr 29 16:40:49 ubuntu kernel: [    0.000000] NUMA: NODE_DATA [mem 0x27ffffc300-0x27ffffffff]
Apr 29 16:40:49 ubuntu kernel: [    0.000000] NUMA: NODE_DATA [mem 0x2fffffc300-0x2fffffffff]
Apr 29 16:40:49 ubuntu systemd[1]: Reached target Swap.
Apr 29 16:40:49 ubuntu kernel: [    0.000000] NUMA: NODE_DATA [mem 0x2027ffffc300-0x2027ffffffff]
Apr 29 16:40:49 ubuntu kernel: [    0.000000] NUMA: NODE_DATA [mem 0x202ff0000300-0x202ff0003fff]
Apr 29 16:40:49 ubuntu kernel: [    0.000000] Zone ranges:
Apr 29 16:40:49 ubuntu systemd[1]: Started Create Static Device Nodes in /dev.
Apr 29 16:40:49 ubuntu kernel: [    0.000000]   DMA      [mem 0x0000000000000000-0x000000003fffffff]
Apr 29 16:40:49 ubuntu kernel: [    0.000000]   DMA32    [mem 0x0000000040000000-0x00000000ffffffff]
Apr 29 16:40:49 ubuntu kernel: [    0.000000]   Normal   [mem 0x0000000100000000-0x0000202fffffffff]
Apr 29 16:40:49 ubuntu kernel: [    0.000000] Movable zone start for each node
Apr 29 16:40:49 ubuntu kernel: [    0.000000] Early memory node ranges
Apr 29 16:40:49 ubuntu systemd[1]: Starting udev Kernel Device Manager...
Apr 29 16:40:49 ubuntu systemd[1]: Started Monitoring of LVM2 mirrors, snapshots etc. using dmeventd or progress polling.
Apr 29 16:40:49 ubuntu kernel: [    0.000000]   node   0: [mem 0x0000000000000000-0x000000000000ffff]
Apr 29 16:40:49 ubuntu kernel: [    0.000000]   node   0: [mem 0x0000000000010000-0x000000002e501fff]
Apr 29 16:40:49 ubuntu kernel: [    0.000000]   node   0: [mem 0x000000002e502000-0x000000002eccffff]
Apr 29 16:40:49 ubuntu systemd[1]: Started Set the console keyboard layout.
Apr 29 16:40:49 ubuntu kernel: [    0.000000]   node   0: [mem 0x000000002ecd0000-0x000000002f59ffff]
Apr 29 16:40:49 ubuntu kernel: [    0.000000]   node   0: [mem 0x000000002f5a0000-0x000000002f78ffff]
Apr 29 16:40:49 ubuntu kernel: [    0.000000]   node   0: [mem 0x000000002f790000-0x000000002f79ffff]
Apr 29 16:40:49 ubuntu kernel: [    0.000000]   node   0: [mem 0x000000002f7a0000-0x000000002f87ffff]
Apr 29 16:40:49 ubuntu systemd[1]: Reached target Local File Systems (Pre).
Apr 29 16:40:49 ubuntu kernel: [    0.000000]   node   0: [mem 0x000000002f880000-0x000000002f8bffff]
Apr 29 16:40:49 ubuntu kernel: [    0.000000]   node   0: [mem 0x000000002f8c0000-0x000000002f95ffff]
Apr 29 16:40:49 ubuntu systemd-modules-load[1497]: Inserted module 'iscsi_tcp'
Apr 29 16:40:49 ubuntu kernel: [    0.000000]   node   0: [mem 0x000000002f960000-0x000000002f97ffff]
Apr 29 16:40:49 ubuntu kernel: [    0.000000]   node   0: [mem 0x000000002f980000-0x000000002fabffff]
Apr 29 16:40:49 ubuntu kernel: [    0.000000]   node   0: [mem 0x000000002fac0000-0x000000002fb6ffff]
Apr 29 16:40:49 ubuntu kernel: [    0.000000]   node   0: [mem 0x000000002fb70000-0x000000002fb71fff]
Apr 29 16:40:49 ubuntu kernel: [    0.000000]   node   0: [mem 0x000000002fb72000-0x000000002fb7ffff]
Apr 29 16:40:49 ubuntu kernel: [    0.000000]   node   0: [mem 0x000000002fb80000-0x000000002fb80fff]
Apr 29 16:40:49 ubuntu kernel: [    0.000000]   node   0: [mem 0x000000002fb81000-0x000000002fb8ffff]
Apr 29 16:40:49 ubuntu systemd-modules-load[1497]: Inserted module 'ib_iser'
Apr 29 16:40:49 ubuntu kernel: [    0.000000]   node   0: [mem 0x000000002fb90000-0x000000002fb91fff]
Apr 29 16:40:49 ubuntu kernel: [    0.000000]   node   0: [mem 0x000000002fb92000-0x000000002fbaffff]
Apr 29 16:40:49 ubuntu kernel: [    0.000000]   node   0: [mem 0x000000002fbb0000-0x000000002fbb1fff]
Apr 29 16:40:49 ubuntu kernel: [    0.000000]   node   0: [mem 0x000000002fbb2000-0x000000002fbcffff]
Apr 29 16:40:49 ubuntu systemd[1]: systemd-modules-load.service: Main process exited, code=exited, status=1/FAILURE
Apr 29 16:40:49 ubuntu kernel: [    0.000000]   node   0: [mem 0x000000002fbd0000-0x000000002fbd0fff]
Apr 29 16:40:49 ubuntu kernel: [    0.000000]   node   0: [mem 0x000000002fbd1000-0x000000002fbdffff]
Apr 29 16:40:49 ubuntu kernel: [    0.000000]   node   0: [mem 0x000000002fbe0000-0x000000002fbfffff]
Apr 29 16:40:49 ubuntu systemd[1]: systemd-modules-load.service: Failed with result 'exit-code'.
Apr 29 16:40:49 ubuntu kernel: [    0.000000]   node   0: [mem 0x000000002fc00000-0x000000002fc5ffff]
Apr 29 16:40:49 ubuntu kernel: [    0.000000]   node   0: [mem 0x000000002fc60000-0x000000002fe5ffff]
Apr 29 16:40:49 ubuntu kernel: [    0.000000]   node   0: [mem 0x000000002fe60000-0x000000002fe60fff]
Apr 29 16:40:49 ubuntu systemd[1]: Failed to start Load Kernel Modules.
Apr 29 16:40:49 ubuntu systemd[1]: Mounting FUSE Control File System...
Apr 29 16:40:49 ubuntu kernel: [    0.000000]   node   0: [mem 0x000000002fe61000-0x000000002fe64fff]
Apr 29 16:40:49 ubuntu kernel: [    0.000000]   node   0: [mem 0x000000002fe65000-0x000000002fe6afff]
Apr 29 16:40:49 ubuntu kernel: [    0.000000]   node   0: [mem 0x000000002fe6b000-0x000000002fe6bfff]
Apr 29 16:40:49 ubuntu systemd[1]: Starting Apply Kernel Variables...
Apr 29 16:40:49 ubuntu kernel: [    0.000000]   node   0: [mem 0x000000002fe6c000-0x000000003f02ffff]
Apr 29 16:40:49 ubuntu kernel: [    0.000000]   node   0: [mem 0x000000003f030000-0x000000003f05ffff]
Apr 29 16:40:49 ubuntu kernel: [    0.000000]   node   0: [mem 0x000000003f060000-0x000000003fbfffff]
Apr 29 16:40:49 ubuntu systemd[1]: Mounting Kernel Configuration File System...
Apr 29 16:40:49 ubuntu kernel: [    0.000000]   node   0: [mem 0x0000000040000000-0x0000000043ffffff]
Apr 29 16:40:49 ubuntu kernel: [    0.000000]   node   0: [mem 0x0000000044030000-0x000000004fffffff]
Apr 29 16:40:49 ubuntu systemd[1]: Mounted FUSE Control File System.
Apr 29 16:40:49 ubuntu kernel: [    0.000000]   node   0: [mem 0x0000000050000000-0x000000007fffffff]
Apr 29 16:40:49 ubuntu kernel: [    0.000000]   node   0: [mem 0x0000002080000000-0x00000027ffffffff]
Apr 29 16:40:49 ubuntu kernel: [    0.000000]   node   1: [mem 0x0000002800000000-0x0000002fffffffff]
Apr 29 16:40:49 ubuntu systemd[1]: Mounted Kernel Configuration File System.
Apr 29 16:40:49 ubuntu kernel: [    0.000000]   node   2: [mem 0x0000202000000000-0x00002027ffffffff]
Apr 29 16:40:49 ubuntu kernel: [    0.000000]   node   3: [mem 0x0000202800000000-0x0000202fffffffff]
Apr 29 16:40:49 ubuntu kernel: [    0.000000] Zeroed struct page in unavailable ranges: 814 pages
Apr 29 16:40:49 ubuntu systemd[1]: Started udev Kernel Device Manager.
Apr 29 16:40:49 ubuntu systemd[1]: Started Dispatch Password Requests to Console Directory Watch.
Apr 29 16:40:49 ubuntu kernel: [    0.000000] Initmem setup node 0 [mem 0x0000000000000000-0x00000027ffffffff]
Apr 29 16:40:49 ubuntu kernel: [    0.000000] On node 0 totalpages: 8387536
Apr 29 16:40:49 ubuntu systemd[1]: Reached target Local Encrypted Volumes.
Apr 29 16:40:49 ubuntu kernel: [    0.000000]   DMA zone: 5120 pages used for memmap
Apr 29 16:40:49 ubuntu kernel: [    0.000000]   DMA zone: 0 pages reserved
Apr 29 16:40:49 ubuntu kernel: [    0.000000]   DMA zone: 261120 pages, LIFO batch:63
Apr 29 16:40:49 ubuntu systemd[1]: Started Apply Kernel Variables.
Apr 29 16:40:49 ubuntu kernel: [    0.000000]   DMA32 zone: 5120 pages used for memmap
Apr 29 16:40:49 ubuntu systemd-udevd[1731]: link_config: autonegotiation is unset or enabled, the speed and duplex are not writable.
Apr 29 16:40:49 ubuntu kernel: [    0.000000]   DMA32 zone: 262096 pages, LIFO batch:63
Apr 29 16:40:49 ubuntu kernel: [    0.000000]   Normal zone: 153600 pages used for memmap
Apr 29 16:40:49 ubuntu kernel: [    0.000000]   Normal zone: 7864320 pages, LIFO batch:63
Apr 29 16:40:49 ubuntu kernel: [    0.000000] Initmem setup node 1 [mem 0x0000002800000000-0x0000002fffffffff]
Apr 29 16:40:49 ubuntu kernel: [    0.000000] On node 1 totalpages: 8388608
Apr 29 16:40:49 ubuntu systemd-udevd[1702]: link_config: autonegotiation is unset or enabled, the speed and duplex are not writable.
Apr 29 16:40:49 ubuntu kernel: [    0.000000]   Normal zone: 163840 pages used for memmap
Apr 29 16:40:49 ubuntu kernel: [    0.000000]   Normal zone: 8388608 pages, LIFO batch:63
Apr 29 16:40:49 ubuntu kernel: [    0.000000] Initmem setup node 2 [mem 0x0000202000000000-0x00002027ffffffff]
Apr 29 16:40:49 ubuntu kernel: [    0.000000] On node 2 totalpages: 8388608
Apr 29 16:40:49 ubuntu kernel: [    0.000000]   Normal zone: 163840 pages used for memmap
Apr 29 16:40:49 ubuntu systemd-udevd[1612]: link_config: autonegotiation is unset or enabled, the speed and duplex are not writable.
Apr 29 16:40:49 ubuntu kernel: [    0.000000]   Normal zone: 8388608 pages, LIFO batch:63
Apr 29 16:40:49 ubuntu kernel: [    0.000000] Initmem setup node 3 [mem 0x0000202800000000-0x0000202fffffffff]
Apr 29 16:40:49 ubuntu kernel: [    0.000000] On node 3 totalpages: 8388608
Apr 29 16:40:49 ubuntu kernel: [    0.000000]   Normal zone: 163840 pages used for memmap
Apr 29 16:40:49 ubuntu kernel: [    0.000000]   Normal zone: 8388608 pages, LIFO batch:63
Apr 29 16:40:49 ubuntu kernel: [    0.000000] psci: probing for conduit method from ACPI.
Apr 29 16:40:49 ubuntu systemd-udevd[1705]: link_config: autonegotiation is unset or enabled, the speed and duplex are not writable.
Apr 29 16:40:49 ubuntu kernel: [    0.000000] psci: PSCIv1.1 detected in firmware.
Apr 29 16:40:49 ubuntu kernel: [    0.000000] psci: Using standard PSCI v0.2 function IDs
Apr 29 16:40:49 ubuntu kernel: [    0.000000] psci: MIGRATE_INFO_TYPE not supported.
Apr 29 16:40:49 ubuntu kernel: [    0.000000] psci: SMC Calling Convention v1.1
Apr 29 16:40:49 ubuntu systemd[1]: Listening on Load/Save RF Kill Switch Status /dev/rfkill Watch.
Apr 29 16:40:49 ubuntu systemd-udevd[1736]: link_config: autonegotiation is unset or enabled, the speed and duplex are not writable.
Apr 29 16:40:49 ubuntu systemd[1]: Started Flush Journal to Persistent Storage.
Apr 29 16:40:49 ubuntu mtp-probe: checking bus 5, device 3: "/sys/devices/pci0000:7a/0000:7a:02.0/usb5/5-1/5-1.2"
Apr 29 16:40:49 ubuntu mtp-probe: checking bus 1, device 3: "/sys/devices/pci0000:7a/0000:7a:01.0/usb1/1-1/1-1.1"
Apr 29 16:40:49 ubuntu mtp-probe: bus: 5, device: 3 was not an MTP device
Apr 29 16:40:49 ubuntu mtp-probe: bus: 1, device: 3 was not an MTP device
Apr 29 16:40:49 ubuntu systemd[1]: Found device HW-SAS3508 EFI\x20System\x20Partition.
Apr 29 16:40:49 ubuntu systemd[1]: Starting File System Check on /dev/disk/by-uuid/71BE-99A8...
Apr 29 16:40:49 ubuntu systemd[1]: Started File System Check Daemon to report status.
Apr 29 16:40:49 ubuntu kernel: [    0.000000] ACPI: NUMA: SRAT: PXM 0 -> MPIDR 0x80000 -> Node 0
Apr 29 16:40:49 ubuntu systemd-fsck[1967]: fsck.fat 4.1 (2017-01-24)
Apr 29 16:40:49 ubuntu systemd-fsck[1967]: /dev/sda1: 5 files, 35/65501 clusters
Apr 29 16:40:49 ubuntu kernel: [    0.000000] ACPI: NUMA: SRAT: PXM 0 -> MPIDR 0x80100 -> Node 0
Apr 29 16:40:49 ubuntu kernel: [    0.000000] ACPI: NUMA: SRAT: PXM 0 -> MPIDR 0x80200 -> Node 0
Apr 29 16:40:49 ubuntu kernel: [    0.000000] ACPI: NUMA: SRAT: PXM 0 -> MPIDR 0x80300 -> Node 0
Apr 29 16:40:49 ubuntu kernel: [    0.000000] ACPI: NUMA: SRAT: PXM 0 -> MPIDR 0x90000 -> Node 0
Apr 29 16:40:49 ubuntu systemd[1]: Started File System Check on /dev/disk/by-uuid/71BE-99A8.
Apr 29 16:40:49 ubuntu kernel: [    0.000000] ACPI: NUMA: SRAT: PXM 0 -> MPIDR 0x90100 -> Node 0
Apr 29 16:40:49 ubuntu kernel: [    0.000000] ACPI: NUMA: SRAT: PXM 0 -> MPIDR 0x90200 -> Node 0
Apr 29 16:40:49 ubuntu kernel: [    0.000000] ACPI: NUMA: SRAT: PXM 0 -> MPIDR 0x90300 -> Node 0
Apr 29 16:40:49 ubuntu kernel: [    0.000000] ACPI: NUMA: SRAT: PXM 0 -> MPIDR 0xa0000 -> Node 0
Apr 29 16:40:49 ubuntu kernel: [    0.000000] ACPI: NUMA: SRAT: PXM 0 -> MPIDR 0xa0100 -> Node 0
Apr 29 16:40:49 ubuntu systemd[1]: Mounting /boot/efi...
Apr 29 16:40:49 ubuntu kernel: [    0.000000] ACPI: NUMA: SRAT: PXM 0 -> MPIDR 0xa0200 -> Node 0
Apr 29 16:40:49 ubuntu kernel: [    0.000000] ACPI: NUMA: SRAT: PXM 0 -> MPIDR 0xa0300 -> Node 0
Apr 29 16:40:49 ubuntu kernel: [    0.000000] ACPI: NUMA: SRAT: PXM 0 -> MPIDR 0xb0000 -> Node 0
Apr 29 16:40:49 ubuntu kernel: [    0.000000] ACPI: NUMA: SRAT: PXM 0 -> MPIDR 0xb0100 -> Node 0
Apr 29 16:40:49 ubuntu kernel: [    0.000000] ACPI: NUMA: SRAT: PXM 0 -> MPIDR 0xb0200 -> Node 0
Apr 29 16:40:49 ubuntu systemd[1]: Mounted /boot/efi.
Apr 29 16:40:49 ubuntu kernel: [    0.000000] ACPI: NUMA: SRAT: PXM 0 -> MPIDR 0xb0300 -> Node 0
Apr 29 16:40:49 ubuntu systemd[1]: Reached target Local File Systems.
Apr 29 16:40:49 ubuntu systemd[1]: Starting Enable support for additional executable binary formats...
Apr 29 16:40:49 ubuntu kernel: [    0.000000] ACPI: NUMA: SRAT: PXM 0 -> MPIDR 0xc0000 -> Node 0
Apr 29 16:40:49 ubuntu kernel: [    0.000000] ACPI: NUMA: SRAT: PXM 0 -> MPIDR 0xc0100 -> Node 0
Apr 29 16:40:49 ubuntu kernel: [    0.000000] ACPI: NUMA: SRAT: PXM 0 -> MPIDR 0xc0200 -> Node 0
Apr 29 16:40:49 ubuntu kernel: [    0.000000] ACPI: NUMA: SRAT: PXM 0 -> MPIDR 0xc0300 -> Node 0
Apr 29 16:40:49 ubuntu systemd[1]: Starting QEMU KVM preparation - module, ksm, hugepages...
Apr 29 16:40:49 ubuntu kernel: [    0.000000] ACPI: NUMA: SRAT: PXM 0 -> MPIDR 0xd0000 -> Node 0
Apr 29 16:40:49 ubuntu kernel: [    0.000000] ACPI: NUMA: SRAT: PXM 0 -> MPIDR 0xd0100 -> Node 0
Apr 29 16:40:49 ubuntu systemd[1]: Starting ebtables ruleset management...
Apr 29 16:40:49 ubuntu systemd[1]: Starting Create Volatile Files and Directories...
Apr 29 16:40:49 ubuntu kernel: [    0.000000] ACPI: NUMA: SRAT: PXM 0 -> MPIDR 0xd0200 -> Node 0
Apr 29 16:40:49 ubuntu kernel: [    0.000000] ACPI: NUMA: SRAT: PXM 0 -> MPIDR 0xd0300 -> Node 0
Apr 29 16:40:49 ubuntu kernel: [    0.000000] ACPI: NUMA: SRAT: PXM 1 -> MPIDR 0x180000 -> Node 1
Apr 29 16:40:49 ubuntu kernel: [    0.000000] ACPI: NUMA: SRAT: PXM 1 -> MPIDR 0x180100 -> Node 1
Apr 29 16:40:49 ubuntu kernel: [    0.000000] ACPI: NUMA: SRAT: PXM 1 -> MPIDR 0x180200 -> Node 1
Apr 29 16:40:49 ubuntu kernel: [    0.000000] ACPI: NUMA: SRAT: PXM 1 -> MPIDR 0x180300 -> Node 1
Apr 29 16:40:49 ubuntu systemd[1]: Starting Set console font and keymap...
Apr 29 16:40:49 ubuntu kernel: [    0.000000] ACPI: NUMA: SRAT: PXM 1 -> MPIDR 0x190000 -> Node 1
Apr 29 16:40:49 ubuntu kernel: [    0.000000] ACPI: NUMA: SRAT: PXM 1 -> MPIDR 0x190100 -> Node 1
Apr 29 16:40:49 ubuntu kernel: [    0.000000] ACPI: NUMA: SRAT: PXM 1 -> MPIDR 0x190200 -> Node 1
Apr 29 16:40:49 ubuntu kernel: [    0.000000] ACPI: NUMA: SRAT: PXM 1 -> MPIDR 0x190300 -> Node 1
Apr 29 16:40:49 ubuntu systemd[1]: Starting Tell Plymouth To Write Out Runtime Data...
Apr 29 16:40:49 ubuntu kernel: [    0.000000] ACPI: NUMA: SRAT: PXM 1 -> MPIDR 0x1a0000 -> Node 1
Apr 29 16:40:49 ubuntu kernel: [    0.000000] ACPI: NUMA: SRAT: PXM 1 -> MPIDR 0x1a0100 -> Node 1
Apr 29 16:40:49 ubuntu kernel: [    0.000000] ACPI: NUMA: SRAT: PXM 1 -> MPIDR 0x1a0200 -> Node 1
Apr 29 16:40:49 ubuntu systemd[1]: Starting AppArmor initialization...
Apr 29 16:40:49 ubuntu kernel: [    0.000000] ACPI: NUMA: SRAT: PXM 1 -> MPIDR 0x1a0300 -> Node 1
Apr 29 16:40:49 ubuntu kernel: [    0.000000] ACPI: NUMA: SRAT: PXM 1 -> MPIDR 0x1b0000 -> Node 1
Apr 29 16:40:49 ubuntu kernel: [    0.000000] ACPI: NUMA: SRAT: PXM 1 -> MPIDR 0x1b0100 -> Node 1
Apr 29 16:40:49 ubuntu systemd[1]: Starting Clean up any mess left by 0dns-up...
Apr 29 16:40:49 ubuntu kernel: [    0.000000] ACPI: NUMA: SRAT: PXM 1 -> MPIDR 0x1b0200 -> Node 1
Apr 29 16:40:49 ubuntu kernel: [    0.000000] ACPI: NUMA: SRAT: PXM 1 -> MPIDR 0x1b0300 -> Node 1
Apr 29 16:40:49 ubuntu kernel: [    0.000000] ACPI: NUMA: SRAT: PXM 1 -> MPIDR 0x1c0000 -> Node 1
Apr 29 16:40:49 ubuntu kernel: [    0.000000] ACPI: NUMA: SRAT: PXM 1 -> MPIDR 0x1c0100 -> Node 1
Apr 29 16:40:49 ubuntu systemd[1]: Started QEMU KVM preparation - module, ksm, hugepages.
Apr 29 16:40:49 ubuntu kernel: [    0.000000] ACPI: NUMA: SRAT: PXM 1 -> MPIDR 0x1c0200 -> Node 1
Apr 29 16:40:49 ubuntu kernel: [    0.000000] ACPI: NUMA: SRAT: PXM 1 -> MPIDR 0x1c0300 -> Node 1
Apr 29 16:40:49 ubuntu kernel: [    0.000000] ACPI: NUMA: SRAT: PXM 1 -> MPIDR 0x1d0000 -> Node 1
Apr 29 16:40:49 ubuntu systemd[1]: Started Create Volatile Files and Directories.
Apr 29 16:40:49 ubuntu kernel: [    0.000000] ACPI: NUMA: SRAT: PXM 1 -> MPIDR 0x1d0100 -> Node 1
Apr 29 16:40:49 ubuntu systemd[1]: Started Set console font and keymap.
Apr 29 16:40:49 ubuntu kernel: [    0.000000] ACPI: NUMA: SRAT: PXM 1 -> MPIDR 0x1d0200 -> Node 1
Apr 29 16:40:49 ubuntu kernel: [    0.000000] ACPI: NUMA: SRAT: PXM 1 -> MPIDR 0x1d0300 -> Node 1
Apr 29 16:40:49 ubuntu systemd[1]: Started Tell Plymouth To Write Out Runtime Data.
Apr 29 16:40:49 ubuntu kernel: [    0.000000] ACPI: NUMA: SRAT: PXM 2 -> MPIDR 0x280000 -> Node 2
Apr 29 16:40:49 ubuntu kernel: [    0.000000] ACPI: NUMA: SRAT: PXM 2 -> MPIDR 0x280100 -> Node 2
Apr 29 16:40:49 ubuntu kernel: [    0.000000] ACPI: NUMA: SRAT: PXM 2 -> MPIDR 0x280200 -> Node 2
Apr 29 16:40:49 ubuntu kernel: [    0.000000] ACPI: NUMA: SRAT: PXM 2 -> MPIDR 0x280300 -> Node 2
Apr 29 16:40:49 ubuntu systemd[1]: proc-sys-fs-binfmt_misc.automount: Got automount request for /proc/sys/fs/binfmt_misc, triggered by 2010 (update-binfmts)
Apr 29 16:40:49 ubuntu kernel: [    0.000000] ACPI: NUMA: SRAT: PXM 2 -> MPIDR 0x290000 -> Node 2
Apr 29 16:40:49 ubuntu kernel: [    0.000000] ACPI: NUMA: SRAT: PXM 2 -> MPIDR 0x290100 -> Node 2
Apr 29 16:40:49 ubuntu systemd[1]: Mounting Arbitrary Executable File Formats File System...
Apr 29 16:40:49 ubuntu kernel: [    0.000000] ACPI: NUMA: SRAT: PXM 2 -> MPIDR 0x290200 -> Node 2
Apr 29 16:40:49 ubuntu kernel: [    0.000000] ACPI: NUMA: SRAT: PXM 2 -> MPIDR 0x290300 -> Node 2
Apr 29 16:40:49 ubuntu kernel: [    0.000000] ACPI: NUMA: SRAT: PXM 2 -> MPIDR 0x2a0000 -> Node 2
Apr 29 16:40:49 ubuntu kernel: [    0.000000] ACPI: NUMA: SRAT: PXM 2 -> MPIDR 0x2a0100 -> Node 2
Apr 29 16:40:49 ubuntu systemd[1]: Starting Network Time Synchronization...
Apr 29 16:40:49 ubuntu kernel: [    0.000000] ACPI: NUMA: SRAT: PXM 2 -> MPIDR 0x2a0200 -> Node 2
Apr 29 16:40:49 ubuntu kernel: [    0.000000] ACPI: NUMA: SRAT: PXM 2 -> MPIDR 0x2a0300 -> Node 2
Apr 29 16:40:49 ubuntu kernel: [    0.000000] ACPI: NUMA: SRAT: PXM 2 -> MPIDR 0x2b0000 -> Node 2
Apr 29 16:40:49 ubuntu kernel: [    0.000000] ACPI: NUMA: SRAT: PXM 2 -> MPIDR 0x2b0100 -> Node 2
Apr 29 16:40:49 ubuntu kernel: [    0.000000] ACPI: NUMA: SRAT: PXM 2 -> MPIDR 0x2b0200 -> Node 2
Apr 29 16:40:49 ubuntu systemd[1]: Starting Update UTMP about System Boot/Shutdown...
Apr 29 16:40:49 ubuntu kernel: [    0.000000] ACPI: NUMA: SRAT: PXM 2 -> MPIDR 0x2b0300 -> Node 2
Apr 29 16:40:49 ubuntu kernel: [    0.000000] ACPI: NUMA: SRAT: PXM 2 -> MPIDR 0x2c0000 -> Node 2
Apr 29 16:40:49 ubuntu kernel: [    0.000000] ACPI: NUMA: SRAT: PXM 2 -> MPIDR 0x2c0100 -> Node 2
Apr 29 16:40:49 ubuntu kernel: [    0.000000] ACPI: NUMA: SRAT: PXM 2 -> MPIDR 0x2c0200 -> Node 2
Apr 29 16:40:49 ubuntu kernel: [    0.000000] ACPI: NUMA: SRAT: PXM 2 -> MPIDR 0x2c0300 -> Node 2
Apr 29 16:40:49 ubuntu apparmor[2033]:  * Starting AppArmor profiles
Apr 29 16:40:49 ubuntu kernel: [    0.000000] ACPI: NUMA: SRAT: PXM 2 -> MPIDR 0x2d0000 -> Node 2
Apr 29 16:40:49 ubuntu kernel: [    0.000000] ACPI: NUMA: SRAT: PXM 2 -> MPIDR 0x2d0100 -> Node 2
Apr 29 16:40:49 ubuntu kernel: [    0.000000] ACPI: NUMA: SRAT: PXM 2 -> MPIDR 0x2d0200 -> Node 2
Apr 29 16:40:49 ubuntu kernel: [    0.000000] ACPI: NUMA: SRAT: PXM 2 -> MPIDR 0x2d0300 -> Node 2
Apr 29 16:40:49 ubuntu kernel: [    0.000000] ACPI: NUMA: SRAT: PXM 3 -> MPIDR 0x380000 -> Node 3
Apr 29 16:40:49 ubuntu kernel: [    0.000000] ACPI: NUMA: SRAT: PXM 3 -> MPIDR 0x380100 -> Node 3
Apr 29 16:40:49 ubuntu kernel: [    0.000000] ACPI: NUMA: SRAT: PXM 3 -> MPIDR 0x380200 -> Node 3
Apr 29 16:40:49 ubuntu systemd[1]: Started ebtables ruleset management.
Apr 29 16:40:49 ubuntu kernel: [    0.000000] ACPI: NUMA: SRAT: PXM 3 -> MPIDR 0x380300 -> Node 3
Apr 29 16:40:49 ubuntu kernel: [    0.000000] ACPI: NUMA: SRAT: PXM 3 -> MPIDR 0x390000 -> Node 3
Apr 29 16:40:49 ubuntu kernel: [    0.000000] ACPI: NUMA: SRAT: PXM 3 -> MPIDR 0x390100 -> Node 3
Apr 29 16:40:49 ubuntu systemd[1]: Mounted Arbitrary Executable File Formats File System.
Apr 29 16:40:49 ubuntu kernel: [    0.000000] ACPI: NUMA: SRAT: PXM 3 -> MPIDR 0x390200 -> Node 3
Apr 29 16:40:49 ubuntu kernel: [    0.000000] ACPI: NUMA: SRAT: PXM 3 -> MPIDR 0x390300 -> Node 3
Apr 29 16:40:49 ubuntu kernel: [    0.000000] ACPI: NUMA: SRAT: PXM 3 -> MPIDR 0x3a0000 -> Node 3
Apr 29 16:40:49 ubuntu kernel: [    0.000000] ACPI: NUMA: SRAT: PXM 3 -> MPIDR 0x3a0100 -> Node 3
Apr 29 16:40:49 ubuntu systemd[1]: Reached target Network (Pre).
Apr 29 16:40:49 ubuntu kernel: [    0.000000] ACPI: NUMA: SRAT: PXM 3 -> MPIDR 0x3a0200 -> Node 3
Apr 29 16:40:49 ubuntu kernel: [    0.000000] ACPI: NUMA: SRAT: PXM 3 -> MPIDR 0x3a0300 -> Node 3
Apr 29 16:40:49 ubuntu kernel: [    0.000000] ACPI: NUMA: SRAT: PXM 3 -> MPIDR 0x3b0000 -> Node 3
Apr 29 16:40:49 ubuntu systemd[1]: Started Update UTMP about System Boot/Shutdown.
Apr 29 16:40:49 ubuntu systemd[1]: Started Network Time Synchronization.
Apr 29 16:40:49 ubuntu kernel: [    0.000000] ACPI: NUMA: SRAT: PXM 3 -> MPIDR 0x3b0100 -> Node 3
Apr 29 16:40:49 ubuntu kernel: [    0.000000] ACPI: NUMA: SRAT: PXM 3 -> MPIDR 0x3b0200 -> Node 3
Apr 29 16:40:49 ubuntu kernel: [    0.000000] ACPI: NUMA: SRAT: PXM 3 -> MPIDR 0x3b0300 -> Node 3
Apr 29 16:40:49 ubuntu systemd[1]: Reached target System Time Synchronized.
Apr 29 16:40:49 ubuntu kernel: [    0.000000] ACPI: NUMA: SRAT: PXM 3 -> MPIDR 0x3c0000 -> Node 3
Apr 29 16:40:49 ubuntu kernel: [    0.000000] ACPI: NUMA: SRAT: PXM 3 -> MPIDR 0x3c0100 -> Node 3
Apr 29 16:40:49 ubuntu kernel: [    0.000000] ACPI: NUMA: SRAT: PXM 3 -> MPIDR 0x3c0200 -> Node 3
Apr 29 16:40:49 ubuntu kernel: [    0.000000] ACPI: NUMA: SRAT: PXM 3 -> MPIDR 0x3c0300 -> Node 3
Apr 29 16:40:49 ubuntu kernel: [    0.000000] ACPI: NUMA: SRAT: PXM 3 -> MPIDR 0x3d0000 -> Node 3
Apr 29 16:40:49 ubuntu kernel: [    0.000000] ACPI: NUMA: SRAT: PXM 3 -> MPIDR 0x3d0100 -> Node 3
Apr 29 16:40:49 ubuntu systemd[1]: Started Enable support for additional executable binary formats.
Apr 29 16:40:49 ubuntu kernel: [    0.000000] ACPI: NUMA: SRAT: PXM 3 -> MPIDR 0x3d0200 -> Node 3
Apr 29 16:40:49 ubuntu kernel: [    0.000000] ACPI: NUMA: SRAT: PXM 3 -> MPIDR 0x3d0300 -> Node 3
Apr 29 16:40:49 ubuntu kernel: [    0.000000] percpu: Embedded 33 pages/cpu s94616 r8192 d32360 u135168
Apr 29 16:40:49 ubuntu apparmor[2033]: Skipping profile in /etc/apparmor.d/disable: usr.bin.firefox
Apr 29 16:40:49 ubuntu kernel: [    0.000000] pcpu-alloc: s94616 r8192 d32360 u135168 alloc=33*4096
Apr 29 16:40:49 ubuntu kernel: [    0.000000] pcpu-alloc: [0] 00 [0] 01 [0] 02 [0] 03 [0] 04 [0] 05 [0] 06 [0] 07 
Apr 29 16:40:49 ubuntu kernel: [    0.000000] pcpu-alloc: [0] 08 [0] 09 [0] 10 [0] 11 [0] 12 [0] 13 [0] 14 [0] 15 
Apr 29 16:40:49 ubuntu kernel: [    0.000000] pcpu-alloc: [0] 16 [0] 17 [0] 18 [0] 19 [0] 20 [0] 21 [0] 22 [0] 23 
Apr 29 16:40:49 ubuntu apparmor[2033]: Skipping profile in /etc/apparmor.d/disable: usr.sbin.rsyslogd
Apr 29 16:40:49 ubuntu kernel: [    0.000000] pcpu-alloc: [1] 24 [1] 25 [1] 26 [1] 27 [1] 28 [1] 29 [1] 30 [1] 31 
Apr 29 16:40:49 ubuntu kernel: [    0.000000] pcpu-alloc: [1] 32 [1] 33 [1] 34 [1] 35 [1] 36 [1] 37 [1] 38 [1] 39 
Apr 29 16:40:49 ubuntu kernel: [    0.000000] pcpu-alloc: [1] 40 [1] 41 [1] 42 [1] 43 [1] 44 [1] 45 [1] 46 [1] 47 
Apr 29 16:40:49 ubuntu kernel: [    0.000000] pcpu-alloc: [2] 48 [2] 49 [2] 50 [2] 51 [2] 52 [2] 53 [2] 54 [2] 55 
Apr 29 16:40:49 ubuntu systemd[1]: Started Clean up any mess left by 0dns-up.
Apr 29 16:40:49 ubuntu kernel: [    0.000000] pcpu-alloc: [2] 56 [2] 57 [2] 58 [2] 59 [2] 60 [2] 61 [2] 62 [2] 63 
Apr 29 16:40:49 ubuntu kernel: [    0.000000] pcpu-alloc: [2] 64 [2] 65 [2] 66 [2] 67 [2] 68 [2] 69 [2] 70 [2] 71 
Apr 29 16:40:49 ubuntu systemd[1]: Starting Network Service...
Apr 29 16:40:49 ubuntu kernel: [    0.000000] pcpu-alloc: [3] 72 [3] 73 [3] 74 [3] 75 [3] 76 [3] 77 [3] 78 [3] 79 
Apr 29 16:40:49 ubuntu kernel: [    0.000000] pcpu-alloc: [3] 80 [3] 81 [3] 82 [3] 83 [3] 84 [3] 85 [3] 86 [3] 87 
Apr 29 16:40:49 ubuntu kernel: [    0.000000] pcpu-alloc: [3] 88 [3] 89 [3] 90 [3] 91 [3] 92 [3] 93 [3] 94 [3] 95 
Apr 29 16:40:49 ubuntu kernel: [    0.000000] Detected VIPT I-cache on CPU0
Apr 29 16:40:49 ubuntu kernel: [    0.000000] CPU features: detected: GIC system register CPU interface
Apr 29 16:40:49 ubuntu kernel: [    0.000000] CPU features: detected: Virtualization Host Extensions
Apr 29 16:40:49 ubuntu apparmor[2033]:    ...done.
Apr 29 16:40:49 ubuntu systemd[1]: Started AppArmor initialization.
Apr 29 16:40:49 ubuntu systemd-udevd[2309]: link_config: autonegotiation is unset or enabled, the speed and duplex are not writable.
Apr 29 16:40:49 ubuntu systemd-networkd[2275]: br0: netdev ready
Apr 29 16:40:49 ubuntu systemd[1]: Starting Load AppArmor profiles managed internally by snapd...
Apr 29 16:40:49 ubuntu systemd-networkd[2275]: Enumeration completed
Apr 29 16:40:49 ubuntu systemd-networkd[2275]: br0: IPv6 successfully enabled
Apr 29 16:40:49 ubuntu systemd-networkd[2275]: enp125s0f3: Link is not managed by us
Apr 29 16:40:49 ubuntu systemd-networkd[2275]: enp125s0f1: Link is not managed by us
Apr 29 16:40:49 ubuntu kernel: [    0.000000] CPU features: detected: Hardware dirty bit management
Apr 29 16:40:49 ubuntu systemd-networkd[2275]: enp125s0f0: Link is not managed by us
Apr 29 16:40:49 ubuntu kernel: [    0.000000] alternatives: patching kernel code
Apr 29 16:40:49 ubuntu kernel: [    0.000000] Built 4 zonelists, mobility grouping on.  Total pages: 32898000
Apr 29 16:40:49 ubuntu kernel: [    0.000000] Policy zone: Normal
Apr 29 16:40:49 ubuntu kernel: [    0.000000] Kernel command line: BOOT_IMAGE=/boot/vmlinuz-5.7.1 root=UUID=87f15ea3-75f7-4c9d-add6-30cc3fc19001 ro text
Apr 29 16:40:49 ubuntu systemd-networkd[2275]: enp125s0f2: Link is not managed by us
Apr 29 16:40:49 ubuntu systemd-networkd[2275]: lo: Link is not managed by us
Apr 29 16:40:49 ubuntu kernel: [    0.000000] printk: log_buf_len individual max cpu contribution: 4096 bytes
Apr 29 16:40:49 ubuntu kernel: [    0.000000] printk: log_buf_len total cpu_extra contributions: 389120 bytes
Apr 29 16:40:49 ubuntu kernel: [    0.000000] printk: log_buf_len min size: 262144 bytes
Apr 29 16:40:49 ubuntu kernel: [    0.000000] printk: log_buf_len: 1048576 bytes
Apr 29 16:40:49 ubuntu systemd-networkd[2275]: enp125s0f1: IPv6 successfully enabled
Apr 29 16:40:49 ubuntu kernel: [    0.000000] printk: early log buf free: 245796(93%)
Apr 29 16:40:49 ubuntu kernel: [    0.000000] mem auto-init: stack:off, heap alloc:on, heap free:off
Apr 29 16:40:49 ubuntu kernel: [    0.000000] software IO TLB: mapped [mem 0x3b030000-0x3f030000] (64MB)
Apr 29 16:40:49 ubuntu kernel: [    0.000000] Memory: 130841812K/134213440K available (14204K kernel code, 2354K rwdata, 6864K rodata, 7040K init, 1132K bss, 3338860K reserved, 32768K cma-reserved)
Apr 29 16:40:49 ubuntu systemd-networkd[2275]: enp125s0f3: Link is not managed by us
Apr 29 16:40:49 ubuntu kernel: [    0.000000] random: get_random_u64 called from __kmem_cache_create+0x54/0x5d8 with crng_init=0
Apr 29 16:40:49 ubuntu kernel: [    0.000000] SLUB: HWalign=64, Order=0-3, MinObjects=0, CPUs=96, Nodes=4
Apr 29 16:40:49 ubuntu kernel: [    0.000000] ftrace: allocating 46107 entries in 181 pages
Apr 29 16:40:49 ubuntu kernel: [    0.000000] ftrace: allocated 181 pages with 5 groups
Apr 29 16:40:49 ubuntu systemd-networkd[2275]: enp125s0f0: Link is not managed by us
Apr 29 16:40:49 ubuntu kernel: [    0.000000] rcu: Hierarchical RCU implementation.
Apr 29 16:40:49 ubuntu kernel: [    0.000000] rcu: 	RCU restricting CPUs from NR_CPUS=256 to nr_cpu_ids=96.
Apr 29 16:40:49 ubuntu kernel: [    0.000000] 	Tasks RCU enabled.
Apr 29 16:40:49 ubuntu systemd-networkd[2275]: enp125s0f2: Link is not managed by us
Apr 29 16:40:49 ubuntu kernel: [    0.000000] rcu: RCU calculated value of scheduler-enlistment delay is 25 jiffies.
Apr 29 16:40:49 ubuntu kernel: [    0.000000] rcu: Adjusting geometry for rcu_fanout_leaf=16, nr_cpu_ids=96
Apr 29 16:40:49 ubuntu kernel: [    0.000000] NR_IRQS: 64, nr_irqs: 64, preallocated irqs: 0
Apr 29 16:40:49 ubuntu kernel: [    0.000000] GICv3: GIC: Using split EOI/Deactivate mode
Apr 29 16:40:49 ubuntu systemd-networkd[2275]: lo: Link is not managed by us
Apr 29 16:40:49 ubuntu kernel: [    0.000000] GICv3: 640 SPIs implemented
Apr 29 16:40:49 ubuntu kernel: [    0.000000] GICv3: 0 Extended SPIs implemented
Apr 29 16:40:49 ubuntu kernel: [    0.000000] GICv3: Distributor has no Range Selector support
Apr 29 16:40:49 ubuntu systemd[1]: Starting Raise network interfaces...
Apr 29 16:40:49 ubuntu kernel: [    0.000000] GICv3: 16 PPIs implemented
Apr 29 16:40:49 ubuntu kernel: [    0.000000] GICv3: GICv4 features: DirectLPI 
Apr 29 16:40:49 ubuntu kernel: [    0.000000] GICv3: CPU0: found redistributor 80000 region 0:0x00000000ae100000
Apr 29 16:40:49 ubuntu kernel: [    0.000000] SRAT: PXM 0 -> ITS 0 -> Node 0
Apr 29 16:40:49 ubuntu kernel: [    0.000000] SRAT: PXM 2 -> ITS 1 -> Node 2
Apr 29 16:40:49 ubuntu systemd-networkd[2275]: br0: Link UP
Apr 29 16:40:49 ubuntu kernel: [    0.000000] ITS [mem 0x202100000-0x20211ffff]
Apr 29 16:40:49 ubuntu kernel: [    0.000000] ITS@0x0000000202100000: Using ITS number 0
Apr 29 16:40:49 ubuntu kernel: [    0.000000] ITS@0x0000000202100000: allocated 65536 Devices @27ffb80000 (flat, esz 8, psz 16K, shr 1)
Apr 29 16:40:49 ubuntu systemd-networkd[2275]: enp125s0f1: Link UP
Apr 29 16:40:49 ubuntu kernel: [    0.000000] ITS@0x0000000202100000: allocated 65536 Virtual CPUs @27ff000000 (flat, esz 16, psz 4K, shr 1)
Apr 29 16:40:49 ubuntu kernel: [    0.000000] ITS@0x0000000202100000: allocated 256 Interrupt Collections @27ffb01000 (flat, esz 16, psz 4K, shr 1)
Apr 29 16:40:49 ubuntu kernel: [    0.000000] ITS [mem 0x200202100000-0x20020211ffff]
Apr 29 16:40:49 ubuntu kernel: [    0.000000] ITS@0x0000200202100000: Using ITS number 1
Apr 29 16:40:49 ubuntu systemd[1]: Started Network Service.
Apr 29 16:40:49 ubuntu kernel: [    0.000000] ITS@0x0000200202100000: allocated 65536 Devices @2027ff880000 (flat, esz 8, psz 16K, shr 1)
Apr 29 16:40:49 ubuntu kernel: [    0.000000] ITS@0x0000200202100000: allocated 65536 Virtual CPUs @2027ff900000 (flat, esz 16, psz 4K, shr 1)
Apr 29 16:40:49 ubuntu kernel: [    0.000000] ITS@0x0000200202100000: allocated 256 Interrupt Collections @2027ff801000 (flat, esz 16, psz 4K, shr 1)
Apr 29 16:40:49 ubuntu kernel: [    0.000000] GICv3: using LPI property table @0x00000027ffb20000
Apr 29 16:40:49 ubuntu systemd[1]: Starting Wait for Network to be Configured...
Apr 29 16:40:49 ubuntu kernel: [    0.000000] ITS: Using DirectLPI for VPE invalidation
Apr 29 16:40:49 ubuntu kernel: [    0.000000] ITS: Enabling GICv4 support
Apr 29 16:40:49 ubuntu systemd[1]: Starting Network Name Resolution...
Apr 29 16:40:49 ubuntu kernel: [    0.000000] GICv3: CPU0: using allocated LPI pending table @0x00000027ffb30000
Apr 29 16:40:49 ubuntu kernel: [    0.000000] arch_timer: cp15 timer(s) running at 100.00MHz (phys).
Apr 29 16:40:49 ubuntu kernel: [    0.000000] clocksource: arch_sys_counter: mask: 0xffffffffffffff max_cycles: 0x171024e7e0, max_idle_ns: 440795205315 ns
Apr 29 16:40:49 ubuntu kernel: [    0.000001] sched_clock: 56 bits at 100MHz, resolution 10ns, wraps every 4398046511100ns
Apr 29 16:40:49 ubuntu kernel: [    0.000113] Console: colour dummy device 80x25
Apr 29 16:40:49 ubuntu kernel: [    0.000441] printk: console [tty0] enabled
Apr 29 16:40:49 ubuntu snapd-apparmor[2311]: find: â€˜/var/lib/snapd/apparmor/profiles/â€™: No such file or directory
Apr 29 16:40:49 ubuntu kernel: [    0.000503] mempolicy: Enabling automatic NUMA balancing. Configure with numa_balancing= or the kernel.numa_balancing sysctl
Apr 29 16:40:49 ubuntu kernel: [    0.000519] ACPI: Core revision 20200326
Apr 29 16:40:49 ubuntu kernel: [    0.000714] Calibrating delay loop (skipped), value calculated using timer frequency.. 200.00 BogoMIPS (lpj=400000)
Apr 29 16:40:49 ubuntu kernel: [    0.000719] pid_max: default: 98304 minimum: 768
Apr 29 16:40:49 ubuntu systemd[1]: Started Load AppArmor profiles managed internally by snapd.
Apr 29 16:40:49 ubuntu kernel: [    0.000797] LSM: Security Framework initializing
Apr 29 16:40:49 ubuntu kernel: [    0.000803] Yama: becoming mindful.
Apr 29 16:40:49 ubuntu kernel: [    0.000836] AppArmor: AppArmor initialized
Apr 29 16:40:49 ubuntu systemd[1]: Reached target System Initialization.
Apr 29 16:40:49 ubuntu kernel: [    0.012240] Dentry cache hash table entries: 8388608 (order: 14, 67108864 bytes, vmalloc)
Apr 29 16:40:49 ubuntu kernel: [    0.018493] Inode-cache hash table entries: 4194304 (order: 13, 33554432 bytes, vmalloc)
Apr 29 16:40:49 ubuntu kernel: [    0.018765] Mount-cache hash table entries: 131072 (order: 8, 1048576 bytes, vmalloc)
Apr 29 16:40:49 ubuntu kernel: [    0.019002] Mountpoint-cache hash table entries: 131072 (order: 8, 1048576 bytes, vmalloc)
Apr 29 16:40:49 ubuntu kernel: [    0.021399] rcu: Hierarchical SRCU implementation.
Apr 29 16:40:49 ubuntu kernel: [    0.021854] Platform MSI: ITS@0x202100000 domain created
Apr 29 16:40:49 ubuntu systemd-networkd[2275]: enp125s0f0: Link UP
Apr 29 16:40:49 ubuntu kernel: [    0.021858] Platform MSI: ITS@0x200202100000 domain created
Apr 29 16:40:49 ubuntu kernel: [    0.021865] PCI/MSI: ITS@0x202100000 domain created
Apr 29 16:40:49 ubuntu kernel: [    0.021868] PCI/MSI: ITS@0x200202100000 domain created
Apr 29 16:40:49 ubuntu kernel: [    0.021880] Remapping and enabling EFI services.
Apr 29 16:40:49 ubuntu kernel: [    0.022088] efi: memattr: Entry attributes invalid: RO and XP bits both cleared
Apr 29 16:40:49 ubuntu kernel: [    0.022093] efi: memattr: ! 0x000000000000-0x00000000ffff [Runtime Code       |RUN|  |  |  |  |  |  |  |   |  |  |  |  ]
Apr 29 16:40:49 ubuntu systemd[1]: Listening on CUPS Scheduler.
Apr 29 16:40:49 ubuntu kernel: [    0.023234] smp: Bringing up secondary CPUs ...
Apr 29 16:40:49 ubuntu kernel: [    0.053067] Detected VIPT I-cache on CPU1
Apr 29 16:40:49 ubuntu kernel: [    0.053074] GICv3: CPU1: found redistributor 80100 region 1:0x00000000ae140000
Apr 29 16:40:49 ubuntu systemd[1]: Started ACPI Events Check.
Apr 29 16:40:49 ubuntu kernel: [    0.053089] GICv3: CPU1: using allocated LPI pending table @0x00000027ffb40000
Apr 29 16:40:49 ubuntu kernel: [    0.053124] CPU1: Booted secondary processor 0x0000080100 [0x481fd010]
Apr 29 16:40:49 ubuntu kernel: [    0.085611] Detected VIPT I-cache on CPU2
Apr 29 16:40:49 ubuntu kernel: [    0.085615] GICv3: CPU2: found redistributor 80200 region 2:0x00000000ae180000
Apr 29 16:40:49 ubuntu systemd[1]: Listening on Open-iSCSI iscsid Socket.
Apr 29 16:40:49 ubuntu kernel: [    0.085629] GICv3: CPU2: using allocated LPI pending table @0x00000027ffb50000
Apr 29 16:40:49 ubuntu kernel: [    0.085662] CPU2: Booted secondary processor 0x0000080200 [0x481fd010]
Apr 29 16:40:49 ubuntu kernel: [    0.118161] Detected VIPT I-cache on CPU3
Apr 29 16:40:49 ubuntu kernel: [    0.118166] GICv3: CPU3: found redistributor 80300 region 3:0x00000000ae1c0000
Apr 29 16:40:49 ubuntu kernel: [    0.118177] GICv3: CPU3: using allocated LPI pending table @0x00000027ffb60000
Apr 29 16:40:49 ubuntu kernel: [    0.118208] CPU3: Booted secondary processor 0x0000080300 [0x481fd010]
Apr 29 16:40:49 ubuntu kernel: [    0.150891] Detected VIPT I-cache on CPU4
Apr 29 16:40:49 ubuntu kernel: [    0.150899] GICv3: CPU4: found redistributor 90000 region 4:0x00000000ae200000
Apr 29 16:40:49 ubuntu kernel: [    0.150919] GICv3: CPU4: using allocated LPI pending table @0x00000027ffb70000
Apr 29 16:40:49 ubuntu kernel: [    0.150956] CPU4: Booted secondary processor 0x0000090000 [0x481fd010]
Apr 29 16:40:49 ubuntu systemd-resolved[2336]: Positive Trust Anchors:
Apr 29 16:40:49 ubuntu systemd-resolved[2336]: . IN DS 19036 8 2 49aac11d7b6f6446702e54a1607371607a1a41855200fd2ce1cdde32f24e8fb5
Apr 29 16:40:49 ubuntu kernel: [    0.183609] Detected VIPT I-cache on CPU5
Apr 29 16:40:49 ubuntu kernel: [    0.183614] GICv3: CPU5: found redistributor 90100 region 5:0x00000000ae240000
Apr 29 16:40:49 ubuntu kernel: [    0.183626] GICv3: CPU5: using allocated LPI pending table @0x00000027ff100000
Apr 29 16:40:49 ubuntu systemd-resolved[2336]: . IN DS 20326 8 2 e06d44b80b8f1d39a95c0b0d7c65d08458e880409bbc683457104237c7f8ec8d
Apr 29 16:40:49 ubuntu kernel: [    0.183657] CPU5: Booted secondary processor 0x0000090100 [0x481fd010]
Apr 29 16:40:49 ubuntu kernel: [    0.216332] Detected VIPT I-cache on CPU6
Apr 29 16:40:49 ubuntu kernel: [    0.216337] GICv3: CPU6: found redistributor 90200 region 6:0x00000000ae280000
Apr 29 16:40:49 ubuntu kernel: [    0.216349] GICv3: CPU6: using allocated LPI pending table @0x00000027ff110000
Apr 29 16:40:49 ubuntu kernel: [    0.216380] CPU6: Booted secondary processor 0x0000090200 [0x481fd010]
Apr 29 16:40:49 ubuntu kernel: [    0.249056] Detected VIPT I-cache on CPU7
Apr 29 16:40:49 ubuntu kernel: [    0.249061] GICv3: CPU7: found redistributor 90300 region 7:0x00000000ae2c0000
Apr 29 16:40:49 ubuntu systemd-resolved[2336]: Negative trust anchors: 10.in-addr.arpa 16.172.in-addr.arpa 17.172.in-addr.arpa 18.172.in-addr.arpa 19.172.in-addr.arpa 20.172.in-addr.arpa 21.172.in-addr.arpa 22.172.in-addr.arpa 23.172.in-addr.arpa 24.172.in-addr.arpa 25.172.in-addr.arpa 26.172.in-addr.arpa 27.172.in-addr.arpa 28.172.in-addr.arpa 29.172.in-addr.arpa 30.172.in-addr.arpa 31.172.in-addr.arpa 168.192.in-addr.arpa d.f.ip6.arpa corp home internal intranet lan local private test
Apr 29 16:40:49 ubuntu kernel: [    0.249074] GICv3: CPU7: using allocated LPI pending table @0x00000027ff120000
Apr 29 16:40:49 ubuntu kernel: [    0.249106] CPU7: Booted secondary processor 0x0000090300 [0x481fd010]
Apr 29 16:40:49 ubuntu kernel: [    0.281957] Detected VIPT I-cache on CPU8
Apr 29 16:40:49 ubuntu systemd-resolved[2336]: Using system hostname 'ubuntu'.
Apr 29 16:40:49 ubuntu systemd[1]: Started CUPS Scheduler.
Apr 29 16:40:49 ubuntu kernel: [    0.281965] GICv3: CPU8: found redistributor a0000 region 8:0x00000000ae300000
Apr 29 16:40:49 ubuntu kernel: [    0.281983] GICv3: CPU8: using allocated LPI pending table @0x00000027ff130000
Apr 29 16:40:49 ubuntu kernel: [    0.282018] CPU8: Booted secondary processor 0x00000a0000 [0x481fd010]
Apr 29 16:40:49 ubuntu systemd[1]: Reached target Paths.
Apr 29 16:40:49 ubuntu kernel: [    0.314851] Detected VIPT I-cache on CPU9
Apr 29 16:40:49 ubuntu kernel: [    0.314856] GICv3: CPU9: found redistributor a0100 region 9:0x00000000ae340000
Apr 29 16:40:49 ubuntu kernel: [    0.314869] GICv3: CPU9: using allocated LPI pending table @0x00000027ff140000
Apr 29 16:40:49 ubuntu systemd[1]: Listening on ACPID Listen Socket.
Apr 29 16:40:49 ubuntu kernel: [    0.314901] CPU9: Booted secondary processor 0x00000a0100 [0x481fd010]
Apr 29 16:40:49 ubuntu kernel: [    0.347747] Detected VIPT I-cache on CPU10
Apr 29 16:40:49 ubuntu systemd[1]: Listening on Avahi mDNS/DNS-SD Stack Activation Socket.
Apr 29 16:40:49 ubuntu systemd[1]: Started Daily apt download activities.
Apr 29 16:40:49 ubuntu systemd[1]: Starting LXD - unix socket.
Apr 29 16:40:49 ubuntu systemd[1]: Listening on UUID daemon activation socket.
Apr 29 16:40:49 ubuntu systemd[1]: Listening on D-Bus System Message Bus Socket.
Apr 29 16:40:49 ubuntu systemd[1]: Started Daily apt upgrade and clean activities.
Apr 29 16:40:49 ubuntu systemd[1]: Started Message of the Day.
Apr 29 16:40:49 ubuntu systemd[1]: Listening on Virtual machine lock manager socket.
Apr 29 16:40:49 ubuntu systemd[1]: Listening on Virtual machine log manager socket.
Apr 29 16:40:49 ubuntu systemd[1]: Started Daily Cleanup of Temporary Directories.
Apr 29 16:40:49 ubuntu kernel: [    0.347753] GICv3: CPU10: found redistributor a0200 region 10:0x00000000ae380000
Apr 29 16:40:49 ubuntu kernel: [    0.347769] GICv3: CPU10: using allocated LPI pending table @0x00000027ff150000
Apr 29 16:40:49 ubuntu systemd[1]: Started Discard unused blocks once a week.
Apr 29 16:40:49 ubuntu kernel: [    0.347801] CPU10: Booted secondary processor 0x00000a0200 [0x481fd010]
Apr 29 16:40:49 ubuntu kernel: [    0.380645] Detected VIPT I-cache on CPU11
Apr 29 16:40:49 ubuntu kernel: [    0.380651] GICv3: CPU11: found redistributor a0300 region 11:0x00000000ae3c0000
Apr 29 16:40:49 ubuntu kernel: [    0.380666] GICv3: CPU11: using allocated LPI pending table @0x00000027ff160000
Apr 29 16:40:49 ubuntu kernel: [    0.380698] CPU11: Booted secondary processor 0x00000a0300 [0x481fd010]
Apr 29 16:40:49 ubuntu kernel: [    0.413719] Detected VIPT I-cache on CPU12
Apr 29 16:40:49 ubuntu systemd[1]: Starting Socket activation for snappy daemon.
Apr 29 16:40:49 ubuntu kernel: [    0.413727] GICv3: CPU12: found redistributor b0000 region 12:0x00000000ae400000
Apr 29 16:40:49 ubuntu kernel: [    0.413746] GICv3: CPU12: using allocated LPI pending table @0x00000027ff170000
Apr 29 16:40:49 ubuntu kernel: [    0.413782] CPU12: Booted secondary processor 0x00000b0000 [0x481fd010]
Apr 29 16:40:49 ubuntu kernel: [    0.446787] Detected VIPT I-cache on CPU13
Apr 29 16:40:49 ubuntu kernel: [    0.446793] GICv3: CPU13: found redistributor b0100 region 13:0x00000000ae440000
Apr 29 16:40:49 ubuntu systemd[1]: Started Trigger anacron every hour.
Apr 29 16:40:49 ubuntu kernel: [    0.446808] GICv3: CPU13: using allocated LPI pending table @0x00000027ff180000
Apr 29 16:40:49 ubuntu kernel: [    0.446840] CPU13: Booted secondary processor 0x00000b0100 [0x481fd010]
Apr 29 16:40:49 ubuntu systemd[1]: Reached target Timers.
Apr 29 16:40:49 ubuntu kernel: [    0.479858] Detected VIPT I-cache on CPU14
Apr 29 16:40:49 ubuntu systemd[1]: Started Network Name Resolution.
Apr 29 16:40:49 ubuntu kernel: [    0.479864] GICv3: CPU14: found redistributor b0200 region 14:0x00000000ae480000
