Oct 25 16:34:33 ubuntu systemd-modules-load[815]: Inserted module 'iscsi_tcp'
Oct 25 16:34:33 ubuntu systemd-modules-load[815]: Inserted module 'ib_iser'
Oct 25 16:34:33 ubuntu kernel: [    0.000000] Booting Linux on physical CPU 0x0000000000 [0x481fd010]
Oct 25 16:34:33 ubuntu lvm[838]:   2 logical volume(s) in volume group "ubuntu-vg" monitored
Oct 25 16:34:33 ubuntu systemd[1]: Started Set the console keyboard layout.
Oct 25 16:34:33 ubuntu systemd[1]: Started Monitoring of LVM2 mirrors, snapshots etc. using dmeventd or progress polling.
Oct 25 16:34:33 ubuntu systemd[1]: Started Load/Save Random Seed.
Oct 25 16:34:33 ubuntu kernel: [    0.000000] Linux version 5.7.1 (root@ubuntu) (gcc version 7.5.0 (Ubuntu/Linaro 7.5.0-3ubuntu1~18.04), GNU ld (GNU Binutils for Ubuntu) 2.30) #1 SMP Sun Oct 25 15:08:16 CST 2020
Oct 25 16:34:33 ubuntu kernel: [    0.000000] efi: EFI v2.70 by EDK II
Oct 25 16:34:33 ubuntu kernel: [    0.000000] efi:  SMBIOS 3.0=0x53f710000  ACPI 2.0=0x53c020000  MEMATTR=0x53cc7ca98  MEMRESERVE=0x53becd018 
Oct 25 16:34:33 ubuntu systemd[1]: Started Create Static Device Nodes in /dev.
Oct 25 16:34:33 ubuntu kernel: [    0.000000] cma: Reserved 32 MiB at 0x00000000fe000000
Oct 25 16:34:33 ubuntu systemd[1]: Started Apply Kernel Variables.
Oct 25 16:34:33 ubuntu kernel: [    0.000000] ACPI: Early table checksum verification disabled
Oct 25 16:34:33 ubuntu kernel: [    0.000000] ACPI: RSDP 0x000000053C020000 000024 (v02 BOCHS )
Oct 25 16:34:33 ubuntu systemd[1]: Mounted FUSE Control File System.
Oct 25 16:34:33 ubuntu systemd[1]: Mounted Kernel Configuration File System.
Oct 25 16:34:33 ubuntu systemd[1]: Starting udev Kernel Device Manager...
Oct 25 16:34:33 ubuntu kernel: [    0.000000] ACPI: XSDT 0x000000053BED0000 000054 (v01 BOCHS  BXPCFACP 00000001      01000013)
Oct 25 16:34:33 ubuntu systemd[1]: Reached target Local File Systems (Pre).
Oct 25 16:34:33 ubuntu kernel: [    0.000000] ACPI: FACP 0x000000053BE90000 00010C (v05 BOCHS  BXPCFACP 00000001 BXPC 00000001)
Oct 25 16:34:33 ubuntu systemd[1]: Starting Flush Journal to Persistent Storage...
Oct 25 16:34:33 ubuntu systemd[1]: Started udev Kernel Device Manager.
Oct 25 16:34:33 ubuntu systemd[1]: Started Flush Journal to Persistent Storage.
Oct 25 16:34:33 ubuntu kernel: [    0.000000] ACPI: DSDT 0x000000053BEA0000 001523 (v02 BOCHS  BXPCDSDT 00000001 BXPC 00000001)
Oct 25 16:34:33 ubuntu systemd[1]: Started udev Coldplug all Devices.
Oct 25 16:34:33 ubuntu systemd[1]: Started Dispatch Password Requests to Console Directory Watch.
Oct 25 16:34:33 ubuntu kernel: [    0.000000] ACPI: APIC 0x000000053BE80000 0009E8 (v03 BOCHS  BXPCAPIC 00000001 BXPC 00000001)
Oct 25 16:34:33 ubuntu systemd[1]: Reached target Local Encrypted Volumes.
Oct 25 16:34:33 ubuntu kernel: [    0.000000] ACPI: GTDT 0x000000053BE70000 000060 (v02 BOCHS  BXPCGTDT 00000001 BXPC 00000001)
Oct 25 16:34:33 ubuntu kernel: [    0.000000] ACPI: MCFG 0x000000053BE60000 00003C (v01 BOCHS  BXPCMCFG 00000001 BXPC 00000001)
Oct 25 16:34:33 ubuntu systemd[1]: Found device /dev/ttyAMA0.
Oct 25 16:34:33 ubuntu kernel: [    0.000000] ACPI: SPCR 0x000000053BE50000 000050 (v02 BOCHS  BXPCSPCR 00000001 BXPC 00000001)
Oct 25 16:34:33 ubuntu kernel: [    0.000000] ACPI: IORT 0x000000053BE40000 00007C (v00 BOCHS  BXPCIORT 00000001 BXPC 00000001)
Oct 25 16:34:33 ubuntu kernel: [    0.000000] ACPI: SPCR: console: pl011,mmio,0x9000000,9600
Oct 25 16:34:33 ubuntu kernel: [    0.000000] ACPI: NUMA: Failed to initialise from firmware
Oct 25 16:34:33 ubuntu kernel: [    0.000000] NUMA: Faking a node at [mem 0x0000000040000000-0x000000053fffffff]
Oct 25 16:34:33 ubuntu systemd-udevd[909]: link_config: autonegotiation is unset or enabled, the speed and duplex are not writable.
Oct 25 16:34:33 ubuntu kernel: [    0.000000] NUMA: NODE_DATA [mem 0x53d409300-0x53d40cfff]
Oct 25 16:34:33 ubuntu kernel: [    0.000000] Zone ranges:
Oct 25 16:34:33 ubuntu kernel: [    0.000000]   DMA      [mem 0x0000000040000000-0x000000007fffffff]
Oct 25 16:34:33 ubuntu kernel: [    0.000000]   DMA32    [mem 0x0000000080000000-0x00000000ffffffff]
Oct 25 16:34:33 ubuntu kernel: [    0.000000]   Normal   [mem 0x0000000100000000-0x000000053fffffff]
Oct 25 16:34:33 ubuntu kernel: [    0.000000] Movable zone start for each node
Oct 25 16:34:33 ubuntu systemd[1]: Listening on Load/Save RF Kill Switch Status /dev/rfkill Watch.
Oct 25 16:34:33 ubuntu systemd-udevd[908]: link_config: autonegotiation is unset or enabled, the speed and duplex are not writable.
Oct 25 16:34:33 ubuntu kernel: [    0.000000] Early memory node ranges
Oct 25 16:34:33 ubuntu systemd[1]: Found device /dev/mapper/ubuntu--vg-swap_1.
Oct 25 16:34:33 ubuntu kernel: [    0.000000]   node   0: [mem 0x0000000040000000-0x000000053bedffff]
Oct 25 16:34:33 ubuntu kernel: [    0.000000]   node   0: [mem 0x000000053bee0000-0x000000053bffffff]
Oct 25 16:34:33 ubuntu kernel: [    0.000000]   node   0: [mem 0x000000053c000000-0x000000053c02ffff]
Oct 25 16:34:33 ubuntu kernel: [    0.000000]   node   0: [mem 0x000000053c030000-0x000000053c0affff]
Oct 25 16:34:33 ubuntu kernel: [    0.000000]   node   0: [mem 0x000000053c0b0000-0x000000053f57ffff]
Oct 25 16:34:33 ubuntu systemd[1]: Activating swap /dev/mapper/ubuntu--vg-swap_1...
Oct 25 16:34:33 ubuntu systemd[1]: Created slice system-lvm2\x2dpvscan.slice.
Oct 25 16:34:33 ubuntu systemd[1]: Starting LVM2 PV scan on device 8:2...
Oct 25 16:34:33 ubuntu systemd[1]: Found device QEMU_HARDDISK 1.
Oct 25 16:34:33 ubuntu kernel: [    0.000000]   node   0: [mem 0x000000053f580000-0x000000053f95ffff]
Oct 25 16:34:33 ubuntu systemd[1]: Starting File System Check on /dev/disk/by-uuid/5EA9-3D4C...
Oct 25 16:34:33 ubuntu kernel: [    0.000000]   node   0: [mem 0x000000053f960000-0x000000053fffffff]
Oct 25 16:34:33 ubuntu systemd[1]: Activated swap /dev/mapper/ubuntu--vg-swap_1.
Oct 25 16:34:33 ubuntu kernel: [    0.000000] Zeroed struct page in unavailable ranges: 544 pages
Oct 25 16:34:33 ubuntu systemd[1]: Started File System Check Daemon to report status.
Oct 25 16:34:33 ubuntu systemd[1]: Reached target Swap.
Oct 25 16:34:33 ubuntu lvm[1031]:   2 logical volume(s) in volume group "ubuntu-vg" now active
Oct 25 16:34:33 ubuntu systemd[1]: Started LVM2 PV scan on device 8:2.
Oct 25 16:34:33 ubuntu systemd-fsck[1032]: fsck.fat 4.1 (2017-01-24)
Oct 25 16:34:33 ubuntu kernel: [    0.000000] Initmem setup node 0 [mem 0x0000000040000000-0x000000053fffffff]
Oct 25 16:34:33 ubuntu kernel: [    0.000000] On node 0 totalpages: 5242880
Oct 25 16:34:33 ubuntu systemd-fsck[1032]: 0x25: Dirty bit is set. Fs was not properly unmounted and some data may be corrupt.
Oct 25 16:34:33 ubuntu kernel: [    0.000000]   DMA zone: 5120 pages used for memmap
Oct 25 16:34:33 ubuntu systemd-fsck[1032]:  Automatically removing dirty bit.
Oct 25 16:34:33 ubuntu systemd-fsck[1032]: Performing changes.
Oct 25 16:34:33 ubuntu systemd-fsck[1032]: /dev/sda1: 5 files, 41/65501 clusters
Oct 25 16:34:33 ubuntu kernel: [    0.000000]   DMA zone: 0 pages reserved
Oct 25 16:34:33 ubuntu systemd[1]: Started File System Check on /dev/disk/by-uuid/5EA9-3D4C.
Oct 25 16:34:33 ubuntu kernel: [    0.000000]   DMA zone: 262144 pages, LIFO batch:63
Oct 25 16:34:33 ubuntu kernel: [    0.000000]   DMA32 zone: 10240 pages used for memmap
Oct 25 16:34:33 ubuntu kernel: [    0.000000]   DMA32 zone: 524288 pages, LIFO batch:63
Oct 25 16:34:33 ubuntu kernel: [    0.000000]   Normal zone: 87040 pages used for memmap
Oct 25 16:34:33 ubuntu kernel: [    0.000000]   Normal zone: 4456448 pages, LIFO batch:63
Oct 25 16:34:33 ubuntu kernel: [    0.000000] psci: probing for conduit method from ACPI.
Oct 25 16:34:33 ubuntu systemd[1]: Mounting /boot/efi...
Oct 25 16:34:33 ubuntu systemd[1]: Mounted /boot/efi.
Oct 25 16:34:33 ubuntu kernel: [    0.000000] psci: PSCIv1.0 detected in firmware.
Oct 25 16:34:33 ubuntu systemd[1]: Reached target Local File Systems.
Oct 25 16:34:33 ubuntu systemd[1]: Starting Tell Plymouth To Write Out Runtime Data...
Oct 25 16:34:33 ubuntu kernel: [    0.000000] psci: Using standard PSCI v0.2 function IDs
Oct 25 16:34:33 ubuntu kernel: [    0.000000] psci: Trusted OS migration not required
Oct 25 16:34:33 ubuntu kernel: [    0.000000] psci: SMC Calling Convention v1.1
Oct 25 16:34:33 ubuntu kernel: [    0.000000] ACPI: SRAT not present
Oct 25 16:34:33 ubuntu kernel: [    0.000000] percpu: Embedded 33 pages/cpu s94616 r8192 d32360 u135168
Oct 25 16:34:33 ubuntu kernel: [    0.000000] pcpu-alloc: s94616 r8192 d32360 u135168 alloc=33*4096
Oct 25 16:34:33 ubuntu kernel: [    0.000000] pcpu-alloc: [0] 00 [0] 01 [0] 02 [0] 03 [0] 04 [0] 05 [0] 06 [0] 07 
Oct 25 16:34:33 ubuntu kernel: [    0.000000] pcpu-alloc: [0] 08 [0] 09 [0] 10 [0] 11 [0] 12 [0] 13 [0] 14 [0] 15 
Oct 25 16:34:33 ubuntu kernel: [    0.000000] pcpu-alloc: [0] 16 [0] 17 [0] 18 [0] 19 [0] 20 [0] 21 [0] 22 [0] 23 
Oct 25 16:34:33 ubuntu kernel: [    0.000000] pcpu-alloc: [0] 24 [0] 25 [0] 26 [0] 27 [0] 28 [0] 29 [0] 30 [0] 31 
Oct 25 16:34:33 ubuntu kernel: [    0.000000] Detected VIPT I-cache on CPU0
Oct 25 16:34:33 ubuntu systemd[1]: Starting Set console font and keymap...
Oct 25 16:34:33 ubuntu kernel: [    0.000000] CPU features: detected: GIC system register CPU interface
Oct 25 16:34:33 ubuntu systemd[1]: Starting ebtables ruleset management...
Oct 25 16:34:33 ubuntu kernel: [    0.000000] CPU features: detected: Hardware dirty bit management
Oct 25 16:34:33 ubuntu kernel: [    0.000000] Built 1 zonelists, mobility grouping on.  Total pages: 5140480
Oct 25 16:34:33 ubuntu systemd[1]: Starting Create Volatile Files and Directories...
Oct 25 16:34:33 ubuntu systemd[1]: Starting AppArmor initialization...
Oct 25 16:34:33 ubuntu kernel: [    0.000000] Policy zone: Normal
Oct 25 16:34:33 ubuntu systemd[1]: Started Tell Plymouth To Write Out Runtime Data.
Oct 25 16:34:33 ubuntu systemd[1]: Started Set console font and keymap.
Oct 25 16:34:33 ubuntu systemd[1]: Started Create Volatile Files and Directories.
Oct 25 16:34:33 ubuntu systemd[1]: Starting Update UTMP about System Boot/Shutdown...
Oct 25 16:34:33 ubuntu systemd[1]: Starting Network Time Synchronization...
Oct 25 16:34:33 ubuntu systemd[1]: Started Update UTMP about System Boot/Shutdown.
Oct 25 16:34:33 ubuntu apparmor[1045]:  * Starting AppArmor profiles
Oct 25 16:34:33 ubuntu systemd[1]: Started ebtables ruleset management.
Oct 25 16:34:33 ubuntu systemd[1]: Reached target Network (Pre).
Oct 25 16:34:33 ubuntu systemd[1]: Starting Network Service...
Oct 25 16:34:33 ubuntu systemd[1]: Started Network Time Synchronization.
Oct 25 16:34:33 ubuntu systemd[1]: Reached target System Time Synchronized.
Oct 25 16:34:33 ubuntu systemd-networkd[1062]: Enumeration completed
Oct 25 16:34:33 ubuntu systemd[1]: Started Network Service.
Oct 25 16:34:33 ubuntu systemd-networkd[1062]: lo: Link is not managed by us
Oct 25 16:34:33 ubuntu systemd[1]: Starting Network Name Resolution...
Oct 25 16:34:33 ubuntu kernel: [    0.000000] Kernel command line: BOOT_IMAGE=/boot/vmlinuz-5.7.1 root=/dev/mapper/ubuntu--vg-root ro
Oct 25 16:34:33 ubuntu systemd[1]: Starting Wait for Network to be Configured...
Oct 25 16:34:33 ubuntu kernel: [    0.000000] Dentry cache hash table entries: 4194304 (order: 13, 33554432 bytes, linear)
Oct 25 16:34:33 ubuntu systemd-networkd[1062]: enp1s0: Gained carrier
Oct 25 16:34:33 ubuntu kernel: [    0.000000] Inode-cache hash table entries: 2097152 (order: 12, 16777216 bytes, linear)
Oct 25 16:34:33 ubuntu kernel: [    0.000000] mem auto-init: stack:off, heap alloc:on, heap free:off
Oct 25 16:34:33 ubuntu kernel: [    0.000000] software IO TLB: mapped [mem 0x7bfff000-0x7ffff000] (64MB)
Oct 25 16:34:33 ubuntu systemd-timesyncd[1053]: Network configuration changed, trying to establish connection.
Oct 25 16:34:33 ubuntu kernel: [    0.000000] Memory: 20269604K/20971520K available (14204K kernel code, 2354K rwdata, 6868K rodata, 7040K init, 1132K bss, 669148K reserved, 32768K cma-reserved)
Oct 25 16:34:33 ubuntu apparmor[1045]: Skipping profile in /etc/apparmor.d/disable: usr.sbin.rsyslogd
Oct 25 16:34:33 ubuntu kernel: [    0.000000] random: get_random_u64 called from __kmem_cache_create+0x54/0x5d8 with crng_init=0
Oct 25 16:34:33 ubuntu kernel: [    0.000000] SLUB: HWalign=64, Order=0-3, MinObjects=0, CPUs=32, Nodes=1
Oct 25 16:34:33 ubuntu kernel: [    0.000000] ftrace: allocating 46106 entries in 181 pages
Oct 25 16:34:33 ubuntu kernel: [    0.000000] ftrace: allocated 181 pages with 5 groups
Oct 25 16:34:33 ubuntu kernel: [    0.000000] rcu: Hierarchical RCU implementation.
Oct 25 16:34:33 ubuntu kernel: [    0.000000] rcu: 	RCU restricting CPUs from NR_CPUS=256 to nr_cpu_ids=32.
Oct 25 16:34:33 ubuntu kernel: [    0.000000] 	Tasks RCU enabled.
Oct 25 16:34:33 ubuntu kernel: [    0.000000] rcu: RCU calculated value of scheduler-enlistment delay is 25 jiffies.
Oct 25 16:34:33 ubuntu kernel: [    0.000000] rcu: Adjusting geometry for rcu_fanout_leaf=16, nr_cpu_ids=32
Oct 25 16:34:33 ubuntu kernel: [    0.000000] NR_IRQS: 64, nr_irqs: 64, preallocated irqs: 0
Oct 25 16:34:33 ubuntu kernel: [    0.000000] GICv3: 256 SPIs implemented
Oct 25 16:34:33 ubuntu systemd-resolved[1086]: Positive Trust Anchors:
Oct 25 16:34:33 ubuntu kernel: [    0.000000] GICv3: 0 Extended SPIs implemented
Oct 25 16:34:33 ubuntu systemd-resolved[1086]: . IN DS 19036 8 2 49aac11d7b6f6446702e54a1607371607a1a41855200fd2ce1cdde32f24e8fb5
Oct 25 16:34:33 ubuntu kernel: [    0.000000] GICv3: Distributor has no Range Selector support
Oct 25 16:34:33 ubuntu kernel: [    0.000000] GICv3: 16 PPIs implemented
Oct 25 16:34:33 ubuntu systemd-resolved[1086]: . IN DS 20326 8 2 e06d44b80b8f1d39a95c0b0d7c65d08458e880409bbc683457104237c7f8ec8d
Oct 25 16:34:33 ubuntu kernel: [    0.000000] GICv3: CPU0: found redistributor 0 region 0:0x00000000080a0000
Oct 25 16:34:33 ubuntu systemd-resolved[1086]: Negative trust anchors: 10.in-addr.arpa 16.172.in-addr.arpa 17.172.in-addr.arpa 18.172.in-addr.arpa 19.172.in-addr.arpa 20.172.in-addr.arpa 21.172.in-addr.arpa 22.172.in-addr.arpa 23.172.in-addr.arpa 24.172.in-addr.arpa 25.172.in-addr.arpa 26.172.in-addr.arpa 27.172.in-addr.arpa 28.172.in-addr.arpa 29.172.in-addr.arpa 30.172.in-addr.arpa 31.172.in-addr.arpa 168.192.in-addr.arpa d.f.ip6.arpa corp home internal intranet lan local private test
Oct 25 16:34:33 ubuntu kernel: [    0.000000] ACPI: SRAT not present
Oct 25 16:34:33 ubuntu systemd-resolved[1086]: Using system hostname 'ubuntu'.
Oct 25 16:34:33 ubuntu kernel: [    0.000000] ITS [mem 0x08080000-0x0809ffff]
Oct 25 16:34:33 ubuntu kernel: [    0.000000] ITS@0x0000000008080000: allocated 8192 Devices @53ca00000 (indirect, esz 8, psz 64K, shr 1)
Oct 25 16:34:33 ubuntu kernel: [    0.000000] ITS@0x0000000008080000: allocated 8192 Interrupt Collections @53ca10000 (flat, esz 8, psz 64K, shr 1)
Oct 25 16:34:33 ubuntu systemd[1]: Started Network Name Resolution.
Oct 25 16:34:33 ubuntu kernel: [    0.000000] GICv3: using LPI property table @0x000000053ca20000
Oct 25 16:34:33 ubuntu kernel: [    0.000000] GICv3: CPU0: using allocated LPI pending table @0x000000053ca30000
Oct 25 16:34:33 ubuntu kernel: [    0.000000] arch_timer: cp15 timer(s) running at 100.00MHz (virt).
Oct 25 16:34:33 ubuntu kernel: [    0.000000] clocksource: arch_sys_counter: mask: 0xffffffffffffff max_cycles: 0x171024e7e0, max_idle_ns: 440795205315 ns
Oct 25 16:34:33 ubuntu kernel: [    0.000002] sched_clock: 56 bits at 100MHz, resolution 10ns, wraps every 4398046511100ns
Oct 25 16:34:33 ubuntu kernel: [    0.000268] Console: colour dummy device 80x25
Oct 25 16:34:33 ubuntu systemd[1]: Reached target Host and Network Name Lookups.
Oct 25 16:34:33 ubuntu kernel: [    0.000339] ACPI: Core revision 20200326
Oct 25 16:34:33 ubuntu kernel: [    0.000539] Calibrating delay loop (skipped), value calculated using timer frequency.. 200.00 BogoMIPS (lpj=400000)
Oct 25 16:34:33 ubuntu systemd[1]: Reached target Network.
Oct 25 16:34:33 ubuntu kernel: [    0.000543] pid_max: default: 32768 minimum: 301
Oct 25 16:34:33 ubuntu apparmor[1045]:    ...done.
Oct 25 16:34:33 ubuntu kernel: [    0.000618] LSM: Security Framework initializing
Oct 25 16:34:33 ubuntu kernel: [    0.000649] Yama: becoming mindful.
Oct 25 16:34:33 ubuntu kernel: [    0.000830] AppArmor: AppArmor initialized
Oct 25 16:34:33 ubuntu systemd[1]: Started AppArmor initialization.
Oct 25 16:34:33 ubuntu kernel: [    0.001281] Mount-cache hash table entries: 65536 (order: 7, 524288 bytes, linear)
Oct 25 16:34:33 ubuntu kernel: [    0.001622] Mountpoint-cache hash table entries: 65536 (order: 7, 524288 bytes, linear)
Oct 25 16:34:33 ubuntu kernel: [    0.003422] ACPI PPTT: No PPTT table found, CPU and cache topology may be inaccurate
Oct 25 16:34:33 ubuntu kernel: [    0.003750] rcu: Hierarchical SRCU implementation.
Oct 25 16:34:33 ubuntu kernel: [    0.004724] Platform MSI: ITS@0x8080000 domain created
Oct 25 16:34:33 ubuntu kernel: [    0.004741] PCI/MSI: ITS@0x8080000 domain created
Oct 25 16:34:33 ubuntu kernel: [    0.004792] Remapping and enabling EFI services.
Oct 25 16:34:33 ubuntu kernel: [    0.004807] [mitosis-origin] pgd_alloc for mm=ffff800011dcda40 and mm->pgd =ffff0004df9ba000.
Oct 25 16:34:33 ubuntu systemd[1]: Reached target System Initialization.
Oct 25 16:34:33 ubuntu kernel: [    0.006151] smp: Bringing up secondary CPUs ...
Oct 25 16:34:33 ubuntu systemd[1]: Started Daily apt download activities.
Oct 25 16:34:33 ubuntu kernel: [    0.270468] Detected VIPT I-cache on CPU1
Oct 25 16:34:33 ubuntu systemd[1]: Started Daily apt upgrade and clean activities.
Oct 25 16:34:33 ubuntu kernel: [    0.270515] GICv3: CPU1: found redistributor 1 region 0:0x00000000080c0000
Oct 25 16:34:33 ubuntu kernel: [    0.270840] GICv3: CPU1: using allocated LPI pending table @0x000000053ca40000
Oct 25 16:34:33 ubuntu kernel: [    0.270888] CPU1: Booted secondary processor 0x0000000001 [0x481fd010]
Oct 25 16:34:33 ubuntu systemd[1]: Starting LXD - unix socket.
Oct 25 16:34:33 ubuntu systemd[1]: Starting Socket activation for snappy daemon.
Oct 25 16:34:33 ubuntu systemd[1]: Started ACPI Events Check.
Oct 25 16:34:33 ubuntu systemd[1]: Reached target Paths.
Oct 25 16:34:33 ubuntu systemd[1]: Started Daily Cleanup of Temporary Directories.
Oct 25 16:34:33 ubuntu systemd[1]: Listening on UUID daemon activation socket.
Oct 25 16:34:33 ubuntu systemd[1]: Started Message of the Day.
Oct 25 16:34:33 ubuntu systemd[1]: Listening on D-Bus System Message Bus Socket.
Oct 25 16:34:33 ubuntu kernel: [    0.395797] Detected VIPT I-cache on CPU2
Oct 25 16:34:33 ubuntu systemd[1]: Listening on Open-iSCSI iscsid Socket.
Oct 25 16:34:33 ubuntu kernel: [    0.395820] GICv3: CPU2: found redistributor 2 region 0:0x00000000080e0000
Oct 25 16:34:33 ubuntu kernel: [    0.396070] GICv3: CPU2: using allocated LPI pending table @0x000000053ca50000
Oct 25 16:34:33 ubuntu kernel: [    0.396107] CPU2: Booted secondary processor 0x0000000002 [0x481fd010]
Oct 25 16:34:33 ubuntu kernel: [    0.594106] Detected VIPT I-cache on CPU3
Oct 25 16:34:33 ubuntu systemd[1]: Listening on ACPID Listen Socket.
Oct 25 16:34:33 ubuntu kernel: [    0.594124] GICv3: CPU3: found redistributor 3 region 0:0x0000000008100000
Oct 25 16:34:33 ubuntu kernel: [    0.594380] GICv3: CPU3: using allocated LPI pending table @0x000000053ca60000
Oct 25 16:34:33 ubuntu kernel: [    0.594407] CPU3: Booted secondary processor 0x0000000003 [0x481fd010]
Oct 25 16:34:33 ubuntu kernel: [    0.864086] Detected VIPT I-cache on CPU4
Oct 25 16:34:33 ubuntu kernel: [    0.864117] GICv3: CPU4: found redistributor 4 region 0:0x0000000008120000
Oct 25 16:34:33 ubuntu kernel: [    0.864393] GICv3: CPU4: using allocated LPI pending table @0x000000053ca70000
Oct 25 16:34:33 ubuntu kernel: [    0.864430] CPU4: Booted secondary processor 0x0000000004 [0x481fd010]
Oct 25 16:34:33 ubuntu kernel: [    1.132449] Detected VIPT I-cache on CPU5
Oct 25 16:34:33 ubuntu systemd[1]: Started Discard unused blocks once a week.
Oct 25 16:34:33 ubuntu kernel: [    1.132469] GICv3: CPU5: found redistributor 5 region 0:0x0000000008140000
Oct 25 16:34:33 ubuntu systemd[1]: Reached target Timers.
Oct 25 16:34:33 ubuntu kernel: [    1.132760] GICv3: CPU5: using allocated LPI pending table @0x000000053ca80000
Oct 25 16:34:33 ubuntu kernel: [    1.132803] CPU5: Booted secondary processor 0x0000000005 [0x481fd010]
Oct 25 16:34:33 ubuntu kernel: [    1.236801] Detected VIPT I-cache on CPU6
Oct 25 16:34:33 ubuntu kernel: [    1.236833] GICv3: CPU6: found redistributor 6 region 0:0x0000000008160000
Oct 25 16:34:33 ubuntu systemd[1]: Listening on LXD - unix socket.
Oct 25 16:34:33 ubuntu kernel: [    1.237107] GICv3: CPU6: using allocated LPI pending table @0x000000053ca90000
Oct 25 16:34:33 ubuntu systemd[1]: Listening on Socket activation for snappy daemon.
Oct 25 16:34:33 ubuntu kernel: [    1.237143] CPU6: Booted secondary processor 0x0000000006 [0x481fd010]
Oct 25 16:34:33 ubuntu kernel: [    1.507760] Detected VIPT I-cache on CPU7
Oct 25 16:34:33 ubuntu systemd[1]: Reached target Sockets.
Oct 25 16:34:33 ubuntu kernel: [    1.507790] GICv3: CPU7: found redistributor 7 region 0:0x0000000008180000
Oct 25 16:34:33 ubuntu kernel: [    1.508030] GICv3: CPU7: using allocated LPI pending table @0x000000053caa0000
Oct 25 16:34:33 ubuntu kernel: [    1.508067] CPU7: Booted secondary processor 0x0000000007 [0x481fd010]
Oct 25 16:34:33 ubuntu systemd[1]: Reached target Basic System.
Oct 25 16:34:33 ubuntu kernel: [    1.743393] Detected VIPT I-cache on CPU8
Oct 25 16:34:33 ubuntu systemd[1]: Starting Dispatcher daemon for systemd-networkd...
Oct 25 16:34:33 ubuntu kernel: [    1.743433] GICv3: CPU8: found redistributor 8 region 0:0x00000000081a0000
Oct 25 16:34:33 ubuntu kernel: [    1.743703] GICv3: CPU8: using allocated LPI pending table @0x000000053cab0000
Oct 25 16:34:33 ubuntu kernel: [    1.743732] CPU8: Booted secondary processor 0x0000000008 [0x481fd010]
Oct 25 16:34:33 ubuntu systemd[1]: Starting Accounts Service...
Oct 25 16:34:33 ubuntu kernel: [    1.849224] Detected VIPT I-cache on CPU9
Oct 25 16:34:33 ubuntu kernel: [    1.849261] GICv3: CPU9: found redistributor 9 region 0:0x00000000081c0000
Oct 25 16:34:33 ubuntu kernel: [    1.849534] GICv3: CPU9: using allocated LPI pending table @0x000000053cac0000
Oct 25 16:34:33 ubuntu kernel: [    1.849571] CPU9: Booted secondary processor 0x0000000009 [0x481fd010]
Oct 25 16:34:33 ubuntu kernel: [    1.955099] Detected VIPT I-cache on CPU10
Oct 25 16:34:33 ubuntu kernel: [    1.955136] GICv3: CPU10: found redistributor a region 0:0x00000000081e0000
Oct 25 16:34:33 ubuntu systemd[1]: Starting System Logging Service...
Oct 25 16:34:33 ubuntu kernel: [    1.955391] GICv3: CPU10: using allocated LPI pending table @0x000000053cad0000
Oct 25 16:34:33 ubuntu kernel: [    1.955427] CPU10: Booted secondary processor 0x000000000a [0x481fd010]
Oct 25 16:34:33 ubuntu kernel: [    2.228386] Detected VIPT I-cache on CPU11
Oct 25 16:34:33 ubuntu kernel: [    2.228422] GICv3: CPU11: found redistributor b region 0:0x0000000008200000
Oct 25 16:34:33 ubuntu kernel: [    2.228611] GICv3: CPU11: using allocated LPI pending table @0x000000053cae0000
Oct 25 16:34:33 ubuntu kernel: [    2.228645] CPU11: Booted secondary processor 0x000000000b [0x481fd010]
Oct 25 16:34:33 ubuntu kernel: [    2.502730] Detected VIPT I-cache on CPU12
Oct 25 16:34:33 ubuntu kernel: [    2.502769] GICv3: CPU12: found redistributor c region 0:0x0000000008220000
Oct 25 16:34:33 ubuntu systemd[1]: Started irqbalance daemon.
Oct 25 16:34:33 ubuntu kernel: [    2.503023] GICv3: CPU12: using allocated LPI pending table @0x000000053caf0000
Oct 25 16:34:33 ubuntu systemd[1]: Starting LSB: Record successful boot for GRUB...
Oct 25 16:34:33 ubuntu kernel: [    2.503060] CPU12: Booted secondary processor 0x000000000c [0x481fd010]
Oct 25 16:34:33 ubuntu kernel: [    2.607924] Detected VIPT I-cache on CPU13
Oct 25 16:34:33 ubuntu kernel: [    2.607968] GICv3: CPU13: found redistributor d region 0:0x0000000008240000
Oct 25 16:34:33 ubuntu systemd[1]: Starting Snappy daemon...
Oct 25 16:34:33 ubuntu kernel: [    2.608264] GICv3: CPU13: using allocated LPI pending table @0x000000053cb00000
Oct 25 16:34:33 ubuntu kernel: [    2.608296] CPU13: Booted secondary processor 0x000000000d [0x481fd010]
Oct 25 16:34:33 ubuntu kernel: [    2.880846] Detected VIPT I-cache on CPU14
Oct 25 16:34:33 ubuntu kernel: [    2.880884] GICv3: CPU14: found redistributor e region 0:0x0000000008260000
Oct 25 16:34:33 ubuntu kernel: [    2.881189] GICv3: CPU14: using allocated LPI pending table @0x000000053cb10000
Oct 25 16:34:33 ubuntu kernel: [    2.881220] CPU14: Booted secondary processor 0x000000000e [0x481fd010]
Oct 25 16:34:33 ubuntu kernel: [    2.986825] Detected VIPT I-cache on CPU15
Oct 25 16:34:33 ubuntu kernel: [    2.986912] GICv3: CPU15: found redistributor f region 0:0x0000000008280000
Oct 25 16:34:33 ubuntu kernel: [    2.987228] GICv3: CPU15: using allocated LPI pending table @0x000000053cb20000
Oct 25 16:34:33 ubuntu kernel: [    2.987288] CPU15: Booted secondary processor 0x000000000f [0x481fd010]
Oct 25 16:34:33 ubuntu kernel: [    3.267281] Detected VIPT I-cache on CPU16
Oct 25 16:34:33 ubuntu kernel: [    3.267349] GICv3: CPU16: found redistributor 100 region 0:0x00000000082a0000
Oct 25 16:34:33 ubuntu kernel: [    3.267686] GICv3: CPU16: using allocated LPI pending table @0x000000053cb30000
Oct 25 16:34:33 ubuntu kernel: [    3.267751] CPU16: Booted secondary processor 0x0000000100 [0x481fd010]
Oct 25 16:34:33 ubuntu kernel: [    3.541590] Detected VIPT I-cache on CPU17
Oct 25 16:34:33 ubuntu kernel: [    3.541634] GICv3: CPU17: found redistributor 101 region 0:0x00000000082c0000
Oct 25 16:34:33 ubuntu kernel: [    3.541914] GICv3: CPU17: using allocated LPI pending table @0x000000053cb40000
Oct 25 16:34:33 ubuntu kernel: [    3.541950] CPU17: Booted secondary processor 0x0000000101 [0x481fd010]
Oct 25 16:34:33 ubuntu kernel: [    3.745795] Detected VIPT I-cache on CPU18
Oct 25 16:34:33 ubuntu kernel: [    3.745846] GICv3: CPU18: found redistributor 102 region 0:0x00000000082e0000
Oct 25 16:34:33 ubuntu kernel: [    3.746134] GICv3: CPU18: using allocated LPI pending table @0x000000053cb50000
Oct 25 16:34:33 ubuntu kernel: [    3.746179] CPU18: Booted secondary processor 0x0000000102 [0x481fd010]
Oct 25 16:34:33 ubuntu kernel: [    3.850885] Detected VIPT I-cache on CPU19
Oct 25 16:34:33 ubuntu kernel: [    3.850994] GICv3: CPU19: found redistributor 103 region 0:0x0000000008300000
Oct 25 16:34:33 ubuntu kernel: [    3.851385] GICv3: CPU19: using allocated LPI pending table @0x000000053cb60000
Oct 25 16:34:33 ubuntu kernel: [    3.851462] CPU19: Booted secondary processor 0x0000000103 [0x481fd010]
Oct 25 16:34:33 ubuntu kernel: [    4.125384] Detected VIPT I-cache on CPU20
Oct 25 16:34:33 ubuntu kernel: [    4.125436] GICv3: CPU20: found redistributor 104 region 0:0x0000000008320000
Oct 25 16:34:33 ubuntu kernel: [    4.125703] GICv3: CPU20: using allocated LPI pending table @0x000000053cb70000
Oct 25 16:34:33 ubuntu kernel: [    4.125738] CPU20: Booted secondary processor 0x0000000104 [0x481fd010]
Oct 25 16:34:33 ubuntu kernel: [    4.403187] Detected VIPT I-cache on CPU21
Oct 25 16:34:33 ubuntu kernel: [    4.403237] GICv3: CPU21: found redistributor 105 region 0:0x0000000008340000
Oct 25 16:34:33 ubuntu kernel: [    4.403435] GICv3: CPU21: using allocated LPI pending table @0x000000053cb80000
Oct 25 16:34:33 ubuntu kernel: [    4.403466] CPU21: Booted secondary processor 0x0000000105 [0x481fd010]
Oct 25 16:34:33 ubuntu kernel: [    4.677637] Detected VIPT I-cache on CPU22
Oct 25 16:34:33 ubuntu kernel: [    4.677691] GICv3: CPU22: found redistributor 106 region 0:0x0000000008360000
Oct 25 16:34:33 ubuntu kernel: [    4.677971] GICv3: CPU22: using allocated LPI pending table @0x000000053cb90000
Oct 25 16:34:33 ubuntu kernel: [    4.678006] CPU22: Booted secondary processor 0x0000000106 [0x481fd010]
Oct 25 16:34:33 ubuntu kernel: [    4.785178] Detected VIPT I-cache on CPU23
Oct 25 16:34:33 ubuntu kernel: [    4.785241] GICv3: CPU23: found redistributor 107 region 0:0x0000000008380000
Oct 25 16:34:33 ubuntu kernel: [    4.785624] GICv3: CPU23: using allocated LPI pending table @0x000000053cba0000
Oct 25 16:34:33 ubuntu kernel: [    4.785662] CPU23: Booted secondary processor 0x0000000107 [0x481fd010]
Oct 25 16:34:33 ubuntu kernel: [    4.990830] Detected VIPT I-cache on CPU24
Oct 25 16:34:33 ubuntu kernel: [    4.990899] GICv3: CPU24: found redistributor 108 region 0:0x00000000083a0000
Oct 25 16:34:33 ubuntu kernel: [    4.991158] GICv3: CPU24: using allocated LPI pending table @0x000000053cbb0000
Oct 25 16:34:33 ubuntu kernel: [    4.991208] CPU24: Booted secondary processor 0x0000000108 [0x481fd010]
Oct 25 16:34:33 ubuntu kernel: [    5.104307] Detected VIPT I-cache on CPU25
Oct 25 16:34:33 ubuntu kernel: [    5.104378] GICv3: CPU25: found redistributor 109 region 0:0x00000000083c0000
Oct 25 16:34:33 ubuntu kernel: [    5.104658] GICv3: CPU25: using allocated LPI pending table @0x000000053cbc0000
Oct 25 16:34:33 ubuntu kernel: [    5.104704] CPU25: Booted secondary processor 0x0000000109 [0x481fd010]
Oct 25 16:34:33 ubuntu kernel: [    5.212269] Detected VIPT I-cache on CPU26
Oct 25 16:34:33 ubuntu kernel: [    5.212348] GICv3: CPU26: found redistributor 10a region 0:0x00000000083e0000
Oct 25 16:34:33 ubuntu kernel: [    5.212589] GICv3: CPU26: using allocated LPI pending table @0x000000053cbd0000
Oct 25 16:34:33 ubuntu kernel: [    5.212629] CPU26: Booted secondary processor 0x000000010a [0x481fd010]
Oct 25 16:34:33 ubuntu kernel: [    5.320555] Detected VIPT I-cache on CPU27
Oct 25 16:34:33 ubuntu kernel: [    5.320693] GICv3: CPU27: found redistributor 10b region 0:0x0000000008400000
Oct 25 16:34:33 ubuntu kernel: [    5.321013] GICv3: CPU27: using allocated LPI pending table @0x000000053cbe0000
Oct 25 16:34:33 ubuntu kernel: [    5.321078] CPU27: Booted secondary processor 0x000000010b [0x481fd010]
Oct 25 16:34:33 ubuntu kernel: [    5.599763] Detected VIPT I-cache on CPU28
Oct 25 16:34:33 ubuntu kernel: [    5.599835] GICv3: CPU28: found redistributor 10c region 0:0x0000000008420000
Oct 25 16:34:33 ubuntu kernel: [    5.600084] GICv3: CPU28: using allocated LPI pending table @0x000000053cbf0000
Oct 25 16:34:33 ubuntu kernel: [    5.600128] CPU28: Booted secondary processor 0x000000010c [0x481fd010]
Oct 25 16:34:33 ubuntu kernel: [    5.879840] Detected VIPT I-cache on CPU29
Oct 25 16:34:33 ubuntu kernel: [    5.879922] GICv3: CPU29: found redistributor 10d region 0:0x0000000008440000
Oct 25 16:34:33 ubuntu kernel: [    5.880235] GICv3: CPU29: using allocated LPI pending table @0x000000051f800000
Oct 25 16:34:33 ubuntu kernel: [    5.880300] CPU29: Booted secondary processor 0x000000010d [0x481fd010]
Oct 25 16:34:33 ubuntu kernel: [    6.163658] Detected VIPT I-cache on CPU30
Oct 25 16:34:33 ubuntu kernel: [    6.163729] GICv3: CPU30: found redistributor 10e region 0:0x0000000008460000
Oct 25 16:34:33 ubuntu kernel: [    6.163997] GICv3: CPU30: using allocated LPI pending table @0x000000051f810000
Oct 25 16:34:33 ubuntu kernel: [    6.164036] CPU30: Booted secondary processor 0x000000010e [0x481fd010]
Oct 25 16:34:33 ubuntu kernel: [    6.442530] Detected VIPT I-cache on CPU31
Oct 25 16:34:33 ubuntu kernel: [    6.442617] GICv3: CPU31: found redistributor 10f region 0:0x0000000008480000
Oct 25 16:34:33 ubuntu kernel: [    6.442958] GICv3: CPU31: using allocated LPI pending table @0x000000051f820000
Oct 25 16:34:33 ubuntu kernel: [    6.443003] CPU31: Booted secondary processor 0x000000010f [0x481fd010]
Oct 25 16:34:33 ubuntu kernel: [    6.443248] smp: Brought up 1 node, 32 CPUs
Oct 25 16:34:33 ubuntu kernel: [    6.443359] SMP: Total of 32 processors activated.
Oct 25 16:34:33 ubuntu kernel: [    6.443365] CPU features: detected: Privileged Access Never
Oct 25 16:34:33 ubuntu kernel: [    6.443368] CPU features: detected: LSE atomic instructions
Oct 25 16:34:33 ubuntu kernel: [    6.443370] CPU features: detected: User Access Override
Oct 25 16:34:33 ubuntu kernel: [    6.443375] CPU features: detected: Common not Private translations
Oct 25 16:34:33 ubuntu kernel: [    6.443378] CPU features: detected: Data cache clean to Point of Persistence
Oct 25 16:34:33 ubuntu kernel: [    6.443380] CPU features: detected: RAS Extension Support
Oct 25 16:34:33 ubuntu kernel: [    6.443384] CPU features: detected: CRC32 instructions
Oct 25 16:34:33 ubuntu kernel: [    6.556750] CPU: All CPU(s) started at EL1
Oct 25 16:34:33 ubuntu kernel: [    6.557164] alternatives: patching kernel code
Oct 25 16:34:33 ubuntu kernel: [    6.564111] devtmpfs: initialized
Oct 25 16:34:33 ubuntu kernel: [    6.565600] Registered cp15_barrier emulation handler
Oct 25 16:34:33 ubuntu kernel: [    6.565789] Registered setend emulation handler
Oct 25 16:34:33 ubuntu kernel: [    6.565794] KASLR disabled due to lack of seed
Oct 25 16:34:33 ubuntu kernel: [    6.566662] clocksource: jiffies: mask: 0xffffffff max_cycles: 0xffffffff, max_idle_ns: 7645041785100000 ns
Oct 25 16:34:33 ubuntu kernel: [    6.567037] futex hash table entries: 8192 (order: 7, 524288 bytes, linear)
Oct 25 16:34:33 ubuntu kernel: [    6.568462] pinctrl core: initialized pinctrl subsystem
Oct 25 16:34:33 ubuntu kernel: [    6.569086] thermal_sys: Registered thermal governor 'fair_share'
Oct 25 16:34:33 ubuntu kernel: [    6.569087] thermal_sys: Registered thermal governor 'bang_bang'
Oct 25 16:34:33 ubuntu kernel: [    6.569089] thermal_sys: Registered thermal governor 'step_wise'
Oct 25 16:34:33 ubuntu kernel: [    6.569091] thermal_sys: Registered thermal governor 'user_space'
Oct 25 16:34:33 ubuntu kernel: [    6.569233] SMBIOS 3.0.0 present.
Oct 25 16:34:33 ubuntu kernel: [    6.569239] DMI: QEMU KVM Virtual Machine, BIOS 0.0.0 02/06/2015
Oct 25 16:34:33 ubuntu kernel: [    6.569957] NET: Registered protocol family 16
Oct 25 16:34:33 ubuntu kernel: [    6.572602] DMA: preallocated 256 KiB pool for atomic allocations
Oct 25 16:34:33 ubuntu kernel: [    6.572610] audit: initializing netlink subsys (disabled)
Oct 25 16:34:33 ubuntu kernel: [    6.572924] audit: type=2000 audit(6.128:1): state=initialized audit_enabled=0 res=1
Oct 25 16:34:33 ubuntu kernel: [    6.573351] cpuidle: using governor ladder
Oct 25 16:34:33 ubuntu kernel: [    6.573365] cpuidle: using governor menu
Oct 25 16:34:33 ubuntu kernel: [    6.573451] hw-breakpoint: found 6 breakpoint and 4 watchpoint registers.
Oct 25 16:34:33 ubuntu kernel: [    6.576073] ASID allocator initialised with 65536 entries
Oct 25 16:34:33 ubuntu kernel: [    6.576219] ACPI: bus type PCI registered
Oct 25 16:34:33 ubuntu kernel: [    6.576230] acpiphp: ACPI Hot Plug PCI Controller Driver version: 0.5
Oct 25 16:34:33 ubuntu kernel: [    6.576471] Serial: AMBA PL011 UART driver
Oct 25 16:34:33 ubuntu kernel: [    6.580456] HugeTLB registered 1.00 GiB page size, pre-allocated 0 pages
Oct 25 16:34:33 ubuntu kernel: [    6.580458] HugeTLB registered 32.0 MiB page size, pre-allocated 0 pages
Oct 25 16:34:33 ubuntu kernel: [    6.580460] HugeTLB registered 2.00 MiB page size, pre-allocated 0 pages
Oct 25 16:34:33 ubuntu kernel: [    6.580462] HugeTLB registered 64.0 KiB page size, pre-allocated 0 pages
Oct 25 16:34:33 ubuntu kernel: [    6.599743] ACPI: Added _OSI(Module Device)
Oct 25 16:34:33 ubuntu kernel: [    6.599745] ACPI: Added _OSI(Processor Device)
Oct 25 16:34:33 ubuntu kernel: [    6.599747] ACPI: Added _OSI(3.0 _SCP Extensions)
Oct 25 16:34:33 ubuntu kernel: [    6.599748] ACPI: Added _OSI(Processor Aggregator Device)
Oct 25 16:34:33 ubuntu kernel: [    6.599750] ACPI: Added _OSI(Linux-Dell-Video)
Oct 25 16:34:33 ubuntu kernel: [    6.599752] ACPI: Added _OSI(Linux-Lenovo-NV-HDMI-Audio)
Oct 25 16:34:33 ubuntu kernel: [    6.599753] ACPI: Added _OSI(Linux-HPI-Hybrid-Graphics)
Oct 25 16:34:33 ubuntu kernel: [    6.600667] ACPI: 1 ACPI AML tables successfully acquired and loaded
Oct 25 16:34:33 ubuntu kernel: [    6.601215] ACPI: Interpreter enabled
Oct 25 16:34:33 ubuntu kernel: [    6.601217] ACPI: Using GIC for interrupt routing
Oct 25 16:34:33 ubuntu kernel: [    6.601241] ACPI: MCFG table detected, 1 entries
Oct 25 16:34:33 ubuntu kernel: [    6.605734] ARMH0011:00: ttyAMA0 at MMIO 0x9000000 (irq = 4, base_baud = 0) is a SBSA
Oct 25 16:34:33 ubuntu kernel: [    6.761727] printk: console [ttyAMA0] enabled
Oct 25 16:34:33 ubuntu kernel: [    6.764467] ACPI: PCI Root Bridge [PCI0] (domain 0000 [bus 00-0f])
Oct 25 16:34:33 ubuntu kernel: [    6.765130] acpi PNP0A08:00: _OSC: OS supports [ExtendedConfig ASPM ClockPM Segments MSI HPX-Type3]
Oct 25 16:34:33 ubuntu kernel: [    6.766214] acpi PNP0A08:00: _OSC: platform does not support [SHPCHotplug LTR]
Oct 25 16:34:33 ubuntu kernel: [    6.767027] acpi PNP0A08:00: _OSC: OS now controls [PCIeHotplug PME AER PCIeCapability]
Oct 25 16:34:33 ubuntu kernel: [    6.768099] acpi PNP0A08:00: ECAM area [mem 0x3f000000-0x3fffffff] reserved by PNP0C02:00
Oct 25 16:34:33 ubuntu kernel: [    6.768948] acpi PNP0A08:00: ECAM at [mem 0x3f000000-0x3fffffff] for [bus 00-0f]
Oct 25 16:34:33 ubuntu kernel: [    6.769717] Remapped I/O 0x000000003eff0000 to [io  0x0000-0xffff window]
Oct 25 16:34:33 ubuntu kernel: [    6.770610] PCI host bridge to bus 0000:00
Oct 25 16:34:33 ubuntu kernel: [    6.771056] pci_bus 0000:00: root bus resource [mem 0x10000000-0x3efeffff window]
Oct 25 16:34:33 ubuntu kernel: [    6.771768] pci_bus 0000:00: root bus resource [io  0x0000-0xffff window]
Oct 25 16:34:33 ubuntu kernel: [    6.772414] pci_bus 0000:00: root bus resource [mem 0x8000000000-0xffffffffff window]
Oct 25 16:34:33 ubuntu kernel: [    6.773160] pci_bus 0000:00: root bus resource [bus 00-0f]
Oct 25 16:34:33 ubuntu kernel: [    6.773743] pci 0000:00:00.0: [1b36:0008] type 00 class 0x060000
Oct 25 16:34:33 ubuntu kernel: [    6.774720] pci 0000:00:01.0: [1b36:000c] type 01 class 0x060400
Oct 25 16:34:33 ubuntu kernel: [    6.776941] pci 0000:00:01.0: reg 0x10: [mem 0x10303000-0x10303fff]
Oct 25 16:34:33 ubuntu kernel: [    6.780336] pci 0000:00:01.1: [1b36:000c] type 01 class 0x060400
Oct 25 16:34:33 ubuntu kernel: [    6.782361] pci 0000:00:01.1: reg 0x10: [mem 0x10302000-0x10302fff]
Oct 25 16:34:33 ubuntu kernel: [    6.788564] pci 0000:00:01.2: [1b36:000c] type 01 class 0x060400
Oct 25 16:34:33 ubuntu kernel: [    6.790835] pci 0000:00:01.2: reg 0x10: [mem 0x10301000-0x10301fff]
Oct 25 16:34:33 ubuntu kernel: [    6.794283] pci 0000:00:01.3: [1b36:000c] type 01 class 0x060400
Oct 25 16:34:33 ubuntu kernel: [    6.796501] pci 0000:00:01.3: reg 0x10: [mem 0x10300000-0x10300fff]
Oct 25 16:34:33 ubuntu kernel: [    6.802948] pci 0000:01:00.0: [1af4:1041] type 00 class 0x020000
Oct 25 16:34:33 ubuntu kernel: [    6.805490] pci 0000:01:00.0: reg 0x14: [mem 0x10200000-0x10200fff]
Oct 25 16:34:33 ubuntu kernel: [    6.808822] pci 0000:01:00.0: reg 0x20: [mem 0x8000000000-0x8000003fff 64bit pref]
Oct 25 16:34:33 ubuntu kernel: [    6.810705] pci 0000:01:00.0: reg 0x30: [mem 0xfff80000-0xffffffff pref]
Oct 25 16:34:33 ubuntu kernel: [    6.814750] pci 0000:02:00.0: [1b36:000d] type 00 class 0x0c0330
Oct 25 16:34:33 ubuntu kernel: [    6.815396] pci 0000:02:00.0: reg 0x10: [mem 0x10100000-0x10103fff 64bit]
Oct 25 16:34:33 ubuntu kernel: [    6.817004] pci 0000:03:00.0: [1af4:1048] type 00 class 0x010000
Oct 25 16:34:33 ubuntu kernel: [    6.819052] pci 0000:03:00.0: reg 0x14: [mem 0x10000000-0x10000fff]
Oct 25 16:34:33 ubuntu kernel: [    6.822315] pci 0000:03:00.0: reg 0x20: [mem 0x8000100000-0x8000103fff 64bit pref]
Oct 25 16:34:33 ubuntu kernel: [    6.829487] pci 0000:00:01.0: bridge window [io  0x1000-0x0fff] to [bus 01] add_size 1000
Oct 25 16:34:33 ubuntu kernel: [    6.830524] pci 0000:00:01.0: bridge window [mem 0x00100000-0x001fffff 64bit pref] to [bus 01] add_size 100000 add_align 100000
Oct 25 16:34:33 ubuntu kernel: [    6.831889] pci 0000:00:01.0: bridge window [mem 0x00100000-0x001fffff] to [bus 01] add_size 100000 add_align 100000
Oct 25 16:34:33 ubuntu kernel: [    6.833130] pci 0000:00:01.1: bridge window [io  0x1000-0x0fff] to [bus 02] add_size 1000
Oct 25 16:34:33 ubuntu kernel: [    6.834085] pci 0000:00:01.1: bridge window [mem 0x00100000-0x000fffff 64bit pref] to [bus 02] add_size 200000 add_align 100000
Oct 25 16:34:33 ubuntu kernel: [    6.836311] pci 0000:00:01.1: bridge window [mem 0x00100000-0x001fffff] to [bus 02] add_size 100000 add_align 100000
Oct 25 16:34:33 ubuntu kernel: [    6.837391] pci 0000:00:01.2: bridge window [io  0x1000-0x0fff] to [bus 03] add_size 1000
Oct 25 16:34:33 ubuntu kernel: [    6.838224] pci 0000:00:01.2: bridge window [mem 0x00100000-0x001fffff 64bit pref] to [bus 03] add_size 100000 add_align 100000
Oct 25 16:34:33 ubuntu kernel: [    6.839377] pci 0000:00:01.2: bridge window [mem 0x00100000-0x001fffff] to [bus 03] add_size 100000 add_align 100000
Oct 25 16:34:33 ubuntu kernel: [    6.840460] pci 0000:00:01.3: bridge window [io  0x1000-0x0fff] to [bus 04] add_size 1000
Oct 25 16:34:33 ubuntu kernel: [    6.841296] pci 0000:00:01.3: bridge window [mem 0x00100000-0x000fffff 64bit pref] to [bus 04] add_size 200000 add_align 100000
Oct 25 16:34:33 ubuntu kernel: [    6.842478] pci 0000:00:01.3: bridge window [mem 0x00100000-0x000fffff] to [bus 04] add_size 200000 add_align 100000
Oct 25 16:34:33 ubuntu kernel: [    6.843613] pci 0000:00:01.0: BAR 14: assigned [mem 0x10000000-0x101fffff]
Oct 25 16:34:33 ubuntu kernel: [    6.844324] pci 0000:00:01.0: BAR 15: assigned [mem 0x8000000000-0x80001fffff 64bit pref]
Oct 25 16:34:33 ubuntu kernel: [    6.845180] pci 0000:00:01.1: BAR 14: assigned [mem 0x10200000-0x103fffff]
Oct 25 16:34:33 ubuntu kernel: [    6.845861] pci 0000:00:01.1: BAR 15: assigned [mem 0x8000200000-0x80003fffff 64bit pref]
Oct 25 16:34:33 ubuntu kernel: [    6.846671] pci 0000:00:01.2: BAR 14: assigned [mem 0x10400000-0x105fffff]
Oct 25 16:34:33 ubuntu kernel: [    6.847364] pci 0000:00:01.2: BAR 15: assigned [mem 0x8000400000-0x80005fffff 64bit pref]
Oct 25 16:34:33 ubuntu kernel: [    6.848176] pci 0000:00:01.3: BAR 14: assigned [mem 0x10600000-0x107fffff]
Oct 25 16:34:33 ubuntu kernel: [    6.848852] pci 0000:00:01.3: BAR 15: assigned [mem 0x8000600000-0x80007fffff 64bit pref]
Oct 25 16:34:33 ubuntu kernel: [    6.849702] pci 0000:00:01.0: BAR 0: assigned [mem 0x10800000-0x10800fff]
Oct 25 16:34:33 ubuntu kernel: [    6.850814] pci 0000:00:01.0: BAR 13: assigned [io  0x1000-0x1fff]
Oct 25 16:34:33 ubuntu kernel: [    6.851494] pci 0000:00:01.1: BAR 0: assigned [mem 0x10801000-0x10801fff]
Oct 25 16:34:33 ubuntu kernel: [    6.852493] pci 0000:00:01.1: BAR 13: assigned [io  0x2000-0x2fff]
Oct 25 16:34:33 ubuntu kernel: [    6.853086] pci 0000:00:01.2: BAR 0: assigned [mem 0x10802000-0x10802fff]
Oct 25 16:34:33 ubuntu kernel: [    6.854053] pci 0000:00:01.2: BAR 13: assigned [io  0x3000-0x3fff]
Oct 25 16:34:33 ubuntu kernel: [    6.854651] pci 0000:00:01.3: BAR 0: assigned [mem 0x10803000-0x10803fff]
Oct 25 16:34:33 ubuntu kernel: [    6.855626] pci 0000:00:01.3: BAR 13: assigned [io  0x4000-0x4fff]
Oct 25 16:34:33 ubuntu kernel: [    6.856229] pci 0000:01:00.0: BAR 6: assigned [mem 0x10000000-0x1007ffff pref]
Oct 25 16:34:33 ubuntu kernel: [    6.856941] pci 0000:01:00.0: BAR 4: assigned [mem 0x8000000000-0x8000003fff 64bit pref]
Oct 25 16:34:33 ubuntu kernel: [    6.858377] pci 0000:01:00.0: BAR 1: assigned [mem 0x10080000-0x10080fff]
Oct 25 16:34:33 ubuntu kernel: [    6.859376] pci 0000:00:01.0: PCI bridge to [bus 01]
Oct 25 16:34:33 ubuntu kernel: [    6.859873] pci 0000:00:01.0:   bridge window [io  0x1000-0x1fff]
Oct 25 16:34:33 ubuntu kernel: [    6.861865] pci 0000:00:01.0:   bridge window [mem 0x10000000-0x101fffff]
Oct 25 16:34:33 ubuntu kernel: [    6.862989] pci 0000:00:01.0:   bridge window [mem 0x8000000000-0x80001fffff 64bit pref]
Oct 25 16:34:33 ubuntu kernel: [    6.864635] pci 0000:02:00.0: BAR 0: assigned [mem 0x10200000-0x10203fff 64bit]
Oct 25 16:34:33 ubuntu kernel: [    6.865354] pci 0000:00:01.1: PCI bridge to [bus 02]
Oct 25 16:34:33 ubuntu kernel: [    6.865974] pci 0000:00:01.1:   bridge window [io  0x2000-0x2fff]
Oct 25 16:34:33 ubuntu kernel: [    6.867268] pci 0000:00:01.1:   bridge window [mem 0x10200000-0x103fffff]
Oct 25 16:34:33 ubuntu kernel: [    6.868490] pci 0000:00:01.1:   bridge window [mem 0x8000200000-0x80003fffff 64bit pref]
Oct 25 16:34:33 ubuntu kernel: [    6.870201] pci 0000:03:00.0: BAR 4: assigned [mem 0x8000400000-0x8000403fff 64bit pref]
Oct 25 16:34:33 ubuntu kernel: [    6.871743] pci 0000:03:00.0: BAR 1: assigned [mem 0x10400000-0x10400fff]
Oct 25 16:34:33 ubuntu kernel: [    6.873931] pci 0000:00:01.2: PCI bridge to [bus 03]
Oct 25 16:34:33 ubuntu kernel: [    6.874465] pci 0000:00:01.2:   bridge window [io  0x3000-0x3fff]
Oct 25 16:34:33 ubuntu kernel: [    6.875876] pci 0000:00:01.2:   bridge window [mem 0x10400000-0x105fffff]
Oct 25 16:34:33 ubuntu kernel: [    6.877062] pci 0000:00:01.2:   bridge window [mem 0x8000400000-0x80005fffff 64bit pref]
Oct 25 16:34:33 ubuntu kernel: [    6.878873] pci 0000:00:01.3: PCI bridge to [bus 04]
Oct 25 16:34:33 ubuntu kernel: [    6.879460] pci 0000:00:01.3:   bridge window [io  0x4000-0x4fff]
Oct 25 16:34:33 ubuntu kernel: [    6.880847] pci 0000:00:01.3:   bridge window [mem 0x10600000-0x107fffff]
Oct 25 16:34:33 ubuntu kernel: [    6.882031] pci 0000:00:01.3:   bridge window [mem 0x8000600000-0x80007fffff 64bit pref]
Oct 25 16:34:33 ubuntu kernel: [    6.885006] pci_bus 0000:00: resource 4 [mem 0x10000000-0x3efeffff window]
Oct 25 16:34:33 ubuntu kernel: [    6.885747] pci_bus 0000:00: resource 5 [io  0x0000-0xffff window]
Oct 25 16:34:33 ubuntu kernel: [    6.886416] pci_bus 0000:00: resource 6 [mem 0x8000000000-0xffffffffff window]
Oct 25 16:34:33 ubuntu kernel: [    6.887173] pci_bus 0000:01: resource 0 [io  0x1000-0x1fff]
Oct 25 16:34:33 ubuntu kernel: [    6.887762] pci_bus 0000:01: resource 1 [mem 0x10000000-0x101fffff]
Oct 25 16:34:33 ubuntu kernel: [    6.888489] pci_bus 0000:01: resource 2 [mem 0x8000000000-0x80001fffff 64bit pref]
Oct 25 16:34:33 ubuntu kernel: [    6.889285] pci_bus 0000:02: resource 0 [io  0x2000-0x2fff]
Oct 25 16:34:33 ubuntu kernel: [    6.889875] pci_bus 0000:02: resource 1 [mem 0x10200000-0x103fffff]
Oct 25 16:34:33 ubuntu kernel: [    6.890528] pci_bus 0000:02: resource 2 [mem 0x8000200000-0x80003fffff 64bit pref]
Oct 25 16:34:33 ubuntu kernel: [    6.891328] pci_bus 0000:03: resource 0 [io  0x3000-0x3fff]
Oct 25 16:34:33 ubuntu kernel: [    6.891922] pci_bus 0000:03: resource 1 [mem 0x10400000-0x105fffff]
Oct 25 16:34:33 ubuntu kernel: [    6.892517] pci_bus 0000:03: resource 2 [mem 0x8000400000-0x80005fffff 64bit pref]
Oct 25 16:34:33 ubuntu kernel: [    6.893235] pci_bus 0000:04: resource 0 [io  0x4000-0x4fff]
Oct 25 16:34:33 ubuntu kernel: [    6.893763] pci_bus 0000:04: resource 1 [mem 0x10600000-0x107fffff]
Oct 25 16:34:33 ubuntu kernel: [    6.894365] pci_bus 0000:04: resource 2 [mem 0x8000600000-0x80007fffff 64bit pref]
Oct 25 16:34:33 ubuntu kernel: [    6.895166] ACPI: PCI Interrupt Link [GSI0] (IRQs *35)
Oct 25 16:34:33 ubuntu kernel: [    6.895680] ACPI: PCI Interrupt Link [GSI1] (IRQs *36)
Oct 25 16:34:33 ubuntu kernel: [    6.896172] ACPI: PCI Interrupt Link [GSI2] (IRQs *37)
Oct 25 16:34:33 ubuntu kernel: [    6.896745] ACPI: PCI Interrupt Link [GSI3] (IRQs *38)
Oct 25 16:34:33 ubuntu kernel: [    6.898572] iommu: Default domain type: Translated 
Oct 25 16:34:33 ubuntu kernel: [    6.899190] vgaarb: loaded
Oct 25 16:34:33 ubuntu kernel: [    6.899921] SCSI subsystem initialized
Oct 25 16:34:33 ubuntu kernel: [    6.900915] libata version 3.00 loaded.
Oct 25 16:34:33 ubuntu kernel: [    6.900976] ACPI: bus type USB registered
Oct 25 16:34:33 ubuntu kernel: [    6.901424] usbcore: registered new interface driver usbfs
Oct 25 16:34:33 ubuntu kernel: [    6.901995] usbcore: registered new interface driver hub
Oct 25 16:34:33 ubuntu kernel: [    6.903028] usbcore: registered new device driver usb
Oct 25 16:34:33 ubuntu kernel: [    6.903619] pps_core: LinuxPPS API ver. 1 registered
Oct 25 16:34:33 ubuntu kernel: [    6.904095] pps_core: Software ver. 5.3.6 - Copyright 2005-2007 Rodolfo Giometti <giometti@linux.it>
Oct 25 16:34:33 ubuntu kernel: [    6.905023] PTP clock support registered
Oct 25 16:34:33 ubuntu kernel: [    6.906172] EDAC MC: Ver: 3.0.0
Oct 25 16:34:33 ubuntu kernel: [    6.907169] Registered efivars operations
Oct 25 16:34:33 ubuntu kernel: [    6.910401] NetLabel: Initializing
Oct 25 16:34:33 ubuntu kernel: [    6.910745] NetLabel:  domain hash size = 128
Oct 25 16:34:33 ubuntu kernel: [    6.911158] NetLabel:  protocols = UNLABELED CIPSOv4 CALIPSO
Oct 25 16:34:33 ubuntu kernel: [    6.911752] NetLabel:  unlabeled traffic allowed by default
Oct 25 16:34:33 ubuntu kernel: [    6.913209] clocksource: Switched to clocksource arch_sys_counter
Oct 25 16:34:33 ubuntu kernel: [    6.937115] VFS: Disk quotas dquot_6.6.0
Oct 25 16:34:33 ubuntu kernel: [    6.937600] VFS: Dquot-cache hash table entries: 512 (order 0, 4096 bytes)
Oct 25 16:34:33 ubuntu kernel: [    6.938637] AppArmor: AppArmor Filesystem Enabled
Oct 25 16:34:33 ubuntu kernel: [    6.939178] pnp: PnP ACPI init
Oct 25 16:34:33 ubuntu kernel: [    6.939733] system 00:00: [mem 0x3f000000-0x3fffffff] could not be reserved
Oct 25 16:34:33 ubuntu kernel: [    6.940416] system 00:00: Plug and Play ACPI device, IDs PNP0c02 (active)
Oct 25 16:34:33 ubuntu kernel: [    6.940424] pnp: PnP ACPI: found 1 devices
Oct 25 16:34:33 ubuntu kernel: [    6.946752] NET: Registered protocol family 2
Oct 25 16:34:33 ubuntu kernel: [    6.948034] tcp_listen_portaddr_hash hash table entries: 16384 (order: 6, 262144 bytes, linear)
Oct 25 16:34:33 ubuntu kernel: [    6.950301] TCP established hash table entries: 262144 (order: 9, 2097152 bytes, linear)
Oct 25 16:34:33 ubuntu kernel: [    6.952058] TCP bind hash table entries: 65536 (order: 8, 1048576 bytes, linear)
Oct 25 16:34:33 ubuntu kernel: [    6.952890] TCP: Hash tables configured (established 262144 bind 65536)
Oct 25 16:34:33 ubuntu kernel: [    6.954214] UDP hash table entries: 16384 (order: 7, 524288 bytes, linear)
Oct 25 16:34:33 ubuntu kernel: [    6.955265] UDP-Lite hash table entries: 16384 (order: 7, 524288 bytes, linear)
Oct 25 16:34:33 ubuntu kernel: [    6.956249] NET: Registered protocol family 1
Oct 25 16:34:33 ubuntu kernel: [    6.956711] NET: Registered protocol family 44
Oct 25 16:34:33 ubuntu kernel: [    6.957255] pci 0000:02:00.0: enabling device (0000 -> 0002)
Oct 25 16:34:33 ubuntu kernel: [    6.958294] PCI: CLS 0 bytes, default 64
Oct 25 16:34:33 ubuntu kernel: [    6.958876] Trying to unpack rootfs image as initramfs...
Oct 25 16:34:33 ubuntu kernel: [    8.008311] Freeing initrd memory: 61292K
Oct 25 16:34:33 ubuntu kernel: [    8.037995] hw perfevents: enabled with armv8_pmuv3_0 PMU driver, 13 counters available
Oct 25 16:34:33 ubuntu kernel: [    8.038946] kvm [1]: HYP mode not available
Oct 25 16:34:33 ubuntu kernel: [    8.040427] Initialise system trusted keyrings
Oct 25 16:34:33 ubuntu kernel: [    8.040968] Key type blacklist registered
Oct 25 16:34:33 ubuntu kernel: [    8.041921] workingset: timestamp_bits=40 max_order=23 bucket_order=0
Oct 25 16:34:33 ubuntu kernel: [    8.044352] zbud: loaded
Oct 25 16:34:33 ubuntu kernel: [    8.045326] squashfs: version 4.0 (2009/01/31) Phillip Lougher
Oct 25 16:34:33 ubuntu kernel: [    8.046572] fuse: init (API version 7.31)
Oct 25 16:34:33 ubuntu kernel: [    8.047744] integrity: Platform Keyring initialized
Oct 25 16:34:33 ubuntu kernel: [    8.053469] [mitosis-origin] pgd_alloc for mm=ffff000495852000 and mm->pgd =ffff0004de845000.
Oct 25 16:34:33 ubuntu kernel: [    8.061601] Key type asymmetric registered
Oct 25 16:34:33 ubuntu kernel: [    8.062006] Asymmetric key parser 'x509' registered
Oct 25 16:34:33 ubuntu kernel: [    8.063174] Block layer SCSI generic (bsg) driver version 0.4 loaded (major 244)
Oct 25 16:34:33 ubuntu kernel: [    8.065849] io scheduler mq-deadline registered
Oct 25 16:34:33 ubuntu kernel: [    8.072115] pl061_gpio ARMH0061:00: PL061 GPIO chip registered
Oct 25 16:34:33 ubuntu kernel: [    8.073011] PCI Interrupt Link [GSI1] enabled at IRQ 36
Oct 25 16:34:33 ubuntu kernel: [    8.074468] pcieport 0000:00:01.0: PME: Signaling with IRQ 44
Oct 25 16:34:33 ubuntu kernel: [    8.075374] pcieport 0000:00:01.0: AER: enabled with IRQ 44
Oct 25 16:34:33 ubuntu kernel: [    8.076009] pcieport 0000:00:01.0: pciehp: Slot #0 AttnBtn+ PwrCtrl+ MRL- AttnInd+ PwrInd+ HotPlug+ Surprise+ Interlock+ NoCompl- IbPresDis- LLActRep-
Oct 25 16:34:33 ubuntu kernel: [    8.078565] pcieport 0000:00:01.1: PME: Signaling with IRQ 45
Oct 25 16:34:33 ubuntu kernel: [    8.079439] pcieport 0000:00:01.1: AER: enabled with IRQ 45
Oct 25 16:34:33 ubuntu kernel: [    8.080083] pcieport 0000:00:01.1: pciehp: Slot #0 AttnBtn+ PwrCtrl+ MRL- AttnInd+ PwrInd+ HotPlug+ Surprise+ Interlock+ NoCompl- IbPresDis- LLActRep-
Oct 25 16:34:33 ubuntu kernel: [    8.082476] pcieport 0000:00:01.2: PME: Signaling with IRQ 46
Oct 25 16:34:33 ubuntu kernel: [    8.083465] pcieport 0000:00:01.2: AER: enabled with IRQ 46
Oct 25 16:34:33 ubuntu kernel: [    8.084089] pcieport 0000:00:01.2: pciehp: Slot #0 AttnBtn+ PwrCtrl+ MRL- AttnInd+ PwrInd+ HotPlug+ Surprise+ Interlock+ NoCompl- IbPresDis- LLActRep-
Oct 25 16:34:33 ubuntu kernel: [    8.086476] pcieport 0000:00:01.3: PME: Signaling with IRQ 47
Oct 25 16:34:33 ubuntu kernel: [    8.087309] pcieport 0000:00:01.3: AER: enabled with IRQ 47
Oct 25 16:34:33 ubuntu kernel: [    8.087937] pcieport 0000:00:01.3: pciehp: Slot #0 AttnBtn+ PwrCtrl+ MRL- AttnInd+ PwrInd+ HotPlug+ Surprise+ Interlock+ NoCompl- IbPresDis- LLActRep-
Oct 25 16:34:33 ubuntu kernel: [    8.089767] pcieport 0000:00:01.3: pciehp: Slot(0-3): Link Up
Oct 25 16:34:33 ubuntu kernel: [    8.090554] shpchp: Standard Hot Plug PCI Controller Driver version: 0.4
Oct 25 16:34:33 ubuntu kernel: [    8.091774] input: Power Button as /devices/LNXSYSTM:00/LNXSYBUS:00/PNP0C0C:00/input/input0
Oct 25 16:34:33 ubuntu kernel: [    8.092610] ACPI: Power Button [PWRB]
Oct 25 16:34:33 ubuntu kernel: [    8.098925] Serial: 8250/16550 driver, 32 ports, IRQ sharing enabled
Oct 25 16:34:33 ubuntu kernel: [    8.103058] msm_serial: driver initialized
Oct 25 16:34:33 ubuntu kernel: [    8.104142] cacheinfo: Unable to detect cache hierarchy for CPU 0
Oct 25 16:34:33 ubuntu kernel: [    8.112415] loop: module loaded
Oct 25 16:34:33 ubuntu kernel: [    8.113580] libphy: Fixed MDIO Bus: probed
Oct 25 16:34:33 ubuntu kernel: [    8.113982] tun: Universal TUN/TAP device driver, 1.6
Oct 25 16:34:33 ubuntu kernel: [    8.114688] PPP generic driver version 2.4.2
Oct 25 16:34:33 ubuntu kernel: [    8.115241] ehci_hcd: USB 2.0 'Enhanced' Host Controller (EHCI) Driver
Oct 25 16:34:33 ubuntu kernel: [    8.115883] ehci-pci: EHCI PCI platform driver
Oct 25 16:34:33 ubuntu kernel: [    8.116340] ehci-orion: EHCI orion driver
Oct 25 16:34:33 ubuntu kernel: [    8.116747] ohci_hcd: USB 1.1 'Open' Host Controller (OHCI) Driver
Oct 25 16:34:33 ubuntu kernel: [    8.117374] ohci-pci: OHCI PCI platform driver
Oct 25 16:34:33 ubuntu kernel: [    8.117822] uhci_hcd: USB Universal Host Controller Interface driver
Oct 25 16:34:33 ubuntu kernel: [    8.118986] xhci_hcd 0000:02:00.0: xHCI Host Controller
Oct 25 16:34:33 ubuntu kernel: [    8.119511] xhci_hcd 0000:02:00.0: new USB bus registered, assigned bus number 1
Oct 25 16:34:33 ubuntu kernel: [    8.120558] xhci_hcd 0000:02:00.0: hcc params 0x00087001 hci version 0x100 quirks 0x0000000000000010
Oct 25 16:34:33 ubuntu kernel: [    8.122624] usb usb1: New USB device found, idVendor=1d6b, idProduct=0002, bcdDevice= 5.07
Oct 25 16:34:33 ubuntu kernel: [    8.123405] usb usb1: New USB device strings: Mfr=3, Product=2, SerialNumber=1
Oct 25 16:34:33 ubuntu kernel: [    8.124071] usb usb1: Product: xHCI Host Controller
Oct 25 16:34:33 ubuntu kernel: [    8.124534] usb usb1: Manufacturer: Linux 5.7.1 xhci-hcd
Oct 25 16:34:33 ubuntu kernel: [    8.125421] usb usb1: SerialNumber: 0000:02:00.0
Oct 25 16:34:33 ubuntu kernel: [    8.126152] hub 1-0:1.0: USB hub found
Oct 25 16:34:33 ubuntu kernel: [    8.126555] hub 1-0:1.0: 8 ports detected
Oct 25 16:34:33 ubuntu kernel: [    8.127303] xhci_hcd 0000:02:00.0: xHCI Host Controller
Oct 25 16:34:33 ubuntu kernel: [    8.127799] xhci_hcd 0000:02:00.0: new USB bus registered, assigned bus number 2
Oct 25 16:34:33 ubuntu kernel: [    8.128498] xhci_hcd 0000:02:00.0: Host supports USB 3.0 SuperSpeed
Oct 25 16:34:33 ubuntu kernel: [    8.129132] usb usb2: We don't know the algorithms for LPM for this host, disabling LPM.
Oct 25 16:34:33 ubuntu kernel: [    8.130027] usb usb2: New USB device found, idVendor=1d6b, idProduct=0003, bcdDevice= 5.07
Oct 25 16:34:33 ubuntu kernel: [    8.130890] usb usb2: New USB device strings: Mfr=3, Product=2, SerialNumber=1
Oct 25 16:34:33 ubuntu kernel: [    8.131597] usb usb2: Product: xHCI Host Controller
Oct 25 16:34:33 ubuntu kernel: [    8.132070] usb usb2: Manufacturer: Linux 5.7.1 xhci-hcd
Oct 25 16:34:33 ubuntu kernel: [    8.132592] usb usb2: SerialNumber: 0000:02:00.0
Oct 25 16:34:33 ubuntu kernel: [    8.133439] hub 2-0:1.0: USB hub found
Oct 25 16:34:33 ubuntu kernel: [    8.133847] hub 2-0:1.0: 8 ports detected
Oct 25 16:34:33 ubuntu kernel: [    8.134837] mousedev: PS/2 mouse device common for all mice
Oct 25 16:34:33 ubuntu kernel: [    8.135962] rtc-efi rtc-efi.0: registered as rtc0
Oct 25 16:34:33 ubuntu kernel: [    8.136702] rtc-efi rtc-efi.0: setting system clock to 2020-10-25T08:34:27 UTC (1603614867)
Oct 25 16:34:33 ubuntu kernel: [    8.137728] i2c /dev entries driver
Oct 25 16:34:33 ubuntu kernel: [    8.138307] device-mapper: uevent: version 1.0.3
Oct 25 16:34:33 ubuntu kernel: [    8.138942] device-mapper: ioctl: 4.42.0-ioctl (2020-02-27) initialised: dm-devel@redhat.com
Oct 25 16:34:33 ubuntu kernel: [    8.141534] ledtrig-cpu: registered to indicate activity on CPUs
Oct 25 16:34:33 ubuntu kernel: [    8.142213] EFI Variables Facility v0.08 2004-May-17
Oct 25 16:34:33 ubuntu kernel: [    8.146403] NET: Registered protocol family 10
Oct 25 16:34:33 ubuntu kernel: [    8.148504] [mitosis-origin] pgd_alloc for mm=ffff0004954ffc00 and mm->pgd =ffff0004dda39000.
Oct 25 16:34:33 ubuntu kernel: [    8.154058] [mitosis-origin] pgd_alloc for mm=ffff0004954f9c00 and mm->pgd =ffff0004de484000.
Oct 25 16:34:33 ubuntu kernel: [    8.155289] [mitosis-origin] pgd_free for mm=ffff0004954ffc00 and pgd =ffff0004dda39000 and mm->pgd=ffff0004dda39000.
Oct 25 16:34:33 ubuntu kernel: [    8.158943] [mitosis-origin] pgd_alloc for mm=ffff0004954ffc00 and mm->pgd =ffff0004d172f000.
Oct 25 16:34:33 ubuntu kernel: [    8.160177] [mitosis-origin] pgd_free for mm=ffff0004954f9c00 and pgd =ffff0004de484000 and mm->pgd=ffff0004de484000.
Oct 25 16:34:33 ubuntu kernel: [    8.163298] [mitosis-origin] pgd_alloc for mm=ffff000495512000 and mm->pgd =ffff0004df1c8000.
Oct 25 16:34:33 ubuntu kernel: [    8.165300] [mitosis-origin] pgd_alloc for mm=ffff000495511800 and mm->pgd =ffff0004df1d8000.
Oct 25 16:34:33 ubuntu kernel: [    8.166188] [mitosis-origin] pgd_free for mm=ffff000495512000 and pgd =ffff0004df1c8000 and mm->pgd=ffff0004df1c8000.
Oct 25 16:34:33 ubuntu kernel: [    8.168979] [mitosis-origin] pgd_alloc for mm=ffff000495583800 and mm->pgd =ffff0004df258000.
Oct 25 16:34:33 ubuntu kernel: [    8.172887] Segment Routing with IPv6
Oct 25 16:34:33 ubuntu kernel: [    8.173688] NET: Registered protocol family 17
Oct 25 16:34:33 ubuntu kernel: [    8.174758] Key type dns_resolver registered
Oct 25 16:34:33 ubuntu kernel: [    8.175810] registered taskstats version 1
Oct 25 16:34:33 ubuntu kernel: [    8.176595] Loading compiled-in X.509 certificates
Oct 25 16:34:33 ubuntu kernel: [    8.178416] [mitosis-origin] pgd_alloc for mm=ffff000495580000 and mm->pgd =ffff0004df268000.
Oct 25 16:34:33 ubuntu kernel: [    8.179935] [mitosis-origin] pgd_free for mm=ffff000495583800 and pgd =ffff0004df258000 and mm->pgd=ffff0004df258000.
Oct 25 16:34:33 ubuntu kernel: [    8.183596] Loaded X.509 cert 'Build time autogenerated kernel key: 5fc9bbbf10d23f3f9dda6c889ba5358a20950e89'
Oct 25 16:34:33 ubuntu kernel: [    8.185040] zswap: loaded using pool lzo/zbud
Oct 25 16:34:33 ubuntu kernel: [    8.186496] Key type ._fscrypt registered
Oct 25 16:34:33 ubuntu kernel: [    8.186993] Key type .fscrypt registered
Oct 25 16:34:33 ubuntu kernel: [    8.187456] Key type fscrypt-provisioning registered
Oct 25 16:34:33 ubuntu kernel: [    8.188370] [mitosis-origin] pgd_alloc for mm=ffff0004954f9c00 and mm->pgd =ffff0004de46c000.
Oct 25 16:34:33 ubuntu kernel: [    8.190757] [mitosis-origin] pgd_free for mm=ffff0004954ffc00 and pgd =ffff0004d172f000 and mm->pgd=ffff0004d172f000.
Oct 25 16:34:33 ubuntu kernel: [    8.196009] [mitosis-origin] pgd_alloc for mm=ffff0004954ffc00 and mm->pgd =ffff000495541000.
Oct 25 16:34:33 ubuntu kernel: [    8.197896] [mitosis-origin] pgd_free for mm=ffff0004954f9c00 and pgd =ffff0004de46c000 and mm->pgd=ffff0004de46c000.
Oct 25 16:34:33 ubuntu kernel: [    8.200178] [mitosis-origin] pgd_alloc for mm=ffff0004954f9c00 and mm->pgd =ffff000495545000.
Oct 25 16:34:33 ubuntu kernel: [    8.201151] [mitosis-origin] pgd_free for mm=ffff0004954ffc00 and pgd =ffff000495541000 and mm->pgd=ffff000495541000.
Oct 25 16:34:33 ubuntu kernel: [    8.204827] [mitosis-origin] pgd_free for mm=ffff000495511800 and pgd =ffff0004df1d8000 and mm->pgd=ffff0004df1d8000.
Oct 25 16:34:33 ubuntu kernel: [    8.207961] [mitosis-origin] pgd_alloc for mm=ffff000495511800 and mm->pgd =ffff0004df1d8000.
Oct 25 16:34:33 ubuntu kernel: [    8.212968] [mitosis-origin] pgd_free for mm=ffff000495511800 and pgd =ffff0004df1d8000 and mm->pgd=ffff0004df1d8000.
Oct 25 16:34:33 ubuntu kernel: [    8.217490] cryptd: max_cpu_qlen set to 1000
Oct 25 16:34:33 ubuntu kernel: [    8.221287] [mitosis-origin] pgd_free for mm=ffff000495580000 and pgd =ffff0004df268000 and mm->pgd=ffff0004df268000.
Oct 25 16:34:33 ubuntu kernel: [    8.223684] [mitosis-origin] pgd_alloc for mm=ffff0004956fa000 and mm->pgd =ffff0004df2a9000.
Oct 25 16:34:33 ubuntu kernel: [    8.226561] [mitosis-origin] pgd_alloc for mm=ffff0004956f9800 and mm->pgd =ffff0004954a5000.
Oct 25 16:34:33 ubuntu kernel: [    8.227588] [mitosis-origin] pgd_free for mm=ffff0004956fa000 and pgd =ffff0004df2a9000 and mm->pgd=ffff0004df2a9000.
Oct 25 16:34:33 ubuntu kernel: [    8.230344] [mitosis-origin] pgd_alloc for mm=ffff0004956fa000 and mm->pgd =ffff0004954ad000.
Oct 25 16:34:33 ubuntu kernel: [    8.231382] [mitosis-origin] pgd_free for mm=ffff0004956f9800 and pgd =ffff0004954a5000 and mm->pgd=ffff0004954a5000.
Oct 25 16:34:33 ubuntu kernel: [    8.233858] [mitosis-origin] pgd_alloc for mm=ffff0004956f9800 and mm->pgd =ffff0004954b1000.
Oct 25 16:34:33 ubuntu kernel: [    8.234774] [mitosis-origin] pgd_free for mm=ffff0004956fa000 and pgd =ffff0004954ad000 and mm->pgd=ffff0004954ad000.
Oct 25 16:34:33 ubuntu kernel: [    8.237067] [mitosis-origin] pgd_alloc for mm=ffff0004956fa000 and mm->pgd =ffff0004954b5000.
Oct 25 16:34:33 ubuntu kernel: [    8.238077] [mitosis-origin] pgd_free for mm=ffff0004956f9800 and pgd =ffff0004954b1000 and mm->pgd=ffff0004954b1000.
Oct 25 16:34:33 ubuntu kernel: [    8.240554] [mitosis-origin] pgd_alloc for mm=ffff0004956f9800 and mm->pgd =ffff000495731000.
Oct 25 16:34:33 ubuntu kernel: [    8.241557] [mitosis-origin] pgd_free for mm=ffff0004956fa000 and pgd =ffff0004954b5000 and mm->pgd=ffff0004954b5000.
Oct 25 16:34:33 ubuntu kernel: [    8.244217] [mitosis-origin] pgd_alloc for mm=ffff0004956fa000 and mm->pgd =ffff000495735000.
Oct 25 16:34:33 ubuntu kernel: [    8.245069] [mitosis-origin] pgd_free for mm=ffff0004956f9800 and pgd =ffff000495731000 and mm->pgd=ffff000495731000.
Oct 25 16:34:33 ubuntu kernel: [    8.247280] [mitosis-origin] pgd_alloc for mm=ffff0004956f9800 and mm->pgd =ffff000495739000.
Oct 25 16:34:33 ubuntu kernel: [    8.248123] [mitosis-origin] pgd_free for mm=ffff0004956fa000 and pgd =ffff000495735000 and mm->pgd=ffff000495735000.
Oct 25 16:34:33 ubuntu kernel: [    8.250253] [mitosis-origin] pgd_alloc for mm=ffff0004956fa000 and mm->pgd =ffff00049573d000.
Oct 25 16:34:33 ubuntu kernel: [    8.251153] [mitosis-origin] pgd_free for mm=ffff0004956f9800 and pgd =ffff000495739000 and mm->pgd=ffff000495739000.
Oct 25 16:34:33 ubuntu kernel: [    8.253468] [mitosis-origin] pgd_alloc for mm=ffff0004956f9800 and mm->pgd =ffff000495742000.
Oct 25 16:34:33 ubuntu kernel: [    8.254314] [mitosis-origin] pgd_free for mm=ffff0004956fa000 and pgd =ffff00049573d000 and mm->pgd=ffff00049573d000.
Oct 25 16:34:33 ubuntu kernel: [    8.256730] [mitosis-origin] pgd_alloc for mm=ffff0004956fa000 and mm->pgd =ffff000495746000.
Oct 25 16:34:33 ubuntu kernel: [    8.257641] [mitosis-origin] pgd_free for mm=ffff0004956f9800 and pgd =ffff000495742000 and mm->pgd=ffff000495742000.
Oct 25 16:34:33 ubuntu kernel: [    8.259757] [mitosis-origin] pgd_alloc for mm=ffff0004956f9800 and mm->pgd =ffff00049574a000.
Oct 25 16:34:33 ubuntu kernel: [    8.260617] [mitosis-origin] pgd_free for mm=ffff0004956fa000 and pgd =ffff000495746000 and mm->pgd=ffff000495746000.
Oct 25 16:34:33 ubuntu kernel: [    8.262890] [mitosis-origin] pgd_alloc for mm=ffff0004956fa000 and mm->pgd =ffff00049574e000.
Oct 25 16:34:33 ubuntu kernel: [    8.263737] [mitosis-origin] pgd_free for mm=ffff0004956f9800 and pgd =ffff00049574a000 and mm->pgd=ffff00049574a000.
Oct 25 16:34:33 ubuntu kernel: [    8.265884] [mitosis-origin] pgd_alloc for mm=ffff0004956f9800 and mm->pgd =ffff000495752000.
Oct 25 16:34:33 ubuntu kernel: [    8.266730] [mitosis-origin] pgd_free for mm=ffff0004956fa000 and pgd =ffff00049574e000 and mm->pgd=ffff00049574e000.
Oct 25 16:34:33 ubuntu kernel: [    8.268883] [mitosis-origin] pgd_alloc for mm=ffff0004956fa000 and mm->pgd =ffff000495756000.
Oct 25 16:34:33 ubuntu kernel: [    8.269841] [mitosis-origin] pgd_free for mm=ffff0004956f9800 and pgd =ffff000495752000 and mm->pgd=ffff000495752000.
Oct 25 16:34:33 ubuntu kernel: [    8.272158] [mitosis-origin] pgd_alloc for mm=ffff0004956f9800 and mm->pgd =ffff00049575a000.
Oct 25 16:34:33 ubuntu kernel: [    8.273033] [mitosis-origin] pgd_free for mm=ffff0004956fa000 and pgd =ffff000495756000 and mm->pgd=ffff000495756000.
Oct 25 16:34:33 ubuntu kernel: [    8.282888] [mitosis-origin] pgd_alloc for mm=ffff0004957f3800 and mm->pgd =ffff0004df41c000.
Oct 25 16:34:33 ubuntu kernel: [    8.287858] [mitosis-origin] pgd_alloc for mm=ffff000495013400 and mm->pgd =ffff0004dec04000.
Oct 25 16:34:33 ubuntu kernel: [    8.292066] [mitosis-origin] pgd_free for mm=ffff0004957f3800 and pgd =ffff0004df41c000 and mm->pgd=ffff0004df41c000.
Oct 25 16:34:33 ubuntu kernel: [    8.294438] [mitosis-origin] pgd_alloc for mm=ffff000495034000 and mm->pgd =ffff0004df327000.
Oct 25 16:34:33 ubuntu kernel: [    8.297587] [mitosis-origin] pgd_alloc for mm=ffff000495035400 and mm->pgd =ffff0004df337000.
Oct 25 16:34:33 ubuntu kernel: [    8.299230] [mitosis-origin] pgd_free for mm=ffff000495034000 and pgd =ffff0004df327000 and mm->pgd=ffff0004df327000.
Oct 25 16:34:33 ubuntu kernel: [    8.303262] [mitosis-origin] pgd_alloc for mm=ffff000495034000 and mm->pgd =ffff00049503b000.
Oct 25 16:34:33 ubuntu kernel: [    8.304919] [mitosis-origin] pgd_free for mm=ffff000495035400 and pgd =ffff0004df337000 and mm->pgd=ffff0004df337000.
Oct 25 16:34:33 ubuntu kernel: [    8.307370] [mitosis-origin] pgd_alloc for mm=ffff000495035400 and mm->pgd =ffff00049503f000.
Oct 25 16:34:33 ubuntu kernel: [    8.308216] [mitosis-origin] pgd_free for mm=ffff000495034000 and pgd =ffff00049503b000 and mm->pgd=ffff00049503b000.
Oct 25 16:34:33 ubuntu kernel: [    8.310409] [mitosis-origin] pgd_alloc for mm=ffff000495034000 and mm->pgd =ffff000495043000.
Oct 25 16:34:33 ubuntu kernel: [    8.311257] [mitosis-origin] pgd_free for mm=ffff000495035400 and pgd =ffff00049503f000 and mm->pgd=ffff00049503f000.
Oct 25 16:34:33 ubuntu kernel: [    8.313536] [mitosis-origin] pgd_alloc for mm=ffff0004957f3800 and mm->pgd =ffff0004df42d000.
Oct 25 16:34:33 ubuntu kernel: [    8.315934] [mitosis-origin] pgd_free for mm=ffff0004957f3800 and pgd =ffff0004df42d000 and mm->pgd=ffff0004df42d000.
Oct 25 16:34:33 ubuntu kernel: [    8.318080] [mitosis-origin] pgd_alloc for mm=ffff00049508f000 and mm->pgd =ffff0004df366000.
Oct 25 16:34:33 ubuntu kernel: [    8.323075] [mitosis-origin] pgd_alloc for mm=ffff00049508c400 and mm->pgd =ffff000495050000.
Oct 25 16:34:33 ubuntu kernel: [    8.324611] [mitosis-origin] pgd_free for mm=ffff00049508f000 and pgd =ffff0004df366000 and mm->pgd=ffff0004df366000.
Oct 25 16:34:33 ubuntu kernel: [    8.328149] [mitosis-origin] pgd_alloc for mm=ffff00049508f000 and mm->pgd =ffff000495054000.
Oct 25 16:34:33 ubuntu kernel: [    8.329777] [mitosis-origin] pgd_free for mm=ffff00049508c400 and pgd =ffff000495050000 and mm->pgd=ffff000495050000.
Oct 25 16:34:33 ubuntu kernel: [    8.332581] [mitosis-origin] pgd_alloc for mm=ffff00049508c400 and mm->pgd =ffff000495058000.
Oct 25 16:34:33 ubuntu kernel: [    8.333499] [mitosis-origin] pgd_free for mm=ffff00049508f000 and pgd =ffff000495054000 and mm->pgd=ffff000495054000.
Oct 25 16:34:33 ubuntu kernel: [    8.335486] [mitosis-origin] pgd_alloc for mm=ffff00049508f000 and mm->pgd =ffff00049505c000.
Oct 25 16:34:33 ubuntu kernel: [    8.336340] [mitosis-origin] pgd_free for mm=ffff00049508c400 and pgd =ffff000495058000 and mm->pgd=ffff000495058000.
Oct 25 16:34:33 ubuntu kernel: [    8.338333] [mitosis-origin] pgd_alloc for mm=ffff00049508c400 and mm->pgd =ffff000495060000.
Oct 25 16:34:33 ubuntu kernel: [    8.339181] [mitosis-origin] pgd_free for mm=ffff00049508f000 and pgd =ffff00049505c000 and mm->pgd=ffff00049505c000.
Oct 25 16:34:33 ubuntu kernel: [    8.341176] [mitosis-origin] pgd_alloc for mm=ffff00049508f000 and mm->pgd =ffff000495064000.
Oct 25 16:34:33 ubuntu kernel: [    8.342136] [mitosis-origin] pgd_free for mm=ffff00049508c400 and pgd =ffff000495060000 and mm->pgd=ffff000495060000.
Oct 25 16:34:33 ubuntu kernel: [    8.344099] [mitosis-origin] pgd_alloc for mm=ffff00049508c400 and mm->pgd =ffff000495068000.
Oct 25 16:34:33 ubuntu kernel: [    8.344957] [mitosis-origin] pgd_free for mm=ffff00049508f000 and pgd =ffff000495064000 and mm->pgd=ffff000495064000.
Oct 25 16:34:33 ubuntu kernel: [    8.352929] [mitosis-origin] pgd_alloc for mm=ffff000495015c00 and mm->pgd =ffff0004dec15000.
Oct 25 16:34:33 ubuntu kernel: [    8.354200] [mitosis-origin] pgd_free for mm=ffff000495013400 and pgd =ffff0004dec04000 and mm->pgd=ffff0004dec04000.
Oct 25 16:34:33 ubuntu kernel: [    8.356987] [mitosis-origin] pgd_alloc for mm=ffff000495013400 and mm->pgd =ffff0004950f3000.
Oct 25 16:34:33 ubuntu kernel: [    8.358312] [mitosis-origin] pgd_free for mm=ffff000495015c00 and pgd =ffff0004dec15000 and mm->pgd=ffff0004dec15000.
Oct 25 16:34:33 ubuntu kernel: [    8.361194] [mitosis-origin] pgd_alloc for mm=ffff000495015c00 and mm->pgd =ffff0004950f7000.
Oct 25 16:34:33 ubuntu kernel: [    8.362111] [mitosis-origin] pgd_free for mm=ffff000495013400 and pgd =ffff0004950f3000 and mm->pgd=ffff0004950f3000.
Oct 25 16:34:33 ubuntu kernel: [    8.364370] [mitosis-origin] pgd_alloc for mm=ffff000495013400 and mm->pgd =ffff0004950fb000.
Oct 25 16:34:33 ubuntu kernel: [    8.365322] [mitosis-origin] pgd_free for mm=ffff000495015c00 and pgd =ffff0004950f7000 and mm->pgd=ffff0004950f7000.
Oct 25 16:34:33 ubuntu kernel: [    8.367496] [mitosis-origin] pgd_alloc for mm=ffff000495015c00 and mm->pgd =ffff000495100000.
Oct 25 16:34:33 ubuntu kernel: [    8.368422] [mitosis-origin] pgd_free for mm=ffff000495013400 and pgd =ffff0004950fb000 and mm->pgd=ffff0004950fb000.
Oct 25 16:34:33 ubuntu kernel: [    8.370636] [mitosis-origin] pgd_alloc for mm=ffff000495013400 and mm->pgd =ffff000495104000.
Oct 25 16:34:33 ubuntu kernel: [    8.371464] [mitosis-origin] pgd_free for mm=ffff000495015c00 and pgd =ffff000495100000 and mm->pgd=ffff000495100000.
Oct 25 16:34:33 ubuntu kernel: [    8.373596] [mitosis-origin] pgd_alloc for mm=ffff000495156400 and mm->pgd =ffff0004dec9c000.
Oct 25 16:34:33 ubuntu kernel: [    8.375739] [mitosis-origin] pgd_alloc for mm=ffff000495151000 and mm->pgd =ffff00049510c000.
Oct 25 16:34:33 ubuntu kernel: [    8.376690] [mitosis-origin] pgd_free for mm=ffff000495156400 and pgd =ffff0004dec9c000 and mm->pgd=ffff0004dec9c000.
Oct 25 16:34:33 ubuntu kernel: [    8.379484] [mitosis-origin] pgd_alloc for mm=ffff000495156400 and mm->pgd =ffff000495110000.
Oct 25 16:34:33 ubuntu kernel: [    8.380922] [mitosis-origin] pgd_free for mm=ffff000495151000 and pgd =ffff00049510c000 and mm->pgd=ffff00049510c000.
Oct 25 16:34:33 ubuntu rsyslogd: imuxsock: Acquired UNIX socket '/run/systemd/journal/syslog' (fd 3) from systemd.  [v8.32.0]
Oct 25 16:34:33 ubuntu kernel: [    8.384938] [mitosis-origin] pgd_alloc for mm=ffff000495151000 and mm->pgd =ffff0004950d2000.
Oct 25 16:34:33 ubuntu kernel: [    8.386333] [mitosis-origin] pgd_free for mm=ffff000495156400 and pgd =ffff000495110000 and mm->pgd=ffff000495110000.
Oct 25 16:34:33 ubuntu kernel: [    8.388845] [mitosis-origin] pgd_alloc for mm=ffff000495170c00 and mm->pgd =ffff0004dece3000.
Oct 25 16:34:33 ubuntu kernel: [    8.393621] Key type big_key registered
Oct 25 16:34:33 ubuntu kernel: [    8.394514] [mitosis-origin] pgd_alloc for mm=ffff000495172000 and mm->pgd =ffff0004decf2000.
Oct 25 16:34:33 ubuntu kernel: [    8.396578] [mitosis-origin] pgd_free for mm=ffff000495170c00 and pgd =ffff0004dece3000 and mm->pgd=ffff0004dece3000.
Oct 25 16:34:33 ubuntu kernel: [    8.408407] [mitosis-origin] pgd_alloc for mm=ffff000495170c00 and mm->pgd =ffff0004ded05000.
Oct 25 16:34:33 ubuntu kernel: [    8.409323] [mitosis-origin] pgd_free for mm=ffff000495172000 and pgd =ffff0004decf2000 and mm->pgd=ffff0004decf2000.
Oct 25 16:34:33 ubuntu kernel: [    8.411559] [mitosis-origin] pgd_alloc for mm=ffff000495172000 and mm->pgd =ffff0004950eb000.
Oct 25 16:34:33 ubuntu kernel: [    8.412500] [mitosis-origin] pgd_free for mm=ffff000495170c00 and pgd =ffff0004ded05000 and mm->pgd=ffff0004ded05000.
Oct 25 16:34:33 ubuntu kernel: [    8.414434] Key type encrypted registered
Oct 25 16:34:33 ubuntu kernel: [    8.415053] AppArmor: AppArmor sha1 policy hashing enabled
Oct 25 16:34:33 ubuntu kernel: [    8.416268] ima: No TPM chip found, activating TPM-bypass!
Oct 25 16:34:33 ubuntu kernel: [    8.417083] ima: Allocated hash algorithm: sha1
Oct 25 16:34:33 ubuntu kernel: [    8.417868] ima: No architecture policies found
Oct 25 16:34:33 ubuntu kernel: [    8.418582] evm: Initialising EVM extended attributes:
Oct 25 16:34:33 ubuntu kernel: [    8.419327] evm: security.selinux
Oct 25 16:34:33 ubuntu kernel: [    8.419796] evm: security.SMACK64
Oct 25 16:34:33 ubuntu kernel: [    8.420282] evm: security.SMACK64EXEC
Oct 25 16:34:33 ubuntu kernel: [    8.420805] evm: security.SMACK64TRANSMUTE
Oct 25 16:34:33 ubuntu kernel: [    8.421436] evm: security.SMACK64MMAP
Oct 25 16:34:33 ubuntu kernel: [    8.421949] evm: security.apparmor
Oct 25 16:34:33 ubuntu kernel: [    8.422295] evm: security.ima
Oct 25 16:34:33 ubuntu kernel: [    8.422596] evm: security.capability
Oct 25 16:34:33 ubuntu kernel: [    8.422957] evm: HMAC attrs: 0x1
Oct 25 16:34:33 ubuntu kernel: [    8.428197] Freeing unused kernel memory: 7040K
Oct 25 16:34:33 ubuntu kernel: [    8.496347] Checked W+X mappings: passed, no W+X pages found
Oct 25 16:34:33 ubuntu kernel: [    8.497067] Run /init as init process
Oct 25 16:34:33 ubuntu kernel: [    8.497458]   with arguments:
Oct 25 16:34:33 ubuntu kernel: [    8.497460]     /init
Oct 25 16:34:33 ubuntu kernel: [    8.497461]   with environment:
Oct 25 16:34:33 ubuntu kernel: [    8.497461]     HOME=/
Oct 25 16:34:33 ubuntu kernel: [    8.497462]     TERM=linux
Oct 25 16:34:33 ubuntu kernel: [    8.497463]     BOOT_IMAGE=/boot/vmlinuz-5.7.1
Oct 25 16:34:33 ubuntu kernel: [    8.497577] [mitosis-origin] pgd_alloc for mm=ffff000495229c00 and mm->pgd =ffff0004951ea000.
Oct 25 16:34:33 ubuntu kernel: [    8.499836] [mitosis-origin] pgd_alloc for mm=ffff00049522c000 and mm->pgd =ffff0004951fb000.
Oct 25 16:34:33 ubuntu kernel: [    8.500826] [mitosis-origin] pgd_free for mm=ffff000495172000 and pgd =ffff0004950eb000 and mm->pgd=ffff0004950eb000.
Oct 25 16:34:33 ubuntu rsyslogd: rsyslogd's groupid changed to 106
Oct 25 16:34:33 ubuntu kernel: [    8.504804] [mitosis-origin] pgd_alloc for mm=ffff00049522d400 and mm->pgd =ffff000495226000.
Oct 25 16:34:33 ubuntu rsyslogd: rsyslogd's userid changed to 102
Oct 25 16:34:33 ubuntu kernel: [    8.506443] [mitosis-origin] pgd_free for mm=ffff00049522c000 and pgd =ffff0004951fb000 and mm->pgd=ffff0004951fb000.
Oct 25 16:34:33 ubuntu kernel: [    8.509117] [mitosis-origin] pgd_alloc for mm=ffff00049522d800 and mm->pgd =ffff000495212000.
Oct 25 16:34:33 ubuntu kernel: [    8.510677] [mitosis-origin] pgd_free for mm=ffff00049522d400 and pgd =ffff000495226000 and mm->pgd=ffff000495226000.
Oct 25 16:34:33 ubuntu kernel: [    8.513293] [mitosis-origin] pgd_alloc for mm=ffff00049522cc00 and mm->pgd =ffff00049521e000.
Oct 25 16:34:33 ubuntu kernel: [    8.514289] [mitosis-origin] pgd_free for mm=ffff00049522d800 and pgd =ffff000495212000 and mm->pgd=ffff000495212000.
Oct 25 16:34:33 ubuntu kernel: [    8.516395] [mitosis-origin] pgd_alloc for mm=ffff00049522f800 and mm->pgd =ffff00049523c000.
Oct 25 16:34:33 ubuntu kernel: [    8.517423] [mitosis-origin] pgd_free for mm=ffff00049522cc00 and pgd =ffff00049521e000 and mm->pgd=ffff00049521e000.
Oct 25 16:34:33 ubuntu kernel: [    8.518960] [mitosis-origin] pgd_alloc for mm=ffff000495172000 and mm->pgd =ffff00049521e000.
Oct 25 16:34:33 ubuntu kernel: [    8.520196] [mitosis-origin] pgd_free for mm=ffff00049522f800 and pgd =ffff00049523c000 and mm->pgd=ffff00049523c000.
Oct 25 16:34:33 ubuntu kernel: [    8.522529] [mitosis-origin] pgd_alloc for mm=ffff00049522b800 and mm->pgd =ffff00049524a000.
Oct 25 16:34:33 ubuntu kernel: [    8.523689] [mitosis-origin] pgd_free for mm=ffff000495172000 and pgd =ffff00049521e000 and mm->pgd=ffff00049521e000.
Oct 25 16:34:33 ubuntu kernel: [    8.525160] [mitosis-origin] pgd_alloc for mm=ffff000495172000 and mm->pgd =ffff00049521e000.
Oct 25 16:34:33 ubuntu kernel: [    8.526401] [mitosis-origin] pgd_free for mm=ffff00049522b800 and pgd =ffff00049524a000 and mm->pgd=ffff00049524a000.
Oct 25 16:34:33 ubuntu kernel: [    8.528454] [mitosis-origin] pgd_alloc for mm=ffff000495228000 and mm->pgd =ffff00049525c000.
Oct 25 16:34:33 ubuntu kernel: [    8.529615] [mitosis-origin] pgd_free for mm=ffff000495172000 and pgd =ffff00049521e000 and mm->pgd=ffff00049521e000.
Oct 25 16:34:33 ubuntu kernel: [    8.531130] [mitosis-origin] pgd_alloc for mm=ffff000495172000 and mm->pgd =ffff00049521e000.
Oct 25 16:34:33 ubuntu kernel: [    8.532290] [mitosis-origin] pgd_free for mm=ffff000495228000 and pgd =ffff00049525c000 and mm->pgd=ffff00049525c000.
Oct 25 16:34:33 ubuntu kernel: [    8.534686] [mitosis-origin] pgd_alloc for mm=ffff0004952ca000 and mm->pgd =ffff0004ded80000.
Oct 25 16:34:33 ubuntu kernel: [    8.536026] [mitosis-origin] pgd_alloc for mm=ffff0004952dac00 and mm->pgd =ffff0004950e5000.
Oct 25 16:34:33 ubuntu rsyslogd:  [origin software="rsyslogd" swVersion="8.32.0" x-pid="1118" x-info="http://www.rsyslog.com"] start
Oct 25 16:34:33 ubuntu kernel: [    8.537123] [mitosis-origin] pgd_free for mm=ffff0004952ca000 and pgd =ffff0004ded80000 and mm->pgd=ffff0004ded80000.
Oct 25 16:34:33 ubuntu kernel: [    8.539119] [mitosis-origin] pgd_alloc for mm=ffff00049522f000 and mm->pgd =ffff00049526a000.
Oct 25 16:34:33 ubuntu kernel: [    8.540684] [mitosis-origin] pgd_alloc for mm=ffff00049522c400 and mm->pgd =ffff000495278000.
Oct 25 16:34:33 ubuntu kernel: [    8.541892] [mitosis-origin] pgd_free for mm=ffff00049522f000 and pgd =ffff00049526a000 and mm->pgd=ffff00049526a000.
Oct 25 16:34:33 ubuntu kernel: [    8.543286] [mitosis-origin] pgd_alloc for mm=ffff0004952c9800 and mm->pgd =ffff0004ded8e000.
Oct 25 16:34:33 ubuntu kernel: [    8.544375] [mitosis-origin] pgd_free for mm=ffff00049522c400 and pgd =ffff000495278000 and mm->pgd=ffff000495278000.
Oct 25 16:34:33 ubuntu kernel: [    8.546562] [mitosis-origin] pgd_alloc for mm=ffff000495228800 and mm->pgd =ffff000495286000.
Oct 25 16:34:33 ubuntu kernel: [    8.547756] [mitosis-origin] pgd_free for mm=ffff0004952c9800 and pgd =ffff0004ded8e000 and mm->pgd=ffff0004ded8e000.
Oct 25 16:34:33 ubuntu kernel: [    8.549312] [mitosis-origin] pgd_alloc for mm=ffff0004952c9800 and mm->pgd =ffff0004ded8e000.
Oct 25 16:34:33 ubuntu kernel: [    8.550537] [mitosis-origin] pgd_free for mm=ffff000495228800 and pgd =ffff000495286000 and mm->pgd=ffff000495286000.
Oct 25 16:34:33 ubuntu kernel: [    8.552690] [mitosis-origin] pgd_alloc for mm=ffff00049522d000 and mm->pgd =ffff0004952fb000.
Oct 25 16:34:33 ubuntu kernel: [    8.553945] [mitosis-origin] pgd_free for mm=ffff0004952c9800 and pgd =ffff0004ded8e000 and mm->pgd=ffff0004ded8e000.
Oct 25 16:34:33 ubuntu kernel: [    8.556962] [mitosis-origin] pgd_alloc for mm=ffff00049522ec00 and mm->pgd =ffff00049531d000.
Oct 25 16:34:33 ubuntu kernel: [    8.558092] [mitosis-origin] pgd_free for mm=ffff00049522d000 and pgd =ffff0004952fb000 and mm->pgd=ffff0004952fb000.
Oct 25 16:34:33 ubuntu kernel: [    8.559435] [mitosis-origin] pgd_alloc for mm=ffff0004952c9800 and mm->pgd =ffff0004952fb000.
Oct 25 16:34:33 ubuntu kernel: [    8.560482] [mitosis-origin] pgd_free for mm=ffff00049522ec00 and pgd =ffff00049531d000 and mm->pgd=ffff00049531d000.
Oct 25 16:34:33 ubuntu kernel: [    8.562899] [mitosis-origin] pgd_alloc for mm=ffff000495381c00 and mm->pgd =ffff0004dedce000.
Oct 25 16:34:33 ubuntu kernel: [    8.565530] [mitosis-origin] pgd_free for mm=ffff0004952dac00 and pgd =ffff0004950e5000 and mm->pgd=ffff0004950e5000.
Oct 25 16:34:33 ubuntu kernel: [    8.568023] [mitosis-origin] pgd_alloc for mm=ffff0004952dac00 and mm->pgd =ffff0004950e5000.
Oct 25 16:34:33 ubuntu kernel: [    8.570140] [mitosis-origin] pgd_free for mm=ffff000495381c00 and pgd =ffff0004dedce000 and mm->pgd=ffff0004dedce000.
Oct 25 16:34:33 ubuntu kernel: [    8.573553] [mitosis-origin] pgd_alloc for mm=ffff0004952d9400 and mm->pgd =ffff00049552c000.
Oct 25 16:34:33 ubuntu kernel: [    8.574745] [mitosis-origin] pgd_alloc for mm=ffff000495384000 and mm->pgd =ffff0004deddc000.
Oct 25 16:34:33 ubuntu kernel: [    8.575644] [mitosis-origin] pgd_free for mm=ffff0004952d9400 and pgd =ffff00049552c000 and mm->pgd=ffff00049552c000.
Oct 25 16:34:33 ubuntu kernel: [    8.577464] [mitosis-origin] pgd_free for mm=ffff000495384000 and pgd =ffff0004deddc000 and mm->pgd=ffff0004deddc000.
Oct 25 16:34:33 ubuntu kernel: [    8.578542] [mitosis-origin] pgd_alloc for mm=ffff000495384000 and mm->pgd =ffff0004deddc000.
Oct 25 16:34:33 ubuntu kernel: [    8.579499] [mitosis-origin] pgd_alloc for mm=ffff0004952da400 and mm->pgd =ffff0004ded84000.
Oct 25 16:34:33 ubuntu kernel: [    8.580410] [mitosis-origin] pgd_free for mm=ffff000495384000 and pgd =ffff0004deddc000 and mm->pgd=ffff0004deddc000.
Oct 25 16:34:33 ubuntu kernel: [    8.581909] [mitosis-origin] pgd_alloc for mm=ffff0004952dbc00 and mm->pgd =ffff0004dfb18000.
Oct 25 16:34:33 ubuntu kernel: [    8.583326] [mitosis-origin] pgd_free for mm=ffff0004952dac00 and pgd =ffff0004950e5000 and mm->pgd=ffff0004950e5000.
Oct 25 16:34:33 ubuntu kernel: [    8.585376] [mitosis-origin] pgd_alloc for mm=ffff0004953ad400 and mm->pgd =ffff0004dee47000.
Oct 25 16:34:33 ubuntu kernel: [    8.586898] [mitosis-origin] pgd_free for mm=ffff0004952dbc00 and pgd =ffff0004dfb18000 and mm->pgd=ffff0004dfb18000.
Oct 25 16:34:33 ubuntu kernel: [    8.589997] [mitosis-origin] pgd_alloc for mm=ffff000495385400 and mm->pgd =ffff0004dedfb000.
Oct 25 16:34:33 ubuntu kernel: [    8.591467] [mitosis-origin] pgd_alloc for mm=ffff00049522b400 and mm->pgd =ffff000495327000.
Oct 25 16:34:33 ubuntu kernel: [    8.592535] [mitosis-origin] pgd_free for mm=ffff000495385400 and pgd =ffff0004dedfb000 and mm->pgd=ffff0004dedfb000.
Oct 25 16:34:33 ubuntu kernel: [    8.594324] [mitosis-origin] pgd_alloc for mm=ffff00049522dc00 and mm->pgd =ffff000495338000.
Oct 25 16:34:33 ubuntu kernel: [    8.595538] [mitosis-origin] pgd_alloc for mm=ffff000494c16c00 and mm->pgd =ffff0004dee86000.
Oct 25 16:34:33 ubuntu kernel: [    8.596708] [mitosis-origin] pgd_free for mm=ffff00049522dc00 and pgd =ffff000495338000 and mm->pgd=ffff000495338000.
Oct 25 16:34:33 ubuntu kernel: [    8.599484] [mitosis-origin] pgd_alloc for mm=ffff000495385800 and mm->pgd =ffff0004dede5000.
Oct 25 16:34:33 ubuntu kernel: [    8.601371] [mitosis-origin] pgd_free for mm=ffff00049522b400 and pgd =ffff000495327000 and mm->pgd=ffff000495327000.
Oct 25 16:34:33 ubuntu kernel: [    8.602910] [mitosis-origin] pgd_alloc for mm=ffff00049522b400 and mm->pgd =ffff000495327000.
Oct 25 16:34:33 ubuntu kernel: [    8.604164] [mitosis-origin] pgd_free for mm=ffff000495385800 and pgd =ffff0004dede5000 and mm->pgd=ffff0004dede5000.
Oct 25 16:34:33 ubuntu kernel: [    8.606278] [mitosis-origin] pgd_alloc for mm=ffff000495228400 and mm->pgd =ffff000494c20000.
Oct 25 16:34:33 ubuntu kernel: [    8.607746] [mitosis-origin] pgd_alloc for mm=ffff000495384c00 and mm->pgd =ffff0004ded87000.
Oct 25 16:34:33 ubuntu kernel: [    8.610165] [mitosis-origin] pgd_free for mm=ffff000495228400 and pgd =ffff000494c20000 and mm->pgd=ffff000494c20000.
Oct 25 16:34:33 ubuntu kernel: [    8.617560] [mitosis-origin] pgd_alloc for mm=ffff000495387800 and mm->pgd =ffff0004953c2000.
Oct 25 16:34:33 ubuntu kernel: [    8.618652] [mitosis-origin] pgd_free for mm=ffff0004952da400 and pgd =ffff0004ded84000 and mm->pgd=ffff0004ded84000.
Oct 25 16:34:33 ubuntu kernel: [    8.619837] [mitosis-origin] pgd_alloc for mm=ffff0004952da400 and mm->pgd =ffff0004dedf2000.
Oct 25 16:34:33 ubuntu kernel: [    8.620799] [mitosis-origin] pgd_free for mm=ffff000495384c00 and pgd =ffff0004ded87000 and mm->pgd=ffff0004ded87000.
Oct 25 16:34:33 ubuntu kernel: [    8.621979] [mitosis-origin] pgd_alloc for mm=ffff000495384c00 and mm->pgd =ffff0004ded87000.
Oct 25 16:34:33 ubuntu kernel: [    8.622883] [mitosis-origin] pgd_free for mm=ffff0004952da400 and pgd =ffff0004dedf2000 and mm->pgd=ffff0004dedf2000.
Oct 25 16:34:33 ubuntu kernel: [    8.658396] [mitosis-origin] pgd_alloc for mm=ffff000495228c00 and mm->pgd =ffff0004deddf000.
Oct 25 16:34:33 ubuntu kernel: [    8.662108] [mitosis-origin] pgd_alloc for mm=ffff00049522a000 and mm->pgd =ffff00049532f000.
Oct 25 16:34:33 ubuntu kernel: [    8.664151] [mitosis-origin] pgd_alloc for mm=ffff0004952de800 and mm->pgd =ffff0004dedd0000.
Oct 25 16:34:33 ubuntu kernel: [    8.664544] [mitosis-origin] pgd_free for mm=ffff000495384c00 and pgd =ffff0004ded87000 and mm->pgd=ffff0004ded87000.
Oct 25 16:34:33 ubuntu kernel: [    8.665003] [mitosis-origin] pgd_alloc for mm=ffff000495229800 and mm->pgd =ffff000494c33000.
Oct 25 16:34:33 ubuntu kernel: [    8.665154] [mitosis-origin] pgd_free for mm=ffff0004953ad400 and pgd =ffff0004dee47000 and mm->pgd=ffff0004dee47000.
Oct 25 16:34:33 ubuntu kernel: [    8.665964] [mitosis-origin] pgd_alloc for mm=ffff00049522e400 and mm->pgd =ffff000494c46000.
Oct 25 16:34:33 ubuntu kernel: [    8.667553] [mitosis-origin] pgd_alloc for mm=ffff000495229000 and mm->pgd =ffff000494c59000.
Oct 25 16:34:33 ubuntu kernel: [    8.668093] [mitosis-origin] pgd_alloc for mm=ffff0004953ad400 and mm->pgd =ffff0004dee47000.
Oct 25 16:34:33 ubuntu kernel: [    8.670016] [mitosis-origin] pgd_alloc for mm=ffff00049522ac00 and mm->pgd =ffff000494d20000.
Oct 25 16:34:33 ubuntu kernel: [    8.670820] [mitosis-origin] pgd_free for mm=ffff0004952de800 and pgd =ffff0004dedd0000 and mm->pgd=ffff0004dedd0000.
Oct 25 16:34:33 ubuntu kernel: [    8.719467] [mitosis-origin] pgd_alloc for mm=ffff000495229400 and mm->pgd =ffff000494d33000.
Oct 25 16:34:33 ubuntu kernel: [    8.722131] [mitosis-origin] pgd_free for mm=ffff00049522ac00 and pgd =ffff000494d20000 and mm->pgd=ffff000494d20000.
Oct 25 16:34:33 ubuntu kernel: [    8.722952] [mitosis-origin] pgd_alloc for mm=ffff00049522a400 and mm->pgd =ffff000494dc5000.
Oct 25 16:34:33 ubuntu kernel: [    8.726126] [mitosis-origin] pgd_free for mm=ffff000495229000 and pgd =ffff000494c59000 and mm->pgd=ffff000494c59000.
Oct 25 16:34:33 ubuntu kernel: [    8.726250] [mitosis-origin] pgd_alloc for mm=ffff00049522bc00 and mm->pgd =ffff000494d63000.
Oct 25 16:34:33 ubuntu kernel: [    8.726381] [mitosis-origin] pgd_free for mm=ffff000495228c00 and pgd =ffff0004deddf000 and mm->pgd=ffff0004deddf000.
Oct 25 16:34:33 ubuntu kernel: [    8.726508] [mitosis-origin] pgd_alloc for mm=ffff0004953eb800 and mm->pgd =ffff0004deddf000.
Oct 25 16:34:33 ubuntu kernel: [    8.726612] [mitosis-origin] pgd_free for mm=ffff0004953ad400 and pgd =ffff0004dee47000 and mm->pgd=ffff0004dee47000.
Oct 25 16:34:33 ubuntu kernel: [    8.726734] [mitosis-origin] pgd_alloc for mm=ffff0004953ad400 and mm->pgd =ffff0004dee47000.
Oct 25 16:34:33 ubuntu kernel: [    8.726834] [mitosis-origin] pgd_free for mm=ffff0004953eb800 and pgd =ffff0004deddf000 and mm->pgd=ffff0004deddf000.
Oct 25 16:34:33 ubuntu kernel: [    8.735792] [mitosis-origin] pgd_alloc for mm=ffff00049522e800 and mm->pgd =ffff000494e3b000.
Oct 25 16:34:33 ubuntu kernel: [    8.736902] [mitosis-origin] pgd_alloc for mm=ffff00049522e000 and mm->pgd =ffff000494deb000.
Oct 25 16:34:33 ubuntu kernel: [    8.738061] [mitosis-origin] pgd_alloc for mm=ffff00049522a800 and mm->pgd =ffff000494def000.
Oct 25 16:34:33 ubuntu kernel: [    8.739158] [mitosis-origin] pgd_alloc for mm=ffff00049522f400 and mm->pgd =ffff000494de4000.
Oct 25 16:34:33 ubuntu kernel: [    8.740274] [mitosis-origin] pgd_alloc for mm=ffff00049522b000 and mm->pgd =ffff000494e0d000.
Oct 25 16:34:33 ubuntu kernel: [    8.741399] [mitosis-origin] pgd_alloc for mm=ffff00049522c800 and mm->pgd =ffff000494e8c000.
Oct 25 16:34:33 ubuntu kernel: [    8.742654] [mitosis-origin] pgd_alloc for mm=ffff00049522fc00 and mm->pgd =ffff000494e0b000.
Oct 25 16:34:33 ubuntu kernel: [    8.744140] [mitosis-origin] pgd_free for mm=ffff000495229800 and pgd =ffff000494c33000 and mm->pgd=ffff000494c33000.
Oct 25 16:34:33 ubuntu kernel: [    8.744199] [mitosis-origin] pgd_free for mm=ffff00049522e400 and pgd =ffff000494c46000 and mm->pgd=ffff000494c46000.
Oct 25 16:34:33 ubuntu kernel: [    8.744619] [mitosis-origin] pgd_alloc for mm=ffff000495229000 and mm->pgd =ffff000494cc1000.
Oct 25 16:34:33 ubuntu kernel: [    8.744809] [mitosis-origin] pgd_free for mm=ffff000495151000 and pgd =ffff0004950d2000 and mm->pgd=ffff0004950d2000.
Oct 25 16:34:33 ubuntu kernel: [    8.745561] [mitosis-origin] pgd_alloc for mm=ffff000495228c00 and mm->pgd =ffff000494e78000.
Oct 25 16:34:33 ubuntu kernel: [    8.750535] [mitosis-origin] pgd_free for mm=ffff000495172000 and pgd =ffff00049521e000 and mm->pgd=ffff00049521e000.
Oct 25 16:34:33 ubuntu kernel: [    8.755114] [mitosis-origin] pgd_alloc for mm=ffff00049522ac00 and mm->pgd =ffff000494f8c000.
Oct 25 16:34:33 ubuntu kernel: [    8.756363] [mitosis-origin] pgd_alloc for mm=ffff000495228400 and mm->pgd =ffff000494f9e000.
Oct 25 16:34:33 ubuntu kernel: [    8.757657] [mitosis-origin] pgd_alloc for mm=ffff00049522dc00 and mm->pgd =ffff000494fb2000.
Oct 25 16:34:33 ubuntu kernel: [    8.758855] [mitosis-origin] pgd_alloc for mm=ffff00049522ec00 and mm->pgd =ffff000494ff3000.
Oct 25 16:34:33 ubuntu kernel: [    8.760166] [mitosis-origin] pgd_alloc for mm=ffff00049522d000 and mm->pgd =ffff000494006000.
Oct 25 16:34:33 ubuntu kernel: [    8.765296] scsi host0: Virtio SCSI HBA
Oct 25 16:34:33 ubuntu kernel: [    8.767171] scsi 0:0:0:0: Direct-Access     QEMU     QEMU HARDDISK    2.5+ PQ: 0 ANSI: 5
Oct 25 16:34:33 ubuntu kernel: [    8.768613] [mitosis-origin] pgd_alloc for mm=ffff000495228800 and mm->pgd =ffff000494015000.
Oct 25 16:34:33 ubuntu kernel: [    8.769686] scsi 0:0:0:1: CD-ROM            QEMU     QEMU CD-ROM      2.5+ PQ: 0 ANSI: 5
Oct 25 16:34:33 ubuntu kernel: [    8.770255] [mitosis-origin] pgd_alloc for mm=ffff00049522c400 and mm->pgd =ffff000494028000.
Oct 25 16:34:33 ubuntu kernel: [    8.771148] [mitosis-origin] pgd_alloc for mm=ffff000495172000 and mm->pgd =ffff0004df74a000.
Oct 25 16:34:33 ubuntu kernel: [    8.772282] [mitosis-origin] pgd_alloc for mm=ffff00049522f000 and mm->pgd =ffff000494208000.
Oct 25 16:34:33 ubuntu kernel: [    8.773940] [mitosis-origin] pgd_free for mm=ffff000495172000 and pgd =ffff0004df74a000 and mm->pgd=ffff0004df74a000.
Oct 25 16:34:33 ubuntu kernel: [    8.774291] [mitosis-origin] pgd_alloc for mm=ffff000495228000 and mm->pgd =ffff000494218000.
Oct 25 16:34:33 ubuntu kernel: [    8.776732] [mitosis-origin] pgd_alloc for mm=ffff00049522b800 and mm->pgd =ffff000494226000.
Oct 25 16:34:33 ubuntu kernel: [    8.776891] [mitosis-origin] pgd_alloc for mm=ffff000495151000 and mm->pgd =ffff0004decd5000.
Oct 25 16:34:33 ubuntu kernel: [    8.778391] [mitosis-origin] pgd_alloc for mm=ffff00049522f800 and mm->pgd =ffff000494234000.
Oct 25 16:34:33 ubuntu kernel: [    8.780385] [mitosis-origin] pgd_alloc for mm=ffff000495156400 and mm->pgd =ffff0004df757000.
Oct 25 16:34:33 ubuntu kernel: [    8.780589] [mitosis-origin] pgd_alloc for mm=ffff00049522cc00 and mm->pgd =ffff000494392000.
Oct 25 16:34:33 ubuntu kernel: [    8.781543] [mitosis-origin] pgd_free for mm=ffff000495151000 and pgd =ffff0004decd5000 and mm->pgd=ffff0004decd5000.
Oct 25 16:34:33 ubuntu kernel: [    8.783166] [mitosis-origin] pgd_alloc for mm=ffff00049522d800 and mm->pgd =ffff0004943a0000.
Oct 25 16:34:33 ubuntu kernel: [    8.784932] [mitosis-origin] pgd_alloc for mm=ffff000495151000 and mm->pgd =ffff0004df75b000.
Oct 25 16:34:33 ubuntu kernel: [    8.785260] [mitosis-origin] pgd_free for mm=ffff0004952c9800 and pgd =ffff0004952fb000 and mm->pgd=ffff0004952fb000.
Oct 25 16:34:33 ubuntu kernel: [    8.785422] [mitosis-origin] pgd_alloc for mm=ffff00049522d400 and mm->pgd =ffff0004df0c9000.
Oct 25 16:34:33 ubuntu kernel: [    8.785910] [mitosis-origin] pgd_alloc for mm=ffff00049522c000 and mm->pgd =ffff0004943be000.
Oct 25 16:34:33 ubuntu kernel: [    8.786303] [mitosis-origin] pgd_free for mm=ffff000495156400 and pgd =ffff0004df757000 and mm->pgd=ffff0004df757000.
Oct 25 16:34:33 ubuntu kernel: [    8.786441] [mitosis-origin] pgd_alloc for mm=ffff00049522e400 and mm->pgd =ffff000493c73000.
Oct 25 16:34:33 ubuntu kernel: [    8.786888] [mitosis-origin] pgd_alloc for mm=ffff000495229800 and mm->pgd =ffff000493c84000.
Oct 25 16:34:33 ubuntu kernel: [    8.787404] [mitosis-origin] pgd_alloc for mm=ffff000493d51000 and mm->pgd =ffff000493c94000.
Oct 25 16:34:33 ubuntu kernel: [    8.787907] [mitosis-origin] pgd_alloc for mm=ffff000493d52c00 and mm->pgd =ffff000493ca4000.
Oct 25 16:34:33 ubuntu kernel: [    8.789719] [mitosis-origin] pgd_alloc for mm=ffff000495156400 and mm->pgd =ffff0004df75f000.
Oct 25 16:34:33 ubuntu kernel: [    8.791278] [mitosis-origin] pgd_alloc for mm=ffff000493d51400 and mm->pgd =ffff000493d6f000.
Oct 25 16:34:33 ubuntu kernel: [    8.791717] [mitosis-origin] pgd_free for mm=ffff000495151000 and pgd =ffff0004df75b000 and mm->pgd=ffff0004df75b000.
Oct 25 16:34:33 ubuntu kernel: [    8.793218] [mitosis-origin] pgd_alloc for mm=ffff000493d52400 and mm->pgd =ffff000493df7000.
Oct 25 16:34:33 ubuntu kernel: [    8.798874] [mitosis-origin] pgd_free for mm=ffff000495156400 and pgd =ffff0004df75f000 and mm->pgd=ffff0004df75f000.
Oct 25 16:34:33 ubuntu kernel: [    8.799086] [mitosis-origin] pgd_alloc for mm=ffff000493d53c00 and mm->pgd =ffff000493d8a000.
Oct 25 16:34:33 ubuntu kernel: [    8.801466] [mitosis-origin] pgd_alloc for mm=ffff000493d56800 and mm->pgd =ffff000493d9a000.
Oct 25 16:34:33 ubuntu kernel: [    8.802909] [mitosis-origin] pgd_alloc for mm=ffff000493d56000 and mm->pgd =ffff000493ea2000.
Oct 25 16:34:33 ubuntu kernel: [    8.804398] [mitosis-origin] pgd_alloc for mm=ffff000493d52800 and mm->pgd =ffff000493eb4000.
Oct 25 16:34:33 ubuntu kernel: [    8.806006] [mitosis-origin] pgd_alloc for mm=ffff000493d57400 and mm->pgd =ffff000493ec3000.
Oct 25 16:34:33 ubuntu kernel: [    8.807657] [mitosis-origin] pgd_alloc for mm=ffff000493d53000 and mm->pgd =ffff000493ed4000.
Oct 25 16:34:33 ubuntu kernel: [    8.809758] [mitosis-origin] pgd_alloc for mm=ffff000493d54800 and mm->pgd =ffff000493f34000.
Oct 25 16:34:33 ubuntu kernel: [    8.812918] [mitosis-origin] pgd_alloc for mm=ffff000493d57c00 and mm->pgd =ffff000493fea000.
Oct 25 16:34:33 ubuntu kernel: [    8.813406] [mitosis-origin] pgd_alloc for mm=ffff0004957f3800 and mm->pgd =ffff0004df41f000.
Oct 25 16:34:33 ubuntu kernel: [    8.813409] [mitosis-origin] pgd_alloc for mm=ffff00049382a000 and mm->pgd =ffff000493814000.
Oct 25 16:34:33 ubuntu kernel: [    8.813445] [mitosis-origin] pgd_alloc for mm=ffff0004953e8000 and mm->pgd =ffff0004942b7000.
Oct 25 16:34:33 ubuntu kernel: [    8.813451] [mitosis-origin] pgd_alloc for mm=ffff0004952de000 and mm->pgd =ffff00049432f000.
Oct 25 16:34:33 ubuntu kernel: [    8.813516] [mitosis-origin] pgd_alloc for mm=ffff00049387e000 and mm->pgd =ffff0004df4a5000.
Oct 25 16:34:33 ubuntu kernel: [    8.813575] [mitosis-origin] pgd_alloc for mm=ffff00049389c400 and mm->pgd =ffff000493c18000.
Oct 25 16:34:33 ubuntu kernel: [    8.814030] [mitosis-origin] pgd_alloc for mm=ffff000495156400 and mm->pgd =ffff00049436b000.
Oct 25 16:34:33 ubuntu kernel: [    8.814353] [mitosis-origin] pgd_alloc for mm=ffff000495172000 and mm->pgd =ffff000493ee7000.
Oct 25 16:34:33 ubuntu kernel: [    8.814452] [mitosis-origin] pgd_free for mm=ffff000494c16c00 and pgd =ffff0004dee86000 and mm->pgd=ffff0004dee86000.
Oct 25 16:34:33 ubuntu kernel: [    8.814467] [mitosis-origin] pgd_alloc for mm=ffff000494c16c00 and mm->pgd =ffff0004dee86000.
Oct 25 16:34:33 ubuntu kernel: [    8.814731] [mitosis-origin] pgd_free for mm=ffff0004952de000 and pgd =ffff00049432f000 and mm->pgd=ffff00049432f000.
Oct 25 16:34:33 ubuntu kernel: [    8.814856] [mitosis-origin] pgd_alloc for mm=ffff0004938a8800 and mm->pgd =ffff0004def1e000.
Oct 25 16:34:33 ubuntu kernel: [    8.814862] [mitosis-origin] pgd_free for mm=ffff00049389c400 and pgd =ffff000493c18000 and mm->pgd=ffff000493c18000.
Oct 25 16:34:33 ubuntu kernel: [    8.814905] [mitosis-origin] pgd_alloc for mm=ffff000493d51c00 and mm->pgd =ffff000493f4d000.
Oct 25 16:34:33 ubuntu kernel: [    8.815193] [mitosis-origin] pgd_alloc for mm=ffff0004953ad800 and mm->pgd =ffff0004dee51000.
Oct 25 16:34:33 ubuntu kernel: [    8.815420] [mitosis-origin] pgd_free for mm=ffff00049387e000 and pgd =ffff0004df4a5000 and mm->pgd=ffff0004df4a5000.
Oct 25 16:34:33 ubuntu kernel: [    8.815653] [mitosis-origin] pgd_alloc for mm=ffff000493d54000 and mm->pgd =ffff000493f5f000.
Oct 25 16:34:33 ubuntu kernel: [    8.815676] [mitosis-origin] pgd_free for mm=ffff0004953e8000 and pgd =ffff0004942b7000 and mm->pgd=ffff0004942b7000.
Oct 25 16:34:33 ubuntu kernel: [    8.816333] [mitosis-origin] pgd_free for mm=ffff000494c16c00 and pgd =ffff0004dee86000 and mm->pgd=ffff0004dee86000.
Oct 25 16:34:33 ubuntu kernel: [    8.816341] [mitosis-origin] pgd_alloc for mm=ffff000494c16c00 and mm->pgd =ffff0004dee86000.
Oct 25 16:34:33 ubuntu kernel: [    8.816674] [mitosis-origin] pgd_alloc for mm=ffff0004952da800 and mm->pgd =ffff000494340000.
Oct 25 16:34:33 ubuntu kernel: [    8.816722] [mitosis-origin] pgd_free for mm=ffff0004957f3800 and pgd =ffff0004df41f000 and mm->pgd=ffff0004df41f000.
Oct 25 16:34:33 ubuntu kernel: [    8.816791] [mitosis-origin] pgd_alloc for mm=ffff000493829800 and mm->pgd =ffff000493839000.
Oct 25 16:34:33 ubuntu kernel: [    8.817019] [mitosis-origin] pgd_free for mm=ffff0004938a8800 and pgd =ffff0004def1e000 and mm->pgd=ffff0004def1e000.
