Oct 16 06:25:02 ubuntu rsyslogd:  [origin software="rsyslogd" swVersion="8.32.0" x-pid="977" x-info="http://www.rsyslog.com"] rsyslogd was HUPed
Oct 16 06:55:56 ubuntu systemd-timesyncd[901]: Timed out waiting for reply from 91.189.91.157:123 (ntp.ubuntu.com).
Oct 16 06:56:06 ubuntu systemd-timesyncd[901]: Timed out waiting for reply from 91.189.89.199:123 (ntp.ubuntu.com).
Oct 16 06:56:16 ubuntu systemd-timesyncd[901]: Timed out waiting for reply from 91.189.94.4:123 (ntp.ubuntu.com).
Oct 16 06:56:26 ubuntu systemd-timesyncd[901]: Timed out waiting for reply from 91.189.89.198:123 (ntp.ubuntu.com).
Oct 16 07:17:01 ubuntu CRON[3785]: (root) CMD (   cd / && run-parts --report /etc/cron.hourly)
Oct 16 07:31:37 ubuntu systemd-resolved[942]: Using degraded feature set (UDP) for DNS server 172.20.1.4.
Oct 16 07:32:03 ubuntu systemd-resolved[942]: Using degraded feature set (UDP) for DNS server 172.20.1.6.
Oct 16 07:32:29 ubuntu systemd-resolved[942]: Using degraded feature set (TCP) for DNS server 172.20.1.4.
Oct 16 08:05:03 ubuntu systemd-resolved[942]: Using degraded feature set (TCP) for DNS server 172.20.1.6.
Oct 16 08:17:01 ubuntu CRON[3791]: (root) CMD (   cd / && run-parts --report /etc/cron.hourly)
Oct 16 08:39:12 ubuntu systemd-timesyncd[901]: Synchronized to time server 91.189.94.4:123 (ntp.ubuntu.com).
Oct 16 09:15:06 ubuntu systemd-timesyncd[901]: Timed out waiting for reply from 91.189.94.4:123 (ntp.ubuntu.com).
Oct 16 09:15:17 ubuntu systemd-timesyncd[901]: Timed out waiting for reply from 91.189.91.157:123 (ntp.ubuntu.com).
Oct 16 09:15:27 ubuntu systemd-timesyncd[901]: Timed out waiting for reply from 91.189.89.198:123 (ntp.ubuntu.com).
Oct 16 09:15:37 ubuntu systemd-timesyncd[901]: Timed out waiting for reply from 91.189.89.199:123 (ntp.ubuntu.com).
Oct 16 09:17:01 ubuntu CRON[3797]: (root) CMD (   cd / && run-parts --report /etc/cron.hourly)
Oct 16 09:50:24 ubuntu systemd-resolved[942]: Using degraded feature set (UDP) for DNS server 172.20.1.4.
Oct 16 09:51:11 ubuntu systemd-resolved[942]: Using degraded feature set (UDP) for DNS server 172.20.1.6.
Oct 16 09:51:21 ubuntu systemd-resolved[942]: Using degraded feature set (TCP) for DNS server 172.20.1.4.
Oct 16 10:17:01 ubuntu CRON[3802]: (root) CMD (   cd / && run-parts --report /etc/cron.hourly)
Oct 16 10:24:22 ubuntu systemd-resolved[942]: Using degraded feature set (TCP) for DNS server 172.20.1.6.
Oct 16 10:58:22 ubuntu systemd-timesyncd[901]: Synchronized to time server 91.189.94.4:123 (ntp.ubuntu.com).
Oct 16 11:17:01 ubuntu CRON[3808]: (root) CMD (   cd / && run-parts --report /etc/cron.hourly)
Oct 16 12:17:01 ubuntu CRON[3813]: (root) CMD (   cd / && run-parts --report /etc/cron.hourly)
Oct 16 13:04:02 ubuntu systemd[1]: Starting Daily apt download activities...
Oct 16 13:04:23 ubuntu systemd[1]: Started Daily apt download activities.
Oct 16 13:17:01 ubuntu CRON[4150]: (root) CMD (   cd / && run-parts --report /etc/cron.hourly)
Oct 16 13:25:20 ubuntu os-prober: debug: running /usr/lib/os-probes/mounted/40lsb on mounted /dev/sda1
Oct 16 13:25:20 ubuntu os-prober: debug: running /usr/lib/os-probes/mounted/90linux-distro on mounted /dev/sda1
Oct 16 13:25:20 ubuntu os-prober: debug: running /usr/lib/os-probes/50mounted-tests on /dev/sda2
Oct 16 13:25:20 ubuntu 50mounted-tests: debug: /dev/sda2 is an LVM member; skipping
Oct 16 13:25:20 ubuntu os-prober: debug: os detected by /usr/lib/os-probes/50mounted-tests
Oct 16 13:25:20 ubuntu os-prober: debug: /dev/mapper/ubuntu--vg-swap_1: is active swap
Oct 16 13:27:20 ubuntu systemd[1]: Stopped target Host and Network Name Lookups.
Oct 16 13:27:20 ubuntu systemd[1]: Closed Load/Save RF Kill Switch Status /dev/rfkill Watch.
Oct 16 13:27:20 ubuntu systemd[1]: Stopped target Network is Online.
Oct 16 13:27:20 ubuntu systemd[1]: Stopped Wait for Network to be Configured.
Oct 16 13:27:20 ubuntu systemd[1]: Stopping User Manager for UID 1000...
Oct 16 13:27:20 ubuntu systemd[1]: Stopped target Timers.
Oct 16 13:27:20 ubuntu systemd[1]: Stopped Message of the Day.
Oct 16 13:27:20 ubuntu systemd[1322]: Stopped target Default.
Oct 16 13:27:20 ubuntu systemd[1]: Stopped Daily apt upgrade and clean activities.
Oct 16 13:27:20 ubuntu systemd[1322]: Stopped target Basic System.
Oct 16 13:27:20 ubuntu systemd[1322]: Stopped target Sockets.
Oct 16 13:27:20 ubuntu systemd[1322]: Closed REST API socket for snapd user session agent.
Oct 16 13:27:20 ubuntu systemd[1322]: Closed GnuPG cryptographic agent and passphrase cache (restricted).
Oct 16 13:27:20 ubuntu systemd[1322]: Closed GnuPG network certificate management daemon.
Oct 16 13:27:20 ubuntu systemd[1322]: Closed GnuPG cryptographic agent and passphrase cache (access for web browsers).
Oct 16 13:27:20 ubuntu systemd[1322]: Closed GnuPG cryptographic agent (ssh-agent emulation).
Oct 16 13:27:20 ubuntu systemd[1322]: Closed GnuPG cryptographic agent and passphrase cache.
Oct 16 13:27:20 ubuntu systemd[1322]: Stopped target Paths.
Oct 16 13:27:20 ubuntu systemd[1322]: Reached target Shutdown.
Oct 16 13:27:20 ubuntu systemd[1]: Stopped Daily Cleanup of Temporary Directories.
Oct 16 13:27:20 ubuntu systemd[1]: Stopped Discard unused blocks once a week.
Oct 16 13:27:20 ubuntu systemd[1322]: Starting Exit the Session...
Oct 16 13:27:20 ubuntu systemd[1322]: Stopped target Timers.
Oct 16 13:27:20 ubuntu systemd[1]: Stopping Authorization Manager...
Oct 16 13:27:20 ubuntu systemd[1]: Stopping Availability of block devices...
Oct 16 13:27:20 ubuntu systemd[1322]: Received SIGRTMIN+24 from PID 15941 (kill).
Oct 16 13:27:20 ubuntu systemd[1]: Stopping LVM2 PV scan on device 8:2...
Oct 16 13:27:20 ubuntu systemd[1]: Stopping Session 1 of user huawei.
Oct 16 13:27:20 ubuntu systemd[1]: Stopped Daily apt download activities.
Oct 16 13:27:20 ubuntu systemd[1]: Stopped target System Time Synchronized.
Oct 16 13:27:20 ubuntu systemd[1]: Stopped target Graphical Interface.
Oct 16 13:27:20 ubuntu systemd[1]: Stopping Accounts Service...
Oct 16 13:27:20 ubuntu systemd[1]: Stopped target Multi-User System.
Oct 16 13:28:14 ubuntu systemd-modules-load[846]: Inserted module 'iscsi_tcp'
Oct 16 13:28:14 ubuntu systemd-modules-load[846]: Inserted module 'ib_iser'
Oct 16 13:28:14 ubuntu kernel: [    0.000000] Booting Linux on physical CPU 0x0000000000 [0x481fd010]
Oct 16 13:28:14 ubuntu lvm[862]:   2 logical volume(s) in volume group "ubuntu-vg" monitored
Oct 16 13:28:14 ubuntu kernel: [    0.000000] Linux version 5.7.1 (root@ubuntu) (gcc version 7.5.0 (Ubuntu/Linaro 7.5.0-3ubuntu1~18.04), GNU ld (GNU Binutils for Ubuntu) 2.30) #1 SMP Fri Oct 16 13:01:59 CST 2020
Oct 16 13:28:14 ubuntu systemd[1]: Starting Flush Journal to Persistent Storage...
Oct 16 13:28:14 ubuntu kernel: [    0.000000] efi: EFI v2.70 by EDK II
Oct 16 13:28:14 ubuntu kernel: [    0.000000] efi:  SMBIOS 3.0=0x53f710000  ACPI 2.0=0x53c020000  MEMATTR=0x53cc7ca98  MEMRESERVE=0x53becd018 
Oct 16 13:28:14 ubuntu systemd[1]: Reached target Local File Systems (Pre).
Oct 16 13:28:14 ubuntu kernel: [    0.000000] cma: Reserved 32 MiB at 0x00000000fe000000
Oct 16 13:28:14 ubuntu kernel: [    0.000000] ACPI: Early table checksum verification disabled
Oct 16 13:28:14 ubuntu kernel: [    0.000000] ACPI: RSDP 0x000000053C020000 000024 (v02 BOCHS )
Oct 16 13:28:14 ubuntu kernel: [    0.000000] ACPI: XSDT 0x000000053BED0000 000054 (v01 BOCHS  BXPCFACP 00000001      01000013)
Oct 16 13:28:14 ubuntu systemd[1]: Started udev Kernel Device Manager.
Oct 16 13:28:14 ubuntu kernel: [    0.000000] ACPI: FACP 0x000000053BE90000 00010C (v05 BOCHS  BXPCFACP 00000001 BXPC 00000001)
Oct 16 13:28:14 ubuntu systemd[1]: Started Flush Journal to Persistent Storage.
Oct 16 13:28:14 ubuntu kernel: [    0.000000] ACPI: DSDT 0x000000053BEA0000 001523 (v02 BOCHS  BXPCDSDT 00000001 BXPC 00000001)
Oct 16 13:28:14 ubuntu systemd[1]: Started udev Coldplug all Devices.
Oct 16 13:28:14 ubuntu kernel: [    0.000000] ACPI: APIC 0x000000053BE80000 0009E8 (v03 BOCHS  BXPCAPIC 00000001 BXPC 00000001)
Oct 16 13:28:14 ubuntu systemd[1]: Started Dispatch Password Requests to Console Directory Watch.
Oct 16 13:28:14 ubuntu kernel: [    0.000000] ACPI: GTDT 0x000000053BE70000 000060 (v02 BOCHS  BXPCGTDT 00000001 BXPC 00000001)
Oct 16 13:28:14 ubuntu systemd[1]: Reached target Local Encrypted Volumes.
Oct 16 13:28:14 ubuntu kernel: [    0.000000] ACPI: MCFG 0x000000053BE60000 00003C (v01 BOCHS  BXPCMCFG 00000001 BXPC 00000001)
Oct 16 13:28:14 ubuntu systemd[1]: Found device /dev/ttyAMA0.
Oct 16 13:28:14 ubuntu kernel: [    0.000000] ACPI: SPCR 0x000000053BE50000 000050 (v02 BOCHS  BXPCSPCR 00000001 BXPC 00000001)
Oct 16 13:28:14 ubuntu kernel: [    0.000000] ACPI: IORT 0x000000053BE40000 00007C (v00 BOCHS  BXPCIORT 00000001 BXPC 00000001)
Oct 16 13:28:14 ubuntu kernel: [    0.000000] ACPI: SPCR: console: pl011,mmio,0x9000000,9600
Oct 16 13:28:14 ubuntu kernel: [    0.000000] ACPI: NUMA: Failed to initialise from firmware
Oct 16 13:28:14 ubuntu kernel: [    0.000000] NUMA: Faking a node at [mem 0x0000000040000000-0x000000053fffffff]
Oct 16 13:28:14 ubuntu systemd-udevd[1020]: link_config: autonegotiation is unset or enabled, the speed and duplex are not writable.
Oct 16 13:28:14 ubuntu kernel: [    0.000000] NUMA: NODE_DATA [mem 0x53d409300-0x53d40cfff]
Oct 16 13:28:14 ubuntu kernel: [    0.000000] Zone ranges:
Oct 16 13:28:14 ubuntu kernel: [    0.000000]   DMA      [mem 0x0000000040000000-0x000000007fffffff]
Oct 16 13:28:14 ubuntu kernel: [    0.000000]   DMA32    [mem 0x0000000080000000-0x00000000ffffffff]
Oct 16 13:28:14 ubuntu kernel: [    0.000000]   Normal   [mem 0x0000000100000000-0x000000053fffffff]
Oct 16 13:28:14 ubuntu kernel: [    0.000000] Movable zone start for each node
Oct 16 13:28:14 ubuntu systemd-udevd[1009]: link_config: autonegotiation is unset or enabled, the speed and duplex are not writable.
Oct 16 13:28:14 ubuntu kernel: [    0.000000] Early memory node ranges
Oct 16 13:28:14 ubuntu systemd[1]: Listening on Load/Save RF Kill Switch Status /dev/rfkill Watch.
Oct 16 13:28:14 ubuntu kernel: [    0.000000]   node   0: [mem 0x0000000040000000-0x000000053bedffff]
Oct 16 13:28:14 ubuntu kernel: [    0.000000]   node   0: [mem 0x000000053bee0000-0x000000053bffffff]
Oct 16 13:28:14 ubuntu kernel: [    0.000000]   node   0: [mem 0x000000053c000000-0x000000053c02ffff]
Oct 16 13:28:14 ubuntu kernel: [    0.000000]   node   0: [mem 0x000000053c030000-0x000000053c0affff]
Oct 16 13:28:14 ubuntu systemd[1]: Found device /dev/mapper/ubuntu--vg-swap_1.
Oct 16 13:28:14 ubuntu kernel: [    0.000000]   node   0: [mem 0x000000053c0b0000-0x000000053f57ffff]
Oct 16 13:28:14 ubuntu systemd[1]: Activating swap /dev/mapper/ubuntu--vg-swap_1...
Oct 16 13:28:14 ubuntu kernel: [    0.000000]   node   0: [mem 0x000000053f580000-0x000000053f95ffff]
Oct 16 13:28:14 ubuntu systemd[1]: Activated swap /dev/mapper/ubuntu--vg-swap_1.
Oct 16 13:28:14 ubuntu kernel: [    0.000000]   node   0: [mem 0x000000053f960000-0x000000053fffffff]
Oct 16 13:28:14 ubuntu kernel: [    0.000000] Zeroed struct page in unavailable ranges: 544 pages
Oct 16 13:28:14 ubuntu kernel: [    0.000000] Initmem setup node 0 [mem 0x0000000040000000-0x000000053fffffff]
Oct 16 13:28:14 ubuntu kernel: [    0.000000] On node 0 totalpages: 5242880
Oct 16 13:28:14 ubuntu kernel: [    0.000000]   DMA zone: 5120 pages used for memmap
Oct 16 13:28:14 ubuntu kernel: [    0.000000]   DMA zone: 0 pages reserved
Oct 16 13:28:14 ubuntu systemd[1]: Found device QEMU_HARDDISK 1.
Oct 16 13:28:14 ubuntu kernel: [    0.000000]   DMA zone: 262144 pages, LIFO batch:63
Oct 16 13:28:14 ubuntu kernel: [    0.000000]   DMA32 zone: 10240 pages used for memmap
Oct 16 13:28:14 ubuntu kernel: [    0.000000]   DMA32 zone: 524288 pages, LIFO batch:63
Oct 16 13:28:14 ubuntu kernel: [    0.000000]   Normal zone: 87040 pages used for memmap
Oct 16 13:28:14 ubuntu systemd[1]: Starting File System Check on /dev/disk/by-uuid/5EA9-3D4C...
Oct 16 13:28:14 ubuntu kernel: [    0.000000]   Normal zone: 4456448 pages, LIFO batch:63
Oct 16 13:28:14 ubuntu systemd[1]: Reached target Swap.
Oct 16 13:28:14 ubuntu kernel: [    0.000000] psci: probing for conduit method from ACPI.
Oct 16 13:28:14 ubuntu kernel: [    0.000000] psci: PSCIv1.0 detected in firmware.
Oct 16 13:28:14 ubuntu systemd[1]: Created slice system-lvm2\x2dpvscan.slice.
Oct 16 13:28:14 ubuntu kernel: [    0.000000] psci: Using standard PSCI v0.2 function IDs
Oct 16 13:28:14 ubuntu systemd[1]: Starting LVM2 PV scan on device 8:2...
Oct 16 13:28:14 ubuntu kernel: [    0.000000] psci: Trusted OS migration not required
Oct 16 13:28:14 ubuntu kernel: [    0.000000] psci: SMC Calling Convention v1.1
Oct 16 13:28:14 ubuntu kernel: [    0.000000] ACPI: SRAT not present
Oct 16 13:28:14 ubuntu kernel: [    0.000000] percpu: Embedded 33 pages/cpu s94616 r8192 d32360 u135168
Oct 16 13:28:14 ubuntu systemd[1]: Started File System Check Daemon to report status.
Oct 16 13:28:14 ubuntu kernel: [    0.000000] pcpu-alloc: s94616 r8192 d32360 u135168 alloc=33*4096
Oct 16 13:28:14 ubuntu systemd-fsck[1126]: fsck.fat 4.1 (2017-01-24)
Oct 16 13:28:14 ubuntu kernel: [    0.000000] pcpu-alloc: [0] 00 [0] 01 [0] 02 [0] 03 [0] 04 [0] 05 [0] 06 [0] 07 
Oct 16 13:28:14 ubuntu kernel: [    0.000000] pcpu-alloc: [0] 08 [0] 09 [0] 10 [0] 11 [0] 12 [0] 13 [0] 14 [0] 15 
Oct 16 13:28:14 ubuntu systemd-fsck[1126]: /dev/sda1: 5 files, 41/65501 clusters
Oct 16 13:28:14 ubuntu kernel: [    0.000000] pcpu-alloc: [0] 16 [0] 17 [0] 18 [0] 19 [0] 20 [0] 21 [0] 22 [0] 23 
Oct 16 13:28:14 ubuntu systemd[1]: Started File System Check on /dev/disk/by-uuid/5EA9-3D4C.
Oct 16 13:28:14 ubuntu kernel: [    0.000000] pcpu-alloc: [0] 24 [0] 25 [0] 26 [0] 27 [0] 28 [0] 29 [0] 30 [0] 31 
Oct 16 13:28:14 ubuntu kernel: [    0.000000] Detected VIPT I-cache on CPU0
Oct 16 13:28:14 ubuntu kernel: [    0.000000] CPU features: detected: GIC system register CPU interface
Oct 16 13:28:14 ubuntu systemd[1]: Mounting /boot/efi...
Oct 16 13:28:14 ubuntu kernel: [    0.000000] CPU features: detected: Hardware dirty bit management
Oct 16 13:28:14 ubuntu lvm[1127]:   2 logical volume(s) in volume group "ubuntu-vg" now active
Oct 16 13:28:14 ubuntu kernel: [    0.000000] Built 1 zonelists, mobility grouping on.  Total pages: 5140480
Oct 16 13:28:14 ubuntu systemd[1]: Started LVM2 PV scan on device 8:2.
Oct 16 13:28:14 ubuntu kernel: [    0.000000] Policy zone: Normal
Oct 16 13:28:14 ubuntu kernel: [    0.000000] Kernel command line: BOOT_IMAGE=/boot/vmlinuz-5.7.1 root=/dev/mapper/ubuntu--vg-root ro
Oct 16 13:28:14 ubuntu systemd[1]: Mounted /boot/efi.
Oct 16 13:28:14 ubuntu kernel: [    0.000000] Dentry cache hash table entries: 4194304 (order: 13, 33554432 bytes, linear)
Oct 16 13:28:14 ubuntu systemd[1]: Reached target Local File Systems.
Oct 16 13:28:14 ubuntu kernel: [    0.000000] Inode-cache hash table entries: 2097152 (order: 12, 16777216 bytes, linear)
Oct 16 13:28:14 ubuntu kernel: [    0.000000] mem auto-init: stack:off, heap alloc:on, heap free:off
Oct 16 13:28:14 ubuntu systemd[1]: Starting AppArmor initialization...
Oct 16 13:28:14 ubuntu kernel: [    0.000000] software IO TLB: mapped [mem 0x7bfff000-0x7ffff000] (64MB)
Oct 16 13:28:14 ubuntu systemd[1]: Starting Set console font and keymap...
Oct 16 13:28:14 ubuntu kernel: [    0.000000] Memory: 20269608K/20971520K available (14204K kernel code, 2354K rwdata, 6868K rodata, 7040K init, 1132K bss, 669144K reserved, 32768K cma-reserved)
Oct 16 13:28:14 ubuntu systemd[1]: Starting Tell Plymouth To Write Out Runtime Data...
Oct 16 13:28:14 ubuntu kernel: [    0.000000] random: get_random_u64 called from __kmem_cache_create+0x54/0x5d8 with crng_init=0
Oct 16 13:28:14 ubuntu kernel: [    0.000000] SLUB: HWalign=64, Order=0-3, MinObjects=0, CPUs=32, Nodes=1
Oct 16 13:28:14 ubuntu kernel: [    0.000000] ftrace: allocating 46106 entries in 181 pages
Oct 16 13:28:14 ubuntu kernel: [    0.000000] ftrace: allocated 181 pages with 5 groups
Oct 16 13:28:14 ubuntu systemd[1]: Starting ebtables ruleset management...
Oct 16 13:28:14 ubuntu kernel: [    0.000000] rcu: Hierarchical RCU implementation.
Oct 16 13:28:14 ubuntu systemd[1]: Starting Create Volatile Files and Directories...
Oct 16 13:28:14 ubuntu kernel: [    0.000000] rcu: 	RCU restricting CPUs from NR_CPUS=256 to nr_cpu_ids=32.
Oct 16 13:28:14 ubuntu kernel: [    0.000000] 	Tasks RCU enabled.
Oct 16 13:28:14 ubuntu kernel: [    0.000000] rcu: RCU calculated value of scheduler-enlistment delay is 25 jiffies.
Oct 16 13:28:14 ubuntu kernel: [    0.000000] rcu: Adjusting geometry for rcu_fanout_leaf=16, nr_cpu_ids=32
Oct 16 13:28:14 ubuntu kernel: [    0.000000] NR_IRQS: 64, nr_irqs: 64, preallocated irqs: 0
Oct 16 13:28:14 ubuntu systemd[1]: Started Set console font and keymap.
Oct 16 13:28:14 ubuntu kernel: [    0.000000] GICv3: 256 SPIs implemented
Oct 16 13:28:14 ubuntu systemd[1]: Started Tell Plymouth To Write Out Runtime Data.
Oct 16 13:28:14 ubuntu kernel: [    0.000000] GICv3: 0 Extended SPIs implemented
Oct 16 13:28:14 ubuntu apparmor[1134]:  * Starting AppArmor profiles
Oct 16 13:28:14 ubuntu kernel: [    0.000000] GICv3: Distributor has no Range Selector support
Oct 16 13:28:14 ubuntu kernel: [    0.000000] GICv3: 16 PPIs implemented
Oct 16 13:28:14 ubuntu kernel: [    0.000000] GICv3: CPU0: found redistributor 0 region 0:0x00000000080a0000
Oct 16 13:28:14 ubuntu kernel: [    0.000000] ACPI: SRAT not present
Oct 16 13:28:14 ubuntu kernel: [    0.000000] ITS [mem 0x08080000-0x0809ffff]
Oct 16 13:28:14 ubuntu systemd[1]: Started Create Volatile Files and Directories.
Oct 16 13:28:14 ubuntu kernel: [    0.000000] ITS@0x0000000008080000: allocated 8192 Devices @53ca00000 (indirect, esz 8, psz 64K, shr 1)
Oct 16 13:28:14 ubuntu kernel: [    0.000000] ITS@0x0000000008080000: allocated 8192 Interrupt Collections @53ca10000 (flat, esz 8, psz 64K, shr 1)
Oct 16 13:28:14 ubuntu kernel: [    0.000000] GICv3: using LPI property table @0x000000053ca20000
Oct 16 13:28:14 ubuntu systemd[1]: Starting Network Time Synchronization...
Oct 16 13:28:14 ubuntu kernel: [    0.000000] GICv3: CPU0: using allocated LPI pending table @0x000000053ca30000
Oct 16 13:28:14 ubuntu kernel: [    0.000000] arch_timer: cp15 timer(s) running at 100.00MHz (virt).
Oct 16 13:28:14 ubuntu kernel: [    0.000000] clocksource: arch_sys_counter: mask: 0xffffffffffffff max_cycles: 0x171024e7e0, max_idle_ns: 440795205315 ns
Oct 16 13:28:14 ubuntu kernel: [    0.000002] sched_clock: 56 bits at 100MHz, resolution 10ns, wraps every 4398046511100ns
Oct 16 13:28:14 ubuntu systemd[1]: Starting Update UTMP about System Boot/Shutdown...
Oct 16 13:28:14 ubuntu kernel: [    0.000248] Console: colour dummy device 80x25
Oct 16 13:28:14 ubuntu kernel: [    0.000320] ACPI: Core revision 20200326
Oct 16 13:28:14 ubuntu systemd[1]: Started ebtables ruleset management.
Oct 16 13:28:14 ubuntu kernel: [    0.000469] Calibrating delay loop (skipped), value calculated using timer frequency.. 200.00 BogoMIPS (lpj=400000)
Oct 16 13:28:14 ubuntu kernel: [    0.000473] pid_max: default: 32768 minimum: 301
Oct 16 13:28:14 ubuntu kernel: [    0.000546] LSM: Security Framework initializing
Oct 16 13:28:14 ubuntu systemd[1]: Started Update UTMP about System Boot/Shutdown.
Oct 16 13:28:14 ubuntu kernel: [    0.000569] Yama: becoming mindful.
Oct 16 13:28:14 ubuntu systemd[1]: Reached target Network (Pre).
Oct 16 13:28:14 ubuntu kernel: [    0.000793] AppArmor: AppArmor initialized
Oct 16 13:28:14 ubuntu systemd[1]: Starting Network Service...
Oct 16 13:28:14 ubuntu kernel: [    0.001251] Mount-cache hash table entries: 65536 (order: 7, 524288 bytes, linear)
Oct 16 13:28:14 ubuntu kernel: [    0.001629] Mountpoint-cache hash table entries: 65536 (order: 7, 524288 bytes, linear)
Oct 16 13:28:14 ubuntu systemd[1]: Started Network Time Synchronization.
Oct 16 13:28:14 ubuntu kernel: [    0.003393] ACPI PPTT: No PPTT table found, CPU and cache topology may be inaccurate
Oct 16 13:28:14 ubuntu kernel: [    0.003725] rcu: Hierarchical SRCU implementation.
Oct 16 13:28:14 ubuntu kernel: [    0.004702] Platform MSI: ITS@0x8080000 domain created
Oct 16 13:28:14 ubuntu kernel: [    0.004718] PCI/MSI: ITS@0x8080000 domain created
Oct 16 13:28:14 ubuntu systemd[1]: Reached target System Time Synchronized.
Oct 16 13:28:14 ubuntu kernel: [    0.004770] Remapping and enabling EFI services.
Oct 16 13:28:14 ubuntu kernel: [    0.006121] smp: Bringing up secondary CPUs ...
Oct 16 13:28:14 ubuntu kernel: [    0.290706] Detected VIPT I-cache on CPU1
Oct 16 13:28:14 ubuntu kernel: [    0.290750] GICv3: CPU1: found redistributor 1 region 0:0x00000000080c0000
Oct 16 13:28:14 ubuntu kernel: [    0.291027] GICv3: CPU1: using allocated LPI pending table @0x000000053ca40000
Oct 16 13:28:14 ubuntu systemd-networkd[1173]: Enumeration completed
Oct 16 13:28:14 ubuntu kernel: [    0.291069] CPU1: Booted secondary processor 0x0000000001 [0x481fd010]
Oct 16 13:28:14 ubuntu systemd[1]: Started Network Service.
Oct 16 13:28:14 ubuntu kernel: [    0.397526] Detected VIPT I-cache on CPU2
Oct 16 13:28:14 ubuntu kernel: [    0.397575] GICv3: CPU2: found redistributor 2 region 0:0x00000000080e0000
Oct 16 13:28:14 ubuntu systemd-networkd[1173]: lo: Link is not managed by us
Oct 16 13:28:14 ubuntu systemd[1]: Starting Network Name Resolution...
Oct 16 13:28:14 ubuntu systemd[1]: Starting Wait for Network to be Configured...
Oct 16 13:28:14 ubuntu apparmor[1134]: Skipping profile in /etc/apparmor.d/disable: usr.sbin.rsyslogd
Oct 16 13:28:14 ubuntu systemd-networkd[1173]: enp1s0: Gained carrier
Oct 16 13:28:14 ubuntu kernel: [    0.397967] GICv3: CPU2: using allocated LPI pending table @0x000000053ca50000
Oct 16 13:28:14 ubuntu systemd-timesyncd[1154]: Network configuration changed, trying to establish connection.
Oct 16 13:28:14 ubuntu kernel: [    0.398044] CPU2: Booted secondary processor 0x0000000002 [0x481fd010]
Oct 16 13:28:14 ubuntu kernel: [    0.503038] Detected VIPT I-cache on CPU3
Oct 16 13:28:14 ubuntu kernel: [    0.503063] GICv3: CPU3: found redistributor 3 region 0:0x0000000008100000
Oct 16 13:28:14 ubuntu kernel: [    0.503310] GICv3: CPU3: using allocated LPI pending table @0x000000053ca60000
Oct 16 13:28:14 ubuntu kernel: [    0.503348] CPU3: Booted secondary processor 0x0000000003 [0x481fd010]
Oct 16 13:28:14 ubuntu systemd-timesyncd[1154]: Network configuration changed, trying to establish connection.
Oct 16 13:28:14 ubuntu systemd-resolved[1195]: Positive Trust Anchors:
Oct 16 13:28:14 ubuntu kernel: [    0.608388] Detected VIPT I-cache on CPU4
Oct 16 13:28:14 ubuntu systemd-resolved[1195]: . IN DS 19036 8 2 49aac11d7b6f6446702e54a1607371607a1a41855200fd2ce1cdde32f24e8fb5
Oct 16 13:28:14 ubuntu kernel: [    0.608410] GICv3: CPU4: found redistributor 4 region 0:0x0000000008120000
Oct 16 13:28:14 ubuntu systemd-resolved[1195]: . IN DS 20326 8 2 e06d44b80b8f1d39a95c0b0d7c65d08458e880409bbc683457104237c7f8ec8d
Oct 16 13:28:14 ubuntu kernel: [    0.608643] GICv3: CPU4: using allocated LPI pending table @0x000000053ca70000
Oct 16 13:28:14 ubuntu systemd-resolved[1195]: Negative trust anchors: 10.in-addr.arpa 16.172.in-addr.arpa 17.172.in-addr.arpa 18.172.in-addr.arpa 19.172.in-addr.arpa 20.172.in-addr.arpa 21.172.in-addr.arpa 22.172.in-addr.arpa 23.172.in-addr.arpa 24.172.in-addr.arpa 25.172.in-addr.arpa 26.172.in-addr.arpa 27.172.in-addr.arpa 28.172.in-addr.arpa 29.172.in-addr.arpa 30.172.in-addr.arpa 31.172.in-addr.arpa 168.192.in-addr.arpa d.f.ip6.arpa corp home internal intranet lan local private test
Oct 16 13:28:14 ubuntu kernel: [    0.608676] CPU4: Booted secondary processor 0x0000000004 [0x481fd010]
Oct 16 13:28:14 ubuntu kernel: [    0.894676] Detected VIPT I-cache on CPU5
Oct 16 13:28:14 ubuntu systemd-resolved[1195]: Using system hostname 'ubuntu'.
Oct 16 13:28:14 ubuntu kernel: [    0.894722] GICv3: CPU5: found redistributor 5 region 0:0x0000000008140000
Oct 16 13:28:14 ubuntu kernel: [    0.895069] GICv3: CPU5: using allocated LPI pending table @0x000000053ca80000
Oct 16 13:28:14 ubuntu systemd[1]: Started Network Name Resolution.
Oct 16 13:28:14 ubuntu kernel: [    0.895125] CPU5: Booted secondary processor 0x0000000005 [0x481fd010]
Oct 16 13:28:14 ubuntu kernel: [    1.006808] Detected VIPT I-cache on CPU6
Oct 16 13:28:14 ubuntu kernel: [    1.006842] GICv3: CPU6: found redistributor 6 region 0:0x0000000008160000
Oct 16 13:28:14 ubuntu kernel: [    1.007197] GICv3: CPU6: using allocated LPI pending table @0x000000053ca90000
Oct 16 13:28:14 ubuntu kernel: [    1.007225] CPU6: Booted secondary processor 0x0000000006 [0x481fd010]
Oct 16 13:28:14 ubuntu systemd[1]: Reached target Network.
Oct 16 13:28:14 ubuntu kernel: [    1.281519] Detected VIPT I-cache on CPU7
Oct 16 13:28:14 ubuntu systemd[1]: Reached target Host and Network Name Lookups.
Oct 16 13:28:14 ubuntu kernel: [    1.281548] GICv3: CPU7: found redistributor 7 region 0:0x0000000008180000
Oct 16 13:28:14 ubuntu apparmor[1134]:    ...done.
Oct 16 13:28:14 ubuntu kernel: [    1.281791] GICv3: CPU7: using allocated LPI pending table @0x000000053caa0000
Oct 16 13:28:14 ubuntu kernel: [    1.281826] CPU7: Booted secondary processor 0x0000000007 [0x481fd010]
Oct 16 13:28:14 ubuntu systemd[1]: Started AppArmor initialization.
Oct 16 13:28:14 ubuntu kernel: [    1.562818] Detected VIPT I-cache on CPU8
Oct 16 13:28:14 ubuntu systemd[1]: Reached target System Initialization.
Oct 16 13:28:14 ubuntu kernel: [    1.562848] GICv3: CPU8: found redistributor 8 region 0:0x00000000081a0000
Oct 16 13:28:14 ubuntu kernel: [    1.563119] GICv3: CPU8: using allocated LPI pending table @0x000000053cab0000
Oct 16 13:28:14 ubuntu systemd[1]: Listening on D-Bus System Message Bus Socket.
Oct 16 13:28:14 ubuntu kernel: [    1.563157] CPU8: Booted secondary processor 0x0000000008 [0x481fd010]
Oct 16 13:28:14 ubuntu systemd[1]: Starting LXD - unix socket.
Oct 16 13:28:14 ubuntu kernel: [    1.839028] Detected VIPT I-cache on CPU9
Oct 16 13:28:14 ubuntu systemd[1]: Starting Socket activation for snappy daemon.
Oct 16 13:28:14 ubuntu kernel: [    1.839057] GICv3: CPU9: found redistributor 9 region 0:0x00000000081c0000
Oct 16 13:28:14 ubuntu systemd[1]: Listening on Open-iSCSI iscsid Socket.
Oct 16 13:28:14 ubuntu kernel: [    1.839342] GICv3: CPU9: using allocated LPI pending table @0x000000053cac0000
Oct 16 13:28:14 ubuntu kernel: [    1.839381] CPU9: Booted secondary processor 0x0000000009 [0x481fd010]
Oct 16 13:28:14 ubuntu kernel: [    2.121129] Detected VIPT I-cache on CPU10
Oct 16 13:28:14 ubuntu systemd[1]: Started Message of the Day.
Oct 16 13:28:14 ubuntu kernel: [    2.121164] GICv3: CPU10: found redistributor a region 0:0x00000000081e0000
Oct 16 13:28:14 ubuntu kernel: [    2.121427] GICv3: CPU10: using allocated LPI pending table @0x000000053cad0000
Oct 16 13:28:14 ubuntu kernel: [    2.121462] CPU10: Booted secondary processor 0x000000000a [0x481fd010]
Oct 16 13:28:14 ubuntu systemd[1]: Listening on UUID daemon activation socket.
Oct 16 13:28:14 ubuntu kernel: [    2.396881] Detected VIPT I-cache on CPU11
Oct 16 13:28:14 ubuntu kernel: [    2.396954] GICv3: CPU11: found redistributor b region 0:0x0000000008200000
Oct 16 13:28:14 ubuntu kernel: [    2.397267] GICv3: CPU11: using allocated LPI pending table @0x000000053cae0000
Oct 16 13:28:14 ubuntu systemd[1]: Listening on ACPID Listen Socket.
Oct 16 13:28:14 ubuntu kernel: [    2.397296] CPU11: Booted secondary processor 0x000000000b [0x481fd010]
Oct 16 13:28:14 ubuntu kernel: [    2.503424] Detected VIPT I-cache on CPU12
Oct 16 13:28:14 ubuntu kernel: [    2.503509] GICv3: CPU12: found redistributor c region 0:0x0000000008220000
Oct 16 13:28:14 ubuntu systemd[1]: Started Discard unused blocks once a week.
Oct 16 13:28:14 ubuntu kernel: [    2.503894] GICv3: CPU12: using allocated LPI pending table @0x000000053caf0000
Oct 16 13:28:14 ubuntu systemd[1]: Started Daily apt download activities.
Oct 16 13:28:14 ubuntu kernel: [    2.503967] CPU12: Booted secondary processor 0x000000000c [0x481fd010]
Oct 16 13:28:14 ubuntu systemd[1]: Started Daily Cleanup of Temporary Directories.
Oct 16 13:28:14 ubuntu kernel: [    2.785304] Detected VIPT I-cache on CPU13
Oct 16 13:28:14 ubuntu kernel: [    2.785345] GICv3: CPU13: found redistributor d region 0:0x0000000008240000
Oct 16 13:28:14 ubuntu systemd[1]: Started Daily apt upgrade and clean activities.
Oct 16 13:28:14 ubuntu kernel: [    2.785640] GICv3: CPU13: using allocated LPI pending table @0x000000053cb00000
Oct 16 13:28:14 ubuntu kernel: [    2.785676] CPU13: Booted secondary processor 0x000000000d [0x481fd010]
Oct 16 13:28:14 ubuntu kernel: [    3.071362] Detected VIPT I-cache on CPU14
Oct 16 13:28:14 ubuntu kernel: [    3.071413] GICv3: CPU14: found redistributor e region 0:0x0000000008260000
Oct 16 13:28:14 ubuntu systemd[1]: Reached target Timers.
Oct 16 13:28:14 ubuntu kernel: [    3.071647] GICv3: CPU14: using allocated LPI pending table @0x000000053cb10000
Oct 16 13:28:14 ubuntu systemd[1]: Started ACPI Events Check.
Oct 16 13:28:14 ubuntu kernel: [    3.071687] CPU14: Booted secondary processor 0x000000000e [0x481fd010]
Oct 16 13:28:14 ubuntu systemd[1]: Reached target Paths.
Oct 16 13:28:14 ubuntu kernel: [    3.353834] Detected VIPT I-cache on CPU15
Oct 16 13:28:14 ubuntu systemd[1]: Listening on LXD - unix socket.
Oct 16 13:28:14 ubuntu kernel: [    3.353883] GICv3: CPU15: found redistributor f region 0:0x0000000008280000
Oct 16 13:28:14 ubuntu systemd[1]: Listening on Socket activation for snappy daemon.
Oct 16 13:28:14 ubuntu kernel: [    3.354158] GICv3: CPU15: using allocated LPI pending table @0x000000053cb20000
Oct 16 13:28:14 ubuntu kernel: [    3.354194] CPU15: Booted secondary processor 0x000000000f [0x481fd010]
Oct 16 13:28:14 ubuntu kernel: [    3.466725] Detected VIPT I-cache on CPU16
Oct 16 13:28:14 ubuntu kernel: [    3.466823] GICv3: CPU16: found redistributor 100 region 0:0x00000000082a0000
Oct 16 13:28:14 ubuntu kernel: [    3.467200] GICv3: CPU16: using allocated LPI pending table @0x000000053cb30000
Oct 16 13:28:14 ubuntu systemd[1]: Reached target Sockets.
Oct 16 13:28:14 ubuntu kernel: [    3.467272] CPU16: Booted secondary processor 0x0000000100 [0x481fd010]
Oct 16 13:28:14 ubuntu kernel: [    3.746705] Detected VIPT I-cache on CPU17
Oct 16 13:28:14 ubuntu systemd[1]: Reached target Basic System.
Oct 16 13:28:14 ubuntu kernel: [    3.746751] GICv3: CPU17: found redistributor 101 region 0:0x00000000082c0000
Oct 16 13:28:14 ubuntu systemd[1]: Starting System Logging Service...
Oct 16 13:28:14 ubuntu kernel: [    3.746989] GICv3: CPU17: using allocated LPI pending table @0x000000053cb40000
Oct 16 13:28:14 ubuntu kernel: [    3.747032] CPU17: Booted secondary processor 0x0000000101 [0x481fd010]
Oct 16 13:28:14 ubuntu systemd[1]: Started D-Bus System Message Bus.
Oct 16 13:28:14 ubuntu kernel: [    3.854814] Detected VIPT I-cache on CPU18
Oct 16 13:28:14 ubuntu rsyslogd: imuxsock: Acquired UNIX socket '/run/systemd/journal/syslog' (fd 3) from systemd.  [v8.32.0]
Oct 16 13:28:14 ubuntu kernel: [    3.854923] GICv3: CPU18: found redistributor 102 region 0:0x00000000082e0000
Oct 16 13:28:14 ubuntu rsyslogd: rsyslogd's groupid changed to 106
Oct 16 13:28:14 ubuntu kernel: [    3.855298] GICv3: CPU18: using allocated LPI pending table @0x000000053cb50000
Oct 16 13:28:14 ubuntu rsyslogd: rsyslogd's userid changed to 102
Oct 16 13:28:14 ubuntu kernel: [    3.855370] CPU18: Booted secondary processor 0x0000000102 [0x481fd010]
Oct 16 13:28:14 ubuntu kernel: [    4.135633] Detected VIPT I-cache on CPU19
Oct 16 13:28:14 ubuntu rsyslogd:  [origin software="rsyslogd" swVersion="8.32.0" x-pid="1223" x-info="http://www.rsyslog.com"] start
Oct 16 13:28:14 ubuntu kernel: [    4.135730] GICv3: CPU19: found redistributor 103 region 0:0x0000000008300000
Oct 16 13:28:14 ubuntu kernel: [    4.135980] GICv3: CPU19: using allocated LPI pending table @0x000000053cb60000
Oct 16 13:28:14 ubuntu kernel: [    4.136021] CPU19: Booted secondary processor 0x0000000103 [0x481fd010]
Oct 16 13:28:14 ubuntu kernel: [    4.243592] Detected VIPT I-cache on CPU20
Oct 16 13:28:14 ubuntu kernel: [    4.243645] GICv3: CPU20: found redistributor 104 region 0:0x0000000008320000
Oct 16 13:28:14 ubuntu kernel: [    4.243872] GICv3: CPU20: using allocated LPI pending table @0x000000053cb70000
Oct 16 13:28:14 ubuntu kernel: [    4.243904] CPU20: Booted secondary processor 0x0000000104 [0x481fd010]
Oct 16 13:28:14 ubuntu kernel: [    4.351526] Detected VIPT I-cache on CPU21
Oct 16 13:28:14 ubuntu kernel: [    4.351589] GICv3: CPU21: found redistributor 105 region 0:0x0000000008340000
Oct 16 13:28:14 ubuntu kernel: [    4.351869] GICv3: CPU21: using allocated LPI pending table @0x000000053cb80000
Oct 16 13:28:14 ubuntu kernel: [    4.351904] CPU21: Booted secondary processor 0x0000000105 [0x481fd010]
Oct 16 13:28:14 ubuntu kernel: [    4.459388] Detected VIPT I-cache on CPU22
Oct 16 13:28:14 ubuntu kernel: [    4.459443] GICv3: CPU22: found redistributor 106 region 0:0x0000000008360000
Oct 16 13:28:14 ubuntu kernel: [    4.459642] GICv3: CPU22: using allocated LPI pending table @0x000000053cb90000
Oct 16 13:28:14 ubuntu kernel: [    4.459674] CPU22: Booted secondary processor 0x0000000106 [0x481fd010]
Oct 16 13:28:14 ubuntu kernel: [    4.743357] Detected VIPT I-cache on CPU23
Oct 16 13:28:14 ubuntu kernel: [    4.743430] GICv3: CPU23: found redistributor 107 region 0:0x0000000008380000
Oct 16 13:28:14 ubuntu kernel: [    4.743684] GICv3: CPU23: using allocated LPI pending table @0x000000053cba0000
Oct 16 13:28:14 ubuntu kernel: [    4.743730] CPU23: Booted secondary processor 0x0000000107 [0x481fd010]
Oct 16 13:28:14 ubuntu kernel: [    5.024995] Detected VIPT I-cache on CPU24
Oct 16 13:28:14 ubuntu kernel: [    5.025105] GICv3: CPU24: found redistributor 108 region 0:0x00000000083a0000
Oct 16 13:28:14 ubuntu kernel: [    5.025371] GICv3: CPU24: using allocated LPI pending table @0x000000053cbb0000
Oct 16 13:28:14 ubuntu kernel: [    5.025408] CPU24: Booted secondary processor 0x0000000108 [0x481fd010]
Oct 16 13:28:14 ubuntu kernel: [    5.224788] Detected VIPT I-cache on CPU25
Oct 16 13:28:14 ubuntu kernel: [    5.224860] GICv3: CPU25: found redistributor 109 region 0:0x00000000083c0000
Oct 16 13:28:14 ubuntu kernel: [    5.225129] GICv3: CPU25: using allocated LPI pending table @0x000000053cbc0000
Oct 16 13:28:14 ubuntu kernel: [    5.225173] CPU25: Booted secondary processor 0x0000000109 [0x481fd010]
Oct 16 13:28:14 ubuntu kernel: [    5.339392] Detected VIPT I-cache on CPU26
Oct 16 13:28:14 ubuntu kernel: [    5.339467] GICv3: CPU26: found redistributor 10a region 0:0x00000000083e0000
Oct 16 13:28:14 ubuntu kernel: [    5.339715] GICv3: CPU26: using allocated LPI pending table @0x000000053cbd0000
Oct 16 13:28:14 ubuntu kernel: [    5.339752] CPU26: Booted secondary processor 0x000000010a [0x481fd010]
Oct 16 13:28:14 ubuntu kernel: [    5.454087] Detected VIPT I-cache on CPU27
Oct 16 13:28:14 ubuntu kernel: [    5.454229] GICv3: CPU27: found redistributor 10b region 0:0x0000000008400000
Oct 16 13:28:14 ubuntu kernel: [    5.454556] GICv3: CPU27: using allocated LPI pending table @0x000000053cbe0000
Oct 16 13:28:14 ubuntu kernel: [    5.454625] CPU27: Booted secondary processor 0x000000010b [0x481fd010]
Oct 16 13:28:14 ubuntu kernel: [    5.738745] Detected VIPT I-cache on CPU28
Oct 16 13:28:14 ubuntu kernel: [    5.738809] GICv3: CPU28: found redistributor 10c region 0:0x0000000008420000
Oct 16 13:28:14 ubuntu kernel: [    5.739067] GICv3: CPU28: using allocated LPI pending table @0x000000053cbf0000
Oct 16 13:28:14 ubuntu kernel: [    5.739111] CPU28: Booted secondary processor 0x000000010c [0x481fd010]
Oct 16 13:28:14 ubuntu kernel: [    6.026293] Detected VIPT I-cache on CPU29
Oct 16 13:28:14 ubuntu kernel: [    6.026373] GICv3: CPU29: found redistributor 10d region 0:0x0000000008440000
Oct 16 13:28:14 ubuntu kernel: [    6.026675] GICv3: CPU29: using allocated LPI pending table @0x000000051f800000
Oct 16 13:28:14 ubuntu kernel: [    6.026728] CPU29: Booted secondary processor 0x000000010d [0x481fd010]
Oct 16 13:28:14 ubuntu kernel: [    6.140839] Detected VIPT I-cache on CPU30
Oct 16 13:28:14 ubuntu kernel: [    6.140916] GICv3: CPU30: found redistributor 10e region 0:0x0000000008460000
Oct 16 13:28:14 ubuntu kernel: [    6.141157] GICv3: CPU30: using allocated LPI pending table @0x000000051f810000
Oct 16 13:28:14 ubuntu kernel: [    6.141193] CPU30: Booted secondary processor 0x000000010e [0x481fd010]
Oct 16 13:28:14 ubuntu kernel: [    6.255865] Detected VIPT I-cache on CPU31
Oct 16 13:28:14 ubuntu kernel: [    6.255939] GICv3: CPU31: found redistributor 10f region 0:0x0000000008480000
Oct 16 13:28:14 ubuntu kernel: [    6.256202] GICv3: CPU31: using allocated LPI pending table @0x000000051f820000
Oct 16 13:28:14 ubuntu kernel: [    6.256257] CPU31: Booted secondary processor 0x000000010f [0x481fd010]
Oct 16 13:28:14 ubuntu kernel: [    6.256438] smp: Brought up 1 node, 32 CPUs
Oct 16 13:28:14 ubuntu kernel: [    6.256571] SMP: Total of 32 processors activated.
Oct 16 13:28:14 ubuntu kernel: [    6.256577] CPU features: detected: Privileged Access Never
Oct 16 13:28:14 ubuntu kernel: [    6.256579] CPU features: detected: LSE atomic instructions
Oct 16 13:28:14 ubuntu kernel: [    6.256582] CPU features: detected: User Access Override
Oct 16 13:28:14 ubuntu kernel: [    6.256586] CPU features: detected: Common not Private translations
Oct 16 13:28:14 ubuntu kernel: [    6.256589] CPU features: detected: Data cache clean to Point of Persistence
Oct 16 13:28:14 ubuntu kernel: [    6.256592] CPU features: detected: RAS Extension Support
Oct 16 13:28:14 ubuntu kernel: [    6.256595] CPU features: detected: CRC32 instructions
Oct 16 13:28:14 ubuntu kernel: [    6.367619] CPU: All CPU(s) started at EL1
Oct 16 13:28:14 ubuntu kernel: [    6.367942] alternatives: patching kernel code
Oct 16 13:28:14 ubuntu kernel: [    6.374658] devtmpfs: initialized
Oct 16 13:28:14 ubuntu kernel: [    6.376221] Registered cp15_barrier emulation handler
Oct 16 13:28:14 ubuntu kernel: [    6.376361] Registered setend emulation handler
Oct 16 13:28:14 ubuntu kernel: [    6.376366] KASLR disabled due to lack of seed
Oct 16 13:28:14 ubuntu kernel: [    6.377165] clocksource: jiffies: mask: 0xffffffff max_cycles: 0xffffffff, max_idle_ns: 7645041785100000 ns
Oct 16 13:28:14 ubuntu kernel: [    6.377543] futex hash table entries: 8192 (order: 7, 524288 bytes, linear)
Oct 16 13:28:14 ubuntu kernel: [    6.378735] pinctrl core: initialized pinctrl subsystem
Oct 16 13:28:14 ubuntu kernel: [    6.379383] thermal_sys: Registered thermal governor 'fair_share'
Oct 16 13:28:14 ubuntu kernel: [    6.379384] thermal_sys: Registered thermal governor 'bang_bang'
Oct 16 13:28:14 ubuntu kernel: [    6.379387] thermal_sys: Registered thermal governor 'step_wise'
Oct 16 13:28:14 ubuntu kernel: [    6.379388] thermal_sys: Registered thermal governor 'user_space'
Oct 16 13:28:14 ubuntu kernel: [    6.379518] SMBIOS 3.0.0 present.
Oct 16 13:28:14 ubuntu kernel: [    6.379523] DMI: QEMU KVM Virtual Machine, BIOS 0.0.0 02/06/2015
Oct 16 13:28:14 ubuntu kernel: [    6.380191] NET: Registered protocol family 16
Oct 16 13:28:14 ubuntu kernel: [    6.382492] DMA: preallocated 256 KiB pool for atomic allocations
Oct 16 13:28:14 ubuntu kernel: [    6.382499] audit: initializing netlink subsys (disabled)
Oct 16 13:28:14 ubuntu kernel: [    6.382827] audit: type=2000 audit(5.972:1): state=initialized audit_enabled=0 res=1
Oct 16 13:28:14 ubuntu kernel: [    6.383235] cpuidle: using governor ladder
Oct 16 13:28:14 ubuntu kernel: [    6.383287] cpuidle: using governor menu
Oct 16 13:28:14 ubuntu kernel: [    6.383371] hw-breakpoint: found 6 breakpoint and 4 watchpoint registers.
Oct 16 13:28:14 ubuntu kernel: [    6.385806] ASID allocator initialised with 65536 entries
Oct 16 13:28:14 ubuntu kernel: [    6.385988] ACPI: bus type PCI registered
Oct 16 13:28:14 ubuntu kernel: [    6.386000] acpiphp: ACPI Hot Plug PCI Controller Driver version: 0.5
Oct 16 13:28:14 ubuntu kernel: [    6.386207] Serial: AMBA PL011 UART driver
Oct 16 13:28:14 ubuntu kernel: [    6.390340] HugeTLB registered 1.00 GiB page size, pre-allocated 0 pages
Oct 16 13:28:14 ubuntu kernel: [    6.390342] HugeTLB registered 32.0 MiB page size, pre-allocated 0 pages
Oct 16 13:28:14 ubuntu kernel: [    6.390344] HugeTLB registered 2.00 MiB page size, pre-allocated 0 pages
Oct 16 13:28:14 ubuntu kernel: [    6.390345] HugeTLB registered 64.0 KiB page size, pre-allocated 0 pages
Oct 16 13:28:14 ubuntu kernel: [    6.405171] ACPI: Added _OSI(Module Device)
Oct 16 13:28:14 ubuntu kernel: [    6.405173] ACPI: Added _OSI(Processor Device)
Oct 16 13:28:14 ubuntu kernel: [    6.405175] ACPI: Added _OSI(3.0 _SCP Extensions)
Oct 16 13:28:14 ubuntu kernel: [    6.405176] ACPI: Added _OSI(Processor Aggregator Device)
Oct 16 13:28:14 ubuntu kernel: [    6.405178] ACPI: Added _OSI(Linux-Dell-Video)
Oct 16 13:28:14 ubuntu kernel: [    6.405180] ACPI: Added _OSI(Linux-Lenovo-NV-HDMI-Audio)
Oct 16 13:28:14 ubuntu kernel: [    6.405181] ACPI: Added _OSI(Linux-HPI-Hybrid-Graphics)
Oct 16 13:28:14 ubuntu kernel: [    6.406041] ACPI: 1 ACPI AML tables successfully acquired and loaded
Oct 16 13:28:14 ubuntu kernel: [    6.406606] ACPI: Interpreter enabled
Oct 16 13:28:14 ubuntu kernel: [    6.406607] ACPI: Using GIC for interrupt routing
Oct 16 13:28:14 ubuntu kernel: [    6.406624] ACPI: MCFG table detected, 1 entries
Oct 16 13:28:14 ubuntu kernel: [    6.411201] ARMH0011:00: ttyAMA0 at MMIO 0x9000000 (irq = 4, base_baud = 0) is a SBSA
Oct 16 13:28:14 ubuntu kernel: [    6.567363] printk: console [ttyAMA0] enabled
Oct 16 13:28:14 ubuntu kernel: [    6.570061] ACPI: PCI Root Bridge [PCI0] (domain 0000 [bus 00-0f])
Oct 16 13:28:14 ubuntu kernel: [    6.570709] acpi PNP0A08:00: _OSC: OS supports [ExtendedConfig ASPM ClockPM Segments MSI HPX-Type3]
Oct 16 13:28:14 ubuntu kernel: [    6.571727] acpi PNP0A08:00: _OSC: platform does not support [SHPCHotplug LTR]
Oct 16 13:28:14 ubuntu kernel: [    6.572606] acpi PNP0A08:00: _OSC: OS now controls [PCIeHotplug PME AER PCIeCapability]
Oct 16 13:28:14 ubuntu kernel: [    6.573686] acpi PNP0A08:00: ECAM area [mem 0x3f000000-0x3fffffff] reserved by PNP0C02:00
Oct 16 13:28:14 ubuntu kernel: [    6.574490] acpi PNP0A08:00: ECAM at [mem 0x3f000000-0x3fffffff] for [bus 00-0f]
Oct 16 13:28:14 ubuntu kernel: [    6.575250] Remapped I/O 0x000000003eff0000 to [io  0x0000-0xffff window]
Oct 16 13:28:14 ubuntu kernel: [    6.576102] PCI host bridge to bus 0000:00
Oct 16 13:28:14 ubuntu kernel: [    6.576517] pci_bus 0000:00: root bus resource [mem 0x10000000-0x3efeffff window]
Oct 16 13:28:14 ubuntu kernel: [    6.577230] pci_bus 0000:00: root bus resource [io  0x0000-0xffff window]
Oct 16 13:28:14 ubuntu kernel: [    6.577901] pci_bus 0000:00: root bus resource [mem 0x8000000000-0xffffffffff window]
Oct 16 13:28:14 ubuntu kernel: [    6.578629] pci_bus 0000:00: root bus resource [bus 00-0f]
Oct 16 13:28:14 ubuntu kernel: [    6.579237] pci 0000:00:00.0: [1b36:0008] type 00 class 0x060000
Oct 16 13:28:14 ubuntu kernel: [    6.580208] pci 0000:00:01.0: [1b36:000c] type 01 class 0x060400
Oct 16 13:28:14 ubuntu kernel: [    6.582100] pci 0000:00:01.0: reg 0x10: [mem 0x10303000-0x10303fff]
Oct 16 13:28:14 ubuntu kernel: [    6.585027] pci 0000:00:01.1: [1b36:000c] type 01 class 0x060400
Oct 16 13:28:14 ubuntu kernel: [    6.586751] pci 0000:00:01.1: reg 0x10: [mem 0x10302000-0x10302fff]
Oct 16 13:28:14 ubuntu kernel: [    6.589756] pci 0000:00:01.2: [1b36:000c] type 01 class 0x060400
Oct 16 13:28:14 ubuntu kernel: [    6.591442] pci 0000:00:01.2: reg 0x10: [mem 0x10301000-0x10301fff]
Oct 16 13:28:14 ubuntu kernel: [    6.596913] pci 0000:00:01.3: [1b36:000c] type 01 class 0x060400
Oct 16 13:28:14 ubuntu kernel: [    6.599059] pci 0000:00:01.3: reg 0x10: [mem 0x10300000-0x10300fff]
Oct 16 13:28:14 ubuntu kernel: [    6.602955] pci 0000:01:00.0: [1af4:1041] type 00 class 0x020000
Oct 16 13:28:14 ubuntu kernel: [    6.606565] pci 0000:01:00.0: reg 0x14: [mem 0x10200000-0x10200fff]
Oct 16 13:28:14 ubuntu kernel: [    6.608935] pci 0000:01:00.0: reg 0x20: [mem 0x8000000000-0x8000003fff 64bit pref]
Oct 16 13:28:14 ubuntu kernel: [    6.610482] pci 0000:01:00.0: reg 0x30: [mem 0xfff80000-0xffffffff pref]
Oct 16 13:28:14 ubuntu kernel: [    6.612633] pci 0000:02:00.0: [1b36:000d] type 00 class 0x0c0330
Oct 16 13:28:14 ubuntu kernel: [    6.613448] pci 0000:02:00.0: reg 0x10: [mem 0x10100000-0x10103fff 64bit]
Oct 16 13:28:14 ubuntu kernel: [    6.616321] pci 0000:03:00.0: [1af4:1048] type 00 class 0x010000
Oct 16 13:28:14 ubuntu kernel: [    6.618589] pci 0000:03:00.0: reg 0x14: [mem 0x10000000-0x10000fff]
Oct 16 13:28:14 ubuntu kernel: [    6.621121] pci 0000:03:00.0: reg 0x20: [mem 0x8000100000-0x8000103fff 64bit pref]
Oct 16 13:28:14 ubuntu kernel: [    6.625530] pci 0000:00:01.0: bridge window [io  0x1000-0x0fff] to [bus 01] add_size 1000
Oct 16 13:28:14 ubuntu kernel: [    6.627816] pci 0000:00:01.0: bridge window [mem 0x00100000-0x001fffff 64bit pref] to [bus 01] add_size 100000 add_align 100000
Oct 16 13:28:14 ubuntu kernel: [    6.628939] pci 0000:00:01.0: bridge window [mem 0x00100000-0x001fffff] to [bus 01] add_size 100000 add_align 100000
Oct 16 13:28:14 ubuntu kernel: [    6.629938] pci 0000:00:01.1: bridge window [io  0x1000-0x0fff] to [bus 02] add_size 1000
Oct 16 13:28:14 ubuntu kernel: [    6.630701] pci 0000:00:01.1: bridge window [mem 0x00100000-0x000fffff 64bit pref] to [bus 02] add_size 200000 add_align 100000
Oct 16 13:28:14 ubuntu kernel: [    6.631774] pci 0000:00:01.1: bridge window [mem 0x00100000-0x001fffff] to [bus 02] add_size 100000 add_align 100000
Oct 16 13:28:14 ubuntu kernel: [    6.632774] pci 0000:00:01.2: bridge window [io  0x1000-0x0fff] to [bus 03] add_size 1000
Oct 16 13:28:14 ubuntu kernel: [    6.633667] pci 0000:00:01.2: bridge window [mem 0x00100000-0x001fffff 64bit pref] to [bus 03] add_size 100000 add_align 100000
Oct 16 13:28:14 ubuntu kernel: [    6.634949] pci 0000:00:01.2: bridge window [mem 0x00100000-0x001fffff] to [bus 03] add_size 100000 add_align 100000
Oct 16 13:28:14 ubuntu kernel: [    6.636173] pci 0000:00:01.3: bridge window [io  0x1000-0x0fff] to [bus 04] add_size 1000
Oct 16 13:28:14 ubuntu kernel: [    6.637127] pci 0000:00:01.3: bridge window [mem 0x00100000-0x000fffff 64bit pref] to [bus 04] add_size 200000 add_align 100000
Oct 16 13:28:14 ubuntu kernel: [    6.638493] pci 0000:00:01.3: bridge window [mem 0x00100000-0x000fffff] to [bus 04] add_size 200000 add_align 100000
Oct 16 13:28:14 ubuntu kernel: [    6.639744] pci 0000:00:01.0: BAR 14: assigned [mem 0x10000000-0x101fffff]
Oct 16 13:28:14 ubuntu kernel: [    6.640549] pci 0000:00:01.0: BAR 15: assigned [mem 0x8000000000-0x80001fffff 64bit pref]
Oct 16 13:28:14 ubuntu kernel: [    6.641473] pci 0000:00:01.1: BAR 14: assigned [mem 0x10200000-0x103fffff]
Oct 16 13:28:14 ubuntu kernel: [    6.642154] pci 0000:00:01.1: BAR 15: assigned [mem 0x8000200000-0x80003fffff 64bit pref]
Oct 16 13:28:14 ubuntu kernel: [    6.642958] pci 0000:00:01.2: BAR 14: assigned [mem 0x10400000-0x105fffff]
Oct 16 13:28:14 ubuntu kernel: [    6.643615] pci 0000:00:01.2: BAR 15: assigned [mem 0x8000400000-0x80005fffff 64bit pref]
Oct 16 13:28:14 ubuntu kernel: [    6.644383] pci 0000:00:01.3: BAR 14: assigned [mem 0x10600000-0x107fffff]
Oct 16 13:28:14 ubuntu kernel: [    6.645042] pci 0000:00:01.3: BAR 15: assigned [mem 0x8000600000-0x80007fffff 64bit pref]
Oct 16 13:28:14 ubuntu kernel: [    6.645834] pci 0000:00:01.0: BAR 0: assigned [mem 0x10800000-0x10800fff]
Oct 16 13:28:14 ubuntu kernel: [    6.646835] pci 0000:00:01.0: BAR 13: assigned [io  0x1000-0x1fff]
Oct 16 13:28:14 ubuntu kernel: [    6.647467] pci 0000:00:01.1: BAR 0: assigned [mem 0x10801000-0x10801fff]
Oct 16 13:28:14 ubuntu kernel: [    6.648417] pci 0000:00:01.1: BAR 13: assigned [io  0x2000-0x2fff]
Oct 16 13:28:14 ubuntu kernel: [    6.649026] pci 0000:00:01.2: BAR 0: assigned [mem 0x10802000-0x10802fff]
Oct 16 13:28:14 ubuntu kernel: [    6.649997] pci 0000:00:01.2: BAR 13: assigned [io  0x3000-0x3fff]
Oct 16 13:28:14 ubuntu kernel: [    6.650589] pci 0000:00:01.3: BAR 0: assigned [mem 0x10803000-0x10803fff]
Oct 16 13:28:14 ubuntu kernel: [    6.651524] pci 0000:00:01.3: BAR 13: assigned [io  0x4000-0x4fff]
Oct 16 13:28:14 ubuntu kernel: [    6.652123] pci 0000:01:00.0: BAR 6: assigned [mem 0x10000000-0x1007ffff pref]
Oct 16 13:28:14 ubuntu kernel: [    6.652822] pci 0000:01:00.0: BAR 4: assigned [mem 0x8000000000-0x8000003fff 64bit pref]
Oct 16 13:28:14 ubuntu kernel: [    6.654189] pci 0000:01:00.0: BAR 1: assigned [mem 0x10080000-0x10080fff]
Oct 16 13:28:14 ubuntu kernel: [    6.655116] pci 0000:00:01.0: PCI bridge to [bus 01]
Oct 16 13:28:14 ubuntu kernel: [    6.655614] pci 0000:00:01.0:   bridge window [io  0x1000-0x1fff]
Oct 16 13:28:14 ubuntu kernel: [    6.656769] pci 0000:00:01.0:   bridge window [mem 0x10000000-0x101fffff]
Oct 16 13:28:14 ubuntu kernel: [    6.658393] pci 0000:00:01.0:   bridge window [mem 0x8000000000-0x80001fffff 64bit pref]
Oct 16 13:28:14 ubuntu kernel: [    6.659980] pci 0000:02:00.0: BAR 0: assigned [mem 0x10200000-0x10203fff 64bit]
Oct 16 13:28:14 ubuntu kernel: [    6.660757] pci 0000:00:01.1: PCI bridge to [bus 02]
Oct 16 13:28:14 ubuntu kernel: [    6.661264] pci 0000:00:01.1:   bridge window [io  0x2000-0x2fff]
Oct 16 13:28:14 ubuntu kernel: [    6.662459] pci 0000:00:01.1:   bridge window [mem 0x10200000-0x103fffff]
Oct 16 13:28:14 ubuntu kernel: [    6.663531] pci 0000:00:01.1:   bridge window [mem 0x8000200000-0x80003fffff 64bit pref]
Oct 16 13:28:14 ubuntu kernel: [    6.665137] pci 0000:03:00.0: BAR 4: assigned [mem 0x8000400000-0x8000403fff 64bit pref]
Oct 16 13:28:14 ubuntu kernel: [    6.666581] pci 0000:03:00.0: BAR 1: assigned [mem 0x10400000-0x10400fff]
Oct 16 13:28:14 ubuntu kernel: [    6.668249] pci 0000:00:01.2: PCI bridge to [bus 03]
Oct 16 13:28:14 ubuntu kernel: [    6.668783] pci 0000:00:01.2:   bridge window [io  0x3000-0x3fff]
Oct 16 13:28:14 ubuntu kernel: [    6.670034] pci 0000:00:01.2:   bridge window [mem 0x10400000-0x105fffff]
Oct 16 13:28:14 ubuntu kernel: [    6.671045] pci 0000:00:01.2:   bridge window [mem 0x8000400000-0x80005fffff 64bit pref]
Oct 16 13:28:14 ubuntu kernel: [    6.672561] pci 0000:00:01.3: PCI bridge to [bus 04]
Oct 16 13:28:14 ubuntu kernel: [    6.673069] pci 0000:00:01.3:   bridge window [io  0x4000-0x4fff]
Oct 16 13:28:14 ubuntu kernel: [    6.674331] pci 0000:00:01.3:   bridge window [mem 0x10600000-0x107fffff]
Oct 16 13:28:14 ubuntu kernel: [    6.675445] pci 0000:00:01.3:   bridge window [mem 0x8000600000-0x80007fffff 64bit pref]
Oct 16 13:28:14 ubuntu kernel: [    6.677127] pci_bus 0000:00: resource 4 [mem 0x10000000-0x3efeffff window]
Oct 16 13:28:14 ubuntu kernel: [    6.677875] pci_bus 0000:00: resource 5 [io  0x0000-0xffff window]
Oct 16 13:28:14 ubuntu kernel: [    6.679173] pci_bus 0000:00: resource 6 [mem 0x8000000000-0xffffffffff window]
Oct 16 13:28:14 ubuntu kernel: [    6.679919] pci_bus 0000:01: resource 0 [io  0x1000-0x1fff]
Oct 16 13:28:14 ubuntu kernel: [    6.680495] pci_bus 0000:01: resource 1 [mem 0x10000000-0x101fffff]
Oct 16 13:28:14 ubuntu kernel: [    6.681152] pci_bus 0000:01: resource 2 [mem 0x8000000000-0x80001fffff 64bit pref]
Oct 16 13:28:14 ubuntu kernel: [    6.682051] pci_bus 0000:02: resource 0 [io  0x2000-0x2fff]
Oct 16 13:28:14 ubuntu kernel: [    6.682622] pci_bus 0000:02: resource 1 [mem 0x10200000-0x103fffff]
Oct 16 13:28:14 ubuntu kernel: [    6.683277] pci_bus 0000:02: resource 2 [mem 0x8000200000-0x80003fffff 64bit pref]
Oct 16 13:28:14 ubuntu kernel: [    6.684075] pci_bus 0000:03: resource 0 [io  0x3000-0x3fff]
Oct 16 13:28:14 ubuntu kernel: [    6.684657] pci_bus 0000:03: resource 1 [mem 0x10400000-0x105fffff]
Oct 16 13:28:14 ubuntu kernel: [    6.685325] pci_bus 0000:03: resource 2 [mem 0x8000400000-0x80005fffff 64bit pref]
Oct 16 13:28:14 ubuntu kernel: [    6.686135] pci_bus 0000:04: resource 0 [io  0x4000-0x4fff]
Oct 16 13:28:14 ubuntu kernel: [    6.686702] pci_bus 0000:04: resource 1 [mem 0x10600000-0x107fffff]
Oct 16 13:28:14 ubuntu kernel: [    6.687344] pci_bus 0000:04: resource 2 [mem 0x8000600000-0x80007fffff 64bit pref]
Oct 16 13:28:14 ubuntu kernel: [    6.688248] ACPI: PCI Interrupt Link [GSI0] (IRQs *35)
Oct 16 13:28:14 ubuntu kernel: [    6.688802] ACPI: PCI Interrupt Link [GSI1] (IRQs *36)
Oct 16 13:28:14 ubuntu kernel: [    6.689345] ACPI: PCI Interrupt Link [GSI2] (IRQs *37)
Oct 16 13:28:14 ubuntu kernel: [    6.689951] ACPI: PCI Interrupt Link [GSI3] (IRQs *38)
Oct 16 13:28:14 ubuntu kernel: [    6.691677] iommu: Default domain type: Translated 
Oct 16 13:28:14 ubuntu kernel: [    6.692304] vgaarb: loaded
Oct 16 13:28:14 ubuntu kernel: [    6.693059] SCSI subsystem initialized
Oct 16 13:28:14 ubuntu kernel: [    6.693944] libata version 3.00 loaded.
Oct 16 13:28:14 ubuntu kernel: [    6.694004] ACPI: bus type USB registered
Oct 16 13:28:14 ubuntu kernel: [    6.694452] usbcore: registered new interface driver usbfs
Oct 16 13:28:14 ubuntu kernel: [    6.695012] usbcore: registered new interface driver hub
Oct 16 13:28:14 ubuntu kernel: [    6.695991] usbcore: registered new device driver usb
Oct 16 13:28:14 ubuntu kernel: [    6.696595] pps_core: LinuxPPS API ver. 1 registered
Oct 16 13:28:14 ubuntu kernel: [    6.697076] pps_core: Software ver. 5.3.6 - Copyright 2005-2007 Rodolfo Giometti <giometti@linux.it>
Oct 16 13:28:14 ubuntu kernel: [    6.698067] PTP clock support registered
Oct 16 13:28:14 ubuntu kernel: [    6.699133] EDAC MC: Ver: 3.0.0
Oct 16 13:28:14 ubuntu kernel: [    6.699939] Registered efivars operations
Oct 16 13:28:14 ubuntu kernel: [    6.702830] NetLabel: Initializing
Oct 16 13:28:14 ubuntu kernel: [    6.703183] NetLabel:  domain hash size = 128
Oct 16 13:28:14 ubuntu kernel: [    6.703618] NetLabel:  protocols = UNLABELED CIPSOv4 CALIPSO
Oct 16 13:28:14 ubuntu kernel: [    6.704217] NetLabel:  unlabeled traffic allowed by default
Oct 16 13:28:14 ubuntu kernel: [    6.705567] clocksource: Switched to clocksource arch_sys_counter
Oct 16 13:28:14 ubuntu kernel: [    6.728602] VFS: Disk quotas dquot_6.6.0
Oct 16 13:28:14 ubuntu kernel: [    6.729196] VFS: Dquot-cache hash table entries: 512 (order 0, 4096 bytes)
Oct 16 13:28:14 ubuntu kernel: [    6.730289] AppArmor: AppArmor Filesystem Enabled
Oct 16 13:28:14 ubuntu kernel: [    6.730834] pnp: PnP ACPI init
Oct 16 13:28:14 ubuntu kernel: [    6.731364] system 00:00: [mem 0x3f000000-0x3fffffff] could not be reserved
Oct 16 13:28:14 ubuntu kernel: [    6.732031] system 00:00: Plug and Play ACPI device, IDs PNP0c02 (active)
Oct 16 13:28:14 ubuntu kernel: [    6.732039] pnp: PnP ACPI: found 1 devices
Oct 16 13:28:14 ubuntu kernel: [    6.737243] NET: Registered protocol family 2
Oct 16 13:28:14 ubuntu kernel: [    6.738573] tcp_listen_portaddr_hash hash table entries: 16384 (order: 6, 262144 bytes, linear)
Oct 16 13:28:14 ubuntu kernel: [    6.740756] TCP established hash table entries: 262144 (order: 9, 2097152 bytes, linear)
Oct 16 13:28:14 ubuntu kernel: [    6.742568] TCP bind hash table entries: 65536 (order: 8, 1048576 bytes, linear)
Oct 16 13:28:14 ubuntu kernel: [    6.743405] TCP: Hash tables configured (established 262144 bind 65536)
Oct 16 13:28:14 ubuntu kernel: [    6.744704] UDP hash table entries: 16384 (order: 7, 524288 bytes, linear)
Oct 16 13:28:14 ubuntu kernel: [    6.745799] UDP-Lite hash table entries: 16384 (order: 7, 524288 bytes, linear)
Oct 16 13:28:14 ubuntu kernel: [    6.746770] NET: Registered protocol family 1
Oct 16 13:28:14 ubuntu kernel: [    6.747212] NET: Registered protocol family 44
Oct 16 13:28:14 ubuntu kernel: [    6.747752] pci 0000:02:00.0: enabling device (0000 -> 0002)
Oct 16 13:28:14 ubuntu kernel: [    6.748670] PCI: CLS 0 bytes, default 64
Oct 16 13:28:14 ubuntu kernel: [    6.749253] Trying to unpack rootfs image as initramfs...
Oct 16 13:28:14 ubuntu kernel: [    7.781416] Freeing initrd memory: 61288K
Oct 16 13:28:14 ubuntu kernel: [    7.817953] hw perfevents: enabled with armv8_pmuv3_0 PMU driver, 13 counters available
Oct 16 13:28:14 ubuntu kernel: [    7.818953] kvm [1]: HYP mode not available
Oct 16 13:28:14 ubuntu kernel: [    7.820353] Initialise system trusted keyrings
Oct 16 13:28:14 ubuntu kernel: [    7.820902] Key type blacklist registered
Oct 16 13:28:14 ubuntu kernel: [    7.821610] workingset: timestamp_bits=40 max_order=23 bucket_order=0
Oct 16 13:28:14 ubuntu kernel: [    7.824612] zbud: loaded
Oct 16 13:28:14 ubuntu kernel: [    7.825700] squashfs: version 4.0 (2009/01/31) Phillip Lougher
Oct 16 13:28:14 ubuntu kernel: [    7.827302] fuse: init (API version 7.31)
Oct 16 13:28:14 ubuntu kernel: [    7.828795] integrity: Platform Keyring initialized
Oct 16 13:28:14 ubuntu kernel: [    7.840936] Key type asymmetric registered
Oct 16 13:28:14 ubuntu kernel: [    7.841478] Asymmetric key parser 'x509' registered
Oct 16 13:28:14 ubuntu kernel: [    7.842183] Block layer SCSI generic (bsg) driver version 0.4 loaded (major 244)
Oct 16 13:28:14 ubuntu kernel: [    7.843643] io scheduler mq-deadline registered
Oct 16 13:28:14 ubuntu kernel: [    7.847856] pl061_gpio ARMH0061:00: PL061 GPIO chip registered
Oct 16 13:28:14 ubuntu kernel: [    7.849216] PCI Interrupt Link [GSI1] enabled at IRQ 36
Oct 16 13:28:14 ubuntu kernel: [    7.851390] pcieport 0000:00:01.0: PME: Signaling with IRQ 44
Oct 16 13:28:14 ubuntu kernel: [    7.852681] pcieport 0000:00:01.0: AER: enabled with IRQ 44
Oct 16 13:28:14 ubuntu kernel: [    7.853450] pcieport 0000:00:01.0: pciehp: Slot #0 AttnBtn+ PwrCtrl+ MRL- AttnInd+ PwrInd+ HotPlug+ Surprise+ Interlock+ NoCompl- IbPresDis- LLActRep-
Oct 16 13:28:14 ubuntu kernel: [    7.856811] pcieport 0000:00:01.1: PME: Signaling with IRQ 45
Oct 16 13:28:14 ubuntu kernel: [    7.858500] pcieport 0000:00:01.1: AER: enabled with IRQ 45
Oct 16 13:28:14 ubuntu kernel: [    7.859167] pcieport 0000:00:01.1: pciehp: Slot #0 AttnBtn+ PwrCtrl+ MRL- AttnInd+ PwrInd+ HotPlug+ Surprise+ Interlock+ NoCompl- IbPresDis- LLActRep-
Oct 16 13:28:14 ubuntu kernel: [    7.863264] pcieport 0000:00:01.2: PME: Signaling with IRQ 46
Oct 16 13:28:14 ubuntu kernel: [    7.865394] pcieport 0000:00:01.2: AER: enabled with IRQ 46
Oct 16 13:28:14 ubuntu kernel: [    7.867137] pcieport 0000:00:01.2: pciehp: Slot #0 AttnBtn+ PwrCtrl+ MRL- AttnInd+ PwrInd+ HotPlug+ Surprise+ Interlock+ NoCompl- IbPresDis- LLActRep-
Oct 16 13:28:14 ubuntu kernel: [    7.871998] pcieport 0000:00:01.3: PME: Signaling with IRQ 47
Oct 16 13:28:14 ubuntu kernel: [    7.873605] pcieport 0000:00:01.3: AER: enabled with IRQ 47
Oct 16 13:28:14 ubuntu kernel: [    7.875155] pcieport 0000:00:01.3: pciehp: Slot #0 AttnBtn+ PwrCtrl+ MRL- AttnInd+ PwrInd+ HotPlug+ Surprise+ Interlock+ NoCompl- IbPresDis- LLActRep-
Oct 16 13:28:14 ubuntu kernel: [    7.878779] pcieport 0000:00:01.3: pciehp: Slot(0-3): Link Up
Oct 16 13:28:14 ubuntu kernel: [    7.879919] shpchp: Standard Hot Plug PCI Controller Driver version: 0.4
Oct 16 13:28:14 ubuntu kernel: [    7.884155] input: Power Button as /devices/LNXSYSTM:00/LNXSYBUS:00/PNP0C0C:00/input/input0
Oct 16 13:28:14 ubuntu kernel: [    7.886342] ACPI: Power Button [PWRB]
Oct 16 13:28:14 ubuntu kernel: [    7.893382] Serial: 8250/16550 driver, 32 ports, IRQ sharing enabled
Oct 16 13:28:14 ubuntu kernel: [    7.898073] msm_serial: driver initialized
Oct 16 13:28:14 ubuntu kernel: [    7.899511] cacheinfo: Unable to detect cache hierarchy for CPU 0
Oct 16 13:28:14 ubuntu kernel: [    7.919071] loop: module loaded
Oct 16 13:28:14 ubuntu kernel: [    7.922027] libphy: Fixed MDIO Bus: probed
Oct 16 13:28:14 ubuntu kernel: [    7.922969] tun: Universal TUN/TAP device driver, 1.6
Oct 16 13:28:14 ubuntu kernel: [    7.924563] PPP generic driver version 2.4.2
Oct 16 13:28:14 ubuntu kernel: [    7.925808] ehci_hcd: USB 2.0 'Enhanced' Host Controller (EHCI) Driver
Oct 16 13:28:14 ubuntu kernel: [    7.927289] ehci-pci: EHCI PCI platform driver
Oct 16 13:28:14 ubuntu kernel: [    7.928341] ehci-orion: EHCI orion driver
Oct 16 13:28:14 ubuntu kernel: [    7.929239] ohci_hcd: USB 1.1 'Open' Host Controller (OHCI) Driver
Oct 16 13:28:14 ubuntu kernel: [    7.929858] ohci-pci: OHCI PCI platform driver
Oct 16 13:28:14 ubuntu kernel: [    7.930340] uhci_hcd: USB Universal Host Controller Interface driver
Oct 16 13:28:14 ubuntu kernel: [    7.931654] xhci_hcd 0000:02:00.0: xHCI Host Controller
Oct 16 13:28:14 ubuntu kernel: [    7.932210] xhci_hcd 0000:02:00.0: new USB bus registered, assigned bus number 1
Oct 16 13:28:14 ubuntu kernel: [    7.933244] xhci_hcd 0000:02:00.0: hcc params 0x00087001 hci version 0x100 quirks 0x0000000000000010
Oct 16 13:28:14 ubuntu kernel: [    7.935296] usb usb1: New USB device found, idVendor=1d6b, idProduct=0002, bcdDevice= 5.07
Oct 16 13:28:14 ubuntu kernel: [    7.936128] usb usb1: New USB device strings: Mfr=3, Product=2, SerialNumber=1
Oct 16 13:28:14 ubuntu kernel: [    7.936862] usb usb1: Product: xHCI Host Controller
Oct 16 13:28:14 ubuntu kernel: [    7.937347] usb usb1: Manufacturer: Linux 5.7.1 xhci-hcd
Oct 16 13:28:14 ubuntu kernel: [    7.937903] usb usb1: SerialNumber: 0000:02:00.0
Oct 16 13:28:14 ubuntu kernel: [    7.938598] hub 1-0:1.0: USB hub found
Oct 16 13:28:14 ubuntu kernel: [    7.939015] hub 1-0:1.0: 8 ports detected
Oct 16 13:28:14 ubuntu kernel: [    7.939784] xhci_hcd 0000:02:00.0: xHCI Host Controller
Oct 16 13:28:14 ubuntu kernel: [    7.940319] xhci_hcd 0000:02:00.0: new USB bus registered, assigned bus number 2
Oct 16 13:28:14 ubuntu kernel: [    7.941063] xhci_hcd 0000:02:00.0: Host supports USB 3.0 SuperSpeed
Oct 16 13:28:14 ubuntu kernel: [    7.941726] usb usb2: We don't know the algorithms for LPM for this host, disabling LPM.
Oct 16 13:28:14 ubuntu kernel: [    7.942545] usb usb2: New USB device found, idVendor=1d6b, idProduct=0003, bcdDevice= 5.07
Oct 16 13:28:14 ubuntu kernel: [    7.943349] usb usb2: New USB device strings: Mfr=3, Product=2, SerialNumber=1
Oct 16 13:28:14 ubuntu kernel: [    7.944059] usb usb2: Product: xHCI Host Controller
Oct 16 13:28:14 ubuntu kernel: [    7.944551] usb usb2: Manufacturer: Linux 5.7.1 xhci-hcd
Oct 16 13:28:14 ubuntu kernel: [    7.945071] usb usb2: SerialNumber: 0000:02:00.0
Oct 16 13:28:14 ubuntu kernel: [    7.945678] hub 2-0:1.0: USB hub found
Oct 16 13:28:14 ubuntu kernel: [    7.946090] hub 2-0:1.0: 8 ports detected
Oct 16 13:28:14 ubuntu kernel: [    7.946955] mousedev: PS/2 mouse device common for all mice
Oct 16 13:28:14 ubuntu kernel: [    7.947942] rtc-efi rtc-efi.0: registered as rtc0
Oct 16 13:28:14 ubuntu kernel: [    7.948656] rtc-efi rtc-efi.0: setting system clock to 2020-10-16T05:28:09 UTC (1602826089)
Oct 16 13:28:14 ubuntu kernel: [    7.949578] i2c /dev entries driver
Oct 16 13:28:14 ubuntu kernel: [    7.950189] device-mapper: uevent: version 1.0.3
Oct 16 13:28:14 ubuntu kernel: [    7.950779] device-mapper: ioctl: 4.42.0-ioctl (2020-02-27) initialised: dm-devel@redhat.com
Oct 16 13:28:14 ubuntu kernel: [    7.953119] ledtrig-cpu: registered to indicate activity on CPUs
Oct 16 13:28:14 ubuntu kernel: [    7.953865] EFI Variables Facility v0.08 2004-May-17
Oct 16 13:28:14 ubuntu kernel: [    7.956364] NET: Registered protocol family 10
Oct 16 13:28:14 ubuntu kernel: [    7.966371] Segment Routing with IPv6
Oct 16 13:28:14 ubuntu kernel: [    7.966873] NET: Registered protocol family 17
Oct 16 13:28:14 ubuntu kernel: [    7.967566] Key type dns_resolver registered
Oct 16 13:28:14 ubuntu kernel: [    7.968176] registered taskstats version 1
Oct 16 13:28:14 ubuntu kernel: [    7.968562] Loading compiled-in X.509 certificates
Oct 16 13:28:14 ubuntu kernel: [    7.973658] Loaded X.509 cert 'Build time autogenerated kernel key: 5fc9bbbf10d23f3f9dda6c889ba5358a20950e89'
Oct 16 13:28:14 ubuntu kernel: [    7.976308] zswap: loaded using pool lzo/zbud
Oct 16 13:28:14 ubuntu kernel: [    7.978367] Key type ._fscrypt registered
Oct 16 13:28:14 ubuntu kernel: [    7.978859] Key type .fscrypt registered
Oct 16 13:28:14 ubuntu kernel: [    7.979313] Key type fscrypt-provisioning registered
Oct 16 13:28:14 ubuntu kernel: [    7.995211] cryptd: max_cpu_qlen set to 1000
Oct 16 13:28:14 ubuntu kernel: [    8.087937] Key type big_key registered
Oct 16 13:28:14 ubuntu kernel: [    8.104401] Key type encrypted registered
Oct 16 13:28:14 ubuntu kernel: [    8.105444] AppArmor: AppArmor sha1 policy hashing enabled
Oct 16 13:28:14 ubuntu kernel: [    8.107265] ima: No TPM chip found, activating TPM-bypass!
Oct 16 13:28:14 ubuntu kernel: [    8.108662] ima: Allocated hash algorithm: sha1
Oct 16 13:28:14 ubuntu kernel: [    8.109799] ima: No architecture policies found
Oct 16 13:28:14 ubuntu kernel: [    8.110419] evm: Initialising EVM extended attributes:
Oct 16 13:28:14 ubuntu kernel: [    8.111087] evm: security.selinux
Oct 16 13:28:14 ubuntu kernel: [    8.111510] evm: security.SMACK64
Oct 16 13:28:14 ubuntu kernel: [    8.111933] evm: security.SMACK64EXEC
Oct 16 13:28:14 ubuntu kernel: [    8.112403] evm: security.SMACK64TRANSMUTE
Oct 16 13:28:14 ubuntu kernel: [    8.112928] evm: security.SMACK64MMAP
Oct 16 13:28:14 ubuntu kernel: [    8.113392] evm: security.apparmor
Oct 16 13:28:14 ubuntu kernel: [    8.113857] evm: security.ima
Oct 16 13:28:14 ubuntu kernel: [    8.114235] evm: security.capability
Oct 16 13:28:14 ubuntu kernel: [    8.114688] evm: HMAC attrs: 0x1
Oct 16 13:28:14 ubuntu kernel: [    8.119921] Freeing unused kernel memory: 7040K
Oct 16 13:28:14 ubuntu kernel: [    8.190401] Checked W+X mappings: passed, no W+X pages found
Oct 16 13:28:14 ubuntu kernel: [    8.190990] Run /init as init process
Oct 16 13:28:14 ubuntu kernel: [    8.191331]   with arguments:
Oct 16 13:28:14 ubuntu kernel: [    8.191332]     /init
Oct 16 13:28:14 ubuntu kernel: [    8.191333]   with environment:
Oct 16 13:28:14 ubuntu kernel: [    8.191334]     HOME=/
Oct 16 13:28:14 ubuntu kernel: [    8.191334]     TERM=linux
Oct 16 13:28:14 ubuntu kernel: [    8.191335]     BOOT_IMAGE=/boot/vmlinuz-5.7.1
Oct 16 13:28:14 ubuntu kernel: [    8.341909] scsi host0: Virtio SCSI HBA
Oct 16 13:28:14 ubuntu kernel: [    8.344176] scsi 0:0:0:0: Direct-Access     QEMU     QEMU HARDDISK    2.5+ PQ: 0 ANSI: 5
Oct 16 13:28:14 ubuntu kernel: [    8.347122] scsi 0:0:0:1: CD-ROM            QEMU     QEMU CD-ROM      2.5+ PQ: 0 ANSI: 5
Oct 16 13:28:14 ubuntu kernel: [    8.366365] virtio_net virtio0 enp1s0: renamed from eth0
Oct 16 13:28:14 ubuntu kernel: [    8.375347] random: fast init done
Oct 16 13:28:14 ubuntu kernel: [    8.377632] sd 0:0:0:0: Attached scsi generic sg0 type 0
Oct 16 13:28:14 ubuntu kernel: [    8.377673] sd 0:0:0:0: Power-on or device reset occurred
Oct 16 13:28:14 ubuntu kernel: [    8.379553] sr 0:0:0:1: Power-on or device reset occurred
Oct 16 13:28:14 ubuntu kernel: [    8.380500] sd 0:0:0:0: [sda] 31457280 512-byte logical blocks: (16.1 GB/15.0 GiB)
Oct 16 13:28:14 ubuntu kernel: [    8.382269] sr 0:0:0:1: [sr0] scsi3-mmc drive: 16x/50x cd/rw xa/form2 cdda tray
Oct 16 13:28:14 ubuntu kernel: [    8.384042] sd 0:0:0:0: [sda] Write Protect is off
Oct 16 13:28:14 ubuntu kernel: [    8.385732] cdrom: Uniform CD-ROM driver Revision: 3.20
Oct 16 13:28:14 ubuntu kernel: [    8.386573] sd 0:0:0:0: [sda] Mode Sense: 63 00 00 08
Oct 16 13:28:14 ubuntu kernel: [    8.387246] sd 0:0:0:0: [sda] Write cache: enabled, read cache: enabled, doesn't support DPO or FUA
Oct 16 13:28:14 ubuntu kernel: [    8.419395] sr 0:0:0:1: Attached scsi CD-ROM sr0
Oct 16 13:28:14 ubuntu kernel: [    8.419869] sr 0:0:0:1: Attached scsi generic sg1 type 5
Oct 16 13:28:14 ubuntu kernel: [    8.423069]  sda: sda1 sda2
Oct 16 13:28:14 ubuntu kernel: [    8.426626] sd 0:0:0:0: [sda] Attached SCSI disk
Oct 16 13:28:14 ubuntu kernel: [    8.468049] random: lvm: uninitialized urandom read (4 bytes read)
Oct 16 13:28:14 ubuntu kernel: [    8.500124] random: lvm: uninitialized urandom read (2 bytes read)
Oct 16 13:28:14 ubuntu kernel: [    9.801568] raid6: neonx8   gen() 11667 MB/s
Oct 16 13:28:14 ubuntu kernel: [    9.869565] raid6: neonx8   xor()  8480 MB/s
Oct 16 13:28:14 ubuntu kernel: [    9.937546] raid6: neonx4   gen() 11104 MB/s
Oct 16 13:28:14 ubuntu kernel: [   10.005554] raid6: neonx4   xor()  7808 MB/s
Oct 16 13:28:14 ubuntu kernel: [   10.073555] raid6: neonx2   gen()  9107 MB/s
Oct 16 13:28:14 ubuntu kernel: [   10.141553] raid6: neonx2   xor()  6585 MB/s
Oct 16 13:28:14 ubuntu kernel: [   10.209570] raid6: neonx1   gen()  6746 MB/s
Oct 16 13:28:14 ubuntu kernel: [   10.277562] raid6: neonx1   xor()  2856 MB/s
Oct 16 13:28:14 ubuntu kernel: [   10.345545] raid6: int64x8  gen()  5819 MB/s
Oct 16 13:28:14 ubuntu kernel: [   10.405563] pcieport 0000:00:01.3: pciehp: Failed to check link status
Oct 16 13:28:14 ubuntu kernel: [   10.413565] raid6: int64x8  xor()  3612 MB/s
Oct 16 13:28:14 ubuntu kernel: [   10.481554] raid6: int64x4  gen()  7203 MB/s
Oct 16 13:28:14 ubuntu kernel: [   10.549568] raid6: int64x4  xor()  3678 MB/s
Oct 16 13:28:14 ubuntu kernel: [   10.617561] raid6: int64x2  gen()  5942 MB/s
Oct 16 13:28:14 ubuntu kernel: [   10.685561] raid6: int64x2  xor()  1803 MB/s
Oct 16 13:28:14 ubuntu kernel: [   10.753560] raid6: int64x1  gen()  4542 MB/s
Oct 16 13:28:14 ubuntu kernel: [   10.821556] raid6: int64x1  xor()  1225 MB/s
Oct 16 13:28:14 ubuntu kernel: [   10.822024] raid6: using algorithm neonx8 gen() 11667 MB/s
Oct 16 13:28:14 ubuntu kernel: [   10.822535] raid6: .... xor() 8480 MB/s, rmw enabled
Oct 16 13:28:14 ubuntu kernel: [   10.822993] raid6: using neon recovery algorithm
Oct 16 13:28:14 ubuntu kernel: [   10.826450] xor: measuring software checksum speed
Oct 16 13:28:14 ubuntu kernel: [   10.865554]    8regs     : 13031.000 MB/sec
Oct 16 13:28:14 ubuntu kernel: [   10.905559]    32regs    : 16039.000 MB/sec
Oct 16 13:28:14 ubuntu kernel: [   10.945559]    arm64_neon: 19351.000 MB/sec
Oct 16 13:28:14 ubuntu kernel: [   10.945964] xor: using function: arm64_neon (19351.000 MB/sec)
Oct 16 13:28:14 ubuntu kernel: [   10.947914] async_tx: api initialized (async)
Oct 16 13:28:14 ubuntu kernel: [   11.011707] random: lvm: uninitialized urandom read (4 bytes read)
Oct 16 13:28:14 ubuntu kernel: [   11.037447] random: lvm: uninitialized urandom read (4 bytes read)
Oct 16 13:28:14 ubuntu kernel: [   11.131462] Btrfs loaded, crc32c=crc32c-generic
Oct 16 13:28:14 ubuntu kernel: [   11.220219] EXT4-fs (dm-0): mounted filesystem with ordered data mode. Opts: (null)
Oct 16 13:28:14 ubuntu kernel: [   11.465639] systemd[1]: systemd 237 running in system mode. (+PAM +AUDIT +SELINUX +IMA +APPARMOR +SMACK +SYSVINIT +UTMP +LIBCRYPTSETUP +GCRYPT +GNUTLS +ACL +XZ +LZ4 +SECCOMP +BLKID +ELFUTILS +KMOD -IDN2 +IDN -PCRE2 default-hierarchy=hybrid)
Oct 16 13:28:14 ubuntu kernel: [   11.467644] systemd[1]: Detected virtualization kvm.
Oct 16 13:28:14 ubuntu kernel: [   11.468123] systemd[1]: Detected architecture arm64.
Oct 16 13:28:14 ubuntu kernel: [   11.490392] systemd[1]: Set hostname to <ubuntu>.
Oct 16 13:28:14 ubuntu kernel: [   11.593476] random: systemd: uninitialized urandom read (16 bytes read)
Oct 16 13:28:14 ubuntu kernel: [   11.595255] systemd[1]: Created slice User and Session Slice.
Oct 16 13:28:14 ubuntu kernel: [   11.596835] systemd[1]: Set up automount Arbitrary Executable File Formats File System Automount Point.
Oct 16 13:28:14 ubuntu kernel: [   11.598649] systemd[1]: Reached target User and Group Name Lookups.
Oct 16 13:28:14 ubuntu kernel: [   11.599937] systemd[1]: Started Forward Password Requests to Wall Directory Watch.
Oct 16 13:28:14 ubuntu kernel: [   11.602024] systemd[1]: Created slice System Slice.
Oct 16 13:28:14 ubuntu kernel: [   11.603157] systemd[1]: Listening on fsck to fsckd communication Socket.
Oct 16 13:28:14 ubuntu kernel: [   11.631586] Loading iSCSI transport class v2.0-870.
Oct 16 13:28:14 ubuntu kernel: [   11.637857] EXT4-fs (dm-0): re-mounted. Opts: errors=remount-ro
Oct 16 13:28:14 ubuntu kernel: [   11.642652] iscsi: registered transport (tcp)
Oct 16 13:28:14 ubuntu kernel: [   11.676054] iscsi: registered transport (iser)
Oct 16 13:28:14 ubuntu kernel: [   11.715289] systemd-journald[858]: Received request to flush runtime journal from PID 1
Oct 16 13:28:14 ubuntu kernel: [   12.053114] pstore: Using crash dump compression: deflate
Oct 16 13:28:14 ubuntu kernel: [   12.054219] pstore: Registered efi as persistent store backend
Oct 16 13:28:14 ubuntu kernel: [   12.217595] Adding 1003516k swap on /dev/mapper/ubuntu--vg-swap_1.  Priority:-2 extents:1 across:1003516k FS
Oct 16 13:28:14 ubuntu kernel: [   12.440938] audit: type=1400 audit(1602826093.988:2): apparmor="STATUS" operation="profile_load" profile="unconfined" name="/usr/bin/lxc-start" pid=1214 comm="apparmor_parser"
Oct 16 13:28:14 ubuntu kernel: [   12.503774] audit: type=1400 audit(1602826094.052:3): apparmor="STATUS" operation="profile_load" profile="unconfined" name="/usr/bin/man" pid=1216 comm="apparmor_parser"
Oct 16 13:28:14 ubuntu kernel: [   12.504830] audit: type=1400 audit(1602826094.052:4): apparmor="STATUS" operation="profile_load" profile="unconfined" name="man_filter" pid=1216 comm="apparmor_parser"
Oct 16 13:28:14 ubuntu kernel: [   12.506150] audit: type=1400 audit(1602826094.056:5): apparmor="STATUS" operation="profile_load" profile="unconfined" name="man_groff" pid=1216 comm="apparmor_parser"
Oct 16 13:28:14 ubuntu kernel: [   12.536127] audit: type=1400 audit(1602826094.084:6): apparmor="STATUS" operation="profile_load" profile="unconfined" name="/usr/sbin/tcpdump" pid=1220 comm="apparmor_parser"
Oct 16 13:28:14 ubuntu kernel: [   12.586688] audit: type=1400 audit(1602826094.136:7): apparmor="STATUS" operation="profile_load" profile="unconfined" name="/sbin/dhclient" pid=1212 comm="apparmor_parser"
Oct 16 13:28:14 ubuntu kernel: [   12.588238] audit: type=1400 audit(1602826094.136:8): apparmor="STATUS" operation="profile_load" profile="unconfined" name="/usr/lib/NetworkManager/nm-dhcp-client.action" pid=1212 comm="apparmor_parser"
Oct 16 13:28:14 ubuntu kernel: [   12.589754] audit: type=1400 audit(1602826094.140:9): apparmor="STATUS" operation="profile_load" profile="unconfined" name="/usr/lib/NetworkManager/nm-dhcp-helper" pid=1212 comm="apparmor_parser"
Oct 16 13:28:14 ubuntu kernel: [   12.591163] audit: type=1400 audit(1602826094.140:10): apparmor="STATUS" operation="profile_load" profile="unconfined" name="/usr/lib/connman/scripts/dhclient-script" pid=1212 comm="apparmor_parser"
Oct 16 13:28:14 ubuntu kernel: [   12.658415] audit: type=1400 audit(1602826094.208:11): apparmor="STATUS" operation="profile_load" profile="unconfined" name="/usr/lib/snapd/snap-confine" pid=1218 comm="apparmor_parser"
Oct 16 13:28:14 ubuntu systemd[1]: Started irqbalance daemon.
Oct 16 13:28:14 ubuntu systemd[1]: Started Regular background program processing daemon.
Oct 16 13:28:14 ubuntu systemd[1]: Starting Login Service...
Oct 16 13:28:14 ubuntu cron[1229]: (CRON) INFO (pidfile fd = 3)
Oct 16 13:28:14 ubuntu cron[1229]: (CRON) INFO (Running @reboot jobs)
Oct 16 13:28:14 ubuntu systemd[1]: Starting LXD - container startup/shutdown...
Oct 16 13:28:14 ubuntu /usr/sbin/irqbalance: IRQ arch_timer(2) guessed as class 0
Oct 16 13:28:14 ubuntu /usr/sbin/irqbalance: IRQ uart-pl011(4) guessed as class 0
Oct 16 13:28:14 ubuntu /usr/sbin/irqbalance: IRQ arm-pmu(42) guessed as class 0
Oct 16 13:28:14 ubuntu /usr/sbin/irqbalance: IRQ ACPI:Event(43) guessed as class 0
Oct 16 13:28:14 ubuntu /usr/sbin/irqbalance: IRQ pciehp(44) guessed as class 0
Oct 16 13:28:14 ubuntu /usr/sbin/irqbalance: IRQ pciehp(45) guessed as class 0
Oct 16 13:28:14 ubuntu /usr/sbin/irqbalance: IRQ pciehp(46) guessed as class 0
Oct 16 13:28:14 ubuntu /usr/sbin/irqbalance: IRQ pciehp(47) guessed as class 0
Oct 16 13:28:14 ubuntu systemd[1]: Starting Dispatcher daemon for systemd-networkd...
Oct 16 13:28:14 ubuntu /usr/sbin/irqbalance: IRQ xhci_hcd(48) guessed as class 0
Oct 16 13:28:14 ubuntu /usr/sbin/irqbalance: IRQ xhci_hcd(49) guessed as class 0
Oct 16 13:28:14 ubuntu /usr/sbin/irqbalance: IRQ xhci_hcd(50) guessed as class 0
Oct 16 13:28:14 ubuntu /usr/sbin/irqbalance: IRQ xhci_hcd(51) guessed as class 0
Oct 16 13:28:14 ubuntu /usr/sbin/irqbalance: IRQ xhci_hcd(52) guessed as class 0
Oct 16 13:28:14 ubuntu /usr/sbin/irqbalance: IRQ xhci_hcd(53) guessed as class 0
Oct 16 13:28:14 ubuntu /usr/sbin/irqbalance: IRQ xhci_hcd(54) guessed as class 0
Oct 16 13:28:14 ubuntu /usr/sbin/irqbalance: IRQ xhci_hcd(55) guessed as class 0
Oct 16 13:28:14 ubuntu /usr/sbin/irqbalance: IRQ xhci_hcd(56) guessed as class 0
Oct 16 13:28:14 ubuntu /usr/sbin/irqbalance: IRQ xhci_hcd(57) guessed as class 0
Oct 16 13:28:14 ubuntu /usr/sbin/irqbalance: IRQ xhci_hcd(58) guessed as class 0
Oct 16 13:28:14 ubuntu /usr/sbin/irqbalance: IRQ xhci_hcd(59) guessed as class 0
Oct 16 13:28:14 ubuntu /usr/sbin/irqbalance: IRQ xhci_hcd(60) guessed as class 0
Oct 16 13:28:14 ubuntu /usr/sbin/irqbalance: IRQ xhci_hcd(61) guessed as class 0
Oct 16 13:28:14 ubuntu /usr/sbin/irqbalance: IRQ xhci_hcd(62) guessed as class 0
Oct 16 13:28:14 ubuntu /usr/sbin/irqbalance: IRQ xhci_hcd(63) guessed as class 0
Oct 16 13:28:14 ubuntu /usr/sbin/irqbalance: IRQ virtio1-config(64) guessed as class 0
Oct 16 13:28:14 ubuntu /usr/sbin/irqbalance: IRQ virtio1-control(65) guessed as class 0
Oct 16 13:28:14 ubuntu /usr/sbin/irqbalance: IRQ virtio1-event(66) guessed as class 0
Oct 16 13:28:14 ubuntu /usr/sbin/irqbalance: IRQ virtio1-request(67) guessed as class 0
Oct 16 13:28:14 ubuntu /usr/sbin/irqbalance: IRQ virtio0-config(68) guessed as class 0
Oct 16 13:28:14 ubuntu /usr/sbin/irqbalance: IRQ virtio0-input.0(69) guessed as class 0
Oct 16 13:28:14 ubuntu /usr/sbin/irqbalance: IRQ virtio0-output.0(70) guessed as class 0
Oct 16 13:28:14 ubuntu systemd[1]: Started FUSE filesystem for LXC.
Oct 16 13:28:14 ubuntu systemd[1]: Starting LSB: Record successful boot for GRUB...
Oct 16 13:28:14 ubuntu kernel: [   12.792492] new mount options do not match the existing superblock, will be ignored
Oct 16 13:28:14 ubuntu systemd[1]: Starting Snappy daemon...
Oct 16 13:28:14 ubuntu lxcfs[1233]: mount namespace: 5
Oct 16 13:28:14 ubuntu lxcfs[1233]: hierarchies:
Oct 16 13:28:14 ubuntu lxcfs[1233]:   0: fd:   6: hugetlb
Oct 16 13:28:14 ubuntu lxcfs[1233]:   1: fd:   7: rdma
Oct 16 13:28:14 ubuntu lxcfs[1233]:   2: fd:   8: perf_event
Oct 16 13:28:14 ubuntu lxcfs[1233]:   3: fd:   9: cpuset
Oct 16 13:28:14 ubuntu lxcfs[1233]:   4: fd:  10: cpu,cpuacct
Oct 16 13:28:14 ubuntu lxcfs[1233]:   5: fd:  11: memory
Oct 16 13:28:14 ubuntu lxcfs[1233]:   6: fd:  12: pids
Oct 16 13:28:14 ubuntu lxcfs[1233]:   7: fd:  13: blkio
Oct 16 13:28:14 ubuntu lxcfs[1233]:   8: fd:  14: net_cls,net_prio
Oct 16 13:28:14 ubuntu lxcfs[1233]:   9: fd:  15: freezer
Oct 16 13:28:14 ubuntu lxcfs[1233]:  10: fd:  16: devices
Oct 16 13:28:14 ubuntu lxcfs[1233]:  11: fd:  17: name=systemd
Oct 16 13:28:14 ubuntu lxcfs[1233]:  12: fd:  18: unified
Oct 16 13:28:14 ubuntu systemd[1]: Started Deferred execution scheduler.
Oct 16 13:28:14 ubuntu systemd[1]: Starting Accounts Service...
Oct 16 13:28:14 ubuntu systemd[1]: Started System Logging Service.
Oct 16 13:28:14 ubuntu systemd[1]: Started Login Service.
Oct 16 13:28:14 ubuntu systemd[1]: Started Unattended Upgrades Shutdown.
Oct 16 13:28:14 ubuntu grub-common[1234]:  * Recording successful boot for GRUB
Oct 16 13:28:14 ubuntu grub-common[1234]:    ...done.
Oct 16 13:28:14 ubuntu systemd[1]: Started LSB: Record successful boot for GRUB.
Oct 16 13:28:14 ubuntu dbus-daemon[1224]: [system] Activating via systemd: service name='org.freedesktop.PolicyKit1' unit='polkit.service' requested by ':1.4' (uid=0 pid=1243 comm="/usr/lib/accountsservice/accounts-daemon ")
Oct 16 13:28:14 ubuntu systemd[1]: Starting Authorization Manager...
Oct 16 13:28:14 ubuntu polkitd[1262]: started daemon version 0.105 using authority implementation `local' version `0.105'
Oct 16 13:28:14 ubuntu dbus-daemon[1224]: [system] Successfully activated service 'org.freedesktop.PolicyKit1'
Oct 16 13:28:14 ubuntu systemd[1]: Started Authorization Manager.
Oct 16 13:28:14 ubuntu accounts-daemon[1243]: started daemon version 0.6.45
Oct 16 13:28:14 ubuntu systemd[1]: Started Accounts Service.
Oct 16 13:28:14 ubuntu snapd[1235]: AppArmor status: apparmor is enabled but some kernel features are missing: dbus, network
Oct 16 13:28:14 ubuntu snapd[1235]: daemon.go:346: started snapd/2.42.1+18.04 (series 16; classic; devmode) ubuntu/18.04 (arm64) linux/5.7.1.
Oct 16 13:28:14 ubuntu networkd-dispatcher[1232]: No valid path found for iwconfig
Oct 16 13:28:14 ubuntu systemd[1]: Started Dispatcher daemon for systemd-networkd.
Oct 16 13:28:14 ubuntu snapd[1235]: daemon.go:439: adjusting startup timeout by 30s (pessimistic estimate of 30s plus 5s per snap)
Oct 16 13:28:14 ubuntu systemd[1]: Started Snappy daemon.
Oct 16 13:28:14 ubuntu systemd[1]: Starting Wait until snapd is fully seeded...
Oct 16 13:28:14 ubuntu systemd[1]: Started Wait until snapd is fully seeded.
Oct 16 13:28:15 ubuntu kernel: [   14.317595] random: crng init done
Oct 16 13:28:15 ubuntu kernel: [   14.317600] random: 5 urandom warning(s) missed due to ratelimiting
Oct 16 13:28:15 ubuntu systemd[1]: Started LXD - container startup/shutdown.
Oct 16 13:28:15 ubuntu systemd-networkd[1173]: enp1s0: Gained IPv6LL
Oct 16 13:28:15 ubuntu systemd-networkd[1173]: enp1s0: Configured
Oct 16 13:28:15 ubuntu systemd-timesyncd[1154]: Network configuration changed, trying to establish connection.
Oct 16 13:28:15 ubuntu systemd-networkd-wait-online[1196]: managing: enp1s0
Oct 16 13:28:15 ubuntu systemd-networkd-wait-online[1196]: ignoring: lo
Oct 16 13:28:15 ubuntu systemd[1]: Started Wait for Network to be Configured.
Oct 16 13:28:15 ubuntu systemd[1]: Reached target Network is Online.
Oct 16 13:28:15 ubuntu systemd[1]: Starting OpenBSD Secure Shell server...
Oct 16 13:28:15 ubuntu systemd[1]: Reached target Remote File Systems (Pre).
Oct 16 13:28:15 ubuntu systemd[1]: Reached target Remote File Systems.
Oct 16 13:28:15 ubuntu systemd[1]: Starting LSB: automatic crash report generation...
Oct 16 13:28:15 ubuntu systemd[1]: Starting Permit User Sessions...
Oct 16 13:28:15 ubuntu systemd[1]: Starting Availability of block devices...
Oct 16 13:28:16 ubuntu systemd[1]: Started Permit User Sessions.
Oct 16 13:28:16 ubuntu systemd[1]: Started Availability of block devices.
Oct 16 13:28:16 ubuntu systemd[1]: Starting Hold until boot process finishes up...
Oct 16 13:28:16 ubuntu systemd[1]: Starting Terminate Plymouth Boot Screen...
Oct 16 13:28:16 ubuntu apport[1336]:  * Starting automatic crash report generation: apport
Oct 16 13:28:16 ubuntu systemd[1]: Started Hold until boot process finishes up.
Oct 16 13:28:16 ubuntu systemd[1]: Starting Set console scheme...
Oct 16 13:28:16 ubuntu apport[1336]:    ...done.
Oct 16 13:28:16 ubuntu systemd[1]: Started Serial Getty on ttyAMA0.
Oct 16 13:28:16 ubuntu systemd[1]: Started OpenBSD Secure Shell server.
Oct 16 13:28:16 ubuntu systemd[1]: Started LSB: automatic crash report generation.
Oct 16 13:28:16 ubuntu systemd[1]: Started Terminate Plymouth Boot Screen.
Oct 16 13:28:16 ubuntu systemd[1]: Started Set console scheme.
Oct 16 13:28:16 ubuntu systemd[1]: Created slice system-getty.slice.
Oct 16 13:28:16 ubuntu systemd[1]: Started Getty on tty1.
Oct 16 13:28:16 ubuntu systemd[1]: Reached target Login Prompts.
Oct 16 13:28:16 ubuntu systemd[1]: Reached target Multi-User System.
Oct 16 13:28:16 ubuntu systemd[1]: Reached target Graphical Interface.
Oct 16 13:28:16 ubuntu systemd[1]: Starting Update UTMP about System Runlevel Changes...
Oct 16 13:28:16 ubuntu systemd[1]: Started Update UTMP about System Runlevel Changes.
Oct 16 13:28:16 ubuntu systemd[1]: Startup finished in 11.000s (kernel) + 3.071s (userspace) = 14.071s.
Oct 16 13:28:16 ubuntu kernel: [   14.514534] fbcon: Taking over console
Oct 16 13:28:21 ubuntu snapd[1235]: stateengine.go:150: state ensure error: cannot sections: got unexpected HTTP status code 403 via GET to "https://api.snapcraft.io/api/v1/snaps/sections"
Oct 16 13:28:29 ubuntu snapd[1235]: daemon.go:540: gracefully waiting for running hooks
Oct 16 13:28:29 ubuntu snapd[1235]: daemon.go:542: done waiting for running hooks
Oct 16 13:28:29 ubuntu snapd[1235]: daemon stop requested to wait for socket activation
Oct 16 13:28:37 ubuntu systemd[1]: Stopped target Network is Online.
Oct 16 13:28:37 ubuntu systemd[1]: Stopped Wait for Network to be Configured.
Oct 16 13:28:37 ubuntu systemd[1]: Stopped target Graphical Interface.
Oct 16 13:28:37 ubuntu systemd[1]: Stopped target Multi-User System.
Oct 16 13:28:37 ubuntu systemd[1]: Stopping Deferred execution scheduler...
Oct 16 13:28:37 ubuntu systemd[1]: Stopped target Timers.
Oct 16 13:28:37 ubuntu systemd[1]: Stopped Daily apt upgrade and clean activities.
Oct 16 13:28:37 ubuntu systemd[1]: Stopping OpenBSD Secure Shell server...
Oct 16 13:28:37 ubuntu systemd[1]: Stopping Login Service...
Oct 16 13:28:37 ubuntu systemd[1]: Stopping D-Bus System Message Bus...
Oct 16 13:28:37 ubuntu systemd[1]: Stopping LVM2 PV scan on device 8:2...
Oct 16 13:28:37 ubuntu systemd[1]: Stopped Wait until snapd is fully seeded.
Oct 16 13:28:37 ubuntu systemd[1]: Stopped target Login Prompts.
Oct 16 13:28:37 ubuntu systemd[1]: Stopping Getty on tty1...
Oct 16 13:28:37 ubuntu systemd[1]: Stopping FUSE filesystem for LXC...
Oct 16 13:28:37 ubuntu systemd[1]: Stopped target Host and Network Name Lookups.
Oct 16 13:28:37 ubuntu systemd[1]: Stopped Daily Cleanup of Temporary Directories.
Oct 16 13:28:37 ubuntu systemd[1]: Stopping Dispatcher daemon for systemd-networkd...
Oct 16 13:28:37 ubuntu systemd[1]: Stopped Message of the Day.
Oct 16 13:28:37 ubuntu systemd[1]: Stopping Accounts Service...
Oct 16 13:28:37 ubuntu systemd[1]: Stopping LXD - container startup/shutdown...
Oct 16 13:28:37 ubuntu systemd[1]: Stopped Daily apt download activities.
Oct 16 13:28:37 ubuntu systemd[1]: Stopping LSB: automatic crash report generation...
Oct 16 13:28:37 ubuntu systemd[1]: Closed Load/Save RF Kill Switch Status /dev/rfkill Watch.
Oct 16 13:28:37 ubuntu systemd[1]: Stopping Authorization Manager...
Oct 16 13:28:37 ubuntu systemd[1]: Stopping Regular background program processing daemon...
Oct 16 13:29:03 ubuntu systemd-modules-load[822]: Inserted module 'iscsi_tcp'
Oct 16 13:29:03 ubuntu kernel: [    0.000000] Booting Linux on physical CPU 0x0000000000 [0x481fd010]
Oct 16 13:29:03 ubuntu systemd-modules-load[822]: Inserted module 'ib_iser'
Oct 16 13:29:03 ubuntu kernel: [    0.000000] Linux version 5.7.1 (root@ubuntu) (gcc version 7.5.0 (Ubuntu/Linaro 7.5.0-3ubuntu1~18.04), GNU ld (GNU Binutils for Ubuntu) 2.30) #1 SMP Fri Oct 16 13:01:59 CST 2020
Oct 16 13:29:03 ubuntu kernel: [    0.000000] efi: EFI v2.70 by EDK II
Oct 16 13:29:03 ubuntu kernel: [    0.000000] efi:  SMBIOS 3.0=0x53f710000  ACPI 2.0=0x53c020000  MEMATTR=0x53cc7ca98  MEMRESERVE=0x53becd018 
Oct 16 13:29:03 ubuntu lvm[827]:   2 logical volume(s) in volume group "ubuntu-vg" monitored
Oct 16 13:29:03 ubuntu kernel: [    0.000000] cma: Reserved 32 MiB at 0x00000000fe000000
Oct 16 13:29:03 ubuntu systemd[1]: Starting Flush Journal to Persistent Storage...
Oct 16 13:29:03 ubuntu kernel: [    0.000000] ACPI: Early table checksum verification disabled
Oct 16 13:29:03 ubuntu kernel: [    0.000000] ACPI: RSDP 0x000000053C020000 000024 (v02 BOCHS )
Oct 16 13:29:03 ubuntu kernel: [    0.000000] ACPI: XSDT 0x000000053BED0000 000054 (v01 BOCHS  BXPCFACP 00000001      01000013)
Oct 16 13:29:03 ubuntu systemd[1]: Started Apply Kernel Variables.
Oct 16 13:29:03 ubuntu kernel: [    0.000000] ACPI: FACP 0x000000053BE90000 00010C (v05 BOCHS  BXPCFACP 00000001 BXPC 00000001)
Oct 16 13:29:03 ubuntu kernel: [    0.000000] ACPI: DSDT 0x000000053BEA0000 001523 (v02 BOCHS  BXPCDSDT 00000001 BXPC 00000001)
Oct 16 13:29:03 ubuntu kernel: [    0.000000] ACPI: APIC 0x000000053BE80000 0009E8 (v03 BOCHS  BXPCAPIC 00000001 BXPC 00000001)
Oct 16 13:29:03 ubuntu systemd[1]: Started udev Kernel Device Manager.
Oct 16 13:29:03 ubuntu kernel: [    0.000000] ACPI: GTDT 0x000000053BE70000 000060 (v02 BOCHS  BXPCGTDT 00000001 BXPC 00000001)
Oct 16 13:29:03 ubuntu systemd[1]: Started Flush Journal to Persistent Storage.
Oct 16 13:29:03 ubuntu kernel: [    0.000000] ACPI: MCFG 0x000000053BE60000 00003C (v01 BOCHS  BXPCMCFG 00000001 BXPC 00000001)
Oct 16 13:29:03 ubuntu kernel: [    0.000000] ACPI: SPCR 0x000000053BE50000 000050 (v02 BOCHS  BXPCSPCR 00000001 BXPC 00000001)
Oct 16 13:29:03 ubuntu kernel: [    0.000000] ACPI: IORT 0x000000053BE40000 00007C (v00 BOCHS  BXPCIORT 00000001 BXPC 00000001)
Oct 16 13:29:03 ubuntu kernel: [    0.000000] ACPI: SPCR: console: pl011,mmio,0x9000000,9600
Oct 16 13:29:03 ubuntu systemd[1]: Started udev Coldplug all Devices.
Oct 16 13:29:03 ubuntu kernel: [    0.000000] ACPI: NUMA: Failed to initialise from firmware
Oct 16 13:29:03 ubuntu systemd[1]: Started Dispatch Password Requests to Console Directory Watch.
Oct 16 13:29:03 ubuntu kernel: [    0.000000] NUMA: Faking a node at [mem 0x0000000040000000-0x000000053fffffff]
Oct 16 13:29:03 ubuntu systemd[1]: Reached target Local Encrypted Volumes.
Oct 16 13:29:03 ubuntu kernel: [    0.000000] NUMA: NODE_DATA [mem 0x53d409300-0x53d40cfff]
Oct 16 13:29:03 ubuntu kernel: [    0.000000] Zone ranges:
Oct 16 13:29:03 ubuntu kernel: [    0.000000]   DMA      [mem 0x0000000040000000-0x000000007fffffff]
Oct 16 13:29:03 ubuntu systemd[1]: Found device /dev/ttyAMA0.
Oct 16 13:29:03 ubuntu kernel: [    0.000000]   DMA32    [mem 0x0000000080000000-0x00000000ffffffff]
Oct 16 13:29:03 ubuntu kernel: [    0.000000]   Normal   [mem 0x0000000100000000-0x000000053fffffff]
Oct 16 13:29:03 ubuntu kernel: [    0.000000] Movable zone start for each node
Oct 16 13:29:03 ubuntu systemd-udevd[991]: link_config: autonegotiation is unset or enabled, the speed and duplex are not writable.
Oct 16 13:29:03 ubuntu kernel: [    0.000000] Early memory node ranges
Oct 16 13:29:03 ubuntu kernel: [    0.000000]   node   0: [mem 0x0000000040000000-0x000000053bedffff]
Oct 16 13:29:03 ubuntu kernel: [    0.000000]   node   0: [mem 0x000000053bee0000-0x000000053bffffff]
Oct 16 13:29:03 ubuntu kernel: [    0.000000]   node   0: [mem 0x000000053c000000-0x000000053c02ffff]
Oct 16 13:29:03 ubuntu kernel: [    0.000000]   node   0: [mem 0x000000053c030000-0x000000053c0affff]
Oct 16 13:29:03 ubuntu systemd-udevd[983]: link_config: autonegotiation is unset or enabled, the speed and duplex are not writable.
Oct 16 13:29:03 ubuntu kernel: [    0.000000]   node   0: [mem 0x000000053c0b0000-0x000000053f57ffff]
Oct 16 13:29:03 ubuntu systemd[1]: Listening on Load/Save RF Kill Switch Status /dev/rfkill Watch.
Oct 16 13:29:03 ubuntu kernel: [    0.000000]   node   0: [mem 0x000000053f580000-0x000000053f95ffff]
Oct 16 13:29:03 ubuntu kernel: [    0.000000]   node   0: [mem 0x000000053f960000-0x000000053fffffff]
Oct 16 13:29:03 ubuntu kernel: [    0.000000] Zeroed struct page in unavailable ranges: 544 pages
Oct 16 13:29:03 ubuntu systemd[1]: Found device /dev/mapper/ubuntu--vg-swap_1.
Oct 16 13:29:03 ubuntu systemd[1]: Activating swap /dev/mapper/ubuntu--vg-swap_1...
Oct 16 13:29:03 ubuntu systemd[1]: Created slice system-lvm2\x2dpvscan.slice.
Oct 16 13:29:03 ubuntu kernel: [    0.000000] Initmem setup node 0 [mem 0x0000000040000000-0x000000053fffffff]
Oct 16 13:29:03 ubuntu kernel: [    0.000000] On node 0 totalpages: 5242880
Oct 16 13:29:03 ubuntu kernel: [    0.000000]   DMA zone: 5120 pages used for memmap
Oct 16 13:29:03 ubuntu kernel: [    0.000000]   DMA zone: 0 pages reserved
Oct 16 13:29:03 ubuntu systemd[1]: Starting LVM2 PV scan on device 8:2...
Oct 16 13:29:03 ubuntu kernel: [    0.000000]   DMA zone: 262144 pages, LIFO batch:63
Oct 16 13:29:03 ubuntu kernel: [    0.000000]   DMA32 zone: 10240 pages used for memmap
Oct 16 13:29:03 ubuntu kernel: [    0.000000]   DMA32 zone: 524288 pages, LIFO batch:63
Oct 16 13:29:03 ubuntu kernel: [    0.000000]   Normal zone: 87040 pages used for memmap
Oct 16 13:29:03 ubuntu systemd[1]: Found device QEMU_HARDDISK 1.
Oct 16 13:29:03 ubuntu kernel: [    0.000000]   Normal zone: 4456448 pages, LIFO batch:63
Oct 16 13:29:03 ubuntu kernel: [    0.000000] psci: probing for conduit method from ACPI.
Oct 16 13:29:03 ubuntu kernel: [    0.000000] psci: PSCIv1.0 detected in firmware.
Oct 16 13:29:03 ubuntu systemd[1]: Starting File System Check on /dev/disk/by-uuid/5EA9-3D4C...
Oct 16 13:29:03 ubuntu kernel: [    0.000000] psci: Using standard PSCI v0.2 function IDs
Oct 16 13:29:03 ubuntu kernel: [    0.000000] psci: Trusted OS migration not required
Oct 16 13:29:03 ubuntu systemd[1]: Activated swap /dev/mapper/ubuntu--vg-swap_1.
Oct 16 13:29:03 ubuntu kernel: [    0.000000] psci: SMC Calling Convention v1.1
Oct 16 13:29:03 ubuntu kernel: [    0.000000] ACPI: SRAT not present
Oct 16 13:29:03 ubuntu systemd[1]: Reached target Swap.
Oct 16 13:29:03 ubuntu kernel: [    0.000000] percpu: Embedded 33 pages/cpu s94616 r8192 d32360 u135168
Oct 16 13:29:03 ubuntu systemd[1]: Started File System Check Daemon to report status.
Oct 16 13:29:03 ubuntu kernel: [    0.000000] pcpu-alloc: s94616 r8192 d32360 u135168 alloc=33*4096
Oct 16 13:29:03 ubuntu lvm[1098]:   2 logical volume(s) in volume group "ubuntu-vg" now active
Oct 16 13:29:03 ubuntu kernel: [    0.000000] pcpu-alloc: [0] 00 [0] 01 [0] 02 [0] 03 [0] 04 [0] 05 [0] 06 [0] 07 
Oct 16 13:29:03 ubuntu systemd[1]: Started LVM2 PV scan on device 8:2.
Oct 16 13:29:03 ubuntu kernel: [    0.000000] pcpu-alloc: [0] 08 [0] 09 [0] 10 [0] 11 [0] 12 [0] 13 [0] 14 [0] 15 
Oct 16 13:29:03 ubuntu kernel: [    0.000000] pcpu-alloc: [0] 16 [0] 17 [0] 18 [0] 19 [0] 20 [0] 21 [0] 22 [0] 23 
Oct 16 13:29:03 ubuntu kernel: [    0.000000] pcpu-alloc: [0] 24 [0] 25 [0] 26 [0] 27 [0] 28 [0] 29 [0] 30 [0] 31 
Oct 16 13:29:03 ubuntu systemd-fsck[1100]: fsck.fat 4.1 (2017-01-24)
Oct 16 13:29:03 ubuntu kernel: [    0.000000] Detected VIPT I-cache on CPU0
Oct 16 13:29:03 ubuntu systemd-fsck[1100]: /dev/sda1: 5 files, 41/65501 clusters
Oct 16 13:29:03 ubuntu kernel: [    0.000000] CPU features: detected: GIC system register CPU interface
Oct 16 13:29:03 ubuntu kernel: [    0.000000] CPU features: detected: Hardware dirty bit management
Oct 16 13:29:03 ubuntu systemd[1]: Started File System Check on /dev/disk/by-uuid/5EA9-3D4C.
Oct 16 13:29:03 ubuntu kernel: [    0.000000] Built 1 zonelists, mobility grouping on.  Total pages: 5140480
Oct 16 13:29:03 ubuntu kernel: [    0.000000] Policy zone: Normal
Oct 16 13:29:03 ubuntu kernel: [    0.000000] Kernel command line: BOOT_IMAGE=/boot/vmlinuz-5.7.1 root=/dev/mapper/ubuntu--vg-root ro
Oct 16 13:29:03 ubuntu systemd[1]: Mounting /boot/efi...
Oct 16 13:29:03 ubuntu kernel: [    0.000000] Dentry cache hash table entries: 4194304 (order: 13, 33554432 bytes, linear)
Oct 16 13:29:03 ubuntu systemd[1]: Mounted /boot/efi.
Oct 16 13:29:03 ubuntu kernel: [    0.000000] Inode-cache hash table entries: 2097152 (order: 12, 16777216 bytes, linear)
Oct 16 13:29:03 ubuntu kernel: [    0.000000] mem auto-init: stack:off, heap alloc:on, heap free:off
Oct 16 13:29:03 ubuntu kernel: [    0.000000] software IO TLB: mapped [mem 0x7bfff000-0x7ffff000] (64MB)
Oct 16 13:29:03 ubuntu kernel: [    0.000000] Memory: 20269608K/20971520K available (14204K kernel code, 2354K rwdata, 6868K rodata, 7040K init, 1132K bss, 669144K reserved, 32768K cma-reserved)
Oct 16 13:29:03 ubuntu systemd[1]: Reached target Local File Systems.
Oct 16 13:29:03 ubuntu kernel: [    0.000000] random: get_random_u64 called from __kmem_cache_create+0x54/0x5d8 with crng_init=0
Oct 16 13:29:03 ubuntu systemd[1]: Starting ebtables ruleset management...
Oct 16 13:29:03 ubuntu kernel: [    0.000000] SLUB: HWalign=64, Order=0-3, MinObjects=0, CPUs=32, Nodes=1
Oct 16 13:29:03 ubuntu kernel: [    0.000000] ftrace: allocating 46106 entries in 181 pages
Oct 16 13:29:03 ubuntu kernel: [    0.000000] ftrace: allocated 181 pages with 5 groups
Oct 16 13:29:03 ubuntu kernel: [    0.000000] rcu: Hierarchical RCU implementation.
Oct 16 13:29:03 ubuntu systemd[1]: Starting Tell Plymouth To Write Out Runtime Data...
Oct 16 13:29:03 ubuntu kernel: [    0.000000] rcu: 	RCU restricting CPUs from NR_CPUS=256 to nr_cpu_ids=32.
Oct 16 13:29:03 ubuntu kernel: [    0.000000] 	Tasks RCU enabled.
Oct 16 13:29:03 ubuntu kernel: [    0.000000] rcu: RCU calculated value of scheduler-enlistment delay is 25 jiffies.
Oct 16 13:29:03 ubuntu systemd[1]: Starting AppArmor initialization...
Oct 16 13:29:03 ubuntu kernel: [    0.000000] rcu: Adjusting geometry for rcu_fanout_leaf=16, nr_cpu_ids=32
Oct 16 13:29:03 ubuntu kernel: [    0.000000] NR_IRQS: 64, nr_irqs: 64, preallocated irqs: 0
Oct 16 13:29:03 ubuntu kernel: [    0.000000] GICv3: 256 SPIs implemented
Oct 16 13:29:03 ubuntu systemd[1]: Starting Set console font and keymap...
Oct 16 13:29:03 ubuntu kernel: [    0.000000] GICv3: 0 Extended SPIs implemented
Oct 16 13:29:03 ubuntu systemd[1]: Starting Create Volatile Files and Directories...
Oct 16 13:29:03 ubuntu kernel: [    0.000000] GICv3: Distributor has no Range Selector support
Oct 16 13:29:03 ubuntu kernel: [    0.000000] GICv3: 16 PPIs implemented
Oct 16 13:29:03 ubuntu kernel: [    0.000000] GICv3: CPU0: found redistributor 0 region 0:0x00000000080a0000
Oct 16 13:29:03 ubuntu kernel: [    0.000000] ACPI: SRAT not present
Oct 16 13:29:03 ubuntu kernel: [    0.000000] ITS [mem 0x08080000-0x0809ffff]
Oct 16 13:29:03 ubuntu kernel: [    0.000000] ITS@0x0000000008080000: allocated 8192 Devices @53ca00000 (indirect, esz 8, psz 64K, shr 1)
Oct 16 13:29:03 ubuntu systemd[1]: Started Tell Plymouth To Write Out Runtime Data.
Oct 16 13:29:03 ubuntu kernel: [    0.000000] ITS@0x0000000008080000: allocated 8192 Interrupt Collections @53ca10000 (flat, esz 8, psz 64K, shr 1)
Oct 16 13:29:03 ubuntu systemd[1]: Started Set console font and keymap.
Oct 16 13:29:03 ubuntu kernel: [    0.000000] GICv3: using LPI property table @0x000000053ca20000
Oct 16 13:29:03 ubuntu kernel: [    0.000000] GICv3: CPU0: using allocated LPI pending table @0x000000053ca30000
Oct 16 13:29:03 ubuntu kernel: [    0.000000] arch_timer: cp15 timer(s) running at 100.00MHz (virt).
Oct 16 13:29:03 ubuntu kernel: [    0.000000] clocksource: arch_sys_counter: mask: 0xffffffffffffff max_cycles: 0x171024e7e0, max_idle_ns: 440795205315 ns
Oct 16 13:29:03 ubuntu apparmor[1109]:  * Starting AppArmor profiles
Oct 16 13:29:03 ubuntu kernel: [    0.000002] sched_clock: 56 bits at 100MHz, resolution 10ns, wraps every 4398046511100ns
Oct 16 13:29:03 ubuntu kernel: [    0.000248] Console: colour dummy device 80x25
Oct 16 13:29:03 ubuntu kernel: [    0.000320] ACPI: Core revision 20200326
Oct 16 13:29:03 ubuntu kernel: [    0.000471] Calibrating delay loop (skipped), value calculated using timer frequency.. 200.00 BogoMIPS (lpj=400000)
Oct 16 13:29:03 ubuntu kernel: [    0.000474] pid_max: default: 32768 minimum: 301
Oct 16 13:29:03 ubuntu kernel: [    0.000547] LSM: Security Framework initializing
Oct 16 13:29:03 ubuntu kernel: [    0.000571] Yama: becoming mindful.
Oct 16 13:29:03 ubuntu kernel: [    0.000756] AppArmor: AppArmor initialized
Oct 16 13:29:03 ubuntu kernel: [    0.001213] Mount-cache hash table entries: 65536 (order: 7, 524288 bytes, linear)
Oct 16 13:29:03 ubuntu kernel: [    0.001606] Mountpoint-cache hash table entries: 65536 (order: 7, 524288 bytes, linear)
Oct 16 13:29:03 ubuntu kernel: [    0.003374] ACPI PPTT: No PPTT table found, CPU and cache topology may be inaccurate
Oct 16 13:29:03 ubuntu kernel: [    0.003703] rcu: Hierarchical SRCU implementation.
Oct 16 13:29:03 ubuntu kernel: [    0.004686] Platform MSI: ITS@0x8080000 domain created
Oct 16 13:29:03 ubuntu kernel: [    0.004703] PCI/MSI: ITS@0x8080000 domain created
