Mar  1 18:40:25 ubuntu systemd[1]: Starting Flush Journal to Persistent Storage...
Mar  1 18:40:25 ubuntu kernel: [    0.000000] Booting Linux on physical CPU 0x0000080000 [0x481fd010]
Mar  1 18:40:25 ubuntu kernel: [    0.000000] Linux version 5.7.1 (root@ubuntu) (gcc version 7.5.0 (Ubuntu/Linaro 7.5.0-3ubuntu1~18.04), GNU ld (GNU Binutils for Ubuntu) 2.30) #1 SMP Mon Mar 1 16:59:54 CST 2021
Mar  1 18:40:25 ubuntu systemd[1]: Started udev Coldplug all Devices.
Mar  1 18:40:25 ubuntu kernel: [    0.000000] efi: EFI v2.70 by EDK II
Mar  1 18:40:25 ubuntu kernel: [    0.000000] efi:  ACPI 2.0=0x2fc50000  SMBIOS 3.0=0x2fbf0000  MEMATTR=0x35e93018  ESRT=0x36117b18  MEMRESERVE=0x2fb93018 
Mar  1 18:40:25 ubuntu systemd[1]: Started LVM2 metadata daemon.
Mar  1 18:40:25 ubuntu kernel: [    0.000000] esrt: Reserving ESRT space from 0x0000000036117b18 to 0x0000000036117b50.
Mar  1 18:40:25 ubuntu systemd-modules-load[1495]: Inserted module 'lp'
Mar  1 18:40:25 ubuntu systemd-modules-load[1495]: Inserted module 'ppdev'
Mar  1 18:40:25 ubuntu systemd-modules-load[1495]: Failed to find module 'parport_pc'
Mar  1 18:40:25 ubuntu systemd[1]: Started Monitoring of LVM2 mirrors, snapshots etc. using dmeventd or progress polling.
Mar  1 18:40:25 ubuntu systemd[1]: Started Create Static Device Nodes in /dev.
Mar  1 18:40:25 ubuntu systemd[1]: Starting udev Kernel Device Manager...
Mar  1 18:40:25 ubuntu kernel: [    0.000000] cma: Reserved 32 MiB at 0x000000007e000000
Mar  1 18:40:25 ubuntu systemd-modules-load[1495]: Inserted module 'iscsi_tcp'
Mar  1 18:40:25 ubuntu kernel: [    0.000000] ACPI: Early table checksum verification disabled
Mar  1 18:40:25 ubuntu kernel: [    0.000000] ACPI: RSDP 0x000000002FC50000 000024 (v02 HISI  )
Mar  1 18:40:25 ubuntu kernel: [    0.000000] ACPI: XSDT 0x000000002FC40000 0000A4 (v01 HISI   HIP08    00000000      01000013)
Mar  1 18:40:25 ubuntu kernel: [    0.000000] ACPI: FACP 0x000000002F790000 000114 (v06 HISI   HIP08    00000000 HISI 20151124)
Mar  1 18:40:25 ubuntu kernel: [    0.000000] ACPI: DSDT 0x000000002F530000 00C441 (v02 HISI   HIP08    00000000 INTL 20181213)
Mar  1 18:40:25 ubuntu systemd-modules-load[1495]: Inserted module 'ib_iser'
Mar  1 18:40:25 ubuntu kernel: [    0.000000] ACPI: PCCT 0x000000002FC30000 00008A (v01 HISI   HIP08    00000000 HISI 20151124)
Mar  1 18:40:25 ubuntu kernel: [    0.000000] ACPI: SSDT 0x000000002FC20000 00E64A (v02 HISI   HIP07    00000000 INTL 20181213)
Mar  1 18:40:25 ubuntu kernel: [    0.000000] ACPI: BERT 0x000000002FBC0000 000030 (v01 HISI   HIP08    00000000 HISI 20151124)
Mar  1 18:40:25 ubuntu kernel: [    0.000000] ACPI: HEST 0x000000002FBA0000 00058C (v01 HISI   HIP08    00000000 HISI 20151124)
Mar  1 18:40:25 ubuntu kernel: [    0.000000] ACPI: ERST 0x000000002FB60000 000230 (v01 HISI   HIP08    00000000 HISI 20151124)
Mar  1 18:40:25 ubuntu systemd[1]: systemd-modules-load.service: Main process exited, code=exited, status=1/FAILURE
Mar  1 18:40:25 ubuntu kernel: [    0.000000] ACPI: EINJ 0x000000002FB50000 000170 (v01 HISI   HIP08    00000000 HISI 20151124)
Mar  1 18:40:25 ubuntu kernel: [    0.000000] ACPI: GTDT 0x000000002F590000 00007C (v02 HISI   HIP08    00000000 HISI 20151124)
Mar  1 18:40:25 ubuntu kernel: [    0.000000] ACPI: MCFG 0x000000002F580000 00003C (v01 HISI   HIP08    00000000 HISI 20151124)
Mar  1 18:40:25 ubuntu kernel: [    0.000000] ACPI: SLIT 0x000000002F570000 00003C (v01 HISI   HIP08    00000000 HISI 20151124)
Mar  1 18:40:25 ubuntu systemd[1]: systemd-modules-load.service: Failed with result 'exit-code'.
Mar  1 18:40:25 ubuntu kernel: [    0.000000] ACPI: SRAT 0x000000002F560000 0007D0 (v03 HISI   HIP08    00000000 HISI 20151124)
Mar  1 18:40:25 ubuntu kernel: [    0.000000] ACPI: SDEI 0x000000002F550000 000030 (v01 HISI   HIP08    00000000 HISI 20151124)
Mar  1 18:40:25 ubuntu kernel: [    0.000000] ACPI: APIC 0x000000002F540000 001E6C (v04 HISI   HIP08    00000000 HISI 20151124)
Mar  1 18:40:25 ubuntu kernel: [    0.000000] ACPI: IORT 0x000000002F520000 001678 (v00 HISI   HIP08    00000000 INTL 20181213)
Mar  1 18:40:25 ubuntu systemd[1]: Failed to start Load Kernel Modules.
Mar  1 18:40:25 ubuntu kernel: [    0.000000] ACPI: PPTT 0x000000002ECE0000 0031B0 (v01 HISI   HIP08    00000000 HISI 20151124)
Mar  1 18:40:25 ubuntu kernel: [    0.000000] ACPI: SPMI 0x000000002ECD0000 000041 (v05 HISI   HIP08    00000000 HISI 20151124)
Mar  1 18:40:25 ubuntu kernel: [    0.000000] ACPI: SRAT: Node 0 PXM 0 [mem 0x2080000000-0x27ffffffff]
Mar  1 18:40:25 ubuntu kernel: [    0.000000] ACPI: SRAT: Node 1 PXM 1 [mem 0x2800000000-0x2fffffffff]
Mar  1 18:40:25 ubuntu systemd[1]: Mounting FUSE Control File System...
Mar  1 18:40:25 ubuntu kernel: [    0.000000] ACPI: SRAT: Node 0 PXM 0 [mem 0x00000000-0x7fffffff]
Mar  1 18:40:25 ubuntu kernel: [    0.000000] ACPI: SRAT: Node 2 PXM 2 [mem 0x202000000000-0x2027ffffffff]
Mar  1 18:40:25 ubuntu kernel: [    0.000000] ACPI: SRAT: Node 3 PXM 3 [mem 0x202800000000-0x202fffffffff]
Mar  1 18:40:25 ubuntu systemd[1]: Starting Apply Kernel Variables...
Mar  1 18:40:25 ubuntu kernel: [    0.000000] NUMA: NODE_DATA [mem 0x27ffffc300-0x27ffffffff]
Mar  1 18:40:25 ubuntu kernel: [    0.000000] NUMA: NODE_DATA [mem 0x2fffffc300-0x2fffffffff]
Mar  1 18:40:25 ubuntu kernel: [    0.000000] NUMA: NODE_DATA [mem 0x2027ffffc300-0x2027ffffffff]
Mar  1 18:40:25 ubuntu systemd[1]: Mounting Kernel Configuration File System...
Mar  1 18:40:25 ubuntu kernel: [    0.000000] NUMA: NODE_DATA [mem 0x202ff0000300-0x202ff0003fff]
Mar  1 18:40:25 ubuntu kernel: [    0.000000] Zone ranges:
Mar  1 18:40:25 ubuntu kernel: [    0.000000]   DMA      [mem 0x0000000000000000-0x000000003fffffff]
Mar  1 18:40:25 ubuntu kernel: [    0.000000]   DMA32    [mem 0x0000000040000000-0x00000000ffffffff]
Mar  1 18:40:25 ubuntu systemd[1]: Mounted FUSE Control File System.
Mar  1 18:40:25 ubuntu kernel: [    0.000000]   Normal   [mem 0x0000000100000000-0x0000202fffffffff]
Mar  1 18:40:25 ubuntu kernel: [    0.000000] Movable zone start for each node
Mar  1 18:40:25 ubuntu kernel: [    0.000000] Early memory node ranges
Mar  1 18:40:25 ubuntu systemd[1]: Mounted Kernel Configuration File System.
Mar  1 18:40:25 ubuntu kernel: [    0.000000]   node   0: [mem 0x0000000000000000-0x000000000000ffff]
Mar  1 18:40:25 ubuntu systemd[1]: Started Apply Kernel Variables.
Mar  1 18:40:25 ubuntu kernel: [    0.000000]   node   0: [mem 0x0000000000010000-0x000000002e501fff]
Mar  1 18:40:25 ubuntu systemd[1]: Activated swap /swapfile.
Mar  1 18:40:25 ubuntu kernel: [    0.000000]   node   0: [mem 0x000000002e502000-0x000000002eccffff]
Mar  1 18:40:25 ubuntu systemd[1]: Reached target Swap.
Mar  1 18:40:25 ubuntu kernel: [    0.000000]   node   0: [mem 0x000000002ecd0000-0x000000002f59ffff]
Mar  1 18:40:25 ubuntu kernel: [    0.000000]   node   0: [mem 0x000000002f5a0000-0x000000002f78ffff]
Mar  1 18:40:25 ubuntu systemd[1]: Started udev Kernel Device Manager.
Mar  1 18:40:25 ubuntu kernel: [    0.000000]   node   0: [mem 0x000000002f790000-0x000000002f79ffff]
Mar  1 18:40:25 ubuntu kernel: [    0.000000]   node   0: [mem 0x000000002f7a0000-0x000000002f87ffff]
Mar  1 18:40:25 ubuntu kernel: [    0.000000]   node   0: [mem 0x000000002f880000-0x000000002f8bffff]
Mar  1 18:40:25 ubuntu kernel: [    0.000000]   node   0: [mem 0x000000002f8c0000-0x000000002f95ffff]
Mar  1 18:40:25 ubuntu systemd[1]: Started Set the console keyboard layout.
Mar  1 18:40:25 ubuntu kernel: [    0.000000]   node   0: [mem 0x000000002f960000-0x000000002f97ffff]
Mar  1 18:40:25 ubuntu kernel: [    0.000000]   node   0: [mem 0x000000002f980000-0x000000002fabffff]
Mar  1 18:40:25 ubuntu kernel: [    0.000000]   node   0: [mem 0x000000002fac0000-0x000000002fb6ffff]
Mar  1 18:40:25 ubuntu kernel: [    0.000000]   node   0: [mem 0x000000002fb70000-0x000000002fb71fff]
Mar  1 18:40:25 ubuntu kernel: [    0.000000]   node   0: [mem 0x000000002fb72000-0x000000002fb7ffff]
Mar  1 18:40:25 ubuntu systemd[1]: Started Dispatch Password Requests to Console Directory Watch.
Mar  1 18:40:25 ubuntu kernel: [    0.000000]   node   0: [mem 0x000000002fb80000-0x000000002fb80fff]
Mar  1 18:40:25 ubuntu systemd[1]: Reached target Local Encrypted Volumes.
Mar  1 18:40:25 ubuntu kernel: [    0.000000]   node   0: [mem 0x000000002fb81000-0x000000002fb8ffff]
Mar  1 18:40:25 ubuntu kernel: [    0.000000]   node   0: [mem 0x000000002fb90000-0x000000002fb91fff]
Mar  1 18:40:25 ubuntu systemd[1]: Reached target Local File Systems (Pre).
Mar  1 18:40:25 ubuntu kernel: [    0.000000]   node   0: [mem 0x000000002fb92000-0x000000002fbaffff]
Mar  1 18:40:25 ubuntu kernel: [    0.000000]   node   0: [mem 0x000000002fbb0000-0x000000002fbb1fff]
Mar  1 18:40:25 ubuntu kernel: [    0.000000]   node   0: [mem 0x000000002fbb2000-0x000000002fbcffff]
Mar  1 18:40:25 ubuntu systemd[1]: Started Flush Journal to Persistent Storage.
Mar  1 18:40:25 ubuntu kernel: [    0.000000]   node   0: [mem 0x000000002fbd0000-0x000000002fbd0fff]
Mar  1 18:40:25 ubuntu kernel: [    0.000000]   node   0: [mem 0x000000002fbd1000-0x000000002fbdffff]
Mar  1 18:40:25 ubuntu kernel: [    0.000000]   node   0: [mem 0x000000002fbe0000-0x000000002fbfffff]
Mar  1 18:40:25 ubuntu kernel: [    0.000000]   node   0: [mem 0x000000002fc00000-0x000000002fc5ffff]
Mar  1 18:40:25 ubuntu systemd-udevd[1647]: link_config: autonegotiation is unset or enabled, the speed and duplex are not writable.
Mar  1 18:40:25 ubuntu kernel: [    0.000000]   node   0: [mem 0x000000002fc60000-0x000000002fe5ffff]
Mar  1 18:40:25 ubuntu kernel: [    0.000000]   node   0: [mem 0x000000002fe60000-0x000000002fe60fff]
Mar  1 18:40:25 ubuntu kernel: [    0.000000]   node   0: [mem 0x000000002fe61000-0x000000002fe64fff]
Mar  1 18:40:25 ubuntu kernel: [    0.000000]   node   0: [mem 0x000000002fe65000-0x000000002fe6afff]
Mar  1 18:40:25 ubuntu kernel: [    0.000000]   node   0: [mem 0x000000002fe6b000-0x000000002fe6bfff]
Mar  1 18:40:25 ubuntu kernel: [    0.000000]   node   0: [mem 0x000000002fe6c000-0x000000003f02ffff]
Mar  1 18:40:25 ubuntu kernel: [    0.000000]   node   0: [mem 0x000000003f030000-0x000000003f05ffff]
Mar  1 18:40:25 ubuntu kernel: [    0.000000]   node   0: [mem 0x000000003f060000-0x000000003fbfffff]
Mar  1 18:40:25 ubuntu kernel: [    0.000000]   node   0: [mem 0x0000000040000000-0x0000000043ffffff]
Mar  1 18:40:25 ubuntu systemd-udevd[1714]: link_config: autonegotiation is unset or enabled, the speed and duplex are not writable.
Mar  1 18:40:25 ubuntu kernel: [    0.000000]   node   0: [mem 0x0000000044030000-0x000000004fffffff]
Mar  1 18:40:25 ubuntu kernel: [    0.000000]   node   0: [mem 0x0000000050000000-0x000000007fffffff]
Mar  1 18:40:25 ubuntu kernel: [    0.000000]   node   0: [mem 0x0000002080000000-0x00000027ffffffff]
Mar  1 18:40:25 ubuntu kernel: [    0.000000]   node   1: [mem 0x0000002800000000-0x0000002fffffffff]
Mar  1 18:40:25 ubuntu systemd-udevd[1736]: link_config: autonegotiation is unset or enabled, the speed and duplex are not writable.
Mar  1 18:40:25 ubuntu kernel: [    0.000000]   node   2: [mem 0x0000202000000000-0x00002027ffffffff]
Mar  1 18:40:25 ubuntu kernel: [    0.000000]   node   3: [mem 0x0000202800000000-0x0000202fffffffff]
Mar  1 18:40:25 ubuntu kernel: [    0.000000] Zeroed struct page in unavailable ranges: 814 pages
Mar  1 18:40:25 ubuntu kernel: [    0.000000] Initmem setup node 0 [mem 0x0000000000000000-0x00000027ffffffff]
Mar  1 18:40:25 ubuntu kernel: [    0.000000] On node 0 totalpages: 8387536
Mar  1 18:40:25 ubuntu systemd-udevd[1587]: link_config: autonegotiation is unset or enabled, the speed and duplex are not writable.
Mar  1 18:40:25 ubuntu kernel: [    0.000000]   DMA zone: 5120 pages used for memmap
Mar  1 18:40:25 ubuntu kernel: [    0.000000]   DMA zone: 0 pages reserved
Mar  1 18:40:25 ubuntu kernel: [    0.000000]   DMA zone: 261120 pages, LIFO batch:63
Mar  1 18:40:25 ubuntu systemd[1]: Listening on Load/Save RF Kill Switch Status /dev/rfkill Watch.
Mar  1 18:40:25 ubuntu kernel: [    0.000000]   DMA32 zone: 5120 pages used for memmap
Mar  1 18:40:25 ubuntu kernel: [    0.000000]   DMA32 zone: 262096 pages, LIFO batch:63
Mar  1 18:40:25 ubuntu systemd-udevd[1662]: link_config: autonegotiation is unset or enabled, the speed and duplex are not writable.
Mar  1 18:40:25 ubuntu kernel: [    0.000000]   Normal zone: 153600 pages used for memmap
Mar  1 18:40:25 ubuntu kernel: [    0.000000]   Normal zone: 7864320 pages, LIFO batch:63
Mar  1 18:40:25 ubuntu kernel: [    0.000000] Initmem setup node 1 [mem 0x0000002800000000-0x0000002fffffffff]
Mar  1 18:40:25 ubuntu kernel: [    0.000000] On node 1 totalpages: 8388608
Mar  1 18:40:25 ubuntu kernel: [    0.000000]   Normal zone: 163840 pages used for memmap
Mar  1 18:40:25 ubuntu kernel: [    0.000000]   Normal zone: 8388608 pages, LIFO batch:63
Mar  1 18:40:25 ubuntu mtp-probe: checking bus 1, device 3: "/sys/devices/pci0000:7a/0000:7a:01.0/usb1/1-1/1-1.1"
Mar  1 18:40:25 ubuntu kernel: [    0.000000] Initmem setup node 2 [mem 0x0000202000000000-0x00002027ffffffff]
Mar  1 18:40:25 ubuntu kernel: [    0.000000] On node 2 totalpages: 8388608
Mar  1 18:40:25 ubuntu mtp-probe: checking bus 5, device 3: "/sys/devices/pci0000:7a/0000:7a:02.0/usb5/5-1/5-1.2"
Mar  1 18:40:25 ubuntu kernel: [    0.000000]   Normal zone: 163840 pages used for memmap
Mar  1 18:40:25 ubuntu kernel: [    0.000000]   Normal zone: 8388608 pages, LIFO batch:63
Mar  1 18:40:25 ubuntu kernel: [    0.000000] Initmem setup node 3 [mem 0x0000202800000000-0x0000202fffffffff]
Mar  1 18:40:25 ubuntu mtp-probe: bus: 5, device: 3 was not an MTP device
Mar  1 18:40:25 ubuntu kernel: [    0.000000] On node 3 totalpages: 8388608
Mar  1 18:40:25 ubuntu kernel: [    0.000000]   Normal zone: 163840 pages used for memmap
Mar  1 18:40:25 ubuntu kernel: [    0.000000]   Normal zone: 8388608 pages, LIFO batch:63
Mar  1 18:40:25 ubuntu kernel: [    0.000000] psci: probing for conduit method from ACPI.
Mar  1 18:40:25 ubuntu mtp-probe: bus: 1, device: 3 was not an MTP device
Mar  1 18:40:25 ubuntu kernel: [    0.000000] psci: PSCIv1.1 detected in firmware.
Mar  1 18:40:25 ubuntu kernel: [    0.000000] psci: Using standard PSCI v0.2 function IDs
Mar  1 18:40:25 ubuntu systemd[1]: Found device HW-SAS3508 EFI\x20System\x20Partition.
Mar  1 18:40:25 ubuntu kernel: [    0.000000] psci: MIGRATE_INFO_TYPE not supported.
Mar  1 18:40:25 ubuntu kernel: [    0.000000] psci: SMC Calling Convention v1.1
Mar  1 18:40:25 ubuntu systemd[1]: Starting File System Check on /dev/disk/by-uuid/71BE-99A8...
Mar  1 18:40:25 ubuntu systemd[1]: Started File System Check Daemon to report status.
Mar  1 18:40:25 ubuntu systemd-fsck[1978]: fsck.fat 4.1 (2017-01-24)
Mar  1 18:40:25 ubuntu systemd-fsck[1978]: /dev/sda1: 5 files, 35/65501 clusters
Mar  1 18:40:25 ubuntu systemd[1]: Started File System Check on /dev/disk/by-uuid/71BE-99A8.
Mar  1 18:40:25 ubuntu systemd[1]: Mounting /boot/efi...
Mar  1 18:40:25 ubuntu systemd[1]: Mounted /boot/efi.
Mar  1 18:40:25 ubuntu systemd[1]: Reached target Local File Systems.
Mar  1 18:40:25 ubuntu systemd[1]: Starting Enable support for additional executable binary formats...
Mar  1 18:40:25 ubuntu systemd[1]: Starting Tell Plymouth To Write Out Runtime Data...
Mar  1 18:40:25 ubuntu systemd[1]: Starting Create Volatile Files and Directories...
Mar  1 18:40:25 ubuntu systemd[1]: Starting QEMU KVM preparation - module, ksm, hugepages...
Mar  1 18:40:25 ubuntu systemd[1]: Starting Set console font and keymap...
Mar  1 18:40:25 ubuntu kernel: [    0.000000] ACPI: NUMA: SRAT: PXM 0 -> MPIDR 0x80000 -> Node 0
Mar  1 18:40:25 ubuntu systemd[1]: Starting AppArmor initialization...
Mar  1 18:40:25 ubuntu kernel: [    0.000000] ACPI: NUMA: SRAT: PXM 0 -> MPIDR 0x80100 -> Node 0
Mar  1 18:40:25 ubuntu kernel: [    0.000000] ACPI: NUMA: SRAT: PXM 0 -> MPIDR 0x80200 -> Node 0
Mar  1 18:40:25 ubuntu kernel: [    0.000000] ACPI: NUMA: SRAT: PXM 0 -> MPIDR 0x80300 -> Node 0
Mar  1 18:40:25 ubuntu systemd[1]: Starting ebtables ruleset management...
Mar  1 18:40:25 ubuntu kernel: [    0.000000] ACPI: NUMA: SRAT: PXM 0 -> MPIDR 0x90000 -> Node 0
Mar  1 18:40:25 ubuntu kernel: [    0.000000] ACPI: NUMA: SRAT: PXM 0 -> MPIDR 0x90100 -> Node 0
Mar  1 18:40:25 ubuntu kernel: [    0.000000] ACPI: NUMA: SRAT: PXM 0 -> MPIDR 0x90200 -> Node 0
Mar  1 18:40:25 ubuntu kernel: [    0.000000] ACPI: NUMA: SRAT: PXM 0 -> MPIDR 0x90300 -> Node 0
Mar  1 18:40:25 ubuntu kernel: [    0.000000] ACPI: NUMA: SRAT: PXM 0 -> MPIDR 0xa0000 -> Node 0
Mar  1 18:40:25 ubuntu systemd[1]: Starting Clean up any mess left by 0dns-up...
Mar  1 18:40:25 ubuntu kernel: [    0.000000] ACPI: NUMA: SRAT: PXM 0 -> MPIDR 0xa0100 -> Node 0
Mar  1 18:40:25 ubuntu kernel: [    0.000000] ACPI: NUMA: SRAT: PXM 0 -> MPIDR 0xa0200 -> Node 0
Mar  1 18:40:25 ubuntu kernel: [    0.000000] ACPI: NUMA: SRAT: PXM 0 -> MPIDR 0xa0300 -> Node 0
Mar  1 18:40:25 ubuntu systemd[1]: Started QEMU KVM preparation - module, ksm, hugepages.
Mar  1 18:40:25 ubuntu kernel: [    0.000000] ACPI: NUMA: SRAT: PXM 0 -> MPIDR 0xb0000 -> Node 0
Mar  1 18:40:25 ubuntu kernel: [    0.000000] ACPI: NUMA: SRAT: PXM 0 -> MPIDR 0xb0100 -> Node 0
Mar  1 18:40:25 ubuntu kernel: [    0.000000] ACPI: NUMA: SRAT: PXM 0 -> MPIDR 0xb0200 -> Node 0
Mar  1 18:40:25 ubuntu kernel: [    0.000000] ACPI: NUMA: SRAT: PXM 0 -> MPIDR 0xb0300 -> Node 0
Mar  1 18:40:25 ubuntu systemd[1]: Started Tell Plymouth To Write Out Runtime Data.
Mar  1 18:40:25 ubuntu kernel: [    0.000000] ACPI: NUMA: SRAT: PXM 0 -> MPIDR 0xc0000 -> Node 0
Mar  1 18:40:25 ubuntu systemd[1]: Started Set console font and keymap.
Mar  1 18:40:25 ubuntu kernel: [    0.000000] ACPI: NUMA: SRAT: PXM 0 -> MPIDR 0xc0100 -> Node 0
Mar  1 18:40:25 ubuntu kernel: [    0.000000] ACPI: NUMA: SRAT: PXM 0 -> MPIDR 0xc0200 -> Node 0
Mar  1 18:40:25 ubuntu kernel: [    0.000000] ACPI: NUMA: SRAT: PXM 0 -> MPIDR 0xc0300 -> Node 0
Mar  1 18:40:25 ubuntu kernel: [    0.000000] ACPI: NUMA: SRAT: PXM 0 -> MPIDR 0xd0000 -> Node 0
Mar  1 18:40:25 ubuntu kernel: [    0.000000] ACPI: NUMA: SRAT: PXM 0 -> MPIDR 0xd0100 -> Node 0
Mar  1 18:40:25 ubuntu apparmor[2034]:  * Starting AppArmor profiles
Mar  1 18:40:25 ubuntu kernel: [    0.000000] ACPI: NUMA: SRAT: PXM 0 -> MPIDR 0xd0200 -> Node 0
Mar  1 18:40:25 ubuntu kernel: [    0.000000] ACPI: NUMA: SRAT: PXM 0 -> MPIDR 0xd0300 -> Node 0
Mar  1 18:40:25 ubuntu kernel: [    0.000000] ACPI: NUMA: SRAT: PXM 1 -> MPIDR 0x180000 -> Node 1
Mar  1 18:40:25 ubuntu kernel: [    0.000000] ACPI: NUMA: SRAT: PXM 1 -> MPIDR 0x180100 -> Node 1
Mar  1 18:40:25 ubuntu kernel: [    0.000000] ACPI: NUMA: SRAT: PXM 1 -> MPIDR 0x180200 -> Node 1
Mar  1 18:40:25 ubuntu kernel: [    0.000000] ACPI: NUMA: SRAT: PXM 1 -> MPIDR 0x180300 -> Node 1
Mar  1 18:40:25 ubuntu kernel: [    0.000000] ACPI: NUMA: SRAT: PXM 1 -> MPIDR 0x190000 -> Node 1
Mar  1 18:40:25 ubuntu systemd[1]: Started ebtables ruleset management.
Mar  1 18:40:25 ubuntu kernel: [    0.000000] ACPI: NUMA: SRAT: PXM 1 -> MPIDR 0x190100 -> Node 1
Mar  1 18:40:25 ubuntu kernel: [    0.000000] ACPI: NUMA: SRAT: PXM 1 -> MPIDR 0x190200 -> Node 1
Mar  1 18:40:25 ubuntu kernel: [    0.000000] ACPI: NUMA: SRAT: PXM 1 -> MPIDR 0x190300 -> Node 1
Mar  1 18:40:25 ubuntu kernel: [    0.000000] ACPI: NUMA: SRAT: PXM 1 -> MPIDR 0x1a0000 -> Node 1
Mar  1 18:40:25 ubuntu systemd[1]: Reached target Network (Pre).
Mar  1 18:40:25 ubuntu kernel: [    0.000000] ACPI: NUMA: SRAT: PXM 1 -> MPIDR 0x1a0100 -> Node 1
Mar  1 18:40:25 ubuntu kernel: [    0.000000] ACPI: NUMA: SRAT: PXM 1 -> MPIDR 0x1a0200 -> Node 1
Mar  1 18:40:25 ubuntu systemd[1]: proc-sys-fs-binfmt_misc.automount: Got automount request for /proc/sys/fs/binfmt_misc, triggered by 2011 (update-binfmts)
Mar  1 18:40:25 ubuntu kernel: [    0.000000] ACPI: NUMA: SRAT: PXM 1 -> MPIDR 0x1a0300 -> Node 1
Mar  1 18:40:25 ubuntu kernel: [    0.000000] ACPI: NUMA: SRAT: PXM 1 -> MPIDR 0x1b0000 -> Node 1
Mar  1 18:40:25 ubuntu kernel: [    0.000000] ACPI: NUMA: SRAT: PXM 1 -> MPIDR 0x1b0100 -> Node 1
Mar  1 18:40:25 ubuntu systemd[1]: Mounting Arbitrary Executable File Formats File System...
Mar  1 18:40:25 ubuntu kernel: [    0.000000] ACPI: NUMA: SRAT: PXM 1 -> MPIDR 0x1b0200 -> Node 1
Mar  1 18:40:25 ubuntu systemd[1]: Mounted Arbitrary Executable File Formats File System.
Mar  1 18:40:25 ubuntu kernel: [    0.000000] ACPI: NUMA: SRAT: PXM 1 -> MPIDR 0x1b0300 -> Node 1
Mar  1 18:40:25 ubuntu kernel: [    0.000000] ACPI: NUMA: SRAT: PXM 1 -> MPIDR 0x1c0000 -> Node 1
Mar  1 18:40:25 ubuntu kernel: [    0.000000] ACPI: NUMA: SRAT: PXM 1 -> MPIDR 0x1c0100 -> Node 1
Mar  1 18:40:25 ubuntu systemd[1]: Started Enable support for additional executable binary formats.
Mar  1 18:40:25 ubuntu kernel: [    0.000000] ACPI: NUMA: SRAT: PXM 1 -> MPIDR 0x1c0200 -> Node 1
Mar  1 18:40:25 ubuntu systemd[1]: Started Clean up any mess left by 0dns-up.
Mar  1 18:40:25 ubuntu kernel: [    0.000000] ACPI: NUMA: SRAT: PXM 1 -> MPIDR 0x1c0300 -> Node 1
Mar  1 18:40:25 ubuntu kernel: [    0.000000] ACPI: NUMA: SRAT: PXM 1 -> MPIDR 0x1d0000 -> Node 1
Mar  1 18:40:25 ubuntu kernel: [    0.000000] ACPI: NUMA: SRAT: PXM 1 -> MPIDR 0x1d0100 -> Node 1
Mar  1 18:40:25 ubuntu systemd[1]: Starting Network Service...
Mar  1 18:40:25 ubuntu kernel: [    0.000000] ACPI: NUMA: SRAT: PXM 1 -> MPIDR 0x1d0200 -> Node 1
Mar  1 18:40:25 ubuntu kernel: [    0.000000] ACPI: NUMA: SRAT: PXM 1 -> MPIDR 0x1d0300 -> Node 1
Mar  1 18:40:25 ubuntu kernel: [    0.000000] ACPI: NUMA: SRAT: PXM 2 -> MPIDR 0x280000 -> Node 2
Mar  1 18:40:25 ubuntu systemd[1]: Started Create Volatile Files and Directories.
Mar  1 18:40:25 ubuntu kernel: [    0.000000] ACPI: NUMA: SRAT: PXM 2 -> MPIDR 0x280100 -> Node 2
Mar  1 18:40:25 ubuntu kernel: [    0.000000] ACPI: NUMA: SRAT: PXM 2 -> MPIDR 0x280200 -> Node 2
Mar  1 18:40:25 ubuntu kernel: [    0.000000] ACPI: NUMA: SRAT: PXM 2 -> MPIDR 0x280300 -> Node 2
Mar  1 18:40:25 ubuntu systemd[1]: Starting Update UTMP about System Boot/Shutdown...
Mar  1 18:40:25 ubuntu kernel: [    0.000000] ACPI: NUMA: SRAT: PXM 2 -> MPIDR 0x290000 -> Node 2
Mar  1 18:40:25 ubuntu systemd[1]: Starting Network Time Synchronization...
Mar  1 18:40:25 ubuntu kernel: [    0.000000] ACPI: NUMA: SRAT: PXM 2 -> MPIDR 0x290100 -> Node 2
Mar  1 18:40:25 ubuntu kernel: [    0.000000] ACPI: NUMA: SRAT: PXM 2 -> MPIDR 0x290200 -> Node 2
Mar  1 18:40:25 ubuntu apparmor[2034]: Skipping profile in /etc/apparmor.d/disable: usr.sbin.rsyslogd
Mar  1 18:40:25 ubuntu kernel: [    0.000000] ACPI: NUMA: SRAT: PXM 2 -> MPIDR 0x290300 -> Node 2
Mar  1 18:40:25 ubuntu kernel: [    0.000000] ACPI: NUMA: SRAT: PXM 2 -> MPIDR 0x2a0000 -> Node 2
Mar  1 18:40:25 ubuntu kernel: [    0.000000] ACPI: NUMA: SRAT: PXM 2 -> MPIDR 0x2a0100 -> Node 2
Mar  1 18:40:25 ubuntu kernel: [    0.000000] ACPI: NUMA: SRAT: PXM 2 -> MPIDR 0x2a0200 -> Node 2
Mar  1 18:40:25 ubuntu apparmor[2034]: Skipping profile in /etc/apparmor.d/disable: usr.bin.firefox
Mar  1 18:40:25 ubuntu kernel: [    0.000000] ACPI: NUMA: SRAT: PXM 2 -> MPIDR 0x2a0300 -> Node 2
Mar  1 18:40:25 ubuntu kernel: [    0.000000] ACPI: NUMA: SRAT: PXM 2 -> MPIDR 0x2b0000 -> Node 2
Mar  1 18:40:25 ubuntu systemd[1]: Started Update UTMP about System Boot/Shutdown.
Mar  1 18:40:25 ubuntu kernel: [    0.000000] ACPI: NUMA: SRAT: PXM 2 -> MPIDR 0x2b0100 -> Node 2
Mar  1 18:40:25 ubuntu kernel: [    0.000000] ACPI: NUMA: SRAT: PXM 2 -> MPIDR 0x2b0200 -> Node 2
Mar  1 18:40:25 ubuntu kernel: [    0.000000] ACPI: NUMA: SRAT: PXM 2 -> MPIDR 0x2b0300 -> Node 2
Mar  1 18:40:25 ubuntu kernel: [    0.000000] ACPI: NUMA: SRAT: PXM 2 -> MPIDR 0x2c0000 -> Node 2
Mar  1 18:40:25 ubuntu systemd[1]: Started Network Time Synchronization.
Mar  1 18:40:25 ubuntu kernel: [    0.000000] ACPI: NUMA: SRAT: PXM 2 -> MPIDR 0x2c0100 -> Node 2
Mar  1 18:40:25 ubuntu kernel: [    0.000000] ACPI: NUMA: SRAT: PXM 2 -> MPIDR 0x2c0200 -> Node 2
Mar  1 18:40:25 ubuntu kernel: [    0.000000] ACPI: NUMA: SRAT: PXM 2 -> MPIDR 0x2c0300 -> Node 2
Mar  1 18:40:25 ubuntu systemd[1]: Reached target System Time Synchronized.
Mar  1 18:40:25 ubuntu kernel: [    0.000000] ACPI: NUMA: SRAT: PXM 2 -> MPIDR 0x2d0000 -> Node 2
Mar  1 18:40:25 ubuntu kernel: [    0.000000] ACPI: NUMA: SRAT: PXM 2 -> MPIDR 0x2d0100 -> Node 2
Mar  1 18:40:25 ubuntu kernel: [    0.000000] ACPI: NUMA: SRAT: PXM 2 -> MPIDR 0x2d0200 -> Node 2
Mar  1 18:40:25 ubuntu systemd-udevd[2258]: link_config: autonegotiation is unset or enabled, the speed and duplex are not writable.
Mar  1 18:40:25 ubuntu kernel: [    0.000000] ACPI: NUMA: SRAT: PXM 2 -> MPIDR 0x2d0300 -> Node 2
Mar  1 18:40:25 ubuntu kernel: [    0.000000] ACPI: NUMA: SRAT: PXM 3 -> MPIDR 0x380000 -> Node 3
Mar  1 18:40:25 ubuntu kernel: [    0.000000] ACPI: NUMA: SRAT: PXM 3 -> MPIDR 0x380100 -> Node 3
Mar  1 18:40:25 ubuntu kernel: [    0.000000] ACPI: NUMA: SRAT: PXM 3 -> MPIDR 0x380200 -> Node 3
Mar  1 18:40:25 ubuntu systemd-networkd[2151]: br0: netdev ready
Mar  1 18:40:25 ubuntu kernel: [    0.000000] ACPI: NUMA: SRAT: PXM 3 -> MPIDR 0x380300 -> Node 3
Mar  1 18:40:25 ubuntu kernel: [    0.000000] ACPI: NUMA: SRAT: PXM 3 -> MPIDR 0x390000 -> Node 3
Mar  1 18:40:25 ubuntu kernel: [    0.000000] ACPI: NUMA: SRAT: PXM 3 -> MPIDR 0x390100 -> Node 3
Mar  1 18:40:25 ubuntu systemd-networkd[2151]: Enumeration completed
Mar  1 18:40:25 ubuntu kernel: [    0.000000] ACPI: NUMA: SRAT: PXM 3 -> MPIDR 0x390200 -> Node 3
Mar  1 18:40:25 ubuntu kernel: [    0.000000] ACPI: NUMA: SRAT: PXM 3 -> MPIDR 0x390300 -> Node 3
Mar  1 18:40:25 ubuntu kernel: [    0.000000] ACPI: NUMA: SRAT: PXM 3 -> MPIDR 0x3a0000 -> Node 3
Mar  1 18:40:25 ubuntu systemd[1]: Started Network Service.
Mar  1 18:40:25 ubuntu kernel: [    0.000000] ACPI: NUMA: SRAT: PXM 3 -> MPIDR 0x3a0100 -> Node 3
Mar  1 18:40:25 ubuntu kernel: [    0.000000] ACPI: NUMA: SRAT: PXM 3 -> MPIDR 0x3a0200 -> Node 3
Mar  1 18:40:25 ubuntu kernel: [    0.000000] ACPI: NUMA: SRAT: PXM 3 -> MPIDR 0x3a0300 -> Node 3
Mar  1 18:40:25 ubuntu kernel: [    0.000000] ACPI: NUMA: SRAT: PXM 3 -> MPIDR 0x3b0000 -> Node 3
Mar  1 18:40:25 ubuntu kernel: [    0.000000] ACPI: NUMA: SRAT: PXM 3 -> MPIDR 0x3b0100 -> Node 3
Mar  1 18:40:25 ubuntu systemd-networkd[2151]: br0: IPv6 successfully enabled
Mar  1 18:40:25 ubuntu kernel: [    0.000000] ACPI: NUMA: SRAT: PXM 3 -> MPIDR 0x3b0200 -> Node 3
Mar  1 18:40:25 ubuntu kernel: [    0.000000] ACPI: NUMA: SRAT: PXM 3 -> MPIDR 0x3b0300 -> Node 3
Mar  1 18:40:25 ubuntu kernel: [    0.000000] ACPI: NUMA: SRAT: PXM 3 -> MPIDR 0x3c0000 -> Node 3
Mar  1 18:40:25 ubuntu kernel: [    0.000000] ACPI: NUMA: SRAT: PXM 3 -> MPIDR 0x3c0100 -> Node 3
Mar  1 18:40:25 ubuntu systemd-networkd[2151]: enp125s0f3: Link is not managed by us
Mar  1 18:40:25 ubuntu kernel: [    0.000000] ACPI: NUMA: SRAT: PXM 3 -> MPIDR 0x3c0200 -> Node 3
Mar  1 18:40:25 ubuntu kernel: [    0.000000] ACPI: NUMA: SRAT: PXM 3 -> MPIDR 0x3c0300 -> Node 3
Mar  1 18:40:25 ubuntu kernel: [    0.000000] ACPI: NUMA: SRAT: PXM 3 -> MPIDR 0x3d0000 -> Node 3
Mar  1 18:40:25 ubuntu kernel: [    0.000000] ACPI: NUMA: SRAT: PXM 3 -> MPIDR 0x3d0100 -> Node 3
Mar  1 18:40:25 ubuntu systemd-networkd[2151]: enp125s0f0: Link is not managed by us
Mar  1 18:40:25 ubuntu systemd-networkd[2151]: lo: Link is not managed by us
Mar  1 18:40:25 ubuntu kernel: [    0.000000] ACPI: NUMA: SRAT: PXM 3 -> MPIDR 0x3d0200 -> Node 3
Mar  1 18:40:25 ubuntu kernel: [    0.000000] ACPI: NUMA: SRAT: PXM 3 -> MPIDR 0x3d0300 -> Node 3
Mar  1 18:40:25 ubuntu kernel: [    0.000000] percpu: Embedded 33 pages/cpu s94616 r8192 d32360 u135168
Mar  1 18:40:25 ubuntu kernel: [    0.000000] pcpu-alloc: s94616 r8192 d32360 u135168 alloc=33*4096
Mar  1 18:40:25 ubuntu systemd-networkd[2151]: enp125s0f2: Link is not managed by us
Mar  1 18:40:25 ubuntu kernel: [    0.000000] pcpu-alloc: [0] 00 [0] 01 [0] 02 [0] 03 [0] 04 [0] 05 [0] 06 [0] 07 
Mar  1 18:40:25 ubuntu kernel: [    0.000000] pcpu-alloc: [0] 08 [0] 09 [0] 10 [0] 11 [0] 12 [0] 13 [0] 14 [0] 15 
Mar  1 18:40:25 ubuntu kernel: [    0.000000] pcpu-alloc: [0] 16 [0] 17 [0] 18 [0] 19 [0] 20 [0] 21 [0] 22 [0] 23 
Mar  1 18:40:25 ubuntu systemd-networkd[2151]: enp125s0f1: Link is not managed by us
Mar  1 18:40:25 ubuntu kernel: [    0.000000] pcpu-alloc: [1] 24 [1] 25 [1] 26 [1] 27 [1] 28 [1] 29 [1] 30 [1] 31 
Mar  1 18:40:25 ubuntu kernel: [    0.000000] pcpu-alloc: [1] 32 [1] 33 [1] 34 [1] 35 [1] 36 [1] 37 [1] 38 [1] 39 
Mar  1 18:40:25 ubuntu systemd-networkd[2151]: enp125s0f1: IPv6 successfully enabled
Mar  1 18:40:25 ubuntu kernel: [    0.000000] pcpu-alloc: [1] 40 [1] 41 [1] 42 [1] 43 [1] 44 [1] 45 [1] 46 [1] 47 
Mar  1 18:40:25 ubuntu kernel: [    0.000000] pcpu-alloc: [2] 48 [2] 49 [2] 50 [2] 51 [2] 52 [2] 53 [2] 54 [2] 55 
Mar  1 18:40:25 ubuntu kernel: [    0.000000] pcpu-alloc: [2] 56 [2] 57 [2] 58 [2] 59 [2] 60 [2] 61 [2] 62 [2] 63 
Mar  1 18:40:25 ubuntu kernel: [    0.000000] pcpu-alloc: [2] 64 [2] 65 [2] 66 [2] 67 [2] 68 [2] 69 [2] 70 [2] 71 
Mar  1 18:40:25 ubuntu systemd-networkd[2151]: enp125s0f3: Link is not managed by us
Mar  1 18:40:25 ubuntu kernel: [    0.000000] pcpu-alloc: [3] 72 [3] 73 [3] 74 [3] 75 [3] 76 [3] 77 [3] 78 [3] 79 
Mar  1 18:40:25 ubuntu systemd-networkd[2151]: enp125s0f0: Link is not managed by us
Mar  1 18:40:25 ubuntu kernel: [    0.000000] pcpu-alloc: [3] 80 [3] 81 [3] 82 [3] 83 [3] 84 [3] 85 [3] 86 [3] 87 
Mar  1 18:40:25 ubuntu kernel: [    0.000000] pcpu-alloc: [3] 88 [3] 89 [3] 90 [3] 91 [3] 92 [3] 93 [3] 94 [3] 95 
Mar  1 18:40:25 ubuntu systemd-networkd[2151]: lo: Link is not managed by us
Mar  1 18:40:25 ubuntu kernel: [    0.000000] Detected VIPT I-cache on CPU0
Mar  1 18:40:25 ubuntu kernel: [    0.000000] CPU features: detected: GIC system register CPU interface
Mar  1 18:40:25 ubuntu systemd-networkd[2151]: enp125s0f2: Link is not managed by us
Mar  1 18:40:25 ubuntu kernel: [    0.000000] CPU features: detected: Virtualization Host Extensions
Mar  1 18:40:25 ubuntu systemd[1]: Starting Wait for Network to be Configured...
Mar  1 18:40:25 ubuntu systemd-networkd[2151]: br0: Link UP
Mar  1 18:40:25 ubuntu systemd-networkd[2151]: enp125s0f1: Link UP
Mar  1 18:40:25 ubuntu systemd[1]: Starting Network Name Resolution...
Mar  1 18:40:25 ubuntu systemd-resolved[2274]: Positive Trust Anchors:
Mar  1 18:40:25 ubuntu systemd-resolved[2274]: . IN DS 19036 8 2 49aac11d7b6f6446702e54a1607371607a1a41855200fd2ce1cdde32f24e8fb5
Mar  1 18:40:25 ubuntu systemd-resolved[2274]: . IN DS 20326 8 2 e06d44b80b8f1d39a95c0b0d7c65d08458e880409bbc683457104237c7f8ec8d
Mar  1 18:40:25 ubuntu systemd-resolved[2274]: Negative trust anchors: 10.in-addr.arpa 16.172.in-addr.arpa 17.172.in-addr.arpa 18.172.in-addr.arpa 19.172.in-addr.arpa 20.172.in-addr.arpa 21.172.in-addr.arpa 22.172.in-addr.arpa 23.172.in-addr.arpa 24.172.in-addr.arpa 25.172.in-addr.arpa 26.172.in-addr.arpa 27.172.in-addr.arpa 28.172.in-addr.arpa 29.172.in-addr.arpa 30.172.in-addr.arpa 31.172.in-addr.arpa 168.192.in-addr.arpa d.f.ip6.arpa corp home internal intranet lan local private test
Mar  1 18:40:25 ubuntu systemd-resolved[2274]: Using system hostname 'ubuntu'.
Mar  1 18:40:25 ubuntu systemd[1]: Started Network Name Resolution.
Mar  1 18:40:25 ubuntu systemd[1]: Reached target Host and Network Name Lookups.
Mar  1 18:40:25 ubuntu systemd-networkd[2151]: enp125s0f0: Link UP
Mar  1 18:40:25 ubuntu kernel: [    0.000000] CPU features: detected: Hardware dirty bit management
Mar  1 18:40:25 ubuntu apparmor[2034]:    ...done.
Mar  1 18:40:25 ubuntu kernel: [    0.000000] alternatives: patching kernel code
Mar  1 18:40:25 ubuntu kernel: [    0.000000] Built 4 zonelists, mobility grouping on.  Total pages: 32898000
Mar  1 18:40:25 ubuntu systemd[1]: Started AppArmor initialization.
Mar  1 18:40:25 ubuntu kernel: [    0.000000] Policy zone: Normal
Mar  1 18:40:25 ubuntu kernel: [    0.000000] Kernel command line: BOOT_IMAGE=/boot/vmlinuz-5.7.1 root=UUID=87f15ea3-75f7-4c9d-add6-30cc3fc19001 ro text
Mar  1 18:40:25 ubuntu systemd[1]: Starting Load AppArmor profiles managed internally by snapd...
Mar  1 18:40:25 ubuntu kernel: [    0.000000] printk: log_buf_len individual max cpu contribution: 4096 bytes
Mar  1 18:40:25 ubuntu kernel: [    0.000000] printk: log_buf_len total cpu_extra contributions: 389120 bytes
Mar  1 18:40:25 ubuntu kernel: [    0.000000] printk: log_buf_len min size: 262144 bytes
Mar  1 18:40:25 ubuntu kernel: [    0.000000] printk: log_buf_len: 1048576 bytes
Mar  1 18:40:25 ubuntu systemd[1]: Starting Raise network interfaces...
Mar  1 18:40:25 ubuntu kernel: [    0.000000] printk: early log buf free: 245796(93%)
Mar  1 18:40:25 ubuntu kernel: [    0.000000] mem auto-init: stack:off, heap alloc:on, heap free:off
Mar  1 18:40:25 ubuntu kernel: [    0.000000] software IO TLB: mapped [mem 0x3b030000-0x3f030000] (64MB)
Mar  1 18:40:25 ubuntu snapd-apparmor[2297]: find: ‘/var/lib/snapd/apparmor/profiles/’: No such file or directory
Mar  1 18:40:25 ubuntu kernel: [    0.000000] Memory: 130841812K/134213440K available (14204K kernel code, 2354K rwdata, 6868K rodata, 7040K init, 1132K bss, 3338860K reserved, 32768K cma-reserved)
Mar  1 18:40:25 ubuntu kernel: [    0.000000] random: get_random_u64 called from __kmem_cache_create+0x54/0x5d8 with crng_init=0
Mar  1 18:40:25 ubuntu systemd[1]: Started Load AppArmor profiles managed internally by snapd.
Mar  1 18:40:25 ubuntu kernel: [    0.000000] SLUB: HWalign=64, Order=0-3, MinObjects=0, CPUs=96, Nodes=4
Mar  1 18:40:25 ubuntu kernel: [    0.000000] ftrace: allocating 46107 entries in 181 pages
Mar  1 18:40:25 ubuntu kernel: [    0.000000] ftrace: allocated 181 pages with 5 groups
Mar  1 18:40:25 ubuntu systemd[1]: Reached target System Initialization.
Mar  1 18:40:25 ubuntu kernel: [    0.000000] rcu: Hierarchical RCU implementation.
Mar  1 18:40:25 ubuntu kernel: [    0.000000] rcu: 	RCU restricting CPUs from NR_CPUS=256 to nr_cpu_ids=96.
Mar  1 18:40:25 ubuntu kernel: [    0.000000] 	Tasks RCU enabled.
Mar  1 18:40:25 ubuntu systemd[1]: Starting Socket activation for snappy daemon.
Mar  1 18:40:25 ubuntu systemd[1]: Listening on CUPS Scheduler.
Mar  1 18:40:25 ubuntu kernel: [    0.000000] rcu: RCU calculated value of scheduler-enlistment delay is 25 jiffies.
Mar  1 18:40:25 ubuntu kernel: [    0.000000] rcu: Adjusting geometry for rcu_fanout_leaf=16, nr_cpu_ids=96
Mar  1 18:40:25 ubuntu kernel: [    0.000000] NR_IRQS: 64, nr_irqs: 64, preallocated irqs: 0
Mar  1 18:40:25 ubuntu kernel: [    0.000000] GICv3: GIC: Using split EOI/Deactivate mode
Mar  1 18:40:25 ubuntu kernel: [    0.000000] GICv3: 640 SPIs implemented
Mar  1 18:40:25 ubuntu systemd[1]: Listening on Virtual machine log manager socket.
Mar  1 18:40:25 ubuntu kernel: [    0.000000] GICv3: 0 Extended SPIs implemented
Mar  1 18:40:25 ubuntu systemd[1]: Listening on D-Bus System Message Bus Socket.
Mar  1 18:40:25 ubuntu kernel: [    0.000000] GICv3: Distributor has no Range Selector support
Mar  1 18:40:25 ubuntu systemd[1]: Listening on Virtual machine lock manager socket.
Mar  1 18:40:25 ubuntu kernel: [    0.000000] GICv3: 16 PPIs implemented
Mar  1 18:40:25 ubuntu kernel: [    0.000000] GICv3: GICv4 features: DirectLPI 
Mar  1 18:40:25 ubuntu kernel: [    0.000000] GICv3: CPU0: found redistributor 80000 region 0:0x00000000ae100000
Mar  1 18:40:25 ubuntu kernel: [    0.000000] SRAT: PXM 0 -> ITS 0 -> Node 0
Mar  1 18:40:25 ubuntu systemd[1]: Started Discard unused blocks once a week.
Mar  1 18:40:25 ubuntu kernel: [    0.000000] SRAT: PXM 2 -> ITS 1 -> Node 2
Mar  1 18:40:25 ubuntu kernel: [    0.000000] ITS [mem 0x202100000-0x20211ffff]
Mar  1 18:40:25 ubuntu systemd[1]: Started Message of the Day.
Mar  1 18:40:25 ubuntu kernel: [    0.000000] ITS@0x0000000202100000: Using ITS number 0
Mar  1 18:40:25 ubuntu kernel: [    0.000000] ITS@0x0000000202100000: allocated 65536 Devices @27ffb80000 (flat, esz 8, psz 16K, shr 1)
Mar  1 18:40:25 ubuntu kernel: [    0.000000] ITS@0x0000000202100000: allocated 65536 Virtual CPUs @27ff000000 (flat, esz 16, psz 4K, shr 1)
Mar  1 18:40:25 ubuntu kernel: [    0.000000] ITS@0x0000000202100000: allocated 256 Interrupt Collections @27ffb01000 (flat, esz 16, psz 4K, shr 1)
Mar  1 18:40:25 ubuntu systemd[1]: Started ACPI Events Check.
Mar  1 18:40:25 ubuntu kernel: [    0.000000] ITS [mem 0x200202100000-0x20020211ffff]
Mar  1 18:40:25 ubuntu kernel: [    0.000000] ITS@0x0000200202100000: Using ITS number 1
Mar  1 18:40:25 ubuntu systemd[1]: Started CUPS Scheduler.
Mar  1 18:40:25 ubuntu kernel: [    0.000000] ITS@0x0000200202100000: allocated 65536 Devices @2027ff880000 (flat, esz 8, psz 16K, shr 1)
Mar  1 18:40:25 ubuntu kernel: [    0.000000] ITS@0x0000200202100000: allocated 65536 Virtual CPUs @2027ff900000 (flat, esz 16, psz 4K, shr 1)
Mar  1 18:40:25 ubuntu kernel: [    0.000000] ITS@0x0000200202100000: allocated 256 Interrupt Collections @2027ff801000 (flat, esz 16, psz 4K, shr 1)
Mar  1 18:40:25 ubuntu kernel: [    0.000000] GICv3: using LPI property table @0x00000027ffb20000
Mar  1 18:40:25 ubuntu systemd[1]: Listening on UUID daemon activation socket.
Mar  1 18:40:25 ubuntu kernel: [    0.000000] ITS: Using DirectLPI for VPE invalidation
Mar  1 18:40:25 ubuntu kernel: [    0.000000] ITS: Enabling GICv4 support
Mar  1 18:40:25 ubuntu systemd[1]: Started Trigger anacron every hour.
Mar  1 18:40:25 ubuntu kernel: [    0.000000] GICv3: CPU0: using allocated LPI pending table @0x00000027ffb30000
Mar  1 18:40:25 ubuntu kernel: [    0.000000] arch_timer: cp15 timer(s) running at 100.00MHz (phys).
Mar  1 18:40:25 ubuntu kernel: [    0.000000] clocksource: arch_sys_counter: mask: 0xffffffffffffff max_cycles: 0x171024e7e0, max_idle_ns: 440795205315 ns
Mar  1 18:40:25 ubuntu kernel: [    0.000001] sched_clock: 56 bits at 100MHz, resolution 10ns, wraps every 4398046511100ns
Mar  1 18:40:25 ubuntu kernel: [    0.000112] Console: colour dummy device 80x25
Mar  1 18:40:25 ubuntu systemd[1]: Started Daily Cleanup of Temporary Directories.
Mar  1 18:40:25 ubuntu kernel: [    0.000436] printk: console [tty0] enabled
Mar  1 18:40:25 ubuntu kernel: [    0.000499] mempolicy: Enabling automatic NUMA balancing. Configure with numa_balancing= or the kernel.numa_balancing sysctl
Mar  1 18:40:25 ubuntu kernel: [    0.000514] ACPI: Core revision 20200326
Mar  1 18:40:25 ubuntu systemd[1]: Listening on ACPID Listen Socket.
Mar  1 18:40:25 ubuntu kernel: [    0.000712] Calibrating delay loop (skipped), value calculated using timer frequency.. 200.00 BogoMIPS (lpj=400000)
Mar  1 18:40:25 ubuntu kernel: [    0.000717] pid_max: default: 98304 minimum: 768
Mar  1 18:40:25 ubuntu kernel: [    0.000793] LSM: Security Framework initializing
Mar  1 18:40:25 ubuntu kernel: [    0.000799] Yama: becoming mindful.
Mar  1 18:40:25 ubuntu systemd[1]: Started Daily apt download activities.
Mar  1 18:40:25 ubuntu kernel: [    0.000832] AppArmor: AppArmor initialized
Mar  1 18:40:25 ubuntu systemd[1]: Started Daily apt upgrade and clean activities.
Mar  1 18:40:25 ubuntu kernel: [    0.015629] Dentry cache hash table entries: 8388608 (order: 14, 67108864 bytes, vmalloc)
Mar  1 18:40:25 ubuntu kernel: [    0.022947] Inode-cache hash table entries: 4194304 (order: 13, 33554432 bytes, vmalloc)
Mar  1 18:40:25 ubuntu kernel: [    0.023219] Mount-cache hash table entries: 131072 (order: 8, 1048576 bytes, vmalloc)
Mar  1 18:40:25 ubuntu kernel: [    0.023456] Mountpoint-cache hash table entries: 131072 (order: 8, 1048576 bytes, vmalloc)
Mar  1 18:40:25 ubuntu kernel: [    0.025846] rcu: Hierarchical SRCU implementation.
Mar  1 18:40:25 ubuntu kernel: [    0.026295] Platform MSI: ITS@0x202100000 domain created
Mar  1 18:40:25 ubuntu systemd[1]: Listening on Avahi mDNS/DNS-SD Stack Activation Socket.
Mar  1 18:40:25 ubuntu kernel: [    0.026299] Platform MSI: ITS@0x200202100000 domain created
Mar  1 18:40:25 ubuntu kernel: [    0.026305] PCI/MSI: ITS@0x202100000 domain created
Mar  1 18:40:25 ubuntu systemd[1]: Reached target Paths.
Mar  1 18:40:25 ubuntu kernel: [    0.026308] PCI/MSI: ITS@0x200202100000 domain created
Mar  1 18:40:25 ubuntu kernel: [    0.026321] Remapping and enabling EFI services.
Mar  1 18:40:25 ubuntu kernel: [    0.026526] efi: memattr: Entry attributes invalid: RO and XP bits both cleared
Mar  1 18:40:25 ubuntu systemd[1]: Reached target Timers.
Mar  1 18:40:25 ubuntu kernel: [    0.026530] efi: memattr: ! 0x000000000000-0x00000000ffff [Runtime Code       |RUN|  |  |  |  |  |  |  |   |  |  |  |  ]
Mar  1 18:40:25 ubuntu kernel: [    0.027679] smp: Bringing up secondary CPUs ...
Mar  1 18:40:25 ubuntu systemd[1]: Listening on Open-iSCSI iscsid Socket.
Mar  1 18:40:25 ubuntu kernel: [    0.057515] Detected VIPT I-cache on CPU1
Mar  1 18:40:25 ubuntu kernel: [    0.057521] GICv3: CPU1: found redistributor 80100 region 1:0x00000000ae140000
Mar  1 18:40:25 ubuntu kernel: [    0.057536] GICv3: CPU1: using allocated LPI pending table @0x00000027ffb40000
Mar  1 18:40:25 ubuntu kernel: [    0.057572] CPU1: Booted secondary processor 0x0000080100 [0x481fd010]
Mar  1 18:40:25 ubuntu kernel: [    0.090059] Detected VIPT I-cache on CPU2
Mar  1 18:40:25 ubuntu kernel: [    0.090063] GICv3: CPU2: found redistributor 80200 region 2:0x00000000ae180000
Mar  1 18:40:25 ubuntu systemd[1]: Starting LXD - unix socket.
Mar  1 18:40:25 ubuntu kernel: [    0.090074] GICv3: CPU2: using allocated LPI pending table @0x00000027ffb50000
Mar  1 18:40:25 ubuntu kernel: [    0.090105] CPU2: Booted secondary processor 0x0000080200 [0x481fd010]
Mar  1 18:40:25 ubuntu kernel: [    0.122608] Detected VIPT I-cache on CPU3
Mar  1 18:40:25 ubuntu kernel: [    0.122612] GICv3: CPU3: found redistributor 80300 region 3:0x00000000ae1c0000
Mar  1 18:40:25 ubuntu kernel: [    0.122625] GICv3: CPU3: using allocated LPI pending table @0x00000027ffb60000
Mar  1 18:40:25 ubuntu kernel: [    0.122656] CPU3: Booted secondary processor 0x0000080300 [0x481fd010]
Mar  1 18:40:25 ubuntu systemd[1]: Listening on Socket activation for snappy daemon.
Mar  1 18:40:25 ubuntu kernel: [    0.155339] Detected VIPT I-cache on CPU4
Mar  1 18:40:25 ubuntu kernel: [    0.155347] GICv3: CPU4: found redistributor 90000 region 4:0x00000000ae200000
Mar  1 18:40:25 ubuntu kernel: [    0.155368] GICv3: CPU4: using allocated LPI pending table @0x00000027ffb70000
Mar  1 18:40:25 ubuntu kernel: [    0.155405] CPU4: Booted secondary processor 0x0000090000 [0x481fd010]
Mar  1 18:40:25 ubuntu kernel: [    0.188056] Detected VIPT I-cache on CPU5
Mar  1 18:40:25 ubuntu systemd[1]: Listening on LXD - unix socket.
Mar  1 18:40:25 ubuntu kernel: [    0.188061] GICv3: CPU5: found redistributor 90100 region 5:0x00000000ae240000
Mar  1 18:40:25 ubuntu kernel: [    0.188075] GICv3: CPU5: using allocated LPI pending table @0x00000027ff100000
Mar  1 18:40:25 ubuntu kernel: [    0.188107] CPU5: Booted secondary processor 0x0000090100 [0x481fd010]
Mar  1 18:40:25 ubuntu kernel: [    0.220780] Detected VIPT I-cache on CPU6
Mar  1 18:40:25 ubuntu kernel: [    0.220785] GICv3: CPU6: found redistributor 90200 region 6:0x00000000ae280000
Mar  1 18:40:25 ubuntu systemd[1]: Reached target Sockets.
Mar  1 18:40:25 ubuntu kernel: [    0.220797] GICv3: CPU6: using allocated LPI pending table @0x00000027ff110000
Mar  1 18:40:25 ubuntu kernel: [    0.220829] CPU6: Booted secondary processor 0x0000090200 [0x481fd010]
Mar  1 18:40:25 ubuntu kernel: [    0.253503] Detected VIPT I-cache on CPU7
Mar  1 18:40:25 ubuntu systemd[1]: Reached target Basic System.
Mar  1 18:40:25 ubuntu kernel: [    0.253508] GICv3: CPU7: found redistributor 90300 region 7:0x00000000ae2c0000
Mar  1 18:40:25 ubuntu kernel: [    0.253521] GICv3: CPU7: using allocated LPI pending table @0x00000027ff120000
Mar  1 18:40:25 ubuntu kernel: [    0.253553] CPU7: Booted secondary processor 0x0000090300 [0x481fd010]
Mar  1 18:40:25 ubuntu kernel: [    0.286404] Detected VIPT I-cache on CPU8
Mar  1 18:40:25 ubuntu kernel: [    0.286411] GICv3: CPU8: found redistributor a0000 region 8:0x00000000ae300000
Mar  1 18:40:25 ubuntu systemd[1]: Started Run anacron jobs.
Mar  1 18:40:25 ubuntu kernel: [    0.286428] GICv3: CPU8: using allocated LPI pending table @0x00000027ff130000
Mar  1 18:40:25 ubuntu kernel: [    0.286463] CPU8: Booted secondary processor 0x00000a0000 [0x481fd010]
Mar  1 18:40:25 ubuntu anacron[2351]: Anacron 2.3 started on 2021-03-01
Mar  1 18:40:25 ubuntu kernel: [    0.319298] Detected VIPT I-cache on CPU9
Mar  1 18:40:25 ubuntu kernel: [    0.319304] GICv3: CPU9: found redistributor a0100 region 9:0x00000000ae340000
Mar  1 18:40:25 ubuntu kernel: [    0.319316] GICv3: CPU9: using allocated LPI pending table @0x00000027ff140000
Mar  1 18:40:25 ubuntu systemd[1]: Starting Login Service...
Mar  1 18:40:25 ubuntu kernel: [    0.319346] CPU9: Booted secondary processor 0x00000a0100 [0x481fd010]
Mar  1 18:40:25 ubuntu kernel: [    0.352195] Detected VIPT I-cache on CPU10
Mar  1 18:40:25 ubuntu systemd[1]: Starting Accounts Service...
Mar  1 18:40:25 ubuntu systemd[1]: Starting Avahi mDNS/DNS-SD Stack...
Mar  1 18:40:25 ubuntu systemd[1]: Starting LXD - container startup/shutdown...
Mar  1 18:40:25 ubuntu systemd[1]: Starting Restore /etc/resolv.conf if the system crashed before the ppp link was shut down...
Mar  1 18:40:25 ubuntu anacron[2351]: Normal exit (0 jobs run)
Mar  1 18:40:25 ubuntu systemd[1]: Starting Dispatcher daemon for systemd-networkd...
Mar  1 18:40:25 ubuntu systemd[1]: Started irqbalance daemon.
Mar  1 18:40:25 ubuntu systemd[1]: Started D-Bus System Message Bus.
Mar  1 18:40:25 ubuntu /usr/sbin/irqbalance: IRQ 0(1) guessed as class 0
Mar  1 18:40:25 ubuntu /usr/sbin/irqbalance: IRQ 0(2) guessed as class 0
Mar  1 18:40:25 ubuntu kernel: [    0.352201] GICv3: CPU10: found redistributor a0200 region 10:0x00000000ae380000
Mar  1 18:40:25 ubuntu kernel: [    0.352214] GICv3: CPU10: using allocated LPI pending table @0x00000027ff150000
Mar  1 18:40:25 ubuntu /usr/sbin/irqbalance: IRQ 0(3) guessed as class 0
Mar  1 18:40:25 ubuntu kernel: [    0.352246] CPU10: Booted secondary processor 0x00000a0200 [0x481fd010]
Mar  1 18:40:25 ubuntu /usr/sbin/irqbalance: IRQ 400(4) guessed as class 0
Mar  1 18:40:25 ubuntu kernel: [    0.385092] Detected VIPT I-cache on CPU11
Mar  1 18:40:25 ubuntu kernel: [    0.385098] GICv3: CPU11: found redistributor a0300 region 11:0x00000000ae3c0000
Mar  1 18:40:25 ubuntu kernel: [    0.385111] GICv3: CPU11: using allocated LPI pending table @0x00000027ff160000
Mar  1 18:40:25 ubuntu /usr/sbin/irqbalance: IRQ 0(9) guessed as class 0
Mar  1 18:40:25 ubuntu kernel: [    0.385143] CPU11: Booted secondary processor 0x00000a0300 [0x481fd010]
Mar  1 18:40:25 ubuntu /usr/sbin/irqbalance: IRQ 0(10) guessed as class 0
Mar  1 18:40:25 ubuntu kernel: [    0.418167] Detected VIPT I-cache on CPU12
Mar  1 18:40:25 ubuntu /usr/sbin/irqbalance: IRQ 0(14) guessed as class 0
Mar  1 18:40:25 ubuntu kernel: [    0.418175] GICv3: CPU12: found redistributor b0000 region 12:0x00000000ae400000
Mar  1 18:40:25 ubuntu kernel: [    0.418193] GICv3: CPU12: using allocated LPI pending table @0x00000027ff170000
Mar  1 18:40:25 ubuntu /usr/sbin/irqbalance: IRQ 0(15) guessed as class 0
Mar  1 18:40:25 ubuntu kernel: [    0.418227] CPU12: Booted secondary processor 0x00000b0000 [0x481fd010]
Mar  1 18:40:25 ubuntu kernel: [    0.451234] Detected VIPT I-cache on CPU13
Mar  1 18:40:25 ubuntu kernel: [    0.451240] GICv3: CPU13: found redistributor b0100 region 13:0x00000000ae440000
Mar  1 18:40:25 ubuntu kernel: [    0.451253] GICv3: CPU13: using allocated LPI pending table @0x00000027ff180000
Mar  1 18:40:25 ubuntu /usr/sbin/irqbalance: IRQ 0(16) guessed as class 0
Mar  1 18:40:25 ubuntu kernel: [    0.451285] CPU13: Booted secondary processor 0x00000b0100 [0x481fd010]
Mar  1 18:40:25 ubuntu /usr/sbin/irqbalance: IRQ 0(17) guessed as class 0
Mar  1 18:40:25 ubuntu kernel: [    0.484305] Detected VIPT I-cache on CPU14
Mar  1 18:40:25 ubuntu kernel: [    0.484311] GICv3: CPU14: found redistributor b0200 region 14:0x00000000ae480000
Mar  1 18:40:25 ubuntu kernel: [    0.484324] GICv3: CPU14: using allocated LPI pending table @0x00000027ff190000
Mar  1 18:40:25 ubuntu /usr/sbin/irqbalance: IRQ 0(19) guessed as class 0
Mar  1 18:40:25 ubuntu kernel: [    0.484356] CPU14: Booted secondary processor 0x00000b0200 [0x481fd010]
Mar  1 18:40:25 ubuntu kernel: [    0.517376] Detected VIPT I-cache on CPU15
Mar  1 18:40:25 ubuntu kernel: [    0.517382] GICv3: CPU15: found redistributor b0300 region 15:0x00000000ae4c0000
Mar  1 18:40:25 ubuntu /usr/sbin/irqbalance: IRQ 0(20) guessed as class 0
Mar  1 18:40:25 ubuntu kernel: [    0.517397] GICv3: CPU15: using allocated LPI pending table @0x00000027ff1a0000
Mar  1 18:40:25 ubuntu /usr/sbin/irqbalance: IRQ 0(21) guessed as class 0
Mar  1 18:40:25 ubuntu kernel: [    0.517429] CPU15: Booted secondary processor 0x00000b0300 [0x481fd010]
Mar  1 18:40:25 ubuntu kernel: [    0.549930] Detected VIPT I-cache on CPU16
Mar  1 18:40:25 ubuntu kernel: [    0.549939] GICv3: CPU16: found redistributor c0000 region 16:0x00000000ae500000
Mar  1 18:40:25 ubuntu /usr/sbin/irqbalance: IRQ 0(22) guessed as class 0
Mar  1 18:40:25 ubuntu kernel: [    0.549958] GICv3: CPU16: using allocated LPI pending table @0x00000027ff1b0000
Mar  1 18:40:25 ubuntu kernel: [    0.549994] CPU16: Booted secondary processor 0x00000c0000 [0x481fd010]
Mar  1 18:40:25 ubuntu kernel: [    0.582476] Detected VIPT I-cache on CPU17
Mar  1 18:40:25 ubuntu /usr/sbin/irqbalance: IRQ 0(23) guessed as class 0
Mar  1 18:40:25 ubuntu kernel: [    0.582483] GICv3: CPU17: found redistributor c0100 region 17:0x00000000ae540000
Mar  1 18:40:25 ubuntu kernel: [    0.582496] GICv3: CPU17: using allocated LPI pending table @0x00000027ff1c0000
Mar  1 18:40:25 ubuntu kernel: [    0.582528] CPU17: Booted secondary processor 0x00000c0100 [0x481fd010]
Mar  1 18:40:25 ubuntu kernel: [    0.615026] Detected VIPT I-cache on CPU18
Mar  1 18:40:25 ubuntu /usr/sbin/irqbalance: IRQ 0(24) guessed as class 0
Mar  1 18:40:25 ubuntu kernel: [    0.615032] GICv3: CPU18: found redistributor c0200 region 18:0x00000000ae580000
Mar  1 18:40:25 ubuntu kernel: [    0.615046] GICv3: CPU18: using allocated LPI pending table @0x00000027ff1d0000
Mar  1 18:40:25 ubuntu kernel: [    0.615078] CPU18: Booted secondary processor 0x00000c0200 [0x481fd010]
Mar  1 18:40:25 ubuntu /usr/sbin/irqbalance: IRQ 0(25) guessed as class 0
Mar  1 18:40:25 ubuntu kernel: [    0.647576] Detected VIPT I-cache on CPU19
Mar  1 18:40:25 ubuntu kernel: [    0.647582] GICv3: CPU19: found redistributor c0300 region 19:0x00000000ae5c0000
Mar  1 18:40:25 ubuntu kernel: [    0.647596] GICv3: CPU19: using allocated LPI pending table @0x00000027ff1e0000
Mar  1 18:40:25 ubuntu /usr/sbin/irqbalance: IRQ 0(26) guessed as class 0
Mar  1 18:40:25 ubuntu kernel: [    0.647628] CPU19: Booted secondary processor 0x00000c0300 [0x481fd010]
Mar  1 18:40:25 ubuntu kernel: [    0.680303] Detected VIPT I-cache on CPU20
Mar  1 18:40:25 ubuntu kernel: [    0.680313] GICv3: CPU20: found redistributor d0000 region 20:0x00000000ae600000
Mar  1 18:40:25 ubuntu /usr/sbin/irqbalance: IRQ 0(27) guessed as class 0
Mar  1 18:40:25 ubuntu kernel: [    0.680332] GICv3: CPU20: using allocated LPI pending table @0x00000027ff1f0000
Mar  1 18:40:25 ubuntu /usr/sbin/irqbalance: IRQ 0(28) guessed as class 0
Mar  1 18:40:25 ubuntu kernel: [    0.680368] CPU20: Booted secondary processor 0x00000d0000 [0x481fd010]
Mar  1 18:40:25 ubuntu kernel: [    0.713023] Detected VIPT I-cache on CPU21
Mar  1 18:40:25 ubuntu kernel: [    0.713030] GICv3: CPU21: found redistributor d0100 region 21:0x00000000ae640000
Mar  1 18:40:25 ubuntu /usr/sbin/irqbalance: IRQ 0(29) guessed as class 0
Mar  1 18:40:25 ubuntu kernel: [    0.713044] GICv3: CPU21: using allocated LPI pending table @0x00000027ff200000
Mar  1 18:40:25 ubuntu kernel: [    0.713077] CPU21: Booted secondary processor 0x00000d0100 [0x481fd010]
Mar  1 18:40:25 ubuntu kernel: [    0.745746] Detected VIPT I-cache on CPU22
Mar  1 18:40:25 ubuntu /usr/sbin/irqbalance: IRQ 0(30) guessed as class 0
Mar  1 18:40:25 ubuntu kernel: [    0.745753] GICv3: CPU22: found redistributor d0200 region 22:0x00000000ae680000
Mar  1 18:40:25 ubuntu kernel: [    0.745767] GICv3: CPU22: using allocated LPI pending table @0x00000027ff210000
Mar  1 18:40:25 ubuntu kernel: [    0.745797] CPU22: Booted secondary processor 0x00000d0200 [0x481fd010]
Mar  1 18:40:25 ubuntu kernel: [    0.778470] Detected VIPT I-cache on CPU23
Mar  1 18:40:25 ubuntu /usr/sbin/irqbalance: IRQ 0(31) guessed as class 0
Mar  1 18:40:25 ubuntu kernel: [    0.778477] GICv3: CPU23: found redistributor d0300 region 23:0x00000000ae6c0000
Mar  1 18:40:25 ubuntu kernel: [    0.778492] GICv3: CPU23: using allocated LPI pending table @0x00000027ff220000
Mar  1 18:40:25 ubuntu /usr/sbin/irqbalance: IRQ 0(32) guessed as class 0
Mar  1 18:40:25 ubuntu kernel: [    0.778523] CPU23: Booted secondary processor 0x00000d0300 [0x481fd010]
Mar  1 18:40:25 ubuntu kernel: [    0.811035] Detected VIPT I-cache on CPU24
Mar  1 18:40:25 ubuntu kernel: [    0.811051] GICv3: CPU24: found redistributor 180000 region 24:0x00000000aa100000
Mar  1 18:40:25 ubuntu kernel: [    0.811098] GICv3: CPU24: using allocated LPI pending table @0x00000027ff230000
Mar  1 18:40:25 ubuntu /usr/sbin/irqbalance: IRQ 0(33) guessed as class 0
Mar  1 18:40:25 ubuntu kernel: [    0.811145] CPU24: Booted secondary processor 0x0000180000 [0x481fd010]
Mar  1 18:40:25 ubuntu kernel: [    0.843572] Detected VIPT I-cache on CPU25
Mar  1 18:40:25 ubuntu kernel: [    0.843582] GICv3: CPU25: found redistributor 180100 region 25:0x00000000aa140000
Mar  1 18:40:25 ubuntu /usr/sbin/irqbalance: IRQ 0(34) guessed as class 0
Mar  1 18:40:25 ubuntu kernel: [    0.843596] GICv3: CPU25: using allocated LPI pending table @0x00000027ff240000
Mar  1 18:40:25 ubuntu kernel: [    0.843634] CPU25: Booted secondary processor 0x0000180100 [0x481fd010]
Mar  1 18:40:25 ubuntu kernel: [    0.876121] Detected VIPT I-cache on CPU26
Mar  1 18:40:25 ubuntu /usr/sbin/irqbalance: IRQ 0(35) guessed as class 0
Mar  1 18:40:25 ubuntu kernel: [    0.876131] GICv3: CPU26: found redistributor 180200 region 26:0x00000000aa180000
Mar  1 18:40:25 ubuntu kernel: [    0.876146] GICv3: CPU26: using allocated LPI pending table @0x00000027ff250000
Mar  1 18:40:25 ubuntu kernel: [    0.876183] CPU26: Booted secondary processor 0x0000180200 [0x481fd010]
Mar  1 18:40:25 ubuntu kernel: [    0.908672] Detected VIPT I-cache on CPU27
Mar  1 18:40:25 ubuntu /usr/sbin/irqbalance: IRQ 0(36) guessed as class 0
Mar  1 18:40:25 ubuntu kernel: [    0.908682] GICv3: CPU27: found redistributor 180300 region 27:0x00000000aa1c0000
Mar  1 18:40:25 ubuntu kernel: [    0.908696] GICv3: CPU27: using allocated LPI pending table @0x00000027ff260000
Mar  1 18:40:25 ubuntu kernel: [    0.908734] CPU27: Booted secondary processor 0x0000180300 [0x481fd010]
Mar  1 18:40:25 ubuntu /usr/sbin/irqbalance: IRQ 0(37) guessed as class 0
Mar  1 18:40:25 ubuntu kernel: [    0.941403] Detected VIPT I-cache on CPU28
Mar  1 18:40:25 ubuntu kernel: [    0.941417] GICv3: CPU28: found redistributor 190000 region 28:0x00000000aa200000
Mar  1 18:40:25 ubuntu kernel: [    0.941444] GICv3: CPU28: using allocated LPI pending table @0x00000027ff270000
Mar  1 18:40:25 ubuntu /usr/sbin/irqbalance: IRQ 0(38) guessed as class 0
Mar  1 18:40:25 ubuntu kernel: [    0.941490] CPU28: Booted secondary processor 0x0000190000 [0x481fd010]
Mar  1 18:40:25 ubuntu kernel: [    0.974119] Detected VIPT I-cache on CPU29
Mar  1 18:40:25 ubuntu kernel: [    0.974130] GICv3: CPU29: found redistributor 190100 region 29:0x00000000aa240000
Mar  1 18:40:25 ubuntu /usr/sbin/irqbalance: IRQ 0(39) guessed as class 0
Mar  1 18:40:25 ubuntu kernel: [    0.974146] GICv3: CPU29: using allocated LPI pending table @0x00000027ff280000
Mar  1 18:40:25 ubuntu kernel: [    0.974183] CPU29: Booted secondary processor 0x0000190100 [0x481fd010]
Mar  1 18:40:25 ubuntu kernel: [    1.006843] Detected VIPT I-cache on CPU30
Mar  1 18:40:25 ubuntu kernel: [    1.006853] GICv3: CPU30: found redistributor 190200 region 30:0x00000000aa280000
Mar  1 18:40:25 ubuntu /usr/sbin/irqbalance: IRQ 0(40) guessed as class 0
Mar  1 18:40:25 ubuntu kernel: [    1.006875] GICv3: CPU30: using allocated LPI pending table @0x00000027ff290000
Mar  1 18:40:25 ubuntu kernel: [    1.006913] CPU30: Booted secondary processor 0x0000190200 [0x481fd010]
Mar  1 18:40:25 ubuntu /usr/sbin/irqbalance: IRQ 0(41) guessed as class 0
Mar  1 18:40:25 ubuntu kernel: [    1.039567] Detected VIPT I-cache on CPU31
Mar  1 18:40:25 ubuntu kernel: [    1.039577] GICv3: CPU31: found redistributor 190300 region 31:0x00000000aa2c0000
Mar  1 18:40:25 ubuntu kernel: [    1.039596] GICv3: CPU31: using allocated LPI pending table @0x00000027ff2a0000
Mar  1 18:40:25 ubuntu kernel: [    1.039634] CPU31: Booted secondary processor 0x0000190300 [0x481fd010]
Mar  1 18:40:25 ubuntu /usr/sbin/irqbalance: IRQ 0(42) guessed as class 0
Mar  1 18:40:25 ubuntu kernel: [    1.072469] Detected VIPT I-cache on CPU32
Mar  1 18:40:25 ubuntu kernel: [    1.072483] GICv3: CPU32: found redistributor 1a0000 region 32:0x00000000aa300000
Mar  1 18:40:25 ubuntu kernel: [    1.072508] GICv3: CPU32: using allocated LPI pending table @0x00000027ff2b0000
Mar  1 18:40:25 ubuntu kernel: [    1.072551] CPU32: Booted secondary processor 0x00001a0000 [0x481fd010]
Mar  1 18:40:25 ubuntu kernel: [    1.105361] Detected VIPT I-cache on CPU33
Mar  1 18:40:25 ubuntu /usr/sbin/irqbalance: IRQ 0(43) guessed as class 0
Mar  1 18:40:25 ubuntu kernel: [    1.105373] GICv3: CPU33: found redistributor 1a0100 region 33:0x00000000aa340000
Mar  1 18:40:25 ubuntu kernel: [    1.105388] GICv3: CPU33: using allocated LPI pending table @0x00000027ff2c0000
Mar  1 18:40:25 ubuntu /usr/sbin/irqbalance: IRQ 0(44) guessed as class 0
Mar  1 18:40:25 ubuntu kernel: [    1.105427] CPU33: Booted secondary processor 0x00001a0100 [0x481fd010]
Mar  1 18:40:25 ubuntu kernel: [    1.138259] Detected VIPT I-cache on CPU34
Mar  1 18:40:25 ubuntu kernel: [    1.138270] GICv3: CPU34: found redistributor 1a0200 region 34:0x00000000aa380000
Mar  1 18:40:25 ubuntu kernel: [    1.138285] GICv3: CPU34: using allocated LPI pending table @0x00000027ff2d0000
Mar  1 18:40:25 ubuntu /usr/sbin/irqbalance: IRQ 0(45) guessed as class 0
Mar  1 18:40:25 ubuntu kernel: [    1.138324] CPU34: Booted secondary processor 0x00001a0200 [0x481fd010]
Mar  1 18:40:25 ubuntu kernel: [    1.171155] Detected VIPT I-cache on CPU35
Mar  1 18:40:25 ubuntu /usr/sbin/irqbalance: IRQ 0(46) guessed as class 0
Mar  1 18:40:25 ubuntu kernel: [    1.171167] GICv3: CPU35: found redistributor 1a0300 region 35:0x00000000aa3c0000
Mar  1 18:40:25 ubuntu kernel: [    1.171182] GICv3: CPU35: using allocated LPI pending table @0x00000027ff2e0000
Mar  1 18:40:25 ubuntu kernel: [    1.171221] CPU35: Booted secondary processor 0x00001a0300 [0x481fd010]
Mar  1 18:40:25 ubuntu kernel: [    1.204231] Detected VIPT I-cache on CPU36
Mar  1 18:40:25 ubuntu /usr/sbin/irqbalance: IRQ 0(47) guessed as class 0
Mar  1 18:40:25 ubuntu kernel: [    1.204246] GICv3: CPU36: found redistributor 1b0000 region 36:0x00000000aa400000
Mar  1 18:40:25 ubuntu kernel: [    1.204270] GICv3: CPU36: using allocated LPI pending table @0x00000027ff2f0000
Mar  1 18:40:25 ubuntu kernel: [    1.204314] CPU36: Booted secondary processor 0x00001b0000 [0x481fd010]
Mar  1 18:40:25 ubuntu /usr/sbin/irqbalance: IRQ 0(48) guessed as class 0
Mar  1 18:40:25 ubuntu /usr/sbin/irqbalance: IRQ 0(49) guessed as class 0
Mar  1 18:40:25 ubuntu /usr/sbin/irqbalance: IRQ 0(50) guessed as class 0
Mar  1 18:40:25 ubuntu /usr/sbin/irqbalance: IRQ 0(51) guessed as class 0
Mar  1 18:40:25 ubuntu /usr/sbin/irqbalance: IRQ 0(52) guessed as class 0
Mar  1 18:40:25 ubuntu /usr/sbin/irqbalance: IRQ 0(53) guessed as class 0
Mar  1 18:40:25 ubuntu /usr/sbin/irqbalance: IRQ 0(54) guessed as class 0
Mar  1 18:40:25 ubuntu /usr/sbin/irqbalance: IRQ 0(55) guessed as class 0
Mar  1 18:40:25 ubuntu /usr/sbin/irqbalance: IRQ 0(56) guessed as class 0
Mar  1 18:40:25 ubuntu /usr/sbin/irqbalance: IRQ 0(57) guessed as class 0
Mar  1 18:40:25 ubuntu /usr/sbin/irqbalance: IRQ 0(58) guessed as class 0
Mar  1 18:40:25 ubuntu /usr/sbin/irqbalance: IRQ 0(59) guessed as class 0
Mar  1 18:40:25 ubuntu /usr/sbin/irqbalance: IRQ 0(60) guessed as class 0
Mar  1 18:40:25 ubuntu kernel: [    1.237297] Detected VIPT I-cache on CPU37
Mar  1 18:40:25 ubuntu kernel: [    1.237309] GICv3: CPU37: found redistributor 1b0100 region 37:0x00000000aa440000
Mar  1 18:40:25 ubuntu kernel: [    1.237325] GICv3: CPU37: using allocated LPI pending table @0x00000027ff300000
Mar  1 18:40:25 ubuntu kernel: [    1.237364] CPU37: Booted secondary processor 0x00001b0100 [0x481fd010]
Mar  1 18:40:25 ubuntu /usr/sbin/irqbalance: IRQ 0(61) guessed as class 0
Mar  1 18:40:25 ubuntu kernel: [    1.270368] Detected VIPT I-cache on CPU38
Mar  1 18:40:25 ubuntu kernel: [    1.270380] GICv3: CPU38: found redistributor 1b0200 region 38:0x00000000aa480000
Mar  1 18:40:25 ubuntu kernel: [    1.270399] GICv3: CPU38: using allocated LPI pending table @0x00000027ff310000
Mar  1 18:40:25 ubuntu /usr/sbin/irqbalance: IRQ 0(62) guessed as class 0
Mar  1 18:40:25 ubuntu kernel: [    1.270436] CPU38: Booted secondary processor 0x00001b0200 [0x481fd010]
Mar  1 18:40:25 ubuntu kernel: [    1.303438] Detected VIPT I-cache on CPU39
Mar  1 18:40:25 ubuntu /usr/sbin/irqbalance: IRQ 0(63) guessed as class 0
Mar  1 18:40:25 ubuntu kernel: [    1.303450] GICv3: CPU39: found redistributor 1b0300 region 39:0x00000000aa4c0000
Mar  1 18:40:25 ubuntu kernel: [    1.303471] GICv3: CPU39: using allocated LPI pending table @0x00000027ff320000
Mar  1 18:40:25 ubuntu kernel: [    1.303510] CPU39: Booted secondary processor 0x00001b0300 [0x481fd010]
Mar  1 18:40:25 ubuntu /usr/sbin/irqbalance: IRQ 0(64) guessed as class 0
Mar  1 18:40:25 ubuntu kernel: [    1.335994] Detected VIPT I-cache on CPU40
Mar  1 18:40:25 ubuntu /usr/sbin/irqbalance: IRQ 0(65) guessed as class 0
Mar  1 18:40:25 ubuntu kernel: [    1.336008] GICv3: CPU40: found redistributor 1c0000 region 40:0x00000000aa500000
Mar  1 18:40:25 ubuntu /usr/sbin/irqbalance: IRQ 0(66) guessed as class 0
Mar  1 18:40:25 ubuntu kernel: [    1.336035] GICv3: CPU40: using allocated LPI pending table @0x00000027ff330000
Mar  1 18:40:25 ubuntu /usr/sbin/irqbalance: IRQ 0(67) guessed as class 0
Mar  1 18:40:25 ubuntu kernel: [    1.336078] CPU40: Booted secondary processor 0x00001c0000 [0x481fd010]
Mar  1 18:40:25 ubuntu kernel: [    1.368539] Detected VIPT I-cache on CPU41
Mar  1 18:40:25 ubuntu kernel: [    1.368550] GICv3: CPU41: found redistributor 1c0100 region 41:0x00000000aa540000
Mar  1 18:40:25 ubuntu /usr/sbin/irqbalance: IRQ 0(68) guessed as class 0
Mar  1 18:40:25 ubuntu kernel: [    1.368570] GICv3: CPU41: using allocated LPI pending table @0x00000027ff340000
Mar  1 18:40:25 ubuntu /usr/sbin/irqbalance: IRQ 0(69) guessed as class 0
Mar  1 18:40:25 ubuntu kernel: [    1.368609] CPU41: Booted secondary processor 0x00001c0100 [0x481fd010]
Mar  1 18:40:25 ubuntu /usr/sbin/irqbalance: IRQ 0(70) guessed as class 0
Mar  1 18:40:25 ubuntu kernel: [    1.401089] Detected VIPT I-cache on CPU42
Mar  1 18:40:25 ubuntu kernel: [    1.401100] GICv3: CPU42: found redistributor 1c0200 region 42:0x00000000aa580000
Mar  1 18:40:25 ubuntu kernel: [    1.401121] GICv3: CPU42: using allocated LPI pending table @0x00000027ff350000
Mar  1 18:40:25 ubuntu kernel: [    1.401160] CPU42: Booted secondary processor 0x00001c0200 [0x481fd010]
Mar  1 18:40:25 ubuntu /usr/sbin/irqbalance: IRQ 0(71) guessed as class 0
Mar  1 18:40:25 ubuntu kernel: [    1.433639] Detected VIPT I-cache on CPU43
Mar  1 18:40:25 ubuntu kernel: [    1.433650] GICv3: CPU43: found redistributor 1c0300 region 43:0x00000000aa5c0000
Mar  1 18:40:25 ubuntu /usr/sbin/irqbalance: IRQ 0(72) guessed as class 0
Mar  1 18:40:25 ubuntu kernel: [    1.433669] GICv3: CPU43: using allocated LPI pending table @0x00000027ff360000
Mar  1 18:40:25 ubuntu kernel: [    1.433707] CPU43: Booted secondary processor 0x00001c0300 [0x481fd010]
Mar  1 18:40:25 ubuntu kernel: [    1.466368] Detected VIPT I-cache on CPU44
Mar  1 18:40:25 ubuntu /usr/sbin/irqbalance: IRQ 0(73) guessed as class 0
Mar  1 18:40:25 ubuntu kernel: [    1.466382] GICv3: CPU44: found redistributor 1d0000 region 44:0x00000000aa600000
Mar  1 18:40:25 ubuntu kernel: [    1.466410] GICv3: CPU44: using allocated LPI pending table @0x00000027ff370000
Mar  1 18:40:25 ubuntu kernel: [    1.466456] CPU44: Booted secondary processor 0x00001d0000 [0x481fd010]
Mar  1 18:40:25 ubuntu kernel: [    1.499086] Detected VIPT I-cache on CPU45
Mar  1 18:40:25 ubuntu /usr/sbin/irqbalance: IRQ 0(74) guessed as class 0
Mar  1 18:40:25 ubuntu kernel: [    1.499098] GICv3: CPU45: found redistributor 1d0100 region 45:0x00000000aa640000
Mar  1 18:40:25 ubuntu kernel: [    1.499118] GICv3: CPU45: using allocated LPI pending table @0x00000027ff380000
Mar  1 18:40:25 ubuntu /usr/sbin/irqbalance: IRQ 0(75) guessed as class 0
Mar  1 18:40:25 ubuntu kernel: [    1.499156] CPU45: Booted secondary processor 0x00001d0100 [0x481fd010]
Mar  1 18:40:25 ubuntu kernel: [    1.531809] Detected VIPT I-cache on CPU46
Mar  1 18:40:25 ubuntu kernel: [    1.531822] GICv3: CPU46: found redistributor 1d0200 region 46:0x00000000aa680000
Mar  1 18:40:25 ubuntu kernel: [    1.531842] GICv3: CPU46: using allocated LPI pending table @0x00000027ff390000
Mar  1 18:40:25 ubuntu kernel: [    1.531880] CPU46: Booted secondary processor 0x00001d0200 [0x481fd010]
Mar  1 18:40:25 ubuntu kernel: [    1.564532] Detected VIPT I-cache on CPU47
Mar  1 18:40:25 ubuntu kernel: [    1.564545] GICv3: CPU47: found redistributor 1d0300 region 47:0x00000000aa6c0000
Mar  1 18:40:25 ubuntu /usr/sbin/irqbalance: IRQ 0(76) guessed as class 0
Mar  1 18:40:25 ubuntu kernel: [    1.564561] GICv3: CPU47: using allocated LPI pending table @0x00000027ff3a0000
Mar  1 18:40:25 ubuntu kernel: [    1.564600] CPU47: Booted secondary processor 0x00001d0300 [0x481fd010]
Mar  1 18:40:25 ubuntu kernel: [    1.597374] Detected VIPT I-cache on CPU48
Mar  1 18:40:25 ubuntu kernel: [    1.597414] GICv3: CPU48: found redistributor 280000 region 48:0x00002000ae100000
Mar  1 18:40:25 ubuntu kernel: [    1.597478] GICv3: CPU48: using allocated LPI pending table @0x00000027ff3b0000
Mar  1 18:40:25 ubuntu /usr/sbin/irqbalance: IRQ 0(77) guessed as class 0
Mar  1 18:40:25 ubuntu kernel: [    1.597549] CPU48: Booted secondary processor 0x0000280000 [0x481fd010]
Mar  1 18:40:25 ubuntu kernel: [    1.630161] Detected VIPT I-cache on CPU49
Mar  1 18:40:25 ubuntu kernel: [    1.630189] GICv3: CPU49: found redistributor 280100 region 49:0x00002000ae140000
Mar  1 18:40:25 ubuntu kernel: [    1.630212] GICv3: CPU49: using allocated LPI pending table @0x00000027ff3c0000
Mar  1 18:40:25 ubuntu /usr/sbin/irqbalance: IRQ 0(78) guessed as class 0
Mar  1 18:40:25 ubuntu kernel: [    1.630264] CPU49: Booted secondary processor 0x0000280100 [0x481fd010]
Mar  1 18:40:25 ubuntu /usr/sbin/irqbalance: IRQ 0(79) guessed as class 0
Mar  1 18:40:25 ubuntu kernel: [    1.662971] Detected VIPT I-cache on CPU50
Mar  1 18:40:25 ubuntu /usr/sbin/irqbalance: IRQ 0(80) guessed as class 0
Mar  1 18:40:25 ubuntu kernel: [    1.662998] GICv3: CPU50: found redistributor 280200 region 50:0x00002000ae180000
Mar  1 18:40:25 ubuntu kernel: [    1.663020] GICv3: CPU50: using allocated LPI pending table @0x00000027ff3d0000
Mar  1 18:40:25 ubuntu kernel: [    1.663072] CPU50: Booted secondary processor 0x0000280200 [0x481fd010]
Mar  1 18:40:25 ubuntu kernel: [    1.695781] Detected VIPT I-cache on CPU51
Mar  1 18:40:25 ubuntu kernel: [    1.695809] GICv3: CPU51: found redistributor 280300 region 51:0x00002000ae1c0000
Mar  1 18:40:25 ubuntu /usr/sbin/irqbalance: IRQ 0(81) guessed as class 0
Mar  1 18:40:25 ubuntu kernel: [    1.695831] GICv3: CPU51: using allocated LPI pending table @0x00000027ff3e0000
Mar  1 18:40:25 ubuntu /usr/sbin/irqbalance: IRQ 0(82) guessed as class 0
Mar  1 18:40:25 ubuntu kernel: [    1.695883] CPU51: Booted secondary processor 0x0000280300 [0x481fd010]
Mar  1 18:40:25 ubuntu kernel: [    1.728769] Detected VIPT I-cache on CPU52
Mar  1 18:40:25 ubuntu kernel: [    1.728799] GICv3: CPU52: found redistributor 290000 region 52:0x00002000ae200000
Mar  1 18:40:25 ubuntu kernel: [    1.728836] GICv3: CPU52: using allocated LPI pending table @0x00000027ff3f0000
Mar  1 18:40:25 ubuntu kernel: [    1.728891] CPU52: Booted secondary processor 0x0000290000 [0x481fd010]
Mar  1 18:40:25 ubuntu kernel: [    1.761750] Detected VIPT I-cache on CPU53
Mar  1 18:40:25 ubuntu kernel: [    1.761778] GICv3: CPU53: found redistributor 290100 region 53:0x00002000ae240000
Mar  1 18:40:25 ubuntu /usr/sbin/irqbalance: IRQ 0(83) guessed as class 0
Mar  1 18:40:25 ubuntu kernel: [    1.761798] GICv3: CPU53: using allocated LPI pending table @0x00000027fec00000
Mar  1 18:40:25 ubuntu kernel: [    1.761850] CPU53: Booted secondary processor 0x0000290100 [0x481fd010]
Mar  1 18:40:25 ubuntu kernel: [    1.794734] Detected VIPT I-cache on CPU54
Mar  1 18:40:25 ubuntu /usr/sbin/irqbalance: IRQ 0(84) guessed as class 0
Mar  1 18:40:25 ubuntu kernel: [    1.794762] GICv3: CPU54: found redistributor 290200 region 54:0x00002000ae280000
Mar  1 18:40:25 ubuntu kernel: [    1.794781] GICv3: CPU54: using allocated LPI pending table @0x00000027fec10000
Mar  1 18:40:25 ubuntu kernel: [    1.794833] CPU54: Booted secondary processor 0x0000290200 [0x481fd010]
Mar  1 18:40:25 ubuntu /usr/sbin/irqbalance: IRQ 0(85) guessed as class 0
Mar  1 18:40:25 ubuntu kernel: [    1.827717] Detected VIPT I-cache on CPU55
Mar  1 18:40:25 ubuntu kernel: [    1.827746] GICv3: CPU55: found redistributor 290300 region 55:0x00002000ae2c0000
Mar  1 18:40:25 ubuntu kernel: [    1.827765] GICv3: CPU55: using allocated LPI pending table @0x00000027fec20000
Mar  1 18:40:25 ubuntu kernel: [    1.827817] CPU55: Booted secondary processor 0x0000290300 [0x481fd010]
Mar  1 18:40:25 ubuntu /usr/sbin/irqbalance: IRQ 0(86) guessed as class 0
Mar  1 18:40:25 ubuntu kernel: [    1.860879] Detected VIPT I-cache on CPU56
Mar  1 18:40:25 ubuntu kernel: [    1.860910] GICv3: CPU56: found redistributor 2a0000 region 56:0x00002000ae300000
Mar  1 18:40:25 ubuntu kernel: [    1.860939] GICv3: CPU56: using allocated LPI pending table @0x00000027fec30000
Mar  1 18:40:25 ubuntu /usr/sbin/irqbalance: IRQ 0(87) guessed as class 0
Mar  1 18:40:25 ubuntu kernel: [    1.860993] CPU56: Booted secondary processor 0x00002a0000 [0x481fd010]
Mar  1 18:40:25 ubuntu kernel: [    1.894033] Detected VIPT I-cache on CPU57
Mar  1 18:40:25 ubuntu kernel: [    1.894062] GICv3: CPU57: found redistributor 2a0100 region 57:0x00002000ae340000
Mar  1 18:40:25 ubuntu /usr/sbin/irqbalance: IRQ 0(88) guessed as class 0
Mar  1 18:40:25 ubuntu kernel: [    1.894082] GICv3: CPU57: using allocated LPI pending table @0x00000027fec40000
Mar  1 18:40:25 ubuntu kernel: [    1.894134] CPU57: Booted secondary processor 0x00002a0100 [0x481fd010]
Mar  1 18:40:25 ubuntu kernel: [    1.927191] Detected VIPT I-cache on CPU58
Mar  1 18:40:25 ubuntu /usr/sbin/irqbalance: IRQ 0(89) guessed as class 0
Mar  1 18:40:25 ubuntu kernel: [    1.927219] GICv3: CPU58: found redistributor 2a0200 region 58:0x00002000ae380000
Mar  1 18:40:25 ubuntu kernel: [    1.927239] GICv3: CPU58: using allocated LPI pending table @0x00000027fec50000
Mar  1 18:40:25 ubuntu kernel: [    1.927293] CPU58: Booted secondary processor 0x00002a0200 [0x481fd010]
Mar  1 18:40:25 ubuntu /usr/sbin/irqbalance: IRQ 0(90) guessed as class 0
Mar  1 18:40:25 ubuntu kernel: [    1.960348] Detected VIPT I-cache on CPU59
Mar  1 18:40:25 ubuntu kernel: [    1.960377] GICv3: CPU59: found redistributor 2a0300 region 59:0x00002000ae3c0000
Mar  1 18:40:25 ubuntu kernel: [    1.960397] GICv3: CPU59: using allocated LPI pending table @0x00000027fec60000
Mar  1 18:40:25 ubuntu /usr/sbin/irqbalance: IRQ 0(91) guessed as class 0
Mar  1 18:40:25 ubuntu kernel: [    1.960449] CPU59: Booted secondary processor 0x00002a0300 [0x481fd010]
Mar  1 18:40:25 ubuntu /usr/sbin/irqbalance: IRQ 0(92) guessed as class 0
Mar  1 18:40:25 ubuntu kernel: [    1.993683] Detected VIPT I-cache on CPU60
Mar  1 18:40:25 ubuntu kernel: [    1.993714] GICv3: CPU60: found redistributor 2b0000 region 60:0x00002000ae400000
Mar  1 18:40:25 ubuntu kernel: [    1.993745] GICv3: CPU60: using allocated LPI pending table @0x00000027fec70000
Mar  1 18:40:25 ubuntu kernel: [    1.993800] CPU60: Booted secondary processor 0x00002b0000 [0x481fd010]
Mar  1 18:40:25 ubuntu /usr/sbin/irqbalance: IRQ 0(93) guessed as class 0
Mar  1 18:40:25 ubuntu kernel: [    2.027010] Detected VIPT I-cache on CPU61
Mar  1 18:40:25 ubuntu kernel: [    2.027039] GICv3: CPU61: found redistributor 2b0100 region 61:0x00002000ae440000
Mar  1 18:40:25 ubuntu /usr/sbin/irqbalance: IRQ 0(94) guessed as class 0
Mar  1 18:40:25 ubuntu kernel: [    2.027060] GICv3: CPU61: using allocated LPI pending table @0x00000027fec80000
Mar  1 18:40:25 ubuntu kernel: [    2.027112] CPU61: Booted secondary processor 0x00002b0100 [0x481fd010]
Mar  1 18:40:25 ubuntu /usr/sbin/irqbalance: IRQ 0(95) guessed as class 0
Mar  1 18:40:25 ubuntu kernel: [    2.060341] Detected VIPT I-cache on CPU62
Mar  1 18:40:25 ubuntu kernel: [    2.060371] GICv3: CPU62: found redistributor 2b0200 region 62:0x00002000ae480000
Mar  1 18:40:25 ubuntu kernel: [    2.060392] GICv3: CPU62: using allocated LPI pending table @0x00000027fec90000
Mar  1 18:40:25 ubuntu kernel: [    2.060445] CPU62: Booted secondary processor 0x00002b0200 [0x481fd010]
Mar  1 18:40:25 ubuntu kernel: [    2.093673] Detected VIPT I-cache on CPU63
Mar  1 18:40:25 ubuntu /usr/sbin/irqbalance: IRQ 0(96) guessed as class 0
Mar  1 18:40:25 ubuntu kernel: [    2.093703] GICv3: CPU63: found redistributor 2b0300 region 63:0x00002000ae4c0000
Mar  1 18:40:25 ubuntu /usr/sbin/irqbalance: IRQ 0(97) guessed as class 0
Mar  1 18:40:25 ubuntu kernel: [    2.093725] GICv3: CPU63: using allocated LPI pending table @0x00000027feca0000
Mar  1 18:40:25 ubuntu /usr/sbin/irqbalance: IRQ 0(98) guessed as class 0
Mar  1 18:40:25 ubuntu /usr/sbin/irqbalance: IRQ 0(99) guessed as class 0
Mar  1 18:40:25 ubuntu /usr/sbin/irqbalance: IRQ 0(100) guessed as class 0
Mar  1 18:40:25 ubuntu /usr/sbin/irqbalance: IRQ 0(101) guessed as class 0
Mar  1 18:40:25 ubuntu /usr/sbin/irqbalance: IRQ 0(102) guessed as class 0
Mar  1 18:40:25 ubuntu /usr/sbin/irqbalance: IRQ 0(103) guessed as class 0
Mar  1 18:40:25 ubuntu /usr/sbin/irqbalance: IRQ 0(104) guessed as class 0
Mar  1 18:40:25 ubuntu /usr/sbin/irqbalance: IRQ 0(105) guessed as class 0
Mar  1 18:40:25 ubuntu /usr/sbin/irqbalance: IRQ 0(106) guessed as class 0
Mar  1 18:40:25 ubuntu /usr/sbin/irqbalance: IRQ 0(107) guessed as class 0
Mar  1 18:40:25 ubuntu /usr/sbin/irqbalance: IRQ 0(108) guessed as class 0
Mar  1 18:40:25 ubuntu kernel: [    2.093777] CPU63: Booted secondary processor 0x00002b0300 [0x481fd010]
Mar  1 18:40:25 ubuntu kernel: [    2.126486] Detected VIPT I-cache on CPU64
Mar  1 18:40:25 ubuntu /usr/sbin/irqbalance: IRQ 0(109) guessed as class 0
Mar  1 18:40:25 ubuntu kernel: [    2.126518] GICv3: CPU64: found redistributor 2c0000 region 64:0x00002000ae500000
Mar  1 18:40:25 ubuntu kernel: [    2.126548] GICv3: CPU64: using allocated LPI pending table @0x00000027fecb0000
Mar  1 18:40:25 ubuntu kernel: [    2.126604] CPU64: Booted secondary processor 0x00002c0000 [0x481fd010]
Mar  1 18:40:25 ubuntu /usr/sbin/irqbalance: IRQ 0(110) guessed as class 0
Mar  1 18:40:25 ubuntu kernel: [    2.159293] Detected VIPT I-cache on CPU65
Mar  1 18:40:25 ubuntu kernel: [    2.159322] GICv3: CPU65: found redistributor 2c0100 region 65:0x00002000ae540000
Mar  1 18:40:25 ubuntu /usr/sbin/irqbalance: IRQ 0(111) guessed as class 0
Mar  1 18:40:25 ubuntu kernel: [    2.159343] GICv3: CPU65: using allocated LPI pending table @0x00000027fecc0000
Mar  1 18:40:25 ubuntu kernel: [    2.159396] CPU65: Booted secondary processor 0x00002c0100 [0x481fd010]
Mar  1 18:40:25 ubuntu kernel: [    2.192104] Detected VIPT I-cache on CPU66
Mar  1 18:40:25 ubuntu kernel: [    2.192133] GICv3: CPU66: found redistributor 2c0200 region 66:0x00002000ae580000
Mar  1 18:40:25 ubuntu /usr/sbin/irqbalance: IRQ 0(112) guessed as class 0
Mar  1 18:40:25 ubuntu kernel: [    2.192155] GICv3: CPU66: using allocated LPI pending table @0x00000027fecd0000
Mar  1 18:40:25 ubuntu kernel: [    2.192207] CPU66: Booted secondary processor 0x00002c0200 [0x481fd010]
Mar  1 18:40:25 ubuntu kernel: [    2.224915] Detected VIPT I-cache on CPU67
Mar  1 18:40:25 ubuntu kernel: [    2.224944] GICv3: CPU67: found redistributor 2c0300 region 67:0x00002000ae5c0000
Mar  1 18:40:25 ubuntu /usr/sbin/irqbalance: IRQ 0(113) guessed as class 0
Mar  1 18:40:25 ubuntu kernel: [    2.224966] GICv3: CPU67: using allocated LPI pending table @0x00000027fece0000
Mar  1 18:40:25 ubuntu kernel: [    2.225020] CPU67: Booted secondary processor 0x00002c0300 [0x481fd010]
Mar  1 18:40:25 ubuntu kernel: [    2.257902] Detected VIPT I-cache on CPU68
Mar  1 18:40:25 ubuntu /usr/sbin/irqbalance: IRQ 0(114) guessed as class 0
Mar  1 18:40:25 ubuntu kernel: [    2.257933] GICv3: CPU68: found redistributor 2d0000 region 68:0x00002000ae600000
Mar  1 18:40:25 ubuntu kernel: [    2.257964] GICv3: CPU68: using allocated LPI pending table @0x00000027fecf0000
Mar  1 18:40:25 ubuntu kernel: [    2.258020] CPU68: Booted secondary processor 0x00002d0000 [0x481fd010]
Mar  1 18:40:25 ubuntu kernel: [    2.290882] Detected VIPT I-cache on CPU69
Mar  1 18:40:25 ubuntu /usr/sbin/irqbalance: IRQ 0(115) guessed as class 0
Mar  1 18:40:25 ubuntu kernel: [    2.290912] GICv3: CPU69: found redistributor 2d0100 region 69:0x00002000ae640000
Mar  1 18:40:25 ubuntu kernel: [    2.290934] GICv3: CPU69: using allocated LPI pending table @0x00000027fed00000
Mar  1 18:40:25 ubuntu kernel: [    2.290986] CPU69: Booted secondary processor 0x00002d0100 [0x481fd010]
Mar  1 18:40:25 ubuntu /usr/sbin/irqbalance: IRQ 0(116) guessed as class 0
Mar  1 18:40:25 ubuntu kernel: [    2.323866] Detected VIPT I-cache on CPU70
Mar  1 18:40:25 ubuntu kernel: [    2.323896] GICv3: CPU70: found redistributor 2d0200 region 70:0x00002000ae680000
Mar  1 18:40:25 ubuntu kernel: [    2.323917] GICv3: CPU70: using allocated LPI pending table @0x00000027fed10000
Mar  1 18:40:25 ubuntu kernel: [    2.323970] CPU70: Booted secondary processor 0x00002d0200 [0x481fd010]
Mar  1 18:40:25 ubuntu kernel: [    2.356850] Detected VIPT I-cache on CPU71
Mar  1 18:40:25 ubuntu kernel: [    2.356880] GICv3: CPU71: found redistributor 2d0300 region 71:0x00002000ae6c0000
Mar  1 18:40:25 ubuntu /usr/sbin/irqbalance: IRQ 0(117) guessed as class 0
Mar  1 18:40:25 ubuntu kernel: [    2.356902] GICv3: CPU71: using allocated LPI pending table @0x00000027fed20000
Mar  1 18:40:25 ubuntu kernel: [    2.356954] CPU71: Booted secondary processor 0x00002d0300 [0x481fd010]
Mar  1 18:40:25 ubuntu /usr/sbin/irqbalance: IRQ 0(118) guessed as class 0
Mar  1 18:40:25 ubuntu kernel: [    2.396980] Detected VIPT I-cache on CPU72
Mar  1 18:40:25 ubuntu kernel: [    2.397033] GICv3: CPU72: found redistributor 380000 region 72:0x00002000aa100000
Mar  1 18:40:25 ubuntu kernel: [    2.397075] GICv3: CPU72: using allocated LPI pending table @0x00000027fed30000
Mar  1 18:40:25 ubuntu kernel: [    2.397159] CPU72: Booted secondary processor 0x0000380000 [0x481fd010]
Mar  1 18:40:25 ubuntu /usr/sbin/irqbalance: IRQ 0(119) guessed as class 0
Mar  1 18:40:25 ubuntu kernel: [    2.437056] Detected VIPT I-cache on CPU73
Mar  1 18:40:25 ubuntu kernel: [    2.437092] GICv3: CPU73: found redistributor 380100 region 73:0x00002000aa140000
Mar  1 18:40:25 ubuntu /usr/sbin/irqbalance: IRQ 0(152) guessed as class 0
Mar  1 18:40:25 ubuntu kernel: [    2.437117] GICv3: CPU73: using allocated LPI pending table @0x00000027fed40000
Mar  1 18:40:25 ubuntu /usr/sbin/irqbalance: IRQ 0(153) guessed as class 0
Mar  1 18:40:25 ubuntu kernel: [    2.437175] CPU73: Booted secondary processor 0x0000380100 [0x481fd010]
Mar  1 18:40:25 ubuntu kernel: [    2.477157] Detected VIPT I-cache on CPU74
Mar  1 18:40:25 ubuntu kernel: [    2.477193] GICv3: CPU74: found redistributor 380200 region 74:0x00002000aa180000
Mar  1 18:40:25 ubuntu kernel: [    2.477217] GICv3: CPU74: using allocated LPI pending table @0x00000027fed50000
Mar  1 18:40:25 ubuntu /usr/sbin/irqbalance: IRQ 0(209) guessed as class 0
Mar  1 18:40:25 ubuntu kernel: [    2.477275] CPU74: Booted secondary processor 0x0000380200 [0x481fd010]
Mar  1 18:40:25 ubuntu /usr/sbin/irqbalance: IRQ 0(210) guessed as class 0
Mar  1 18:40:25 ubuntu kernel: [    2.517259] Detected VIPT I-cache on CPU75
Mar  1 18:40:25 ubuntu kernel: [    2.517294] GICv3: CPU75: found redistributor 380300 region 75:0x00002000aa1c0000
Mar  1 18:40:25 ubuntu kernel: [    2.517318] GICv3: CPU75: using allocated LPI pending table @0x00000027fed60000
Mar  1 18:40:25 ubuntu kernel: [    2.517375] CPU75: Booted secondary processor 0x0000380300 [0x481fd010]
Mar  1 18:40:25 ubuntu kernel: [    2.557537] Detected VIPT I-cache on CPU76
Mar  1 18:40:25 ubuntu /usr/sbin/irqbalance: IRQ 0(284) guessed as class 0
Mar  1 18:40:25 ubuntu kernel: [    2.557575] GICv3: CPU76: found redistributor 390000 region 76:0x00002000aa200000
Mar  1 18:40:25 ubuntu /usr/sbin/irqbalance: IRQ 0(285) guessed as class 0
Mar  1 18:40:25 ubuntu kernel: [    2.557612] GICv3: CPU76: using allocated LPI pending table @0x00000027fed70000
Mar  1 18:40:25 ubuntu /usr/sbin/irqbalance: IRQ 0(286) guessed as class 0
Mar  1 18:40:25 ubuntu kernel: [    2.557673] CPU76: Booted secondary processor 0x0000390000 [0x481fd010]
Mar  1 18:40:25 ubuntu kernel: [    2.597809] Detected VIPT I-cache on CPU77
Mar  1 18:40:25 ubuntu kernel: [    2.597845] GICv3: CPU77: found redistributor 390100 region 77:0x00002000aa240000
Mar  1 18:40:25 ubuntu /usr/sbin/irqbalance: IRQ 0(287) guessed as class 0
Mar  1 18:40:25 ubuntu kernel: [    2.597869] GICv3: CPU77: using allocated LPI pending table @0x00000027fed80000
Mar  1 18:40:25 ubuntu kernel: [    2.597926] CPU77: Booted secondary processor 0x0000390100 [0x481fd010]
Mar  1 18:40:25 ubuntu /usr/sbin/irqbalance: IRQ 0(288) guessed as class 0
Mar  1 18:40:25 ubuntu kernel: [    2.638085] Detected VIPT I-cache on CPU78
Mar  1 18:40:25 ubuntu kernel: [    2.638121] GICv3: CPU78: found redistributor 390200 region 78:0x00002000aa280000
Mar  1 18:40:25 ubuntu /usr/sbin/irqbalance: IRQ 0(289) guessed as class 0
Mar  1 18:40:25 ubuntu kernel: [    2.638145] GICv3: CPU78: using allocated LPI pending table @0x00000027fed90000
Mar  1 18:40:25 ubuntu kernel: [    2.638202] CPU78: Booted secondary processor 0x0000390200 [0x481fd010]
Mar  1 18:40:25 ubuntu kernel: [    2.678360] Detected VIPT I-cache on CPU79
Mar  1 18:40:25 ubuntu kernel: [    2.678396] GICv3: CPU79: found redistributor 390300 region 79:0x00002000aa2c0000
Mar  1 18:40:25 ubuntu /usr/sbin/irqbalance: IRQ 0(290) guessed as class 0
Mar  1 18:40:25 ubuntu kernel: [    2.678420] GICv3: CPU79: using allocated LPI pending table @0x00000027feda0000
Mar  1 18:40:25 ubuntu /usr/sbin/irqbalance: IRQ 0(291) guessed as class 0
Mar  1 18:40:25 ubuntu kernel: [    2.678478] CPU79: Booted secondary processor 0x0000390300 [0x481fd010]
Mar  1 18:40:25 ubuntu kernel: [    2.718812] Detected VIPT I-cache on CPU80
Mar  1 18:40:25 ubuntu kernel: [    2.718851] GICv3: CPU80: found redistributor 3a0000 region 80:0x00002000aa300000
Mar  1 18:40:25 ubuntu /usr/sbin/irqbalance: IRQ 0(292) guessed as class 0
Mar  1 18:40:25 ubuntu kernel: [    2.718886] GICv3: CPU80: using allocated LPI pending table @0x00000027fedb0000
Mar  1 18:40:25 ubuntu /usr/sbin/irqbalance: IRQ 0(293) guessed as class 0
Mar  1 18:40:25 ubuntu kernel: [    2.718947] CPU80: Booted secondary processor 0x00003a0000 [0x481fd010]
Mar  1 18:40:25 ubuntu kernel: [    2.759257] Detected VIPT I-cache on CPU81
Mar  1 18:40:25 ubuntu /usr/sbin/irqbalance: IRQ 0(294) guessed as class 0
Mar  1 18:40:25 ubuntu kernel: [    2.759294] GICv3: CPU81: found redistributor 3a0100 region 81:0x00002000aa340000
Mar  1 18:40:25 ubuntu kernel: [    2.759318] GICv3: CPU81: using allocated LPI pending table @0x00000027fedc0000
Mar  1 18:40:25 ubuntu kernel: [    2.759375] CPU81: Booted secondary processor 0x00003a0100 [0x481fd010]
Mar  1 18:40:25 ubuntu kernel: [    2.799706] Detected VIPT I-cache on CPU82
Mar  1 18:40:25 ubuntu /usr/sbin/irqbalance: IRQ 0(295) guessed as class 0
Mar  1 18:40:25 ubuntu kernel: [    2.799743] GICv3: CPU82: found redistributor 3a0200 region 82:0x00002000aa380000
Mar  1 18:40:25 ubuntu kernel: [    2.799767] GICv3: CPU82: using allocated LPI pending table @0x00000027fedd0000
Mar  1 18:40:25 ubuntu kernel: [    2.799825] CPU82: Booted secondary processor 0x00003a0200 [0x481fd010]
Mar  1 18:40:25 ubuntu /usr/sbin/irqbalance: IRQ 0(296) guessed as class 0
Mar  1 18:40:25 ubuntu kernel: [    2.840155] Detected VIPT I-cache on CPU83
Mar  1 18:40:25 ubuntu kernel: [    2.840192] GICv3: CPU83: found redistributor 3a0300 region 83:0x00002000aa3c0000
Mar  1 18:40:25 ubuntu kernel: [    2.840216] GICv3: CPU83: using allocated LPI pending table @0x00000027fede0000
Mar  1 18:40:25 ubuntu /usr/sbin/irqbalance: IRQ 0(297) guessed as class 0
Mar  1 18:40:25 ubuntu kernel: [    2.840274] CPU83: Booted secondary processor 0x00003a0300 [0x481fd010]
Mar  1 18:40:25 ubuntu kernel: [    2.880781] Detected VIPT I-cache on CPU84
Mar  1 18:40:25 ubuntu kernel: [    2.880819] GICv3: CPU84: found redistributor 3b0000 region 84:0x00002000aa400000
Mar  1 18:40:25 ubuntu /usr/sbin/irqbalance: IRQ 0(298) guessed as class 0
Mar  1 18:40:25 ubuntu kernel: [    2.880853] GICv3: CPU84: using allocated LPI pending table @0x00000027fedf0000
Mar  1 18:40:25 ubuntu kernel: [    2.880914] CPU84: Booted secondary processor 0x00003b0000 [0x481fd010]
Mar  1 18:40:25 ubuntu /usr/sbin/irqbalance: IRQ 0(299) guessed as class 0
Mar  1 18:40:25 ubuntu kernel: [    2.921399] Detected VIPT I-cache on CPU85
Mar  1 18:40:25 ubuntu kernel: [    2.921437] GICv3: CPU85: found redistributor 3b0100 region 85:0x00002000aa440000
Mar  1 18:40:25 ubuntu /usr/sbin/irqbalance: IRQ 0(300) guessed as class 0
Mar  1 18:40:25 ubuntu kernel: [    2.921463] GICv3: CPU85: using allocated LPI pending table @0x00000027fee00000
Mar  1 18:40:25 ubuntu kernel: [    2.921521] CPU85: Booted secondary processor 0x00003b0100 [0x481fd010]
Mar  1 18:40:25 ubuntu kernel: [    2.962022] Detected VIPT I-cache on CPU86
Mar  1 18:40:25 ubuntu /usr/sbin/irqbalance: IRQ 0(301) guessed as class 0
Mar  1 18:40:25 ubuntu kernel: [    2.962060] GICv3: CPU86: found redistributor 3b0200 region 86:0x00002000aa480000
Mar  1 18:40:25 ubuntu kernel: [    2.962087] GICv3: CPU86: using allocated LPI pending table @0x00000027fee10000
Mar  1 18:40:25 ubuntu /usr/sbin/irqbalance: IRQ 0(302) guessed as class 0
Mar  1 18:40:25 ubuntu kernel: [    2.962145] CPU86: Booted secondary processor 0x00003b0200 [0x481fd010]
Mar  1 18:40:25 ubuntu kernel: [    3.002645] Detected VIPT I-cache on CPU87
Mar  1 18:40:25 ubuntu kernel: [    3.002683] GICv3: CPU87: found redistributor 3b0300 region 87:0x00002000aa4c0000
Mar  1 18:40:25 ubuntu kernel: [    3.002707] GICv3: CPU87: using allocated LPI pending table @0x00000027fee20000
Mar  1 18:40:25 ubuntu /usr/sbin/irqbalance: IRQ 0(303) guessed as class 0
Mar  1 18:40:25 ubuntu kernel: [    3.002765] CPU87: Booted secondary processor 0x00003b0300 [0x481fd010]
Mar  1 18:40:25 ubuntu kernel: [    3.042749] Detected VIPT I-cache on CPU88
Mar  1 18:40:25 ubuntu kernel: [    3.042788] GICv3: CPU88: found redistributor 3c0000 region 88:0x00002000aa500000
Mar  1 18:40:25 ubuntu /usr/sbin/irqbalance: IRQ 0(304) guessed as class 0
Mar  1 18:40:25 ubuntu kernel: [    3.042825] GICv3: CPU88: using allocated LPI pending table @0x00000027fee30000
Mar  1 18:40:25 ubuntu kernel: [    3.042887] CPU88: Booted secondary processor 0x00003c0000 [0x481fd010]
Mar  1 18:40:25 ubuntu kernel: [    3.082848] Detected VIPT I-cache on CPU89
Mar  1 18:40:25 ubuntu kernel: [    3.082885] GICv3: CPU89: found redistributor 3c0100 region 89:0x00002000aa540000
Mar  1 18:40:25 ubuntu /usr/sbin/irqbalance: IRQ 0(305) guessed as class 0
Mar  1 18:40:25 ubuntu kernel: [    3.082912] GICv3: CPU89: using allocated LPI pending table @0x00000027fee40000
Mar  1 18:40:25 ubuntu kernel: [    3.082970] CPU89: Booted secondary processor 0x00003c0100 [0x481fd010]
Mar  1 18:40:25 ubuntu kernel: [    3.122949] Detected VIPT I-cache on CPU90
Mar  1 18:40:25 ubuntu /usr/sbin/irqbalance: IRQ 0(306) guessed as class 0
Mar  1 18:40:25 ubuntu kernel: [    3.122986] GICv3: CPU90: found redistributor 3c0200 region 90:0x00002000aa580000
Mar  1 18:40:25 ubuntu /usr/sbin/irqbalance: IRQ 0(307) guessed as class 0
Mar  1 18:40:25 ubuntu /usr/sbin/irqbalance: IRQ 0(308) guessed as class 0
Mar  1 18:40:25 ubuntu /usr/sbin/irqbalance: IRQ 0(309) guessed as class 0
Mar  1 18:40:25 ubuntu /usr/sbin/irqbalance: IRQ 0(310) guessed as class 0
Mar  1 18:40:25 ubuntu /usr/sbin/irqbalance: IRQ 0(311) guessed as class 0
Mar  1 18:40:25 ubuntu /usr/sbin/irqbalance: IRQ 0(312) guessed as class 0
Mar  1 18:40:25 ubuntu /usr/sbin/irqbalance: IRQ 0(313) guessed as class 0
Mar  1 18:40:25 ubuntu /usr/sbin/irqbalance: IRQ 0(314) guessed as class 0
Mar  1 18:40:25 ubuntu /usr/sbin/irqbalance: IRQ 0(315) guessed as class 0
Mar  1 18:40:25 ubuntu /usr/sbin/irqbalance: IRQ 0(316) guessed as class 0
Mar  1 18:40:25 ubuntu /usr/sbin/irqbalance: IRQ 0(317) guessed as class 0
Mar  1 18:40:25 ubuntu /usr/sbin/irqbalance: IRQ 0(318) guessed as class 0
Mar  1 18:40:25 ubuntu /usr/sbin/irqbalance: IRQ 0(319) guessed as class 0
Mar  1 18:40:25 ubuntu kernel: [    3.123012] GICv3: CPU90: using allocated LPI pending table @0x00000027fee50000
Mar  1 18:40:25 ubuntu kernel: [    3.123071] CPU90: Booted secondary processor 0x00003c0200 [0x481fd010]
Mar  1 18:40:25 ubuntu /usr/sbin/irqbalance: IRQ 0(320) guessed as class 0
Mar  1 18:40:25 ubuntu kernel: [    3.163050] Detected VIPT I-cache on CPU91
Mar  1 18:40:25 ubuntu kernel: [    3.163087] GICv3: CPU91: found redistributor 3c0300 region 91:0x00002000aa5c0000
Mar  1 18:40:25 ubuntu kernel: [    3.163113] GICv3: CPU91: using allocated LPI pending table @0x00000027fee60000
Mar  1 18:40:25 ubuntu /usr/sbin/irqbalance: IRQ 0(321) guessed as class 0
Mar  1 18:40:25 ubuntu kernel: [    3.163171] CPU91: Booted secondary processor 0x00003c0300 [0x481fd010]
Mar  1 18:40:25 ubuntu kernel: [    3.203328] Detected VIPT I-cache on CPU92
Mar  1 18:40:25 ubuntu kernel: [    3.203367] GICv3: CPU92: found redistributor 3d0000 region 92:0x00002000aa600000
Mar  1 18:40:25 ubuntu /usr/sbin/irqbalance: IRQ 0(322) guessed as class 0
Mar  1 18:40:25 ubuntu kernel: [    3.203405] GICv3: CPU92: using allocated LPI pending table @0x00000027fee70000
Mar  1 18:40:25 ubuntu /usr/sbin/irqbalance: IRQ 0(323) guessed as class 0
Mar  1 18:40:25 ubuntu kernel: [    3.203466] CPU92: Booted secondary processor 0x00003d0000 [0x481fd010]
Mar  1 18:40:25 ubuntu kernel: [    3.243601] Detected VIPT I-cache on CPU93
Mar  1 18:40:25 ubuntu kernel: [    3.243639] GICv3: CPU93: found redistributor 3d0100 region 93:0x00002000aa640000
Mar  1 18:40:25 ubuntu /usr/sbin/irqbalance: IRQ 0(324) guessed as class 0
Mar  1 18:40:25 ubuntu kernel: [    3.243665] GICv3: CPU93: using allocated LPI pending table @0x00000027fee80000
Mar  1 18:40:25 ubuntu kernel: [    3.243723] CPU93: Booted secondary processor 0x00003d0100 [0x481fd010]
Mar  1 18:40:25 ubuntu kernel: [    3.283876] Detected VIPT I-cache on CPU94
Mar  1 18:40:25 ubuntu kernel: [    3.283914] GICv3: CPU94: found redistributor 3d0200 region 94:0x00002000aa680000
Mar  1 18:40:25 ubuntu /usr/sbin/irqbalance: IRQ 0(325) guessed as class 0
Mar  1 18:40:25 ubuntu kernel: [    3.283938] GICv3: CPU94: using allocated LPI pending table @0x00000027fee90000
Mar  1 18:40:25 ubuntu /usr/sbin/irqbalance: IRQ 0(326) guessed as class 0
Mar  1 18:40:25 ubuntu kernel: [    3.283997] CPU94: Booted secondary processor 0x00003d0200 [0x481fd010]
Mar  1 18:40:25 ubuntu /usr/sbin/irqbalance: IRQ 0(327) guessed as class 0
Mar  1 18:40:25 ubuntu kernel: [    3.324152] Detected VIPT I-cache on CPU95
Mar  1 18:40:25 ubuntu kernel: [    3.324189] GICv3: CPU95: found redistributor 3d0300 region 95:0x00002000aa6c0000
Mar  1 18:40:25 ubuntu kernel: [    3.324215] GICv3: CPU95: using allocated LPI pending table @0x00000027feea0000
Mar  1 18:40:25 ubuntu kernel: [    3.324274] CPU95: Booted secondary processor 0x00003d0300 [0x481fd010]
Mar  1 18:40:25 ubuntu /usr/sbin/irqbalance: IRQ 0(328) guessed as class 0
Mar  1 18:40:25 ubuntu kernel: [    3.325103] smp: Brought up 4 nodes, 96 CPUs
Mar  1 18:40:25 ubuntu kernel: [    3.325630] SMP: Total of 96 processors activated.
Mar  1 18:40:25 ubuntu kernel: [    3.325633] CPU features: detected: Privileged Access Never
Mar  1 18:40:25 ubuntu /usr/sbin/irqbalance: IRQ 0(329) guessed as class 0
Mar  1 18:40:25 ubuntu kernel: [    3.325634] CPU features: detected: LSE atomic instructions
Mar  1 18:40:25 ubuntu kernel: [    3.325636] CPU features: detected: User Access Override
Mar  1 18:40:25 ubuntu kernel: [    3.325639] CPU features: detected: Common not Private translations
Mar  1 18:40:25 ubuntu kernel: [    3.325641] CPU features: detected: Data cache clean to Point of Persistence
Mar  1 18:40:25 ubuntu /usr/sbin/irqbalance: IRQ 0(330) guessed as class 0
Mar  1 18:40:25 ubuntu kernel: [    3.325643] CPU features: detected: RAS Extension Support
Mar  1 18:40:25 ubuntu kernel: [    3.325645] CPU features: detected: CRC32 instructions
Mar  1 18:40:25 ubuntu /usr/sbin/irqbalance: IRQ 0(331) guessed as class 0
Mar  1 18:40:25 ubuntu kernel: [    3.390447] CPU: All CPU(s) started at EL2
Mar  1 18:40:25 ubuntu kernel: [    3.406484] devtmpfs: initialized
Mar  1 18:40:25 ubuntu kernel: [    3.409178] Registered cp15_barrier emulation handler
Mar  1 18:40:25 ubuntu kernel: [    3.409216] Registered setend emulation handler
Mar  1 18:40:25 ubuntu /usr/sbin/irqbalance: IRQ 0(332) guessed as class 0
Mar  1 18:40:25 ubuntu kernel: [    3.409223] KASLR disabled due to lack of seed
Mar  1 18:40:25 ubuntu /usr/sbin/irqbalance: IRQ 0(333) guessed as class 0
Mar  1 18:40:25 ubuntu kernel: [    3.409627] clocksource: jiffies: mask: 0xffffffff max_cycles: 0xffffffff, max_idle_ns: 7645041785100000 ns
Mar  1 18:40:25 ubuntu kernel: [    3.410041] futex hash table entries: 32768 (order: 9, 2097152 bytes, vmalloc)
Mar  1 18:40:25 ubuntu kernel: [    3.410879] pinctrl core: initialized pinctrl subsystem
Mar  1 18:40:25 ubuntu kernel: [    3.411055] thermal_sys: Registered thermal governor 'fair_share'
Mar  1 18:40:25 ubuntu /usr/sbin/irqbalance: IRQ 0(334) guessed as class 0
Mar  1 18:40:25 ubuntu kernel: [    3.411056] thermal_sys: Registered thermal governor 'bang_bang'
Mar  1 18:40:25 ubuntu kernel: [    3.411059] thermal_sys: Registered thermal governor 'step_wise'
Mar  1 18:40:25 ubuntu kernel: [    3.411061] thermal_sys: Registered thermal governor 'user_space'
Mar  1 18:40:25 ubuntu kernel: [    3.411145] SMBIOS 3.1.1 present.
Mar  1 18:40:25 ubuntu /usr/sbin/irqbalance: IRQ 0(335) guessed as class 0
Mar  1 18:40:25 ubuntu kernel: [    3.411151] DMI: Huawei TaiShan 200 (Model 2280)/BC82AMDDA, BIOS 1.06 10/29/2019
Mar  1 18:40:25 ubuntu kernel: [    3.411490] NET: Registered protocol family 16
Mar  1 18:40:25 ubuntu kernel: [    3.412607] DMA: preallocated 256 KiB pool for atomic allocations
Mar  1 18:40:25 ubuntu /usr/sbin/irqbalance: IRQ 0(336) guessed as class 0
Mar  1 18:40:25 ubuntu kernel: [    3.412612] audit: initializing netlink subsys (disabled)
Mar  1 18:40:25 ubuntu /usr/sbin/irqbalance: IRQ 0(337) guessed as class 0
Mar  1 18:40:25 ubuntu kernel: [    3.412656] audit: type=2000 audit(0.488:1): state=initialized audit_enabled=0 res=1
Mar  1 18:40:25 ubuntu kernel: [    3.412892] cpuidle: using governor ladder
Mar  1 18:40:25 ubuntu /usr/sbin/irqbalance: IRQ 0(338) guessed as class 0
Mar  1 18:40:25 ubuntu kernel: [    3.412986] cpuidle: using governor menu
Mar  1 18:40:25 ubuntu kernel: [    3.412995] Detected 1 PCC Subspaces
Mar  1 18:40:25 ubuntu kernel: [    3.413023] Registering PCC driver as Mailbox controller
Mar  1 18:40:25 ubuntu /usr/sbin/irqbalance: IRQ 0(339) guessed as class 0
Mar  1 18:40:25 ubuntu kernel: [    3.413109] hw-breakpoint: found 6 breakpoint and 4 watchpoint registers.
Mar  1 18:40:25 ubuntu kernel: [    3.413979] ASID allocator initialised with 65536 entries
Mar  1 18:40:25 ubuntu /usr/sbin/irqbalance: IRQ 0(340) guessed as class 0
Mar  1 18:40:25 ubuntu kernel: [    3.414135] ACPI: bus type PCI registered
Mar  1 18:40:25 ubuntu kernel: [    3.414139] acpiphp: ACPI Hot Plug PCI Controller Driver version: 0.5
Mar  1 18:40:25 ubuntu kernel: [    3.414309] Serial: AMBA PL011 UART driver
Mar  1 18:40:25 ubuntu kernel: [    3.421650] HugeTLB registered 1.00 GiB page size, pre-allocated 0 pages
Mar  1 18:40:25 ubuntu kernel: [    3.421654] HugeTLB registered 32.0 MiB page size, pre-allocated 0 pages
Mar  1 18:40:25 ubuntu kernel: [    3.421657] HugeTLB registered 2.00 MiB page size, pre-allocated 0 pages
Mar  1 18:40:25 ubuntu /usr/sbin/irqbalance: IRQ 0(341) guessed as class 0
Mar  1 18:40:25 ubuntu kernel: [    3.421660] HugeTLB registered 64.0 KiB page size, pre-allocated 0 pages
Mar  1 18:40:25 ubuntu /usr/sbin/irqbalance: IRQ 0(342) guessed as class 0
Mar  1 18:40:25 ubuntu kernel: [    3.425513] fbcon: Taking over console
Mar  1 18:40:25 ubuntu kernel: [    3.425915] ACPI: Added _OSI(Module Device)
Mar  1 18:40:25 ubuntu kernel: [    3.425918] ACPI: Added _OSI(Processor Device)
Mar  1 18:40:25 ubuntu /usr/sbin/irqbalance: IRQ 0(343) guessed as class 0
Mar  1 18:40:25 ubuntu kernel: [    3.425920] ACPI: Added _OSI(3.0 _SCP Extensions)
Mar  1 18:40:25 ubuntu kernel: [    3.425923] ACPI: Added _OSI(Processor Aggregator Device)
Mar  1 18:40:25 ubuntu kernel: [    3.425925] ACPI: Added _OSI(Linux-Dell-Video)
Mar  1 18:40:25 ubuntu /usr/sbin/irqbalance: IRQ 0(344) guessed as class 0
Mar  1 18:40:25 ubuntu kernel: [    3.425928] ACPI: Added _OSI(Linux-Lenovo-NV-HDMI-Audio)
Mar  1 18:40:25 ubuntu /usr/sbin/irqbalance: IRQ 0(345) guessed as class 0
Mar  1 18:40:25 ubuntu kernel: [    3.425930] ACPI: Added _OSI(Linux-HPI-Hybrid-Graphics)
Mar  1 18:40:25 ubuntu /usr/sbin/irqbalance: IRQ 0(346) guessed as class 0
Mar  1 18:40:25 ubuntu kernel: [    3.435091] ACPI: 2 ACPI AML tables successfully acquired and loaded
Mar  1 18:40:25 ubuntu kernel: [    3.438527] ACPI: Interpreter enabled
Mar  1 18:40:25 ubuntu /usr/sbin/irqbalance: IRQ 0(347) guessed as class 0
Mar  1 18:40:25 ubuntu kernel: [    3.438530] ACPI: Using GIC for interrupt routing
Mar  1 18:40:25 ubuntu kernel: [    3.438546] ACPI: MCFG table detected, 1 entries
Mar  1 18:40:25 ubuntu /usr/sbin/irqbalance: IRQ 0(348) guessed as class 0
Mar  1 18:40:25 ubuntu kernel: [    3.438548] ACPI: IORT: [Firmware Bug]: ID count for ID mapping entry is wrong, applying workaround
Mar  1 18:40:25 ubuntu /usr/sbin/irqbalance: IRQ 0(349) guessed as class 0
Mar  1 18:40:25 ubuntu kernel: [    3.438554] ACPI: IORT: SMMU-v3[148000000] Mapped to Proximity domain 0
Mar  1 18:40:25 ubuntu kernel: [    3.438610] ACPI: IORT: SMMU-v3[201000000] Mapped to Proximity domain 0
Mar  1 18:40:25 ubuntu kernel: [    3.438635] ACPI: IORT: SMMU-v3[100000000] Mapped to Proximity domain 0
Mar  1 18:40:25 ubuntu kernel: [    3.438658] ACPI: IORT: SMMU-v3[140000000] Mapped to Proximity domain 0
Mar  1 18:40:25 ubuntu /usr/sbin/irqbalance: IRQ 0(350) guessed as class 0
Mar  1 18:40:25 ubuntu kernel: [    3.438682] ACPI: IORT: SMMU-v3[200148000000] Mapped to Proximity domain 2
