Oct 25 17:31:34 ubuntu systemd-modules-load[828]: Inserted module 'iscsi_tcp'
Oct 25 17:31:34 ubuntu lvm[827]:   2 logical volume(s) in volume group "ubuntu-vg" monitored
Oct 25 17:31:34 ubuntu systemd-modules-load[828]: Inserted module 'ib_iser'
Oct 25 17:31:34 ubuntu systemd[1]: Starting Flush Journal to Persistent Storage...
Oct 25 17:31:34 ubuntu systemd[1]: Started udev Kernel Device Manager.
Oct 25 17:31:34 ubuntu systemd[1]: Started Flush Journal to Persistent Storage.
Oct 25 17:31:34 ubuntu systemd[1]: Started udev Coldplug all Devices.
Oct 25 17:31:34 ubuntu systemd[1]: Found device /dev/ttyAMA0.
Oct 25 17:31:34 ubuntu systemd[1]: Started Dispatch Password Requests to Console Directory Watch.
Oct 25 17:31:34 ubuntu systemd[1]: Reached target Local Encrypted Volumes.
Oct 25 17:31:34 ubuntu systemd-udevd[889]: link_config: autonegotiation is unset or enabled, the speed and duplex are not writable.
Oct 25 17:31:34 ubuntu systemd[1]: Listening on Load/Save RF Kill Switch Status /dev/rfkill Watch.
Oct 25 17:31:34 ubuntu systemd-udevd[900]: link_config: autonegotiation is unset or enabled, the speed and duplex are not writable.
Oct 25 17:31:34 ubuntu systemd[1]: Found device /dev/mapper/ubuntu--vg-swap_1.
Oct 25 17:31:34 ubuntu systemd[1]: Activating swap /dev/mapper/ubuntu--vg-swap_1...
Oct 25 17:31:34 ubuntu kernel: [    0.000000] Booting Linux on physical CPU 0x0000000000 [0x481fd010]
Oct 25 17:31:34 ubuntu systemd[1]: Activated swap /dev/mapper/ubuntu--vg-swap_1.
Oct 25 17:31:34 ubuntu kernel: [    0.000000] Linux version 5.7.1 (root@ubuntu) (gcc version 7.5.0 (Ubuntu/Linaro 7.5.0-3ubuntu1~18.04), GNU ld (GNU Binutils for Ubuntu) 2.30) #1 SMP Sun Oct 25 17:00:41 CST 2020
Oct 25 17:31:34 ubuntu kernel: [    0.000000] efi: EFI v2.70 by EDK II
Oct 25 17:31:34 ubuntu systemd[1]: Found device QEMU_HARDDISK 1.
Oct 25 17:31:34 ubuntu kernel: [    0.000000] efi:  SMBIOS 3.0=0x53f710000  ACPI 2.0=0x53c020000  MEMATTR=0x53cc7ca98  MEMRESERVE=0x53becd018 
Oct 25 17:31:34 ubuntu kernel: [    0.000000] cma: Reserved 32 MiB at 0x00000000fe000000
Oct 25 17:31:34 ubuntu kernel: [    0.000000] ACPI: Early table checksum verification disabled
Oct 25 17:31:34 ubuntu systemd[1]: Starting File System Check on /dev/disk/by-uuid/5EA9-3D4C...
Oct 25 17:31:34 ubuntu kernel: [    0.000000] ACPI: RSDP 0x000000053C020000 000024 (v02 BOCHS )
Oct 25 17:31:34 ubuntu kernel: [    0.000000] ACPI: XSDT 0x000000053BED0000 000054 (v01 BOCHS  BXPCFACP 00000001      01000013)
Oct 25 17:31:34 ubuntu kernel: [    0.000000] ACPI: FACP 0x000000053BE90000 00010C (v05 BOCHS  BXPCFACP 00000001 BXPC 00000001)
Oct 25 17:31:34 ubuntu kernel: [    0.000000] ACPI: DSDT 0x000000053BEA0000 001523 (v02 BOCHS  BXPCDSDT 00000001 BXPC 00000001)
Oct 25 17:31:34 ubuntu systemd[1]: Reached target Swap.
Oct 25 17:31:34 ubuntu kernel: [    0.000000] ACPI: APIC 0x000000053BE80000 0009E8 (v03 BOCHS  BXPCAPIC 00000001 BXPC 00000001)
Oct 25 17:31:34 ubuntu kernel: [    0.000000] ACPI: GTDT 0x000000053BE70000 000060 (v02 BOCHS  BXPCGTDT 00000001 BXPC 00000001)
Oct 25 17:31:34 ubuntu systemd[1]: Created slice system-lvm2\x2dpvscan.slice.
Oct 25 17:31:34 ubuntu systemd[1]: Starting LVM2 PV scan on device 8:2...
Oct 25 17:31:34 ubuntu kernel: [    0.000000] ACPI: MCFG 0x000000053BE60000 00003C (v01 BOCHS  BXPCMCFG 00000001 BXPC 00000001)
Oct 25 17:31:34 ubuntu kernel: [    0.000000] ACPI: SPCR 0x000000053BE50000 000050 (v02 BOCHS  BXPCSPCR 00000001 BXPC 00000001)
Oct 25 17:31:34 ubuntu kernel: [    0.000000] ACPI: IORT 0x000000053BE40000 00007C (v00 BOCHS  BXPCIORT 00000001 BXPC 00000001)
Oct 25 17:31:34 ubuntu systemd[1]: Started File System Check Daemon to report status.
Oct 25 17:31:34 ubuntu kernel: [    0.000000] ACPI: SPCR: console: pl011,mmio,0x9000000,9600
Oct 25 17:31:34 ubuntu kernel: [    0.000000] ACPI: NUMA: Failed to initialise from firmware
Oct 25 17:31:34 ubuntu kernel: [    0.000000] NUMA: Faking a node at [mem 0x0000000040000000-0x000000053fffffff]
Oct 25 17:31:34 ubuntu systemd-fsck[1034]: fsck.fat 4.1 (2017-01-24)
Oct 25 17:31:34 ubuntu kernel: [    0.000000] NUMA: NODE_DATA [mem 0x53d409300-0x53d40cfff]
Oct 25 17:31:34 ubuntu kernel: [    0.000000] Zone ranges:
Oct 25 17:31:34 ubuntu systemd-fsck[1034]: /dev/sda1: 5 files, 41/65501 clusters
Oct 25 17:31:34 ubuntu kernel: [    0.000000]   DMA      [mem 0x0000000040000000-0x000000007fffffff]
Oct 25 17:31:34 ubuntu kernel: [    0.000000]   DMA32    [mem 0x0000000080000000-0x00000000ffffffff]
Oct 25 17:31:34 ubuntu kernel: [    0.000000]   Normal   [mem 0x0000000100000000-0x000000053fffffff]
Oct 25 17:31:34 ubuntu kernel: [    0.000000] Movable zone start for each node
Oct 25 17:31:34 ubuntu systemd[1]: Started File System Check on /dev/disk/by-uuid/5EA9-3D4C.
Oct 25 17:31:34 ubuntu kernel: [    0.000000] Early memory node ranges
Oct 25 17:31:34 ubuntu kernel: [    0.000000]   node   0: [mem 0x0000000040000000-0x000000053bedffff]
Oct 25 17:31:34 ubuntu kernel: [    0.000000]   node   0: [mem 0x000000053bee0000-0x000000053bffffff]
Oct 25 17:31:34 ubuntu kernel: [    0.000000]   node   0: [mem 0x000000053c000000-0x000000053c02ffff]
Oct 25 17:31:34 ubuntu kernel: [    0.000000]   node   0: [mem 0x000000053c030000-0x000000053c0affff]
Oct 25 17:31:34 ubuntu kernel: [    0.000000]   node   0: [mem 0x000000053c0b0000-0x000000053f57ffff]
Oct 25 17:31:34 ubuntu lvm[1035]:   2 logical volume(s) in volume group "ubuntu-vg" now active
Oct 25 17:31:34 ubuntu kernel: [    0.000000]   node   0: [mem 0x000000053f580000-0x000000053f95ffff]
Oct 25 17:31:34 ubuntu systemd[1]: Mounting /boot/efi...
Oct 25 17:31:34 ubuntu kernel: [    0.000000]   node   0: [mem 0x000000053f960000-0x000000053fffffff]
Oct 25 17:31:34 ubuntu kernel: [    0.000000] Zeroed struct page in unavailable ranges: 544 pages
Oct 25 17:31:34 ubuntu kernel: [    0.000000] Initmem setup node 0 [mem 0x0000000040000000-0x000000053fffffff]
Oct 25 17:31:34 ubuntu kernel: [    0.000000] On node 0 totalpages: 5242880
Oct 25 17:31:34 ubuntu systemd[1]: Started LVM2 PV scan on device 8:2.
Oct 25 17:31:34 ubuntu kernel: [    0.000000]   DMA zone: 5120 pages used for memmap
Oct 25 17:31:34 ubuntu systemd[1]: Mounted /boot/efi.
Oct 25 17:31:34 ubuntu kernel: [    0.000000]   DMA zone: 0 pages reserved
Oct 25 17:31:34 ubuntu systemd[1]: Reached target Local File Systems.
Oct 25 17:31:34 ubuntu kernel: [    0.000000]   DMA zone: 262144 pages, LIFO batch:63
Oct 25 17:31:34 ubuntu kernel: [    0.000000]   DMA32 zone: 10240 pages used for memmap
Oct 25 17:31:34 ubuntu kernel: [    0.000000]   DMA32 zone: 524288 pages, LIFO batch:63
Oct 25 17:31:34 ubuntu kernel: [    0.000000]   Normal zone: 87040 pages used for memmap
Oct 25 17:31:34 ubuntu kernel: [    0.000000]   Normal zone: 4456448 pages, LIFO batch:63
Oct 25 17:31:34 ubuntu kernel: [    0.000000] psci: probing for conduit method from ACPI.
Oct 25 17:31:34 ubuntu kernel: [    0.000000] psci: PSCIv1.0 detected in firmware.
Oct 25 17:31:34 ubuntu systemd[1]: Starting Set console font and keymap...
Oct 25 17:31:34 ubuntu kernel: [    0.000000] psci: Using standard PSCI v0.2 function IDs
Oct 25 17:31:34 ubuntu kernel: [    0.000000] psci: Trusted OS migration not required
Oct 25 17:31:34 ubuntu systemd[1]: Starting AppArmor initialization...
Oct 25 17:31:34 ubuntu systemd[1]: Starting ebtables ruleset management...
Oct 25 17:31:34 ubuntu systemd[1]: Starting Create Volatile Files and Directories...
Oct 25 17:31:34 ubuntu kernel: [    0.000000] psci: SMC Calling Convention v1.1
Oct 25 17:31:34 ubuntu systemd[1]: Starting Tell Plymouth To Write Out Runtime Data...
Oct 25 17:31:34 ubuntu systemd[1]: Started Set console font and keymap.
Oct 25 17:31:34 ubuntu kernel: [    0.000000] ACPI: SRAT not present
Oct 25 17:31:34 ubuntu systemd[1]: Started Create Volatile Files and Directories.
Oct 25 17:31:34 ubuntu kernel: [    0.000000] percpu: Embedded 33 pages/cpu s94616 r8192 d32360 u135168
Oct 25 17:31:34 ubuntu kernel: [    0.000000] pcpu-alloc: s94616 r8192 d32360 u135168 alloc=33*4096
Oct 25 17:31:34 ubuntu apparmor[1043]:  * Starting AppArmor profiles
Oct 25 17:31:34 ubuntu systemd[1]: Started Tell Plymouth To Write Out Runtime Data.
Oct 25 17:31:34 ubuntu systemd[1]: Starting Network Time Synchronization...
Oct 25 17:31:34 ubuntu kernel: [    0.000000] pcpu-alloc: [0] 00 [0] 01 [0] 02 [0] 03 [0] 04 [0] 05 [0] 06 [0] 07 
Oct 25 17:31:34 ubuntu systemd[1]: Starting Update UTMP about System Boot/Shutdown...
Oct 25 17:31:34 ubuntu kernel: [    0.000000] pcpu-alloc: [0] 08 [0] 09 [0] 10 [0] 11 [0] 12 [0] 13 [0] 14 [0] 15 
Oct 25 17:31:34 ubuntu kernel: [    0.000000] pcpu-alloc: [0] 16 [0] 17 [0] 18 [0] 19 [0] 20 [0] 21 [0] 22 [0] 23 
Oct 25 17:31:34 ubuntu systemd[1]: Started ebtables ruleset management.
Oct 25 17:31:34 ubuntu kernel: [    0.000000] pcpu-alloc: [0] 24 [0] 25 [0] 26 [0] 27 [0] 28 [0] 29 [0] 30 [0] 31 
Oct 25 17:31:34 ubuntu systemd[1]: Reached target Network (Pre).
Oct 25 17:31:34 ubuntu kernel: [    0.000000] Detected VIPT I-cache on CPU0
Oct 25 17:31:34 ubuntu systemd[1]: Starting Network Service...
Oct 25 17:31:34 ubuntu kernel: [    0.000000] CPU features: detected: GIC system register CPU interface
Oct 25 17:31:34 ubuntu kernel: [    0.000000] CPU features: detected: Hardware dirty bit management
Oct 25 17:31:34 ubuntu kernel: [    0.000000] Built 1 zonelists, mobility grouping on.  Total pages: 5140480
Oct 25 17:31:34 ubuntu kernel: [    0.000000] Policy zone: Normal
Oct 25 17:31:34 ubuntu systemd[1]: Started Update UTMP about System Boot/Shutdown.
Oct 25 17:31:34 ubuntu kernel: [    0.000000] Kernel command line: BOOT_IMAGE=/boot/vmlinuz-5.7.1 root=/dev/mapper/ubuntu--vg-root ro
Oct 25 17:31:34 ubuntu kernel: [    0.000000] Dentry cache hash table entries: 4194304 (order: 13, 33554432 bytes, linear)
Oct 25 17:31:34 ubuntu kernel: [    0.000000] Inode-cache hash table entries: 2097152 (order: 12, 16777216 bytes, linear)
Oct 25 17:31:34 ubuntu kernel: [    0.000000] mem auto-init: stack:off, heap alloc:on, heap free:off
Oct 25 17:31:34 ubuntu systemd-networkd[1071]: Enumeration completed
Oct 25 17:31:34 ubuntu kernel: [    0.000000] software IO TLB: mapped [mem 0x7bfff000-0x7ffff000] (64MB)
Oct 25 17:31:34 ubuntu kernel: [    0.000000] Memory: 20269604K/20971520K available (14204K kernel code, 2354K rwdata, 6868K rodata, 7040K init, 1132K bss, 669148K reserved, 32768K cma-reserved)
Oct 25 17:31:34 ubuntu kernel: [    0.000000] random: get_random_u64 called from __kmem_cache_create+0x54/0x5d8 with crng_init=0
Oct 25 17:31:34 ubuntu kernel: [    0.000000] SLUB: HWalign=64, Order=0-3, MinObjects=0, CPUs=32, Nodes=1
Oct 25 17:31:34 ubuntu systemd[1]: Started Network Service.
Oct 25 17:31:34 ubuntu kernel: [    0.000000] ftrace: allocating 46106 entries in 181 pages
Oct 25 17:31:34 ubuntu kernel: [    0.000000] ftrace: allocated 181 pages with 5 groups
Oct 25 17:31:34 ubuntu kernel: [    0.000000] rcu: Hierarchical RCU implementation.
Oct 25 17:31:34 ubuntu systemd-networkd[1071]: lo: Link is not managed by us
Oct 25 17:31:34 ubuntu kernel: [    0.000000] rcu: 	RCU restricting CPUs from NR_CPUS=256 to nr_cpu_ids=32.
Oct 25 17:31:34 ubuntu kernel: [    0.000000] 	Tasks RCU enabled.
Oct 25 17:31:34 ubuntu kernel: [    0.000000] rcu: RCU calculated value of scheduler-enlistment delay is 25 jiffies.
Oct 25 17:31:34 ubuntu systemd[1]: Starting Network Name Resolution...
Oct 25 17:31:34 ubuntu kernel: [    0.000000] rcu: Adjusting geometry for rcu_fanout_leaf=16, nr_cpu_ids=32
Oct 25 17:31:34 ubuntu systemd[1]: Starting Wait for Network to be Configured...
Oct 25 17:31:34 ubuntu kernel: [    0.000000] NR_IRQS: 64, nr_irqs: 64, preallocated irqs: 0
Oct 25 17:31:34 ubuntu kernel: [    0.000000] GICv3: 256 SPIs implemented
Oct 25 17:31:34 ubuntu kernel: [    0.000000] GICv3: 0 Extended SPIs implemented
Oct 25 17:31:34 ubuntu kernel: [    0.000000] GICv3: Distributor has no Range Selector support
Oct 25 17:31:34 ubuntu kernel: [    0.000000] GICv3: 16 PPIs implemented
Oct 25 17:31:34 ubuntu systemd[1]: Started Network Time Synchronization.
Oct 25 17:31:34 ubuntu kernel: [    0.000000] GICv3: CPU0: found redistributor 0 region 0:0x00000000080a0000
Oct 25 17:31:34 ubuntu kernel: [    0.000000] ACPI: SRAT not present
Oct 25 17:31:34 ubuntu kernel: [    0.000000] ITS [mem 0x08080000-0x0809ffff]
Oct 25 17:31:34 ubuntu systemd[1]: Reached target System Time Synchronized.
Oct 25 17:31:34 ubuntu kernel: [    0.000000] ITS@0x0000000008080000: allocated 8192 Devices @53ca00000 (indirect, esz 8, psz 64K, shr 1)
Oct 25 17:31:34 ubuntu kernel: [    0.000000] ITS@0x0000000008080000: allocated 8192 Interrupt Collections @53ca10000 (flat, esz 8, psz 64K, shr 1)
Oct 25 17:31:34 ubuntu kernel: [    0.000000] GICv3: using LPI property table @0x000000053ca20000
Oct 25 17:31:34 ubuntu kernel: [    0.000000] GICv3: CPU0: using allocated LPI pending table @0x000000053ca30000
Oct 25 17:31:34 ubuntu systemd-networkd-wait-online[1099]: ignoring: lo
Oct 25 17:31:34 ubuntu kernel: [    0.000000] arch_timer: cp15 timer(s) running at 100.00MHz (virt).
Oct 25 17:31:34 ubuntu kernel: [    0.000000] clocksource: arch_sys_counter: mask: 0xffffffffffffff max_cycles: 0x171024e7e0, max_idle_ns: 440795205315 ns
Oct 25 17:31:34 ubuntu kernel: [    0.000002] sched_clock: 56 bits at 100MHz, resolution 10ns, wraps every 4398046511100ns
Oct 25 17:31:34 ubuntu apparmor[1043]: Skipping profile in /etc/apparmor.d/disable: usr.sbin.rsyslogd
Oct 25 17:31:34 ubuntu kernel: [    0.000277] Console: colour dummy device 80x25
Oct 25 17:31:34 ubuntu kernel: [    0.000347] ACPI: Core revision 20200326
Oct 25 17:31:34 ubuntu kernel: [    0.000522] Calibrating delay loop (skipped), value calculated using timer frequency.. 200.00 BogoMIPS (lpj=400000)
Oct 25 17:31:34 ubuntu kernel: [    0.000525] pid_max: default: 32768 minimum: 301
Oct 25 17:31:34 ubuntu kernel: [    0.000600] LSM: Security Framework initializing
Oct 25 17:31:34 ubuntu kernel: [    0.000632] Yama: becoming mindful.
Oct 25 17:31:34 ubuntu systemd-networkd[1071]: enp1s0: Gained carrier
Oct 25 17:31:34 ubuntu kernel: [    0.000818] AppArmor: AppArmor initialized
Oct 25 17:31:34 ubuntu kernel: [    0.001318] Mount-cache hash table entries: 65536 (order: 7, 524288 bytes, linear)
Oct 25 17:31:34 ubuntu kernel: [    0.001702] Mountpoint-cache hash table entries: 65536 (order: 7, 524288 bytes, linear)
Oct 25 17:31:34 ubuntu kernel: [    0.003576] ACPI PPTT: No PPTT table found, CPU and cache topology may be inaccurate
Oct 25 17:31:34 ubuntu kernel: [    0.003926] rcu: Hierarchical SRCU implementation.
Oct 25 17:31:34 ubuntu systemd-networkd-wait-online[1099]: ignoring: lo
Oct 25 17:31:34 ubuntu kernel: [    0.004872] Platform MSI: ITS@0x8080000 domain created
Oct 25 17:31:34 ubuntu kernel: [    0.004890] PCI/MSI: ITS@0x8080000 domain created
Oct 25 17:31:34 ubuntu kernel: [    0.004942] Remapping and enabling EFI services.
Oct 25 17:31:34 ubuntu systemd-timesyncd[1062]: Network configuration changed, trying to establish connection.
Oct 25 17:31:34 ubuntu kernel: [    0.004957] [mitosis-origin] pgd_alloc for mm=ffff800011dcda40 and mm->pgd =ffff0004df9ba000.
Oct 25 17:31:34 ubuntu kernel: [    0.006366] smp: Bringing up secondary CPUs ...
Oct 25 17:31:34 ubuntu kernel: [    0.126274] Detected VIPT I-cache on CPU1
Oct 25 17:31:34 ubuntu kernel: [    0.126294] GICv3: CPU1: found redistributor 1 region 0:0x00000000080c0000
Oct 25 17:31:34 ubuntu kernel: [    0.126562] GICv3: CPU1: using allocated LPI pending table @0x000000053ca40000
Oct 25 17:31:34 ubuntu systemd-networkd-wait-online[1099]: ignoring: lo
Oct 25 17:31:34 ubuntu kernel: [    0.126596] CPU1: Booted secondary processor 0x0000000001 [0x481fd010]
Oct 25 17:31:34 ubuntu systemd-resolved[1097]: Positive Trust Anchors:
Oct 25 17:31:34 ubuntu systemd-resolved[1097]: . IN DS 19036 8 2 49aac11d7b6f6446702e54a1607371607a1a41855200fd2ce1cdde32f24e8fb5
Oct 25 17:31:34 ubuntu systemd-resolved[1097]: . IN DS 20326 8 2 e06d44b80b8f1d39a95c0b0d7c65d08458e880409bbc683457104237c7f8ec8d
Oct 25 17:31:34 ubuntu systemd-resolved[1097]: Negative trust anchors: 10.in-addr.arpa 16.172.in-addr.arpa 17.172.in-addr.arpa 18.172.in-addr.arpa 19.172.in-addr.arpa 20.172.in-addr.arpa 21.172.in-addr.arpa 22.172.in-addr.arpa 23.172.in-addr.arpa 24.172.in-addr.arpa 25.172.in-addr.arpa 26.172.in-addr.arpa 27.172.in-addr.arpa 28.172.in-addr.arpa 29.172.in-addr.arpa 30.172.in-addr.arpa 31.172.in-addr.arpa 168.192.in-addr.arpa d.f.ip6.arpa corp home internal intranet lan local private test
Oct 25 17:31:34 ubuntu systemd-resolved[1097]: Using system hostname 'ubuntu'.
Oct 25 17:31:34 ubuntu systemd[1]: Started Network Name Resolution.
Oct 25 17:31:34 ubuntu systemd[1]: Reached target Network.
Oct 25 17:31:34 ubuntu systemd[1]: Reached target Host and Network Name Lookups.
Oct 25 17:31:34 ubuntu apparmor[1043]:    ...done.
Oct 25 17:31:34 ubuntu systemd[1]: Started AppArmor initialization.
Oct 25 17:31:34 ubuntu systemd[1]: Reached target System Initialization.
Oct 25 17:31:34 ubuntu kernel: [    0.413934] Detected VIPT I-cache on CPU2
Oct 25 17:31:34 ubuntu kernel: [    0.413974] GICv3: CPU2: found redistributor 2 region 0:0x00000000080e0000
Oct 25 17:31:34 ubuntu systemd[1]: Listening on UUID daemon activation socket.
Oct 25 17:31:34 ubuntu kernel: [    0.414287] GICv3: CPU2: using allocated LPI pending table @0x000000053ca50000
Oct 25 17:31:34 ubuntu systemd[1]: Started Discard unused blocks once a week.
Oct 25 17:31:34 ubuntu kernel: [    0.414340] CPU2: Booted secondary processor 0x0000000002 [0x481fd010]
Oct 25 17:31:34 ubuntu systemd[1]: Started ACPI Events Check.
Oct 25 17:31:34 ubuntu kernel: [    0.690118] Detected VIPT I-cache on CPU3
Oct 25 17:31:34 ubuntu kernel: [    0.690157] GICv3: CPU3: found redistributor 3 region 0:0x0000000008100000
Oct 25 17:31:34 ubuntu kernel: [    0.690421] GICv3: CPU3: using allocated LPI pending table @0x000000053ca60000
Oct 25 17:31:34 ubuntu systemd[1]: Reached target Paths.
Oct 25 17:31:34 ubuntu kernel: [    0.690456] CPU3: Booted secondary processor 0x0000000003 [0x481fd010]
Oct 25 17:31:34 ubuntu kernel: [    0.969252] Detected VIPT I-cache on CPU4
Oct 25 17:31:34 ubuntu kernel: [    0.969281] GICv3: CPU4: found redistributor 4 region 0:0x0000000008120000
Oct 25 17:31:34 ubuntu kernel: [    0.969561] GICv3: CPU4: using allocated LPI pending table @0x000000053ca70000
Oct 25 17:31:34 ubuntu systemd[1]: Starting LXD - unix socket.
Oct 25 17:31:34 ubuntu kernel: [    0.969601] CPU4: Booted secondary processor 0x0000000004 [0x481fd010]
Oct 25 17:31:34 ubuntu kernel: [    1.245672] Detected VIPT I-cache on CPU5
Oct 25 17:31:34 ubuntu kernel: [    1.245697] GICv3: CPU5: found redistributor 5 region 0:0x0000000008140000
Oct 25 17:31:34 ubuntu kernel: [    1.245975] GICv3: CPU5: using allocated LPI pending table @0x000000053ca80000
Oct 25 17:31:34 ubuntu systemd[1]: Started Message of the Day.
Oct 25 17:31:34 ubuntu kernel: [    1.246012] CPU5: Booted secondary processor 0x0000000005 [0x481fd010]
Oct 25 17:31:34 ubuntu kernel: [    1.352607] Detected VIPT I-cache on CPU6
Oct 25 17:31:34 ubuntu kernel: [    1.352689] GICv3: CPU6: found redistributor 6 region 0:0x0000000008160000
Oct 25 17:31:34 ubuntu systemd[1]: Listening on Open-iSCSI iscsid Socket.
Oct 25 17:31:34 ubuntu kernel: [    1.353164] GICv3: CPU6: using allocated LPI pending table @0x000000053ca90000
Oct 25 17:31:34 ubuntu kernel: [    1.353264] CPU6: Booted secondary processor 0x0000000006 [0x481fd010]
Oct 25 17:31:34 ubuntu systemd[1]: Started Daily Cleanup of Temporary Directories.
Oct 25 17:31:34 ubuntu kernel: [    1.629376] Detected VIPT I-cache on CPU7
Oct 25 17:31:34 ubuntu kernel: [    1.629403] GICv3: CPU7: found redistributor 7 region 0:0x0000000008180000
Oct 25 17:31:34 ubuntu systemd[1]: Listening on ACPID Listen Socket.
Oct 25 17:31:34 ubuntu kernel: [    1.629674] GICv3: CPU7: using allocated LPI pending table @0x000000053caa0000
Oct 25 17:31:34 ubuntu kernel: [    1.629708] CPU7: Booted secondary processor 0x0000000007 [0x481fd010]
Oct 25 17:31:34 ubuntu systemd[1]: Starting Socket activation for snappy daemon.
Oct 25 17:31:34 ubuntu kernel: [    1.875381] Detected VIPT I-cache on CPU8
Oct 25 17:31:34 ubuntu systemd[1]: Started Daily apt download activities.
Oct 25 17:31:34 ubuntu systemd[1]: Started Daily apt upgrade and clean activities.
Oct 25 17:31:34 ubuntu kernel: [    1.875413] GICv3: CPU8: found redistributor 8 region 0:0x00000000081a0000
Oct 25 17:31:34 ubuntu kernel: [    1.875720] GICv3: CPU8: using allocated LPI pending table @0x000000053cab0000
Oct 25 17:31:34 ubuntu systemd[1]: Reached target Timers.
Oct 25 17:31:34 ubuntu kernel: [    1.875768] CPU8: Booted secondary processor 0x0000000008 [0x481fd010]
Oct 25 17:31:34 ubuntu kernel: [    2.152883] Detected VIPT I-cache on CPU9
Oct 25 17:31:34 ubuntu systemd[1]: Listening on D-Bus System Message Bus Socket.
Oct 25 17:31:34 ubuntu kernel: [    2.152912] GICv3: CPU9: found redistributor 9 region 0:0x00000000081c0000
Oct 25 17:31:34 ubuntu kernel: [    2.153167] GICv3: CPU9: using allocated LPI pending table @0x000000053cac0000
Oct 25 17:31:34 ubuntu systemd[1]: Listening on LXD - unix socket.
Oct 25 17:31:34 ubuntu kernel: [    2.153202] CPU9: Booted secondary processor 0x0000000009 [0x481fd010]
Oct 25 17:31:34 ubuntu kernel: [    2.437764] Detected VIPT I-cache on CPU10
Oct 25 17:31:34 ubuntu systemd[1]: Listening on Socket activation for snappy daemon.
Oct 25 17:31:34 ubuntu kernel: [    2.437804] GICv3: CPU10: found redistributor a region 0:0x00000000081e0000
Oct 25 17:31:34 ubuntu systemd[1]: Reached target Sockets.
Oct 25 17:31:34 ubuntu kernel: [    2.438080] GICv3: CPU10: using allocated LPI pending table @0x000000053cad0000
Oct 25 17:31:34 ubuntu kernel: [    2.438124] CPU10: Booted secondary processor 0x000000000a [0x481fd010]
Oct 25 17:31:34 ubuntu kernel: [    2.555429] Detected VIPT I-cache on CPU11
Oct 25 17:31:34 ubuntu systemd[1]: Reached target Basic System.
Oct 25 17:31:34 ubuntu kernel: [    2.555524] GICv3: CPU11: found redistributor b region 0:0x0000000008200000
Oct 25 17:31:34 ubuntu kernel: [    2.555918] GICv3: CPU11: using allocated LPI pending table @0x000000053cae0000
Oct 25 17:31:34 ubuntu kernel: [    2.556001] CPU11: Booted secondary processor 0x000000000b [0x481fd010]
Oct 25 17:31:34 ubuntu systemd[1]: Starting Accounts Service...
Oct 25 17:31:34 ubuntu kernel: [    2.843138] Detected VIPT I-cache on CPU12
Oct 25 17:31:34 ubuntu kernel: [    2.843176] GICv3: CPU12: found redistributor c region 0:0x0000000008220000
Oct 25 17:31:34 ubuntu kernel: [    2.843436] GICv3: CPU12: using allocated LPI pending table @0x000000053caf0000
Oct 25 17:31:34 ubuntu systemd[1]: Started D-Bus System Message Bus.
Oct 25 17:31:34 ubuntu kernel: [    2.843469] CPU12: Booted secondary processor 0x000000000c [0x481fd010]
Oct 25 17:31:34 ubuntu kernel: [    2.982858] Detected VIPT I-cache on CPU13
Oct 25 17:31:34 ubuntu systemd[1]: Started irqbalance daemon.
Oct 25 17:31:34 ubuntu kernel: [    2.982899] GICv3: CPU13: found redistributor d region 0:0x0000000008240000
Oct 25 17:31:34 ubuntu systemd[1]: Starting LSB: Record successful boot for GRUB...
Oct 25 17:31:34 ubuntu kernel: [    2.983153] GICv3: CPU13: using allocated LPI pending table @0x000000053cb00000
Oct 25 17:31:34 ubuntu kernel: [    2.983193] CPU13: Booted secondary processor 0x000000000d [0x481fd010]
Oct 25 17:31:34 ubuntu kernel: [    3.269486] Detected VIPT I-cache on CPU14
Oct 25 17:31:34 ubuntu kernel: [    3.269527] GICv3: CPU14: found redistributor e region 0:0x0000000008260000
Oct 25 17:31:34 ubuntu systemd[1]: Starting Login Service...
Oct 25 17:31:34 ubuntu kernel: [    3.269778] GICv3: CPU14: using allocated LPI pending table @0x000000053cb10000
Oct 25 17:31:34 ubuntu kernel: [    3.269808] CPU14: Booted secondary processor 0x000000000e [0x481fd010]
Oct 25 17:31:34 ubuntu kernel: [    3.550762] Detected VIPT I-cache on CPU15
Oct 25 17:31:34 ubuntu kernel: [    3.550805] GICv3: CPU15: found redistributor f region 0:0x0000000008280000
Oct 25 17:31:34 ubuntu kernel: [    3.551028] GICv3: CPU15: using allocated LPI pending table @0x000000053cb20000
Oct 25 17:31:34 ubuntu dbus-daemon[1137]: [system] Activating via systemd: service name='org.freedesktop.PolicyKit1' unit='polkit.service' requested by ':1.3' (uid=0 pid=1136 comm="/usr/lib/accountsservice/accounts-daemon ")
Oct 25 17:31:34 ubuntu kernel: [    3.551064] CPU15: Booted secondary processor 0x000000000f [0x481fd010]
Oct 25 17:31:34 ubuntu kernel: [    3.658461] Detected VIPT I-cache on CPU16
Oct 25 17:31:34 ubuntu kernel: [    3.658574] GICv3: CPU16: found redistributor 100 region 0:0x00000000082a0000
Oct 25 17:31:34 ubuntu kernel: [    3.658992] GICv3: CPU16: using allocated LPI pending table @0x000000053cb30000
Oct 25 17:31:34 ubuntu kernel: [    3.659062] CPU16: Booted secondary processor 0x0000000100 [0x481fd010]
Oct 25 17:31:34 ubuntu kernel: [    3.945559] Detected VIPT I-cache on CPU17
Oct 25 17:31:34 ubuntu kernel: [    3.945617] GICv3: CPU17: found redistributor 101 region 0:0x00000000082c0000
Oct 25 17:31:34 ubuntu kernel: [    3.945897] GICv3: CPU17: using allocated LPI pending table @0x000000053cb40000
Oct 25 17:31:34 ubuntu kernel: [    3.945944] CPU17: Booted secondary processor 0x0000000101 [0x481fd010]
Oct 25 17:31:34 ubuntu kernel: [    4.064019] Detected VIPT I-cache on CPU18
Oct 25 17:31:34 ubuntu kernel: [    4.064080] GICv3: CPU18: found redistributor 102 region 0:0x00000000082e0000
Oct 25 17:31:34 ubuntu kernel: [    4.064313] GICv3: CPU18: using allocated LPI pending table @0x000000053cb50000
Oct 25 17:31:34 ubuntu systemd[1]: Starting System Logging Service...
Oct 25 17:31:34 ubuntu kernel: [    4.064356] CPU18: Booted secondary processor 0x0000000102 [0x481fd010]
Oct 25 17:31:34 ubuntu kernel: [    4.346350] Detected VIPT I-cache on CPU19
Oct 25 17:31:34 ubuntu kernel: [    4.346405] GICv3: CPU19: found redistributor 103 region 0:0x0000000008300000
Oct 25 17:31:34 ubuntu kernel: [    4.346865] GICv3: CPU19: using allocated LPI pending table @0x000000053cb60000
Oct 25 17:31:34 ubuntu kernel: [    4.346910] CPU19: Booted secondary processor 0x0000000103 [0x481fd010]
Oct 25 17:31:34 ubuntu /usr/sbin/irqbalance: IRQ arch_timer(2) guessed as class 0
Oct 25 17:31:34 ubuntu kernel: [    4.476951] Detected VIPT I-cache on CPU20
Oct 25 17:31:34 ubuntu kernel: [    4.477012] GICv3: CPU20: found redistributor 104 region 0:0x0000000008320000
Oct 25 17:31:34 ubuntu /usr/sbin/irqbalance: IRQ uart-pl011(4) guessed as class 0
Oct 25 17:31:34 ubuntu kernel: [    4.477306] GICv3: CPU20: using allocated LPI pending table @0x000000053cb70000
Oct 25 17:31:34 ubuntu kernel: [    4.477353] CPU20: Booted secondary processor 0x0000000104 [0x481fd010]
Oct 25 17:31:34 ubuntu kernel: [    4.761579] Detected VIPT I-cache on CPU21
Oct 25 17:31:34 ubuntu /usr/sbin/irqbalance: IRQ arm-pmu(42) guessed as class 0
Oct 25 17:31:34 ubuntu kernel: [    4.761632] GICv3: CPU21: found redistributor 105 region 0:0x0000000008340000
Oct 25 17:31:34 ubuntu kernel: [    4.761934] GICv3: CPU21: using allocated LPI pending table @0x000000053cb80000
Oct 25 17:31:34 ubuntu kernel: [    4.761976] CPU21: Booted secondary processor 0x0000000105 [0x481fd010]
Oct 25 17:31:34 ubuntu kernel: [    4.870090] Detected VIPT I-cache on CPU22
Oct 25 17:31:34 ubuntu /usr/sbin/irqbalance: IRQ ACPI:Event(43) guessed as class 0
Oct 25 17:31:34 ubuntu kernel: [    4.870221] GICv3: CPU22: found redistributor 106 region 0:0x0000000008360000
Oct 25 17:31:34 ubuntu kernel: [    4.870702] GICv3: CPU22: using allocated LPI pending table @0x000000053cb90000
Oct 25 17:31:34 ubuntu /usr/sbin/irqbalance: IRQ pciehp(44) guessed as class 0
Oct 25 17:31:34 ubuntu kernel: [    4.870774] CPU22: Booted secondary processor 0x0000000106 [0x481fd010]
Oct 25 17:31:34 ubuntu kernel: [    5.162085] Detected VIPT I-cache on CPU23
Oct 25 17:31:34 ubuntu kernel: [    5.162147] GICv3: CPU23: found redistributor 107 region 0:0x0000000008380000
Oct 25 17:31:34 ubuntu kernel: [    5.162562] GICv3: CPU23: using allocated LPI pending table @0x000000053cba0000
Oct 25 17:31:34 ubuntu /usr/sbin/irqbalance: IRQ pciehp(45) guessed as class 0
Oct 25 17:31:34 ubuntu kernel: [    5.162609] CPU23: Booted secondary processor 0x0000000107 [0x481fd010]
Oct 25 17:31:34 ubuntu kernel: [    5.447853] Detected VIPT I-cache on CPU24
Oct 25 17:31:34 ubuntu kernel: [    5.447917] GICv3: CPU24: found redistributor 108 region 0:0x00000000083a0000
Oct 25 17:31:34 ubuntu /usr/sbin/irqbalance: IRQ pciehp(46) guessed as class 0
Oct 25 17:31:34 ubuntu kernel: [    5.448196] GICv3: CPU24: using allocated LPI pending table @0x000000053cbb0000
Oct 25 17:31:34 ubuntu kernel: [    5.448237] CPU24: Booted secondary processor 0x0000000108 [0x481fd010]
Oct 25 17:31:34 ubuntu /usr/sbin/irqbalance: IRQ pciehp(47) guessed as class 0
Oct 25 17:31:34 ubuntu kernel: [    5.556825] Detected VIPT I-cache on CPU25
Oct 25 17:31:34 ubuntu kernel: [    5.556888] GICv3: CPU25: found redistributor 109 region 0:0x00000000083c0000
Oct 25 17:31:34 ubuntu /usr/sbin/irqbalance: IRQ xhci_hcd(48) guessed as class 0
Oct 25 17:31:34 ubuntu kernel: [    5.557124] GICv3: CPU25: using allocated LPI pending table @0x000000053cbc0000
Oct 25 17:31:34 ubuntu kernel: [    5.557157] CPU25: Booted secondary processor 0x0000000109 [0x481fd010]
Oct 25 17:31:34 ubuntu kernel: [    5.835937] Detected VIPT I-cache on CPU26
Oct 25 17:31:34 ubuntu kernel: [    5.836004] GICv3: CPU26: found redistributor 10a region 0:0x00000000083e0000
Oct 25 17:31:34 ubuntu /usr/sbin/irqbalance: IRQ xhci_hcd(49) guessed as class 0
Oct 25 17:31:34 ubuntu kernel: [    5.836314] GICv3: CPU26: using allocated LPI pending table @0x000000053cbd0000
Oct 25 17:31:34 ubuntu kernel: [    5.836369] CPU26: Booted secondary processor 0x000000010a [0x481fd010]
Oct 25 17:31:34 ubuntu /usr/sbin/irqbalance: IRQ xhci_hcd(50) guessed as class 0
Oct 25 17:31:34 ubuntu kernel: [    5.954309] Detected VIPT I-cache on CPU27
Oct 25 17:31:34 ubuntu /usr/sbin/irqbalance: IRQ xhci_hcd(51) guessed as class 0
Oct 25 17:31:34 ubuntu kernel: [    5.954451] GICv3: CPU27: found redistributor 10b region 0:0x0000000008400000
Oct 25 17:31:34 ubuntu kernel: [    5.954862] GICv3: CPU27: using allocated LPI pending table @0x000000053cbe0000
Oct 25 17:31:34 ubuntu kernel: [    5.954940] CPU27: Booted secondary processor 0x000000010b [0x481fd010]
Oct 25 17:31:34 ubuntu /usr/sbin/irqbalance: IRQ xhci_hcd(52) guessed as class 0
Oct 25 17:31:34 ubuntu kernel: [    6.241342] Detected VIPT I-cache on CPU28
Oct 25 17:31:34 ubuntu kernel: [    6.241410] GICv3: CPU28: found redistributor 10c region 0:0x0000000008420000
Oct 25 17:31:34 ubuntu kernel: [    6.241678] GICv3: CPU28: using allocated LPI pending table @0x000000053cbf0000
Oct 25 17:31:34 ubuntu kernel: [    6.241717] CPU28: Booted secondary processor 0x000000010c [0x481fd010]
Oct 25 17:31:34 ubuntu kernel: [    6.351751] Detected VIPT I-cache on CPU29
Oct 25 17:31:34 ubuntu kernel: [    6.351919] GICv3: CPU29: found redistributor 10d region 0:0x0000000008440000
Oct 25 17:31:34 ubuntu /usr/sbin/irqbalance: IRQ xhci_hcd(53) guessed as class 0
Oct 25 17:31:34 ubuntu kernel: [    6.352381] GICv3: CPU29: using allocated LPI pending table @0x000000051f800000
Oct 25 17:31:34 ubuntu /usr/sbin/irqbalance: IRQ xhci_hcd(54) guessed as class 0
Oct 25 17:31:34 ubuntu kernel: [    6.352455] CPU29: Booted secondary processor 0x000000010d [0x481fd010]
Oct 25 17:31:34 ubuntu kernel: [    6.641324] Detected VIPT I-cache on CPU30
Oct 25 17:31:34 ubuntu kernel: [    6.641398] GICv3: CPU30: found redistributor 10e region 0:0x0000000008460000
Oct 25 17:31:34 ubuntu kernel: [    6.641653] GICv3: CPU30: using allocated LPI pending table @0x000000051f810000
Oct 25 17:31:34 ubuntu /usr/sbin/irqbalance: IRQ xhci_hcd(55) guessed as class 0
Oct 25 17:31:34 ubuntu kernel: [    6.641694] CPU30: Booted secondary processor 0x000000010e [0x481fd010]
Oct 25 17:31:34 ubuntu kernel: [    6.937421] Detected VIPT I-cache on CPU31
Oct 25 17:31:34 ubuntu /usr/sbin/irqbalance: IRQ xhci_hcd(56) guessed as class 0
Oct 25 17:31:34 ubuntu kernel: [    6.937497] GICv3: CPU31: found redistributor 10f region 0:0x0000000008480000
Oct 25 17:31:34 ubuntu kernel: [    6.937741] GICv3: CPU31: using allocated LPI pending table @0x000000051f820000
Oct 25 17:31:34 ubuntu /usr/sbin/irqbalance: IRQ xhci_hcd(57) guessed as class 0
Oct 25 17:31:34 ubuntu kernel: [    6.937779] CPU31: Booted secondary processor 0x000000010f [0x481fd010]
Oct 25 17:31:34 ubuntu kernel: [    6.937980] smp: Brought up 1 node, 32 CPUs
Oct 25 17:31:34 ubuntu /usr/sbin/irqbalance: IRQ xhci_hcd(58) guessed as class 0
Oct 25 17:31:34 ubuntu kernel: [    6.938090] SMP: Total of 32 processors activated.
Oct 25 17:31:34 ubuntu kernel: [    6.938096] CPU features: detected: Privileged Access Never
Oct 25 17:31:34 ubuntu kernel: [    6.938099] CPU features: detected: LSE atomic instructions
Oct 25 17:31:34 ubuntu kernel: [    6.938101] CPU features: detected: User Access Override
Oct 25 17:31:34 ubuntu kernel: [    6.938106] CPU features: detected: Common not Private translations
Oct 25 17:31:34 ubuntu /usr/sbin/irqbalance: IRQ xhci_hcd(59) guessed as class 0
Oct 25 17:31:34 ubuntu kernel: [    6.938108] CPU features: detected: Data cache clean to Point of Persistence
Oct 25 17:31:34 ubuntu kernel: [    6.938111] CPU features: detected: RAS Extension Support
Oct 25 17:31:34 ubuntu /usr/sbin/irqbalance: IRQ xhci_hcd(60) guessed as class 0
Oct 25 17:31:34 ubuntu kernel: [    6.938115] CPU features: detected: CRC32 instructions
Oct 25 17:31:34 ubuntu kernel: [    7.051726] CPU: All CPU(s) started at EL1
Oct 25 17:31:34 ubuntu /usr/sbin/irqbalance: IRQ xhci_hcd(61) guessed as class 0
Oct 25 17:31:34 ubuntu kernel: [    7.052209] alternatives: patching kernel code
Oct 25 17:31:34 ubuntu kernel: [    7.059349] devtmpfs: initialized
Oct 25 17:31:34 ubuntu kernel: [    7.061068] Registered cp15_barrier emulation handler
Oct 25 17:31:34 ubuntu kernel: [    7.061252] Registered setend emulation handler
Oct 25 17:31:34 ubuntu kernel: [    7.061256] KASLR disabled due to lack of seed
Oct 25 17:31:34 ubuntu /usr/sbin/irqbalance: IRQ xhci_hcd(62) guessed as class 0
Oct 25 17:31:34 ubuntu kernel: [    7.062259] clocksource: jiffies: mask: 0xffffffff max_cycles: 0xffffffff, max_idle_ns: 7645041785100000 ns
Oct 25 17:31:34 ubuntu kernel: [    7.062713] futex hash table entries: 8192 (order: 7, 524288 bytes, linear)
Oct 25 17:31:34 ubuntu /usr/sbin/irqbalance: IRQ xhci_hcd(63) guessed as class 0
Oct 25 17:31:34 ubuntu kernel: [    7.064080] pinctrl core: initialized pinctrl subsystem
Oct 25 17:31:34 ubuntu kernel: [    7.064678] thermal_sys: Registered thermal governor 'fair_share'
Oct 25 17:31:34 ubuntu kernel: [    7.064679] thermal_sys: Registered thermal governor 'bang_bang'
Oct 25 17:31:34 ubuntu kernel: [    7.064681] thermal_sys: Registered thermal governor 'step_wise'
Oct 25 17:31:34 ubuntu kernel: [    7.064683] thermal_sys: Registered thermal governor 'user_space'
Oct 25 17:31:34 ubuntu kernel: [    7.064820] SMBIOS 3.0.0 present.
Oct 25 17:31:34 ubuntu /usr/sbin/irqbalance: IRQ virtio1-config(64) guessed as class 0
Oct 25 17:31:34 ubuntu kernel: [    7.064825] DMI: QEMU KVM Virtual Machine, BIOS 0.0.0 02/06/2015
Oct 25 17:31:34 ubuntu kernel: [    7.065586] NET: Registered protocol family 16
Oct 25 17:31:34 ubuntu kernel: [    7.069113] DMA: preallocated 256 KiB pool for atomic allocations
Oct 25 17:31:34 ubuntu kernel: [    7.069140] audit: initializing netlink subsys (disabled)
Oct 25 17:31:34 ubuntu kernel: [    7.069701] audit: type=2000 audit(6.896:1): state=initialized audit_enabled=0 res=1
Oct 25 17:31:34 ubuntu /usr/sbin/irqbalance: IRQ virtio1-control(65) guessed as class 0
Oct 25 17:31:34 ubuntu kernel: [    7.071095] cpuidle: using governor ladder
Oct 25 17:31:34 ubuntu kernel: [    7.071390] cpuidle: using governor menu
Oct 25 17:31:34 ubuntu /usr/sbin/irqbalance: IRQ virtio1-event(66) guessed as class 0
Oct 25 17:31:34 ubuntu kernel: [    7.071584] hw-breakpoint: found 6 breakpoint and 4 watchpoint registers.
Oct 25 17:31:34 ubuntu kernel: [    7.074624] ASID allocator initialised with 65536 entries
Oct 25 17:31:34 ubuntu kernel: [    7.074919] ACPI: bus type PCI registered
Oct 25 17:31:34 ubuntu /usr/sbin/irqbalance: IRQ virtio1-request(67) guessed as class 0
Oct 25 17:31:34 ubuntu kernel: [    7.074936] acpiphp: ACPI Hot Plug PCI Controller Driver version: 0.5
Oct 25 17:31:34 ubuntu kernel: [    7.075320] Serial: AMBA PL011 UART driver
Oct 25 17:31:34 ubuntu /usr/sbin/irqbalance: IRQ virtio0-config(68) guessed as class 0
Oct 25 17:31:34 ubuntu kernel: [    7.082017] HugeTLB registered 1.00 GiB page size, pre-allocated 0 pages
Oct 25 17:31:34 ubuntu kernel: [    7.082021] HugeTLB registered 32.0 MiB page size, pre-allocated 0 pages
Oct 25 17:31:34 ubuntu kernel: [    7.082024] HugeTLB registered 2.00 MiB page size, pre-allocated 0 pages
Oct 25 17:31:34 ubuntu kernel: [    7.082026] HugeTLB registered 64.0 KiB page size, pre-allocated 0 pages
Oct 25 17:31:34 ubuntu /usr/sbin/irqbalance: IRQ virtio0-input.0(69) guessed as class 0
Oct 25 17:31:34 ubuntu kernel: [    7.101755] ACPI: Added _OSI(Module Device)
Oct 25 17:31:34 ubuntu kernel: [    7.101758] ACPI: Added _OSI(Processor Device)
Oct 25 17:31:34 ubuntu kernel: [    7.101760] ACPI: Added _OSI(3.0 _SCP Extensions)
Oct 25 17:31:34 ubuntu kernel: [    7.101761] ACPI: Added _OSI(Processor Aggregator Device)
Oct 25 17:31:34 ubuntu /usr/sbin/irqbalance: IRQ virtio0-output.0(70) guessed as class 0
Oct 25 17:31:34 ubuntu kernel: [    7.101763] ACPI: Added _OSI(Linux-Dell-Video)
Oct 25 17:31:34 ubuntu kernel: [    7.101765] ACPI: Added _OSI(Linux-Lenovo-NV-HDMI-Audio)
Oct 25 17:31:34 ubuntu kernel: [    7.101767] ACPI: Added _OSI(Linux-HPI-Hybrid-Graphics)
Oct 25 17:31:34 ubuntu systemd[1]: Starting Dispatcher daemon for systemd-networkd...
Oct 25 17:31:34 ubuntu kernel: [    7.102620] ACPI: 1 ACPI AML tables successfully acquired and loaded
Oct 25 17:31:34 ubuntu kernel: [    7.103181] ACPI: Interpreter enabled
Oct 25 17:31:34 ubuntu kernel: [    7.103184] ACPI: Using GIC for interrupt routing
Oct 25 17:31:34 ubuntu kernel: [    7.103215] ACPI: MCFG table detected, 1 entries
Oct 25 17:31:34 ubuntu kernel: [    7.108022] ARMH0011:00: ttyAMA0 at MMIO 0x9000000 (irq = 4, base_baud = 0) is a SBSA
Oct 25 17:31:34 ubuntu systemd[1]: Starting Snappy daemon...
Oct 25 17:31:34 ubuntu kernel: [    7.260276] printk: console [ttyAMA0] enabled
Oct 25 17:31:34 ubuntu kernel: [    7.262806] ACPI: PCI Root Bridge [PCI0] (domain 0000 [bus 00-0f])
Oct 25 17:31:34 ubuntu kernel: [    7.263452] acpi PNP0A08:00: _OSC: OS supports [ExtendedConfig ASPM ClockPM Segments MSI HPX-Type3]
Oct 25 17:31:34 ubuntu rsyslogd: imuxsock: Acquired UNIX socket '/run/systemd/journal/syslog' (fd 3) from systemd.  [v8.32.0]
Oct 25 17:31:34 ubuntu rsyslogd: rsyslogd's groupid changed to 106
Oct 25 17:31:34 ubuntu systemd[1]: Started Deferred execution scheduler.
Oct 25 17:31:34 ubuntu kernel: [    7.264461] acpi PNP0A08:00: _OSC: platform does not support [SHPCHotplug LTR]
Oct 25 17:31:34 ubuntu kernel: [    7.265229] acpi PNP0A08:00: _OSC: OS now controls [PCIeHotplug PME AER PCIeCapability]
Oct 25 17:31:34 ubuntu kernel: [    7.266289] acpi PNP0A08:00: ECAM area [mem 0x3f000000-0x3fffffff] reserved by PNP0C02:00
Oct 25 17:31:34 ubuntu rsyslogd: rsyslogd's userid changed to 102
Oct 25 17:31:34 ubuntu kernel: [    7.267132] acpi PNP0A08:00: ECAM at [mem 0x3f000000-0x3fffffff] for [bus 00-0f]
Oct 25 17:31:34 ubuntu kernel: [    7.267878] Remapped I/O 0x000000003eff0000 to [io  0x0000-0xffff window]
Oct 25 17:31:34 ubuntu kernel: [    7.268762] PCI host bridge to bus 0000:00
Oct 25 17:31:34 ubuntu kernel: [    7.269160] pci_bus 0000:00: root bus resource [mem 0x10000000-0x3efeffff window]
Oct 25 17:31:34 ubuntu rsyslogd:  [origin software="rsyslogd" swVersion="8.32.0" x-pid="1148" x-info="http://www.rsyslog.com"] start
Oct 25 17:31:34 ubuntu kernel: [    7.269848] pci_bus 0000:00: root bus resource [io  0x0000-0xffff window]
Oct 25 17:31:34 ubuntu kernel: [    7.270529] pci_bus 0000:00: root bus resource [mem 0x8000000000-0xffffffffff window]
Oct 25 17:31:34 ubuntu kernel: [    7.271273] pci_bus 0000:00: root bus resource [bus 00-0f]
Oct 25 17:31:34 ubuntu kernel: [    7.271839] pci 0000:00:00.0: [1b36:0008] type 00 class 0x060000
Oct 25 17:31:34 ubuntu kernel: [    7.272818] pci 0000:00:01.0: [1b36:000c] type 01 class 0x060400
Oct 25 17:31:34 ubuntu kernel: [    7.275095] pci 0000:00:01.0: reg 0x10: [mem 0x10303000-0x10303fff]
Oct 25 17:31:34 ubuntu kernel: [    7.278691] pci 0000:00:01.1: [1b36:000c] type 01 class 0x060400
Oct 25 17:31:34 ubuntu kernel: [    7.280827] pci 0000:00:01.1: reg 0x10: [mem 0x10302000-0x10302fff]
Oct 25 17:31:34 ubuntu kernel: [    7.286156] pci 0000:00:01.2: [1b36:000c] type 01 class 0x060400
Oct 25 17:31:34 ubuntu kernel: [    7.288380] pci 0000:00:01.2: reg 0x10: [mem 0x10301000-0x10301fff]
Oct 25 17:31:34 ubuntu kernel: [    7.292019] pci 0000:00:01.3: [1b36:000c] type 01 class 0x060400
Oct 25 17:31:34 ubuntu kernel: [    7.294272] pci 0000:00:01.3: reg 0x10: [mem 0x10300000-0x10300fff]
Oct 25 17:31:34 ubuntu kernel: [    7.299300] pci 0000:01:00.0: [1af4:1041] type 00 class 0x020000
Oct 25 17:31:34 ubuntu kernel: [    7.301170] pci 0000:01:00.0: reg 0x14: [mem 0x10200000-0x10200fff]
Oct 25 17:31:34 ubuntu kernel: [    7.303999] pci 0000:01:00.0: reg 0x20: [mem 0x8000000000-0x8000003fff 64bit pref]
Oct 25 17:31:34 ubuntu kernel: [    7.305627] pci 0000:01:00.0: reg 0x30: [mem 0xfff80000-0xffffffff pref]
Oct 25 17:31:34 ubuntu kernel: [    7.309395] pci 0000:02:00.0: [1b36:000d] type 00 class 0x0c0330
Oct 25 17:31:34 ubuntu kernel: [    7.310148] pci 0000:02:00.0: reg 0x10: [mem 0x10100000-0x10103fff 64bit]
Oct 25 17:31:34 ubuntu kernel: [    7.312166] pci 0000:03:00.0: [1af4:1048] type 00 class 0x010000
Oct 25 17:31:34 ubuntu kernel: [    7.314303] pci 0000:03:00.0: reg 0x14: [mem 0x10000000-0x10000fff]
Oct 25 17:31:34 ubuntu kernel: [    7.317180] pci 0000:03:00.0: reg 0x20: [mem 0x8000100000-0x8000103fff 64bit pref]
Oct 25 17:31:34 ubuntu kernel: [    7.322972] pci 0000:00:01.0: bridge window [io  0x1000-0x0fff] to [bus 01] add_size 1000
Oct 25 17:31:34 ubuntu kernel: [    7.323848] pci 0000:00:01.0: bridge window [mem 0x00100000-0x001fffff 64bit pref] to [bus 01] add_size 100000 add_align 100000
Oct 25 17:31:34 ubuntu kernel: [    7.324916] pci 0000:00:01.0: bridge window [mem 0x00100000-0x001fffff] to [bus 01] add_size 100000 add_align 100000
Oct 25 17:31:34 ubuntu kernel: [    7.325891] pci 0000:00:01.1: bridge window [io  0x1000-0x0fff] to [bus 02] add_size 1000
Oct 25 17:31:34 ubuntu kernel: [    7.326849] pci 0000:00:01.1: bridge window [mem 0x00100000-0x000fffff 64bit pref] to [bus 02] add_size 200000 add_align 100000
Oct 25 17:31:34 ubuntu kernel: [    7.328116] pci 0000:00:01.1: bridge window [mem 0x00100000-0x001fffff] to [bus 02] add_size 100000 add_align 100000
Oct 25 17:31:34 ubuntu kernel: [    7.329249] pci 0000:00:01.2: bridge window [io  0x1000-0x0fff] to [bus 03] add_size 1000
Oct 25 17:31:34 ubuntu kernel: [    7.330104] pci 0000:00:01.2: bridge window [mem 0x00100000-0x001fffff 64bit pref] to [bus 03] add_size 100000 add_align 100000
Oct 25 17:31:34 ubuntu kernel: [    7.331359] pci 0000:00:01.2: bridge window [mem 0x00100000-0x001fffff] to [bus 03] add_size 100000 add_align 100000
Oct 25 17:31:34 ubuntu kernel: [    7.332509] pci 0000:00:01.3: bridge window [io  0x1000-0x0fff] to [bus 04] add_size 1000
Oct 25 17:31:34 ubuntu kernel: [    7.333394] pci 0000:00:01.3: bridge window [mem 0x00100000-0x000fffff 64bit pref] to [bus 04] add_size 200000 add_align 100000
Oct 25 17:31:34 ubuntu kernel: [    7.334649] pci 0000:00:01.3: bridge window [mem 0x00100000-0x000fffff] to [bus 04] add_size 200000 add_align 100000
Oct 25 17:31:34 ubuntu kernel: [    7.335682] pci 0000:00:01.0: BAR 14: assigned [mem 0x10000000-0x101fffff]
Oct 25 17:31:34 ubuntu kernel: [    7.336321] pci 0000:00:01.0: BAR 15: assigned [mem 0x8000000000-0x80001fffff 64bit pref]
Oct 25 17:31:34 ubuntu kernel: [    7.337138] pci 0000:00:01.1: BAR 14: assigned [mem 0x10200000-0x103fffff]
Oct 25 17:31:34 ubuntu kernel: [    7.337766] pci 0000:00:01.1: BAR 15: assigned [mem 0x8000200000-0x80003fffff 64bit pref]
Oct 25 17:31:34 ubuntu kernel: [    7.338536] pci 0000:00:01.2: BAR 14: assigned [mem 0x10400000-0x105fffff]
Oct 25 17:31:34 ubuntu kernel: [    7.339179] pci 0000:00:01.2: BAR 15: assigned [mem 0x8000400000-0x80005fffff 64bit pref]
Oct 25 17:31:34 ubuntu kernel: [    7.339936] pci 0000:00:01.3: BAR 14: assigned [mem 0x10600000-0x107fffff]
Oct 25 17:31:34 ubuntu kernel: [    7.340561] pci 0000:00:01.3: BAR 15: assigned [mem 0x8000600000-0x80007fffff 64bit pref]
Oct 25 17:31:34 ubuntu kernel: [    7.341339] pci 0000:00:01.0: BAR 0: assigned [mem 0x10800000-0x10800fff]
Oct 25 17:31:34 ubuntu kernel: [    7.342273] pci 0000:00:01.0: BAR 13: assigned [io  0x1000-0x1fff]
Oct 25 17:31:34 ubuntu kernel: [    7.342876] pci 0000:00:01.1: BAR 0: assigned [mem 0x10801000-0x10801fff]
Oct 25 17:31:34 ubuntu kernel: [    7.343802] pci 0000:00:01.1: BAR 13: assigned [io  0x2000-0x2fff]
Oct 25 17:31:34 ubuntu kernel: [    7.344370] pci 0000:00:01.2: BAR 0: assigned [mem 0x10802000-0x10802fff]
Oct 25 17:31:34 ubuntu kernel: [    7.345292] pci 0000:00:01.2: BAR 13: assigned [io  0x3000-0x3fff]
Oct 25 17:31:34 ubuntu kernel: [    7.345908] pci 0000:00:01.3: BAR 0: assigned [mem 0x10803000-0x10803fff]
Oct 25 17:31:34 ubuntu kernel: [    7.346861] pci 0000:00:01.3: BAR 13: assigned [io  0x4000-0x4fff]
Oct 25 17:31:34 ubuntu kernel: [    7.347469] pci 0000:01:00.0: BAR 6: assigned [mem 0x10000000-0x1007ffff pref]
Oct 25 17:31:34 ubuntu kernel: [    7.348131] pci 0000:01:00.0: BAR 4: assigned [mem 0x8000000000-0x8000003fff 64bit pref]
Oct 25 17:31:34 ubuntu kernel: [    7.349475] pci 0000:01:00.0: BAR 1: assigned [mem 0x10080000-0x10080fff]
Oct 25 17:31:34 ubuntu kernel: [    7.350428] pci 0000:00:01.0: PCI bridge to [bus 01]
Oct 25 17:31:34 ubuntu kernel: [    7.350919] pci 0000:00:01.0:   bridge window [io  0x1000-0x1fff]
Oct 25 17:31:34 ubuntu kernel: [    7.353262] pci 0000:00:01.0:   bridge window [mem 0x10000000-0x101fffff]
Oct 25 17:31:34 ubuntu kernel: [    7.354284] pci 0000:00:01.0:   bridge window [mem 0x8000000000-0x80001fffff 64bit pref]
Oct 25 17:31:34 ubuntu kernel: [    7.355842] pci 0000:02:00.0: BAR 0: assigned [mem 0x10200000-0x10203fff 64bit]
Oct 25 17:31:34 ubuntu kernel: [    7.356547] pci 0000:00:01.1: PCI bridge to [bus 02]
Oct 25 17:31:34 ubuntu kernel: [    7.357018] pci 0000:00:01.1:   bridge window [io  0x2000-0x2fff]
Oct 25 17:31:34 ubuntu kernel: [    7.358191] pci 0000:00:01.1:   bridge window [mem 0x10200000-0x103fffff]
Oct 25 17:31:34 ubuntu kernel: [    7.359493] pci 0000:00:01.1:   bridge window [mem 0x8000200000-0x80003fffff 64bit pref]
Oct 25 17:31:34 ubuntu kernel: [    7.361224] pci 0000:03:00.0: BAR 4: assigned [mem 0x8000400000-0x8000403fff 64bit pref]
Oct 25 17:31:34 ubuntu kernel: [    7.363729] pci 0000:03:00.0: BAR 1: assigned [mem 0x10400000-0x10400fff]
Oct 25 17:31:34 ubuntu kernel: [    7.364774] pci 0000:00:01.2: PCI bridge to [bus 03]
Oct 25 17:31:34 ubuntu kernel: [    7.365336] pci 0000:00:01.2:   bridge window [io  0x3000-0x3fff]
Oct 25 17:31:34 ubuntu kernel: [    7.366707] pci 0000:00:01.2:   bridge window [mem 0x10400000-0x105fffff]
Oct 25 17:31:34 ubuntu kernel: [    7.367868] pci 0000:00:01.2:   bridge window [mem 0x8000400000-0x80005fffff 64bit pref]
Oct 25 17:31:34 ubuntu kernel: [    7.369530] pci 0000:00:01.3: PCI bridge to [bus 04]
Oct 25 17:31:34 ubuntu kernel: [    7.370043] pci 0000:00:01.3:   bridge window [io  0x4000-0x4fff]
Oct 25 17:31:34 ubuntu kernel: [    7.371351] pci 0000:00:01.3:   bridge window [mem 0x10600000-0x107fffff]
Oct 25 17:31:34 ubuntu kernel: [    7.372539] pci 0000:00:01.3:   bridge window [mem 0x8000600000-0x80007fffff 64bit pref]
Oct 25 17:31:34 ubuntu kernel: [    7.375409] pci_bus 0000:00: resource 4 [mem 0x10000000-0x3efeffff window]
Oct 25 17:31:34 ubuntu kernel: [    7.376172] pci_bus 0000:00: resource 5 [io  0x0000-0xffff window]
Oct 25 17:31:34 ubuntu kernel: [    7.376854] pci_bus 0000:00: resource 6 [mem 0x8000000000-0xffffffffff window]
Oct 25 17:31:34 ubuntu kernel: [    7.377640] pci_bus 0000:01: resource 0 [io  0x1000-0x1fff]
Oct 25 17:31:34 ubuntu kernel: [    7.378223] pci_bus 0000:01: resource 1 [mem 0x10000000-0x101fffff]
Oct 25 17:31:34 ubuntu kernel: [    7.378913] pci_bus 0000:01: resource 2 [mem 0x8000000000-0x80001fffff 64bit pref]
Oct 25 17:31:34 ubuntu kernel: [    7.379740] pci_bus 0000:02: resource 0 [io  0x2000-0x2fff]
Oct 25 17:31:34 ubuntu kernel: [    7.380347] pci_bus 0000:02: resource 1 [mem 0x10200000-0x103fffff]
Oct 25 17:31:34 ubuntu kernel: [    7.381012] pci_bus 0000:02: resource 2 [mem 0x8000200000-0x80003fffff 64bit pref]
Oct 25 17:31:34 ubuntu kernel: [    7.381826] pci_bus 0000:03: resource 0 [io  0x3000-0x3fff]
Oct 25 17:31:34 ubuntu kernel: [    7.382410] pci_bus 0000:03: resource 1 [mem 0x10400000-0x105fffff]
Oct 25 17:31:34 ubuntu kernel: [    7.383086] pci_bus 0000:03: resource 2 [mem 0x8000400000-0x80005fffff 64bit pref]
Oct 25 17:31:34 ubuntu kernel: [    7.383813] pci_bus 0000:04: resource 0 [io  0x4000-0x4fff]
Oct 25 17:31:34 ubuntu kernel: [    7.384322] pci_bus 0000:04: resource 1 [mem 0x10600000-0x107fffff]
Oct 25 17:31:34 ubuntu kernel: [    7.384951] pci_bus 0000:04: resource 2 [mem 0x8000600000-0x80007fffff 64bit pref]
Oct 25 17:31:34 ubuntu kernel: [    7.385762] ACPI: PCI Interrupt Link [GSI0] (IRQs *35)
Oct 25 17:31:34 ubuntu kernel: [    7.386246] ACPI: PCI Interrupt Link [GSI1] (IRQs *36)
Oct 25 17:31:34 ubuntu kernel: [    7.386756] ACPI: PCI Interrupt Link [GSI2] (IRQs *37)
Oct 25 17:31:34 ubuntu kernel: [    7.387236] ACPI: PCI Interrupt Link [GSI3] (IRQs *38)
Oct 25 17:31:34 ubuntu kernel: [    7.389103] iommu: Default domain type: Translated 
Oct 25 17:31:34 ubuntu kernel: [    7.389672] vgaarb: loaded
Oct 25 17:31:34 ubuntu kernel: [    7.390461] SCSI subsystem initialized
Oct 25 17:31:34 ubuntu kernel: [    7.391396] libata version 3.00 loaded.
Oct 25 17:31:34 ubuntu kernel: [    7.391454] ACPI: bus type USB registered
Oct 25 17:31:34 ubuntu kernel: [    7.391909] usbcore: registered new interface driver usbfs
Oct 25 17:31:34 ubuntu kernel: [    7.392450] usbcore: registered new interface driver hub
Oct 25 17:31:34 ubuntu kernel: [    7.393549] usbcore: registered new device driver usb
Oct 25 17:31:34 ubuntu kernel: [    7.394104] pps_core: LinuxPPS API ver. 1 registered
Oct 25 17:31:34 ubuntu kernel: [    7.394593] pps_core: Software ver. 5.3.6 - Copyright 2005-2007 Rodolfo Giometti <giometti@linux.it>
Oct 25 17:31:34 ubuntu kernel: [    7.395433] PTP clock support registered
Oct 25 17:31:34 ubuntu kernel: [    7.396605] EDAC MC: Ver: 3.0.0
Oct 25 17:31:34 ubuntu kernel: [    7.397395] Registered efivars operations
Oct 25 17:31:34 ubuntu kernel: [    7.400151] NetLabel: Initializing
Oct 25 17:31:34 ubuntu kernel: [    7.400485] NetLabel:  domain hash size = 128
Oct 25 17:31:34 ubuntu kernel: [    7.400881] NetLabel:  protocols = UNLABELED CIPSOv4 CALIPSO
Oct 25 17:31:34 ubuntu kernel: [    7.401596] NetLabel:  unlabeled traffic allowed by default
Oct 25 17:31:34 ubuntu kernel: [    7.402992] clocksource: Switched to clocksource arch_sys_counter
Oct 25 17:31:34 ubuntu kernel: [    7.426583] VFS: Disk quotas dquot_6.6.0
Oct 25 17:31:34 ubuntu kernel: [    7.427039] VFS: Dquot-cache hash table entries: 512 (order 0, 4096 bytes)
Oct 25 17:31:34 ubuntu kernel: [    7.428017] AppArmor: AppArmor Filesystem Enabled
Oct 25 17:31:34 ubuntu kernel: [    7.428566] pnp: PnP ACPI init
Oct 25 17:31:34 ubuntu kernel: [    7.429157] system 00:00: [mem 0x3f000000-0x3fffffff] could not be reserved
Oct 25 17:31:34 ubuntu kernel: [    7.429814] system 00:00: Plug and Play ACPI device, IDs PNP0c02 (active)
Oct 25 17:31:34 ubuntu kernel: [    7.429823] pnp: PnP ACPI: found 1 devices
Oct 25 17:31:34 ubuntu kernel: [    7.433121] NET: Registered protocol family 2
Oct 25 17:31:34 ubuntu kernel: [    7.435264] tcp_listen_portaddr_hash hash table entries: 16384 (order: 6, 262144 bytes, linear)
Oct 25 17:31:34 ubuntu kernel: [    7.439955] TCP established hash table entries: 262144 (order: 9, 2097152 bytes, linear)
Oct 25 17:31:34 ubuntu kernel: [    7.443183] TCP bind hash table entries: 65536 (order: 8, 1048576 bytes, linear)
Oct 25 17:31:34 ubuntu kernel: [    7.444555] TCP: Hash tables configured (established 262144 bind 65536)
Oct 25 17:31:34 ubuntu kernel: [    7.446579] UDP hash table entries: 16384 (order: 7, 524288 bytes, linear)
Oct 25 17:31:34 ubuntu kernel: [    7.447845] UDP-Lite hash table entries: 16384 (order: 7, 524288 bytes, linear)
Oct 25 17:31:34 ubuntu kernel: [    7.448953] NET: Registered protocol family 1
Oct 25 17:31:34 ubuntu kernel: [    7.449397] NET: Registered protocol family 44
Oct 25 17:31:34 ubuntu kernel: [    7.449946] pci 0000:02:00.0: enabling device (0000 -> 0002)
Oct 25 17:31:34 ubuntu kernel: [    7.451020] PCI: CLS 0 bytes, default 64
Oct 25 17:31:34 ubuntu kernel: [    7.451652] Trying to unpack rootfs image as initramfs...
Oct 25 17:31:34 ubuntu kernel: [    8.519692] Freeing initrd memory: 61292K
Oct 25 17:31:34 ubuntu kernel: [    8.551990] hw perfevents: enabled with armv8_pmuv3_0 PMU driver, 13 counters available
Oct 25 17:31:34 ubuntu kernel: [    8.552961] kvm [1]: HYP mode not available
Oct 25 17:31:34 ubuntu kernel: [    8.554706] Initialise system trusted keyrings
Oct 25 17:31:34 ubuntu kernel: [    8.555348] Key type blacklist registered
Oct 25 17:31:34 ubuntu kernel: [    8.556120] workingset: timestamp_bits=40 max_order=23 bucket_order=0
Oct 25 17:31:34 ubuntu kernel: [    8.558656] zbud: loaded
Oct 25 17:31:34 ubuntu kernel: [    8.559634] squashfs: version 4.0 (2009/01/31) Phillip Lougher
Oct 25 17:31:34 ubuntu kernel: [    8.560788] fuse: init (API version 7.31)
Oct 25 17:31:34 ubuntu kernel: [    8.561682] integrity: Platform Keyring initialized
Oct 25 17:31:34 ubuntu kernel: [    8.566945] [mitosis-origin] pgd_alloc for mm=ffff00049592d000 and mm->pgd =ffff0004df36c000.
Oct 25 17:31:34 ubuntu kernel: [    8.574065] Key type asymmetric registered
Oct 25 17:31:34 ubuntu kernel: [    8.574479] Asymmetric key parser 'x509' registered
Oct 25 17:31:34 ubuntu kernel: [    8.575010] Block layer SCSI generic (bsg) driver version 0.4 loaded (major 244)
Oct 25 17:31:34 ubuntu kernel: [    8.576757] io scheduler mq-deadline registered
Oct 25 17:31:34 ubuntu kernel: [    8.582802] pl061_gpio ARMH0061:00: PL061 GPIO chip registered
Oct 25 17:31:34 ubuntu kernel: [    8.584896] PCI Interrupt Link [GSI1] enabled at IRQ 36
Oct 25 17:31:34 ubuntu kernel: [    8.586301] pcieport 0000:00:01.0: PME: Signaling with IRQ 44
Oct 25 17:31:34 ubuntu kernel: [    8.587190] pcieport 0000:00:01.0: AER: enabled with IRQ 44
Oct 25 17:31:34 ubuntu kernel: [    8.587786] pcieport 0000:00:01.0: pciehp: Slot #0 AttnBtn+ PwrCtrl+ MRL- AttnInd+ PwrInd+ HotPlug+ Surprise+ Interlock+ NoCompl- IbPresDis- LLActRep-
Oct 25 17:31:34 ubuntu kernel: [    8.590130] pcieport 0000:00:01.1: PME: Signaling with IRQ 45
Oct 25 17:31:34 ubuntu kernel: [    8.590953] pcieport 0000:00:01.1: AER: enabled with IRQ 45
Oct 25 17:31:34 ubuntu kernel: [    8.591517] pcieport 0000:00:01.1: pciehp: Slot #0 AttnBtn+ PwrCtrl+ MRL- AttnInd+ PwrInd+ HotPlug+ Surprise+ Interlock+ NoCompl- IbPresDis- LLActRep-
Oct 25 17:31:34 ubuntu kernel: [    8.593796] pcieport 0000:00:01.2: PME: Signaling with IRQ 46
Oct 25 17:31:34 ubuntu kernel: [    8.594610] pcieport 0000:00:01.2: AER: enabled with IRQ 46
Oct 25 17:31:34 ubuntu kernel: [    8.595240] pcieport 0000:00:01.2: pciehp: Slot #0 AttnBtn+ PwrCtrl+ MRL- AttnInd+ PwrInd+ HotPlug+ Surprise+ Interlock+ NoCompl- IbPresDis- LLActRep-
Oct 25 17:31:34 ubuntu kernel: [    8.597496] pcieport 0000:00:01.3: PME: Signaling with IRQ 47
Oct 25 17:31:34 ubuntu kernel: [    8.598286] pcieport 0000:00:01.3: AER: enabled with IRQ 47
Oct 25 17:31:34 ubuntu kernel: [    8.598891] pcieport 0000:00:01.3: pciehp: Slot #0 AttnBtn+ PwrCtrl+ MRL- AttnInd+ PwrInd+ HotPlug+ Surprise+ Interlock+ NoCompl- IbPresDis- LLActRep-
Oct 25 17:31:34 ubuntu kernel: [    8.600391] pcieport 0000:00:01.3: pciehp: Slot(0-3): Link Up
Oct 25 17:31:34 ubuntu kernel: [    8.600849] shpchp: Standard Hot Plug PCI Controller Driver version: 0.4
Oct 25 17:31:34 ubuntu kernel: [    8.602422] input: Power Button as /devices/LNXSYSTM:00/LNXSYBUS:00/PNP0C0C:00/input/input0
Oct 25 17:31:34 ubuntu kernel: [    8.603324] ACPI: Power Button [PWRB]
Oct 25 17:31:34 ubuntu kernel: [    8.609613] Serial: 8250/16550 driver, 32 ports, IRQ sharing enabled
Oct 25 17:31:34 ubuntu kernel: [    8.613222] msm_serial: driver initialized
Oct 25 17:31:34 ubuntu kernel: [    8.614398] cacheinfo: Unable to detect cache hierarchy for CPU 0
Oct 25 17:31:34 ubuntu kernel: [    8.634490] loop: module loaded
Oct 25 17:31:34 ubuntu kernel: [    8.637310] libphy: Fixed MDIO Bus: probed
Oct 25 17:31:34 ubuntu kernel: [    8.638285] tun: Universal TUN/TAP device driver, 1.6
Oct 25 17:31:34 ubuntu kernel: [    8.639655] PPP generic driver version 2.4.2
Oct 25 17:31:34 ubuntu kernel: [    8.640296] ehci_hcd: USB 2.0 'Enhanced' Host Controller (EHCI) Driver
Oct 25 17:31:34 ubuntu kernel: [    8.641076] ehci-pci: EHCI PCI platform driver
Oct 25 17:31:34 ubuntu kernel: [    8.641654] ehci-orion: EHCI orion driver
Oct 25 17:31:34 ubuntu kernel: [    8.642140] ohci_hcd: USB 1.1 'Open' Host Controller (OHCI) Driver
Oct 25 17:31:34 ubuntu kernel: [    8.642887] ohci-pci: OHCI PCI platform driver
Oct 25 17:31:34 ubuntu kernel: [    8.643447] uhci_hcd: USB Universal Host Controller Interface driver
Oct 25 17:31:34 ubuntu kernel: [    8.645216] xhci_hcd 0000:02:00.0: xHCI Host Controller
Oct 25 17:31:34 ubuntu kernel: [    8.645864] xhci_hcd 0000:02:00.0: new USB bus registered, assigned bus number 1
Oct 25 17:31:34 ubuntu kernel: [    8.647185] xhci_hcd 0000:02:00.0: hcc params 0x00087001 hci version 0x100 quirks 0x0000000000000010
Oct 25 17:31:34 ubuntu kernel: [    8.649144] usb usb1: New USB device found, idVendor=1d6b, idProduct=0002, bcdDevice= 5.07
Oct 25 17:31:34 ubuntu kernel: [    8.649848] usb usb1: New USB device strings: Mfr=3, Product=2, SerialNumber=1
Oct 25 17:31:34 ubuntu kernel: [    8.650448] usb usb1: Product: xHCI Host Controller
Oct 25 17:31:34 ubuntu kernel: [    8.650867] usb usb1: Manufacturer: Linux 5.7.1 xhci-hcd
Oct 25 17:31:34 ubuntu kernel: [    8.651364] usb usb1: SerialNumber: 0000:02:00.0
Oct 25 17:31:34 ubuntu kernel: [    8.652026] hub 1-0:1.0: USB hub found
Oct 25 17:31:34 ubuntu kernel: [    8.652395] hub 1-0:1.0: 8 ports detected
Oct 25 17:31:34 ubuntu kernel: [    8.653186] xhci_hcd 0000:02:00.0: xHCI Host Controller
Oct 25 17:31:34 ubuntu kernel: [    8.653636] xhci_hcd 0000:02:00.0: new USB bus registered, assigned bus number 2
Oct 25 17:31:34 ubuntu kernel: [    8.654255] xhci_hcd 0000:02:00.0: Host supports USB 3.0 SuperSpeed
Oct 25 17:31:34 ubuntu kernel: [    8.654818] usb usb2: We don't know the algorithms for LPM for this host, disabling LPM.
Oct 25 17:31:34 ubuntu kernel: [    8.655598] usb usb2: New USB device found, idVendor=1d6b, idProduct=0003, bcdDevice= 5.07
Oct 25 17:31:34 ubuntu kernel: [    8.656318] usb usb2: New USB device strings: Mfr=3, Product=2, SerialNumber=1
Oct 25 17:31:34 ubuntu kernel: [    8.656919] usb usb2: Product: xHCI Host Controller
Oct 25 17:31:34 ubuntu kernel: [    8.657327] usb usb2: Manufacturer: Linux 5.7.1 xhci-hcd
Oct 25 17:31:34 ubuntu kernel: [    8.657776] usb usb2: SerialNumber: 0000:02:00.0
Oct 25 17:31:34 ubuntu kernel: [    8.658303] hub 2-0:1.0: USB hub found
Oct 25 17:31:34 ubuntu kernel: [    8.658661] hub 2-0:1.0: 8 ports detected
Oct 25 17:31:34 ubuntu kernel: [    8.659544] mousedev: PS/2 mouse device common for all mice
Oct 25 17:31:34 ubuntu kernel: [    8.660580] rtc-efi rtc-efi.0: registered as rtc0
Oct 25 17:31:34 ubuntu kernel: [    8.661293] rtc-efi rtc-efi.0: setting system clock to 2020-10-25T09:31:28 UTC (1603618288)
Oct 25 17:31:34 ubuntu kernel: [    8.662087] i2c /dev entries driver
Oct 25 17:31:34 ubuntu kernel: [    8.662691] device-mapper: uevent: version 1.0.3
Oct 25 17:31:34 ubuntu kernel: [    8.663271] device-mapper: ioctl: 4.42.0-ioctl (2020-02-27) initialised: dm-devel@redhat.com
Oct 25 17:31:34 ubuntu kernel: [    8.665605] ledtrig-cpu: registered to indicate activity on CPUs
Oct 25 17:31:34 ubuntu kernel: [    8.666214] EFI Variables Facility v0.08 2004-May-17
Oct 25 17:31:34 ubuntu kernel: [    8.674799] NET: Registered protocol family 10
Oct 25 17:31:34 ubuntu kernel: [    8.676951] [mitosis-origin] pgd_alloc for mm=ffff00049573a000 and mm->pgd =ffff0004de847000.
Oct 25 17:31:34 ubuntu kernel: [    8.681231] [mitosis-origin] pgd_alloc for mm=ffff00049573f000 and mm->pgd =ffff0004de858000.
Oct 25 17:31:34 ubuntu kernel: [    8.682707] [mitosis-origin] pgd_free for mm=ffff00049573a000 and pgd =ffff0004de847000 and mm->pgd=ffff0004de847000.
Oct 25 17:31:34 ubuntu kernel: [    8.686636] [mitosis-origin] pgd_alloc for mm=ffff00049573a000 and mm->pgd =ffff0004de867000.
Oct 25 17:31:34 ubuntu kernel: [    8.687559] [mitosis-origin] pgd_free for mm=ffff00049573f000 and pgd =ffff0004de858000 and mm->pgd=ffff0004de858000.
Oct 25 17:31:34 ubuntu kernel: [    8.689745] [mitosis-origin] pgd_alloc for mm=ffff00049573f000 and mm->pgd =ffff0004de501000.
Oct 25 17:31:34 ubuntu kernel: [    8.690615] [mitosis-origin] pgd_free for mm=ffff00049573a000 and pgd =ffff0004de867000 and mm->pgd=ffff0004de867000.
Oct 25 17:31:34 ubuntu kernel: [    8.692696] [mitosis-origin] pgd_alloc for mm=ffff00049573a000 and mm->pgd =ffff0004de505000.
Oct 25 17:31:34 ubuntu kernel: [    8.693555] [mitosis-origin] pgd_free for mm=ffff00049573f000 and pgd =ffff0004de501000 and mm->pgd=ffff0004de501000.
Oct 25 17:31:34 ubuntu kernel: [    8.695884] [mitosis-origin] pgd_alloc for mm=ffff00049573f000 and mm->pgd =ffff0004de509000.
Oct 25 17:31:34 ubuntu kernel: [    8.696746] [mitosis-origin] pgd_free for mm=ffff00049573a000 and pgd =ffff0004de505000 and mm->pgd=ffff0004de505000.
Oct 25 17:31:34 ubuntu kernel: [    8.698902] Segment Routing with IPv6
Oct 25 17:31:34 ubuntu kernel: [    8.699543] NET: Registered protocol family 17
Oct 25 17:31:34 ubuntu kernel: [    8.700359] Key type dns_resolver registered
Oct 25 17:31:34 ubuntu kernel: [    8.701212] registered taskstats version 1
Oct 25 17:31:34 ubuntu kernel: [    8.701814] Loading compiled-in X.509 certificates
Oct 25 17:31:34 ubuntu kernel: [    8.703357] [mitosis-origin] pgd_alloc for mm=ffff0004957c9800 and mm->pgd =ffff0004dec00000.
Oct 25 17:31:34 ubuntu kernel: [    8.706966] Loaded X.509 cert 'Build time autogenerated kernel key: 5fc9bbbf10d23f3f9dda6c889ba5358a20950e89'
Oct 25 17:31:34 ubuntu kernel: [    8.708896] zswap: loaded using pool lzo/zbud
Oct 25 17:31:34 ubuntu kernel: [    8.710350] Key type ._fscrypt registered
Oct 25 17:31:34 ubuntu kernel: [    8.710950] Key type .fscrypt registered
Oct 25 17:31:34 ubuntu kernel: [    8.711464] Key type fscrypt-provisioning registered
Oct 25 17:31:34 ubuntu kernel: [    8.712459] [mitosis-origin] pgd_alloc for mm=ffff0004950f3c00 and mm->pgd =ffff0004de886000.
Oct 25 17:31:34 ubuntu kernel: [    8.715693] [mitosis-origin] pgd_alloc for mm=ffff0004950f7400 and mm->pgd =ffff0004de8a5000.
Oct 25 17:31:34 ubuntu kernel: [    8.717036] [mitosis-origin] pgd_free for mm=ffff0004950f3c00 and pgd =ffff0004de886000 and mm->pgd=ffff0004de886000.
Oct 25 17:31:34 ubuntu kernel: [    8.720315] [mitosis-origin] pgd_alloc for mm=ffff0004950f3c00 and mm->pgd =ffff0004de8b4000.
Oct 25 17:31:34 ubuntu kernel: [    8.721650] [mitosis-origin] pgd_free for mm=ffff0004950f7400 and pgd =ffff0004de8a5000 and mm->pgd=ffff0004de8a5000.
Oct 25 17:31:34 ubuntu kernel: [    8.727072] [mitosis-origin] pgd_alloc for mm=ffff0004950f7400 and mm->pgd =ffff0004950a6000.
Oct 25 17:31:34 ubuntu kernel: [    8.733852] cryptd: max_cpu_qlen set to 1000
Oct 25 17:31:34 ubuntu kernel: [    8.742258] [mitosis-origin] pgd_alloc for mm=ffff0004951dcc00 and mm->pgd =ffff0004df2a4000.
Oct 25 17:31:34 ubuntu kernel: [    8.744950] [mitosis-origin] pgd_alloc for mm=ffff0004951d9000 and mm->pgd =ffff0004df2b5000.
Oct 25 17:31:34 ubuntu kernel: [    8.745826] [mitosis-origin] pgd_free for mm=ffff0004951dcc00 and pgd =ffff0004df2a4000 and mm->pgd=ffff0004df2a4000.
Oct 25 17:31:34 ubuntu kernel: [    8.748135] [mitosis-origin] pgd_alloc for mm=ffff0004951dcc00 and mm->pgd =ffff0004950cb000.
Oct 25 17:31:34 ubuntu kernel: [    8.748994] [mitosis-origin] pgd_free for mm=ffff0004951d9000 and pgd =ffff0004df2b5000 and mm->pgd=ffff0004df2b5000.
Oct 25 17:31:34 ubuntu kernel: [    8.751334] [mitosis-origin] pgd_alloc for mm=ffff0004951d9000 and mm->pgd =ffff0004950cf000.
Oct 25 17:31:34 ubuntu kernel: [    8.752229] [mitosis-origin] pgd_free for mm=ffff0004951dcc00 and pgd =ffff0004950cb000 and mm->pgd=ffff0004950cb000.
Oct 25 17:31:34 ubuntu kernel: [    8.754391] [mitosis-origin] pgd_alloc for mm=ffff0004951dcc00 and mm->pgd =ffff0004950d3000.
Oct 25 17:31:34 ubuntu kernel: [    8.755418] [mitosis-origin] pgd_free for mm=ffff0004951d9000 and pgd =ffff0004950cf000 and mm->pgd=ffff0004950cf000.
Oct 25 17:31:34 ubuntu kernel: [    8.757616] [mitosis-origin] pgd_alloc for mm=ffff0004951d9000 and mm->pgd =ffff000495225000.
Oct 25 17:31:34 ubuntu kernel: [    8.758506] [mitosis-origin] pgd_free for mm=ffff0004951dcc00 and pgd =ffff0004950d3000 and mm->pgd=ffff0004950d3000.
Oct 25 17:31:34 ubuntu kernel: [    8.760788] [mitosis-origin] pgd_alloc for mm=ffff0004951dcc00 and mm->pgd =ffff000495234000.
Oct 25 17:31:34 ubuntu kernel: [    8.761650] [mitosis-origin] pgd_free for mm=ffff0004951d9000 and pgd =ffff000495225000 and mm->pgd=ffff000495225000.
Oct 25 17:31:34 ubuntu kernel: [    8.763768] [mitosis-origin] pgd_alloc for mm=ffff0004951d9000 and mm->pgd =ffff000495238000.
Oct 25 17:31:34 ubuntu kernel: [    8.764621] [mitosis-origin] pgd_free for mm=ffff0004951dcc00 and pgd =ffff000495234000 and mm->pgd=ffff000495234000.
Oct 25 17:31:34 ubuntu kernel: [    8.766699] [mitosis-origin] pgd_alloc for mm=ffff0004951dcc00 and mm->pgd =ffff00049523c000.
Oct 25 17:31:34 ubuntu kernel: [    8.767650] [mitosis-origin] pgd_free for mm=ffff0004951d9000 and pgd =ffff000495238000 and mm->pgd=ffff000495238000.
Oct 25 17:31:34 ubuntu kernel: [    8.769726] [mitosis-origin] pgd_alloc for mm=ffff0004951d9000 and mm->pgd =ffff000495241000.
Oct 25 17:31:34 ubuntu kernel: [    8.770615] [mitosis-origin] pgd_free for mm=ffff0004951dcc00 and pgd =ffff00049523c000 and mm->pgd=ffff00049523c000.
Oct 25 17:31:34 ubuntu kernel: [    8.772739] [mitosis-origin] pgd_alloc for mm=ffff0004951dcc00 and mm->pgd =ffff000495245000.
Oct 25 17:31:34 ubuntu kernel: [    8.773599] [mitosis-origin] pgd_free for mm=ffff0004951d9000 and pgd =ffff000495241000 and mm->pgd=ffff000495241000.
Oct 25 17:31:34 ubuntu kernel: [    8.775703] [mitosis-origin] pgd_alloc for mm=ffff0004951d9000 and mm->pgd =ffff000495249000.
Oct 25 17:31:34 ubuntu kernel: [    8.776590] [mitosis-origin] pgd_free for mm=ffff0004951dcc00 and pgd =ffff000495245000 and mm->pgd=ffff000495245000.
Oct 25 17:31:34 ubuntu kernel: [    8.778628] [mitosis-origin] pgd_alloc for mm=ffff0004951dcc00 and mm->pgd =ffff00049524d000.
Oct 25 17:31:34 ubuntu kernel: [    8.779653] [mitosis-origin] pgd_free for mm=ffff0004951d9000 and pgd =ffff000495249000 and mm->pgd=ffff000495249000.
Oct 25 17:31:34 ubuntu kernel: [    8.781895] [mitosis-origin] pgd_alloc for mm=ffff0004952d7000 and mm->pgd =ffff0004df423000.
Oct 25 17:31:34 ubuntu kernel: [    8.783593] [mitosis-origin] pgd_free for mm=ffff0004952d7000 and pgd =ffff0004df423000 and mm->pgd=ffff0004df423000.
Oct 25 17:31:34 ubuntu kernel: [    8.784900] [mitosis-origin] pgd_alloc for mm=ffff0004951d9000 and mm->pgd =ffff000495255000.
Oct 25 17:31:34 ubuntu kernel: [    8.786144] [mitosis-origin] pgd_free for mm=ffff0004951dcc00 and pgd =ffff00049524d000 and mm->pgd=ffff00049524d000.
Oct 25 17:31:34 ubuntu kernel: [    8.789233] [mitosis-origin] pgd_alloc for mm=ffff0004951dcc00 and mm->pgd =ffff000495259000.
Oct 25 17:31:34 ubuntu kernel: [    8.790461] [mitosis-origin] pgd_free for mm=ffff0004951d9000 and pgd =ffff000495255000 and mm->pgd=ffff000495255000.
Oct 25 17:31:34 ubuntu kernel: [    8.796909] [mitosis-origin] pgd_free for mm=ffff00049592d000 and pgd =ffff0004df36c000 and mm->pgd=ffff0004df36c000.
Oct 25 17:31:34 ubuntu kernel: [    8.798109] [mitosis-origin] pgd_alloc for mm=ffff00049592d000 and mm->pgd =ffff0004df36c000.
Oct 25 17:31:34 ubuntu kernel: [    8.799859] [mitosis-origin] pgd_free for mm=ffff00049592d000 and pgd =ffff0004df36c000 and mm->pgd=ffff0004df36c000.
Oct 25 17:31:34 ubuntu kernel: [    8.801071] [mitosis-origin] pgd_free for mm=ffff0004957c9800 and pgd =ffff0004dec00000 and mm->pgd=ffff0004dec00000.
Oct 25 17:31:34 ubuntu kernel: [    8.803385] [mitosis-origin] pgd_alloc for mm=ffff00049592d000 and mm->pgd =ffff000495265000.
Oct 25 17:31:34 ubuntu kernel: [    8.807123] [mitosis-origin] pgd_alloc for mm=ffff00049592ec00 and mm->pgd =ffff000495269000.
Oct 25 17:31:34 ubuntu kernel: [    8.808879] [mitosis-origin] pgd_free for mm=ffff00049592d000 and pgd =ffff000495265000 and mm->pgd=ffff000495265000.
Oct 25 17:31:34 ubuntu kernel: [    8.812090] [mitosis-origin] pgd_alloc for mm=ffff00049592d000 and mm->pgd =ffff00049526d000.
Oct 25 17:31:34 ubuntu kernel: [    8.813004] [mitosis-origin] pgd_free for mm=ffff00049592ec00 and pgd =ffff000495269000 and mm->pgd=ffff000495269000.
Oct 25 17:31:34 ubuntu kernel: [    8.815304] [mitosis-origin] pgd_alloc for mm=ffff00049592ec00 and mm->pgd =ffff0004952e2000.
Oct 25 17:31:34 ubuntu kernel: [    8.816217] [mitosis-origin] pgd_free for mm=ffff00049592d000 and pgd =ffff00049526d000 and mm->pgd=ffff00049526d000.
Oct 25 17:31:34 ubuntu kernel: [    8.818474] [mitosis-origin] pgd_alloc for mm=ffff00049592d000 and mm->pgd =ffff0004952e6000.
Oct 25 17:31:34 ubuntu kernel: [    8.819483] [mitosis-origin] pgd_free for mm=ffff00049592ec00 and pgd =ffff0004952e2000 and mm->pgd=ffff0004952e2000.
Oct 25 17:31:34 ubuntu kernel: [    8.821569] [mitosis-origin] pgd_alloc for mm=ffff00049592ec00 and mm->pgd =ffff0004952eb000.
Oct 25 17:31:34 ubuntu kernel: [    8.822411] [mitosis-origin] pgd_free for mm=ffff00049592d000 and pgd =ffff0004952e6000 and mm->pgd=ffff0004952e6000.
Oct 25 17:31:34 ubuntu kernel: [    8.824556] [mitosis-origin] pgd_alloc for mm=ffff00049592d000 and mm->pgd =ffff0004952ef000.
Oct 25 17:31:34 ubuntu kernel: [    8.825399] [mitosis-origin] pgd_free for mm=ffff00049592ec00 and pgd =ffff0004952eb000 and mm->pgd=ffff0004952eb000.
Oct 25 17:31:34 ubuntu kernel: [    8.827493] [mitosis-origin] pgd_alloc for mm=ffff00049592ec00 and mm->pgd =ffff0004952f3000.
Oct 25 17:31:34 ubuntu kernel: [    8.828360] [mitosis-origin] pgd_free for mm=ffff00049592d000 and pgd =ffff0004952ef000 and mm->pgd=ffff0004952ef000.
Oct 25 17:31:34 ubuntu kernel: [    8.830408] [mitosis-origin] pgd_alloc for mm=ffff00049592d000 and mm->pgd =ffff0004952f7000.
Oct 25 17:31:34 ubuntu kernel: [    8.831335] [mitosis-origin] pgd_free for mm=ffff00049592ec00 and pgd =ffff0004952f3000 and mm->pgd=ffff0004952f3000.
Oct 25 17:31:34 ubuntu kernel: [    8.833359] [mitosis-origin] pgd_alloc for mm=ffff00049592ec00 and mm->pgd =ffff0004952fb000.
Oct 25 17:31:34 ubuntu kernel: [    8.834201] [mitosis-origin] pgd_free for mm=ffff00049592d000 and pgd =ffff0004952f7000 and mm->pgd=ffff0004952f7000.
Oct 25 17:31:34 ubuntu kernel: [    8.836351] [mitosis-origin] pgd_alloc for mm=ffff00049592d000 and mm->pgd =ffff0004952ff000.
Oct 25 17:31:34 ubuntu kernel: [    8.837186] [mitosis-origin] pgd_free for mm=ffff00049592ec00 and pgd =ffff0004952fb000 and mm->pgd=ffff0004952fb000.
Oct 25 17:31:34 ubuntu kernel: [    8.839358] [mitosis-origin] pgd_alloc for mm=ffff00049592ec00 and mm->pgd =ffff000495303000.
Oct 25 17:31:34 ubuntu kernel: [    8.840201] [mitosis-origin] pgd_free for mm=ffff00049592d000 and pgd =ffff0004952ff000 and mm->pgd=ffff0004952ff000.
Oct 25 17:31:34 ubuntu kernel: [    8.842230] [mitosis-origin] pgd_alloc for mm=ffff00049592d000 and mm->pgd =ffff000495307000.
Oct 25 17:31:34 ubuntu kernel: [    8.843192] [mitosis-origin] pgd_free for mm=ffff00049592ec00 and pgd =ffff000495303000 and mm->pgd=ffff000495303000.
Oct 25 17:31:34 ubuntu kernel: [    8.845234] [mitosis-origin] pgd_alloc for mm=ffff00049592ec00 and mm->pgd =ffff00049530b000.
Oct 25 17:31:34 ubuntu kernel: [    8.846072] [mitosis-origin] pgd_free for mm=ffff00049592d000 and pgd =ffff000495307000 and mm->pgd=ffff000495307000.
Oct 25 17:31:34 ubuntu kernel: [    8.848191] [mitosis-origin] pgd_alloc for mm=ffff00049592d000 and mm->pgd =ffff00049530f000.
Oct 25 17:31:34 ubuntu kernel: [    8.849028] [mitosis-origin] pgd_free for mm=ffff00049592ec00 and pgd =ffff00049530b000 and mm->pgd=ffff00049530b000.
Oct 25 17:31:34 ubuntu kernel: [    8.855429] [mitosis-origin] pgd_alloc for mm=ffff00049592ec00 and mm->pgd =ffff000495313000.
Oct 25 17:31:34 ubuntu kernel: [    8.856566] [mitosis-origin] pgd_free for mm=ffff00049592d000 and pgd =ffff00049530f000 and mm->pgd=ffff00049530f000.
Oct 25 17:31:34 ubuntu kernel: [    8.859403] [mitosis-origin] pgd_alloc for mm=ffff00049592d000 and mm->pgd =ffff000495317000.
Oct 25 17:31:34 ubuntu kernel: [    8.860550] [mitosis-origin] pgd_free for mm=ffff00049592ec00 and pgd =ffff000495313000 and mm->pgd=ffff000495313000.
Oct 25 17:31:34 ubuntu kernel: [    8.863583] [mitosis-origin] pgd_alloc for mm=ffff00049592ec00 and mm->pgd =ffff00049531b000.
Oct 25 17:31:34 ubuntu kernel: [    8.864522] [mitosis-origin] pgd_free for mm=ffff00049592d000 and pgd =ffff000495317000 and mm->pgd=ffff000495317000.
Oct 25 17:31:34 ubuntu kernel: [    8.866758] [mitosis-origin] pgd_alloc for mm=ffff00049592d000 and mm->pgd =ffff0004953af000.
Oct 25 17:31:34 ubuntu kernel: [    8.868009] [mitosis-origin] pgd_free for mm=ffff00049592ec00 and pgd =ffff00049531b000 and mm->pgd=ffff00049531b000.
Oct 25 17:31:34 ubuntu kernel: [    8.870219] [mitosis-origin] pgd_alloc for mm=ffff00049592ec00 and mm->pgd =ffff0004953b3000.
Oct 25 17:31:34 ubuntu kernel: [    8.871215] [mitosis-origin] pgd_free for mm=ffff00049592d000 and pgd =ffff0004953af000 and mm->pgd=ffff0004953af000.
Oct 25 17:31:34 ubuntu kernel: [    8.873277] [mitosis-origin] pgd_alloc for mm=ffff00049592d000 and mm->pgd =ffff0004953b7000.
Oct 25 17:31:34 ubuntu kernel: [    8.874119] [mitosis-origin] pgd_free for mm=ffff00049592ec00 and pgd =ffff0004953b3000 and mm->pgd=ffff0004953b3000.
Oct 25 17:31:34 ubuntu kernel: [    8.876273] [mitosis-origin] pgd_alloc for mm=ffff00049592ec00 and mm->pgd =ffff0004953bb000.
Oct 25 17:31:34 ubuntu kernel: [    8.877126] [mitosis-origin] pgd_free for mm=ffff00049592d000 and pgd =ffff0004953b7000 and mm->pgd=ffff0004953b7000.
Oct 25 17:31:34 ubuntu kernel: [    8.879216] [mitosis-origin] pgd_alloc for mm=ffff00049592d000 and mm->pgd =ffff0004953bf000.
Oct 25 17:31:34 ubuntu kernel: [    8.880091] [mitosis-origin] pgd_free for mm=ffff00049592ec00 and pgd =ffff0004953bb000 and mm->pgd=ffff0004953bb000.
Oct 25 17:31:34 ubuntu kernel: [    8.882212] [mitosis-origin] pgd_alloc for mm=ffff00049592ec00 and mm->pgd =ffff0004953c3000.
Oct 25 17:31:34 ubuntu kernel: [    8.883156] [mitosis-origin] pgd_free for mm=ffff00049592d000 and pgd =ffff0004953bf000 and mm->pgd=ffff0004953bf000.
Oct 25 17:31:34 ubuntu kernel: [    8.885853] [mitosis-origin] pgd_alloc for mm=ffff0004957c9800 and mm->pgd =ffff0004dec00000.
Oct 25 17:31:34 ubuntu kernel: [    8.889325] [mitosis-origin] pgd_alloc for mm=ffff000494c21400 and mm->pgd =ffff0004953cc000.
Oct 25 17:31:34 ubuntu kernel: [    8.892203] Key type big_key registered
Oct 25 17:31:34 ubuntu kernel: [    8.892970] [mitosis-origin] pgd_alloc for mm=ffff000494c2fc00 and mm->pgd =ffff000495688000.
Oct 25 17:31:34 ubuntu kernel: [    8.908677] [mitosis-origin] pgd_alloc for mm=ffff000494c2b400 and mm->pgd =ffff000494c40000.
Oct 25 17:31:34 ubuntu kernel: [    8.909448] [mitosis-origin] pgd_free for mm=ffff000494c2fc00 and pgd =ffff000495688000 and mm->pgd=ffff000495688000.
Oct 25 17:31:34 ubuntu kernel: [    8.912043] [mitosis-origin] pgd_alloc for mm=ffff000494c2fc00 and mm->pgd =ffff0004dedd1000.
Oct 25 17:31:34 ubuntu kernel: [    8.912815] [mitosis-origin] pgd_free for mm=ffff000494c2b400 and pgd =ffff000494c40000 and mm->pgd=ffff000494c40000.
Oct 25 17:31:34 ubuntu kernel: [    8.914587] Key type encrypted registered
Oct 25 17:31:34 ubuntu kernel: [    8.915572] AppArmor: AppArmor sha1 policy hashing enabled
Oct 25 17:31:34 ubuntu kernel: [    8.916943] ima: No TPM chip found, activating TPM-bypass!
Oct 25 17:31:34 ubuntu kernel: [    8.917847] ima: Allocated hash algorithm: sha1
Oct 25 17:31:34 ubuntu kernel: [    8.918639] ima: No architecture policies found
Oct 25 17:31:34 ubuntu kernel: [    8.919466] evm: Initialising EVM extended attributes:
Oct 25 17:31:34 ubuntu kernel: [    8.920279] evm: security.selinux
Oct 25 17:31:34 ubuntu kernel: [    8.920800] evm: security.SMACK64
Oct 25 17:31:34 ubuntu kernel: [    8.921320] evm: security.SMACK64EXEC
Oct 25 17:31:34 ubuntu kernel: [    8.921891] evm: security.SMACK64TRANSMUTE
Oct 25 17:31:34 ubuntu kernel: [    8.922546] evm: security.SMACK64MMAP
Oct 25 17:31:34 ubuntu kernel: [    8.923084] evm: security.apparmor
Oct 25 17:31:34 ubuntu kernel: [    8.923413] evm: security.ima
Oct 25 17:31:34 ubuntu kernel: [    8.923696] evm: security.capability
Oct 25 17:31:34 ubuntu kernel: [    8.924046] evm: HMAC attrs: 0x1
Oct 25 17:31:34 ubuntu kernel: [    8.928799] Freeing unused kernel memory: 7040K
Oct 25 17:31:34 ubuntu kernel: [    9.016969] Checked W+X mappings: passed, no W+X pages found
Oct 25 17:31:34 ubuntu kernel: [    9.017577] Run /init as init process
Oct 25 17:31:34 ubuntu kernel: [    9.017930]   with arguments:
Oct 25 17:31:34 ubuntu kernel: [    9.017931]     /init
Oct 25 17:31:34 ubuntu kernel: [    9.017932]   with environment:
Oct 25 17:31:34 ubuntu kernel: [    9.017933]     HOME=/
Oct 25 17:31:34 ubuntu kernel: [    9.017934]     TERM=linux
Oct 25 17:31:34 ubuntu kernel: [    9.017935]     BOOT_IMAGE=/boot/vmlinuz-5.7.1
Oct 25 17:31:34 ubuntu kernel: [    9.018036] [mitosis-origin] pgd_alloc for mm=ffff000494cfa800 and mm->pgd =ffff0004dedf3000.
Oct 25 17:31:34 ubuntu kernel: [    9.020468] [mitosis-origin] pgd_alloc for mm=ffff000494cfa400 and mm->pgd =ffff0004dee06000.
Oct 25 17:31:34 ubuntu kernel: [    9.022425] [mitosis-origin] pgd_alloc for mm=ffff000494cfdc00 and mm->pgd =ffff000494cc3000.
Oct 25 17:31:34 ubuntu kernel: [    9.023540] [mitosis-origin] pgd_free for mm=ffff000494cfa400 and pgd =ffff0004dee06000 and mm->pgd=ffff0004dee06000.
Oct 25 17:31:34 ubuntu kernel: [    9.026340] [mitosis-origin] pgd_alloc for mm=ffff000494cf8800 and mm->pgd =ffff000494cd1000.
Oct 25 17:31:34 ubuntu kernel: [    9.027433] [mitosis-origin] pgd_free for mm=ffff000494cfdc00 and pgd =ffff000494cc3000 and mm->pgd=ffff000494cc3000.
Oct 25 17:31:34 ubuntu kernel: [    9.030224] [mitosis-origin] pgd_alloc for mm=ffff000494cfa000 and mm->pgd =ffff000494cdf000.
Oct 25 17:31:34 ubuntu kernel: [    9.031368] [mitosis-origin] pgd_free for mm=ffff000494cf8800 and pgd =ffff000494cd1000 and mm->pgd=ffff000494cd1000.
Oct 25 17:31:34 ubuntu kernel: [    9.032932] [mitosis-origin] pgd_alloc for mm=ffff000494cff000 and mm->pgd =ffff000494ced000.
Oct 25 17:31:34 ubuntu kernel: [    9.034026] [mitosis-origin] pgd_free for mm=ffff000494cfa000 and pgd =ffff000494cdf000 and mm->pgd=ffff000494cdf000.
Oct 25 17:31:34 ubuntu kernel: [    9.035429] [mitosis-origin] pgd_alloc for mm=ffff0004952d7000 and mm->pgd =ffff0004df449000.
Oct 25 17:31:34 ubuntu kernel: [    9.036497] [mitosis-origin] pgd_free for mm=ffff000494cff000 and pgd =ffff000494ced000 and mm->pgd=ffff000494ced000.
Oct 25 17:31:34 ubuntu kernel: [    9.038544] [mitosis-origin] pgd_alloc for mm=ffff000494cff800 and mm->pgd =ffff000494cf7000.
Oct 25 17:31:34 ubuntu kernel: [    9.039761] [mitosis-origin] pgd_free for mm=ffff0004952d7000 and pgd =ffff0004df449000 and mm->pgd=ffff0004df449000.
Oct 25 17:31:34 ubuntu kernel: [    9.041096] [mitosis-origin] pgd_alloc for mm=ffff0004952d7000 and mm->pgd =ffff000494cec000.
Oct 25 17:31:34 ubuntu kernel: [    9.042154] [mitosis-origin] pgd_free for mm=ffff000494cff800 and pgd =ffff000494cf7000 and mm->pgd=ffff000494cf7000.
Oct 25 17:31:34 ubuntu kernel: [    9.044123] [mitosis-origin] pgd_alloc for mm=ffff000494cf8c00 and mm->pgd =ffff000494d15000.
Oct 25 17:31:34 ubuntu kernel: [    9.045238] [mitosis-origin] pgd_free for mm=ffff0004952d7000 and pgd =ffff000494cec000 and mm->pgd=ffff000494cec000.
Oct 25 17:31:34 ubuntu kernel: [    9.046633] [mitosis-origin] pgd_alloc for mm=ffff0004952d7000 and mm->pgd =ffff000494cf6000.
Oct 25 17:31:34 ubuntu kernel: [    9.047796] [mitosis-origin] pgd_free for mm=ffff000494cf8c00 and pgd =ffff000494d15000 and mm->pgd=ffff000494d15000.
Oct 25 17:31:34 ubuntu kernel: [    9.050198] [mitosis-origin] pgd_alloc for mm=ffff000494d6f800 and mm->pgd =ffff0004de8b7000.
Oct 25 17:31:34 ubuntu kernel: [    9.051544] [mitosis-origin] pgd_alloc for mm=ffff000494d73c00 and mm->pgd =ffff0004deb71000.
Oct 25 17:31:34 ubuntu kernel: [    9.052691] [mitosis-origin] pgd_free for mm=ffff000494d6f800 and pgd =ffff0004de8b7000 and mm->pgd=ffff0004de8b7000.
Oct 25 17:31:34 ubuntu kernel: [    9.054691] [mitosis-origin] pgd_alloc for mm=ffff000494d68c00 and mm->pgd =ffff0004df4ba000.
Oct 25 17:31:34 ubuntu kernel: [    9.055842] [mitosis-origin] pgd_free for mm=ffff000494d73c00 and pgd =ffff0004deb71000 and mm->pgd=ffff0004deb71000.
Oct 25 17:31:34 ubuntu kernel: [    9.057678] [mitosis-origin] pgd_alloc for mm=ffff000494d6ac00 and mm->pgd =ffff0004df4c8000.
Oct 25 17:31:34 ubuntu kernel: [    9.058974] [mitosis-origin] pgd_free for mm=ffff000494d68c00 and pgd =ffff0004df4ba000 and mm->pgd=ffff0004df4ba000.
Oct 25 17:31:34 ubuntu kernel: [    9.060479] [mitosis-origin] pgd_alloc for mm=ffff000494d73c00 and mm->pgd =ffff0004deba6000.
Oct 25 17:31:34 ubuntu kernel: [    9.061691] [mitosis-origin] pgd_free for mm=ffff000494d6ac00 and pgd =ffff0004df4c8000 and mm->pgd=ffff0004df4c8000.
Oct 25 17:31:34 ubuntu kernel: [    9.064013] [mitosis-origin] pgd_alloc for mm=ffff000494d6d800 and mm->pgd =ffff0004df4d6000.
Oct 25 17:31:34 ubuntu kernel: [    9.065158] [mitosis-origin] pgd_free for mm=ffff000494d73c00 and pgd =ffff0004deba6000 and mm->pgd=ffff0004deba6000.
Oct 25 17:31:34 ubuntu kernel: [    9.066490] [mitosis-origin] pgd_alloc for mm=ffff000494d73c00 and mm->pgd =ffff0004df4c7000.
Oct 25 17:31:34 ubuntu kernel: [    9.067632] [mitosis-origin] pgd_free for mm=ffff000494d6d800 and pgd =ffff0004df4d6000 and mm->pgd=ffff0004df4d6000.
Oct 25 17:31:34 ubuntu kernel: [    9.069497] [mitosis-origin] pgd_alloc for mm=ffff000494d69800 and mm->pgd =ffff0004df4e4000.
Oct 25 17:31:34 ubuntu kernel: [    9.070650] [mitosis-origin] pgd_free for mm=ffff000494d73c00 and pgd =ffff0004df4c7000 and mm->pgd=ffff0004df4c7000.
Oct 25 17:31:34 ubuntu kernel: [    9.073820] [mitosis-origin] pgd_alloc for mm=ffff000494d68000 and mm->pgd =ffff000494d9b000.
Oct 25 17:31:34 ubuntu kernel: [    9.075001] [mitosis-origin] pgd_free for mm=ffff000494d69800 and pgd =ffff0004df4e4000 and mm->pgd=ffff0004df4e4000.
Oct 25 17:31:34 ubuntu kernel: [    9.076317] [mitosis-origin] pgd_alloc for mm=ffff000494d73c00 and mm->pgd =ffff0004df4e3000.
Oct 25 17:31:34 ubuntu kernel: [    9.077356] [mitosis-origin] pgd_free for mm=ffff000494d68000 and pgd =ffff000494d9b000 and mm->pgd=ffff000494d9b000.
Oct 25 17:31:34 ubuntu kernel: [    9.079532] [mitosis-origin] pgd_alloc for mm=ffff000494e08800 and mm->pgd =ffff0004def25000.
Oct 25 17:31:34 ubuntu kernel: [    9.081042] [mitosis-origin] pgd_alloc for mm=ffff000494d6cc00 and mm->pgd =ffff000494da6000.
Oct 25 17:31:34 ubuntu kernel: [    9.082436] [mitosis-origin] pgd_free for mm=ffff000494e08800 and pgd =ffff0004def25000 and mm->pgd=ffff0004def25000.
Oct 25 17:31:34 ubuntu kernel: [    9.084947] [mitosis-origin] pgd_alloc for mm=ffff000494d69000 and mm->pgd =ffff000494db8000.
Oct 25 17:31:34 ubuntu kernel: [    9.086570] [mitosis-origin] pgd_alloc for mm=ffff000494e0a000 and mm->pgd =ffff0004def32000.
Oct 25 17:31:34 ubuntu kernel: [    9.088077] [mitosis-origin] pgd_free for mm=ffff000494d69000 and pgd =ffff000494db8000 and mm->pgd=ffff000494db8000.
Oct 25 17:31:34 ubuntu kernel: [    9.090654] [mitosis-origin] pgd_free for mm=ffff000494e0a000 and pgd =ffff0004def32000 and mm->pgd=ffff0004def32000.
Oct 25 17:31:34 ubuntu kernel: [    9.092034] [mitosis-origin] pgd_alloc for mm=ffff000494e0a000 and mm->pgd =ffff0004def32000.
Oct 25 17:31:34 ubuntu kernel: [    9.093247] [mitosis-origin] pgd_alloc for mm=ffff000494d6b800 and mm->pgd =ffff000494dc4000.
Oct 25 17:31:34 ubuntu kernel: [    9.094413] [mitosis-origin] pgd_free for mm=ffff000494e0a000 and pgd =ffff0004def32000 and mm->pgd=ffff0004def32000.
Oct 25 17:31:34 ubuntu kernel: [    9.096463] [mitosis-origin] pgd_alloc for mm=ffff000494d6e000 and mm->pgd =ffff000494dd4000.
Oct 25 17:31:34 ubuntu kernel: [    9.098260] [mitosis-origin] pgd_alloc for mm=ffff000494e6e400 and mm->pgd =ffff0004deed8000.
Oct 25 17:31:34 ubuntu kernel: [    9.100985] [mitosis-origin] pgd_free for mm=ffff000494d6e000 and pgd =ffff000494dd4000 and mm->pgd=ffff000494dd4000.
Oct 25 17:31:34 ubuntu kernel: [    9.105291] [mitosis-origin] pgd_free for mm=ffff000494d6cc00 and pgd =ffff000494da6000 and mm->pgd=ffff000494da6000.
Oct 25 17:31:34 ubuntu kernel: [    9.107126] [mitosis-origin] pgd_alloc for mm=ffff000494eaf800 and mm->pgd =ffff000494da8000.
Oct 25 17:31:34 ubuntu kernel: [    9.108471] [mitosis-origin] pgd_alloc for mm=ffff000494d6fc00 and mm->pgd =ffff0004def47000.
Oct 25 17:31:34 ubuntu kernel: [    9.109806] [mitosis-origin] pgd_free for mm=ffff000494eaf800 and pgd =ffff000494da8000 and mm->pgd=ffff000494da8000.
Oct 25 17:31:34 ubuntu kernel: [    9.111995] [mitosis-origin] pgd_alloc for mm=ffff000494d6b400 and mm->pgd =ffff0004def27000.
Oct 25 17:31:34 ubuntu kernel: [    9.113443] [mitosis-origin] pgd_alloc for mm=ffff000494ea8c00 and mm->pgd =ffff0004defc2000.
Oct 25 17:31:34 ubuntu kernel: [    9.114636] [mitosis-origin] pgd_free for mm=ffff000494d6b400 and pgd =ffff0004def27000 and mm->pgd=ffff0004def27000.
Oct 25 17:31:34 ubuntu kernel: [    9.117462] [mitosis-origin] pgd_free for mm=ffff000494ea8c00 and pgd =ffff0004defc2000 and mm->pgd=ffff0004defc2000.
Oct 25 17:31:34 ubuntu kernel: [    9.118832] [mitosis-origin] pgd_alloc for mm=ffff000494ea8c00 and mm->pgd =ffff0004defc2000.
Oct 25 17:31:34 ubuntu kernel: [    9.120072] [mitosis-origin] pgd_free for mm=ffff000494d6fc00 and pgd =ffff0004def47000 and mm->pgd=ffff0004def47000.
Oct 25 17:31:34 ubuntu kernel: [    9.121299] [mitosis-origin] pgd_alloc for mm=ffff000494d6fc00 and mm->pgd =ffff000494dc8000.
Oct 25 17:31:34 ubuntu kernel: [    9.122306] [mitosis-origin] pgd_free for mm=ffff000494ea8c00 and pgd =ffff0004defc2000 and mm->pgd=ffff0004defc2000.
Oct 25 17:31:34 ubuntu kernel: [    9.124399] [mitosis-origin] pgd_alloc for mm=ffff000494d6c800 and mm->pgd =ffff000494e36000.
Oct 25 17:31:34 ubuntu kernel: [    9.125758] [mitosis-origin] pgd_alloc for mm=ffff000494eaac00 and mm->pgd =ffff0004defdb000.
Oct 25 17:31:34 ubuntu kernel: [    9.126963] [mitosis-origin] pgd_free for mm=ffff000494d6c800 and pgd =ffff000494e36000 and mm->pgd=ffff000494e36000.
Oct 25 17:31:34 ubuntu kernel: [    9.131960] [mitosis-origin] pgd_alloc for mm=ffff000494ead800 and mm->pgd =ffff0004deff0000.
Oct 25 17:31:34 ubuntu kernel: [    9.133842] [mitosis-origin] pgd_alloc for mm=ffff000494f5a400 and mm->pgd =ffff0004df546000.
Oct 25 17:31:34 ubuntu kernel: [    9.135590] [mitosis-origin] pgd_free for mm=ffff000494eaac00 and pgd =ffff0004defdb000 and mm->pgd=ffff0004defdb000.
Oct 25 17:31:34 ubuntu kernel: [    9.137107] [mitosis-origin] pgd_alloc for mm=ffff000494eaac00 and mm->pgd =ffff000494ee4000.
Oct 25 17:31:34 ubuntu kernel: [    9.138323] [mitosis-origin] pgd_free for mm=ffff000494f5a400 and pgd =ffff0004df546000 and mm->pgd=ffff0004df546000.
Oct 25 17:31:34 ubuntu kernel: [    9.174853] [mitosis-origin] pgd_alloc for mm=ffff000494d6bc00 and mm->pgd =ffff0004defd7000.
Oct 25 17:31:34 ubuntu kernel: [    9.178943] [mitosis-origin] pgd_alloc for mm=ffff000494d6f400 and mm->pgd =ffff0004def2e000.
Oct 25 17:31:34 ubuntu kernel: [    9.181461] [mitosis-origin] pgd_alloc for mm=ffff000494f5dc00 and mm->pgd =ffff0004df55a000.
Oct 25 17:31:34 ubuntu kernel: [    9.181488] [mitosis-origin] pgd_free for mm=ffff000494eaac00 and pgd =ffff000494ee4000 and mm->pgd=ffff000494ee4000.
Oct 25 17:31:34 ubuntu kernel: [    9.182083] [mitosis-origin] pgd_alloc for mm=ffff000494d6e800 and mm->pgd =ffff000494e45000.
Oct 25 17:31:34 ubuntu kernel: [    9.182373] [mitosis-origin] pgd_free for mm=ffff000494d6b800 and pgd =ffff000494dc4000 and mm->pgd=ffff000494dc4000.
Oct 25 17:31:34 ubuntu kernel: [    9.182629] [mitosis-origin] pgd_alloc for mm=ffff000494d6c400 and mm->pgd =ffff00049450d000.
Oct 25 17:31:34 ubuntu kernel: [    9.183128] [mitosis-origin] pgd_alloc for mm=ffff000494d6b000 and mm->pgd =ffff000494f1e000.
Oct 25 17:31:34 ubuntu kernel: [    9.183445] [mitosis-origin] pgd_alloc for mm=ffff000494d69400 and mm->pgd =ffff000494521000.
Oct 25 17:31:34 ubuntu kernel: [    9.183697] [mitosis-origin] pgd_alloc for mm=ffff000494d69c00 and mm->pgd =ffff000494533000.
Oct 25 17:31:34 ubuntu kernel: [    9.183864] [mitosis-origin] pgd_alloc for mm=ffff00049455b800 and mm->pgd =ffff0004df61e000.
Oct 25 17:31:34 ubuntu kernel: [    9.184035] [mitosis-origin] pgd_free for mm=ffff000494f5dc00 and pgd =ffff0004df55a000 and mm->pgd=ffff0004df55a000.
Oct 25 17:31:34 ubuntu kernel: [    9.191907] [mitosis-origin] pgd_alloc for mm=ffff000494d6d000 and mm->pgd =ffff0004945b1000.
Oct 25 17:31:34 ubuntu kernel: [    9.215743] [mitosis-origin] pgd_free for mm=ffff00049573f000 and pgd =ffff0004de509000 and mm->pgd=ffff0004de509000.
Oct 25 17:31:34 ubuntu kernel: [    9.233631] [mitosis-origin] pgd_alloc for mm=ffff000494d6ec00 and mm->pgd =ffff0004945c3000.
Oct 25 17:31:34 ubuntu kernel: [    9.236169] [mitosis-origin] pgd_free for mm=ffff000494d6d000 and pgd =ffff0004945b1000 and mm->pgd=ffff0004945b1000.
Oct 25 17:31:34 ubuntu kernel: [    9.236872] [mitosis-origin] pgd_alloc for mm=ffff000494d6d400 and mm->pgd =ffff0004945d4000.
Oct 25 17:31:34 ubuntu kernel: [    9.239860] [mitosis-origin] pgd_free for mm=ffff000494d69c00 and pgd =ffff000494533000 and mm->pgd=ffff000494533000.
Oct 25 17:31:34 ubuntu kernel: [    9.241161] [mitosis-origin] pgd_free for mm=ffff0004950f7400 and pgd =ffff0004950a6000 and mm->pgd=ffff0004950a6000.
Oct 25 17:31:34 ubuntu kernel: [    9.241251] [mitosis-origin] pgd_alloc for mm=ffff000494d6c000 and mm->pgd =ffff000494ef5000.
Oct 25 17:31:34 ubuntu kernel: [    9.241512] [mitosis-origin] pgd_free for mm=ffff000494d6bc00 and pgd =ffff0004defd7000 and mm->pgd=ffff0004defd7000.
Oct 25 17:31:34 ubuntu kernel: [    9.242451] [mitosis-origin] pgd_alloc for mm=ffff000494d6e400 and mm->pgd =ffff000494644000.
Oct 25 17:31:34 ubuntu kernel: [    9.242730] [mitosis-origin] pgd_free for mm=ffff000494d6e800 and pgd =ffff000494e45000 and mm->pgd=ffff000494e45000.
Oct 25 17:31:34 ubuntu kernel: [    9.242986] [mitosis-origin] pgd_alloc for mm=ffff000494f58800 and mm->pgd =ffff000494533000.
Oct 25 17:31:34 ubuntu kernel: [    9.243022] [mitosis-origin] pgd_alloc for mm=ffff000494d68400 and mm->pgd =ffff000494610000.
Oct 25 17:31:34 ubuntu kernel: [    9.243505] [mitosis-origin] pgd_alloc for mm=ffff000494d6a800 and mm->pgd =ffff000494457000.
Oct 25 17:31:34 ubuntu kernel: [    9.243762] [mitosis-origin] pgd_free for mm=ffff000494d6f400 and pgd =ffff0004def2e000 and mm->pgd=ffff0004def2e000.
Oct 25 17:31:34 ubuntu kernel: [    9.243935] [mitosis-origin] pgd_alloc for mm=ffff000494d6a400 and mm->pgd =ffff0004945fb000.
Oct 25 17:31:34 ubuntu kernel: [    9.245098] [mitosis-origin] pgd_alloc for mm=ffff000494eaac00 and mm->pgd =ffff000494ee3000.
Oct 25 17:31:34 ubuntu kernel: [    9.246209] [mitosis-origin] pgd_alloc for mm=ffff000494d6dc00 and mm->pgd =ffff000494651000.
Oct 25 17:31:34 ubuntu kernel: [    9.246950] [mitosis-origin] pgd_free for mm=ffff000494f58800 and pgd =ffff000494533000 and mm->pgd=ffff000494533000.
Oct 25 17:31:34 ubuntu kernel: [    9.248149] [mitosis-origin] pgd_alloc for mm=ffff000494d68800 and mm->pgd =ffff000494663000.
Oct 25 17:31:34 ubuntu kernel: [    9.256334] [mitosis-origin] pgd_alloc for mm=ffff000494d6a000 and mm->pgd =ffff0004944b0000.
Oct 25 17:31:34 ubuntu kernel: [    9.257832] [mitosis-origin] pgd_free for mm=ffff00049455b800 and pgd =ffff0004df61e000 and mm->pgd=ffff0004df61e000.
Oct 25 17:31:34 ubuntu kernel: [    9.258053] [mitosis-origin] pgd_free for mm=ffff000494d69400 and pgd =ffff000494521000 and mm->pgd=ffff000494521000.
Oct 25 17:31:34 ubuntu kernel: [    9.258161] [mitosis-origin] pgd_free for mm=ffff000494d6c400 and pgd =ffff00049450d000 and mm->pgd=ffff00049450d000.
Oct 25 17:31:34 ubuntu kernel: [    9.258396] [mitosis-origin] pgd_free for mm=ffff000494c2fc00 and pgd =ffff0004dedd1000 and mm->pgd=ffff0004dedd1000.
Oct 25 17:31:34 ubuntu kernel: [    9.263332] [mitosis-origin] pgd_alloc for mm=ffff000494d6f000 and mm->pgd =ffff000494ef6000.
Oct 25 17:31:34 ubuntu kernel: [    9.264826] [mitosis-origin] pgd_alloc for mm=ffff000494d69400 and mm->pgd =ffff000494490000.
Oct 25 17:31:34 ubuntu kernel: [    9.269481] scsi host0: Virtio SCSI HBA
Oct 25 17:31:34 ubuntu kernel: [    9.271848] scsi 0:0:0:0: Direct-Access     QEMU     QEMU HARDDISK    2.5+ PQ: 0 ANSI: 5
Oct 25 17:31:34 ubuntu kernel: [    9.273102] [mitosis-origin] pgd_alloc for mm=ffff000494d6c400 and mm->pgd =ffff000494f83000.
Oct 25 17:31:34 ubuntu kernel: [    9.274117] scsi 0:0:0:1: CD-ROM            QEMU     QEMU CD-ROM      2.5+ PQ: 0 ANSI: 5
Oct 25 17:31:34 ubuntu kernel: [    9.275394] [mitosis-origin] pgd_alloc for mm=ffff000494d6f400 and mm->pgd =ffff0004947b5000.
Oct 25 17:31:34 ubuntu kernel: [    9.276083] [mitosis-origin] pgd_alloc for mm=ffff000494d77400 and mm->pgd =ffff0004deb6d000.
Oct 25 17:31:34 ubuntu kernel: [    9.277078] [mitosis-origin] pgd_alloc for mm=ffff000494d69c00 and mm->pgd =ffff0004947c8000.
Oct 25 17:31:34 ubuntu kernel: [    9.277905] [mitosis-origin] pgd_free for mm=ffff000494d73c00 and pgd =ffff0004df4e3000 and mm->pgd=ffff0004df4e3000.
Oct 25 17:31:34 ubuntu kernel: [    9.279317] [mitosis-origin] pgd_alloc for mm=ffff000494d6e800 and mm->pgd =ffff0004947da000.
Oct 25 17:31:34 ubuntu kernel: [    9.282096] [mitosis-origin] pgd_alloc for mm=ffff000494d6bc00 and mm->pgd =ffff000493d36000.
Oct 25 17:31:34 ubuntu kernel: [    9.282192] [mitosis-origin] pgd_free for mm=ffff000494c21400 and pgd =ffff0004953cc000 and mm->pgd=ffff0004953cc000.
Oct 25 17:31:34 ubuntu kernel: [    9.282637] [mitosis-origin] pgd_free for mm=ffff0004950f3c00 and pgd =ffff0004de8b4000 and mm->pgd=ffff0004de8b4000.
Oct 25 17:31:34 ubuntu kernel: [    9.283238] [mitosis-origin] pgd_free for mm=ffff000494d6b000 and pgd =ffff000494f1e000 and mm->pgd=ffff000494f1e000.
Oct 25 17:31:34 ubuntu kernel: [    9.283547] [mitosis-origin] pgd_alloc for mm=ffff000494d6d000 and mm->pgd =ffff000493d59000.
Oct 25 17:31:34 ubuntu kernel: [    9.284079] [mitosis-origin] pgd_alloc for mm=ffff000494d6b800 and mm->pgd =ffff000493d6c000.
Oct 25 17:31:34 ubuntu kernel: [    9.284543] [mitosis-origin] pgd_alloc for mm=ffff000494d6c800 and mm->pgd =ffff000493d7d000.
Oct 25 17:31:34 ubuntu kernel: [    9.286355] [mitosis-origin] pgd_alloc for mm=ffff0004952d7800 and mm->pgd =ffff000494cdd000.
Oct 25 17:31:34 ubuntu kernel: [    9.287477] [mitosis-origin] pgd_alloc for mm=ffff000494d6b400 and mm->pgd =ffff000493e7c000.
Oct 25 17:31:34 ubuntu kernel: [    9.288207] [mitosis-origin] pgd_free for mm=ffff0004952d7000 and pgd =ffff000494cf6000 and mm->pgd=ffff000494cf6000.
Oct 25 17:31:34 ubuntu kernel: [    9.289676] [mitosis-origin] pgd_alloc for mm=ffff000494d6cc00 and mm->pgd =ffff000493e8f000.
Oct 25 17:31:34 ubuntu kernel: [    9.292070] [mitosis-origin] pgd_alloc for mm=ffff000494e68400 and mm->pgd =ffff0004deee9000.
Oct 25 17:31:34 ubuntu kernel: [    9.292959] [mitosis-origin] pgd_alloc for mm=ffff000494d6e000 and mm->pgd =ffff000493ea0000.
Oct 25 17:31:34 ubuntu kernel: [    9.298059] [mitosis-origin] pgd_free for mm=ffff000494e6e400 and pgd =ffff0004deed8000 and mm->pgd=ffff0004deed8000.
Oct 25 17:31:34 ubuntu kernel: [    9.299751] [mitosis-origin] pgd_alloc for mm=ffff000494d69000 and mm->pgd =ffff000493953000.
Oct 25 17:31:34 ubuntu kernel: [    9.301892] [mitosis-origin] pgd_alloc for mm=ffff0004952d7000 and mm->pgd =ffff000493df0000.
Oct 25 17:31:34 ubuntu kernel: [    9.303109] [mitosis-origin] pgd_free for mm=ffff000494d77400 and pgd =ffff0004deb6d000 and mm->pgd=ffff0004deb6d000.
Oct 25 17:31:34 ubuntu kernel: [    9.303326] [mitosis-origin] pgd_alloc for mm=ffff000494d68000 and mm->pgd =ffff000493966000.
Oct 25 17:31:34 ubuntu kernel: [    9.303665] [mitosis-origin] pgd_alloc for mm=ffff000494d69800 and mm->pgd =ffff000493978000.
Oct 25 17:31:34 ubuntu kernel: [    9.303838] [mitosis-origin] pgd_free for mm=ffff000494e68400 and pgd =ffff0004deee9000 and mm->pgd=ffff0004deee9000.
Oct 25 17:31:34 ubuntu kernel: [    9.304019] [mitosis-origin] pgd_alloc for mm=ffff000494d6d800 and mm->pgd =ffff000493b02000.
Oct 25 17:31:34 ubuntu kernel: [    9.304287] [mitosis-origin] pgd_free for mm=ffff0004952d7800 and pgd =ffff000494cdd000 and mm->pgd=ffff000494cdd000.
Oct 25 17:31:34 ubuntu kernel: [    9.304375] [mitosis-origin] pgd_alloc for mm=ffff000494d6ac00 and mm->pgd =ffff000493b1d000.
Oct 25 17:31:34 ubuntu kernel: [    9.304725] [mitosis-origin] pgd_alloc for mm=ffff000494d68c00 and mm->pgd =ffff000493b2e000.
Oct 25 17:31:34 ubuntu kernel: [    9.305070] [mitosis-origin] pgd_alloc for mm=ffff000494d6f800 and mm->pgd =ffff000493b41000.
Oct 25 17:31:34 ubuntu kernel: [    9.305477] [mitosis-origin] pgd_alloc for mm=ffff000494d6b000 and mm->pgd =ffff000493b82000.
Oct 25 17:31:34 ubuntu kernel: [    9.307745] [mitosis-origin] pgd_alloc for mm=ffff000494e68400 and mm->pgd =ffff0004deb9a000.
Oct 25 17:31:34 ubuntu kernel: [    9.309000] [mitosis-origin] pgd_alloc for mm=ffff000493508000 and mm->pgd =ffff000493b94000.
Oct 25 17:31:34 ubuntu kernel: [    9.310320] random: fast init done
Oct 25 17:31:34 ubuntu kernel: [    9.311949] sd 0:0:0:0: Power-on or device reset occurred
Oct 25 17:31:34 ubuntu kernel: [    9.311956] sd 0:0:0:0: Attached scsi generic sg0 type 0
Oct 25 17:31:34 ubuntu kernel: [    9.312472] [mitosis-origin] pgd_alloc for mm=ffff00049350cc00 and mm->pgd =ffff000493ba6000.
Oct 25 17:31:34 ubuntu kernel: [    9.312705] [mitosis-origin] pgd_free for mm=ffff0004952d7000 and pgd =ffff000493df0000 and mm->pgd=ffff000493df0000.
Oct 25 17:31:34 ubuntu kernel: [    9.313018] [mitosis-origin] pgd_free for mm=ffff0004951dcc00 and pgd =ffff000495259000 and mm->pgd=ffff000495259000.
Oct 25 17:31:34 ubuntu kernel: [    9.313357] sr 0:0:0:1: Power-on or device reset occurred
Oct 25 17:31:34 ubuntu kernel: [    9.313621] [mitosis-origin] pgd_free for mm=ffff00049592ec00 and pgd =ffff0004953c3000 and mm->pgd=ffff0004953c3000.
Oct 25 17:31:34 ubuntu kernel: [    9.313713] [mitosis-origin] pgd_free for mm=ffff0004957c9800 and pgd =ffff0004dec00000 and mm->pgd=ffff0004dec00000.
