Oct 22 11:02:31 ubuntu systemd-modules-load[835]: Inserted module 'iscsi_tcp'
Oct 22 11:02:31 ubuntu kernel: [    0.000000] Booting Linux on physical CPU 0x0000000000 [0x481fd010]
Oct 22 11:02:31 ubuntu systemd-modules-load[835]: Inserted module 'ib_iser'
Oct 22 11:02:31 ubuntu kernel: [    0.000000] Linux version 5.7.1 (root@ubuntu) (gcc version 7.5.0 (Ubuntu/Linaro 7.5.0-3ubuntu1~18.04), GNU ld (GNU Binutils for Ubuntu) 2.30) #1 SMP Thu Oct 22 10:36:29 CST 2020
Oct 22 11:02:31 ubuntu lvm[839]:   2 logical volume(s) in volume group "ubuntu-vg" monitored
Oct 22 11:02:31 ubuntu systemd[1]: Started Apply Kernel Variables.
Oct 22 11:02:31 ubuntu kernel: [    0.000000] efi: EFI v2.70 by EDK II
Oct 22 11:02:31 ubuntu kernel: [    0.000000] efi:  SMBIOS 3.0=0x53f710000  ACPI 2.0=0x53c020000  MEMATTR=0x53cc7ca98  MEMRESERVE=0x53becd018 
Oct 22 11:02:31 ubuntu systemd[1]: Mounted FUSE Control File System.
Oct 22 11:02:31 ubuntu kernel: [    0.000000] cma: Reserved 32 MiB at 0x00000000fe000000
Oct 22 11:02:31 ubuntu systemd[1]: Mounted Kernel Configuration File System.
Oct 22 11:02:31 ubuntu kernel: [    0.000000] ACPI: Early table checksum verification disabled
Oct 22 11:02:31 ubuntu kernel: [    0.000000] ACPI: RSDP 0x000000053C020000 000024 (v02 BOCHS )
Oct 22 11:02:31 ubuntu kernel: [    0.000000] ACPI: XSDT 0x000000053BED0000 000054 (v01 BOCHS  BXPCFACP 00000001      01000013)
Oct 22 11:02:31 ubuntu kernel: [    0.000000] ACPI: FACP 0x000000053BE90000 00010C (v05 BOCHS  BXPCFACP 00000001 BXPC 00000001)
Oct 22 11:02:31 ubuntu systemd[1]: Starting Flush Journal to Persistent Storage...
Oct 22 11:02:31 ubuntu kernel: [    0.000000] ACPI: DSDT 0x000000053BEA0000 001523 (v02 BOCHS  BXPCDSDT 00000001 BXPC 00000001)
Oct 22 11:02:31 ubuntu systemd[1]: Starting udev Kernel Device Manager...
Oct 22 11:02:31 ubuntu kernel: [    0.000000] ACPI: APIC 0x000000053BE80000 0009E8 (v03 BOCHS  BXPCAPIC 00000001 BXPC 00000001)
Oct 22 11:02:31 ubuntu systemd[1]: Reached target Local File Systems (Pre).
Oct 22 11:02:31 ubuntu kernel: [    0.000000] ACPI: GTDT 0x000000053BE70000 000060 (v02 BOCHS  BXPCGTDT 00000001 BXPC 00000001)
Oct 22 11:02:31 ubuntu kernel: [    0.000000] ACPI: MCFG 0x000000053BE60000 00003C (v01 BOCHS  BXPCMCFG 00000001 BXPC 00000001)
Oct 22 11:02:31 ubuntu kernel: [    0.000000] ACPI: SPCR 0x000000053BE50000 000050 (v02 BOCHS  BXPCSPCR 00000001 BXPC 00000001)
Oct 22 11:02:31 ubuntu kernel: [    0.000000] ACPI: IORT 0x000000053BE40000 00007C (v00 BOCHS  BXPCIORT 00000001 BXPC 00000001)
Oct 22 11:02:31 ubuntu kernel: [    0.000000] ACPI: SPCR: console: pl011,mmio,0x9000000,9600
Oct 22 11:02:31 ubuntu kernel: [    0.000000] ACPI: NUMA: Failed to initialise from firmware
Oct 22 11:02:31 ubuntu systemd[1]: Started udev Kernel Device Manager.
Oct 22 11:02:31 ubuntu kernel: [    0.000000] NUMA: Faking a node at [mem 0x0000000040000000-0x000000053fffffff]
Oct 22 11:02:31 ubuntu systemd[1]: Started Flush Journal to Persistent Storage.
Oct 22 11:02:31 ubuntu kernel: [    0.000000] NUMA: NODE_DATA [mem 0x53d409300-0x53d40cfff]
Oct 22 11:02:31 ubuntu kernel: [    0.000000] Zone ranges:
Oct 22 11:02:31 ubuntu kernel: [    0.000000]   DMA      [mem 0x0000000040000000-0x000000007fffffff]
Oct 22 11:02:31 ubuntu kernel: [    0.000000]   DMA32    [mem 0x0000000080000000-0x00000000ffffffff]
Oct 22 11:02:31 ubuntu kernel: [    0.000000]   Normal   [mem 0x0000000100000000-0x000000053fffffff]
Oct 22 11:02:31 ubuntu kernel: [    0.000000] Movable zone start for each node
Oct 22 11:02:31 ubuntu kernel: [    0.000000] Early memory node ranges
Oct 22 11:02:31 ubuntu kernel: [    0.000000]   node   0: [mem 0x0000000040000000-0x000000053bedffff]
Oct 22 11:02:31 ubuntu kernel: [    0.000000]   node   0: [mem 0x000000053bee0000-0x000000053bffffff]
Oct 22 11:02:31 ubuntu systemd[1]: Started udev Coldplug all Devices.
Oct 22 11:02:31 ubuntu kernel: [    0.000000]   node   0: [mem 0x000000053c000000-0x000000053c02ffff]
Oct 22 11:02:31 ubuntu systemd[1]: Started Dispatch Password Requests to Console Directory Watch.
Oct 22 11:02:31 ubuntu kernel: [    0.000000]   node   0: [mem 0x000000053c030000-0x000000053c0affff]
Oct 22 11:02:31 ubuntu kernel: [    0.000000]   node   0: [mem 0x000000053c0b0000-0x000000053f57ffff]
Oct 22 11:02:31 ubuntu systemd[1]: Reached target Local Encrypted Volumes.
Oct 22 11:02:31 ubuntu kernel: [    0.000000]   node   0: [mem 0x000000053f580000-0x000000053f95ffff]
Oct 22 11:02:31 ubuntu systemd[1]: Found device /dev/ttyAMA0.
Oct 22 11:02:31 ubuntu kernel: [    0.000000]   node   0: [mem 0x000000053f960000-0x000000053fffffff]
Oct 22 11:02:31 ubuntu kernel: [    0.000000] Zeroed struct page in unavailable ranges: 544 pages
Oct 22 11:02:31 ubuntu systemd-udevd[1001]: link_config: autonegotiation is unset or enabled, the speed and duplex are not writable.
Oct 22 11:02:31 ubuntu kernel: [    0.000000] Initmem setup node 0 [mem 0x0000000040000000-0x000000053fffffff]
Oct 22 11:02:31 ubuntu systemd-udevd[985]: link_config: autonegotiation is unset or enabled, the speed and duplex are not writable.
Oct 22 11:02:31 ubuntu kernel: [    0.000000] On node 0 totalpages: 5242880
Oct 22 11:02:31 ubuntu systemd[1]: Listening on Load/Save RF Kill Switch Status /dev/rfkill Watch.
Oct 22 11:02:31 ubuntu kernel: [    0.000000]   DMA zone: 5120 pages used for memmap
Oct 22 11:02:31 ubuntu systemd[1]: Found device /dev/mapper/ubuntu--vg-swap_1.
Oct 22 11:02:31 ubuntu kernel: [    0.000000]   DMA zone: 0 pages reserved
Oct 22 11:02:31 ubuntu systemd[1]: Activating swap /dev/mapper/ubuntu--vg-swap_1...
Oct 22 11:02:31 ubuntu kernel: [    0.000000]   DMA zone: 262144 pages, LIFO batch:63
Oct 22 11:02:31 ubuntu kernel: [    0.000000]   DMA32 zone: 10240 pages used for memmap
Oct 22 11:02:31 ubuntu kernel: [    0.000000]   DMA32 zone: 524288 pages, LIFO batch:63
Oct 22 11:02:31 ubuntu systemd[1]: Activated swap /dev/mapper/ubuntu--vg-swap_1.
Oct 22 11:02:31 ubuntu systemd[1]: Found device QEMU_HARDDISK 1.
Oct 22 11:02:31 ubuntu systemd[1]: Starting File System Check on /dev/disk/by-uuid/5EA9-3D4C...
Oct 22 11:02:31 ubuntu systemd[1]: Created slice system-lvm2\x2dpvscan.slice.
Oct 22 11:02:31 ubuntu kernel: [    0.000000]   Normal zone: 87040 pages used for memmap
Oct 22 11:02:31 ubuntu systemd[1]: Starting LVM2 PV scan on device 8:2...
Oct 22 11:02:31 ubuntu kernel: [    0.000000]   Normal zone: 4456448 pages, LIFO batch:63
Oct 22 11:02:31 ubuntu kernel: [    0.000000] psci: probing for conduit method from ACPI.
Oct 22 11:02:31 ubuntu kernel: [    0.000000] psci: PSCIv1.0 detected in firmware.
Oct 22 11:02:31 ubuntu systemd[1]: Reached target Swap.
Oct 22 11:02:31 ubuntu kernel: [    0.000000] psci: Using standard PSCI v0.2 function IDs
Oct 22 11:02:31 ubuntu kernel: [    0.000000] psci: Trusted OS migration not required
Oct 22 11:02:31 ubuntu kernel: [    0.000000] psci: SMC Calling Convention v1.1
Oct 22 11:02:31 ubuntu kernel: [    0.000000] ACPI: SRAT not present
Oct 22 11:02:31 ubuntu kernel: [    0.000000] percpu: Embedded 33 pages/cpu s94616 r8192 d32360 u135168
Oct 22 11:02:31 ubuntu kernel: [    0.000000] pcpu-alloc: s94616 r8192 d32360 u135168 alloc=33*4096
Oct 22 11:02:31 ubuntu kernel: [    0.000000] pcpu-alloc: [0] 00 [0] 01 [0] 02 [0] 03 [0] 04 [0] 05 [0] 06 [0] 07 
Oct 22 11:02:31 ubuntu kernel: [    0.000000] pcpu-alloc: [0] 08 [0] 09 [0] 10 [0] 11 [0] 12 [0] 13 [0] 14 [0] 15 
Oct 22 11:02:31 ubuntu kernel: [    0.000000] pcpu-alloc: [0] 16 [0] 17 [0] 18 [0] 19 [0] 20 [0] 21 [0] 22 [0] 23 
Oct 22 11:02:31 ubuntu kernel: [    0.000000] pcpu-alloc: [0] 24 [0] 25 [0] 26 [0] 27 [0] 28 [0] 29 [0] 30 [0] 31 
Oct 22 11:02:31 ubuntu kernel: [    0.000000] Detected VIPT I-cache on CPU0
Oct 22 11:02:31 ubuntu kernel: [    0.000000] CPU features: detected: GIC system register CPU interface
Oct 22 11:02:31 ubuntu kernel: [    0.000000] CPU features: detected: Hardware dirty bit management
Oct 22 11:02:31 ubuntu kernel: [    0.000000] Built 1 zonelists, mobility grouping on.  Total pages: 5140480
Oct 22 11:02:31 ubuntu kernel: [    0.000000] Policy zone: Normal
Oct 22 11:02:31 ubuntu kernel: [    0.000000] Kernel command line: BOOT_IMAGE=/boot/vmlinuz-5.7.1 root=/dev/mapper/ubuntu--vg-root ro
Oct 22 11:02:31 ubuntu kernel: [    0.000000] Dentry cache hash table entries: 4194304 (order: 13, 33554432 bytes, linear)
Oct 22 11:02:31 ubuntu kernel: [    0.000000] Inode-cache hash table entries: 2097152 (order: 12, 16777216 bytes, linear)
Oct 22 11:02:31 ubuntu kernel: [    0.000000] mem auto-init: stack:off, heap alloc:on, heap free:off
Oct 22 11:02:31 ubuntu kernel: [    0.000000] software IO TLB: mapped [mem 0x7bfff000-0x7ffff000] (64MB)
Oct 22 11:02:31 ubuntu systemd[1]: Started File System Check Daemon to report status.
Oct 22 11:02:31 ubuntu kernel: [    0.000000] Memory: 20269608K/20971520K available (14204K kernel code, 2354K rwdata, 6868K rodata, 7040K init, 1132K bss, 669144K reserved, 32768K cma-reserved)
Oct 22 11:02:31 ubuntu kernel: [    0.000000] random: get_random_u64 called from __kmem_cache_create+0x54/0x5d8 with crng_init=0
Oct 22 11:02:31 ubuntu kernel: [    0.000000] SLUB: HWalign=64, Order=0-3, MinObjects=0, CPUs=32, Nodes=1
Oct 22 11:02:31 ubuntu kernel: [    0.000000] ftrace: allocating 46106 entries in 181 pages
Oct 22 11:02:31 ubuntu kernel: [    0.000000] ftrace: allocated 181 pages with 5 groups
Oct 22 11:02:31 ubuntu kernel: [    0.000000] rcu: Hierarchical RCU implementation.
Oct 22 11:02:31 ubuntu kernel: [    0.000000] rcu: 	RCU restricting CPUs from NR_CPUS=256 to nr_cpu_ids=32.
Oct 22 11:02:31 ubuntu systemd-fsck[1107]: fsck.fat 4.1 (2017-01-24)
Oct 22 11:02:31 ubuntu systemd-fsck[1107]: /dev/sda1: 5 files, 41/65501 clusters
Oct 22 11:02:31 ubuntu kernel: [    0.000000] 	Tasks RCU enabled.
Oct 22 11:02:31 ubuntu systemd[1]: Started File System Check on /dev/disk/by-uuid/5EA9-3D4C.
Oct 22 11:02:31 ubuntu kernel: [    0.000000] rcu: RCU calculated value of scheduler-enlistment delay is 25 jiffies.
Oct 22 11:02:31 ubuntu lvm[1108]:   2 logical volume(s) in volume group "ubuntu-vg" now active
Oct 22 11:02:31 ubuntu systemd[1]: Mounting /boot/efi...
Oct 22 11:02:31 ubuntu kernel: [    0.000000] rcu: Adjusting geometry for rcu_fanout_leaf=16, nr_cpu_ids=32
Oct 22 11:02:31 ubuntu systemd[1]: Started LVM2 PV scan on device 8:2.
Oct 22 11:02:31 ubuntu systemd[1]: Mounted /boot/efi.
Oct 22 11:02:31 ubuntu systemd[1]: Reached target Local File Systems.
Oct 22 11:02:31 ubuntu kernel: [    0.000000] NR_IRQS: 64, nr_irqs: 64, preallocated irqs: 0
Oct 22 11:02:31 ubuntu kernel: [    0.000000] GICv3: 256 SPIs implemented
Oct 22 11:02:31 ubuntu kernel: [    0.000000] GICv3: 0 Extended SPIs implemented
Oct 22 11:02:31 ubuntu systemd[1]: Starting Set console font and keymap...
Oct 22 11:02:31 ubuntu kernel: [    0.000000] GICv3: Distributor has no Range Selector support
Oct 22 11:02:31 ubuntu kernel: [    0.000000] GICv3: 16 PPIs implemented
Oct 22 11:02:31 ubuntu kernel: [    0.000000] GICv3: CPU0: found redistributor 0 region 0:0x00000000080a0000
Oct 22 11:02:31 ubuntu kernel: [    0.000000] ACPI: SRAT not present
Oct 22 11:02:31 ubuntu systemd[1]: Starting AppArmor initialization...
Oct 22 11:02:31 ubuntu systemd[1]: Starting ebtables ruleset management...
Oct 22 11:02:31 ubuntu kernel: [    0.000000] ITS [mem 0x08080000-0x0809ffff]
Oct 22 11:02:31 ubuntu kernel: [    0.000000] ITS@0x0000000008080000: allocated 8192 Devices @53ca00000 (indirect, esz 8, psz 64K, shr 1)
Oct 22 11:02:31 ubuntu kernel: [    0.000000] ITS@0x0000000008080000: allocated 8192 Interrupt Collections @53ca10000 (flat, esz 8, psz 64K, shr 1)
Oct 22 11:02:31 ubuntu kernel: [    0.000000] GICv3: using LPI property table @0x000000053ca20000
Oct 22 11:02:31 ubuntu kernel: [    0.000000] GICv3: CPU0: using allocated LPI pending table @0x000000053ca30000
Oct 22 11:02:31 ubuntu kernel: [    0.000000] arch_timer: cp15 timer(s) running at 100.00MHz (virt).
Oct 22 11:02:31 ubuntu kernel: [    0.000000] clocksource: arch_sys_counter: mask: 0xffffffffffffff max_cycles: 0x171024e7e0, max_idle_ns: 440795205315 ns
Oct 22 11:02:31 ubuntu kernel: [    0.000002] sched_clock: 56 bits at 100MHz, resolution 10ns, wraps every 4398046511100ns
Oct 22 11:02:31 ubuntu kernel: [    0.000248] Console: colour dummy device 80x25
Oct 22 11:02:31 ubuntu systemd[1]: Starting Tell Plymouth To Write Out Runtime Data...
Oct 22 11:02:31 ubuntu kernel: [    0.000321] ACPI: Core revision 20200326
Oct 22 11:02:31 ubuntu systemd[1]: Starting Create Volatile Files and Directories...
Oct 22 11:02:31 ubuntu kernel: [    0.000474] Calibrating delay loop (skipped), value calculated using timer frequency.. 200.00 BogoMIPS (lpj=400000)
Oct 22 11:02:31 ubuntu systemd[1]: Started Set console font and keymap.
Oct 22 11:02:31 ubuntu systemd[1]: Started Tell Plymouth To Write Out Runtime Data.
Oct 22 11:02:31 ubuntu systemd[1]: Started Create Volatile Files and Directories.
Oct 22 11:02:31 ubuntu kernel: [    0.000477] pid_max: default: 32768 minimum: 301
Oct 22 11:02:31 ubuntu apparmor[1119]:  * Starting AppArmor profiles
Oct 22 11:02:31 ubuntu kernel: [    0.000559] LSM: Security Framework initializing
Oct 22 11:02:31 ubuntu kernel: [    0.000583] Yama: becoming mindful.
Oct 22 11:02:31 ubuntu systemd[1]: Starting Network Time Synchronization...
Oct 22 11:02:31 ubuntu systemd[1]: Starting Update UTMP about System Boot/Shutdown...
Oct 22 11:02:31 ubuntu systemd[1]: Started ebtables ruleset management.
Oct 22 11:02:31 ubuntu kernel: [    0.000762] AppArmor: AppArmor initialized
Oct 22 11:02:31 ubuntu systemd[1]: Reached target Network (Pre).
Oct 22 11:02:31 ubuntu systemd[1]: Starting Network Service...
Oct 22 11:02:31 ubuntu systemd[1]: Started Update UTMP about System Boot/Shutdown.
Oct 22 11:02:31 ubuntu kernel: [    0.001155] Mount-cache hash table entries: 65536 (order: 7, 524288 bytes, linear)
Oct 22 11:02:31 ubuntu kernel: [    0.001467] Mountpoint-cache hash table entries: 65536 (order: 7, 524288 bytes, linear)
Oct 22 11:02:31 ubuntu kernel: [    0.003255] ACPI PPTT: No PPTT table found, CPU and cache topology may be inaccurate
Oct 22 11:02:31 ubuntu kernel: [    0.003573] rcu: Hierarchical SRCU implementation.
Oct 22 11:02:31 ubuntu systemd-networkd[1146]: Enumeration completed
Oct 22 11:02:31 ubuntu kernel: [    0.004562] Platform MSI: ITS@0x8080000 domain created
Oct 22 11:02:31 ubuntu systemd[1]: Started Network Service.
Oct 22 11:02:31 ubuntu kernel: [    0.004580] PCI/MSI: ITS@0x8080000 domain created
Oct 22 11:02:31 ubuntu kernel: [    0.004630] Remapping and enabling EFI services.
Oct 22 11:02:31 ubuntu kernel: [    0.004645] [mitosis-origin] pgd_alloc for mm=ffff800011dcda40 and mm->pgd =ffff0004df9ba000.
Oct 22 11:02:31 ubuntu systemd-networkd[1146]: lo: Link is not managed by us
Oct 22 11:02:31 ubuntu kernel: [    0.005883] smp: Bringing up secondary CPUs ...
Oct 22 11:02:31 ubuntu systemd[1]: Starting Network Name Resolution...
Oct 22 11:02:31 ubuntu kernel: [    0.144796] Detected VIPT I-cache on CPU1
Oct 22 11:02:31 ubuntu systemd[1]: Starting Wait for Network to be Configured...
Oct 22 11:02:31 ubuntu kernel: [    0.144819] GICv3: CPU1: found redistributor 1 region 0:0x00000000080c0000
Oct 22 11:02:31 ubuntu systemd[1]: Started Network Time Synchronization.
Oct 22 11:02:31 ubuntu systemd[1]: Reached target System Time Synchronized.
Oct 22 11:02:31 ubuntu kernel: [    0.145066] GICv3: CPU1: using allocated LPI pending table @0x000000053ca40000
Oct 22 11:02:31 ubuntu kernel: [    0.145102] CPU1: Booted secondary processor 0x0000000001 [0x481fd010]
Oct 22 11:02:31 ubuntu apparmor[1119]: Skipping profile in /etc/apparmor.d/disable: usr.sbin.rsyslogd
Oct 22 11:02:31 ubuntu systemd-networkd[1146]: enp1s0: Gained carrier
Oct 22 11:02:31 ubuntu systemd-timesyncd[1135]: Network configuration changed, trying to establish connection.
Oct 22 11:02:31 ubuntu systemd-resolved[1175]: Positive Trust Anchors:
Oct 22 11:02:31 ubuntu systemd-resolved[1175]: . IN DS 19036 8 2 49aac11d7b6f6446702e54a1607371607a1a41855200fd2ce1cdde32f24e8fb5
Oct 22 11:02:31 ubuntu kernel: [    0.444956] Detected VIPT I-cache on CPU2
Oct 22 11:02:31 ubuntu kernel: [    0.444996] GICv3: CPU2: found redistributor 2 region 0:0x00000000080e0000
Oct 22 11:02:31 ubuntu kernel: [    0.445260] GICv3: CPU2: using allocated LPI pending table @0x000000053ca50000
Oct 22 11:02:31 ubuntu kernel: [    0.445317] CPU2: Booted secondary processor 0x0000000002 [0x481fd010]
Oct 22 11:02:31 ubuntu kernel: [    0.728080] Detected VIPT I-cache on CPU3
Oct 22 11:02:31 ubuntu kernel: [    0.728104] GICv3: CPU3: found redistributor 3 region 0:0x0000000008100000
Oct 22 11:02:31 ubuntu kernel: [    0.728352] GICv3: CPU3: using allocated LPI pending table @0x000000053ca60000
Oct 22 11:02:31 ubuntu kernel: [    0.728387] CPU3: Booted secondary processor 0x0000000003 [0x481fd010]
Oct 22 11:02:31 ubuntu kernel: [    0.836116] Detected VIPT I-cache on CPU4
Oct 22 11:02:31 ubuntu systemd-resolved[1175]: . IN DS 20326 8 2 e06d44b80b8f1d39a95c0b0d7c65d08458e880409bbc683457104237c7f8ec8d
Oct 22 11:02:31 ubuntu systemd-resolved[1175]: Negative trust anchors: 10.in-addr.arpa 16.172.in-addr.arpa 17.172.in-addr.arpa 18.172.in-addr.arpa 19.172.in-addr.arpa 20.172.in-addr.arpa 21.172.in-addr.arpa 22.172.in-addr.arpa 23.172.in-addr.arpa 24.172.in-addr.arpa 25.172.in-addr.arpa 26.172.in-addr.arpa 27.172.in-addr.arpa 28.172.in-addr.arpa 29.172.in-addr.arpa 30.172.in-addr.arpa 31.172.in-addr.arpa 168.192.in-addr.arpa d.f.ip6.arpa corp home internal intranet lan local private test
Oct 22 11:02:31 ubuntu systemd-resolved[1175]: Using system hostname 'ubuntu'.
Oct 22 11:02:31 ubuntu kernel: [    0.836179] GICv3: CPU4: found redistributor 4 region 0:0x0000000008120000
Oct 22 11:02:31 ubuntu kernel: [    0.836685] GICv3: CPU4: using allocated LPI pending table @0x000000053ca70000
Oct 22 11:02:31 ubuntu kernel: [    0.836766] CPU4: Booted secondary processor 0x0000000004 [0x481fd010]
Oct 22 11:02:31 ubuntu kernel: [    1.131125] Detected VIPT I-cache on CPU5
Oct 22 11:02:31 ubuntu systemd[1]: Started Network Name Resolution.
Oct 22 11:02:31 ubuntu systemd[1]: Reached target Network.
Oct 22 11:02:31 ubuntu kernel: [    1.131153] GICv3: CPU5: found redistributor 5 region 0:0x0000000008140000
Oct 22 11:02:31 ubuntu systemd[1]: Reached target Host and Network Name Lookups.
Oct 22 11:02:31 ubuntu kernel: [    1.131409] GICv3: CPU5: using allocated LPI pending table @0x000000053ca80000
Oct 22 11:02:31 ubuntu apparmor[1119]:    ...done.
Oct 22 11:02:31 ubuntu systemd[1]: Started AppArmor initialization.
Oct 22 11:02:31 ubuntu kernel: [    1.131448] CPU5: Booted secondary processor 0x0000000005 [0x481fd010]
Oct 22 11:02:31 ubuntu systemd[1]: Reached target System Initialization.
Oct 22 11:02:31 ubuntu systemd[1]: Started ACPI Events Check.
Oct 22 11:02:31 ubuntu kernel: [    1.254959] Detected VIPT I-cache on CPU6
Oct 22 11:02:31 ubuntu kernel: [    1.255010] GICv3: CPU6: found redistributor 6 region 0:0x0000000008160000
Oct 22 11:02:31 ubuntu systemd[1]: Listening on D-Bus System Message Bus Socket.
Oct 22 11:02:31 ubuntu kernel: [    1.255396] GICv3: CPU6: using allocated LPI pending table @0x000000053ca90000
Oct 22 11:02:31 ubuntu kernel: [    1.255456] CPU6: Booted secondary processor 0x0000000006 [0x481fd010]
Oct 22 11:02:31 ubuntu kernel: [    1.572979] Detected VIPT I-cache on CPU7
Oct 22 11:02:31 ubuntu kernel: [    1.573017] GICv3: CPU7: found redistributor 7 region 0:0x0000000008180000
Oct 22 11:02:31 ubuntu systemd[1]: Reached target Paths.
Oct 22 11:02:31 ubuntu kernel: [    1.573282] GICv3: CPU7: using allocated LPI pending table @0x000000053caa0000
Oct 22 11:02:31 ubuntu kernel: [    1.573320] CPU7: Booted secondary processor 0x0000000007 [0x481fd010]
Oct 22 11:02:31 ubuntu kernel: [    1.819830] Detected VIPT I-cache on CPU8
Oct 22 11:02:31 ubuntu systemd[1]: Listening on UUID daemon activation socket.
Oct 22 11:02:31 ubuntu kernel: [    1.819876] GICv3: CPU8: found redistributor 8 region 0:0x00000000081a0000
Oct 22 11:02:31 ubuntu kernel: [    1.820144] GICv3: CPU8: using allocated LPI pending table @0x000000053cab0000
Oct 22 11:02:31 ubuntu kernel: [    1.820174] CPU8: Booted secondary processor 0x0000000008 [0x481fd010]
Oct 22 11:02:31 ubuntu kernel: [    1.929195] Detected VIPT I-cache on CPU9
Oct 22 11:02:31 ubuntu kernel: [    1.929256] GICv3: CPU9: found redistributor 9 region 0:0x00000000081c0000
Oct 22 11:02:31 ubuntu systemd[1]: Started Discard unused blocks once a week.
Oct 22 11:02:31 ubuntu systemd[1]: Listening on Open-iSCSI iscsid Socket.
Oct 22 11:02:31 ubuntu systemd[1]: Started Message of the Day.
Oct 22 11:02:31 ubuntu systemd[1]: Starting Socket activation for snappy daemon.
Oct 22 11:02:31 ubuntu systemd[1]: Listening on ACPID Listen Socket.
Oct 22 11:02:31 ubuntu kernel: [    1.929584] GICv3: CPU9: using allocated LPI pending table @0x000000053cac0000
Oct 22 11:02:31 ubuntu kernel: [    1.929642] CPU9: Booted secondary processor 0x0000000009 [0x481fd010]
Oct 22 11:02:31 ubuntu kernel: [    2.059996] Detected VIPT I-cache on CPU10
Oct 22 11:02:31 ubuntu kernel: [    2.060036] GICv3: CPU10: found redistributor a region 0:0x00000000081e0000
Oct 22 11:02:31 ubuntu kernel: [    2.060249] GICv3: CPU10: using allocated LPI pending table @0x000000053cad0000
Oct 22 11:02:31 ubuntu kernel: [    2.060290] CPU10: Booted secondary processor 0x000000000a [0x481fd010]
Oct 22 11:02:31 ubuntu kernel: [    2.185686] Detected VIPT I-cache on CPU11
Oct 22 11:02:31 ubuntu kernel: [    2.185766] GICv3: CPU11: found redistributor b region 0:0x0000000008200000
Oct 22 11:02:31 ubuntu kernel: [    2.186082] GICv3: CPU11: using allocated LPI pending table @0x000000053cae0000
Oct 22 11:02:31 ubuntu systemd[1]: Started Daily apt download activities.
Oct 22 11:02:31 ubuntu kernel: [    2.186151] CPU11: Booted secondary processor 0x000000000b [0x481fd010]
Oct 22 11:02:31 ubuntu systemd[1]: Starting LXD - unix socket.
Oct 22 11:02:31 ubuntu kernel: [    2.470256] Detected VIPT I-cache on CPU12
Oct 22 11:02:31 ubuntu kernel: [    2.470292] GICv3: CPU12: found redistributor c region 0:0x0000000008220000
Oct 22 11:02:31 ubuntu systemd[1]: Started Daily apt upgrade and clean activities.
Oct 22 11:02:31 ubuntu systemd[1]: Started Daily Cleanup of Temporary Directories.
Oct 22 11:02:31 ubuntu systemd[1]: Reached target Timers.
Oct 22 11:02:31 ubuntu kernel: [    2.470533] GICv3: CPU12: using allocated LPI pending table @0x000000053caf0000
Oct 22 11:02:31 ubuntu systemd[1]: Listening on Socket activation for snappy daemon.
Oct 22 11:02:31 ubuntu systemd[1]: Listening on LXD - unix socket.
Oct 22 11:02:31 ubuntu kernel: [    2.470565] CPU12: Booted secondary processor 0x000000000c [0x481fd010]
Oct 22 11:02:31 ubuntu kernel: [    2.766434] Detected VIPT I-cache on CPU13
Oct 22 11:02:31 ubuntu systemd[1]: Reached target Sockets.
Oct 22 11:02:31 ubuntu systemd[1]: Reached target Basic System.
Oct 22 11:02:31 ubuntu systemd[1]: Started Deferred execution scheduler.
Oct 22 11:02:31 ubuntu kernel: [    2.766480] GICv3: CPU13: found redistributor d region 0:0x0000000008240000
Oct 22 11:02:31 ubuntu kernel: [    2.766692] GICv3: CPU13: using allocated LPI pending table @0x000000053cb00000
Oct 22 11:02:31 ubuntu kernel: [    2.766735] CPU13: Booted secondary processor 0x000000000d [0x481fd010]
Oct 22 11:02:31 ubuntu systemd[1]: Started FUSE filesystem for LXC.
Oct 22 11:02:31 ubuntu kernel: [    2.891378] Detected VIPT I-cache on CPU14
Oct 22 11:02:31 ubuntu kernel: [    2.891461] GICv3: CPU14: found redistributor e region 0:0x0000000008260000
Oct 22 11:02:31 ubuntu kernel: [    2.891798] GICv3: CPU14: using allocated LPI pending table @0x000000053cb10000
Oct 22 11:02:31 ubuntu systemd[1]: Starting Accounts Service...
Oct 22 11:02:31 ubuntu kernel: [    2.891859] CPU14: Booted secondary processor 0x000000000e [0x481fd010]
Oct 22 11:02:31 ubuntu systemd[1]: Starting LSB: Record successful boot for GRUB...
Oct 22 11:02:31 ubuntu kernel: [    3.006966] Detected VIPT I-cache on CPU15
Oct 22 11:02:31 ubuntu kernel: [    3.007011] GICv3: CPU15: found redistributor f region 0:0x0000000008280000
Oct 22 11:02:31 ubuntu kernel: [    3.007213] GICv3: CPU15: using allocated LPI pending table @0x000000053cb20000
Oct 22 11:02:31 ubuntu systemd[1]: Started Regular background program processing daemon.
Oct 22 11:02:31 ubuntu kernel: [    3.007245] CPU15: Booted secondary processor 0x000000000f [0x481fd010]
Oct 22 11:02:31 ubuntu kernel: [    3.295683] Detected VIPT I-cache on CPU16
Oct 22 11:02:31 ubuntu kernel: [    3.295730] GICv3: CPU16: found redistributor 100 region 0:0x00000000082a0000
Oct 22 11:02:31 ubuntu kernel: [    3.295944] GICv3: CPU16: using allocated LPI pending table @0x000000053cb30000
Oct 22 11:02:31 ubuntu lxcfs[1208]: mount namespace: 5
Oct 22 11:02:31 ubuntu kernel: [    3.295983] CPU16: Booted secondary processor 0x0000000100 [0x481fd010]
Oct 22 11:02:31 ubuntu lxcfs[1208]: hierarchies:
Oct 22 11:02:31 ubuntu kernel: [    3.580155] Detected VIPT I-cache on CPU17
Oct 22 11:02:31 ubuntu lxcfs[1208]:   0: fd:   6: pids
Oct 22 11:02:31 ubuntu kernel: [    3.580199] GICv3: CPU17: found redistributor 101 region 0:0x00000000082c0000
Oct 22 11:02:31 ubuntu lxcfs[1208]:   1: fd:   7: hugetlb
Oct 22 11:02:31 ubuntu kernel: [    3.580437] GICv3: CPU17: using allocated LPI pending table @0x000000053cb40000
Oct 22 11:02:31 ubuntu lxcfs[1208]:   2: fd:   8: freezer
Oct 22 11:02:31 ubuntu kernel: [    3.580468] CPU17: Booted secondary processor 0x0000000101 [0x481fd010]
Oct 22 11:02:31 ubuntu kernel: [    3.690720] Detected VIPT I-cache on CPU18
Oct 22 11:02:31 ubuntu lxcfs[1208]:   3: fd:   9: rdma
Oct 22 11:02:31 ubuntu kernel: [    3.690826] GICv3: CPU18: found redistributor 102 region 0:0x00000000082e0000
Oct 22 11:02:31 ubuntu kernel: [    3.691201] GICv3: CPU18: using allocated LPI pending table @0x000000053cb50000
Oct 22 11:02:31 ubuntu kernel: [    3.691271] CPU18: Booted secondary processor 0x0000000102 [0x481fd010]
Oct 22 11:02:31 ubuntu kernel: [    3.806695] Detected VIPT I-cache on CPU19
Oct 22 11:02:31 ubuntu kernel: [    3.806749] GICv3: CPU19: found redistributor 103 region 0:0x0000000008300000
Oct 22 11:02:31 ubuntu lxcfs[1208]:   4: fd:  10: perf_event
Oct 22 11:02:31 ubuntu kernel: [    3.806995] GICv3: CPU19: using allocated LPI pending table @0x000000053cb60000
Oct 22 11:02:31 ubuntu lxcfs[1208]:   5: fd:  11: cpuset
Oct 22 11:02:31 ubuntu lxcfs[1208]:   6: fd:  12: net_cls,net_prio
Oct 22 11:02:31 ubuntu lxcfs[1208]:   7: fd:  13: cpu,cpuacct
Oct 22 11:02:31 ubuntu kernel: [    3.807032] CPU19: Booted secondary processor 0x0000000103 [0x481fd010]
Oct 22 11:02:31 ubuntu kernel: [    3.937063] Detected VIPT I-cache on CPU20
Oct 22 11:02:31 ubuntu kernel: [    3.937118] GICv3: CPU20: found redistributor 104 region 0:0x0000000008320000
Oct 22 11:02:31 ubuntu kernel: [    3.937348] GICv3: CPU20: using allocated LPI pending table @0x000000053cb70000
Oct 22 11:02:31 ubuntu kernel: [    3.937390] CPU20: Booted secondary processor 0x0000000104 [0x481fd010]
Oct 22 11:02:31 ubuntu lxcfs[1208]:   8: fd:  14: blkio
Oct 22 11:02:31 ubuntu kernel: [    4.061866] Detected VIPT I-cache on CPU21
Oct 22 11:02:31 ubuntu lxcfs[1208]:   9: fd:  15: devices
Oct 22 11:02:31 ubuntu lxcfs[1208]:  10: fd:  16: memory
Oct 22 11:02:31 ubuntu kernel: [    4.061923] GICv3: CPU21: found redistributor 105 region 0:0x0000000008340000
Oct 22 11:02:31 ubuntu lxcfs[1208]:  11: fd:  17: name=systemd
Oct 22 11:02:31 ubuntu lxcfs[1208]:  12: fd:  18: unified
Oct 22 11:02:31 ubuntu kernel: [    4.062121] GICv3: CPU21: using allocated LPI pending table @0x000000053cb80000
Oct 22 11:02:31 ubuntu kernel: [    4.062156] CPU21: Booted secondary processor 0x0000000105 [0x481fd010]
Oct 22 11:02:31 ubuntu systemd[1]: Starting Snappy daemon...
Oct 22 11:02:31 ubuntu systemd[1]: Starting Dispatcher daemon for systemd-networkd...
Oct 22 11:02:31 ubuntu cron[1211]: (CRON) INFO (pidfile fd = 3)
Oct 22 11:02:31 ubuntu kernel: [    4.349657] Detected VIPT I-cache on CPU22
Oct 22 11:02:31 ubuntu kernel: [    4.349713] GICv3: CPU22: found redistributor 106 region 0:0x0000000008360000
Oct 22 11:02:31 ubuntu kernel: [    4.349915] GICv3: CPU22: using allocated LPI pending table @0x000000053cb90000
Oct 22 11:02:31 ubuntu kernel: [    4.349948] CPU22: Booted secondary processor 0x0000000106 [0x481fd010]
Oct 22 11:02:31 ubuntu cron[1211]: (CRON) INFO (Running @reboot jobs)
Oct 22 11:02:31 ubuntu systemd[1]: Starting Login Service...
Oct 22 11:02:31 ubuntu systemd[1]: Starting System Logging Service...
Oct 22 11:02:31 ubuntu kernel: [    4.463105] Detected VIPT I-cache on CPU23
Oct 22 11:02:31 ubuntu kernel: [    4.463165] GICv3: CPU23: found redistributor 107 region 0:0x0000000008380000
Oct 22 11:02:31 ubuntu kernel: [    4.463400] GICv3: CPU23: using allocated LPI pending table @0x000000053cba0000
Oct 22 11:02:31 ubuntu kernel: [    4.463434] CPU23: Booted secondary processor 0x0000000107 [0x481fd010]
Oct 22 11:02:31 ubuntu systemd[1]: Started D-Bus System Message Bus.
Oct 22 11:02:31 ubuntu kernel: [    4.574725] Detected VIPT I-cache on CPU24
Oct 22 11:02:31 ubuntu rsyslogd: imuxsock: Acquired UNIX socket '/run/systemd/journal/syslog' (fd 3) from systemd.  [v8.32.0]
Oct 22 11:02:31 ubuntu rsyslogd: rsyslogd's groupid changed to 106
Oct 22 11:02:31 ubuntu kernel: [    4.574785] GICv3: CPU24: found redistributor 108 region 0:0x00000000083a0000
Oct 22 11:02:31 ubuntu rsyslogd: rsyslogd's userid changed to 102
Oct 22 11:02:31 ubuntu rsyslogd:  [origin software="rsyslogd" swVersion="8.32.0" x-pid="1222" x-info="http://www.rsyslog.com"] start
Oct 22 11:02:31 ubuntu kernel: [    4.575120] GICv3: CPU24: using allocated LPI pending table @0x000000053cbb0000
Oct 22 11:02:31 ubuntu kernel: [    4.575187] CPU24: Booted secondary processor 0x0000000108 [0x481fd010]
Oct 22 11:02:31 ubuntu kernel: [    4.879403] Detected VIPT I-cache on CPU25
Oct 22 11:02:31 ubuntu kernel: [    4.879465] GICv3: CPU25: found redistributor 109 region 0:0x00000000083c0000
Oct 22 11:02:31 ubuntu kernel: [    4.879735] GICv3: CPU25: using allocated LPI pending table @0x000000053cbc0000
Oct 22 11:02:31 ubuntu kernel: [    4.879778] CPU25: Booted secondary processor 0x0000000109 [0x481fd010]
Oct 22 11:02:31 ubuntu kernel: [    4.997073] Detected VIPT I-cache on CPU26
Oct 22 11:02:31 ubuntu kernel: [    4.997140] GICv3: CPU26: found redistributor 10a region 0:0x00000000083e0000
Oct 22 11:02:31 ubuntu kernel: [    4.997367] GICv3: CPU26: using allocated LPI pending table @0x000000053cbd0000
Oct 22 11:02:31 ubuntu kernel: [    4.997407] CPU26: Booted secondary processor 0x000000010a [0x481fd010]
Oct 22 11:02:31 ubuntu kernel: [    5.301253] Detected VIPT I-cache on CPU27
Oct 22 11:02:31 ubuntu kernel: [    5.301318] GICv3: CPU27: found redistributor 10b region 0:0x0000000008400000
Oct 22 11:02:31 ubuntu kernel: [    5.301573] GICv3: CPU27: using allocated LPI pending table @0x000000053cbe0000
Oct 22 11:02:31 ubuntu kernel: [    5.301619] CPU27: Booted secondary processor 0x000000010b [0x481fd010]
Oct 22 11:02:31 ubuntu kernel: [    5.429418] Detected VIPT I-cache on CPU28
Oct 22 11:02:31 ubuntu kernel: [    5.429565] GICv3: CPU28: found redistributor 10c region 0:0x0000000008420000
Oct 22 11:02:31 ubuntu kernel: [    5.429883] GICv3: CPU28: using allocated LPI pending table @0x000000053cbf0000
Oct 22 11:02:31 ubuntu kernel: [    5.429961] CPU28: Booted secondary processor 0x000000010c [0x481fd010]
Oct 22 11:02:31 ubuntu kernel: [    5.556634] Detected VIPT I-cache on CPU29
Oct 22 11:02:31 ubuntu kernel: [    5.556714] GICv3: CPU29: found redistributor 10d region 0:0x0000000008440000
Oct 22 11:02:31 ubuntu kernel: [    5.557225] GICv3: CPU29: using allocated LPI pending table @0x000000051f800000
Oct 22 11:02:31 ubuntu kernel: [    5.557274] CPU29: Booted secondary processor 0x000000010d [0x481fd010]
Oct 22 11:02:31 ubuntu kernel: [    5.683672] Detected VIPT I-cache on CPU30
Oct 22 11:02:31 ubuntu kernel: [    5.683756] GICv3: CPU30: found redistributor 10e region 0:0x0000000008460000
Oct 22 11:02:31 ubuntu kernel: [    5.683991] GICv3: CPU30: using allocated LPI pending table @0x000000051f810000
Oct 22 11:02:31 ubuntu kernel: [    5.684031] CPU30: Booted secondary processor 0x000000010e [0x481fd010]
Oct 22 11:02:31 ubuntu kernel: [    5.801777] Detected VIPT I-cache on CPU31
Oct 22 11:02:31 ubuntu kernel: [    5.801856] GICv3: CPU31: found redistributor 10f region 0:0x0000000008480000
Oct 22 11:02:31 ubuntu kernel: [    5.802086] GICv3: CPU31: using allocated LPI pending table @0x000000051f820000
Oct 22 11:02:31 ubuntu kernel: [    5.802123] CPU31: Booted secondary processor 0x000000010f [0x481fd010]
Oct 22 11:02:31 ubuntu kernel: [    5.802310] smp: Brought up 1 node, 32 CPUs
Oct 22 11:02:31 ubuntu kernel: [    5.802420] SMP: Total of 32 processors activated.
Oct 22 11:02:31 ubuntu kernel: [    5.802426] CPU features: detected: Privileged Access Never
Oct 22 11:02:31 ubuntu kernel: [    5.802428] CPU features: detected: LSE atomic instructions
Oct 22 11:02:31 ubuntu kernel: [    5.802431] CPU features: detected: User Access Override
Oct 22 11:02:31 ubuntu kernel: [    5.802435] CPU features: detected: Common not Private translations
Oct 22 11:02:31 ubuntu kernel: [    5.802438] CPU features: detected: Data cache clean to Point of Persistence
Oct 22 11:02:31 ubuntu kernel: [    5.802441] CPU features: detected: RAS Extension Support
Oct 22 11:02:31 ubuntu kernel: [    5.802444] CPU features: detected: CRC32 instructions
Oct 22 11:02:31 ubuntu kernel: [    5.912733] CPU: All CPU(s) started at EL1
Oct 22 11:02:31 ubuntu kernel: [    5.913082] alternatives: patching kernel code
Oct 22 11:02:31 ubuntu kernel: [    5.920006] devtmpfs: initialized
Oct 22 11:02:31 ubuntu kernel: [    5.921350] Registered cp15_barrier emulation handler
Oct 22 11:02:31 ubuntu kernel: [    5.921499] Registered setend emulation handler
Oct 22 11:02:31 ubuntu kernel: [    5.921504] KASLR disabled due to lack of seed
Oct 22 11:02:31 ubuntu kernel: [    5.922269] clocksource: jiffies: mask: 0xffffffff max_cycles: 0xffffffff, max_idle_ns: 7645041785100000 ns
Oct 22 11:02:31 ubuntu kernel: [    5.922585] futex hash table entries: 8192 (order: 7, 524288 bytes, linear)
Oct 22 11:02:31 ubuntu kernel: [    5.923640] pinctrl core: initialized pinctrl subsystem
Oct 22 11:02:31 ubuntu kernel: [    5.924230] thermal_sys: Registered thermal governor 'fair_share'
Oct 22 11:02:31 ubuntu kernel: [    5.924231] thermal_sys: Registered thermal governor 'bang_bang'
Oct 22 11:02:31 ubuntu kernel: [    5.924233] thermal_sys: Registered thermal governor 'step_wise'
Oct 22 11:02:31 ubuntu kernel: [    5.924235] thermal_sys: Registered thermal governor 'user_space'
Oct 22 11:02:31 ubuntu kernel: [    5.924362] SMBIOS 3.0.0 present.
Oct 22 11:02:31 ubuntu kernel: [    5.924367] DMI: QEMU KVM Virtual Machine, BIOS 0.0.0 02/06/2015
Oct 22 11:02:31 ubuntu kernel: [    5.924964] NET: Registered protocol family 16
Oct 22 11:02:31 ubuntu kernel: [    5.927270] DMA: preallocated 256 KiB pool for atomic allocations
Oct 22 11:02:31 ubuntu kernel: [    5.927277] audit: initializing netlink subsys (disabled)
Oct 22 11:02:31 ubuntu kernel: [    5.927549] audit: type=2000 audit(5.464:1): state=initialized audit_enabled=0 res=1
Oct 22 11:02:31 ubuntu kernel: [    5.927978] cpuidle: using governor ladder
Oct 22 11:02:31 ubuntu kernel: [    5.927993] cpuidle: using governor menu
Oct 22 11:02:31 ubuntu kernel: [    5.928079] hw-breakpoint: found 6 breakpoint and 4 watchpoint registers.
Oct 22 11:02:31 ubuntu kernel: [    5.930420] ASID allocator initialised with 65536 entries
Oct 22 11:02:31 ubuntu kernel: [    5.930574] ACPI: bus type PCI registered
Oct 22 11:02:31 ubuntu kernel: [    5.930586] acpiphp: ACPI Hot Plug PCI Controller Driver version: 0.5
Oct 22 11:02:31 ubuntu kernel: [    5.930826] Serial: AMBA PL011 UART driver
Oct 22 11:02:31 ubuntu kernel: [    5.934992] HugeTLB registered 1.00 GiB page size, pre-allocated 0 pages
Oct 22 11:02:31 ubuntu kernel: [    5.934995] HugeTLB registered 32.0 MiB page size, pre-allocated 0 pages
Oct 22 11:02:31 ubuntu kernel: [    5.934997] HugeTLB registered 2.00 MiB page size, pre-allocated 0 pages
Oct 22 11:02:31 ubuntu kernel: [    5.934998] HugeTLB registered 64.0 KiB page size, pre-allocated 0 pages
Oct 22 11:02:31 ubuntu kernel: [    5.949318] ACPI: Added _OSI(Module Device)
Oct 22 11:02:31 ubuntu kernel: [    5.949321] ACPI: Added _OSI(Processor Device)
Oct 22 11:02:31 ubuntu kernel: [    5.949323] ACPI: Added _OSI(3.0 _SCP Extensions)
Oct 22 11:02:31 ubuntu kernel: [    5.949324] ACPI: Added _OSI(Processor Aggregator Device)
Oct 22 11:02:31 ubuntu kernel: [    5.949327] ACPI: Added _OSI(Linux-Dell-Video)
Oct 22 11:02:31 ubuntu kernel: [    5.949328] ACPI: Added _OSI(Linux-Lenovo-NV-HDMI-Audio)
Oct 22 11:02:31 ubuntu kernel: [    5.949330] ACPI: Added _OSI(Linux-HPI-Hybrid-Graphics)
Oct 22 11:02:31 ubuntu kernel: [    5.950285] ACPI: 1 ACPI AML tables successfully acquired and loaded
Oct 22 11:02:31 ubuntu kernel: [    5.950880] ACPI: Interpreter enabled
Oct 22 11:02:31 ubuntu kernel: [    5.950882] ACPI: Using GIC for interrupt routing
Oct 22 11:02:31 ubuntu kernel: [    5.950898] ACPI: MCFG table detected, 1 entries
Oct 22 11:02:31 ubuntu kernel: [    5.955344] ARMH0011:00: ttyAMA0 at MMIO 0x9000000 (irq = 4, base_baud = 0) is a SBSA
Oct 22 11:02:31 ubuntu kernel: [    6.113358] printk: console [ttyAMA0] enabled
Oct 22 11:02:31 ubuntu kernel: [    6.116123] ACPI: PCI Root Bridge [PCI0] (domain 0000 [bus 00-0f])
Oct 22 11:02:31 ubuntu kernel: [    6.116812] acpi PNP0A08:00: _OSC: OS supports [ExtendedConfig ASPM ClockPM Segments MSI HPX-Type3]
Oct 22 11:02:31 ubuntu kernel: [    6.117864] acpi PNP0A08:00: _OSC: platform does not support [SHPCHotplug LTR]
Oct 22 11:02:31 ubuntu kernel: [    6.118673] acpi PNP0A08:00: _OSC: OS now controls [PCIeHotplug PME AER PCIeCapability]
Oct 22 11:02:31 ubuntu kernel: [    6.119726] acpi PNP0A08:00: ECAM area [mem 0x3f000000-0x3fffffff] reserved by PNP0C02:00
Oct 22 11:02:31 ubuntu kernel: [    6.120577] acpi PNP0A08:00: ECAM at [mem 0x3f000000-0x3fffffff] for [bus 00-0f]
Oct 22 11:02:31 ubuntu kernel: [    6.121394] Remapped I/O 0x000000003eff0000 to [io  0x0000-0xffff window]
Oct 22 11:02:31 ubuntu kernel: [    6.122275] PCI host bridge to bus 0000:00
Oct 22 11:02:31 ubuntu kernel: [    6.122731] pci_bus 0000:00: root bus resource [mem 0x10000000-0x3efeffff window]
Oct 22 11:02:31 ubuntu kernel: [    6.123444] pci_bus 0000:00: root bus resource [io  0x0000-0xffff window]
Oct 22 11:02:31 ubuntu kernel: [    6.124084] pci_bus 0000:00: root bus resource [mem 0x8000000000-0xffffffffff window]
Oct 22 11:02:31 ubuntu kernel: [    6.124866] pci_bus 0000:00: root bus resource [bus 00-0f]
Oct 22 11:02:31 ubuntu kernel: [    6.125453] pci 0000:00:00.0: [1b36:0008] type 00 class 0x060000
Oct 22 11:02:31 ubuntu kernel: [    6.126425] pci 0000:00:01.0: [1b36:000c] type 01 class 0x060400
Oct 22 11:02:31 ubuntu kernel: [    6.128304] pci 0000:00:01.0: reg 0x10: [mem 0x10303000-0x10303fff]
Oct 22 11:02:31 ubuntu kernel: [    6.131248] pci 0000:00:01.1: [1b36:000c] type 01 class 0x060400
Oct 22 11:02:31 ubuntu kernel: [    6.133018] pci 0000:00:01.1: reg 0x10: [mem 0x10302000-0x10302fff]
Oct 22 11:02:31 ubuntu kernel: [    6.135920] pci 0000:00:01.2: [1b36:000c] type 01 class 0x060400
Oct 22 11:02:31 ubuntu kernel: [    6.137653] pci 0000:00:01.2: reg 0x10: [mem 0x10301000-0x10301fff]
Oct 22 11:02:31 ubuntu kernel: [    6.144004] pci 0000:00:01.3: [1b36:000c] type 01 class 0x060400
Oct 22 11:02:31 ubuntu kernel: [    6.145980] pci 0000:00:01.3: reg 0x10: [mem 0x10300000-0x10300fff]
Oct 22 11:02:31 ubuntu kernel: [    6.150182] pci 0000:01:00.0: [1af4:1041] type 00 class 0x020000
Oct 22 11:02:31 ubuntu kernel: [    6.155032] pci 0000:01:00.0: reg 0x14: [mem 0x10200000-0x10200fff]
Oct 22 11:02:31 ubuntu kernel: [    6.158235] pci 0000:01:00.0: reg 0x20: [mem 0x8000000000-0x8000003fff 64bit pref]
Oct 22 11:02:31 ubuntu kernel: [    6.160047] pci 0000:01:00.0: reg 0x30: [mem 0xfff80000-0xffffffff pref]
Oct 22 11:02:31 ubuntu kernel: [    6.162271] pci 0000:02:00.0: [1b36:000d] type 00 class 0x0c0330
Oct 22 11:02:31 ubuntu kernel: [    6.164900] pci 0000:02:00.0: reg 0x10: [mem 0x10100000-0x10103fff 64bit]
Oct 22 11:02:31 ubuntu kernel: [    6.166658] pci 0000:03:00.0: [1af4:1048] type 00 class 0x010000
Oct 22 11:02:31 ubuntu kernel: [    6.168558] pci 0000:03:00.0: reg 0x14: [mem 0x10000000-0x10000fff]
Oct 22 11:02:31 ubuntu kernel: [    6.171317] pci 0000:03:00.0: reg 0x20: [mem 0x8000100000-0x8000103fff 64bit pref]
Oct 22 11:02:31 ubuntu kernel: [    6.179151] pci 0000:00:01.0: bridge window [io  0x1000-0x0fff] to [bus 01] add_size 1000
Oct 22 11:02:31 ubuntu kernel: [    6.180173] pci 0000:00:01.0: bridge window [mem 0x00100000-0x001fffff 64bit pref] to [bus 01] add_size 100000 add_align 100000
Oct 22 11:02:31 ubuntu kernel: [    6.181607] pci 0000:00:01.0: bridge window [mem 0x00100000-0x001fffff] to [bus 01] add_size 100000 add_align 100000
Oct 22 11:02:31 ubuntu kernel: [    6.182904] pci 0000:00:01.1: bridge window [io  0x1000-0x0fff] to [bus 02] add_size 1000
Oct 22 11:02:31 ubuntu kernel: [    6.183922] pci 0000:00:01.1: bridge window [mem 0x00100000-0x000fffff 64bit pref] to [bus 02] add_size 200000 add_align 100000
Oct 22 11:02:31 ubuntu kernel: [    6.185394] pci 0000:00:01.1: bridge window [mem 0x00100000-0x001fffff] to [bus 02] add_size 100000 add_align 100000
Oct 22 11:02:31 ubuntu kernel: [    6.186669] pci 0000:00:01.2: bridge window [io  0x1000-0x0fff] to [bus 03] add_size 1000
Oct 22 11:02:31 ubuntu kernel: [    6.187558] pci 0000:00:01.2: bridge window [mem 0x00100000-0x001fffff 64bit pref] to [bus 03] add_size 100000 add_align 100000
Oct 22 11:02:31 ubuntu kernel: [    6.188695] pci 0000:00:01.2: bridge window [mem 0x00100000-0x001fffff] to [bus 03] add_size 100000 add_align 100000
Oct 22 11:02:31 ubuntu kernel: [    6.189730] pci 0000:00:01.3: bridge window [io  0x1000-0x0fff] to [bus 04] add_size 1000
Oct 22 11:02:31 ubuntu kernel: [    6.190500] pci 0000:00:01.3: bridge window [mem 0x00100000-0x000fffff 64bit pref] to [bus 04] add_size 200000 add_align 100000
Oct 22 11:02:31 ubuntu kernel: [    6.191585] pci 0000:00:01.3: bridge window [mem 0x00100000-0x000fffff] to [bus 04] add_size 200000 add_align 100000
Oct 22 11:02:31 ubuntu kernel: [    6.192650] pci 0000:00:01.0: BAR 14: assigned [mem 0x10000000-0x101fffff]
Oct 22 11:02:31 ubuntu kernel: [    6.193364] pci 0000:00:01.0: BAR 15: assigned [mem 0x8000000000-0x80001fffff 64bit pref]
Oct 22 11:02:31 ubuntu kernel: [    6.194151] pci 0000:00:01.1: BAR 14: assigned [mem 0x10200000-0x103fffff]
Oct 22 11:02:31 ubuntu kernel: [    6.194864] pci 0000:00:01.1: BAR 15: assigned [mem 0x8000200000-0x80003fffff 64bit pref]
Oct 22 11:02:31 ubuntu kernel: [    6.195654] pci 0000:00:01.2: BAR 14: assigned [mem 0x10400000-0x105fffff]
Oct 22 11:02:31 ubuntu kernel: [    6.196339] pci 0000:00:01.2: BAR 15: assigned [mem 0x8000400000-0x80005fffff 64bit pref]
Oct 22 11:02:31 ubuntu kernel: [    6.197160] pci 0000:00:01.3: BAR 14: assigned [mem 0x10600000-0x107fffff]
Oct 22 11:02:31 ubuntu kernel: [    6.197820] pci 0000:00:01.3: BAR 15: assigned [mem 0x8000600000-0x80007fffff 64bit pref]
Oct 22 11:02:31 ubuntu kernel: [    6.198572] pci 0000:00:01.0: BAR 0: assigned [mem 0x10800000-0x10800fff]
Oct 22 11:02:31 ubuntu kernel: [    6.199563] pci 0000:00:01.0: BAR 13: assigned [io  0x1000-0x1fff]
Oct 22 11:02:31 ubuntu kernel: [    6.200216] pci 0000:00:01.1: BAR 0: assigned [mem 0x10801000-0x10801fff]
Oct 22 11:02:31 ubuntu kernel: [    6.201254] pci 0000:00:01.1: BAR 13: assigned [io  0x2000-0x2fff]
Oct 22 11:02:31 ubuntu kernel: [    6.201859] pci 0000:00:01.2: BAR 0: assigned [mem 0x10802000-0x10802fff]
Oct 22 11:02:31 ubuntu kernel: [    6.202868] pci 0000:00:01.2: BAR 13: assigned [io  0x3000-0x3fff]
Oct 22 11:02:31 ubuntu kernel: [    6.203454] pci 0000:00:01.3: BAR 0: assigned [mem 0x10803000-0x10803fff]
Oct 22 11:02:31 ubuntu kernel: [    6.204429] pci 0000:00:01.3: BAR 13: assigned [io  0x4000-0x4fff]
Oct 22 11:02:31 ubuntu kernel: [    6.205060] pci 0000:01:00.0: BAR 6: assigned [mem 0x10000000-0x1007ffff pref]
Oct 22 11:02:31 ubuntu kernel: [    6.205767] pci 0000:01:00.0: BAR 4: assigned [mem 0x8000000000-0x8000003fff 64bit pref]
Oct 22 11:02:31 ubuntu kernel: [    6.207192] pci 0000:01:00.0: BAR 1: assigned [mem 0x10080000-0x10080fff]
Oct 22 11:02:31 ubuntu kernel: [    6.209798] pci 0000:00:01.0: PCI bridge to [bus 01]
Oct 22 11:02:31 ubuntu kernel: [    6.210275] pci 0000:00:01.0:   bridge window [io  0x1000-0x1fff]
Oct 22 11:02:31 ubuntu kernel: [    6.211701] pci 0000:00:01.0:   bridge window [mem 0x10000000-0x101fffff]
Oct 22 11:02:31 ubuntu kernel: [    6.212978] pci 0000:00:01.0:   bridge window [mem 0x8000000000-0x80001fffff 64bit pref]
Oct 22 11:02:31 ubuntu kernel: [    6.214958] pci 0000:02:00.0: BAR 0: assigned [mem 0x10200000-0x10203fff 64bit]
Oct 22 11:02:31 ubuntu kernel: [    6.215843] pci 0000:00:01.1: PCI bridge to [bus 02]
Oct 22 11:02:31 ubuntu kernel: [    6.216443] pci 0000:00:01.1:   bridge window [io  0x2000-0x2fff]
Oct 22 11:02:31 ubuntu kernel: [    6.217945] pci 0000:00:01.1:   bridge window [mem 0x10200000-0x103fffff]
Oct 22 11:02:31 ubuntu kernel: [    6.220619] pci 0000:00:01.1:   bridge window [mem 0x8000200000-0x80003fffff 64bit pref]
Oct 22 11:02:31 ubuntu kernel: [    6.222434] pci 0000:03:00.0: BAR 4: assigned [mem 0x8000400000-0x8000403fff 64bit pref]
Oct 22 11:02:31 ubuntu kernel: [    6.223959] pci 0000:03:00.0: BAR 1: assigned [mem 0x10400000-0x10400fff]
Oct 22 11:02:31 ubuntu kernel: [    6.225154] pci 0000:00:01.2: PCI bridge to [bus 03]
Oct 22 11:02:31 ubuntu kernel: [    6.225713] pci 0000:00:01.2:   bridge window [io  0x3000-0x3fff]
Oct 22 11:02:31 ubuntu kernel: [    6.228275] pci 0000:00:01.2:   bridge window [mem 0x10400000-0x105fffff]
Oct 22 11:02:31 ubuntu kernel: [    6.232742] pci 0000:00:01.2:   bridge window [mem 0x8000400000-0x80005fffff 64bit pref]
Oct 22 11:02:31 ubuntu kernel: [    6.236710] pci 0000:00:01.3: PCI bridge to [bus 04]
Oct 22 11:02:31 ubuntu kernel: [    6.237782] pci 0000:00:01.3:   bridge window [io  0x4000-0x4fff]
Oct 22 11:02:31 ubuntu kernel: [    6.239400] pci 0000:00:01.3:   bridge window [mem 0x10600000-0x107fffff]
Oct 22 11:02:31 ubuntu kernel: [    6.240745] pci 0000:00:01.3:   bridge window [mem 0x8000600000-0x80007fffff 64bit pref]
Oct 22 11:02:31 ubuntu kernel: [    6.242702] pci_bus 0000:00: resource 4 [mem 0x10000000-0x3efeffff window]
Oct 22 11:02:31 ubuntu kernel: [    6.243447] pci_bus 0000:00: resource 5 [io  0x0000-0xffff window]
Oct 22 11:02:31 ubuntu kernel: [    6.244065] pci_bus 0000:00: resource 6 [mem 0x8000000000-0xffffffffff window]
Oct 22 11:02:31 ubuntu kernel: [    6.244873] pci_bus 0000:01: resource 0 [io  0x1000-0x1fff]
Oct 22 11:02:31 ubuntu kernel: [    6.245452] pci_bus 0000:01: resource 1 [mem 0x10000000-0x101fffff]
Oct 22 11:02:31 ubuntu kernel: [    6.246117] pci_bus 0000:01: resource 2 [mem 0x8000000000-0x80001fffff 64bit pref]
Oct 22 11:02:31 ubuntu kernel: [    6.246764] pci_bus 0000:02: resource 0 [io  0x2000-0x2fff]
Oct 22 11:02:31 ubuntu kernel: [    6.247256] pci_bus 0000:02: resource 1 [mem 0x10200000-0x103fffff]
Oct 22 11:02:31 ubuntu kernel: [    6.247792] pci_bus 0000:02: resource 2 [mem 0x8000200000-0x80003fffff 64bit pref]
Oct 22 11:02:31 ubuntu kernel: [    6.248448] pci_bus 0000:03: resource 0 [io  0x3000-0x3fff]
Oct 22 11:02:31 ubuntu kernel: [    6.248936] pci_bus 0000:03: resource 1 [mem 0x10400000-0x105fffff]
Oct 22 11:02:31 ubuntu kernel: [    6.249489] pci_bus 0000:03: resource 2 [mem 0x8000400000-0x80005fffff 64bit pref]
Oct 22 11:02:31 ubuntu kernel: [    6.250156] pci_bus 0000:04: resource 0 [io  0x4000-0x4fff]
Oct 22 11:02:31 ubuntu kernel: [    6.250633] pci_bus 0000:04: resource 1 [mem 0x10600000-0x107fffff]
Oct 22 11:02:31 ubuntu kernel: [    6.251181] pci_bus 0000:04: resource 2 [mem 0x8000600000-0x80007fffff 64bit pref]
Oct 22 11:02:31 ubuntu kernel: [    6.253582] ACPI: PCI Interrupt Link [GSI0] (IRQs *35)
Oct 22 11:02:31 ubuntu kernel: [    6.254188] ACPI: PCI Interrupt Link [GSI1] (IRQs *36)
Oct 22 11:02:31 ubuntu kernel: [    6.254731] ACPI: PCI Interrupt Link [GSI2] (IRQs *37)
Oct 22 11:02:31 ubuntu kernel: [    6.255288] ACPI: PCI Interrupt Link [GSI3] (IRQs *38)
Oct 22 11:02:31 ubuntu kernel: [    6.257379] iommu: Default domain type: Translated 
Oct 22 11:02:31 ubuntu kernel: [    6.258170] vgaarb: loaded
Oct 22 11:02:31 ubuntu kernel: [    6.259059] SCSI subsystem initialized
Oct 22 11:02:31 ubuntu kernel: [    6.260050] libata version 3.00 loaded.
Oct 22 11:02:31 ubuntu kernel: [    6.260125] ACPI: bus type USB registered
Oct 22 11:02:31 ubuntu kernel: [    6.260640] usbcore: registered new interface driver usbfs
Oct 22 11:02:31 ubuntu kernel: [    6.261278] usbcore: registered new interface driver hub
Oct 22 11:02:31 ubuntu kernel: [    6.262440] usbcore: registered new device driver usb
Oct 22 11:02:31 ubuntu kernel: [    6.262975] pps_core: LinuxPPS API ver. 1 registered
Oct 22 11:02:31 ubuntu kernel: [    6.263433] pps_core: Software ver. 5.3.6 - Copyright 2005-2007 Rodolfo Giometti <giometti@linux.it>
Oct 22 11:02:31 ubuntu kernel: [    6.264218] PTP clock support registered
Oct 22 11:02:31 ubuntu kernel: [    6.265356] EDAC MC: Ver: 3.0.0
Oct 22 11:02:31 ubuntu kernel: [    6.266202] Registered efivars operations
Oct 22 11:02:31 ubuntu kernel: [    6.269346] NetLabel: Initializing
Oct 22 11:02:31 ubuntu kernel: [    6.269682] NetLabel:  domain hash size = 128
Oct 22 11:02:31 ubuntu kernel: [    6.270093] NetLabel:  protocols = UNLABELED CIPSOv4 CALIPSO
Oct 22 11:02:31 ubuntu kernel: [    6.270645] NetLabel:  unlabeled traffic allowed by default
Oct 22 11:02:31 ubuntu kernel: [    6.272191] clocksource: Switched to clocksource arch_sys_counter
Oct 22 11:02:31 ubuntu kernel: [    6.296167] VFS: Disk quotas dquot_6.6.0
Oct 22 11:02:31 ubuntu kernel: [    6.296602] VFS: Dquot-cache hash table entries: 512 (order 0, 4096 bytes)
Oct 22 11:02:31 ubuntu kernel: [    6.297626] AppArmor: AppArmor Filesystem Enabled
Oct 22 11:02:31 ubuntu kernel: [    6.298189] pnp: PnP ACPI init
Oct 22 11:02:31 ubuntu kernel: [    6.298749] system 00:00: [mem 0x3f000000-0x3fffffff] could not be reserved
Oct 22 11:02:31 ubuntu kernel: [    6.299420] system 00:00: Plug and Play ACPI device, IDs PNP0c02 (active)
Oct 22 11:02:31 ubuntu kernel: [    6.299429] pnp: PnP ACPI: found 1 devices
Oct 22 11:02:31 ubuntu kernel: [    6.305009] NET: Registered protocol family 2
Oct 22 11:02:31 ubuntu kernel: [    6.306514] tcp_listen_portaddr_hash hash table entries: 16384 (order: 6, 262144 bytes, linear)
Oct 22 11:02:31 ubuntu kernel: [    6.308706] TCP established hash table entries: 262144 (order: 9, 2097152 bytes, linear)
Oct 22 11:02:31 ubuntu kernel: [    6.311431] TCP bind hash table entries: 65536 (order: 8, 1048576 bytes, linear)
Oct 22 11:02:31 ubuntu kernel: [    6.313541] TCP: Hash tables configured (established 262144 bind 65536)
Oct 22 11:02:31 ubuntu kernel: [    6.315044] UDP hash table entries: 16384 (order: 7, 524288 bytes, linear)
Oct 22 11:02:31 ubuntu kernel: [    6.316330] UDP-Lite hash table entries: 16384 (order: 7, 524288 bytes, linear)
Oct 22 11:02:31 ubuntu kernel: [    6.317646] NET: Registered protocol family 1
Oct 22 11:02:31 ubuntu kernel: [    6.318221] NET: Registered protocol family 44
Oct 22 11:02:31 ubuntu kernel: [    6.318872] pci 0000:02:00.0: enabling device (0000 -> 0002)
Oct 22 11:02:31 ubuntu kernel: [    6.320013] PCI: CLS 0 bytes, default 64
Oct 22 11:02:31 ubuntu kernel: [    6.320778] Trying to unpack rootfs image as initramfs...
Oct 22 11:02:31 ubuntu kernel: [    7.345626] Freeing initrd memory: 61288K
Oct 22 11:02:31 ubuntu kernel: [    7.374737] hw perfevents: enabled with armv8_pmuv3_0 PMU driver, 13 counters available
Oct 22 11:02:31 ubuntu kernel: [    7.375807] kvm [1]: HYP mode not available
Oct 22 11:02:31 ubuntu kernel: [    7.377452] Initialise system trusted keyrings
Oct 22 11:02:31 ubuntu kernel: [    7.378131] Key type blacklist registered
Oct 22 11:02:31 ubuntu kernel: [    7.379001] workingset: timestamp_bits=40 max_order=23 bucket_order=0
Oct 22 11:02:31 ubuntu kernel: [    7.382069] zbud: loaded
Oct 22 11:02:31 ubuntu kernel: [    7.383034] squashfs: version 4.0 (2009/01/31) Phillip Lougher
Oct 22 11:02:31 ubuntu kernel: [    7.384425] fuse: init (API version 7.31)
Oct 22 11:02:31 ubuntu kernel: [    7.385502] integrity: Platform Keyring initialized
Oct 22 11:02:31 ubuntu kernel: [    7.392957] [mitosis-origin] pgd_alloc for mm=ffff0004958cc000 and mm->pgd =ffff0004df2ab000.
Oct 22 11:02:31 ubuntu kernel: [    7.401804] Key type asymmetric registered
Oct 22 11:02:31 ubuntu kernel: [    7.402754] Asymmetric key parser 'x509' registered
Oct 22 11:02:31 ubuntu kernel: [    7.403851] Block layer SCSI generic (bsg) driver version 0.4 loaded (major 244)
Oct 22 11:02:31 ubuntu kernel: [    7.406417] io scheduler mq-deadline registered
Oct 22 11:02:31 ubuntu kernel: [    7.411102] pl061_gpio ARMH0061:00: PL061 GPIO chip registered
Oct 22 11:02:31 ubuntu kernel: [    7.411874] PCI Interrupt Link [GSI1] enabled at IRQ 36
Oct 22 11:02:31 ubuntu kernel: [    7.413139] pcieport 0000:00:01.0: PME: Signaling with IRQ 44
Oct 22 11:02:31 ubuntu kernel: [    7.414009] pcieport 0000:00:01.0: AER: enabled with IRQ 44
Oct 22 11:02:31 ubuntu kernel: [    7.414557] pcieport 0000:00:01.0: pciehp: Slot #0 AttnBtn+ PwrCtrl+ MRL- AttnInd+ PwrInd+ HotPlug+ Surprise+ Interlock+ NoCompl- IbPresDis- LLActRep-
Oct 22 11:02:31 ubuntu kernel: [    7.416913] pcieport 0000:00:01.1: PME: Signaling with IRQ 45
Oct 22 11:02:31 ubuntu kernel: [    7.417757] pcieport 0000:00:01.1: AER: enabled with IRQ 45
Oct 22 11:02:31 ubuntu kernel: [    7.418293] pcieport 0000:00:01.1: pciehp: Slot #0 AttnBtn+ PwrCtrl+ MRL- AttnInd+ PwrInd+ HotPlug+ Surprise+ Interlock+ NoCompl- IbPresDis- LLActRep-
Oct 22 11:02:31 ubuntu kernel: [    7.420571] pcieport 0000:00:01.2: PME: Signaling with IRQ 46
Oct 22 11:02:31 ubuntu kernel: [    7.421347] pcieport 0000:00:01.2: AER: enabled with IRQ 46
Oct 22 11:02:31 ubuntu kernel: [    7.421883] pcieport 0000:00:01.2: pciehp: Slot #0 AttnBtn+ PwrCtrl+ MRL- AttnInd+ PwrInd+ HotPlug+ Surprise+ Interlock+ NoCompl- IbPresDis- LLActRep-
Oct 22 11:02:31 ubuntu kernel: [    7.424162] pcieport 0000:00:01.3: PME: Signaling with IRQ 47
Oct 22 11:02:31 ubuntu kernel: [    7.424928] pcieport 0000:00:01.3: AER: enabled with IRQ 47
Oct 22 11:02:31 ubuntu kernel: [    7.425445] pcieport 0000:00:01.3: pciehp: Slot #0 AttnBtn+ PwrCtrl+ MRL- AttnInd+ PwrInd+ HotPlug+ Surprise+ Interlock+ NoCompl- IbPresDis- LLActRep-
Oct 22 11:02:31 ubuntu kernel: [    7.427105] pcieport 0000:00:01.3: pciehp: Slot(0-3): Link Up
Oct 22 11:02:31 ubuntu kernel: [    7.427292] shpchp: Standard Hot Plug PCI Controller Driver version: 0.4
Oct 22 11:02:31 ubuntu kernel: [    7.430012] input: Power Button as /devices/LNXSYSTM:00/LNXSYBUS:00/PNP0C0C:00/input/input0
Oct 22 11:02:31 ubuntu kernel: [    7.430773] ACPI: Power Button [PWRB]
Oct 22 11:02:31 ubuntu kernel: [    7.436672] Serial: 8250/16550 driver, 32 ports, IRQ sharing enabled
Oct 22 11:02:31 ubuntu kernel: [    7.440227] msm_serial: driver initialized
Oct 22 11:02:31 ubuntu kernel: [    7.441409] cacheinfo: Unable to detect cache hierarchy for CPU 0
Oct 22 11:02:31 ubuntu kernel: [    7.464640] loop: module loaded
Oct 22 11:02:31 ubuntu kernel: [    7.467097] libphy: Fixed MDIO Bus: probed
Oct 22 11:02:31 ubuntu kernel: [    7.468018] tun: Universal TUN/TAP device driver, 1.6
Oct 22 11:02:31 ubuntu kernel: [    7.469954] PPP generic driver version 2.4.2
Oct 22 11:02:31 ubuntu kernel: [    7.471761] ehci_hcd: USB 2.0 'Enhanced' Host Controller (EHCI) Driver
Oct 22 11:02:31 ubuntu kernel: [    7.473659] ehci-pci: EHCI PCI platform driver
Oct 22 11:02:31 ubuntu kernel: [    7.474853] ehci-orion: EHCI orion driver
Oct 22 11:02:31 ubuntu kernel: [    7.475898] ohci_hcd: USB 1.1 'Open' Host Controller (OHCI) Driver
Oct 22 11:02:31 ubuntu kernel: [    7.477621] ohci-pci: OHCI PCI platform driver
Oct 22 11:02:31 ubuntu kernel: [    7.478076] uhci_hcd: USB Universal Host Controller Interface driver
Oct 22 11:02:31 ubuntu kernel: [    7.479501] xhci_hcd 0000:02:00.0: xHCI Host Controller
Oct 22 11:02:31 ubuntu kernel: [    7.480033] xhci_hcd 0000:02:00.0: new USB bus registered, assigned bus number 1
Oct 22 11:02:31 ubuntu kernel: [    7.481187] xhci_hcd 0000:02:00.0: hcc params 0x00087001 hci version 0x100 quirks 0x0000000000000010
Oct 22 11:02:31 ubuntu kernel: [    7.483292] usb usb1: New USB device found, idVendor=1d6b, idProduct=0002, bcdDevice= 5.07
Oct 22 11:02:31 ubuntu kernel: [    7.484074] usb usb1: New USB device strings: Mfr=3, Product=2, SerialNumber=1
Oct 22 11:02:31 ubuntu kernel: [    7.484814] usb usb1: Product: xHCI Host Controller
Oct 22 11:02:31 ubuntu kernel: [    7.485268] usb usb1: Manufacturer: Linux 5.7.1 xhci-hcd
Oct 22 11:02:31 ubuntu kernel: [    7.485804] usb usb1: SerialNumber: 0000:02:00.0
Oct 22 11:02:31 ubuntu kernel: [    7.486655] hub 1-0:1.0: USB hub found
Oct 22 11:02:31 ubuntu kernel: [    7.487063] hub 1-0:1.0: 8 ports detected
Oct 22 11:02:31 ubuntu kernel: [    7.487831] xhci_hcd 0000:02:00.0: xHCI Host Controller
Oct 22 11:02:31 ubuntu kernel: [    7.488359] xhci_hcd 0000:02:00.0: new USB bus registered, assigned bus number 2
Oct 22 11:02:31 ubuntu kernel: [    7.489046] xhci_hcd 0000:02:00.0: Host supports USB 3.0 SuperSpeed
Oct 22 11:02:31 ubuntu kernel: [    7.489653] usb usb2: We don't know the algorithms for LPM for this host, disabling LPM.
Oct 22 11:02:31 ubuntu kernel: [    7.490442] usb usb2: New USB device found, idVendor=1d6b, idProduct=0003, bcdDevice= 5.07
Oct 22 11:02:31 ubuntu kernel: [    7.491198] usb usb2: New USB device strings: Mfr=3, Product=2, SerialNumber=1
Oct 22 11:02:31 ubuntu kernel: [    7.491862] usb usb2: Product: xHCI Host Controller
Oct 22 11:02:31 ubuntu kernel: [    7.492410] usb usb2: Manufacturer: Linux 5.7.1 xhci-hcd
Oct 22 11:02:31 ubuntu kernel: [    7.492907] usb usb2: SerialNumber: 0000:02:00.0
Oct 22 11:02:31 ubuntu kernel: [    7.493548] hub 2-0:1.0: USB hub found
Oct 22 11:02:31 ubuntu kernel: [    7.493935] hub 2-0:1.0: 8 ports detected
Oct 22 11:02:31 ubuntu kernel: [    7.494914] mousedev: PS/2 mouse device common for all mice
Oct 22 11:02:31 ubuntu kernel: [    7.496296] rtc-efi rtc-efi.0: registered as rtc0
Oct 22 11:02:31 ubuntu kernel: [    7.496998] rtc-efi rtc-efi.0: setting system clock to 2020-10-22T03:02:25 UTC (1603335745)
Oct 22 11:02:31 ubuntu kernel: [    7.497840] i2c /dev entries driver
Oct 22 11:02:31 ubuntu kernel: [    7.498424] device-mapper: uevent: version 1.0.3
Oct 22 11:02:31 ubuntu kernel: [    7.499034] device-mapper: ioctl: 4.42.0-ioctl (2020-02-27) initialised: dm-devel@redhat.com
Oct 22 11:02:31 ubuntu kernel: [    7.501891] ledtrig-cpu: registered to indicate activity on CPUs
Oct 22 11:02:31 ubuntu kernel: [    7.502537] EFI Variables Facility v0.08 2004-May-17
Oct 22 11:02:31 ubuntu kernel: [    7.510107] NET: Registered protocol family 10
Oct 22 11:02:31 ubuntu kernel: [    7.512178] [mitosis-origin] pgd_alloc for mm=ffff000495699000 and mm->pgd =ffff0004955ed000.
Oct 22 11:02:31 ubuntu kernel: [    7.514682] [mitosis-origin] pgd_alloc for mm=ffff00049569e000 and mm->pgd =ffff0004955fc000.
Oct 22 11:02:31 ubuntu kernel: [    7.515484] [mitosis-origin] pgd_free for mm=ffff000495699000 and pgd =ffff0004955ed000 and mm->pgd=ffff0004955ed000.
Oct 22 11:02:31 ubuntu kernel: [    7.518539] [mitosis-origin] pgd_alloc for mm=ffff000495742800 and mm->pgd =ffff0004defbd000.
Oct 22 11:02:31 ubuntu kernel: [    7.522953] [mitosis-origin] pgd_alloc for mm=ffff000495744800 and mm->pgd =ffff0004defcc000.
Oct 22 11:02:31 ubuntu kernel: [    7.524827] [mitosis-origin] pgd_free for mm=ffff000495742800 and pgd =ffff0004defbd000 and mm->pgd=ffff0004defbd000.
Oct 22 11:02:31 ubuntu kernel: [    7.527703] [mitosis-origin] pgd_alloc for mm=ffff000495742800 and mm->pgd =ffff0004956f3000.
Oct 22 11:02:31 ubuntu kernel: [    7.528669] [mitosis-origin] pgd_free for mm=ffff000495744800 and pgd =ffff0004defcc000 and mm->pgd=ffff0004defcc000.
Oct 22 11:02:31 ubuntu kernel: [    7.531251] [mitosis-origin] pgd_alloc for mm=ffff000495744800 and mm->pgd =ffff000495700000.
Oct 22 11:02:31 ubuntu kernel: [    7.532341] [mitosis-origin] pgd_free for mm=ffff000495742800 and pgd =ffff0004956f3000 and mm->pgd=ffff0004956f3000.
Oct 22 11:02:31 ubuntu kernel: [    7.534449] Segment Routing with IPv6
Oct 22 11:02:31 ubuntu kernel: [    7.534904] NET: Registered protocol family 17
Oct 22 11:02:31 ubuntu kernel: [    7.535661] Key type dns_resolver registered
Oct 22 11:02:31 ubuntu kernel: [    7.536396] registered taskstats version 1
Oct 22 11:02:31 ubuntu kernel: [    7.536816] Loading compiled-in X.509 certificates
Oct 22 11:02:31 ubuntu kernel: [    7.538509] [mitosis-origin] pgd_alloc for mm=ffff0004958cbc00 and mm->pgd =ffff0004df2bc000.
Oct 22 11:02:31 ubuntu kernel: [    7.540837] [mitosis-origin] pgd_free for mm=ffff0004958cc000 and pgd =ffff0004df2ab000 and mm->pgd=ffff0004df2ab000.
Oct 22 11:02:31 ubuntu kernel: [    7.545997] Loaded X.509 cert 'Build time autogenerated kernel key: 5fc9bbbf10d23f3f9dda6c889ba5358a20950e89'
Oct 22 11:02:31 ubuntu kernel: [    7.547511] zswap: loaded using pool lzo/zbud
Oct 22 11:02:31 ubuntu kernel: [    7.549122] Key type ._fscrypt registered
Oct 22 11:02:31 ubuntu kernel: [    7.549612] Key type .fscrypt registered
Oct 22 11:02:31 ubuntu kernel: [    7.550087] Key type fscrypt-provisioning registered
Oct 22 11:02:31 ubuntu kernel: [    7.551240] [mitosis-origin] pgd_alloc for mm=ffff00049506a400 and mm->pgd =ffff0004de475000.
Oct 22 11:02:31 ubuntu kernel: [    7.556194] [mitosis-origin] pgd_alloc for mm=ffff00049506f400 and mm->pgd =ffff00049570e000.
Oct 22 11:02:31 ubuntu kernel: [    7.557473] [mitosis-origin] pgd_free for mm=ffff00049506a400 and pgd =ffff0004de475000 and mm->pgd=ffff0004de475000.
Oct 22 11:02:31 ubuntu kernel: [    7.560788] [mitosis-origin] pgd_alloc for mm=ffff000495699000 and mm->pgd =ffff000495695000.
Oct 22 11:02:31 ubuntu kernel: [    7.562887] [mitosis-origin] pgd_free for mm=ffff00049569e000 and pgd =ffff0004955fc000 and mm->pgd=ffff0004955fc000.
Oct 22 11:02:31 ubuntu kernel: [    7.570304] [mitosis-origin] pgd_free for mm=ffff000495744800 and pgd =ffff000495700000 and mm->pgd=ffff000495700000.
Oct 22 11:02:31 ubuntu kernel: [    7.572410] [mitosis-origin] pgd_alloc for mm=ffff0004950b8000 and mm->pgd =ffff0004de437000.
Oct 22 11:02:31 ubuntu kernel: [    7.580621] cryptd: max_cpu_qlen set to 1000
Oct 22 11:02:31 ubuntu kernel: [    7.586736] [mitosis-origin] pgd_free for mm=ffff00049506f400 and pgd =ffff00049570e000 and mm->pgd=ffff00049570e000.
Oct 22 11:02:31 ubuntu kernel: [    7.588955] [mitosis-origin] pgd_alloc for mm=ffff000495147400 and mm->pgd =ffff0004950d7000.
Oct 22 11:02:31 ubuntu kernel: [    7.594087] [mitosis-origin] pgd_alloc for mm=ffff000495141c00 and mm->pgd =ffff0004950e6000.
Oct 22 11:02:31 ubuntu kernel: [    7.596389] [mitosis-origin] pgd_free for mm=ffff000495147400 and pgd =ffff0004950d7000 and mm->pgd=ffff0004950d7000.
Oct 22 11:02:31 ubuntu kernel: [    7.599081] [mitosis-origin] pgd_alloc for mm=ffff000495147400 and mm->pgd =ffff0004950f4000.
Oct 22 11:02:31 ubuntu kernel: [    7.600012] [mitosis-origin] pgd_free for mm=ffff000495141c00 and pgd =ffff0004950e6000 and mm->pgd=ffff0004950e6000.
Oct 22 11:02:31 ubuntu kernel: [    7.602500] [mitosis-origin] pgd_alloc for mm=ffff000495141c00 and mm->pgd =ffff0004df266000.
Oct 22 11:02:31 ubuntu kernel: [    7.603375] [mitosis-origin] pgd_free for mm=ffff000495147400 and pgd =ffff0004950f4000 and mm->pgd=ffff0004950f4000.
Oct 22 11:02:31 ubuntu kernel: [    7.606059] [mitosis-origin] pgd_alloc for mm=ffff000495147400 and mm->pgd =ffff0004df26e000.
Oct 22 11:02:31 ubuntu kernel: [    7.606853] [mitosis-origin] pgd_free for mm=ffff000495141c00 and pgd =ffff0004df266000 and mm->pgd=ffff0004df266000.
Oct 22 11:02:31 ubuntu kernel: [    7.609174] [mitosis-origin] pgd_alloc for mm=ffff000495141c00 and mm->pgd =ffff0004df276000.
Oct 22 11:02:31 ubuntu kernel: [    7.609982] [mitosis-origin] pgd_free for mm=ffff000495147400 and pgd =ffff0004df26e000 and mm->pgd=ffff0004df26e000.
Oct 22 11:02:31 ubuntu kernel: [    7.612149] [mitosis-origin] pgd_alloc for mm=ffff000495147400 and mm->pgd =ffff0004950e8000.
Oct 22 11:02:31 ubuntu kernel: [    7.612939] [mitosis-origin] pgd_free for mm=ffff000495141c00 and pgd =ffff0004df276000 and mm->pgd=ffff0004df276000.
Oct 22 11:02:31 ubuntu kernel: [    7.615229] [mitosis-origin] pgd_alloc for mm=ffff000495141c00 and mm->pgd =ffff0004df286000.
Oct 22 11:02:31 ubuntu kernel: [    7.616088] [mitosis-origin] pgd_free for mm=ffff000495147400 and pgd =ffff0004950e8000 and mm->pgd=ffff0004950e8000.
Oct 22 11:02:31 ubuntu kernel: [    7.618482] [mitosis-origin] pgd_alloc for mm=ffff000495147400 and mm->pgd =ffff0004df28d000.
Oct 22 11:02:31 ubuntu kernel: [    7.619348] [mitosis-origin] pgd_free for mm=ffff000495141c00 and pgd =ffff0004df286000 and mm->pgd=ffff0004df286000.
Oct 22 11:02:31 ubuntu kernel: [    7.621644] [mitosis-origin] pgd_alloc for mm=ffff000495141c00 and mm->pgd =ffff0004951e0000.
Oct 22 11:02:31 ubuntu kernel: [    7.622530] [mitosis-origin] pgd_free for mm=ffff000495147400 and pgd =ffff0004df28d000 and mm->pgd=ffff0004df28d000.
Oct 22 11:02:31 ubuntu kernel: [    7.624783] [mitosis-origin] pgd_alloc for mm=ffff000495147400 and mm->pgd =ffff0004951e8000.
Oct 22 11:02:31 ubuntu kernel: [    7.625638] [mitosis-origin] pgd_free for mm=ffff000495141c00 and pgd =ffff0004951e0000 and mm->pgd=ffff0004951e0000.
Oct 22 11:02:31 ubuntu kernel: [    7.627756] [mitosis-origin] pgd_alloc for mm=ffff000495141c00 and mm->pgd =ffff0004951f0000.
Oct 22 11:02:31 ubuntu kernel: [    7.628672] [mitosis-origin] pgd_free for mm=ffff000495147400 and pgd =ffff0004951e8000 and mm->pgd=ffff0004951e8000.
Oct 22 11:02:31 ubuntu kernel: [    7.630879] [mitosis-origin] pgd_alloc for mm=ffff000495147400 and mm->pgd =ffff0004df436000.
Oct 22 11:02:31 ubuntu kernel: [    7.631671] [mitosis-origin] pgd_free for mm=ffff000495141c00 and pgd =ffff0004951f0000 and mm->pgd=ffff0004951f0000.
Oct 22 11:02:31 ubuntu kernel: [    7.634060] [mitosis-origin] pgd_alloc for mm=ffff000495141c00 and mm->pgd =ffff0004d175b000.
Oct 22 11:02:31 ubuntu kernel: [    7.634857] [mitosis-origin] pgd_free for mm=ffff000495147400 and pgd =ffff0004df436000 and mm->pgd=ffff0004df436000.
Oct 22 11:02:31 ubuntu kernel: [    7.636936] [mitosis-origin] pgd_alloc for mm=ffff000495147400 and mm->pgd =ffff0004df2b7000.
Oct 22 11:02:31 ubuntu kernel: [    7.637741] [mitosis-origin] pgd_free for mm=ffff000495141c00 and pgd =ffff0004d175b000 and mm->pgd=ffff0004d175b000.
Oct 22 11:02:31 ubuntu kernel: [    7.639883] [mitosis-origin] pgd_alloc for mm=ffff000495141c00 and mm->pgd =ffff0004df2b2000.
Oct 22 11:02:31 ubuntu kernel: [    7.640765] [mitosis-origin] pgd_free for mm=ffff000495147400 and pgd =ffff0004df2b7000 and mm->pgd=ffff0004df2b7000.
Oct 22 11:02:31 ubuntu kernel: [    7.647916] [mitosis-origin] pgd_alloc for mm=ffff000495147400 and mm->pgd =ffff0004df2b1000.
Oct 22 11:02:31 ubuntu kernel: [    7.649251] [mitosis-origin] pgd_free for mm=ffff000495141c00 and pgd =ffff0004df2b2000 and mm->pgd=ffff0004df2b2000.
Oct 22 11:02:31 ubuntu kernel: [    7.652522] [mitosis-origin] pgd_alloc for mm=ffff000495141c00 and mm->pgd =ffff0004df2c4000.
Oct 22 11:02:31 ubuntu kernel: [    7.653781] [mitosis-origin] pgd_free for mm=ffff000495147400 and pgd =ffff0004df2b1000 and mm->pgd=ffff0004df2b1000.
Oct 22 11:02:31 ubuntu kernel: [    7.656820] [mitosis-origin] pgd_alloc for mm=ffff000495262c00 and mm->pgd =ffff0004df53c000.
Oct 22 11:02:31 ubuntu kernel: [    7.661183] [mitosis-origin] pgd_free for mm=ffff0004958cbc00 and pgd =ffff0004df2bc000 and mm->pgd=ffff0004df2bc000.
Oct 22 11:02:31 ubuntu kernel: [    7.664574] [mitosis-origin] pgd_alloc for mm=ffff0004950b8c00 and mm->pgd =ffff0004de426000.
Oct 22 11:02:31 ubuntu kernel: [    7.666357] [mitosis-origin] pgd_free for mm=ffff0004950b8000 and pgd =ffff0004de437000 and mm->pgd=ffff0004de437000.
Oct 22 11:02:31 ubuntu kernel: [    7.670600] [mitosis-origin] pgd_alloc for mm=ffff0004950b8000 and mm->pgd =ffff0004df32f000.
Oct 22 11:02:31 ubuntu kernel: [    7.672354] [mitosis-origin] pgd_free for mm=ffff0004950b8c00 and pgd =ffff0004de426000 and mm->pgd=ffff0004de426000.
Oct 22 11:02:31 ubuntu kernel: [    7.676327] [mitosis-origin] pgd_alloc for mm=ffff0004950b8c00 and mm->pgd =ffff0004df335000.
Oct 22 11:02:31 ubuntu kernel: [    7.677172] [mitosis-origin] pgd_free for mm=ffff0004950b8000 and pgd =ffff0004df32f000 and mm->pgd=ffff0004df32f000.
Oct 22 11:02:31 ubuntu kernel: [    7.679248] [mitosis-origin] pgd_alloc for mm=ffff0004950b8000 and mm->pgd =ffff0004df339000.
Oct 22 11:02:31 ubuntu kernel: [    7.680095] [mitosis-origin] pgd_free for mm=ffff0004950b8c00 and pgd =ffff0004df335000 and mm->pgd=ffff0004df335000.
Oct 22 11:02:31 ubuntu kernel: [    7.682235] [mitosis-origin] pgd_alloc for mm=ffff0004950b8c00 and mm->pgd =ffff0004df33d000.
Oct 22 11:02:31 ubuntu kernel: [    7.683084] [mitosis-origin] pgd_free for mm=ffff0004950b8000 and pgd =ffff0004df339000 and mm->pgd=ffff0004df339000.
Oct 22 11:02:31 ubuntu kernel: [    7.685139] [mitosis-origin] pgd_alloc for mm=ffff0004950b8000 and mm->pgd =ffff0004df342000.
Oct 22 11:02:31 ubuntu kernel: [    7.686000] [mitosis-origin] pgd_free for mm=ffff0004950b8c00 and pgd =ffff0004df33d000 and mm->pgd=ffff0004df33d000.
Oct 22 11:02:31 ubuntu kernel: [    7.687986] [mitosis-origin] pgd_alloc for mm=ffff0004950b8c00 and mm->pgd =ffff0004df346000.
Oct 22 11:02:31 ubuntu kernel: [    7.688911] [mitosis-origin] pgd_free for mm=ffff0004950b8000 and pgd =ffff0004df342000 and mm->pgd=ffff0004df342000.
Oct 22 11:02:31 ubuntu kernel: [    7.690960] [mitosis-origin] pgd_alloc for mm=ffff0004950b8000 and mm->pgd =ffff0004df34a000.
Oct 22 11:02:31 ubuntu kernel: [    7.691803] [mitosis-origin] pgd_free for mm=ffff0004950b8c00 and pgd =ffff0004df346000 and mm->pgd=ffff0004df346000.
Oct 22 11:02:31 ubuntu kernel: [    7.694059] [mitosis-origin] pgd_alloc for mm=ffff0004950b8c00 and mm->pgd =ffff0004df34e000.
Oct 22 11:02:31 ubuntu kernel: [    7.694888] [mitosis-origin] pgd_free for mm=ffff0004950b8000 and pgd =ffff0004df34a000 and mm->pgd=ffff0004df34a000.
Oct 22 11:02:31 ubuntu kernel: [    7.696910] [mitosis-origin] pgd_alloc for mm=ffff0004950b8000 and mm->pgd =ffff0004df352000.
Oct 22 11:02:31 ubuntu kernel: [    7.697757] [mitosis-origin] pgd_free for mm=ffff0004950b8c00 and pgd =ffff0004df34e000 and mm->pgd=ffff0004df34e000.
Oct 22 11:02:31 ubuntu kernel: [    7.699727] [mitosis-origin] pgd_alloc for mm=ffff0004950b8c00 and mm->pgd =ffff0004df356000.
Oct 22 11:02:31 ubuntu kernel: [    7.700797] [mitosis-origin] pgd_free for mm=ffff0004950b8000 and pgd =ffff0004df352000 and mm->pgd=ffff0004df352000.
Oct 22 11:02:31 ubuntu kernel: [    7.702850] [mitosis-origin] pgd_alloc for mm=ffff0004950b8000 and mm->pgd =ffff0004df35a000.
Oct 22 11:02:31 ubuntu kernel: [    7.703688] [mitosis-origin] pgd_free for mm=ffff0004950b8c00 and pgd =ffff0004df356000 and mm->pgd=ffff0004df356000.
Oct 22 11:02:31 ubuntu kernel: [    7.705812] [mitosis-origin] pgd_alloc for mm=ffff0004950b8c00 and mm->pgd =ffff0004df35e000.
Oct 22 11:02:31 ubuntu kernel: [    7.706650] [mitosis-origin] pgd_free for mm=ffff0004950b8000 and pgd =ffff0004df35a000 and mm->pgd=ffff0004df35a000.
Oct 22 11:02:31 ubuntu kernel: [    7.717724] [mitosis-origin] pgd_free for mm=ffff0004950b8c00 and pgd =ffff0004df35e000 and mm->pgd=ffff0004df35e000.
Oct 22 11:02:31 ubuntu kernel: [    7.719148] [mitosis-origin] pgd_alloc for mm=ffff0004950b8c00 and mm->pgd =ffff0004df35e000.
Oct 22 11:02:31 ubuntu kernel: [    7.721924] [mitosis-origin] pgd_free for mm=ffff0004950b8c00 and pgd =ffff0004df35e000 and mm->pgd=ffff0004df35e000.
Oct 22 11:02:31 ubuntu kernel: [    7.725058] [mitosis-origin] pgd_alloc for mm=ffff0004950b8c00 and mm->pgd =ffff0004952ee000.
Oct 22 11:02:31 ubuntu kernel: [    7.729300] [mitosis-origin] pgd_alloc for mm=ffff000495337000 and mm->pgd =ffff0004959c8000.
Oct 22 11:02:31 ubuntu kernel: [    7.732325] [mitosis-origin] pgd_alloc for mm=ffff00049534d000 and mm->pgd =ffff000495718000.
Oct 22 11:02:31 ubuntu kernel: [    7.737408] [mitosis-origin] pgd_alloc for mm=ffff00049534c000 and mm->pgd =ffff000495727000.
Oct 22 11:02:31 ubuntu kernel: [    7.739634] [mitosis-origin] pgd_free for mm=ffff00049534d000 and pgd =ffff000495718000 and mm->pgd=ffff000495718000.
Oct 22 11:02:31 ubuntu kernel: [    7.742665] [mitosis-origin] pgd_free for mm=ffff000495262c00 and pgd =ffff0004df53c000 and mm->pgd=ffff0004df53c000.
Oct 22 11:02:31 ubuntu kernel: [    7.745887] [mitosis-origin] pgd_alloc for mm=ffff000495262c00 and mm->pgd =ffff0004df53c000.
Oct 22 11:02:31 ubuntu kernel: [    7.750799] [mitosis-origin] pgd_alloc for mm=ffff000495266c00 and mm->pgd =ffff00049538c000.
Oct 22 11:02:31 ubuntu kernel: [    7.753142] [mitosis-origin] pgd_free for mm=ffff000495262c00 and pgd =ffff0004df53c000 and mm->pgd=ffff0004df53c000.
Oct 22 11:02:31 ubuntu kernel: [    7.755769] [mitosis-origin] pgd_alloc for mm=ffff000495262c00 and mm->pgd =ffff0004dfb30000.
Oct 22 11:02:31 ubuntu kernel: [    7.756701] [mitosis-origin] pgd_free for mm=ffff000495266c00 and pgd =ffff00049538c000 and mm->pgd=ffff00049538c000.
Oct 22 11:02:31 ubuntu kernel: [    7.759059] [mitosis-origin] pgd_alloc for mm=ffff000495266c00 and mm->pgd =ffff0004dfb34000.
Oct 22 11:02:31 ubuntu kernel: [    7.759999] [mitosis-origin] pgd_free for mm=ffff000495262c00 and pgd =ffff0004dfb30000 and mm->pgd=ffff0004dfb30000.
Oct 22 11:02:31 ubuntu kernel: [    7.763039] [mitosis-origin] pgd_alloc for mm=ffff00049569e000 and mm->pgd =ffff000495605000.
Oct 22 11:02:31 ubuntu kernel: [    7.768214] [mitosis-origin] pgd_alloc for mm=ffff00049534d000 and mm->pgd =ffff000495359000.
Oct 22 11:02:31 ubuntu kernel: [    7.770348] [mitosis-origin] pgd_free for mm=ffff00049534c000 and pgd =ffff000495727000 and mm->pgd=ffff000495727000.
Oct 22 11:02:31 ubuntu kernel: [    7.775208] Key type big_key registered
Oct 22 11:02:31 ubuntu kernel: [    7.776189] [mitosis-origin] pgd_alloc for mm=ffff00049569b000 and mm->pgd =ffff0004de6a7000.
Oct 22 11:02:31 ubuntu kernel: [    7.777757] [mitosis-origin] pgd_free for mm=ffff00049569e000 and pgd =ffff000495605000 and mm->pgd=ffff000495605000.
Oct 22 11:02:31 ubuntu kernel: [    7.794256] [mitosis-origin] pgd_alloc for mm=ffff000495744800 and mm->pgd =ffff000495302000.
Oct 22 11:02:31 ubuntu kernel: [    7.796982] [mitosis-origin] pgd_alloc for mm=ffff0004953dc800 and mm->pgd =ffff00049530d000.
Oct 22 11:02:31 ubuntu kernel: [    7.801476] Key type encrypted registered
Oct 22 11:02:31 ubuntu kernel: [    7.802157] AppArmor: AppArmor sha1 policy hashing enabled
Oct 22 11:02:31 ubuntu kernel: [    7.803370] ima: No TPM chip found, activating TPM-bypass!
Oct 22 11:02:31 ubuntu kernel: [    7.804370] ima: Allocated hash algorithm: sha1
Oct 22 11:02:31 ubuntu kernel: [    7.805097] ima: No architecture policies found
Oct 22 11:02:31 ubuntu kernel: [    7.805831] evm: Initialising EVM extended attributes:
Oct 22 11:02:31 ubuntu kernel: [    7.806541] evm: security.selinux
Oct 22 11:02:31 ubuntu kernel: [    7.806988] evm: security.SMACK64
Oct 22 11:02:31 ubuntu kernel: [    7.807434] evm: security.SMACK64EXEC
Oct 22 11:02:31 ubuntu kernel: [    7.807926] evm: security.SMACK64TRANSMUTE
Oct 22 11:02:31 ubuntu kernel: [    7.808542] evm: security.SMACK64MMAP
Oct 22 11:02:31 ubuntu kernel: [    7.809040] evm: security.apparmor
Oct 22 11:02:31 ubuntu kernel: [    7.809496] evm: security.ima
Oct 22 11:02:31 ubuntu kernel: [    7.809909] evm: security.capability
Oct 22 11:02:31 ubuntu kernel: [    7.810390] evm: HMAC attrs: 0x1
Oct 22 11:02:31 ubuntu kernel: [    7.816684] Freeing unused kernel memory: 7040K
Oct 22 11:02:31 ubuntu kernel: [    7.888570] Checked W+X mappings: passed, no W+X pages found
Oct 22 11:02:31 ubuntu kernel: [    7.889164] Run /init as init process
Oct 22 11:02:31 ubuntu kernel: [    7.889510]   with arguments:
Oct 22 11:02:31 ubuntu kernel: [    7.889511]     /init
Oct 22 11:02:31 ubuntu kernel: [    7.889512]   with environment:
Oct 22 11:02:31 ubuntu kernel: [    7.889513]     HOME=/
Oct 22 11:02:31 ubuntu kernel: [    7.889513]     TERM=linux
Oct 22 11:02:31 ubuntu kernel: [    7.889514]     BOOT_IMAGE=/boot/vmlinuz-5.7.1
Oct 22 11:02:31 ubuntu kernel: [    7.889586] [mitosis-origin] pgd_alloc for mm=ffff000494c6a800 and mm->pgd =ffff0004dec2d000.
Oct 22 11:02:31 ubuntu kernel: [    7.891645] [mitosis-origin] pgd_alloc for mm=ffff000494c6c800 and mm->pgd =ffff000494c1e000.
Oct 22 11:02:31 ubuntu kernel: [    7.892672] [mitosis-origin] pgd_free for mm=ffff000495266c00 and pgd =ffff0004dfb34000 and mm->pgd=ffff0004dfb34000.
Oct 22 11:02:31 ubuntu kernel: [    7.896319] [mitosis-origin] pgd_alloc for mm=ffff000494c6cc00 and mm->pgd =ffff000494c3b000.
Oct 22 11:02:31 ubuntu kernel: [    7.897412] [mitosis-origin] pgd_free for mm=ffff000494c6c800 and pgd =ffff000494c1e000 and mm->pgd=ffff000494c1e000.
Oct 22 11:02:31 ubuntu kernel: [    7.900002] [mitosis-origin] pgd_alloc for mm=ffff000494c69800 and mm->pgd =ffff000494c4a000.
Oct 22 11:02:31 ubuntu kernel: [    7.901199] [mitosis-origin] pgd_free for mm=ffff000494c6cc00 and pgd =ffff000494c3b000 and mm->pgd=ffff000494c3b000.
Oct 22 11:02:31 ubuntu kernel: [    7.903787] [mitosis-origin] pgd_alloc for mm=ffff000494c6e800 and mm->pgd =ffff000494c59000.
Oct 22 11:02:31 ubuntu kernel: [    7.904921] [mitosis-origin] pgd_free for mm=ffff000494c69800 and pgd =ffff000494c4a000 and mm->pgd=ffff000494c4a000.
Oct 22 11:02:31 ubuntu kernel: [    7.906854] [mitosis-origin] pgd_alloc for mm=ffff000494c6dc00 and mm->pgd =ffff000494c66000.
Oct 22 11:02:31 ubuntu kernel: [    7.907831] [mitosis-origin] pgd_free for mm=ffff000494c6e800 and pgd =ffff000494c59000 and mm->pgd=ffff000494c59000.
Oct 22 11:02:31 ubuntu kernel: [    7.909642] [mitosis-origin] pgd_alloc for mm=ffff000495266c00 and mm->pgd =ffff000494c59000.
Oct 22 11:02:31 ubuntu kernel: [    7.910966] [mitosis-origin] pgd_free for mm=ffff000494c6dc00 and pgd =ffff000494c66000 and mm->pgd=ffff000494c66000.
Oct 22 11:02:31 ubuntu kernel: [    7.913456] [mitosis-origin] pgd_alloc for mm=ffff000494c6d400 and mm->pgd =ffff000494c9d000.
Oct 22 11:02:31 ubuntu kernel: [    7.914429] [mitosis-origin] pgd_free for mm=ffff000495266c00 and pgd =ffff000494c59000 and mm->pgd=ffff000494c59000.
Oct 22 11:02:31 ubuntu kernel: [    7.915678] [mitosis-origin] pgd_alloc for mm=ffff000495266c00 and mm->pgd =ffff000494c59000.
Oct 22 11:02:31 ubuntu kernel: [    7.916689] [mitosis-origin] pgd_free for mm=ffff000494c6d400 and pgd =ffff000494c9d000 and mm->pgd=ffff000494c9d000.
Oct 22 11:02:31 ubuntu kernel: [    7.918452] [mitosis-origin] pgd_alloc for mm=ffff000494c6f800 and mm->pgd =ffff000494caa000.
Oct 22 11:02:31 ubuntu kernel: [    7.919420] [mitosis-origin] pgd_free for mm=ffff000495266c00 and pgd =ffff000494c59000 and mm->pgd=ffff000494c59000.
Oct 22 11:02:31 ubuntu kernel: [    7.920788] [mitosis-origin] pgd_alloc for mm=ffff000495266c00 and mm->pgd =ffff000494c59000.
Oct 22 11:02:31 ubuntu kernel: [    7.921836] [mitosis-origin] pgd_free for mm=ffff000494c6f800 and pgd =ffff000494caa000 and mm->pgd=ffff000494caa000.
Oct 22 11:02:31 ubuntu kernel: [    7.924439] [mitosis-origin] pgd_alloc for mm=ffff000494d0ac00 and mm->pgd =ffff0004df593000.
Oct 22 11:02:31 ubuntu kernel: [    7.925823] [mitosis-origin] pgd_alloc for mm=ffff000494d25000 and mm->pgd =ffff0004dec51000.
Oct 22 11:02:31 ubuntu kernel: [    7.926987] [mitosis-origin] pgd_free for mm=ffff000494d0ac00 and pgd =ffff0004df593000 and mm->pgd=ffff0004df593000.
Oct 22 11:02:31 ubuntu kernel: [    7.929101] [mitosis-origin] pgd_alloc for mm=ffff000494d0ec00 and mm->pgd =ffff0004df5a5000.
Oct 22 11:02:31 ubuntu kernel: [    7.930779] [mitosis-origin] pgd_free for mm=ffff000494d25000 and pgd =ffff0004dec51000 and mm->pgd=ffff0004dec51000.
Oct 22 11:02:31 ubuntu kernel: [    7.933512] [mitosis-origin] pgd_alloc for mm=ffff000494d08000 and mm->pgd =ffff0004df5b4000.
Oct 22 11:02:31 ubuntu kernel: [    7.935374] [mitosis-origin] pgd_free for mm=ffff000494d0ec00 and pgd =ffff0004df5a5000 and mm->pgd=ffff0004df5a5000.
Oct 22 11:02:31 ubuntu kernel: [    7.937787] [mitosis-origin] pgd_alloc for mm=ffff000494d25000 and mm->pgd =ffff0004df5a5000.
Oct 22 11:02:31 ubuntu kernel: [    7.939306] [mitosis-origin] pgd_free for mm=ffff000494d08000 and pgd =ffff0004df5b4000 and mm->pgd=ffff0004df5b4000.
Oct 22 11:02:31 ubuntu kernel: [    7.941743] [mitosis-origin] pgd_alloc for mm=ffff000494d08c00 and mm->pgd =ffff0004df5c3000.
Oct 22 11:02:31 ubuntu kernel: [    7.943106] [mitosis-origin] pgd_free for mm=ffff000494d25000 and pgd =ffff0004df5a5000 and mm->pgd=ffff0004df5a5000.
Oct 22 11:02:31 ubuntu kernel: [    7.944844] [mitosis-origin] pgd_alloc for mm=ffff000494d25000 and mm->pgd =ffff0004df5a5000.
Oct 22 11:02:31 ubuntu kernel: [    7.946185] [mitosis-origin] pgd_free for mm=ffff000494d08c00 and pgd =ffff0004df5c3000 and mm->pgd=ffff0004df5c3000.
Oct 22 11:02:31 ubuntu kernel: [    7.948058] [mitosis-origin] pgd_alloc for mm=ffff000494d0f000 and mm->pgd =ffff000494d2e000.
Oct 22 11:02:31 ubuntu kernel: [    7.949184] [mitosis-origin] pgd_free for mm=ffff000494d25000 and pgd =ffff0004df5a5000 and mm->pgd=ffff0004df5a5000.
Oct 22 11:02:31 ubuntu kernel: [    7.952159] [mitosis-origin] pgd_alloc for mm=ffff000494d0d800 and mm->pgd =ffff000494d46000.
Oct 22 11:02:31 ubuntu kernel: [    7.953425] [mitosis-origin] pgd_alloc for mm=ffff000494d88800 and mm->pgd =ffff0004deceb000.
Oct 22 11:02:31 ubuntu kernel: [    7.954564] [mitosis-origin] pgd_free for mm=ffff000494d0d800 and pgd =ffff000494d46000 and mm->pgd=ffff000494d46000.
Oct 22 11:02:31 ubuntu kernel: [    7.957887] [mitosis-origin] pgd_alloc for mm=ffff000494c69000 and mm->pgd =ffff000494cb8000.
Oct 22 11:02:31 ubuntu kernel: [    7.959224] [mitosis-origin] pgd_alloc for mm=ffff000494d0b400 and mm->pgd =ffff000494d51000.
Oct 22 11:02:31 ubuntu kernel: [    7.961180] [mitosis-origin] pgd_free for mm=ffff000494c69000 and pgd =ffff000494cb8000 and mm->pgd=ffff000494cb8000.
Oct 22 11:02:31 ubuntu kernel: [    7.964251] [mitosis-origin] pgd_alloc for mm=ffff000494d08800 and mm->pgd =ffff000494d63000.
Oct 22 11:02:31 ubuntu kernel: [    7.965717] [mitosis-origin] pgd_free for mm=ffff000494d88800 and pgd =ffff0004deceb000 and mm->pgd=ffff0004deceb000.
Oct 22 11:02:31 ubuntu kernel: [    7.967611] [mitosis-origin] pgd_alloc for mm=ffff000494d88800 and mm->pgd =ffff0004decfe000.
Oct 22 11:02:31 ubuntu kernel: [    7.969222] [mitosis-origin] pgd_free for mm=ffff000494d08800 and pgd =ffff000494d63000 and mm->pgd=ffff000494d63000.
Oct 22 11:02:31 ubuntu kernel: [    7.972419] [mitosis-origin] pgd_alloc for mm=ffff000494c6e000 and mm->pgd =ffff000494cc7000.
Oct 22 11:02:31 ubuntu kernel: [    7.973742] [mitosis-origin] pgd_alloc for mm=ffff000494d0a800 and mm->pgd =ffff000494d6e000.
Oct 22 11:02:31 ubuntu kernel: [    7.974894] [mitosis-origin] pgd_free for mm=ffff000494c6e000 and pgd =ffff000494cc7000 and mm->pgd=ffff000494cc7000.
Oct 22 11:02:31 ubuntu kernel: [    7.976762] [mitosis-origin] pgd_alloc for mm=ffff000494d0c800 and mm->pgd =ffff000494de3000.
Oct 22 11:02:31 ubuntu kernel: [    7.977947] [mitosis-origin] pgd_free for mm=ffff000494d0b400 and pgd =ffff000494d51000 and mm->pgd=ffff000494d51000.
Oct 22 11:02:31 ubuntu kernel: [    7.981143] [mitosis-origin] pgd_alloc for mm=ffff000494e27000 and mm->pgd =ffff0004ded84000.
Oct 22 11:02:31 ubuntu kernel: [    7.983364] [mitosis-origin] pgd_free for mm=ffff000494d0c800 and pgd =ffff000494de3000 and mm->pgd=ffff000494de3000.
Oct 22 11:02:31 ubuntu kernel: [    7.987648] [mitosis-origin] pgd_free for mm=ffff000494d0f000 and pgd =ffff000494d2e000 and mm->pgd=ffff000494d2e000.
Oct 22 11:02:31 ubuntu kernel: [    7.990353] [mitosis-origin] pgd_alloc for mm=ffff000494d25000 and mm->pgd =ffff0004dec58000.
Oct 22 11:02:31 ubuntu kernel: [    7.992848] [mitosis-origin] pgd_alloc for mm=ffff000494d0cc00 and mm->pgd =ffff000494dee000.
Oct 22 11:02:31 ubuntu kernel: [    7.995193] [mitosis-origin] pgd_free for mm=ffff000494d25000 and pgd =ffff0004dec58000 and mm->pgd=ffff0004dec58000.
Oct 22 11:02:31 ubuntu kernel: [    7.998440] [mitosis-origin] pgd_alloc for mm=ffff000494d09800 and mm->pgd =ffff000494cbc000.
Oct 22 11:02:31 ubuntu kernel: [    8.000170] [mitosis-origin] pgd_alloc for mm=ffff000494d24000 and mm->pgd =ffff0004df5b3000.
Oct 22 11:02:31 ubuntu kernel: [    8.001757] [mitosis-origin] pgd_free for mm=ffff000494d09800 and pgd =ffff000494cbc000 and mm->pgd=ffff000494cbc000.
Oct 22 11:02:31 ubuntu kernel: [    8.004883] [mitosis-origin] pgd_free for mm=ffff000494d24000 and pgd =ffff0004df5b3000 and mm->pgd=ffff0004df5b3000.
Oct 22 11:02:31 ubuntu kernel: [    8.006793] [mitosis-origin] pgd_alloc for mm=ffff000494d24000 and mm->pgd =ffff0004df5b3000.
Oct 22 11:02:31 ubuntu kernel: [    8.008268] [mitosis-origin] pgd_free for mm=ffff000494d0cc00 and pgd =ffff000494dee000 and mm->pgd=ffff000494dee000.
Oct 22 11:02:31 ubuntu kernel: [    8.010090] [mitosis-origin] pgd_alloc for mm=ffff000494d0cc00 and mm->pgd =ffff000494dee000.
Oct 22 11:02:31 ubuntu kernel: [    8.011560] [mitosis-origin] pgd_free for mm=ffff000494d24000 and pgd =ffff0004df5b3000 and mm->pgd=ffff0004df5b3000.
Oct 22 11:02:31 ubuntu kernel: [    8.014177] [mitosis-origin] pgd_alloc for mm=ffff000494d0e800 and mm->pgd =ffff000494d3c000.
Oct 22 11:02:31 ubuntu kernel: [    8.015719] [mitosis-origin] pgd_alloc for mm=ffff000494e5a400 and mm->pgd =ffff0004954fc000.
Oct 22 11:02:31 ubuntu kernel: [    8.016699] [mitosis-origin] pgd_free for mm=ffff000494d0e800 and pgd =ffff000494d3c000 and mm->pgd=ffff000494d3c000.
Oct 22 11:02:31 ubuntu kernel: [    8.020791] [mitosis-origin] pgd_alloc for mm=ffff000494e5f400 and mm->pgd =ffff000494e66000.
Oct 22 11:02:31 ubuntu kernel: [    8.022471] [mitosis-origin] pgd_alloc for mm=ffff000494f11400 and mm->pgd =ffff0004df61f000.
Oct 22 11:02:31 ubuntu kernel: [    8.025013] [mitosis-origin] pgd_free for mm=ffff000494e5a400 and pgd =ffff0004954fc000 and mm->pgd=ffff0004954fc000.
Oct 22 11:02:31 ubuntu kernel: [    8.026479] [mitosis-origin] pgd_alloc for mm=ffff000494e5a400 and mm->pgd =ffff000494e8d000.
Oct 22 11:02:31 ubuntu kernel: [    8.027657] [mitosis-origin] pgd_free for mm=ffff000494f11400 and pgd =ffff0004df61f000 and mm->pgd=ffff0004df61f000.
Oct 22 11:02:31 ubuntu kernel: [    8.066097] [mitosis-origin] pgd_alloc for mm=ffff000494d0dc00 and mm->pgd =ffff0004dec70000.
Oct 22 11:02:31 ubuntu kernel: [    8.069788] [mitosis-origin] pgd_alloc for mm=ffff000494d0d400 and mm->pgd =ffff000494cbd000.
Oct 22 11:02:31 ubuntu kernel: [    8.071776] [mitosis-origin] pgd_alloc for mm=ffff000494f17c00 and mm->pgd =ffff0004df634000.
Oct 22 11:02:31 ubuntu kernel: [    8.072126] [mitosis-origin] pgd_free for mm=ffff000494e5a400 and pgd =ffff000494e8d000 and mm->pgd=ffff000494e8d000.
Oct 22 11:02:31 ubuntu kernel: [    8.072580] [mitosis-origin] pgd_alloc for mm=ffff000494d0f800 and mm->pgd =ffff000494e12000.
Oct 22 11:02:31 ubuntu kernel: [    8.073003] [mitosis-origin] pgd_alloc for mm=ffff000494d09000 and mm->pgd =ffff000494463000.
Oct 22 11:02:31 ubuntu kernel: [    8.073370] [mitosis-origin] pgd_alloc for mm=ffff000494d0e000 and mm->pgd =ffff000494474000.
Oct 22 11:02:31 ubuntu kernel: [    8.073775] [mitosis-origin] pgd_alloc for mm=ffff000494d0b000 and mm->pgd =ffff000494487000.
Oct 22 11:02:31 ubuntu kernel: [    8.074175] [mitosis-origin] pgd_alloc for mm=ffff000494d0c400 and mm->pgd =ffff0004944c7000.
Oct 22 11:02:31 ubuntu kernel: [    8.074611] [mitosis-origin] pgd_alloc for mm=ffff000494512800 and mm->pgd =ffff0004dee56000.
Oct 22 11:02:31 ubuntu kernel: [    8.074861] [mitosis-origin] pgd_free for mm=ffff000494f17c00 and pgd =ffff0004df634000 and mm->pgd=ffff0004df634000.
Oct 22 11:02:31 ubuntu kernel: [    8.082144] [mitosis-origin] pgd_alloc for mm=ffff000494d08400 and mm->pgd =ffff0004944d9000.
Oct 22 11:02:31 ubuntu kernel: [    8.121371] [mitosis-origin] pgd_alloc for mm=ffff000494d0d000 and mm->pgd =ffff0004944eb000.
Oct 22 11:02:31 ubuntu kernel: [    8.122371] [mitosis-origin] pgd_free for mm=ffff000494d08400 and pgd =ffff0004944d9000 and mm->pgd=ffff0004944d9000.
Oct 22 11:02:31 ubuntu kernel: [    8.122705] [mitosis-origin] pgd_alloc for mm=ffff000494d0c000 and mm->pgd =ffff0004944fc000.
Oct 22 11:02:31 ubuntu kernel: [    8.124560] [mitosis-origin] pgd_free for mm=ffff000494d0dc00 and pgd =ffff0004dec70000 and mm->pgd=ffff0004dec70000.
Oct 22 11:02:31 ubuntu kernel: [    8.124590] [mitosis-origin] pgd_alloc for mm=ffff000494d0bc00 and mm->pgd =ffff00049452a000.
Oct 22 11:02:31 ubuntu kernel: [    8.127002] [mitosis-origin] pgd_free for mm=ffff000494d0b000 and pgd =ffff000494487000 and mm->pgd=ffff000494487000.
Oct 22 11:02:31 ubuntu kernel: [    8.127008] [mitosis-origin] pgd_free for mm=ffff000494d09000 and pgd =ffff000494463000 and mm->pgd=ffff000494463000.
Oct 22 11:02:31 ubuntu kernel: [    8.127011] [mitosis-origin] pgd_alloc for mm=ffff000494d0e400 and mm->pgd =ffff000494545000.
Oct 22 11:02:31 ubuntu kernel: [    8.127118] [mitosis-origin] pgd_free for mm=ffff000494512800 and pgd =ffff0004dee56000 and mm->pgd=ffff0004dee56000.
Oct 22 11:02:31 ubuntu kernel: [    8.127219] [mitosis-origin] pgd_alloc for mm=ffff000494d0b800 and mm->pgd =ffff000494556000.
Oct 22 11:02:31 ubuntu kernel: [    8.127417] [mitosis-origin] pgd_alloc for mm=ffff000494d0a400 and mm->pgd =ffff000494fdb000.
Oct 22 11:02:31 ubuntu kernel: [    8.127555] [mitosis-origin] pgd_free for mm=ffff000494d0d400 and pgd =ffff000494cbd000 and mm->pgd=ffff000494cbd000.
Oct 22 11:02:31 ubuntu kernel: [    8.127601] [mitosis-origin] pgd_alloc for mm=ffff000494d0f400 and mm->pgd =ffff000494f29000.
Oct 22 11:02:31 ubuntu kernel: [    8.127809] [mitosis-origin] pgd_alloc for mm=ffff000494d09c00 and mm->pgd =ffff000494423000.
Oct 22 11:02:31 ubuntu kernel: [    8.128019] [mitosis-origin] pgd_alloc for mm=ffff000494d0a000 and mm->pgd =ffff0004945a3000.
Oct 22 11:02:31 ubuntu kernel: [    8.128237] [mitosis-origin] pgd_free for mm=ffff000494d0e000 and pgd =ffff000494474000 and mm->pgd=ffff000494474000.
Oct 22 11:02:31 ubuntu kernel: [    8.128595] [mitosis-origin] pgd_alloc for mm=ffff000494d09400 and mm->pgd =ffff000494611000.
Oct 22 11:02:31 ubuntu kernel: [    8.129316] [mitosis-origin] pgd_free for mm=ffff000494d0c400 and pgd =ffff0004944c7000 and mm->pgd=ffff0004944c7000.
Oct 22 11:02:31 ubuntu kernel: [    8.129513] [mitosis-origin] pgd_free for mm=ffff000494d0f800 and pgd =ffff000494e12000 and mm->pgd=ffff000494e12000.
Oct 22 11:02:31 ubuntu kernel: [    8.130133] [mitosis-origin] pgd_alloc for mm=ffff00049471f800 and mm->pgd =ffff0004df6ec000.
Oct 22 11:02:31 ubuntu kernel: [    8.132205] [mitosis-origin] pgd_alloc for mm=ffff000494d0fc00 and mm->pgd =ffff000494fc2000.
Oct 22 11:02:31 ubuntu kernel: [    8.133012] [mitosis-origin] pgd_alloc for mm=ffff000494730800 and mm->pgd =ffff0004deee6000.
Oct 22 11:02:31 ubuntu kernel: [    8.135032] [mitosis-origin] pgd_free for mm=ffff00049569b000 and pgd =ffff0004de6a7000 and mm->pgd=ffff0004de6a7000.
Oct 22 11:02:31 ubuntu kernel: [    8.135776] [mitosis-origin] pgd_free for mm=ffff00049471f800 and pgd =ffff0004df6ec000 and mm->pgd=ffff0004df6ec000.
Oct 22 11:02:31 ubuntu kernel: [    8.135876] [mitosis-origin] pgd_alloc for mm=ffff000494d0b000 and mm->pgd =ffff00049456c000.
Oct 22 11:02:31 ubuntu kernel: [    8.136497] [mitosis-origin] pgd_free for mm=ffff000495744800 and pgd =ffff000495302000 and mm->pgd=ffff000495302000.
Oct 22 11:02:31 ubuntu kernel: [    8.141777] scsi host0: Virtio SCSI HBA
Oct 22 11:02:31 ubuntu kernel: [    8.141849] [mitosis-origin] pgd_alloc for mm=ffff000494d0f800 and mm->pgd =ffff00049479a000.
Oct 22 11:02:31 ubuntu kernel: [    8.141973] [mitosis-origin] pgd_free for mm=ffff0004953dc800 and pgd =ffff00049530d000 and mm->pgd=ffff00049530d000.
Oct 22 11:02:31 ubuntu kernel: [    8.142320] [mitosis-origin] pgd_alloc for mm=ffff000494d0c400 and mm->pgd =ffff0004947ab000.
Oct 22 11:02:31 ubuntu kernel: [    8.142643] [mitosis-origin] pgd_alloc for mm=ffff000494d0e000 and mm->pgd =ffff0004947be000.
Oct 22 11:02:31 ubuntu kernel: [    8.143008] [mitosis-origin] pgd_alloc for mm=ffff000494d0d400 and mm->pgd =ffff000494651000.
Oct 22 11:02:31 ubuntu kernel: [    8.143304] [mitosis-origin] pgd_free for mm=ffff000494d88800 and pgd =ffff0004decfe000 and mm->pgd=ffff0004decfe000.
Oct 22 11:02:31 ubuntu kernel: [    8.144532] scsi 0:0:0:0: Direct-Access     QEMU     QEMU HARDDISK    2.5+ PQ: 0 ANSI: 5
Oct 22 11:02:31 ubuntu kernel: [    8.145053] scsi 0:0:0:1: CD-ROM            QEMU     QEMU CD-ROM      2.5+ PQ: 0 ANSI: 5
Oct 22 11:02:31 ubuntu kernel: [    8.145592] [mitosis-origin] pgd_alloc for mm=ffff000494719000 and mm->pgd =ffff00049448e000.
Oct 22 11:02:31 ubuntu kernel: [    8.147055] [mitosis-origin] pgd_alloc for mm=ffff000494d09000 and mm->pgd =ffff000494633000.
Oct 22 11:02:31 ubuntu kernel: [    8.150107] [mitosis-origin] pgd_free for mm=ffff000494d0a800 and pgd =ffff000494d6e000 and mm->pgd=ffff000494d6e000.
Oct 22 11:02:31 ubuntu kernel: [    8.150158] [mitosis-origin] pgd_free for mm=ffff000494719000 and pgd =ffff00049448e000 and mm->pgd=ffff00049448e000.
Oct 22 11:02:31 ubuntu kernel: [    8.151061] [mitosis-origin] pgd_alloc for mm=ffff000494d0dc00 and mm->pgd =ffff000493c25000.
Oct 22 11:02:31 ubuntu kernel: [    8.153606] [mitosis-origin] pgd_alloc for mm=ffff000493ecfc00 and mm->pgd =ffff0004df667000.
Oct 22 11:02:31 ubuntu kernel: [    8.155156] [mitosis-origin] pgd_alloc for mm=ffff000494d08400 and mm->pgd =ffff000493c38000.
Oct 22 11:02:31 ubuntu kernel: [    8.158165] [mitosis-origin] pgd_alloc for mm=ffff000494f12c00 and mm->pgd =ffff0004944e5000.
Oct 22 11:02:31 ubuntu kernel: [    8.159624] [mitosis-origin] pgd_alloc for mm=ffff000494d0e800 and mm->pgd =ffff000493861000.
Oct 22 11:02:31 ubuntu kernel: [    8.161351] [mitosis-origin] pgd_alloc for mm=ffff0004938bb000 and mm->pgd =ffff000495344000.
Oct 22 11:02:31 ubuntu kernel: [    8.162786] [mitosis-origin] pgd_alloc for mm=ffff000494d09800 and mm->pgd =ffff000493875000.
Oct 22 11:02:31 ubuntu kernel: [    8.165319] [mitosis-origin] pgd_alloc for mm=ffff00049534c000 and mm->pgd =ffff000495354000.
Oct 22 11:02:31 ubuntu kernel: [    8.166494] [mitosis-origin] pgd_alloc for mm=ffff000494d0f000 and mm->pgd =ffff000493887000.
Oct 22 11:02:31 ubuntu kernel: [    8.170256] [mitosis-origin] pgd_free for mm=ffff00049534d000 and pgd =ffff000495359000 and mm->pgd=ffff000495359000.
Oct 22 11:02:31 ubuntu kernel: [    8.171756] [mitosis-origin] pgd_alloc for mm=ffff000494d0c800 and mm->pgd =ffff000493b05000.
Oct 22 11:02:31 ubuntu kernel: [    8.175763] [mitosis-origin] pgd_free for mm=ffff000494e27000 and pgd =ffff0004ded84000 and mm->pgd=ffff0004ded84000.
Oct 22 11:02:31 ubuntu kernel: [    8.175839] [mitosis-origin] pgd_free for mm=ffff000493ecfc00 and pgd =ffff0004df667000 and mm->pgd=ffff0004df667000.
Oct 22 11:02:31 ubuntu kernel: [    8.176235] [mitosis-origin] pgd_free for mm=ffff000494f12c00 and pgd =ffff0004944e5000 and mm->pgd=ffff0004944e5000.
Oct 22 11:02:31 ubuntu kernel: [    8.176443] [mitosis-origin] pgd_alloc for mm=ffff000494d0b400 and mm->pgd =ffff000493b18000.
Oct 22 11:02:31 ubuntu kernel: [    8.176753] [mitosis-origin] pgd_alloc for mm=ffff000494d08800 and mm->pgd =ffff000493b2a000.
Oct 22 11:02:31 ubuntu kernel: [    8.177091] [mitosis-origin] pgd_alloc for mm=ffff000494d0d800 and mm->pgd =ffff000493b3c000.
Oct 22 11:02:31 ubuntu kernel: [    8.177422] [mitosis-origin] pgd_alloc for mm=ffff000494d08c00 and mm->pgd =ffff000493533000.
Oct 22 11:02:31 ubuntu kernel: [    8.177770] [mitosis-origin] pgd_alloc for mm=ffff000494d08000 and mm->pgd =ffff000493546000.
Oct 22 11:02:31 ubuntu kernel: [    8.178097] [mitosis-origin] pgd_alloc for mm=ffff000494d0ec00 and mm->pgd =ffff000493557000.
Oct 22 11:02:31 ubuntu kernel: [    8.178791] random: fast init done
Oct 22 11:02:31 ubuntu kernel: [    8.179714] [mitosis-origin] pgd_alloc for mm=ffff00049534d000 and mm->pgd =ffff000495724000.
Oct 22 11:02:31 ubuntu kernel: [    8.180533] sd 0:0:0:0: Attached scsi generic sg0 type 0
Oct 22 11:02:31 ubuntu kernel: [    8.180560] sd 0:0:0:0: Power-on or device reset occurred
Oct 22 11:02:31 ubuntu kernel: [    8.180648] [mitosis-origin] pgd_alloc for mm=ffff000494d0ac00 and mm->pgd =ffff0004935e4000.
Oct 22 11:02:31 ubuntu kernel: [    8.180961] [mitosis-origin] pgd_alloc for mm=ffff000494d0a800 and mm->pgd =ffff0004935f6000.
Oct 22 11:02:31 ubuntu kernel: [    8.181039] sd 0:0:0:0: [sda] 31457280 512-byte logical blocks: (16.1 GB/15.0 GiB)
Oct 22 11:02:31 ubuntu kernel: [    8.181135] sd 0:0:0:0: [sda] Write Protect is off
Oct 22 11:02:31 ubuntu kernel: [    8.181139] sd 0:0:0:0: [sda] Mode Sense: 63 00 00 08
Oct 22 11:02:31 ubuntu kernel: [    8.181271] sd 0:0:0:0: [sda] Write cache: enabled, read cache: enabled, doesn't support DPO or FUA
Oct 22 11:02:31 ubuntu kernel: [    8.181274] [mitosis-origin] pgd_alloc for mm=ffff000493631000 and mm->pgd =ffff000493608000.
Oct 22 11:02:31 ubuntu kernel: [    8.181582] [mitosis-origin] pgd_alloc for mm=ffff000493636000 and mm->pgd =ffff000493679000.
Oct 22 11:02:31 ubuntu kernel: [    8.181749] [mitosis-origin] pgd_free for mm=ffff00049534c000 and pgd =ffff000495354000 and mm->pgd=ffff000495354000.
Oct 22 11:02:31 ubuntu kernel: [    8.181890] [mitosis-origin] pgd_alloc for mm=ffff000493633000 and mm->pgd =ffff000493695000.
Oct 22 11:02:31 ubuntu kernel: [    8.182190] [mitosis-origin] pgd_alloc for mm=ffff000493634400 and mm->pgd =ffff0004936a7000.
Oct 22 11:02:31 ubuntu kernel: [    8.182490] [mitosis-origin] pgd_alloc for mm=ffff000493630400 and mm->pgd =ffff0004936ba000.
Oct 22 11:02:31 ubuntu kernel: [    8.182805] [mitosis-origin] pgd_alloc for mm=ffff000493635000 and mm->pgd =ffff0004936d7000.
Oct 22 11:02:31 ubuntu kernel: [    8.182984] sr 0:0:0:1: Power-on or device reset occurred
Oct 22 11:02:31 ubuntu kernel: [    8.183198] sr 0:0:0:1: [sr0] scsi3-mmc drive: 16x/50x cd/rw xa/form2 cdda tray
Oct 22 11:02:31 ubuntu kernel: [    8.183216] cdrom: Uniform CD-ROM driver Revision: 3.20
Oct 22 11:02:31 ubuntu kernel: [    8.184765] [mitosis-origin] pgd_alloc for mm=ffff0004958cbc00 and mm->pgd =ffff0004df2e2000.
Oct 22 11:02:31 ubuntu kernel: [    8.185676] [mitosis-origin] pgd_alloc for mm=ffff000493634000 and mm->pgd =ffff0004936e8000.
Oct 22 11:02:31 ubuntu kernel: [    8.188053] [mitosis-origin] pgd_free for mm=ffff0004958cbc00 and pgd =ffff0004df2e2000 and mm->pgd=ffff0004df2e2000.
Oct 22 11:02:31 ubuntu kernel: [    8.188317] [mitosis-origin] pgd_free for mm=ffff000495141c00 and pgd =ffff0004df2c4000 and mm->pgd=ffff0004df2c4000.
Oct 22 11:02:31 ubuntu kernel: [    8.188540] [mitosis-origin] pgd_free for mm=ffff0004950b8c00 and pgd =ffff0004952ee000 and mm->pgd=ffff0004952ee000.
Oct 22 11:02:31 ubuntu kernel: [    8.188564] [mitosis-origin] pgd_free for mm=ffff000495337000 and pgd =ffff0004959c8000 and mm->pgd=ffff0004959c8000.
Oct 22 11:02:31 ubuntu kernel: [    8.188584] [mitosis-origin] pgd_free for mm=ffff000495699000 and pgd =ffff000495695000 and mm->pgd=ffff000495695000.
