Dec  2 21:43:48 ubuntu systemd-modules-load[833]: Inserted module 'iscsi_tcp'
Dec  2 21:43:48 ubuntu kernel: [    0.000000] Booting Linux on physical CPU 0x0000000000 [0x481fd010]
Dec  2 21:43:48 ubuntu lvm[831]:   2 logical volume(s) in volume group "ubuntu-vg" monitored
Dec  2 21:43:48 ubuntu kernel: [    0.000000] Linux version 5.7.1 (root@ubuntu) (gcc version 7.5.0 (Ubuntu/Linaro 7.5.0-3ubuntu1~18.04), GNU ld (GNU Binutils for Ubuntu) 2.30) #1 SMP Thu Nov 26 00:24:47 CST 2020
Dec  2 21:43:48 ubuntu systemd-modules-load[833]: Inserted module 'ib_iser'
Dec  2 21:43:48 ubuntu kernel: [    0.000000] efi: EFI v2.70 by EDK II
Dec  2 21:43:48 ubuntu kernel: [    0.000000] efi:  SMBIOS 3.0=0x53f710000  ACPI 2.0=0x53c020000  MEMATTR=0x53cc7ca98  MEMRESERVE=0x53becd018 
Dec  2 21:43:48 ubuntu systemd[1]: Starting Flush Journal to Persistent Storage...
Dec  2 21:43:48 ubuntu kernel: [    0.000000] cma: Reserved 32 MiB at 0x00000000fe000000
Dec  2 21:43:48 ubuntu kernel: [    0.000000] ACPI: Early table checksum verification disabled
Dec  2 21:43:48 ubuntu systemd[1]: Started Load Kernel Modules.
Dec  2 21:43:48 ubuntu kernel: [    0.000000] ACPI: RSDP 0x000000053C020000 000024 (v02 BOCHS )
Dec  2 21:43:48 ubuntu kernel: [    0.000000] ACPI: XSDT 0x000000053BED0000 000054 (v01 BOCHS  BXPCFACP 00000001      01000013)
Dec  2 21:43:48 ubuntu kernel: [    0.000000] ACPI: FACP 0x000000053BE90000 00010C (v05 BOCHS  BXPCFACP 00000001 BXPC 00000001)
Dec  2 21:43:48 ubuntu kernel: [    0.000000] ACPI: DSDT 0x000000053BEA0000 001523 (v02 BOCHS  BXPCDSDT 00000001 BXPC 00000001)
Dec  2 21:43:48 ubuntu systemd[1]: Mounting Kernel Configuration File System...
Dec  2 21:43:48 ubuntu kernel: [    0.000000] ACPI: APIC 0x000000053BE80000 0009E8 (v03 BOCHS  BXPCAPIC 00000001 BXPC 00000001)
Dec  2 21:43:48 ubuntu kernel: [    0.000000] ACPI: GTDT 0x000000053BE70000 000060 (v02 BOCHS  BXPCGTDT 00000001 BXPC 00000001)
Dec  2 21:43:48 ubuntu kernel: [    0.000000] ACPI: MCFG 0x000000053BE60000 00003C (v01 BOCHS  BXPCMCFG 00000001 BXPC 00000001)
Dec  2 21:43:48 ubuntu systemd[1]: Starting Apply Kernel Variables...
Dec  2 21:43:48 ubuntu kernel: [    0.000000] ACPI: SPCR 0x000000053BE50000 000050 (v02 BOCHS  BXPCSPCR 00000001 BXPC 00000001)
Dec  2 21:43:48 ubuntu kernel: [    0.000000] ACPI: IORT 0x000000053BE40000 00007C (v00 BOCHS  BXPCIORT 00000001 BXPC 00000001)
Dec  2 21:43:48 ubuntu kernel: [    0.000000] ACPI: SPCR: console: pl011,mmio,0x9000000,9600
Dec  2 21:43:48 ubuntu kernel: [    0.000000] ACPI: NUMA: Failed to initialise from firmware
Dec  2 21:43:48 ubuntu systemd[1]: Mounting FUSE Control File System...
Dec  2 21:43:48 ubuntu kernel: [    0.000000] NUMA: Faking a node at [mem 0x0000000040000000-0x000000053fffffff]
Dec  2 21:43:48 ubuntu kernel: [    0.000000] NUMA: NODE_DATA [mem 0x53d409300-0x53d40cfff]
Dec  2 21:43:48 ubuntu kernel: [    0.000000] Zone ranges:
Dec  2 21:43:48 ubuntu systemd[1]: Started udev Kernel Device Manager.
Dec  2 21:43:48 ubuntu kernel: [    0.000000]   DMA      [mem 0x0000000040000000-0x000000007fffffff]
Dec  2 21:43:48 ubuntu kernel: [    0.000000]   DMA32    [mem 0x0000000080000000-0x00000000ffffffff]
Dec  2 21:43:48 ubuntu kernel: [    0.000000]   Normal   [mem 0x0000000100000000-0x000000053fffffff]
Dec  2 21:43:48 ubuntu kernel: [    0.000000] Movable zone start for each node
Dec  2 21:43:48 ubuntu systemd[1]: Mounted Kernel Configuration File System.
Dec  2 21:43:48 ubuntu kernel: [    0.000000] Early memory node ranges
Dec  2 21:43:48 ubuntu kernel: [    0.000000]   node   0: [mem 0x0000000040000000-0x000000053bedffff]
Dec  2 21:43:48 ubuntu systemd[1]: Mounted FUSE Control File System.
Dec  2 21:43:48 ubuntu kernel: [    0.000000]   node   0: [mem 0x000000053bee0000-0x000000053bffffff]
Dec  2 21:43:48 ubuntu kernel: [    0.000000]   node   0: [mem 0x000000053c000000-0x000000053c02ffff]
Dec  2 21:43:48 ubuntu kernel: [    0.000000]   node   0: [mem 0x000000053c030000-0x000000053c0affff]
Dec  2 21:43:48 ubuntu kernel: [    0.000000]   node   0: [mem 0x000000053c0b0000-0x000000053f57ffff]
Dec  2 21:43:48 ubuntu kernel: [    0.000000]   node   0: [mem 0x000000053f580000-0x000000053f95ffff]
Dec  2 21:43:48 ubuntu systemd[1]: Started Set the console keyboard layout.
Dec  2 21:43:48 ubuntu kernel: [    0.000000]   node   0: [mem 0x000000053f960000-0x000000053fffffff]
Dec  2 21:43:48 ubuntu kernel: [    0.000000] Zeroed struct page in unavailable ranges: 544 pages
Dec  2 21:43:48 ubuntu kernel: [    0.000000] Initmem setup node 0 [mem 0x0000000040000000-0x000000053fffffff]
Dec  2 21:43:48 ubuntu kernel: [    0.000000] On node 0 totalpages: 5242880
Dec  2 21:43:48 ubuntu systemd[1]: Started Apply Kernel Variables.
Dec  2 21:43:48 ubuntu kernel: [    0.000000]   DMA zone: 5120 pages used for memmap
Dec  2 21:43:48 ubuntu kernel: [    0.000000]   DMA zone: 0 pages reserved
Dec  2 21:43:48 ubuntu systemd[1]: Reached target Local File Systems (Pre).
Dec  2 21:43:48 ubuntu kernel: [    0.000000]   DMA zone: 262144 pages, LIFO batch:63
Dec  2 21:43:48 ubuntu kernel: [    0.000000]   DMA32 zone: 10240 pages used for memmap
Dec  2 21:43:48 ubuntu kernel: [    0.000000]   DMA32 zone: 524288 pages, LIFO batch:63
Dec  2 21:43:48 ubuntu kernel: [    0.000000]   Normal zone: 87040 pages used for memmap
Dec  2 21:43:48 ubuntu kernel: [    0.000000]   Normal zone: 4456448 pages, LIFO batch:63
Dec  2 21:43:48 ubuntu kernel: [    0.000000] psci: probing for conduit method from ACPI.
Dec  2 21:43:48 ubuntu systemd[1]: Started Flush Journal to Persistent Storage.
Dec  2 21:43:48 ubuntu kernel: [    0.000000] psci: PSCIv1.0 detected in firmware.
Dec  2 21:43:48 ubuntu kernel: [    0.000000] psci: Using standard PSCI v0.2 function IDs
Dec  2 21:43:48 ubuntu kernel: [    0.000000] psci: Trusted OS migration not required
Dec  2 21:43:48 ubuntu kernel: [    0.000000] psci: SMC Calling Convention v1.1
Dec  2 21:43:48 ubuntu systemd[1]: Started udev Coldplug all Devices.
Dec  2 21:43:48 ubuntu kernel: [    0.000000] ACPI: SRAT not present
Dec  2 21:43:48 ubuntu kernel: [    0.000000] percpu: Embedded 33 pages/cpu s94616 r8192 d32360 u135168
Dec  2 21:43:48 ubuntu kernel: [    0.000000] pcpu-alloc: s94616 r8192 d32360 u135168 alloc=33*4096
Dec  2 21:43:48 ubuntu systemd[1]: Started Dispatch Password Requests to Console Directory Watch.
Dec  2 21:43:48 ubuntu kernel: [    0.000000] pcpu-alloc: [0] 00 [0] 01 [0] 02 [0] 03 [0] 04 [0] 05 [0] 06 [0] 07 
Dec  2 21:43:48 ubuntu kernel: [    0.000000] pcpu-alloc: [0] 08 [0] 09 [0] 10 [0] 11 [0] 12 [0] 13 [0] 14 [0] 15 
Dec  2 21:43:48 ubuntu kernel: [    0.000000] pcpu-alloc: [0] 16 [0] 17 [0] 18 [0] 19 [0] 20 [0] 21 [0] 22 [0] 23 
Dec  2 21:43:48 ubuntu kernel: [    0.000000] pcpu-alloc: [0] 24 [0] 25 [0] 26 [0] 27 [0] 28 [0] 29 [0] 30 [0] 31 
Dec  2 21:43:48 ubuntu kernel: [    0.000000] Detected VIPT I-cache on CPU0
Dec  2 21:43:48 ubuntu kernel: [    0.000000] CPU features: detected: GIC system register CPU interface
Dec  2 21:43:48 ubuntu systemd[1]: Reached target Local Encrypted Volumes.
Dec  2 21:43:48 ubuntu kernel: [    0.000000] CPU features: detected: Hardware dirty bit management
Dec  2 21:43:48 ubuntu kernel: [    0.000000] Built 1 zonelists, mobility grouping on.  Total pages: 5140480
Dec  2 21:43:48 ubuntu kernel: [    0.000000] Policy zone: Normal
Dec  2 21:43:48 ubuntu kernel: [    0.000000] Kernel command line: BOOT_IMAGE=/boot/vmlinuz-5.7.1 root=/dev/mapper/ubuntu--vg-root ro
Dec  2 21:43:48 ubuntu kernel: [    0.000000] Dentry cache hash table entries: 4194304 (order: 13, 33554432 bytes, linear)
Dec  2 21:43:48 ubuntu kernel: [    0.000000] Inode-cache hash table entries: 2097152 (order: 12, 16777216 bytes, linear)
Dec  2 21:43:48 ubuntu systemd[1]: Found device /dev/ttyAMA0.
Dec  2 21:43:48 ubuntu kernel: [    0.000000] mem auto-init: stack:off, heap alloc:on, heap free:off
Dec  2 21:43:48 ubuntu kernel: [    0.000000] software IO TLB: mapped [mem 0x7bfff000-0x7ffff000] (64MB)
Dec  2 21:43:48 ubuntu kernel: [    0.000000] Memory: 20269608K/20971520K available (14204K kernel code, 2354K rwdata, 6868K rodata, 7040K init, 1132K bss, 669144K reserved, 32768K cma-reserved)
Dec  2 21:43:48 ubuntu systemd-udevd[1007]: link_config: autonegotiation is unset or enabled, the speed and duplex are not writable.
Dec  2 21:43:48 ubuntu kernel: [    0.000000] random: get_random_u64 called from __kmem_cache_create+0x54/0x5d8 with crng_init=0
Dec  2 21:43:48 ubuntu kernel: [    0.000000] SLUB: HWalign=64, Order=0-3, MinObjects=0, CPUs=32, Nodes=1
Dec  2 21:43:48 ubuntu kernel: [    0.000000] ftrace: allocating 46107 entries in 181 pages
Dec  2 21:43:48 ubuntu systemd-udevd[945]: link_config: autonegotiation is unset or enabled, the speed and duplex are not writable.
Dec  2 21:43:48 ubuntu kernel: [    0.000000] ftrace: allocated 181 pages with 5 groups
Dec  2 21:43:48 ubuntu kernel: [    0.000000] rcu: Hierarchical RCU implementation.
Dec  2 21:43:48 ubuntu systemd[1]: Listening on Load/Save RF Kill Switch Status /dev/rfkill Watch.
Dec  2 21:43:48 ubuntu kernel: [    0.000000] rcu: 	RCU restricting CPUs from NR_CPUS=256 to nr_cpu_ids=32.
Dec  2 21:43:48 ubuntu kernel: [    0.000000] 	Tasks RCU enabled.
Dec  2 21:43:48 ubuntu kernel: [    0.000000] rcu: RCU calculated value of scheduler-enlistment delay is 25 jiffies.
Dec  2 21:43:48 ubuntu systemd[1]: Found device /dev/mapper/ubuntu--vg-swap_1.
Dec  2 21:43:48 ubuntu kernel: [    0.000000] rcu: Adjusting geometry for rcu_fanout_leaf=16, nr_cpu_ids=32
Dec  2 21:43:48 ubuntu kernel: [    0.000000] NR_IRQS: 64, nr_irqs: 64, preallocated irqs: 0
Dec  2 21:43:48 ubuntu kernel: [    0.000000] GICv3: 256 SPIs implemented
Dec  2 21:43:48 ubuntu kernel: [    0.000000] GICv3: 0 Extended SPIs implemented
Dec  2 21:43:48 ubuntu systemd[1]: Activating swap /dev/mapper/ubuntu--vg-swap_1...
Dec  2 21:43:48 ubuntu kernel: [    0.000000] GICv3: Distributor has no Range Selector support
Dec  2 21:43:48 ubuntu kernel: [    0.000000] GICv3: 16 PPIs implemented
Dec  2 21:43:48 ubuntu kernel: [    0.000000] GICv3: CPU0: found redistributor 0 region 0:0x00000000080a0000
Dec  2 21:43:48 ubuntu kernel: [    0.000000] ACPI: SRAT not present
Dec  2 21:43:48 ubuntu kernel: [    0.000000] ITS [mem 0x08080000-0x0809ffff]
Dec  2 21:43:48 ubuntu kernel: [    0.000000] ITS@0x0000000008080000: allocated 8192 Devices @53ca00000 (indirect, esz 8, psz 64K, shr 1)
Dec  2 21:43:48 ubuntu kernel: [    0.000000] ITS@0x0000000008080000: allocated 8192 Interrupt Collections @53ca10000 (flat, esz 8, psz 64K, shr 1)
Dec  2 21:43:48 ubuntu kernel: [    0.000000] GICv3: using LPI property table @0x000000053ca20000
Dec  2 21:43:48 ubuntu kernel: [    0.000000] GICv3: CPU0: using allocated LPI pending table @0x000000053ca30000
Dec  2 21:43:48 ubuntu kernel: [    0.000000] arch_timer: cp15 timer(s) running at 100.00MHz (virt).
Dec  2 21:43:48 ubuntu kernel: [    0.000000] clocksource: arch_sys_counter: mask: 0xffffffffffffff max_cycles: 0x171024e7e0, max_idle_ns: 440795205315 ns
Dec  2 21:43:48 ubuntu kernel: [    0.000001] sched_clock: 56 bits at 100MHz, resolution 10ns, wraps every 4398046511100ns
Dec  2 21:43:48 ubuntu kernel: [    0.000058] Console: colour dummy device 80x25
Dec  2 21:43:48 ubuntu kernel: [    0.000085] ACPI: Core revision 20200326
Dec  2 21:43:48 ubuntu systemd[1]: Found device QEMU_HARDDISK 1.
Dec  2 21:43:48 ubuntu kernel: [    0.000133] Calibrating delay loop (skipped), value calculated using timer frequency.. 200.00 BogoMIPS (lpj=400000)
Dec  2 21:43:48 ubuntu kernel: [    0.000136] pid_max: default: 32768 minimum: 301
Dec  2 21:43:48 ubuntu kernel: [    0.000171] LSM: Security Framework initializing
Dec  2 21:43:48 ubuntu kernel: [    0.000176] Yama: becoming mindful.
Dec  2 21:43:48 ubuntu systemd[1]: Activated swap /dev/mapper/ubuntu--vg-swap_1.
Dec  2 21:43:48 ubuntu kernel: [    0.000201] AppArmor: AppArmor initialized
Dec  2 21:43:48 ubuntu systemd[1]: Reached target Swap.
Dec  2 21:43:48 ubuntu kernel: [    0.000256] Mount-cache hash table entries: 65536 (order: 7, 524288 bytes, linear)
Dec  2 21:43:48 ubuntu kernel: [    0.000277] Mountpoint-cache hash table entries: 65536 (order: 7, 524288 bytes, linear)
Dec  2 21:43:48 ubuntu kernel: [    0.000615] ACPI PPTT: No PPTT table found, CPU and cache topology may be inaccurate
Dec  2 21:43:48 ubuntu kernel: [    0.000768] rcu: Hierarchical SRCU implementation.
Dec  2 21:43:48 ubuntu kernel: [    0.001203] Platform MSI: ITS@0x8080000 domain created
Dec  2 21:43:48 ubuntu systemd[1]: Starting File System Check on /dev/disk/by-uuid/5EA9-3D4C...
Dec  2 21:43:48 ubuntu kernel: [    0.001208] PCI/MSI: ITS@0x8080000 domain created
Dec  2 21:43:48 ubuntu kernel: [    0.001216] Remapping and enabling EFI services.
Dec  2 21:43:48 ubuntu systemd[1]: Created slice system-lvm2\x2dpvscan.slice.
Dec  2 21:43:48 ubuntu kernel: [    0.002712] smp: Bringing up secondary CPUs ...
Dec  2 21:43:48 ubuntu kernel: [    0.092807] Detected VIPT I-cache on CPU1
Dec  2 21:43:48 ubuntu kernel: [    0.092824] GICv3: CPU1: found redistributor 1 region 0:0x00000000080c0000
Dec  2 21:43:48 ubuntu systemd[1]: Starting LVM2 PV scan on device 8:2...
Dec  2 21:43:48 ubuntu kernel: [    0.093075] GICv3: CPU1: using allocated LPI pending table @0x000000053ca40000
Dec  2 21:43:48 ubuntu systemd[1]: Started File System Check Daemon to report status.
Dec  2 21:43:48 ubuntu systemd-fsck[1108]: fsck.fat 4.1 (2017-01-24)
Dec  2 21:43:48 ubuntu kernel: [    0.093101] CPU1: Booted secondary processor 0x0000000001 [0x481fd010]
Dec  2 21:43:48 ubuntu systemd-fsck[1108]: /dev/sda1: 5 files, 41/65501 clusters
Dec  2 21:43:48 ubuntu kernel: [    0.328177] Detected VIPT I-cache on CPU2
Dec  2 21:43:48 ubuntu kernel: [    0.328203] GICv3: CPU2: found redistributor 2 region 0:0x00000000080e0000
Dec  2 21:43:48 ubuntu systemd[1]: Started File System Check on /dev/disk/by-uuid/5EA9-3D4C.
Dec  2 21:43:48 ubuntu systemd[1]: Mounting /boot/efi...
Dec  2 21:43:48 ubuntu lvm[1109]:   2 logical volume(s) in volume group "ubuntu-vg" now active
Dec  2 21:43:48 ubuntu systemd[1]: Started LVM2 PV scan on device 8:2.
Dec  2 21:43:48 ubuntu systemd[1]: Mounted /boot/efi.
Dec  2 21:43:48 ubuntu systemd[1]: Reached target Local File Systems.
Dec  2 21:43:48 ubuntu systemd[1]: Starting Create Volatile Files and Directories...
Dec  2 21:43:48 ubuntu systemd[1]: Starting Set console font and keymap...
Dec  2 21:43:48 ubuntu systemd[1]: Starting AppArmor initialization...
Dec  2 21:43:48 ubuntu systemd[1]: Starting ebtables ruleset management...
Dec  2 21:43:48 ubuntu systemd[1]: Starting Tell Plymouth To Write Out Runtime Data...
Dec  2 21:43:48 ubuntu systemd[1]: Started Set console font and keymap.
Dec  2 21:43:48 ubuntu kernel: [    0.328469] GICv3: CPU2: using allocated LPI pending table @0x000000053ca50000
Dec  2 21:43:48 ubuntu kernel: [    0.328511] CPU2: Booted secondary processor 0x0000000002 [0x481fd010]
Dec  2 21:43:48 ubuntu kernel: [    0.564858] Detected VIPT I-cache on CPU3
Dec  2 21:43:48 ubuntu systemd[1]: Started Create Volatile Files and Directories.
Dec  2 21:43:48 ubuntu kernel: [    0.564898] GICv3: CPU3: found redistributor 3 region 0:0x0000000008100000
Dec  2 21:43:48 ubuntu kernel: [    0.565154] GICv3: CPU3: using allocated LPI pending table @0x000000053ca60000
Dec  2 21:43:48 ubuntu systemd[1]: Starting Update UTMP about System Boot/Shutdown...
Dec  2 21:43:48 ubuntu kernel: [    0.565181] CPU3: Booted secondary processor 0x0000000003 [0x481fd010]
Dec  2 21:43:48 ubuntu kernel: [    0.656394] Detected VIPT I-cache on CPU4
Dec  2 21:43:48 ubuntu kernel: [    0.656415] GICv3: CPU4: found redistributor 4 region 0:0x0000000008120000
Dec  2 21:43:48 ubuntu systemd[1]: Starting Network Time Synchronization...
Dec  2 21:43:48 ubuntu kernel: [    0.656654] GICv3: CPU4: using allocated LPI pending table @0x000000053ca70000
Dec  2 21:43:48 ubuntu kernel: [    0.656679] CPU4: Booted secondary processor 0x0000000004 [0x481fd010]
Dec  2 21:43:48 ubuntu systemd[1]: Started Tell Plymouth To Write Out Runtime Data.
Dec  2 21:43:48 ubuntu kernel: [    0.747679] Detected VIPT I-cache on CPU5
Dec  2 21:43:48 ubuntu kernel: [    0.747700] GICv3: CPU5: found redistributor 5 region 0:0x0000000008140000
Dec  2 21:43:48 ubuntu kernel: [    0.747939] GICv3: CPU5: using allocated LPI pending table @0x000000053ca80000
Dec  2 21:43:48 ubuntu kernel: [    0.747964] CPU5: Booted secondary processor 0x0000000005 [0x481fd010]
Dec  2 21:43:48 ubuntu systemd[1]: Started Update UTMP about System Boot/Shutdown.
Dec  2 21:43:48 ubuntu kernel: [    0.838782] Detected VIPT I-cache on CPU6
Dec  2 21:43:48 ubuntu kernel: [    0.838805] GICv3: CPU6: found redistributor 6 region 0:0x0000000008160000
Dec  2 21:43:48 ubuntu kernel: [    0.839055] GICv3: CPU6: using allocated LPI pending table @0x000000053ca90000
Dec  2 21:43:48 ubuntu systemd[1]: Started ebtables ruleset management.
Dec  2 21:43:48 ubuntu kernel: [    0.839080] CPU6: Booted secondary processor 0x0000000006 [0x481fd010]
Dec  2 21:43:48 ubuntu apparmor[1118]:  * Starting AppArmor profiles
Dec  2 21:43:48 ubuntu kernel: [    0.930447] Detected VIPT I-cache on CPU7
Dec  2 21:43:48 ubuntu kernel: [    0.930470] GICv3: CPU7: found redistributor 7 region 0:0x0000000008180000
Dec  2 21:43:48 ubuntu kernel: [    0.930711] GICv3: CPU7: using allocated LPI pending table @0x000000053caa0000
Dec  2 21:43:48 ubuntu kernel: [    0.930734] CPU7: Booted secondary processor 0x0000000007 [0x481fd010]
Dec  2 21:43:48 ubuntu systemd[1]: Reached target Network (Pre).
Dec  2 21:43:48 ubuntu kernel: [    1.022071] Detected VIPT I-cache on CPU8
Dec  2 21:43:48 ubuntu kernel: [    1.022125] GICv3: CPU8: found redistributor 8 region 0:0x00000000081a0000
Dec  2 21:43:48 ubuntu systemd[1]: Starting Network Service...
Dec  2 21:43:48 ubuntu kernel: [    1.023220] GICv3: CPU8: using allocated LPI pending table @0x000000053cab0000
Dec  2 21:43:48 ubuntu kernel: [    1.023284] CPU8: Booted secondary processor 0x0000000008 [0x481fd010]
Dec  2 21:43:48 ubuntu kernel: [    1.262617] Detected VIPT I-cache on CPU9
Dec  2 21:43:48 ubuntu kernel: [    1.262675] GICv3: CPU9: found redistributor 9 region 0:0x00000000081c0000
Dec  2 21:43:48 ubuntu systemd[1]: Started Network Time Synchronization.
Dec  2 21:43:48 ubuntu kernel: [    1.263055] GICv3: CPU9: using allocated LPI pending table @0x000000053cac0000
Dec  2 21:43:48 ubuntu kernel: [    1.263112] CPU9: Booted secondary processor 0x0000000009 [0x481fd010]
Dec  2 21:43:48 ubuntu kernel: [    1.360855] Detected VIPT I-cache on CPU10
Dec  2 21:43:48 ubuntu systemd[1]: Reached target System Time Synchronized.
Dec  2 21:43:48 ubuntu kernel: [    1.360881] GICv3: CPU10: found redistributor a region 0:0x00000000081e0000
Dec  2 21:43:48 ubuntu kernel: [    1.361080] GICv3: CPU10: using allocated LPI pending table @0x000000053cad0000
Dec  2 21:43:48 ubuntu kernel: [    1.361102] CPU10: Booted secondary processor 0x000000000a [0x481fd010]
Dec  2 21:43:48 ubuntu kernel: [    1.452933] Detected VIPT I-cache on CPU11
Dec  2 21:43:48 ubuntu kernel: [    1.452961] GICv3: CPU11: found redistributor b region 0:0x0000000008200000
Dec  2 21:43:48 ubuntu systemd-networkd[1138]: Enumeration completed
Dec  2 21:43:48 ubuntu kernel: [    1.453167] GICv3: CPU11: using allocated LPI pending table @0x000000053cae0000
Dec  2 21:43:48 ubuntu kernel: [    1.453189] CPU11: Booted secondary processor 0x000000000b [0x481fd010]
Dec  2 21:43:48 ubuntu kernel: [    1.545147] Detected VIPT I-cache on CPU12
Dec  2 21:43:48 ubuntu systemd[1]: Started Network Service.
Dec  2 21:43:48 ubuntu kernel: [    1.545214] GICv3: CPU12: found redistributor c region 0:0x0000000008220000
Dec  2 21:43:48 ubuntu kernel: [    1.545521] GICv3: CPU12: using allocated LPI pending table @0x000000053caf0000
Dec  2 21:43:48 ubuntu kernel: [    1.545581] CPU12: Booted secondary processor 0x000000000c [0x481fd010]
Dec  2 21:43:48 ubuntu kernel: [    1.644372] Detected VIPT I-cache on CPU13
Dec  2 21:43:48 ubuntu systemd-networkd[1138]: lo: Link is not managed by us
Dec  2 21:43:48 ubuntu kernel: [    1.644406] GICv3: CPU13: found redistributor d region 0:0x0000000008240000
Dec  2 21:43:48 ubuntu kernel: [    1.644653] GICv3: CPU13: using allocated LPI pending table @0x000000053cb00000
Dec  2 21:43:48 ubuntu kernel: [    1.644682] CPU13: Booted secondary processor 0x000000000d [0x481fd010]
Dec  2 21:43:48 ubuntu kernel: [    1.736795] Detected VIPT I-cache on CPU14
Dec  2 21:43:48 ubuntu kernel: [    1.736852] GICv3: CPU14: found redistributor e region 0:0x0000000008260000
Dec  2 21:43:48 ubuntu systemd[1]: Starting Network Name Resolution...
Dec  2 21:43:48 ubuntu kernel: [    1.737046] GICv3: CPU14: using allocated LPI pending table @0x000000053cb10000
Dec  2 21:43:48 ubuntu kernel: [    1.737071] CPU14: Booted secondary processor 0x000000000e [0x481fd010]
Dec  2 21:43:48 ubuntu kernel: [    1.829213] Detected VIPT I-cache on CPU15
Dec  2 21:43:48 ubuntu systemd[1]: Starting Wait for Network to be Configured...
Dec  2 21:43:48 ubuntu kernel: [    1.829257] GICv3: CPU15: found redistributor f region 0:0x0000000008280000
Dec  2 21:43:48 ubuntu kernel: [    1.829396] GICv3: CPU15: using allocated LPI pending table @0x000000053cb20000
Dec  2 21:43:48 ubuntu kernel: [    1.829426] CPU15: Booted secondary processor 0x000000000f [0x481fd010]
Dec  2 21:43:48 ubuntu kernel: [    1.921960] Detected VIPT I-cache on CPU16
Dec  2 21:43:48 ubuntu systemd-networkd-wait-online[1172]: ignoring: lo
Dec  2 21:43:48 ubuntu kernel: [    1.921999] GICv3: CPU16: found redistributor 100 region 0:0x00000000082a0000
Dec  2 21:43:48 ubuntu kernel: [    1.922225] GICv3: CPU16: using allocated LPI pending table @0x000000053cb30000
Dec  2 21:43:48 ubuntu kernel: [    1.922255] CPU16: Booted secondary processor 0x0000000100 [0x481fd010]
Dec  2 21:43:48 ubuntu kernel: [    2.016027] Detected VIPT I-cache on CPU17
Dec  2 21:43:48 ubuntu kernel: [    2.016069] GICv3: CPU17: found redistributor 101 region 0:0x00000000082c0000
Dec  2 21:43:48 ubuntu apparmor[1118]: Skipping profile in /etc/apparmor.d/disable: usr.sbin.rsyslogd
Dec  2 21:43:48 ubuntu kernel: [    2.016253] GICv3: CPU17: using allocated LPI pending table @0x000000053cb40000
Dec  2 21:43:48 ubuntu kernel: [    2.016284] CPU17: Booted secondary processor 0x0000000101 [0x481fd010]
Dec  2 21:43:48 ubuntu kernel: [    2.108883] Detected VIPT I-cache on CPU18
Dec  2 21:43:48 ubuntu systemd-networkd[1138]: enp1s0: Gained carrier
Dec  2 21:43:48 ubuntu kernel: [    2.108926] GICv3: CPU18: found redistributor 102 region 0:0x00000000082e0000
Dec  2 21:43:48 ubuntu kernel: [    2.109131] GICv3: CPU18: using allocated LPI pending table @0x000000053cb50000
Dec  2 21:43:48 ubuntu systemd-networkd-wait-online[1172]: ignoring: lo
Dec  2 21:43:48 ubuntu kernel: [    2.109158] CPU18: Booted secondary processor 0x0000000102 [0x481fd010]
Dec  2 21:43:48 ubuntu kernel: [    2.201921] Detected VIPT I-cache on CPU19
Dec  2 21:43:48 ubuntu kernel: [    2.201966] GICv3: CPU19: found redistributor 103 region 0:0x0000000008300000
Dec  2 21:43:48 ubuntu kernel: [    2.202176] GICv3: CPU19: using allocated LPI pending table @0x000000053cb60000
Dec  2 21:43:48 ubuntu kernel: [    2.202204] CPU19: Booted secondary processor 0x0000000103 [0x481fd010]
Dec  2 21:43:48 ubuntu kernel: [    2.295023] Detected VIPT I-cache on CPU20
Dec  2 21:43:48 ubuntu kernel: [    2.295070] GICv3: CPU20: found redistributor 104 region 0:0x0000000008320000
Dec  2 21:43:48 ubuntu kernel: [    2.295238] GICv3: CPU20: using allocated LPI pending table @0x000000053cb70000
Dec  2 21:43:48 ubuntu kernel: [    2.295266] CPU20: Booted secondary processor 0x0000000104 [0x481fd010]
Dec  2 21:43:48 ubuntu systemd-networkd-wait-online[1172]: ignoring: lo
Dec  2 21:43:48 ubuntu systemd-timesyncd[1132]: Network configuration changed, trying to establish connection.
Dec  2 21:43:48 ubuntu kernel: [    2.388234] Detected VIPT I-cache on CPU21
Dec  2 21:43:48 ubuntu kernel: [    2.388281] GICv3: CPU21: found redistributor 105 region 0:0x0000000008340000
Dec  2 21:43:48 ubuntu kernel: [    2.389230] GICv3: CPU21: using allocated LPI pending table @0x000000053cb80000
Dec  2 21:43:48 ubuntu kernel: [    2.389259] CPU21: Booted secondary processor 0x0000000105 [0x481fd010]
Dec  2 21:43:48 ubuntu systemd-resolved[1169]: Positive Trust Anchors:
Dec  2 21:43:48 ubuntu kernel: [    2.482510] Detected VIPT I-cache on CPU22
Dec  2 21:43:48 ubuntu kernel: [    2.482558] GICv3: CPU22: found redistributor 106 region 0:0x0000000008360000
Dec  2 21:43:48 ubuntu kernel: [    2.482732] GICv3: CPU22: using allocated LPI pending table @0x000000053cb90000
Dec  2 21:43:48 ubuntu kernel: [    2.482756] CPU22: Booted secondary processor 0x0000000106 [0x481fd010]
Dec  2 21:43:48 ubuntu kernel: [    2.579545] Detected VIPT I-cache on CPU23
Dec  2 21:43:48 ubuntu systemd-resolved[1169]: . IN DS 19036 8 2 49aac11d7b6f6446702e54a1607371607a1a41855200fd2ce1cdde32f24e8fb5
Dec  2 21:43:48 ubuntu kernel: [    2.579598] GICv3: CPU23: found redistributor 107 region 0:0x0000000008380000
Dec  2 21:43:48 ubuntu kernel: [    2.579807] GICv3: CPU23: using allocated LPI pending table @0x000000053cba0000
Dec  2 21:43:48 ubuntu systemd-resolved[1169]: . IN DS 20326 8 2 e06d44b80b8f1d39a95c0b0d7c65d08458e880409bbc683457104237c7f8ec8d
Dec  2 21:43:48 ubuntu kernel: [    2.579838] CPU23: Booted secondary processor 0x0000000107 [0x481fd010]
Dec  2 21:43:48 ubuntu kernel: [    2.673040] Detected VIPT I-cache on CPU24
Dec  2 21:43:48 ubuntu kernel: [    2.673093] GICv3: CPU24: found redistributor 108 region 0:0x00000000083a0000
Dec  2 21:43:48 ubuntu kernel: [    2.673326] GICv3: CPU24: using allocated LPI pending table @0x000000053cbb0000
Dec  2 21:43:48 ubuntu systemd-resolved[1169]: Negative trust anchors: 10.in-addr.arpa 16.172.in-addr.arpa 17.172.in-addr.arpa 18.172.in-addr.arpa 19.172.in-addr.arpa 20.172.in-addr.arpa 21.172.in-addr.arpa 22.172.in-addr.arpa 23.172.in-addr.arpa 24.172.in-addr.arpa 25.172.in-addr.arpa 26.172.in-addr.arpa 27.172.in-addr.arpa 28.172.in-addr.arpa 29.172.in-addr.arpa 30.172.in-addr.arpa 31.172.in-addr.arpa 168.192.in-addr.arpa d.f.ip6.arpa corp home internal intranet lan local private test
Dec  2 21:43:48 ubuntu kernel: [    2.673354] CPU24: Booted secondary processor 0x0000000108 [0x481fd010]
Dec  2 21:43:48 ubuntu systemd-resolved[1169]: Using system hostname 'ubuntu'.
Dec  2 21:43:48 ubuntu systemd[1]: Started Network Name Resolution.
Dec  2 21:43:48 ubuntu kernel: [    2.766867] Detected VIPT I-cache on CPU25
Dec  2 21:43:48 ubuntu kernel: [    2.766993] GICv3: CPU25: found redistributor 109 region 0:0x00000000083c0000
Dec  2 21:43:48 ubuntu kernel: [    2.767315] GICv3: CPU25: using allocated LPI pending table @0x000000053cbc0000
Dec  2 21:43:48 ubuntu kernel: [    2.767380] CPU25: Booted secondary processor 0x0000000109 [0x481fd010]
Dec  2 21:43:48 ubuntu kernel: [    3.015589] Detected VIPT I-cache on CPU26
Dec  2 21:43:48 ubuntu systemd[1]: Reached target Network.
Dec  2 21:43:48 ubuntu kernel: [    3.015644] GICv3: CPU26: found redistributor 10a region 0:0x00000000083e0000
Dec  2 21:43:48 ubuntu kernel: [    3.016151] GICv3: CPU26: using allocated LPI pending table @0x000000053cbd0000
Dec  2 21:43:48 ubuntu systemd[1]: Reached target Host and Network Name Lookups.
Dec  2 21:43:48 ubuntu kernel: [    3.016184] CPU26: Booted secondary processor 0x000000010a [0x481fd010]
Dec  2 21:43:48 ubuntu kernel: [    3.110481] Detected VIPT I-cache on CPU27
Dec  2 21:43:48 ubuntu apparmor[1118]:    ...done.
Dec  2 21:43:48 ubuntu kernel: [    3.110612] GICv3: CPU27: found redistributor 10b region 0:0x0000000008400000
Dec  2 21:43:48 ubuntu kernel: [    3.110987] GICv3: CPU27: using allocated LPI pending table @0x000000053cbe0000
Dec  2 21:43:48 ubuntu kernel: [    3.111048] CPU27: Booted secondary processor 0x000000010b [0x481fd010]
Dec  2 21:43:48 ubuntu kernel: [    3.220064] Detected VIPT I-cache on CPU28
Dec  2 21:43:48 ubuntu systemd[1]: Started AppArmor initialization.
Dec  2 21:43:48 ubuntu kernel: [    3.220123] GICv3: CPU28: found redistributor 10c region 0:0x0000000008420000
Dec  2 21:43:48 ubuntu systemd[1]: Reached target System Initialization.
Dec  2 21:43:48 ubuntu kernel: [    3.220342] GICv3: CPU28: using allocated LPI pending table @0x000000053cbf0000
Dec  2 21:43:48 ubuntu kernel: [    3.220374] CPU28: Booted secondary processor 0x000000010c [0x481fd010]
Dec  2 21:43:48 ubuntu kernel: [    3.314490] Detected VIPT I-cache on CPU29
Dec  2 21:43:48 ubuntu systemd[1]: Started Discard unused blocks once a week.
Dec  2 21:43:48 ubuntu kernel: [    3.314554] GICv3: CPU29: found redistributor 10d region 0:0x0000000008440000
Dec  2 21:43:48 ubuntu kernel: [    3.314800] GICv3: CPU29: using allocated LPI pending table @0x000000051f800000
Dec  2 21:43:48 ubuntu systemd[1]: Started ACPI Events Check.
Dec  2 21:43:48 ubuntu systemd[1]: Started Daily Cleanup of Temporary Directories.
Dec  2 21:43:48 ubuntu systemd[1]: Started Message of the Day.
Dec  2 21:43:48 ubuntu systemd[1]: Listening on D-Bus System Message Bus Socket.
Dec  2 21:43:48 ubuntu systemd[1]: Started Daily apt download activities.
Dec  2 21:43:48 ubuntu systemd[1]: Started Daily apt upgrade and clean activities.
Dec  2 21:43:48 ubuntu systemd[1]: Reached target Timers.
Dec  2 21:43:48 ubuntu systemd[1]: Listening on UUID daemon activation socket.
Dec  2 21:43:48 ubuntu systemd[1]: Listening on Open-iSCSI iscsid Socket.
Dec  2 21:43:48 ubuntu systemd[1]: Reached target Paths.
Dec  2 21:43:48 ubuntu systemd[1]: Starting Socket activation for snappy daemon.
Dec  2 21:43:48 ubuntu systemd[1]: Listening on ACPID Listen Socket.
Dec  2 21:43:48 ubuntu systemd[1]: Starting LXD - unix socket.
Dec  2 21:43:48 ubuntu kernel: [    3.314828] CPU29: Booted secondary processor 0x000000010d [0x481fd010]
Dec  2 21:43:48 ubuntu systemd[1]: Listening on Socket activation for snappy daemon.
Dec  2 21:43:48 ubuntu kernel: [    3.409252] Detected VIPT I-cache on CPU30
Dec  2 21:43:48 ubuntu kernel: [    3.409314] GICv3: CPU30: found redistributor 10e region 0:0x0000000008460000
Dec  2 21:43:48 ubuntu kernel: [    3.409542] GICv3: CPU30: using allocated LPI pending table @0x000000051f810000
Dec  2 21:43:48 ubuntu kernel: [    3.409573] CPU30: Booted secondary processor 0x000000010e [0x481fd010]
Dec  2 21:43:48 ubuntu kernel: [    3.504080] Detected VIPT I-cache on CPU31
Dec  2 21:43:48 ubuntu systemd[1]: Listening on LXD - unix socket.
Dec  2 21:43:48 ubuntu kernel: [    3.504163] GICv3: CPU31: found redistributor 10f region 0:0x0000000008480000
Dec  2 21:43:48 ubuntu kernel: [    3.504322] GICv3: CPU31: using allocated LPI pending table @0x000000051f820000
Dec  2 21:43:48 ubuntu kernel: [    3.504350] CPU31: Booted secondary processor 0x000000010f [0x481fd010]
Dec  2 21:43:48 ubuntu kernel: [    3.504430] smp: Brought up 1 node, 32 CPUs
Dec  2 21:43:48 ubuntu systemd[1]: Reached target Sockets.
Dec  2 21:43:48 ubuntu kernel: [    3.504472] SMP: Total of 32 processors activated.
Dec  2 21:43:48 ubuntu kernel: [    3.504474] CPU features: detected: Privileged Access Never
Dec  2 21:43:48 ubuntu kernel: [    3.504475] CPU features: detected: LSE atomic instructions
Dec  2 21:43:48 ubuntu kernel: [    3.504476] CPU features: detected: User Access Override
Dec  2 21:43:48 ubuntu systemd[1]: Reached target Basic System.
Dec  2 21:43:48 ubuntu kernel: [    3.504477] CPU features: detected: Common not Private translations
Dec  2 21:43:48 ubuntu kernel: [    3.504479] CPU features: detected: Data cache clean to Point of Persistence
Dec  2 21:43:48 ubuntu kernel: [    3.504480] CPU features: detected: RAS Extension Support
Dec  2 21:43:48 ubuntu kernel: [    3.504481] CPU features: detected: CRC32 instructions
Dec  2 21:43:48 ubuntu kernel: [    3.696468] CPU: All CPU(s) started at EL1
Dec  2 21:43:48 ubuntu kernel: [    3.725867] alternatives: patching kernel code
Dec  2 21:43:48 ubuntu systemd[1]: Starting Accounts Service...
Dec  2 21:43:48 ubuntu kernel: [    3.748140] devtmpfs: initialized
Dec  2 21:43:48 ubuntu kernel: [    3.748847] Registered cp15_barrier emulation handler
Dec  2 21:43:48 ubuntu kernel: [    3.748951] Registered setend emulation handler
Dec  2 21:43:48 ubuntu kernel: [    3.748954] KASLR disabled due to lack of seed
Dec  2 21:43:48 ubuntu kernel: [    3.749365] clocksource: jiffies: mask: 0xffffffff max_cycles: 0xffffffff, max_idle_ns: 7645041785100000 ns
Dec  2 21:43:48 ubuntu kernel: [    3.749655] futex hash table entries: 8192 (order: 7, 524288 bytes, linear)
Dec  2 21:43:48 ubuntu systemd[1]: Started FUSE filesystem for LXC.
Dec  2 21:43:48 ubuntu kernel: [    3.750298] pinctrl core: initialized pinctrl subsystem
Dec  2 21:43:48 ubuntu kernel: [    3.750462] thermal_sys: Registered thermal governor 'fair_share'
Dec  2 21:43:48 ubuntu kernel: [    3.750462] thermal_sys: Registered thermal governor 'bang_bang'
Dec  2 21:43:48 ubuntu kernel: [    3.750464] thermal_sys: Registered thermal governor 'step_wise'
Dec  2 21:43:48 ubuntu systemd[1]: Starting Dispatcher daemon for systemd-networkd...
Dec  2 21:43:48 ubuntu kernel: [    3.750465] thermal_sys: Registered thermal governor 'user_space'
Dec  2 21:43:48 ubuntu kernel: [    3.750509] SMBIOS 3.0.0 present.
Dec  2 21:43:48 ubuntu kernel: [    3.750513] DMI: QEMU KVM Virtual Machine, BIOS 0.0.0 02/06/2015
Dec  2 21:43:48 ubuntu systemd[1]: Started D-Bus System Message Bus.
Dec  2 21:43:48 ubuntu kernel: [    3.750826] NET: Registered protocol family 16
Dec  2 21:43:48 ubuntu kernel: [    3.752018] DMA: preallocated 256 KiB pool for atomic allocations
Dec  2 21:43:48 ubuntu kernel: [    3.752022] audit: initializing netlink subsys (disabled)
Dec  2 21:43:48 ubuntu lxcfs[1207]: mount namespace: 5
Dec  2 21:43:48 ubuntu kernel: [    3.752106] audit: type=2000 audit(3.652:1): state=initialized audit_enabled=0 res=1
Dec  2 21:43:48 ubuntu kernel: [    3.752295] cpuidle: using governor ladder
Dec  2 21:43:48 ubuntu kernel: [    3.752305] cpuidle: using governor menu
Dec  2 21:43:48 ubuntu lxcfs[1207]: hierarchies:
Dec  2 21:43:48 ubuntu kernel: [    3.752344] hw-breakpoint: found 6 breakpoint and 4 watchpoint registers.
Dec  2 21:43:48 ubuntu kernel: [    3.753354] ASID allocator initialised with 65536 entries
Dec  2 21:43:48 ubuntu kernel: [    3.753426] ACPI: bus type PCI registered
Dec  2 21:43:48 ubuntu lxcfs[1207]:   0: fd:   6: hugetlb
Dec  2 21:43:48 ubuntu kernel: [    3.753428] acpiphp: ACPI Hot Plug PCI Controller Driver version: 0.5
Dec  2 21:43:48 ubuntu kernel: [    3.753498] Serial: AMBA PL011 UART driver
Dec  2 21:43:48 ubuntu kernel: [    3.756665] HugeTLB registered 1.00 GiB page size, pre-allocated 0 pages
Dec  2 21:43:48 ubuntu kernel: [    3.756667] HugeTLB registered 32.0 MiB page size, pre-allocated 0 pages
Dec  2 21:43:48 ubuntu lxcfs[1207]:   1: fd:   7: rdma
Dec  2 21:43:48 ubuntu kernel: [    3.756669] HugeTLB registered 2.00 MiB page size, pre-allocated 0 pages
Dec  2 21:43:48 ubuntu kernel: [    3.756670] HugeTLB registered 64.0 KiB page size, pre-allocated 0 pages
Dec  2 21:43:48 ubuntu kernel: [    3.764764] ACPI: Added _OSI(Module Device)
Dec  2 21:43:48 ubuntu lxcfs[1207]:   2: fd:   8: blkio
Dec  2 21:43:48 ubuntu kernel: [    3.764766] ACPI: Added _OSI(Processor Device)
Dec  2 21:43:48 ubuntu kernel: [    3.764768] ACPI: Added _OSI(3.0 _SCP Extensions)
Dec  2 21:43:48 ubuntu kernel: [    3.764769] ACPI: Added _OSI(Processor Aggregator Device)
Dec  2 21:43:48 ubuntu lxcfs[1207]:   3: fd:   9: freezer
Dec  2 21:43:48 ubuntu kernel: [    3.764771] ACPI: Added _OSI(Linux-Dell-Video)
Dec  2 21:43:48 ubuntu kernel: [    3.764773] ACPI: Added _OSI(Linux-Lenovo-NV-HDMI-Audio)
Dec  2 21:43:48 ubuntu kernel: [    3.764774] ACPI: Added _OSI(Linux-HPI-Hybrid-Graphics)
Dec  2 21:43:48 ubuntu lxcfs[1207]:   4: fd:  10: memory
Dec  2 21:43:48 ubuntu kernel: [    3.765413] ACPI: 1 ACPI AML tables successfully acquired and loaded
Dec  2 21:43:48 ubuntu kernel: [    3.765893] ACPI: Interpreter enabled
Dec  2 21:43:48 ubuntu kernel: [    3.765895] ACPI: Using GIC for interrupt routing
Dec  2 21:43:48 ubuntu kernel: [    3.765905] ACPI: MCFG table detected, 1 entries
Dec  2 21:43:48 ubuntu lxcfs[1207]:   5: fd:  11: cpuset
Dec  2 21:43:48 ubuntu kernel: [    3.769557] ARMH0011:00: ttyAMA0 at MMIO 0x9000000 (irq = 4, base_baud = 0) is a SBSA
Dec  2 21:43:48 ubuntu kernel: [    3.926695] printk: console [ttyAMA0] enabled
Dec  2 21:43:48 ubuntu kernel: [    3.928520] ACPI: PCI Root Bridge [PCI0] (domain 0000 [bus 00-0f])
Dec  2 21:43:48 ubuntu lxcfs[1207]:   6: fd:  12: perf_event
Dec  2 21:43:48 ubuntu kernel: [    3.929146] acpi PNP0A08:00: _OSC: OS supports [ExtendedConfig ASPM ClockPM Segments MSI HPX-Type3]
Dec  2 21:43:48 ubuntu kernel: [    3.930124] acpi PNP0A08:00: _OSC: platform does not support [SHPCHotplug LTR]
Dec  2 21:43:48 ubuntu kernel: [    3.930928] acpi PNP0A08:00: _OSC: OS now controls [PCIeHotplug PME AER PCIeCapability]
Dec  2 21:43:48 ubuntu kernel: [    3.931964] acpi PNP0A08:00: ECAM area [mem 0x3f000000-0x3fffffff] reserved by PNP0C02:00
Dec  2 21:43:48 ubuntu kernel: [    3.932757] acpi PNP0A08:00: ECAM at [mem 0x3f000000-0x3fffffff] for [bus 00-0f]
Dec  2 21:43:48 ubuntu kernel: [    3.933481] Remapped I/O 0x000000003eff0000 to [io  0x0000-0xffff window]
Dec  2 21:43:48 ubuntu lxcfs[1207]:   7: fd:  13: net_cls,net_prio
Dec  2 21:43:48 ubuntu kernel: [    3.934216] PCI host bridge to bus 0000:00
Dec  2 21:43:48 ubuntu kernel: [    3.934650] pci_bus 0000:00: root bus resource [mem 0x10000000-0x3efeffff window]
Dec  2 21:43:48 ubuntu kernel: [    3.935373] pci_bus 0000:00: root bus resource [io  0x0000-0xffff window]
Dec  2 21:43:48 ubuntu lxcfs[1207]:   8: fd:  14: devices
Dec  2 21:43:48 ubuntu kernel: [    3.936044] pci_bus 0000:00: root bus resource [mem 0x8000000000-0xffffffffff window]
Dec  2 21:43:48 ubuntu lxcfs[1207]:   9: fd:  15: pids
Dec  2 21:43:48 ubuntu kernel: [    3.936783] pci_bus 0000:00: root bus resource [bus 00-0f]
Dec  2 21:43:48 ubuntu kernel: [    3.937325] pci 0000:00:00.0: [1b36:0008] type 00 class 0x060000
Dec  2 21:43:48 ubuntu lxcfs[1207]:  10: fd:  16: cpu,cpuacct
Dec  2 21:43:48 ubuntu kernel: [    3.938109] pci 0000:00:01.0: [1b36:000c] type 01 class 0x060400
Dec  2 21:43:48 ubuntu kernel: [    3.940095] pci 0000:00:01.0: reg 0x10: [mem 0x10303000-0x10303fff]
Dec  2 21:43:48 ubuntu kernel: [    3.943214] pci 0000:00:01.1: [1b36:000c] type 01 class 0x060400
Dec  2 21:43:48 ubuntu kernel: [    3.945042] pci 0000:00:01.1: reg 0x10: [mem 0x10302000-0x10302fff]
Dec  2 21:43:48 ubuntu lxcfs[1207]:  11: fd:  17: name=systemd
Dec  2 21:43:48 ubuntu kernel: [    3.948124] pci 0000:00:01.2: [1b36:000c] type 01 class 0x060400
Dec  2 21:43:48 ubuntu kernel: [    3.950672] pci 0000:00:01.2: reg 0x10: [mem 0x10301000-0x10301fff]
Dec  2 21:43:48 ubuntu lxcfs[1207]:  12: fd:  18: unified
Dec  2 21:43:48 ubuntu kernel: [    3.953767] pci 0000:00:01.3: [1b36:000c] type 01 class 0x060400
Dec  2 21:43:48 ubuntu kernel: [    3.956122] pci 0000:00:01.3: reg 0x10: [mem 0x10300000-0x10300fff]
Dec  2 21:43:48 ubuntu kernel: [    3.961819] pci 0000:01:00.0: [1af4:1041] type 00 class 0x020000
Dec  2 21:43:48 ubuntu kernel: [    3.964516] pci 0000:01:00.0: reg 0x14: [mem 0x10200000-0x10200fff]
Dec  2 21:43:48 ubuntu kernel: [    3.968370] pci 0000:01:00.0: reg 0x20: [mem 0x8000000000-0x8000003fff 64bit pref]
Dec  2 21:43:48 ubuntu systemd[1]: Starting System Logging Service...
Dec  2 21:43:48 ubuntu kernel: [    3.970093] pci 0000:01:00.0: reg 0x30: [mem 0xfff80000-0xffffffff pref]
Dec  2 21:43:48 ubuntu kernel: [    3.972387] pci 0000:02:00.0: [1b36:000d] type 00 class 0x0c0330
Dec  2 21:43:48 ubuntu kernel: [    3.973085] pci 0000:02:00.0: reg 0x10: [mem 0x10100000-0x10103fff 64bit]
Dec  2 21:43:48 ubuntu systemd[1]: Started Regular background program processing daemon.
Dec  2 21:43:48 ubuntu kernel: [    3.974777] pci 0000:03:00.0: [1af4:1048] type 00 class 0x010000
Dec  2 21:43:48 ubuntu kernel: [    3.976814] pci 0000:03:00.0: reg 0x14: [mem 0x10000000-0x10000fff]
Dec  2 21:43:48 ubuntu kernel: [    3.979583] pci 0000:03:00.0: reg 0x20: [mem 0x8000100000-0x8000103fff 64bit pref]
Dec  2 21:43:48 ubuntu kernel: [    3.984515] pci 0000:00:01.0: bridge window [io  0x1000-0x0fff] to [bus 01] add_size 1000
Dec  2 21:43:48 ubuntu systemd[1]: Started irqbalance daemon.
Dec  2 21:43:48 ubuntu kernel: [    3.985431] pci 0000:00:01.0: bridge window [mem 0x00100000-0x001fffff 64bit pref] to [bus 01] add_size 100000 add_align 100000
Dec  2 21:43:48 ubuntu kernel: [    3.986635] pci 0000:00:01.0: bridge window [mem 0x00100000-0x001fffff] to [bus 01] add_size 100000 add_align 100000
Dec  2 21:43:48 ubuntu cron[1218]: (CRON) INFO (pidfile fd = 3)
Dec  2 21:43:48 ubuntu kernel: [    3.987766] pci 0000:00:01.1: bridge window [io  0x1000-0x0fff] to [bus 02] add_size 1000
Dec  2 21:43:48 ubuntu kernel: [    3.988618] pci 0000:00:01.1: bridge window [mem 0x00100000-0x000fffff 64bit pref] to [bus 02] add_size 200000 add_align 100000
Dec  2 21:43:48 ubuntu dbus-daemon[1209]: [system] Activating via systemd: service name='org.freedesktop.PolicyKit1' unit='polkit.service' requested by ':1.3' (uid=0 pid=1206 comm="/usr/lib/accountsservice/accounts-daemon ")
Dec  2 21:43:48 ubuntu kernel: [    3.989927] pci 0000:00:01.1: bridge window [mem 0x00100000-0x001fffff] to [bus 02] add_size 100000 add_align 100000
Dec  2 21:43:48 ubuntu kernel: [    3.991219] pci 0000:00:01.2: bridge window [io  0x1000-0x0fff] to [bus 03] add_size 1000
Dec  2 21:43:48 ubuntu kernel: [    3.992010] pci 0000:00:01.2: bridge window [mem 0x00100000-0x001fffff 64bit pref] to [bus 03] add_size 100000 add_align 100000
Dec  2 21:43:48 ubuntu kernel: [    3.993121] pci 0000:00:01.2: bridge window [mem 0x00100000-0x001fffff] to [bus 03] add_size 100000 add_align 100000
Dec  2 21:43:48 ubuntu kernel: [    3.994110] pci 0000:00:01.3: bridge window [io  0x1000-0x0fff] to [bus 04] add_size 1000
Dec  2 21:43:48 ubuntu systemd[1]: Starting Snappy daemon...
Dec  2 21:43:48 ubuntu kernel: [    3.994855] pci 0000:00:01.3: bridge window [mem 0x00100000-0x000fffff 64bit pref] to [bus 04] add_size 200000 add_align 100000
Dec  2 21:43:48 ubuntu cron[1218]: (CRON) INFO (Running @reboot jobs)
Dec  2 21:43:48 ubuntu kernel: [    3.995880] pci 0000:00:01.3: bridge window [mem 0x00100000-0x000fffff] to [bus 04] add_size 200000 add_align 100000
Dec  2 21:43:48 ubuntu kernel: [    3.996799] pci 0000:00:01.0: BAR 14: assigned [mem 0x10000000-0x101fffff]
Dec  2 21:43:48 ubuntu kernel: [    3.997488] pci 0000:00:01.0: BAR 15: assigned [mem 0x8000000000-0x80001fffff 64bit pref]
Dec  2 21:43:48 ubuntu kernel: [    3.998222] pci 0000:00:01.1: BAR 14: assigned [mem 0x10200000-0x103fffff]
Dec  2 21:43:48 ubuntu systemd[1]: Started Deferred execution scheduler.
Dec  2 21:43:48 ubuntu rsyslogd: imuxsock: Acquired UNIX socket '/run/systemd/journal/syslog' (fd 3) from systemd.  [v8.32.0]
Dec  2 21:43:48 ubuntu rsyslogd: rsyslogd's groupid changed to 106
Dec  2 21:43:48 ubuntu rsyslogd: rsyslogd's userid changed to 102
Dec  2 21:43:48 ubuntu rsyslogd:  [origin software="rsyslogd" swVersion="8.32.0" x-pid="1217" x-info="http://www.rsyslog.com"] start
Dec  2 21:43:48 ubuntu kernel: [    3.998857] pci 0000:00:01.1: BAR 15: assigned [mem 0x8000200000-0x80003fffff 64bit pref]
Dec  2 21:43:48 ubuntu kernel: [    3.999659] pci 0000:00:01.2: BAR 14: assigned [mem 0x10400000-0x105fffff]
Dec  2 21:43:48 ubuntu kernel: [    4.000317] pci 0000:00:01.2: BAR 15: assigned [mem 0x8000400000-0x80005fffff 64bit pref]
Dec  2 21:43:48 ubuntu kernel: [    4.001125] pci 0000:00:01.3: BAR 14: assigned [mem 0x10600000-0x107fffff]
Dec  2 21:43:48 ubuntu kernel: [    4.001804] pci 0000:00:01.3: BAR 15: assigned [mem 0x8000600000-0x80007fffff 64bit pref]
Dec  2 21:43:48 ubuntu kernel: [    4.002591] pci 0000:00:01.0: BAR 0: assigned [mem 0x10800000-0x10800fff]
Dec  2 21:43:48 ubuntu kernel: [    4.003613] pci 0000:00:01.0: BAR 13: assigned [io  0x1000-0x1fff]
Dec  2 21:43:48 ubuntu kernel: [    4.004158] pci 0000:00:01.1: BAR 0: assigned [mem 0x10801000-0x10801fff]
Dec  2 21:43:48 ubuntu kernel: [    4.005054] pci 0000:00:01.1: BAR 13: assigned [io  0x2000-0x2fff]
Dec  2 21:43:48 ubuntu kernel: [    4.005595] pci 0000:00:01.2: BAR 0: assigned [mem 0x10802000-0x10802fff]
Dec  2 21:43:48 ubuntu kernel: [    4.006641] pci 0000:00:01.2: BAR 13: assigned [io  0x3000-0x3fff]
Dec  2 21:43:48 ubuntu kernel: [    4.007304] pci 0000:00:01.3: BAR 0: assigned [mem 0x10803000-0x10803fff]
Dec  2 21:43:48 ubuntu kernel: [    4.008282] pci 0000:00:01.3: BAR 13: assigned [io  0x4000-0x4fff]
Dec  2 21:43:48 ubuntu kernel: [    4.008876] pci 0000:01:00.0: BAR 6: assigned [mem 0x10000000-0x1007ffff pref]
Dec  2 21:43:48 ubuntu kernel: [    4.009575] pci 0000:01:00.0: BAR 4: assigned [mem 0x8000000000-0x8000003fff 64bit pref]
Dec  2 21:43:48 ubuntu kernel: [    4.011059] pci 0000:01:00.0: BAR 1: assigned [mem 0x10080000-0x10080fff]
Dec  2 21:43:48 ubuntu kernel: [    4.012004] pci 0000:00:01.0: PCI bridge to [bus 01]
Dec  2 21:43:48 ubuntu kernel: [    4.012915] pci 0000:00:01.0:   bridge window [io  0x1000-0x1fff]
Dec  2 21:43:48 ubuntu kernel: [    4.014020] pci 0000:00:01.0:   bridge window [mem 0x10000000-0x101fffff]
Dec  2 21:43:48 ubuntu kernel: [    4.015128] pci 0000:00:01.0:   bridge window [mem 0x8000000000-0x80001fffff 64bit pref]
Dec  2 21:43:48 ubuntu kernel: [    4.016618] pci 0000:02:00.0: BAR 0: assigned [mem 0x10200000-0x10203fff 64bit]
Dec  2 21:43:48 ubuntu kernel: [    4.017376] pci 0000:00:01.1: PCI bridge to [bus 02]
Dec  2 21:43:48 ubuntu kernel: [    4.017826] pci 0000:00:01.1:   bridge window [io  0x2000-0x2fff]
Dec  2 21:43:48 ubuntu kernel: [    4.019125] pci 0000:00:01.1:   bridge window [mem 0x10200000-0x103fffff]
Dec  2 21:43:48 ubuntu kernel: [    4.020195] pci 0000:00:01.1:   bridge window [mem 0x8000200000-0x80003fffff 64bit pref]
Dec  2 21:43:48 ubuntu kernel: [    4.021699] pci 0000:03:00.0: BAR 4: assigned [mem 0x8000400000-0x8000403fff 64bit pref]
Dec  2 21:43:48 ubuntu kernel: [    4.023497] pci 0000:03:00.0: BAR 1: assigned [mem 0x10400000-0x10400fff]
Dec  2 21:43:48 ubuntu kernel: [    4.024418] pci 0000:00:01.2: PCI bridge to [bus 03]
Dec  2 21:43:48 ubuntu kernel: [    4.024879] pci 0000:00:01.2:   bridge window [io  0x3000-0x3fff]
Dec  2 21:43:48 ubuntu kernel: [    4.026056] pci 0000:00:01.2:   bridge window [mem 0x10400000-0x105fffff]
Dec  2 21:43:48 ubuntu kernel: [    4.027050] pci 0000:00:01.2:   bridge window [mem 0x8000400000-0x80005fffff 64bit pref]
Dec  2 21:43:48 ubuntu kernel: [    4.028566] pci 0000:00:01.3: PCI bridge to [bus 04]
Dec  2 21:43:48 ubuntu kernel: [    4.029187] pci 0000:00:01.3:   bridge window [io  0x4000-0x4fff]
Dec  2 21:43:48 ubuntu kernel: [    4.030350] pci 0000:00:01.3:   bridge window [mem 0x10600000-0x107fffff]
Dec  2 21:43:48 ubuntu kernel: [    4.031482] pci 0000:00:01.3:   bridge window [mem 0x8000600000-0x80007fffff 64bit pref]
Dec  2 21:43:48 ubuntu kernel: [    4.033063] pci_bus 0000:00: resource 4 [mem 0x10000000-0x3efeffff window]
Dec  2 21:43:48 ubuntu kernel: [    4.034195] pci_bus 0000:00: resource 5 [io  0x0000-0xffff window]
Dec  2 21:43:48 ubuntu kernel: [    4.034808] pci_bus 0000:00: resource 6 [mem 0x8000000000-0xffffffffff window]
Dec  2 21:43:48 ubuntu kernel: [    4.035559] pci_bus 0000:01: resource 0 [io  0x1000-0x1fff]
Dec  2 21:43:48 ubuntu kernel: [    4.036097] pci_bus 0000:01: resource 1 [mem 0x10000000-0x101fffff]
Dec  2 21:43:48 ubuntu kernel: [    4.036717] pci_bus 0000:01: resource 2 [mem 0x8000000000-0x80001fffff 64bit pref]
Dec  2 21:43:48 ubuntu kernel: [    4.037438] pci_bus 0000:02: resource 0 [io  0x2000-0x2fff]
Dec  2 21:43:48 ubuntu kernel: [    4.037977] pci_bus 0000:02: resource 1 [mem 0x10200000-0x103fffff]
Dec  2 21:43:48 ubuntu kernel: [    4.038582] pci_bus 0000:02: resource 2 [mem 0x8000200000-0x80003fffff 64bit pref]
Dec  2 21:43:48 ubuntu kernel: [    4.039380] pci_bus 0000:03: resource 0 [io  0x3000-0x3fff]
Dec  2 21:43:48 ubuntu kernel: [    4.039932] pci_bus 0000:03: resource 1 [mem 0x10400000-0x105fffff]
Dec  2 21:43:48 ubuntu kernel: [    4.040489] pci_bus 0000:03: resource 2 [mem 0x8000400000-0x80005fffff 64bit pref]
Dec  2 21:43:48 ubuntu kernel: [    4.041233] pci_bus 0000:04: resource 0 [io  0x4000-0x4fff]
Dec  2 21:43:48 ubuntu kernel: [    4.041738] pci_bus 0000:04: resource 1 [mem 0x10600000-0x107fffff]
Dec  2 21:43:48 ubuntu kernel: [    4.042311] pci_bus 0000:04: resource 2 [mem 0x8000600000-0x80007fffff 64bit pref]
Dec  2 21:43:48 ubuntu kernel: [    4.043102] ACPI: PCI Interrupt Link [GSI0] (IRQs *35)
Dec  2 21:43:48 ubuntu kernel: [    4.043591] ACPI: PCI Interrupt Link [GSI1] (IRQs *36)
Dec  2 21:43:48 ubuntu kernel: [    4.044076] ACPI: PCI Interrupt Link [GSI2] (IRQs *37)
Dec  2 21:43:48 ubuntu kernel: [    4.044545] ACPI: PCI Interrupt Link [GSI3] (IRQs *38)
Dec  2 21:43:48 ubuntu kernel: [    4.045924] iommu: Default domain type: Translated 
Dec  2 21:43:48 ubuntu kernel: [    4.046575] vgaarb: loaded
Dec  2 21:43:48 ubuntu kernel: [    4.047183] SCSI subsystem initialized
Dec  2 21:43:48 ubuntu kernel: [    4.048186] libata version 3.00 loaded.
Dec  2 21:43:48 ubuntu kernel: [    4.048229] ACPI: bus type USB registered
Dec  2 21:43:48 ubuntu kernel: [    4.048708] usbcore: registered new interface driver usbfs
Dec  2 21:43:48 ubuntu kernel: [    4.049376] usbcore: registered new interface driver hub
Dec  2 21:43:48 ubuntu kernel: [    4.050807] usbcore: registered new device driver usb
Dec  2 21:43:48 ubuntu kernel: [    4.051878] pps_core: LinuxPPS API ver. 1 registered
Dec  2 21:43:48 ubuntu kernel: [    4.052639] pps_core: Software ver. 5.3.6 - Copyright 2005-2007 Rodolfo Giometti <giometti@linux.it>
Dec  2 21:43:48 ubuntu kernel: [    4.054030] PTP clock support registered
Dec  2 21:43:48 ubuntu kernel: [    4.055388] EDAC MC: Ver: 3.0.0
Dec  2 21:43:48 ubuntu kernel: [    4.056493] Registered efivars operations
Dec  2 21:43:48 ubuntu kernel: [    4.058404] NetLabel: Initializing
Dec  2 21:43:48 ubuntu kernel: [    4.058757] NetLabel:  domain hash size = 128
Dec  2 21:43:48 ubuntu kernel: [    4.059301] NetLabel:  protocols = UNLABELED CIPSOv4 CALIPSO
Dec  2 21:43:48 ubuntu kernel: [    4.059865] NetLabel:  unlabeled traffic allowed by default
Dec  2 21:43:48 ubuntu kernel: [    4.121940] clocksource: Switched to clocksource arch_sys_counter
Dec  2 21:43:48 ubuntu kernel: [    4.139395] VFS: Disk quotas dquot_6.6.0
Dec  2 21:43:48 ubuntu kernel: [    4.139796] VFS: Dquot-cache hash table entries: 512 (order 0, 4096 bytes)
Dec  2 21:43:48 ubuntu kernel: [    4.140545] AppArmor: AppArmor Filesystem Enabled
Dec  2 21:43:48 ubuntu kernel: [    4.141003] pnp: PnP ACPI init
Dec  2 21:43:48 ubuntu kernel: [    4.141443] system 00:00: [mem 0x3f000000-0x3fffffff] could not be reserved
Dec  2 21:43:48 ubuntu kernel: [    4.142090] system 00:00: Plug and Play ACPI device, IDs PNP0c02 (active)
Dec  2 21:43:48 ubuntu kernel: [    4.142097] pnp: PnP ACPI: found 1 devices
Dec  2 21:43:48 ubuntu kernel: [    4.144625] NET: Registered protocol family 2
Dec  2 21:43:48 ubuntu kernel: [    4.145389] tcp_listen_portaddr_hash hash table entries: 16384 (order: 6, 262144 bytes, linear)
Dec  2 21:43:48 ubuntu kernel: [    4.146723] TCP established hash table entries: 262144 (order: 9, 2097152 bytes, linear)
Dec  2 21:43:48 ubuntu kernel: [    4.147825] TCP bind hash table entries: 65536 (order: 8, 1048576 bytes, linear)
Dec  2 21:43:48 ubuntu kernel: [    4.148652] TCP: Hash tables configured (established 262144 bind 65536)
Dec  2 21:43:48 ubuntu kernel: [    4.149660] UDP hash table entries: 16384 (order: 7, 524288 bytes, linear)
Dec  2 21:43:48 ubuntu kernel: [    4.150448] UDP-Lite hash table entries: 16384 (order: 7, 524288 bytes, linear)
Dec  2 21:43:48 ubuntu kernel: [    4.151605] NET: Registered protocol family 1
Dec  2 21:43:48 ubuntu kernel: [    4.152248] NET: Registered protocol family 44
Dec  2 21:43:48 ubuntu kernel: [    4.152965] pci 0000:02:00.0: enabling device (0000 -> 0002)
Dec  2 21:43:48 ubuntu kernel: [    4.154448] PCI: CLS 0 bytes, default 64
Dec  2 21:43:48 ubuntu kernel: [    4.155121] Trying to unpack rootfs image as initramfs...
Dec  2 21:43:48 ubuntu kernel: [    5.051126] Freeing initrd memory: 61288K
Dec  2 21:43:48 ubuntu kernel: [    5.081799] hw perfevents: enabled with armv8_pmuv3_0 PMU driver, 13 counters available
Dec  2 21:43:48 ubuntu kernel: [    5.083504] kvm [1]: HYP mode not available
Dec  2 21:43:48 ubuntu kernel: [    5.085888] Initialise system trusted keyrings
Dec  2 21:43:48 ubuntu kernel: [    5.086803] Key type blacklist registered
Dec  2 21:43:48 ubuntu kernel: [    5.087467] workingset: timestamp_bits=40 max_order=23 bucket_order=0
Dec  2 21:43:48 ubuntu kernel: [    5.089332] zbud: loaded
Dec  2 21:43:48 ubuntu kernel: [    5.089963] squashfs: version 4.0 (2009/01/31) Phillip Lougher
Dec  2 21:43:48 ubuntu kernel: [    5.090760] fuse: init (API version 7.31)
Dec  2 21:43:48 ubuntu kernel: [    5.091451] integrity: Platform Keyring initialized
Dec  2 21:43:48 ubuntu kernel: [    5.098173] Key type asymmetric registered
Dec  2 21:43:48 ubuntu kernel: [    5.098658] Asymmetric key parser 'x509' registered
Dec  2 21:43:48 ubuntu kernel: [    5.099127] Block layer SCSI generic (bsg) driver version 0.4 loaded (major 244)
Dec  2 21:43:48 ubuntu kernel: [    5.100181] io scheduler mq-deadline registered
Dec  2 21:43:48 ubuntu kernel: [    5.102380] pl061_gpio ARMH0061:00: PL061 GPIO chip registered
Dec  2 21:43:48 ubuntu kernel: [    5.103138] PCI Interrupt Link [GSI1] enabled at IRQ 36
Dec  2 21:43:48 ubuntu kernel: [    5.104465] pcieport 0000:00:01.0: PME: Signaling with IRQ 44
Dec  2 21:43:48 ubuntu kernel: [    5.105379] pcieport 0000:00:01.0: AER: enabled with IRQ 44
Dec  2 21:43:48 ubuntu kernel: [    5.106117] pcieport 0000:00:01.0: pciehp: Slot #0 AttnBtn+ PwrCtrl+ MRL- AttnInd+ PwrInd+ HotPlug+ Surprise+ Interlock+ NoCompl- IbPresDis- LLActRep-
Dec  2 21:43:48 ubuntu kernel: [    5.108756] pcieport 0000:00:01.1: PME: Signaling with IRQ 45
Dec  2 21:43:48 ubuntu kernel: [    5.109611] pcieport 0000:00:01.1: AER: enabled with IRQ 45
Dec  2 21:43:48 ubuntu kernel: [    5.110378] pcieport 0000:00:01.1: pciehp: Slot #0 AttnBtn+ PwrCtrl+ MRL- AttnInd+ PwrInd+ HotPlug+ Surprise+ Interlock+ NoCompl- IbPresDis- LLActRep-
Dec  2 21:43:48 ubuntu kernel: [    5.112921] pcieport 0000:00:01.2: PME: Signaling with IRQ 46
Dec  2 21:43:48 ubuntu kernel: [    5.113681] pcieport 0000:00:01.2: AER: enabled with IRQ 46
Dec  2 21:43:48 ubuntu kernel: [    5.114308] pcieport 0000:00:01.2: pciehp: Slot #0 AttnBtn+ PwrCtrl+ MRL- AttnInd+ PwrInd+ HotPlug+ Surprise+ Interlock+ NoCompl- IbPresDis- LLActRep-
Dec  2 21:43:48 ubuntu kernel: [    5.116464] pcieport 0000:00:01.3: PME: Signaling with IRQ 47
Dec  2 21:43:48 ubuntu kernel: [    5.117166] pcieport 0000:00:01.3: AER: enabled with IRQ 47
Dec  2 21:43:48 ubuntu kernel: [    5.117732] pcieport 0000:00:01.3: pciehp: Slot #0 AttnBtn+ PwrCtrl+ MRL- AttnInd+ PwrInd+ HotPlug+ Surprise+ Interlock+ NoCompl- IbPresDis- LLActRep-
Dec  2 21:43:48 ubuntu kernel: [    5.119266] pcieport 0000:00:01.3: pciehp: Slot(0-3): Link Up
Dec  2 21:43:48 ubuntu kernel: [    5.119754] shpchp: Standard Hot Plug PCI Controller Driver version: 0.4
Dec  2 21:43:48 ubuntu kernel: [    5.121130] input: Power Button as /devices/LNXSYSTM:00/LNXSYBUS:00/PNP0C0C:00/input/input0
Dec  2 21:43:48 ubuntu kernel: [    5.125557] ACPI: Power Button [PWRB]
Dec  2 21:43:48 ubuntu kernel: [    5.131054] Serial: 8250/16550 driver, 32 ports, IRQ sharing enabled
Dec  2 21:43:48 ubuntu kernel: [    5.133529] msm_serial: driver initialized
Dec  2 21:43:48 ubuntu kernel: [    5.134544] cacheinfo: Unable to detect cache hierarchy for CPU 0
Dec  2 21:43:48 ubuntu kernel: [    5.142900] loop: module loaded
Dec  2 21:43:48 ubuntu kernel: [    5.144121] libphy: Fixed MDIO Bus: probed
Dec  2 21:43:48 ubuntu kernel: [    5.144701] tun: Universal TUN/TAP device driver, 1.6
Dec  2 21:43:48 ubuntu kernel: [    5.145622] PPP generic driver version 2.4.2
Dec  2 21:43:48 ubuntu kernel: [    5.146733] ehci_hcd: USB 2.0 'Enhanced' Host Controller (EHCI) Driver
Dec  2 21:43:48 ubuntu kernel: [    5.147929] ehci-pci: EHCI PCI platform driver
Dec  2 21:43:48 ubuntu kernel: [    5.148755] ehci-orion: EHCI orion driver
Dec  2 21:43:48 ubuntu kernel: [    5.149514] ohci_hcd: USB 1.1 'Open' Host Controller (OHCI) Driver
Dec  2 21:43:48 ubuntu kernel: [    5.150763] ohci-pci: OHCI PCI platform driver
Dec  2 21:43:48 ubuntu kernel: [    5.151598] uhci_hcd: USB Universal Host Controller Interface driver
Dec  2 21:43:48 ubuntu kernel: [    5.153972] xhci_hcd 0000:02:00.0: xHCI Host Controller
Dec  2 21:43:48 ubuntu kernel: [    5.154510] xhci_hcd 0000:02:00.0: new USB bus registered, assigned bus number 1
Dec  2 21:43:48 ubuntu kernel: [    5.155601] xhci_hcd 0000:02:00.0: hcc params 0x00087001 hci version 0x100 quirks 0x0000000000000010
Dec  2 21:43:48 ubuntu kernel: [    5.157366] usb usb1: New USB device found, idVendor=1d6b, idProduct=0002, bcdDevice= 5.07
Dec  2 21:43:48 ubuntu kernel: [    5.158228] usb usb1: New USB device strings: Mfr=3, Product=2, SerialNumber=1
Dec  2 21:43:48 ubuntu kernel: [    5.158909] usb usb1: Product: xHCI Host Controller
Dec  2 21:43:48 ubuntu kernel: [    5.159374] usb usb1: Manufacturer: Linux 5.7.1 xhci-hcd
Dec  2 21:43:48 ubuntu kernel: [    5.159881] usb usb1: SerialNumber: 0000:02:00.0
Dec  2 21:43:48 ubuntu kernel: [    5.160445] hub 1-0:1.0: USB hub found
Dec  2 21:43:48 ubuntu kernel: [    5.160830] hub 1-0:1.0: 8 ports detected
Dec  2 21:43:48 ubuntu kernel: [    5.161540] xhci_hcd 0000:02:00.0: xHCI Host Controller
Dec  2 21:43:48 ubuntu kernel: [    5.162084] xhci_hcd 0000:02:00.0: new USB bus registered, assigned bus number 2
Dec  2 21:43:48 ubuntu kernel: [    5.162777] xhci_hcd 0000:02:00.0: Host supports USB 3.0 SuperSpeed
Dec  2 21:43:48 ubuntu kernel: [    5.163389] usb usb2: We don't know the algorithms for LPM for this host, disabling LPM.
Dec  2 21:43:48 ubuntu kernel: [    5.164167] usb usb2: New USB device found, idVendor=1d6b, idProduct=0003, bcdDevice= 5.07
Dec  2 21:43:48 ubuntu kernel: [    5.164947] usb usb2: New USB device strings: Mfr=3, Product=2, SerialNumber=1
Dec  2 21:43:48 ubuntu kernel: [    5.165620] usb usb2: Product: xHCI Host Controller
Dec  2 21:43:48 ubuntu kernel: [    5.166114] usb usb2: Manufacturer: Linux 5.7.1 xhci-hcd
Dec  2 21:43:48 ubuntu kernel: [    5.166619] usb usb2: SerialNumber: 0000:02:00.0
Dec  2 21:43:48 ubuntu kernel: [    5.167174] hub 2-0:1.0: USB hub found
Dec  2 21:43:48 ubuntu kernel: [    5.167568] hub 2-0:1.0: 8 ports detected
Dec  2 21:43:48 ubuntu kernel: [    5.168335] mousedev: PS/2 mouse device common for all mice
Dec  2 21:43:48 ubuntu kernel: [    5.169198] rtc-efi rtc-efi.0: registered as rtc0
Dec  2 21:43:48 ubuntu kernel: [    5.169900] rtc-efi rtc-efi.0: setting system clock to 2020-12-02T13:43:44 UTC (1606916624)
Dec  2 21:43:48 ubuntu kernel: [    5.170809] i2c /dev entries driver
Dec  2 21:43:48 ubuntu kernel: [    5.171390] device-mapper: uevent: version 1.0.3
Dec  2 21:43:48 ubuntu kernel: [    5.171957] device-mapper: ioctl: 4.42.0-ioctl (2020-02-27) initialised: dm-devel@redhat.com
Dec  2 21:43:48 ubuntu kernel: [    5.173799] ledtrig-cpu: registered to indicate activity on CPUs
Dec  2 21:43:48 ubuntu kernel: [    5.174507] EFI Variables Facility v0.08 2004-May-17
Dec  2 21:43:48 ubuntu kernel: [    5.179452] NET: Registered protocol family 10
Dec  2 21:43:48 ubuntu kernel: [    5.191546] Segment Routing with IPv6
Dec  2 21:43:48 ubuntu kernel: [    5.192621] NET: Registered protocol family 17
Dec  2 21:43:48 ubuntu kernel: [    5.194009] Key type dns_resolver registered
Dec  2 21:43:48 ubuntu kernel: [    5.195484] registered taskstats version 1
Dec  2 21:43:48 ubuntu kernel: [    5.196270] Loading compiled-in X.509 certificates
Dec  2 21:43:48 ubuntu kernel: [    5.200006] Loaded X.509 cert 'Build time autogenerated kernel key: 5fc9bbbf10d23f3f9dda6c889ba5358a20950e89'
Dec  2 21:43:48 ubuntu kernel: [    5.202069] zswap: loaded using pool lzo/zbud
Dec  2 21:43:48 ubuntu kernel: [    5.203597] Key type ._fscrypt registered
Dec  2 21:43:48 ubuntu kernel: [    5.204076] Key type .fscrypt registered
Dec  2 21:43:48 ubuntu kernel: [    5.204525] Key type fscrypt-provisioning registered
Dec  2 21:43:48 ubuntu kernel: [    5.219962] cryptd: max_cpu_qlen set to 1000
Dec  2 21:43:48 ubuntu kernel: [    5.284074] Key type big_key registered
Dec  2 21:43:48 ubuntu kernel: [    5.299912] Key type encrypted registered
Dec  2 21:43:48 ubuntu kernel: [    5.300309] AppArmor: AppArmor sha1 policy hashing enabled
Dec  2 21:43:48 ubuntu kernel: [    5.300971] ima: No TPM chip found, activating TPM-bypass!
Dec  2 21:43:48 ubuntu kernel: [    5.301505] ima: Allocated hash algorithm: sha1
Dec  2 21:43:48 ubuntu kernel: [    5.301982] ima: No architecture policies found
Dec  2 21:43:48 ubuntu kernel: [    5.302430] evm: Initialising EVM extended attributes:
Dec  2 21:43:48 ubuntu kernel: [    5.302936] evm: security.selinux
Dec  2 21:43:48 ubuntu kernel: [    5.303251] evm: security.SMACK64
Dec  2 21:43:48 ubuntu kernel: [    5.303566] evm: security.SMACK64EXEC
Dec  2 21:43:48 ubuntu kernel: [    5.303913] evm: security.SMACK64TRANSMUTE
Dec  2 21:43:48 ubuntu kernel: [    5.304301] evm: security.SMACK64MMAP
Dec  2 21:43:48 ubuntu kernel: [    5.304652] evm: security.apparmor
Dec  2 21:43:48 ubuntu kernel: [    5.304977] evm: security.ima
Dec  2 21:43:48 ubuntu kernel: [    5.305255] evm: security.capability
Dec  2 21:43:48 ubuntu kernel: [    5.305595] evm: HMAC attrs: 0x1
Dec  2 21:43:48 ubuntu kernel: [    5.309327] Freeing unused kernel memory: 7040K
Dec  2 21:43:48 ubuntu kernel: [    5.384461] Checked W+X mappings: passed, no W+X pages found
Dec  2 21:43:48 ubuntu kernel: [    5.385132] Run /init as init process
Dec  2 21:43:48 ubuntu kernel: [    5.385482]   with arguments:
Dec  2 21:43:48 ubuntu kernel: [    5.385483]     /init
Dec  2 21:43:48 ubuntu kernel: [    5.385484]   with environment:
Dec  2 21:43:48 ubuntu kernel: [    5.385485]     HOME=/
Dec  2 21:43:48 ubuntu kernel: [    5.385485]     TERM=linux
Dec  2 21:43:48 ubuntu kernel: [    5.385486]     BOOT_IMAGE=/boot/vmlinuz-5.7.1
Dec  2 21:43:48 ubuntu kernel: [    5.495908] scsi host0: Virtio SCSI HBA
Dec  2 21:43:48 ubuntu kernel: [    5.497464] scsi 0:0:0:0: Direct-Access     QEMU     QEMU HARDDISK    2.5+ PQ: 0 ANSI: 5
Dec  2 21:43:48 ubuntu kernel: [    5.502241] scsi 0:0:0:1: CD-ROM            QEMU     QEMU CD-ROM      2.5+ PQ: 0 ANSI: 5
Dec  2 21:43:48 ubuntu kernel: [    5.523646] virtio_net virtio0 enp1s0: renamed from eth0
Dec  2 21:43:48 ubuntu kernel: [    5.537667] random: fast init done
Dec  2 21:43:48 ubuntu kernel: [    5.539221] sd 0:0:0:0: Attached scsi generic sg0 type 0
Dec  2 21:43:48 ubuntu kernel: [    5.539271] sd 0:0:0:0: Power-on or device reset occurred
Dec  2 21:43:48 ubuntu kernel: [    5.540389] sr 0:0:0:1: Power-on or device reset occurred
Dec  2 21:43:48 ubuntu kernel: [    5.540830] sd 0:0:0:0: [sda] 31457280 512-byte logical blocks: (16.1 GB/15.0 GiB)
Dec  2 21:43:48 ubuntu kernel: [    5.541280] sr 0:0:0:1: [sr0] scsi3-mmc drive: 16x/50x cd/rw xa/form2 cdda tray
Dec  2 21:43:48 ubuntu kernel: [    5.542145] sd 0:0:0:0: [sda] Write Protect is off
Dec  2 21:43:48 ubuntu kernel: [    5.542845] cdrom: Uniform CD-ROM driver Revision: 3.20
Dec  2 21:43:48 ubuntu kernel: [    5.543321] sd 0:0:0:0: [sda] Mode Sense: 63 00 00 08
Dec  2 21:43:48 ubuntu kernel: [    5.543916] sd 0:0:0:0: [sda] Write cache: enabled, read cache: enabled, doesn't support DPO or FUA
Dec  2 21:43:48 ubuntu kernel: [    5.559059] sr 0:0:0:1: Attached scsi CD-ROM sr0
Dec  2 21:43:48 ubuntu kernel: [    5.559228] sr 0:0:0:1: Attached scsi generic sg1 type 5
Dec  2 21:43:48 ubuntu kernel: [    5.560897]  sda: sda1 sda2
Dec  2 21:43:48 ubuntu kernel: [    5.563154] sd 0:0:0:0: [sda] Attached SCSI disk
Dec  2 21:43:48 ubuntu kernel: [    5.590910] random: lvm: uninitialized urandom read (4 bytes read)
Dec  2 21:43:48 ubuntu kernel: [    5.609293] random: lvm: uninitialized urandom read (2 bytes read)
Dec  2 21:43:48 ubuntu kernel: [    6.905888] raid6: neonx8   gen() 11589 MB/s
Dec  2 21:43:48 ubuntu kernel: [    6.973880] raid6: neonx8   xor()  8142 MB/s
Dec  2 21:43:48 ubuntu kernel: [    7.041877] raid6: neonx4   gen() 11110 MB/s
Dec  2 21:43:48 ubuntu kernel: [    7.109885] raid6: neonx4   xor()  7797 MB/s
Dec  2 21:43:48 ubuntu kernel: [    7.177875] raid6: neonx2   gen()  9120 MB/s
Dec  2 21:43:48 ubuntu kernel: [    7.245900] raid6: neonx2   xor()  6592 MB/s
Dec  2 21:43:48 ubuntu kernel: [    7.313875] raid6: neonx1   gen()  6745 MB/s
Dec  2 21:43:48 ubuntu kernel: [    7.381902] raid6: neonx1   xor()  2859 MB/s
Dec  2 21:43:48 ubuntu kernel: [    7.449877] raid6: int64x8  gen()  5824 MB/s
Dec  2 21:43:48 ubuntu kernel: [    7.517900] raid6: int64x8  xor()  3613 MB/s
Dec  2 21:43:48 ubuntu kernel: [    7.585887] raid6: int64x4  gen()  7229 MB/s
Dec  2 21:43:48 ubuntu kernel: [    7.637948] pcieport 0000:00:01.3: pciehp: Failed to check link status
Dec  2 21:43:48 ubuntu kernel: [    7.653893] raid6: int64x4  xor()  3683 MB/s
Dec  2 21:43:48 ubuntu kernel: [    7.721897] raid6: int64x2  gen()  5952 MB/s
Dec  2 21:43:48 ubuntu kernel: [    7.789882] raid6: int64x2  xor()  1806 MB/s
Dec  2 21:43:48 ubuntu kernel: [    7.857875] raid6: int64x1  gen()  4536 MB/s
Dec  2 21:43:48 ubuntu kernel: [    7.925891] raid6: int64x1  xor()  1230 MB/s
Dec  2 21:43:48 ubuntu kernel: [    7.926366] raid6: using algorithm neonx8 gen() 11589 MB/s
Dec  2 21:43:48 ubuntu kernel: [    7.926876] raid6: .... xor() 8142 MB/s, rmw enabled
Dec  2 21:43:48 ubuntu kernel: [    7.927340] raid6: using neon recovery algorithm
Dec  2 21:43:48 ubuntu kernel: [    7.930611] xor: measuring software checksum speed
Dec  2 21:43:48 ubuntu kernel: [    7.969881]    8regs     : 13035.000 MB/sec
Dec  2 21:43:48 ubuntu kernel: [    8.009871]    32regs    : 15986.000 MB/sec
Dec  2 21:43:48 ubuntu kernel: [    8.049875]    arm64_neon: 19245.000 MB/sec
Dec  2 21:43:48 ubuntu kernel: [    8.050363] xor: using function: arm64_neon (19245.000 MB/sec)
Dec  2 21:43:48 ubuntu kernel: [    8.052209] async_tx: api initialized (async)
Dec  2 21:43:48 ubuntu kernel: [    8.106377] random: lvm: uninitialized urandom read (4 bytes read)
Dec  2 21:43:48 ubuntu kernel: [    8.123649] random: lvm: uninitialized urandom read (4 bytes read)
Dec  2 21:43:48 ubuntu kernel: [    8.203019] Btrfs loaded, crc32c=crc32c-generic
Dec  2 21:43:48 ubuntu kernel: [    8.266277] EXT4-fs (dm-0): mounted filesystem with ordered data mode. Opts: (null)
Dec  2 21:43:48 ubuntu kernel: [    8.472199] systemd[1]: systemd 237 running in system mode. (+PAM +AUDIT +SELINUX +IMA +APPARMOR +SMACK +SYSVINIT +UTMP +LIBCRYPTSETUP +GCRYPT +GNUTLS +ACL +XZ +LZ4 +SECCOMP +BLKID +ELFUTILS +KMOD -IDN2 +IDN -PCRE2 default-hierarchy=hybrid)
Dec  2 21:43:48 ubuntu kernel: [    8.474489] systemd[1]: Detected virtualization kvm.
Dec  2 21:43:48 ubuntu kernel: [    8.474965] systemd[1]: Detected architecture arm64.
Dec  2 21:43:48 ubuntu kernel: [    8.502697] systemd[1]: Set hostname to <ubuntu>.
Dec  2 21:43:48 ubuntu kernel: [    8.567238] random: systemd: uninitialized urandom read (16 bytes read)
Dec  2 21:43:48 ubuntu kernel: [    8.567977] systemd[1]: Reached target User and Group Name Lookups.
Dec  2 21:43:48 ubuntu kernel: [    8.570028] systemd[1]: Created slice System Slice.
Dec  2 21:43:48 ubuntu kernel: [    8.571113] systemd[1]: Listening on Journal Socket (/dev/log).
Dec  2 21:43:48 ubuntu kernel: [    8.572329] systemd[1]: Listening on Syslog Socket.
Dec  2 21:43:48 ubuntu kernel: [    8.573340] systemd[1]: Listening on udev Kernel Socket.
Dec  2 21:43:48 ubuntu kernel: [    8.574536] systemd[1]: Listening on Journal Audit Socket.
Dec  2 21:43:48 ubuntu kernel: [    8.609352] EXT4-fs (dm-0): re-mounted. Opts: errors=remount-ro
Dec  2 21:43:48 ubuntu kernel: [    8.610750] Loading iSCSI transport class v2.0-870.
Dec  2 21:43:48 ubuntu kernel: [    8.621076] iscsi: registered transport (tcp)
Dec  2 21:43:48 ubuntu kernel: [    8.651678] iscsi: registered transport (iser)
Dec  2 21:43:48 ubuntu kernel: [    8.668371] systemd-journald[832]: Received request to flush runtime journal from PID 1
Dec  2 21:43:48 ubuntu kernel: [    8.872730] pstore: Using crash dump compression: deflate
Dec  2 21:43:48 ubuntu kernel: [    8.893750] pstore: Registered efi as persistent store backend
Dec  2 21:43:48 ubuntu kernel: [    9.001929] Adding 1003516k swap on /dev/mapper/ubuntu--vg-swap_1.  Priority:-2 extents:1 across:1003516k FS
Dec  2 21:43:48 ubuntu kernel: [    9.233289] audit: type=1400 audit(1606916628.560:2): apparmor="STATUS" operation="profile_load" profile="unconfined" name="/usr/bin/lxc-start" pid=1198 comm="apparmor_parser"
Dec  2 21:43:48 ubuntu kernel: [    9.297696] audit: type=1400 audit(1606916628.624:3): apparmor="STATUS" operation="profile_load" profile="unconfined" name="/usr/bin/man" pid=1199 comm="apparmor_parser"
Dec  2 21:43:48 ubuntu kernel: [    9.299453] audit: type=1400 audit(1606916628.628:4): apparmor="STATUS" operation="profile_load" profile="unconfined" name="man_filter" pid=1199 comm="apparmor_parser"
Dec  2 21:43:48 ubuntu kernel: [    9.300682] audit: type=1400 audit(1606916628.628:5): apparmor="STATUS" operation="profile_load" profile="unconfined" name="man_groff" pid=1199 comm="apparmor_parser"
Dec  2 21:43:48 ubuntu kernel: [    9.325060] audit: type=1400 audit(1606916628.652:6): apparmor="STATUS" operation="profile_load" profile="unconfined" name="/usr/sbin/tcpdump" pid=1203 comm="apparmor_parser"
Dec  2 21:43:48 ubuntu kernel: [    9.412823] audit: type=1400 audit(1606916628.740:7): apparmor="STATUS" operation="profile_load" profile="unconfined" name="/sbin/dhclient" pid=1194 comm="apparmor_parser"
Dec  2 21:43:48 ubuntu kernel: [    9.414328] audit: type=1400 audit(1606916628.744:8): apparmor="STATUS" operation="profile_load" profile="unconfined" name="/usr/lib/NetworkManager/nm-dhcp-client.action" pid=1194 comm="apparmor_parser"
Dec  2 21:43:48 ubuntu kernel: [    9.415743] audit: type=1400 audit(1606916628.744:9): apparmor="STATUS" operation="profile_load" profile="unconfined" name="/usr/lib/NetworkManager/nm-dhcp-helper" pid=1194 comm="apparmor_parser"
Dec  2 21:43:48 ubuntu kernel: [    9.417083] audit: type=1400 audit(1606916628.744:10): apparmor="STATUS" operation="profile_load" profile="unconfined" name="/usr/lib/connman/scripts/dhclient-script" pid=1194 comm="apparmor_parser"
Dec  2 21:43:48 ubuntu kernel: [    9.486925] audit: type=1400 audit(1606916628.816:11): apparmor="STATUS" operation="profile_load" profile="unconfined" name="/usr/lib/snapd/snap-confine" pid=1200 comm="apparmor_parser"
Dec  2 21:43:48 ubuntu /usr/sbin/irqbalance: IRQ arch_timer(2) guessed as class 0
Dec  2 21:43:48 ubuntu kernel: [    9.571992] new mount options do not match the existing superblock, will be ignored
Dec  2 21:43:48 ubuntu /usr/sbin/irqbalance: IRQ uart-pl011(4) guessed as class 0
Dec  2 21:43:48 ubuntu systemd[1]: Starting LSB: Record successful boot for GRUB...
Dec  2 21:43:48 ubuntu /usr/sbin/irqbalance: IRQ arm-pmu(42) guessed as class 0
Dec  2 21:43:48 ubuntu /usr/sbin/irqbalance: IRQ ACPI:Event(43) guessed as class 0
Dec  2 21:43:48 ubuntu /usr/sbin/irqbalance: IRQ pciehp(44) guessed as class 0
Dec  2 21:43:48 ubuntu /usr/sbin/irqbalance: IRQ pciehp(45) guessed as class 0
Dec  2 21:43:48 ubuntu /usr/sbin/irqbalance: IRQ pciehp(46) guessed as class 0
Dec  2 21:43:48 ubuntu /usr/sbin/irqbalance: IRQ pciehp(47) guessed as class 0
Dec  2 21:43:48 ubuntu /usr/sbin/irqbalance: IRQ xhci_hcd(48) guessed as class 0
Dec  2 21:43:48 ubuntu /usr/sbin/irqbalance: IRQ xhci_hcd(49) guessed as class 0
Dec  2 21:43:48 ubuntu /usr/sbin/irqbalance: IRQ xhci_hcd(50) guessed as class 0
Dec  2 21:43:48 ubuntu /usr/sbin/irqbalance: IRQ xhci_hcd(51) guessed as class 0
Dec  2 21:43:48 ubuntu /usr/sbin/irqbalance: IRQ xhci_hcd(52) guessed as class 0
Dec  2 21:43:48 ubuntu /usr/sbin/irqbalance: IRQ xhci_hcd(53) guessed as class 0
Dec  2 21:43:48 ubuntu /usr/sbin/irqbalance: IRQ xhci_hcd(54) guessed as class 0
Dec  2 21:43:48 ubuntu /usr/sbin/irqbalance: IRQ xhci_hcd(55) guessed as class 0
Dec  2 21:43:48 ubuntu /usr/sbin/irqbalance: IRQ xhci_hcd(56) guessed as class 0
Dec  2 21:43:48 ubuntu /usr/sbin/irqbalance: IRQ xhci_hcd(57) guessed as class 0
Dec  2 21:43:48 ubuntu /usr/sbin/irqbalance: IRQ xhci_hcd(58) guessed as class 0
Dec  2 21:43:48 ubuntu /usr/sbin/irqbalance: IRQ xhci_hcd(59) guessed as class 0
Dec  2 21:43:48 ubuntu /usr/sbin/irqbalance: IRQ xhci_hcd(60) guessed as class 0
Dec  2 21:43:48 ubuntu /usr/sbin/irqbalance: IRQ xhci_hcd(61) guessed as class 0
Dec  2 21:43:48 ubuntu /usr/sbin/irqbalance: IRQ xhci_hcd(62) guessed as class 0
Dec  2 21:43:48 ubuntu /usr/sbin/irqbalance: IRQ xhci_hcd(63) guessed as class 0
Dec  2 21:43:48 ubuntu /usr/sbin/irqbalance: IRQ virtio1-config(64) guessed as class 0
Dec  2 21:43:48 ubuntu /usr/sbin/irqbalance: IRQ virtio1-control(65) guessed as class 0
Dec  2 21:43:48 ubuntu /usr/sbin/irqbalance: IRQ virtio1-event(66) guessed as class 0
Dec  2 21:43:48 ubuntu /usr/sbin/irqbalance: IRQ virtio1-request(67) guessed as class 0
Dec  2 21:43:48 ubuntu /usr/sbin/irqbalance: IRQ virtio0-config(68) guessed as class 0
Dec  2 21:43:48 ubuntu /usr/sbin/irqbalance: IRQ virtio0-input.0(69) guessed as class 0
Dec  2 21:43:48 ubuntu /usr/sbin/irqbalance: IRQ virtio0-output.0(70) guessed as class 0
Dec  2 21:43:48 ubuntu systemd[1]: Starting Login Service...
Dec  2 21:43:48 ubuntu systemd[1]: Starting LXD - container startup/shutdown...
Dec  2 21:43:48 ubuntu systemd[1]: Started System Logging Service.
Dec  2 21:43:48 ubuntu systemd[1]: Starting Authorization Manager...
Dec  2 21:43:48 ubuntu grub-common[1226]:  * Recording successful boot for GRUB
Dec  2 21:43:48 ubuntu systemd[1]: Started Login Service.
Dec  2 21:43:48 ubuntu systemd[1]: Started Unattended Upgrades Shutdown.
Dec  2 21:43:48 ubuntu grub-common[1226]:    ...done.
Dec  2 21:43:48 ubuntu systemd[1]: Started LSB: Record successful boot for GRUB.
Dec  2 21:43:48 ubuntu polkitd[1238]: started daemon version 0.105 using authority implementation `local' version `0.105'
Dec  2 21:43:48 ubuntu dbus-daemon[1209]: [system] Successfully activated service 'org.freedesktop.PolicyKit1'
Dec  2 21:43:48 ubuntu systemd[1]: Started Authorization Manager.
Dec  2 21:43:48 ubuntu accounts-daemon[1206]: started daemon version 0.6.45
Dec  2 21:43:48 ubuntu systemd[1]: Started Accounts Service.
Dec  2 21:43:48 ubuntu snapd[1220]: AppArmor status: apparmor is enabled but some kernel features are missing: dbus, network
Dec  2 21:43:48 ubuntu snapd[1220]: daemon.go:346: started snapd/2.42.1+18.04 (series 16; classic; devmode) ubuntu/18.04 (arm64) linux/5.7.1.
Dec  2 21:43:49 ubuntu networkd-dispatcher[1208]: No valid path found for iwconfig
Dec  2 21:43:49 ubuntu systemd[1]: Started Dispatcher daemon for systemd-networkd.
Dec  2 21:43:49 ubuntu snapd[1220]: daemon.go:439: adjusting startup timeout by 30s (pessimistic estimate of 30s plus 5s per snap)
Dec  2 21:43:49 ubuntu systemd[1]: Started Snappy daemon.
Dec  2 21:43:49 ubuntu systemd[1]: Starting Wait until snapd is fully seeded...
Dec  2 21:43:49 ubuntu systemd[1]: Started Wait until snapd is fully seeded.
Dec  2 21:43:50 ubuntu systemd-networkd[1138]: enp1s0: Gained IPv6LL
Dec  2 21:43:50 ubuntu systemd-networkd[1138]: enp1s0: Configured
Dec  2 21:43:50 ubuntu systemd-timesyncd[1132]: Network configuration changed, trying to establish connection.
Dec  2 21:43:50 ubuntu systemd-networkd-wait-online[1172]: ignoring: lo
Dec  2 21:43:50 ubuntu systemd-networkd-wait-online[1172]: managing: enp1s0
Dec  2 21:43:50 ubuntu systemd[1]: Started Wait for Network to be Configured.
Dec  2 21:43:50 ubuntu systemd[1]: Reached target Network is Online.
Dec  2 21:43:50 ubuntu systemd[1]: Reached target Remote File Systems (Pre).
Dec  2 21:43:50 ubuntu systemd[1]: Reached target Remote File Systems.
Dec  2 21:43:50 ubuntu systemd[1]: Starting Permit User Sessions...
Dec  2 21:43:50 ubuntu systemd[1]: Starting LSB: automatic crash report generation...
Dec  2 21:43:50 ubuntu systemd[1]: Starting Availability of block devices...
Dec  2 21:43:50 ubuntu systemd[1]: Starting OpenBSD Secure Shell server...
Dec  2 21:43:50 ubuntu systemd[1]: Started Permit User Sessions.
Dec  2 21:43:50 ubuntu systemd[1]: Started Availability of block devices.
Dec  2 21:43:50 ubuntu systemd[1]: Starting Terminate Plymouth Boot Screen...
Dec  2 21:43:50 ubuntu systemd[1]: Starting Hold until boot process finishes up...
Dec  2 21:43:50 ubuntu systemd[1]: Started Hold until boot process finishes up.
Dec  2 21:43:50 ubuntu apport[1311]:  * Starting automatic crash report generation: apport
Dec  2 21:43:50 ubuntu systemd[1]: Started Serial Getty on ttyAMA0.
Dec  2 21:43:50 ubuntu systemd[1]: Starting Set console scheme...
Dec  2 21:43:50 ubuntu kernel: [   11.077921] random: crng init done
Dec  2 21:43:50 ubuntu kernel: [   11.077924] random: 5 urandom warning(s) missed due to ratelimiting
Dec  2 21:43:50 ubuntu apport[1311]:    ...done.
Dec  2 21:43:50 ubuntu systemd[1]: Started LSB: automatic crash report generation.
Dec  2 21:43:50 ubuntu systemd[1]: Started Terminate Plymouth Boot Screen.
Dec  2 21:43:50 ubuntu systemd[1]: Started Set console scheme.
Dec  2 21:43:50 ubuntu systemd[1]: Created slice system-getty.slice.
Dec  2 21:43:50 ubuntu systemd[1]: Started Getty on tty1.
Dec  2 21:43:50 ubuntu systemd[1]: Reached target Login Prompts.
Dec  2 21:43:50 ubuntu systemd[1]: Started OpenBSD Secure Shell server.
Dec  2 21:43:50 ubuntu systemd[1]: Started LXD - container startup/shutdown.
Dec  2 21:43:50 ubuntu systemd[1]: Reached target Multi-User System.
Dec  2 21:43:50 ubuntu systemd[1]: Reached target Graphical Interface.
Dec  2 21:43:50 ubuntu systemd[1]: Starting Update UTMP about System Runlevel Changes...
Dec  2 21:43:50 ubuntu systemd[1]: Started Update UTMP about System Runlevel Changes.
Dec  2 21:43:50 ubuntu systemd[1]: Startup finished in 8.317s (kernel) + 2.661s (userspace) = 10.978s.
Dec  2 21:43:50 ubuntu kernel: [   11.114244] fbcon: Taking over console
Dec  2 21:44:00 ubuntu systemd[1]: Created slice User Slice of huawei.
Dec  2 21:44:00 ubuntu systemd[1]: Starting User Manager for UID 1000...
Dec  2 21:44:00 ubuntu systemd[1]: Started Session 1 of user huawei.
Dec  2 21:44:00 ubuntu systemd[1580]: Listening on GnuPG cryptographic agent and passphrase cache (restricted).
Dec  2 21:44:00 ubuntu systemd[1580]: Listening on GnuPG network certificate management daemon.
Dec  2 21:44:00 ubuntu systemd[1580]: Reached target Timers.
Dec  2 21:44:00 ubuntu systemd[1580]: Listening on GnuPG cryptographic agent and passphrase cache.
Dec  2 21:44:00 ubuntu systemd[1580]: Reached target Paths.
Dec  2 21:44:00 ubuntu systemd[1580]: Listening on REST API socket for snapd user session agent.
Dec  2 21:44:00 ubuntu systemd[1580]: Listening on GnuPG cryptographic agent (ssh-agent emulation).
Dec  2 21:44:00 ubuntu systemd[1580]: Listening on GnuPG cryptographic agent and passphrase cache (access for web browsers).
Dec  2 21:44:00 ubuntu systemd[1580]: Reached target Sockets.
Dec  2 21:44:00 ubuntu systemd[1580]: Reached target Basic System.
Dec  2 21:44:00 ubuntu systemd[1580]: Reached target Default.
Dec  2 21:44:00 ubuntu systemd[1580]: Startup finished in 44ms.
Dec  2 21:44:00 ubuntu systemd[1]: Started User Manager for UID 1000.
Dec  2 21:44:04 ubuntu snapd[1220]: daemon.go:540: gracefully waiting for running hooks
Dec  2 21:44:04 ubuntu snapd[1220]: daemon.go:542: done waiting for running hooks
Dec  2 21:44:04 ubuntu snapd[1220]: daemon stop requested to wait for socket activation
Dec  2 21:44:05 ubuntu kernel: [   26.519182] Page table allocation set to fixed on node 0
Dec  2 21:44:05 ubuntu kernel: [   26.520123] [mitosis] pgd_alloc: pid = 1633
Dec  2 21:44:05 ubuntu kernel: [   26.520125] [mitosis] pgd_alloc for mm=ffff0004d6d71400 and mm->pgd =ffff0004d66cc000.
Dec  2 21:44:05 ubuntu kernel: [   26.520126] PTREPL: set state to deactivated.
Dec  2 21:44:05 ubuntu kernel: [   26.525621] PROCFS: Command ot drain the pgtable cache
Dec  2 21:44:05 ubuntu kernel: [   26.533621] PROCFS: Command ot populate the pgtable cache
Dec  2 21:44:05 ubuntu kernel: [   26.533623] PGREPL: populating pgtable cache with 1100000 tables per node
Dec  2 21:44:05 ubuntu kernel: [   26.533624] PGREPL: populating pgtable cache node[0] with 1100000 tables
Dec  2 21:44:07 ubuntu kernel: [   27.809157] PGREPL: node[0] populated with 1100000  tables
Dec  2 21:44:07 ubuntu kernel: [   27.840354] [mitosis] kernel_set_pgtlbreplpolicy: mode = 3
Dec  2 21:44:07 ubuntu kernel: [   27.840356] [mitosis] NOTE: mode == 1
Dec  2 21:44:07 ubuntu kernel: [   27.840357] [mitosis] NOTE: pgtable replication start to check...
Dec  2 21:44:07 ubuntu kernel: [   27.840358] [mitosis] kernel_set_pgtlbreplpolicy: pid = 1678
Dec  2 21:44:07 ubuntu kernel: [   27.840359] PTREP: Called pgtbl_repl_prepare_replication
Dec  2 21:44:07 ubuntu kernel: [   27.840360] [mitosis] pgtbl_repl_prepare_replication  for mm=ffff0004dacea800.
Dec  2 21:44:07 ubuntu kernel: [   27.840361] [mitosis]------PTREPL: alloc pgd start------
Dec  2 21:44:07 ubuntu kernel: [   27.840361] [mitosis] nr_node_ids=1.
Dec  2 21:44:07 ubuntu kernel: [   27.840362] [mitosis] pgd_alloc origin mm->pgd =ffff0004d46e1000.
Dec  2 21:44:07 ubuntu kernel: [   27.840364] [mitosis] pgd_alloc mm->repl_pgd[0]=ffff0003b97d6000.
Dec  2 21:44:07 ubuntu kernel: [   27.840365] ------PTREPL: alloc pgd success------
Dec  2 21:44:07 ubuntu kernel: [   27.840367] pgtbl_repl_prepare_replication:1150 pgd=ffff0004d46e1000..ffff0004d46e1fff
Dec  2 21:44:07 ubuntu kernel: [   27.840369] PTREP: pgd_idx = 341and pgd=ffff0004d46e1aa8  and pgd[341]=518c06003
Dec  2 21:44:07 ubuntu kernel: [   27.840370] pgtbl_repl_prepare_replication:1158 pgd[341]'s pud=ffff0004d8c06000..ffff0004d8c06fff
Dec  2 21:44:07 ubuntu kernel: [   27.840371] pgtbl_repl_prepare_replication:1162 another func __va pud=ffff0004d8c06000..ffff0004d8c06fff
Dec  2 21:44:07 ubuntu kernel: [   27.840372] pgtbl_repl_prepare_replication:1163 1 pfn=518c06   2 pfn=518c06
Dec  2 21:44:07 ubuntu kernel: [   27.840374] [mitosis] __pgtable_repl_alloc_one origin pagep=ffff0004d8c06000 and new pagep = ffff0003b97d5000
Dec  2 21:44:07 ubuntu kernel: [   27.840374] ------PTREPL: set_pgd start------
Dec  2 21:44:07 ubuntu kernel: [   27.840375] ------ 1 . page_pgd->replica_node_id = -1------
Dec  2 21:44:07 ubuntu kernel: [   27.840377] PTREP: set_pgd offset=aa8 and node0 origin pgd=ffff0003b97d6000  and pgd+offset=ffff0003b97d6aa8  and pud=ffff0003b97d5000 and pdgval=3f97d5003
Dec  2 21:44:07 ubuntu kernel: [   27.840378] PTREP: set_pgd  origin pgdval=3f97d5003  and another func pgdval=3f97d5003
Dec  2 21:44:07 ubuntu kernel: [   27.840379] ------PTREPL: set_pgd done------
Dec  2 21:44:07 ubuntu kernel: [   27.840379] [mitosis] start search pud .......
Dec  2 21:44:07 ubuntu kernel: [   27.840381] PTREP: pud_idx = 171and pud=ffff0004d8c06558  and pud[171]=513c43003
Dec  2 21:44:07 ubuntu kernel: [   27.840382] pgtbl_repl_prepare_replication:1182 pud[171]'s pmd=ffff0004d3c43000..ffff0004d3c43fff
Dec  2 21:44:07 ubuntu kernel: [   27.840383] pgtbl_repl_prepare_replication:1183 1 pfn=513c43   2 pfn=513c43
Dec  2 21:44:07 ubuntu kernel: [   27.840385] [mitosis] __pgtable_repl_alloc_one origin pagep=ffff0004d3c43000 and new pagep = ffff0003b97d4000
Dec  2 21:44:07 ubuntu kernel: [   27.840385] ------PTREPL: set_pud start------
Dec  2 21:44:07 ubuntu kernel: [   27.840386] ------ 1 . page_pud->replica_node_id = -1------
Dec  2 21:44:07 ubuntu kernel: [   27.840388] PTREP: set_pud offset=558 and node0 origin pud=ffff0003b97d5000  and pud+offset=ffff0003b97d5558  and pmd=ffff0003b97d4000 and pudval=3f97d4003
Dec  2 21:44:07 ubuntu kernel: [   27.840388] ------PTREPL: set_pud done------
Dec  2 21:44:07 ubuntu kernel: [   27.840390] PTREP: pmd_idx = 177and pmd=ffff0004d3c43588  and pmd[177]=516cd9003
Dec  2 21:44:07 ubuntu kernel: [   27.840391] pgtbl_repl_prepare_replication:1202 pmd[177]'s pte=ffff0004d6cd9000..ffff0004d6cd9fff
Dec  2 21:44:07 ubuntu kernel: [   27.840392] pgtbl_repl_prepare_replication:1203 1 pfn=516cd9   2 pfn=516cd9
Dec  2 21:44:07 ubuntu kernel: [   27.840393] [mitosis] __pgtable_repl_alloc_one origin pagep=ffff0004d6cd9000 and new pagep = ffff0003b97d3000
Dec  2 21:44:07 ubuntu kernel: [   27.840394] ------PTREPL: set_pmd start------
Dec  2 21:44:07 ubuntu kernel: [   27.840395] ------ 1 . page_pmd->replica_node_id = -1------
Dec  2 21:44:07 ubuntu kernel: [   27.840396] PTREP: set_pmd offset=588 and node0 origin pmd=ffff0003b97d4000  and pmd+offset=ffff0003b97d4588  and pte=ffff0003b97d3000 and pmdval=3f97d3003
Dec  2 21:44:07 ubuntu kernel: [   27.840397] ------PTREPL: set_pmd done------
Dec  2 21:44:07 ubuntu kernel: [   27.840398] ------PTREPL: set_pte start------
Dec  2 21:44:07 ubuntu kernel: [   27.840398] ------ 1 . page_pte->replica_node_id = -1------
Dec  2 21:44:07 ubuntu kernel: [   27.840400] PTREP: set_pte offset=2d8 and node0 origin pte=ffff0003b97d3000  and pte+offset=ffff0003b97d32d8  and pteval=20000505e76fd3
Dec  2 21:44:07 ubuntu kernel: [   27.840401] ------PTREPL: set_pte start------
Dec  2 21:44:07 ubuntu kernel: [   27.840401] ------ 1 . page_pte->replica_node_id = -1------
Dec  2 21:44:07 ubuntu kernel: [   27.840402] PTREP: set_pte offset=2e0 and node0 origin pte=ffff0003b97d3000  and pte+offset=ffff0003b97d32e0  and pteval=200005059d5fd3
Dec  2 21:44:07 ubuntu kernel: [   27.840403] ------PTREPL: set_pte start------
Dec  2 21:44:07 ubuntu kernel: [   27.840404] ------ 1 . page_pte->replica_node_id = -1------
Dec  2 21:44:07 ubuntu kernel: [   27.840406] PTREP: set_pte offset=2e8 and node0 origin pte=ffff0003b97d3000  and pte+offset=ffff0003b97d32e8  and pteval=2000050765efd3
Dec  2 21:44:07 ubuntu kernel: [   27.840406] ------PTREPL: set_pte start------
Dec  2 21:44:07 ubuntu kernel: [   27.840407] ------ 1 . page_pte->replica_node_id = -1------
Dec  2 21:44:07 ubuntu kernel: [   27.840408] PTREP: set_pte offset=2f0 and node0 origin pte=ffff0003b97d3000  and pte+offset=ffff0003b97d32f0  and pteval=2000050f554fd3
Dec  2 21:44:07 ubuntu kernel: [   27.840409] ------PTREPL: set_pte start------
Dec  2 21:44:07 ubuntu kernel: [   27.840409] ------ 1 . page_pte->replica_node_id = -1------
Dec  2 21:44:07 ubuntu kernel: [   27.840410] PTREP: set_pte offset=2f8 and node0 origin pte=ffff0003b97d3000  and pte+offset=ffff0003b97d32f8  and pteval=2000050f92bfd3
Dec  2 21:44:07 ubuntu kernel: [   27.840411] ------PTREPL: set_pte start------
Dec  2 21:44:07 ubuntu kernel: [   27.840412] ------ 1 . page_pte->replica_node_id = -1------
Dec  2 21:44:07 ubuntu kernel: [   27.840413] PTREP: set_pte offset=300 and node0 origin pte=ffff0003b97d3000  and pte+offset=ffff0003b97d3300  and pteval=2000050cbbbfd3
Dec  2 21:44:07 ubuntu kernel: [   27.840413] ------PTREPL: set_pte start------
Dec  2 21:44:07 ubuntu kernel: [   27.840414] ------ 1 . page_pte->replica_node_id = -1------
Dec  2 21:44:07 ubuntu kernel: [   27.840415] PTREP: set_pte offset=388 and node0 origin pte=ffff0003b97d3000  and pte+offset=ffff0003b97d3388  and pteval=e000050db6dfd3
Dec  2 21:44:07 ubuntu kernel: [   27.840416] ------PTREPL: set_pte start------
Dec  2 21:44:07 ubuntu kernel: [   27.840416] ------ 1 . page_pte->replica_node_id = -1------
Dec  2 21:44:07 ubuntu kernel: [   27.840417] PTREP: set_pte offset=390 and node0 origin pte=ffff0003b97d3000  and pte+offset=ffff0003b97d3390  and pteval=e800050ecf1f53
Dec  2 21:44:07 ubuntu kernel: [   27.840419] PTREP: pmd_idx = 462and pmd=ffff0004d3c43e70  and pmd[462]=51d6e3003
Dec  2 21:44:07 ubuntu kernel: [   27.840420] pgtbl_repl_prepare_replication:1202 pmd[462]'s pte=ffff0004dd6e3000..ffff0004dd6e3fff
Dec  2 21:44:07 ubuntu kernel: [   27.840421] pgtbl_repl_prepare_replication:1203 1 pfn=51d6e3   2 pfn=51d6e3
Dec  2 21:44:07 ubuntu kernel: [   27.840423] [mitosis] __pgtable_repl_alloc_one origin pagep=ffff0004dd6e3000 and new pagep = ffff0003b97d2000
Dec  2 21:44:07 ubuntu kernel: [   27.840424] ------PTREPL: set_pmd start------
Dec  2 21:44:07 ubuntu kernel: [   27.840424] ------ 1 . page_pmd->replica_node_id = -1------
Dec  2 21:44:07 ubuntu kernel: [   27.840426] PTREP: set_pmd offset=e70 and node0 origin pmd=ffff0003b97d4000  and pmd+offset=ffff0003b97d4e70  and pte=ffff0003b97d2000 and pmdval=3f97d2003
Dec  2 21:44:07 ubuntu kernel: [   27.840426] ------PTREPL: set_pmd done------
Dec  2 21:44:07 ubuntu kernel: [   27.840427] ------PTREPL: set_pte start------
Dec  2 21:44:07 ubuntu kernel: [   27.840428] ------ 1 . page_pte->replica_node_id = -1------
Dec  2 21:44:07 ubuntu kernel: [   27.840429] PTREP: set_pte offset=770 and node0 origin pte=ffff0003b97d2000  and pte+offset=ffff0003b97d2770  and pteval=e80004d21f5f53
Dec  2 21:44:07 ubuntu kernel: [   27.840430] ------PTREPL: set_pte start------
Dec  2 21:44:07 ubuntu kernel: [   27.840430] ------ 1 . page_pte->replica_node_id = -1------
Dec  2 21:44:07 ubuntu kernel: [   27.840431] PTREP: set_pte offset=778 and node0 origin pte=ffff0003b97d2000  and pte+offset=ffff0003b97d2778  and pteval=e80005052f1f53
Dec  2 21:44:07 ubuntu kernel: [   27.840432] ------PTREPL: set_pte start------
Dec  2 21:44:07 ubuntu kernel: [   27.840433] ------ 1 . page_pte->replica_node_id = -1------
Dec  2 21:44:07 ubuntu kernel: [   27.840434] PTREP: set_pte offset=7b0 and node0 origin pte=ffff0003b97d2000  and pte+offset=ffff0003b97d27b0  and pteval=e80004d5cb9f53
Dec  2 21:44:07 ubuntu kernel: [   27.840434] ------PTREPL: set_pte start------
Dec  2 21:44:07 ubuntu kernel: [   27.840435] ------ 1 . page_pte->replica_node_id = -1------
Dec  2 21:44:07 ubuntu kernel: [   27.840436] PTREP: set_pte offset=7b8 and node0 origin pte=ffff0003b97d2000  and pte+offset=ffff0003b97d27b8  and pteval=e80004d364af53
Dec  2 21:44:07 ubuntu kernel: [   27.840438] ===================================== end of a page
Dec  2 21:44:07 ubuntu kernel: [   27.840439] PTREP: pgd_idx = 511and pgd=ffff0004d46e1ff8  and pgd[511]=51c9fa003
Dec  2 21:44:07 ubuntu kernel: [   27.840440] pgtbl_repl_prepare_replication:1158 pgd[511]'s pud=ffff0004dc9fa000..ffff0004dc9fafff
Dec  2 21:44:07 ubuntu kernel: [   27.840441] pgtbl_repl_prepare_replication:1162 another func __va pud=ffff0004dc9fa000..ffff0004dc9fafff
Dec  2 21:44:07 ubuntu kernel: [   27.840442] pgtbl_repl_prepare_replication:1163 1 pfn=51c9fa   2 pfn=51c9fa
Dec  2 21:44:07 ubuntu kernel: [   27.840443] [mitosis] __pgtable_repl_alloc_one origin pagep=ffff0004dc9fa000 and new pagep = ffff0003b97d1000
Dec  2 21:44:07 ubuntu kernel: [   27.840444] ------PTREPL: set_pgd start------
Dec  2 21:44:07 ubuntu kernel: [   27.840445] ------ 1 . page_pgd->replica_node_id = -1------
Dec  2 21:44:07 ubuntu kernel: [   27.840446] PTREP: set_pgd offset=ff8 and node0 origin pgd=ffff0003b97d6000  and pgd+offset=ffff0003b97d6ff8  and pud=ffff0003b97d1000 and pdgval=3f97d1003
Dec  2 21:44:07 ubuntu kernel: [   27.840447] PTREP: set_pgd  origin pgdval=3f97d1003  and another func pgdval=3f97d1003
Dec  2 21:44:07 ubuntu kernel: [   27.840447] ------PTREPL: set_pgd done------
Dec  2 21:44:07 ubuntu kernel: [   27.840448] [mitosis] start search pud .......
Dec  2 21:44:07 ubuntu kernel: [   27.840449] PTREP: pud_idx = 510and pud=ffff0004dc9faff0  and pud[510]=51390a003
Dec  2 21:44:07 ubuntu kernel: [   27.840450] pgtbl_repl_prepare_replication:1182 pud[510]'s pmd=ffff0004d390a000..ffff0004d390afff
Dec  2 21:44:07 ubuntu kernel: [   27.840451] pgtbl_repl_prepare_replication:1183 1 pfn=51390a   2 pfn=51390a
Dec  2 21:44:07 ubuntu kernel: [   27.840453] [mitosis] __pgtable_repl_alloc_one origin pagep=ffff0004d390a000 and new pagep = ffff0003b97d0000
Dec  2 21:44:07 ubuntu kernel: [   27.840453] ------PTREPL: set_pud start------
Dec  2 21:44:07 ubuntu kernel: [   27.840454] ------ 1 . page_pud->replica_node_id = -1------
Dec  2 21:44:07 ubuntu kernel: [   27.840455] PTREP: set_pud offset=ff0 and node0 origin pud=ffff0003b97d1000  and pud+offset=ffff0003b97d1ff0  and pmd=ffff0003b97d0000 and pudval=3f97d0003
Dec  2 21:44:07 ubuntu kernel: [   27.840456] ------PTREPL: set_pud done------
Dec  2 21:44:07 ubuntu kernel: [   27.840457] PTREP: pmd_idx = 88and pmd=ffff0004d390a2c0  and pmd[88]=4d45a5003
Dec  2 21:44:07 ubuntu kernel: [   27.840458] pgtbl_repl_prepare_replication:1202 pmd[88]'s pte=ffff0004945a5000..ffff0004945a5fff
Dec  2 21:44:07 ubuntu kernel: [   27.840459] pgtbl_repl_prepare_replication:1203 1 pfn=4d45a5   2 pfn=4d45a5
Dec  2 21:44:07 ubuntu kernel: [   27.840461] [mitosis] __pgtable_repl_alloc_one origin pagep=ffff0004945a5000 and new pagep = ffff0003b97cf000
Dec  2 21:44:07 ubuntu kernel: [   27.840461] ------PTREPL: set_pmd start------
Dec  2 21:44:07 ubuntu kernel: [   27.840462] ------ 1 . page_pmd->replica_node_id = -1------
Dec  2 21:44:07 ubuntu kernel: [   27.840463] PTREP: set_pmd offset=2c0 and node0 origin pmd=ffff0003b97d0000  and pmd+offset=ffff0003b97d02c0  and pte=ffff0003b97cf000 and pmdval=3f97cf003
Dec  2 21:44:07 ubuntu kernel: [   27.840463] ------PTREPL: set_pmd done------
Dec  2 21:44:07 ubuntu kernel: [   27.840465] ------PTREPL: set_pte start------
Dec  2 21:44:07 ubuntu kernel: [   27.840465] ------ 1 . page_pte->replica_node_id = -1------
Dec  2 21:44:07 ubuntu kernel: [   27.840466] PTREP: set_pte offset=9f0 and node0 origin pte=ffff0003b97cf000  and pte+offset=ffff0003b97cf9f0  and pteval=e8000509ab7f53
Dec  2 21:44:07 ubuntu kernel: [   27.840467] ------PTREPL: set_pte start------
Dec  2 21:44:07 ubuntu kernel: [   27.840468] ------ 1 . page_pte->replica_node_id = -1------
Dec  2 21:44:07 ubuntu kernel: [   27.840469] PTREP: set_pte offset=a00 and node0 origin pte=ffff0003b97cf000  and pte+offset=ffff0003b97cfa00  and pteval=200004d34fffd3
Dec  2 21:44:07 ubuntu kernel: [   27.840469] ------PTREPL: set_pte start------
Dec  2 21:44:07 ubuntu kernel: [   27.840470] ------ 1 . page_pte->replica_node_id = -1------
Dec  2 21:44:07 ubuntu kernel: [   27.840471] PTREP: set_pte offset=a08 and node0 origin pte=ffff0003b97cf000  and pte+offset=ffff0003b97cfa08  and pteval=200004d5e66fd3
Dec  2 21:44:07 ubuntu kernel: [   27.840472] ------PTREPL: set_pte start------
Dec  2 21:44:07 ubuntu kernel: [   27.840472] ------ 1 . page_pte->replica_node_id = -1------
Dec  2 21:44:07 ubuntu kernel: [   27.840473] PTREP: set_pte offset=a10 and node0 origin pte=ffff0003b97cf000  and pte+offset=ffff0003b97cfa10  and pteval=200004d6169fd3
Dec  2 21:44:07 ubuntu kernel: [   27.840474] ------PTREPL: set_pte start------
Dec  2 21:44:07 ubuntu kernel: [   27.840474] ------ 1 . page_pte->replica_node_id = -1------
Dec  2 21:44:07 ubuntu kernel: [   27.840475] PTREP: set_pte offset=a18 and node0 origin pte=ffff0003b97cf000  and pte+offset=ffff0003b97cfa18  and pteval=200004d61a6fd3
Dec  2 21:44:07 ubuntu kernel: [   27.840476] ------PTREPL: set_pte start------
Dec  2 21:44:07 ubuntu kernel: [   27.840477] ------ 1 . page_pte->replica_node_id = -1------
Dec  2 21:44:07 ubuntu kernel: [   27.840478] PTREP: set_pte offset=a20 and node0 origin pte=ffff0003b97cf000  and pte+offset=ffff0003b97cfa20  and pteval=2000053c265fd3
Dec  2 21:44:07 ubuntu kernel: [   27.840478] ------PTREPL: set_pte start------
Dec  2 21:44:07 ubuntu kernel: [   27.840479] ------ 1 . page_pte->replica_node_id = -1------
Dec  2 21:44:07 ubuntu kernel: [   27.840480] PTREP: set_pte offset=a28 and node0 origin pte=ffff0003b97cf000  and pte+offset=ffff0003b97cfa28  and pteval=2000053c266fd3
Dec  2 21:44:07 ubuntu kernel: [   27.840481] ------PTREPL: set_pte start------
Dec  2 21:44:07 ubuntu kernel: [   27.840481] ------ 1 . page_pte->replica_node_id = -1------
Dec  2 21:44:07 ubuntu kernel: [   27.840482] PTREP: set_pte offset=a30 and node0 origin pte=ffff0003b97cf000  and pte+offset=ffff0003b97cfa30  and pteval=2000053c267fd3
Dec  2 21:44:07 ubuntu kernel: [   27.840483] ------PTREPL: set_pte start------
Dec  2 21:44:07 ubuntu kernel: [   27.840484] ------ 1 . page_pte->replica_node_id = -1------
Dec  2 21:44:07 ubuntu kernel: [   27.840485] PTREP: set_pte offset=a38 and node0 origin pte=ffff0003b97cf000  and pte+offset=ffff0003b97cfa38  and pteval=200004d2056fd3
Dec  2 21:44:07 ubuntu kernel: [   27.840485] ------PTREPL: set_pte start------
Dec  2 21:44:07 ubuntu kernel: [   27.840486] ------ 1 . page_pte->replica_node_id = -1------
Dec  2 21:44:07 ubuntu kernel: [   27.840487] PTREP: set_pte offset=a40 and node0 origin pte=ffff0003b97cf000  and pte+offset=ffff0003b97cfa40  and pteval=200004d62d6fd3
Dec  2 21:44:07 ubuntu kernel: [   27.840487] ------PTREPL: set_pte start------
Dec  2 21:44:07 ubuntu kernel: [   27.840488] ------ 1 . page_pte->replica_node_id = -1------
Dec  2 21:44:07 ubuntu kernel: [   27.840489] PTREP: set_pte offset=a48 and node0 origin pte=ffff0003b97cf000  and pte+offset=ffff0003b97cfa48  and pteval=200004d5e79fd3
Dec  2 21:44:07 ubuntu kernel: [   27.840490] ------PTREPL: set_pte start------
Dec  2 21:44:07 ubuntu kernel: [   27.840490] ------ 1 . page_pte->replica_node_id = -1------
Dec  2 21:44:07 ubuntu kernel: [   27.840491] PTREP: set_pte offset=a50 and node0 origin pte=ffff0003b97cf000  and pte+offset=ffff0003b97cfa50  and pteval=200004d61b5fd3
Dec  2 21:44:07 ubuntu kernel: [   27.840492] ------PTREPL: set_pte start------
Dec  2 21:44:07 ubuntu kernel: [   27.840493] ------ 1 . page_pte->replica_node_id = -1------
Dec  2 21:44:07 ubuntu kernel: [   27.840494] PTREP: set_pte offset=a58 and node0 origin pte=ffff0003b97cf000  and pte+offset=ffff0003b97cfa58  and pteval=2000053c391fd3
Dec  2 21:44:07 ubuntu kernel: [   27.840494] ------PTREPL: set_pte start------
Dec  2 21:44:07 ubuntu kernel: [   27.840495] ------ 1 . page_pte->replica_node_id = -1------
Dec  2 21:44:07 ubuntu kernel: [   27.840496] PTREP: set_pte offset=a60 and node0 origin pte=ffff0003b97cf000  and pte+offset=ffff0003b97cfa60  and pteval=200004d23edfd3
Dec  2 21:44:07 ubuntu kernel: [   27.840496] ------PTREPL: set_pte start------
Dec  2 21:44:07 ubuntu kernel: [   27.840497] ------ 1 . page_pte->replica_node_id = -1------
Dec  2 21:44:07 ubuntu kernel: [   27.840498] PTREP: set_pte offset=a68 and node0 origin pte=ffff0003b97cf000  and pte+offset=ffff0003b97cfa68  and pteval=200004d2222fd3
Dec  2 21:44:07 ubuntu kernel: [   27.840499] ------PTREPL: set_pte start------
Dec  2 21:44:07 ubuntu kernel: [   27.840499] ------ 1 . page_pte->replica_node_id = -1------
Dec  2 21:44:07 ubuntu kernel: [   27.840500] PTREP: set_pte offset=a70 and node0 origin pte=ffff0003b97cf000  and pte+offset=ffff0003b97cfa70  and pteval=200004d35cafd3
Dec  2 21:44:07 ubuntu kernel: [   27.840501] ------PTREPL: set_pte start------
Dec  2 21:44:07 ubuntu kernel: [   27.840502] ------ 1 . page_pte->replica_node_id = -1------
Dec  2 21:44:07 ubuntu kernel: [   27.840503] PTREP: set_pte offset=a78 and node0 origin pte=ffff0003b97cf000  and pte+offset=ffff0003b97cfa78  and pteval=2000053bc59fd3
Dec  2 21:44:07 ubuntu kernel: [   27.840503] ------PTREPL: set_pte start------
Dec  2 21:44:07 ubuntu kernel: [   27.840504] ------ 1 . page_pte->replica_node_id = -1------
Dec  2 21:44:07 ubuntu kernel: [   27.840505] PTREP: set_pte offset=a80 and node0 origin pte=ffff0003b97cf000  and pte+offset=ffff0003b97cfa80  and pteval=2000053c373fd3
Dec  2 21:44:07 ubuntu kernel: [   27.840506] ------PTREPL: set_pte start------
