Jul 27 16:24:31 ubuntu systemd[1]: Starting Flush Journal to Persistent Storage...
Jul 27 16:24:31 ubuntu kernel: [    0.000000] Booting Linux on physical CPU 0x0000080000 [0x481fd010]
Jul 27 16:24:31 ubuntu kernel: [    0.000000] Linux version 5.7.1 (root@ubuntu) (gcc version 5.5.0 20171010 (Ubuntu/Linaro 5.5.0-12ubuntu1), GNU ld (GNU Binutils for Ubuntu) 2.30) #1 SMP Tue Jul 27 15:43:22 CST 2021
Jul 27 16:24:31 ubuntu kernel: [    0.000000] efi: EFI v2.70 by EDK II
Jul 27 16:24:31 ubuntu systemd[1]: Started udev Coldplug all Devices.
Jul 27 16:24:31 ubuntu kernel: [    0.000000] efi:  ACPI 2.0=0x2fc50000  SMBIOS 3.0=0x2fbf0000  MEMATTR=0x35e93018  ESRT=0x36117b18  MEMRESERVE=0x2fb93018 
Jul 27 16:24:31 ubuntu systemd[1]: Started Create Static Device Nodes in /dev.
Jul 27 16:24:31 ubuntu kernel: [    0.000000] esrt: Reserving ESRT space from 0x0000000036117b18 to 0x0000000036117b50.
Jul 27 16:24:31 ubuntu kernel: [    0.000000] cma: Reserved 32 MiB at 0x000000007e000000
Jul 27 16:24:31 ubuntu systemd[1]: Starting udev Kernel Device Manager...
Jul 27 16:24:31 ubuntu kernel: [    0.000000] ACPI: Early table checksum verification disabled
Jul 27 16:24:31 ubuntu kernel: [    0.000000] ACPI: RSDP 0x000000002FC50000 000024 (v02 HISI  )
Jul 27 16:24:31 ubuntu kernel: [    0.000000] ACPI: XSDT 0x000000002FC40000 0000A4 (v01 HISI   HIP08    00000000      01000013)
Jul 27 16:24:31 ubuntu kernel: [    0.000000] ACPI: FACP 0x000000002F790000 000114 (v06 HISI   HIP08    00000000 HISI 20151124)
Jul 27 16:24:31 ubuntu kernel: [    0.000000] ACPI: DSDT 0x000000002F530000 00C441 (v02 HISI   HIP08    00000000 INTL 20181213)
Jul 27 16:24:31 ubuntu systemd-modules-load[1509]: Inserted module 'lp'
Jul 27 16:24:31 ubuntu kernel: [    0.000000] ACPI: PCCT 0x000000002FC30000 00008A (v01 HISI   HIP08    00000000 HISI 20151124)
Jul 27 16:24:31 ubuntu kernel: [    0.000000] ACPI: SSDT 0x000000002FC20000 00E64A (v02 HISI   HIP07    00000000 INTL 20181213)
Jul 27 16:24:31 ubuntu systemd-modules-load[1509]: Inserted module 'ppdev'
Jul 27 16:24:31 ubuntu kernel: [    0.000000] ACPI: BERT 0x000000002FBC0000 000030 (v01 HISI   HIP08    00000000 HISI 20151124)
Jul 27 16:24:31 ubuntu kernel: [    0.000000] ACPI: HEST 0x000000002FBA0000 00058C (v01 HISI   HIP08    00000000 HISI 20151124)
Jul 27 16:24:31 ubuntu kernel: [    0.000000] ACPI: ERST 0x000000002FB60000 000230 (v01 HISI   HIP08    00000000 HISI 20151124)
Jul 27 16:24:31 ubuntu kernel: [    0.000000] ACPI: EINJ 0x000000002FB50000 000170 (v01 HISI   HIP08    00000000 HISI 20151124)
Jul 27 16:24:31 ubuntu systemd-modules-load[1509]: Failed to find module 'parport_pc'
Jul 27 16:24:31 ubuntu kernel: [    0.000000] ACPI: GTDT 0x000000002F590000 00007C (v02 HISI   HIP08    00000000 HISI 20151124)
Jul 27 16:24:31 ubuntu systemd[1]: Started LVM2 metadata daemon.
Jul 27 16:24:31 ubuntu kernel: [    0.000000] ACPI: MCFG 0x000000002F580000 00003C (v01 HISI   HIP08    00000000 HISI 20151124)
Jul 27 16:24:31 ubuntu kernel: [    0.000000] ACPI: SLIT 0x000000002F570000 00003C (v01 HISI   HIP08    00000000 HISI 20151124)
Jul 27 16:24:31 ubuntu systemd[1]: Activated swap /swapfile.
Jul 27 16:24:31 ubuntu kernel: [    0.000000] ACPI: SRAT 0x000000002F560000 0007D0 (v03 HISI   HIP08    00000000 HISI 20151124)
Jul 27 16:24:31 ubuntu kernel: [    0.000000] ACPI: SDEI 0x000000002F550000 000030 (v01 HISI   HIP08    00000000 HISI 20151124)
Jul 27 16:24:31 ubuntu systemd[1]: Reached target Swap.
Jul 27 16:24:31 ubuntu kernel: [    0.000000] ACPI: APIC 0x000000002F540000 001E6C (v04 HISI   HIP08    00000000 HISI 20151124)
Jul 27 16:24:31 ubuntu systemd[1]: Started Set the console keyboard layout.
Jul 27 16:24:31 ubuntu kernel: [    0.000000] ACPI: IORT 0x000000002F520000 001678 (v00 HISI   HIP08    00000000 INTL 20181213)
Jul 27 16:24:31 ubuntu systemd[1]: Started Monitoring of LVM2 mirrors, snapshots etc. using dmeventd or progress polling.
Jul 27 16:24:31 ubuntu kernel: [    0.000000] ACPI: PPTT 0x000000002ECE0000 0031B0 (v01 HISI   HIP08    00000000 HISI 20151124)
Jul 27 16:24:31 ubuntu kernel: [    0.000000] ACPI: SPMI 0x000000002ECD0000 000041 (v05 HISI   HIP08    00000000 HISI 20151124)
Jul 27 16:24:31 ubuntu kernel: [    0.000000] ACPI: SRAT: Node 0 PXM 0 [mem 0x2080000000-0x27ffffffff]
Jul 27 16:24:31 ubuntu kernel: [    0.000000] ACPI: SRAT: Node 1 PXM 1 [mem 0x2800000000-0x2fffffffff]
Jul 27 16:24:31 ubuntu systemd[1]: Reached target Local File Systems (Pre).
Jul 27 16:24:31 ubuntu kernel: [    0.000000] ACPI: SRAT: Node 0 PXM 0 [mem 0x00000000-0x7fffffff]
Jul 27 16:24:31 ubuntu kernel: [    0.000000] ACPI: SRAT: Node 2 PXM 2 [mem 0x202000000000-0x2027ffffffff]
Jul 27 16:24:31 ubuntu kernel: [    0.000000] ACPI: SRAT: Node 3 PXM 3 [mem 0x202800000000-0x202fffffffff]
Jul 27 16:24:31 ubuntu systemd-modules-load[1509]: Inserted module 'iscsi_tcp'
Jul 27 16:24:31 ubuntu kernel: [    0.000000] NUMA: NODE_DATA [mem 0x27ffffc300-0x27ffffffff]
Jul 27 16:24:31 ubuntu kernel: [    0.000000] NUMA: NODE_DATA [mem 0x2fffffc300-0x2fffffffff]
Jul 27 16:24:31 ubuntu kernel: [    0.000000] NUMA: NODE_DATA [mem 0x2027ffffc300-0x2027ffffffff]
Jul 27 16:24:31 ubuntu kernel: [    0.000000] NUMA: NODE_DATA [mem 0x202feffff300-0x202ff0002fff]
Jul 27 16:24:31 ubuntu systemd[1]: Started udev Kernel Device Manager.
Jul 27 16:24:31 ubuntu kernel: [    0.000000] Zone ranges:
Jul 27 16:24:31 ubuntu kernel: [    0.000000]   DMA      [mem 0x0000000000000000-0x000000003fffffff]
Jul 27 16:24:31 ubuntu kernel: [    0.000000]   DMA32    [mem 0x0000000040000000-0x00000000ffffffff]
Jul 27 16:24:31 ubuntu systemd[1]: Started Dispatch Password Requests to Console Directory Watch.
Jul 27 16:24:31 ubuntu kernel: [    0.000000]   Normal   [mem 0x0000000100000000-0x0000202fffffffff]
Jul 27 16:24:31 ubuntu kernel: [    0.000000] Movable zone start for each node
Jul 27 16:24:31 ubuntu kernel: [    0.000000] Early memory node ranges
Jul 27 16:24:31 ubuntu kernel: [    0.000000]   node   0: [mem 0x0000000000000000-0x000000000000ffff]
Jul 27 16:24:31 ubuntu kernel: [    0.000000]   node   0: [mem 0x0000000000010000-0x000000002e501fff]
Jul 27 16:24:31 ubuntu kernel: [    0.000000]   node   0: [mem 0x000000002e502000-0x000000002eccffff]
Jul 27 16:24:31 ubuntu systemd[1]: Reached target Local Encrypted Volumes.
Jul 27 16:24:31 ubuntu systemd-modules-load[1509]: Inserted module 'ib_iser'
Jul 27 16:24:31 ubuntu kernel: [    0.000000]   node   0: [mem 0x000000002ecd0000-0x000000002f59ffff]
Jul 27 16:24:31 ubuntu kernel: [    0.000000]   node   0: [mem 0x000000002f5a0000-0x000000002f78ffff]
Jul 27 16:24:31 ubuntu kernel: [    0.000000]   node   0: [mem 0x000000002f790000-0x000000002f79ffff]
Jul 27 16:24:31 ubuntu systemd[1]: systemd-modules-load.service: Main process exited, code=exited, status=1/FAILURE
Jul 27 16:24:31 ubuntu kernel: [    0.000000]   node   0: [mem 0x000000002f7a0000-0x000000002f87ffff]
Jul 27 16:24:31 ubuntu kernel: [    0.000000]   node   0: [mem 0x000000002f880000-0x000000002f8bffff]
Jul 27 16:24:31 ubuntu kernel: [    0.000000]   node   0: [mem 0x000000002f8c0000-0x000000002f95ffff]
Jul 27 16:24:31 ubuntu kernel: [    0.000000]   node   0: [mem 0x000000002f960000-0x000000002f97ffff]
Jul 27 16:24:31 ubuntu kernel: [    0.000000]   node   0: [mem 0x000000002f980000-0x000000002fabffff]
Jul 27 16:24:31 ubuntu kernel: [    0.000000]   node   0: [mem 0x000000002fac0000-0x000000002fb6ffff]
Jul 27 16:24:31 ubuntu kernel: [    0.000000]   node   0: [mem 0x000000002fb70000-0x000000002fb71fff]
Jul 27 16:24:31 ubuntu kernel: [    0.000000]   node   0: [mem 0x000000002fb72000-0x000000002fb7ffff]
Jul 27 16:24:31 ubuntu kernel: [    0.000000]   node   0: [mem 0x000000002fb80000-0x000000002fb80fff]
Jul 27 16:24:31 ubuntu kernel: [    0.000000]   node   0: [mem 0x000000002fb81000-0x000000002fb8ffff]
Jul 27 16:24:31 ubuntu kernel: [    0.000000]   node   0: [mem 0x000000002fb90000-0x000000002fb91fff]
Jul 27 16:24:31 ubuntu kernel: [    0.000000]   node   0: [mem 0x000000002fb92000-0x000000002fbaffff]
Jul 27 16:24:31 ubuntu kernel: [    0.000000]   node   0: [mem 0x000000002fbb0000-0x000000002fbb1fff]
Jul 27 16:24:31 ubuntu kernel: [    0.000000]   node   0: [mem 0x000000002fbb2000-0x000000002fbcffff]
Jul 27 16:24:31 ubuntu kernel: [    0.000000]   node   0: [mem 0x000000002fbd0000-0x000000002fbd0fff]
Jul 27 16:24:31 ubuntu kernel: [    0.000000]   node   0: [mem 0x000000002fbd1000-0x000000002fbdffff]
Jul 27 16:24:31 ubuntu kernel: [    0.000000]   node   0: [mem 0x000000002fbe0000-0x000000002fbfffff]
Jul 27 16:24:31 ubuntu systemd[1]: systemd-modules-load.service: Failed with result 'exit-code'.
Jul 27 16:24:31 ubuntu kernel: [    0.000000]   node   0: [mem 0x000000002fc00000-0x000000002fc5ffff]
Jul 27 16:24:31 ubuntu kernel: [    0.000000]   node   0: [mem 0x000000002fc60000-0x000000002fe5ffff]
Jul 27 16:24:31 ubuntu kernel: [    0.000000]   node   0: [mem 0x000000002fe60000-0x000000002fe60fff]
Jul 27 16:24:31 ubuntu kernel: [    0.000000]   node   0: [mem 0x000000002fe61000-0x000000002fe64fff]
Jul 27 16:24:31 ubuntu kernel: [    0.000000]   node   0: [mem 0x000000002fe65000-0x000000002fe6afff]
Jul 27 16:24:31 ubuntu systemd[1]: Failed to start Load Kernel Modules.
Jul 27 16:24:31 ubuntu kernel: [    0.000000]   node   0: [mem 0x000000002fe6b000-0x000000002fe6bfff]
Jul 27 16:24:31 ubuntu kernel: [    0.000000]   node   0: [mem 0x000000002fe6c000-0x000000003f02ffff]
Jul 27 16:24:31 ubuntu kernel: [    0.000000]   node   0: [mem 0x000000003f030000-0x000000003f05ffff]
Jul 27 16:24:31 ubuntu systemd[1]: Mounting FUSE Control File System...
Jul 27 16:24:31 ubuntu kernel: [    0.000000]   node   0: [mem 0x000000003f060000-0x000000003fbfffff]
Jul 27 16:24:31 ubuntu kernel: [    0.000000]   node   0: [mem 0x0000000040000000-0x0000000043ffffff]
Jul 27 16:24:31 ubuntu kernel: [    0.000000]   node   0: [mem 0x0000000044030000-0x000000004fffffff]
Jul 27 16:24:31 ubuntu kernel: [    0.000000]   node   0: [mem 0x0000000050000000-0x000000007fffffff]
Jul 27 16:24:31 ubuntu systemd[1]: Starting Apply Kernel Variables...
Jul 27 16:24:31 ubuntu kernel: [    0.000000]   node   0: [mem 0x0000002080000000-0x00000027ffffffff]
Jul 27 16:24:31 ubuntu systemd[1]: Mounting Kernel Configuration File System...
Jul 27 16:24:31 ubuntu kernel: [    0.000000]   node   1: [mem 0x0000002800000000-0x0000002fffffffff]
Jul 27 16:24:31 ubuntu kernel: [    0.000000]   node   2: [mem 0x0000202000000000-0x00002027ffffffff]
Jul 27 16:24:31 ubuntu systemd[1]: Mounted FUSE Control File System.
Jul 27 16:24:31 ubuntu kernel: [    0.000000]   node   3: [mem 0x0000202800000000-0x0000202fffffffff]
Jul 27 16:24:31 ubuntu kernel: [    0.000000] Zeroed struct page in unavailable ranges: 814 pages
Jul 27 16:24:31 ubuntu systemd[1]: Mounted Kernel Configuration File System.
Jul 27 16:24:31 ubuntu kernel: [    0.000000] Initmem setup node 0 [mem 0x0000000000000000-0x00000027ffffffff]
Jul 27 16:24:31 ubuntu systemd[1]: Started Apply Kernel Variables.
Jul 27 16:24:31 ubuntu kernel: [    0.000000] On node 0 totalpages: 8387536
Jul 27 16:24:31 ubuntu systemd-udevd[1694]: link_config: autonegotiation is unset or enabled, the speed and duplex are not writable.
Jul 27 16:24:31 ubuntu kernel: [    0.000000]   DMA zone: 5120 pages used for memmap
Jul 27 16:24:31 ubuntu kernel: [    0.000000]   DMA zone: 0 pages reserved
Jul 27 16:24:31 ubuntu kernel: [    0.000000]   DMA zone: 261120 pages, LIFO batch:63
Jul 27 16:24:31 ubuntu kernel: [    0.000000]   DMA32 zone: 5120 pages used for memmap
Jul 27 16:24:31 ubuntu kernel: [    0.000000]   DMA32 zone: 262096 pages, LIFO batch:63
Jul 27 16:24:31 ubuntu kernel: [    0.000000]   Normal zone: 153600 pages used for memmap
Jul 27 16:24:31 ubuntu systemd-udevd[1582]: link_config: autonegotiation is unset or enabled, the speed and duplex are not writable.
Jul 27 16:24:31 ubuntu kernel: [    0.000000]   Normal zone: 7864320 pages, LIFO batch:63
Jul 27 16:24:31 ubuntu kernel: [    0.000000] Initmem setup node 1 [mem 0x0000002800000000-0x0000002fffffffff]
Jul 27 16:24:31 ubuntu kernel: [    0.000000] On node 1 totalpages: 8388608
Jul 27 16:24:31 ubuntu systemd-udevd[1709]: link_config: autonegotiation is unset or enabled, the speed and duplex are not writable.
Jul 27 16:24:31 ubuntu kernel: [    0.000000]   Normal zone: 163840 pages used for memmap
Jul 27 16:24:31 ubuntu kernel: [    0.000000]   Normal zone: 8388608 pages, LIFO batch:63
Jul 27 16:24:31 ubuntu kernel: [    0.000000] Initmem setup node 2 [mem 0x0000202000000000-0x00002027ffffffff]
Jul 27 16:24:31 ubuntu kernel: [    0.000000] On node 2 totalpages: 8388608
Jul 27 16:24:31 ubuntu systemd-udevd[1599]: link_config: autonegotiation is unset or enabled, the speed and duplex are not writable.
Jul 27 16:24:31 ubuntu kernel: [    0.000000]   Normal zone: 163840 pages used for memmap
Jul 27 16:24:31 ubuntu kernel: [    0.000000]   Normal zone: 8388608 pages, LIFO batch:63
Jul 27 16:24:31 ubuntu kernel: [    0.000000] Initmem setup node 3 [mem 0x0000202800000000-0x0000202fffffffff]
Jul 27 16:24:31 ubuntu kernel: [    0.000000] On node 3 totalpages: 8388608
Jul 27 16:24:31 ubuntu kernel: [    0.000000]   Normal zone: 163840 pages used for memmap
Jul 27 16:24:31 ubuntu kernel: [    0.000000]   Normal zone: 8388608 pages, LIFO batch:63
Jul 27 16:24:31 ubuntu systemd[1]: Started Flush Journal to Persistent Storage.
Jul 27 16:24:31 ubuntu kernel: [    0.000000] psci: probing for conduit method from ACPI.
Jul 27 16:24:31 ubuntu kernel: [    0.000000] psci: PSCIv1.1 detected in firmware.
Jul 27 16:24:31 ubuntu kernel: [    0.000000] psci: Using standard PSCI v0.2 function IDs
Jul 27 16:24:31 ubuntu kernel: [    0.000000] psci: MIGRATE_INFO_TYPE not supported.
Jul 27 16:24:31 ubuntu systemd[1]: Listening on Load/Save RF Kill Switch Status /dev/rfkill Watch.
Jul 27 16:24:31 ubuntu kernel: [    0.000000] psci: SMC Calling Convention v1.1
Jul 27 16:24:31 ubuntu systemd-udevd[1684]: link_config: autonegotiation is unset or enabled, the speed and duplex are not writable.
Jul 27 16:24:31 ubuntu mtp-probe: checking bus 5, device 3: "/sys/devices/pci0000:7a/0000:7a:02.0/usb5/5-1/5-1.2"
Jul 27 16:24:31 ubuntu mtp-probe: checking bus 1, device 3: "/sys/devices/pci0000:7a/0000:7a:01.0/usb1/1-1/1-1.1"
Jul 27 16:24:31 ubuntu mtp-probe: bus: 5, device: 3 was not an MTP device
Jul 27 16:24:31 ubuntu mtp-probe: bus: 1, device: 3 was not an MTP device
Jul 27 16:24:31 ubuntu systemd[1]: Found device HW-SAS3508 EFI\x20System\x20Partition.
Jul 27 16:24:31 ubuntu systemd[1]: Starting File System Check on /dev/disk/by-uuid/71BE-99A8...
Jul 27 16:24:31 ubuntu systemd[1]: Started File System Check Daemon to report status.
Jul 27 16:24:31 ubuntu systemd-fsck[1970]: fsck.fat 4.1 (2017-01-24)
Jul 27 16:24:31 ubuntu systemd-fsck[1970]: /dev/sda1: 5 files, 35/65501 clusters
Jul 27 16:24:31 ubuntu kernel: [    0.000000] ACPI: NUMA: SRAT: PXM 0 -> MPIDR 0x80000 -> Node 0
Jul 27 16:24:31 ubuntu kernel: [    0.000000] ACPI: NUMA: SRAT: PXM 0 -> MPIDR 0x80100 -> Node 0
Jul 27 16:24:31 ubuntu systemd[1]: Started File System Check on /dev/disk/by-uuid/71BE-99A8.
Jul 27 16:24:31 ubuntu kernel: [    0.000000] ACPI: NUMA: SRAT: PXM 0 -> MPIDR 0x80200 -> Node 0
Jul 27 16:24:31 ubuntu kernel: [    0.000000] ACPI: NUMA: SRAT: PXM 0 -> MPIDR 0x80300 -> Node 0
Jul 27 16:24:31 ubuntu kernel: [    0.000000] ACPI: NUMA: SRAT: PXM 0 -> MPIDR 0x90000 -> Node 0
Jul 27 16:24:31 ubuntu systemd[1]: Mounting /boot/efi...
Jul 27 16:24:31 ubuntu kernel: [    0.000000] ACPI: NUMA: SRAT: PXM 0 -> MPIDR 0x90100 -> Node 0
Jul 27 16:24:31 ubuntu kernel: [    0.000000] ACPI: NUMA: SRAT: PXM 0 -> MPIDR 0x90200 -> Node 0
Jul 27 16:24:31 ubuntu systemd[1]: Mounted /boot/efi.
Jul 27 16:24:31 ubuntu kernel: [    0.000000] ACPI: NUMA: SRAT: PXM 0 -> MPIDR 0x90300 -> Node 0
Jul 27 16:24:31 ubuntu kernel: [    0.000000] ACPI: NUMA: SRAT: PXM 0 -> MPIDR 0xa0000 -> Node 0
Jul 27 16:24:31 ubuntu systemd[1]: Reached target Local File Systems.
Jul 27 16:24:31 ubuntu kernel: [    0.000000] ACPI: NUMA: SRAT: PXM 0 -> MPIDR 0xa0100 -> Node 0
Jul 27 16:24:31 ubuntu kernel: [    0.000000] ACPI: NUMA: SRAT: PXM 0 -> MPIDR 0xa0200 -> Node 0
Jul 27 16:24:31 ubuntu kernel: [    0.000000] ACPI: NUMA: SRAT: PXM 0 -> MPIDR 0xa0300 -> Node 0
Jul 27 16:24:31 ubuntu kernel: [    0.000000] ACPI: NUMA: SRAT: PXM 0 -> MPIDR 0xb0000 -> Node 0
Jul 27 16:24:31 ubuntu systemd[1]: Starting Enable support for additional executable binary formats...
Jul 27 16:24:31 ubuntu kernel: [    0.000000] ACPI: NUMA: SRAT: PXM 0 -> MPIDR 0xb0100 -> Node 0
Jul 27 16:24:31 ubuntu kernel: [    0.000000] ACPI: NUMA: SRAT: PXM 0 -> MPIDR 0xb0200 -> Node 0
Jul 27 16:24:31 ubuntu systemd[1]: Starting ebtables ruleset management...
Jul 27 16:24:31 ubuntu kernel: [    0.000000] ACPI: NUMA: SRAT: PXM 0 -> MPIDR 0xb0300 -> Node 0
Jul 27 16:24:31 ubuntu kernel: [    0.000000] ACPI: NUMA: SRAT: PXM 0 -> MPIDR 0xc0000 -> Node 0
Jul 27 16:24:31 ubuntu kernel: [    0.000000] ACPI: NUMA: SRAT: PXM 0 -> MPIDR 0xc0100 -> Node 0
Jul 27 16:24:31 ubuntu kernel: [    0.000000] ACPI: NUMA: SRAT: PXM 0 -> MPIDR 0xc0200 -> Node 0
Jul 27 16:24:31 ubuntu kernel: [    0.000000] ACPI: NUMA: SRAT: PXM 0 -> MPIDR 0xc0300 -> Node 0
Jul 27 16:24:31 ubuntu systemd[1]: Starting Clean up any mess left by 0dns-up...
Jul 27 16:24:31 ubuntu kernel: [    0.000000] ACPI: NUMA: SRAT: PXM 0 -> MPIDR 0xd0000 -> Node 0
Jul 27 16:24:31 ubuntu kernel: [    0.000000] ACPI: NUMA: SRAT: PXM 0 -> MPIDR 0xd0100 -> Node 0
Jul 27 16:24:31 ubuntu systemd[1]: Starting Set console font and keymap...
Jul 27 16:24:31 ubuntu kernel: [    0.000000] ACPI: NUMA: SRAT: PXM 0 -> MPIDR 0xd0200 -> Node 0
Jul 27 16:24:31 ubuntu kernel: [    0.000000] ACPI: NUMA: SRAT: PXM 0 -> MPIDR 0xd0300 -> Node 0
Jul 27 16:24:31 ubuntu kernel: [    0.000000] ACPI: NUMA: SRAT: PXM 1 -> MPIDR 0x180000 -> Node 1
Jul 27 16:24:31 ubuntu kernel: [    0.000000] ACPI: NUMA: SRAT: PXM 1 -> MPIDR 0x180100 -> Node 1
Jul 27 16:24:31 ubuntu systemd[1]: Starting Create Volatile Files and Directories...
Jul 27 16:24:31 ubuntu kernel: [    0.000000] ACPI: NUMA: SRAT: PXM 1 -> MPIDR 0x180200 -> Node 1
Jul 27 16:24:31 ubuntu kernel: [    0.000000] ACPI: NUMA: SRAT: PXM 1 -> MPIDR 0x180300 -> Node 1
Jul 27 16:24:31 ubuntu kernel: [    0.000000] ACPI: NUMA: SRAT: PXM 1 -> MPIDR 0x190000 -> Node 1
Jul 27 16:24:31 ubuntu systemd[1]: Starting Tell Plymouth To Write Out Runtime Data...
Jul 27 16:24:31 ubuntu kernel: [    0.000000] ACPI: NUMA: SRAT: PXM 1 -> MPIDR 0x190100 -> Node 1
Jul 27 16:24:31 ubuntu kernel: [    0.000000] ACPI: NUMA: SRAT: PXM 1 -> MPIDR 0x190200 -> Node 1
Jul 27 16:24:31 ubuntu kernel: [    0.000000] ACPI: NUMA: SRAT: PXM 1 -> MPIDR 0x190300 -> Node 1
Jul 27 16:24:31 ubuntu kernel: [    0.000000] ACPI: NUMA: SRAT: PXM 1 -> MPIDR 0x1a0000 -> Node 1
Jul 27 16:24:31 ubuntu systemd[1]: Starting QEMU KVM preparation - module, ksm, hugepages...
Jul 27 16:24:31 ubuntu kernel: [    0.000000] ACPI: NUMA: SRAT: PXM 1 -> MPIDR 0x1a0100 -> Node 1
Jul 27 16:24:31 ubuntu kernel: [    0.000000] ACPI: NUMA: SRAT: PXM 1 -> MPIDR 0x1a0200 -> Node 1
Jul 27 16:24:31 ubuntu kernel: [    0.000000] ACPI: NUMA: SRAT: PXM 1 -> MPIDR 0x1a0300 -> Node 1
Jul 27 16:24:31 ubuntu kernel: [    0.000000] ACPI: NUMA: SRAT: PXM 1 -> MPIDR 0x1b0000 -> Node 1
Jul 27 16:24:31 ubuntu systemd[1]: Starting AppArmor initialization...
Jul 27 16:24:31 ubuntu kernel: [    0.000000] ACPI: NUMA: SRAT: PXM 1 -> MPIDR 0x1b0100 -> Node 1
Jul 27 16:24:31 ubuntu kernel: [    0.000000] ACPI: NUMA: SRAT: PXM 1 -> MPIDR 0x1b0200 -> Node 1
Jul 27 16:24:31 ubuntu kernel: [    0.000000] ACPI: NUMA: SRAT: PXM 1 -> MPIDR 0x1b0300 -> Node 1
Jul 27 16:24:31 ubuntu kernel: [    0.000000] ACPI: NUMA: SRAT: PXM 1 -> MPIDR 0x1c0000 -> Node 1
Jul 27 16:24:31 ubuntu systemd[1]: Started Set console font and keymap.
Jul 27 16:24:31 ubuntu kernel: [    0.000000] ACPI: NUMA: SRAT: PXM 1 -> MPIDR 0x1c0100 -> Node 1
Jul 27 16:24:31 ubuntu systemd[1]: Started QEMU KVM preparation - module, ksm, hugepages.
Jul 27 16:24:31 ubuntu kernel: [    0.000000] ACPI: NUMA: SRAT: PXM 1 -> MPIDR 0x1c0200 -> Node 1
Jul 27 16:24:31 ubuntu kernel: [    0.000000] ACPI: NUMA: SRAT: PXM 1 -> MPIDR 0x1c0300 -> Node 1
Jul 27 16:24:31 ubuntu kernel: [    0.000000] ACPI: NUMA: SRAT: PXM 1 -> MPIDR 0x1d0000 -> Node 1
Jul 27 16:24:31 ubuntu systemd[1]: proc-sys-fs-binfmt_misc.automount: Got automount request for /proc/sys/fs/binfmt_misc, triggered by 1999 (update-binfmts)
Jul 27 16:24:31 ubuntu kernel: [    0.000000] ACPI: NUMA: SRAT: PXM 1 -> MPIDR 0x1d0100 -> Node 1
Jul 27 16:24:31 ubuntu kernel: [    0.000000] ACPI: NUMA: SRAT: PXM 1 -> MPIDR 0x1d0200 -> Node 1
Jul 27 16:24:31 ubuntu kernel: [    0.000000] ACPI: NUMA: SRAT: PXM 1 -> MPIDR 0x1d0300 -> Node 1
Jul 27 16:24:31 ubuntu systemd[1]: Mounting Arbitrary Executable File Formats File System...
Jul 27 16:24:31 ubuntu kernel: [    0.000000] ACPI: NUMA: SRAT: PXM 2 -> MPIDR 0x280000 -> Node 2
Jul 27 16:24:31 ubuntu kernel: [    0.000000] ACPI: NUMA: SRAT: PXM 2 -> MPIDR 0x280100 -> Node 2
Jul 27 16:24:31 ubuntu kernel: [    0.000000] ACPI: NUMA: SRAT: PXM 2 -> MPIDR 0x280200 -> Node 2
Jul 27 16:24:31 ubuntu kernel: [    0.000000] ACPI: NUMA: SRAT: PXM 2 -> MPIDR 0x280300 -> Node 2
Jul 27 16:24:31 ubuntu kernel: [    0.000000] ACPI: NUMA: SRAT: PXM 2 -> MPIDR 0x290000 -> Node 2
Jul 27 16:24:31 ubuntu systemd[1]: Started Tell Plymouth To Write Out Runtime Data.
Jul 27 16:24:31 ubuntu kernel: [    0.000000] ACPI: NUMA: SRAT: PXM 2 -> MPIDR 0x290100 -> Node 2
Jul 27 16:24:31 ubuntu kernel: [    0.000000] ACPI: NUMA: SRAT: PXM 2 -> MPIDR 0x290200 -> Node 2
Jul 27 16:24:31 ubuntu kernel: [    0.000000] ACPI: NUMA: SRAT: PXM 2 -> MPIDR 0x290300 -> Node 2
Jul 27 16:24:31 ubuntu kernel: [    0.000000] ACPI: NUMA: SRAT: PXM 2 -> MPIDR 0x2a0000 -> Node 2
Jul 27 16:24:31 ubuntu kernel: [    0.000000] ACPI: NUMA: SRAT: PXM 2 -> MPIDR 0x2a0100 -> Node 2
Jul 27 16:24:31 ubuntu apparmor[2031]:  * Starting AppArmor profiles
Jul 27 16:24:31 ubuntu kernel: [    0.000000] ACPI: NUMA: SRAT: PXM 2 -> MPIDR 0x2a0200 -> Node 2
Jul 27 16:24:31 ubuntu kernel: [    0.000000] ACPI: NUMA: SRAT: PXM 2 -> MPIDR 0x2a0300 -> Node 2
Jul 27 16:24:31 ubuntu kernel: [    0.000000] ACPI: NUMA: SRAT: PXM 2 -> MPIDR 0x2b0000 -> Node 2
Jul 27 16:24:31 ubuntu systemd[1]: Mounted Arbitrary Executable File Formats File System.
Jul 27 16:24:31 ubuntu kernel: [    0.000000] ACPI: NUMA: SRAT: PXM 2 -> MPIDR 0x2b0100 -> Node 2
Jul 27 16:24:31 ubuntu kernel: [    0.000000] ACPI: NUMA: SRAT: PXM 2 -> MPIDR 0x2b0200 -> Node 2
Jul 27 16:24:31 ubuntu kernel: [    0.000000] ACPI: NUMA: SRAT: PXM 2 -> MPIDR 0x2b0300 -> Node 2
Jul 27 16:24:31 ubuntu kernel: [    0.000000] ACPI: NUMA: SRAT: PXM 2 -> MPIDR 0x2c0000 -> Node 2
Jul 27 16:24:31 ubuntu systemd[1]: Started ebtables ruleset management.
Jul 27 16:24:31 ubuntu kernel: [    0.000000] ACPI: NUMA: SRAT: PXM 2 -> MPIDR 0x2c0100 -> Node 2
Jul 27 16:24:31 ubuntu kernel: [    0.000000] ACPI: NUMA: SRAT: PXM 2 -> MPIDR 0x2c0200 -> Node 2
Jul 27 16:24:31 ubuntu kernel: [    0.000000] ACPI: NUMA: SRAT: PXM 2 -> MPIDR 0x2c0300 -> Node 2
Jul 27 16:24:31 ubuntu systemd[1]: Started Enable support for additional executable binary formats.
Jul 27 16:24:31 ubuntu kernel: [    0.000000] ACPI: NUMA: SRAT: PXM 2 -> MPIDR 0x2d0000 -> Node 2
Jul 27 16:24:31 ubuntu kernel: [    0.000000] ACPI: NUMA: SRAT: PXM 2 -> MPIDR 0x2d0100 -> Node 2
Jul 27 16:24:31 ubuntu kernel: [    0.000000] ACPI: NUMA: SRAT: PXM 2 -> MPIDR 0x2d0200 -> Node 2
Jul 27 16:24:31 ubuntu systemd[1]: Reached target Network (Pre).
Jul 27 16:24:31 ubuntu kernel: [    0.000000] ACPI: NUMA: SRAT: PXM 2 -> MPIDR 0x2d0300 -> Node 2
Jul 27 16:24:31 ubuntu kernel: [    0.000000] ACPI: NUMA: SRAT: PXM 3 -> MPIDR 0x380000 -> Node 3
Jul 27 16:24:31 ubuntu kernel: [    0.000000] ACPI: NUMA: SRAT: PXM 3 -> MPIDR 0x380100 -> Node 3
Jul 27 16:24:31 ubuntu kernel: [    0.000000] ACPI: NUMA: SRAT: PXM 3 -> MPIDR 0x380200 -> Node 3
Jul 27 16:24:31 ubuntu systemd[1]: Started Clean up any mess left by 0dns-up.
Jul 27 16:24:31 ubuntu kernel: [    0.000000] ACPI: NUMA: SRAT: PXM 3 -> MPIDR 0x380300 -> Node 3
Jul 27 16:24:31 ubuntu kernel: [    0.000000] ACPI: NUMA: SRAT: PXM 3 -> MPIDR 0x390000 -> Node 3
Jul 27 16:24:31 ubuntu kernel: [    0.000000] ACPI: NUMA: SRAT: PXM 3 -> MPIDR 0x390100 -> Node 3
Jul 27 16:24:31 ubuntu systemd[1]: Starting Network Service...
Jul 27 16:24:31 ubuntu kernel: [    0.000000] ACPI: NUMA: SRAT: PXM 3 -> MPIDR 0x390200 -> Node 3
Jul 27 16:24:31 ubuntu kernel: [    0.000000] ACPI: NUMA: SRAT: PXM 3 -> MPIDR 0x390300 -> Node 3
Jul 27 16:24:31 ubuntu kernel: [    0.000000] ACPI: NUMA: SRAT: PXM 3 -> MPIDR 0x3a0000 -> Node 3
Jul 27 16:24:31 ubuntu kernel: [    0.000000] ACPI: NUMA: SRAT: PXM 3 -> MPIDR 0x3a0100 -> Node 3
Jul 27 16:24:31 ubuntu systemd[1]: Started Create Volatile Files and Directories.
Jul 27 16:24:31 ubuntu kernel: [    0.000000] ACPI: NUMA: SRAT: PXM 3 -> MPIDR 0x3a0200 -> Node 3
Jul 27 16:24:31 ubuntu kernel: [    0.000000] ACPI: NUMA: SRAT: PXM 3 -> MPIDR 0x3a0300 -> Node 3
Jul 27 16:24:31 ubuntu apparmor[2031]: Skipping profile in /etc/apparmor.d/disable: usr.bin.firefox
Jul 27 16:24:31 ubuntu kernel: [    0.000000] ACPI: NUMA: SRAT: PXM 3 -> MPIDR 0x3b0000 -> Node 3
Jul 27 16:24:31 ubuntu kernel: [    0.000000] ACPI: NUMA: SRAT: PXM 3 -> MPIDR 0x3b0100 -> Node 3
Jul 27 16:24:31 ubuntu kernel: [    0.000000] ACPI: NUMA: SRAT: PXM 3 -> MPIDR 0x3b0200 -> Node 3
Jul 27 16:24:31 ubuntu apparmor[2031]: Skipping profile in /etc/apparmor.d/disable: usr.sbin.rsyslogd
Jul 27 16:24:31 ubuntu kernel: [    0.000000] ACPI: NUMA: SRAT: PXM 3 -> MPIDR 0x3b0300 -> Node 3
Jul 27 16:24:31 ubuntu systemd[1]: Starting Network Time Synchronization...
Jul 27 16:24:31 ubuntu kernel: [    0.000000] ACPI: NUMA: SRAT: PXM 3 -> MPIDR 0x3c0000 -> Node 3
Jul 27 16:24:31 ubuntu kernel: [    0.000000] ACPI: NUMA: SRAT: PXM 3 -> MPIDR 0x3c0100 -> Node 3
Jul 27 16:24:31 ubuntu kernel: [    0.000000] ACPI: NUMA: SRAT: PXM 3 -> MPIDR 0x3c0200 -> Node 3
Jul 27 16:24:31 ubuntu systemd[1]: Starting Update UTMP about System Boot/Shutdown...
Jul 27 16:24:31 ubuntu kernel: [    0.000000] ACPI: NUMA: SRAT: PXM 3 -> MPIDR 0x3c0300 -> Node 3
Jul 27 16:24:31 ubuntu kernel: [    0.000000] ACPI: NUMA: SRAT: PXM 3 -> MPIDR 0x3d0000 -> Node 3
Jul 27 16:24:31 ubuntu kernel: [    0.000000] ACPI: NUMA: SRAT: PXM 3 -> MPIDR 0x3d0100 -> Node 3
Jul 27 16:24:31 ubuntu systemd[1]: Started Network Time Synchronization.
Jul 27 16:24:31 ubuntu systemd[1]: Started Update UTMP about System Boot/Shutdown.
Jul 27 16:24:31 ubuntu kernel: [    0.000000] ACPI: NUMA: SRAT: PXM 3 -> MPIDR 0x3d0200 -> Node 3
Jul 27 16:24:31 ubuntu kernel: [    0.000000] ACPI: NUMA: SRAT: PXM 3 -> MPIDR 0x3d0300 -> Node 3
Jul 27 16:24:31 ubuntu kernel: [    0.000000] percpu: Embedded 33 pages/cpu s94616 r8192 d32360 u135168
Jul 27 16:24:31 ubuntu systemd[1]: Reached target System Time Synchronized.
Jul 27 16:24:31 ubuntu kernel: [    0.000000] pcpu-alloc: s94616 r8192 d32360 u135168 alloc=33*4096
Jul 27 16:24:31 ubuntu kernel: [    0.000000] pcpu-alloc: [0] 00 [0] 01 [0] 02 [0] 03 [0] 04 [0] 05 [0] 06 [0] 07 
Jul 27 16:24:31 ubuntu kernel: [    0.000000] pcpu-alloc: [0] 08 [0] 09 [0] 10 [0] 11 [0] 12 [0] 13 [0] 14 [0] 15 
Jul 27 16:24:31 ubuntu systemd-udevd[2258]: link_config: autonegotiation is unset or enabled, the speed and duplex are not writable.
Jul 27 16:24:31 ubuntu kernel: [    0.000000] pcpu-alloc: [0] 16 [0] 17 [0] 18 [0] 19 [0] 20 [0] 21 [0] 22 [0] 23 
Jul 27 16:24:31 ubuntu systemd-networkd[2176]: br0: netdev ready
Jul 27 16:24:31 ubuntu kernel: [    0.000000] pcpu-alloc: [1] 24 [1] 25 [1] 26 [1] 27 [1] 28 [1] 29 [1] 30 [1] 31 
Jul 27 16:24:31 ubuntu kernel: [    0.000000] pcpu-alloc: [1] 32 [1] 33 [1] 34 [1] 35 [1] 36 [1] 37 [1] 38 [1] 39 
Jul 27 16:24:31 ubuntu systemd-networkd[2176]: Enumeration completed
Jul 27 16:24:31 ubuntu kernel: [    0.000000] pcpu-alloc: [1] 40 [1] 41 [1] 42 [1] 43 [1] 44 [1] 45 [1] 46 [1] 47 
Jul 27 16:24:31 ubuntu kernel: [    0.000000] pcpu-alloc: [2] 48 [2] 49 [2] 50 [2] 51 [2] 52 [2] 53 [2] 54 [2] 55 
Jul 27 16:24:31 ubuntu kernel: [    0.000000] pcpu-alloc: [2] 56 [2] 57 [2] 58 [2] 59 [2] 60 [2] 61 [2] 62 [2] 63 
Jul 27 16:24:31 ubuntu systemd[1]: Started Network Service.
Jul 27 16:24:31 ubuntu kernel: [    0.000000] pcpu-alloc: [2] 64 [2] 65 [2] 66 [2] 67 [2] 68 [2] 69 [2] 70 [2] 71 
Jul 27 16:24:31 ubuntu systemd-networkd[2176]: br0: IPv6 successfully enabled
Jul 27 16:24:31 ubuntu kernel: [    0.000000] pcpu-alloc: [3] 72 [3] 73 [3] 74 [3] 75 [3] 76 [3] 77 [3] 78 [3] 79 
Jul 27 16:24:31 ubuntu kernel: [    0.000000] pcpu-alloc: [3] 80 [3] 81 [3] 82 [3] 83 [3] 84 [3] 85 [3] 86 [3] 87 
Jul 27 16:24:31 ubuntu kernel: [    0.000000] pcpu-alloc: [3] 88 [3] 89 [3] 90 [3] 91 [3] 92 [3] 93 [3] 94 [3] 95 
Jul 27 16:24:31 ubuntu kernel: [    0.000000] Detected VIPT I-cache on CPU0
Jul 27 16:24:31 ubuntu systemd-networkd[2176]: enp125s0f2: Link is not managed by us
Jul 27 16:24:31 ubuntu kernel: [    0.000000] CPU features: detected: GIC system register CPU interface
Jul 27 16:24:31 ubuntu kernel: [    0.000000] CPU features: detected: Virtualization Host Extensions
Jul 27 16:24:31 ubuntu systemd-networkd[2176]: enp125s0f0: Link is not managed by us
Jul 27 16:24:31 ubuntu systemd-networkd[2176]: enp125s0f1: Link is not managed by us
Jul 27 16:24:31 ubuntu systemd-networkd[2176]: lo: Link is not managed by us
Jul 27 16:24:31 ubuntu systemd-networkd[2176]: enp125s0f3: Link is not managed by us
Jul 27 16:24:31 ubuntu systemd-networkd[2176]: enp125s0f1: IPv6 successfully enabled
Jul 27 16:24:31 ubuntu systemd-networkd[2176]: enp125s0f2: Link is not managed by us
Jul 27 16:24:31 ubuntu systemd-networkd[2176]: enp125s0f0: Link is not managed by us
Jul 27 16:24:31 ubuntu systemd-networkd[2176]: lo: Link is not managed by us
Jul 27 16:24:31 ubuntu systemd-networkd[2176]: enp125s0f3: Link is not managed by us
Jul 27 16:24:31 ubuntu systemd[1]: Starting Network Name Resolution...
Jul 27 16:24:31 ubuntu systemd-networkd[2176]: br0: Link UP
Jul 27 16:24:31 ubuntu systemd-networkd[2176]: enp125s0f1: Link UP
Jul 27 16:24:31 ubuntu systemd[1]: Starting Wait for Network to be Configured...
Jul 27 16:24:31 ubuntu kernel: [    0.000000] CPU features: detected: Hardware dirty bit management
Jul 27 16:24:31 ubuntu systemd-resolved[2272]: Positive Trust Anchors:
Jul 27 16:24:31 ubuntu kernel: [    0.000000] alternatives: patching kernel code
Jul 27 16:24:31 ubuntu systemd-resolved[2272]: . IN DS 19036 8 2 49aac11d7b6f6446702e54a1607371607a1a41855200fd2ce1cdde32f24e8fb5
Jul 27 16:24:31 ubuntu kernel: [    0.000000] Built 4 zonelists, mobility grouping on.  Total pages: 32898000
Jul 27 16:24:31 ubuntu kernel: [    0.000000] Policy zone: Normal
Jul 27 16:24:31 ubuntu kernel: [    0.000000] Kernel command line: BOOT_IMAGE=/boot/vmlinuz-5.7.1 root=UUID=87f15ea3-75f7-4c9d-add6-30cc3fc19001 ro text
Jul 27 16:24:31 ubuntu systemd-resolved[2272]: . IN DS 20326 8 2 e06d44b80b8f1d39a95c0b0d7c65d08458e880409bbc683457104237c7f8ec8d
Jul 27 16:24:31 ubuntu kernel: [    0.000000] printk: log_buf_len individual max cpu contribution: 4096 bytes
Jul 27 16:24:31 ubuntu kernel: [    0.000000] printk: log_buf_len total cpu_extra contributions: 389120 bytes
Jul 27 16:24:31 ubuntu systemd-resolved[2272]: Negative trust anchors: 10.in-addr.arpa 16.172.in-addr.arpa 17.172.in-addr.arpa 18.172.in-addr.arpa 19.172.in-addr.arpa 20.172.in-addr.arpa 21.172.in-addr.arpa 22.172.in-addr.arpa 23.172.in-addr.arpa 24.172.in-addr.arpa 25.172.in-addr.arpa 26.172.in-addr.arpa 27.172.in-addr.arpa 28.172.in-addr.arpa 29.172.in-addr.arpa 30.172.in-addr.arpa 31.172.in-addr.arpa 168.192.in-addr.arpa d.f.ip6.arpa corp home internal intranet lan local private test
Jul 27 16:24:31 ubuntu kernel: [    0.000000] printk: log_buf_len min size: 262144 bytes
Jul 27 16:24:31 ubuntu kernel: [    0.000000] printk: log_buf_len: 1048576 bytes
Jul 27 16:24:31 ubuntu kernel: [    0.000000] printk: early log buf free: 245788(93%)
Jul 27 16:24:31 ubuntu kernel: [    0.000000] mem auto-init: stack:off, heap alloc:on, heap free:off
Jul 27 16:24:31 ubuntu systemd-resolved[2272]: Using system hostname 'ubuntu'.
Jul 27 16:24:31 ubuntu kernel: [    0.000000] software IO TLB: mapped [mem 0x3b030000-0x3f030000] (64MB)
Jul 27 16:24:31 ubuntu kernel: [    0.000000] Memory: 130842208K/134213440K available (14140K kernel code, 2356K rwdata, 6884K rodata, 7040K init, 1134K bss, 3338464K reserved, 32768K cma-reserved)
Jul 27 16:24:31 ubuntu kernel: [    0.000000] random: get_random_u64 called from __kmem_cache_create+0x5c/0x5d8 with crng_init=0
Jul 27 16:24:31 ubuntu systemd[1]: Started Network Name Resolution.
Jul 27 16:24:31 ubuntu systemd[1]: Reached target Host and Network Name Lookups.
Jul 27 16:24:31 ubuntu kernel: [    0.000000] SLUB: HWalign=64, Order=0-3, MinObjects=0, CPUs=96, Nodes=4
Jul 27 16:24:31 ubuntu kernel: [    0.000000] ftrace: allocating 46053 entries in 180 pages
Jul 27 16:24:31 ubuntu kernel: [    0.000000] ftrace: allocated 180 pages with 4 groups
Jul 27 16:24:31 ubuntu systemd-networkd[2176]: enp125s0f0: Link UP
Jul 27 16:24:31 ubuntu kernel: [    0.000000] rcu: Hierarchical RCU implementation.
Jul 27 16:24:31 ubuntu kernel: [    0.000000] rcu: 	RCU restricting CPUs from NR_CPUS=256 to nr_cpu_ids=96.
Jul 27 16:24:31 ubuntu kernel: [    0.000000] 	Tasks RCU enabled.
Jul 27 16:24:31 ubuntu apparmor[2031]:    ...done.
Jul 27 16:24:31 ubuntu kernel: [    0.000000] rcu: RCU calculated value of scheduler-enlistment delay is 25 jiffies.
Jul 27 16:24:31 ubuntu kernel: [    0.000000] rcu: Adjusting geometry for rcu_fanout_leaf=16, nr_cpu_ids=96
Jul 27 16:24:31 ubuntu kernel: [    0.000000] NR_IRQS: 64, nr_irqs: 64, preallocated irqs: 0
Jul 27 16:24:31 ubuntu systemd[1]: Started AppArmor initialization.
Jul 27 16:24:31 ubuntu kernel: [    0.000000] GICv3: GIC: Using split EOI/Deactivate mode
Jul 27 16:24:31 ubuntu kernel: [    0.000000] GICv3: 640 SPIs implemented
Jul 27 16:24:31 ubuntu kernel: [    0.000000] GICv3: 0 Extended SPIs implemented
Jul 27 16:24:31 ubuntu systemd[1]: Starting Load AppArmor profiles managed internally by snapd...
Jul 27 16:24:31 ubuntu kernel: [    0.000000] GICv3: Distributor has no Range Selector support
Jul 27 16:24:31 ubuntu kernel: [    0.000000] GICv3: 16 PPIs implemented
Jul 27 16:24:31 ubuntu kernel: [    0.000000] GICv3: GICv4 features: DirectLPI 
Jul 27 16:24:31 ubuntu systemd[1]: Starting Raise network interfaces...
Jul 27 16:24:31 ubuntu kernel: [    0.000000] GICv3: CPU0: found redistributor 80000 region 0:0x00000000ae100000
Jul 27 16:24:31 ubuntu kernel: [    0.000000] SRAT: PXM 0 -> ITS 0 -> Node 0
Jul 27 16:24:31 ubuntu kernel: [    0.000000] SRAT: PXM 2 -> ITS 1 -> Node 2
Jul 27 16:24:31 ubuntu kernel: [    0.000000] ITS [mem 0x202100000-0x20211ffff]
Jul 27 16:24:31 ubuntu snapd-apparmor[2304]: find: ‘/var/lib/snapd/apparmor/profiles/’: No such file or directory
Jul 27 16:24:31 ubuntu kernel: [    0.000000] ITS@0x0000000202100000: Using ITS number 0
Jul 27 16:24:31 ubuntu kernel: [    0.000000] ITS@0x0000000202100000: allocated 65536 Devices @27ffb80000 (flat, esz 8, psz 16K, shr 1)
Jul 27 16:24:31 ubuntu systemd[1]: Started Load AppArmor profiles managed internally by snapd.
Jul 27 16:24:31 ubuntu kernel: [    0.000000] ITS@0x0000000202100000: allocated 65536 Virtual CPUs @27ff000000 (flat, esz 16, psz 4K, shr 1)
Jul 27 16:24:31 ubuntu kernel: [    0.000000] ITS@0x0000000202100000: allocated 256 Interrupt Collections @27ffb10000 (flat, esz 16, psz 4K, shr 1)
Jul 27 16:24:31 ubuntu systemd[1]: Reached target System Initialization.
Jul 27 16:24:31 ubuntu kernel: [    0.000000] ITS [mem 0x200202100000-0x20020211ffff]
Jul 27 16:24:31 ubuntu kernel: [    0.000000] ITS@0x0000200202100000: Using ITS number 1
Jul 27 16:24:31 ubuntu systemd[1]: Listening on ACPID Listen Socket.
Jul 27 16:24:31 ubuntu kernel: [    0.000000] ITS@0x0000200202100000: allocated 65536 Devices @2027ff880000 (flat, esz 8, psz 16K, shr 1)
Jul 27 16:24:31 ubuntu kernel: [    0.000000] ITS@0x0000200202100000: allocated 65536 Virtual CPUs @2027ff900000 (flat, esz 16, psz 4K, shr 1)
Jul 27 16:24:31 ubuntu systemd[1]: Started Trigger anacron every hour.
Jul 27 16:24:31 ubuntu kernel: [    0.000000] ITS@0x0000200202100000: allocated 256 Interrupt Collections @2027ff801000 (flat, esz 16, psz 4K, shr 1)
Jul 27 16:24:31 ubuntu kernel: [    0.000000] GICv3: using LPI property table @0x00000027ffb20000
Jul 27 16:24:31 ubuntu kernel: [    0.000000] ITS: Using DirectLPI for VPE invalidation
Jul 27 16:24:31 ubuntu systemd[1]: Started Message of the Day.
Jul 27 16:24:31 ubuntu kernel: [    0.000000] ITS: Enabling GICv4 support
Jul 27 16:24:31 ubuntu systemd[1]: Listening on Open-iSCSI iscsid Socket.
Jul 27 16:24:31 ubuntu kernel: [    0.000000] GICv3: CPU0: using allocated LPI pending table @0x00000027ffb30000
Jul 27 16:24:31 ubuntu kernel: [    0.000000] arch_timer: cp15 timer(s) running at 100.00MHz (phys).
Jul 27 16:24:31 ubuntu kernel: [    0.000000] clocksource: arch_sys_counter: mask: 0xffffffffffffff max_cycles: 0x171024e7e0, max_idle_ns: 440795205315 ns
Jul 27 16:24:31 ubuntu systemd[1]: Starting LXD - unix socket.
Jul 27 16:24:31 ubuntu kernel: [    0.000001] sched_clock: 56 bits at 100MHz, resolution 10ns, wraps every 4398046511100ns
Jul 27 16:24:31 ubuntu kernel: [    0.000116] Console: colour dummy device 80x25
Jul 27 16:24:31 ubuntu systemd[1]: Listening on UUID daemon activation socket.
Jul 27 16:24:31 ubuntu kernel: [    0.000445] printk: console [tty0] enabled
Jul 27 16:24:31 ubuntu systemd[1]: Listening on Avahi mDNS/DNS-SD Stack Activation Socket.
Jul 27 16:24:31 ubuntu kernel: [    0.000507] mempolicy: Enabling automatic NUMA balancing. Configure with numa_balancing= or the kernel.numa_balancing sysctl
Jul 27 16:24:31 ubuntu kernel: [    0.000522] ACPI: Core revision 20200326
Jul 27 16:24:31 ubuntu kernel: [    0.000751] Calibrating delay loop (skipped), value calculated using timer frequency.. 200.00 BogoMIPS (lpj=400000)
Jul 27 16:24:31 ubuntu systemd[1]: Started Daily Cleanup of Temporary Directories.
Jul 27 16:24:31 ubuntu kernel: [    0.000756] pid_max: default: 98304 minimum: 768
Jul 27 16:24:31 ubuntu kernel: [    0.000833] LSM: Security Framework initializing
Jul 27 16:24:31 ubuntu systemd[1]: Listening on Virtual machine log manager socket.
Jul 27 16:24:31 ubuntu kernel: [    0.000839] Yama: becoming mindful.
Jul 27 16:24:31 ubuntu kernel: [    0.000871] AppArmor: AppArmor initialized
Jul 27 16:24:31 ubuntu systemd[1]: Started ACPI Events Check.
Jul 27 16:24:31 ubuntu kernel: [    0.013993] Dentry cache hash table entries: 8388608 (order: 14, 67108864 bytes, vmalloc)
Jul 27 16:24:31 ubuntu kernel: [    0.020185] Inode-cache hash table entries: 4194304 (order: 13, 33554432 bytes, vmalloc)
Jul 27 16:24:31 ubuntu kernel: [    0.020435] Mount-cache hash table entries: 131072 (order: 8, 1048576 bytes, vmalloc)
Jul 27 16:24:31 ubuntu kernel: [    0.020639] Mountpoint-cache hash table entries: 131072 (order: 8, 1048576 bytes, vmalloc)
Jul 27 16:24:31 ubuntu systemd[1]: Listening on CUPS Scheduler.
Jul 27 16:24:31 ubuntu kernel: [    0.023050] rcu: Hierarchical SRCU implementation.
Jul 27 16:24:31 ubuntu kernel: [    0.023515] Platform MSI: ITS@0x202100000 domain created
Jul 27 16:24:31 ubuntu systemd[1]: Started Discard unused blocks once a week.
Jul 27 16:24:31 ubuntu kernel: [    0.023520] Platform MSI: ITS@0x200202100000 domain created
Jul 27 16:24:31 ubuntu kernel: [    0.023527] PCI/MSI: ITS@0x202100000 domain created
Jul 27 16:24:31 ubuntu kernel: [    0.023530] PCI/MSI: ITS@0x200202100000 domain created
Jul 27 16:24:31 ubuntu kernel: [    0.023542] Remapping and enabling EFI services.
Jul 27 16:24:31 ubuntu kernel: [    0.023745] efi: memattr: Entry attributes invalid: RO and XP bits both cleared
Jul 27 16:24:31 ubuntu systemd[1]: Started CUPS Scheduler.
Jul 27 16:24:31 ubuntu kernel: [    0.023750] efi: memattr: ! 0x000000000000-0x00000000ffff [Runtime Code       |RUN|  |  |  |  |  |  |  |   |  |  |  |  ]
Jul 27 16:24:31 ubuntu kernel: [    0.024925] smp: Bringing up secondary CPUs ...
Jul 27 16:24:31 ubuntu systemd[1]: Reached target Paths.
Jul 27 16:24:31 ubuntu kernel: [    0.054764] Detected VIPT I-cache on CPU1
Jul 27 16:24:31 ubuntu kernel: [    0.054771] GICv3: CPU1: found redistributor 80100 region 1:0x00000000ae140000
Jul 27 16:24:31 ubuntu kernel: [    0.054788] GICv3: CPU1: using allocated LPI pending table @0x00000027ffb40000
Jul 27 16:24:31 ubuntu kernel: [    0.054824] CPU1: Booted secondary processor 0x0000080100 [0x481fd010]
Jul 27 16:24:31 ubuntu systemd[1]: Started Daily apt download activities.
Jul 27 16:24:31 ubuntu kernel: [    0.087308] Detected VIPT I-cache on CPU2
Jul 27 16:24:31 ubuntu kernel: [    0.087312] GICv3: CPU2: found redistributor 80200 region 2:0x00000000ae180000
Jul 27 16:24:31 ubuntu kernel: [    0.087324] GICv3: CPU2: using allocated LPI pending table @0x00000027ffb50000
Jul 27 16:24:31 ubuntu kernel: [    0.087355] CPU2: Booted secondary processor 0x0000080200 [0x481fd010]
Jul 27 16:24:31 ubuntu systemd[1]: Started Daily apt upgrade and clean activities.
Jul 27 16:24:31 ubuntu kernel: [    0.119858] Detected VIPT I-cache on CPU3
Jul 27 16:24:31 ubuntu kernel: [    0.119862] GICv3: CPU3: found redistributor 80300 region 3:0x00000000ae1c0000
Jul 27 16:24:31 ubuntu kernel: [    0.119877] GICv3: CPU3: using allocated LPI pending table @0x00000027ffb60000
Jul 27 16:24:31 ubuntu kernel: [    0.119907] CPU3: Booted secondary processor 0x0000080300 [0x481fd010]
Jul 27 16:24:31 ubuntu systemd[1]: Reached target Timers.
Jul 27 16:24:31 ubuntu kernel: [    0.152588] Detected VIPT I-cache on CPU4
Jul 27 16:24:31 ubuntu systemd[1]: Starting Socket activation for snappy daemon.
Jul 27 16:24:31 ubuntu kernel: [    0.152596] GICv3: CPU4: found redistributor 90000 region 4:0x00000000ae200000
Jul 27 16:24:31 ubuntu kernel: [    0.152618] GICv3: CPU4: using allocated LPI pending table @0x00000027ffb70000
Jul 27 16:24:31 ubuntu kernel: [    0.152656] CPU4: Booted secondary processor 0x0000090000 [0x481fd010]
Jul 27 16:24:31 ubuntu systemd[1]: Listening on D-Bus System Message Bus Socket.
Jul 27 16:24:31 ubuntu kernel: [    0.185305] Detected VIPT I-cache on CPU5
Jul 27 16:24:31 ubuntu kernel: [    0.185310] GICv3: CPU5: found redistributor 90100 region 5:0x00000000ae240000
Jul 27 16:24:31 ubuntu kernel: [    0.185325] GICv3: CPU5: using allocated LPI pending table @0x00000027ff100000
Jul 27 16:24:31 ubuntu systemd[1]: Listening on Virtual machine lock manager socket.
Jul 27 16:24:31 ubuntu kernel: [    0.185356] CPU5: Booted secondary processor 0x0000090100 [0x481fd010]
Jul 27 16:24:31 ubuntu kernel: [    0.218029] Detected VIPT I-cache on CPU6
Jul 27 16:24:31 ubuntu kernel: [    0.218034] GICv3: CPU6: found redistributor 90200 region 6:0x00000000ae280000
Jul 27 16:24:31 ubuntu kernel: [    0.218048] GICv3: CPU6: using allocated LPI pending table @0x00000027ff110000
Jul 27 16:24:31 ubuntu kernel: [    0.218079] CPU6: Booted secondary processor 0x0000090200 [0x481fd010]
Jul 27 16:24:31 ubuntu kernel: [    0.250753] Detected VIPT I-cache on CPU7
Jul 27 16:24:31 ubuntu systemd[1]: Listening on LXD - unix socket.
Jul 27 16:24:31 ubuntu kernel: [    0.250758] GICv3: CPU7: found redistributor 90300 region 7:0x00000000ae2c0000
Jul 27 16:24:31 ubuntu kernel: [    0.250770] GICv3: CPU7: using allocated LPI pending table @0x00000027ff120000
Jul 27 16:24:31 ubuntu kernel: [    0.250802] CPU7: Booted secondary processor 0x0000090300 [0x481fd010]
Jul 27 16:24:31 ubuntu systemd[1]: Listening on Socket activation for snappy daemon.
Jul 27 16:24:31 ubuntu kernel: [    0.283654] Detected VIPT I-cache on CPU8
Jul 27 16:24:31 ubuntu kernel: [    0.283661] GICv3: CPU8: found redistributor a0000 region 8:0x00000000ae300000
Jul 27 16:24:31 ubuntu kernel: [    0.283677] GICv3: CPU8: using allocated LPI pending table @0x00000027ff130000
Jul 27 16:24:31 ubuntu kernel: [    0.283712] CPU8: Booted secondary processor 0x00000a0000 [0x481fd010]
Jul 27 16:24:31 ubuntu systemd[1]: Reached target Sockets.
Jul 27 16:24:31 ubuntu kernel: [    0.316547] Detected VIPT I-cache on CPU9
Jul 27 16:24:31 ubuntu kernel: [    0.316553] GICv3: CPU9: found redistributor a0100 region 9:0x00000000ae340000
Jul 27 16:24:31 ubuntu kernel: [    0.316565] GICv3: CPU9: using allocated LPI pending table @0x00000027ff140000
Jul 27 16:24:31 ubuntu kernel: [    0.316596] CPU9: Booted secondary processor 0x00000a0100 [0x481fd010]
Jul 27 16:24:31 ubuntu systemd[1]: Reached target Basic System.
Jul 27 16:24:31 ubuntu kernel: [    0.349445] Detected VIPT I-cache on CPU10
Jul 27 16:24:31 ubuntu systemd[1]: Starting Accounts Service...
Jul 27 16:24:31 ubuntu systemd[1]: Starting Modem Manager...
Jul 27 16:24:31 ubuntu systemd[1]: Starting Dispatcher daemon for systemd-networkd...
Jul 27 16:24:31 ubuntu systemd[1]: Started Run anacron jobs.
Jul 27 16:24:31 ubuntu anacron[2388]: Anacron 2.3 started on 2021-07-27
Jul 27 16:24:31 ubuntu anacron[2388]: Normal exit (0 jobs run)
Jul 27 16:24:31 ubuntu systemd[1]: Started D-Bus System Message Bus.
Jul 27 16:24:31 ubuntu systemd[1]: Starting WPA supplicant...
Jul 27 16:24:31 ubuntu systemd[1]: Starting Network Manager...
Jul 27 16:24:31 ubuntu systemd[1]: Starting System Logging Service...
Jul 27 16:24:31 ubuntu systemd[1]: Started Set the CPU Frequency Scaling governor.
Jul 27 16:24:31 ubuntu systemd[1]: Starting LSB: Record successful boot for GRUB...
Jul 27 16:24:31 ubuntu systemd[1]: Starting LXD - container startup/shutdown...
Jul 27 16:24:31 ubuntu kernel: [    0.349450] GICv3: CPU10: found redistributor a0200 region 10:0x00000000ae380000
Jul 27 16:24:31 ubuntu kernel: [    0.349463] GICv3: CPU10: using allocated LPI pending table @0x00000027ff150000
Jul 27 16:24:31 ubuntu kernel: [    0.349495] CPU10: Booted secondary processor 0x00000a0200 [0x481fd010]
Jul 27 16:24:31 ubuntu kernel: [    0.382342] Detected VIPT I-cache on CPU11
Jul 27 16:24:31 ubuntu systemd[1]: Starting Avahi mDNS/DNS-SD Stack...
Jul 27 16:24:31 ubuntu kernel: [    0.382348] GICv3: CPU11: found redistributor a0300 region 11:0x00000000ae3c0000
Jul 27 16:24:31 ubuntu kernel: [    0.382360] GICv3: CPU11: using allocated LPI pending table @0x00000027ff160000
Jul 27 16:24:31 ubuntu kernel: [    0.382391] CPU11: Booted secondary processor 0x00000a0300 [0x481fd010]
Jul 27 16:24:31 ubuntu systemd[1]: Started Deferred execution scheduler.
Jul 27 16:24:31 ubuntu kernel: [    0.415416] Detected VIPT I-cache on CPU12
Jul 27 16:24:31 ubuntu kernel: [    0.415424] GICv3: CPU12: found redistributor b0000 region 12:0x00000000ae400000
Jul 27 16:24:31 ubuntu kernel: [    0.415442] GICv3: CPU12: using allocated LPI pending table @0x00000027ff170000
Jul 27 16:24:31 ubuntu kernel: [    0.415477] CPU12: Booted secondary processor 0x00000b0000 [0x481fd010]
Jul 27 16:24:31 ubuntu systemd[1]: Starting Disk Manager...
Jul 27 16:24:31 ubuntu kernel: [    0.448483] Detected VIPT I-cache on CPU13
Jul 27 16:24:31 ubuntu kernel: [    0.448489] GICv3: CPU13: found redistributor b0100 region 13:0x00000000ae440000
Jul 27 16:24:31 ubuntu kernel: [    0.448502] GICv3: CPU13: using allocated LPI pending table @0x00000027ff180000
Jul 27 16:24:31 ubuntu kernel: [    0.448534] CPU13: Booted secondary processor 0x00000b0100 [0x481fd010]
Jul 27 16:24:31 ubuntu systemd[1]: Started Regular background program processing daemon.
Jul 27 16:24:31 ubuntu kernel: [    0.481554] Detected VIPT I-cache on CPU14
Jul 27 16:24:31 ubuntu kernel: [    0.481560] GICv3: CPU14: found redistributor b0200 region 14:0x00000000ae480000
Jul 27 16:24:31 ubuntu kernel: [    0.481573] GICv3: CPU14: using allocated LPI pending table @0x00000027ff190000
Jul 27 16:24:31 ubuntu cron[2480]: (CRON) INFO (pidfile fd = 3)
Jul 27 16:24:31 ubuntu kernel: [    0.481605] CPU14: Booted secondary processor 0x00000b0200 [0x481fd010]
Jul 27 16:24:31 ubuntu kernel: [    0.514625] Detected VIPT I-cache on CPU15
Jul 27 16:24:31 ubuntu kernel: [    0.514631] GICv3: CPU15: found redistributor b0300 region 15:0x00000000ae4c0000
Jul 27 16:24:31 ubuntu kernel: [    0.514644] GICv3: CPU15: using allocated LPI pending table @0x00000027ff1a0000
Jul 27 16:24:31 ubuntu systemd[1]: Started FUSE filesystem for LXC.
Jul 27 16:24:31 ubuntu kernel: [    0.514676] CPU15: Booted secondary processor 0x00000b0300 [0x481fd010]
Jul 27 16:24:31 ubuntu kernel: [    0.547179] Detected VIPT I-cache on CPU16
Jul 27 16:24:31 ubuntu kernel: [    0.547187] GICv3: CPU16: found redistributor c0000 region 16:0x00000000ae500000
Jul 27 16:24:31 ubuntu cron[2480]: (CRON) INFO (Running @reboot jobs)
Jul 27 16:24:31 ubuntu kernel: [    0.547206] GICv3: CPU16: using allocated LPI pending table @0x00000027ff1b0000
Jul 27 16:24:31 ubuntu kernel: [    0.547242] CPU16: Booted secondary processor 0x00000c0000 [0x481fd010]
Jul 27 16:24:31 ubuntu kernel: [    0.579725] Detected VIPT I-cache on CPU17
Jul 27 16:24:31 ubuntu kernel: [    0.579732] GICv3: CPU17: found redistributor c0100 region 17:0x00000000ae540000
Jul 27 16:24:31 ubuntu systemd[1]: Started CUPS Scheduler.
Jul 27 16:24:31 ubuntu kernel: [    0.579745] GICv3: CPU17: using allocated LPI pending table @0x00000027ff1c0000
Jul 27 16:24:31 ubuntu kernel: [    0.579777] CPU17: Booted secondary processor 0x00000c0100 [0x481fd010]
Jul 27 16:24:31 ubuntu kernel: [    0.612275] Detected VIPT I-cache on CPU18
Jul 27 16:24:31 ubuntu systemd[1]: Started irqbalance daemon.
Jul 27 16:24:31 ubuntu kernel: [    0.612281] GICv3: CPU18: found redistributor c0200 region 18:0x00000000ae580000
Jul 27 16:24:31 ubuntu kernel: [    0.612295] GICv3: CPU18: using allocated LPI pending table @0x00000027ff1d0000
Jul 27 16:24:31 ubuntu kernel: [    0.612326] CPU18: Booted secondary processor 0x00000c0200 [0x481fd010]
Jul 27 16:24:31 ubuntu kernel: [    0.644825] Detected VIPT I-cache on CPU19
Jul 27 16:24:31 ubuntu kernel: [    0.644831] GICv3: CPU19: found redistributor c0300 region 19:0x00000000ae5c0000
Jul 27 16:24:31 ubuntu systemd[1]: Starting Restore /etc/resolv.conf if the system crashed before the ppp link was shut down...
Jul 27 16:24:31 ubuntu kernel: [    0.644844] GICv3: CPU19: using allocated LPI pending table @0x00000027ff1e0000
Jul 27 16:24:31 ubuntu kernel: [    0.644876] CPU19: Booted secondary processor 0x00000c0300 [0x481fd010]
Jul 27 16:24:31 ubuntu kernel: [    0.677552] Detected VIPT I-cache on CPU20
Jul 27 16:24:31 ubuntu kernel: [    0.677562] GICv3: CPU20: found redistributor d0000 region 20:0x00000000ae600000
Jul 27 16:24:31 ubuntu kernel: [    0.677580] GICv3: CPU20: using allocated LPI pending table @0x00000027ff1f0000
Jul 27 16:24:31 ubuntu dbus-daemon[2397]: [system] Activating via systemd: service name='org.freedesktop.PolicyKit1' unit='polkit.service' requested by ':1.3' (uid=0 pid=2367 comm="/usr/lib/accountsservice/accounts-daemon ")
Jul 27 16:24:31 ubuntu kernel: [    0.677617] CPU20: Booted secondary processor 0x00000d0000 [0x481fd010]
Jul 27 16:24:31 ubuntu kernel: [    0.710273] Detected VIPT I-cache on CPU21
Jul 27 16:24:31 ubuntu kernel: [    0.710280] GICv3: CPU21: found redistributor d0100 region 21:0x00000000ae640000
Jul 27 16:24:31 ubuntu systemd[1]: Starting Snap Daemon...
Jul 27 16:24:31 ubuntu kernel: [    0.710294] GICv3: CPU21: using allocated LPI pending table @0x00000027ff200000
Jul 27 16:24:31 ubuntu kernel: [    0.710325] CPU21: Booted secondary processor 0x00000d0100 [0x481fd010]
Jul 27 16:24:31 ubuntu kernel: [    0.742996] Detected VIPT I-cache on CPU22
Jul 27 16:24:31 ubuntu kernel: [    0.743003] GICv3: CPU22: found redistributor d0200 region 22:0x00000000ae680000
Jul 27 16:24:31 ubuntu kernel: [    0.743017] GICv3: CPU22: using allocated LPI pending table @0x00000027ff210000
Jul 27 16:24:31 ubuntu kernel: [    0.743049] CPU22: Booted secondary processor 0x00000d0200 [0x481fd010]
Jul 27 16:24:31 ubuntu kernel: [    0.775719] Detected VIPT I-cache on CPU23
Jul 27 16:24:31 ubuntu kernel: [    0.775727] GICv3: CPU23: found redistributor d0300 region 23:0x00000000ae6c0000
Jul 27 16:24:31 ubuntu kernel: [    0.775740] GICv3: CPU23: using allocated LPI pending table @0x00000027ff220000
Jul 27 16:24:31 ubuntu kernel: [    0.775773] CPU23: Booted secondary processor 0x00000d0300 [0x481fd010]
Jul 27 16:24:31 ubuntu kernel: [    0.808286] Detected VIPT I-cache on CPU24
Jul 27 16:24:31 ubuntu kernel: [    0.808302] GICv3: CPU24: found redistributor 180000 region 24:0x00000000aa100000
Jul 27 16:24:31 ubuntu kernel: [    0.808348] GICv3: CPU24: using allocated LPI pending table @0x00000027ff230000
Jul 27 16:24:31 ubuntu kernel: [    0.808395] CPU24: Booted secondary processor 0x0000180000 [0x481fd010]
Jul 27 16:24:31 ubuntu kernel: [    0.840822] Detected VIPT I-cache on CPU25
Jul 27 16:24:31 ubuntu kernel: [    0.840831] GICv3: CPU25: found redistributor 180100 region 25:0x00000000aa140000
Jul 27 16:24:31 ubuntu kernel: [    0.840852] GICv3: CPU25: using allocated LPI pending table @0x00000027ff240000
Jul 27 16:24:31 ubuntu kernel: [    0.840890] CPU25: Booted secondary processor 0x0000180100 [0x481fd010]
Jul 27 16:24:31 ubuntu kernel: [    0.873371] Detected VIPT I-cache on CPU26
Jul 27 16:24:31 ubuntu kernel: [    0.873380] GICv3: CPU26: found redistributor 180200 region 26:0x00000000aa180000
Jul 27 16:24:31 ubuntu kernel: [    0.873395] GICv3: CPU26: using allocated LPI pending table @0x00000027ff250000
Jul 27 16:24:31 ubuntu kernel: [    0.873432] CPU26: Booted secondary processor 0x0000180200 [0x481fd010]
Jul 27 16:24:31 ubuntu kernel: [    0.905921] Detected VIPT I-cache on CPU27
Jul 27 16:24:31 ubuntu kernel: [    0.905931] GICv3: CPU27: found redistributor 180300 region 27:0x00000000aa1c0000
Jul 27 16:24:31 ubuntu kernel: [    0.905945] GICv3: CPU27: using allocated LPI pending table @0x00000027ff260000
Jul 27 16:24:31 ubuntu kernel: [    0.905983] CPU27: Booted secondary processor 0x0000180300 [0x481fd010]
Jul 27 16:24:31 ubuntu kernel: [    0.938653] Detected VIPT I-cache on CPU28
Jul 27 16:24:31 ubuntu kernel: [    0.938667] GICv3: CPU28: found redistributor 190000 region 28:0x00000000aa200000
Jul 27 16:24:31 ubuntu kernel: [    0.938694] GICv3: CPU28: using allocated LPI pending table @0x00000027ff270000
Jul 27 16:24:31 ubuntu kernel: [    0.938741] CPU28: Booted secondary processor 0x0000190000 [0x481fd010]
Jul 27 16:24:31 ubuntu kernel: [    0.971368] Detected VIPT I-cache on CPU29
Jul 27 16:24:31 ubuntu kernel: [    0.971379] GICv3: CPU29: found redistributor 190100 region 29:0x00000000aa240000
Jul 27 16:24:31 ubuntu kernel: [    0.971394] GICv3: CPU29: using allocated LPI pending table @0x00000027ff280000
Jul 27 16:24:31 ubuntu kernel: [    0.971431] CPU29: Booted secondary processor 0x0000190100 [0x481fd010]
Jul 27 16:24:31 ubuntu kernel: [    1.004092] Detected VIPT I-cache on CPU30
Jul 27 16:24:31 ubuntu kernel: [    1.004103] GICv3: CPU30: found redistributor 190200 region 30:0x00000000aa280000
Jul 27 16:24:31 ubuntu kernel: [    1.004123] GICv3: CPU30: using allocated LPI pending table @0x00000027ff290000
Jul 27 16:24:31 ubuntu kernel: [    1.004161] CPU30: Booted secondary processor 0x0000190200 [0x481fd010]
Jul 27 16:24:31 ubuntu kernel: [    1.036815] Detected VIPT I-cache on CPU31
Jul 27 16:24:31 ubuntu kernel: [    1.036826] GICv3: CPU31: found redistributor 190300 region 31:0x00000000aa2c0000
Jul 27 16:24:31 ubuntu kernel: [    1.036844] GICv3: CPU31: using allocated LPI pending table @0x00000027ff2a0000
Jul 27 16:24:31 ubuntu kernel: [    1.036882] CPU31: Booted secondary processor 0x0000190300 [0x481fd010]
Jul 27 16:24:31 ubuntu kernel: [    1.069719] Detected VIPT I-cache on CPU32
Jul 27 16:24:31 ubuntu kernel: [    1.069732] GICv3: CPU32: found redistributor 1a0000 region 32:0x00000000aa300000
Jul 27 16:24:31 ubuntu kernel: [    1.069758] GICv3: CPU32: using allocated LPI pending table @0x00000027ff2b0000
Jul 27 16:24:31 ubuntu kernel: [    1.069801] CPU32: Booted secondary processor 0x00001a0000 [0x481fd010]
Jul 27 16:24:31 ubuntu kernel: [    1.102611] Detected VIPT I-cache on CPU33
Jul 27 16:24:31 ubuntu kernel: [    1.102622] GICv3: CPU33: found redistributor 1a0100 region 33:0x00000000aa340000
Jul 27 16:24:31 ubuntu kernel: [    1.102638] GICv3: CPU33: using allocated LPI pending table @0x00000027ff2c0000
Jul 27 16:24:31 ubuntu kernel: [    1.102676] CPU33: Booted secondary processor 0x00001a0100 [0x481fd010]
Jul 27 16:24:31 ubuntu kernel: [    1.135507] Detected VIPT I-cache on CPU34
Jul 27 16:24:31 ubuntu kernel: [    1.135518] GICv3: CPU34: found redistributor 1a0200 region 34:0x00000000aa380000
Jul 27 16:24:31 ubuntu kernel: [    1.135534] GICv3: CPU34: using allocated LPI pending table @0x00000027ff2d0000
Jul 27 16:24:31 ubuntu kernel: [    1.135572] CPU34: Booted secondary processor 0x00001a0200 [0x481fd010]
Jul 27 16:24:31 ubuntu kernel: [    1.168405] Detected VIPT I-cache on CPU35
Jul 27 16:24:31 ubuntu kernel: [    1.168416] GICv3: CPU35: found redistributor 1a0300 region 35:0x00000000aa3c0000
Jul 27 16:24:31 ubuntu kernel: [    1.168431] GICv3: CPU35: using allocated LPI pending table @0x00000027ff2e0000
Jul 27 16:24:31 ubuntu kernel: [    1.168470] CPU35: Booted secondary processor 0x00001a0300 [0x481fd010]
Jul 27 16:24:31 ubuntu kernel: [    1.201481] Detected VIPT I-cache on CPU36
Jul 27 16:24:31 ubuntu kernel: [    1.201495] GICv3: CPU36: found redistributor 1b0000 region 36:0x00000000aa400000
Jul 27 16:24:31 ubuntu kernel: [    1.201519] GICv3: CPU36: using allocated LPI pending table @0x00000027ff2f0000
Jul 27 16:24:31 ubuntu kernel: [    1.201564] CPU36: Booted secondary processor 0x00001b0000 [0x481fd010]
Jul 27 16:24:31 ubuntu systemd[1]: Starting Login Service...
Jul 27 16:24:31 ubuntu systemd[1]: Started Raise network interfaces.
Jul 27 16:24:31 ubuntu rsyslogd: imuxsock: Acquired UNIX socket '/run/systemd/journal/syslog' (fd 3) from systemd.  [v8.32.0]
Jul 27 16:24:31 ubuntu rsyslogd: rsyslogd's groupid changed to 106
Jul 27 16:24:31 ubuntu rsyslogd: rsyslogd's userid changed to 102
Jul 27 16:24:31 ubuntu kernel: [    1.234546] Detected VIPT I-cache on CPU37
Jul 27 16:24:31 ubuntu kernel: [    1.234557] GICv3: CPU37: found redistributor 1b0100 region 37:0x00000000aa440000
Jul 27 16:24:31 ubuntu rsyslogd:  [origin software="rsyslogd" swVersion="8.32.0" x-pid="2460" x-info="http://www.rsyslog.com"] start
Jul 27 16:24:31 ubuntu kernel: [    1.234574] GICv3: CPU37: using allocated LPI pending table @0x00000027ff300000
Jul 27 16:24:31 ubuntu kernel: [    1.234611] CPU37: Booted secondary processor 0x00001b0100 [0x481fd010]
Jul 27 16:24:31 ubuntu kernel: [    1.267617] Detected VIPT I-cache on CPU38
Jul 27 16:24:31 ubuntu kernel: [    1.267629] GICv3: CPU38: found redistributor 1b0200 region 38:0x00000000aa480000
Jul 27 16:24:31 ubuntu kernel: [    1.267646] GICv3: CPU38: using allocated LPI pending table @0x00000027ff310000
Jul 27 16:24:31 ubuntu kernel: [    1.267684] CPU38: Booted secondary processor 0x00001b0200 [0x481fd010]
Jul 27 16:24:31 ubuntu kernel: [    1.300688] Detected VIPT I-cache on CPU39
Jul 27 16:24:31 ubuntu kernel: [    1.300700] GICv3: CPU39: found redistributor 1b0300 region 39:0x00000000aa4c0000
Jul 27 16:24:31 ubuntu kernel: [    1.300718] GICv3: CPU39: using allocated LPI pending table @0x00000027ff320000
Jul 27 16:24:31 ubuntu kernel: [    1.300756] CPU39: Booted secondary processor 0x00001b0300 [0x481fd010]
Jul 27 16:24:31 ubuntu kernel: [    1.333244] Detected VIPT I-cache on CPU40
Jul 27 16:24:31 ubuntu kernel: [    1.333258] GICv3: CPU40: found redistributor 1c0000 region 40:0x00000000aa500000
Jul 27 16:24:31 ubuntu kernel: [    1.333284] GICv3: CPU40: using allocated LPI pending table @0x00000027ff330000
Jul 27 16:24:31 ubuntu kernel: [    1.333327] CPU40: Booted secondary processor 0x00001c0000 [0x481fd010]
Jul 27 16:24:31 ubuntu kernel: [    1.365788] Detected VIPT I-cache on CPU41
Jul 27 16:24:31 ubuntu kernel: [    1.365800] GICv3: CPU41: found redistributor 1c0100 region 41:0x00000000aa540000
Jul 27 16:24:31 ubuntu kernel: [    1.365819] GICv3: CPU41: using allocated LPI pending table @0x00000027ff340000
Jul 27 16:24:31 ubuntu kernel: [    1.365858] CPU41: Booted secondary processor 0x00001c0100 [0x481fd010]
Jul 27 16:24:31 ubuntu kernel: [    1.398338] Detected VIPT I-cache on CPU42
Jul 27 16:24:31 ubuntu kernel: [    1.398350] GICv3: CPU42: found redistributor 1c0200 region 42:0x00000000aa580000
Jul 27 16:24:31 ubuntu kernel: [    1.398369] GICv3: CPU42: using allocated LPI pending table @0x00000027ff350000
Jul 27 16:24:31 ubuntu kernel: [    1.398408] CPU42: Booted secondary processor 0x00001c0200 [0x481fd010]
Jul 27 16:24:31 ubuntu kernel: [    1.430888] Detected VIPT I-cache on CPU43
Jul 27 16:24:31 ubuntu kernel: [    1.430899] GICv3: CPU43: found redistributor 1c0300 region 43:0x00000000aa5c0000
Jul 27 16:24:31 ubuntu kernel: [    1.430918] GICv3: CPU43: using allocated LPI pending table @0x00000027ff360000
Jul 27 16:24:31 ubuntu kernel: [    1.430957] CPU43: Booted secondary processor 0x00001c0300 [0x481fd010]
Jul 27 16:24:31 ubuntu kernel: [    1.463617] Detected VIPT I-cache on CPU44
Jul 27 16:24:31 ubuntu kernel: [    1.463631] GICv3: CPU44: found redistributor 1d0000 region 44:0x00000000aa600000
Jul 27 16:24:31 ubuntu kernel: [    1.463659] GICv3: CPU44: using allocated LPI pending table @0x00000027ff370000
Jul 27 16:24:31 ubuntu kernel: [    1.463706] CPU44: Booted secondary processor 0x00001d0000 [0x481fd010]
Jul 27 16:24:31 ubuntu kernel: [    1.496335] Detected VIPT I-cache on CPU45
Jul 27 16:24:31 ubuntu kernel: [    1.496347] GICv3: CPU45: found redistributor 1d0100 region 45:0x00000000aa640000
Jul 27 16:24:31 ubuntu kernel: [    1.496367] GICv3: CPU45: using allocated LPI pending table @0x00000027ff380000
Jul 27 16:24:31 ubuntu kernel: [    1.496406] CPU45: Booted secondary processor 0x00001d0100 [0x481fd010]
Jul 27 16:24:31 ubuntu kernel: [    1.529058] Detected VIPT I-cache on CPU46
Jul 27 16:24:31 ubuntu kernel: [    1.529071] GICv3: CPU46: found redistributor 1d0200 region 46:0x00000000aa680000
Jul 27 16:24:31 ubuntu kernel: [    1.529090] GICv3: CPU46: using allocated LPI pending table @0x00000027ff390000
Jul 27 16:24:31 ubuntu kernel: [    1.529128] CPU46: Booted secondary processor 0x00001d0200 [0x481fd010]
Jul 27 16:24:31 ubuntu kernel: [    1.561782] Detected VIPT I-cache on CPU47
Jul 27 16:24:31 ubuntu kernel: [    1.561794] GICv3: CPU47: found redistributor 1d0300 region 47:0x00000000aa6c0000
Jul 27 16:24:31 ubuntu kernel: [    1.561810] GICv3: CPU47: using allocated LPI pending table @0x00000027ff3a0000
Jul 27 16:24:31 ubuntu kernel: [    1.561848] CPU47: Booted secondary processor 0x00001d0300 [0x481fd010]
Jul 27 16:24:31 ubuntu kernel: [    1.594622] Detected VIPT I-cache on CPU48
Jul 27 16:24:31 ubuntu kernel: [    1.594660] GICv3: CPU48: found redistributor 280000 region 48:0x00002000ae100000
Jul 27 16:24:31 ubuntu kernel: [    1.594723] GICv3: CPU48: using allocated LPI pending table @0x00000027ff3b0000
Jul 27 16:24:31 ubuntu kernel: [    1.594793] CPU48: Booted secondary processor 0x0000280000 [0x481fd010]
Jul 27 16:24:31 ubuntu kernel: [    1.627410] Detected VIPT I-cache on CPU49
Jul 27 16:24:31 ubuntu kernel: [    1.627438] GICv3: CPU49: found redistributor 280100 region 49:0x00002000ae140000
Jul 27 16:24:31 ubuntu kernel: [    1.627459] GICv3: CPU49: using allocated LPI pending table @0x00000027ff3c0000
Jul 27 16:24:31 ubuntu kernel: [    1.627511] CPU49: Booted secondary processor 0x0000280100 [0x481fd010]
Jul 27 16:24:31 ubuntu kernel: [    1.660221] Detected VIPT I-cache on CPU50
Jul 27 16:24:31 ubuntu kernel: [    1.660248] GICv3: CPU50: found redistributor 280200 region 50:0x00002000ae180000
Jul 27 16:24:31 ubuntu kernel: [    1.660268] GICv3: CPU50: using allocated LPI pending table @0x00000027ff3d0000
Jul 27 16:24:31 ubuntu kernel: [    1.660319] CPU50: Booted secondary processor 0x0000280200 [0x481fd010]
Jul 27 16:24:31 ubuntu kernel: [    1.693031] Detected VIPT I-cache on CPU51
Jul 27 16:24:31 ubuntu kernel: [    1.693059] GICv3: CPU51: found redistributor 280300 region 51:0x00002000ae1c0000
Jul 27 16:24:31 ubuntu kernel: [    1.693078] GICv3: CPU51: using allocated LPI pending table @0x00000027ff3e0000
Jul 27 16:24:31 ubuntu kernel: [    1.693130] CPU51: Booted secondary processor 0x0000280300 [0x481fd010]
Jul 27 16:24:31 ubuntu kernel: [    1.726019] Detected VIPT I-cache on CPU52
Jul 27 16:24:31 ubuntu kernel: [    1.726049] GICv3: CPU52: found redistributor 290000 region 52:0x00002000ae200000
Jul 27 16:24:31 ubuntu kernel: [    1.726084] GICv3: CPU52: using allocated LPI pending table @0x00000027ff3f0000
Jul 27 16:24:31 ubuntu kernel: [    1.726139] CPU52: Booted secondary processor 0x0000290000 [0x481fd010]
Jul 27 16:24:31 ubuntu kernel: [    1.758999] Detected VIPT I-cache on CPU53
Jul 27 16:24:31 ubuntu kernel: [    1.759027] GICv3: CPU53: found redistributor 290100 region 53:0x00002000ae240000
Jul 27 16:24:31 ubuntu kernel: [    1.759045] GICv3: CPU53: using allocated LPI pending table @0x00000027fec00000
Jul 27 16:24:31 ubuntu kernel: [    1.759097] CPU53: Booted secondary processor 0x0000290100 [0x481fd010]
Jul 27 16:24:31 ubuntu kernel: [    1.791983] Detected VIPT I-cache on CPU54
Jul 27 16:24:31 ubuntu kernel: [    1.792011] GICv3: CPU54: found redistributor 290200 region 54:0x00002000ae280000
Jul 27 16:24:31 ubuntu kernel: [    1.792029] GICv3: CPU54: using allocated LPI pending table @0x00000027fec10000
Jul 27 16:24:31 ubuntu kernel: [    1.792080] CPU54: Booted secondary processor 0x0000290200 [0x481fd010]
Jul 27 16:24:31 ubuntu kernel: [    1.824967] Detected VIPT I-cache on CPU55
Jul 27 16:24:31 ubuntu kernel: [    1.824995] GICv3: CPU55: found redistributor 290300 region 55:0x00002000ae2c0000
Jul 27 16:24:31 ubuntu kernel: [    1.825013] GICv3: CPU55: using allocated LPI pending table @0x00000027fec20000
Jul 27 16:24:31 ubuntu kernel: [    1.825065] CPU55: Booted secondary processor 0x0000290300 [0x481fd010]
Jul 27 16:24:31 ubuntu kernel: [    1.858129] Detected VIPT I-cache on CPU56
Jul 27 16:24:31 ubuntu kernel: [    1.858159] GICv3: CPU56: found redistributor 2a0000 region 56:0x00002000ae300000
Jul 27 16:24:31 ubuntu kernel: [    1.858185] GICv3: CPU56: using allocated LPI pending table @0x00000027fec30000
Jul 27 16:24:31 ubuntu kernel: [    1.858241] CPU56: Booted secondary processor 0x00002a0000 [0x481fd010]
Jul 27 16:24:31 ubuntu kernel: [    1.891282] Detected VIPT I-cache on CPU57
Jul 27 16:24:31 ubuntu kernel: [    1.891311] GICv3: CPU57: found redistributor 2a0100 region 57:0x00002000ae340000
Jul 27 16:24:31 ubuntu kernel: [    1.891330] GICv3: CPU57: using allocated LPI pending table @0x00000027fec40000
Jul 27 16:24:31 ubuntu kernel: [    1.891382] CPU57: Booted secondary processor 0x00002a0100 [0x481fd010]
Jul 27 16:24:31 ubuntu kernel: [    1.924440] Detected VIPT I-cache on CPU58
Jul 27 16:24:31 ubuntu kernel: [    1.924469] GICv3: CPU58: found redistributor 2a0200 region 58:0x00002000ae380000
Jul 27 16:24:31 ubuntu kernel: [    1.924487] GICv3: CPU58: using allocated LPI pending table @0x00000027fec50000
Jul 27 16:24:31 ubuntu kernel: [    1.924540] CPU58: Booted secondary processor 0x00002a0200 [0x481fd010]
Jul 27 16:24:31 ubuntu kernel: [    1.957598] Detected VIPT I-cache on CPU59
Jul 27 16:24:31 ubuntu kernel: [    1.957627] GICv3: CPU59: found redistributor 2a0300 region 59:0x00002000ae3c0000
Jul 27 16:24:31 ubuntu kernel: [    1.957647] GICv3: CPU59: using allocated LPI pending table @0x00000027fec60000
Jul 27 16:24:31 ubuntu kernel: [    1.957699] CPU59: Booted secondary processor 0x00002a0300 [0x481fd010]
Jul 27 16:24:31 ubuntu kernel: [    1.990932] Detected VIPT I-cache on CPU60
Jul 27 16:24:31 ubuntu kernel: [    1.990964] GICv3: CPU60: found redistributor 2b0000 region 60:0x00002000ae400000
Jul 27 16:24:31 ubuntu kernel: [    1.990991] GICv3: CPU60: using allocated LPI pending table @0x00000027fec70000
Jul 27 16:24:31 ubuntu kernel: [    1.991046] CPU60: Booted secondary processor 0x00002b0000 [0x481fd010]
Jul 27 16:24:31 ubuntu kernel: [    2.024260] Detected VIPT I-cache on CPU61
Jul 27 16:24:31 ubuntu kernel: [    2.024289] GICv3: CPU61: found redistributor 2b0100 region 61:0x00002000ae440000
Jul 27 16:24:31 ubuntu kernel: [    2.024310] GICv3: CPU61: using allocated LPI pending table @0x00000027fec80000
Jul 27 16:24:31 ubuntu kernel: [    2.024362] CPU61: Booted secondary processor 0x00002b0100 [0x481fd010]
Jul 27 16:24:31 ubuntu kernel: [    2.057591] Detected VIPT I-cache on CPU62
Jul 27 16:24:31 ubuntu kernel: [    2.057620] GICv3: CPU62: found redistributor 2b0200 region 62:0x00002000ae480000
Jul 27 16:24:31 ubuntu kernel: [    2.057640] GICv3: CPU62: using allocated LPI pending table @0x00000027fec90000
Jul 27 16:24:31 ubuntu kernel: [    2.057692] CPU62: Booted secondary processor 0x00002b0200 [0x481fd010]
Jul 27 16:24:31 ubuntu kernel: [    2.090922] Detected VIPT I-cache on CPU63
Jul 27 16:24:31 ubuntu kernel: [    2.090952] GICv3: CPU63: found redistributor 2b0300 region 63:0x00002000ae4c0000
Jul 27 16:24:31 ubuntu kernel: [    2.090970] GICv3: CPU63: using allocated LPI pending table @0x00000027feca0000
Jul 27 16:24:31 ubuntu kernel: [    2.091022] CPU63: Booted secondary processor 0x00002b0300 [0x481fd010]
Jul 27 16:24:31 ubuntu kernel: [    2.123736] Detected VIPT I-cache on CPU64
Jul 27 16:24:31 ubuntu kernel: [    2.123768] GICv3: CPU64: found redistributor 2c0000 region 64:0x00002000ae500000
Jul 27 16:24:31 ubuntu kernel: [    2.123796] GICv3: CPU64: using allocated LPI pending table @0x00000027fecb0000
Jul 27 16:24:31 ubuntu kernel: [    2.123851] CPU64: Booted secondary processor 0x00002c0000 [0x481fd010]
Jul 27 16:24:31 ubuntu kernel: [    2.156542] Detected VIPT I-cache on CPU65
Jul 27 16:24:31 ubuntu kernel: [    2.156571] GICv3: CPU65: found redistributor 2c0100 region 65:0x00002000ae540000
Jul 27 16:24:31 ubuntu kernel: [    2.156590] GICv3: CPU65: using allocated LPI pending table @0x00000027fecc0000
Jul 27 16:24:31 ubuntu kernel: [    2.156643] CPU65: Booted secondary processor 0x00002c0100 [0x481fd010]
Jul 27 16:24:31 ubuntu kernel: [    2.189354] Detected VIPT I-cache on CPU66
Jul 27 16:24:31 ubuntu kernel: [    2.189382] GICv3: CPU66: found redistributor 2c0200 region 66:0x00002000ae580000
Jul 27 16:24:31 ubuntu kernel: [    2.189403] GICv3: CPU66: using allocated LPI pending table @0x00000027fecd0000
Jul 27 16:24:31 ubuntu kernel: [    2.189456] CPU66: Booted secondary processor 0x00002c0200 [0x481fd010]
Jul 27 16:24:31 ubuntu kernel: [    2.222163] Detected VIPT I-cache on CPU67
Jul 27 16:24:31 ubuntu kernel: [    2.222192] GICv3: CPU67: found redistributor 2c0300 region 67:0x00002000ae5c0000
Jul 27 16:24:31 ubuntu kernel: [    2.222212] GICv3: CPU67: using allocated LPI pending table @0x00000027fece0000
Jul 27 16:24:31 ubuntu kernel: [    2.222264] CPU67: Booted secondary processor 0x00002c0300 [0x481fd010]
Jul 27 16:24:31 ubuntu kernel: [    2.255152] Detected VIPT I-cache on CPU68
Jul 27 16:24:31 ubuntu kernel: [    2.255184] GICv3: CPU68: found redistributor 2d0000 region 68:0x00002000ae600000
Jul 27 16:24:31 ubuntu kernel: [    2.255214] GICv3: CPU68: using allocated LPI pending table @0x00000027fecf0000
Jul 27 16:24:31 ubuntu kernel: [    2.255270] CPU68: Booted secondary processor 0x00002d0000 [0x481fd010]
Jul 27 16:24:31 ubuntu kernel: [    2.288131] Detected VIPT I-cache on CPU69
Jul 27 16:24:31 ubuntu kernel: [    2.288161] GICv3: CPU69: found redistributor 2d0100 region 69:0x00002000ae640000
Jul 27 16:24:31 ubuntu kernel: [    2.288181] GICv3: CPU69: using allocated LPI pending table @0x00000027fed00000
Jul 27 16:24:31 ubuntu kernel: [    2.288233] CPU69: Booted secondary processor 0x00002d0100 [0x481fd010]
Jul 27 16:24:31 ubuntu kernel: [    2.321116] Detected VIPT I-cache on CPU70
Jul 27 16:24:31 ubuntu kernel: [    2.321145] GICv3: CPU70: found redistributor 2d0200 region 70:0x00002000ae680000
Jul 27 16:24:31 ubuntu kernel: [    2.321165] GICv3: CPU70: using allocated LPI pending table @0x00000027fed10000
Jul 27 16:24:31 ubuntu kernel: [    2.321217] CPU70: Booted secondary processor 0x00002d0200 [0x481fd010]
Jul 27 16:24:31 ubuntu kernel: [    2.354100] Detected VIPT I-cache on CPU71
Jul 27 16:24:31 ubuntu kernel: [    2.354130] GICv3: CPU71: found redistributor 2d0300 region 71:0x00002000ae6c0000
Jul 27 16:24:31 ubuntu kernel: [    2.354149] GICv3: CPU71: using allocated LPI pending table @0x00000027fed20000
Jul 27 16:24:31 ubuntu kernel: [    2.354201] CPU71: Booted secondary processor 0x00002d0300 [0x481fd010]
Jul 27 16:24:31 ubuntu kernel: [    2.394230] Detected VIPT I-cache on CPU72
Jul 27 16:24:31 ubuntu kernel: [    2.394282] GICv3: CPU72: found redistributor 380000 region 72:0x00002000aa100000
Jul 27 16:24:31 ubuntu kernel: [    2.394339] GICv3: CPU72: using allocated LPI pending table @0x00000027fed30000
Jul 27 16:24:31 ubuntu kernel: [    2.394423] CPU72: Booted secondary processor 0x0000380000 [0x481fd010]
Jul 27 16:24:31 ubuntu kernel: [    2.434305] Detected VIPT I-cache on CPU73
Jul 27 16:24:31 ubuntu kernel: [    2.434341] GICv3: CPU73: found redistributor 380100 region 73:0x00002000aa140000
Jul 27 16:24:31 ubuntu kernel: [    2.434361] GICv3: CPU73: using allocated LPI pending table @0x00000027fed40000
Jul 27 16:24:31 ubuntu kernel: [    2.434419] CPU73: Booted secondary processor 0x0000380100 [0x481fd010]
Jul 27 16:24:31 ubuntu kernel: [    2.474407] Detected VIPT I-cache on CPU74
Jul 27 16:24:31 ubuntu kernel: [    2.474442] GICv3: CPU74: found redistributor 380200 region 74:0x00002000aa180000
Jul 27 16:24:31 ubuntu kernel: [    2.474462] GICv3: CPU74: using allocated LPI pending table @0x00000027fed50000
Jul 27 16:24:31 ubuntu kernel: [    2.474520] CPU74: Booted secondary processor 0x0000380200 [0x481fd010]
Jul 27 16:24:31 ubuntu kernel: [    2.514508] Detected VIPT I-cache on CPU75
Jul 27 16:24:31 ubuntu kernel: [    2.514544] GICv3: CPU75: found redistributor 380300 region 75:0x00002000aa1c0000
Jul 27 16:24:31 ubuntu kernel: [    2.514565] GICv3: CPU75: using allocated LPI pending table @0x00000027fed60000
Jul 27 16:24:31 ubuntu kernel: [    2.514621] CPU75: Booted secondary processor 0x0000380300 [0x481fd010]
Jul 27 16:24:31 ubuntu kernel: [    2.554786] Detected VIPT I-cache on CPU76
Jul 27 16:24:31 ubuntu kernel: [    2.554824] GICv3: CPU76: found redistributor 390000 region 76:0x00002000aa200000
Jul 27 16:24:31 ubuntu kernel: [    2.554857] GICv3: CPU76: using allocated LPI pending table @0x00000027fed70000
Jul 27 16:24:31 ubuntu kernel: [    2.554918] CPU76: Booted secondary processor 0x0000390000 [0x481fd010]
Jul 27 16:24:31 ubuntu kernel: [    2.595058] Detected VIPT I-cache on CPU77
Jul 27 16:24:31 ubuntu kernel: [    2.595094] GICv3: CPU77: found redistributor 390100 region 77:0x00002000aa240000
Jul 27 16:24:31 ubuntu kernel: [    2.595115] GICv3: CPU77: using allocated LPI pending table @0x00000027fed80000
Jul 27 16:24:31 ubuntu kernel: [    2.595172] CPU77: Booted secondary processor 0x0000390100 [0x481fd010]
Jul 27 16:24:31 ubuntu kernel: [    2.635333] Detected VIPT I-cache on CPU78
Jul 27 16:24:31 ubuntu kernel: [    2.635369] GICv3: CPU78: found redistributor 390200 region 78:0x00002000aa280000
Jul 27 16:24:31 ubuntu kernel: [    2.635390] GICv3: CPU78: using allocated LPI pending table @0x00000027fed90000
Jul 27 16:24:31 ubuntu kernel: [    2.635447] CPU78: Booted secondary processor 0x0000390200 [0x481fd010]
Jul 27 16:24:31 ubuntu kernel: [    2.675609] Detected VIPT I-cache on CPU79
Jul 27 16:24:31 ubuntu kernel: [    2.675645] GICv3: CPU79: found redistributor 390300 region 79:0x00002000aa2c0000
Jul 27 16:24:31 ubuntu kernel: [    2.675665] GICv3: CPU79: using allocated LPI pending table @0x00000027feda0000
Jul 27 16:24:31 ubuntu kernel: [    2.675723] CPU79: Booted secondary processor 0x0000390300 [0x481fd010]
Jul 27 16:24:31 ubuntu kernel: [    2.716061] Detected VIPT I-cache on CPU80
Jul 27 16:24:31 ubuntu kernel: [    2.716100] GICv3: CPU80: found redistributor 3a0000 region 80:0x00002000aa300000
Jul 27 16:24:31 ubuntu kernel: [    2.716132] GICv3: CPU80: using allocated LPI pending table @0x00000027fedb0000
Jul 27 16:24:31 ubuntu kernel: [    2.716192] CPU80: Booted secondary processor 0x00003a0000 [0x481fd010]
Jul 27 16:24:31 ubuntu kernel: [    2.756507] Detected VIPT I-cache on CPU81
Jul 27 16:24:31 ubuntu kernel: [    2.756544] GICv3: CPU81: found redistributor 3a0100 region 81:0x00002000aa340000
Jul 27 16:24:31 ubuntu kernel: [    2.756565] GICv3: CPU81: using allocated LPI pending table @0x00000027fedc0000
Jul 27 16:24:31 ubuntu kernel: [    2.756622] CPU81: Booted secondary processor 0x00003a0100 [0x481fd010]
Jul 27 16:24:31 ubuntu kernel: [    2.796955] Detected VIPT I-cache on CPU82
Jul 27 16:24:31 ubuntu kernel: [    2.796992] GICv3: CPU82: found redistributor 3a0200 region 82:0x00002000aa380000
Jul 27 16:24:31 ubuntu kernel: [    2.797013] GICv3: CPU82: using allocated LPI pending table @0x00000027fedd0000
Jul 27 16:24:31 ubuntu kernel: [    2.797070] CPU82: Booted secondary processor 0x00003a0200 [0x481fd010]
Jul 27 16:24:31 ubuntu kernel: [    2.837404] Detected VIPT I-cache on CPU83
Jul 27 16:24:31 ubuntu kernel: [    2.837441] GICv3: CPU83: found redistributor 3a0300 region 83:0x00002000aa3c0000
Jul 27 16:24:31 ubuntu kernel: [    2.837463] GICv3: CPU83: using allocated LPI pending table @0x00000027fede0000
Jul 27 16:24:31 ubuntu kernel: [    2.837521] CPU83: Booted secondary processor 0x00003a0300 [0x481fd010]
Jul 27 16:24:31 ubuntu kernel: [    2.878030] Detected VIPT I-cache on CPU84
Jul 27 16:24:31 ubuntu kernel: [    2.878069] GICv3: CPU84: found redistributor 3b0000 region 84:0x00002000aa400000
Jul 27 16:24:31 ubuntu kernel: [    2.878102] GICv3: CPU84: using allocated LPI pending table @0x00000027fedf0000
Jul 27 16:24:31 ubuntu kernel: [    2.878164] CPU84: Booted secondary processor 0x00003b0000 [0x481fd010]
Jul 27 16:24:31 ubuntu kernel: [    2.918649] Detected VIPT I-cache on CPU85
Jul 27 16:24:31 ubuntu kernel: [    2.918686] GICv3: CPU85: found redistributor 3b0100 region 85:0x00002000aa440000
Jul 27 16:24:31 ubuntu kernel: [    2.918708] GICv3: CPU85: using allocated LPI pending table @0x00000027fee00000
Jul 27 16:24:31 ubuntu kernel: [    2.918765] CPU85: Booted secondary processor 0x00003b0100 [0x481fd010]
Jul 27 16:24:31 ubuntu kernel: [    2.959271] Detected VIPT I-cache on CPU86
Jul 27 16:24:31 ubuntu kernel: [    2.959308] GICv3: CPU86: found redistributor 3b0200 region 86:0x00002000aa480000
Jul 27 16:24:31 ubuntu kernel: [    2.959329] GICv3: CPU86: using allocated LPI pending table @0x00000027fee10000
Jul 27 16:24:31 ubuntu kernel: [    2.959387] CPU86: Booted secondary processor 0x00003b0200 [0x481fd010]
Jul 27 16:24:31 ubuntu kernel: [    2.999894] Detected VIPT I-cache on CPU87
Jul 27 16:24:31 ubuntu kernel: [    2.999931] GICv3: CPU87: found redistributor 3b0300 region 87:0x00002000aa4c0000
Jul 27 16:24:31 ubuntu kernel: [    2.999954] GICv3: CPU87: using allocated LPI pending table @0x00000027fee20000
Jul 27 16:24:31 ubuntu kernel: [    3.000012] CPU87: Booted secondary processor 0x00003b0300 [0x481fd010]
Jul 27 16:24:31 ubuntu kernel: [    3.039998] Detected VIPT I-cache on CPU88
Jul 27 16:24:31 ubuntu kernel: [    3.040037] GICv3: CPU88: found redistributor 3c0000 region 88:0x00002000aa500000
Jul 27 16:24:31 ubuntu kernel: [    3.040069] GICv3: CPU88: using allocated LPI pending table @0x00000027fee30000
Jul 27 16:24:31 ubuntu kernel: [    3.040131] CPU88: Booted secondary processor 0x00003c0000 [0x481fd010]
Jul 27 16:24:31 ubuntu kernel: [    3.080097] Detected VIPT I-cache on CPU89
Jul 27 16:24:31 ubuntu kernel: [    3.080133] GICv3: CPU89: found redistributor 3c0100 region 89:0x00002000aa540000
Jul 27 16:24:31 ubuntu kernel: [    3.080159] GICv3: CPU89: using allocated LPI pending table @0x00000027fee40000
Jul 27 16:24:31 ubuntu kernel: [    3.080217] CPU89: Booted secondary processor 0x00003c0100 [0x481fd010]
Jul 27 16:24:31 ubuntu kernel: [    3.120198] Detected VIPT I-cache on CPU90
Jul 27 16:24:31 ubuntu kernel: [    3.120234] GICv3: CPU90: found redistributor 3c0200 region 90:0x00002000aa580000
Jul 27 16:24:31 ubuntu kernel: [    3.120257] GICv3: CPU90: using allocated LPI pending table @0x00000027fee50000
Jul 27 16:24:31 ubuntu kernel: [    3.120315] CPU90: Booted secondary processor 0x00003c0200 [0x481fd010]
Jul 27 16:24:31 ubuntu kernel: [    3.160299] Detected VIPT I-cache on CPU91
Jul 27 16:24:31 ubuntu kernel: [    3.160336] GICv3: CPU91: found redistributor 3c0300 region 91:0x00002000aa5c0000
Jul 27 16:24:31 ubuntu kernel: [    3.160359] GICv3: CPU91: using allocated LPI pending table @0x00000027fee60000
Jul 27 16:24:31 ubuntu kernel: [    3.160416] CPU91: Booted secondary processor 0x00003c0300 [0x481fd010]
Jul 27 16:24:31 ubuntu kernel: [    3.200578] Detected VIPT I-cache on CPU92
Jul 27 16:24:31 ubuntu kernel: [    3.200617] GICv3: CPU92: found redistributor 3d0000 region 92:0x00002000aa600000
Jul 27 16:24:31 ubuntu kernel: [    3.200651] GICv3: CPU92: using allocated LPI pending table @0x00000027fee70000
Jul 27 16:24:31 ubuntu kernel: [    3.200713] CPU92: Booted secondary processor 0x00003d0000 [0x481fd010]
Jul 27 16:24:31 ubuntu kernel: [    3.240851] Detected VIPT I-cache on CPU93
Jul 27 16:24:31 ubuntu kernel: [    3.240888] GICv3: CPU93: found redistributor 3d0100 region 93:0x00002000aa640000
Jul 27 16:24:31 ubuntu kernel: [    3.240912] GICv3: CPU93: using allocated LPI pending table @0x00000027fee80000
Jul 27 16:24:31 ubuntu kernel: [    3.240970] CPU93: Booted secondary processor 0x00003d0100 [0x481fd010]
Jul 27 16:24:31 ubuntu kernel: [    3.281126] Detected VIPT I-cache on CPU94
Jul 27 16:24:31 ubuntu kernel: [    3.281163] GICv3: CPU94: found redistributor 3d0200 region 94:0x00002000aa680000
Jul 27 16:24:31 ubuntu kernel: [    3.281187] GICv3: CPU94: using allocated LPI pending table @0x00000027fee90000
Jul 27 16:24:31 ubuntu kernel: [    3.281245] CPU94: Booted secondary processor 0x00003d0200 [0x481fd010]
Jul 27 16:24:31 ubuntu kernel: [    3.321401] Detected VIPT I-cache on CPU95
Jul 27 16:24:31 ubuntu kernel: [    3.321438] GICv3: CPU95: found redistributor 3d0300 region 95:0x00002000aa6c0000
Jul 27 16:24:31 ubuntu kernel: [    3.321461] GICv3: CPU95: using allocated LPI pending table @0x00000027feea0000
Jul 27 16:24:31 ubuntu kernel: [    3.321519] CPU95: Booted secondary processor 0x00003d0300 [0x481fd010]
Jul 27 16:24:31 ubuntu kernel: [    3.322351] smp: Brought up 4 nodes, 96 CPUs
Jul 27 16:24:31 ubuntu kernel: [    3.322913] SMP: Total of 96 processors activated.
Jul 27 16:24:31 ubuntu kernel: [    3.322916] CPU features: detected: Privileged Access Never
Jul 27 16:24:31 ubuntu kernel: [    3.322918] CPU features: detected: LSE atomic instructions
Jul 27 16:24:31 ubuntu kernel: [    3.322920] CPU features: detected: User Access Override
Jul 27 16:24:31 ubuntu kernel: [    3.322922] CPU features: detected: Common not Private translations
Jul 27 16:24:31 ubuntu kernel: [    3.322924] CPU features: detected: Data cache clean to Point of Persistence
Jul 27 16:24:31 ubuntu kernel: [    3.322926] CPU features: detected: RAS Extension Support
Jul 27 16:24:31 ubuntu kernel: [    3.322928] CPU features: detected: CRC32 instructions
Jul 27 16:24:31 ubuntu kernel: [    3.386843] CPU: All CPU(s) started at EL2
Jul 27 16:24:31 ubuntu kernel: [    3.403087] devtmpfs: initialized
Jul 27 16:24:31 ubuntu kernel: [    3.405715] Registered cp15_barrier emulation handler
Jul 27 16:24:31 ubuntu kernel: [    3.405754] Registered setend emulation handler
Jul 27 16:24:31 ubuntu kernel: [    3.405758] KASLR disabled due to lack of seed
Jul 27 16:24:31 ubuntu kernel: [    3.406170] clocksource: jiffies: mask: 0xffffffff max_cycles: 0xffffffff, max_idle_ns: 7645041785100000 ns
Jul 27 16:24:31 ubuntu kernel: [    3.406581] futex hash table entries: 32768 (order: 9, 2097152 bytes, vmalloc)
Jul 27 16:24:31 ubuntu kernel: [    3.407413] pinctrl core: initialized pinctrl subsystem
Jul 27 16:24:31 ubuntu kernel: [    3.407584] thermal_sys: Registered thermal governor 'fair_share'
Jul 27 16:24:31 ubuntu kernel: [    3.407585] thermal_sys: Registered thermal governor 'bang_bang'
Jul 27 16:24:31 ubuntu kernel: [    3.407589] thermal_sys: Registered thermal governor 'step_wise'
Jul 27 16:24:31 ubuntu kernel: [    3.407591] thermal_sys: Registered thermal governor 'user_space'
Jul 27 16:24:31 ubuntu kernel: [    3.407701] SMBIOS 3.1.1 present.
Jul 27 16:24:31 ubuntu kernel: [    3.407706] DMI: Huawei TaiShan 200 (Model 2280)/BC82AMDDA, BIOS 1.06 10/29/2019
Jul 27 16:24:31 ubuntu kernel: [    3.408116] NET: Registered protocol family 16
Jul 27 16:24:31 ubuntu kernel: [    3.409226] DMA: preallocated 256 KiB pool for atomic allocations
Jul 27 16:24:31 ubuntu kernel: [    3.409231] audit: initializing netlink subsys (disabled)
Jul 27 16:24:31 ubuntu kernel: [    3.409275] audit: type=2000 audit(0.488:1): state=initialized audit_enabled=0 res=1
Jul 27 16:24:31 ubuntu kernel: [    3.409504] cpuidle: using governor ladder
Jul 27 16:24:31 ubuntu kernel: [    3.409601] cpuidle: using governor menu
Jul 27 16:24:31 ubuntu kernel: [    3.409613] Detected 1 PCC Subspaces
Jul 27 16:24:31 ubuntu kernel: [    3.409637] Registering PCC driver as Mailbox controller
Jul 27 16:24:31 ubuntu kernel: [    3.409716] hw-breakpoint: found 6 breakpoint and 4 watchpoint registers.
Jul 27 16:24:31 ubuntu kernel: [    3.410622] ASID allocator initialised with 65536 entries
Jul 27 16:24:31 ubuntu kernel: [    3.410757] ACPI: bus type PCI registered
Jul 27 16:24:31 ubuntu kernel: [    3.410761] acpiphp: ACPI Hot Plug PCI Controller Driver version: 0.5
Jul 27 16:24:31 ubuntu kernel: [    3.410919] Serial: AMBA PL011 UART driver
Jul 27 16:24:31 ubuntu kernel: [    3.417696] HugeTLB registered 1.00 GiB page size, pre-allocated 0 pages
Jul 27 16:24:31 ubuntu kernel: [    3.417701] HugeTLB registered 32.0 MiB page size, pre-allocated 0 pages
Jul 27 16:24:31 ubuntu kernel: [    3.417704] HugeTLB registered 2.00 MiB page size, pre-allocated 0 pages
Jul 27 16:24:31 ubuntu kernel: [    3.417706] HugeTLB registered 64.0 KiB page size, pre-allocated 0 pages
Jul 27 16:24:31 ubuntu kernel: [    3.421672] fbcon: Taking over console
Jul 27 16:24:31 ubuntu kernel: [    3.422069] ACPI: Added _OSI(Module Device)
Jul 27 16:24:31 ubuntu kernel: [    3.422072] ACPI: Added _OSI(Processor Device)
Jul 27 16:24:31 ubuntu kernel: [    3.422074] ACPI: Added _OSI(3.0 _SCP Extensions)
Jul 27 16:24:31 ubuntu kernel: [    3.422077] ACPI: Added _OSI(Processor Aggregator Device)
Jul 27 16:24:31 ubuntu kernel: [    3.422079] ACPI: Added _OSI(Linux-Dell-Video)
Jul 27 16:24:31 ubuntu kernel: [    3.422082] ACPI: Added _OSI(Linux-Lenovo-NV-HDMI-Audio)
Jul 27 16:24:31 ubuntu kernel: [    3.422084] ACPI: Added _OSI(Linux-HPI-Hybrid-Graphics)
Jul 27 16:24:31 ubuntu kernel: [    3.431506] ACPI: 2 ACPI AML tables successfully acquired and loaded
Jul 27 16:24:31 ubuntu kernel: [    3.435023] ACPI: Interpreter enabled
Jul 27 16:24:31 ubuntu kernel: [    3.435027] ACPI: Using GIC for interrupt routing
Jul 27 16:24:31 ubuntu kernel: [    3.435041] ACPI: MCFG table detected, 1 entries
Jul 27 16:24:31 ubuntu kernel: [    3.435044] ACPI: IORT: [Firmware Bug]: ID count for ID mapping entry is wrong, applying workaround
Jul 27 16:24:31 ubuntu kernel: [    3.435049] ACPI: IORT: SMMU-v3[148000000] Mapped to Proximity domain 0
Jul 27 16:24:31 ubuntu kernel: [    3.435101] ACPI: IORT: SMMU-v3[201000000] Mapped to Proximity domain 0
Jul 27 16:24:31 ubuntu kernel: [    3.435129] ACPI: IORT: SMMU-v3[100000000] Mapped to Proximity domain 0
Jul 27 16:24:31 ubuntu kernel: [    3.435151] ACPI: IORT: SMMU-v3[140000000] Mapped to Proximity domain 0
Jul 27 16:24:31 ubuntu kernel: [    3.435175] ACPI: IORT: SMMU-v3[200148000000] Mapped to Proximity domain 2
Jul 27 16:24:31 ubuntu kernel: [    3.435198] ACPI: IORT: SMMU-v3[200201000000] Mapped to Proximity domain 2
Jul 27 16:24:31 ubuntu kernel: [    3.435220] ACPI: IORT: SMMU-v3[200100000000] Mapped to Proximity domain 2
Jul 27 16:24:31 ubuntu kernel: [    3.435244] ACPI: IORT: SMMU-v3[200140000000] Mapped to Proximity domain 2
Jul 27 16:24:31 ubuntu kernel: [    3.435860] HEST: Table parsing has been initialized.
Jul 27 16:24:31 ubuntu kernel: [    3.464870] ACPI: PCI Root Bridge [PCI0] (domain 0000 [bus 00-3f])
Jul 27 16:24:31 ubuntu kernel: [    3.464878] acpi PNP0A08:00: _OSC: OS supports [ExtendedConfig ASPM ClockPM Segments MSI HPX-Type3]
Jul 27 16:24:31 ubuntu kernel: [    3.464984] acpi PNP0A08:00: _OSC: platform does not support [SHPCHotplug LTR]
Jul 27 16:24:31 ubuntu kernel: [    3.465074] acpi PNP0A08:00: _OSC: OS now controls [PCIeHotplug PME AER PCIeCapability]
Jul 27 16:24:31 ubuntu kernel: [    3.465681] acpi PNP0A08:00: ECAM area [mem 0xd0000000-0xd3ffffff] reserved by PNP0C02:00
Jul 27 16:24:31 ubuntu kernel: [    3.465693] acpi PNP0A08:00: ECAM at [mem 0xd0000000-0xd3ffffff] for [bus 00-3f]
Jul 27 16:24:31 ubuntu kernel: [    3.465716] Remapped I/O 0x00000000f7ff0000 to [io  0x0000-0xffff window]
Jul 27 16:24:31 ubuntu kernel: [    3.465777] PCI host bridge to bus 0000:00
Jul 27 16:24:31 ubuntu kernel: [    3.465781] pci_bus 0000:00: root bus resource [mem 0x80000000000-0x82fffffffff pref window]
Jul 27 16:24:31 ubuntu kernel: [    3.465784] pci_bus 0000:00: root bus resource [mem 0xe0000000-0xf7feffff window]
Jul 27 16:24:31 ubuntu kernel: [    3.465788] pci_bus 0000:00: root bus resource [io  0x0000-0xffff window]
Jul 27 16:24:31 ubuntu kernel: [    3.465791] pci_bus 0000:00: root bus resource [bus 00-3f]
Jul 27 16:24:31 ubuntu kernel: [    3.465824] pci 0000:00:00.0: [19e5:a120] type 01 class 0x060400
Jul 27 16:24:31 ubuntu kernel: [    3.465893] pci 0000:00:00.0: PME# supported from D0 D1 D2 D3hot D3cold
Jul 27 16:24:31 ubuntu kernel: [    3.465970] pci 0000:00:04.0: [19e5:a120] type 01 class 0x060400
Jul 27 16:24:31 ubuntu kernel: [    3.466029] pci 0000:00:04.0: PME# supported from D0 D1 D2 D3hot D3cold
Jul 27 16:24:31 ubuntu kernel: [    3.466090] pci 0000:00:08.0: [19e5:a120] type 01 class 0x060400
Jul 27 16:24:31 ubuntu kernel: [    3.466144] pci 0000:00:08.0: PME# supported from D0 D1 D2 D3hot D3cold
Jul 27 16:24:31 ubuntu kernel: [    3.466207] pci 0000:00:0c.0: [19e5:a120] type 01 class 0x060400
Jul 27 16:24:31 ubuntu kernel: [    3.466262] pci 0000:00:0c.0: PME# supported from D0 D1 D2 D3hot D3cold
Jul 27 16:24:31 ubuntu kernel: [    3.466311] pci 0000:00:10.0: [19e5:a120] type 01 class 0x060400
Jul 27 16:24:31 ubuntu kernel: [    3.466366] pci 0000:00:10.0: PME# supported from D0 D1 D2 D3hot D3cold
Jul 27 16:24:31 ubuntu kernel: [    3.466415] pci 0000:00:11.0: [19e5:a120] type 01 class 0x060400
Jul 27 16:24:31 ubuntu kernel: [    3.466469] pci 0000:00:11.0: PME# supported from D0 D1 D2 D3hot D3cold
Jul 27 16:24:31 ubuntu kernel: [    3.466516] pci 0000:00:12.0: [19e5:a120] type 01 class 0x060400
Jul 27 16:24:31 ubuntu kernel: [    3.466570] pci 0000:00:12.0: PME# supported from D0 D1 D2 D3hot D3cold
Jul 27 16:24:31 ubuntu kernel: [    3.466688] pci 0000:03:00.0: [1000:0016] type 00 class 0x010400
Jul 27 16:24:31 ubuntu kernel: [    3.466710] pci 0000:03:00.0: reg 0x10: [mem 0x80000100000-0x800001fffff 64bit pref]
Jul 27 16:24:31 ubuntu systemd[1]: Started System Logging Service.
Jul 27 16:24:31 ubuntu kernel: [    3.466721] pci 0000:03:00.0: reg 0x18: [mem 0x80000000000-0x800000fffff 64bit pref]
Jul 27 16:24:31 ubuntu kernel: [    3.466729] pci 0000:03:00.0: reg 0x20: [mem 0xe6400000-0xe64fffff]
Jul 27 16:24:31 ubuntu kernel: [    3.466737] pci 0000:03:00.0: reg 0x24: [io  0x0000-0x00ff]
Jul 27 16:24:31 ubuntu kernel: [    3.466744] pci 0000:03:00.0: reg 0x30: [mem 0xe6300000-0xe63fffff pref]
Jul 27 16:24:31 ubuntu kernel: [    3.466813] pci 0000:03:00.0: supports D1 D2
Jul 27 16:24:31 ubuntu kernel: [    3.466943] pci 0000:05:00.0: [19e5:1710] type 00 class 0x118000
Jul 27 16:24:31 ubuntu kernel: [    3.466970] pci 0000:05:00.0: reg 0x10: [mem 0xe0000000-0xe3ffffff pref]
Jul 27 16:24:31 ubuntu kernel: [    3.466980] pci 0000:05:00.0: reg 0x14: [mem 0xe6200000-0xe62fffff]
Jul 27 16:24:31 ubuntu kernel: [    3.467133] pci 0000:05:00.0: supports D1
Jul 27 16:24:31 ubuntu kernel: [    3.467136] pci 0000:05:00.0: PME# supported from D0 D1 D3hot
Jul 27 16:24:31 ubuntu kernel: [    3.467262] pci 0000:06:00.0: [19e5:1711] type 00 class 0x030000
Jul 27 16:24:31 ubuntu kernel: [    3.467293] pci 0000:06:00.0: reg 0x10: [mem 0xe4000000-0xe5ffffff pref]
Jul 27 16:24:31 ubuntu kernel: [    3.467306] pci 0000:06:00.0: reg 0x14: [mem 0xe6000000-0xe61fffff]
Jul 27 16:24:31 ubuntu kernel: [    3.467435] pci 0000:06:00.0: BAR 0: assigned to efifb
Jul 27 16:24:31 ubuntu kernel: [    3.467495] pci 0000:06:00.0: supports D1
Jul 27 16:24:31 ubuntu kernel: [    3.467497] pci 0000:06:00.0: PME# supported from D0 D1 D3hot
Jul 27 16:24:31 ubuntu kernel: [    3.467622] pci_bus 0000:00: on NUMA node 0
Jul 27 16:24:31 ubuntu kernel: [    3.467624] pci 0000:00:00.0: PCI bridge to [bus 01]
Jul 27 16:24:31 ubuntu kernel: [    3.467629] pci 0000:00:04.0: PCI bridge to [bus 02]
Jul 27 16:24:31 ubuntu kernel: [    3.467633] pci 0000:00:08.0: PCI bridge to [bus 03]
Jul 27 16:24:31 ubuntu kernel: [    3.467637] pci 0000:00:08.0:   bridge window [io  0x0000-0x0fff]
Jul 27 16:24:31 ubuntu kernel: [    3.467640] pci 0000:00:08.0:   bridge window [mem 0xe6300000-0xe64fffff]
Jul 27 16:24:31 ubuntu kernel: [    3.467643] pci 0000:00:08.0:   bridge window [mem 0x80000000000-0x800001fffff 64bit pref]
Jul 27 16:24:31 ubuntu kernel: [    3.467648] pci 0000:00:0c.0: PCI bridge to [bus 04]
Jul 27 16:24:31 ubuntu kernel: [    3.467652] pci 0000:00:10.0: PCI bridge to [bus 05]
Jul 27 16:24:31 ubuntu kernel: [    3.467655] pci 0000:00:10.0:   bridge window [mem 0xe6200000-0xe62fffff]
Jul 27 16:24:31 ubuntu kernel: [    3.467659] pci 0000:00:10.0:   bridge window [mem 0xe0000000-0xe3ffffff 64bit pref]
Jul 27 16:24:31 ubuntu kernel: [    3.467662] pci 0000:00:11.0: PCI bridge to [bus 06]
Jul 27 16:24:31 ubuntu kernel: [    3.467666] pci 0000:00:11.0:   bridge window [mem 0xe6000000-0xe61fffff]
Jul 27 16:24:31 ubuntu kernel: [    3.467669] pci 0000:00:11.0:   bridge window [mem 0xe4000000-0xe5ffffff 64bit pref]
Jul 27 16:24:31 ubuntu kernel: [    3.467672] pci 0000:00:12.0: PCI bridge to [bus 07]
Jul 27 16:24:31 ubuntu kernel: [    3.467683] pci 0000:00:00.0: PCI bridge to [bus 01]
Jul 27 16:24:31 ubuntu kernel: [    3.467688] pci 0000:00:04.0: PCI bridge to [bus 02]
Jul 27 16:24:31 ubuntu kernel: [    3.467693] pci 0000:00:08.0: PCI bridge to [bus 03]
Jul 27 16:24:31 ubuntu kernel: [    3.467695] pci 0000:00:08.0:   bridge window [io  0x0000-0x0fff]
Jul 27 16:24:31 ubuntu kernel: [    3.467698] pci 0000:00:08.0:   bridge window [mem 0xe6300000-0xe64fffff]
Jul 27 16:24:31 ubuntu kernel: [    3.467701] pci 0000:00:08.0:   bridge window [mem 0x80000000000-0x800001fffff 64bit pref]
Jul 27 16:24:31 ubuntu kernel: [    3.467705] pci 0000:00:0c.0: PCI bridge to [bus 04]
Jul 27 16:24:31 ubuntu kernel: [    3.467710] pci 0000:00:10.0: PCI bridge to [bus 05]
Jul 27 16:24:31 ubuntu kernel: [    3.467714] pci 0000:00:10.0:   bridge window [mem 0xe6200000-0xe62fffff]
Jul 27 16:24:31 ubuntu kernel: [    3.467717] pci 0000:00:10.0:   bridge window [mem 0xe0000000-0xe3ffffff 64bit pref]
Jul 27 16:24:31 ubuntu kernel: [    3.467721] pci 0000:00:11.0: PCI bridge to [bus 06]
Jul 27 16:24:31 ubuntu kernel: [    3.467724] pci 0000:00:11.0:   bridge window [mem 0xe6000000-0xe61fffff]
Jul 27 16:24:31 ubuntu kernel: [    3.467727] pci 0000:00:11.0:   bridge window [mem 0xe4000000-0xe5ffffff 64bit pref]
Jul 27 16:24:31 ubuntu kernel: [    3.467731] pci 0000:00:12.0: PCI bridge to [bus 07]
Jul 27 16:24:31 ubuntu kernel: [    3.467736] pci_bus 0000:00: resource 4 [mem 0x80000000000-0x82fffffffff pref window]
Jul 27 16:24:31 ubuntu kernel: [    3.467739] pci_bus 0000:00: resource 5 [mem 0xe0000000-0xf7feffff window]
Jul 27 16:24:31 ubuntu kernel: [    3.467742] pci_bus 0000:00: resource 6 [io  0x0000-0xffff window]
Jul 27 16:24:31 ubuntu kernel: [    3.467745] pci_bus 0000:03: resource 0 [io  0x0000-0x0fff]
Jul 27 16:24:31 ubuntu kernel: [    3.467748] pci_bus 0000:03: resource 1 [mem 0xe6300000-0xe64fffff]
Jul 27 16:24:31 ubuntu kernel: [    3.467750] pci_bus 0000:03: resource 2 [mem 0x80000000000-0x800001fffff 64bit pref]
Jul 27 16:24:31 ubuntu kernel: [    3.467753] pci_bus 0000:05: resource 1 [mem 0xe6200000-0xe62fffff]
Jul 27 16:24:31 ubuntu kernel: [    3.467756] pci_bus 0000:05: resource 2 [mem 0xe0000000-0xe3ffffff 64bit pref]
Jul 27 16:24:31 ubuntu kernel: [    3.467759] pci_bus 0000:06: resource 1 [mem 0xe6000000-0xe61fffff]
Jul 27 16:24:31 ubuntu kernel: [    3.467761] pci_bus 0000:06: resource 2 [mem 0xe4000000-0xe5ffffff 64bit pref]
Jul 27 16:24:31 ubuntu kernel: [    3.467810] ACPI: PCI Root Bridge [PCI1] (domain 0000 [bus 7b])
Jul 27 16:24:31 ubuntu kernel: [    3.467815] acpi PNP0A08:01: _OSC: OS supports [ExtendedConfig ASPM ClockPM Segments MSI HPX-Type3]
Jul 27 16:24:31 ubuntu kernel: [    3.467914] acpi PNP0A08:01: _OSC: platform does not support [PCIeHotplug SHPCHotplug PME AER LTR]
Jul 27 16:24:31 ubuntu kernel: [    3.468002] acpi PNP0A08:01: _OSC: OS now controls [PCIeCapability]
Jul 27 16:24:31 ubuntu kernel: [    3.468599] acpi PNP0A08:01: ECAM area [mem 0xd7b00000-0xd7bfffff] reserved by PNP0C02:00
Jul 27 16:24:31 ubuntu kernel: [    3.468615] acpi PNP0A08:01: ECAM at [mem 0xd7b00000-0xd7bfffff] for [bus 7b]
Jul 27 16:24:31 ubuntu kernel: [    3.468664] PCI host bridge to bus 0000:7b
Jul 27 16:24:31 ubuntu kernel: [    3.468668] pci_bus 0000:7b: root bus resource [mem 0x148800000-0x148ffffff pref window]
Jul 27 16:24:31 ubuntu kernel: [    3.468671] pci_bus 0000:7b: root bus resource [bus 7b]
Jul 27 16:24:31 ubuntu kernel: [    3.468680] pci 0000:7b:00.0: [19e5:a122] type 00 class 0x088000
Jul 27 16:24:31 ubuntu kernel: [    3.468689] pci 0000:7b:00.0: reg 0x18: [mem 0x00000000-0x00003fff 64bit pref]
Jul 27 16:24:31 ubuntu kernel: [    3.468740] pci_bus 0000:7b: on NUMA node 0
Jul 27 16:24:31 ubuntu kernel: [    3.468744] pci 0000:7b:00.0: BAR 2: assigned [mem 0x148800000-0x148803fff 64bit pref]
Jul 27 16:24:31 ubuntu kernel: [    3.468750] pci_bus 0000:7b: resource 4 [mem 0x148800000-0x148ffffff pref window]
Jul 27 16:24:31 ubuntu kernel: [    3.468790] ACPI: PCI Root Bridge [PCI2] (domain 0000 [bus 7a])
Jul 27 16:24:31 ubuntu kernel: [    3.468794] acpi PNP0A08:02: _OSC: OS supports [ExtendedConfig ASPM ClockPM Segments MSI HPX-Type3]
Jul 27 16:24:31 ubuntu kernel: [    3.468890] acpi PNP0A08:02: _OSC: platform does not support [PCIeHotplug SHPCHotplug PME AER LTR]
Jul 27 16:24:31 ubuntu kernel: [    3.468978] acpi PNP0A08:02: _OSC: OS now controls [PCIeCapability]
Jul 27 16:24:31 ubuntu kernel: [    3.469567] acpi PNP0A08:02: ECAM area [mem 0xd7a00000-0xd7afffff] reserved by PNP0C02:00
Jul 27 16:24:31 ubuntu kernel: [    3.469583] acpi PNP0A08:02: ECAM at [mem 0xd7a00000-0xd7afffff] for [bus 7a]
Jul 27 16:24:31 ubuntu kernel: [    3.469635] PCI host bridge to bus 0000:7a
Jul 27 16:24:31 ubuntu kernel: [    3.469638] pci_bus 0000:7a: root bus resource [mem 0x20c000000-0x20c1fffff pref window]
Jul 27 16:24:31 ubuntu kernel: [    3.469642] pci_bus 0000:7a: root bus resource [bus 7a]
Jul 27 16:24:31 ubuntu kernel: [    3.469649] pci 0000:7a:00.0: [19e5:a23b] type 00 class 0x0c0310
Jul 27 16:24:31 ubuntu kernel: [    3.469656] pci 0000:7a:00.0: reg 0x10: [mem 0x20c100000-0x20c100fff 64bit pref]
Jul 27 16:24:31 ubuntu kernel: [    3.469707] pci 0000:7a:01.0: [19e5:a239] type 00 class 0x0c0320
Jul 27 16:24:31 ubuntu kernel: [    3.469715] pci 0000:7a:01.0: reg 0x10: [mem 0x20c101000-0x20c101fff 64bit pref]
