Dec  1 13:25:21 ubuntu systemd[1]: Starting Flush Journal to Persistent Storage...
Dec  1 13:25:21 ubuntu kernel: [    0.000000] Booting Linux on physical CPU 0x0000080000 [0x481fd010]
Dec  1 13:25:21 ubuntu kernel: [    0.000000] Linux version 5.7.1 (root@ubuntu) (gcc version 7.5.0 (Ubuntu/Linaro 7.5.0-3ubuntu1~18.04), GNU ld (GNU Binutils for Ubuntu) 2.30) #1 SMP Tue Dec 1 11:42:57 CST 2020
Dec  1 13:25:21 ubuntu kernel: [    0.000000] efi: EFI v2.70 by EDK II
Dec  1 13:25:21 ubuntu kernel: [    0.000000] efi:  ACPI 2.0=0x2fc50000  SMBIOS 3.0=0x2fbf0000  MEMATTR=0x35e92018  ESRT=0x36117b18  MEMRESERVE=0x2fb93018 
Dec  1 13:25:21 ubuntu kernel: [    0.000000] esrt: Reserving ESRT space from 0x0000000036117b18 to 0x0000000036117b50.
Dec  1 13:25:21 ubuntu kernel: [    0.000000] cma: Reserved 32 MiB at 0x000000007e000000
Dec  1 13:25:21 ubuntu systemd[1]: Started Create Static Device Nodes in /dev.
Dec  1 13:25:21 ubuntu kernel: [    0.000000] ACPI: Early table checksum verification disabled
Dec  1 13:25:21 ubuntu systemd[1]: Starting udev Kernel Device Manager...
Dec  1 13:25:21 ubuntu kernel: [    0.000000] ACPI: RSDP 0x000000002FC50000 000024 (v02 HISI  )
Dec  1 13:25:21 ubuntu kernel: [    0.000000] ACPI: XSDT 0x000000002FC40000 0000A4 (v01 HISI   HIP08    00000000      01000013)
Dec  1 13:25:21 ubuntu kernel: [    0.000000] ACPI: FACP 0x000000002F790000 000114 (v06 HISI   HIP08    00000000 HISI 20151124)
Dec  1 13:25:21 ubuntu kernel: [    0.000000] ACPI: DSDT 0x000000002F530000 00C441 (v02 HISI   HIP08    00000000 INTL 20181213)
Dec  1 13:25:21 ubuntu systemd-modules-load[1505]: Inserted module 'lp'
Dec  1 13:25:21 ubuntu kernel: [    0.000000] ACPI: PCCT 0x000000002FC30000 00008A (v01 HISI   HIP08    00000000 HISI 20151124)
Dec  1 13:25:21 ubuntu kernel: [    0.000000] ACPI: SSDT 0x000000002FC20000 00E64A (v02 HISI   HIP07    00000000 INTL 20181213)
Dec  1 13:25:21 ubuntu kernel: [    0.000000] ACPI: BERT 0x000000002FBC0000 000030 (v01 HISI   HIP08    00000000 HISI 20151124)
Dec  1 13:25:21 ubuntu mtp-probe: checking bus 5, device 3: "/sys/devices/pci0000:7a/0000:7a:02.0/usb5/5-1/5-1.2"
Dec  1 13:25:21 ubuntu kernel: [    0.000000] ACPI: HEST 0x000000002FBA0000 00058C (v01 HISI   HIP08    00000000 HISI 20151124)
Dec  1 13:25:21 ubuntu kernel: [    0.000000] ACPI: ERST 0x000000002FB60000 000230 (v01 HISI   HIP08    00000000 HISI 20151124)
Dec  1 13:25:21 ubuntu kernel: [    0.000000] ACPI: EINJ 0x000000002FB50000 000170 (v01 HISI   HIP08    00000000 HISI 20151124)
Dec  1 13:25:21 ubuntu systemd-modules-load[1505]: Inserted module 'ppdev'
Dec  1 13:25:21 ubuntu kernel: [    0.000000] ACPI: GTDT 0x000000002F590000 00007C (v02 HISI   HIP08    00000000 HISI 20151124)
Dec  1 13:25:21 ubuntu kernel: [    0.000000] ACPI: MCFG 0x000000002F580000 00003C (v01 HISI   HIP08    00000000 HISI 20151124)
Dec  1 13:25:21 ubuntu kernel: [    0.000000] ACPI: SLIT 0x000000002F570000 00003C (v01 HISI   HIP08    00000000 HISI 20151124)
Dec  1 13:25:21 ubuntu kernel: [    0.000000] ACPI: SRAT 0x000000002F560000 0007D0 (v03 HISI   HIP08    00000000 HISI 20151124)
Dec  1 13:25:21 ubuntu mtp-probe: checking bus 1, device 3: "/sys/devices/pci0000:7a/0000:7a:01.0/usb1/1-1/1-1.1"
Dec  1 13:25:21 ubuntu kernel: [    0.000000] ACPI: SDEI 0x000000002F550000 000030 (v01 HISI   HIP08    00000000 HISI 20151124)
Dec  1 13:25:21 ubuntu kernel: [    0.000000] ACPI: APIC 0x000000002F540000 001E6C (v04 HISI   HIP08    00000000 HISI 20151124)
Dec  1 13:25:21 ubuntu kernel: [    0.000000] ACPI: IORT 0x000000002F520000 001678 (v00 HISI   HIP08    00000000 INTL 20181213)
Dec  1 13:25:21 ubuntu systemd-modules-load[1505]: Failed to find module 'parport_pc'
Dec  1 13:25:21 ubuntu kernel: [    0.000000] ACPI: PPTT 0x000000002ECE0000 0031B0 (v01 HISI   HIP08    00000000 HISI 20151124)
Dec  1 13:25:21 ubuntu kernel: [    0.000000] ACPI: SPMI 0x000000002ECD0000 000041 (v05 HISI   HIP08    00000000 HISI 20151124)
Dec  1 13:25:21 ubuntu kernel: [    0.000000] ACPI: SRAT: Node 0 PXM 0 [mem 0x2080000000-0x27ffffffff]
Dec  1 13:25:21 ubuntu kernel: [    0.000000] ACPI: SRAT: Node 1 PXM 1 [mem 0x2800000000-0x2fffffffff]
Dec  1 13:25:21 ubuntu mtp-probe: bus: 1, device: 3 was not an MTP device
Dec  1 13:25:21 ubuntu kernel: [    0.000000] ACPI: SRAT: Node 0 PXM 0 [mem 0x00000000-0x7fffffff]
Dec  1 13:25:21 ubuntu kernel: [    0.000000] ACPI: SRAT: Node 2 PXM 2 [mem 0x202000000000-0x2027ffffffff]
Dec  1 13:25:21 ubuntu kernel: [    0.000000] ACPI: SRAT: Node 3 PXM 3 [mem 0x202800000000-0x202fffffffff]
Dec  1 13:25:21 ubuntu systemd[1]: Activated swap /swapfile.
Dec  1 13:25:21 ubuntu kernel: [    0.000000] NUMA: NODE_DATA [mem 0x27ffffc300-0x27ffffffff]
Dec  1 13:25:21 ubuntu kernel: [    0.000000] NUMA: NODE_DATA [mem 0x2fffffc300-0x2fffffffff]
Dec  1 13:25:21 ubuntu kernel: [    0.000000] NUMA: NODE_DATA [mem 0x2027ffffc300-0x2027ffffffff]
Dec  1 13:25:21 ubuntu mtp-probe: bus: 5, device: 3 was not an MTP device
Dec  1 13:25:21 ubuntu kernel: [    0.000000] NUMA: NODE_DATA [mem 0x202ff0000300-0x202ff0003fff]
Dec  1 13:25:21 ubuntu kernel: [    0.000000] Zone ranges:
Dec  1 13:25:21 ubuntu kernel: [    0.000000]   DMA      [mem 0x0000000000000000-0x000000003fffffff]
Dec  1 13:25:21 ubuntu systemd[1]: Reached target Swap.
Dec  1 13:25:21 ubuntu kernel: [    0.000000]   DMA32    [mem 0x0000000040000000-0x00000000ffffffff]
Dec  1 13:25:21 ubuntu kernel: [    0.000000]   Normal   [mem 0x0000000100000000-0x0000202fffffffff]
Dec  1 13:25:21 ubuntu kernel: [    0.000000] Movable zone start for each node
Dec  1 13:25:21 ubuntu systemd[1]: Started Monitoring of LVM2 mirrors, snapshots etc. using dmeventd or progress polling.
Dec  1 13:25:21 ubuntu kernel: [    0.000000] Early memory node ranges
Dec  1 13:25:21 ubuntu kernel: [    0.000000]   node   0: [mem 0x0000000000000000-0x000000000000ffff]
Dec  1 13:25:21 ubuntu kernel: [    0.000000]   node   0: [mem 0x0000000000010000-0x000000002e4f2fff]
Dec  1 13:25:21 ubuntu kernel: [    0.000000]   node   0: [mem 0x000000002e4f3000-0x000000002eccffff]
Dec  1 13:25:21 ubuntu systemd-fsck[1939]: fsck.fat 4.1 (2017-01-24)
Dec  1 13:25:21 ubuntu systemd-fsck[1939]: /dev/sda1: 5 files, 35/65501 clusters
Dec  1 13:25:21 ubuntu kernel: [    0.000000]   node   0: [mem 0x000000002ecd0000-0x000000002f59ffff]
Dec  1 13:25:21 ubuntu kernel: [    0.000000]   node   0: [mem 0x000000002f5a0000-0x000000002f78ffff]
Dec  1 13:25:21 ubuntu systemd-modules-load[1505]: Inserted module 'iscsi_tcp'
Dec  1 13:25:21 ubuntu kernel: [    0.000000]   node   0: [mem 0x000000002f790000-0x000000002f79ffff]
Dec  1 13:25:21 ubuntu kernel: [    0.000000]   node   0: [mem 0x000000002f7a0000-0x000000002f87ffff]
Dec  1 13:25:21 ubuntu kernel: [    0.000000]   node   0: [mem 0x000000002f880000-0x000000002f8bffff]
Dec  1 13:25:21 ubuntu kernel: [    0.000000]   node   0: [mem 0x000000002f8c0000-0x000000002f95ffff]
Dec  1 13:25:21 ubuntu systemd[1]: Started Set the console keyboard layout.
Dec  1 13:25:21 ubuntu systemd[1]: Reached target Local File Systems (Pre).
Dec  1 13:25:21 ubuntu kernel: [    0.000000]   node   0: [mem 0x000000002f960000-0x000000002f97ffff]
Dec  1 13:25:21 ubuntu kernel: [    0.000000]   node   0: [mem 0x000000002f980000-0x000000002fabffff]
Dec  1 13:25:21 ubuntu kernel: [    0.000000]   node   0: [mem 0x000000002fac0000-0x000000002fb6ffff]
Dec  1 13:25:21 ubuntu kernel: [    0.000000]   node   0: [mem 0x000000002fb70000-0x000000002fb71fff]
Dec  1 13:25:21 ubuntu systemd-modules-load[1505]: Inserted module 'ib_iser'
Dec  1 13:25:21 ubuntu kernel: [    0.000000]   node   0: [mem 0x000000002fb72000-0x000000002fb7ffff]
Dec  1 13:25:21 ubuntu kernel: [    0.000000]   node   0: [mem 0x000000002fb80000-0x000000002fb80fff]
Dec  1 13:25:21 ubuntu kernel: [    0.000000]   node   0: [mem 0x000000002fb81000-0x000000002fb8ffff]
Dec  1 13:25:21 ubuntu systemd[1]: systemd-modules-load.service: Main process exited, code=exited, status=1/FAILURE
Dec  1 13:25:21 ubuntu kernel: [    0.000000]   node   0: [mem 0x000000002fb90000-0x000000002fb91fff]
Dec  1 13:25:21 ubuntu kernel: [    0.000000]   node   0: [mem 0x000000002fb92000-0x000000002fbaffff]
Dec  1 13:25:21 ubuntu apparmor[1953]:  * Starting AppArmor profiles
Dec  1 13:25:21 ubuntu kernel: [    0.000000]   node   0: [mem 0x000000002fbb0000-0x000000002fbb1fff]
Dec  1 13:25:21 ubuntu kernel: [    0.000000]   node   0: [mem 0x000000002fbb2000-0x000000002fbcffff]
Dec  1 13:25:21 ubuntu kernel: [    0.000000]   node   0: [mem 0x000000002fbd0000-0x000000002fbd0fff]
Dec  1 13:25:21 ubuntu kernel: [    0.000000]   node   0: [mem 0x000000002fbd1000-0x000000002fbdffff]
Dec  1 13:25:21 ubuntu systemd[1]: systemd-modules-load.service: Failed with result 'exit-code'.
Dec  1 13:25:21 ubuntu kernel: [    0.000000]   node   0: [mem 0x000000002fbe0000-0x000000002fbfffff]
Dec  1 13:25:21 ubuntu kernel: [    0.000000]   node   0: [mem 0x000000002fc00000-0x000000002fc5ffff]
Dec  1 13:25:21 ubuntu kernel: [    0.000000]   node   0: [mem 0x000000002fc60000-0x000000002fe5ffff]
Dec  1 13:25:21 ubuntu kernel: [    0.000000]   node   0: [mem 0x000000002fe60000-0x000000002fe60fff]
Dec  1 13:25:21 ubuntu apparmor[1953]: Skipping profile in /etc/apparmor.d/disable: usr.bin.firefox
Dec  1 13:25:21 ubuntu kernel: [    0.000000]   node   0: [mem 0x000000002fe61000-0x000000002fe64fff]
Dec  1 13:25:21 ubuntu kernel: [    0.000000]   node   0: [mem 0x000000002fe65000-0x000000002fe6afff]
Dec  1 13:25:21 ubuntu kernel: [    0.000000]   node   0: [mem 0x000000002fe6b000-0x000000002fe6bfff]
Dec  1 13:25:21 ubuntu systemd[1]: Failed to start Load Kernel Modules.
Dec  1 13:25:21 ubuntu kernel: [    0.000000]   node   0: [mem 0x000000002fe6c000-0x000000003f02ffff]
Dec  1 13:25:21 ubuntu kernel: [    0.000000]   node   0: [mem 0x000000003f030000-0x000000003f05ffff]
Dec  1 13:25:21 ubuntu kernel: [    0.000000]   node   0: [mem 0x000000003f060000-0x000000003fbfffff]
Dec  1 13:25:21 ubuntu kernel: [    0.000000]   node   0: [mem 0x0000000040000000-0x0000000043ffffff]
Dec  1 13:25:21 ubuntu apparmor[1953]: Skipping profile in /etc/apparmor.d/disable: usr.sbin.rsyslogd
Dec  1 13:25:21 ubuntu kernel: [    0.000000]   node   0: [mem 0x0000000044030000-0x000000004fffffff]
Dec  1 13:25:21 ubuntu kernel: [    0.000000]   node   0: [mem 0x0000000050000000-0x000000007fffffff]
Dec  1 13:25:21 ubuntu kernel: [    0.000000]   node   0: [mem 0x0000002080000000-0x00000027ffffffff]
Dec  1 13:25:21 ubuntu systemd[1]: Mounting FUSE Control File System...
Dec  1 13:25:21 ubuntu kernel: [    0.000000]   node   1: [mem 0x0000002800000000-0x0000002fffffffff]
Dec  1 13:25:21 ubuntu kernel: [    0.000000]   node   2: [mem 0x0000202000000000-0x00002027ffffffff]
Dec  1 13:25:21 ubuntu kernel: [    0.000000]   node   3: [mem 0x0000202800000000-0x0000202fffffffff]
Dec  1 13:25:21 ubuntu kernel: [    0.000000] Zeroed struct page in unavailable ranges: 829 pages
Dec  1 13:25:21 ubuntu systemd[1]: Starting Apply Kernel Variables...
Dec  1 13:25:21 ubuntu kernel: [    0.000000] Initmem setup node 0 [mem 0x0000000000000000-0x00000027ffffffff]
Dec  1 13:25:21 ubuntu kernel: [    0.000000] On node 0 totalpages: 8387536
Dec  1 13:25:21 ubuntu kernel: [    0.000000]   DMA zone: 5120 pages used for memmap
Dec  1 13:25:21 ubuntu systemd[1]: Mounting Kernel Configuration File System...
Dec  1 13:25:21 ubuntu kernel: [    0.000000]   DMA zone: 0 pages reserved
Dec  1 13:25:21 ubuntu kernel: [    0.000000]   DMA zone: 261120 pages, LIFO batch:63
Dec  1 13:25:21 ubuntu kernel: [    0.000000]   DMA32 zone: 5120 pages used for memmap
Dec  1 13:25:21 ubuntu kernel: [    0.000000]   DMA32 zone: 262096 pages, LIFO batch:63
Dec  1 13:25:21 ubuntu systemd[1]: Mounted FUSE Control File System.
Dec  1 13:25:21 ubuntu kernel: [    0.000000]   Normal zone: 153600 pages used for memmap
Dec  1 13:25:21 ubuntu kernel: [    0.000000]   Normal zone: 7864320 pages, LIFO batch:63
Dec  1 13:25:21 ubuntu systemd[1]: Mounted Kernel Configuration File System.
Dec  1 13:25:21 ubuntu kernel: [    0.000000] Initmem setup node 1 [mem 0x0000002800000000-0x0000002fffffffff]
Dec  1 13:25:21 ubuntu kernel: [    0.000000] On node 1 totalpages: 8388608
Dec  1 13:25:21 ubuntu kernel: [    0.000000]   Normal zone: 163840 pages used for memmap
Dec  1 13:25:21 ubuntu kernel: [    0.000000]   Normal zone: 8388608 pages, LIFO batch:63
Dec  1 13:25:21 ubuntu kernel: [    0.000000] Initmem setup node 2 [mem 0x0000202000000000-0x00002027ffffffff]
Dec  1 13:25:21 ubuntu systemd[1]: Started Apply Kernel Variables.
Dec  1 13:25:21 ubuntu kernel: [    0.000000] On node 2 totalpages: 8388608
Dec  1 13:25:21 ubuntu kernel: [    0.000000]   Normal zone: 163840 pages used for memmap
Dec  1 13:25:21 ubuntu systemd[1]: Started udev Kernel Device Manager.
Dec  1 13:25:21 ubuntu kernel: [    0.000000]   Normal zone: 8388608 pages, LIFO batch:63
Dec  1 13:25:21 ubuntu kernel: [    0.000000] Initmem setup node 3 [mem 0x0000202800000000-0x0000202fffffffff]
Dec  1 13:25:21 ubuntu kernel: [    0.000000] On node 3 totalpages: 8388608
Dec  1 13:25:21 ubuntu systemd[1]: Started Dispatch Password Requests to Console Directory Watch.
Dec  1 13:25:21 ubuntu kernel: [    0.000000]   Normal zone: 163840 pages used for memmap
Dec  1 13:25:21 ubuntu kernel: [    0.000000]   Normal zone: 8388608 pages, LIFO batch:63
Dec  1 13:25:21 ubuntu kernel: [    0.000000] psci: probing for conduit method from ACPI.
Dec  1 13:25:21 ubuntu systemd[1]: Reached target Local Encrypted Volumes.
Dec  1 13:25:21 ubuntu kernel: [    0.000000] psci: PSCIv1.1 detected in firmware.
Dec  1 13:25:21 ubuntu kernel: [    0.000000] psci: Using standard PSCI v0.2 function IDs
Dec  1 13:25:21 ubuntu kernel: [    0.000000] psci: MIGRATE_INFO_TYPE not supported.
Dec  1 13:25:21 ubuntu kernel: [    0.000000] psci: SMC Calling Convention v1.1
Dec  1 13:25:21 ubuntu systemd-udevd[1722]: link_config: autonegotiation is unset or enabled, the speed and duplex are not writable.
Dec  1 13:25:21 ubuntu systemd-udevd[1711]: link_config: autonegotiation is unset or enabled, the speed and duplex are not writable.
Dec  1 13:25:21 ubuntu systemd-udevd[1650]: link_config: autonegotiation is unset or enabled, the speed and duplex are not writable.
Dec  1 13:25:21 ubuntu systemd-udevd[1616]: link_config: autonegotiation is unset or enabled, the speed and duplex are not writable.
Dec  1 13:25:21 ubuntu systemd[1]: Listening on Load/Save RF Kill Switch Status /dev/rfkill Watch.
Dec  1 13:25:21 ubuntu systemd-udevd[1708]: link_config: autonegotiation is unset or enabled, the speed and duplex are not writable.
Dec  1 13:25:21 ubuntu systemd[1]: Found device HW-SAS3508 EFI\x20System\x20Partition.
Dec  1 13:25:21 ubuntu systemd[1]: Starting File System Check on /dev/disk/by-uuid/71BE-99A8...
Dec  1 13:25:21 ubuntu systemd[1]: Started File System Check Daemon to report status.
Dec  1 13:25:21 ubuntu systemd[1]: Started File System Check on /dev/disk/by-uuid/71BE-99A8.
Dec  1 13:25:21 ubuntu systemd[1]: Mounting /boot/efi...
Dec  1 13:25:21 ubuntu kernel: [    0.000000] ACPI: NUMA: SRAT: PXM 0 -> MPIDR 0x80000 -> Node 0
Dec  1 13:25:21 ubuntu kernel: [    0.000000] ACPI: NUMA: SRAT: PXM 0 -> MPIDR 0x80100 -> Node 0
Dec  1 13:25:21 ubuntu systemd[1]: Mounted /boot/efi.
Dec  1 13:25:21 ubuntu kernel: [    0.000000] ACPI: NUMA: SRAT: PXM 0 -> MPIDR 0x80200 -> Node 0
Dec  1 13:25:21 ubuntu kernel: [    0.000000] ACPI: NUMA: SRAT: PXM 0 -> MPIDR 0x80300 -> Node 0
Dec  1 13:25:21 ubuntu kernel: [    0.000000] ACPI: NUMA: SRAT: PXM 0 -> MPIDR 0x90000 -> Node 0
Dec  1 13:25:21 ubuntu kernel: [    0.000000] ACPI: NUMA: SRAT: PXM 0 -> MPIDR 0x90100 -> Node 0
Dec  1 13:25:21 ubuntu systemd[1]: Reached target Local File Systems.
Dec  1 13:25:21 ubuntu kernel: [    0.000000] ACPI: NUMA: SRAT: PXM 0 -> MPIDR 0x90200 -> Node 0
Dec  1 13:25:21 ubuntu kernel: [    0.000000] ACPI: NUMA: SRAT: PXM 0 -> MPIDR 0x90300 -> Node 0
Dec  1 13:25:21 ubuntu kernel: [    0.000000] ACPI: NUMA: SRAT: PXM 0 -> MPIDR 0xa0000 -> Node 0
Dec  1 13:25:21 ubuntu kernel: [    0.000000] ACPI: NUMA: SRAT: PXM 0 -> MPIDR 0xa0100 -> Node 0
Dec  1 13:25:21 ubuntu systemd[1]: Starting Clean up any mess left by 0dns-up...
Dec  1 13:25:21 ubuntu kernel: [    0.000000] ACPI: NUMA: SRAT: PXM 0 -> MPIDR 0xa0200 -> Node 0
Dec  1 13:25:21 ubuntu kernel: [    0.000000] ACPI: NUMA: SRAT: PXM 0 -> MPIDR 0xa0300 -> Node 0
Dec  1 13:25:21 ubuntu kernel: [    0.000000] ACPI: NUMA: SRAT: PXM 0 -> MPIDR 0xb0000 -> Node 0
Dec  1 13:25:21 ubuntu kernel: [    0.000000] ACPI: NUMA: SRAT: PXM 0 -> MPIDR 0xb0100 -> Node 0
Dec  1 13:25:21 ubuntu kernel: [    0.000000] ACPI: NUMA: SRAT: PXM 0 -> MPIDR 0xb0200 -> Node 0
Dec  1 13:25:21 ubuntu systemd[1]: Starting Set console font and keymap...
Dec  1 13:25:21 ubuntu kernel: [    0.000000] ACPI: NUMA: SRAT: PXM 0 -> MPIDR 0xb0300 -> Node 0
Dec  1 13:25:21 ubuntu systemd[1]: Starting Enable support for additional executable binary formats...
Dec  1 13:25:21 ubuntu kernel: [    0.000000] ACPI: NUMA: SRAT: PXM 0 -> MPIDR 0xc0000 -> Node 0
Dec  1 13:25:21 ubuntu kernel: [    0.000000] ACPI: NUMA: SRAT: PXM 0 -> MPIDR 0xc0100 -> Node 0
Dec  1 13:25:21 ubuntu kernel: [    0.000000] ACPI: NUMA: SRAT: PXM 0 -> MPIDR 0xc0200 -> Node 0
Dec  1 13:25:21 ubuntu kernel: [    0.000000] ACPI: NUMA: SRAT: PXM 0 -> MPIDR 0xc0300 -> Node 0
Dec  1 13:25:21 ubuntu systemd[1]: Starting AppArmor initialization...
Dec  1 13:25:21 ubuntu kernel: [    0.000000] ACPI: NUMA: SRAT: PXM 0 -> MPIDR 0xd0000 -> Node 0
Dec  1 13:25:21 ubuntu kernel: [    0.000000] ACPI: NUMA: SRAT: PXM 0 -> MPIDR 0xd0100 -> Node 0
Dec  1 13:25:21 ubuntu systemd[1]: Starting QEMU KVM preparation - module, ksm, hugepages...
Dec  1 13:25:21 ubuntu kernel: [    0.000000] ACPI: NUMA: SRAT: PXM 0 -> MPIDR 0xd0200 -> Node 0
Dec  1 13:25:21 ubuntu kernel: [    0.000000] ACPI: NUMA: SRAT: PXM 0 -> MPIDR 0xd0300 -> Node 0
Dec  1 13:25:21 ubuntu kernel: [    0.000000] ACPI: NUMA: SRAT: PXM 1 -> MPIDR 0x180000 -> Node 1
Dec  1 13:25:21 ubuntu kernel: [    0.000000] ACPI: NUMA: SRAT: PXM 1 -> MPIDR 0x180100 -> Node 1
Dec  1 13:25:21 ubuntu kernel: [    0.000000] ACPI: NUMA: SRAT: PXM 1 -> MPIDR 0x180200 -> Node 1
Dec  1 13:25:21 ubuntu systemd[1]: Starting ebtables ruleset management...
Dec  1 13:25:21 ubuntu kernel: [    0.000000] ACPI: NUMA: SRAT: PXM 1 -> MPIDR 0x180300 -> Node 1
Dec  1 13:25:21 ubuntu kernel: [    0.000000] ACPI: NUMA: SRAT: PXM 1 -> MPIDR 0x190000 -> Node 1
Dec  1 13:25:21 ubuntu systemd[1]: Starting Tell Plymouth To Write Out Runtime Data...
Dec  1 13:25:21 ubuntu kernel: [    0.000000] ACPI: NUMA: SRAT: PXM 1 -> MPIDR 0x190100 -> Node 1
Dec  1 13:25:21 ubuntu kernel: [    0.000000] ACPI: NUMA: SRAT: PXM 1 -> MPIDR 0x190200 -> Node 1
Dec  1 13:25:21 ubuntu systemd[1]: Started QEMU KVM preparation - module, ksm, hugepages.
Dec  1 13:25:21 ubuntu kernel: [    0.000000] ACPI: NUMA: SRAT: PXM 1 -> MPIDR 0x190300 -> Node 1
Dec  1 13:25:21 ubuntu kernel: [    0.000000] ACPI: NUMA: SRAT: PXM 1 -> MPIDR 0x1a0000 -> Node 1
Dec  1 13:25:21 ubuntu kernel: [    0.000000] ACPI: NUMA: SRAT: PXM 1 -> MPIDR 0x1a0100 -> Node 1
Dec  1 13:25:21 ubuntu systemd[1]: Started Tell Plymouth To Write Out Runtime Data.
Dec  1 13:25:21 ubuntu kernel: [    0.000000] ACPI: NUMA: SRAT: PXM 1 -> MPIDR 0x1a0200 -> Node 1
Dec  1 13:25:21 ubuntu systemd[1]: Started Set console font and keymap.
Dec  1 13:25:21 ubuntu kernel: [    0.000000] ACPI: NUMA: SRAT: PXM 1 -> MPIDR 0x1a0300 -> Node 1
Dec  1 13:25:21 ubuntu kernel: [    0.000000] ACPI: NUMA: SRAT: PXM 1 -> MPIDR 0x1b0000 -> Node 1
Dec  1 13:25:21 ubuntu kernel: [    0.000000] ACPI: NUMA: SRAT: PXM 1 -> MPIDR 0x1b0100 -> Node 1
Dec  1 13:25:21 ubuntu systemd[1]: proc-sys-fs-binfmt_misc.automount: Got automount request for /proc/sys/fs/binfmt_misc, triggered by 1952 (update-binfmts)
Dec  1 13:25:21 ubuntu kernel: [    0.000000] ACPI: NUMA: SRAT: PXM 1 -> MPIDR 0x1b0200 -> Node 1
Dec  1 13:25:21 ubuntu kernel: [    0.000000] ACPI: NUMA: SRAT: PXM 1 -> MPIDR 0x1b0300 -> Node 1
Dec  1 13:25:21 ubuntu kernel: [    0.000000] ACPI: NUMA: SRAT: PXM 1 -> MPIDR 0x1c0000 -> Node 1
Dec  1 13:25:21 ubuntu kernel: [    0.000000] ACPI: NUMA: SRAT: PXM 1 -> MPIDR 0x1c0100 -> Node 1
Dec  1 13:25:21 ubuntu systemd[1]: Mounting Arbitrary Executable File Formats File System...
Dec  1 13:25:21 ubuntu kernel: [    0.000000] ACPI: NUMA: SRAT: PXM 1 -> MPIDR 0x1c0200 -> Node 1
Dec  1 13:25:21 ubuntu kernel: [    0.000000] ACPI: NUMA: SRAT: PXM 1 -> MPIDR 0x1c0300 -> Node 1
Dec  1 13:25:21 ubuntu kernel: [    0.000000] ACPI: NUMA: SRAT: PXM 1 -> MPIDR 0x1d0000 -> Node 1
Dec  1 13:25:21 ubuntu systemd[1]: Started ebtables ruleset management.
Dec  1 13:25:21 ubuntu kernel: [    0.000000] ACPI: NUMA: SRAT: PXM 1 -> MPIDR 0x1d0100 -> Node 1
Dec  1 13:25:21 ubuntu kernel: [    0.000000] ACPI: NUMA: SRAT: PXM 1 -> MPIDR 0x1d0200 -> Node 1
Dec  1 13:25:21 ubuntu kernel: [    0.000000] ACPI: NUMA: SRAT: PXM 1 -> MPIDR 0x1d0300 -> Node 1
Dec  1 13:25:21 ubuntu kernel: [    0.000000] ACPI: NUMA: SRAT: PXM 2 -> MPIDR 0x280000 -> Node 2
Dec  1 13:25:21 ubuntu systemd[1]: Reached target Network (Pre).
Dec  1 13:25:21 ubuntu kernel: [    0.000000] ACPI: NUMA: SRAT: PXM 2 -> MPIDR 0x280100 -> Node 2
Dec  1 13:25:21 ubuntu kernel: [    0.000000] ACPI: NUMA: SRAT: PXM 2 -> MPIDR 0x280200 -> Node 2
Dec  1 13:25:21 ubuntu kernel: [    0.000000] ACPI: NUMA: SRAT: PXM 2 -> MPIDR 0x280300 -> Node 2
Dec  1 13:25:21 ubuntu kernel: [    0.000000] ACPI: NUMA: SRAT: PXM 2 -> MPIDR 0x290000 -> Node 2
Dec  1 13:25:21 ubuntu kernel: [    0.000000] ACPI: NUMA: SRAT: PXM 2 -> MPIDR 0x290100 -> Node 2
Dec  1 13:25:21 ubuntu systemd[1]: Mounted Arbitrary Executable File Formats File System.
Dec  1 13:25:21 ubuntu kernel: [    0.000000] ACPI: NUMA: SRAT: PXM 2 -> MPIDR 0x290200 -> Node 2
Dec  1 13:25:21 ubuntu kernel: [    0.000000] ACPI: NUMA: SRAT: PXM 2 -> MPIDR 0x290300 -> Node 2
Dec  1 13:25:21 ubuntu kernel: [    0.000000] ACPI: NUMA: SRAT: PXM 2 -> MPIDR 0x2a0000 -> Node 2
Dec  1 13:25:21 ubuntu systemd[1]: Started Clean up any mess left by 0dns-up.
Dec  1 13:25:21 ubuntu kernel: [    0.000000] ACPI: NUMA: SRAT: PXM 2 -> MPIDR 0x2a0100 -> Node 2
Dec  1 13:25:21 ubuntu kernel: [    0.000000] ACPI: NUMA: SRAT: PXM 2 -> MPIDR 0x2a0200 -> Node 2
Dec  1 13:25:21 ubuntu kernel: [    0.000000] ACPI: NUMA: SRAT: PXM 2 -> MPIDR 0x2a0300 -> Node 2
Dec  1 13:25:21 ubuntu kernel: [    0.000000] ACPI: NUMA: SRAT: PXM 2 -> MPIDR 0x2b0000 -> Node 2
Dec  1 13:25:21 ubuntu systemd[1]: Starting Network Service...
Dec  1 13:25:21 ubuntu kernel: [    0.000000] ACPI: NUMA: SRAT: PXM 2 -> MPIDR 0x2b0100 -> Node 2
Dec  1 13:25:21 ubuntu kernel: [    0.000000] ACPI: NUMA: SRAT: PXM 2 -> MPIDR 0x2b0200 -> Node 2
Dec  1 13:25:21 ubuntu kernel: [    0.000000] ACPI: NUMA: SRAT: PXM 2 -> MPIDR 0x2b0300 -> Node 2
Dec  1 13:25:21 ubuntu systemd[1]: Started Enable support for additional executable binary formats.
Dec  1 13:25:21 ubuntu kernel: [    0.000000] ACPI: NUMA: SRAT: PXM 2 -> MPIDR 0x2c0000 -> Node 2
Dec  1 13:25:21 ubuntu kernel: [    0.000000] ACPI: NUMA: SRAT: PXM 2 -> MPIDR 0x2c0100 -> Node 2
Dec  1 13:25:21 ubuntu kernel: [    0.000000] ACPI: NUMA: SRAT: PXM 2 -> MPIDR 0x2c0200 -> Node 2
Dec  1 13:25:21 ubuntu kernel: [    0.000000] ACPI: NUMA: SRAT: PXM 2 -> MPIDR 0x2c0300 -> Node 2
Dec  1 13:25:21 ubuntu systemd-udevd[2169]: link_config: autonegotiation is unset or enabled, the speed and duplex are not writable.
Dec  1 13:25:21 ubuntu kernel: [    0.000000] ACPI: NUMA: SRAT: PXM 2 -> MPIDR 0x2d0000 -> Node 2
Dec  1 13:25:21 ubuntu kernel: [    0.000000] ACPI: NUMA: SRAT: PXM 2 -> MPIDR 0x2d0100 -> Node 2
Dec  1 13:25:21 ubuntu systemd-networkd[2050]: br0: netdev ready
Dec  1 13:25:21 ubuntu kernel: [    0.000000] ACPI: NUMA: SRAT: PXM 2 -> MPIDR 0x2d0200 -> Node 2
Dec  1 13:25:21 ubuntu kernel: [    0.000000] ACPI: NUMA: SRAT: PXM 2 -> MPIDR 0x2d0300 -> Node 2
Dec  1 13:25:21 ubuntu kernel: [    0.000000] ACPI: NUMA: SRAT: PXM 3 -> MPIDR 0x380000 -> Node 3
Dec  1 13:25:21 ubuntu kernel: [    0.000000] ACPI: NUMA: SRAT: PXM 3 -> MPIDR 0x380100 -> Node 3
Dec  1 13:25:21 ubuntu systemd-networkd[2050]: Enumeration completed
Dec  1 13:25:21 ubuntu kernel: [    0.000000] ACPI: NUMA: SRAT: PXM 3 -> MPIDR 0x380200 -> Node 3
Dec  1 13:25:21 ubuntu kernel: [    0.000000] ACPI: NUMA: SRAT: PXM 3 -> MPIDR 0x380300 -> Node 3
Dec  1 13:25:21 ubuntu systemd[1]: Started Network Service.
Dec  1 13:25:21 ubuntu kernel: [    0.000000] ACPI: NUMA: SRAT: PXM 3 -> MPIDR 0x390000 -> Node 3
Dec  1 13:25:21 ubuntu kernel: [    0.000000] ACPI: NUMA: SRAT: PXM 3 -> MPIDR 0x390100 -> Node 3
Dec  1 13:25:21 ubuntu kernel: [    0.000000] ACPI: NUMA: SRAT: PXM 3 -> MPIDR 0x390200 -> Node 3
Dec  1 13:25:21 ubuntu systemd-networkd[2050]: br0: IPv6 successfully enabled
Dec  1 13:25:21 ubuntu kernel: [    0.000000] ACPI: NUMA: SRAT: PXM 3 -> MPIDR 0x390300 -> Node 3
Dec  1 13:25:21 ubuntu kernel: [    0.000000] ACPI: NUMA: SRAT: PXM 3 -> MPIDR 0x3a0000 -> Node 3
Dec  1 13:25:21 ubuntu kernel: [    0.000000] ACPI: NUMA: SRAT: PXM 3 -> MPIDR 0x3a0100 -> Node 3
Dec  1 13:25:21 ubuntu systemd-networkd[2050]: enp125s0f3: Link is not managed by us
Dec  1 13:25:21 ubuntu kernel: [    0.000000] ACPI: NUMA: SRAT: PXM 3 -> MPIDR 0x3a0200 -> Node 3
Dec  1 13:25:21 ubuntu kernel: [    0.000000] ACPI: NUMA: SRAT: PXM 3 -> MPIDR 0x3a0300 -> Node 3
Dec  1 13:25:21 ubuntu kernel: [    0.000000] ACPI: NUMA: SRAT: PXM 3 -> MPIDR 0x3b0000 -> Node 3
Dec  1 13:25:21 ubuntu kernel: [    0.000000] ACPI: NUMA: SRAT: PXM 3 -> MPIDR 0x3b0100 -> Node 3
Dec  1 13:25:21 ubuntu systemd-networkd[2050]: enp125s0f1: Link is not managed by us
Dec  1 13:25:21 ubuntu kernel: [    0.000000] ACPI: NUMA: SRAT: PXM 3 -> MPIDR 0x3b0200 -> Node 3
Dec  1 13:25:21 ubuntu kernel: [    0.000000] ACPI: NUMA: SRAT: PXM 3 -> MPIDR 0x3b0300 -> Node 3
Dec  1 13:25:21 ubuntu kernel: [    0.000000] ACPI: NUMA: SRAT: PXM 3 -> MPIDR 0x3c0000 -> Node 3
Dec  1 13:25:21 ubuntu systemd-networkd[2050]: enp125s0f0: Link is not managed by us
Dec  1 13:25:21 ubuntu kernel: [    0.000000] ACPI: NUMA: SRAT: PXM 3 -> MPIDR 0x3c0100 -> Node 3
Dec  1 13:25:21 ubuntu kernel: [    0.000000] ACPI: NUMA: SRAT: PXM 3 -> MPIDR 0x3c0200 -> Node 3
Dec  1 13:25:21 ubuntu kernel: [    0.000000] ACPI: NUMA: SRAT: PXM 3 -> MPIDR 0x3c0300 -> Node 3
Dec  1 13:25:21 ubuntu kernel: [    0.000000] ACPI: NUMA: SRAT: PXM 3 -> MPIDR 0x3d0000 -> Node 3
Dec  1 13:25:21 ubuntu kernel: [    0.000000] ACPI: NUMA: SRAT: PXM 3 -> MPIDR 0x3d0100 -> Node 3
Dec  1 13:25:21 ubuntu systemd-networkd[2050]: lo: Link is not managed by us
Dec  1 13:25:21 ubuntu systemd-networkd[2050]: enp125s0f2: Link is not managed by us
Dec  1 13:25:21 ubuntu kernel: [    0.000000] ACPI: NUMA: SRAT: PXM 3 -> MPIDR 0x3d0200 -> Node 3
Dec  1 13:25:21 ubuntu kernel: [    0.000000] ACPI: NUMA: SRAT: PXM 3 -> MPIDR 0x3d0300 -> Node 3
Dec  1 13:25:21 ubuntu systemd-networkd[2050]: enp125s0f1: IPv6 successfully enabled
Dec  1 13:25:21 ubuntu kernel: [    0.000000] percpu: Embedded 33 pages/cpu s94616 r8192 d32360 u135168
Dec  1 13:25:21 ubuntu kernel: [    0.000000] pcpu-alloc: s94616 r8192 d32360 u135168 alloc=33*4096
Dec  1 13:25:21 ubuntu kernel: [    0.000000] pcpu-alloc: [0] 00 [0] 01 [0] 02 [0] 03 [0] 04 [0] 05 [0] 06 [0] 07 
Dec  1 13:25:21 ubuntu systemd-networkd[2050]: enp125s0f3: Link is not managed by us
Dec  1 13:25:21 ubuntu kernel: [    0.000000] pcpu-alloc: [0] 08 [0] 09 [0] 10 [0] 11 [0] 12 [0] 13 [0] 14 [0] 15 
Dec  1 13:25:21 ubuntu kernel: [    0.000000] pcpu-alloc: [0] 16 [0] 17 [0] 18 [0] 19 [0] 20 [0] 21 [0] 22 [0] 23 
Dec  1 13:25:21 ubuntu systemd-networkd[2050]: enp125s0f0: Link is not managed by us
Dec  1 13:25:21 ubuntu kernel: [    0.000000] pcpu-alloc: [1] 24 [1] 25 [1] 26 [1] 27 [1] 28 [1] 29 [1] 30 [1] 31 
Dec  1 13:25:21 ubuntu kernel: [    0.000000] pcpu-alloc: [1] 32 [1] 33 [1] 34 [1] 35 [1] 36 [1] 37 [1] 38 [1] 39 
Dec  1 13:25:21 ubuntu kernel: [    0.000000] pcpu-alloc: [1] 40 [1] 41 [1] 42 [1] 43 [1] 44 [1] 45 [1] 46 [1] 47 
Dec  1 13:25:21 ubuntu kernel: [    0.000000] pcpu-alloc: [2] 48 [2] 49 [2] 50 [2] 51 [2] 52 [2] 53 [2] 54 [2] 55 
Dec  1 13:25:21 ubuntu systemd-networkd[2050]: lo: Link is not managed by us
Dec  1 13:25:21 ubuntu kernel: [    0.000000] pcpu-alloc: [2] 56 [2] 57 [2] 58 [2] 59 [2] 60 [2] 61 [2] 62 [2] 63 
Dec  1 13:25:21 ubuntu kernel: [    0.000000] pcpu-alloc: [2] 64 [2] 65 [2] 66 [2] 67 [2] 68 [2] 69 [2] 70 [2] 71 
Dec  1 13:25:21 ubuntu systemd-networkd[2050]: enp125s0f2: Link is not managed by us
Dec  1 13:25:21 ubuntu kernel: [    0.000000] pcpu-alloc: [3] 72 [3] 73 [3] 74 [3] 75 [3] 76 [3] 77 [3] 78 [3] 79 
Dec  1 13:25:21 ubuntu kernel: [    0.000000] pcpu-alloc: [3] 80 [3] 81 [3] 82 [3] 83 [3] 84 [3] 85 [3] 86 [3] 87 
Dec  1 13:25:21 ubuntu kernel: [    0.000000] pcpu-alloc: [3] 88 [3] 89 [3] 90 [3] 91 [3] 92 [3] 93 [3] 94 [3] 95 
Dec  1 13:25:21 ubuntu kernel: [    0.000000] Detected VIPT I-cache on CPU0
Dec  1 13:25:21 ubuntu kernel: [    0.000000] CPU features: detected: GIC system register CPU interface
Dec  1 13:25:21 ubuntu systemd[1]: Starting Wait for Network to be Configured...
Dec  1 13:25:21 ubuntu kernel: [    0.000000] CPU features: detected: Virtualization Host Extensions
Dec  1 13:25:21 ubuntu systemd-networkd[2050]: br0: Link UP
Dec  1 13:25:21 ubuntu systemd-networkd[2050]: enp125s0f1: Link UP
Dec  1 13:25:21 ubuntu systemd-networkd[2050]: enp125s0f0: Link UP
Dec  1 13:25:21 ubuntu systemd[1]: Started Flush Journal to Persistent Storage.
Dec  1 13:25:21 ubuntu systemd[1]: Starting Create Volatile Files and Directories...
Dec  1 13:25:21 ubuntu systemd[1]: Started Create Volatile Files and Directories.
Dec  1 13:25:21 ubuntu systemd[1]: Starting Network Name Resolution...
Dec  1 13:25:21 ubuntu systemd[1]: Starting Network Time Synchronization...
Dec  1 13:25:21 ubuntu systemd[1]: Starting Update UTMP about System Boot/Shutdown...
Dec  1 13:25:21 ubuntu systemd[1]: Started Update UTMP about System Boot/Shutdown.
Dec  1 13:25:21 ubuntu systemd-resolved[2213]: Positive Trust Anchors:
Dec  1 13:25:21 ubuntu systemd-resolved[2213]: . IN DS 19036 8 2 49aac11d7b6f6446702e54a1607371607a1a41855200fd2ce1cdde32f24e8fb5
Dec  1 13:25:21 ubuntu systemd-resolved[2213]: . IN DS 20326 8 2 e06d44b80b8f1d39a95c0b0d7c65d08458e880409bbc683457104237c7f8ec8d
Dec  1 13:25:21 ubuntu systemd-resolved[2213]: Negative trust anchors: 10.in-addr.arpa 16.172.in-addr.arpa 17.172.in-addr.arpa 18.172.in-addr.arpa 19.172.in-addr.arpa 20.172.in-addr.arpa 21.172.in-addr.arpa 22.172.in-addr.arpa 23.172.in-addr.arpa 24.172.in-addr.arpa 25.172.in-addr.arpa 26.172.in-addr.arpa 27.172.in-addr.arpa 28.172.in-addr.arpa 29.172.in-addr.arpa 30.172.in-addr.arpa 31.172.in-addr.arpa 168.192.in-addr.arpa d.f.ip6.arpa corp home internal intranet lan local private test
Dec  1 13:25:21 ubuntu kernel: [    0.000000] CPU features: detected: Hardware dirty bit management
Dec  1 13:25:21 ubuntu systemd-resolved[2213]: Using system hostname 'ubuntu'.
Dec  1 13:25:21 ubuntu kernel: [    0.000000] alternatives: patching kernel code
Dec  1 13:25:21 ubuntu kernel: [    0.000000] Built 4 zonelists, mobility grouping on.  Total pages: 32898000
Dec  1 13:25:21 ubuntu kernel: [    0.000000] Policy zone: Normal
Dec  1 13:25:21 ubuntu systemd[1]: Started Network Time Synchronization.
Dec  1 13:25:21 ubuntu kernel: [    0.000000] Kernel command line: BOOT_IMAGE=/boot/vmlinuz-5.7.1 root=UUID=87f15ea3-75f7-4c9d-add6-30cc3fc19001 ro text
Dec  1 13:25:21 ubuntu kernel: [    0.000000] printk: log_buf_len individual max cpu contribution: 4096 bytes
Dec  1 13:25:21 ubuntu kernel: [    0.000000] printk: log_buf_len total cpu_extra contributions: 389120 bytes
Dec  1 13:25:21 ubuntu systemd[1]: Reached target System Time Synchronized.
Dec  1 13:25:21 ubuntu kernel: [    0.000000] printk: log_buf_len min size: 262144 bytes
Dec  1 13:25:21 ubuntu kernel: [    0.000000] printk: log_buf_len: 1048576 bytes
Dec  1 13:25:21 ubuntu kernel: [    0.000000] printk: early log buf free: 245796(93%)
Dec  1 13:25:21 ubuntu kernel: [    0.000000] mem auto-init: stack:off, heap alloc:on, heap free:off
Dec  1 13:25:21 ubuntu systemd[1]: Started Network Name Resolution.
Dec  1 13:25:21 ubuntu kernel: [    0.000000] software IO TLB: mapped [mem 0x3b030000-0x3f030000] (64MB)
Dec  1 13:25:21 ubuntu kernel: [    0.000000] Memory: 130841752K/134213440K available (14204K kernel code, 2354K rwdata, 6868K rodata, 7040K init, 1132K bss, 3338920K reserved, 32768K cma-reserved)
Dec  1 13:25:21 ubuntu kernel: [    0.000000] random: get_random_u64 called from __kmem_cache_create+0x54/0x5d8 with crng_init=0
Dec  1 13:25:21 ubuntu systemd[1]: Reached target Host and Network Name Lookups.
Dec  1 13:25:21 ubuntu kernel: [    0.000000] SLUB: HWalign=64, Order=0-3, MinObjects=0, CPUs=96, Nodes=4
Dec  1 13:25:21 ubuntu kernel: [    0.000000] ftrace: allocating 46107 entries in 181 pages
Dec  1 13:25:21 ubuntu kernel: [    0.000000] ftrace: allocated 181 pages with 5 groups
Dec  1 13:25:21 ubuntu kernel: [    0.000000] rcu: Hierarchical RCU implementation.
Dec  1 13:25:21 ubuntu apparmor[1953]:    ...done.
Dec  1 13:25:21 ubuntu kernel: [    0.000000] rcu: 	RCU restricting CPUs from NR_CPUS=256 to nr_cpu_ids=96.
Dec  1 13:25:21 ubuntu kernel: [    0.000000] 	Tasks RCU enabled.
Dec  1 13:25:21 ubuntu systemd[1]: Started AppArmor initialization.
Dec  1 13:25:21 ubuntu kernel: [    0.000000] rcu: RCU calculated value of scheduler-enlistment delay is 25 jiffies.
Dec  1 13:25:21 ubuntu systemd[1]: Starting Load AppArmor profiles managed internally by snapd...
Dec  1 13:25:21 ubuntu kernel: [    0.000000] rcu: Adjusting geometry for rcu_fanout_leaf=16, nr_cpu_ids=96
Dec  1 13:25:21 ubuntu systemd[1]: Starting Raise network interfaces...
Dec  1 13:25:21 ubuntu kernel: [    0.000000] NR_IRQS: 64, nr_irqs: 64, preallocated irqs: 0
Dec  1 13:25:21 ubuntu kernel: [    0.000000] GICv3: GIC: Using split EOI/Deactivate mode
Dec  1 13:25:21 ubuntu kernel: [    0.000000] GICv3: 640 SPIs implemented
Dec  1 13:25:21 ubuntu kernel: [    0.000000] GICv3: 0 Extended SPIs implemented
Dec  1 13:25:21 ubuntu kernel: [    0.000000] GICv3: Distributor has no Range Selector support
Dec  1 13:25:21 ubuntu snapd-apparmor[2248]: find: ‘/var/lib/snapd/apparmor/profiles/’: No such file or directory
Dec  1 13:25:21 ubuntu kernel: [    0.000000] GICv3: 16 PPIs implemented
Dec  1 13:25:21 ubuntu kernel: [    0.000000] GICv3: GICv4 features: DirectLPI 
Dec  1 13:25:21 ubuntu systemd[1]: Started Load AppArmor profiles managed internally by snapd.
Dec  1 13:25:21 ubuntu kernel: [    0.000000] GICv3: CPU0: found redistributor 80000 region 0:0x00000000ae100000
Dec  1 13:25:21 ubuntu kernel: [    0.000000] SRAT: PXM 0 -> ITS 0 -> Node 0
Dec  1 13:25:21 ubuntu kernel: [    0.000000] SRAT: PXM 2 -> ITS 1 -> Node 2
Dec  1 13:25:21 ubuntu systemd[1]: Reached target System Initialization.
Dec  1 13:25:21 ubuntu kernel: [    0.000000] ITS [mem 0x202100000-0x20211ffff]
Dec  1 13:25:21 ubuntu kernel: [    0.000000] ITS@0x0000000202100000: Using ITS number 0
Dec  1 13:25:21 ubuntu systemd[1]: Listening on UUID daemon activation socket.
Dec  1 13:25:21 ubuntu kernel: [    0.000000] ITS@0x0000000202100000: allocated 65536 Devices @27ffb80000 (flat, esz 8, psz 16K, shr 1)
Dec  1 13:25:21 ubuntu kernel: [    0.000000] ITS@0x0000000202100000: allocated 65536 Virtual CPUs @27ff000000 (flat, esz 16, psz 4K, shr 1)
Dec  1 13:25:21 ubuntu kernel: [    0.000000] ITS@0x0000000202100000: allocated 256 Interrupt Collections @27ffb01000 (flat, esz 16, psz 4K, shr 1)
Dec  1 13:25:21 ubuntu kernel: [    0.000000] ITS [mem 0x200202100000-0x20020211ffff]
Dec  1 13:25:21 ubuntu systemd[1]: Started CUPS Scheduler.
Dec  1 13:25:21 ubuntu kernel: [    0.000000] ITS@0x0000200202100000: Using ITS number 1
Dec  1 13:25:21 ubuntu systemd[1]: Listening on ACPID Listen Socket.
Dec  1 13:25:21 ubuntu kernel: [    0.000000] ITS@0x0000200202100000: allocated 65536 Devices @2027ff880000 (flat, esz 8, psz 16K, shr 1)
Dec  1 13:25:21 ubuntu kernel: [    0.000000] ITS@0x0000200202100000: allocated 65536 Virtual CPUs @2027ff900000 (flat, esz 16, psz 4K, shr 1)
Dec  1 13:25:21 ubuntu kernel: [    0.000000] ITS@0x0000200202100000: allocated 256 Interrupt Collections @2027ff801000 (flat, esz 16, psz 4K, shr 1)
Dec  1 13:25:21 ubuntu kernel: [    0.000000] GICv3: using LPI property table @0x00000027ffb20000
Dec  1 13:25:21 ubuntu systemd[1]: Listening on CUPS Scheduler.
Dec  1 13:25:21 ubuntu kernel: [    0.000000] ITS: Using DirectLPI for VPE invalidation
Dec  1 13:25:21 ubuntu kernel: [    0.000000] ITS: Enabling GICv4 support
Dec  1 13:25:21 ubuntu kernel: [    0.000000] GICv3: CPU0: using allocated LPI pending table @0x00000027ffb30000
Dec  1 13:25:21 ubuntu kernel: [    0.000000] arch_timer: cp15 timer(s) running at 100.00MHz (phys).
Dec  1 13:25:21 ubuntu systemd[1]: Started Trigger anacron every hour.
Dec  1 13:25:21 ubuntu kernel: [    0.000000] clocksource: arch_sys_counter: mask: 0xffffffffffffff max_cycles: 0x171024e7e0, max_idle_ns: 440795205315 ns
Dec  1 13:25:21 ubuntu kernel: [    0.000001] sched_clock: 56 bits at 100MHz, resolution 10ns, wraps every 4398046511100ns
Dec  1 13:25:21 ubuntu kernel: [    0.000112] Console: colour dummy device 80x25
Dec  1 13:25:21 ubuntu kernel: [    0.000439] printk: console [tty0] enabled
Dec  1 13:25:21 ubuntu systemd[1]: Starting LXD - unix socket.
Dec  1 13:25:21 ubuntu kernel: [    0.000501] mempolicy: Enabling automatic NUMA balancing. Configure with numa_balancing= or the kernel.numa_balancing sysctl
Dec  1 13:25:21 ubuntu systemd[1]: Starting Socket activation for snappy daemon.
Dec  1 13:25:21 ubuntu kernel: [    0.000518] ACPI: Core revision 20200326
Dec  1 13:25:21 ubuntu kernel: [    0.000722] Calibrating delay loop (skipped), value calculated using timer frequency.. 200.00 BogoMIPS (lpj=400000)
Dec  1 13:25:21 ubuntu kernel: [    0.000727] pid_max: default: 98304 minimum: 768
Dec  1 13:25:21 ubuntu kernel: [    0.000802] LSM: Security Framework initializing
Dec  1 13:25:21 ubuntu systemd[1]: Listening on Virtual machine log manager socket.
Dec  1 13:25:21 ubuntu kernel: [    0.000808] Yama: becoming mindful.
Dec  1 13:25:21 ubuntu kernel: [    0.000840] AppArmor: AppArmor initialized
Dec  1 13:25:21 ubuntu systemd[1]: Started Message of the Day.
Dec  1 13:25:21 ubuntu kernel: [    0.015498] Dentry cache hash table entries: 8388608 (order: 14, 67108864 bytes, vmalloc)
Dec  1 13:25:21 ubuntu kernel: [    0.022855] Inode-cache hash table entries: 4194304 (order: 13, 33554432 bytes, vmalloc)
Dec  1 13:25:21 ubuntu systemd[1]: Listening on D-Bus System Message Bus Socket.
Dec  1 13:25:21 ubuntu kernel: [    0.023125] Mount-cache hash table entries: 131072 (order: 8, 1048576 bytes, vmalloc)
Dec  1 13:25:21 ubuntu kernel: [    0.023362] Mountpoint-cache hash table entries: 131072 (order: 8, 1048576 bytes, vmalloc)
Dec  1 13:25:21 ubuntu kernel: [    0.025754] rcu: Hierarchical SRCU implementation.
Dec  1 13:25:21 ubuntu systemd[1]: Listening on Avahi mDNS/DNS-SD Stack Activation Socket.
Dec  1 13:25:21 ubuntu kernel: [    0.026215] Platform MSI: ITS@0x202100000 domain created
Dec  1 13:25:21 ubuntu kernel: [    0.026220] Platform MSI: ITS@0x200202100000 domain created
Dec  1 13:25:21 ubuntu kernel: [    0.026226] PCI/MSI: ITS@0x202100000 domain created
Dec  1 13:25:21 ubuntu systemd[1]: Started Daily Cleanup of Temporary Directories.
Dec  1 13:25:21 ubuntu kernel: [    0.026229] PCI/MSI: ITS@0x200202100000 domain created
Dec  1 13:25:21 ubuntu kernel: [    0.026241] Remapping and enabling EFI services.
Dec  1 13:25:21 ubuntu kernel: [    0.026439] efi: memattr: Entry attributes invalid: RO and XP bits both cleared
Dec  1 13:25:21 ubuntu systemd[1]: Listening on Virtual machine lock manager socket.
Dec  1 13:25:21 ubuntu kernel: [    0.026444] efi: memattr: ! 0x000000000000-0x00000000ffff [Runtime Code       |RUN|  |  |  |  |  |  |  |   |  |  |  |  ]
Dec  1 13:25:21 ubuntu kernel: [    0.027588] smp: Bringing up secondary CPUs ...
Dec  1 13:25:21 ubuntu systemd[1]: Started ACPI Events Check.
Dec  1 13:25:21 ubuntu kernel: [    0.057425] Detected VIPT I-cache on CPU1
Dec  1 13:25:21 ubuntu kernel: [    0.057431] GICv3: CPU1: found redistributor 80100 region 1:0x00000000ae140000
Dec  1 13:25:21 ubuntu kernel: [    0.057448] GICv3: CPU1: using allocated LPI pending table @0x00000027ffb40000
Dec  1 13:25:21 ubuntu systemd[1]: Reached target Paths.
Dec  1 13:25:21 ubuntu kernel: [    0.057484] CPU1: Booted secondary processor 0x0000080100 [0x481fd010]
Dec  1 13:25:21 ubuntu kernel: [    0.089968] Detected VIPT I-cache on CPU2
Dec  1 13:25:21 ubuntu kernel: [    0.089972] GICv3: CPU2: found redistributor 80200 region 2:0x00000000ae180000
Dec  1 13:25:21 ubuntu systemd[1]: Started Discard unused blocks once a week.
Dec  1 13:25:21 ubuntu kernel: [    0.089985] GICv3: CPU2: using allocated LPI pending table @0x00000027ffb50000
Dec  1 13:25:21 ubuntu kernel: [    0.090017] CPU2: Booted secondary processor 0x0000080200 [0x481fd010]
Dec  1 13:25:21 ubuntu kernel: [    0.122518] Detected VIPT I-cache on CPU3
Dec  1 13:25:21 ubuntu systemd[1]: Listening on Open-iSCSI iscsid Socket.
Dec  1 13:25:21 ubuntu kernel: [    0.122523] GICv3: CPU3: found redistributor 80300 region 3:0x00000000ae1c0000
Dec  1 13:25:21 ubuntu kernel: [    0.122535] GICv3: CPU3: using allocated LPI pending table @0x00000027ffb60000
Dec  1 13:25:21 ubuntu kernel: [    0.122566] CPU3: Booted secondary processor 0x0000080300 [0x481fd010]
Dec  1 13:25:21 ubuntu kernel: [    0.155248] Detected VIPT I-cache on CPU4
Dec  1 13:25:21 ubuntu systemd[1]: Started Daily apt download activities.
Dec  1 13:25:21 ubuntu kernel: [    0.155256] GICv3: CPU4: found redistributor 90000 region 4:0x00000000ae200000
Dec  1 13:25:21 ubuntu kernel: [    0.155277] GICv3: CPU4: using allocated LPI pending table @0x00000027ffb70000
Dec  1 13:25:21 ubuntu kernel: [    0.155315] CPU4: Booted secondary processor 0x0000090000 [0x481fd010]
Dec  1 13:25:21 ubuntu systemd[1]: Started Daily apt upgrade and clean activities.
Dec  1 13:25:21 ubuntu kernel: [    0.187965] Detected VIPT I-cache on CPU5
Dec  1 13:25:21 ubuntu kernel: [    0.187970] GICv3: CPU5: found redistributor 90100 region 5:0x00000000ae240000
Dec  1 13:25:21 ubuntu kernel: [    0.187984] GICv3: CPU5: using allocated LPI pending table @0x00000027ff100000
Dec  1 13:25:21 ubuntu systemd[1]: Reached target Timers.
Dec  1 13:25:21 ubuntu kernel: [    0.188015] CPU5: Booted secondary processor 0x0000090100 [0x481fd010]
Dec  1 13:25:21 ubuntu kernel: [    0.220689] Detected VIPT I-cache on CPU6
Dec  1 13:25:21 ubuntu kernel: [    0.220694] GICv3: CPU6: found redistributor 90200 region 6:0x00000000ae280000
Dec  1 13:25:21 ubuntu systemd[1]: Listening on LXD - unix socket.
Dec  1 13:25:21 ubuntu kernel: [    0.220709] GICv3: CPU6: using allocated LPI pending table @0x00000027ff110000
Dec  1 13:25:21 ubuntu kernel: [    0.220741] CPU6: Booted secondary processor 0x0000090200 [0x481fd010]
Dec  1 13:25:21 ubuntu kernel: [    0.253413] Detected VIPT I-cache on CPU7
Dec  1 13:25:21 ubuntu kernel: [    0.253418] GICv3: CPU7: found redistributor 90300 region 7:0x00000000ae2c0000
Dec  1 13:25:21 ubuntu systemd[1]: Listening on Socket activation for snappy daemon.
Dec  1 13:25:21 ubuntu kernel: [    0.253429] GICv3: CPU7: using allocated LPI pending table @0x00000027ff120000
Dec  1 13:25:21 ubuntu kernel: [    0.253461] CPU7: Booted secondary processor 0x0000090300 [0x481fd010]
Dec  1 13:25:21 ubuntu systemd[1]: Reached target Sockets.
Dec  1 13:25:21 ubuntu kernel: [    0.286314] Detected VIPT I-cache on CPU8
Dec  1 13:25:21 ubuntu kernel: [    0.286321] GICv3: CPU8: found redistributor a0000 region 8:0x00000000ae300000
Dec  1 13:25:21 ubuntu kernel: [    0.286337] GICv3: CPU8: using allocated LPI pending table @0x00000027ff130000
Dec  1 13:25:21 ubuntu kernel: [    0.286373] CPU8: Booted secondary processor 0x00000a0000 [0x481fd010]
Dec  1 13:25:21 ubuntu systemd[1]: Reached target Basic System.
Dec  1 13:25:21 ubuntu kernel: [    0.319207] Detected VIPT I-cache on CPU9
Dec  1 13:25:21 ubuntu kernel: [    0.319213] GICv3: CPU9: found redistributor a0100 region 9:0x00000000ae340000
Dec  1 13:25:21 ubuntu kernel: [    0.319225] GICv3: CPU9: using allocated LPI pending table @0x00000027ff140000
Dec  1 13:25:21 ubuntu systemd[1]: Starting Restore /etc/resolv.conf if the system crashed before the ppp link was shut down...
Dec  1 13:25:21 ubuntu kernel: [    0.319256] CPU9: Booted secondary processor 0x00000a0100 [0x481fd010]
Dec  1 13:25:21 ubuntu kernel: [    0.352104] Detected VIPT I-cache on CPU10
Dec  1 13:25:21 ubuntu systemd[1]: Starting LSB: Record successful boot for GRUB...
Dec  1 13:25:21 ubuntu systemd[1]: Starting Disk Manager...
Dec  1 13:25:21 ubuntu systemd[1]: Started Regular background program processing daemon.
Dec  1 13:25:21 ubuntu systemd[1]: Started Run anacron jobs.
Dec  1 13:25:21 ubuntu cron[2351]: (CRON) INFO (pidfile fd = 3)
Dec  1 13:25:21 ubuntu cron[2351]: (CRON) INFO (Running @reboot jobs)
Dec  1 13:25:21 ubuntu systemd[1]: Starting Login Service...
Dec  1 13:25:21 ubuntu anacron[2359]: Anacron 2.3 started on 2020-12-01
Dec  1 13:25:21 ubuntu systemd[1]: Started D-Bus System Message Bus.
Dec  1 13:25:21 ubuntu anacron[2359]: Normal exit (0 jobs run)
Dec  1 13:25:21 ubuntu kernel: [    0.352110] GICv3: CPU10: found redistributor a0200 region 10:0x00000000ae380000
Dec  1 13:25:21 ubuntu kernel: [    0.352123] GICv3: CPU10: using allocated LPI pending table @0x00000027ff150000
Dec  1 13:25:21 ubuntu udisksd[2302]: udisks daemon version 2.7.6 starting
Dec  1 13:25:21 ubuntu kernel: [    0.352154] CPU10: Booted secondary processor 0x00000a0200 [0x481fd010]
Dec  1 13:25:21 ubuntu systemd[1]: Started Login Service.
Dec  1 13:25:21 ubuntu kernel: [    0.385002] Detected VIPT I-cache on CPU11
Dec  1 13:25:21 ubuntu systemd[1]: Starting Network Manager...
Dec  1 13:25:21 ubuntu kernel: [    0.385007] GICv3: CPU11: found redistributor a0300 region 11:0x00000000ae3c0000
Dec  1 13:25:21 ubuntu kernel: [    0.385020] GICv3: CPU11: using allocated LPI pending table @0x00000027ff160000
Dec  1 13:25:21 ubuntu kernel: [    0.385052] CPU11: Booted secondary processor 0x00000a0300 [0x481fd010]
Dec  1 13:25:21 ubuntu systemd[1]: Starting System Logging Service...
Dec  1 13:25:21 ubuntu kernel: [    0.418076] Detected VIPT I-cache on CPU12
Dec  1 13:25:21 ubuntu systemd[1]: Starting Avahi mDNS/DNS-SD Stack...
Dec  1 13:25:21 ubuntu kernel: [    0.418084] GICv3: CPU12: found redistributor b0000 region 12:0x00000000ae400000
Dec  1 13:25:21 ubuntu systemd[1]: Starting WPA supplicant...
Dec  1 13:25:21 ubuntu kernel: [    0.418102] GICv3: CPU12: using allocated LPI pending table @0x00000027ff170000
Dec  1 13:25:21 ubuntu kernel: [    0.418138] CPU12: Booted secondary processor 0x00000b0000 [0x481fd010]
Dec  1 13:25:21 ubuntu kernel: [    0.451143] Detected VIPT I-cache on CPU13
Dec  1 13:25:21 ubuntu kernel: [    0.451150] GICv3: CPU13: found redistributor b0100 region 13:0x00000000ae440000
Dec  1 13:25:21 ubuntu kernel: [    0.451163] GICv3: CPU13: using allocated LPI pending table @0x00000027ff180000
Dec  1 13:25:21 ubuntu systemd[1]: Starting Snap Daemon...
Dec  1 13:25:21 ubuntu kernel: [    0.451195] CPU13: Booted secondary processor 0x00000b0100 [0x481fd010]
Dec  1 13:25:21 ubuntu systemd[1]: Starting Accounts Service...
Dec  1 13:25:21 ubuntu kernel: [    0.484214] Detected VIPT I-cache on CPU14
Dec  1 13:25:21 ubuntu kernel: [    0.484220] GICv3: CPU14: found redistributor b0200 region 14:0x00000000ae480000
Dec  1 13:25:21 ubuntu kernel: [    0.484232] GICv3: CPU14: using allocated LPI pending table @0x00000027ff190000
Dec  1 13:25:21 ubuntu systemd[1]: Started Deferred execution scheduler.
Dec  1 13:25:21 ubuntu kernel: [    0.484263] CPU14: Booted secondary processor 0x00000b0200 [0x481fd010]
Dec  1 13:25:21 ubuntu kernel: [    0.517285] Detected VIPT I-cache on CPU15
Dec  1 13:25:21 ubuntu kernel: [    0.517291] GICv3: CPU15: found redistributor b0300 region 15:0x00000000ae4c0000
Dec  1 13:25:21 ubuntu kernel: [    0.517303] GICv3: CPU15: using allocated LPI pending table @0x00000027ff1a0000
Dec  1 13:25:21 ubuntu systemd[1]: Starting Dispatcher daemon for systemd-networkd...
Dec  1 13:25:21 ubuntu kernel: [    0.517336] CPU15: Booted secondary processor 0x00000b0300 [0x481fd010]
Dec  1 13:25:21 ubuntu kernel: [    0.549840] Detected VIPT I-cache on CPU16
Dec  1 13:25:21 ubuntu kernel: [    0.549848] GICv3: CPU16: found redistributor c0000 region 16:0x00000000ae500000
Dec  1 13:25:21 ubuntu systemd[1]: Started irqbalance daemon.
Dec  1 13:25:21 ubuntu kernel: [    0.549868] GICv3: CPU16: using allocated LPI pending table @0x00000027ff1b0000
Dec  1 13:25:21 ubuntu udisksd[2302]: failed to load module mdraid: libbd_mdraid.so.2: cannot open shared object file: No such file or directory
Dec  1 13:25:21 ubuntu kernel: [    0.549903] CPU16: Booted secondary processor 0x00000c0000 [0x481fd010]
Dec  1 13:25:21 ubuntu kernel: [    0.582385] Detected VIPT I-cache on CPU17
Dec  1 13:25:21 ubuntu dbus-daemon[2388]: [system] Activating via systemd: service name='org.freedesktop.PolicyKit1' unit='polkit.service' requested by ':1.5' (uid=0 pid=2453 comm="/usr/lib/accountsservice/accounts-daemon ")
Dec  1 13:25:21 ubuntu kernel: [    0.582392] GICv3: CPU17: found redistributor c0100 region 17:0x00000000ae540000
Dec  1 13:25:21 ubuntu kernel: [    0.582405] GICv3: CPU17: using allocated LPI pending table @0x00000027ff1c0000
Dec  1 13:25:21 ubuntu kernel: [    0.582437] CPU17: Booted secondary processor 0x00000c0100 [0x481fd010]
Dec  1 13:25:21 ubuntu kernel: [    0.614935] Detected VIPT I-cache on CPU18
Dec  1 13:25:21 ubuntu rsyslogd: imuxsock: Acquired UNIX socket '/run/systemd/journal/syslog' (fd 3) from systemd.  [v8.32.0]
Dec  1 13:25:21 ubuntu kernel: [    0.614942] GICv3: CPU18: found redistributor c0200 region 18:0x00000000ae580000
Dec  1 13:25:21 ubuntu kernel: [    0.614955] GICv3: CPU18: using allocated LPI pending table @0x00000027ff1d0000
Dec  1 13:25:21 ubuntu kernel: [    0.614987] CPU18: Booted secondary processor 0x00000c0200 [0x481fd010]
Dec  1 13:25:21 ubuntu rsyslogd: rsyslogd's groupid changed to 106
Dec  1 13:25:21 ubuntu kernel: [    0.647485] Detected VIPT I-cache on CPU19
Dec  1 13:25:21 ubuntu kernel: [    0.647491] GICv3: CPU19: found redistributor c0300 region 19:0x00000000ae5c0000
Dec  1 13:25:21 ubuntu kernel: [    0.647504] GICv3: CPU19: using allocated LPI pending table @0x00000027ff1e0000
Dec  1 13:25:21 ubuntu kernel: [    0.647536] CPU19: Booted secondary processor 0x00000c0300 [0x481fd010]
Dec  1 13:25:21 ubuntu kernel: [    0.680213] Detected VIPT I-cache on CPU20
Dec  1 13:25:21 ubuntu rsyslogd: rsyslogd's userid changed to 102
Dec  1 13:25:21 ubuntu kernel: [    0.680222] GICv3: CPU20: found redistributor d0000 region 20:0x00000000ae600000
Dec  1 13:25:21 ubuntu rsyslogd:  [origin software="rsyslogd" swVersion="8.32.0" x-pid="2425" x-info="http://www.rsyslog.com"] start
Dec  1 13:25:21 ubuntu kernel: [    0.680241] GICv3: CPU20: using allocated LPI pending table @0x00000027ff1f0000
Dec  1 13:25:21 ubuntu kernel: [    0.680277] CPU20: Booted secondary processor 0x00000d0000 [0x481fd010]
Dec  1 13:25:21 ubuntu kernel: [    0.712932] Detected VIPT I-cache on CPU21
Dec  1 13:25:21 ubuntu kernel: [    0.712939] GICv3: CPU21: found redistributor d0100 region 21:0x00000000ae640000
Dec  1 13:25:21 ubuntu kernel: [    0.712953] GICv3: CPU21: using allocated LPI pending table @0x00000027ff200000
Dec  1 13:25:21 ubuntu kernel: [    0.712985] CPU21: Booted secondary processor 0x00000d0100 [0x481fd010]
Dec  1 13:25:21 ubuntu kernel: [    0.745656] Detected VIPT I-cache on CPU22
Dec  1 13:25:21 ubuntu kernel: [    0.745664] GICv3: CPU22: found redistributor d0200 region 22:0x00000000ae680000
Dec  1 13:25:21 ubuntu kernel: [    0.745678] GICv3: CPU22: using allocated LPI pending table @0x00000027ff210000
Dec  1 13:25:21 ubuntu kernel: [    0.745710] CPU22: Booted secondary processor 0x00000d0200 [0x481fd010]
Dec  1 13:25:21 ubuntu kernel: [    0.778379] Detected VIPT I-cache on CPU23
Dec  1 13:25:21 ubuntu kernel: [    0.778386] GICv3: CPU23: found redistributor d0300 region 23:0x00000000ae6c0000
Dec  1 13:25:21 ubuntu kernel: [    0.778401] GICv3: CPU23: using allocated LPI pending table @0x00000027ff220000
Dec  1 13:25:21 ubuntu kernel: [    0.778433] CPU23: Booted secondary processor 0x00000d0300 [0x481fd010]
Dec  1 13:25:21 ubuntu kernel: [    0.810946] Detected VIPT I-cache on CPU24
Dec  1 13:25:21 ubuntu kernel: [    0.810962] GICv3: CPU24: found redistributor 180000 region 24:0x00000000aa100000
Dec  1 13:25:21 ubuntu kernel: [    0.811008] GICv3: CPU24: using allocated LPI pending table @0x00000027ff230000
Dec  1 13:25:21 ubuntu kernel: [    0.811055] CPU24: Booted secondary processor 0x0000180000 [0x481fd010]
Dec  1 13:25:21 ubuntu kernel: [    0.843482] Detected VIPT I-cache on CPU25
Dec  1 13:25:21 ubuntu kernel: [    0.843491] GICv3: CPU25: found redistributor 180100 region 25:0x00000000aa140000
Dec  1 13:25:21 ubuntu kernel: [    0.843506] GICv3: CPU25: using allocated LPI pending table @0x00000027ff240000
Dec  1 13:25:21 ubuntu kernel: [    0.843544] CPU25: Booted secondary processor 0x0000180100 [0x481fd010]
Dec  1 13:25:21 ubuntu kernel: [    0.876031] Detected VIPT I-cache on CPU26
Dec  1 13:25:21 ubuntu kernel: [    0.876040] GICv3: CPU26: found redistributor 180200 region 26:0x00000000aa180000
Dec  1 13:25:21 ubuntu kernel: [    0.876055] GICv3: CPU26: using allocated LPI pending table @0x00000027ff250000
Dec  1 13:25:21 ubuntu kernel: [    0.876093] CPU26: Booted secondary processor 0x0000180200 [0x481fd010]
Dec  1 13:25:21 ubuntu kernel: [    0.908581] Detected VIPT I-cache on CPU27
Dec  1 13:25:21 ubuntu kernel: [    0.908591] GICv3: CPU27: found redistributor 180300 region 27:0x00000000aa1c0000
Dec  1 13:25:21 ubuntu kernel: [    0.908606] GICv3: CPU27: using allocated LPI pending table @0x00000027ff260000
Dec  1 13:25:21 ubuntu kernel: [    0.908643] CPU27: Booted secondary processor 0x0000180300 [0x481fd010]
Dec  1 13:25:21 ubuntu kernel: [    0.941313] Detected VIPT I-cache on CPU28
Dec  1 13:25:21 ubuntu kernel: [    0.941327] GICv3: CPU28: found redistributor 190000 region 28:0x00000000aa200000
Dec  1 13:25:21 ubuntu kernel: [    0.941354] GICv3: CPU28: using allocated LPI pending table @0x00000027ff270000
Dec  1 13:25:21 ubuntu kernel: [    0.941399] CPU28: Booted secondary processor 0x0000190000 [0x481fd010]
Dec  1 13:25:21 ubuntu kernel: [    0.974029] Detected VIPT I-cache on CPU29
Dec  1 13:25:21 ubuntu kernel: [    0.974039] GICv3: CPU29: found redistributor 190100 region 29:0x00000000aa240000
Dec  1 13:25:21 ubuntu kernel: [    0.974054] GICv3: CPU29: using allocated LPI pending table @0x00000027ff280000
Dec  1 13:25:21 ubuntu kernel: [    0.974092] CPU29: Booted secondary processor 0x0000190100 [0x481fd010]
Dec  1 13:25:21 ubuntu kernel: [    1.006752] Detected VIPT I-cache on CPU30
Dec  1 13:25:21 ubuntu kernel: [    1.006762] GICv3: CPU30: found redistributor 190200 region 30:0x00000000aa280000
Dec  1 13:25:21 ubuntu kernel: [    1.006782] GICv3: CPU30: using allocated LPI pending table @0x00000027ff290000
Dec  1 13:25:21 ubuntu kernel: [    1.006820] CPU30: Booted secondary processor 0x0000190200 [0x481fd010]
Dec  1 13:25:21 ubuntu kernel: [    1.039475] Detected VIPT I-cache on CPU31
Dec  1 13:25:21 ubuntu kernel: [    1.039486] GICv3: CPU31: found redistributor 190300 region 31:0x00000000aa2c0000
Dec  1 13:25:21 ubuntu kernel: [    1.039505] GICv3: CPU31: using allocated LPI pending table @0x00000027ff2a0000
Dec  1 13:25:21 ubuntu kernel: [    1.039543] CPU31: Booted secondary processor 0x0000190300 [0x481fd010]
Dec  1 13:25:21 ubuntu kernel: [    1.072379] Detected VIPT I-cache on CPU32
Dec  1 13:25:21 ubuntu kernel: [    1.072393] GICv3: CPU32: found redistributor 1a0000 region 32:0x00000000aa300000
Dec  1 13:25:21 ubuntu kernel: [    1.072416] GICv3: CPU32: using allocated LPI pending table @0x00000027ff2b0000
Dec  1 13:25:21 ubuntu kernel: [    1.072460] CPU32: Booted secondary processor 0x00001a0000 [0x481fd010]
Dec  1 13:25:21 ubuntu kernel: [    1.105270] Detected VIPT I-cache on CPU33
Dec  1 13:25:21 ubuntu kernel: [    1.105281] GICv3: CPU33: found redistributor 1a0100 region 33:0x00000000aa340000
Dec  1 13:25:21 ubuntu kernel: [    1.105297] GICv3: CPU33: using allocated LPI pending table @0x00000027ff2c0000
Dec  1 13:25:21 ubuntu kernel: [    1.105338] CPU33: Booted secondary processor 0x00001a0100 [0x481fd010]
Dec  1 13:25:21 ubuntu kernel: [    1.138167] Detected VIPT I-cache on CPU34
Dec  1 13:25:21 ubuntu kernel: [    1.138178] GICv3: CPU34: found redistributor 1a0200 region 34:0x00000000aa380000
Dec  1 13:25:21 ubuntu kernel: [    1.138194] GICv3: CPU34: using allocated LPI pending table @0x00000027ff2d0000
Dec  1 13:25:21 ubuntu kernel: [    1.138232] CPU34: Booted secondary processor 0x00001a0200 [0x481fd010]
Dec  1 13:25:21 ubuntu kernel: [    1.171064] Detected VIPT I-cache on CPU35
Dec  1 13:25:21 ubuntu kernel: [    1.171076] GICv3: CPU35: found redistributor 1a0300 region 35:0x00000000aa3c0000
Dec  1 13:25:21 ubuntu kernel: [    1.171091] GICv3: CPU35: using allocated LPI pending table @0x00000027ff2e0000
Dec  1 13:25:21 ubuntu kernel: [    1.171129] CPU35: Booted secondary processor 0x00001a0300 [0x481fd010]
Dec  1 13:25:21 ubuntu kernel: [    1.204141] Detected VIPT I-cache on CPU36
Dec  1 13:25:21 ubuntu kernel: [    1.204155] GICv3: CPU36: found redistributor 1b0000 region 36:0x00000000aa400000
Dec  1 13:25:21 ubuntu kernel: [    1.204179] GICv3: CPU36: using allocated LPI pending table @0x00000027ff2f0000
Dec  1 13:25:21 ubuntu kernel: [    1.204223] CPU36: Booted secondary processor 0x00001b0000 [0x481fd010]
Dec  1 13:25:21 ubuntu kernel: [    1.237206] Detected VIPT I-cache on CPU37
Dec  1 13:25:21 ubuntu kernel: [    1.237218] GICv3: CPU37: found redistributor 1b0100 region 37:0x00000000aa440000
Dec  1 13:25:21 ubuntu kernel: [    1.237235] GICv3: CPU37: using allocated LPI pending table @0x00000027ff300000
Dec  1 13:25:21 ubuntu kernel: [    1.237273] CPU37: Booted secondary processor 0x00001b0100 [0x481fd010]
Dec  1 13:25:21 ubuntu kernel: [    1.270277] Detected VIPT I-cache on CPU38
Dec  1 13:25:21 ubuntu kernel: [    1.270288] GICv3: CPU38: found redistributor 1b0200 region 38:0x00000000aa480000
Dec  1 13:25:21 ubuntu kernel: [    1.270306] GICv3: CPU38: using allocated LPI pending table @0x00000027ff310000
Dec  1 13:25:21 ubuntu kernel: [    1.270344] CPU38: Booted secondary processor 0x00001b0200 [0x481fd010]
Dec  1 13:25:21 ubuntu kernel: [    1.303347] Detected VIPT I-cache on CPU39
Dec  1 13:25:21 ubuntu kernel: [    1.303359] GICv3: CPU39: found redistributor 1b0300 region 39:0x00000000aa4c0000
Dec  1 13:25:21 ubuntu kernel: [    1.303375] GICv3: CPU39: using allocated LPI pending table @0x00000027ff320000
Dec  1 13:25:21 ubuntu kernel: [    1.303413] CPU39: Booted secondary processor 0x00001b0300 [0x481fd010]
Dec  1 13:25:21 ubuntu kernel: [    1.335904] Detected VIPT I-cache on CPU40
Dec  1 13:25:21 ubuntu kernel: [    1.335918] GICv3: CPU40: found redistributor 1c0000 region 40:0x00000000aa500000
Dec  1 13:25:21 ubuntu kernel: [    1.335945] GICv3: CPU40: using allocated LPI pending table @0x00000027ff330000
Dec  1 13:25:21 ubuntu kernel: [    1.335987] CPU40: Booted secondary processor 0x00001c0000 [0x481fd010]
Dec  1 13:25:21 ubuntu kernel: [    1.368448] Detected VIPT I-cache on CPU41
Dec  1 13:25:21 ubuntu kernel: [    1.368459] GICv3: CPU41: found redistributor 1c0100 region 41:0x00000000aa540000
Dec  1 13:25:21 ubuntu kernel: [    1.368476] GICv3: CPU41: using allocated LPI pending table @0x00000027ff340000
Dec  1 13:25:21 ubuntu kernel: [    1.368515] CPU41: Booted secondary processor 0x00001c0100 [0x481fd010]
Dec  1 13:25:21 ubuntu kernel: [    1.400997] Detected VIPT I-cache on CPU42
Dec  1 13:25:21 ubuntu kernel: [    1.401009] GICv3: CPU42: found redistributor 1c0200 region 42:0x00000000aa580000
Dec  1 13:25:21 ubuntu kernel: [    1.401027] GICv3: CPU42: using allocated LPI pending table @0x00000027ff350000
Dec  1 13:25:21 ubuntu kernel: [    1.401066] CPU42: Booted secondary processor 0x00001c0200 [0x481fd010]
Dec  1 13:25:21 ubuntu kernel: [    1.433547] Detected VIPT I-cache on CPU43
Dec  1 13:25:21 ubuntu kernel: [    1.433559] GICv3: CPU43: found redistributor 1c0300 region 43:0x00000000aa5c0000
Dec  1 13:25:21 ubuntu kernel: [    1.433578] GICv3: CPU43: using allocated LPI pending table @0x00000027ff360000
Dec  1 13:25:21 ubuntu kernel: [    1.433616] CPU43: Booted secondary processor 0x00001c0300 [0x481fd010]
Dec  1 13:25:21 ubuntu kernel: [    1.466278] Detected VIPT I-cache on CPU44
Dec  1 13:25:21 ubuntu kernel: [    1.466292] GICv3: CPU44: found redistributor 1d0000 region 44:0x00000000aa600000
Dec  1 13:25:21 ubuntu kernel: [    1.466320] GICv3: CPU44: using allocated LPI pending table @0x00000027ff370000
Dec  1 13:25:21 ubuntu kernel: [    1.466365] CPU44: Booted secondary processor 0x00001d0000 [0x481fd010]
Dec  1 13:25:21 ubuntu kernel: [    1.498995] Detected VIPT I-cache on CPU45
Dec  1 13:25:21 ubuntu kernel: [    1.499007] GICv3: CPU45: found redistributor 1d0100 region 45:0x00000000aa640000
Dec  1 13:25:21 ubuntu kernel: [    1.499025] GICv3: CPU45: using allocated LPI pending table @0x00000027ff380000
Dec  1 13:25:21 ubuntu kernel: [    1.499063] CPU45: Booted secondary processor 0x00001d0100 [0x481fd010]
Dec  1 13:25:21 ubuntu kernel: [    1.531718] Detected VIPT I-cache on CPU46
Dec  1 13:25:21 ubuntu kernel: [    1.531731] GICv3: CPU46: found redistributor 1d0200 region 46:0x00000000aa680000
Dec  1 13:25:21 ubuntu kernel: [    1.531749] GICv3: CPU46: using allocated LPI pending table @0x00000027ff390000
Dec  1 13:25:21 ubuntu kernel: [    1.531787] CPU46: Booted secondary processor 0x00001d0200 [0x481fd010]
Dec  1 13:25:21 ubuntu kernel: [    1.564442] Detected VIPT I-cache on CPU47
Dec  1 13:25:21 ubuntu kernel: [    1.564455] GICv3: CPU47: found redistributor 1d0300 region 47:0x00000000aa6c0000
Dec  1 13:25:21 ubuntu kernel: [    1.564472] GICv3: CPU47: using allocated LPI pending table @0x00000027ff3a0000
Dec  1 13:25:21 ubuntu kernel: [    1.564510] CPU47: Booted secondary processor 0x00001d0300 [0x481fd010]
Dec  1 13:25:21 ubuntu kernel: [    1.597283] Detected VIPT I-cache on CPU48
Dec  1 13:25:21 ubuntu kernel: [    1.597322] GICv3: CPU48: found redistributor 280000 region 48:0x00002000ae100000
Dec  1 13:25:21 ubuntu kernel: [    1.597387] GICv3: CPU48: using allocated LPI pending table @0x00000027ff3b0000
Dec  1 13:25:21 ubuntu kernel: [    1.597458] CPU48: Booted secondary processor 0x0000280000 [0x481fd010]
Dec  1 13:25:21 ubuntu kernel: [    1.630070] Detected VIPT I-cache on CPU49
Dec  1 13:25:21 ubuntu kernel: [    1.630098] GICv3: CPU49: found redistributor 280100 region 49:0x00002000ae140000
Dec  1 13:25:21 ubuntu kernel: [    1.630121] GICv3: CPU49: using allocated LPI pending table @0x00000027ff3c0000
Dec  1 13:25:21 ubuntu kernel: [    1.630173] CPU49: Booted secondary processor 0x0000280100 [0x481fd010]
Dec  1 13:25:21 ubuntu kernel: [    1.662881] Detected VIPT I-cache on CPU50
Dec  1 13:25:21 ubuntu kernel: [    1.662908] GICv3: CPU50: found redistributor 280200 region 50:0x00002000ae180000
Dec  1 13:25:21 ubuntu kernel: [    1.662930] GICv3: CPU50: using allocated LPI pending table @0x00000027ff3d0000
Dec  1 13:25:21 ubuntu kernel: [    1.662982] CPU50: Booted secondary processor 0x0000280200 [0x481fd010]
Dec  1 13:25:21 ubuntu kernel: [    1.695691] Detected VIPT I-cache on CPU51
Dec  1 13:25:21 ubuntu kernel: [    1.695719] GICv3: CPU51: found redistributor 280300 region 51:0x00002000ae1c0000
Dec  1 13:25:21 ubuntu kernel: [    1.695741] GICv3: CPU51: using allocated LPI pending table @0x00000027ff3e0000
Dec  1 13:25:21 ubuntu kernel: [    1.695792] CPU51: Booted secondary processor 0x0000280300 [0x481fd010]
Dec  1 13:25:21 ubuntu kernel: [    1.728680] Detected VIPT I-cache on CPU52
Dec  1 13:25:21 ubuntu kernel: [    1.728710] GICv3: CPU52: found redistributor 290000 region 52:0x00002000ae200000
Dec  1 13:25:21 ubuntu kernel: [    1.728747] GICv3: CPU52: using allocated LPI pending table @0x00000027ff3f0000
Dec  1 13:25:21 ubuntu kernel: [    1.728802] CPU52: Booted secondary processor 0x0000290000 [0x481fd010]
Dec  1 13:25:21 ubuntu kernel: [    1.761659] Detected VIPT I-cache on CPU53
Dec  1 13:25:21 ubuntu kernel: [    1.761687] GICv3: CPU53: found redistributor 290100 region 53:0x00002000ae240000
Dec  1 13:25:21 ubuntu kernel: [    1.761707] GICv3: CPU53: using allocated LPI pending table @0x00000027fec00000
Dec  1 13:25:21 ubuntu kernel: [    1.761759] CPU53: Booted secondary processor 0x0000290100 [0x481fd010]
Dec  1 13:25:21 ubuntu kernel: [    1.794643] Detected VIPT I-cache on CPU54
Dec  1 13:25:21 ubuntu kernel: [    1.794672] GICv3: CPU54: found redistributor 290200 region 54:0x00002000ae280000
Dec  1 13:25:21 ubuntu kernel: [    1.794691] GICv3: CPU54: using allocated LPI pending table @0x00000027fec10000
Dec  1 13:25:21 ubuntu kernel: [    1.794743] CPU54: Booted secondary processor 0x0000290200 [0x481fd010]
Dec  1 13:25:21 ubuntu kernel: [    1.827627] Detected VIPT I-cache on CPU55
Dec  1 13:25:21 ubuntu kernel: [    1.827655] GICv3: CPU55: found redistributor 290300 region 55:0x00002000ae2c0000
Dec  1 13:25:21 ubuntu kernel: [    1.827675] GICv3: CPU55: using allocated LPI pending table @0x00000027fec20000
Dec  1 13:25:21 ubuntu kernel: [    1.827727] CPU55: Booted secondary processor 0x0000290300 [0x481fd010]
Dec  1 13:25:21 ubuntu kernel: [    1.860789] Detected VIPT I-cache on CPU56
Dec  1 13:25:21 ubuntu kernel: [    1.860820] GICv3: CPU56: found redistributor 2a0000 region 56:0x00002000ae300000
Dec  1 13:25:21 ubuntu kernel: [    1.860848] GICv3: CPU56: using allocated LPI pending table @0x00000027fec30000
Dec  1 13:25:21 ubuntu kernel: [    1.860904] CPU56: Booted secondary processor 0x00002a0000 [0x481fd010]
Dec  1 13:25:21 ubuntu kernel: [    1.893942] Detected VIPT I-cache on CPU57
Dec  1 13:25:21 ubuntu kernel: [    1.893971] GICv3: CPU57: found redistributor 2a0100 region 57:0x00002000ae340000
Dec  1 13:25:21 ubuntu kernel: [    1.893991] GICv3: CPU57: using allocated LPI pending table @0x00000027fec40000
Dec  1 13:25:21 ubuntu kernel: [    1.894043] CPU57: Booted secondary processor 0x00002a0100 [0x481fd010]
Dec  1 13:25:21 ubuntu kernel: [    1.927100] Detected VIPT I-cache on CPU58
Dec  1 13:25:21 ubuntu kernel: [    1.927129] GICv3: CPU58: found redistributor 2a0200 region 58:0x00002000ae380000
Dec  1 13:25:21 ubuntu kernel: [    1.927149] GICv3: CPU58: using allocated LPI pending table @0x00000027fec50000
Dec  1 13:25:21 ubuntu kernel: [    1.927201] CPU58: Booted secondary processor 0x00002a0200 [0x481fd010]
Dec  1 13:25:21 ubuntu kernel: [    1.960257] Detected VIPT I-cache on CPU59
Dec  1 13:25:21 ubuntu kernel: [    1.960286] GICv3: CPU59: found redistributor 2a0300 region 59:0x00002000ae3c0000
Dec  1 13:25:21 ubuntu kernel: [    1.960306] GICv3: CPU59: using allocated LPI pending table @0x00000027fec60000
Dec  1 13:25:21 ubuntu kernel: [    1.960358] CPU59: Booted secondary processor 0x00002a0300 [0x481fd010]
Dec  1 13:25:21 ubuntu kernel: [    1.993593] Detected VIPT I-cache on CPU60
Dec  1 13:25:21 ubuntu kernel: [    1.993624] GICv3: CPU60: found redistributor 2b0000 region 60:0x00002000ae400000
Dec  1 13:25:21 ubuntu kernel: [    1.993653] GICv3: CPU60: using allocated LPI pending table @0x00000027fec70000
Dec  1 13:25:21 ubuntu kernel: [    1.993708] CPU60: Booted secondary processor 0x00002b0000 [0x481fd010]
Dec  1 13:25:21 ubuntu kernel: [    2.026920] Detected VIPT I-cache on CPU61
Dec  1 13:25:21 ubuntu kernel: [    2.026950] GICv3: CPU61: found redistributor 2b0100 region 61:0x00002000ae440000
Dec  1 13:25:21 ubuntu kernel: [    2.026970] GICv3: CPU61: using allocated LPI pending table @0x00000027fec80000
Dec  1 13:25:21 ubuntu kernel: [    2.027022] CPU61: Booted secondary processor 0x00002b0100 [0x481fd010]
Dec  1 13:25:21 ubuntu kernel: [    2.060251] Detected VIPT I-cache on CPU62
Dec  1 13:25:21 ubuntu kernel: [    2.060281] GICv3: CPU62: found redistributor 2b0200 region 62:0x00002000ae480000
Dec  1 13:25:21 ubuntu kernel: [    2.060302] GICv3: CPU62: using allocated LPI pending table @0x00000027fec90000
Dec  1 13:25:21 ubuntu kernel: [    2.060355] CPU62: Booted secondary processor 0x00002b0200 [0x481fd010]
Dec  1 13:25:21 ubuntu kernel: [    2.093583] Detected VIPT I-cache on CPU63
Dec  1 13:25:21 ubuntu kernel: [    2.093612] GICv3: CPU63: found redistributor 2b0300 region 63:0x00002000ae4c0000
Dec  1 13:25:21 ubuntu kernel: [    2.093633] GICv3: CPU63: using allocated LPI pending table @0x00000027feca0000
Dec  1 13:25:21 ubuntu kernel: [    2.093685] CPU63: Booted secondary processor 0x00002b0300 [0x481fd010]
Dec  1 13:25:21 ubuntu kernel: [    2.126396] Detected VIPT I-cache on CPU64
Dec  1 13:25:21 ubuntu kernel: [    2.126427] GICv3: CPU64: found redistributor 2c0000 region 64:0x00002000ae500000
Dec  1 13:25:21 ubuntu kernel: [    2.126456] GICv3: CPU64: using allocated LPI pending table @0x00000027fecb0000
Dec  1 13:25:21 ubuntu kernel: [    2.126512] CPU64: Booted secondary processor 0x00002c0000 [0x481fd010]
Dec  1 13:25:21 ubuntu kernel: [    2.159203] Detected VIPT I-cache on CPU65
Dec  1 13:25:21 ubuntu kernel: [    2.159232] GICv3: CPU65: found redistributor 2c0100 region 65:0x00002000ae540000
Dec  1 13:25:21 ubuntu kernel: [    2.159253] GICv3: CPU65: using allocated LPI pending table @0x00000027fecc0000
Dec  1 13:25:21 ubuntu kernel: [    2.159305] CPU65: Booted secondary processor 0x00002c0100 [0x481fd010]
Dec  1 13:25:21 ubuntu kernel: [    2.192014] Detected VIPT I-cache on CPU66
Dec  1 13:25:21 ubuntu kernel: [    2.192043] GICv3: CPU66: found redistributor 2c0200 region 66:0x00002000ae580000
Dec  1 13:25:21 ubuntu kernel: [    2.192066] GICv3: CPU66: using allocated LPI pending table @0x00000027fecd0000
Dec  1 13:25:21 ubuntu kernel: [    2.192118] CPU66: Booted secondary processor 0x00002c0200 [0x481fd010]
Dec  1 13:25:21 ubuntu kernel: [    2.224823] Detected VIPT I-cache on CPU67
Dec  1 13:25:21 ubuntu kernel: [    2.224853] GICv3: CPU67: found redistributor 2c0300 region 67:0x00002000ae5c0000
Dec  1 13:25:21 ubuntu kernel: [    2.224876] GICv3: CPU67: using allocated LPI pending table @0x00000027fece0000
Dec  1 13:25:21 ubuntu kernel: [    2.224928] CPU67: Booted secondary processor 0x00002c0300 [0x481fd010]
Dec  1 13:25:21 ubuntu kernel: [    2.257811] Detected VIPT I-cache on CPU68
Dec  1 13:25:21 ubuntu kernel: [    2.257843] GICv3: CPU68: found redistributor 2d0000 region 68:0x00002000ae600000
Dec  1 13:25:21 ubuntu kernel: [    2.257874] GICv3: CPU68: using allocated LPI pending table @0x00000027fecf0000
Dec  1 13:25:21 ubuntu kernel: [    2.257930] CPU68: Booted secondary processor 0x00002d0000 [0x481fd010]
Dec  1 13:25:21 ubuntu kernel: [    2.290792] Detected VIPT I-cache on CPU69
Dec  1 13:25:21 ubuntu kernel: [    2.290821] GICv3: CPU69: found redistributor 2d0100 region 69:0x00002000ae640000
Dec  1 13:25:21 ubuntu kernel: [    2.290843] GICv3: CPU69: using allocated LPI pending table @0x00000027fed00000
Dec  1 13:25:21 ubuntu kernel: [    2.290895] CPU69: Booted secondary processor 0x00002d0100 [0x481fd010]
Dec  1 13:25:21 ubuntu kernel: [    2.323776] Detected VIPT I-cache on CPU70
Dec  1 13:25:21 ubuntu kernel: [    2.323806] GICv3: CPU70: found redistributor 2d0200 region 70:0x00002000ae680000
Dec  1 13:25:21 ubuntu kernel: [    2.323827] GICv3: CPU70: using allocated LPI pending table @0x00000027fed10000
Dec  1 13:25:21 ubuntu kernel: [    2.323880] CPU70: Booted secondary processor 0x00002d0200 [0x481fd010]
Dec  1 13:25:21 ubuntu kernel: [    2.356760] Detected VIPT I-cache on CPU71
Dec  1 13:25:21 ubuntu kernel: [    2.356790] GICv3: CPU71: found redistributor 2d0300 region 71:0x00002000ae6c0000
Dec  1 13:25:21 ubuntu kernel: [    2.356812] GICv3: CPU71: using allocated LPI pending table @0x00000027fed20000
Dec  1 13:25:21 ubuntu kernel: [    2.356865] CPU71: Booted secondary processor 0x00002d0300 [0x481fd010]
Dec  1 13:25:21 ubuntu kernel: [    2.396890] Detected VIPT I-cache on CPU72
Dec  1 13:25:21 ubuntu kernel: [    2.396940] GICv3: CPU72: found redistributor 380000 region 72:0x00002000aa100000
Dec  1 13:25:21 ubuntu kernel: [    2.396998] GICv3: CPU72: using allocated LPI pending table @0x00000027fed30000
Dec  1 13:25:21 ubuntu kernel: [    2.397081] CPU72: Booted secondary processor 0x0000380000 [0x481fd010]
Dec  1 13:25:21 ubuntu kernel: [    2.436966] Detected VIPT I-cache on CPU73
Dec  1 13:25:21 ubuntu kernel: [    2.437001] GICv3: CPU73: found redistributor 380100 region 73:0x00002000aa140000
Dec  1 13:25:21 ubuntu kernel: [    2.437024] GICv3: CPU73: using allocated LPI pending table @0x00000027fed40000
Dec  1 13:25:21 ubuntu kernel: [    2.437082] CPU73: Booted secondary processor 0x0000380100 [0x481fd010]
Dec  1 13:25:21 ubuntu kernel: [    2.477067] Detected VIPT I-cache on CPU74
Dec  1 13:25:21 ubuntu kernel: [    2.477102] GICv3: CPU74: found redistributor 380200 region 74:0x00002000aa180000
Dec  1 13:25:21 ubuntu kernel: [    2.477127] GICv3: CPU74: using allocated LPI pending table @0x00000027fed50000
Dec  1 13:25:21 ubuntu kernel: [    2.477184] CPU74: Booted secondary processor 0x0000380200 [0x481fd010]
Dec  1 13:25:21 ubuntu kernel: [    2.517168] Detected VIPT I-cache on CPU75
Dec  1 13:25:21 ubuntu kernel: [    2.517204] GICv3: CPU75: found redistributor 380300 region 75:0x00002000aa1c0000
Dec  1 13:25:21 ubuntu kernel: [    2.517226] GICv3: CPU75: using allocated LPI pending table @0x00000027fed60000
Dec  1 13:25:21 ubuntu kernel: [    2.517283] CPU75: Booted secondary processor 0x0000380300 [0x481fd010]
Dec  1 13:25:21 ubuntu kernel: [    2.557446] Detected VIPT I-cache on CPU76
Dec  1 13:25:21 ubuntu kernel: [    2.557485] GICv3: CPU76: found redistributor 390000 region 76:0x00002000aa200000
Dec  1 13:25:21 ubuntu kernel: [    2.557518] GICv3: CPU76: using allocated LPI pending table @0x00000027fed70000
Dec  1 13:25:21 ubuntu kernel: [    2.557580] CPU76: Booted secondary processor 0x0000390000 [0x481fd010]
Dec  1 13:25:21 ubuntu kernel: [    2.597719] Detected VIPT I-cache on CPU77
Dec  1 13:25:21 ubuntu kernel: [    2.597755] GICv3: CPU77: found redistributor 390100 region 77:0x00002000aa240000
Dec  1 13:25:21 ubuntu kernel: [    2.597777] GICv3: CPU77: using allocated LPI pending table @0x00000027fed80000
Dec  1 13:25:21 ubuntu kernel: [    2.597835] CPU77: Booted secondary processor 0x0000390100 [0x481fd010]
Dec  1 13:25:21 ubuntu kernel: [    2.637994] Detected VIPT I-cache on CPU78
Dec  1 13:25:21 ubuntu kernel: [    2.638030] GICv3: CPU78: found redistributor 390200 region 78:0x00002000aa280000
Dec  1 13:25:21 ubuntu kernel: [    2.638053] GICv3: CPU78: using allocated LPI pending table @0x00000027fed90000
Dec  1 13:25:21 ubuntu kernel: [    2.638111] CPU78: Booted secondary processor 0x0000390200 [0x481fd010]
Dec  1 13:25:21 ubuntu kernel: [    2.678269] Detected VIPT I-cache on CPU79
Dec  1 13:25:21 ubuntu kernel: [    2.678306] GICv3: CPU79: found redistributor 390300 region 79:0x00002000aa2c0000
Dec  1 13:25:21 ubuntu kernel: [    2.678328] GICv3: CPU79: using allocated LPI pending table @0x00000027feda0000
Dec  1 13:25:21 ubuntu kernel: [    2.678385] CPU79: Booted secondary processor 0x0000390300 [0x481fd010]
Dec  1 13:25:21 ubuntu kernel: [    2.718721] Detected VIPT I-cache on CPU80
Dec  1 13:25:21 ubuntu kernel: [    2.718760] GICv3: CPU80: found redistributor 3a0000 region 80:0x00002000aa300000
Dec  1 13:25:21 ubuntu kernel: [    2.718793] GICv3: CPU80: using allocated LPI pending table @0x00000027fedb0000
Dec  1 13:25:21 ubuntu kernel: [    2.718854] CPU80: Booted secondary processor 0x00003a0000 [0x481fd010]
Dec  1 13:25:21 ubuntu kernel: [    2.759167] Detected VIPT I-cache on CPU81
Dec  1 13:25:21 ubuntu kernel: [    2.759204] GICv3: CPU81: found redistributor 3a0100 region 81:0x00002000aa340000
Dec  1 13:25:21 ubuntu kernel: [    2.759226] GICv3: CPU81: using allocated LPI pending table @0x00000027fedc0000
Dec  1 13:25:21 ubuntu kernel: [    2.759284] CPU81: Booted secondary processor 0x00003a0100 [0x481fd010]
Dec  1 13:25:21 ubuntu kernel: [    2.799615] Detected VIPT I-cache on CPU82
Dec  1 13:25:21 ubuntu kernel: [    2.799652] GICv3: CPU82: found redistributor 3a0200 region 82:0x00002000aa380000
Dec  1 13:25:21 ubuntu kernel: [    2.799675] GICv3: CPU82: using allocated LPI pending table @0x00000027fedd0000
Dec  1 13:25:21 ubuntu kernel: [    2.799733] CPU82: Booted secondary processor 0x00003a0200 [0x481fd010]
Dec  1 13:25:21 ubuntu kernel: [    2.840064] Detected VIPT I-cache on CPU83
Dec  1 13:25:21 ubuntu kernel: [    2.840101] GICv3: CPU83: found redistributor 3a0300 region 83:0x00002000aa3c0000
Dec  1 13:25:21 ubuntu kernel: [    2.840125] GICv3: CPU83: using allocated LPI pending table @0x00000027fede0000
Dec  1 13:25:21 ubuntu kernel: [    2.840183] CPU83: Booted secondary processor 0x00003a0300 [0x481fd010]
Dec  1 13:25:21 ubuntu kernel: [    2.880690] Detected VIPT I-cache on CPU84
Dec  1 13:25:21 ubuntu kernel: [    2.880729] GICv3: CPU84: found redistributor 3b0000 region 84:0x00002000aa400000
Dec  1 13:25:21 ubuntu kernel: [    2.880762] GICv3: CPU84: using allocated LPI pending table @0x00000027fedf0000
Dec  1 13:25:21 ubuntu kernel: [    2.880824] CPU84: Booted secondary processor 0x00003b0000 [0x481fd010]
Dec  1 13:25:21 ubuntu kernel: [    2.921309] Detected VIPT I-cache on CPU85
Dec  1 13:25:21 ubuntu kernel: [    2.921347] GICv3: CPU85: found redistributor 3b0100 region 85:0x00002000aa440000
Dec  1 13:25:21 ubuntu kernel: [    2.921370] GICv3: CPU85: using allocated LPI pending table @0x00000027fee00000
Dec  1 13:25:21 ubuntu kernel: [    2.921428] CPU85: Booted secondary processor 0x00003b0100 [0x481fd010]
Dec  1 13:25:21 ubuntu kernel: [    2.961932] Detected VIPT I-cache on CPU86
Dec  1 13:25:21 ubuntu kernel: [    2.961970] GICv3: CPU86: found redistributor 3b0200 region 86:0x00002000aa480000
Dec  1 13:25:21 ubuntu kernel: [    2.961993] GICv3: CPU86: using allocated LPI pending table @0x00000027fee10000
Dec  1 13:25:21 ubuntu kernel: [    2.962051] CPU86: Booted secondary processor 0x00003b0200 [0x481fd010]
Dec  1 13:25:21 ubuntu kernel: [    3.002554] Detected VIPT I-cache on CPU87
Dec  1 13:25:21 ubuntu kernel: [    3.002592] GICv3: CPU87: found redistributor 3b0300 region 87:0x00002000aa4c0000
Dec  1 13:25:21 ubuntu kernel: [    3.002615] GICv3: CPU87: using allocated LPI pending table @0x00000027fee20000
Dec  1 13:25:21 ubuntu kernel: [    3.002674] CPU87: Booted secondary processor 0x00003b0300 [0x481fd010]
Dec  1 13:25:21 ubuntu kernel: [    3.042659] Detected VIPT I-cache on CPU88
Dec  1 13:25:21 ubuntu kernel: [    3.042697] GICv3: CPU88: found redistributor 3c0000 region 88:0x00002000aa500000
Dec  1 13:25:21 ubuntu kernel: [    3.042732] GICv3: CPU88: using allocated LPI pending table @0x00000027fee30000
Dec  1 13:25:21 ubuntu kernel: [    3.042794] CPU88: Booted secondary processor 0x00003c0000 [0x481fd010]
Dec  1 13:25:21 ubuntu kernel: [    3.082757] Detected VIPT I-cache on CPU89
Dec  1 13:25:21 ubuntu kernel: [    3.082794] GICv3: CPU89: found redistributor 3c0100 region 89:0x00002000aa540000
Dec  1 13:25:21 ubuntu kernel: [    3.082820] GICv3: CPU89: using allocated LPI pending table @0x00000027fee40000
Dec  1 13:25:21 ubuntu kernel: [    3.082878] CPU89: Booted secondary processor 0x00003c0100 [0x481fd010]
Dec  1 13:25:21 ubuntu kernel: [    3.122858] Detected VIPT I-cache on CPU90
Dec  1 13:25:21 ubuntu kernel: [    3.122895] GICv3: CPU90: found redistributor 3c0200 region 90:0x00002000aa580000
Dec  1 13:25:21 ubuntu kernel: [    3.122920] GICv3: CPU90: using allocated LPI pending table @0x00000027fee50000
Dec  1 13:25:21 ubuntu kernel: [    3.122978] CPU90: Booted secondary processor 0x00003c0200 [0x481fd010]
Dec  1 13:25:21 ubuntu kernel: [    3.162960] Detected VIPT I-cache on CPU91
Dec  1 13:25:21 ubuntu kernel: [    3.162997] GICv3: CPU91: found redistributor 3c0300 region 91:0x00002000aa5c0000
Dec  1 13:25:21 ubuntu kernel: [    3.163022] GICv3: CPU91: using allocated LPI pending table @0x00000027fee60000
Dec  1 13:25:21 ubuntu kernel: [    3.163080] CPU91: Booted secondary processor 0x00003c0300 [0x481fd010]
Dec  1 13:25:21 ubuntu kernel: [    3.203238] Detected VIPT I-cache on CPU92
Dec  1 13:25:21 ubuntu kernel: [    3.203277] GICv3: CPU92: found redistributor 3d0000 region 92:0x00002000aa600000
Dec  1 13:25:21 ubuntu kernel: [    3.203314] GICv3: CPU92: using allocated LPI pending table @0x00000027fee70000
Dec  1 13:25:21 ubuntu kernel: [    3.203376] CPU92: Booted secondary processor 0x00003d0000 [0x481fd010]
Dec  1 13:25:21 ubuntu kernel: [    3.243510] Detected VIPT I-cache on CPU93
Dec  1 13:25:21 ubuntu kernel: [    3.243548] GICv3: CPU93: found redistributor 3d0100 region 93:0x00002000aa640000
Dec  1 13:25:21 ubuntu kernel: [    3.243573] GICv3: CPU93: using allocated LPI pending table @0x00000027fee80000
Dec  1 13:25:21 ubuntu kernel: [    3.243631] CPU93: Booted secondary processor 0x00003d0100 [0x481fd010]
Dec  1 13:25:21 ubuntu kernel: [    3.283786] Detected VIPT I-cache on CPU94
Dec  1 13:25:21 ubuntu kernel: [    3.283824] GICv3: CPU94: found redistributor 3d0200 region 94:0x00002000aa680000
Dec  1 13:25:21 ubuntu kernel: [    3.283850] GICv3: CPU94: using allocated LPI pending table @0x00000027fee90000
Dec  1 13:25:21 ubuntu kernel: [    3.283908] CPU94: Booted secondary processor 0x00003d0200 [0x481fd010]
Dec  1 13:25:21 ubuntu kernel: [    3.324061] Detected VIPT I-cache on CPU95
Dec  1 13:25:21 ubuntu kernel: [    3.324098] GICv3: CPU95: found redistributor 3d0300 region 95:0x00002000aa6c0000
Dec  1 13:25:21 ubuntu kernel: [    3.324123] GICv3: CPU95: using allocated LPI pending table @0x00000027feea0000
Dec  1 13:25:21 ubuntu kernel: [    3.324182] CPU95: Booted secondary processor 0x00003d0300 [0x481fd010]
Dec  1 13:25:21 ubuntu kernel: [    3.325015] smp: Brought up 4 nodes, 96 CPUs
Dec  1 13:25:21 ubuntu kernel: [    3.325571] SMP: Total of 96 processors activated.
Dec  1 13:25:21 ubuntu kernel: [    3.325574] CPU features: detected: Privileged Access Never
Dec  1 13:25:21 ubuntu kernel: [    3.325576] CPU features: detected: LSE atomic instructions
Dec  1 13:25:21 ubuntu kernel: [    3.325578] CPU features: detected: User Access Override
Dec  1 13:25:21 ubuntu kernel: [    3.325580] CPU features: detected: Common not Private translations
Dec  1 13:25:21 ubuntu kernel: [    3.325582] CPU features: detected: Data cache clean to Point of Persistence
Dec  1 13:25:21 ubuntu kernel: [    3.325584] CPU features: detected: RAS Extension Support
Dec  1 13:25:21 ubuntu kernel: [    3.325586] CPU features: detected: CRC32 instructions
Dec  1 13:25:21 ubuntu kernel: [    3.390555] CPU: All CPU(s) started at EL2
Dec  1 13:25:21 ubuntu kernel: [    3.406548] devtmpfs: initialized
Dec  1 13:25:21 ubuntu kernel: [    3.409090] Registered cp15_barrier emulation handler
Dec  1 13:25:21 ubuntu kernel: [    3.409127] Registered setend emulation handler
Dec  1 13:25:21 ubuntu kernel: [    3.409134] KASLR disabled due to lack of seed
Dec  1 13:25:21 ubuntu kernel: [    3.409534] clocksource: jiffies: mask: 0xffffffff max_cycles: 0xffffffff, max_idle_ns: 7645041785100000 ns
Dec  1 13:25:21 ubuntu kernel: [    3.409993] futex hash table entries: 32768 (order: 9, 2097152 bytes, vmalloc)
Dec  1 13:25:21 ubuntu kernel: [    3.410821] pinctrl core: initialized pinctrl subsystem
Dec  1 13:25:21 ubuntu kernel: [    3.410976] thermal_sys: Registered thermal governor 'fair_share'
Dec  1 13:25:21 ubuntu kernel: [    3.410977] thermal_sys: Registered thermal governor 'bang_bang'
Dec  1 13:25:21 ubuntu kernel: [    3.410980] thermal_sys: Registered thermal governor 'step_wise'
Dec  1 13:25:21 ubuntu kernel: [    3.410982] thermal_sys: Registered thermal governor 'user_space'
Dec  1 13:25:21 ubuntu kernel: [    3.411063] SMBIOS 3.1.1 present.
Dec  1 13:25:21 ubuntu kernel: [    3.411070] DMI: Huawei TaiShan 200 (Model 2280)/BC82AMDDA, BIOS 1.06 10/29/2019
Dec  1 13:25:21 ubuntu kernel: [    3.411417] NET: Registered protocol family 16
Dec  1 13:25:21 ubuntu kernel: [    3.412565] DMA: preallocated 256 KiB pool for atomic allocations
Dec  1 13:25:21 ubuntu kernel: [    3.412571] audit: initializing netlink subsys (disabled)
Dec  1 13:25:21 ubuntu kernel: [    3.412613] audit: type=2000 audit(0.488:1): state=initialized audit_enabled=0 res=1
Dec  1 13:25:21 ubuntu kernel: [    3.412843] cpuidle: using governor ladder
Dec  1 13:25:21 ubuntu kernel: [    3.412916] cpuidle: using governor menu
Dec  1 13:25:21 ubuntu kernel: [    3.412925] Detected 1 PCC Subspaces
Dec  1 13:25:21 ubuntu kernel: [    3.412949] Registering PCC driver as Mailbox controller
Dec  1 13:25:21 ubuntu kernel: [    3.413033] hw-breakpoint: found 6 breakpoint and 4 watchpoint registers.
Dec  1 13:25:21 ubuntu kernel: [    3.413918] ASID allocator initialised with 65536 entries
Dec  1 13:25:21 ubuntu kernel: [    3.414068] ACPI: bus type PCI registered
Dec  1 13:25:21 ubuntu kernel: [    3.414072] acpiphp: ACPI Hot Plug PCI Controller Driver version: 0.5
Dec  1 13:25:21 ubuntu kernel: [    3.414241] Serial: AMBA PL011 UART driver
Dec  1 13:25:21 ubuntu kernel: [    3.421228] HugeTLB registered 1.00 GiB page size, pre-allocated 0 pages
Dec  1 13:25:21 ubuntu kernel: [    3.421232] HugeTLB registered 32.0 MiB page size, pre-allocated 0 pages
Dec  1 13:25:21 ubuntu kernel: [    3.421234] HugeTLB registered 2.00 MiB page size, pre-allocated 0 pages
Dec  1 13:25:21 ubuntu kernel: [    3.421237] HugeTLB registered 64.0 KiB page size, pre-allocated 0 pages
Dec  1 13:25:21 ubuntu kernel: [    3.424821] fbcon: Taking over console
Dec  1 13:25:21 ubuntu kernel: [    3.425232] ACPI: Added _OSI(Module Device)
Dec  1 13:25:21 ubuntu kernel: [    3.425235] ACPI: Added _OSI(Processor Device)
Dec  1 13:25:21 ubuntu kernel: [    3.425237] ACPI: Added _OSI(3.0 _SCP Extensions)
Dec  1 13:25:21 ubuntu kernel: [    3.425240] ACPI: Added _OSI(Processor Aggregator Device)
Dec  1 13:25:21 ubuntu kernel: [    3.425242] ACPI: Added _OSI(Linux-Dell-Video)
Dec  1 13:25:21 ubuntu kernel: [    3.425244] ACPI: Added _OSI(Linux-Lenovo-NV-HDMI-Audio)
Dec  1 13:25:21 ubuntu kernel: [    3.425247] ACPI: Added _OSI(Linux-HPI-Hybrid-Graphics)
Dec  1 13:25:21 ubuntu kernel: [    3.434396] ACPI: 2 ACPI AML tables successfully acquired and loaded
Dec  1 13:25:21 ubuntu kernel: [    3.437843] ACPI: Interpreter enabled
Dec  1 13:25:21 ubuntu kernel: [    3.437846] ACPI: Using GIC for interrupt routing
Dec  1 13:25:21 ubuntu kernel: [    3.437862] ACPI: MCFG table detected, 1 entries
Dec  1 13:25:21 ubuntu kernel: [    3.437865] ACPI: IORT: [Firmware Bug]: ID count for ID mapping entry is wrong, applying workaround
Dec  1 13:25:21 ubuntu kernel: [    3.437869] ACPI: IORT: SMMU-v3[148000000] Mapped to Proximity domain 0
Dec  1 13:25:21 ubuntu kernel: [    3.437921] ACPI: IORT: SMMU-v3[201000000] Mapped to Proximity domain 0
Dec  1 13:25:21 ubuntu kernel: [    3.437945] ACPI: IORT: SMMU-v3[100000000] Mapped to Proximity domain 0
Dec  1 13:25:21 ubuntu kernel: [    3.437981] ACPI: IORT: SMMU-v3[140000000] Mapped to Proximity domain 0
Dec  1 13:25:21 ubuntu kernel: [    3.438003] ACPI: IORT: SMMU-v3[200148000000] Mapped to Proximity domain 2
Dec  1 13:25:21 ubuntu kernel: [    3.438027] ACPI: IORT: SMMU-v3[200201000000] Mapped to Proximity domain 2
Dec  1 13:25:21 ubuntu kernel: [    3.438048] ACPI: IORT: SMMU-v3[200100000000] Mapped to Proximity domain 2
Dec  1 13:25:21 ubuntu kernel: [    3.438072] ACPI: IORT: SMMU-v3[200140000000] Mapped to Proximity domain 2
Dec  1 13:25:21 ubuntu kernel: [    3.438719] HEST: Table parsing has been initialized.
Dec  1 13:25:21 ubuntu kernel: [    3.467093] ACPI: PCI Root Bridge [PCI0] (domain 0000 [bus 00-3f])
Dec  1 13:25:21 ubuntu kernel: [    3.467102] acpi PNP0A08:00: _OSC: OS supports [ExtendedConfig ASPM ClockPM Segments MSI HPX-Type3]
Dec  1 13:25:21 ubuntu kernel: [    3.467206] acpi PNP0A08:00: _OSC: platform does not support [SHPCHotplug LTR]
Dec  1 13:25:21 ubuntu kernel: [    3.467296] acpi PNP0A08:00: _OSC: OS now controls [PCIeHotplug PME AER PCIeCapability]
Dec  1 13:25:21 ubuntu kernel: [    3.467881] acpi PNP0A08:00: ECAM area [mem 0xd0000000-0xd3ffffff] reserved by PNP0C02:00
Dec  1 13:25:21 ubuntu kernel: [    3.467892] acpi PNP0A08:00: ECAM at [mem 0xd0000000-0xd3ffffff] for [bus 00-3f]
Dec  1 13:25:21 ubuntu kernel: [    3.467918] Remapped I/O 0x00000000f7ff0000 to [io  0x0000-0xffff window]
Dec  1 13:25:21 ubuntu kernel: [    3.467983] PCI host bridge to bus 0000:00
Dec  1 13:25:21 ubuntu kernel: [    3.467987] pci_bus 0000:00: root bus resource [mem 0x80000000000-0x82fffffffff pref window]
Dec  1 13:25:21 ubuntu kernel: [    3.467990] pci_bus 0000:00: root bus resource [mem 0xe0000000-0xf7feffff window]
Dec  1 13:25:21 ubuntu kernel: [    3.467993] pci_bus 0000:00: root bus resource [io  0x0000-0xffff window]
Dec  1 13:25:21 ubuntu kernel: [    3.467996] pci_bus 0000:00: root bus resource [bus 00-3f]
Dec  1 13:25:21 ubuntu kernel: [    3.468029] pci 0000:00:00.0: [19e5:a120] type 01 class 0x060400
Dec  1 13:25:21 ubuntu kernel: [    3.468096] pci 0000:00:00.0: PME# supported from D0 D1 D2 D3hot D3cold
Dec  1 13:25:21 ubuntu kernel: [    3.468172] pci 0000:00:04.0: [19e5:a120] type 01 class 0x060400
Dec  1 13:25:21 ubuntu kernel: [    3.468230] pci 0000:00:04.0: PME# supported from D0 D1 D2 D3hot D3cold
Dec  1 13:25:21 ubuntu kernel: [    3.468294] pci 0000:00:08.0: [19e5:a120] type 01 class 0x060400
Dec  1 13:25:21 ubuntu kernel: [    3.468349] pci 0000:00:08.0: PME# supported from D0 D1 D2 D3hot D3cold
Dec  1 13:25:21 ubuntu kernel: [    3.468408] pci 0000:00:0c.0: [19e5:a120] type 01 class 0x060400
Dec  1 13:25:21 ubuntu kernel: [    3.468462] pci 0000:00:0c.0: PME# supported from D0 D1 D2 D3hot D3cold
Dec  1 13:25:21 ubuntu kernel: [    3.468528] pci 0000:00:10.0: [19e5:a120] type 01 class 0x060400
Dec  1 13:25:21 ubuntu kernel: [    3.468582] pci 0000:00:10.0: PME# supported from D0 D1 D2 D3hot D3cold
Dec  1 13:25:21 ubuntu kernel: [    3.468641] pci 0000:00:11.0: [19e5:a120] type 01 class 0x060400
Dec  1 13:25:21 ubuntu kernel: [    3.468695] pci 0000:00:11.0: PME# supported from D0 D1 D2 D3hot D3cold
Dec  1 13:25:21 ubuntu kernel: [    3.468758] pci 0000:00:12.0: [19e5:a120] type 01 class 0x060400
Dec  1 13:25:21 ubuntu kernel: [    3.468812] pci 0000:00:12.0: PME# supported from D0 D1 D2 D3hot D3cold
Dec  1 13:25:21 ubuntu kernel: [    3.468945] pci 0000:03:00.0: [1000:0016] type 00 class 0x010400
Dec  1 13:25:21 ubuntu kernel: [    3.468967] pci 0000:03:00.0: reg 0x10: [mem 0x80000100000-0x800001fffff 64bit pref]
Dec  1 13:25:21 ubuntu kernel: [    3.468977] pci 0000:03:00.0: reg 0x18: [mem 0x80000000000-0x800000fffff 64bit pref]
Dec  1 13:25:21 ubuntu kernel: [    3.468985] pci 0000:03:00.0: reg 0x20: [mem 0xe6400000-0xe64fffff]
Dec  1 13:25:21 ubuntu kernel: [    3.468992] pci 0000:03:00.0: reg 0x24: [io  0x0000-0x00ff]
Dec  1 13:25:21 ubuntu kernel: [    3.469000] pci 0000:03:00.0: reg 0x30: [mem 0xe6300000-0xe63fffff pref]
Dec  1 13:25:21 ubuntu kernel: [    3.469068] pci 0000:03:00.0: supports D1 D2
Dec  1 13:25:21 ubuntu kernel: [    3.469212] pci 0000:05:00.0: [19e5:1710] type 00 class 0x118000
Dec  1 13:25:21 ubuntu kernel: [    3.469238] pci 0000:05:00.0: reg 0x10: [mem 0xe0000000-0xe3ffffff pref]
Dec  1 13:25:21 ubuntu kernel: [    3.469248] pci 0000:05:00.0: reg 0x14: [mem 0xe6200000-0xe62fffff]
Dec  1 13:25:21 ubuntu kernel: [    3.469400] pci 0000:05:00.0: supports D1
Dec  1 13:25:21 ubuntu kernel: [    3.469403] pci 0000:05:00.0: PME# supported from D0 D1 D3hot
Dec  1 13:25:21 ubuntu kernel: [    3.469540] pci 0000:06:00.0: [19e5:1711] type 00 class 0x030000
Dec  1 13:25:21 ubuntu kernel: [    3.469572] pci 0000:06:00.0: reg 0x10: [mem 0xe4000000-0xe5ffffff pref]
Dec  1 13:25:21 ubuntu kernel: [    3.469585] pci 0000:06:00.0: reg 0x14: [mem 0xe6000000-0xe61fffff]
Dec  1 13:25:21 ubuntu kernel: [    3.469710] pci 0000:06:00.0: BAR 0: assigned to efifb
Dec  1 13:25:21 ubuntu kernel: [    3.469770] pci 0000:06:00.0: supports D1
Dec  1 13:25:21 ubuntu kernel: [    3.469773] pci 0000:06:00.0: PME# supported from D0 D1 D3hot
Dec  1 13:25:21 ubuntu kernel: [    3.469913] pci_bus 0000:00: on NUMA node 0
Dec  1 13:25:21 ubuntu kernel: [    3.469915] pci 0000:00:00.0: PCI bridge to [bus 01]
Dec  1 13:25:21 ubuntu kernel: [    3.469919] pci 0000:00:04.0: PCI bridge to [bus 02]
Dec  1 13:25:21 ubuntu kernel: [    3.469924] pci 0000:00:08.0: PCI bridge to [bus 03]
Dec  1 13:25:21 ubuntu kernel: [    3.469927] pci 0000:00:08.0:   bridge window [io  0x0000-0x0fff]
Dec  1 13:25:21 ubuntu kernel: [    3.469930] pci 0000:00:08.0:   bridge window [mem 0xe6300000-0xe64fffff]
Dec  1 13:25:21 ubuntu kernel: [    3.469933] pci 0000:00:08.0:   bridge window [mem 0x80000000000-0x800001fffff 64bit pref]
Dec  1 13:25:21 ubuntu kernel: [    3.469937] pci 0000:00:0c.0: PCI bridge to [bus 04]
Dec  1 13:25:21 ubuntu kernel: [    3.469942] pci 0000:00:10.0: PCI bridge to [bus 05]
Dec  1 13:25:21 ubuntu kernel: [    3.469945] pci 0000:00:10.0:   bridge window [mem 0xe6200000-0xe62fffff]
Dec  1 13:25:21 ubuntu kernel: [    3.469948] pci 0000:00:10.0:   bridge window [mem 0xe0000000-0xe3ffffff 64bit pref]
Dec  1 13:25:21 ubuntu kernel: [    3.469952] pci 0000:00:11.0: PCI bridge to [bus 06]
Dec  1 13:25:21 ubuntu kernel: [    3.469955] pci 0000:00:11.0:   bridge window [mem 0xe6000000-0xe61fffff]
Dec  1 13:25:21 ubuntu kernel: [    3.469958] pci 0000:00:11.0:   bridge window [mem 0xe4000000-0xe5ffffff 64bit pref]
Dec  1 13:25:21 ubuntu kernel: [    3.469962] pci 0000:00:12.0: PCI bridge to [bus 07]
Dec  1 13:25:21 ubuntu kernel: [    3.469972] pci 0000:00:00.0: PCI bridge to [bus 01]
Dec  1 13:25:21 ubuntu kernel: [    3.469977] pci 0000:00:04.0: PCI bridge to [bus 02]
Dec  1 13:25:21 ubuntu kernel: [    3.469982] pci 0000:00:08.0: PCI bridge to [bus 03]
Dec  1 13:25:21 ubuntu kernel: [    3.469984] pci 0000:00:08.0:   bridge window [io  0x0000-0x0fff]
Dec  1 13:25:21 ubuntu kernel: [    3.469988] pci 0000:00:08.0:   bridge window [mem 0xe6300000-0xe64fffff]
Dec  1 13:25:21 ubuntu kernel: [    3.469991] pci 0000:00:08.0:   bridge window [mem 0x80000000000-0x800001fffff 64bit pref]
Dec  1 13:25:21 ubuntu kernel: [    3.469995] pci 0000:00:0c.0: PCI bridge to [bus 04]
Dec  1 13:25:21 ubuntu kernel: [    3.470000] pci 0000:00:10.0: PCI bridge to [bus 05]
Dec  1 13:25:21 ubuntu kernel: [    3.470003] pci 0000:00:10.0:   bridge window [mem 0xe6200000-0xe62fffff]
Dec  1 13:25:21 ubuntu kernel: [    3.470006] pci 0000:00:10.0:   bridge window [mem 0xe0000000-0xe3ffffff 64bit pref]
Dec  1 13:25:21 ubuntu kernel: [    3.470010] pci 0000:00:11.0: PCI bridge to [bus 06]
Dec  1 13:25:21 ubuntu kernel: [    3.470013] pci 0000:00:11.0:   bridge window [mem 0xe6000000-0xe61fffff]
Dec  1 13:25:21 ubuntu kernel: [    3.470016] pci 0000:00:11.0:   bridge window [mem 0xe4000000-0xe5ffffff 64bit pref]
Dec  1 13:25:21 ubuntu kernel: [    3.470020] pci 0000:00:12.0: PCI bridge to [bus 07]
Dec  1 13:25:21 ubuntu kernel: [    3.470025] pci_bus 0000:00: resource 4 [mem 0x80000000000-0x82fffffffff pref window]
Dec  1 13:25:21 ubuntu kernel: [    3.470028] pci_bus 0000:00: resource 5 [mem 0xe0000000-0xf7feffff window]
Dec  1 13:25:21 ubuntu kernel: [    3.470031] pci_bus 0000:00: resource 6 [io  0x0000-0xffff window]
Dec  1 13:25:21 ubuntu kernel: [    3.470034] pci_bus 0000:03: resource 0 [io  0x0000-0x0fff]
Dec  1 13:25:21 ubuntu kernel: [    3.470037] pci_bus 0000:03: resource 1 [mem 0xe6300000-0xe64fffff]
Dec  1 13:25:21 ubuntu kernel: [    3.470039] pci_bus 0000:03: resource 2 [mem 0x80000000000-0x800001fffff 64bit pref]
Dec  1 13:25:21 ubuntu kernel: [    3.470042] pci_bus 0000:05: resource 1 [mem 0xe6200000-0xe62fffff]
Dec  1 13:25:21 ubuntu kernel: [    3.470045] pci_bus 0000:05: resource 2 [mem 0xe0000000-0xe3ffffff 64bit pref]
Dec  1 13:25:21 ubuntu kernel: [    3.470048] pci_bus 0000:06: resource 1 [mem 0xe6000000-0xe61fffff]
Dec  1 13:25:21 ubuntu kernel: [    3.470051] pci_bus 0000:06: resource 2 [mem 0xe4000000-0xe5ffffff 64bit pref]
Dec  1 13:25:21 ubuntu kernel: [    3.470103] ACPI: PCI Root Bridge [PCI1] (domain 0000 [bus 7b])
Dec  1 13:25:21 ubuntu kernel: [    3.470108] acpi PNP0A08:01: _OSC: OS supports [ExtendedConfig ASPM ClockPM Segments MSI HPX-Type3]
Dec  1 13:25:21 ubuntu kernel: [    3.470206] acpi PNP0A08:01: _OSC: platform does not support [PCIeHotplug SHPCHotplug PME AER LTR]
Dec  1 13:25:21 ubuntu kernel: [    3.470294] acpi PNP0A08:01: _OSC: OS now controls [PCIeCapability]
Dec  1 13:25:21 ubuntu kernel: [    3.470872] acpi PNP0A08:01: ECAM area [mem 0xd7b00000-0xd7bfffff] reserved by PNP0C02:00
Dec  1 13:25:21 ubuntu kernel: [    3.470889] acpi PNP0A08:01: ECAM at [mem 0xd7b00000-0xd7bfffff] for [bus 7b]
Dec  1 13:25:21 ubuntu kernel: [    3.470944] PCI host bridge to bus 0000:7b
Dec  1 13:25:21 ubuntu kernel: [    3.470947] pci_bus 0000:7b: root bus resource [mem 0x148800000-0x148ffffff pref window]
Dec  1 13:25:21 ubuntu kernel: [    3.470950] pci_bus 0000:7b: root bus resource [bus 7b]
Dec  1 13:25:21 ubuntu kernel: [    3.470958] pci 0000:7b:00.0: [19e5:a122] type 00 class 0x088000
Dec  1 13:25:21 ubuntu kernel: [    3.470966] pci 0000:7b:00.0: reg 0x18: [mem 0x00000000-0x00003fff 64bit pref]
Dec  1 13:25:21 ubuntu kernel: [    3.471016] pci_bus 0000:7b: on NUMA node 0
Dec  1 13:25:21 ubuntu kernel: [    3.471020] pci 0000:7b:00.0: BAR 2: assigned [mem 0x148800000-0x148803fff 64bit pref]
Dec  1 13:25:21 ubuntu kernel: [    3.471026] pci_bus 0000:7b: resource 4 [mem 0x148800000-0x148ffffff pref window]
Dec  1 13:25:21 ubuntu kernel: [    3.471065] ACPI: PCI Root Bridge [PCI2] (domain 0000 [bus 7a])
Dec  1 13:25:21 ubuntu kernel: [    3.471069] acpi PNP0A08:02: _OSC: OS supports [ExtendedConfig ASPM ClockPM Segments MSI HPX-Type3]
Dec  1 13:25:21 ubuntu kernel: [    3.471165] acpi PNP0A08:02: _OSC: platform does not support [PCIeHotplug SHPCHotplug PME AER LTR]
Dec  1 13:25:21 ubuntu kernel: [    3.471252] acpi PNP0A08:02: _OSC: OS now controls [PCIeCapability]
Dec  1 13:25:21 ubuntu kernel: [    3.471819] acpi PNP0A08:02: ECAM area [mem 0xd7a00000-0xd7afffff] reserved by PNP0C02:00
Dec  1 13:25:21 ubuntu kernel: [    3.471834] acpi PNP0A08:02: ECAM at [mem 0xd7a00000-0xd7afffff] for [bus 7a]
Dec  1 13:25:21 ubuntu kernel: [    3.471880] PCI host bridge to bus 0000:7a
Dec  1 13:25:21 ubuntu kernel: [    3.471883] pci_bus 0000:7a: root bus resource [mem 0x20c000000-0x20c1fffff pref window]
Dec  1 13:25:21 ubuntu kernel: [    3.471886] pci_bus 0000:7a: root bus resource [bus 7a]
Dec  1 13:25:21 ubuntu kernel: [    3.471893] pci 0000:7a:00.0: [19e5:a23b] type 00 class 0x0c0310
Dec  1 13:25:21 ubuntu kernel: [    3.471900] pci 0000:7a:00.0: reg 0x10: [mem 0x20c100000-0x20c100fff 64bit pref]
Dec  1 13:25:21 ubuntu kernel: [    3.471946] pci 0000:7a:01.0: [19e5:a239] type 00 class 0x0c0320
Dec  1 13:25:21 ubuntu kernel: [    3.471953] pci 0000:7a:01.0: reg 0x10: [mem 0x20c101000-0x20c101fff 64bit pref]
Dec  1 13:25:21 ubuntu kernel: [    3.471997] pci 0000:7a:02.0: [19e5:a238] type 00 class 0x0c0330
Dec  1 13:25:21 ubuntu kernel: [    3.472004] pci 0000:7a:02.0: reg 0x10: [mem 0x20c000000-0x20c0fffff 64bit pref]
Dec  1 13:25:21 ubuntu kernel: [    3.472054] pci_bus 0000:7a: on NUMA node 0
