<<<<<<< HEAD
Oct 25 15:52:41 ubuntu systemd-modules-load[837]: Inserted module 'iscsi_tcp'
Oct 25 15:52:41 ubuntu kernel: [    0.000000] Booting Linux on physical CPU 0x0000000000 [0x481fd010]
Oct 25 15:52:41 ubuntu kernel: [    0.000000] Linux version 5.7.1 (root@ubuntu) (gcc version 7.5.0 (Ubuntu/Linaro 7.5.0-3ubuntu1~18.04), GNU ld (GNU Binutils for Ubuntu) 2.30) #1 SMP Sun Oct 25 15:08:16 CST 2020
Oct 25 15:52:41 ubuntu systemd-modules-load[837]: Inserted module 'ib_iser'
Oct 25 15:52:41 ubuntu kernel: [    0.000000] efi: EFI v2.70 by EDK II
Oct 25 15:52:41 ubuntu kernel: [    0.000000] efi:  SMBIOS 3.0=0x53f710000  ACPI 2.0=0x53c020000  MEMATTR=0x53cc7ca98  MEMRESERVE=0x53becd018 
Oct 25 15:52:41 ubuntu lvm[847]:   2 logical volume(s) in volume group "ubuntu-vg" monitored
Oct 25 15:52:41 ubuntu kernel: [    0.000000] cma: Reserved 32 MiB at 0x00000000fe000000
Oct 25 15:52:41 ubuntu kernel: [    0.000000] ACPI: Early table checksum verification disabled
Oct 25 15:52:41 ubuntu kernel: [    0.000000] ACPI: RSDP 0x000000053C020000 000024 (v02 BOCHS )
Oct 25 15:52:41 ubuntu systemd[1]: Started Monitoring of LVM2 mirrors, snapshots etc. using dmeventd or progress polling.
Oct 25 15:52:41 ubuntu kernel: [    0.000000] ACPI: XSDT 0x000000053BED0000 000054 (v01 BOCHS  BXPCFACP 00000001      01000013)
Oct 25 15:52:41 ubuntu kernel: [    0.000000] ACPI: FACP 0x000000053BE90000 00010C (v05 BOCHS  BXPCFACP 00000001 BXPC 00000001)
Oct 25 15:52:41 ubuntu kernel: [    0.000000] ACPI: DSDT 0x000000053BEA0000 001523 (v02 BOCHS  BXPCDSDT 00000001 BXPC 00000001)
Oct 25 15:52:41 ubuntu kernel: [    0.000000] ACPI: APIC 0x000000053BE80000 0009E8 (v03 BOCHS  BXPCAPIC 00000001 BXPC 00000001)
Oct 25 15:52:41 ubuntu systemd[1]: Mounted FUSE Control File System.
Oct 25 15:52:41 ubuntu kernel: [    0.000000] ACPI: GTDT 0x000000053BE70000 000060 (v02 BOCHS  BXPCGTDT 00000001 BXPC 00000001)
Oct 25 15:52:41 ubuntu kernel: [    0.000000] ACPI: MCFG 0x000000053BE60000 00003C (v01 BOCHS  BXPCMCFG 00000001 BXPC 00000001)
Oct 25 15:52:41 ubuntu kernel: [    0.000000] ACPI: SPCR 0x000000053BE50000 000050 (v02 BOCHS  BXPCSPCR 00000001 BXPC 00000001)
Oct 25 15:52:41 ubuntu kernel: [    0.000000] ACPI: IORT 0x000000053BE40000 00007C (v00 BOCHS  BXPCIORT 00000001 BXPC 00000001)
Oct 25 15:52:41 ubuntu kernel: [    0.000000] ACPI: SPCR: console: pl011,mmio,0x9000000,9600
Oct 25 15:52:41 ubuntu kernel: [    0.000000] ACPI: NUMA: Failed to initialise from firmware
Oct 25 15:52:41 ubuntu systemd[1]: Started udev Coldplug all Devices.
Oct 25 15:52:41 ubuntu kernel: [    0.000000] NUMA: Faking a node at [mem 0x0000000040000000-0x000000053fffffff]
Oct 25 15:52:41 ubuntu kernel: [    0.000000] NUMA: NODE_DATA [mem 0x53d409300-0x53d40cfff]
Oct 25 15:52:41 ubuntu systemd[1]: Mounted Kernel Configuration File System.
Oct 25 15:52:41 ubuntu kernel: [    0.000000] Zone ranges:
Oct 25 15:52:41 ubuntu kernel: [    0.000000]   DMA      [mem 0x0000000040000000-0x000000007fffffff]
Oct 25 15:52:41 ubuntu kernel: [    0.000000]   DMA32    [mem 0x0000000080000000-0x00000000ffffffff]
Oct 25 15:52:41 ubuntu kernel: [    0.000000]   Normal   [mem 0x0000000100000000-0x000000053fffffff]
Oct 25 15:52:41 ubuntu kernel: [    0.000000] Movable zone start for each node
Oct 25 15:52:41 ubuntu systemd[1]: Started Apply Kernel Variables.
Oct 25 15:52:41 ubuntu kernel: [    0.000000] Early memory node ranges
Oct 25 15:52:41 ubuntu kernel: [    0.000000]   node   0: [mem 0x0000000040000000-0x000000053bedffff]
Oct 25 15:52:41 ubuntu kernel: [    0.000000]   node   0: [mem 0x000000053bee0000-0x000000053bffffff]
Oct 25 15:52:41 ubuntu systemd[1]: Started Load/Save Random Seed.
Oct 25 15:52:41 ubuntu kernel: [    0.000000]   node   0: [mem 0x000000053c000000-0x000000053c02ffff]
Oct 25 15:52:41 ubuntu kernel: [    0.000000]   node   0: [mem 0x000000053c030000-0x000000053c0affff]
Oct 25 15:52:41 ubuntu kernel: [    0.000000]   node   0: [mem 0x000000053c0b0000-0x000000053f57ffff]
Oct 25 15:52:41 ubuntu kernel: [    0.000000]   node   0: [mem 0x000000053f580000-0x000000053f95ffff]
Oct 25 15:52:41 ubuntu systemd[1]: Starting Flush Journal to Persistent Storage...
Oct 25 15:52:41 ubuntu kernel: [    0.000000]   node   0: [mem 0x000000053f960000-0x000000053fffffff]
Oct 25 15:52:41 ubuntu kernel: [    0.000000] Zeroed struct page in unavailable ranges: 544 pages
Oct 25 15:52:41 ubuntu kernel: [    0.000000] Initmem setup node 0 [mem 0x0000000040000000-0x000000053fffffff]
Oct 25 15:52:41 ubuntu kernel: [    0.000000] On node 0 totalpages: 5242880
Oct 25 15:52:41 ubuntu systemd[1]: Started Create Static Device Nodes in /dev.
Oct 25 15:52:41 ubuntu kernel: [    0.000000]   DMA zone: 5120 pages used for memmap
Oct 25 15:52:41 ubuntu kernel: [    0.000000]   DMA zone: 0 pages reserved
Oct 25 15:52:41 ubuntu kernel: [    0.000000]   DMA zone: 262144 pages, LIFO batch:63
Oct 25 15:52:41 ubuntu kernel: [    0.000000]   DMA32 zone: 10240 pages used for memmap
Oct 25 15:52:41 ubuntu kernel: [    0.000000]   DMA32 zone: 524288 pages, LIFO batch:63
Oct 25 15:52:41 ubuntu kernel: [    0.000000]   Normal zone: 87040 pages used for memmap
Oct 25 15:52:41 ubuntu systemd[1]: Reached target Local File Systems (Pre).
Oct 25 15:52:41 ubuntu kernel: [    0.000000]   Normal zone: 4456448 pages, LIFO batch:63
Oct 25 15:52:41 ubuntu kernel: [    0.000000] psci: probing for conduit method from ACPI.
Oct 25 15:52:41 ubuntu kernel: [    0.000000] psci: PSCIv1.0 detected in firmware.
Oct 25 15:52:41 ubuntu systemd[1]: Starting udev Kernel Device Manager...
Oct 25 15:52:41 ubuntu kernel: [    0.000000] psci: Using standard PSCI v0.2 function IDs
Oct 25 15:52:41 ubuntu kernel: [    0.000000] psci: Trusted OS migration not required
Oct 25 15:52:41 ubuntu kernel: [    0.000000] psci: SMC Calling Convention v1.1
Oct 25 15:52:41 ubuntu kernel: [    0.000000] ACPI: SRAT not present
Oct 25 15:52:41 ubuntu systemd[1]: Started udev Kernel Device Manager.
Oct 25 15:52:41 ubuntu kernel: [    0.000000] percpu: Embedded 33 pages/cpu s94616 r8192 d32360 u135168
Oct 25 15:52:41 ubuntu kernel: [    0.000000] pcpu-alloc: s94616 r8192 d32360 u135168 alloc=33*4096
Oct 25 15:52:41 ubuntu kernel: [    0.000000] pcpu-alloc: [0] 00 [0] 01 [0] 02 [0] 03 [0] 04 [0] 05 [0] 06 [0] 07 
Oct 25 15:52:41 ubuntu systemd[1]: Started Dispatch Password Requests to Console Directory Watch.
Oct 25 15:52:41 ubuntu kernel: [    0.000000] pcpu-alloc: [0] 08 [0] 09 [0] 10 [0] 11 [0] 12 [0] 13 [0] 14 [0] 15 
Oct 25 15:52:41 ubuntu kernel: [    0.000000] pcpu-alloc: [0] 16 [0] 17 [0] 18 [0] 19 [0] 20 [0] 21 [0] 22 [0] 23 
Oct 25 15:52:41 ubuntu kernel: [    0.000000] pcpu-alloc: [0] 24 [0] 25 [0] 26 [0] 27 [0] 28 [0] 29 [0] 30 [0] 31 
Oct 25 15:52:41 ubuntu systemd[1]: Reached target Local Encrypted Volumes.
Oct 25 15:52:41 ubuntu kernel: [    0.000000] Detected VIPT I-cache on CPU0
Oct 25 15:52:41 ubuntu kernel: [    0.000000] CPU features: detected: GIC system register CPU interface
Oct 25 15:52:41 ubuntu systemd[1]: Started Flush Journal to Persistent Storage.
Oct 25 15:52:41 ubuntu kernel: [    0.000000] CPU features: detected: Hardware dirty bit management
Oct 25 15:52:41 ubuntu kernel: [    0.000000] Built 1 zonelists, mobility grouping on.  Total pages: 5140480
Oct 25 15:52:41 ubuntu kernel: [    0.000000] Policy zone: Normal
Oct 25 15:52:41 ubuntu kernel: [    0.000000] Kernel command line: BOOT_IMAGE=/boot/vmlinuz-5.7.1 root=/dev/mapper/ubuntu--vg-root ro
Oct 25 15:52:41 ubuntu systemd[1]: Found device /dev/ttyAMA0.
Oct 25 15:52:41 ubuntu kernel: [    0.000000] Dentry cache hash table entries: 4194304 (order: 13, 33554432 bytes, linear)
Oct 25 15:52:41 ubuntu kernel: [    0.000000] Inode-cache hash table entries: 2097152 (order: 12, 16777216 bytes, linear)
Oct 25 15:52:41 ubuntu kernel: [    0.000000] mem auto-init: stack:off, heap alloc:on, heap free:off
Oct 25 15:52:41 ubuntu systemd-udevd[930]: link_config: autonegotiation is unset or enabled, the speed and duplex are not writable.
Oct 25 15:52:41 ubuntu kernel: [    0.000000] software IO TLB: mapped [mem 0x7bfff000-0x7ffff000] (64MB)
Oct 25 15:52:41 ubuntu kernel: [    0.000000] Memory: 20269604K/20971520K available (14204K kernel code, 2354K rwdata, 6868K rodata, 7040K init, 1132K bss, 669148K reserved, 32768K cma-reserved)
Oct 25 15:52:41 ubuntu kernel: [    0.000000] random: get_random_u64 called from __kmem_cache_create+0x54/0x5d8 with crng_init=0
Oct 25 15:52:41 ubuntu kernel: [    0.000000] SLUB: HWalign=64, Order=0-3, MinObjects=0, CPUs=32, Nodes=1
Oct 25 15:52:41 ubuntu kernel: [    0.000000] ftrace: allocating 46106 entries in 181 pages
Oct 25 15:52:41 ubuntu systemd[1]: Listening on Load/Save RF Kill Switch Status /dev/rfkill Watch.
Oct 25 15:52:41 ubuntu kernel: [    0.000000] ftrace: allocated 181 pages with 5 groups
Oct 25 15:52:41 ubuntu kernel: [    0.000000] rcu: Hierarchical RCU implementation.
Oct 25 15:52:41 ubuntu systemd-udevd[884]: link_config: autonegotiation is unset or enabled, the speed and duplex are not writable.
Oct 25 15:52:41 ubuntu kernel: [    0.000000] rcu: 	RCU restricting CPUs from NR_CPUS=256 to nr_cpu_ids=32.
Oct 25 15:52:41 ubuntu kernel: [    0.000000] 	Tasks RCU enabled.
Oct 25 15:52:41 ubuntu kernel: [    0.000000] rcu: RCU calculated value of scheduler-enlistment delay is 25 jiffies.
Oct 25 15:52:41 ubuntu systemd[1]: Found device /dev/mapper/ubuntu--vg-swap_1.
Oct 25 15:52:41 ubuntu kernel: [    0.000000] rcu: Adjusting geometry for rcu_fanout_leaf=16, nr_cpu_ids=32
Oct 25 15:52:41 ubuntu kernel: [    0.000000] NR_IRQS: 64, nr_irqs: 64, preallocated irqs: 0
Oct 25 15:52:41 ubuntu kernel: [    0.000000] GICv3: 256 SPIs implemented
Oct 25 15:52:41 ubuntu kernel: [    0.000000] GICv3: 0 Extended SPIs implemented
Oct 25 15:52:41 ubuntu systemd[1]: Activating swap /dev/mapper/ubuntu--vg-swap_1...
Oct 25 15:52:41 ubuntu kernel: [    0.000000] GICv3: Distributor has no Range Selector support
Oct 25 15:52:41 ubuntu kernel: [    0.000000] GICv3: 16 PPIs implemented
Oct 25 15:52:41 ubuntu kernel: [    0.000000] GICv3: CPU0: found redistributor 0 region 0:0x00000000080a0000
Oct 25 15:52:41 ubuntu kernel: [    0.000000] ACPI: SRAT not present
Oct 25 15:52:41 ubuntu kernel: [    0.000000] ITS [mem 0x08080000-0x0809ffff]
Oct 25 15:52:41 ubuntu systemd[1]: Found device QEMU_HARDDISK 1.
Oct 25 15:52:41 ubuntu kernel: [    0.000000] ITS@0x0000000008080000: allocated 8192 Devices @53ca00000 (indirect, esz 8, psz 64K, shr 1)
Oct 25 15:52:41 ubuntu kernel: [    0.000000] ITS@0x0000000008080000: allocated 8192 Interrupt Collections @53ca10000 (flat, esz 8, psz 64K, shr 1)
Oct 25 15:52:41 ubuntu kernel: [    0.000000] GICv3: using LPI property table @0x000000053ca20000
Oct 25 15:52:41 ubuntu kernel: [    0.000000] GICv3: CPU0: using allocated LPI pending table @0x000000053ca30000
Oct 25 15:52:41 ubuntu kernel: [    0.000000] arch_timer: cp15 timer(s) running at 100.00MHz (virt).
Oct 25 15:52:41 ubuntu kernel: [    0.000000] clocksource: arch_sys_counter: mask: 0xffffffffffffff max_cycles: 0x171024e7e0, max_idle_ns: 440795205315 ns
Oct 25 15:52:41 ubuntu kernel: [    0.000001] sched_clock: 56 bits at 100MHz, resolution 10ns, wraps every 4398046511100ns
Oct 25 15:52:41 ubuntu systemd[1]: Starting File System Check on /dev/disk/by-uuid/5EA9-3D4C...
Oct 25 15:52:41 ubuntu kernel: [    0.000244] Console: colour dummy device 80x25
Oct 25 15:52:41 ubuntu kernel: [    0.000301] ACPI: Core revision 20200326
Oct 25 15:52:41 ubuntu kernel: [    0.000453] Calibrating delay loop (skipped), value calculated using timer frequency.. 200.00 BogoMIPS (lpj=400000)
Oct 25 15:52:41 ubuntu kernel: [    0.000456] pid_max: default: 32768 minimum: 301
Oct 25 15:52:41 ubuntu kernel: [    0.000531] LSM: Security Framework initializing
Oct 25 15:52:41 ubuntu systemd[1]: Activated swap /dev/mapper/ubuntu--vg-swap_1.
Oct 25 15:52:41 ubuntu kernel: [    0.000559] Yama: becoming mindful.
Oct 25 15:52:41 ubuntu systemd[1]: Started File System Check Daemon to report status.
Oct 25 15:52:41 ubuntu kernel: [    0.000736] AppArmor: AppArmor initialized
Oct 25 15:52:41 ubuntu kernel: [    0.001231] Mount-cache hash table entries: 65536 (order: 7, 524288 bytes, linear)
Oct 25 15:52:41 ubuntu kernel: [    0.001635] Mountpoint-cache hash table entries: 65536 (order: 7, 524288 bytes, linear)
Oct 25 15:52:41 ubuntu systemd[1]: Reached target Swap.
Oct 25 15:52:41 ubuntu kernel: [    0.003363] ACPI PPTT: No PPTT table found, CPU and cache topology may be inaccurate
Oct 25 15:52:41 ubuntu kernel: [    0.003711] rcu: Hierarchical SRCU implementation.
Oct 25 15:52:41 ubuntu systemd[1]: Created slice system-lvm2\x2dpvscan.slice.
Oct 25 15:52:41 ubuntu kernel: [    0.004443] Platform MSI: ITS@0x8080000 domain created
Oct 25 15:52:41 ubuntu kernel: [    0.004459] PCI/MSI: ITS@0x8080000 domain created
Oct 25 15:52:41 ubuntu systemd[1]: Starting LVM2 PV scan on device 8:2...
Oct 25 15:52:41 ubuntu kernel: [    0.004505] Remapping and enabling EFI services.
Oct 25 15:52:41 ubuntu kernel: [    0.004521] [mitosis-origin] pgd_alloc for mm=ffff800011dcda40 and mm->pgd =ffff0004df9ba000.
Oct 25 15:52:41 ubuntu kernel: [    0.005993] smp: Bringing up secondary CPUs ...
Oct 25 15:52:41 ubuntu kernel: [    0.111515] Detected VIPT I-cache on CPU1
Oct 25 15:52:41 ubuntu kernel: [    0.111531] GICv3: CPU1: found redistributor 1 region 0:0x00000000080c0000
Oct 25 15:52:41 ubuntu kernel: [    0.111789] GICv3: CPU1: using allocated LPI pending table @0x000000053ca40000
Oct 25 15:52:41 ubuntu systemd-fsck[1039]: fsck.fat 4.1 (2017-01-24)
Oct 25 15:52:41 ubuntu kernel: [    0.111819] CPU1: Booted secondary processor 0x0000000001 [0x481fd010]
Oct 25 15:52:41 ubuntu systemd-fsck[1039]: /dev/sda1: 5 files, 41/65501 clusters
Oct 25 15:52:41 ubuntu systemd[1]: Started File System Check on /dev/disk/by-uuid/5EA9-3D4C.
Oct 25 15:52:41 ubuntu systemd[1]: Mounting /boot/efi...
Oct 25 15:52:41 ubuntu lvm[1042]:   2 logical volume(s) in volume group "ubuntu-vg" now active
Oct 25 15:52:41 ubuntu systemd[1]: Started LVM2 PV scan on device 8:2.
Oct 25 15:52:41 ubuntu systemd[1]: Mounted /boot/efi.
Oct 25 15:52:41 ubuntu systemd[1]: Reached target Local File Systems.
Oct 25 15:52:41 ubuntu systemd[1]: Starting Create Volatile Files and Directories...
Oct 25 15:52:41 ubuntu systemd[1]: Starting Tell Plymouth To Write Out Runtime Data...
Oct 25 15:52:41 ubuntu systemd[1]: Starting ebtables ruleset management...
Oct 25 15:52:41 ubuntu kernel: [    0.218454] Detected VIPT I-cache on CPU2
Oct 25 15:52:41 ubuntu kernel: [    0.218502] GICv3: CPU2: found redistributor 2 region 0:0x00000000080e0000
Oct 25 15:52:41 ubuntu systemd[1]: Starting Set console font and keymap...
Oct 25 15:52:41 ubuntu kernel: [    0.218925] GICv3: CPU2: using allocated LPI pending table @0x000000053ca50000
Oct 25 15:52:41 ubuntu kernel: [    0.218994] CPU2: Booted secondary processor 0x0000000002 [0x481fd010]
Oct 25 15:52:41 ubuntu kernel: [    0.336793] Detected VIPT I-cache on CPU3
Oct 25 15:52:41 ubuntu kernel: [    0.336815] GICv3: CPU3: found redistributor 3 region 0:0x0000000008100000
Oct 25 15:52:41 ubuntu systemd[1]: Starting AppArmor initialization...
Oct 25 15:52:41 ubuntu kernel: [    0.337122] GICv3: CPU3: using allocated LPI pending table @0x000000053ca60000
Oct 25 15:52:41 ubuntu kernel: [    0.337154] CPU3: Booted secondary processor 0x0000000003 [0x481fd010]
Oct 25 15:52:41 ubuntu kernel: [    0.441648] Detected VIPT I-cache on CPU4
Oct 25 15:52:41 ubuntu kernel: [    0.441668] GICv3: CPU4: found redistributor 4 region 0:0x0000000008120000
Oct 25 15:52:41 ubuntu kernel: [    0.441917] GICv3: CPU4: using allocated LPI pending table @0x000000053ca70000
Oct 25 15:52:41 ubuntu kernel: [    0.441964] CPU4: Booted secondary processor 0x0000000004 [0x481fd010]
Oct 25 15:52:41 ubuntu systemd[1]: Started Create Volatile Files and Directories.
Oct 25 15:52:41 ubuntu kernel: [    0.552556] Detected VIPT I-cache on CPU5
Oct 25 15:52:41 ubuntu systemd[1]: Starting Network Time Synchronization...
Oct 25 15:52:41 ubuntu kernel: [    0.552579] GICv3: CPU5: found redistributor 5 region 0:0x0000000008140000
Oct 25 15:52:41 ubuntu kernel: [    0.552837] GICv3: CPU5: using allocated LPI pending table @0x000000053ca80000
Oct 25 15:52:41 ubuntu kernel: [    0.552867] CPU5: Booted secondary processor 0x0000000005 [0x481fd010]
Oct 25 15:52:41 ubuntu kernel: [    0.658439] Detected VIPT I-cache on CPU6
Oct 25 15:52:41 ubuntu systemd[1]: Starting Update UTMP about System Boot/Shutdown...
Oct 25 15:52:41 ubuntu kernel: [    0.658465] GICv3: CPU6: found redistributor 6 region 0:0x0000000008160000
Oct 25 15:52:41 ubuntu kernel: [    0.658733] GICv3: CPU6: using allocated LPI pending table @0x000000053ca90000
Oct 25 15:52:41 ubuntu systemd[1]: Started Tell Plymouth To Write Out Runtime Data.
Oct 25 15:52:41 ubuntu kernel: [    0.658764] CPU6: Booted secondary processor 0x0000000006 [0x481fd010]
Oct 25 15:52:41 ubuntu kernel: [    0.763582] Detected VIPT I-cache on CPU7
Oct 25 15:52:41 ubuntu kernel: [    0.763632] GICv3: CPU7: found redistributor 7 region 0:0x0000000008180000
Oct 25 15:52:41 ubuntu kernel: [    0.763985] GICv3: CPU7: using allocated LPI pending table @0x000000053caa0000
Oct 25 15:52:41 ubuntu systemd[1]: Started Set console font and keymap.
Oct 25 15:52:41 ubuntu kernel: [    0.764041] CPU7: Booted secondary processor 0x0000000007 [0x481fd010]
Oct 25 15:52:41 ubuntu kernel: [    0.868882] Detected VIPT I-cache on CPU8
Oct 25 15:52:41 ubuntu systemd[1]: Started Update UTMP about System Boot/Shutdown.
Oct 25 15:52:41 ubuntu kernel: [    0.868906] GICv3: CPU8: found redistributor 8 region 0:0x00000000081a0000
Oct 25 15:52:41 ubuntu kernel: [    0.869166] GICv3: CPU8: using allocated LPI pending table @0x000000053cab0000
Oct 25 15:52:41 ubuntu kernel: [    0.869195] CPU8: Booted secondary processor 0x0000000008 [0x481fd010]
Oct 25 15:52:41 ubuntu kernel: [    0.974124] Detected VIPT I-cache on CPU9
Oct 25 15:52:41 ubuntu kernel: [    0.974151] GICv3: CPU9: found redistributor 9 region 0:0x00000000081c0000
Oct 25 15:52:41 ubuntu kernel: [    0.974392] GICv3: CPU9: using allocated LPI pending table @0x000000053cac0000
Oct 25 15:52:41 ubuntu apparmor[1051]:  * Starting AppArmor profiles
Oct 25 15:52:41 ubuntu kernel: [    0.974419] CPU9: Booted secondary processor 0x0000000009 [0x481fd010]
Oct 25 15:52:41 ubuntu kernel: [    1.080670] Detected VIPT I-cache on CPU10
Oct 25 15:52:41 ubuntu systemd[1]: Started ebtables ruleset management.
Oct 25 15:52:41 ubuntu kernel: [    1.080700] GICv3: CPU10: found redistributor a region 0:0x00000000081e0000
Oct 25 15:52:41 ubuntu kernel: [    1.080935] GICv3: CPU10: using allocated LPI pending table @0x000000053cad0000
Oct 25 15:52:41 ubuntu kernel: [    1.080965] CPU10: Booted secondary processor 0x000000000a [0x481fd010]
Oct 25 15:52:41 ubuntu kernel: [    1.186419] Detected VIPT I-cache on CPU11
Oct 25 15:52:41 ubuntu kernel: [    1.186448] GICv3: CPU11: found redistributor b region 0:0x0000000008200000
Oct 25 15:52:41 ubuntu systemd[1]: Reached target Network (Pre).
Oct 25 15:52:41 ubuntu kernel: [    1.186679] GICv3: CPU11: using allocated LPI pending table @0x000000053cae0000
Oct 25 15:52:41 ubuntu kernel: [    1.186705] CPU11: Booted secondary processor 0x000000000b [0x481fd010]
Oct 25 15:52:41 ubuntu kernel: [    1.292116] Detected VIPT I-cache on CPU12
Oct 25 15:52:41 ubuntu systemd[1]: Starting Network Service...
Oct 25 15:52:41 ubuntu kernel: [    1.292145] GICv3: CPU12: found redistributor c region 0:0x0000000008220000
Oct 25 15:52:41 ubuntu kernel: [    1.292365] GICv3: CPU12: using allocated LPI pending table @0x000000053caf0000
Oct 25 15:52:41 ubuntu kernel: [    1.292390] CPU12: Booted secondary processor 0x000000000c [0x481fd010]
Oct 25 15:52:41 ubuntu kernel: [    1.397795] Detected VIPT I-cache on CPU13
Oct 25 15:52:41 ubuntu systemd[1]: Started Network Time Synchronization.
Oct 25 15:52:41 ubuntu kernel: [    1.397872] GICv3: CPU13: found redistributor d region 0:0x0000000008240000
Oct 25 15:52:41 ubuntu kernel: [    1.398255] GICv3: CPU13: using allocated LPI pending table @0x000000053cb00000
Oct 25 15:52:41 ubuntu kernel: [    1.398316] CPU13: Booted secondary processor 0x000000000d [0x481fd010]
Oct 25 15:52:41 ubuntu kernel: [    1.504998] Detected VIPT I-cache on CPU14
Oct 25 15:52:41 ubuntu systemd[1]: Reached target System Time Synchronized.
Oct 25 15:52:41 ubuntu kernel: [    1.505036] GICv3: CPU14: found redistributor e region 0:0x0000000008260000
Oct 25 15:52:41 ubuntu kernel: [    1.505302] GICv3: CPU14: using allocated LPI pending table @0x000000053cb10000
Oct 25 15:52:41 ubuntu kernel: [    1.505336] CPU14: Booted secondary processor 0x000000000e [0x481fd010]
Oct 25 15:52:41 ubuntu systemd-networkd[1077]: Enumeration completed
Oct 25 15:52:41 ubuntu kernel: [    1.619764] Detected VIPT I-cache on CPU15
Oct 25 15:52:41 ubuntu kernel: [    1.619798] GICv3: CPU15: found redistributor f region 0:0x0000000008280000
Oct 25 15:52:41 ubuntu kernel: [    1.620024] GICv3: CPU15: using allocated LPI pending table @0x000000053cb20000
Oct 25 15:52:41 ubuntu kernel: [    1.620053] CPU15: Booted secondary processor 0x000000000f [0x481fd010]
Oct 25 15:52:41 ubuntu kernel: [    1.726447] Detected VIPT I-cache on CPU16
Oct 25 15:52:41 ubuntu kernel: [    1.726483] GICv3: CPU16: found redistributor 100 region 0:0x00000000082a0000
Oct 25 15:52:41 ubuntu systemd[1]: Started Network Service.
Oct 25 15:52:41 ubuntu kernel: [    1.726693] GICv3: CPU16: using allocated LPI pending table @0x000000053cb30000
Oct 25 15:52:41 ubuntu kernel: [    1.726722] CPU16: Booted secondary processor 0x0000000100 [0x481fd010]
Oct 25 15:52:41 ubuntu systemd-networkd[1077]: lo: Link is not managed by us
Oct 25 15:52:41 ubuntu kernel: [    1.833346] Detected VIPT I-cache on CPU17
Oct 25 15:52:41 ubuntu kernel: [    1.833388] GICv3: CPU17: found redistributor 101 region 0:0x00000000082c0000
Oct 25 15:52:41 ubuntu kernel: [    1.833622] GICv3: CPU17: using allocated LPI pending table @0x000000053cb40000
Oct 25 15:52:41 ubuntu systemd[1]: Starting Wait for Network to be Configured...
Oct 25 15:52:41 ubuntu kernel: [    1.833653] CPU17: Booted secondary processor 0x0000000101 [0x481fd010]
Oct 25 15:52:41 ubuntu kernel: [    1.940223] Detected VIPT I-cache on CPU18
Oct 25 15:52:41 ubuntu systemd[1]: Starting Network Name Resolution...
Oct 25 15:52:41 ubuntu kernel: [    1.940264] GICv3: CPU18: found redistributor 102 region 0:0x00000000082e0000
Oct 25 15:52:41 ubuntu kernel: [    1.940518] GICv3: CPU18: using allocated LPI pending table @0x000000053cb50000
Oct 25 15:52:41 ubuntu kernel: [    1.940546] CPU18: Booted secondary processor 0x0000000102 [0x481fd010]
Oct 25 15:52:41 ubuntu kernel: [    2.047778] Detected VIPT I-cache on CPU19
Oct 25 15:52:41 ubuntu kernel: [    2.047823] GICv3: CPU19: found redistributor 103 region 0:0x0000000008300000
Oct 25 15:52:41 ubuntu kernel: [    2.048061] GICv3: CPU19: using allocated LPI pending table @0x000000053cb60000
Oct 25 15:52:41 ubuntu systemd-networkd-wait-online[1107]: ignoring: lo
Oct 25 15:52:41 ubuntu kernel: [    2.048088] CPU19: Booted secondary processor 0x0000000103 [0x481fd010]
Oct 25 15:52:41 ubuntu kernel: [    2.155072] Detected VIPT I-cache on CPU20
Oct 25 15:52:41 ubuntu kernel: [    2.155123] GICv3: CPU20: found redistributor 104 region 0:0x0000000008320000
Oct 25 15:52:41 ubuntu apparmor[1051]: Skipping profile in /etc/apparmor.d/disable: usr.sbin.rsyslogd
Oct 25 15:52:41 ubuntu kernel: [    2.155346] GICv3: CPU20: using allocated LPI pending table @0x000000053cb70000
Oct 25 15:52:41 ubuntu kernel: [    2.155373] CPU20: Booted secondary processor 0x0000000104 [0x481fd010]
Oct 25 15:52:41 ubuntu kernel: [    2.260995] Detected VIPT I-cache on CPU21
Oct 25 15:52:41 ubuntu kernel: [    2.261104] GICv3: CPU21: found redistributor 105 region 0:0x0000000008340000
Oct 25 15:52:41 ubuntu systemd-networkd[1077]: enp1s0: Gained carrier
Oct 25 15:52:41 ubuntu kernel: [    2.261451] GICv3: CPU21: using allocated LPI pending table @0x000000053cb80000
Oct 25 15:52:41 ubuntu kernel: [    2.261516] CPU21: Booted secondary processor 0x0000000105 [0x481fd010]
Oct 25 15:52:41 ubuntu kernel: [    2.367393] Detected VIPT I-cache on CPU22
Oct 25 15:52:41 ubuntu kernel: [    2.367443] GICv3: CPU22: found redistributor 106 region 0:0x0000000008360000
Oct 25 15:52:41 ubuntu kernel: [    2.367669] GICv3: CPU22: using allocated LPI pending table @0x000000053cb90000
Oct 25 15:52:41 ubuntu kernel: [    2.367709] CPU22: Booted secondary processor 0x0000000106 [0x481fd010]
Oct 25 15:52:41 ubuntu systemd-networkd-wait-online[1107]: ignoring: lo
Oct 25 15:52:41 ubuntu kernel: [    2.473199] Detected VIPT I-cache on CPU23
Oct 25 15:52:41 ubuntu kernel: [    2.473248] GICv3: CPU23: found redistributor 107 region 0:0x0000000008380000
Oct 25 15:52:41 ubuntu systemd-timesyncd[1056]: Network configuration changed, trying to establish connection.
Oct 25 15:52:41 ubuntu kernel: [    2.473479] GICv3: CPU23: using allocated LPI pending table @0x000000053cba0000
Oct 25 15:52:41 ubuntu kernel: [    2.473509] CPU23: Booted secondary processor 0x0000000107 [0x481fd010]
Oct 25 15:52:41 ubuntu systemd-networkd-wait-online[1107]: ignoring: lo
Oct 25 15:52:41 ubuntu kernel: [    2.578872] Detected VIPT I-cache on CPU24
Oct 25 15:52:41 ubuntu kernel: [    2.579044] GICv3: CPU24: found redistributor 108 region 0:0x00000000083a0000
Oct 25 15:52:41 ubuntu kernel: [    2.579545] GICv3: CPU24: using allocated LPI pending table @0x000000053cbb0000
Oct 25 15:52:41 ubuntu systemd-resolved[1115]: Positive Trust Anchors:
Oct 25 15:52:41 ubuntu kernel: [    2.579652] CPU24: Booted secondary processor 0x0000000108 [0x481fd010]
Oct 25 15:52:41 ubuntu kernel: [    2.723342] Detected VIPT I-cache on CPU25
Oct 25 15:52:41 ubuntu kernel: [    2.723396] GICv3: CPU25: found redistributor 109 region 0:0x00000000083c0000
Oct 25 15:52:41 ubuntu systemd-resolved[1115]: . IN DS 19036 8 2 49aac11d7b6f6446702e54a1607371607a1a41855200fd2ce1cdde32f24e8fb5
Oct 25 15:52:41 ubuntu kernel: [    2.723687] GICv3: CPU25: using allocated LPI pending table @0x000000053cbc0000
Oct 25 15:52:41 ubuntu kernel: [    2.723728] CPU25: Booted secondary processor 0x0000000109 [0x481fd010]
Oct 25 15:52:41 ubuntu kernel: [    2.830481] Detected VIPT I-cache on CPU26
Oct 25 15:52:41 ubuntu kernel: [    2.830538] GICv3: CPU26: found redistributor 10a region 0:0x00000000083e0000
Oct 25 15:52:41 ubuntu systemd-resolved[1115]: . IN DS 20326 8 2 e06d44b80b8f1d39a95c0b0d7c65d08458e880409bbc683457104237c7f8ec8d
Oct 25 15:52:41 ubuntu kernel: [    2.830789] GICv3: CPU26: using allocated LPI pending table @0x000000053cbd0000
Oct 25 15:52:41 ubuntu kernel: [    2.830825] CPU26: Booted secondary processor 0x000000010a [0x481fd010]
Oct 25 15:52:41 ubuntu kernel: [    2.947408] Detected VIPT I-cache on CPU27
Oct 25 15:52:41 ubuntu kernel: [    2.947466] GICv3: CPU27: found redistributor 10b region 0:0x0000000008400000
Oct 25 15:52:41 ubuntu kernel: [    2.947746] GICv3: CPU27: using allocated LPI pending table @0x000000053cbe0000
Oct 25 15:52:41 ubuntu systemd-resolved[1115]: Negative trust anchors: 10.in-addr.arpa 16.172.in-addr.arpa 17.172.in-addr.arpa 18.172.in-addr.arpa 19.172.in-addr.arpa 20.172.in-addr.arpa 21.172.in-addr.arpa 22.172.in-addr.arpa 23.172.in-addr.arpa 24.172.in-addr.arpa 25.172.in-addr.arpa 26.172.in-addr.arpa 27.172.in-addr.arpa 28.172.in-addr.arpa 29.172.in-addr.arpa 30.172.in-addr.arpa 31.172.in-addr.arpa 168.192.in-addr.arpa d.f.ip6.arpa corp home internal intranet lan local private test
Oct 25 15:52:41 ubuntu kernel: [    2.947782] CPU27: Booted secondary processor 0x000000010b [0x481fd010]
Oct 25 15:52:41 ubuntu systemd-resolved[1115]: Using system hostname 'ubuntu'.
Oct 25 15:52:41 ubuntu kernel: [    3.053692] Detected VIPT I-cache on CPU28
Oct 25 15:52:41 ubuntu kernel: [    3.053753] GICv3: CPU28: found redistributor 10c region 0:0x0000000008420000
Oct 25 15:52:41 ubuntu kernel: [    3.053988] GICv3: CPU28: using allocated LPI pending table @0x000000053cbf0000
Oct 25 15:52:41 ubuntu systemd[1]: Started Network Name Resolution.
Oct 25 15:52:41 ubuntu kernel: [    3.054018] CPU28: Booted secondary processor 0x000000010c [0x481fd010]
Oct 25 15:52:41 ubuntu kernel: [    3.160258] Detected VIPT I-cache on CPU29
Oct 25 15:52:41 ubuntu kernel: [    3.160318] GICv3: CPU29: found redistributor 10d region 0:0x0000000008440000
Oct 25 15:52:41 ubuntu systemd[1]: Reached target Host and Network Name Lookups.
Oct 25 15:52:41 ubuntu systemd[1]: Reached target Network.
Oct 25 15:52:41 ubuntu apparmor[1051]:    ...done.
Oct 25 15:52:41 ubuntu systemd[1]: Started AppArmor initialization.
Oct 25 15:52:41 ubuntu systemd[1]: Reached target System Initialization.
Oct 25 15:52:41 ubuntu kernel: [    3.160525] GICv3: CPU29: using allocated LPI pending table @0x000000051f800000
Oct 25 15:52:41 ubuntu kernel: [    3.160558] CPU29: Booted secondary processor 0x000000010d [0x481fd010]
Oct 25 15:52:41 ubuntu kernel: [    3.268885] Detected VIPT I-cache on CPU30
Oct 25 15:52:41 ubuntu systemd[1]: Started Daily Cleanup of Temporary Directories.
Oct 25 15:52:41 ubuntu kernel: [    3.269046] GICv3: CPU30: found redistributor 10e region 0:0x0000000008460000
Oct 25 15:52:41 ubuntu kernel: [    3.269506] GICv3: CPU30: using allocated LPI pending table @0x000000051f810000
Oct 25 15:52:41 ubuntu kernel: [    3.269574] CPU30: Booted secondary processor 0x000000010e [0x481fd010]
Oct 25 15:52:41 ubuntu systemd[1]: Listening on UUID daemon activation socket.
Oct 25 15:52:41 ubuntu kernel: [    3.555055] Detected VIPT I-cache on CPU31
Oct 25 15:52:41 ubuntu kernel: [    3.555139] GICv3: CPU31: found redistributor 10f region 0:0x0000000008480000
Oct 25 15:52:41 ubuntu kernel: [    3.555386] GICv3: CPU31: using allocated LPI pending table @0x000000051f820000
Oct 25 15:52:41 ubuntu kernel: [    3.555436] CPU31: Booted secondary processor 0x000000010f [0x481fd010]
Oct 25 15:52:41 ubuntu kernel: [    3.555622] smp: Brought up 1 node, 32 CPUs
Oct 25 15:52:41 ubuntu systemd[1]: Started Daily apt download activities.
Oct 25 15:52:41 ubuntu kernel: [    3.555728] SMP: Total of 32 processors activated.
Oct 25 15:52:41 ubuntu kernel: [    3.555733] CPU features: detected: Privileged Access Never
Oct 25 15:52:41 ubuntu kernel: [    3.555735] CPU features: detected: LSE atomic instructions
Oct 25 15:52:41 ubuntu systemd[1]: Started Daily apt upgrade and clean activities.
Oct 25 15:52:41 ubuntu kernel: [    3.555738] CPU features: detected: User Access Override
Oct 25 15:52:41 ubuntu kernel: [    3.555741] CPU features: detected: Common not Private translations
Oct 25 15:52:41 ubuntu kernel: [    3.555744] CPU features: detected: Data cache clean to Point of Persistence
Oct 25 15:52:41 ubuntu systemd[1]: Started Discard unused blocks once a week.
Oct 25 15:52:41 ubuntu kernel: [    3.555747] CPU features: detected: RAS Extension Support
Oct 25 15:52:41 ubuntu kernel: [    3.555750] CPU features: detected: CRC32 instructions
Oct 25 15:52:41 ubuntu kernel: [    3.702225] CPU: All CPU(s) started at EL1
Oct 25 15:52:41 ubuntu kernel: [    3.733914] alternatives: patching kernel code
Oct 25 15:52:41 ubuntu kernel: [    3.753492] devtmpfs: initialized
Oct 25 15:52:41 ubuntu kernel: [    3.754757] Registered cp15_barrier emulation handler
Oct 25 15:52:41 ubuntu kernel: [    3.754875] Registered setend emulation handler
Oct 25 15:52:41 ubuntu kernel: [    3.754879] KASLR disabled due to lack of seed
Oct 25 15:52:41 ubuntu kernel: [    3.755428] clocksource: jiffies: mask: 0xffffffff max_cycles: 0xffffffff, max_idle_ns: 7645041785100000 ns
Oct 25 15:52:41 ubuntu kernel: [    3.755871] futex hash table entries: 8192 (order: 7, 524288 bytes, linear)
Oct 25 15:52:41 ubuntu kernel: [    3.756634] pinctrl core: initialized pinctrl subsystem
Oct 25 15:52:41 ubuntu kernel: [    3.757139] thermal_sys: Registered thermal governor 'fair_share'
Oct 25 15:52:41 ubuntu kernel: [    3.757140] thermal_sys: Registered thermal governor 'bang_bang'
Oct 25 15:52:41 ubuntu kernel: [    3.757142] thermal_sys: Registered thermal governor 'step_wise'
Oct 25 15:52:41 ubuntu kernel: [    3.757144] thermal_sys: Registered thermal governor 'user_space'
Oct 25 15:52:41 ubuntu kernel: [    3.757252] SMBIOS 3.0.0 present.
Oct 25 15:52:41 ubuntu kernel: [    3.757257] DMI: QEMU KVM Virtual Machine, BIOS 0.0.0 02/06/2015
Oct 25 15:52:41 ubuntu kernel: [    3.757829] NET: Registered protocol family 16
Oct 25 15:52:41 ubuntu kernel: [    3.759447] DMA: preallocated 256 KiB pool for atomic allocations
Oct 25 15:52:41 ubuntu systemd[1]: Started Message of the Day.
Oct 25 15:52:41 ubuntu kernel: [    3.759452] audit: initializing netlink subsys (disabled)
Oct 25 15:52:41 ubuntu kernel: [    3.759704] audit: type=2000 audit(3.492:1): state=initialized audit_enabled=0 res=1
Oct 25 15:52:41 ubuntu systemd[1]: Reached target Timers.
Oct 25 15:52:41 ubuntu kernel: [    3.760045] cpuidle: using governor ladder
Oct 25 15:52:41 ubuntu kernel: [    3.760057] cpuidle: using governor menu
Oct 25 15:52:41 ubuntu systemd[1]: Started ACPI Events Check.
Oct 25 15:52:41 ubuntu kernel: [    3.760129] hw-breakpoint: found 6 breakpoint and 4 watchpoint registers.
Oct 25 15:52:41 ubuntu kernel: [    3.761399] ASID allocator initialised with 65536 entries
Oct 25 15:52:41 ubuntu kernel: [    3.761529] ACPI: bus type PCI registered
Oct 25 15:52:41 ubuntu systemd[1]: Reached target Paths.
Oct 25 15:52:41 ubuntu kernel: [    3.761539] acpiphp: ACPI Hot Plug PCI Controller Driver version: 0.5
Oct 25 15:52:41 ubuntu kernel: [    3.761738] Serial: AMBA PL011 UART driver
Oct 25 15:52:41 ubuntu kernel: [    3.765257] HugeTLB registered 1.00 GiB page size, pre-allocated 0 pages
Oct 25 15:52:41 ubuntu kernel: [    3.765259] HugeTLB registered 32.0 MiB page size, pre-allocated 0 pages
Oct 25 15:52:41 ubuntu systemd[1]: Listening on Open-iSCSI iscsid Socket.
Oct 25 15:52:41 ubuntu kernel: [    3.765261] HugeTLB registered 2.00 MiB page size, pre-allocated 0 pages
Oct 25 15:52:41 ubuntu kernel: [    3.765262] HugeTLB registered 64.0 KiB page size, pre-allocated 0 pages
Oct 25 15:52:41 ubuntu kernel: [    3.777748] ACPI: Added _OSI(Module Device)
Oct 25 15:52:41 ubuntu systemd[1]: Starting LXD - unix socket.
Oct 25 15:52:41 ubuntu kernel: [    3.777750] ACPI: Added _OSI(Processor Device)
Oct 25 15:52:41 ubuntu systemd[1]: Listening on ACPID Listen Socket.
Oct 25 15:52:41 ubuntu kernel: [    3.777752] ACPI: Added _OSI(3.0 _SCP Extensions)
Oct 25 15:52:41 ubuntu kernel: [    3.777753] ACPI: Added _OSI(Processor Aggregator Device)
Oct 25 15:52:41 ubuntu kernel: [    3.777755] ACPI: Added _OSI(Linux-Dell-Video)
Oct 25 15:52:41 ubuntu systemd[1]: Listening on D-Bus System Message Bus Socket.
Oct 25 15:52:41 ubuntu kernel: [    3.777757] ACPI: Added _OSI(Linux-Lenovo-NV-HDMI-Audio)
Oct 25 15:52:41 ubuntu kernel: [    3.777759] ACPI: Added _OSI(Linux-HPI-Hybrid-Graphics)
Oct 25 15:52:41 ubuntu kernel: [    3.778680] ACPI: 1 ACPI AML tables successfully acquired and loaded
Oct 25 15:52:41 ubuntu kernel: [    3.779183] ACPI: Interpreter enabled
Oct 25 15:52:41 ubuntu systemd[1]: Starting Socket activation for snappy daemon.
Oct 25 15:52:41 ubuntu kernel: [    3.779184] ACPI: Using GIC for interrupt routing
Oct 25 15:52:41 ubuntu kernel: [    3.779205] ACPI: MCFG table detected, 1 entries
Oct 25 15:52:41 ubuntu systemd[1]: Listening on LXD - unix socket.
Oct 25 15:52:41 ubuntu kernel: [    3.783727] ARMH0011:00: ttyAMA0 at MMIO 0x9000000 (irq = 4, base_baud = 0) is a SBSA
Oct 25 15:52:41 ubuntu kernel: [    3.931011] printk: console [ttyAMA0] enabled
Oct 25 15:52:41 ubuntu kernel: [    3.933485] ACPI: PCI Root Bridge [PCI0] (domain 0000 [bus 00-0f])
Oct 25 15:52:41 ubuntu kernel: [    3.934101] acpi PNP0A08:00: _OSC: OS supports [ExtendedConfig ASPM ClockPM Segments MSI HPX-Type3]
Oct 25 15:52:41 ubuntu kernel: [    3.935060] acpi PNP0A08:00: _OSC: platform does not support [SHPCHotplug LTR]
Oct 25 15:52:41 ubuntu kernel: [    3.935775] acpi PNP0A08:00: _OSC: OS now controls [PCIeHotplug PME AER PCIeCapability]
Oct 25 15:52:41 ubuntu kernel: [    3.936733] acpi PNP0A08:00: ECAM area [mem 0x3f000000-0x3fffffff] reserved by PNP0C02:00
Oct 25 15:52:41 ubuntu systemd[1]: Listening on Socket activation for snappy daemon.
Oct 25 15:52:41 ubuntu kernel: [    3.937456] acpi PNP0A08:00: ECAM at [mem 0x3f000000-0x3fffffff] for [bus 00-0f]
Oct 25 15:52:41 ubuntu kernel: [    3.938152] Remapped I/O 0x000000003eff0000 to [io  0x0000-0xffff window]
Oct 25 15:52:41 ubuntu kernel: [    3.938957] PCI host bridge to bus 0000:00
Oct 25 15:52:41 ubuntu kernel: [    3.939352] pci_bus 0000:00: root bus resource [mem 0x10000000-0x3efeffff window]
Oct 25 15:52:41 ubuntu kernel: [    3.939987] pci_bus 0000:00: root bus resource [io  0x0000-0xffff window]
Oct 25 15:52:41 ubuntu kernel: [    3.940562] pci_bus 0000:00: root bus resource [mem 0x8000000000-0xffffffffff window]
Oct 25 15:52:41 ubuntu systemd[1]: Reached target Sockets.
Oct 25 15:52:41 ubuntu kernel: [    3.941225] pci_bus 0000:00: root bus resource [bus 00-0f]
Oct 25 15:52:41 ubuntu kernel: [    3.941742] pci 0000:00:00.0: [1b36:0008] type 00 class 0x060000
Oct 25 15:52:41 ubuntu kernel: [    3.942638] pci 0000:00:01.0: [1b36:000c] type 01 class 0x060400
Oct 25 15:52:41 ubuntu kernel: [    3.944394] pci 0000:00:01.0: reg 0x10: [mem 0x10303000-0x10303fff]
Oct 25 15:52:41 ubuntu kernel: [    3.947145] pci 0000:00:01.1: [1b36:000c] type 01 class 0x060400
Oct 25 15:52:41 ubuntu systemd[1]: Reached target Basic System.
Oct 25 15:52:41 ubuntu kernel: [    3.948805] pci 0000:00:01.1: reg 0x10: [mem 0x10302000-0x10302fff]
Oct 25 15:52:41 ubuntu kernel: [    3.951680] pci 0000:00:01.2: [1b36:000c] type 01 class 0x060400
Oct 25 15:52:41 ubuntu kernel: [    3.953324] pci 0000:00:01.2: reg 0x10: [mem 0x10301000-0x10301fff]
Oct 25 15:52:41 ubuntu systemd[1]: Starting Login Service...
Oct 25 15:52:41 ubuntu kernel: [    3.956781] pci 0000:00:01.3: [1b36:000c] type 01 class 0x060400
Oct 25 15:52:41 ubuntu kernel: [    3.958340] pci 0000:00:01.3: reg 0x10: [mem 0x10300000-0x10300fff]
Oct 25 15:52:41 ubuntu kernel: [    3.961675] pci 0000:01:00.0: [1af4:1041] type 00 class 0x020000
Oct 25 15:52:41 ubuntu kernel: [    3.963549] pci 0000:01:00.0: reg 0x14: [mem 0x10200000-0x10200fff]
Oct 25 15:52:41 ubuntu systemd[1]: Started Deferred execution scheduler.
Oct 25 15:52:41 ubuntu kernel: [    3.966718] pci 0000:01:00.0: reg 0x20: [mem 0x8000000000-0x8000003fff 64bit pref]
Oct 25 15:52:41 ubuntu kernel: [    3.968144] pci 0000:01:00.0: reg 0x30: [mem 0xfff80000-0xffffffff pref]
Oct 25 15:52:41 ubuntu systemd[1]: Starting Snappy daemon...
Oct 25 15:52:41 ubuntu kernel: [    3.969829] pci 0000:02:00.0: [1b36:000d] type 00 class 0x0c0330
Oct 25 15:52:41 ubuntu kernel: [    3.970474] pci 0000:02:00.0: reg 0x10: [mem 0x10100000-0x10103fff 64bit]
Oct 25 15:52:41 ubuntu systemd[1]: Starting Dispatcher daemon for systemd-networkd...
Oct 25 15:52:41 ubuntu kernel: [    3.972150] pci 0000:03:00.0: [1af4:1048] type 00 class 0x010000
Oct 25 15:52:41 ubuntu kernel: [    3.974009] pci 0000:03:00.0: reg 0x14: [mem 0x10000000-0x10000fff]
Oct 25 15:52:41 ubuntu kernel: [    3.976883] pci 0000:03:00.0: reg 0x20: [mem 0x8000100000-0x8000103fff 64bit pref]
Oct 25 15:52:41 ubuntu kernel: [    3.980743] pci 0000:00:01.0: bridge window [io  0x1000-0x0fff] to [bus 01] add_size 1000
Oct 25 15:52:41 ubuntu kernel: [    3.981515] pci 0000:00:01.0: bridge window [mem 0x00100000-0x001fffff 64bit pref] to [bus 01] add_size 100000 add_align 100000
Oct 25 15:52:41 ubuntu systemd[1]: Starting Accounts Service...
Oct 25 15:52:41 ubuntu kernel: [    3.982720] pci 0000:00:01.0: bridge window [mem 0x00100000-0x001fffff] to [bus 01] add_size 100000 add_align 100000
Oct 25 15:52:41 ubuntu kernel: [    3.983721] pci 0000:00:01.1: bridge window [io  0x1000-0x0fff] to [bus 02] add_size 1000
Oct 25 15:52:41 ubuntu kernel: [    3.984514] pci 0000:00:01.1: bridge window [mem 0x00100000-0x000fffff 64bit pref] to [bus 02] add_size 200000 add_align 100000
Oct 25 15:52:41 ubuntu kernel: [    3.985619] pci 0000:00:01.1: bridge window [mem 0x00100000-0x001fffff] to [bus 02] add_size 100000 add_align 100000
Oct 25 15:52:41 ubuntu kernel: [    3.987023] pci 0000:00:01.2: bridge window [io  0x1000-0x0fff] to [bus 03] add_size 1000
Oct 25 15:52:41 ubuntu kernel: [    3.987747] pci 0000:00:01.2: bridge window [mem 0x00100000-0x001fffff 64bit pref] to [bus 03] add_size 100000 add_align 100000
Oct 25 15:52:41 ubuntu kernel: [    3.988750] pci 0000:00:01.2: bridge window [mem 0x00100000-0x001fffff] to [bus 03] add_size 100000 add_align 100000
Oct 25 15:52:41 ubuntu kernel: [    3.989669] pci 0000:00:01.3: bridge window [io  0x1000-0x0fff] to [bus 04] add_size 1000
Oct 25 15:52:41 ubuntu systemd[1]: Started D-Bus System Message Bus.
Oct 25 15:52:41 ubuntu kernel: [    3.990399] pci 0000:00:01.3: bridge window [mem 0x00100000-0x000fffff 64bit pref] to [bus 04] add_size 200000 add_align 100000
Oct 25 15:52:41 ubuntu kernel: [    3.991578] pci 0000:00:01.3: bridge window [mem 0x00100000-0x000fffff] to [bus 04] add_size 200000 add_align 100000
Oct 25 15:52:41 ubuntu kernel: [    3.992644] pci 0000:00:01.0: BAR 14: assigned [mem 0x10000000-0x101fffff]
Oct 25 15:52:41 ubuntu kernel: [    3.993318] pci 0000:00:01.0: BAR 15: assigned [mem 0x8000000000-0x80001fffff 64bit pref]
Oct 25 15:52:41 ubuntu systemd[1]: Started Regular background program processing daemon.
Oct 25 15:52:41 ubuntu systemd[1]: Starting LSB: Record successful boot for GRUB...
Oct 25 15:52:41 ubuntu cron[1150]: (CRON) INFO (pidfile fd = 3)
Oct 25 15:52:41 ubuntu systemd[1]: Starting System Logging Service...
Oct 25 15:52:41 ubuntu cron[1150]: (CRON) INFO (Running @reboot jobs)
Oct 25 15:52:41 ubuntu systemd[1]: Started FUSE filesystem for LXC.
Oct 25 15:52:41 ubuntu kernel: [    3.994115] pci 0000:00:01.1: BAR 14: assigned [mem 0x10200000-0x103fffff]
Oct 25 15:52:41 ubuntu systemd[1]: Started irqbalance daemon.
Oct 25 15:52:41 ubuntu kernel: [    3.994775] pci 0000:00:01.1: BAR 15: assigned [mem 0x8000200000-0x80003fffff 64bit pref]
Oct 25 15:52:41 ubuntu kernel: [    3.995566] pci 0000:00:01.2: BAR 14: assigned [mem 0x10400000-0x105fffff]
Oct 25 15:52:41 ubuntu kernel: [    3.996278] pci 0000:00:01.2: BAR 15: assigned [mem 0x8000400000-0x80005fffff 64bit pref]
Oct 25 15:52:41 ubuntu kernel: [    3.997059] pci 0000:00:01.3: BAR 14: assigned [mem 0x10600000-0x107fffff]
Oct 25 15:52:41 ubuntu kernel: [    3.997716] pci 0000:00:01.3: BAR 15: assigned [mem 0x8000600000-0x80007fffff 64bit pref]
Oct 25 15:52:41 ubuntu kernel: [    3.998501] pci 0000:00:01.0: BAR 0: assigned [mem 0x10800000-0x10800fff]
Oct 25 15:52:41 ubuntu dbus-daemon[1145]: [system] Activating via systemd: service name='org.freedesktop.PolicyKit1' unit='polkit.service' requested by ':1.4' (uid=0 pid=1144 comm="/usr/lib/accountsservice/accounts-daemon ")
Oct 25 15:52:41 ubuntu kernel: [    3.999518] pci 0000:00:01.0: BAR 13: assigned [io  0x1000-0x1fff]
Oct 25 15:52:41 ubuntu kernel: [    4.000122] pci 0000:00:01.1: BAR 0: assigned [mem 0x10801000-0x10801fff]
Oct 25 15:52:41 ubuntu kernel: [    4.001140] pci 0000:00:01.1: BAR 13: assigned [io  0x2000-0x2fff]
Oct 25 15:52:41 ubuntu systemd[1]: Starting LXD - container startup/shutdown...
Oct 25 15:52:41 ubuntu kernel: [    4.001723] pci 0000:00:01.2: BAR 0: assigned [mem 0x10802000-0x10802fff]
Oct 25 15:52:41 ubuntu kernel: [    4.002630] pci 0000:00:01.2: BAR 13: assigned [io  0x3000-0x3fff]
Oct 25 15:52:41 ubuntu lxcfs[1159]: mount namespace: 5
Oct 25 15:52:41 ubuntu kernel: [    4.003214] pci 0000:00:01.3: BAR 0: assigned [mem 0x10803000-0x10803fff]
Oct 25 15:52:41 ubuntu kernel: [    4.004110] pci 0000:00:01.3: BAR 13: assigned [io  0x4000-0x4fff]
Oct 25 15:52:41 ubuntu kernel: [    4.004690] pci 0000:01:00.0: BAR 6: assigned [mem 0x10000000-0x1007ffff pref]
Oct 25 15:52:41 ubuntu lxcfs[1159]: hierarchies:
Oct 25 15:52:41 ubuntu kernel: [    4.005396] pci 0000:01:00.0: BAR 4: assigned [mem 0x8000000000-0x8000003fff 64bit pref]
Oct 25 15:52:41 ubuntu kernel: [    4.006711] pci 0000:01:00.0: BAR 1: assigned [mem 0x10080000-0x10080fff]
Oct 25 15:52:41 ubuntu kernel: [    4.007629] pci 0000:00:01.0: PCI bridge to [bus 01]
Oct 25 15:52:41 ubuntu kernel: [    4.008097] pci 0000:00:01.0:   bridge window [io  0x1000-0x1fff]
Oct 25 15:52:41 ubuntu kernel: [    4.009179] pci 0000:00:01.0:   bridge window [mem 0x10000000-0x101fffff]
Oct 25 15:52:41 ubuntu lxcfs[1159]:   0: fd:   6: rdma
Oct 25 15:52:41 ubuntu kernel: [    4.010557] pci 0000:00:01.0:   bridge window [mem 0x8000000000-0x80001fffff 64bit pref]
Oct 25 15:52:41 ubuntu kernel: [    4.012053] pci 0000:02:00.0: BAR 0: assigned [mem 0x10200000-0x10203fff 64bit]
Oct 25 15:52:41 ubuntu kernel: [    4.012751] pci 0000:00:01.1: PCI bridge to [bus 02]
Oct 25 15:52:41 ubuntu kernel: [    4.013209] pci 0000:00:01.1:   bridge window [io  0x2000-0x2fff]
Oct 25 15:52:41 ubuntu lxcfs[1159]:   1: fd:   7: freezer
Oct 25 15:52:41 ubuntu kernel: [    4.014310] pci 0000:00:01.1:   bridge window [mem 0x10200000-0x103fffff]
Oct 25 15:52:41 ubuntu lxcfs[1159]:   2: fd:   8: pids
Oct 25 15:52:41 ubuntu kernel: [    4.015298] pci 0000:00:01.1:   bridge window [mem 0x8000200000-0x80003fffff 64bit pref]
Oct 25 15:52:41 ubuntu kernel: [    4.016752] pci 0000:03:00.0: BAR 4: assigned [mem 0x8000400000-0x8000403fff 64bit pref]
Oct 25 15:52:41 ubuntu kernel: [    4.018125] pci 0000:03:00.0: BAR 1: assigned [mem 0x10400000-0x10400fff]
Oct 25 15:52:41 ubuntu lxcfs[1159]:   3: fd:   9: devices
Oct 25 15:52:41 ubuntu kernel: [    4.019231] pci 0000:00:01.2: PCI bridge to [bus 03]
Oct 25 15:52:41 ubuntu kernel: [    4.019696] pci 0000:00:01.2:   bridge window [io  0x3000-0x3fff]
Oct 25 15:52:41 ubuntu kernel: [    4.021189] pci 0000:00:01.2:   bridge window [mem 0x10400000-0x105fffff]
Oct 25 15:52:41 ubuntu kernel: [    4.022180] pci 0000:00:01.2:   bridge window [mem 0x8000400000-0x80005fffff 64bit pref]
Oct 25 15:52:41 ubuntu kernel: [    4.023669] pci 0000:00:01.3: PCI bridge to [bus 04]
Oct 25 15:52:41 ubuntu kernel: [    4.024150] pci 0000:00:01.3:   bridge window [io  0x4000-0x4fff]
Oct 25 15:52:41 ubuntu kernel: [    4.025232] pci 0000:00:01.3:   bridge window [mem 0x10600000-0x107fffff]
Oct 25 15:52:41 ubuntu kernel: [    4.026321] pci 0000:00:01.3:   bridge window [mem 0x8000600000-0x80007fffff 64bit pref]
Oct 25 15:52:41 ubuntu lxcfs[1159]:   4: fd:  10: cpuset
Oct 25 15:52:41 ubuntu kernel: [    4.027825] pci_bus 0000:00: resource 4 [mem 0x10000000-0x3efeffff window]
Oct 25 15:52:41 ubuntu kernel: [    4.028435] pci_bus 0000:00: resource 5 [io  0x0000-0xffff window]
Oct 25 15:52:41 ubuntu kernel: [    4.028977] pci_bus 0000:00: resource 6 [mem 0x8000000000-0xffffffffff window]
Oct 25 15:52:41 ubuntu kernel: [    4.029614] pci_bus 0000:01: resource 0 [io  0x1000-0x1fff]
Oct 25 15:52:41 ubuntu kernel: [    4.030113] pci_bus 0000:01: resource 1 [mem 0x10000000-0x101fffff]
Oct 25 15:52:41 ubuntu kernel: [    4.031024] pci_bus 0000:01: resource 2 [mem 0x8000000000-0x80001fffff 64bit pref]
Oct 25 15:52:41 ubuntu lxcfs[1159]:   5: fd:  11: memory
Oct 25 15:52:41 ubuntu kernel: [    4.031728] pci_bus 0000:02: resource 0 [io  0x2000-0x2fff]
Oct 25 15:52:41 ubuntu kernel: [    4.032227] pci_bus 0000:02: resource 1 [mem 0x10200000-0x103fffff]
Oct 25 15:52:41 ubuntu kernel: [    4.032774] pci_bus 0000:02: resource 2 [mem 0x8000200000-0x80003fffff 64bit pref]
Oct 25 15:52:41 ubuntu kernel: [    4.033436] pci_bus 0000:03: resource 0 [io  0x3000-0x3fff]
Oct 25 15:52:41 ubuntu kernel: [    4.033989] pci_bus 0000:03: resource 1 [mem 0x10400000-0x105fffff]
Oct 25 15:52:41 ubuntu kernel: [    4.034525] pci_bus 0000:03: resource 2 [mem 0x8000400000-0x80005fffff 64bit pref]
Oct 25 15:52:41 ubuntu lxcfs[1159]:   6: fd:  12: blkio
Oct 25 15:52:41 ubuntu kernel: [    4.035169] pci_bus 0000:04: resource 0 [io  0x4000-0x4fff]
Oct 25 15:52:41 ubuntu kernel: [    4.035641] pci_bus 0000:04: resource 1 [mem 0x10600000-0x107fffff]
Oct 25 15:52:41 ubuntu kernel: [    4.036216] pci_bus 0000:04: resource 2 [mem 0x8000600000-0x80007fffff 64bit pref]
Oct 25 15:52:41 ubuntu kernel: [    4.036939] ACPI: PCI Interrupt Link [GSI0] (IRQs *35)
Oct 25 15:52:41 ubuntu kernel: [    4.037396] ACPI: PCI Interrupt Link [GSI1] (IRQs *36)
Oct 25 15:52:41 ubuntu lxcfs[1159]:   7: fd:  13: cpu,cpuacct
Oct 25 15:52:41 ubuntu kernel: [    4.037838] ACPI: PCI Interrupt Link [GSI2] (IRQs *37)
Oct 25 15:52:41 ubuntu kernel: [    4.038289] ACPI: PCI Interrupt Link [GSI3] (IRQs *38)
Oct 25 15:52:41 ubuntu kernel: [    4.039760] iommu: Default domain type: Translated 
Oct 25 15:52:41 ubuntu lxcfs[1159]:   8: fd:  14: hugetlb
Oct 25 15:52:41 ubuntu kernel: [    4.040318] vgaarb: loaded
Oct 25 15:52:41 ubuntu kernel: [    4.040985] SCSI subsystem initialized
Oct 25 15:52:41 ubuntu kernel: [    4.041667] libata version 3.00 loaded.
Oct 25 15:52:41 ubuntu lxcfs[1159]:   9: fd:  15: net_cls,net_prio
Oct 25 15:52:41 ubuntu kernel: [    4.041719] ACPI: bus type USB registered
Oct 25 15:52:41 ubuntu kernel: [    4.042150] usbcore: registered new interface driver usbfs
Oct 25 15:52:41 ubuntu kernel: [    4.042647] usbcore: registered new interface driver hub
Oct 25 15:52:41 ubuntu kernel: [    4.043472] usbcore: registered new device driver usb
Oct 25 15:52:41 ubuntu lxcfs[1159]:  10: fd:  16: perf_event
Oct 25 15:52:41 ubuntu kernel: [    4.043994] pps_core: LinuxPPS API ver. 1 registered
Oct 25 15:52:41 ubuntu kernel: [    4.044450] pps_core: Software ver. 5.3.6 - Copyright 2005-2007 Rodolfo Giometti <giometti@linux.it>
Oct 25 15:52:41 ubuntu kernel: [    4.045224] PTP clock support registered
Oct 25 15:52:41 ubuntu kernel: [    4.046057] EDAC MC: Ver: 3.0.0
Oct 25 15:52:41 ubuntu lxcfs[1159]:  11: fd:  17: name=systemd
Oct 25 15:52:41 ubuntu kernel: [    4.046767] Registered efivars operations
Oct 25 15:52:41 ubuntu kernel: [    4.048852] NetLabel: Initializing
Oct 25 15:52:41 ubuntu kernel: [    4.049163] NetLabel:  domain hash size = 128
Oct 25 15:52:41 ubuntu kernel: [    4.049532] NetLabel:  protocols = UNLABELED CIPSOv4 CALIPSO
Oct 25 15:52:41 ubuntu kernel: [    4.050136] NetLabel:  unlabeled traffic allowed by default
Oct 25 15:52:41 ubuntu kernel: [    4.105993] clocksource: Switched to clocksource arch_sys_counter
Oct 25 15:52:41 ubuntu lxcfs[1159]:  12: fd:  18: unified
Oct 25 15:52:41 ubuntu kernel: [    4.127451] VFS: Disk quotas dquot_6.6.0
Oct 25 15:52:41 ubuntu kernel: [    4.127887] VFS: Dquot-cache hash table entries: 512 (order 0, 4096 bytes)
Oct 25 15:52:41 ubuntu kernel: [    4.128885] AppArmor: AppArmor Filesystem Enabled
Oct 25 15:52:41 ubuntu kernel: [    4.129413] pnp: PnP ACPI init
Oct 25 15:52:41 ubuntu kernel: [    4.129993] system 00:00: [mem 0x3f000000-0x3fffffff] could not be reserved
Oct 25 15:52:41 ubuntu rsyslogd: imuxsock: Acquired UNIX socket '/run/systemd/journal/syslog' (fd 3) from systemd.  [v8.32.0]
Oct 25 15:52:41 ubuntu kernel: [    4.130662] system 00:00: Plug and Play ACPI device, IDs PNP0c02 (active)
Oct 25 15:52:41 ubuntu kernel: [    4.130670] pnp: PnP ACPI: found 1 devices
Oct 25 15:52:41 ubuntu kernel: [    4.133864] NET: Registered protocol family 2
Oct 25 15:52:41 ubuntu kernel: [    4.135108] tcp_listen_portaddr_hash hash table entries: 16384 (order: 6, 262144 bytes, linear)
Oct 25 15:52:41 ubuntu kernel: [    4.137505] TCP established hash table entries: 262144 (order: 9, 2097152 bytes, linear)
Oct 25 15:52:41 ubuntu kernel: [    4.139344] TCP bind hash table entries: 65536 (order: 8, 1048576 bytes, linear)
Oct 25 15:52:41 ubuntu kernel: [    4.140146] TCP: Hash tables configured (established 262144 bind 65536)
Oct 25 15:52:41 ubuntu kernel: [    4.141480] UDP hash table entries: 16384 (order: 7, 524288 bytes, linear)
Oct 25 15:52:41 ubuntu kernel: [    4.142650] UDP-Lite hash table entries: 16384 (order: 7, 524288 bytes, linear)
Oct 25 15:52:41 ubuntu kernel: [    4.143617] NET: Registered protocol family 1
Oct 25 15:52:41 ubuntu kernel: [    4.144064] NET: Registered protocol family 44
Oct 25 15:52:41 ubuntu kernel: [    4.144581] pci 0000:02:00.0: enabling device (0000 -> 0002)
Oct 25 15:52:41 ubuntu kernel: [    4.145483] PCI: CLS 0 bytes, default 64
Oct 25 15:52:41 ubuntu kernel: [    4.146066] Trying to unpack rootfs image as initramfs...
Oct 25 15:52:41 ubuntu kernel: [    5.200872] Freeing initrd memory: 61292K
Oct 25 15:52:41 ubuntu kernel: [    5.235784] hw perfevents: enabled with armv8_pmuv3_0 PMU driver, 13 counters available
Oct 25 15:52:41 ubuntu kernel: [    5.236806] kvm [1]: HYP mode not available
Oct 25 15:52:41 ubuntu kernel: [    5.238541] Initialise system trusted keyrings
Oct 25 15:52:41 ubuntu kernel: [    5.239136] Key type blacklist registered
Oct 25 15:52:41 ubuntu kernel: [    5.240126] workingset: timestamp_bits=40 max_order=23 bucket_order=0
Oct 25 15:52:41 ubuntu kernel: [    5.245635] zbud: loaded
Oct 25 15:52:41 ubuntu kernel: [    5.247160] squashfs: version 4.0 (2009/01/31) Phillip Lougher
Oct 25 15:52:41 ubuntu kernel: [    5.248421] fuse: init (API version 7.31)
Oct 25 15:52:41 ubuntu kernel: [    5.249821] integrity: Platform Keyring initialized
Oct 25 15:52:41 ubuntu kernel: [    5.256688] [mitosis-origin] pgd_alloc for mm=ffff000495866000 and mm->pgd =ffff0004df185000.
Oct 25 15:52:41 ubuntu kernel: [    5.261577] Key type asymmetric registered
Oct 25 15:52:41 ubuntu kernel: [    5.262768] Asymmetric key parser 'x509' registered
Oct 25 15:52:41 ubuntu kernel: [    5.264045] Block layer SCSI generic (bsg) driver version 0.4 loaded (major 244)
Oct 25 15:52:41 ubuntu kernel: [    5.266619] io scheduler mq-deadline registered
Oct 25 15:52:41 ubuntu kernel: [    5.270614] pl061_gpio ARMH0061:00: PL061 GPIO chip registered
Oct 25 15:52:41 ubuntu kernel: [    5.271916] PCI Interrupt Link [GSI1] enabled at IRQ 36
Oct 25 15:52:41 ubuntu kernel: [    5.273875] pcieport 0000:00:01.0: PME: Signaling with IRQ 44
Oct 25 15:52:41 ubuntu kernel: [    5.274867] pcieport 0000:00:01.0: AER: enabled with IRQ 44
Oct 25 15:52:41 ubuntu kernel: [    5.275524] pcieport 0000:00:01.0: pciehp: Slot #0 AttnBtn+ PwrCtrl+ MRL- AttnInd+ PwrInd+ HotPlug+ Surprise+ Interlock+ NoCompl- IbPresDis- LLActRep-
Oct 25 15:52:41 ubuntu kernel: [    5.278119] pcieport 0000:00:01.1: PME: Signaling with IRQ 45
Oct 25 15:52:41 ubuntu kernel: [    5.278947] pcieport 0000:00:01.1: AER: enabled with IRQ 45
Oct 25 15:52:41 ubuntu kernel: [    5.279552] pcieport 0000:00:01.1: pciehp: Slot #0 AttnBtn+ PwrCtrl+ MRL- AttnInd+ PwrInd+ HotPlug+ Surprise+ Interlock+ NoCompl- IbPresDis- LLActRep-
Oct 25 15:52:41 ubuntu kernel: [    5.281873] pcieport 0000:00:01.2: PME: Signaling with IRQ 46
Oct 25 15:52:41 ubuntu kernel: [    5.283143] pcieport 0000:00:01.2: AER: enabled with IRQ 46
Oct 25 15:52:41 ubuntu kernel: [    5.284070] pcieport 0000:00:01.2: pciehp: Slot #0 AttnBtn+ PwrCtrl+ MRL- AttnInd+ PwrInd+ HotPlug+ Surprise+ Interlock+ NoCompl- IbPresDis- LLActRep-
Oct 25 15:52:41 ubuntu kernel: [    5.287854] pcieport 0000:00:01.3: PME: Signaling with IRQ 47
Oct 25 15:52:41 ubuntu kernel: [    5.289230] pcieport 0000:00:01.3: AER: enabled with IRQ 47
Oct 25 15:52:41 ubuntu kernel: [    5.290201] pcieport 0000:00:01.3: pciehp: Slot #0 AttnBtn+ PwrCtrl+ MRL- AttnInd+ PwrInd+ HotPlug+ Surprise+ Interlock+ NoCompl- IbPresDis- LLActRep-
Oct 25 15:52:41 ubuntu kernel: [    5.292297] pcieport 0000:00:01.3: pciehp: Slot(0-3): Link Up
Oct 25 15:52:41 ubuntu kernel: [    5.293375] shpchp: Standard Hot Plug PCI Controller Driver version: 0.4
Oct 25 15:52:41 ubuntu kernel: [    5.295050] input: Power Button as /devices/LNXSYSTM:00/LNXSYBUS:00/PNP0C0C:00/input/input0
Oct 25 15:52:41 ubuntu kernel: [    5.296141] ACPI: Power Button [PWRB]
Oct 25 15:52:41 ubuntu kernel: [    5.303956] Serial: 8250/16550 driver, 32 ports, IRQ sharing enabled
Oct 25 15:52:41 ubuntu kernel: [    5.307358] msm_serial: driver initialized
Oct 25 15:52:41 ubuntu kernel: [    5.308341] cacheinfo: Unable to detect cache hierarchy for CPU 0
Oct 25 15:52:41 ubuntu kernel: [    5.325346] loop: module loaded
Oct 25 15:52:41 ubuntu rsyslogd: rsyslogd's groupid changed to 106
Oct 25 15:52:41 ubuntu rsyslogd: rsyslogd's userid changed to 102
Oct 25 15:52:41 ubuntu kernel: [    5.327874] libphy: Fixed MDIO Bus: probed
Oct 25 15:52:41 ubuntu rsyslogd:  [origin software="rsyslogd" swVersion="8.32.0" x-pid="1157" x-info="http://www.rsyslog.com"] start
Oct 25 15:52:41 ubuntu kernel: [    5.328418] tun: Universal TUN/TAP device driver, 1.6
Oct 25 15:52:41 ubuntu kernel: [    5.329319] PPP generic driver version 2.4.2
Oct 25 15:52:41 ubuntu kernel: [    5.329928] ehci_hcd: USB 2.0 'Enhanced' Host Controller (EHCI) Driver
Oct 25 15:52:41 ubuntu kernel: [    5.330583] ehci-pci: EHCI PCI platform driver
Oct 25 15:52:41 ubuntu kernel: [    5.331039] ehci-orion: EHCI orion driver
Oct 25 15:52:41 ubuntu kernel: [    5.331441] ohci_hcd: USB 1.1 'Open' Host Controller (OHCI) Driver
Oct 25 15:52:41 ubuntu kernel: [    5.332018] ohci-pci: OHCI PCI platform driver
Oct 25 15:52:41 ubuntu kernel: [    5.332464] uhci_hcd: USB Universal Host Controller Interface driver
Oct 25 15:52:41 ubuntu kernel: [    5.333750] xhci_hcd 0000:02:00.0: xHCI Host Controller
Oct 25 15:52:41 ubuntu kernel: [    5.334328] xhci_hcd 0000:02:00.0: new USB bus registered, assigned bus number 1
Oct 25 15:52:41 ubuntu kernel: [    5.335357] xhci_hcd 0000:02:00.0: hcc params 0x00087001 hci version 0x100 quirks 0x0000000000000010
Oct 25 15:52:41 ubuntu kernel: [    5.337370] usb usb1: New USB device found, idVendor=1d6b, idProduct=0002, bcdDevice= 5.07
Oct 25 15:52:41 ubuntu kernel: [    5.338236] usb usb1: New USB device strings: Mfr=3, Product=2, SerialNumber=1
Oct 25 15:52:41 ubuntu kernel: [    5.338913] usb usb1: Product: xHCI Host Controller
Oct 25 15:52:41 ubuntu kernel: [    5.339363] usb usb1: Manufacturer: Linux 5.7.1 xhci-hcd
Oct 25 15:52:41 ubuntu kernel: [    5.339853] usb usb1: SerialNumber: 0000:02:00.0
Oct 25 15:52:41 ubuntu kernel: [    5.340525] hub 1-0:1.0: USB hub found
Oct 25 15:52:41 ubuntu kernel: [    5.340931] hub 1-0:1.0: 8 ports detected
Oct 25 15:52:41 ubuntu kernel: [    5.341670] xhci_hcd 0000:02:00.0: xHCI Host Controller
Oct 25 15:52:41 ubuntu kernel: [    5.342228] xhci_hcd 0000:02:00.0: new USB bus registered, assigned bus number 2
Oct 25 15:52:41 ubuntu kernel: [    5.342915] xhci_hcd 0000:02:00.0: Host supports USB 3.0 SuperSpeed
Oct 25 15:52:41 ubuntu kernel: [    5.343522] usb usb2: We don't know the algorithms for LPM for this host, disabling LPM.
Oct 25 15:52:41 ubuntu kernel: [    5.344294] usb usb2: New USB device found, idVendor=1d6b, idProduct=0003, bcdDevice= 5.07
Oct 25 15:52:41 ubuntu kernel: [    5.345059] usb usb2: New USB device strings: Mfr=3, Product=2, SerialNumber=1
Oct 25 15:52:41 ubuntu kernel: [    5.345721] usb usb2: Product: xHCI Host Controller
Oct 25 15:52:41 ubuntu kernel: [    5.346251] usb usb2: Manufacturer: Linux 5.7.1 xhci-hcd
Oct 25 15:52:41 ubuntu kernel: [    5.346746] usb usb2: SerialNumber: 0000:02:00.0
Oct 25 15:52:41 ubuntu kernel: [    5.347306] hub 2-0:1.0: USB hub found
Oct 25 15:52:41 ubuntu kernel: [    5.347688] hub 2-0:1.0: 8 ports detected
Oct 25 15:52:41 ubuntu kernel: [    5.348549] mousedev: PS/2 mouse device common for all mice
Oct 25 15:52:41 ubuntu kernel: [    5.349570] rtc-efi rtc-efi.0: registered as rtc0
Oct 25 15:52:41 ubuntu kernel: [    5.350363] rtc-efi rtc-efi.0: setting system clock to 2020-10-25T07:52:35 UTC (1603612355)
Oct 25 15:52:41 ubuntu kernel: [    5.351234] i2c /dev entries driver
Oct 25 15:52:41 ubuntu kernel: [    5.351821] device-mapper: uevent: version 1.0.3
Oct 25 15:52:41 ubuntu kernel: [    5.352392] device-mapper: ioctl: 4.42.0-ioctl (2020-02-27) initialised: dm-devel@redhat.com
Oct 25 15:52:41 ubuntu kernel: [    5.354478] ledtrig-cpu: registered to indicate activity on CPUs
Oct 25 15:52:41 ubuntu kernel: [    5.355149] EFI Variables Facility v0.08 2004-May-17
Oct 25 15:52:41 ubuntu kernel: [    5.359626] NET: Registered protocol family 10
Oct 25 15:52:41 ubuntu kernel: [    5.361513] [mitosis-origin] pgd_alloc for mm=ffff0004956a6400 and mm->pgd =ffff000495609000.
Oct 25 15:52:41 ubuntu kernel: [    5.363916] [mitosis-origin] pgd_alloc for mm=ffff0004956a1c00 and mm->pgd =ffff000495619000.
Oct 25 15:52:41 ubuntu kernel: [    5.364767] [mitosis-origin] pgd_free for mm=ffff0004956a6400 and pgd =ffff000495609000 and mm->pgd=ffff000495609000.
Oct 25 15:52:41 ubuntu kernel: [    5.367426] [mitosis-origin] pgd_alloc for mm=ffff000495864400 and mm->pgd =ffff0004959f6000.
Oct 25 15:52:41 ubuntu kernel: [    5.369350] [mitosis-origin] pgd_free for mm=ffff000495866000 and pgd =ffff0004df185000 and mm->pgd=ffff0004df185000.
Oct 25 15:52:41 ubuntu kernel: [    5.373866] [mitosis-origin] pgd_alloc for mm=ffff000495866000 and mm->pgd =ffff000495a02000.
Oct 25 15:52:41 ubuntu kernel: [    5.375742] [mitosis-origin] pgd_free for mm=ffff000495864400 and pgd =ffff0004959f6000 and mm->pgd=ffff0004959f6000.
Oct 25 15:52:41 ubuntu kernel: [    5.377735] [mitosis-origin] pgd_alloc for mm=ffff000495864400 and mm->pgd =ffff000495708000.
Oct 25 15:52:41 ubuntu kernel: [    5.378710] [mitosis-origin] pgd_free for mm=ffff000495866000 and pgd =ffff000495a02000 and mm->pgd=ffff000495a02000.
Oct 25 15:52:41 ubuntu kernel: [    5.380812] [mitosis-origin] pgd_alloc for mm=ffff000495866000 and mm->pgd =ffff0004de496000.
Oct 25 15:52:41 ubuntu kernel: [    5.381718] [mitosis-origin] pgd_free for mm=ffff000495864400 and pgd =ffff000495708000 and mm->pgd=ffff000495708000.
Oct 25 15:52:41 ubuntu kernel: [    5.383921] Segment Routing with IPv6
Oct 25 15:52:41 ubuntu kernel: [    5.385062] NET: Registered protocol family 17
Oct 25 15:52:41 ubuntu kernel: [    5.386496] Key type dns_resolver registered
Oct 25 15:52:41 ubuntu kernel: [    5.387125] registered taskstats version 1
Oct 25 15:52:41 ubuntu kernel: [    5.387539] Loading compiled-in X.509 certificates
Oct 25 15:52:41 ubuntu kernel: [    5.388336] [mitosis-origin] pgd_alloc for mm=ffff000495864400 and mm->pgd =ffff000495728000.
Oct 25 15:52:41 ubuntu kernel: [    5.389188] [mitosis-origin] pgd_free for mm=ffff000495866000 and pgd =ffff0004de496000 and mm->pgd=ffff0004de496000.
Oct 25 15:52:41 ubuntu kernel: [    5.391609] Loaded X.509 cert 'Build time autogenerated kernel key: 5fc9bbbf10d23f3f9dda6c889ba5358a20950e89'
Oct 25 15:52:41 ubuntu kernel: [    5.393422] zswap: loaded using pool lzo/zbud
Oct 25 15:52:41 ubuntu kernel: [    5.394926] Key type ._fscrypt registered
Oct 25 15:52:41 ubuntu kernel: [    5.395521] Key type .fscrypt registered
Oct 25 15:52:41 ubuntu kernel: [    5.396088] Key type fscrypt-provisioning registered
Oct 25 15:52:41 ubuntu kernel: [    5.397015] [mitosis-origin] pgd_alloc for mm=ffff000495866000 and mm->pgd =ffff00049501a000.
Oct 25 15:52:41 ubuntu kernel: [    5.398450] [mitosis-origin] pgd_free for mm=ffff000495864400 and pgd =ffff000495728000 and mm->pgd=ffff000495728000.
Oct 25 15:52:41 ubuntu kernel: [    5.400960] [mitosis-origin] pgd_alloc for mm=ffff000495864400 and mm->pgd =ffff0004de493000.
Oct 25 15:52:41 ubuntu kernel: [    5.402017] [mitosis-origin] pgd_free for mm=ffff000495866000 and pgd =ffff00049501a000 and mm->pgd=ffff00049501a000.
Oct 25 15:52:41 ubuntu kernel: [    5.404328] [mitosis-origin] pgd_alloc for mm=ffff000495866000 and mm->pgd =ffff0004956eb000.
Oct 25 15:52:41 ubuntu kernel: [    5.405344] [mitosis-origin] pgd_free for mm=ffff000495864400 and pgd =ffff0004de493000 and mm->pgd=ffff0004de493000.
Oct 25 15:52:41 ubuntu kernel: [    5.409392] [mitosis-origin] pgd_alloc for mm=ffff000495121000 and mm->pgd =ffff0004df20e000.
Oct 25 15:52:41 ubuntu kernel: [    5.413352] cryptd: max_cpu_qlen set to 1000
Oct 25 15:52:41 ubuntu kernel: [    5.418057] [mitosis-origin] pgd_alloc for mm=ffff000495156000 and mm->pgd =ffff0004df289000.
Oct 25 15:52:41 ubuntu kernel: [    5.422321] [mitosis-origin] pgd_alloc for mm=ffff000495122000 and mm->pgd =ffff0004df23a000.
Oct 25 15:52:41 ubuntu kernel: [    5.424276] [mitosis-origin] pgd_free for mm=ffff000495121000 and pgd =ffff0004df20e000 and mm->pgd=ffff0004df20e000.
Oct 25 15:52:41 ubuntu kernel: [    5.427967] [mitosis-origin] pgd_alloc for mm=ffff000495121000 and mm->pgd =ffff000495168000.
Oct 25 15:52:41 ubuntu kernel: [    5.429502] [mitosis-origin] pgd_free for mm=ffff000495122000 and pgd =ffff0004df23a000 and mm->pgd=ffff0004df23a000.
Oct 25 15:52:41 ubuntu kernel: [    5.432967] [mitosis-origin] pgd_alloc for mm=ffff000495122000 and mm->pgd =ffff000495082000.
Oct 25 15:52:41 ubuntu kernel: [    5.433823] [mitosis-origin] pgd_free for mm=ffff000495121000 and pgd =ffff000495168000 and mm->pgd=ffff000495168000.
Oct 25 15:52:41 ubuntu kernel: [    5.435834] [mitosis-origin] pgd_alloc for mm=ffff000495121000 and mm->pgd =ffff000495086000.
Oct 25 15:52:41 ubuntu kernel: [    5.436688] [mitosis-origin] pgd_free for mm=ffff000495122000 and pgd =ffff000495082000 and mm->pgd=ffff000495082000.
Oct 25 15:52:41 ubuntu kernel: [    5.438624] [mitosis-origin] pgd_alloc for mm=ffff000495122000 and mm->pgd =ffff00049508a000.
Oct 25 15:52:41 ubuntu kernel: [    5.439478] [mitosis-origin] pgd_free for mm=ffff000495121000 and pgd =ffff000495086000 and mm->pgd=ffff000495086000.
Oct 25 15:52:41 ubuntu kernel: [    5.441389] [mitosis-origin] pgd_alloc for mm=ffff000495121000 and mm->pgd =ffff00049508e000.
Oct 25 15:52:41 ubuntu kernel: [    5.442381] [mitosis-origin] pgd_free for mm=ffff000495122000 and pgd =ffff00049508a000 and mm->pgd=ffff00049508a000.
Oct 25 15:52:41 ubuntu kernel: [    5.444283] [mitosis-origin] pgd_alloc for mm=ffff000495122000 and mm->pgd =ffff000495096000.
Oct 25 15:52:41 ubuntu kernel: [    5.445133] [mitosis-origin] pgd_free for mm=ffff000495121000 and pgd =ffff00049508e000 and mm->pgd=ffff00049508e000.
Oct 25 15:52:41 ubuntu kernel: [    5.447068] [mitosis-origin] pgd_alloc for mm=ffff000495121000 and mm->pgd =ffff00049509b000.
Oct 25 15:52:41 ubuntu systemd[1]: Started System Logging Service.
Oct 25 15:52:41 ubuntu kernel: [    5.447918] [mitosis-origin] pgd_free for mm=ffff000495122000 and pgd =ffff000495096000 and mm->pgd=ffff000495096000.
Oct 25 15:52:41 ubuntu kernel: [    5.449833] [mitosis-origin] pgd_alloc for mm=ffff000495122000 and mm->pgd =ffff00049509f000.
Oct 25 15:52:41 ubuntu kernel: [    5.450827] [mitosis-origin] pgd_free for mm=ffff000495121000 and pgd =ffff00049509b000 and mm->pgd=ffff00049509b000.
Oct 25 15:52:41 ubuntu kernel: [    5.452724] [mitosis-origin] pgd_alloc for mm=ffff000495121000 and mm->pgd =ffff0004950a3000.
Oct 25 15:52:41 ubuntu kernel: [    5.453572] [mitosis-origin] pgd_free for mm=ffff000495122000 and pgd =ffff00049509f000 and mm->pgd=ffff00049509f000.
Oct 25 15:52:41 ubuntu kernel: [    5.455528] [mitosis-origin] pgd_alloc for mm=ffff000495122000 and mm->pgd =ffff0004950a7000.
Oct 25 15:52:41 ubuntu kernel: [    5.456376] [mitosis-origin] pgd_free for mm=ffff000495121000 and pgd =ffff0004950a3000 and mm->pgd=ffff0004950a3000.
Oct 25 15:52:41 ubuntu kernel: [    5.458328] [mitosis-origin] pgd_alloc for mm=ffff000495121000 and mm->pgd =ffff0004950ab000.
Oct 25 15:52:41 ubuntu kernel: [    5.459177] [mitosis-origin] pgd_free for mm=ffff000495122000 and pgd =ffff0004950a7000 and mm->pgd=ffff0004950a7000.
Oct 25 15:52:41 ubuntu kernel: [    5.461060] [mitosis-origin] pgd_alloc for mm=ffff000495122000 and mm->pgd =ffff0004950af000.
Oct 25 15:52:41 ubuntu kernel: [    5.461976] [mitosis-origin] pgd_free for mm=ffff000495121000 and pgd =ffff0004950ab000 and mm->pgd=ffff0004950ab000.
Oct 25 15:52:41 ubuntu kernel: [    5.463858] [mitosis-origin] pgd_alloc for mm=ffff000495121000 and mm->pgd =ffff0004950b3000.
Oct 25 15:52:41 ubuntu kernel: [    5.464708] [mitosis-origin] pgd_free for mm=ffff000495122000 and pgd =ffff0004950af000 and mm->pgd=ffff0004950af000.
Oct 25 15:52:41 ubuntu kernel: [    5.466726] [mitosis-origin] pgd_alloc for mm=ffff000495122000 and mm->pgd =ffff0004951ed000.
Oct 25 15:52:41 ubuntu kernel: [    5.467578] [mitosis-origin] pgd_free for mm=ffff000495121000 and pgd =ffff0004950b3000 and mm->pgd=ffff0004950b3000.
Oct 25 15:52:41 ubuntu kernel: [    5.472737] [mitosis-origin] pgd_alloc for mm=ffff000495121000 and mm->pgd =ffff0004951f1000.
Oct 25 15:52:41 ubuntu kernel: [    5.473593] [mitosis-origin] pgd_free for mm=ffff000495122000 and pgd =ffff0004951ed000 and mm->pgd=ffff0004951ed000.
Oct 25 15:52:41 ubuntu kernel: [    5.476496] [mitosis-origin] pgd_alloc for mm=ffff000495122000 and mm->pgd =ffff0004951f9000.
Oct 25 15:52:41 ubuntu kernel: [    5.477793] [mitosis-origin] pgd_free for mm=ffff000495121000 and pgd =ffff0004951f1000 and mm->pgd=ffff0004951f1000.
Oct 25 15:52:41 ubuntu kernel: [    5.480807] [mitosis-origin] pgd_alloc for mm=ffff000495121000 and mm->pgd =ffff0004951fd000.
Oct 25 15:52:41 ubuntu kernel: [    5.482127] [mitosis-origin] pgd_free for mm=ffff000495122000 and pgd =ffff0004951f9000 and mm->pgd=ffff0004951f9000.
Oct 25 15:52:41 ubuntu kernel: [    5.484004] [mitosis-origin] pgd_alloc for mm=ffff000495122000 and mm->pgd =ffff000495201000.
Oct 25 15:52:41 ubuntu kernel: [    5.484850] [mitosis-origin] pgd_free for mm=ffff000495121000 and pgd =ffff0004951fd000 and mm->pgd=ffff0004951fd000.
Oct 25 15:52:41 ubuntu kernel: [    5.486748] [mitosis-origin] pgd_alloc for mm=ffff000495121000 and mm->pgd =ffff000495205000.
Oct 25 15:52:41 ubuntu kernel: [    5.487602] [mitosis-origin] pgd_free for mm=ffff000495122000 and pgd =ffff000495201000 and mm->pgd=ffff000495201000.
Oct 25 15:52:41 ubuntu kernel: [    5.489452] [mitosis-origin] pgd_alloc for mm=ffff000495122000 and mm->pgd =ffff000495209000.
Oct 25 15:52:41 ubuntu kernel: [    5.490407] [mitosis-origin] pgd_free for mm=ffff000495121000 and pgd =ffff000495205000 and mm->pgd=ffff000495205000.
Oct 25 15:52:41 ubuntu kernel: [    5.492270] [mitosis-origin] pgd_alloc for mm=ffff000495121000 and mm->pgd =ffff00049520d000.
Oct 25 15:52:41 ubuntu kernel: [    5.493122] [mitosis-origin] pgd_free for mm=ffff000495122000 and pgd =ffff000495209000 and mm->pgd=ffff000495209000.
Oct 25 15:52:41 ubuntu kernel: [    5.495024] [mitosis-origin] pgd_alloc for mm=ffff000495122000 and mm->pgd =ffff000495211000.
Oct 25 15:52:41 ubuntu kernel: [    5.495871] [mitosis-origin] pgd_free for mm=ffff000495121000 and pgd =ffff00049520d000 and mm->pgd=ffff00049520d000.
Oct 25 15:52:41 ubuntu kernel: [    5.497720] [mitosis-origin] pgd_alloc for mm=ffff000495121000 and mm->pgd =ffff000495215000.
Oct 25 15:52:41 ubuntu kernel: [    5.498691] [mitosis-origin] pgd_free for mm=ffff000495122000 and pgd =ffff000495211000 and mm->pgd=ffff000495211000.
Oct 25 15:52:41 ubuntu kernel: [    5.500564] [mitosis-origin] pgd_alloc for mm=ffff000495122000 and mm->pgd =ffff000495219000.
Oct 25 15:52:41 ubuntu kernel: [    5.501411] [mitosis-origin] pgd_free for mm=ffff000495121000 and pgd =ffff000495215000 and mm->pgd=ffff000495215000.
Oct 25 15:52:41 ubuntu kernel: [    5.503329] [mitosis-origin] pgd_alloc for mm=ffff000495121000 and mm->pgd =ffff00049521d000.
Oct 25 15:52:41 ubuntu kernel: [    5.504176] [mitosis-origin] pgd_free for mm=ffff000495122000 and pgd =ffff000495219000 and mm->pgd=ffff000495219000.
Oct 25 15:52:41 ubuntu kernel: [    5.506064] [mitosis-origin] pgd_alloc for mm=ffff000495122000 and mm->pgd =ffff000495221000.
Oct 25 15:52:41 ubuntu kernel: [    5.506938] [mitosis-origin] pgd_free for mm=ffff000495121000 and pgd =ffff00049521d000 and mm->pgd=ffff00049521d000.
Oct 25 15:52:41 ubuntu kernel: [    5.508811] [mitosis-origin] pgd_alloc for mm=ffff000495121000 and mm->pgd =ffff000495225000.
Oct 25 15:52:41 ubuntu kernel: [    5.509660] [mitosis-origin] pgd_free for mm=ffff000495122000 and pgd =ffff000495221000 and mm->pgd=ffff000495221000.
Oct 25 15:52:41 ubuntu kernel: [    5.511624] [mitosis-origin] pgd_alloc for mm=ffff000495122000 and mm->pgd =ffff000495229000.
Oct 25 15:52:41 ubuntu kernel: [    5.512474] [mitosis-origin] pgd_free for mm=ffff000495121000 and pgd =ffff000495225000 and mm->pgd=ffff000495225000.
Oct 25 15:52:41 ubuntu kernel: [    5.514453] [mitosis-origin] pgd_alloc for mm=ffff000495121000 and mm->pgd =ffff000495282000.
Oct 25 15:52:41 ubuntu kernel: [    5.515306] [mitosis-origin] pgd_free for mm=ffff000495122000 and pgd =ffff000495229000 and mm->pgd=ffff000495229000.
Oct 25 15:52:41 ubuntu kernel: [    5.517186] [mitosis-origin] pgd_alloc for mm=ffff000495122000 and mm->pgd =ffff000495287000.
Oct 25 15:52:41 ubuntu kernel: [    5.518105] [mitosis-origin] pgd_free for mm=ffff000495121000 and pgd =ffff000495282000 and mm->pgd=ffff000495282000.
Oct 25 15:52:41 ubuntu kernel: [    5.524263] [mitosis-origin] pgd_alloc for mm=ffff000495121000 and mm->pgd =ffff00049528b000.
Oct 25 15:52:41 ubuntu kernel: [    5.525578] [mitosis-origin] pgd_free for mm=ffff000495122000 and pgd =ffff000495287000 and mm->pgd=ffff000495287000.
Oct 25 15:52:41 ubuntu kernel: [    5.528578] [mitosis-origin] pgd_alloc for mm=ffff000495122000 and mm->pgd =ffff00049528f000.
Oct 25 15:52:41 ubuntu kernel: [    5.529896] [mitosis-origin] pgd_free for mm=ffff000495121000 and pgd =ffff00049528b000 and mm->pgd=ffff00049528b000.
Oct 25 15:52:41 ubuntu kernel: [    5.532544] [mitosis-origin] pgd_alloc for mm=ffff000495121000 and mm->pgd =ffff000495293000.
Oct 25 15:52:41 ubuntu kernel: [    5.533467] [mitosis-origin] pgd_free for mm=ffff000495122000 and pgd =ffff00049528f000 and mm->pgd=ffff00049528f000.
Oct 25 15:52:41 ubuntu kernel: [    5.535542] [mitosis-origin] pgd_alloc for mm=ffff000495122000 and mm->pgd =ffff000495297000.
Oct 25 15:52:41 ubuntu kernel: [    5.536463] [mitosis-origin] pgd_free for mm=ffff000495121000 and pgd =ffff000495293000 and mm->pgd=ffff000495293000.
Oct 25 15:52:41 ubuntu kernel: [    5.538525] [mitosis-origin] pgd_alloc for mm=ffff000495121000 and mm->pgd =ffff00049529b000.
Oct 25 15:52:41 ubuntu kernel: [    5.539447] [mitosis-origin] pgd_free for mm=ffff000495122000 and pgd =ffff000495297000 and mm->pgd=ffff000495297000.
Oct 25 15:52:41 ubuntu kernel: [    5.541463] [mitosis-origin] pgd_alloc for mm=ffff000495122000 and mm->pgd =ffff00049529f000.
Oct 25 15:52:41 ubuntu kernel: [    5.542449] [mitosis-origin] pgd_free for mm=ffff000495121000 and pgd =ffff00049529b000 and mm->pgd=ffff00049529b000.
Oct 25 15:52:41 ubuntu kernel: [    5.544334] [mitosis-origin] pgd_alloc for mm=ffff000495121000 and mm->pgd =ffff0004952a3000.
Oct 25 15:52:41 ubuntu kernel: [    5.545183] [mitosis-origin] pgd_free for mm=ffff000495122000 and pgd =ffff00049529f000 and mm->pgd=ffff00049529f000.
Oct 25 15:52:41 ubuntu kernel: [    5.547224] [mitosis-origin] pgd_alloc for mm=ffff000495122000 and mm->pgd =ffff0004952a7000.
Oct 25 15:52:41 ubuntu kernel: [    5.548072] [mitosis-origin] pgd_free for mm=ffff000495121000 and pgd =ffff0004952a3000 and mm->pgd=ffff0004952a3000.
Oct 25 15:52:41 ubuntu kernel: [    5.549978] [mitosis-origin] pgd_alloc for mm=ffff000495121000 and mm->pgd =ffff0004952ab000.
Oct 25 15:52:41 ubuntu kernel: [    5.550830] [mitosis-origin] pgd_free for mm=ffff000495122000 and pgd =ffff0004952a7000 and mm->pgd=ffff0004952a7000.
Oct 25 15:52:41 ubuntu kernel: [    5.552985] [mitosis-origin] pgd_alloc for mm=ffff000495864400 and mm->pgd =ffff000495704000.
Oct 25 15:52:41 ubuntu kernel: [    5.555120] [mitosis-origin] pgd_alloc for mm=ffff000495866c00 and mm->pgd =ffff0004952af000.
Oct 25 15:52:41 ubuntu kernel: [    5.555971] [mitosis-origin] pgd_free for mm=ffff000495864400 and pgd =ffff000495704000 and mm->pgd=ffff000495704000.
Oct 25 15:52:41 ubuntu kernel: [    5.558401] Key type big_key registered
Oct 25 15:52:41 ubuntu kernel: [    5.559158] [mitosis-origin] pgd_alloc for mm=ffff000495864400 and mm->pgd =ffff0004952b7000.
Oct 25 15:52:41 ubuntu kernel: [    5.560483] [mitosis-origin] pgd_free for mm=ffff000495866c00 and pgd =ffff0004952af000 and mm->pgd=ffff0004952af000.
Oct 25 15:52:41 ubuntu kernel: [    5.573499] [mitosis-origin] pgd_alloc for mm=ffff000495866c00 and mm->pgd =ffff0004952bb000.
Oct 25 15:52:41 ubuntu kernel: [    5.574568] [mitosis-origin] pgd_free for mm=ffff000495864400 and pgd =ffff0004952b7000 and mm->pgd=ffff0004952b7000.
Oct 25 15:52:41 ubuntu kernel: [    5.576609] [mitosis-origin] pgd_alloc for mm=ffff000495864400 and mm->pgd =ffff000495b5b000.
Oct 25 15:52:41 ubuntu kernel: [    5.577459] [mitosis-origin] pgd_free for mm=ffff000495866c00 and pgd =ffff0004952bb000 and mm->pgd=ffff0004952bb000.
Oct 25 15:52:41 ubuntu kernel: [    5.579256] Key type encrypted registered
Oct 25 15:52:41 ubuntu kernel: [    5.579653] AppArmor: AppArmor sha1 policy hashing enabled
Oct 25 15:52:41 ubuntu kernel: [    5.580370] ima: No TPM chip found, activating TPM-bypass!
Oct 25 15:52:41 ubuntu kernel: [    5.580902] ima: Allocated hash algorithm: sha1
Oct 25 15:52:41 ubuntu kernel: [    5.581362] ima: No architecture policies found
Oct 25 15:52:41 ubuntu kernel: [    5.581809] evm: Initialising EVM extended attributes:
Oct 25 15:52:41 ubuntu kernel: [    5.582365] evm: security.selinux
Oct 25 15:52:41 ubuntu kernel: [    5.582675] evm: security.SMACK64
Oct 25 15:52:41 ubuntu kernel: [    5.582986] evm: security.SMACK64EXEC
Oct 25 15:52:41 ubuntu kernel: [    5.583430] evm: security.SMACK64TRANSMUTE
Oct 25 15:52:41 ubuntu kernel: [    5.583908] evm: security.SMACK64MMAP
Oct 25 15:52:41 ubuntu kernel: [    5.584336] evm: security.apparmor
Oct 25 15:52:41 ubuntu kernel: [    5.584733] evm: security.ima
Oct 25 15:52:41 ubuntu kernel: [    5.585082] evm: security.capability
Oct 25 15:52:41 ubuntu kernel: [    5.585502] evm: HMAC attrs: 0x1
Oct 25 15:52:41 ubuntu kernel: [    5.590298] Freeing unused kernel memory: 7040K
Oct 25 15:52:41 ubuntu kernel: [    5.663962] Checked W+X mappings: passed, no W+X pages found
Oct 25 15:52:41 ubuntu kernel: [    5.664549] Run /init as init process
Oct 25 15:52:41 ubuntu kernel: [    5.664893]   with arguments:
Oct 25 15:52:41 ubuntu kernel: [    5.664894]     /init
Oct 25 15:52:41 ubuntu kernel: [    5.664895]   with environment:
Oct 25 15:52:41 ubuntu kernel: [    5.664896]     HOME=/
Oct 25 15:52:41 ubuntu kernel: [    5.664896]     TERM=linux
Oct 25 15:52:41 ubuntu kernel: [    5.664897]     BOOT_IMAGE=/boot/vmlinuz-5.7.1
Oct 25 15:52:41 ubuntu kernel: [    5.664944] [mitosis-origin] pgd_alloc for mm=ffff000495338c00 and mm->pgd =ffff0004df7f4000.
Oct 25 15:52:41 ubuntu kernel: [    5.666885] [mitosis-origin] pgd_alloc for mm=ffff000495338400 and mm->pgd =ffff0004df007000.
Oct 25 15:52:41 ubuntu kernel: [    5.667798] [mitosis-origin] pgd_free for mm=ffff000495121000 and pgd =ffff0004952ab000 and mm->pgd=ffff0004952ab000.
Oct 25 15:52:41 ubuntu kernel: [    5.669222] [mitosis-origin] pgd_alloc for mm=ffff00049533b400 and mm->pgd =ffff000495307000.
Oct 25 15:52:41 ubuntu kernel: [    5.670259] [mitosis-origin] pgd_free for mm=ffff000495338400 and pgd =ffff0004df007000 and mm->pgd=ffff0004df007000.
Oct 25 15:52:41 ubuntu kernel: [    5.671734] [mitosis-origin] pgd_alloc for mm=ffff00049533ac00 and mm->pgd =ffff000495315000.
Oct 25 15:52:41 ubuntu kernel: [    5.672736] [mitosis-origin] pgd_free for mm=ffff00049533b400 and pgd =ffff000495307000 and mm->pgd=ffff000495307000.
Oct 25 15:52:41 ubuntu kernel: [    5.674183] [mitosis-origin] pgd_alloc for mm=ffff000495339800 and mm->pgd =ffff000495323000.
Oct 25 15:52:41 ubuntu kernel: [    5.675185] [mitosis-origin] pgd_free for mm=ffff00049533ac00 and pgd =ffff000495315000 and mm->pgd=ffff000495315000.
Oct 25 15:52:41 ubuntu kernel: [    5.676599] [mitosis-origin] pgd_alloc for mm=ffff00049533a800 and mm->pgd =ffff000495331000.
Oct 25 15:52:41 ubuntu kernel: [    5.677604] [mitosis-origin] pgd_free for mm=ffff000495339800 and pgd =ffff000495323000 and mm->pgd=ffff000495323000.
Oct 25 15:52:41 ubuntu kernel: [    5.679003] [mitosis-origin] pgd_alloc for mm=ffff000495121000 and mm->pgd =ffff000495323000.
Oct 25 15:52:41 ubuntu kernel: [    5.679976] [mitosis-origin] pgd_free for mm=ffff00049533a800 and pgd =ffff000495331000 and mm->pgd=ffff000495331000.
Oct 25 15:52:41 ubuntu kernel: [    5.681686] [mitosis-origin] pgd_alloc for mm=ffff000495338800 and mm->pgd =ffff000495082000.
Oct 25 15:52:41 ubuntu kernel: [    5.682719] [mitosis-origin] pgd_free for mm=ffff000495121000 and pgd =ffff000495323000 and mm->pgd=ffff000495323000.
Oct 25 15:52:41 ubuntu kernel: [    5.683944] [mitosis-origin] pgd_alloc for mm=ffff000495121000 and mm->pgd =ffff000495323000.
Oct 25 15:52:41 ubuntu kernel: [    5.684910] [mitosis-origin] pgd_free for mm=ffff000495338800 and pgd =ffff000495082000 and mm->pgd=ffff000495082000.
Oct 25 15:52:41 ubuntu kernel: [    5.686648] [mitosis-origin] pgd_alloc for mm=ffff00049533f400 and mm->pgd =ffff000495b67000.
Oct 25 15:52:41 ubuntu kernel: [    5.687672] [mitosis-origin] pgd_free for mm=ffff000495121000 and pgd =ffff000495323000 and mm->pgd=ffff000495323000.
Oct 25 15:52:41 ubuntu kernel: [    5.688982] [mitosis-origin] pgd_alloc for mm=ffff000495121000 and mm->pgd =ffff000495323000.
Oct 25 15:52:41 ubuntu kernel: [    5.690017] [mitosis-origin] pgd_free for mm=ffff00049533f400 and pgd =ffff000495b67000 and mm->pgd=ffff000495b67000.
Oct 25 15:52:41 ubuntu kernel: [    5.691638] [mitosis-origin] pgd_free for mm=ffff000495156000 and pgd =ffff0004df289000 and mm->pgd=ffff0004df289000.
Oct 25 15:52:41 ubuntu kernel: [    5.693429] [mitosis-origin] pgd_alloc for mm=ffff000495156000 and mm->pgd =ffff0004df289000.
Oct 25 15:52:41 ubuntu kernel: [    5.694701] [mitosis-origin] pgd_alloc for mm=ffff0004953b6000 and mm->pgd =ffff00049598e000.
Oct 25 15:52:41 ubuntu kernel: [    5.695762] [mitosis-origin] pgd_free for mm=ffff000495156000 and pgd =ffff0004df289000 and mm->pgd=ffff0004df289000.
Oct 25 15:52:41 ubuntu kernel: [    5.697484] [mitosis-origin] pgd_alloc for mm=ffff000495154400 and mm->pgd =ffff0004df29a000.
Oct 25 15:52:41 ubuntu kernel: [    5.698615] [mitosis-origin] pgd_free for mm=ffff0004953b6000 and pgd =ffff00049598e000 and mm->pgd=ffff00049598e000.
Oct 25 15:52:41 ubuntu kernel: [    5.700009] [mitosis-origin] pgd_alloc for mm=ffff000495156c00 and mm->pgd =ffff0004df2a9000.
Oct 25 15:52:41 ubuntu kernel: [    5.701048] [mitosis-origin] pgd_free for mm=ffff000495154400 and pgd =ffff0004df29a000 and mm->pgd=ffff0004df29a000.
Oct 25 15:52:41 ubuntu kernel: [    5.702255] [mitosis-origin] pgd_alloc for mm=ffff0004953b6000 and mm->pgd =ffff0004df29a000.
Oct 25 15:52:41 ubuntu kernel: [    5.703188] [mitosis-origin] pgd_free for mm=ffff000495156c00 and pgd =ffff0004df2a9000 and mm->pgd=ffff0004df2a9000.
Oct 25 15:52:41 ubuntu kernel: [    5.705024] [mitosis-origin] pgd_alloc for mm=ffff000495151400 and mm->pgd =ffff0004df2b7000.
Oct 25 15:52:41 ubuntu kernel: [    5.706168] [mitosis-origin] pgd_free for mm=ffff0004953b6000 and pgd =ffff0004df29a000 and mm->pgd=ffff0004df29a000.
Oct 25 15:52:41 ubuntu kernel: [    5.707391] [mitosis-origin] pgd_alloc for mm=ffff0004953b6000 and mm->pgd =ffff0004df29a000.
Oct 25 15:52:41 ubuntu kernel: [    5.708368] [mitosis-origin] pgd_free for mm=ffff000495151400 and pgd =ffff0004df2b7000 and mm->pgd=ffff0004df2b7000.
Oct 25 15:52:41 ubuntu kernel: [    5.710213] [mitosis-origin] pgd_alloc for mm=ffff000495154c00 and mm->pgd =ffff0004959a6000.
Oct 25 15:52:41 ubuntu kernel: [    5.711271] [mitosis-origin] pgd_free for mm=ffff0004953b6000 and pgd =ffff0004df29a000 and mm->pgd=ffff0004df29a000.
Oct 25 15:52:41 ubuntu kernel: [    5.714330] [mitosis-origin] pgd_alloc for mm=ffff000495151000 and mm->pgd =ffff0004953c4000.
Oct 25 15:52:41 ubuntu kernel: [    5.715451] [mitosis-origin] pgd_free for mm=ffff000495154c00 and pgd =ffff0004959a6000 and mm->pgd=ffff0004959a6000.
Oct 25 15:52:41 ubuntu kernel: [    5.716851] [mitosis-origin] pgd_alloc for mm=ffff0004953b6000 and mm->pgd =ffff0004959a6000.
Oct 25 15:52:41 ubuntu kernel: [    5.718032] [mitosis-origin] pgd_free for mm=ffff000495151000 and pgd =ffff0004953c4000 and mm->pgd=ffff0004953c4000.
Oct 25 15:52:41 ubuntu kernel: [    5.722479] [mitosis-origin] pgd_alloc for mm=ffff0004953fc400 and mm->pgd =ffff0004deb01000.
Oct 25 15:52:41 ubuntu kernel: [    5.723735] [mitosis-origin] pgd_alloc for mm=ffff000494c0f800 and mm->pgd =ffff0004df333000.
Oct 25 15:52:41 ubuntu kernel: [    5.724974] [mitosis-origin] pgd_free for mm=ffff0004953fc400 and pgd =ffff0004deb01000 and mm->pgd=ffff0004deb01000.
Oct 25 15:52:41 ubuntu kernel: [    5.727138] [mitosis-origin] pgd_alloc for mm=ffff000494c0e000 and mm->pgd =ffff0004df348000.
Oct 25 15:52:41 ubuntu kernel: [    5.728437] [mitosis-origin] pgd_free for mm=ffff0004953b6000 and pgd =ffff0004959a6000 and mm->pgd=ffff0004959a6000.
Oct 25 15:52:41 ubuntu kernel: [    5.731126] [mitosis-origin] pgd_alloc for mm=ffff0004953b6000 and mm->pgd =ffff0004df2b6000.
Oct 25 15:52:41 ubuntu kernel: [    5.733138] [mitosis-origin] pgd_free for mm=ffff000494c0e000 and pgd =ffff0004df348000 and mm->pgd=ffff0004df348000.
Oct 25 15:52:41 ubuntu kernel: [    5.736995] [mitosis-origin] pgd_alloc for mm=ffff000494c47400 and mm->pgd =ffff0004952cd000.
Oct 25 15:52:41 ubuntu kernel: [    5.738510] [mitosis-origin] pgd_alloc for mm=ffff000494c0c400 and mm->pgd =ffff0004df353000.
Oct 25 15:52:41 ubuntu kernel: [    5.739723] [mitosis-origin] pgd_free for mm=ffff000494c47400 and pgd =ffff0004952cd000 and mm->pgd=ffff0004952cd000.
Oct 25 15:52:41 ubuntu kernel: [    5.741699] [mitosis-origin] pgd_alloc for mm=ffff000494c0ec00 and mm->pgd =ffff0004df366000.
Oct 25 15:52:41 ubuntu kernel: [    5.743205] [mitosis-origin] pgd_alloc for mm=ffff00049533a400 and mm->pgd =ffff000495b63000.
Oct 25 15:52:41 ubuntu kernel: [    5.744389] [mitosis-origin] pgd_free for mm=ffff000494c0ec00 and pgd =ffff0004df366000 and mm->pgd=ffff0004df366000.
Oct 25 15:52:41 ubuntu kernel: [    5.747140] [mitosis-origin] pgd_alloc for mm=ffff000494c5f000 and mm->pgd =ffff0004de620000.
Oct 25 15:52:41 ubuntu kernel: [    5.749629] [mitosis-origin] pgd_alloc for mm=ffff000494c09400 and mm->pgd =ffff000495993000.
Oct 25 15:52:41 ubuntu kernel: [    5.750882] [mitosis-origin] pgd_free for mm=ffff000494c5f000 and pgd =ffff0004de620000 and mm->pgd=ffff0004de620000.
Oct 25 15:52:41 ubuntu kernel: [    5.752741] [mitosis-origin] pgd_alloc for mm=ffff000494c0cc00 and mm->pgd =ffff000495b6b000.
Oct 25 15:52:41 ubuntu kernel: [    5.754310] [mitosis-origin] pgd_alloc for mm=ffff000494c5b000 and mm->pgd =ffff0004de62c000.
Oct 25 15:52:41 ubuntu kernel: [    5.756390] [mitosis-origin] pgd_free for mm=ffff000494c0cc00 and pgd =ffff000495b6b000 and mm->pgd=ffff000495b6b000.
Oct 25 15:52:41 ubuntu kernel: [    5.760581] [mitosis-origin] pgd_free for mm=ffff000494c5b000 and pgd =ffff0004de62c000 and mm->pgd=ffff0004de62c000.
Oct 25 15:52:41 ubuntu kernel: [    5.762591] [mitosis-origin] pgd_alloc for mm=ffff000494c5b000 and mm->pgd =ffff0004de62c000.
Oct 25 15:52:41 ubuntu kernel: [    5.763464] [mitosis-origin] pgd_free for mm=ffff000494c09400 and pgd =ffff000495993000 and mm->pgd=ffff000495993000.
Oct 25 15:52:41 ubuntu kernel: [    5.765039] [mitosis-origin] pgd_alloc for mm=ffff000494c09400 and mm->pgd =ffff000495993000.
Oct 25 15:52:41 ubuntu kernel: [    5.766406] [mitosis-origin] pgd_free for mm=ffff000494c5b000 and pgd =ffff0004de62c000 and mm->pgd=ffff0004de62c000.
Oct 25 15:52:41 ubuntu kernel: [    5.768533] [mitosis-origin] pgd_alloc for mm=ffff000494c09000 and mm->pgd =ffff0004956ed000.
Oct 25 15:52:41 ubuntu kernel: [    5.769797] [mitosis-origin] pgd_free for mm=ffff00049533a400 and pgd =ffff000495b63000 and mm->pgd=ffff000495b63000.
Oct 25 15:52:41 ubuntu kernel: [    5.771290] [mitosis-origin] pgd_alloc for mm=ffff00049533a400 and mm->pgd =ffff000495363000.
Oct 25 15:52:41 ubuntu kernel: [    5.772326] [mitosis-origin] pgd_free for mm=ffff000494c09000 and pgd =ffff0004956ed000 and mm->pgd=ffff0004956ed000.
Oct 25 15:52:41 ubuntu kernel: [    5.776497] [mitosis-origin] pgd_alloc for mm=ffff00049533d400 and mm->pgd =ffff00049598f000.
Oct 25 15:52:41 ubuntu kernel: [    5.777985] [mitosis-origin] pgd_alloc for mm=ffff000494cf3000 and mm->pgd =ffff0004df388000.
Oct 25 15:52:41 ubuntu kernel: [    5.778972] [mitosis-origin] pgd_free for mm=ffff00049533a400 and pgd =ffff000495363000 and mm->pgd=ffff000495363000.
Oct 25 15:52:41 ubuntu kernel: [    5.780088] [mitosis-origin] pgd_alloc for mm=ffff00049533a400 and mm->pgd =ffff000495367000.
Oct 25 15:52:41 ubuntu kernel: [    5.780974] [mitosis-origin] pgd_free for mm=ffff000494cf3000 and pgd =ffff0004df388000 and mm->pgd=ffff0004df388000.
Oct 25 15:52:41 ubuntu kernel: [    5.816201] [mitosis-origin] pgd_alloc for mm=ffff000494c0a000 and mm->pgd =ffff000494c70000.
Oct 25 15:52:41 ubuntu kernel: [    5.817654] [mitosis-origin] pgd_alloc for mm=ffff000494c0fc00 and mm->pgd =ffff0004df28f000.
Oct 25 15:52:41 ubuntu kernel: [    5.818882] [mitosis-origin] pgd_alloc for mm=ffff000494c0d800 and mm->pgd =ffff000495184000.
Oct 25 15:52:41 ubuntu kernel: [    5.819889] [mitosis-origin] pgd_alloc for mm=ffff000494c0c800 and mm->pgd =ffff000495996000.
Oct 25 15:52:41 ubuntu kernel: [    5.820878] [mitosis-origin] pgd_alloc for mm=ffff000494c0d000 and mm->pgd =ffff000494de5000.
Oct 25 15:52:41 ubuntu kernel: [    5.821890] [mitosis-origin] pgd_alloc for mm=ffff000494c0e400 and mm->pgd =ffff000494df8000.
Oct 25 15:52:41 ubuntu kernel: [    5.822338] [mitosis-origin] pgd_alloc for mm=ffff000494ea8400 and mm->pgd =ffff0004dec11000.
Oct 25 15:52:41 ubuntu kernel: [    5.822888] [mitosis-origin] pgd_free for mm=ffff00049533a400 and pgd =ffff000495367000 and mm->pgd=ffff000495367000.
Oct 25 15:52:41 ubuntu kernel: [    5.822973] [mitosis-origin] pgd_alloc for mm=ffff000494c09c00 and mm->pgd =ffff000494e6a000.
Oct 25 15:52:41 ubuntu kernel: [    5.823095] [mitosis-origin] pgd_free for mm=ffff0004953b6000 and pgd =ffff0004df2b6000 and mm->pgd=ffff0004df2b6000.
Oct 25 15:52:41 ubuntu kernel: [    5.823171] [mitosis-origin] pgd_alloc for mm=ffff000494c08c00 and mm->pgd =ffff000494eb5000.
Oct 25 15:52:41 ubuntu kernel: [    5.823723] [mitosis-origin] pgd_free for mm=ffff000495866000 and pgd =ffff0004956eb000 and mm->pgd=ffff0004956eb000.
Oct 25 15:52:41 ubuntu kernel: [    5.823800] [mitosis-origin] pgd_alloc for mm=ffff000494c08400 and mm->pgd =ffff000494ec7000.
Oct 25 15:52:41 ubuntu kernel: [    5.829122] [mitosis-origin] pgd_alloc for mm=ffff000494f80800 and mm->pgd =ffff0004df135000.
Oct 25 15:52:41 ubuntu kernel: [    5.830036] [mitosis-origin] pgd_free for mm=ffff000494ea8400 and pgd =ffff0004dec11000 and mm->pgd=ffff0004dec11000.
Oct 25 15:52:41 ubuntu kernel: [    5.873093] [mitosis-origin] pgd_alloc for mm=ffff000494c0b400 and mm->pgd =ffff000494eda000.
Oct 25 15:52:41 ubuntu kernel: [    5.874195] [mitosis-origin] pgd_free for mm=ffff000494c09c00 and pgd =ffff000494e6a000 and mm->pgd=ffff000494e6a000.
Oct 25 15:52:41 ubuntu kernel: [    5.874488] [mitosis-origin] pgd_alloc for mm=ffff000494c0ac00 and mm->pgd =ffff000494eeb000.
Oct 25 15:52:41 ubuntu kernel: [    5.877804] [mitosis-origin] pgd_free for mm=ffff000494c0e400 and pgd =ffff000494df8000 and mm->pgd=ffff000494df8000.
Oct 25 15:52:41 ubuntu kernel: [    5.878037] [mitosis-origin] pgd_free for mm=ffff000494c08400 and pgd =ffff000494ec7000 and mm->pgd=ffff000494ec7000.
Oct 25 15:52:41 ubuntu kernel: [    5.878145] [mitosis-origin] pgd_alloc for mm=ffff000494c09800 and mm->pgd =ffff000494fb3000.
Oct 25 15:52:41 ubuntu kernel: [    5.878254] [mitosis-origin] pgd_free for mm=ffff000494f80800 and pgd =ffff0004df135000 and mm->pgd=ffff0004df135000.
Oct 25 15:52:41 ubuntu kernel: [    5.879703] [mitosis-origin] pgd_alloc for mm=ffff000494c0a800 and mm->pgd =ffff0004df2a4000.
Oct 25 15:52:41 ubuntu kernel: [    5.879919] [mitosis-origin] pgd_alloc for mm=ffff000494eab400 and mm->pgd =ffff000494ec7000.
Oct 25 15:52:41 ubuntu kernel: [    5.880868] [mitosis-origin] pgd_alloc for mm=ffff000494c08800 and mm->pgd =ffff000494e4d000.
Oct 25 15:52:41 ubuntu kernel: [    5.881844] [mitosis-origin] pgd_alloc for mm=ffff00049533a400 and mm->pgd =ffff00049536b000.
Oct 25 15:52:41 ubuntu kernel: [    5.882683] [mitosis-origin] pgd_free for mm=ffff000494c08c00 and pgd =ffff000494eb5000 and mm->pgd=ffff000494eb5000.
Oct 25 15:52:41 ubuntu kernel: [    5.882773] [mitosis-origin] pgd_alloc for mm=ffff000494c0f400 and mm->pgd =ffff000494f7f000.
Oct 25 15:52:41 ubuntu kernel: [    5.882956] [mitosis-origin] pgd_alloc for mm=ffff000494c0a400 and mm->pgd =ffff000494d5f000.
Oct 25 15:52:41 ubuntu kernel: [    5.883139] [mitosis-origin] pgd_alloc for mm=ffff000494c0d400 and mm->pgd =ffff000494441000.
Oct 25 15:52:41 ubuntu kernel: [    5.883328] [mitosis-origin] pgd_alloc for mm=ffff000494c0dc00 and mm->pgd =ffff0004df2bb000.
Oct 25 15:52:41 ubuntu kernel: [    5.883441] [mitosis-origin] pgd_free for mm=ffff000494c0d000 and pgd =ffff000494de5000 and mm->pgd=ffff000494de5000.
Oct 25 15:52:41 ubuntu kernel: [    5.883499] [mitosis-origin] pgd_free for mm=ffff000494eab400 and pgd =ffff000494ec7000 and mm->pgd=ffff000494ec7000.
Oct 25 15:52:41 ubuntu kernel: [    5.883520] [mitosis-origin] pgd_alloc for mm=ffff000494c0bc00 and mm->pgd =ffff000494dc8000.
Oct 25 15:52:41 ubuntu kernel: [    5.883713] [mitosis-origin] pgd_alloc for mm=ffff000494c0c000 and mm->pgd =ffff000494fe1000.
Oct 25 15:52:41 ubuntu kernel: [    5.883825] [mitosis-origin] pgd_free for mm=ffff000494c0c800 and pgd =ffff000495996000 and mm->pgd=ffff000495996000.
Oct 25 15:52:41 ubuntu kernel: [    5.883910] [mitosis-origin] pgd_alloc for mm=ffff000494c0e800 and mm->pgd =ffff000494d23000.
Oct 25 15:52:41 ubuntu kernel: [    5.884188] [mitosis-origin] pgd_alloc for mm=ffff000494c0f000 and mm->pgd =ffff000494410000.
Oct 25 15:52:41 ubuntu kernel: [    5.884406] [mitosis-origin] pgd_alloc for mm=ffff000494c0b000 and mm->pgd =ffff0004944a1000.
Oct 25 15:52:41 ubuntu kernel: [    5.896719] [mitosis-origin] pgd_alloc for mm=ffff000494c08000 and mm->pgd =ffff0004944b4000.
Oct 25 15:52:41 ubuntu kernel: [    5.897759] [mitosis-origin] pgd_alloc for mm=ffff000494c0b800 and mm->pgd =ffff0004944c6000.
Oct 25 15:52:41 ubuntu kernel: [    5.898922] [mitosis-origin] pgd_alloc for mm=ffff000494c0d000 and mm->pgd =ffff0004944ee000.
Oct 25 15:52:41 ubuntu kernel: [    5.899963] [mitosis-origin] pgd_alloc for mm=ffff000494c08c00 and mm->pgd =ffff000494500000.
Oct 25 15:52:41 ubuntu kernel: [    5.901124] [mitosis-origin] pgd_alloc for mm=ffff000494c0c800 and mm->pgd =ffff000494513000.
Oct 25 15:52:41 ubuntu kernel: [    5.902256] [mitosis-origin] pgd_alloc for mm=ffff000494c08400 and mm->pgd =ffff000494540000.
Oct 25 15:52:41 ubuntu kernel: [    5.903339] [mitosis-origin] pgd_alloc for mm=ffff000494c0e400 and mm->pgd =ffff000494554000.
Oct 25 15:52:41 ubuntu kernel: [    5.904365] [mitosis-origin] pgd_alloc for mm=ffff000494c09c00 and mm->pgd =ffff000494566000.
Oct 25 15:52:41 ubuntu kernel: [    5.905386] [mitosis-origin] pgd_alloc for mm=ffff000494c09000 and mm->pgd =ffff000494577000.
Oct 25 15:52:41 ubuntu kernel: [    5.906472] [mitosis-origin] pgd_alloc for mm=ffff000494c0cc00 and mm->pgd =ffff000494594000.
Oct 25 15:52:41 ubuntu kernel: [    5.907507] [mitosis-origin] pgd_alloc for mm=ffff000494c0ec00 and mm->pgd =ffff0004945a6000.
Oct 25 15:52:41 ubuntu kernel: [    5.908555] [mitosis-origin] pgd_alloc for mm=ffff000494c0e000 and mm->pgd =ffff0004945b9000.
Oct 25 15:52:41 ubuntu kernel: [    5.909576] [mitosis-origin] pgd_alloc for mm=ffff00049461b000 and mm->pgd =ffff0004945de000.
Oct 25 15:52:41 ubuntu kernel: [    5.910745] [mitosis-origin] pgd_alloc for mm=ffff000494618000 and mm->pgd =ffff0004945f1000.
Oct 25 15:52:41 ubuntu kernel: [    5.911742] [mitosis-origin] pgd_alloc for mm=ffff00049461b800 and mm->pgd =ffff000494602000.
Oct 25 15:52:41 ubuntu kernel: [    5.912743] [mitosis-origin] pgd_alloc for mm=ffff00049461f800 and mm->pgd =ffff000494f03000.
Oct 25 15:52:41 ubuntu kernel: [    5.913741] [mitosis-origin] pgd_alloc for mm=ffff00049461e000 and mm->pgd =ffff000494d83000.
Oct 25 15:52:41 ubuntu kernel: [    5.914955] [mitosis-origin] pgd_alloc for mm=ffff00049461c400 and mm->pgd =ffff000494e4a000.
Oct 25 15:52:41 ubuntu kernel: [    5.915993] [mitosis-origin] pgd_alloc for mm=ffff00049461ec00 and mm->pgd =ffff00049448d000.
Oct 25 15:52:41 ubuntu kernel: [    5.917011] [mitosis-origin] pgd_alloc for mm=ffff000494619400 and mm->pgd =ffff00049464d000.
Oct 25 15:52:41 ubuntu kernel: [    5.918041] [mitosis-origin] pgd_alloc for mm=ffff00049461cc00 and mm->pgd =ffff00049465f000.
Oct 25 15:52:41 ubuntu kernel: [    5.919068] [mitosis-origin] pgd_alloc for mm=ffff000494619000 and mm->pgd =ffff000494671000.
Oct 25 15:52:41 ubuntu kernel: [    5.920092] [mitosis-origin] pgd_alloc for mm=ffff00049461a000 and mm->pgd =ffff00049468e000.
Oct 25 15:52:41 ubuntu kernel: [    5.921118] [mitosis-origin] pgd_alloc for mm=ffff00049461fc00 and mm->pgd =ffff00049469f000.
Oct 25 15:52:41 ubuntu kernel: [    5.922183] [mitosis-origin] pgd_alloc for mm=ffff00049461d800 and mm->pgd =ffff0004946b3000.
Oct 25 15:52:41 ubuntu kernel: [    5.923264] [mitosis-origin] pgd_alloc for mm=ffff00049461c800 and mm->pgd =ffff0004946c5000.
Oct 25 15:52:41 ubuntu kernel: [    5.924371] [mitosis-origin] pgd_alloc for mm=ffff00049461d000 and mm->pgd =ffff0004946e3000.
Oct 25 15:52:41 ubuntu kernel: [    5.925481] [mitosis-origin] pgd_alloc for mm=ffff00049461e400 and mm->pgd =ffff0004946f5000.
Oct 25 15:52:41 ubuntu kernel: [    5.926633] [mitosis-origin] pgd_alloc for mm=ffff000494619c00 and mm->pgd =ffff000494708000.
Oct 25 15:52:41 ubuntu kernel: [    5.927736] [mitosis-origin] pgd_alloc for mm=ffff000494618c00 and mm->pgd =ffff000494731000.
Oct 25 15:52:41 ubuntu kernel: [    5.928830] [mitosis-origin] pgd_alloc for mm=ffff000494618400 and mm->pgd =ffff000494744000.
Oct 25 15:52:41 ubuntu kernel: [    5.929952] [mitosis-origin] pgd_alloc for mm=ffff00049461b400 and mm->pgd =ffff000494757000.
Oct 25 15:52:41 ubuntu kernel: [    5.931013] [mitosis-origin] pgd_alloc for mm=ffff00049461ac00 and mm->pgd =ffff000494768000.
Oct 25 15:52:41 ubuntu kernel: [    5.932054] [mitosis-origin] pgd_alloc for mm=ffff000494619800 and mm->pgd =ffff000494797000.
Oct 25 15:52:41 ubuntu kernel: [    5.933078] [mitosis-origin] pgd_alloc for mm=ffff00049461a800 and mm->pgd =ffff0004947a9000.
Oct 25 15:52:41 ubuntu kernel: [    5.934169] [mitosis-origin] pgd_alloc for mm=ffff000494618800 and mm->pgd =ffff0004947bc000.
Oct 25 15:52:41 ubuntu kernel: [    5.935204] [mitosis-origin] pgd_alloc for mm=ffff00049461f400 and mm->pgd =ffff0004947ea000.
Oct 25 15:52:41 ubuntu kernel: [    5.936248] [mitosis-origin] pgd_alloc for mm=ffff00049461a400 and mm->pgd =ffff0004947fe000.
Oct 25 15:52:41 ubuntu kernel: [    5.937274] [mitosis-origin] pgd_alloc for mm=ffff00049461d400 and mm->pgd =ffff000493c11000.
Oct 25 15:52:41 ubuntu kernel: [    5.938356] [mitosis-origin] pgd_alloc for mm=ffff00049461dc00 and mm->pgd =ffff000494437000.
Oct 25 15:52:41 ubuntu kernel: [    5.939383] [mitosis-origin] pgd_alloc for mm=ffff00049461bc00 and mm->pgd =ffff000493c37000.
Oct 25 15:52:41 ubuntu kernel: [    5.940528] [mitosis-origin] pgd_alloc for mm=ffff00049461c000 and mm->pgd =ffff000493c49000.
Oct 25 15:52:41 ubuntu kernel: [    5.942354] [mitosis-origin] pgd_free for mm=ffff000494c0a000 and pgd =ffff000494c70000 and mm->pgd=ffff000494c70000.
Oct 25 15:52:41 ubuntu kernel: [    5.942639] [mitosis-origin] pgd_free for mm=ffff000494c0fc00 and pgd =ffff0004df28f000 and mm->pgd=ffff0004df28f000.
Oct 25 15:52:41 ubuntu kernel: [    5.942940] [mitosis-origin] pgd_free for mm=ffff000494c0d800 and pgd =ffff000495184000 and mm->pgd=ffff000495184000.
Oct 25 15:52:41 ubuntu kernel: [    5.942991] [mitosis-origin] pgd_free for mm=ffff0004956a1c00 and pgd =ffff000495619000 and mm->pgd=ffff000495619000.
