Nov 26 10:23:24 ubuntu systemd[1]: Starting Flush Journal to Persistent Storage...
Nov 26 10:23:24 ubuntu kernel: [    0.000000] Booting Linux on physical CPU 0x0000080000 [0x481fd010]
Nov 26 10:23:24 ubuntu kernel: [    0.000000] Linux version 5.7.1 (root@ubuntu) (gcc version 7.5.0 (Ubuntu/Linaro 7.5.0-3ubuntu1~18.04), GNU ld (GNU Binutils for Ubuntu) 2.30) #1 SMP Thu Nov 26 00:24:47 CST 2020
Nov 26 10:23:24 ubuntu kernel: [    0.000000] efi: EFI v2.70 by EDK II
Nov 26 10:23:24 ubuntu systemd[1]: Started udev Coldplug all Devices.
Nov 26 10:23:24 ubuntu kernel: [    0.000000] efi:  ACPI 2.0=0x2fc50000  SMBIOS 3.0=0x2fbf0000  MEMATTR=0x35e92018  ESRT=0x36117b18  MEMRESERVE=0x2fb93018 
Nov 26 10:23:24 ubuntu kernel: [    0.000000] esrt: Reserving ESRT space from 0x0000000036117b18 to 0x0000000036117b50.
Nov 26 10:23:24 ubuntu kernel: [    0.000000] cma: Reserved 32 MiB at 0x000000007e000000
Nov 26 10:23:24 ubuntu systemd[1]: Activated swap /swapfile.
Nov 26 10:23:24 ubuntu kernel: [    0.000000] ACPI: Early table checksum verification disabled
Nov 26 10:23:24 ubuntu kernel: [    0.000000] ACPI: RSDP 0x000000002FC50000 000024 (v02 HISI  )
Nov 26 10:23:24 ubuntu kernel: [    0.000000] ACPI: XSDT 0x000000002FC40000 0000A4 (v01 HISI   HIP08    00000000      01000013)
Nov 26 10:23:24 ubuntu kernel: [    0.000000] ACPI: FACP 0x000000002F790000 000114 (v06 HISI   HIP08    00000000 HISI 20151124)
Nov 26 10:23:24 ubuntu kernel: [    0.000000] ACPI: DSDT 0x000000002F530000 00C441 (v02 HISI   HIP08    00000000 INTL 20181213)
Nov 26 10:23:24 ubuntu kernel: [    0.000000] ACPI: PCCT 0x000000002FC30000 00008A (v01 HISI   HIP08    00000000 HISI 20151124)
Nov 26 10:23:24 ubuntu systemd[1]: Reached target Swap.
Nov 26 10:23:24 ubuntu kernel: [    0.000000] ACPI: SSDT 0x000000002FC20000 00E64A (v02 HISI   HIP07    00000000 INTL 20181213)
Nov 26 10:23:24 ubuntu kernel: [    0.000000] ACPI: BERT 0x000000002FBC0000 000030 (v01 HISI   HIP08    00000000 HISI 20151124)
Nov 26 10:23:24 ubuntu kernel: [    0.000000] ACPI: HEST 0x000000002FBA0000 00058C (v01 HISI   HIP08    00000000 HISI 20151124)
Nov 26 10:23:24 ubuntu kernel: [    0.000000] ACPI: ERST 0x000000002FB60000 000230 (v01 HISI   HIP08    00000000 HISI 20151124)
Nov 26 10:23:24 ubuntu kernel: [    0.000000] ACPI: EINJ 0x000000002FB50000 000170 (v01 HISI   HIP08    00000000 HISI 20151124)
Nov 26 10:23:24 ubuntu systemd[1]: Started LVM2 metadata daemon.
Nov 26 10:23:24 ubuntu kernel: [    0.000000] ACPI: GTDT 0x000000002F590000 00007C (v02 HISI   HIP08    00000000 HISI 20151124)
Nov 26 10:23:24 ubuntu kernel: [    0.000000] ACPI: MCFG 0x000000002F580000 00003C (v01 HISI   HIP08    00000000 HISI 20151124)
Nov 26 10:23:24 ubuntu kernel: [    0.000000] ACPI: SLIT 0x000000002F570000 00003C (v01 HISI   HIP08    00000000 HISI 20151124)
Nov 26 10:23:24 ubuntu kernel: [    0.000000] ACPI: SRAT 0x000000002F560000 0007D0 (v03 HISI   HIP08    00000000 HISI 20151124)
Nov 26 10:23:24 ubuntu kernel: [    0.000000] ACPI: SDEI 0x000000002F550000 000030 (v01 HISI   HIP08    00000000 HISI 20151124)
Nov 26 10:23:24 ubuntu systemd[1]: Started Create Static Device Nodes in /dev.
Nov 26 10:23:24 ubuntu kernel: [    0.000000] ACPI: APIC 0x000000002F540000 001E6C (v04 HISI   HIP08    00000000 HISI 20151124)
Nov 26 10:23:24 ubuntu kernel: [    0.000000] ACPI: IORT 0x000000002F520000 001678 (v00 HISI   HIP08    00000000 INTL 20181213)
Nov 26 10:23:24 ubuntu systemd[1]: Starting udev Kernel Device Manager...
Nov 26 10:23:24 ubuntu kernel: [    0.000000] ACPI: PPTT 0x000000002ECE0000 0031B0 (v01 HISI   HIP08    00000000 HISI 20151124)
Nov 26 10:23:24 ubuntu kernel: [    0.000000] ACPI: SPMI 0x000000002ECD0000 000041 (v05 HISI   HIP08    00000000 HISI 20151124)
Nov 26 10:23:24 ubuntu kernel: [    0.000000] ACPI: SRAT: Node 0 PXM 0 [mem 0x2080000000-0x27ffffffff]
Nov 26 10:23:24 ubuntu kernel: [    0.000000] ACPI: SRAT: Node 1 PXM 1 [mem 0x2800000000-0x2fffffffff]
Nov 26 10:23:24 ubuntu systemd-modules-load[1499]: Inserted module 'lp'
Nov 26 10:23:24 ubuntu kernel: [    0.000000] ACPI: SRAT: Node 0 PXM 0 [mem 0x00000000-0x7fffffff]
Nov 26 10:23:24 ubuntu kernel: [    0.000000] ACPI: SRAT: Node 2 PXM 2 [mem 0x202000000000-0x2027ffffffff]
Nov 26 10:23:24 ubuntu kernel: [    0.000000] ACPI: SRAT: Node 3 PXM 3 [mem 0x202800000000-0x202fffffffff]
Nov 26 10:23:24 ubuntu systemd-modules-load[1499]: Inserted module 'ppdev'
Nov 26 10:23:24 ubuntu kernel: [    0.000000] NUMA: NODE_DATA [mem 0x27ffffc300-0x27ffffffff]
Nov 26 10:23:24 ubuntu kernel: [    0.000000] NUMA: NODE_DATA [mem 0x2fffffc300-0x2fffffffff]
Nov 26 10:23:24 ubuntu kernel: [    0.000000] NUMA: NODE_DATA [mem 0x2027ffffc300-0x2027ffffffff]
Nov 26 10:23:24 ubuntu kernel: [    0.000000] NUMA: NODE_DATA [mem 0x202ff0000300-0x202ff0003fff]
Nov 26 10:23:24 ubuntu systemd-modules-load[1499]: Failed to find module 'parport_pc'
Nov 26 10:23:24 ubuntu kernel: [    0.000000] Zone ranges:
Nov 26 10:23:24 ubuntu kernel: [    0.000000]   DMA      [mem 0x0000000000000000-0x000000003fffffff]
Nov 26 10:23:24 ubuntu kernel: [    0.000000]   DMA32    [mem 0x0000000040000000-0x00000000ffffffff]
Nov 26 10:23:24 ubuntu systemd[1]: Started Monitoring of LVM2 mirrors, snapshots etc. using dmeventd or progress polling.
Nov 26 10:23:24 ubuntu kernel: [    0.000000]   Normal   [mem 0x0000000100000000-0x0000202fffffffff]
Nov 26 10:23:24 ubuntu kernel: [    0.000000] Movable zone start for each node
Nov 26 10:23:24 ubuntu kernel: [    0.000000] Early memory node ranges
Nov 26 10:23:24 ubuntu kernel: [    0.000000]   node   0: [mem 0x0000000000000000-0x000000000000ffff]
Nov 26 10:23:24 ubuntu kernel: [    0.000000]   node   0: [mem 0x0000000000010000-0x000000002e4f2fff]
Nov 26 10:23:24 ubuntu kernel: [    0.000000]   node   0: [mem 0x000000002e4f3000-0x000000002eccffff]
Nov 26 10:23:24 ubuntu systemd-modules-load[1499]: Inserted module 'iscsi_tcp'
Nov 26 10:23:24 ubuntu kernel: [    0.000000]   node   0: [mem 0x000000002ecd0000-0x000000002f59ffff]
Nov 26 10:23:24 ubuntu systemd[1]: Started Set the console keyboard layout.
Nov 26 10:23:24 ubuntu kernel: [    0.000000]   node   0: [mem 0x000000002f5a0000-0x000000002f78ffff]
Nov 26 10:23:24 ubuntu kernel: [    0.000000]   node   0: [mem 0x000000002f790000-0x000000002f79ffff]
Nov 26 10:23:24 ubuntu systemd[1]: Reached target Local File Systems (Pre).
Nov 26 10:23:24 ubuntu kernel: [    0.000000]   node   0: [mem 0x000000002f7a0000-0x000000002f87ffff]
Nov 26 10:23:24 ubuntu kernel: [    0.000000]   node   0: [mem 0x000000002f880000-0x000000002f8bffff]
Nov 26 10:23:24 ubuntu kernel: [    0.000000]   node   0: [mem 0x000000002f8c0000-0x000000002f95ffff]
Nov 26 10:23:24 ubuntu systemd-modules-load[1499]: Inserted module 'ib_iser'
Nov 26 10:23:24 ubuntu kernel: [    0.000000]   node   0: [mem 0x000000002f960000-0x000000002f97ffff]
Nov 26 10:23:24 ubuntu kernel: [    0.000000]   node   0: [mem 0x000000002f980000-0x000000002fabffff]
Nov 26 10:23:24 ubuntu kernel: [    0.000000]   node   0: [mem 0x000000002fac0000-0x000000002fb6ffff]
Nov 26 10:23:24 ubuntu kernel: [    0.000000]   node   0: [mem 0x000000002fb70000-0x000000002fb71fff]
Nov 26 10:23:24 ubuntu systemd[1]: systemd-modules-load.service: Main process exited, code=exited, status=1/FAILURE
Nov 26 10:23:24 ubuntu kernel: [    0.000000]   node   0: [mem 0x000000002fb72000-0x000000002fb7ffff]
Nov 26 10:23:24 ubuntu kernel: [    0.000000]   node   0: [mem 0x000000002fb80000-0x000000002fb80fff]
Nov 26 10:23:24 ubuntu kernel: [    0.000000]   node   0: [mem 0x000000002fb81000-0x000000002fb8ffff]
Nov 26 10:23:24 ubuntu systemd[1]: systemd-modules-load.service: Failed with result 'exit-code'.
Nov 26 10:23:24 ubuntu kernel: [    0.000000]   node   0: [mem 0x000000002fb90000-0x000000002fb91fff]
Nov 26 10:23:24 ubuntu kernel: [    0.000000]   node   0: [mem 0x000000002fb92000-0x000000002fbaffff]
Nov 26 10:23:24 ubuntu kernel: [    0.000000]   node   0: [mem 0x000000002fbb0000-0x000000002fbb1fff]
Nov 26 10:23:24 ubuntu kernel: [    0.000000]   node   0: [mem 0x000000002fbb2000-0x000000002fbcffff]
Nov 26 10:23:24 ubuntu kernel: [    0.000000]   node   0: [mem 0x000000002fbd0000-0x000000002fbd0fff]
Nov 26 10:23:24 ubuntu kernel: [    0.000000]   node   0: [mem 0x000000002fbd1000-0x000000002fbdffff]
Nov 26 10:23:24 ubuntu systemd[1]: Failed to start Load Kernel Modules.
Nov 26 10:23:24 ubuntu kernel: [    0.000000]   node   0: [mem 0x000000002fbe0000-0x000000002fbfffff]
Nov 26 10:23:24 ubuntu kernel: [    0.000000]   node   0: [mem 0x000000002fc00000-0x000000002fc5ffff]
Nov 26 10:23:24 ubuntu kernel: [    0.000000]   node   0: [mem 0x000000002fc60000-0x000000002fe5ffff]
Nov 26 10:23:24 ubuntu kernel: [    0.000000]   node   0: [mem 0x000000002fe60000-0x000000002fe60fff]
Nov 26 10:23:24 ubuntu kernel: [    0.000000]   node   0: [mem 0x000000002fe61000-0x000000002fe64fff]
Nov 26 10:23:24 ubuntu systemd[1]: Starting Apply Kernel Variables...
Nov 26 10:23:24 ubuntu kernel: [    0.000000]   node   0: [mem 0x000000002fe65000-0x000000002fe6afff]
Nov 26 10:23:24 ubuntu kernel: [    0.000000]   node   0: [mem 0x000000002fe6b000-0x000000002fe6bfff]
Nov 26 10:23:24 ubuntu systemd[1]: Mounting Kernel Configuration File System...
Nov 26 10:23:24 ubuntu kernel: [    0.000000]   node   0: [mem 0x000000002fe6c000-0x000000003f02ffff]
Nov 26 10:23:24 ubuntu kernel: [    0.000000]   node   0: [mem 0x000000003f030000-0x000000003f05ffff]
Nov 26 10:23:24 ubuntu kernel: [    0.000000]   node   0: [mem 0x000000003f060000-0x000000003fbfffff]
Nov 26 10:23:24 ubuntu systemd[1]: Mounting FUSE Control File System...
Nov 26 10:23:24 ubuntu kernel: [    0.000000]   node   0: [mem 0x0000000040000000-0x0000000043ffffff]
Nov 26 10:23:24 ubuntu kernel: [    0.000000]   node   0: [mem 0x0000000044030000-0x000000004fffffff]
Nov 26 10:23:24 ubuntu kernel: [    0.000000]   node   0: [mem 0x0000000050000000-0x000000007fffffff]
Nov 26 10:23:24 ubuntu kernel: [    0.000000]   node   0: [mem 0x0000002080000000-0x00000027ffffffff]
Nov 26 10:23:24 ubuntu systemd[1]: Mounted Kernel Configuration File System.
Nov 26 10:23:24 ubuntu kernel: [    0.000000]   node   1: [mem 0x0000002800000000-0x0000002fffffffff]
Nov 26 10:23:24 ubuntu kernel: [    0.000000]   node   2: [mem 0x0000202000000000-0x00002027ffffffff]
Nov 26 10:23:24 ubuntu systemd[1]: Mounted FUSE Control File System.
Nov 26 10:23:24 ubuntu kernel: [    0.000000]   node   3: [mem 0x0000202800000000-0x0000202fffffffff]
Nov 26 10:23:24 ubuntu kernel: [    0.000000] Zeroed struct page in unavailable ranges: 829 pages
Nov 26 10:23:24 ubuntu systemd[1]: Started Apply Kernel Variables.
Nov 26 10:23:24 ubuntu kernel: [    0.000000] Initmem setup node 0 [mem 0x0000000000000000-0x00000027ffffffff]
Nov 26 10:23:24 ubuntu kernel: [    0.000000] On node 0 totalpages: 8387536
Nov 26 10:23:24 ubuntu kernel: [    0.000000]   DMA zone: 5120 pages used for memmap
Nov 26 10:23:24 ubuntu kernel: [    0.000000]   DMA zone: 0 pages reserved
Nov 26 10:23:24 ubuntu kernel: [    0.000000]   DMA zone: 261120 pages, LIFO batch:63
Nov 26 10:23:24 ubuntu systemd[1]: Started udev Kernel Device Manager.
Nov 26 10:23:24 ubuntu kernel: [    0.000000]   DMA32 zone: 5120 pages used for memmap
Nov 26 10:23:24 ubuntu kernel: [    0.000000]   DMA32 zone: 262096 pages, LIFO batch:63
Nov 26 10:23:24 ubuntu kernel: [    0.000000]   Normal zone: 153600 pages used for memmap
Nov 26 10:23:24 ubuntu kernel: [    0.000000]   Normal zone: 7864320 pages, LIFO batch:63
Nov 26 10:23:24 ubuntu systemd[1]: Started Dispatch Password Requests to Console Directory Watch.
Nov 26 10:23:24 ubuntu kernel: [    0.000000] Initmem setup node 1 [mem 0x0000002800000000-0x0000002fffffffff]
Nov 26 10:23:24 ubuntu kernel: [    0.000000] On node 1 totalpages: 8388608
Nov 26 10:23:24 ubuntu kernel: [    0.000000]   Normal zone: 163840 pages used for memmap
Nov 26 10:23:24 ubuntu systemd[1]: Reached target Local Encrypted Volumes.
Nov 26 10:23:24 ubuntu kernel: [    0.000000]   Normal zone: 8388608 pages, LIFO batch:63
Nov 26 10:23:24 ubuntu kernel: [    0.000000] Initmem setup node 2 [mem 0x0000202000000000-0x00002027ffffffff]
Nov 26 10:23:24 ubuntu kernel: [    0.000000] On node 2 totalpages: 8388608
Nov 26 10:23:24 ubuntu systemd-udevd[1693]: link_config: autonegotiation is unset or enabled, the speed and duplex are not writable.
Nov 26 10:23:24 ubuntu kernel: [    0.000000]   Normal zone: 163840 pages used for memmap
Nov 26 10:23:24 ubuntu kernel: [    0.000000]   Normal zone: 8388608 pages, LIFO batch:63
Nov 26 10:23:24 ubuntu kernel: [    0.000000] Initmem setup node 3 [mem 0x0000202800000000-0x0000202fffffffff]
Nov 26 10:23:24 ubuntu kernel: [    0.000000] On node 3 totalpages: 8388608
Nov 26 10:23:24 ubuntu kernel: [    0.000000]   Normal zone: 163840 pages used for memmap
Nov 26 10:23:24 ubuntu systemd-udevd[1663]: link_config: autonegotiation is unset or enabled, the speed and duplex are not writable.
Nov 26 10:23:24 ubuntu kernel: [    0.000000]   Normal zone: 8388608 pages, LIFO batch:63
Nov 26 10:23:24 ubuntu kernel: [    0.000000] psci: probing for conduit method from ACPI.
Nov 26 10:23:24 ubuntu kernel: [    0.000000] psci: PSCIv1.1 detected in firmware.
Nov 26 10:23:24 ubuntu kernel: [    0.000000] psci: Using standard PSCI v0.2 function IDs
Nov 26 10:23:24 ubuntu kernel: [    0.000000] psci: MIGRATE_INFO_TYPE not supported.
Nov 26 10:23:24 ubuntu systemd[1]: Started Flush Journal to Persistent Storage.
Nov 26 10:23:24 ubuntu kernel: [    0.000000] psci: SMC Calling Convention v1.1
Nov 26 10:23:24 ubuntu systemd-udevd[1620]: link_config: autonegotiation is unset or enabled, the speed and duplex are not writable.
Nov 26 10:23:24 ubuntu systemd-udevd[1658]: link_config: autonegotiation is unset or enabled, the speed and duplex are not writable.
Nov 26 10:23:24 ubuntu systemd-udevd[1612]: link_config: autonegotiation is unset or enabled, the speed and duplex are not writable.
Nov 26 10:23:24 ubuntu systemd[1]: Listening on Load/Save RF Kill Switch Status /dev/rfkill Watch.
Nov 26 10:23:24 ubuntu mtp-probe: checking bus 5, device 3: "/sys/devices/pci0000:7a/0000:7a:02.0/usb5/5-1/5-1.2"
Nov 26 10:23:24 ubuntu mtp-probe: checking bus 1, device 3: "/sys/devices/pci0000:7a/0000:7a:01.0/usb1/1-1/1-1.1"
Nov 26 10:23:24 ubuntu mtp-probe: bus: 1, device: 3 was not an MTP device
Nov 26 10:23:24 ubuntu mtp-probe: bus: 5, device: 3 was not an MTP device
Nov 26 10:23:24 ubuntu systemd[1]: Found device HW-SAS3508 EFI\x20System\x20Partition.
Nov 26 10:23:24 ubuntu systemd[1]: Starting File System Check on /dev/disk/by-uuid/71BE-99A8...
Nov 26 10:23:24 ubuntu kernel: [    0.000000] ACPI: NUMA: SRAT: PXM 0 -> MPIDR 0x80000 -> Node 0
Nov 26 10:23:24 ubuntu kernel: [    0.000000] ACPI: NUMA: SRAT: PXM 0 -> MPIDR 0x80100 -> Node 0
Nov 26 10:23:24 ubuntu kernel: [    0.000000] ACPI: NUMA: SRAT: PXM 0 -> MPIDR 0x80200 -> Node 0
Nov 26 10:23:24 ubuntu kernel: [    0.000000] ACPI: NUMA: SRAT: PXM 0 -> MPIDR 0x80300 -> Node 0
Nov 26 10:23:24 ubuntu systemd[1]: Started File System Check Daemon to report status.
Nov 26 10:23:24 ubuntu kernel: [    0.000000] ACPI: NUMA: SRAT: PXM 0 -> MPIDR 0x90000 -> Node 0
Nov 26 10:23:24 ubuntu kernel: [    0.000000] ACPI: NUMA: SRAT: PXM 0 -> MPIDR 0x90100 -> Node 0
Nov 26 10:23:24 ubuntu kernel: [    0.000000] ACPI: NUMA: SRAT: PXM 0 -> MPIDR 0x90200 -> Node 0
Nov 26 10:23:24 ubuntu kernel: [    0.000000] ACPI: NUMA: SRAT: PXM 0 -> MPIDR 0x90300 -> Node 0
Nov 26 10:23:24 ubuntu systemd-fsck[1961]: fsck.fat 4.1 (2017-01-24)
Nov 26 10:23:24 ubuntu kernel: [    0.000000] ACPI: NUMA: SRAT: PXM 0 -> MPIDR 0xa0000 -> Node 0
Nov 26 10:23:24 ubuntu kernel: [    0.000000] ACPI: NUMA: SRAT: PXM 0 -> MPIDR 0xa0100 -> Node 0
Nov 26 10:23:24 ubuntu kernel: [    0.000000] ACPI: NUMA: SRAT: PXM 0 -> MPIDR 0xa0200 -> Node 0
Nov 26 10:23:24 ubuntu systemd-fsck[1961]: /dev/sda1: 5 files, 35/65501 clusters
Nov 26 10:23:24 ubuntu kernel: [    0.000000] ACPI: NUMA: SRAT: PXM 0 -> MPIDR 0xa0300 -> Node 0
Nov 26 10:23:24 ubuntu kernel: [    0.000000] ACPI: NUMA: SRAT: PXM 0 -> MPIDR 0xb0000 -> Node 0
Nov 26 10:23:24 ubuntu kernel: [    0.000000] ACPI: NUMA: SRAT: PXM 0 -> MPIDR 0xb0100 -> Node 0
Nov 26 10:23:24 ubuntu kernel: [    0.000000] ACPI: NUMA: SRAT: PXM 0 -> MPIDR 0xb0200 -> Node 0
Nov 26 10:23:24 ubuntu kernel: [    0.000000] ACPI: NUMA: SRAT: PXM 0 -> MPIDR 0xb0300 -> Node 0
Nov 26 10:23:24 ubuntu systemd[1]: Started File System Check on /dev/disk/by-uuid/71BE-99A8.
Nov 26 10:23:24 ubuntu kernel: [    0.000000] ACPI: NUMA: SRAT: PXM 0 -> MPIDR 0xc0000 -> Node 0
Nov 26 10:23:24 ubuntu kernel: [    0.000000] ACPI: NUMA: SRAT: PXM 0 -> MPIDR 0xc0100 -> Node 0
Nov 26 10:23:24 ubuntu systemd[1]: Mounting /boot/efi...
Nov 26 10:23:24 ubuntu kernel: [    0.000000] ACPI: NUMA: SRAT: PXM 0 -> MPIDR 0xc0200 -> Node 0
Nov 26 10:23:24 ubuntu kernel: [    0.000000] ACPI: NUMA: SRAT: PXM 0 -> MPIDR 0xc0300 -> Node 0
Nov 26 10:23:24 ubuntu kernel: [    0.000000] ACPI: NUMA: SRAT: PXM 0 -> MPIDR 0xd0000 -> Node 0
Nov 26 10:23:24 ubuntu kernel: [    0.000000] ACPI: NUMA: SRAT: PXM 0 -> MPIDR 0xd0100 -> Node 0
Nov 26 10:23:24 ubuntu systemd[1]: Mounted /boot/efi.
Nov 26 10:23:24 ubuntu kernel: [    0.000000] ACPI: NUMA: SRAT: PXM 0 -> MPIDR 0xd0200 -> Node 0
Nov 26 10:23:24 ubuntu kernel: [    0.000000] ACPI: NUMA: SRAT: PXM 0 -> MPIDR 0xd0300 -> Node 0
Nov 26 10:23:24 ubuntu kernel: [    0.000000] ACPI: NUMA: SRAT: PXM 1 -> MPIDR 0x180000 -> Node 1
Nov 26 10:23:24 ubuntu kernel: [    0.000000] ACPI: NUMA: SRAT: PXM 1 -> MPIDR 0x180100 -> Node 1
Nov 26 10:23:24 ubuntu kernel: [    0.000000] ACPI: NUMA: SRAT: PXM 1 -> MPIDR 0x180200 -> Node 1
Nov 26 10:23:24 ubuntu systemd[1]: Reached target Local File Systems.
Nov 26 10:23:24 ubuntu kernel: [    0.000000] ACPI: NUMA: SRAT: PXM 1 -> MPIDR 0x180300 -> Node 1
Nov 26 10:23:24 ubuntu kernel: [    0.000000] ACPI: NUMA: SRAT: PXM 1 -> MPIDR 0x190000 -> Node 1
Nov 26 10:23:24 ubuntu kernel: [    0.000000] ACPI: NUMA: SRAT: PXM 1 -> MPIDR 0x190100 -> Node 1
Nov 26 10:23:24 ubuntu kernel: [    0.000000] ACPI: NUMA: SRAT: PXM 1 -> MPIDR 0x190200 -> Node 1
Nov 26 10:23:24 ubuntu kernel: [    0.000000] ACPI: NUMA: SRAT: PXM 1 -> MPIDR 0x190300 -> Node 1
Nov 26 10:23:24 ubuntu kernel: [    0.000000] ACPI: NUMA: SRAT: PXM 1 -> MPIDR 0x1a0000 -> Node 1
Nov 26 10:23:24 ubuntu systemd[1]: Starting AppArmor initialization...
Nov 26 10:23:24 ubuntu kernel: [    0.000000] ACPI: NUMA: SRAT: PXM 1 -> MPIDR 0x1a0100 -> Node 1
Nov 26 10:23:24 ubuntu kernel: [    0.000000] ACPI: NUMA: SRAT: PXM 1 -> MPIDR 0x1a0200 -> Node 1
Nov 26 10:23:24 ubuntu systemd[1]: Starting Enable support for additional executable binary formats...
Nov 26 10:23:24 ubuntu kernel: [    0.000000] ACPI: NUMA: SRAT: PXM 1 -> MPIDR 0x1a0300 -> Node 1
Nov 26 10:23:24 ubuntu kernel: [    0.000000] ACPI: NUMA: SRAT: PXM 1 -> MPIDR 0x1b0000 -> Node 1
Nov 26 10:23:24 ubuntu kernel: [    0.000000] ACPI: NUMA: SRAT: PXM 1 -> MPIDR 0x1b0100 -> Node 1
Nov 26 10:23:24 ubuntu kernel: [    0.000000] ACPI: NUMA: SRAT: PXM 1 -> MPIDR 0x1b0200 -> Node 1
Nov 26 10:23:24 ubuntu systemd[1]: Starting Tell Plymouth To Write Out Runtime Data...
Nov 26 10:23:24 ubuntu kernel: [    0.000000] ACPI: NUMA: SRAT: PXM 1 -> MPIDR 0x1b0300 -> Node 1
Nov 26 10:23:24 ubuntu kernel: [    0.000000] ACPI: NUMA: SRAT: PXM 1 -> MPIDR 0x1c0000 -> Node 1
Nov 26 10:23:24 ubuntu kernel: [    0.000000] ACPI: NUMA: SRAT: PXM 1 -> MPIDR 0x1c0100 -> Node 1
Nov 26 10:23:24 ubuntu systemd[1]: Starting Set console font and keymap...
Nov 26 10:23:24 ubuntu kernel: [    0.000000] ACPI: NUMA: SRAT: PXM 1 -> MPIDR 0x1c0200 -> Node 1
Nov 26 10:23:24 ubuntu kernel: [    0.000000] ACPI: NUMA: SRAT: PXM 1 -> MPIDR 0x1c0300 -> Node 1
Nov 26 10:23:24 ubuntu kernel: [    0.000000] ACPI: NUMA: SRAT: PXM 1 -> MPIDR 0x1d0000 -> Node 1
Nov 26 10:23:24 ubuntu kernel: [    0.000000] ACPI: NUMA: SRAT: PXM 1 -> MPIDR 0x1d0100 -> Node 1
Nov 26 10:23:24 ubuntu systemd[1]: Starting Clean up any mess left by 0dns-up...
Nov 26 10:23:24 ubuntu kernel: [    0.000000] ACPI: NUMA: SRAT: PXM 1 -> MPIDR 0x1d0200 -> Node 1
Nov 26 10:23:24 ubuntu kernel: [    0.000000] ACPI: NUMA: SRAT: PXM 1 -> MPIDR 0x1d0300 -> Node 1
Nov 26 10:23:24 ubuntu systemd[1]: Starting ebtables ruleset management...
Nov 26 10:23:24 ubuntu kernel: [    0.000000] ACPI: NUMA: SRAT: PXM 2 -> MPIDR 0x280000 -> Node 2
Nov 26 10:23:24 ubuntu kernel: [    0.000000] ACPI: NUMA: SRAT: PXM 2 -> MPIDR 0x280100 -> Node 2
Nov 26 10:23:24 ubuntu kernel: [    0.000000] ACPI: NUMA: SRAT: PXM 2 -> MPIDR 0x280200 -> Node 2
Nov 26 10:23:24 ubuntu kernel: [    0.000000] ACPI: NUMA: SRAT: PXM 2 -> MPIDR 0x280300 -> Node 2
Nov 26 10:23:24 ubuntu kernel: [    0.000000] ACPI: NUMA: SRAT: PXM 2 -> MPIDR 0x290000 -> Node 2
Nov 26 10:23:24 ubuntu systemd[1]: Starting Create Volatile Files and Directories...
Nov 26 10:23:24 ubuntu kernel: [    0.000000] ACPI: NUMA: SRAT: PXM 2 -> MPIDR 0x290100 -> Node 2
Nov 26 10:23:24 ubuntu kernel: [    0.000000] ACPI: NUMA: SRAT: PXM 2 -> MPIDR 0x290200 -> Node 2
Nov 26 10:23:24 ubuntu kernel: [    0.000000] ACPI: NUMA: SRAT: PXM 2 -> MPIDR 0x290300 -> Node 2
Nov 26 10:23:24 ubuntu kernel: [    0.000000] ACPI: NUMA: SRAT: PXM 2 -> MPIDR 0x2a0000 -> Node 2
Nov 26 10:23:24 ubuntu systemd[1]: Starting QEMU KVM preparation - module, ksm, hugepages...
Nov 26 10:23:24 ubuntu kernel: [    0.000000] ACPI: NUMA: SRAT: PXM 2 -> MPIDR 0x2a0100 -> Node 2
Nov 26 10:23:24 ubuntu kernel: [    0.000000] ACPI: NUMA: SRAT: PXM 2 -> MPIDR 0x2a0200 -> Node 2
Nov 26 10:23:24 ubuntu kernel: [    0.000000] ACPI: NUMA: SRAT: PXM 2 -> MPIDR 0x2a0300 -> Node 2
Nov 26 10:23:24 ubuntu kernel: [    0.000000] ACPI: NUMA: SRAT: PXM 2 -> MPIDR 0x2b0000 -> Node 2
Nov 26 10:23:24 ubuntu systemd[1]: Started QEMU KVM preparation - module, ksm, hugepages.
Nov 26 10:23:24 ubuntu kernel: [    0.000000] ACPI: NUMA: SRAT: PXM 2 -> MPIDR 0x2b0100 -> Node 2
Nov 26 10:23:24 ubuntu kernel: [    0.000000] ACPI: NUMA: SRAT: PXM 2 -> MPIDR 0x2b0200 -> Node 2
Nov 26 10:23:24 ubuntu kernel: [    0.000000] ACPI: NUMA: SRAT: PXM 2 -> MPIDR 0x2b0300 -> Node 2
Nov 26 10:23:24 ubuntu kernel: [    0.000000] ACPI: NUMA: SRAT: PXM 2 -> MPIDR 0x2c0000 -> Node 2
Nov 26 10:23:24 ubuntu kernel: [    0.000000] ACPI: NUMA: SRAT: PXM 2 -> MPIDR 0x2c0100 -> Node 2
Nov 26 10:23:24 ubuntu systemd[1]: proc-sys-fs-binfmt_misc.automount: Got automount request for /proc/sys/fs/binfmt_misc, triggered by 2010 (update-binfmts)
Nov 26 10:23:24 ubuntu kernel: [    0.000000] ACPI: NUMA: SRAT: PXM 2 -> MPIDR 0x2c0200 -> Node 2
Nov 26 10:23:24 ubuntu kernel: [    0.000000] ACPI: NUMA: SRAT: PXM 2 -> MPIDR 0x2c0300 -> Node 2
Nov 26 10:23:24 ubuntu kernel: [    0.000000] ACPI: NUMA: SRAT: PXM 2 -> MPIDR 0x2d0000 -> Node 2
Nov 26 10:23:24 ubuntu kernel: [    0.000000] ACPI: NUMA: SRAT: PXM 2 -> MPIDR 0x2d0100 -> Node 2
Nov 26 10:23:24 ubuntu systemd[1]: Mounting Arbitrary Executable File Formats File System...
Nov 26 10:23:24 ubuntu kernel: [    0.000000] ACPI: NUMA: SRAT: PXM 2 -> MPIDR 0x2d0200 -> Node 2
Nov 26 10:23:24 ubuntu kernel: [    0.000000] ACPI: NUMA: SRAT: PXM 2 -> MPIDR 0x2d0300 -> Node 2
Nov 26 10:23:24 ubuntu kernel: [    0.000000] ACPI: NUMA: SRAT: PXM 3 -> MPIDR 0x380000 -> Node 3
Nov 26 10:23:24 ubuntu kernel: [    0.000000] ACPI: NUMA: SRAT: PXM 3 -> MPIDR 0x380100 -> Node 3
Nov 26 10:23:24 ubuntu kernel: [    0.000000] ACPI: NUMA: SRAT: PXM 3 -> MPIDR 0x380200 -> Node 3
Nov 26 10:23:24 ubuntu systemd[1]: Started Set console font and keymap.
Nov 26 10:23:24 ubuntu kernel: [    0.000000] ACPI: NUMA: SRAT: PXM 3 -> MPIDR 0x380300 -> Node 3
Nov 26 10:23:24 ubuntu kernel: [    0.000000] ACPI: NUMA: SRAT: PXM 3 -> MPIDR 0x390000 -> Node 3
Nov 26 10:23:24 ubuntu systemd[1]: Started ebtables ruleset management.
Nov 26 10:23:24 ubuntu kernel: [    0.000000] ACPI: NUMA: SRAT: PXM 3 -> MPIDR 0x390100 -> Node 3
Nov 26 10:23:24 ubuntu kernel: [    0.000000] ACPI: NUMA: SRAT: PXM 3 -> MPIDR 0x390200 -> Node 3
Nov 26 10:23:24 ubuntu kernel: [    0.000000] ACPI: NUMA: SRAT: PXM 3 -> MPIDR 0x390300 -> Node 3
Nov 26 10:23:24 ubuntu kernel: [    0.000000] ACPI: NUMA: SRAT: PXM 3 -> MPIDR 0x3a0000 -> Node 3
Nov 26 10:23:24 ubuntu apparmor[2008]:  * Starting AppArmor profiles
Nov 26 10:23:24 ubuntu kernel: [    0.000000] ACPI: NUMA: SRAT: PXM 3 -> MPIDR 0x3a0100 -> Node 3
Nov 26 10:23:24 ubuntu kernel: [    0.000000] ACPI: NUMA: SRAT: PXM 3 -> MPIDR 0x3a0200 -> Node 3
Nov 26 10:23:24 ubuntu kernel: [    0.000000] ACPI: NUMA: SRAT: PXM 3 -> MPIDR 0x3a0300 -> Node 3
Nov 26 10:23:24 ubuntu kernel: [    0.000000] ACPI: NUMA: SRAT: PXM 3 -> MPIDR 0x3b0000 -> Node 3
Nov 26 10:23:24 ubuntu systemd[1]: Reached target Network (Pre).
Nov 26 10:23:24 ubuntu kernel: [    0.000000] ACPI: NUMA: SRAT: PXM 3 -> MPIDR 0x3b0100 -> Node 3
Nov 26 10:23:24 ubuntu kernel: [    0.000000] ACPI: NUMA: SRAT: PXM 3 -> MPIDR 0x3b0200 -> Node 3
Nov 26 10:23:24 ubuntu kernel: [    0.000000] ACPI: NUMA: SRAT: PXM 3 -> MPIDR 0x3b0300 -> Node 3
Nov 26 10:23:24 ubuntu systemd[1]: Started Tell Plymouth To Write Out Runtime Data.
Nov 26 10:23:24 ubuntu kernel: [    0.000000] ACPI: NUMA: SRAT: PXM 3 -> MPIDR 0x3c0000 -> Node 3
Nov 26 10:23:24 ubuntu kernel: [    0.000000] ACPI: NUMA: SRAT: PXM 3 -> MPIDR 0x3c0100 -> Node 3
Nov 26 10:23:24 ubuntu kernel: [    0.000000] ACPI: NUMA: SRAT: PXM 3 -> MPIDR 0x3c0200 -> Node 3
Nov 26 10:23:24 ubuntu systemd[1]: Mounted Arbitrary Executable File Formats File System.
Nov 26 10:23:24 ubuntu kernel: [    0.000000] ACPI: NUMA: SRAT: PXM 3 -> MPIDR 0x3c0300 -> Node 3
Nov 26 10:23:24 ubuntu kernel: [    0.000000] ACPI: NUMA: SRAT: PXM 3 -> MPIDR 0x3d0000 -> Node 3
Nov 26 10:23:24 ubuntu kernel: [    0.000000] ACPI: NUMA: SRAT: PXM 3 -> MPIDR 0x3d0100 -> Node 3
Nov 26 10:23:24 ubuntu systemd[1]: Started Enable support for additional executable binary formats.
Nov 26 10:23:24 ubuntu kernel: [    0.000000] ACPI: NUMA: SRAT: PXM 3 -> MPIDR 0x3d0200 -> Node 3
Nov 26 10:23:24 ubuntu systemd[1]: Started Clean up any mess left by 0dns-up.
Nov 26 10:23:24 ubuntu kernel: [    0.000000] ACPI: NUMA: SRAT: PXM 3 -> MPIDR 0x3d0300 -> Node 3
Nov 26 10:23:24 ubuntu kernel: [    0.000000] percpu: Embedded 33 pages/cpu s94616 r8192 d32360 u135168
Nov 26 10:23:24 ubuntu kernel: [    0.000000] pcpu-alloc: s94616 r8192 d32360 u135168 alloc=33*4096
Nov 26 10:23:24 ubuntu kernel: [    0.000000] pcpu-alloc: [0] 00 [0] 01 [0] 02 [0] 03 [0] 04 [0] 05 [0] 06 [0] 07 
Nov 26 10:23:24 ubuntu kernel: [    0.000000] pcpu-alloc: [0] 08 [0] 09 [0] 10 [0] 11 [0] 12 [0] 13 [0] 14 [0] 15 
Nov 26 10:23:24 ubuntu kernel: [    0.000000] pcpu-alloc: [0] 16 [0] 17 [0] 18 [0] 19 [0] 20 [0] 21 [0] 22 [0] 23 
Nov 26 10:23:24 ubuntu kernel: [    0.000000] pcpu-alloc: [1] 24 [1] 25 [1] 26 [1] 27 [1] 28 [1] 29 [1] 30 [1] 31 
Nov 26 10:23:24 ubuntu kernel: [    0.000000] pcpu-alloc: [1] 32 [1] 33 [1] 34 [1] 35 [1] 36 [1] 37 [1] 38 [1] 39 
Nov 26 10:23:24 ubuntu systemd[1]: Starting Network Service...
Nov 26 10:23:24 ubuntu kernel: [    0.000000] pcpu-alloc: [1] 40 [1] 41 [1] 42 [1] 43 [1] 44 [1] 45 [1] 46 [1] 47 
Nov 26 10:23:24 ubuntu kernel: [    0.000000] pcpu-alloc: [2] 48 [2] 49 [2] 50 [2] 51 [2] 52 [2] 53 [2] 54 [2] 55 
Nov 26 10:23:24 ubuntu kernel: [    0.000000] pcpu-alloc: [2] 56 [2] 57 [2] 58 [2] 59 [2] 60 [2] 61 [2] 62 [2] 63 
Nov 26 10:23:24 ubuntu kernel: [    0.000000] pcpu-alloc: [2] 64 [2] 65 [2] 66 [2] 67 [2] 68 [2] 69 [2] 70 [2] 71 
Nov 26 10:23:24 ubuntu systemd[1]: Started Create Volatile Files and Directories.
Nov 26 10:23:24 ubuntu kernel: [    0.000000] pcpu-alloc: [3] 72 [3] 73 [3] 74 [3] 75 [3] 76 [3] 77 [3] 78 [3] 79 
Nov 26 10:23:24 ubuntu kernel: [    0.000000] pcpu-alloc: [3] 80 [3] 81 [3] 82 [3] 83 [3] 84 [3] 85 [3] 86 [3] 87 
Nov 26 10:23:24 ubuntu kernel: [    0.000000] pcpu-alloc: [3] 88 [3] 89 [3] 90 [3] 91 [3] 92 [3] 93 [3] 94 [3] 95 
Nov 26 10:23:24 ubuntu kernel: [    0.000000] Detected VIPT I-cache on CPU0
Nov 26 10:23:24 ubuntu kernel: [    0.000000] CPU features: detected: GIC system register CPU interface
Nov 26 10:23:24 ubuntu systemd[1]: Starting Update UTMP about System Boot/Shutdown...
Nov 26 10:23:24 ubuntu kernel: [    0.000000] CPU features: detected: Virtualization Host Extensions
Nov 26 10:23:24 ubuntu apparmor[2008]: Skipping profile in /etc/apparmor.d/disable: usr.bin.firefox
Nov 26 10:23:24 ubuntu apparmor[2008]: Skipping profile in /etc/apparmor.d/disable: usr.sbin.rsyslogd
Nov 26 10:23:24 ubuntu systemd[1]: Starting Network Time Synchronization...
Nov 26 10:23:24 ubuntu systemd[1]: Started Update UTMP about System Boot/Shutdown.
Nov 26 10:23:24 ubuntu systemd[1]: Started Network Time Synchronization.
Nov 26 10:23:24 ubuntu systemd[1]: Reached target System Time Synchronized.
Nov 26 10:23:24 ubuntu systemd-udevd[2329]: link_config: autonegotiation is unset or enabled, the speed and duplex are not writable.
Nov 26 10:23:24 ubuntu systemd-networkd[2212]: br0: netdev ready
Nov 26 10:23:24 ubuntu systemd-networkd[2212]: Enumeration completed
Nov 26 10:23:24 ubuntu systemd[1]: Started Network Service.
Nov 26 10:23:24 ubuntu systemd-networkd[2212]: br0: IPv6 successfully enabled
Nov 26 10:23:24 ubuntu systemd-networkd[2212]: enp125s0f2: Link is not managed by us
Nov 26 10:23:24 ubuntu kernel: [    0.000000] CPU features: detected: Hardware dirty bit management
Nov 26 10:23:24 ubuntu systemd-networkd[2212]: enp125s0f0: Link is not managed by us
Nov 26 10:23:24 ubuntu kernel: [    0.000000] alternatives: patching kernel code
Nov 26 10:23:24 ubuntu kernel: [    0.000000] Built 4 zonelists, mobility grouping on.  Total pages: 32898000
Nov 26 10:23:24 ubuntu kernel: [    0.000000] Policy zone: Normal
Nov 26 10:23:24 ubuntu systemd-networkd[2212]: enp125s0f1: Link is not managed by us
Nov 26 10:23:24 ubuntu kernel: [    0.000000] Kernel command line: BOOT_IMAGE=/boot/vmlinuz-5.7.1 root=UUID=87f15ea3-75f7-4c9d-add6-30cc3fc19001 ro text
Nov 26 10:23:24 ubuntu kernel: [    0.000000] printk: log_buf_len individual max cpu contribution: 4096 bytes
Nov 26 10:23:24 ubuntu kernel: [    0.000000] printk: log_buf_len total cpu_extra contributions: 389120 bytes
Nov 26 10:23:24 ubuntu systemd-networkd[2212]: enp125s0f3: Link is not managed by us
Nov 26 10:23:24 ubuntu kernel: [    0.000000] printk: log_buf_len min size: 262144 bytes
Nov 26 10:23:24 ubuntu kernel: [    0.000000] printk: log_buf_len: 1048576 bytes
Nov 26 10:23:24 ubuntu systemd-networkd[2212]: lo: Link is not managed by us
Nov 26 10:23:24 ubuntu kernel: [    0.000000] printk: early log buf free: 245792(93%)
Nov 26 10:23:24 ubuntu kernel: [    0.000000] mem auto-init: stack:off, heap alloc:on, heap free:off
Nov 26 10:23:24 ubuntu kernel: [    0.000000] software IO TLB: mapped [mem 0x3b030000-0x3f030000] (64MB)
Nov 26 10:23:24 ubuntu systemd-networkd[2212]: enp125s0f1: IPv6 successfully enabled
Nov 26 10:23:24 ubuntu kernel: [    0.000000] Memory: 130841748K/134213440K available (14204K kernel code, 2354K rwdata, 6868K rodata, 7040K init, 1132K bss, 3338924K reserved, 32768K cma-reserved)
Nov 26 10:23:24 ubuntu kernel: [    0.000000] random: get_random_u64 called from __kmem_cache_create+0x54/0x5d8 with crng_init=0
Nov 26 10:23:24 ubuntu kernel: [    0.000000] SLUB: HWalign=64, Order=0-3, MinObjects=0, CPUs=96, Nodes=4
Nov 26 10:23:24 ubuntu systemd-networkd[2212]: enp125s0f2: Link is not managed by us
Nov 26 10:23:24 ubuntu kernel: [    0.000000] ftrace: allocating 46107 entries in 181 pages
Nov 26 10:23:24 ubuntu kernel: [    0.000000] ftrace: allocated 181 pages with 5 groups
Nov 26 10:23:24 ubuntu kernel: [    0.000000] rcu: Hierarchical RCU implementation.
Nov 26 10:23:24 ubuntu kernel: [    0.000000] rcu: 	RCU restricting CPUs from NR_CPUS=256 to nr_cpu_ids=96.
Nov 26 10:23:24 ubuntu kernel: [    0.000000] 	Tasks RCU enabled.
Nov 26 10:23:24 ubuntu systemd-networkd[2212]: enp125s0f0: Link is not managed by us
Nov 26 10:23:24 ubuntu systemd-networkd[2212]: enp125s0f3: Link is not managed by us
Nov 26 10:23:24 ubuntu kernel: [    0.000000] rcu: RCU calculated value of scheduler-enlistment delay is 25 jiffies.
Nov 26 10:23:24 ubuntu kernel: [    0.000000] rcu: Adjusting geometry for rcu_fanout_leaf=16, nr_cpu_ids=96
Nov 26 10:23:24 ubuntu kernel: [    0.000000] NR_IRQS: 64, nr_irqs: 64, preallocated irqs: 0
Nov 26 10:23:24 ubuntu kernel: [    0.000000] GICv3: GIC: Using split EOI/Deactivate mode
Nov 26 10:23:24 ubuntu systemd-networkd[2212]: lo: Link is not managed by us
Nov 26 10:23:24 ubuntu kernel: [    0.000000] GICv3: 640 SPIs implemented
Nov 26 10:23:24 ubuntu kernel: [    0.000000] GICv3: 0 Extended SPIs implemented
Nov 26 10:23:24 ubuntu kernel: [    0.000000] GICv3: Distributor has no Range Selector support
Nov 26 10:23:24 ubuntu systemd[1]: Starting Network Name Resolution...
Nov 26 10:23:24 ubuntu kernel: [    0.000000] GICv3: 16 PPIs implemented
Nov 26 10:23:24 ubuntu kernel: [    0.000000] GICv3: GICv4 features: DirectLPI 
Nov 26 10:23:24 ubuntu systemd-networkd[2212]: br0: Link UP
Nov 26 10:23:24 ubuntu kernel: [    0.000000] GICv3: CPU0: found redistributor 80000 region 0:0x00000000ae100000
Nov 26 10:23:24 ubuntu kernel: [    0.000000] SRAT: PXM 0 -> ITS 0 -> Node 0
Nov 26 10:23:24 ubuntu kernel: [    0.000000] SRAT: PXM 2 -> ITS 1 -> Node 2
Nov 26 10:23:24 ubuntu kernel: [    0.000000] ITS [mem 0x202100000-0x20211ffff]
Nov 26 10:23:24 ubuntu systemd-networkd[2212]: enp125s0f1: Link UP
Nov 26 10:23:24 ubuntu kernel: [    0.000000] ITS@0x0000000202100000: Using ITS number 0
Nov 26 10:23:24 ubuntu kernel: [    0.000000] ITS@0x0000000202100000: allocated 65536 Devices @27ffb80000 (flat, esz 8, psz 16K, shr 1)
Nov 26 10:23:24 ubuntu kernel: [    0.000000] ITS@0x0000000202100000: allocated 65536 Virtual CPUs @27ff000000 (flat, esz 16, psz 4K, shr 1)
Nov 26 10:23:24 ubuntu systemd[1]: Starting Wait for Network to be Configured...
Nov 26 10:23:24 ubuntu kernel: [    0.000000] ITS@0x0000000202100000: allocated 256 Interrupt Collections @27ffb01000 (flat, esz 16, psz 4K, shr 1)
Nov 26 10:23:24 ubuntu kernel: [    0.000000] ITS [mem 0x200202100000-0x20020211ffff]
Nov 26 10:23:24 ubuntu kernel: [    0.000000] ITS@0x0000200202100000: Using ITS number 1
Nov 26 10:23:24 ubuntu systemd-resolved[2337]: Positive Trust Anchors:
Nov 26 10:23:24 ubuntu kernel: [    0.000000] ITS@0x0000200202100000: allocated 65536 Devices @2027ff880000 (flat, esz 8, psz 16K, shr 1)
Nov 26 10:23:24 ubuntu kernel: [    0.000000] ITS@0x0000200202100000: allocated 65536 Virtual CPUs @2027ff900000 (flat, esz 16, psz 4K, shr 1)
Nov 26 10:23:24 ubuntu kernel: [    0.000000] ITS@0x0000200202100000: allocated 256 Interrupt Collections @2027ff801000 (flat, esz 16, psz 4K, shr 1)
Nov 26 10:23:24 ubuntu kernel: [    0.000000] GICv3: using LPI property table @0x00000027ffb20000
Nov 26 10:23:24 ubuntu systemd-resolved[2337]: . IN DS 19036 8 2 49aac11d7b6f6446702e54a1607371607a1a41855200fd2ce1cdde32f24e8fb5
Nov 26 10:23:24 ubuntu kernel: [    0.000000] ITS: Using DirectLPI for VPE invalidation
Nov 26 10:23:24 ubuntu kernel: [    0.000000] ITS: Enabling GICv4 support
Nov 26 10:23:24 ubuntu kernel: [    0.000000] GICv3: CPU0: using allocated LPI pending table @0x00000027ffb30000
Nov 26 10:23:24 ubuntu systemd-resolved[2337]: . IN DS 20326 8 2 e06d44b80b8f1d39a95c0b0d7c65d08458e880409bbc683457104237c7f8ec8d
Nov 26 10:23:24 ubuntu kernel: [    0.000000] arch_timer: cp15 timer(s) running at 100.00MHz (phys).
Nov 26 10:23:24 ubuntu kernel: [    0.000000] clocksource: arch_sys_counter: mask: 0xffffffffffffff max_cycles: 0x171024e7e0, max_idle_ns: 440795205315 ns
Nov 26 10:23:24 ubuntu kernel: [    0.000001] sched_clock: 56 bits at 100MHz, resolution 10ns, wraps every 4398046511100ns
Nov 26 10:23:24 ubuntu kernel: [    0.000113] Console: colour dummy device 80x25
Nov 26 10:23:24 ubuntu kernel: [    0.000437] printk: console [tty0] enabled
Nov 26 10:23:24 ubuntu systemd-resolved[2337]: Negative trust anchors: 10.in-addr.arpa 16.172.in-addr.arpa 17.172.in-addr.arpa 18.172.in-addr.arpa 19.172.in-addr.arpa 20.172.in-addr.arpa 21.172.in-addr.arpa 22.172.in-addr.arpa 23.172.in-addr.arpa 24.172.in-addr.arpa 25.172.in-addr.arpa 26.172.in-addr.arpa 27.172.in-addr.arpa 28.172.in-addr.arpa 29.172.in-addr.arpa 30.172.in-addr.arpa 31.172.in-addr.arpa 168.192.in-addr.arpa d.f.ip6.arpa corp home internal intranet lan local private test
Nov 26 10:23:24 ubuntu kernel: [    0.000500] mempolicy: Enabling automatic NUMA balancing. Configure with numa_balancing= or the kernel.numa_balancing sysctl
Nov 26 10:23:24 ubuntu kernel: [    0.000516] ACPI: Core revision 20200326
Nov 26 10:23:24 ubuntu kernel: [    0.000715] Calibrating delay loop (skipped), value calculated using timer frequency.. 200.00 BogoMIPS (lpj=400000)
Nov 26 10:23:24 ubuntu kernel: [    0.000720] pid_max: default: 98304 minimum: 768
Nov 26 10:23:24 ubuntu systemd-resolved[2337]: Using system hostname 'ubuntu'.
Nov 26 10:23:24 ubuntu kernel: [    0.000797] LSM: Security Framework initializing
Nov 26 10:23:24 ubuntu kernel: [    0.000803] Yama: becoming mindful.
Nov 26 10:23:24 ubuntu kernel: [    0.000836] AppArmor: AppArmor initialized
Nov 26 10:23:24 ubuntu systemd[1]: Started Network Name Resolution.
Nov 26 10:23:24 ubuntu kernel: [    0.013331] Dentry cache hash table entries: 8388608 (order: 14, 67108864 bytes, vmalloc)
Nov 26 10:23:24 ubuntu kernel: [    0.019544] Inode-cache hash table entries: 4194304 (order: 13, 33554432 bytes, vmalloc)
Nov 26 10:23:24 ubuntu kernel: [    0.019817] Mount-cache hash table entries: 131072 (order: 8, 1048576 bytes, vmalloc)
Nov 26 10:23:24 ubuntu kernel: [    0.020055] Mountpoint-cache hash table entries: 131072 (order: 8, 1048576 bytes, vmalloc)
Nov 26 10:23:24 ubuntu kernel: [    0.022460] rcu: Hierarchical SRCU implementation.
Nov 26 10:23:24 ubuntu kernel: [    0.022906] Platform MSI: ITS@0x202100000 domain created
Nov 26 10:23:24 ubuntu systemd[1]: Reached target Host and Network Name Lookups.
Nov 26 10:23:24 ubuntu kernel: [    0.022911] Platform MSI: ITS@0x200202100000 domain created
Nov 26 10:23:24 ubuntu systemd-networkd[2212]: enp125s0f0: Link UP
Nov 26 10:23:24 ubuntu kernel: [    0.022917] PCI/MSI: ITS@0x202100000 domain created
Nov 26 10:23:24 ubuntu kernel: [    0.022920] PCI/MSI: ITS@0x200202100000 domain created
Nov 26 10:23:24 ubuntu kernel: [    0.022935] Remapping and enabling EFI services.
Nov 26 10:23:24 ubuntu kernel: [    0.023140] efi: memattr: Entry attributes invalid: RO and XP bits both cleared
Nov 26 10:23:24 ubuntu apparmor[2008]:    ...done.
Nov 26 10:23:24 ubuntu kernel: [    0.023144] efi: memattr: ! 0x000000000000-0x00000000ffff [Runtime Code       |RUN|  |  |  |  |  |  |  |   |  |  |  |  ]
Nov 26 10:23:24 ubuntu kernel: [    0.024313] smp: Bringing up secondary CPUs ...
Nov 26 10:23:24 ubuntu systemd[1]: Started AppArmor initialization.
Nov 26 10:23:24 ubuntu kernel: [    0.054147] Detected VIPT I-cache on CPU1
Nov 26 10:23:24 ubuntu kernel: [    0.054153] GICv3: CPU1: found redistributor 80100 region 1:0x00000000ae140000
Nov 26 10:23:24 ubuntu kernel: [    0.054169] GICv3: CPU1: using allocated LPI pending table @0x00000027ffb40000
Nov 26 10:23:24 ubuntu kernel: [    0.054205] CPU1: Booted secondary processor 0x0000080100 [0x481fd010]
Nov 26 10:23:24 ubuntu systemd[1]: Starting Load AppArmor profiles managed internally by snapd...
Nov 26 10:23:24 ubuntu kernel: [    0.086691] Detected VIPT I-cache on CPU2
Nov 26 10:23:24 ubuntu kernel: [    0.086695] GICv3: CPU2: found redistributor 80200 region 2:0x00000000ae180000
Nov 26 10:23:24 ubuntu kernel: [    0.086707] GICv3: CPU2: using allocated LPI pending table @0x00000027ffb50000
Nov 26 10:23:24 ubuntu systemd[1]: Starting Raise network interfaces...
Nov 26 10:23:24 ubuntu kernel: [    0.086739] CPU2: Booted secondary processor 0x0000080200 [0x481fd010]
Nov 26 10:23:24 ubuntu kernel: [    0.119241] Detected VIPT I-cache on CPU3
Nov 26 10:23:24 ubuntu kernel: [    0.119245] GICv3: CPU3: found redistributor 80300 region 3:0x00000000ae1c0000
Nov 26 10:23:24 ubuntu kernel: [    0.119258] GICv3: CPU3: using allocated LPI pending table @0x00000027ffb60000
Nov 26 10:23:24 ubuntu snapd-apparmor[2363]: find: ‘/var/lib/snapd/apparmor/profiles/’: No such file or directory
Nov 26 10:23:24 ubuntu kernel: [    0.119289] CPU3: Booted secondary processor 0x0000080300 [0x481fd010]
Nov 26 10:23:24 ubuntu kernel: [    0.151970] Detected VIPT I-cache on CPU4
Nov 26 10:23:24 ubuntu systemd[1]: Started Load AppArmor profiles managed internally by snapd.
Nov 26 10:23:24 ubuntu kernel: [    0.151978] GICv3: CPU4: found redistributor 90000 region 4:0x00000000ae200000
Nov 26 10:23:24 ubuntu kernel: [    0.152000] GICv3: CPU4: using allocated LPI pending table @0x00000027ffb70000
Nov 26 10:23:24 ubuntu kernel: [    0.152037] CPU4: Booted secondary processor 0x0000090000 [0x481fd010]
Nov 26 10:23:24 ubuntu kernel: [    0.184688] Detected VIPT I-cache on CPU5
Nov 26 10:23:24 ubuntu systemd[1]: Reached target System Initialization.
Nov 26 10:23:24 ubuntu kernel: [    0.184693] GICv3: CPU5: found redistributor 90100 region 5:0x00000000ae240000
Nov 26 10:23:24 ubuntu kernel: [    0.184706] GICv3: CPU5: using allocated LPI pending table @0x00000027ff100000
Nov 26 10:23:24 ubuntu systemd[1]: Starting LXD - unix socket.
Nov 26 10:23:24 ubuntu kernel: [    0.184738] CPU5: Booted secondary processor 0x0000090100 [0x481fd010]
Nov 26 10:23:24 ubuntu kernel: [    0.217412] Detected VIPT I-cache on CPU6
Nov 26 10:23:24 ubuntu kernel: [    0.217417] GICv3: CPU6: found redistributor 90200 region 6:0x00000000ae280000
Nov 26 10:23:24 ubuntu kernel: [    0.217430] GICv3: CPU6: using allocated LPI pending table @0x00000027ff110000
Nov 26 10:23:24 ubuntu systemd[1]: Listening on Open-iSCSI iscsid Socket.
Nov 26 10:23:24 ubuntu kernel: [    0.217462] CPU6: Booted secondary processor 0x0000090200 [0x481fd010]
Nov 26 10:23:24 ubuntu kernel: [    0.250136] Detected VIPT I-cache on CPU7
Nov 26 10:23:24 ubuntu kernel: [    0.250141] GICv3: CPU7: found redistributor 90300 region 7:0x00000000ae2c0000
Nov 26 10:23:24 ubuntu systemd[1]: Started Message of the Day.
Nov 26 10:23:24 ubuntu kernel: [    0.250154] GICv3: CPU7: using allocated LPI pending table @0x00000027ff120000
Nov 26 10:23:24 ubuntu kernel: [    0.250185] CPU7: Booted secondary processor 0x0000090300 [0x481fd010]
Nov 26 10:23:24 ubuntu systemd[1]: Listening on CUPS Scheduler.
Nov 26 10:23:24 ubuntu kernel: [    0.283036] Detected VIPT I-cache on CPU8
Nov 26 10:23:24 ubuntu kernel: [    0.283044] GICv3: CPU8: found redistributor a0000 region 8:0x00000000ae300000
Nov 26 10:23:24 ubuntu kernel: [    0.283061] GICv3: CPU8: using allocated LPI pending table @0x00000027ff130000
Nov 26 10:23:24 ubuntu systemd[1]: Listening on Avahi mDNS/DNS-SD Stack Activation Socket.
Nov 26 10:23:24 ubuntu kernel: [    0.283096] CPU8: Booted secondary processor 0x00000a0000 [0x481fd010]
Nov 26 10:23:24 ubuntu systemd[1]: Started CUPS Scheduler.
Nov 26 10:23:24 ubuntu kernel: [    0.315930] Detected VIPT I-cache on CPU9
Nov 26 10:23:24 ubuntu kernel: [    0.315936] GICv3: CPU9: found redistributor a0100 region 9:0x00000000ae340000
Nov 26 10:23:24 ubuntu kernel: [    0.315948] GICv3: CPU9: using allocated LPI pending table @0x00000027ff140000
Nov 26 10:23:24 ubuntu kernel: [    0.315979] CPU9: Booted secondary processor 0x00000a0100 [0x481fd010]
Nov 26 10:23:24 ubuntu kernel: [    0.348827] Detected VIPT I-cache on CPU10
Nov 26 10:23:24 ubuntu systemd[1]: Started Discard unused blocks once a week.
Nov 26 10:23:24 ubuntu systemd[1]: Started Daily Cleanup of Temporary Directories.
Nov 26 10:23:24 ubuntu systemd[1]: Listening on Virtual machine log manager socket.
Nov 26 10:23:24 ubuntu systemd[1]: Started Daily apt download activities.
Nov 26 10:23:24 ubuntu systemd[1]: Started Daily apt upgrade and clean activities.
Nov 26 10:23:24 ubuntu systemd[1]: Listening on UUID daemon activation socket.
Nov 26 10:23:24 ubuntu systemd[1]: Started ACPI Events Check.
Nov 26 10:23:24 ubuntu systemd[1]: Reached target Paths.
Nov 26 10:23:24 ubuntu systemd[1]: Starting Socket activation for snappy daemon.
Nov 26 10:23:24 ubuntu systemd[1]: Listening on ACPID Listen Socket.
Nov 26 10:23:24 ubuntu systemd[1]: Started Trigger anacron every hour.
Nov 26 10:23:24 ubuntu systemd[1]: Reached target Timers.
Nov 26 10:23:24 ubuntu systemd[1]: Listening on D-Bus System Message Bus Socket.
Nov 26 10:23:24 ubuntu systemd[1]: Listening on Virtual machine lock manager socket.
Nov 26 10:23:24 ubuntu kernel: [    0.348833] GICv3: CPU10: found redistributor a0200 region 10:0x00000000ae380000
Nov 26 10:23:24 ubuntu kernel: [    0.348845] GICv3: CPU10: using allocated LPI pending table @0x00000027ff150000
Nov 26 10:23:24 ubuntu systemd[1]: Listening on LXD - unix socket.
Nov 26 10:23:24 ubuntu kernel: [    0.348877] CPU10: Booted secondary processor 0x00000a0200 [0x481fd010]
Nov 26 10:23:24 ubuntu kernel: [    0.381724] Detected VIPT I-cache on CPU11
Nov 26 10:23:24 ubuntu kernel: [    0.381730] GICv3: CPU11: found redistributor a0300 region 11:0x00000000ae3c0000
Nov 26 10:23:24 ubuntu kernel: [    0.381742] GICv3: CPU11: using allocated LPI pending table @0x00000027ff160000
Nov 26 10:23:24 ubuntu kernel: [    0.381774] CPU11: Booted secondary processor 0x00000a0300 [0x481fd010]
Nov 26 10:23:24 ubuntu kernel: [    0.414799] Detected VIPT I-cache on CPU12
Nov 26 10:23:24 ubuntu systemd[1]: Listening on Socket activation for snappy daemon.
Nov 26 10:23:24 ubuntu kernel: [    0.414807] GICv3: CPU12: found redistributor b0000 region 12:0x00000000ae400000
Nov 26 10:23:24 ubuntu systemd[1]: Reached target Sockets.
Nov 26 10:23:24 ubuntu kernel: [    0.414825] GICv3: CPU12: using allocated LPI pending table @0x00000027ff170000
Nov 26 10:23:24 ubuntu kernel: [    0.414860] CPU12: Booted secondary processor 0x00000b0000 [0x481fd010]
Nov 26 10:23:24 ubuntu kernel: [    0.447866] Detected VIPT I-cache on CPU13
Nov 26 10:23:24 ubuntu kernel: [    0.447872] GICv3: CPU13: found redistributor b0100 region 13:0x00000000ae440000
Nov 26 10:23:24 ubuntu systemd[1]: Reached target Basic System.
Nov 26 10:23:24 ubuntu kernel: [    0.447885] GICv3: CPU13: using allocated LPI pending table @0x00000027ff180000
Nov 26 10:23:24 ubuntu kernel: [    0.447917] CPU13: Booted secondary processor 0x00000b0100 [0x481fd010]
Nov 26 10:23:24 ubuntu systemd[1]: Starting Modem Manager...
Nov 26 10:23:24 ubuntu kernel: [    0.480937] Detected VIPT I-cache on CPU14
Nov 26 10:23:24 ubuntu kernel: [    0.480943] GICv3: CPU14: found redistributor b0200 region 14:0x00000000ae480000
Nov 26 10:23:24 ubuntu kernel: [    0.480956] GICv3: CPU14: using allocated LPI pending table @0x00000027ff190000
Nov 26 10:23:24 ubuntu kernel: [    0.480987] CPU14: Booted secondary processor 0x00000b0200 [0x481fd010]
Nov 26 10:23:24 ubuntu kernel: [    0.514007] Detected VIPT I-cache on CPU15
Nov 26 10:23:24 ubuntu systemd[1]: Started Deferred execution scheduler.
Nov 26 10:23:24 ubuntu kernel: [    0.514013] GICv3: CPU15: found redistributor b0300 region 15:0x00000000ae4c0000
Nov 26 10:23:24 ubuntu kernel: [    0.514027] GICv3: CPU15: using allocated LPI pending table @0x00000027ff1a0000
Nov 26 10:23:24 ubuntu systemd[1]: Started Regular background program processing daemon.
Nov 26 10:23:24 ubuntu kernel: [    0.514058] CPU15: Booted secondary processor 0x00000b0300 [0x481fd010]
Nov 26 10:23:24 ubuntu kernel: [    0.546562] Detected VIPT I-cache on CPU16
Nov 26 10:23:24 ubuntu kernel: [    0.546571] GICv3: CPU16: found redistributor c0000 region 16:0x00000000ae500000
Nov 26 10:23:24 ubuntu cron[2460]: (CRON) INFO (pidfile fd = 3)
Nov 26 10:23:24 ubuntu kernel: [    0.546590] GICv3: CPU16: using allocated LPI pending table @0x00000027ff1b0000
Nov 26 10:23:24 ubuntu kernel: [    0.546626] CPU16: Booted secondary processor 0x00000c0000 [0x481fd010]
Nov 26 10:23:24 ubuntu kernel: [    0.579108] Detected VIPT I-cache on CPU17
Nov 26 10:23:24 ubuntu kernel: [    0.579114] GICv3: CPU17: found redistributor c0100 region 17:0x00000000ae540000
Nov 26 10:23:24 ubuntu kernel: [    0.579128] GICv3: CPU17: using allocated LPI pending table @0x00000027ff1c0000
Nov 26 10:23:24 ubuntu systemd[1]: Starting Avahi mDNS/DNS-SD Stack...
Nov 26 10:23:24 ubuntu kernel: [    0.579160] CPU17: Booted secondary processor 0x00000c0100 [0x481fd010]
Nov 26 10:23:24 ubuntu kernel: [    0.611658] Detected VIPT I-cache on CPU18
Nov 26 10:23:24 ubuntu kernel: [    0.611664] GICv3: CPU18: found redistributor c0200 region 18:0x00000000ae580000
Nov 26 10:23:24 ubuntu kernel: [    0.611677] GICv3: CPU18: using allocated LPI pending table @0x00000027ff1d0000
Nov 26 10:23:24 ubuntu kernel: [    0.611709] CPU18: Booted secondary processor 0x00000c0200 [0x481fd010]
Nov 26 10:23:24 ubuntu cron[2460]: (CRON) INFO (Running @reboot jobs)
Nov 26 10:23:24 ubuntu kernel: [    0.644207] Detected VIPT I-cache on CPU19
Nov 26 10:23:24 ubuntu kernel: [    0.644214] GICv3: CPU19: found redistributor c0300 region 19:0x00000000ae5c0000
Nov 26 10:23:24 ubuntu kernel: [    0.644227] GICv3: CPU19: using allocated LPI pending table @0x00000027ff1e0000
Nov 26 10:23:24 ubuntu systemd[1]: Starting Disk Manager...
Nov 26 10:23:24 ubuntu kernel: [    0.644259] CPU19: Booted secondary processor 0x00000c0300 [0x481fd010]
Nov 26 10:23:24 ubuntu kernel: [    0.676936] Detected VIPT I-cache on CPU20
Nov 26 10:23:24 ubuntu kernel: [    0.676944] GICv3: CPU20: found redistributor d0000 region 20:0x00000000ae600000
Nov 26 10:23:24 ubuntu systemd[1]: Started FUSE filesystem for LXC.
Nov 26 10:23:24 ubuntu kernel: [    0.676963] GICv3: CPU20: using allocated LPI pending table @0x00000027ff1f0000
Nov 26 10:23:24 ubuntu systemd[1]: Started D-Bus System Message Bus.
Nov 26 10:23:24 ubuntu kernel: [    0.677000] CPU20: Booted secondary processor 0x00000d0000 [0x481fd010]
Nov 26 10:23:24 ubuntu kernel: [    0.709655] Detected VIPT I-cache on CPU21
Nov 26 10:23:24 ubuntu kernel: [    0.709662] GICv3: CPU21: found redistributor d0100 region 21:0x00000000ae640000
Nov 26 10:23:24 ubuntu kernel: [    0.709676] GICv3: CPU21: using allocated LPI pending table @0x00000027ff200000
Nov 26 10:23:24 ubuntu lxcfs[2470]: mount namespace: 5
Nov 26 10:23:24 ubuntu kernel: [    0.709709] CPU21: Booted secondary processor 0x00000d0100 [0x481fd010]
Nov 26 10:23:24 ubuntu kernel: [    0.742379] Detected VIPT I-cache on CPU22
Nov 26 10:23:24 ubuntu lxcfs[2470]: hierarchies:
Nov 26 10:23:24 ubuntu kernel: [    0.742386] GICv3: CPU22: found redistributor d0200 region 22:0x00000000ae680000
Nov 26 10:23:24 ubuntu kernel: [    0.742400] GICv3: CPU22: using allocated LPI pending table @0x00000027ff210000
Nov 26 10:23:24 ubuntu kernel: [    0.742431] CPU22: Booted secondary processor 0x00000d0200 [0x481fd010]
Nov 26 10:23:24 ubuntu kernel: [    0.775102] Detected VIPT I-cache on CPU23
Nov 26 10:23:24 ubuntu kernel: [    0.775109] GICv3: CPU23: found redistributor d0300 region 23:0x00000000ae6c0000
Nov 26 10:23:24 ubuntu kernel: [    0.775123] GICv3: CPU23: using allocated LPI pending table @0x00000027ff220000
Nov 26 10:23:24 ubuntu lxcfs[2470]:   0: fd:   6: blkio
Nov 26 10:23:24 ubuntu kernel: [    0.775154] CPU23: Booted secondary processor 0x00000d0300 [0x481fd010]
Nov 26 10:23:24 ubuntu kernel: [    0.807667] Detected VIPT I-cache on CPU24
Nov 26 10:23:24 ubuntu kernel: [    0.807683] GICv3: CPU24: found redistributor 180000 region 24:0x00000000aa100000
Nov 26 10:23:24 ubuntu kernel: [    0.807728] GICv3: CPU24: using allocated LPI pending table @0x00000027ff230000
Nov 26 10:23:24 ubuntu lxcfs[2470]:   1: fd:   7: freezer
Nov 26 10:23:24 ubuntu kernel: [    0.807775] CPU24: Booted secondary processor 0x0000180000 [0x481fd010]
Nov 26 10:23:24 ubuntu kernel: [    0.840204] Detected VIPT I-cache on CPU25
Nov 26 10:23:24 ubuntu kernel: [    0.840213] GICv3: CPU25: found redistributor 180100 region 25:0x00000000aa140000
Nov 26 10:23:24 ubuntu lxcfs[2470]:   2: fd:   8: hugetlb
Nov 26 10:23:24 ubuntu kernel: [    0.840228] GICv3: CPU25: using allocated LPI pending table @0x00000027ff240000
Nov 26 10:23:24 ubuntu kernel: [    0.840266] CPU25: Booted secondary processor 0x0000180100 [0x481fd010]
Nov 26 10:23:24 ubuntu kernel: [    0.872754] Detected VIPT I-cache on CPU26
Nov 26 10:23:24 ubuntu lxcfs[2470]:   3: fd:   9: devices
Nov 26 10:23:24 ubuntu kernel: [    0.872763] GICv3: CPU26: found redistributor 180200 region 26:0x00000000aa180000
Nov 26 10:23:24 ubuntu kernel: [    0.872778] GICv3: CPU26: using allocated LPI pending table @0x00000027ff250000
Nov 26 10:23:24 ubuntu lxcfs[2470]:   4: fd:  10: perf_event
Nov 26 10:23:24 ubuntu kernel: [    0.872817] CPU26: Booted secondary processor 0x0000180200 [0x481fd010]
Nov 26 10:23:24 ubuntu kernel: [    0.905304] Detected VIPT I-cache on CPU27
Nov 26 10:23:24 ubuntu lxcfs[2470]:   5: fd:  11: cpu,cpuacct
Nov 26 10:23:24 ubuntu kernel: [    0.905314] GICv3: CPU27: found redistributor 180300 region 27:0x00000000aa1c0000
Nov 26 10:23:24 ubuntu kernel: [    0.905328] GICv3: CPU27: using allocated LPI pending table @0x00000027ff260000
Nov 26 10:23:24 ubuntu kernel: [    0.905366] CPU27: Booted secondary processor 0x0000180300 [0x481fd010]
Nov 26 10:23:24 ubuntu kernel: [    0.938036] Detected VIPT I-cache on CPU28
Nov 26 10:23:24 ubuntu kernel: [    0.938050] GICv3: CPU28: found redistributor 190000 region 28:0x00000000aa200000
Nov 26 10:23:24 ubuntu lxcfs[2470]:   6: fd:  12: rdma
Nov 26 10:23:24 ubuntu kernel: [    0.938078] GICv3: CPU28: using allocated LPI pending table @0x00000027ff270000
Nov 26 10:23:24 ubuntu lxcfs[2470]:   7: fd:  13: net_cls,net_prio
Nov 26 10:23:24 ubuntu kernel: [    0.938123] CPU28: Booted secondary processor 0x0000190000 [0x481fd010]
Nov 26 10:23:24 ubuntu kernel: [    0.970751] Detected VIPT I-cache on CPU29
Nov 26 10:23:24 ubuntu kernel: [    0.970762] GICv3: CPU29: found redistributor 190100 region 29:0x00000000aa240000
Nov 26 10:23:24 ubuntu kernel: [    0.970777] GICv3: CPU29: using allocated LPI pending table @0x00000027ff280000
Nov 26 10:23:24 ubuntu kernel: [    0.970814] CPU29: Booted secondary processor 0x0000190100 [0x481fd010]
Nov 26 10:23:24 ubuntu lxcfs[2470]:   8: fd:  14: cpuset
Nov 26 10:23:24 ubuntu kernel: [    1.003475] Detected VIPT I-cache on CPU30
Nov 26 10:23:24 ubuntu kernel: [    1.003485] GICv3: CPU30: found redistributor 190200 region 30:0x00000000aa280000
Nov 26 10:23:24 ubuntu kernel: [    1.003505] GICv3: CPU30: using allocated LPI pending table @0x00000027ff290000
Nov 26 10:23:24 ubuntu lxcfs[2470]:   9: fd:  15: memory
Nov 26 10:23:24 ubuntu kernel: [    1.003544] CPU30: Booted secondary processor 0x0000190200 [0x481fd010]
Nov 26 10:23:24 ubuntu kernel: [    1.036198] Detected VIPT I-cache on CPU31
Nov 26 10:23:24 ubuntu kernel: [    1.036209] GICv3: CPU31: found redistributor 190300 region 31:0x00000000aa2c0000
Nov 26 10:23:24 ubuntu kernel: [    1.036227] GICv3: CPU31: using allocated LPI pending table @0x00000027ff2a0000
Nov 26 10:23:24 ubuntu kernel: [    1.036265] CPU31: Booted secondary processor 0x0000190300 [0x481fd010]
Nov 26 10:23:24 ubuntu lxcfs[2470]:  10: fd:  16: pids
Nov 26 10:23:24 ubuntu kernel: [    1.069102] Detected VIPT I-cache on CPU32
Nov 26 10:23:24 ubuntu kernel: [    1.069115] GICv3: CPU32: found redistributor 1a0000 region 32:0x00000000aa300000
Nov 26 10:23:24 ubuntu kernel: [    1.069141] GICv3: CPU32: using allocated LPI pending table @0x00000027ff2b0000
Nov 26 10:23:24 ubuntu lxcfs[2470]:  11: fd:  17: name=systemd
Nov 26 10:23:24 ubuntu kernel: [    1.069185] CPU32: Booted secondary processor 0x00001a0000 [0x481fd010]
Nov 26 10:23:24 ubuntu kernel: [    1.101993] Detected VIPT I-cache on CPU33
Nov 26 10:23:24 ubuntu kernel: [    1.102004] GICv3: CPU33: found redistributor 1a0100 region 33:0x00000000aa340000
Nov 26 10:23:24 ubuntu kernel: [    1.102020] GICv3: CPU33: using allocated LPI pending table @0x00000027ff2c0000
Nov 26 10:23:24 ubuntu lxcfs[2470]:  12: fd:  18: unified
Nov 26 10:23:24 ubuntu kernel: [    1.102059] CPU33: Booted secondary processor 0x00001a0100 [0x481fd010]
Nov 26 10:23:24 ubuntu kernel: [    1.134890] Detected VIPT I-cache on CPU34
Nov 26 10:23:24 ubuntu kernel: [    1.134901] GICv3: CPU34: found redistributor 1a0200 region 34:0x00000000aa380000
Nov 26 10:23:24 ubuntu avahi-daemon[2463]: Found user 'avahi' (UID 119) and group 'avahi' (GID 126).
Nov 26 10:23:24 ubuntu kernel: [    1.134917] GICv3: CPU34: using allocated LPI pending table @0x00000027ff2d0000
Nov 26 10:23:24 ubuntu kernel: [    1.134955] CPU34: Booted secondary processor 0x00001a0200 [0x481fd010]
Nov 26 10:23:24 ubuntu kernel: [    1.167787] Detected VIPT I-cache on CPU35
Nov 26 10:23:24 ubuntu avahi-daemon[2463]: Successfully dropped root privileges.
Nov 26 10:23:24 ubuntu kernel: [    1.167798] GICv3: CPU35: found redistributor 1a0300 region 35:0x00000000aa3c0000
Nov 26 10:23:24 ubuntu kernel: [    1.167814] GICv3: CPU35: using allocated LPI pending table @0x00000027ff2e0000
Nov 26 10:23:24 ubuntu kernel: [    1.167852] CPU35: Booted secondary processor 0x00001a0300 [0x481fd010]
Nov 26 10:23:24 ubuntu avahi-daemon[2463]: avahi-daemon 0.7 starting up.
Nov 26 10:23:24 ubuntu kernel: [    1.200864] Detected VIPT I-cache on CPU36
Nov 26 10:23:24 ubuntu kernel: [    1.200878] GICv3: CPU36: found redistributor 1b0000 region 36:0x00000000aa400000
Nov 26 10:23:24 ubuntu kernel: [    1.200901] GICv3: CPU36: using allocated LPI pending table @0x00000027ff2f0000
Nov 26 10:23:24 ubuntu kernel: [    1.200944] CPU36: Booted secondary processor 0x00001b0000 [0x481fd010]
Nov 26 10:23:24 ubuntu ModemManager[2453]: <info>  ModemManager (version 1.10.0) starting in system bus...
Nov 26 10:23:24 ubuntu udisksd[2466]: udisks daemon version 2.7.6 starting
Nov 26 10:23:24 ubuntu avahi-daemon[2463]: Successfully called chroot().
Nov 26 10:23:24 ubuntu avahi-daemon[2463]: Successfully dropped remaining capabilities.
Nov 26 10:23:24 ubuntu avahi-daemon[2463]: No service file found in /etc/avahi/services.
Nov 26 10:23:24 ubuntu systemd[1]: Starting Dispatcher daemon for systemd-networkd...
Nov 26 10:23:24 ubuntu dbus-daemon[2473]: [system] Activating via systemd: service name='org.freedesktop.PolicyKit1' unit='polkit.service' requested by ':1.4' (uid=0 pid=2453 comm="/usr/sbin/ModemManager --filter-policy=strict ")
Nov 26 10:23:24 ubuntu avahi-daemon[2463]: Joining mDNS multicast group on interface br0.IPv4 with address 192.168.1.1.
Nov 26 10:23:24 ubuntu avahi-daemon[2463]: New relevant interface br0.IPv4 for mDNS.
Nov 26 10:23:24 ubuntu avahi-daemon[2463]: Joining mDNS multicast group on interface lo.IPv6 with address ::1.
Nov 26 10:23:24 ubuntu avahi-daemon[2463]: New relevant interface lo.IPv6 for mDNS.
Nov 26 10:23:24 ubuntu kernel: [    1.233929] Detected VIPT I-cache on CPU37
Nov 26 10:23:24 ubuntu kernel: [    1.233940] GICv3: CPU37: found redistributor 1b0100 region 37:0x00000000aa440000
Nov 26 10:23:24 ubuntu avahi-daemon[2463]: Joining mDNS multicast group on interface lo.IPv4 with address 127.0.0.1.
Nov 26 10:23:24 ubuntu kernel: [    1.233956] GICv3: CPU37: using allocated LPI pending table @0x00000027ff300000
Nov 26 10:23:24 ubuntu kernel: [    1.233994] CPU37: Booted secondary processor 0x00001b0100 [0x481fd010]
Nov 26 10:23:24 ubuntu kernel: [    1.266999] Detected VIPT I-cache on CPU38
Nov 26 10:23:24 ubuntu kernel: [    1.267011] GICv3: CPU38: found redistributor 1b0200 region 38:0x00000000aa480000
Nov 26 10:23:24 ubuntu kernel: [    1.267029] GICv3: CPU38: using allocated LPI pending table @0x00000027ff310000
Nov 26 10:23:24 ubuntu avahi-daemon[2463]: New relevant interface lo.IPv4 for mDNS.
Nov 26 10:23:24 ubuntu kernel: [    1.267067] CPU38: Booted secondary processor 0x00001b0200 [0x481fd010]
Nov 26 10:23:24 ubuntu kernel: [    1.300071] Detected VIPT I-cache on CPU39
Nov 26 10:23:24 ubuntu kernel: [    1.300082] GICv3: CPU39: found redistributor 1b0300 region 39:0x00000000aa4c0000
Nov 26 10:23:24 ubuntu kernel: [    1.300100] GICv3: CPU39: using allocated LPI pending table @0x00000027ff320000
Nov 26 10:23:24 ubuntu kernel: [    1.300139] CPU39: Booted secondary processor 0x00001b0300 [0x481fd010]
Nov 26 10:23:24 ubuntu avahi-daemon[2463]: Network interface enumeration completed.
Nov 26 10:23:24 ubuntu kernel: [    1.332626] Detected VIPT I-cache on CPU40
Nov 26 10:23:24 ubuntu kernel: [    1.332640] GICv3: CPU40: found redistributor 1c0000 region 40:0x00000000aa500000
Nov 26 10:23:24 ubuntu kernel: [    1.332669] GICv3: CPU40: using allocated LPI pending table @0x00000027ff330000
Nov 26 10:23:24 ubuntu kernel: [    1.332714] CPU40: Booted secondary processor 0x00001c0000 [0x481fd010]
Nov 26 10:23:24 ubuntu avahi-daemon[2463]: Registering new address record for 192.168.1.1 on br0.IPv4.
Nov 26 10:23:24 ubuntu kernel: [    1.365171] Detected VIPT I-cache on CPU41
Nov 26 10:23:24 ubuntu kernel: [    1.365183] GICv3: CPU41: found redistributor 1c0100 region 41:0x00000000aa540000
Nov 26 10:23:24 ubuntu kernel: [    1.365202] GICv3: CPU41: using allocated LPI pending table @0x00000027ff340000
Nov 26 10:23:24 ubuntu kernel: [    1.365241] CPU41: Booted secondary processor 0x00001c0100 [0x481fd010]
Nov 26 10:23:24 ubuntu avahi-daemon[2463]: Registering new address record for ::1 on lo.*.
Nov 26 10:23:24 ubuntu kernel: [    1.397721] Detected VIPT I-cache on CPU42
Nov 26 10:23:24 ubuntu kernel: [    1.397732] GICv3: CPU42: found redistributor 1c0200 region 42:0x00000000aa580000
Nov 26 10:23:24 ubuntu avahi-daemon[2463]: Registering new address record for 127.0.0.1 on lo.IPv4.
Nov 26 10:23:24 ubuntu kernel: [    1.397750] GICv3: CPU42: using allocated LPI pending table @0x00000027ff350000
Nov 26 10:23:24 ubuntu kernel: [    1.397789] CPU42: Booted secondary processor 0x00001c0200 [0x481fd010]
Nov 26 10:23:24 ubuntu kernel: [    1.430271] Detected VIPT I-cache on CPU43
Nov 26 10:23:24 ubuntu kernel: [    1.430282] GICv3: CPU43: found redistributor 1c0300 region 43:0x00000000aa5c0000
Nov 26 10:23:24 ubuntu systemd[1]: Started irqbalance daemon.
Nov 26 10:23:24 ubuntu kernel: [    1.430302] GICv3: CPU43: using allocated LPI pending table @0x00000027ff360000
Nov 26 10:23:24 ubuntu kernel: [    1.430340] CPU43: Booted secondary processor 0x00001c0300 [0x481fd010]
Nov 26 10:23:24 ubuntu kernel: [    1.463000] Detected VIPT I-cache on CPU44
Nov 26 10:23:24 ubuntu systemd[1]: Starting Restore /etc/resolv.conf if the system crashed before the ppp link was shut down...
Nov 26 10:23:24 ubuntu kernel: [    1.463014] GICv3: CPU44: found redistributor 1d0000 region 44:0x00000000aa600000
Nov 26 10:23:24 ubuntu kernel: [    1.463041] GICv3: CPU44: using allocated LPI pending table @0x00000027ff370000
Nov 26 10:23:24 ubuntu kernel: [    1.463086] CPU44: Booted secondary processor 0x00001d0000 [0x481fd010]
Nov 26 10:23:24 ubuntu kernel: [    1.495718] Detected VIPT I-cache on CPU45
Nov 26 10:23:24 ubuntu systemd[1]: Starting LSB: Record successful boot for GRUB...
Nov 26 10:23:24 ubuntu kernel: [    1.495730] GICv3: CPU45: found redistributor 1d0100 region 45:0x00000000aa640000
Nov 26 10:23:24 ubuntu kernel: [    1.495750] GICv3: CPU45: using allocated LPI pending table @0x00000027ff380000
Nov 26 10:23:24 ubuntu kernel: [    1.495789] CPU45: Booted secondary processor 0x00001d0100 [0x481fd010]
Nov 26 10:23:24 ubuntu systemd[1]: Starting Network Manager...
Nov 26 10:23:24 ubuntu kernel: [    1.528441] Detected VIPT I-cache on CPU46
Nov 26 10:23:24 ubuntu kernel: [    1.528454] GICv3: CPU46: found redistributor 1d0200 region 46:0x00000000aa680000
Nov 26 10:23:24 ubuntu kernel: [    1.528472] GICv3: CPU46: using allocated LPI pending table @0x00000027ff390000
Nov 26 10:23:24 ubuntu kernel: [    1.528510] CPU46: Booted secondary processor 0x00001d0200 [0x481fd010]
Nov 26 10:23:24 ubuntu kernel: [    1.561165] Detected VIPT I-cache on CPU47
Nov 26 10:23:24 ubuntu kernel: [    1.561177] GICv3: CPU47: found redistributor 1d0300 region 47:0x00000000aa6c0000
Nov 26 10:23:24 ubuntu kernel: [    1.561194] GICv3: CPU47: using allocated LPI pending table @0x00000027ff3a0000
Nov 26 10:23:24 ubuntu kernel: [    1.561232] CPU47: Booted secondary processor 0x00001d0300 [0x481fd010]
Nov 26 10:23:24 ubuntu systemd[1]: Starting Accounts Service...
Nov 26 10:23:24 ubuntu kernel: [    1.594006] Detected VIPT I-cache on CPU48
Nov 26 10:23:24 ubuntu kernel: [    1.594044] GICv3: CPU48: found redistributor 280000 region 48:0x00002000ae100000
Nov 26 10:23:24 ubuntu systemd[1]: Started Set the CPU Frequency Scaling governor.
Nov 26 10:23:24 ubuntu kernel: [    1.594106] GICv3: CPU48: using allocated LPI pending table @0x00000027ff3b0000
Nov 26 10:23:24 ubuntu kernel: [    1.594177] CPU48: Booted secondary processor 0x0000280000 [0x481fd010]
Nov 26 10:23:24 ubuntu kernel: [    1.626793] Detected VIPT I-cache on CPU49
Nov 26 10:23:24 ubuntu kernel: [    1.626821] GICv3: CPU49: found redistributor 280100 region 49:0x00002000ae140000
Nov 26 10:23:24 ubuntu /usr/sbin/irqbalance: IRQ 0(1) guessed as class 0
Nov 26 10:23:24 ubuntu kernel: [    1.626843] GICv3: CPU49: using allocated LPI pending table @0x00000027ff3c0000
Nov 26 10:23:24 ubuntu kernel: [    1.626895] CPU49: Booted secondary processor 0x0000280100 [0x481fd010]
Nov 26 10:23:24 ubuntu kernel: [    1.659604] Detected VIPT I-cache on CPU50
Nov 26 10:23:24 ubuntu kernel: [    1.659631] GICv3: CPU50: found redistributor 280200 region 50:0x00002000ae180000
Nov 26 10:23:24 ubuntu kernel: [    1.659653] GICv3: CPU50: using allocated LPI pending table @0x00000027ff3d0000
Nov 26 10:23:24 ubuntu kernel: [    1.659704] CPU50: Booted secondary processor 0x0000280200 [0x481fd010]
Nov 26 10:23:24 ubuntu kernel: [    1.692414] Detected VIPT I-cache on CPU51
Nov 26 10:23:24 ubuntu kernel: [    1.692441] GICv3: CPU51: found redistributor 280300 region 51:0x00002000ae1c0000
Nov 26 10:23:24 ubuntu kernel: [    1.692463] GICv3: CPU51: using allocated LPI pending table @0x00000027ff3e0000
Nov 26 10:23:24 ubuntu kernel: [    1.692515] CPU51: Booted secondary processor 0x0000280300 [0x481fd010]
Nov 26 10:23:24 ubuntu kernel: [    1.725403] Detected VIPT I-cache on CPU52
Nov 26 10:23:24 ubuntu kernel: [    1.725433] GICv3: CPU52: found redistributor 290000 region 52:0x00002000ae200000
Nov 26 10:23:24 ubuntu kernel: [    1.725469] GICv3: CPU52: using allocated LPI pending table @0x00000027ff3f0000
Nov 26 10:23:24 ubuntu kernel: [    1.725523] CPU52: Booted secondary processor 0x0000290000 [0x481fd010]
Nov 26 10:23:24 ubuntu kernel: [    1.758382] Detected VIPT I-cache on CPU53
Nov 26 10:23:24 ubuntu kernel: [    1.758410] GICv3: CPU53: found redistributor 290100 region 53:0x00002000ae240000
Nov 26 10:23:24 ubuntu kernel: [    1.758429] GICv3: CPU53: using allocated LPI pending table @0x00000027fec00000
Nov 26 10:23:24 ubuntu kernel: [    1.758481] CPU53: Booted secondary processor 0x0000290100 [0x481fd010]
Nov 26 10:23:24 ubuntu kernel: [    1.791366] Detected VIPT I-cache on CPU54
Nov 26 10:23:24 ubuntu kernel: [    1.791394] GICv3: CPU54: found redistributor 290200 region 54:0x00002000ae280000
Nov 26 10:23:24 ubuntu kernel: [    1.791414] GICv3: CPU54: using allocated LPI pending table @0x00000027fec10000
Nov 26 10:23:24 ubuntu kernel: [    1.791465] CPU54: Booted secondary processor 0x0000290200 [0x481fd010]
Nov 26 10:23:24 ubuntu kernel: [    1.824350] Detected VIPT I-cache on CPU55
Nov 26 10:23:24 ubuntu kernel: [    1.824379] GICv3: CPU55: found redistributor 290300 region 55:0x00002000ae2c0000
Nov 26 10:23:24 ubuntu kernel: [    1.824398] GICv3: CPU55: using allocated LPI pending table @0x00000027fec20000
Nov 26 10:23:24 ubuntu kernel: [    1.824449] CPU55: Booted secondary processor 0x0000290300 [0x481fd010]
Nov 26 10:23:24 ubuntu kernel: [    1.857511] Detected VIPT I-cache on CPU56
Nov 26 10:23:24 ubuntu kernel: [    1.857541] GICv3: CPU56: found redistributor 2a0000 region 56:0x00002000ae300000
Nov 26 10:23:24 ubuntu kernel: [    1.857570] GICv3: CPU56: using allocated LPI pending table @0x00000027fec30000
Nov 26 10:23:24 ubuntu kernel: [    1.857624] CPU56: Booted secondary processor 0x00002a0000 [0x481fd010]
Nov 26 10:23:24 ubuntu kernel: [    1.890666] Detected VIPT I-cache on CPU57
Nov 26 10:23:24 ubuntu kernel: [    1.890694] GICv3: CPU57: found redistributor 2a0100 region 57:0x00002000ae340000
Nov 26 10:23:24 ubuntu kernel: [    1.890714] GICv3: CPU57: using allocated LPI pending table @0x00000027fec40000
Nov 26 10:23:24 ubuntu kernel: [    1.890767] CPU57: Booted secondary processor 0x00002a0100 [0x481fd010]
Nov 26 10:23:24 ubuntu kernel: [    1.923823] Detected VIPT I-cache on CPU58
Nov 26 10:23:24 ubuntu kernel: [    1.923852] GICv3: CPU58: found redistributor 2a0200 region 58:0x00002000ae380000
Nov 26 10:23:24 ubuntu kernel: [    1.923872] GICv3: CPU58: using allocated LPI pending table @0x00000027fec50000
Nov 26 10:23:24 ubuntu kernel: [    1.923924] CPU58: Booted secondary processor 0x00002a0200 [0x481fd010]
Nov 26 10:23:24 ubuntu kernel: [    1.956980] Detected VIPT I-cache on CPU59
Nov 26 10:23:24 ubuntu kernel: [    1.957009] GICv3: CPU59: found redistributor 2a0300 region 59:0x00002000ae3c0000
Nov 26 10:23:24 ubuntu kernel: [    1.957031] GICv3: CPU59: using allocated LPI pending table @0x00000027fec60000
Nov 26 10:23:24 ubuntu kernel: [    1.957083] CPU59: Booted secondary processor 0x00002a0300 [0x481fd010]
Nov 26 10:23:24 ubuntu kernel: [    1.990315] Detected VIPT I-cache on CPU60
Nov 26 10:23:24 ubuntu kernel: [    1.990346] GICv3: CPU60: found redistributor 2b0000 region 60:0x00002000ae400000
Nov 26 10:23:24 ubuntu kernel: [    1.990375] GICv3: CPU60: using allocated LPI pending table @0x00000027fec70000
Nov 26 10:23:24 ubuntu kernel: [    1.990430] CPU60: Booted secondary processor 0x00002b0000 [0x481fd010]
Nov 26 10:23:24 ubuntu kernel: [    2.023643] Detected VIPT I-cache on CPU61
Nov 26 10:23:24 ubuntu kernel: [    2.023672] GICv3: CPU61: found redistributor 2b0100 region 61:0x00002000ae440000
Nov 26 10:23:24 ubuntu kernel: [    2.023693] GICv3: CPU61: using allocated LPI pending table @0x00000027fec80000
Nov 26 10:23:24 ubuntu kernel: [    2.023745] CPU61: Booted secondary processor 0x00002b0100 [0x481fd010]
Nov 26 10:23:24 ubuntu kernel: [    2.056974] Detected VIPT I-cache on CPU62
Nov 26 10:23:24 ubuntu kernel: [    2.057004] GICv3: CPU62: found redistributor 2b0200 region 62:0x00002000ae480000
Nov 26 10:23:24 ubuntu kernel: [    2.057024] GICv3: CPU62: using allocated LPI pending table @0x00000027fec90000
Nov 26 10:23:24 ubuntu kernel: [    2.057077] CPU62: Booted secondary processor 0x00002b0200 [0x481fd010]
Nov 26 10:23:24 ubuntu kernel: [    2.090305] Detected VIPT I-cache on CPU63
Nov 26 10:23:24 ubuntu kernel: [    2.090335] GICv3: CPU63: found redistributor 2b0300 region 63:0x00002000ae4c0000
Nov 26 10:23:24 ubuntu kernel: [    2.090355] GICv3: CPU63: using allocated LPI pending table @0x00000027feca0000
Nov 26 10:23:24 ubuntu kernel: [    2.090407] CPU63: Booted secondary processor 0x00002b0300 [0x481fd010]
Nov 26 10:23:24 ubuntu kernel: [    2.123119] Detected VIPT I-cache on CPU64
Nov 26 10:23:24 ubuntu kernel: [    2.123150] GICv3: CPU64: found redistributor 2c0000 region 64:0x00002000ae500000
Nov 26 10:23:24 ubuntu kernel: [    2.123179] GICv3: CPU64: using allocated LPI pending table @0x00000027fecb0000
Nov 26 10:23:24 ubuntu kernel: [    2.123234] CPU64: Booted secondary processor 0x00002c0000 [0x481fd010]
Nov 26 10:23:24 ubuntu kernel: [    2.155925] Detected VIPT I-cache on CPU65
Nov 26 10:23:24 ubuntu kernel: [    2.155955] GICv3: CPU65: found redistributor 2c0100 region 65:0x00002000ae540000
Nov 26 10:23:24 ubuntu kernel: [    2.155975] GICv3: CPU65: using allocated LPI pending table @0x00000027fecc0000
Nov 26 10:23:24 ubuntu kernel: [    2.156027] CPU65: Booted secondary processor 0x00002c0100 [0x481fd010]
Nov 26 10:23:24 ubuntu kernel: [    2.188736] Detected VIPT I-cache on CPU66
Nov 26 10:23:24 ubuntu kernel: [    2.188765] GICv3: CPU66: found redistributor 2c0200 region 66:0x00002000ae580000
Nov 26 10:23:24 ubuntu kernel: [    2.188787] GICv3: CPU66: using allocated LPI pending table @0x00000027fecd0000
Nov 26 10:23:24 ubuntu kernel: [    2.188841] CPU66: Booted secondary processor 0x00002c0200 [0x481fd010]
Nov 26 10:23:24 ubuntu kernel: [    2.221546] Detected VIPT I-cache on CPU67
Nov 26 10:23:24 ubuntu kernel: [    2.221576] GICv3: CPU67: found redistributor 2c0300 region 67:0x00002000ae5c0000
Nov 26 10:23:24 ubuntu kernel: [    2.221597] GICv3: CPU67: using allocated LPI pending table @0x00000027fece0000
Nov 26 10:23:24 ubuntu kernel: [    2.221650] CPU67: Booted secondary processor 0x00002c0300 [0x481fd010]
Nov 26 10:23:24 ubuntu kernel: [    2.254535] Detected VIPT I-cache on CPU68
Nov 26 10:23:24 ubuntu kernel: [    2.254566] GICv3: CPU68: found redistributor 2d0000 region 68:0x00002000ae600000
Nov 26 10:23:24 ubuntu kernel: [    2.254596] GICv3: CPU68: using allocated LPI pending table @0x00000027fecf0000
Nov 26 10:23:24 ubuntu kernel: [    2.254652] CPU68: Booted secondary processor 0x00002d0000 [0x481fd010]
Nov 26 10:23:24 ubuntu kernel: [    2.287514] Detected VIPT I-cache on CPU69
Nov 26 10:23:24 ubuntu kernel: [    2.287544] GICv3: CPU69: found redistributor 2d0100 region 69:0x00002000ae640000
Nov 26 10:23:24 ubuntu kernel: [    2.287566] GICv3: CPU69: using allocated LPI pending table @0x00000027fed00000
Nov 26 10:23:24 ubuntu kernel: [    2.287618] CPU69: Booted secondary processor 0x00002d0100 [0x481fd010]
Nov 26 10:23:24 ubuntu kernel: [    2.320498] Detected VIPT I-cache on CPU70
Nov 26 10:23:24 ubuntu kernel: [    2.320528] GICv3: CPU70: found redistributor 2d0200 region 70:0x00002000ae680000
Nov 26 10:23:24 ubuntu kernel: [    2.320550] GICv3: CPU70: using allocated LPI pending table @0x00000027fed10000
Nov 26 10:23:24 ubuntu kernel: [    2.320602] CPU70: Booted secondary processor 0x00002d0200 [0x481fd010]
Nov 26 10:23:24 ubuntu kernel: [    2.353483] Detected VIPT I-cache on CPU71
Nov 26 10:23:24 ubuntu kernel: [    2.353513] GICv3: CPU71: found redistributor 2d0300 region 71:0x00002000ae6c0000
Nov 26 10:23:24 ubuntu kernel: [    2.353534] GICv3: CPU71: using allocated LPI pending table @0x00000027fed20000
Nov 26 10:23:24 ubuntu kernel: [    2.353587] CPU71: Booted secondary processor 0x00002d0300 [0x481fd010]
Nov 26 10:23:24 ubuntu kernel: [    2.393611] Detected VIPT I-cache on CPU72
Nov 26 10:23:24 ubuntu kernel: [    2.393665] GICv3: CPU72: found redistributor 380000 region 72:0x00002000aa100000
Nov 26 10:23:24 ubuntu kernel: [    2.393723] GICv3: CPU72: using allocated LPI pending table @0x00000027fed30000
Nov 26 10:23:24 ubuntu kernel: [    2.393807] CPU72: Booted secondary processor 0x0000380000 [0x481fd010]
Nov 26 10:23:24 ubuntu kernel: [    2.433688] Detected VIPT I-cache on CPU73
Nov 26 10:23:24 ubuntu kernel: [    2.433724] GICv3: CPU73: found redistributor 380100 region 73:0x00002000aa140000
Nov 26 10:23:24 ubuntu kernel: [    2.433746] GICv3: CPU73: using allocated LPI pending table @0x00000027fed40000
Nov 26 10:23:24 ubuntu kernel: [    2.433805] CPU73: Booted secondary processor 0x0000380100 [0x481fd010]
Nov 26 10:23:24 ubuntu kernel: [    2.473789] Detected VIPT I-cache on CPU74
Nov 26 10:23:24 ubuntu kernel: [    2.473826] GICv3: CPU74: found redistributor 380200 region 74:0x00002000aa180000
Nov 26 10:23:24 ubuntu kernel: [    2.473850] GICv3: CPU74: using allocated LPI pending table @0x00000027fed50000
Nov 26 10:23:24 ubuntu kernel: [    2.473908] CPU74: Booted secondary processor 0x0000380200 [0x481fd010]
Nov 26 10:23:24 ubuntu kernel: [    2.513891] Detected VIPT I-cache on CPU75
Nov 26 10:23:24 ubuntu kernel: [    2.513927] GICv3: CPU75: found redistributor 380300 region 75:0x00002000aa1c0000
Nov 26 10:23:24 ubuntu kernel: [    2.513949] GICv3: CPU75: using allocated LPI pending table @0x00000027fed60000
Nov 26 10:23:24 ubuntu kernel: [    2.514006] CPU75: Booted secondary processor 0x0000380300 [0x481fd010]
Nov 26 10:23:24 ubuntu kernel: [    2.554169] Detected VIPT I-cache on CPU76
Nov 26 10:23:24 ubuntu kernel: [    2.554207] GICv3: CPU76: found redistributor 390000 region 76:0x00002000aa200000
Nov 26 10:23:24 ubuntu kernel: [    2.554240] GICv3: CPU76: using allocated LPI pending table @0x00000027fed70000
Nov 26 10:23:24 ubuntu kernel: [    2.554302] CPU76: Booted secondary processor 0x0000390000 [0x481fd010]
Nov 26 10:23:24 ubuntu kernel: [    2.594442] Detected VIPT I-cache on CPU77
Nov 26 10:23:24 ubuntu kernel: [    2.594479] GICv3: CPU77: found redistributor 390100 region 77:0x00002000aa240000
Nov 26 10:23:24 ubuntu kernel: [    2.594501] GICv3: CPU77: using allocated LPI pending table @0x00000027fed80000
Nov 26 10:23:24 ubuntu kernel: [    2.594558] CPU77: Booted secondary processor 0x0000390100 [0x481fd010]
Nov 26 10:23:24 ubuntu kernel: [    2.634717] Detected VIPT I-cache on CPU78
Nov 26 10:23:24 ubuntu kernel: [    2.634754] GICv3: CPU78: found redistributor 390200 region 78:0x00002000aa280000
Nov 26 10:23:24 ubuntu kernel: [    2.634776] GICv3: CPU78: using allocated LPI pending table @0x00000027fed90000
Nov 26 10:23:24 ubuntu kernel: [    2.634834] CPU78: Booted secondary processor 0x0000390200 [0x481fd010]
Nov 26 10:23:24 ubuntu kernel: [    2.674992] Detected VIPT I-cache on CPU79
Nov 26 10:23:24 ubuntu kernel: [    2.675028] GICv3: CPU79: found redistributor 390300 region 79:0x00002000aa2c0000
Nov 26 10:23:24 ubuntu kernel: [    2.675051] GICv3: CPU79: using allocated LPI pending table @0x00000027feda0000
Nov 26 10:23:24 ubuntu kernel: [    2.675108] CPU79: Booted secondary processor 0x0000390300 [0x481fd010]
Nov 26 10:23:24 ubuntu kernel: [    2.715444] Detected VIPT I-cache on CPU80
Nov 26 10:23:24 ubuntu kernel: [    2.715482] GICv3: CPU80: found redistributor 3a0000 region 80:0x00002000aa300000
Nov 26 10:23:24 ubuntu kernel: [    2.715516] GICv3: CPU80: using allocated LPI pending table @0x00000027fedb0000
Nov 26 10:23:24 ubuntu kernel: [    2.715577] CPU80: Booted secondary processor 0x00003a0000 [0x481fd010]
Nov 26 10:23:24 ubuntu kernel: [    2.755890] Detected VIPT I-cache on CPU81
Nov 26 10:23:24 ubuntu kernel: [    2.755926] GICv3: CPU81: found redistributor 3a0100 region 81:0x00002000aa340000
Nov 26 10:23:24 ubuntu kernel: [    2.755949] GICv3: CPU81: using allocated LPI pending table @0x00000027fedc0000
Nov 26 10:23:24 ubuntu kernel: [    2.756007] CPU81: Booted secondary processor 0x00003a0100 [0x481fd010]
Nov 26 10:23:24 ubuntu kernel: [    2.796338] Detected VIPT I-cache on CPU82
Nov 26 10:23:24 ubuntu kernel: [    2.796375] GICv3: CPU82: found redistributor 3a0200 region 82:0x00002000aa380000
Nov 26 10:23:24 ubuntu kernel: [    2.796398] GICv3: CPU82: using allocated LPI pending table @0x00000027fedd0000
Nov 26 10:23:24 ubuntu kernel: [    2.796456] CPU82: Booted secondary processor 0x00003a0200 [0x481fd010]
Nov 26 10:23:24 ubuntu kernel: [    2.836787] Detected VIPT I-cache on CPU83
Nov 26 10:23:24 ubuntu kernel: [    2.836824] GICv3: CPU83: found redistributor 3a0300 region 83:0x00002000aa3c0000
Nov 26 10:23:24 ubuntu kernel: [    2.836847] GICv3: CPU83: using allocated LPI pending table @0x00000027fede0000
Nov 26 10:23:24 ubuntu kernel: [    2.836905] CPU83: Booted secondary processor 0x00003a0300 [0x481fd010]
Nov 26 10:23:24 ubuntu kernel: [    2.877413] Detected VIPT I-cache on CPU84
Nov 26 10:23:24 ubuntu kernel: [    2.877452] GICv3: CPU84: found redistributor 3b0000 region 84:0x00002000aa400000
Nov 26 10:23:24 ubuntu kernel: [    2.877487] GICv3: CPU84: using allocated LPI pending table @0x00000027fedf0000
Nov 26 10:23:24 ubuntu kernel: [    2.877548] CPU84: Booted secondary processor 0x00003b0000 [0x481fd010]
Nov 26 10:23:24 ubuntu kernel: [    2.918031] Detected VIPT I-cache on CPU85
Nov 26 10:23:24 ubuntu kernel: [    2.918069] GICv3: CPU85: found redistributor 3b0100 region 85:0x00002000aa440000
Nov 26 10:23:24 ubuntu kernel: [    2.918092] GICv3: CPU85: using allocated LPI pending table @0x00000027fee00000
Nov 26 10:23:24 ubuntu kernel: [    2.918150] CPU85: Booted secondary processor 0x00003b0100 [0x481fd010]
Nov 26 10:23:24 ubuntu kernel: [    2.958654] Detected VIPT I-cache on CPU86
Nov 26 10:23:24 ubuntu kernel: [    2.958692] GICv3: CPU86: found redistributor 3b0200 region 86:0x00002000aa480000
Nov 26 10:23:24 ubuntu kernel: [    2.958715] GICv3: CPU86: using allocated LPI pending table @0x00000027fee10000
Nov 26 10:23:24 ubuntu kernel: [    2.958773] CPU86: Booted secondary processor 0x00003b0200 [0x481fd010]
Nov 26 10:23:24 ubuntu kernel: [    2.999277] Detected VIPT I-cache on CPU87
Nov 26 10:23:24 ubuntu kernel: [    2.999314] GICv3: CPU87: found redistributor 3b0300 region 87:0x00002000aa4c0000
Nov 26 10:23:24 ubuntu kernel: [    2.999341] GICv3: CPU87: using allocated LPI pending table @0x00000027fee20000
Nov 26 10:23:24 ubuntu kernel: [    2.999400] CPU87: Booted secondary processor 0x00003b0300 [0x481fd010]
Nov 26 10:23:24 ubuntu kernel: [    3.039381] Detected VIPT I-cache on CPU88
Nov 26 10:23:24 ubuntu kernel: [    3.039420] GICv3: CPU88: found redistributor 3c0000 region 88:0x00002000aa500000
Nov 26 10:23:24 ubuntu kernel: [    3.039455] GICv3: CPU88: using allocated LPI pending table @0x00000027fee30000
Nov 26 10:23:24 ubuntu kernel: [    3.039516] CPU88: Booted secondary processor 0x00003c0000 [0x481fd010]
Nov 26 10:23:24 ubuntu kernel: [    3.079480] Detected VIPT I-cache on CPU89
Nov 26 10:23:24 ubuntu kernel: [    3.079517] GICv3: CPU89: found redistributor 3c0100 region 89:0x00002000aa540000
Nov 26 10:23:24 ubuntu kernel: [    3.079543] GICv3: CPU89: using allocated LPI pending table @0x00000027fee40000
Nov 26 10:23:24 ubuntu kernel: [    3.079601] CPU89: Booted secondary processor 0x00003c0100 [0x481fd010]
Nov 26 10:23:24 ubuntu kernel: [    3.119581] Detected VIPT I-cache on CPU90
Nov 26 10:23:24 ubuntu kernel: [    3.119617] GICv3: CPU90: found redistributor 3c0200 region 90:0x00002000aa580000
Nov 26 10:23:24 ubuntu kernel: [    3.119642] GICv3: CPU90: using allocated LPI pending table @0x00000027fee50000
Nov 26 10:23:24 ubuntu kernel: [    3.119700] CPU90: Booted secondary processor 0x00003c0200 [0x481fd010]
Nov 26 10:23:24 ubuntu kernel: [    3.159682] Detected VIPT I-cache on CPU91
Nov 26 10:23:24 ubuntu kernel: [    3.159719] GICv3: CPU91: found redistributor 3c0300 region 91:0x00002000aa5c0000
Nov 26 10:23:24 ubuntu kernel: [    3.159744] GICv3: CPU91: using allocated LPI pending table @0x00000027fee60000
Nov 26 10:23:24 ubuntu kernel: [    3.159802] CPU91: Booted secondary processor 0x00003c0300 [0x481fd010]
Nov 26 10:23:24 ubuntu kernel: [    3.199960] Detected VIPT I-cache on CPU92
Nov 26 10:23:24 ubuntu kernel: [    3.199999] GICv3: CPU92: found redistributor 3d0000 region 92:0x00002000aa600000
Nov 26 10:23:24 ubuntu kernel: [    3.200037] GICv3: CPU92: using allocated LPI pending table @0x00000027fee70000
Nov 26 10:23:24 ubuntu kernel: [    3.200098] CPU92: Booted secondary processor 0x00003d0000 [0x481fd010]
Nov 26 10:23:24 ubuntu kernel: [    3.240233] Detected VIPT I-cache on CPU93
Nov 26 10:23:24 ubuntu kernel: [    3.240270] GICv3: CPU93: found redistributor 3d0100 region 93:0x00002000aa640000
Nov 26 10:23:24 ubuntu kernel: [    3.240297] GICv3: CPU93: using allocated LPI pending table @0x00000027fee80000
Nov 26 10:23:24 ubuntu kernel: [    3.240355] CPU93: Booted secondary processor 0x00003d0100 [0x481fd010]
Nov 26 10:23:24 ubuntu kernel: [    3.280509] Detected VIPT I-cache on CPU94
Nov 26 10:23:24 ubuntu kernel: [    3.280546] GICv3: CPU94: found redistributor 3d0200 region 94:0x00002000aa680000
Nov 26 10:23:24 ubuntu kernel: [    3.280572] GICv3: CPU94: using allocated LPI pending table @0x00000027fee90000
Nov 26 10:23:24 ubuntu kernel: [    3.280630] CPU94: Booted secondary processor 0x00003d0200 [0x481fd010]
Nov 26 10:23:24 ubuntu kernel: [    3.320784] Detected VIPT I-cache on CPU95
Nov 26 10:23:24 ubuntu kernel: [    3.320821] GICv3: CPU95: found redistributor 3d0300 region 95:0x00002000aa6c0000
Nov 26 10:23:24 ubuntu kernel: [    3.320846] GICv3: CPU95: using allocated LPI pending table @0x00000027feea0000
Nov 26 10:23:24 ubuntu kernel: [    3.320905] CPU95: Booted secondary processor 0x00003d0300 [0x481fd010]
Nov 26 10:23:24 ubuntu kernel: [    3.321733] smp: Brought up 4 nodes, 96 CPUs
Nov 26 10:23:24 ubuntu kernel: [    3.322280] SMP: Total of 96 processors activated.
Nov 26 10:23:24 ubuntu kernel: [    3.322282] CPU features: detected: Privileged Access Never
Nov 26 10:23:24 ubuntu kernel: [    3.322284] CPU features: detected: LSE atomic instructions
Nov 26 10:23:24 ubuntu kernel: [    3.322286] CPU features: detected: User Access Override
Nov 26 10:23:24 ubuntu kernel: [    3.322289] CPU features: detected: Common not Private translations
Nov 26 10:23:24 ubuntu kernel: [    3.322291] CPU features: detected: Data cache clean to Point of Persistence
Nov 26 10:23:24 ubuntu kernel: [    3.322293] CPU features: detected: RAS Extension Support
Nov 26 10:23:24 ubuntu kernel: [    3.322295] CPU features: detected: CRC32 instructions
Nov 26 10:23:24 ubuntu kernel: [    3.387147] CPU: All CPU(s) started at EL2
Nov 26 10:23:24 ubuntu kernel: [    3.403147] devtmpfs: initialized
Nov 26 10:23:24 ubuntu kernel: [    3.405889] Registered cp15_barrier emulation handler
Nov 26 10:23:24 ubuntu kernel: [    3.405927] Registered setend emulation handler
Nov 26 10:23:24 ubuntu kernel: [    3.405933] KASLR disabled due to lack of seed
Nov 26 10:23:24 ubuntu kernel: [    3.406339] clocksource: jiffies: mask: 0xffffffff max_cycles: 0xffffffff, max_idle_ns: 7645041785100000 ns
Nov 26 10:23:24 ubuntu kernel: [    3.406799] futex hash table entries: 32768 (order: 9, 2097152 bytes, vmalloc)
Nov 26 10:23:24 ubuntu kernel: [    3.407627] pinctrl core: initialized pinctrl subsystem
Nov 26 10:23:24 ubuntu kernel: [    3.407805] thermal_sys: Registered thermal governor 'fair_share'
Nov 26 10:23:24 ubuntu kernel: [    3.407806] thermal_sys: Registered thermal governor 'bang_bang'
Nov 26 10:23:24 ubuntu kernel: [    3.407810] thermal_sys: Registered thermal governor 'step_wise'
Nov 26 10:23:24 ubuntu kernel: [    3.407812] thermal_sys: Registered thermal governor 'user_space'
Nov 26 10:23:24 ubuntu kernel: [    3.407894] SMBIOS 3.1.1 present.
Nov 26 10:23:24 ubuntu kernel: [    3.407901] DMI: Huawei TaiShan 200 (Model 2280)/BC82AMDDA, BIOS 1.06 10/29/2019
Nov 26 10:23:24 ubuntu kernel: [    3.408246] NET: Registered protocol family 16
Nov 26 10:23:24 ubuntu kernel: [    3.409364] DMA: preallocated 256 KiB pool for atomic allocations
Nov 26 10:23:24 ubuntu kernel: [    3.409369] audit: initializing netlink subsys (disabled)
Nov 26 10:23:24 ubuntu kernel: [    3.409412] audit: type=2000 audit(0.488:1): state=initialized audit_enabled=0 res=1
Nov 26 10:23:24 ubuntu kernel: [    3.409683] cpuidle: using governor ladder
Nov 26 10:23:24 ubuntu kernel: [    3.409775] cpuidle: using governor menu
Nov 26 10:23:24 ubuntu kernel: [    3.409785] Detected 1 PCC Subspaces
Nov 26 10:23:24 ubuntu kernel: [    3.409814] Registering PCC driver as Mailbox controller
Nov 26 10:23:24 ubuntu kernel: [    3.409893] hw-breakpoint: found 6 breakpoint and 4 watchpoint registers.
Nov 26 10:23:24 ubuntu kernel: [    3.410778] ASID allocator initialised with 65536 entries
Nov 26 10:23:24 ubuntu kernel: [    3.410922] ACPI: bus type PCI registered
Nov 26 10:23:24 ubuntu kernel: [    3.410926] acpiphp: ACPI Hot Plug PCI Controller Driver version: 0.5
Nov 26 10:23:24 ubuntu kernel: [    3.411086] Serial: AMBA PL011 UART driver
Nov 26 10:23:24 ubuntu kernel: [    3.418643] HugeTLB registered 1.00 GiB page size, pre-allocated 0 pages
Nov 26 10:23:24 ubuntu kernel: [    3.418647] HugeTLB registered 32.0 MiB page size, pre-allocated 0 pages
Nov 26 10:23:24 ubuntu kernel: [    3.418649] HugeTLB registered 2.00 MiB page size, pre-allocated 0 pages
Nov 26 10:23:24 ubuntu kernel: [    3.418652] HugeTLB registered 64.0 KiB page size, pre-allocated 0 pages
Nov 26 10:23:24 ubuntu kernel: [    3.422478] fbcon: Taking over console
Nov 26 10:23:24 ubuntu kernel: [    3.422878] ACPI: Added _OSI(Module Device)
Nov 26 10:23:24 ubuntu kernel: [    3.422881] ACPI: Added _OSI(Processor Device)
Nov 26 10:23:24 ubuntu kernel: [    3.422883] ACPI: Added _OSI(3.0 _SCP Extensions)
Nov 26 10:23:24 ubuntu kernel: [    3.422885] ACPI: Added _OSI(Processor Aggregator Device)
Nov 26 10:23:24 ubuntu kernel: [    3.422887] ACPI: Added _OSI(Linux-Dell-Video)
Nov 26 10:23:24 ubuntu kernel: [    3.422889] ACPI: Added _OSI(Linux-Lenovo-NV-HDMI-Audio)
Nov 26 10:23:24 ubuntu kernel: [    3.422891] ACPI: Added _OSI(Linux-HPI-Hybrid-Graphics)
Nov 26 10:23:24 ubuntu kernel: [    3.432091] ACPI: 2 ACPI AML tables successfully acquired and loaded
Nov 26 10:23:24 ubuntu kernel: [    3.435504] ACPI: Interpreter enabled
Nov 26 10:23:24 ubuntu kernel: [    3.435507] ACPI: Using GIC for interrupt routing
Nov 26 10:23:24 ubuntu kernel: [    3.435521] ACPI: MCFG table detected, 1 entries
Nov 26 10:23:24 ubuntu kernel: [    3.435524] ACPI: IORT: [Firmware Bug]: ID count for ID mapping entry is wrong, applying workaround
Nov 26 10:23:24 ubuntu kernel: [    3.435529] ACPI: IORT: SMMU-v3[148000000] Mapped to Proximity domain 0
Nov 26 10:23:24 ubuntu kernel: [    3.435575] ACPI: IORT: SMMU-v3[201000000] Mapped to Proximity domain 0
Nov 26 10:23:24 ubuntu kernel: [    3.435603] ACPI: IORT: SMMU-v3[100000000] Mapped to Proximity domain 0
Nov 26 10:23:24 ubuntu kernel: [    3.435626] ACPI: IORT: SMMU-v3[140000000] Mapped to Proximity domain 0
Nov 26 10:23:24 ubuntu kernel: [    3.435651] ACPI: IORT: SMMU-v3[200148000000] Mapped to Proximity domain 2
Nov 26 10:23:24 ubuntu kernel: [    3.435674] ACPI: IORT: SMMU-v3[200201000000] Mapped to Proximity domain 2
Nov 26 10:23:24 ubuntu kernel: [    3.435699] ACPI: IORT: SMMU-v3[200100000000] Mapped to Proximity domain 2
Nov 26 10:23:24 ubuntu kernel: [    3.435721] ACPI: IORT: SMMU-v3[200140000000] Mapped to Proximity domain 2
Nov 26 10:23:24 ubuntu kernel: [    3.436390] HEST: Table parsing has been initialized.
Nov 26 10:23:24 ubuntu kernel: [    3.464397] ACPI: PCI Root Bridge [PCI0] (domain 0000 [bus 00-3f])
Nov 26 10:23:24 ubuntu kernel: [    3.464405] acpi PNP0A08:00: _OSC: OS supports [ExtendedConfig ASPM ClockPM Segments MSI HPX-Type3]
Nov 26 10:23:24 ubuntu kernel: [    3.464509] acpi PNP0A08:00: _OSC: platform does not support [SHPCHotplug LTR]
Nov 26 10:23:24 ubuntu kernel: [    3.464596] acpi PNP0A08:00: _OSC: OS now controls [PCIeHotplug PME AER PCIeCapability]
Nov 26 10:23:24 ubuntu kernel: [    3.465194] acpi PNP0A08:00: ECAM area [mem 0xd0000000-0xd3ffffff] reserved by PNP0C02:00
Nov 26 10:23:24 ubuntu kernel: [    3.465206] acpi PNP0A08:00: ECAM at [mem 0xd0000000-0xd3ffffff] for [bus 00-3f]
Nov 26 10:23:24 ubuntu kernel: [    3.465231] Remapped I/O 0x00000000f7ff0000 to [io  0x0000-0xffff window]
Nov 26 10:23:24 ubuntu kernel: [    3.465297] PCI host bridge to bus 0000:00
Nov 26 10:23:24 ubuntu kernel: [    3.465300] pci_bus 0000:00: root bus resource [mem 0x80000000000-0x82fffffffff pref window]
Nov 26 10:23:24 ubuntu kernel: [    3.465304] pci_bus 0000:00: root bus resource [mem 0xe0000000-0xf7feffff window]
Nov 26 10:23:24 ubuntu kernel: [    3.465307] pci_bus 0000:00: root bus resource [io  0x0000-0xffff window]
Nov 26 10:23:24 ubuntu kernel: [    3.465309] pci_bus 0000:00: root bus resource [bus 00-3f]
Nov 26 10:23:24 ubuntu kernel: [    3.465342] pci 0000:00:00.0: [19e5:a120] type 01 class 0x060400
Nov 26 10:23:24 ubuntu kernel: [    3.465409] pci 0000:00:00.0: PME# supported from D0 D1 D2 D3hot D3cold
Nov 26 10:23:24 ubuntu kernel: [    3.465487] pci 0000:00:04.0: [19e5:a120] type 01 class 0x060400
Nov 26 10:23:24 ubuntu kernel: [    3.465545] pci 0000:00:04.0: PME# supported from D0 D1 D2 D3hot D3cold
Nov 26 10:23:24 ubuntu kernel: [    3.465612] pci 0000:00:08.0: [19e5:a120] type 01 class 0x060400
Nov 26 10:23:24 ubuntu kernel: [    3.465666] pci 0000:00:08.0: PME# supported from D0 D1 D2 D3hot D3cold
Nov 26 10:23:24 ubuntu kernel: [    3.465726] pci 0000:00:0c.0: [19e5:a120] type 01 class 0x060400
Nov 26 10:23:24 ubuntu kernel: [    3.465780] pci 0000:00:0c.0: PME# supported from D0 D1 D2 D3hot D3cold
Nov 26 10:23:24 ubuntu kernel: [    3.465841] pci 0000:00:10.0: [19e5:a120] type 01 class 0x060400
Nov 26 10:23:24 ubuntu kernel: [    3.465895] pci 0000:00:10.0: PME# supported from D0 D1 D2 D3hot D3cold
Nov 26 10:23:24 ubuntu kernel: [    3.465954] pci 0000:00:11.0: [19e5:a120] type 01 class 0x060400
Nov 26 10:23:24 ubuntu kernel: [    3.466008] pci 0000:00:11.0: PME# supported from D0 D1 D2 D3hot D3cold
Nov 26 10:23:24 ubuntu kernel: [    3.466066] pci 0000:00:12.0: [19e5:a120] type 01 class 0x060400
Nov 26 10:23:24 ubuntu kernel: [    3.466120] pci 0000:00:12.0: PME# supported from D0 D1 D2 D3hot D3cold
Nov 26 10:23:24 ubuntu kernel: [    3.466258] pci 0000:03:00.0: [1000:0016] type 00 class 0x010400
Nov 26 10:23:24 ubuntu kernel: [    3.466280] pci 0000:03:00.0: reg 0x10: [mem 0x80000100000-0x800001fffff 64bit pref]
Nov 26 10:23:24 ubuntu kernel: [    3.466289] pci 0000:03:00.0: reg 0x18: [mem 0x80000000000-0x800000fffff 64bit pref]
Nov 26 10:23:24 ubuntu kernel: [    3.466297] pci 0000:03:00.0: reg 0x20: [mem 0xe6400000-0xe64fffff]
Nov 26 10:23:24 ubuntu kernel: [    3.466305] pci 0000:03:00.0: reg 0x24: [io  0x0000-0x00ff]
Nov 26 10:23:24 ubuntu kernel: [    3.466312] pci 0000:03:00.0: reg 0x30: [mem 0xe6300000-0xe63fffff pref]
Nov 26 10:23:24 ubuntu kernel: [    3.466379] pci 0000:03:00.0: supports D1 D2
Nov 26 10:23:24 ubuntu kernel: [    3.466525] pci 0000:05:00.0: [19e5:1710] type 00 class 0x118000
Nov 26 10:23:24 ubuntu kernel: [    3.466551] pci 0000:05:00.0: reg 0x10: [mem 0xe0000000-0xe3ffffff pref]
Nov 26 10:23:24 ubuntu kernel: [    3.466561] pci 0000:05:00.0: reg 0x14: [mem 0xe6200000-0xe62fffff]
Nov 26 10:23:24 ubuntu kernel: [    3.466713] pci 0000:05:00.0: supports D1
Nov 26 10:23:24 ubuntu kernel: [    3.466716] pci 0000:05:00.0: PME# supported from D0 D1 D3hot
Nov 26 10:23:24 ubuntu kernel: [    3.466858] pci 0000:06:00.0: [19e5:1711] type 00 class 0x030000
Nov 26 10:23:24 ubuntu kernel: [    3.466889] pci 0000:06:00.0: reg 0x10: [mem 0xe4000000-0xe5ffffff pref]
Nov 26 10:23:24 ubuntu kernel: [    3.466903] pci 0000:06:00.0: reg 0x14: [mem 0xe6000000-0xe61fffff]
Nov 26 10:23:24 ubuntu kernel: [    3.467029] pci 0000:06:00.0: BAR 0: assigned to efifb
Nov 26 10:23:24 ubuntu kernel: [    3.467089] pci 0000:06:00.0: supports D1
Nov 26 10:23:24 ubuntu kernel: [    3.467092] pci 0000:06:00.0: PME# supported from D0 D1 D3hot
Nov 26 10:23:24 ubuntu kernel: [    3.467234] pci_bus 0000:00: on NUMA node 0
Nov 26 10:23:24 ubuntu kernel: [    3.467235] pci 0000:00:00.0: PCI bridge to [bus 01]
Nov 26 10:23:24 ubuntu kernel: [    3.467240] pci 0000:00:04.0: PCI bridge to [bus 02]
Nov 26 10:23:24 ubuntu kernel: [    3.467245] pci 0000:00:08.0: PCI bridge to [bus 03]
Nov 26 10:23:24 ubuntu kernel: [    3.467248] pci 0000:00:08.0:   bridge window [io  0x0000-0x0fff]
Nov 26 10:23:24 ubuntu kernel: [    3.467251] pci 0000:00:08.0:   bridge window [mem 0xe6300000-0xe64fffff]
Nov 26 10:23:24 ubuntu kernel: [    3.467254] pci 0000:00:08.0:   bridge window [mem 0x80000000000-0x800001fffff 64bit pref]
Nov 26 10:23:24 ubuntu kernel: [    3.467258] pci 0000:00:0c.0: PCI bridge to [bus 04]
Nov 26 10:23:24 ubuntu kernel: [    3.467262] pci 0000:00:10.0: PCI bridge to [bus 05]
Nov 26 10:23:24 ubuntu kernel: [    3.467266] pci 0000:00:10.0:   bridge window [mem 0xe6200000-0xe62fffff]
Nov 26 10:23:24 ubuntu kernel: [    3.467269] pci 0000:00:10.0:   bridge window [mem 0xe0000000-0xe3ffffff 64bit pref]
Nov 26 10:23:24 ubuntu kernel: [    3.467273] pci 0000:00:11.0: PCI bridge to [bus 06]
Nov 26 10:23:24 ubuntu kernel: [    3.467276] pci 0000:00:11.0:   bridge window [mem 0xe6000000-0xe61fffff]
Nov 26 10:23:24 ubuntu kernel: [    3.467279] pci 0000:00:11.0:   bridge window [mem 0xe4000000-0xe5ffffff 64bit pref]
Nov 26 10:23:24 ubuntu kernel: [    3.467282] pci 0000:00:12.0: PCI bridge to [bus 07]
Nov 26 10:23:24 ubuntu kernel: [    3.467293] pci 0000:00:00.0: PCI bridge to [bus 01]
Nov 26 10:23:24 ubuntu kernel: [    3.467298] pci 0000:00:04.0: PCI bridge to [bus 02]
Nov 26 10:23:24 ubuntu kernel: [    3.467303] pci 0000:00:08.0: PCI bridge to [bus 03]
Nov 26 10:23:24 ubuntu kernel: [    3.467305] pci 0000:00:08.0:   bridge window [io  0x0000-0x0fff]
Nov 26 10:23:24 ubuntu kernel: [    3.467309] pci 0000:00:08.0:   bridge window [mem 0xe6300000-0xe64fffff]
Nov 26 10:23:24 ubuntu kernel: [    3.467312] pci 0000:00:08.0:   bridge window [mem 0x80000000000-0x800001fffff 64bit pref]
Nov 26 10:23:24 ubuntu kernel: [    3.467316] pci 0000:00:0c.0: PCI bridge to [bus 04]
Nov 26 10:23:24 ubuntu kernel: [    3.467320] pci 0000:00:10.0: PCI bridge to [bus 05]
Nov 26 10:23:24 ubuntu kernel: [    3.467324] pci 0000:00:10.0:   bridge window [mem 0xe6200000-0xe62fffff]
Nov 26 10:23:24 ubuntu kernel: [    3.467327] pci 0000:00:10.0:   bridge window [mem 0xe0000000-0xe3ffffff 64bit pref]
Nov 26 10:23:24 ubuntu kernel: [    3.467330] pci 0000:00:11.0: PCI bridge to [bus 06]
Nov 26 10:23:24 ubuntu kernel: [    3.467334] pci 0000:00:11.0:   bridge window [mem 0xe6000000-0xe61fffff]
Nov 26 10:23:24 ubuntu kernel: [    3.467337] pci 0000:00:11.0:   bridge window [mem 0xe4000000-0xe5ffffff 64bit pref]
Nov 26 10:23:24 ubuntu kernel: [    3.467341] pci 0000:00:12.0: PCI bridge to [bus 07]
Nov 26 10:23:24 ubuntu kernel: [    3.467346] pci_bus 0000:00: resource 4 [mem 0x80000000000-0x82fffffffff pref window]
Nov 26 10:23:24 ubuntu kernel: [    3.467349] pci_bus 0000:00: resource 5 [mem 0xe0000000-0xf7feffff window]
Nov 26 10:23:24 ubuntu kernel: [    3.467352] pci_bus 0000:00: resource 6 [io  0x0000-0xffff window]
Nov 26 10:23:24 ubuntu kernel: [    3.467354] pci_bus 0000:03: resource 0 [io  0x0000-0x0fff]
Nov 26 10:23:24 ubuntu kernel: [    3.467357] pci_bus 0000:03: resource 1 [mem 0xe6300000-0xe64fffff]
Nov 26 10:23:24 ubuntu kernel: [    3.467360] pci_bus 0000:03: resource 2 [mem 0x80000000000-0x800001fffff 64bit pref]
Nov 26 10:23:24 ubuntu kernel: [    3.467363] pci_bus 0000:05: resource 1 [mem 0xe6200000-0xe62fffff]
Nov 26 10:23:24 ubuntu kernel: [    3.467365] pci_bus 0000:05: resource 2 [mem 0xe0000000-0xe3ffffff 64bit pref]
Nov 26 10:23:24 ubuntu kernel: [    3.467368] pci_bus 0000:06: resource 1 [mem 0xe6000000-0xe61fffff]
Nov 26 10:23:24 ubuntu kernel: [    3.467371] pci_bus 0000:06: resource 2 [mem 0xe4000000-0xe5ffffff 64bit pref]
Nov 26 10:23:24 ubuntu kernel: [    3.467423] ACPI: PCI Root Bridge [PCI1] (domain 0000 [bus 7b])
Nov 26 10:23:24 ubuntu kernel: [    3.467428] acpi PNP0A08:01: _OSC: OS supports [ExtendedConfig ASPM ClockPM Segments MSI HPX-Type3]
Nov 26 10:23:24 ubuntu kernel: [    3.467526] acpi PNP0A08:01: _OSC: platform does not support [PCIeHotplug SHPCHotplug PME AER LTR]
Nov 26 10:23:24 ubuntu kernel: [    3.467614] acpi PNP0A08:01: _OSC: OS now controls [PCIeCapability]
Nov 26 10:23:24 ubuntu kernel: [    3.468202] acpi PNP0A08:01: ECAM area [mem 0xd7b00000-0xd7bfffff] reserved by PNP0C02:00
Nov 26 10:23:24 ubuntu kernel: [    3.468218] acpi PNP0A08:01: ECAM at [mem 0xd7b00000-0xd7bfffff] for [bus 7b]
Nov 26 10:23:24 ubuntu kernel: [    3.468267] PCI host bridge to bus 0000:7b
Nov 26 10:23:24 ubuntu kernel: [    3.468270] pci_bus 0000:7b: root bus resource [mem 0x148800000-0x148ffffff pref window]
Nov 26 10:23:24 ubuntu kernel: [    3.468274] pci_bus 0000:7b: root bus resource [bus 7b]
Nov 26 10:23:24 ubuntu kernel: [    3.468281] pci 0000:7b:00.0: [19e5:a122] type 00 class 0x088000
Nov 26 10:23:24 ubuntu kernel: [    3.468289] pci 0000:7b:00.0: reg 0x18: [mem 0x00000000-0x00003fff 64bit pref]
Nov 26 10:23:24 ubuntu kernel: [    3.468339] pci_bus 0000:7b: on NUMA node 0
Nov 26 10:23:24 ubuntu kernel: [    3.468343] pci 0000:7b:00.0: BAR 2: assigned [mem 0x148800000-0x148803fff 64bit pref]
