Oct 23 10:53:47 ubuntu systemd-modules-load[844]: Inserted module 'iscsi_tcp'
Oct 23 10:53:47 ubuntu systemd-modules-load[844]: Inserted module 'ib_iser'
Oct 23 10:53:47 ubuntu lvm[848]:   2 logical volume(s) in volume group "ubuntu-vg" monitored
Oct 23 10:53:47 ubuntu systemd[1]: Starting Flush Journal to Persistent Storage...
Oct 23 10:53:47 ubuntu systemd[1]: Started udev Kernel Device Manager.
Oct 23 10:53:47 ubuntu systemd[1]: Started Flush Journal to Persistent Storage.
Oct 23 10:53:47 ubuntu kernel: [    0.000000] Booting Linux on physical CPU 0x0000000000 [0x481fd010]
Oct 23 10:53:47 ubuntu kernel: [    0.000000] Linux version 5.7.1 (root@ubuntu) (gcc version 7.5.0 (Ubuntu/Linaro 7.5.0-3ubuntu1~18.04), GNU ld (GNU Binutils for Ubuntu) 2.30) #1 SMP Fri Oct 23 10:21:19 CST 2020
Oct 23 10:53:47 ubuntu systemd[1]: Found device /dev/ttyAMA0.
Oct 23 10:53:47 ubuntu kernel: [    0.000000] efi: EFI v2.70 by EDK II
Oct 23 10:53:47 ubuntu systemd-udevd[875]: link_config: autonegotiation is unset or enabled, the speed and duplex are not writable.
Oct 23 10:53:47 ubuntu kernel: [    0.000000] efi:  SMBIOS 3.0=0x53f710000  ACPI 2.0=0x53c020000  MEMATTR=0x53cc7ca98  MEMRESERVE=0x53becd018 
Oct 23 10:53:47 ubuntu systemd[1]: Started udev Coldplug all Devices.
Oct 23 10:53:47 ubuntu kernel: [    0.000000] cma: Reserved 32 MiB at 0x00000000fe000000
Oct 23 10:53:47 ubuntu kernel: [    0.000000] ACPI: Early table checksum verification disabled
Oct 23 10:53:47 ubuntu kernel: [    0.000000] ACPI: RSDP 0x000000053C020000 000024 (v02 BOCHS )
Oct 23 10:53:47 ubuntu systemd-udevd[920]: link_config: autonegotiation is unset or enabled, the speed and duplex are not writable.
Oct 23 10:53:47 ubuntu kernel: [    0.000000] ACPI: XSDT 0x000000053BED0000 000054 (v01 BOCHS  BXPCFACP 00000001      01000013)
Oct 23 10:53:47 ubuntu systemd[1]: Listening on Load/Save RF Kill Switch Status /dev/rfkill Watch.
Oct 23 10:53:47 ubuntu kernel: [    0.000000] ACPI: FACP 0x000000053BE90000 00010C (v05 BOCHS  BXPCFACP 00000001 BXPC 00000001)
Oct 23 10:53:47 ubuntu kernel: [    0.000000] ACPI: DSDT 0x000000053BEA0000 001523 (v02 BOCHS  BXPCDSDT 00000001 BXPC 00000001)
Oct 23 10:53:47 ubuntu kernel: [    0.000000] ACPI: APIC 0x000000053BE80000 0009E8 (v03 BOCHS  BXPCAPIC 00000001 BXPC 00000001)
Oct 23 10:53:47 ubuntu systemd[1]: Started Dispatch Password Requests to Console Directory Watch.
Oct 23 10:53:47 ubuntu kernel: [    0.000000] ACPI: GTDT 0x000000053BE70000 000060 (v02 BOCHS  BXPCGTDT 00000001 BXPC 00000001)
Oct 23 10:53:47 ubuntu kernel: [    0.000000] ACPI: MCFG 0x000000053BE60000 00003C (v01 BOCHS  BXPCMCFG 00000001 BXPC 00000001)
Oct 23 10:53:47 ubuntu systemd[1]: Reached target Local Encrypted Volumes.
Oct 23 10:53:47 ubuntu kernel: [    0.000000] ACPI: SPCR 0x000000053BE50000 000050 (v02 BOCHS  BXPCSPCR 00000001 BXPC 00000001)
Oct 23 10:53:47 ubuntu systemd[1]: Found device /dev/mapper/ubuntu--vg-swap_1.
Oct 23 10:53:47 ubuntu kernel: [    0.000000] ACPI: IORT 0x000000053BE40000 00007C (v00 BOCHS  BXPCIORT 00000001 BXPC 00000001)
Oct 23 10:53:47 ubuntu kernel: [    0.000000] ACPI: SPCR: console: pl011,mmio,0x9000000,9600
Oct 23 10:53:47 ubuntu systemd[1]: Activating swap /dev/mapper/ubuntu--vg-swap_1...
Oct 23 10:53:47 ubuntu kernel: [    0.000000] ACPI: NUMA: Failed to initialise from firmware
Oct 23 10:53:47 ubuntu systemd[1]: Activated swap /dev/mapper/ubuntu--vg-swap_1.
Oct 23 10:53:47 ubuntu kernel: [    0.000000] NUMA: Faking a node at [mem 0x0000000040000000-0x000000053fffffff]
Oct 23 10:53:47 ubuntu kernel: [    0.000000] NUMA: NODE_DATA [mem 0x53d409300-0x53d40cfff]
Oct 23 10:53:47 ubuntu kernel: [    0.000000] Zone ranges:
Oct 23 10:53:47 ubuntu kernel: [    0.000000]   DMA      [mem 0x0000000040000000-0x000000007fffffff]
Oct 23 10:53:47 ubuntu kernel: [    0.000000]   DMA32    [mem 0x0000000080000000-0x00000000ffffffff]
Oct 23 10:53:47 ubuntu kernel: [    0.000000]   Normal   [mem 0x0000000100000000-0x000000053fffffff]
Oct 23 10:53:47 ubuntu kernel: [    0.000000] Movable zone start for each node
Oct 23 10:53:47 ubuntu kernel: [    0.000000] Early memory node ranges
Oct 23 10:53:47 ubuntu kernel: [    0.000000]   node   0: [mem 0x0000000040000000-0x000000053bedffff]
Oct 23 10:53:47 ubuntu kernel: [    0.000000]   node   0: [mem 0x000000053bee0000-0x000000053bffffff]
Oct 23 10:53:47 ubuntu kernel: [    0.000000]   node   0: [mem 0x000000053c000000-0x000000053c02ffff]
Oct 23 10:53:47 ubuntu kernel: [    0.000000]   node   0: [mem 0x000000053c030000-0x000000053c0affff]
Oct 23 10:53:47 ubuntu kernel: [    0.000000]   node   0: [mem 0x000000053c0b0000-0x000000053f57ffff]
Oct 23 10:53:47 ubuntu kernel: [    0.000000]   node   0: [mem 0x000000053f580000-0x000000053f95ffff]
Oct 23 10:53:47 ubuntu kernel: [    0.000000]   node   0: [mem 0x000000053f960000-0x000000053fffffff]
Oct 23 10:53:47 ubuntu kernel: [    0.000000] Zeroed struct page in unavailable ranges: 544 pages
Oct 23 10:53:47 ubuntu systemd[1]: Found device QEMU_HARDDISK 1.
Oct 23 10:53:47 ubuntu kernel: [    0.000000] Initmem setup node 0 [mem 0x0000000040000000-0x000000053fffffff]
Oct 23 10:53:47 ubuntu kernel: [    0.000000] On node 0 totalpages: 5242880
Oct 23 10:53:47 ubuntu kernel: [    0.000000]   DMA zone: 5120 pages used for memmap
Oct 23 10:53:47 ubuntu kernel: [    0.000000]   DMA zone: 0 pages reserved
Oct 23 10:53:47 ubuntu kernel: [    0.000000]   DMA zone: 262144 pages, LIFO batch:63
Oct 23 10:53:47 ubuntu systemd[1]: Starting File System Check on /dev/disk/by-uuid/5EA9-3D4C...
Oct 23 10:53:47 ubuntu kernel: [    0.000000]   DMA32 zone: 10240 pages used for memmap
Oct 23 10:53:47 ubuntu kernel: [    0.000000]   DMA32 zone: 524288 pages, LIFO batch:63
Oct 23 10:53:47 ubuntu kernel: [    0.000000]   Normal zone: 87040 pages used for memmap
Oct 23 10:53:47 ubuntu kernel: [    0.000000]   Normal zone: 4456448 pages, LIFO batch:63
Oct 23 10:53:47 ubuntu systemd[1]: Created slice system-lvm2\x2dpvscan.slice.
Oct 23 10:53:47 ubuntu kernel: [    0.000000] psci: probing for conduit method from ACPI.
Oct 23 10:53:47 ubuntu systemd[1]: Starting LVM2 PV scan on device 8:2...
Oct 23 10:53:47 ubuntu kernel: [    0.000000] psci: PSCIv1.0 detected in firmware.
Oct 23 10:53:47 ubuntu kernel: [    0.000000] psci: Using standard PSCI v0.2 function IDs
Oct 23 10:53:47 ubuntu systemd[1]: Reached target Swap.
Oct 23 10:53:47 ubuntu kernel: [    0.000000] psci: Trusted OS migration not required
Oct 23 10:53:47 ubuntu systemd[1]: Started File System Check Daemon to report status.
Oct 23 10:53:47 ubuntu kernel: [    0.000000] psci: SMC Calling Convention v1.1
Oct 23 10:53:47 ubuntu systemd-fsck[1046]: fsck.fat 4.1 (2017-01-24)
Oct 23 10:53:47 ubuntu systemd-fsck[1046]: /dev/sda1: 5 files, 41/65501 clusters
Oct 23 10:53:47 ubuntu systemd[1]: Started File System Check on /dev/disk/by-uuid/5EA9-3D4C.
Oct 23 10:53:47 ubuntu kernel: [    0.000000] ACPI: SRAT not present
Oct 23 10:53:47 ubuntu systemd[1]: Mounting /boot/efi...
Oct 23 10:53:47 ubuntu kernel: [    0.000000] percpu: Embedded 33 pages/cpu s94616 r8192 d32360 u135168
Oct 23 10:53:47 ubuntu lvm[1047]:   2 logical volume(s) in volume group "ubuntu-vg" now active
Oct 23 10:53:47 ubuntu systemd[1]: Mounted /boot/efi.
Oct 23 10:53:47 ubuntu kernel: [    0.000000] pcpu-alloc: s94616 r8192 d32360 u135168 alloc=33*4096
Oct 23 10:53:47 ubuntu systemd[1]: Started LVM2 PV scan on device 8:2.
Oct 23 10:53:47 ubuntu kernel: [    0.000000] pcpu-alloc: [0] 00 [0] 01 [0] 02 [0] 03 [0] 04 [0] 05 [0] 06 [0] 07 
Oct 23 10:53:47 ubuntu kernel: [    0.000000] pcpu-alloc: [0] 08 [0] 09 [0] 10 [0] 11 [0] 12 [0] 13 [0] 14 [0] 15 
Oct 23 10:53:47 ubuntu kernel: [    0.000000] pcpu-alloc: [0] 16 [0] 17 [0] 18 [0] 19 [0] 20 [0] 21 [0] 22 [0] 23 
Oct 23 10:53:47 ubuntu kernel: [    0.000000] pcpu-alloc: [0] 24 [0] 25 [0] 26 [0] 27 [0] 28 [0] 29 [0] 30 [0] 31 
Oct 23 10:53:47 ubuntu kernel: [    0.000000] Detected VIPT I-cache on CPU0
Oct 23 10:53:47 ubuntu systemd[1]: Reached target Local File Systems.
Oct 23 10:53:47 ubuntu kernel: [    0.000000] CPU features: detected: GIC system register CPU interface
Oct 23 10:53:47 ubuntu kernel: [    0.000000] CPU features: detected: Hardware dirty bit management
Oct 23 10:53:47 ubuntu kernel: [    0.000000] Built 1 zonelists, mobility grouping on.  Total pages: 5140480
Oct 23 10:53:47 ubuntu systemd[1]: Starting Tell Plymouth To Write Out Runtime Data...
Oct 23 10:53:47 ubuntu systemd[1]: Starting Set console font and keymap...
Oct 23 10:53:47 ubuntu kernel: [    0.000000] Policy zone: Normal
Oct 23 10:53:47 ubuntu systemd[1]: Starting Create Volatile Files and Directories...
Oct 23 10:53:47 ubuntu kernel: [    0.000000] Kernel command line: BOOT_IMAGE=/boot/vmlinuz-5.7.1 root=/dev/mapper/ubuntu--vg-root ro
Oct 23 10:53:47 ubuntu systemd[1]: Starting ebtables ruleset management...
Oct 23 10:53:47 ubuntu kernel: [    0.000000] Dentry cache hash table entries: 4194304 (order: 13, 33554432 bytes, linear)
Oct 23 10:53:47 ubuntu kernel: [    0.000000] Inode-cache hash table entries: 2097152 (order: 12, 16777216 bytes, linear)
Oct 23 10:53:47 ubuntu kernel: [    0.000000] mem auto-init: stack:off, heap alloc:on, heap free:off
Oct 23 10:53:47 ubuntu systemd[1]: Starting AppArmor initialization...
Oct 23 10:53:47 ubuntu kernel: [    0.000000] software IO TLB: mapped [mem 0x7bfff000-0x7ffff000] (64MB)
Oct 23 10:53:47 ubuntu systemd[1]: Started Set console font and keymap.
Oct 23 10:53:47 ubuntu systemd[1]: Started Tell Plymouth To Write Out Runtime Data.
Oct 23 10:53:47 ubuntu kernel: [    0.000000] Memory: 20269608K/20971520K available (14204K kernel code, 2354K rwdata, 6868K rodata, 7040K init, 1132K bss, 669144K reserved, 32768K cma-reserved)
Oct 23 10:53:47 ubuntu kernel: [    0.000000] random: get_random_u64 called from __kmem_cache_create+0x54/0x5d8 with crng_init=0
Oct 23 10:53:47 ubuntu systemd[1]: Started Create Volatile Files and Directories.
Oct 23 10:53:47 ubuntu kernel: [    0.000000] SLUB: HWalign=64, Order=0-3, MinObjects=0, CPUs=32, Nodes=1
Oct 23 10:53:47 ubuntu systemd[1]: Starting Update UTMP about System Boot/Shutdown...
Oct 23 10:53:47 ubuntu systemd[1]: Starting Network Time Synchronization...
Oct 23 10:53:47 ubuntu kernel: [    0.000000] ftrace: allocating 46106 entries in 181 pages
Oct 23 10:53:47 ubuntu kernel: [    0.000000] ftrace: allocated 181 pages with 5 groups
Oct 23 10:53:47 ubuntu kernel: [    0.000000] rcu: Hierarchical RCU implementation.
Oct 23 10:53:47 ubuntu kernel: [    0.000000] rcu: 	RCU restricting CPUs from NR_CPUS=256 to nr_cpu_ids=32.
Oct 23 10:53:47 ubuntu kernel: [    0.000000] 	Tasks RCU enabled.
Oct 23 10:53:47 ubuntu systemd[1]: Started Update UTMP about System Boot/Shutdown.
Oct 23 10:53:47 ubuntu kernel: [    0.000000] rcu: RCU calculated value of scheduler-enlistment delay is 25 jiffies.
Oct 23 10:53:47 ubuntu systemd[1]: Started ebtables ruleset management.
Oct 23 10:53:47 ubuntu kernel: [    0.000000] rcu: Adjusting geometry for rcu_fanout_leaf=16, nr_cpu_ids=32
Oct 23 10:53:47 ubuntu apparmor[1060]:  * Starting AppArmor profiles
Oct 23 10:53:47 ubuntu kernel: [    0.000000] NR_IRQS: 64, nr_irqs: 64, preallocated irqs: 0
Oct 23 10:53:47 ubuntu systemd[1]: Reached target Network (Pre).
Oct 23 10:53:47 ubuntu systemd[1]: Starting Network Service...
Oct 23 10:53:47 ubuntu kernel: [    0.000000] GICv3: 256 SPIs implemented
Oct 23 10:53:47 ubuntu systemd[1]: Started Network Time Synchronization.
Oct 23 10:53:47 ubuntu kernel: [    0.000000] GICv3: 0 Extended SPIs implemented
Oct 23 10:53:47 ubuntu systemd[1]: Reached target System Time Synchronized.
Oct 23 10:53:47 ubuntu systemd-networkd[1077]: Enumeration completed
Oct 23 10:53:47 ubuntu kernel: [    0.000000] GICv3: Distributor has no Range Selector support
Oct 23 10:53:47 ubuntu systemd[1]: Started Network Service.
Oct 23 10:53:47 ubuntu systemd-networkd[1077]: lo: Link is not managed by us
Oct 23 10:53:47 ubuntu kernel: [    0.000000] GICv3: 16 PPIs implemented
Oct 23 10:53:47 ubuntu kernel: [    0.000000] GICv3: CPU0: found redistributor 0 region 0:0x00000000080a0000
Oct 23 10:53:47 ubuntu kernel: [    0.000000] ACPI: SRAT not present
Oct 23 10:53:47 ubuntu kernel: [    0.000000] ITS [mem 0x08080000-0x0809ffff]
Oct 23 10:53:47 ubuntu kernel: [    0.000000] ITS@0x0000000008080000: allocated 8192 Devices @53ca00000 (indirect, esz 8, psz 64K, shr 1)
Oct 23 10:53:47 ubuntu kernel: [    0.000000] ITS@0x0000000008080000: allocated 8192 Interrupt Collections @53ca10000 (flat, esz 8, psz 64K, shr 1)
Oct 23 10:53:47 ubuntu kernel: [    0.000000] GICv3: using LPI property table @0x000000053ca20000
Oct 23 10:53:47 ubuntu kernel: [    0.000000] GICv3: CPU0: using allocated LPI pending table @0x000000053ca30000
Oct 23 10:53:47 ubuntu kernel: [    0.000000] arch_timer: cp15 timer(s) running at 100.00MHz (virt).
Oct 23 10:53:47 ubuntu kernel: [    0.000000] clocksource: arch_sys_counter: mask: 0xffffffffffffff max_cycles: 0x171024e7e0, max_idle_ns: 440795205315 ns
Oct 23 10:53:47 ubuntu systemd[1]: Starting Wait for Network to be Configured...
Oct 23 10:53:47 ubuntu kernel: [    0.000002] sched_clock: 56 bits at 100MHz, resolution 10ns, wraps every 4398046511100ns
Oct 23 10:53:47 ubuntu kernel: [    0.000273] Console: colour dummy device 80x25
Oct 23 10:53:47 ubuntu kernel: [    0.000361] ACPI: Core revision 20200326
Oct 23 10:53:47 ubuntu kernel: [    0.000537] Calibrating delay loop (skipped), value calculated using timer frequency.. 200.00 BogoMIPS (lpj=400000)
Oct 23 10:53:47 ubuntu kernel: [    0.000541] pid_max: default: 32768 minimum: 301
Oct 23 10:53:47 ubuntu kernel: [    0.000657] LSM: Security Framework initializing
Oct 23 10:53:47 ubuntu kernel: [    0.000691] Yama: becoming mindful.
Oct 23 10:53:47 ubuntu kernel: [    0.000870] AppArmor: AppArmor initialized
Oct 23 10:53:47 ubuntu kernel: [    0.001303] Mount-cache hash table entries: 65536 (order: 7, 524288 bytes, linear)
Oct 23 10:53:47 ubuntu kernel: [    0.001627] Mountpoint-cache hash table entries: 65536 (order: 7, 524288 bytes, linear)
Oct 23 10:53:47 ubuntu systemd[1]: Starting Network Name Resolution...
Oct 23 10:53:47 ubuntu kernel: [    0.003576] ACPI PPTT: No PPTT table found, CPU and cache topology may be inaccurate
Oct 23 10:53:47 ubuntu systemd-networkd-wait-online[1099]: ignoring: lo
Oct 23 10:53:47 ubuntu kernel: [    0.003957] rcu: Hierarchical SRCU implementation.
Oct 23 10:53:47 ubuntu kernel: [    0.005060] Platform MSI: ITS@0x8080000 domain created
Oct 23 10:53:47 ubuntu kernel: [    0.005079] PCI/MSI: ITS@0x8080000 domain created
Oct 23 10:53:47 ubuntu kernel: [    0.005127] Remapping and enabling EFI services.
Oct 23 10:53:47 ubuntu systemd-networkd[1077]: enp1s0: Gained carrier
Oct 23 10:53:47 ubuntu systemd-networkd-wait-online[1099]: ignoring: lo
Oct 23 10:53:47 ubuntu systemd-timesyncd[1069]: Network configuration changed, trying to establish connection.
Oct 23 10:53:47 ubuntu kernel: [    0.005142] [mitosis-origin] pgd_alloc for mm=ffff800011dcda40 and mm->pgd =ffff0004df9ba000.
Oct 23 10:53:47 ubuntu kernel: [    0.006518] smp: Bringing up secondary CPUs ...
Oct 23 10:53:47 ubuntu kernel: [    0.310190] Detected VIPT I-cache on CPU1
Oct 23 10:53:47 ubuntu kernel: [    0.310218] GICv3: CPU1: found redistributor 1 region 0:0x00000000080c0000
Oct 23 10:53:47 ubuntu kernel: [    0.310538] GICv3: CPU1: using allocated LPI pending table @0x000000053ca40000
Oct 23 10:53:47 ubuntu kernel: [    0.310586] CPU1: Booted secondary processor 0x0000000001 [0x481fd010]
Oct 23 10:53:47 ubuntu systemd-networkd-wait-online[1099]: ignoring: lo
Oct 23 10:53:47 ubuntu systemd-resolved[1102]: Positive Trust Anchors:
Oct 23 10:53:47 ubuntu systemd-resolved[1102]: . IN DS 19036 8 2 49aac11d7b6f6446702e54a1607371607a1a41855200fd2ce1cdde32f24e8fb5
Oct 23 10:53:47 ubuntu kernel: [    0.616122] Detected VIPT I-cache on CPU2
Oct 23 10:53:47 ubuntu apparmor[1060]: Skipping profile in /etc/apparmor.d/disable: usr.sbin.rsyslogd
Oct 23 10:53:47 ubuntu kernel: [    0.616159] GICv3: CPU2: found redistributor 2 region 0:0x00000000080e0000
Oct 23 10:53:47 ubuntu kernel: [    0.616422] GICv3: CPU2: using allocated LPI pending table @0x000000053ca50000
Oct 23 10:53:47 ubuntu kernel: [    0.616474] CPU2: Booted secondary processor 0x0000000002 [0x481fd010]
Oct 23 10:53:47 ubuntu systemd-resolved[1102]: . IN DS 20326 8 2 e06d44b80b8f1d39a95c0b0d7c65d08458e880409bbc683457104237c7f8ec8d
Oct 23 10:53:47 ubuntu kernel: [    0.898710] Detected VIPT I-cache on CPU3
Oct 23 10:53:47 ubuntu kernel: [    0.898728] GICv3: CPU3: found redistributor 3 region 0:0x0000000008100000
Oct 23 10:53:47 ubuntu kernel: [    0.898978] GICv3: CPU3: using allocated LPI pending table @0x000000053ca60000
Oct 23 10:53:47 ubuntu kernel: [    0.899012] CPU3: Booted secondary processor 0x0000000003 [0x481fd010]
Oct 23 10:53:47 ubuntu kernel: [    1.007216] Detected VIPT I-cache on CPU4
Oct 23 10:53:47 ubuntu systemd-resolved[1102]: Negative trust anchors: 10.in-addr.arpa 16.172.in-addr.arpa 17.172.in-addr.arpa 18.172.in-addr.arpa 19.172.in-addr.arpa 20.172.in-addr.arpa 21.172.in-addr.arpa 22.172.in-addr.arpa 23.172.in-addr.arpa 24.172.in-addr.arpa 25.172.in-addr.arpa 26.172.in-addr.arpa 27.172.in-addr.arpa 28.172.in-addr.arpa 29.172.in-addr.arpa 30.172.in-addr.arpa 31.172.in-addr.arpa 168.192.in-addr.arpa d.f.ip6.arpa corp home internal intranet lan local private test
Oct 23 10:53:47 ubuntu kernel: [    1.007276] GICv3: CPU4: found redistributor 4 region 0:0x0000000008120000
Oct 23 10:53:47 ubuntu kernel: [    1.007698] GICv3: CPU4: using allocated LPI pending table @0x000000053ca70000
Oct 23 10:53:47 ubuntu kernel: [    1.007776] CPU4: Booted secondary processor 0x0000000004 [0x481fd010]
Oct 23 10:53:47 ubuntu kernel: [    1.286750] Detected VIPT I-cache on CPU5
Oct 23 10:53:47 ubuntu kernel: [    1.286796] GICv3: CPU5: found redistributor 5 region 0:0x0000000008140000
Oct 23 10:53:47 ubuntu kernel: [    1.287070] GICv3: CPU5: using allocated LPI pending table @0x000000053ca80000
Oct 23 10:53:47 ubuntu systemd-resolved[1102]: Using system hostname 'ubuntu'.
Oct 23 10:53:47 ubuntu kernel: [    1.287104] CPU5: Booted secondary processor 0x0000000005 [0x481fd010]
Oct 23 10:53:47 ubuntu kernel: [    1.395259] Detected VIPT I-cache on CPU6
Oct 23 10:53:47 ubuntu kernel: [    1.395285] GICv3: CPU6: found redistributor 6 region 0:0x0000000008160000
Oct 23 10:53:47 ubuntu kernel: [    1.395512] GICv3: CPU6: using allocated LPI pending table @0x000000053ca90000
Oct 23 10:53:47 ubuntu kernel: [    1.395543] CPU6: Booted secondary processor 0x0000000006 [0x481fd010]
Oct 23 10:53:47 ubuntu kernel: [    1.684004] Detected VIPT I-cache on CPU7
Oct 23 10:53:47 ubuntu kernel: [    1.684041] GICv3: CPU7: found redistributor 7 region 0:0x0000000008180000
Oct 23 10:53:47 ubuntu kernel: [    1.684317] GICv3: CPU7: using allocated LPI pending table @0x000000053caa0000
Oct 23 10:53:47 ubuntu kernel: [    1.684359] CPU7: Booted secondary processor 0x0000000007 [0x481fd010]
Oct 23 10:53:47 ubuntu kernel: [    1.977303] Detected VIPT I-cache on CPU8
Oct 23 10:53:47 ubuntu kernel: [    1.977339] GICv3: CPU8: found redistributor 8 region 0:0x00000000081a0000
Oct 23 10:53:47 ubuntu kernel: [    1.977608] GICv3: CPU8: using allocated LPI pending table @0x000000053cab0000
Oct 23 10:53:47 ubuntu systemd[1]: Started Network Name Resolution.
Oct 23 10:53:47 ubuntu kernel: [    1.977648] CPU8: Booted secondary processor 0x0000000008 [0x481fd010]
Oct 23 10:53:47 ubuntu systemd[1]: Reached target Network.
Oct 23 10:53:47 ubuntu kernel: [    2.261130] Detected VIPT I-cache on CPU9
Oct 23 10:53:47 ubuntu systemd[1]: Reached target Host and Network Name Lookups.
Oct 23 10:53:47 ubuntu kernel: [    2.261157] GICv3: CPU9: found redistributor 9 region 0:0x00000000081c0000
Oct 23 10:53:47 ubuntu kernel: [    2.261413] GICv3: CPU9: using allocated LPI pending table @0x000000053cac0000
Oct 23 10:53:47 ubuntu kernel: [    2.261450] CPU9: Booted secondary processor 0x0000000009 [0x481fd010]
Oct 23 10:53:47 ubuntu kernel: [    2.555755] Detected VIPT I-cache on CPU10
Oct 23 10:53:47 ubuntu kernel: [    2.555788] GICv3: CPU10: found redistributor a region 0:0x00000000081e0000
Oct 23 10:53:47 ubuntu kernel: [    2.556051] GICv3: CPU10: using allocated LPI pending table @0x000000053cad0000
Oct 23 10:53:47 ubuntu kernel: [    2.556089] CPU10: Booted secondary processor 0x000000000a [0x481fd010]
Oct 23 10:53:47 ubuntu apparmor[1060]:    ...done.
Oct 23 10:53:47 ubuntu kernel: [    2.782386] Detected VIPT I-cache on CPU11
Oct 23 10:53:47 ubuntu systemd[1]: Started AppArmor initialization.
Oct 23 10:53:47 ubuntu kernel: [    2.782418] GICv3: CPU11: found redistributor b region 0:0x0000000008200000
Oct 23 10:53:47 ubuntu kernel: [    2.782695] GICv3: CPU11: using allocated LPI pending table @0x000000053cae0000
Oct 23 10:53:47 ubuntu kernel: [    2.782726] CPU11: Booted secondary processor 0x000000000b [0x481fd010]
Oct 23 10:53:47 ubuntu kernel: [    3.067081] Detected VIPT I-cache on CPU12
Oct 23 10:53:47 ubuntu kernel: [    3.067124] GICv3: CPU12: found redistributor c region 0:0x0000000008220000
Oct 23 10:53:47 ubuntu kernel: [    3.067413] GICv3: CPU12: using allocated LPI pending table @0x000000053caf0000
Oct 23 10:53:47 ubuntu kernel: [    3.067451] CPU12: Booted secondary processor 0x000000000c [0x481fd010]
Oct 23 10:53:47 ubuntu kernel: [    3.350169] Detected VIPT I-cache on CPU13
Oct 23 10:53:47 ubuntu systemd[1]: Reached target System Initialization.
Oct 23 10:53:47 ubuntu systemd[1]: Listening on Open-iSCSI iscsid Socket.
Oct 23 10:53:47 ubuntu kernel: [    3.350204] GICv3: CPU13: found redistributor d region 0:0x0000000008240000
Oct 23 10:53:47 ubuntu kernel: [    3.350446] GICv3: CPU13: using allocated LPI pending table @0x000000053cb00000
Oct 23 10:53:47 ubuntu systemd[1]: Listening on D-Bus System Message Bus Socket.
Oct 23 10:53:47 ubuntu kernel: [    3.350486] CPU13: Booted secondary processor 0x000000000d [0x481fd010]
Oct 23 10:53:47 ubuntu kernel: [    3.641899] Detected VIPT I-cache on CPU14
Oct 23 10:53:47 ubuntu systemd[1]: Listening on ACPID Listen Socket.
Oct 23 10:53:47 ubuntu kernel: [    3.641944] GICv3: CPU14: found redistributor e region 0:0x0000000008260000
Oct 23 10:53:47 ubuntu systemd[1]: Started Daily Cleanup of Temporary Directories.
Oct 23 10:53:47 ubuntu kernel: [    3.642224] GICv3: CPU14: using allocated LPI pending table @0x000000053cb10000
Oct 23 10:53:47 ubuntu systemd[1]: Started ACPI Events Check.
Oct 23 10:53:47 ubuntu systemd[1]: Reached target Paths.
Oct 23 10:53:47 ubuntu kernel: [    3.642268] CPU14: Booted secondary processor 0x000000000e [0x481fd010]
Oct 23 10:53:47 ubuntu systemd[1]: Started Discard unused blocks once a week.
Oct 23 10:53:47 ubuntu kernel: [    3.760576] Detected VIPT I-cache on CPU15
Oct 23 10:53:47 ubuntu kernel: [    3.760665] GICv3: CPU15: found redistributor f region 0:0x0000000008280000
Oct 23 10:53:47 ubuntu kernel: [    3.761015] GICv3: CPU15: using allocated LPI pending table @0x000000053cb20000
Oct 23 10:53:47 ubuntu kernel: [    3.761088] CPU15: Booted secondary processor 0x000000000f [0x481fd010]
Oct 23 10:53:47 ubuntu kernel: [    4.060969] Detected VIPT I-cache on CPU16
Oct 23 10:53:47 ubuntu kernel: [    4.061014] GICv3: CPU16: found redistributor 100 region 0:0x00000000082a0000
Oct 23 10:53:47 ubuntu kernel: [    4.061229] GICv3: CPU16: using allocated LPI pending table @0x000000053cb30000
Oct 23 10:53:47 ubuntu systemd[1]: Starting LXD - unix socket.
Oct 23 10:53:47 ubuntu kernel: [    4.061261] CPU16: Booted secondary processor 0x0000000100 [0x481fd010]
Oct 23 10:53:47 ubuntu kernel: [    4.352581] Detected VIPT I-cache on CPU17
Oct 23 10:53:47 ubuntu systemd[1]: Started Daily apt download activities.
Oct 23 10:53:47 ubuntu kernel: [    4.352630] GICv3: CPU17: found redistributor 101 region 0:0x00000000082c0000
Oct 23 10:53:47 ubuntu systemd[1]: Listening on UUID daemon activation socket.
Oct 23 10:53:47 ubuntu kernel: [    4.352886] GICv3: CPU17: using allocated LPI pending table @0x000000053cb40000
Oct 23 10:53:47 ubuntu systemd[1]: Started Message of the Day.
Oct 23 10:53:47 ubuntu kernel: [    4.352926] CPU17: Booted secondary processor 0x0000000101 [0x481fd010]
Oct 23 10:53:47 ubuntu kernel: [    4.472601] Detected VIPT I-cache on CPU18
Oct 23 10:53:47 ubuntu kernel: [    4.472703] GICv3: CPU18: found redistributor 102 region 0:0x00000000082e0000
Oct 23 10:53:47 ubuntu systemd[1]: Starting Socket activation for snappy daemon.
Oct 23 10:53:47 ubuntu kernel: [    4.473046] GICv3: CPU18: using allocated LPI pending table @0x000000053cb50000
Oct 23 10:53:47 ubuntu systemd[1]: Started Daily apt upgrade and clean activities.
Oct 23 10:53:47 ubuntu kernel: [    4.473114] CPU18: Booted secondary processor 0x0000000102 [0x481fd010]
Oct 23 10:53:47 ubuntu systemd[1]: Reached target Timers.
Oct 23 10:53:47 ubuntu systemd[1]: Listening on LXD - unix socket.
Oct 23 10:53:47 ubuntu kernel: [    4.763131] Detected VIPT I-cache on CPU19
Oct 23 10:53:47 ubuntu systemd[1]: Listening on Socket activation for snappy daemon.
Oct 23 10:53:47 ubuntu kernel: [    4.763179] GICv3: CPU19: found redistributor 103 region 0:0x0000000008300000
Oct 23 10:53:47 ubuntu kernel: [    4.763418] GICv3: CPU19: using allocated LPI pending table @0x000000053cb60000
Oct 23 10:53:47 ubuntu systemd[1]: Reached target Sockets.
Oct 23 10:53:47 ubuntu kernel: [    4.763453] CPU19: Booted secondary processor 0x0000000103 [0x481fd010]
Oct 23 10:53:47 ubuntu kernel: [    4.890710] Detected VIPT I-cache on CPU20
Oct 23 10:53:47 ubuntu systemd[1]: Reached target Basic System.
Oct 23 10:53:47 ubuntu kernel: [    4.890828] GICv3: CPU20: found redistributor 104 region 0:0x0000000008320000
Oct 23 10:53:47 ubuntu systemd[1]: Starting LSB: Record successful boot for GRUB...
Oct 23 10:53:47 ubuntu systemd[1]: Started irqbalance daemon.
Oct 23 10:53:47 ubuntu kernel: [    4.891206] GICv3: CPU20: using allocated LPI pending table @0x000000053cb70000
Oct 23 10:53:47 ubuntu kernel: [    4.891279] CPU20: Booted secondary processor 0x0000000104 [0x481fd010]
Oct 23 10:53:47 ubuntu kernel: [    5.166490] Detected VIPT I-cache on CPU21
Oct 23 10:53:47 ubuntu kernel: [    5.166547] GICv3: CPU21: found redistributor 105 region 0:0x0000000008340000
Oct 23 10:53:47 ubuntu kernel: [    5.166805] GICv3: CPU21: using allocated LPI pending table @0x000000053cb80000
Oct 23 10:53:47 ubuntu kernel: [    5.166838] CPU21: Booted secondary processor 0x0000000105 [0x481fd010]
Oct 23 10:53:47 ubuntu systemd[1]: Starting Accounts Service...
Oct 23 10:53:47 ubuntu systemd[1]: Started Regular background program processing daemon.
Oct 23 10:53:47 ubuntu kernel: [    5.465952] Detected VIPT I-cache on CPU22
Oct 23 10:53:47 ubuntu kernel: [    5.466037] GICv3: CPU22: found redistributor 106 region 0:0x0000000008360000
Oct 23 10:53:47 ubuntu kernel: [    5.466293] GICv3: CPU22: using allocated LPI pending table @0x000000053cb90000
Oct 23 10:53:47 ubuntu kernel: [    5.466334] CPU22: Booted secondary processor 0x0000000106 [0x481fd010]
Oct 23 10:53:47 ubuntu kernel: [    5.761777] Detected VIPT I-cache on CPU23
Oct 23 10:53:47 ubuntu kernel: [    5.761840] GICv3: CPU23: found redistributor 107 region 0:0x0000000008380000
Oct 23 10:53:47 ubuntu kernel: [    5.762089] GICv3: CPU23: using allocated LPI pending table @0x000000053cba0000
Oct 23 10:53:47 ubuntu kernel: [    5.762138] CPU23: Booted secondary processor 0x0000000107 [0x481fd010]
Oct 23 10:53:47 ubuntu kernel: [    6.061920] Detected VIPT I-cache on CPU24
Oct 23 10:53:47 ubuntu kernel: [    6.061978] GICv3: CPU24: found redistributor 108 region 0:0x00000000083a0000
Oct 23 10:53:47 ubuntu systemd[1]: Starting System Logging Service...
Oct 23 10:53:47 ubuntu kernel: [    6.062299] GICv3: CPU24: using allocated LPI pending table @0x000000053cbb0000
Oct 23 10:53:47 ubuntu kernel: [    6.062342] CPU24: Booted secondary processor 0x0000000108 [0x481fd010]
Oct 23 10:53:47 ubuntu kernel: [    6.354768] Detected VIPT I-cache on CPU25
Oct 23 10:53:47 ubuntu kernel: [    6.354831] GICv3: CPU25: found redistributor 109 region 0:0x00000000083c0000
Oct 23 10:53:47 ubuntu kernel: [    6.355075] GICv3: CPU25: using allocated LPI pending table @0x000000053cbc0000
Oct 23 10:53:47 ubuntu kernel: [    6.355119] CPU25: Booted secondary processor 0x0000000109 [0x481fd010]
Oct 23 10:53:47 ubuntu cron[1152]: (CRON) INFO (pidfile fd = 3)
Oct 23 10:53:47 ubuntu kernel: [    6.649500] Detected VIPT I-cache on CPU26
Oct 23 10:53:47 ubuntu cron[1152]: (CRON) INFO (Running @reboot jobs)
Oct 23 10:53:47 ubuntu systemd[1]: Starting Login Service...
Oct 23 10:53:47 ubuntu kernel: [    6.649566] GICv3: CPU26: found redistributor 10a region 0:0x00000000083e0000
Oct 23 10:53:47 ubuntu systemd[1]: Started FUSE filesystem for LXC.
Oct 23 10:53:47 ubuntu kernel: [    6.649809] GICv3: CPU26: using allocated LPI pending table @0x000000053cbd0000
Oct 23 10:53:47 ubuntu /usr/sbin/irqbalance: IRQ arch_timer(2) guessed as class 0
Oct 23 10:53:47 ubuntu kernel: [    6.649853] CPU26: Booted secondary processor 0x000000010a [0x481fd010]
Oct 23 10:53:47 ubuntu /usr/sbin/irqbalance: IRQ uart-pl011(4) guessed as class 0
Oct 23 10:53:47 ubuntu kernel: [    6.946325] Detected VIPT I-cache on CPU27
Oct 23 10:53:47 ubuntu /usr/sbin/irqbalance: IRQ arm-pmu(42) guessed as class 0
Oct 23 10:53:47 ubuntu kernel: [    6.946392] GICv3: CPU27: found redistributor 10b region 0:0x0000000008400000
Oct 23 10:53:47 ubuntu /usr/sbin/irqbalance: IRQ ACPI:Event(43) guessed as class 0
Oct 23 10:53:47 ubuntu kernel: [    6.946634] GICv3: CPU27: using allocated LPI pending table @0x000000053cbe0000
Oct 23 10:53:47 ubuntu /usr/sbin/irqbalance: IRQ pciehp(44) guessed as class 0
Oct 23 10:53:47 ubuntu kernel: [    6.946679] CPU27: Booted secondary processor 0x000000010b [0x481fd010]
Oct 23 10:53:47 ubuntu kernel: [    7.223623] Detected VIPT I-cache on CPU28
Oct 23 10:53:47 ubuntu kernel: [    7.223689] GICv3: CPU28: found redistributor 10c region 0:0x0000000008420000
Oct 23 10:53:47 ubuntu kernel: [    7.223910] GICv3: CPU28: using allocated LPI pending table @0x000000053cbf0000
Oct 23 10:53:47 ubuntu kernel: [    7.223946] CPU28: Booted secondary processor 0x000000010c [0x481fd010]
Oct 23 10:53:47 ubuntu kernel: [    7.529526] Detected VIPT I-cache on CPU29
Oct 23 10:53:47 ubuntu kernel: [    7.529597] GICv3: CPU29: found redistributor 10d region 0:0x0000000008440000
Oct 23 10:53:47 ubuntu /usr/sbin/irqbalance: IRQ pciehp(45) guessed as class 0
Oct 23 10:53:47 ubuntu kernel: [    7.529828] GICv3: CPU29: using allocated LPI pending table @0x000000051f800000
Oct 23 10:53:47 ubuntu kernel: [    7.529875] CPU29: Booted secondary processor 0x000000010d [0x481fd010]
Oct 23 10:53:47 ubuntu kernel: [    7.824859] Detected VIPT I-cache on CPU30
Oct 23 10:53:47 ubuntu kernel: [    7.824930] GICv3: CPU30: found redistributor 10e region 0:0x0000000008460000
Oct 23 10:53:47 ubuntu kernel: [    7.825472] GICv3: CPU30: using allocated LPI pending table @0x000000051f810000
Oct 23 10:53:47 ubuntu kernel: [    7.825512] CPU30: Booted secondary processor 0x000000010e [0x481fd010]
Oct 23 10:53:47 ubuntu kernel: [    8.121885] Detected VIPT I-cache on CPU31
Oct 23 10:53:47 ubuntu /usr/sbin/irqbalance: IRQ pciehp(46) guessed as class 0
Oct 23 10:53:47 ubuntu kernel: [    8.121961] GICv3: CPU31: found redistributor 10f region 0:0x0000000008480000
Oct 23 10:53:47 ubuntu kernel: [    8.122227] GICv3: CPU31: using allocated LPI pending table @0x000000051f820000
Oct 23 10:53:47 ubuntu /usr/sbin/irqbalance: IRQ pciehp(47) guessed as class 0
Oct 23 10:53:47 ubuntu kernel: [    8.122269] CPU31: Booted secondary processor 0x000000010f [0x481fd010]
Oct 23 10:53:47 ubuntu kernel: [    8.122396] smp: Brought up 1 node, 32 CPUs
Oct 23 10:53:47 ubuntu kernel: [    8.122446] SMP: Total of 32 processors activated.
Oct 23 10:53:47 ubuntu /usr/sbin/irqbalance: IRQ xhci_hcd(48) guessed as class 0
Oct 23 10:53:47 ubuntu kernel: [    8.122448] CPU features: detected: Privileged Access Never
Oct 23 10:53:47 ubuntu /usr/sbin/irqbalance: IRQ xhci_hcd(49) guessed as class 0
Oct 23 10:53:47 ubuntu /usr/sbin/irqbalance: IRQ xhci_hcd(50) guessed as class 0
Oct 23 10:53:47 ubuntu kernel: [    8.122449] CPU features: detected: LSE atomic instructions
Oct 23 10:53:47 ubuntu /usr/sbin/irqbalance: IRQ xhci_hcd(51) guessed as class 0
Oct 23 10:53:47 ubuntu /usr/sbin/irqbalance: IRQ xhci_hcd(52) guessed as class 0
Oct 23 10:53:47 ubuntu kernel: [    8.122451] CPU features: detected: User Access Override
Oct 23 10:53:47 ubuntu kernel: [    8.122453] CPU features: detected: Common not Private translations
Oct 23 10:53:47 ubuntu kernel: [    8.122454] CPU features: detected: Data cache clean to Point of Persistence
Oct 23 10:53:47 ubuntu kernel: [    8.122455] CPU features: detected: RAS Extension Support
Oct 23 10:53:47 ubuntu /usr/sbin/irqbalance: IRQ xhci_hcd(53) guessed as class 0
Oct 23 10:53:47 ubuntu kernel: [    8.122457] CPU features: detected: CRC32 instructions
Oct 23 10:53:47 ubuntu kernel: [    8.250320] CPU: All CPU(s) started at EL1
Oct 23 10:53:47 ubuntu kernel: [    8.250726] alternatives: patching kernel code
Oct 23 10:53:47 ubuntu kernel: [    8.258516] devtmpfs: initialized
Oct 23 10:53:47 ubuntu /usr/sbin/irqbalance: IRQ xhci_hcd(54) guessed as class 0
Oct 23 10:53:47 ubuntu kernel: [    8.260179] Registered cp15_barrier emulation handler
Oct 23 10:53:47 ubuntu kernel: [    8.260365] Registered setend emulation handler
Oct 23 10:53:47 ubuntu /usr/sbin/irqbalance: IRQ xhci_hcd(55) guessed as class 0
Oct 23 10:53:47 ubuntu kernel: [    8.260371] KASLR disabled due to lack of seed
Oct 23 10:53:47 ubuntu kernel: [    8.261283] clocksource: jiffies: mask: 0xffffffff max_cycles: 0xffffffff, max_idle_ns: 7645041785100000 ns
Oct 23 10:53:47 ubuntu kernel: [    8.261661] futex hash table entries: 8192 (order: 7, 524288 bytes, linear)
Oct 23 10:53:47 ubuntu kernel: [    8.262947] pinctrl core: initialized pinctrl subsystem
Oct 23 10:53:47 ubuntu kernel: [    8.263627] thermal_sys: Registered thermal governor 'fair_share'
Oct 23 10:53:47 ubuntu kernel: [    8.263628] thermal_sys: Registered thermal governor 'bang_bang'
Oct 23 10:53:47 ubuntu kernel: [    8.263631] thermal_sys: Registered thermal governor 'step_wise'
Oct 23 10:53:47 ubuntu kernel: [    8.263632] thermal_sys: Registered thermal governor 'user_space'
Oct 23 10:53:47 ubuntu kernel: [    8.263780] SMBIOS 3.0.0 present.
Oct 23 10:53:47 ubuntu kernel: [    8.263786] DMI: QEMU KVM Virtual Machine, BIOS 0.0.0 02/06/2015
Oct 23 10:53:47 ubuntu kernel: [    8.264599] NET: Registered protocol family 16
Oct 23 10:53:47 ubuntu /usr/sbin/irqbalance: IRQ xhci_hcd(56) guessed as class 0
Oct 23 10:53:47 ubuntu kernel: [    8.267267] DMA: preallocated 256 KiB pool for atomic allocations
Oct 23 10:53:47 ubuntu kernel: [    8.267275] audit: initializing netlink subsys (disabled)
Oct 23 10:53:47 ubuntu kernel: [    8.267616] audit: type=2000 audit(8.004:1): state=initialized audit_enabled=0 res=1
Oct 23 10:53:47 ubuntu kernel: [    8.268156] cpuidle: using governor ladder
Oct 23 10:53:47 ubuntu kernel: [    8.268168] cpuidle: using governor menu
Oct 23 10:53:47 ubuntu kernel: [    8.268249] hw-breakpoint: found 6 breakpoint and 4 watchpoint registers.
Oct 23 10:53:47 ubuntu kernel: [    8.270890] ASID allocator initialised with 65536 entries
Oct 23 10:53:47 ubuntu kernel: [    8.271032] ACPI: bus type PCI registered
Oct 23 10:53:47 ubuntu /usr/sbin/irqbalance: IRQ xhci_hcd(57) guessed as class 0
Oct 23 10:53:47 ubuntu kernel: [    8.271044] acpiphp: ACPI Hot Plug PCI Controller Driver version: 0.5
Oct 23 10:53:47 ubuntu kernel: [    8.271229] Serial: AMBA PL011 UART driver
Oct 23 10:53:47 ubuntu kernel: [    8.275840] HugeTLB registered 1.00 GiB page size, pre-allocated 0 pages
Oct 23 10:53:47 ubuntu /usr/sbin/irqbalance: IRQ xhci_hcd(58) guessed as class 0
Oct 23 10:53:47 ubuntu kernel: [    8.275843] HugeTLB registered 32.0 MiB page size, pre-allocated 0 pages
Oct 23 10:53:47 ubuntu /usr/sbin/irqbalance: IRQ xhci_hcd(59) guessed as class 0
Oct 23 10:53:47 ubuntu kernel: [    8.275844] HugeTLB registered 2.00 MiB page size, pre-allocated 0 pages
Oct 23 10:53:47 ubuntu /usr/sbin/irqbalance: IRQ xhci_hcd(60) guessed as class 0
Oct 23 10:53:47 ubuntu kernel: [    8.275886] HugeTLB registered 64.0 KiB page size, pre-allocated 0 pages
Oct 23 10:53:47 ubuntu /usr/sbin/irqbalance: IRQ xhci_hcd(61) guessed as class 0
Oct 23 10:53:47 ubuntu kernel: [    8.293341] ACPI: Added _OSI(Module Device)
Oct 23 10:53:47 ubuntu kernel: [    8.293343] ACPI: Added _OSI(Processor Device)
Oct 23 10:53:47 ubuntu kernel: [    8.293345] ACPI: Added _OSI(3.0 _SCP Extensions)
Oct 23 10:53:47 ubuntu kernel: [    8.293346] ACPI: Added _OSI(Processor Aggregator Device)
Oct 23 10:53:47 ubuntu /usr/sbin/irqbalance: IRQ xhci_hcd(62) guessed as class 0
Oct 23 10:53:47 ubuntu kernel: [    8.293348] ACPI: Added _OSI(Linux-Dell-Video)
Oct 23 10:53:47 ubuntu kernel: [    8.293350] ACPI: Added _OSI(Linux-Lenovo-NV-HDMI-Audio)
Oct 23 10:53:47 ubuntu kernel: [    8.293351] ACPI: Added _OSI(Linux-HPI-Hybrid-Graphics)
Oct 23 10:53:47 ubuntu kernel: [    8.294198] ACPI: 1 ACPI AML tables successfully acquired and loaded
Oct 23 10:53:47 ubuntu kernel: [    8.294710] ACPI: Interpreter enabled
Oct 23 10:53:47 ubuntu /usr/sbin/irqbalance: IRQ xhci_hcd(63) guessed as class 0
Oct 23 10:53:47 ubuntu kernel: [    8.294712] ACPI: Using GIC for interrupt routing
Oct 23 10:53:47 ubuntu /usr/sbin/irqbalance: IRQ virtio1-config(64) guessed as class 0
Oct 23 10:53:47 ubuntu kernel: [    8.294742] ACPI: MCFG table detected, 1 entries
Oct 23 10:53:47 ubuntu kernel: [    8.299158] ARMH0011:00: ttyAMA0 at MMIO 0x9000000 (irq = 4, base_baud = 0) is a SBSA
Oct 23 10:53:47 ubuntu kernel: [    8.450331] printk: console [ttyAMA0] enabled
Oct 23 10:53:47 ubuntu kernel: [    8.452843] ACPI: PCI Root Bridge [PCI0] (domain 0000 [bus 00-0f])
Oct 23 10:53:47 ubuntu /usr/sbin/irqbalance: IRQ virtio1-control(65) guessed as class 0
Oct 23 10:53:47 ubuntu /usr/sbin/irqbalance: IRQ virtio1-event(66) guessed as class 0
Oct 23 10:53:47 ubuntu kernel: [    8.453485] acpi PNP0A08:00: _OSC: OS supports [ExtendedConfig ASPM ClockPM Segments MSI HPX-Type3]
Oct 23 10:53:47 ubuntu /usr/sbin/irqbalance: IRQ virtio1-request(67) guessed as class 0
Oct 23 10:53:47 ubuntu kernel: [    8.454509] acpi PNP0A08:00: _OSC: platform does not support [SHPCHotplug LTR]
Oct 23 10:53:47 ubuntu /usr/sbin/irqbalance: IRQ virtio0-config(68) guessed as class 0
Oct 23 10:53:47 ubuntu kernel: [    8.455272] acpi PNP0A08:00: _OSC: OS now controls [PCIeHotplug PME AER PCIeCapability]
Oct 23 10:53:47 ubuntu kernel: [    8.456315] acpi PNP0A08:00: ECAM area [mem 0x3f000000-0x3fffffff] reserved by PNP0C02:00
Oct 23 10:53:47 ubuntu kernel: [    8.457237] acpi PNP0A08:00: ECAM at [mem 0x3f000000-0x3fffffff] for [bus 00-0f]
Oct 23 10:53:47 ubuntu /usr/sbin/irqbalance: IRQ virtio0-input.0(69) guessed as class 0
Oct 23 10:53:47 ubuntu kernel: [    8.458006] Remapped I/O 0x000000003eff0000 to [io  0x0000-0xffff window]
Oct 23 10:53:47 ubuntu kernel: [    8.458856] PCI host bridge to bus 0000:00
Oct 23 10:53:47 ubuntu kernel: [    8.459243] pci_bus 0000:00: root bus resource [mem 0x10000000-0x3efeffff window]
Oct 23 10:53:47 ubuntu kernel: [    8.459933] pci_bus 0000:00: root bus resource [io  0x0000-0xffff window]
Oct 23 10:53:47 ubuntu kernel: [    8.460575] pci_bus 0000:00: root bus resource [mem 0x8000000000-0xffffffffff window]
Oct 23 10:53:47 ubuntu kernel: [    8.461257] pci_bus 0000:00: root bus resource [bus 00-0f]
Oct 23 10:53:47 ubuntu kernel: [    8.461806] pci 0000:00:00.0: [1b36:0008] type 00 class 0x060000
Oct 23 10:53:47 ubuntu kernel: [    8.462710] pci 0000:00:01.0: [1b36:000c] type 01 class 0x060400
Oct 23 10:53:47 ubuntu kernel: [    8.464637] pci 0000:00:01.0: reg 0x10: [mem 0x10303000-0x10303fff]
Oct 23 10:53:47 ubuntu kernel: [    8.467580] pci 0000:00:01.1: [1b36:000c] type 01 class 0x060400
Oct 23 10:53:47 ubuntu kernel: [    8.469372] pci 0000:00:01.1: reg 0x10: [mem 0x10302000-0x10302fff]
Oct 23 10:53:47 ubuntu kernel: [    8.472697] pci 0000:00:01.2: [1b36:000c] type 01 class 0x060400
Oct 23 10:53:47 ubuntu kernel: [    8.476708] pci 0000:00:01.2: reg 0x10: [mem 0x10301000-0x10301fff]
Oct 23 10:53:47 ubuntu kernel: [    8.479893] pci 0000:00:01.3: [1b36:000c] type 01 class 0x060400
Oct 23 10:53:47 ubuntu kernel: [    8.482170] pci 0000:00:01.3: reg 0x10: [mem 0x10300000-0x10300fff]
Oct 23 10:53:47 ubuntu kernel: [    8.488783] pci 0000:01:00.0: [1af4:1041] type 00 class 0x020000
Oct 23 10:53:47 ubuntu kernel: [    8.491333] pci 0000:01:00.0: reg 0x14: [mem 0x10200000-0x10200fff]
Oct 23 10:53:47 ubuntu kernel: [    8.494827] pci 0000:01:00.0: reg 0x20: [mem 0x8000000000-0x8000003fff 64bit pref]
Oct 23 10:53:47 ubuntu kernel: [    8.496745] pci 0000:01:00.0: reg 0x30: [mem 0xfff80000-0xffffffff pref]
Oct 23 10:53:47 ubuntu kernel: [    8.499388] pci 0000:02:00.0: [1b36:000d] type 00 class 0x0c0330
Oct 23 10:53:47 ubuntu kernel: [    8.499976] pci 0000:02:00.0: reg 0x10: [mem 0x10100000-0x10103fff 64bit]
Oct 23 10:53:47 ubuntu kernel: [    8.501599] pci 0000:03:00.0: [1af4:1048] type 00 class 0x010000
Oct 23 10:53:47 ubuntu kernel: [    8.503475] pci 0000:03:00.0: reg 0x14: [mem 0x10000000-0x10000fff]
Oct 23 10:53:47 ubuntu kernel: [    8.506236] pci 0000:03:00.0: reg 0x20: [mem 0x8000100000-0x8000103fff 64bit pref]
Oct 23 10:53:47 ubuntu kernel: [    8.512382] pci 0000:00:01.0: bridge window [io  0x1000-0x0fff] to [bus 01] add_size 1000
Oct 23 10:53:47 ubuntu kernel: [    8.513338] pci 0000:00:01.0: bridge window [mem 0x00100000-0x001fffff 64bit pref] to [bus 01] add_size 100000 add_align 100000
Oct 23 10:53:47 ubuntu kernel: [    8.514491] pci 0000:00:01.0: bridge window [mem 0x00100000-0x001fffff] to [bus 01] add_size 100000 add_align 100000
Oct 23 10:53:47 ubuntu kernel: [    8.515584] pci 0000:00:01.1: bridge window [io  0x1000-0x0fff] to [bus 02] add_size 1000
Oct 23 10:53:47 ubuntu kernel: [    8.516413] pci 0000:00:01.1: bridge window [mem 0x00100000-0x000fffff 64bit pref] to [bus 02] add_size 200000 add_align 100000
Oct 23 10:53:47 ubuntu kernel: [    8.517587] pci 0000:00:01.1: bridge window [mem 0x00100000-0x001fffff] to [bus 02] add_size 100000 add_align 100000
Oct 23 10:53:47 ubuntu kernel: [    8.518639] pci 0000:00:01.2: bridge window [io  0x1000-0x0fff] to [bus 03] add_size 1000
Oct 23 10:53:47 ubuntu kernel: [    8.519450] pci 0000:00:01.2: bridge window [mem 0x00100000-0x001fffff 64bit pref] to [bus 03] add_size 100000 add_align 100000
Oct 23 10:53:47 ubuntu kernel: [    8.520593] pci 0000:00:01.2: bridge window [mem 0x00100000-0x001fffff] to [bus 03] add_size 100000 add_align 100000
Oct 23 10:53:47 ubuntu kernel: [    8.521557] pci 0000:00:01.3: bridge window [io  0x1000-0x0fff] to [bus 04] add_size 1000
Oct 23 10:53:47 ubuntu kernel: [    8.522325] pci 0000:00:01.3: bridge window [mem 0x00100000-0x000fffff 64bit pref] to [bus 04] add_size 200000 add_align 100000
Oct 23 10:53:47 ubuntu kernel: [    8.523378] pci 0000:00:01.3: bridge window [mem 0x00100000-0x000fffff] to [bus 04] add_size 200000 add_align 100000
Oct 23 10:53:47 ubuntu kernel: [    8.524370] pci 0000:00:01.0: BAR 14: assigned [mem 0x10000000-0x101fffff]
Oct 23 10:53:47 ubuntu kernel: [    8.525051] pci 0000:00:01.0: BAR 15: assigned [mem 0x8000000000-0x80001fffff 64bit pref]
Oct 23 10:53:47 ubuntu kernel: [    8.525769] pci 0000:00:01.1: BAR 14: assigned [mem 0x10200000-0x103fffff]
Oct 23 10:53:47 ubuntu kernel: [    8.526360] pci 0000:00:01.1: BAR 15: assigned [mem 0x8000200000-0x80003fffff 64bit pref]
Oct 23 10:53:47 ubuntu kernel: [    8.527060] pci 0000:00:01.2: BAR 14: assigned [mem 0x10400000-0x105fffff]
Oct 23 10:53:47 ubuntu kernel: [    8.527645] pci 0000:00:01.2: BAR 15: assigned [mem 0x8000400000-0x80005fffff 64bit pref]
Oct 23 10:53:47 ubuntu kernel: [    8.528341] pci 0000:00:01.3: BAR 14: assigned [mem 0x10600000-0x107fffff]
Oct 23 10:53:47 ubuntu kernel: [    8.528954] pci 0000:00:01.3: BAR 15: assigned [mem 0x8000600000-0x80007fffff 64bit pref]
Oct 23 10:53:47 ubuntu kernel: [    8.529663] pci 0000:00:01.0: BAR 0: assigned [mem 0x10800000-0x10800fff]
Oct 23 10:53:47 ubuntu kernel: [    8.530593] pci 0000:00:01.0: BAR 13: assigned [io  0x1000-0x1fff]
Oct 23 10:53:47 ubuntu kernel: [    8.531138] pci 0000:00:01.1: BAR 0: assigned [mem 0x10801000-0x10801fff]
Oct 23 10:53:47 ubuntu kernel: [    8.532027] pci 0000:00:01.1: BAR 13: assigned [io  0x2000-0x2fff]
Oct 23 10:53:47 ubuntu kernel: [    8.532581] pci 0000:00:01.2: BAR 0: assigned [mem 0x10802000-0x10802fff]
Oct 23 10:53:47 ubuntu kernel: [    8.533508] pci 0000:00:01.2: BAR 13: assigned [io  0x3000-0x3fff]
Oct 23 10:53:47 ubuntu kernel: [    8.534052] pci 0000:00:01.3: BAR 0: assigned [mem 0x10803000-0x10803fff]
Oct 23 10:53:47 ubuntu kernel: [    8.534951] pci 0000:00:01.3: BAR 13: assigned [io  0x4000-0x4fff]
Oct 23 10:53:47 ubuntu kernel: [    8.535493] pci 0000:01:00.0: BAR 6: assigned [mem 0x10000000-0x1007ffff pref]
Oct 23 10:53:47 ubuntu kernel: [    8.536131] pci 0000:01:00.0: BAR 4: assigned [mem 0x8000000000-0x8000003fff 64bit pref]
Oct 23 10:53:47 ubuntu kernel: [    8.537520] pci 0000:01:00.0: BAR 1: assigned [mem 0x10080000-0x10080fff]
Oct 23 10:53:47 ubuntu kernel: [    8.538441] pci 0000:00:01.0: PCI bridge to [bus 01]
Oct 23 10:53:47 ubuntu kernel: [    8.538901] pci 0000:00:01.0:   bridge window [io  0x1000-0x1fff]
Oct 23 10:53:47 ubuntu kernel: [    8.540032] pci 0000:00:01.0:   bridge window [mem 0x10000000-0x101fffff]
Oct 23 10:53:47 ubuntu kernel: [    8.541985] pci 0000:00:01.0:   bridge window [mem 0x8000000000-0x80001fffff 64bit pref]
Oct 23 10:53:47 ubuntu kernel: [    8.543502] pci 0000:02:00.0: BAR 0: assigned [mem 0x10200000-0x10203fff 64bit]
Oct 23 10:53:47 ubuntu kernel: [    8.544174] pci 0000:00:01.1: PCI bridge to [bus 02]
Oct 23 10:53:47 ubuntu kernel: [    8.544620] pci 0000:00:01.1:   bridge window [io  0x2000-0x2fff]
Oct 23 10:53:47 ubuntu kernel: [    8.545922] pci 0000:00:01.1:   bridge window [mem 0x10200000-0x103fffff]
Oct 23 10:53:47 ubuntu kernel: [    8.547004] pci 0000:00:01.1:   bridge window [mem 0x8000200000-0x80003fffff 64bit pref]
Oct 23 10:53:47 ubuntu kernel: [    8.548771] pci 0000:03:00.0: BAR 4: assigned [mem 0x8000400000-0x8000403fff 64bit pref]
Oct 23 10:53:47 ubuntu kernel: [    8.550287] pci 0000:03:00.0: BAR 1: assigned [mem 0x10400000-0x10400fff]
Oct 23 10:53:47 ubuntu kernel: [    8.551293] pci 0000:00:01.2: PCI bridge to [bus 03]
Oct 23 10:53:47 ubuntu kernel: [    8.552596] pci 0000:00:01.2:   bridge window [io  0x3000-0x3fff]
Oct 23 10:53:47 ubuntu kernel: [    8.554044] pci 0000:00:01.2:   bridge window [mem 0x10400000-0x105fffff]
Oct 23 10:53:47 ubuntu kernel: [    8.555168] pci 0000:00:01.2:   bridge window [mem 0x8000400000-0x80005fffff 64bit pref]
Oct 23 10:53:47 ubuntu kernel: [    8.556864] pci 0000:00:01.3: PCI bridge to [bus 04]
Oct 23 10:53:47 ubuntu kernel: [    8.557355] pci 0000:00:01.3:   bridge window [io  0x4000-0x4fff]
Oct 23 10:53:47 ubuntu kernel: [    8.558630] pci 0000:00:01.3:   bridge window [mem 0x10600000-0x107fffff]
Oct 23 10:53:47 ubuntu kernel: [    8.559752] pci 0000:00:01.3:   bridge window [mem 0x8000600000-0x80007fffff 64bit pref]
Oct 23 10:53:47 ubuntu kernel: [    8.561470] pci_bus 0000:00: resource 4 [mem 0x10000000-0x3efeffff window]
Oct 23 10:53:47 ubuntu kernel: [    8.562803] pci_bus 0000:00: resource 5 [io  0x0000-0xffff window]
Oct 23 10:53:47 ubuntu kernel: [    8.563337] pci_bus 0000:00: resource 6 [mem 0x8000000000-0xffffffffff window]
Oct 23 10:53:47 ubuntu kernel: [    8.563950] pci_bus 0000:01: resource 0 [io  0x1000-0x1fff]
Oct 23 10:53:47 ubuntu kernel: [    8.564425] pci_bus 0000:01: resource 1 [mem 0x10000000-0x101fffff]
Oct 23 10:53:47 ubuntu kernel: [    8.565014] pci_bus 0000:01: resource 2 [mem 0x8000000000-0x80001fffff 64bit pref]
Oct 23 10:53:47 ubuntu kernel: [    8.565681] pci_bus 0000:02: resource 0 [io  0x2000-0x2fff]
Oct 23 10:53:47 ubuntu kernel: [    8.566162] pci_bus 0000:02: resource 1 [mem 0x10200000-0x103fffff]
Oct 23 10:53:47 ubuntu kernel: [    8.566698] pci_bus 0000:02: resource 2 [mem 0x8000200000-0x80003fffff 64bit pref]
Oct 23 10:53:47 ubuntu kernel: [    8.567349] pci_bus 0000:03: resource 0 [io  0x3000-0x3fff]
Oct 23 10:53:47 ubuntu kernel: [    8.567821] pci_bus 0000:03: resource 1 [mem 0x10400000-0x105fffff]
Oct 23 10:53:47 ubuntu kernel: [    8.568360] pci_bus 0000:03: resource 2 [mem 0x8000400000-0x80005fffff 64bit pref]
Oct 23 10:53:47 ubuntu kernel: [    8.569032] pci_bus 0000:04: resource 0 [io  0x4000-0x4fff]
Oct 23 10:53:47 ubuntu kernel: [    8.569524] pci_bus 0000:04: resource 1 [mem 0x10600000-0x107fffff]
Oct 23 10:53:47 ubuntu kernel: [    8.570134] pci_bus 0000:04: resource 2 [mem 0x8000600000-0x80007fffff 64bit pref]
Oct 23 10:53:47 ubuntu kernel: [    8.570936] ACPI: PCI Interrupt Link [GSI0] (IRQs *35)
Oct 23 10:53:47 ubuntu kernel: [    8.571442] ACPI: PCI Interrupt Link [GSI1] (IRQs *36)
Oct 23 10:53:47 ubuntu kernel: [    8.571926] ACPI: PCI Interrupt Link [GSI2] (IRQs *37)
Oct 23 10:53:47 ubuntu kernel: [    8.572416] ACPI: PCI Interrupt Link [GSI3] (IRQs *38)
Oct 23 10:53:47 ubuntu kernel: [    8.574247] iommu: Default domain type: Translated 
Oct 23 10:53:47 ubuntu kernel: [    8.574828] vgaarb: loaded
Oct 23 10:53:47 ubuntu kernel: [    8.575586] SCSI subsystem initialized
Oct 23 10:53:47 ubuntu kernel: [    8.576443] libata version 3.00 loaded.
Oct 23 10:53:47 ubuntu kernel: [    8.576523] ACPI: bus type USB registered
Oct 23 10:53:47 ubuntu kernel: [    8.576988] usbcore: registered new interface driver usbfs
Oct 23 10:53:47 ubuntu kernel: [    8.577602] usbcore: registered new interface driver hub
Oct 23 10:53:47 ubuntu kernel: [    8.578691] usbcore: registered new device driver usb
Oct 23 10:53:47 ubuntu kernel: [    8.579231] pps_core: LinuxPPS API ver. 1 registered
Oct 23 10:53:47 ubuntu kernel: [    8.579673] pps_core: Software ver. 5.3.6 - Copyright 2005-2007 Rodolfo Giometti <giometti@linux.it>
Oct 23 10:53:47 ubuntu kernel: [    8.580452] PTP clock support registered
Oct 23 10:53:47 ubuntu kernel: [    8.581548] EDAC MC: Ver: 3.0.0
Oct 23 10:53:47 ubuntu kernel: [    8.582381] Registered efivars operations
Oct 23 10:53:47 ubuntu kernel: [    8.585239] NetLabel: Initializing
Oct 23 10:53:47 ubuntu kernel: [    8.585560] NetLabel:  domain hash size = 128
Oct 23 10:53:47 ubuntu kernel: [    8.585943] NetLabel:  protocols = UNLABELED CIPSOv4 CALIPSO
Oct 23 10:53:47 ubuntu kernel: [    8.586529] NetLabel:  unlabeled traffic allowed by default
Oct 23 10:53:47 ubuntu kernel: [    8.587975] clocksource: Switched to clocksource arch_sys_counter
Oct 23 10:53:47 ubuntu kernel: [    8.612566] VFS: Disk quotas dquot_6.6.0
Oct 23 10:53:47 ubuntu kernel: [    8.612982] VFS: Dquot-cache hash table entries: 512 (order 0, 4096 bytes)
Oct 23 10:53:47 ubuntu kernel: [    8.613985] AppArmor: AppArmor Filesystem Enabled
Oct 23 10:53:47 ubuntu kernel: [    8.614510] pnp: PnP ACPI init
Oct 23 10:53:47 ubuntu kernel: [    8.615067] system 00:00: [mem 0x3f000000-0x3fffffff] could not be reserved
Oct 23 10:53:47 ubuntu kernel: [    8.615674] system 00:00: Plug and Play ACPI device, IDs PNP0c02 (active)
Oct 23 10:53:47 ubuntu kernel: [    8.615683] pnp: PnP ACPI: found 1 devices
Oct 23 10:53:47 ubuntu kernel: [    8.620701] NET: Registered protocol family 2
Oct 23 10:53:47 ubuntu kernel: [    8.621929] tcp_listen_portaddr_hash hash table entries: 16384 (order: 6, 262144 bytes, linear)
Oct 23 10:53:47 ubuntu kernel: [    8.623994] TCP established hash table entries: 262144 (order: 9, 2097152 bytes, linear)
Oct 23 10:53:47 ubuntu kernel: [    8.625645] TCP bind hash table entries: 65536 (order: 8, 1048576 bytes, linear)
Oct 23 10:53:47 ubuntu kernel: [    8.626415] TCP: Hash tables configured (established 262144 bind 65536)
Oct 23 10:53:47 ubuntu kernel: [    8.627563] UDP hash table entries: 16384 (order: 7, 524288 bytes, linear)
Oct 23 10:53:47 ubuntu kernel: [    8.628571] UDP-Lite hash table entries: 16384 (order: 7, 524288 bytes, linear)
Oct 23 10:53:47 ubuntu kernel: [    8.629498] NET: Registered protocol family 1
Oct 23 10:53:47 ubuntu kernel: [    8.629908] NET: Registered protocol family 44
Oct 23 10:53:47 ubuntu kernel: [    8.630405] pci 0000:02:00.0: enabling device (0000 -> 0002)
Oct 23 10:53:47 ubuntu kernel: [    8.631363] PCI: CLS 0 bytes, default 64
Oct 23 10:53:47 ubuntu kernel: [    8.631948] Trying to unpack rootfs image as initramfs...
Oct 23 10:53:47 ubuntu kernel: [    9.679107] Freeing initrd memory: 61288K
Oct 23 10:53:47 ubuntu kernel: [    9.713507] hw perfevents: enabled with armv8_pmuv3_0 PMU driver, 13 counters available
Oct 23 10:53:47 ubuntu kernel: [    9.714468] kvm [1]: HYP mode not available
Oct 23 10:53:47 ubuntu kernel: [    9.716083] Initialise system trusted keyrings
Oct 23 10:53:47 ubuntu kernel: [    9.716687] Key type blacklist registered
Oct 23 10:53:47 ubuntu kernel: [    9.717607] workingset: timestamp_bits=40 max_order=23 bucket_order=0
Oct 23 10:53:47 ubuntu kernel: [    9.724688] zbud: loaded
Oct 23 10:53:47 ubuntu kernel: [    9.726311] squashfs: version 4.0 (2009/01/31) Phillip Lougher
Oct 23 10:53:47 ubuntu kernel: [    9.728203] fuse: init (API version 7.31)
Oct 23 10:53:47 ubuntu kernel: [    9.731010] integrity: Platform Keyring initialized
Oct 23 10:53:47 ubuntu kernel: [    9.739848] [mitosis-origin] pgd_alloc for mm=ffff00049584d000 and mm->pgd =ffff0004deee4000.
Oct 23 10:53:47 ubuntu kernel: [    9.746498] Key type asymmetric registered
Oct 23 10:53:47 ubuntu kernel: [    9.747550] Asymmetric key parser 'x509' registered
Oct 23 10:53:47 ubuntu kernel: [    9.748904] Block layer SCSI generic (bsg) driver version 0.4 loaded (major 244)
Oct 23 10:53:47 ubuntu kernel: [    9.751609] io scheduler mq-deadline registered
Oct 23 10:53:47 ubuntu kernel: [    9.756040] pl061_gpio ARMH0061:00: PL061 GPIO chip registered
Oct 23 10:53:47 ubuntu kernel: [    9.756896] PCI Interrupt Link [GSI1] enabled at IRQ 36
Oct 23 10:53:47 ubuntu kernel: [    9.758323] pcieport 0000:00:01.0: PME: Signaling with IRQ 44
Oct 23 10:53:47 ubuntu kernel: [    9.759232] pcieport 0000:00:01.0: AER: enabled with IRQ 44
Oct 23 10:53:47 ubuntu kernel: [    9.759822] pcieport 0000:00:01.0: pciehp: Slot #0 AttnBtn+ PwrCtrl+ MRL- AttnInd+ PwrInd+ HotPlug+ Surprise+ Interlock+ NoCompl- IbPresDis- LLActRep-
Oct 23 10:53:47 ubuntu kernel: [    9.762345] pcieport 0000:00:01.1: PME: Signaling with IRQ 45
Oct 23 10:53:47 ubuntu kernel: [    9.763174] pcieport 0000:00:01.1: AER: enabled with IRQ 45
Oct 23 10:53:47 ubuntu kernel: [    9.763742] pcieport 0000:00:01.1: pciehp: Slot #0 AttnBtn+ PwrCtrl+ MRL- AttnInd+ PwrInd+ HotPlug+ Surprise+ Interlock+ NoCompl- IbPresDis- LLActRep-
Oct 23 10:53:47 ubuntu kernel: [    9.766152] pcieport 0000:00:01.2: PME: Signaling with IRQ 46
Oct 23 10:53:47 ubuntu kernel: [    9.766969] pcieport 0000:00:01.2: AER: enabled with IRQ 46
Oct 23 10:53:47 ubuntu kernel: [    9.767536] pcieport 0000:00:01.2: pciehp: Slot #0 AttnBtn+ PwrCtrl+ MRL- AttnInd+ PwrInd+ HotPlug+ Surprise+ Interlock+ NoCompl- IbPresDis- LLActRep-
Oct 23 10:53:47 ubuntu kernel: [    9.770179] pcieport 0000:00:01.3: PME: Signaling with IRQ 47
Oct 23 10:53:47 ubuntu kernel: [    9.771005] pcieport 0000:00:01.3: AER: enabled with IRQ 47
Oct 23 10:53:47 ubuntu kernel: [    9.771596] pcieport 0000:00:01.3: pciehp: Slot #0 AttnBtn+ PwrCtrl+ MRL- AttnInd+ PwrInd+ HotPlug+ Surprise+ Interlock+ NoCompl- IbPresDis- LLActRep-
Oct 23 10:53:47 ubuntu kernel: [    9.773357] pcieport 0000:00:01.3: pciehp: Slot(0-3): Link Up
Oct 23 10:53:47 ubuntu kernel: [    9.773620] shpchp: Standard Hot Plug PCI Controller Driver version: 0.4
Oct 23 10:53:47 ubuntu kernel: [    9.776300] input: Power Button as /devices/LNXSYSTM:00/LNXSYBUS:00/PNP0C0C:00/input/input0
Oct 23 10:53:47 ubuntu kernel: [    9.777146] ACPI: Power Button [PWRB]
Oct 23 10:53:47 ubuntu kernel: [    9.783534] Serial: 8250/16550 driver, 32 ports, IRQ sharing enabled
Oct 23 10:53:47 ubuntu kernel: [    9.787155] msm_serial: driver initialized
Oct 23 10:53:47 ubuntu kernel: [    9.788449] cacheinfo: Unable to detect cache hierarchy for CPU 0
Oct 23 10:53:47 ubuntu kernel: [    9.808122] loop: module loaded
Oct 23 10:53:47 ubuntu kernel: [    9.811131] libphy: Fixed MDIO Bus: probed
Oct 23 10:53:47 ubuntu kernel: [    9.812221] tun: Universal TUN/TAP device driver, 1.6
Oct 23 10:53:47 ubuntu kernel: [    9.813990] PPP generic driver version 2.4.2
Oct 23 10:53:47 ubuntu kernel: [    9.815307] ehci_hcd: USB 2.0 'Enhanced' Host Controller (EHCI) Driver
Oct 23 10:53:47 ubuntu kernel: [    9.816571] ehci-pci: EHCI PCI platform driver
Oct 23 10:53:47 ubuntu kernel: [    9.817023] ehci-orion: EHCI orion driver
Oct 23 10:53:47 ubuntu kernel: [    9.817458] ohci_hcd: USB 1.1 'Open' Host Controller (OHCI) Driver
Oct 23 10:53:47 ubuntu kernel: [    9.818080] ohci-pci: OHCI PCI platform driver
Oct 23 10:53:47 ubuntu kernel: [    9.818549] uhci_hcd: USB Universal Host Controller Interface driver
Oct 23 10:53:47 ubuntu kernel: [    9.819938] xhci_hcd 0000:02:00.0: xHCI Host Controller
Oct 23 10:53:47 ubuntu kernel: [    9.820515] xhci_hcd 0000:02:00.0: new USB bus registered, assigned bus number 1
Oct 23 10:53:47 ubuntu kernel: [    9.821621] xhci_hcd 0000:02:00.0: hcc params 0x00087001 hci version 0x100 quirks 0x0000000000000010
Oct 23 10:53:47 ubuntu kernel: [    9.823715] usb usb1: New USB device found, idVendor=1d6b, idProduct=0002, bcdDevice= 5.07
Oct 23 10:53:47 ubuntu kernel: [    9.824660] usb usb1: New USB device strings: Mfr=3, Product=2, SerialNumber=1
Oct 23 10:53:47 ubuntu kernel: [    9.825289] usb usb1: Product: xHCI Host Controller
Oct 23 10:53:47 ubuntu kernel: [    9.825709] usb usb1: Manufacturer: Linux 5.7.1 xhci-hcd
Oct 23 10:53:47 ubuntu kernel: [    9.826166] usb usb1: SerialNumber: 0000:02:00.0
Oct 23 10:53:47 ubuntu kernel: [    9.826828] hub 1-0:1.0: USB hub found
Oct 23 10:53:47 ubuntu kernel: [    9.827213] hub 1-0:1.0: 8 ports detected
Oct 23 10:53:47 ubuntu kernel: [    9.827987] xhci_hcd 0000:02:00.0: xHCI Host Controller
Oct 23 10:53:47 ubuntu kernel: [    9.828447] xhci_hcd 0000:02:00.0: new USB bus registered, assigned bus number 2
Oct 23 10:53:47 ubuntu kernel: [    9.829095] xhci_hcd 0000:02:00.0: Host supports USB 3.0 SuperSpeed
Oct 23 10:53:47 ubuntu kernel: [    9.829658] usb usb2: We don't know the algorithms for LPM for this host, disabling LPM.
Oct 23 10:53:47 ubuntu kernel: [    9.830372] usb usb2: New USB device found, idVendor=1d6b, idProduct=0003, bcdDevice= 5.07
Oct 23 10:53:47 ubuntu kernel: [    9.831078] usb usb2: New USB device strings: Mfr=3, Product=2, SerialNumber=1
Oct 23 10:53:47 ubuntu kernel: [    9.831692] usb usb2: Product: xHCI Host Controller
Oct 23 10:53:47 ubuntu kernel: [    9.832158] usb usb2: Manufacturer: Linux 5.7.1 xhci-hcd
Oct 23 10:53:47 ubuntu kernel: [    9.832649] usb usb2: SerialNumber: 0000:02:00.0
Oct 23 10:53:47 ubuntu kernel: [    9.833198] hub 2-0:1.0: USB hub found
Oct 23 10:53:47 ubuntu kernel: [    9.833556] hub 2-0:1.0: 8 ports detected
Oct 23 10:53:47 ubuntu kernel: [    9.834453] mousedev: PS/2 mouse device common for all mice
Oct 23 10:53:47 ubuntu kernel: [    9.835503] rtc-efi rtc-efi.0: registered as rtc0
Oct 23 10:53:47 ubuntu kernel: [    9.836241] rtc-efi rtc-efi.0: setting system clock to 2020-10-23T02:53:41 UTC (1603421621)
Oct 23 10:53:47 ubuntu kernel: [    9.837138] i2c /dev entries driver
Oct 23 10:53:47 ubuntu kernel: [    9.837726] device-mapper: uevent: version 1.0.3
Oct 23 10:53:47 ubuntu kernel: [    9.838314] device-mapper: ioctl: 4.42.0-ioctl (2020-02-27) initialised: dm-devel@redhat.com
Oct 23 10:53:47 ubuntu kernel: [    9.840634] ledtrig-cpu: registered to indicate activity on CPUs
Oct 23 10:53:47 ubuntu kernel: [    9.841288] EFI Variables Facility v0.08 2004-May-17
Oct 23 10:53:47 ubuntu kernel: [    9.852291] NET: Registered protocol family 10
Oct 23 10:53:47 ubuntu kernel: [    9.854068] [mitosis-origin] pgd_alloc for mm=ffff0004956d2000 and mm->pgd =ffff0004956d8000.
Oct 23 10:53:47 ubuntu kernel: [    9.856245] [mitosis-origin] pgd_alloc for mm=ffff0004956d6c00 and mm->pgd =ffff0004956e8000.
Oct 23 10:53:47 ubuntu kernel: [    9.857114] [mitosis-origin] pgd_free for mm=ffff0004956d2000 and pgd =ffff0004956d8000 and mm->pgd=ffff0004956d8000.
Oct 23 10:53:47 ubuntu kernel: [    9.859493] [mitosis-origin] pgd_alloc for mm=ffff0004956d2000 and mm->pgd =ffff000495be3000.
Oct 23 10:53:47 ubuntu systemd[1]: Starting Snappy daemon...
Oct 23 10:53:47 ubuntu /usr/sbin/irqbalance: IRQ virtio0-output.0(70) guessed as class 0
Oct 23 10:53:47 ubuntu systemd[1]: Started Deferred execution scheduler.
Oct 23 10:53:47 ubuntu kernel: [    9.860376] [mitosis-origin] pgd_free for mm=ffff0004956d6c00 and pgd =ffff0004956e8000 and mm->pgd=ffff0004956e8000.
Oct 23 10:53:47 ubuntu kernel: [    9.862428] [mitosis-origin] pgd_alloc for mm=ffff00049584a400 and mm->pgd =ffff0004deef4000.
Oct 23 10:53:47 ubuntu kernel: [    9.864030] [mitosis-origin] pgd_free for mm=ffff00049584d000 and pgd =ffff0004deee4000 and mm->pgd=ffff0004deee4000.
Oct 23 10:53:47 ubuntu kernel: [    9.867388] [mitosis-origin] pgd_alloc for mm=ffff00049584d000 and mm->pgd =ffff0004de4a0000.
Oct 23 10:53:47 ubuntu rsyslogd: imuxsock: Acquired UNIX socket '/run/systemd/journal/syslog' (fd 3) from systemd.  [v8.32.0]
Oct 23 10:53:47 ubuntu kernel: [    9.868985] [mitosis-origin] pgd_free for mm=ffff00049584a400 and pgd =ffff0004deef4000 and mm->pgd=ffff0004deef4000.
Oct 23 10:53:47 ubuntu kernel: [    9.872340] [mitosis-origin] pgd_alloc for mm=ffff000495755400 and mm->pgd =ffff0004def23000.
Oct 23 10:53:47 ubuntu rsyslogd: rsyslogd's groupid changed to 106
Oct 23 10:53:47 ubuntu kernel: [    9.877142] Segment Routing with IPv6
Oct 23 10:53:47 ubuntu kernel: [    9.878196] NET: Registered protocol family 17
Oct 23 10:53:47 ubuntu kernel: [    9.879783] Key type dns_resolver registered
Oct 23 10:53:47 ubuntu kernel: [    9.880710] registered taskstats version 1
Oct 23 10:53:47 ubuntu kernel: [    9.881340] Loading compiled-in X.509 certificates
Oct 23 10:53:47 ubuntu kernel: [    9.882850] [mitosis-origin] pgd_alloc for mm=ffff000495782800 and mm->pgd =ffff0004df336000.
Oct 23 10:53:47 ubuntu rsyslogd: rsyslogd's userid changed to 102
Oct 23 10:53:47 ubuntu kernel: [    9.886481] Loaded X.509 cert 'Build time autogenerated kernel key: 5fc9bbbf10d23f3f9dda6c889ba5358a20950e89'
Oct 23 10:53:47 ubuntu kernel: [    9.888633] zswap: loaded using pool lzo/zbud
Oct 23 10:53:47 ubuntu kernel: [    9.890811] Key type ._fscrypt registered
Oct 23 10:53:47 ubuntu kernel: [    9.891773] Key type .fscrypt registered
Oct 23 10:53:47 ubuntu kernel: [    9.892771] Key type fscrypt-provisioning registered
Oct 23 10:53:47 ubuntu kernel: [    9.894374] [mitosis-origin] pgd_alloc for mm=ffff000495064000 and mm->pgd =ffff0004de890000.
Oct 23 10:53:47 ubuntu kernel: [    9.899486] [mitosis-origin] pgd_alloc for mm=ffff000495067c00 and mm->pgd =ffff0004de89f000.
Oct 23 10:53:47 ubuntu kernel: [    9.901742] [mitosis-origin] pgd_free for mm=ffff000495064000 and pgd =ffff0004de890000 and mm->pgd=ffff0004de890000.
Oct 23 10:53:47 ubuntu kernel: [    9.906586] [mitosis-origin] pgd_alloc for mm=ffff000495064000 and mm->pgd =ffff0004de8ad000.
Oct 23 10:53:47 ubuntu kernel: [    9.907377] [mitosis-origin] pgd_free for mm=ffff000495067c00 and pgd =ffff0004de89f000 and mm->pgd=ffff0004de89f000.
Oct 23 10:53:47 ubuntu lxcfs[1159]: mount namespace: 5
Oct 23 10:53:47 ubuntu kernel: [    9.911122] [mitosis-origin] pgd_alloc for mm=ffff000495067c00 and mm->pgd =ffff000495409000.
Oct 23 10:53:47 ubuntu rsyslogd:  [origin software="rsyslogd" swVersion="8.32.0" x-pid="1155" x-info="http://www.rsyslog.com"] start
Oct 23 10:53:47 ubuntu kernel: [    9.918045] cryptd: max_cpu_qlen set to 1000
Oct 23 10:53:47 ubuntu lxcfs[1159]: hierarchies:
Oct 23 10:53:47 ubuntu kernel: [    9.924378] [mitosis-origin] pgd_alloc for mm=ffff000495190000 and mm->pgd =ffff0004df423000.
Oct 23 10:53:47 ubuntu kernel: [    9.928982] [mitosis-origin] pgd_free for mm=ffff000495190000 and pgd =ffff0004df423000 and mm->pgd=ffff0004df423000.
Oct 23 10:53:47 ubuntu lxcfs[1159]:   0: fd:   6: memory
Oct 23 10:53:47 ubuntu kernel: [    9.930824] [mitosis-origin] pgd_free for mm=ffff000495755400 and pgd =ffff0004def23000 and mm->pgd=ffff0004def23000.
Oct 23 10:53:47 ubuntu kernel: [    9.932613] [mitosis-origin] pgd_alloc for mm=ffff00049584a400 and mm->pgd =ffff0004950fc000.
Oct 23 10:53:47 ubuntu lxcfs[1159]:   1: fd:   7: blkio
Oct 23 10:53:47 ubuntu kernel: [    9.934030] [mitosis-origin] pgd_free for mm=ffff00049584d000 and pgd =ffff0004de4a0000 and mm->pgd=ffff0004de4a0000.
Oct 23 10:53:47 ubuntu lxcfs[1159]:   2: fd:   8: rdma
Oct 23 10:53:47 ubuntu kernel: [    9.937294] [mitosis-origin] pgd_alloc for mm=ffff00049584d000 and mm->pgd =ffff000495100000.
Oct 23 10:53:47 ubuntu lxcfs[1159]:   3: fd:   9: cpuset
Oct 23 10:53:47 ubuntu kernel: [    9.938196] [mitosis-origin] pgd_free for mm=ffff00049584a400 and pgd =ffff0004950fc000 and mm->pgd=ffff0004950fc000.
Oct 23 10:53:47 ubuntu lxcfs[1159]:   4: fd:  10: freezer
Oct 23 10:53:47 ubuntu kernel: [    9.940730] [mitosis-origin] pgd_alloc for mm=ffff000495755400 and mm->pgd =ffff0004def23000.
Oct 23 10:53:47 ubuntu lxcfs[1159]:   5: fd:  11: devices
Oct 23 10:53:47 ubuntu kernel: [    9.945474] [mitosis-origin] pgd_alloc for mm=ffff000495751c00 and mm->pgd =ffff000495998000.
Oct 23 10:53:47 ubuntu lxcfs[1159]:   6: fd:  12: hugetlb
Oct 23 10:53:47 ubuntu kernel: [    9.947682] [mitosis-origin] pgd_free for mm=ffff000495755400 and pgd =ffff0004def23000 and mm->pgd=ffff0004def23000.
Oct 23 10:53:47 ubuntu lxcfs[1159]:   7: fd:  13: perf_event
Oct 23 10:53:47 ubuntu kernel: [    9.950278] [mitosis-origin] pgd_alloc for mm=ffff000495755400 and mm->pgd =ffff00049599c000.
Oct 23 10:53:47 ubuntu lxcfs[1159]:   8: fd:  14: cpu,cpuacct
Oct 23 10:53:47 ubuntu lxcfs[1159]:   9: fd:  15: net_cls,net_prio
Oct 23 10:53:47 ubuntu kernel: [    9.951224] [mitosis-origin] pgd_free for mm=ffff000495751c00 and pgd =ffff000495998000 and mm->pgd=ffff000495998000.
Oct 23 10:53:47 ubuntu kernel: [    9.953498] [mitosis-origin] pgd_alloc for mm=ffff000495751c00 and mm->pgd =ffff0004959a0000.
Oct 23 10:53:47 ubuntu lxcfs[1159]:  10: fd:  16: pids
Oct 23 10:53:47 ubuntu kernel: [    9.954433] [mitosis-origin] pgd_free for mm=ffff000495755400 and pgd =ffff00049599c000 and mm->pgd=ffff00049599c000.
Oct 23 10:53:47 ubuntu kernel: [    9.956823] [mitosis-origin] pgd_alloc for mm=ffff000495755400 and mm->pgd =ffff0004959a4000.
Oct 23 10:53:47 ubuntu lxcfs[1159]:  11: fd:  17: name=systemd
Oct 23 10:53:47 ubuntu lxcfs[1159]:  12: fd:  18: unified
Oct 23 10:53:47 ubuntu systemd[1]: Started D-Bus System Message Bus.
Oct 23 10:53:47 ubuntu kernel: [    9.957655] [mitosis-origin] pgd_free for mm=ffff000495751c00 and pgd =ffff0004959a0000 and mm->pgd=ffff0004959a0000.
Oct 23 10:53:47 ubuntu kernel: [    9.959654] [mitosis-origin] pgd_alloc for mm=ffff000495751c00 and mm->pgd =ffff0004959a8000.
Oct 23 10:53:47 ubuntu kernel: [    9.960583] [mitosis-origin] pgd_free for mm=ffff000495755400 and pgd =ffff0004959a4000 and mm->pgd=ffff0004959a4000.
Oct 23 10:53:47 ubuntu kernel: [    9.962551] [mitosis-origin] pgd_alloc for mm=ffff000495755400 and mm->pgd =ffff0004959ac000.
Oct 23 10:53:47 ubuntu kernel: [    9.963393] [mitosis-origin] pgd_free for mm=ffff000495751c00 and pgd =ffff0004959a8000 and mm->pgd=ffff0004959a8000.
Oct 23 10:53:47 ubuntu kernel: [    9.965553] [mitosis-origin] pgd_alloc for mm=ffff000495751c00 and mm->pgd =ffff0004959b0000.
Oct 23 10:53:47 ubuntu kernel: [    9.966402] [mitosis-origin] pgd_free for mm=ffff000495755400 and pgd =ffff0004959ac000 and mm->pgd=ffff0004959ac000.
Oct 23 10:53:47 ubuntu kernel: [    9.968447] [mitosis-origin] pgd_alloc for mm=ffff000495755400 and mm->pgd =ffff0004959b4000.
Oct 23 10:53:47 ubuntu kernel: [    9.969411] [mitosis-origin] pgd_free for mm=ffff000495751c00 and pgd =ffff0004959b0000 and mm->pgd=ffff0004959b0000.
Oct 23 10:53:47 ubuntu kernel: [    9.971459] [mitosis-origin] pgd_alloc for mm=ffff000495751c00 and mm->pgd =ffff0004959b8000.
Oct 23 10:53:47 ubuntu kernel: [    9.972412] [mitosis-origin] pgd_free for mm=ffff000495755400 and pgd =ffff0004959b4000 and mm->pgd=ffff0004959b4000.
Oct 23 10:53:47 ubuntu kernel: [    9.974409] [mitosis-origin] pgd_alloc for mm=ffff000495755400 and mm->pgd =ffff000495232000.
Oct 23 10:53:47 ubuntu kernel: [    9.975263] [mitosis-origin] pgd_free for mm=ffff000495751c00 and pgd =ffff0004959b8000 and mm->pgd=ffff0004959b8000.
Oct 23 10:53:47 ubuntu kernel: [    9.977327] [mitosis-origin] pgd_alloc for mm=ffff000495751c00 and mm->pgd =ffff000495235000.
Oct 23 10:53:47 ubuntu kernel: [    9.978188] [mitosis-origin] pgd_free for mm=ffff000495755400 and pgd =ffff000495232000 and mm->pgd=ffff000495232000.
Oct 23 10:53:47 ubuntu kernel: [    9.980145] [mitosis-origin] pgd_free for mm=ffff0004956d2000 and pgd =ffff000495be3000 and mm->pgd=ffff000495be3000.
Oct 23 10:53:47 ubuntu kernel: [    9.981533] [mitosis-origin] pgd_alloc for mm=ffff000495286c00 and mm->pgd =ffff0004954f3000.
Oct 23 10:53:47 ubuntu kernel: [    9.989926] [mitosis-origin] pgd_alloc for mm=ffff000495287400 and mm->pgd =ffff0004951ca000.
Oct 23 10:53:47 ubuntu kernel: [    9.991239] [mitosis-origin] pgd_free for mm=ffff000495286c00 and pgd =ffff0004954f3000 and mm->pgd=ffff0004954f3000.
Oct 23 10:53:47 ubuntu kernel: [    9.994639] [mitosis-origin] pgd_alloc for mm=ffff0004956d2000 and mm->pgd =ffff000495be3000.
Oct 23 10:53:47 ubuntu kernel: [    9.999369] [mitosis-origin] pgd_free for mm=ffff00049584d000 and pgd =ffff000495100000 and mm->pgd=ffff000495100000.
Oct 23 10:53:47 ubuntu kernel: [   10.000934] [mitosis-origin] pgd_alloc for mm=ffff0004956d6c00 and mm->pgd =ffff0004951da000.
Oct 23 10:53:47 ubuntu kernel: [   10.003204] [mitosis-origin] pgd_free for mm=ffff0004956d2000 and pgd =ffff000495be3000 and mm->pgd=ffff000495be3000.
Oct 23 10:53:47 ubuntu kernel: [   10.006293] [mitosis-origin] pgd_free for mm=ffff000495751c00 and pgd =ffff000495235000 and mm->pgd=ffff000495235000.
Oct 23 10:53:47 ubuntu kernel: [   10.007704] [mitosis-origin] pgd_alloc for mm=ffff00049584d000 and mm->pgd =ffff0004951de000.
Oct 23 10:53:47 ubuntu kernel: [   10.010233] [mitosis-origin] pgd_alloc for mm=ffff00049584a400 and mm->pgd =ffff0004951e2000.
Oct 23 10:53:47 ubuntu kernel: [   10.011245] [mitosis-origin] pgd_free for mm=ffff00049584d000 and pgd =ffff0004951de000 and mm->pgd=ffff0004951de000.
Oct 23 10:53:47 ubuntu kernel: [   10.013961] [mitosis-origin] pgd_alloc for mm=ffff00049584d000 and mm->pgd =ffff0004951e6000.
Oct 23 10:53:47 ubuntu kernel: [   10.015039] [mitosis-origin] pgd_free for mm=ffff00049584a400 and pgd =ffff0004951e2000 and mm->pgd=ffff0004951e2000.
Oct 23 10:53:47 ubuntu kernel: [   10.017867] [mitosis-origin] pgd_alloc for mm=ffff00049584a400 and mm->pgd =ffff0004952cd000.
Oct 23 10:53:47 ubuntu kernel: [   10.018930] [mitosis-origin] pgd_free for mm=ffff00049584d000 and pgd =ffff0004951e6000 and mm->pgd=ffff0004951e6000.
Oct 23 10:53:47 ubuntu kernel: [   10.021776] [mitosis-origin] pgd_alloc for mm=ffff000495751c00 and mm->pgd =ffff000495235000.
Oct 23 10:53:47 ubuntu kernel: [   10.026543] [mitosis-origin] pgd_alloc for mm=ffff000495755400 and mm->pgd =ffff00049525e000.
Oct 23 10:53:47 ubuntu kernel: [   10.028888] [mitosis-origin] pgd_free for mm=ffff000495751c00 and pgd =ffff000495235000 and mm->pgd=ffff000495235000.
Oct 23 10:53:47 ubuntu kernel: [   10.031321] [mitosis-origin] pgd_alloc for mm=ffff000495751c00 and mm->pgd =ffff000495262000.
Oct 23 10:53:47 ubuntu kernel: [   10.032283] [mitosis-origin] pgd_free for mm=ffff000495755400 and pgd =ffff00049525e000 and mm->pgd=ffff00049525e000.
Oct 23 10:53:47 ubuntu kernel: [   10.034422] [mitosis-origin] pgd_alloc for mm=ffff000495755400 and mm->pgd =ffff000495266000.
Oct 23 10:53:47 ubuntu kernel: [   10.035329] [mitosis-origin] pgd_free for mm=ffff000495751c00 and pgd =ffff000495262000 and mm->pgd=ffff000495262000.
Oct 23 10:53:47 ubuntu kernel: [   10.037645] [mitosis-origin] pgd_alloc for mm=ffff000495751c00 and mm->pgd =ffff00049526a000.
Oct 23 10:53:47 ubuntu kernel: [   10.038498] [mitosis-origin] pgd_free for mm=ffff000495755400 and pgd =ffff000495266000 and mm->pgd=ffff000495266000.
Oct 23 10:53:47 ubuntu kernel: [   10.040513] [mitosis-origin] pgd_alloc for mm=ffff000495755400 and mm->pgd =ffff00049526e000.
Oct 23 10:53:47 ubuntu kernel: [   10.041362] [mitosis-origin] pgd_free for mm=ffff000495751c00 and pgd =ffff00049526a000 and mm->pgd=ffff00049526a000.
Oct 23 10:53:47 ubuntu kernel: [   10.043453] [mitosis-origin] pgd_alloc for mm=ffff000495751c00 and mm->pgd =ffff00049530c000.
Oct 23 10:53:47 ubuntu kernel: [   10.044419] [mitosis-origin] pgd_free for mm=ffff000495755400 and pgd =ffff00049526e000 and mm->pgd=ffff00049526e000.
Oct 23 10:53:47 ubuntu kernel: [   10.046413] [mitosis-origin] pgd_alloc for mm=ffff000495755400 and mm->pgd =ffff000495319000.
Oct 23 10:53:47 ubuntu kernel: [   10.047258] [mitosis-origin] pgd_free for mm=ffff000495751c00 and pgd =ffff00049530c000 and mm->pgd=ffff00049530c000.
Oct 23 10:53:47 ubuntu kernel: [   10.049316] [mitosis-origin] pgd_alloc for mm=ffff000495751c00 and mm->pgd =ffff00049531d000.
Oct 23 10:53:47 ubuntu kernel: [   10.050162] [mitosis-origin] pgd_free for mm=ffff000495755400 and pgd =ffff000495319000 and mm->pgd=ffff000495319000.
Oct 23 10:53:47 ubuntu kernel: [   10.056530] [mitosis-origin] pgd_alloc for mm=ffff0004956d2000 and mm->pgd =ffff0004952f6000.
Oct 23 10:53:47 ubuntu kernel: [   10.057776] [mitosis-origin] pgd_free for mm=ffff0004956d6c00 and pgd =ffff0004951da000 and mm->pgd=ffff0004951da000.
Oct 23 10:53:47 ubuntu kernel: [   10.060659] [mitosis-origin] pgd_alloc for mm=ffff0004956d6c00 and mm->pgd =ffff0004952fa000.
Oct 23 10:53:47 ubuntu kernel: [   10.061887] [mitosis-origin] pgd_free for mm=ffff0004956d2000 and pgd =ffff0004952f6000 and mm->pgd=ffff0004952f6000.
Oct 23 10:53:47 ubuntu kernel: [   10.064634] [mitosis-origin] pgd_alloc for mm=ffff0004956d2000 and mm->pgd =ffff0004952fe000.
Oct 23 10:53:47 ubuntu kernel: [   10.065574] [mitosis-origin] pgd_free for mm=ffff0004956d6c00 and pgd =ffff0004952fa000 and mm->pgd=ffff0004952fa000.
Oct 23 10:53:47 ubuntu kernel: [   10.067704] [mitosis-origin] pgd_alloc for mm=ffff0004956d6c00 and mm->pgd =ffff000495302000.
Oct 23 10:53:47 ubuntu kernel: [   10.068746] [mitosis-origin] pgd_free for mm=ffff0004956d2000 and pgd =ffff0004952fe000 and mm->pgd=ffff0004952fe000.
Oct 23 10:53:47 ubuntu kernel: [   10.070878] [mitosis-origin] pgd_alloc for mm=ffff0004956d2000 and mm->pgd =ffff000495305000.
Oct 23 10:53:47 ubuntu kernel: [   10.071817] [mitosis-origin] pgd_free for mm=ffff0004956d6c00 and pgd =ffff000495302000 and mm->pgd=ffff000495302000.
Oct 23 10:53:47 ubuntu kernel: [   10.073980] [mitosis-origin] pgd_alloc for mm=ffff0004956d6c00 and mm->pgd =ffff000495351000.
Oct 23 10:53:47 ubuntu kernel: [   10.074828] [mitosis-origin] pgd_free for mm=ffff0004956d2000 and pgd =ffff000495305000 and mm->pgd=ffff000495305000.
Oct 23 10:53:47 ubuntu kernel: [   10.076827] [mitosis-origin] pgd_alloc for mm=ffff0004956d2000 and mm->pgd =ffff000495359000.
Oct 23 10:53:47 ubuntu kernel: [   10.077676] [mitosis-origin] pgd_free for mm=ffff0004956d6c00 and pgd =ffff000495351000 and mm->pgd=ffff000495351000.
Oct 23 10:53:47 ubuntu kernel: [   10.079537] [mitosis-origin] pgd_alloc for mm=ffff0004956d6c00 and mm->pgd =ffff00049535d000.
Oct 23 10:53:47 ubuntu kernel: [   10.080508] [mitosis-origin] pgd_free for mm=ffff0004956d2000 and pgd =ffff000495359000 and mm->pgd=ffff000495359000.
Oct 23 10:53:47 ubuntu kernel: [   10.082455] [mitosis-origin] pgd_alloc for mm=ffff0004956d2000 and mm->pgd =ffff000495361000.
Oct 23 10:53:47 ubuntu kernel: [   10.083311] [mitosis-origin] pgd_free for mm=ffff0004956d6c00 and pgd =ffff00049535d000 and mm->pgd=ffff00049535d000.
Oct 23 10:53:47 ubuntu kernel: [   10.085657] [mitosis-origin] pgd_alloc for mm=ffff0004956d6c00 and mm->pgd =ffff000495345000.
Oct 23 10:53:47 ubuntu kernel: [   10.086499] [mitosis-origin] pgd_free for mm=ffff0004956d2000 and pgd =ffff000495361000 and mm->pgd=ffff000495361000.
Oct 23 10:53:47 ubuntu kernel: [   10.088970] [mitosis-origin] pgd_alloc for mm=ffff00049584d000 and mm->pgd =ffff0004950f9000.
Oct 23 10:53:47 ubuntu kernel: [   10.090172] [mitosis-origin] pgd_free for mm=ffff00049584a400 and pgd =ffff0004952cd000 and mm->pgd=ffff0004952cd000.
Oct 23 10:53:47 ubuntu kernel: [   10.092840] Key type big_key registered
Oct 23 10:53:47 ubuntu kernel: [   10.093398] [mitosis-origin] pgd_alloc for mm=ffff00049584a400 and mm->pgd =ffff000495405000.
Oct 23 10:53:47 ubuntu kernel: [   10.094580] [mitosis-origin] pgd_free for mm=ffff00049584d000 and pgd =ffff0004950f9000 and mm->pgd=ffff0004950f9000.
Oct 23 10:53:47 ubuntu kernel: [   10.107250] [mitosis-origin] pgd_alloc for mm=ffff00049584d000 and mm->pgd =ffff00049508f000.
Oct 23 10:53:47 ubuntu kernel: [   10.108217] [mitosis-origin] pgd_free for mm=ffff00049584a400 and pgd =ffff000495405000 and mm->pgd=ffff000495405000.
Oct 23 10:53:47 ubuntu kernel: [   10.110696] [mitosis-origin] pgd_alloc for mm=ffff000495755400 and mm->pgd =ffff00049599f000.
Oct 23 10:53:47 ubuntu kernel: [   10.112898] [mitosis-origin] pgd_free for mm=ffff000495751c00 and pgd =ffff00049531d000 and mm->pgd=ffff00049531d000.
Oct 23 10:53:47 ubuntu kernel: [   10.116947] Key type encrypted registered
Oct 23 10:53:47 ubuntu kernel: [   10.117559] AppArmor: AppArmor sha1 policy hashing enabled
Oct 23 10:53:47 ubuntu kernel: [   10.118688] ima: No TPM chip found, activating TPM-bypass!
Oct 23 10:53:47 ubuntu kernel: [   10.119506] ima: Allocated hash algorithm: sha1
Oct 23 10:53:47 ubuntu kernel: [   10.120231] ima: No architecture policies found
Oct 23 10:53:47 ubuntu kernel: [   10.120938] evm: Initialising EVM extended attributes:
Oct 23 10:53:47 ubuntu kernel: [   10.121686] evm: security.selinux
Oct 23 10:53:47 ubuntu kernel: [   10.122166] evm: security.SMACK64
Oct 23 10:53:47 ubuntu kernel: [   10.122639] evm: security.SMACK64EXEC
Oct 23 10:53:47 ubuntu kernel: [   10.123159] evm: security.SMACK64TRANSMUTE
Oct 23 10:53:47 ubuntu kernel: [   10.123747] evm: security.SMACK64MMAP
Oct 23 10:53:47 ubuntu kernel: [   10.124319] evm: security.apparmor
Oct 23 10:53:47 ubuntu kernel: [   10.124746] evm: security.ima
Oct 23 10:53:47 ubuntu kernel: [   10.125049] evm: security.capability
Oct 23 10:53:47 ubuntu kernel: [   10.125415] evm: HMAC attrs: 0x1
Oct 23 10:53:47 ubuntu kernel: [   10.129661] Freeing unused kernel memory: 7040K
Oct 23 10:53:47 ubuntu kernel: [   10.202019] Checked W+X mappings: passed, no W+X pages found
Oct 23 10:53:47 ubuntu kernel: [   10.202608] Run /init as init process
Oct 23 10:53:47 ubuntu kernel: [   10.202963]   with arguments:
Oct 23 10:53:47 ubuntu kernel: [   10.202964]     /init
Oct 23 10:53:47 ubuntu kernel: [   10.202965]   with environment:
Oct 23 10:53:47 ubuntu kernel: [   10.202966]     HOME=/
Oct 23 10:53:47 ubuntu kernel: [   10.202966]     TERM=linux
Oct 23 10:53:47 ubuntu kernel: [   10.202967]     BOOT_IMAGE=/boot/vmlinuz-5.7.1
Oct 23 10:53:47 ubuntu kernel: [   10.203021] [mitosis-origin] pgd_alloc for mm=ffff000495190000 and mm->pgd =ffff0004df451000.
Oct 23 10:53:47 ubuntu kernel: [   10.205194] [mitosis-origin] pgd_alloc for mm=ffff000495192c00 and mm->pgd =ffff00049539f000.
Oct 23 10:53:47 ubuntu kernel: [   10.206151] [mitosis-origin] pgd_free for mm=ffff000495287400 and pgd =ffff0004951ca000 and mm->pgd=ffff0004951ca000.
Oct 23 10:53:47 ubuntu kernel: [   10.209491] [mitosis-origin] pgd_alloc for mm=ffff000495191800 and mm->pgd =ffff0004953aa000.
Oct 23 10:53:47 ubuntu kernel: [   10.210427] [mitosis-origin] pgd_free for mm=ffff000495192c00 and pgd =ffff00049539f000 and mm->pgd=ffff00049539f000.
Oct 23 10:53:47 ubuntu kernel: [   10.213476] [mitosis-origin] pgd_alloc for mm=ffff000495190c00 and mm->pgd =ffff0004953bd000.
Oct 23 10:53:47 ubuntu kernel: [   10.215741] [mitosis-origin] pgd_free for mm=ffff000495191800 and pgd =ffff0004953aa000 and mm->pgd=ffff0004953aa000.
Oct 23 10:53:47 ubuntu kernel: [   10.217610] [mitosis-origin] pgd_alloc for mm=ffff000495193800 and mm->pgd =ffff0004953cb000.
Oct 23 10:53:47 ubuntu kernel: [   10.219774] [mitosis-origin] pgd_free for mm=ffff000495190c00 and pgd =ffff0004953bd000 and mm->pgd=ffff0004953bd000.
Oct 23 10:53:47 ubuntu kernel: [   10.221683] [mitosis-origin] pgd_alloc for mm=ffff000495191400 and mm->pgd =ffff0004953d9000.
Oct 23 10:53:47 ubuntu kernel: [   10.223084] [mitosis-origin] pgd_free for mm=ffff000495193800 and pgd =ffff0004953cb000 and mm->pgd=ffff0004953cb000.
Oct 23 10:53:47 ubuntu kernel: [   10.224835] [mitosis-origin] pgd_alloc for mm=ffff000495287400 and mm->pgd =ffff0004951c9000.
Oct 23 10:53:47 ubuntu kernel: [   10.226208] [mitosis-origin] pgd_free for mm=ffff000495191400 and pgd =ffff0004953d9000 and mm->pgd=ffff0004953d9000.
Oct 23 10:53:47 ubuntu kernel: [   10.228799] [mitosis-origin] pgd_alloc for mm=ffff000495197800 and mm->pgd =ffff000494c01000.
Oct 23 10:53:47 ubuntu kernel: [   10.230214] [mitosis-origin] pgd_free for mm=ffff000495287400 and pgd =ffff0004951c9000 and mm->pgd=ffff0004951c9000.
Oct 23 10:53:47 ubuntu kernel: [   10.232046] [mitosis-origin] pgd_alloc for mm=ffff000495287400 and mm->pgd =ffff00049506a000.
Oct 23 10:53:47 ubuntu kernel: [   10.233060] [mitosis-origin] pgd_free for mm=ffff000495197800 and pgd =ffff000494c01000 and mm->pgd=ffff000494c01000.
Oct 23 10:53:47 ubuntu kernel: [   10.234965] [mitosis-origin] pgd_alloc for mm=ffff000495195c00 and mm->pgd =ffff000494c0f000.
Oct 23 10:53:47 ubuntu kernel: [   10.237054] [mitosis-origin] pgd_free for mm=ffff000495287400 and pgd =ffff00049506a000 and mm->pgd=ffff00049506a000.
Oct 23 10:53:47 ubuntu kernel: [   10.238389] [mitosis-origin] pgd_alloc for mm=ffff000495287400 and mm->pgd =ffff000494c00000.
Oct 23 10:53:47 ubuntu kernel: [   10.239378] [mitosis-origin] pgd_free for mm=ffff000495195c00 and pgd =ffff000494c0f000 and mm->pgd=ffff000494c0f000.
Oct 23 10:53:47 ubuntu kernel: [   10.241207] [mitosis-origin] pgd_free for mm=ffff0004956d6c00 and pgd =ffff000495345000 and mm->pgd=ffff000495345000.
Oct 23 10:53:47 ubuntu kernel: [   10.245144] [mitosis-origin] pgd_alloc for mm=ffff0004956d6c00 and mm->pgd =ffff000495345000.
Oct 23 10:53:47 ubuntu kernel: [   10.247661] [mitosis-origin] pgd_alloc for mm=ffff000494c69c00 and mm->pgd =ffff0004df60e000.
Oct 23 10:53:47 ubuntu kernel: [   10.249870] [mitosis-origin] pgd_free for mm=ffff0004956d6c00 and pgd =ffff000495345000 and mm->pgd=ffff000495345000.
Oct 23 10:53:47 ubuntu kernel: [   10.253751] [mitosis-origin] pgd_alloc for mm=ffff0004956d2000 and mm->pgd =ffff0004956f8000.
Oct 23 10:53:47 ubuntu kernel: [   10.254925] [mitosis-origin] pgd_free for mm=ffff000494c69c00 and pgd =ffff0004df60e000 and mm->pgd=ffff0004df60e000.
Oct 23 10:53:47 ubuntu kernel: [   10.257524] [mitosis-origin] pgd_alloc for mm=ffff0004956d7400 and mm->pgd =ffff0004952f9000.
Oct 23 10:53:47 ubuntu kernel: [   10.259778] [mitosis-origin] pgd_free for mm=ffff0004956d2000 and pgd =ffff0004956f8000 and mm->pgd=ffff0004956f8000.
Oct 23 10:53:47 ubuntu kernel: [   10.261130] [mitosis-origin] pgd_alloc for mm=ffff000494c69c00 and mm->pgd =ffff0004df621000.
Oct 23 10:53:47 ubuntu kernel: [   10.262154] [mitosis-origin] pgd_free for mm=ffff0004956d7400 and pgd =ffff0004952f9000 and mm->pgd=ffff0004952f9000.
Oct 23 10:53:47 ubuntu kernel: [   10.264136] [mitosis-origin] pgd_alloc for mm=ffff0004956d4400 and mm->pgd =ffff0004de496000.
Oct 23 10:53:47 ubuntu kernel: [   10.266567] [mitosis-origin] pgd_alloc for mm=ffff000494c93400 and mm->pgd =ffff000495377000.
Oct 23 10:53:47 ubuntu kernel: [   10.268101] [mitosis-origin] pgd_free for mm=ffff0004956d4400 and pgd =ffff0004de496000 and mm->pgd=ffff0004de496000.
Oct 23 10:53:47 ubuntu kernel: [   10.270737] [mitosis-origin] pgd_alloc for mm=ffff0004956d3400 and mm->pgd =ffff0004956e6000.
Oct 23 10:53:47 ubuntu kernel: [   10.272688] [mitosis-origin] pgd_free for mm=ffff000494c93400 and pgd =ffff000495377000 and mm->pgd=ffff000495377000.
Oct 23 10:53:47 ubuntu kernel: [   10.277563] [mitosis-origin] pgd_alloc for mm=ffff0004956d6000 and mm->pgd =ffff000495334000.
Oct 23 10:53:47 ubuntu kernel: [   10.279421] [mitosis-origin] pgd_free for mm=ffff0004956d3400 and pgd =ffff0004956e6000 and mm->pgd=ffff0004956e6000.
Oct 23 10:53:47 ubuntu kernel: [   10.280857] [mitosis-origin] pgd_alloc for mm=ffff000494c93400 and mm->pgd =ffff000495387000.
Oct 23 10:53:47 ubuntu kernel: [   10.281911] [mitosis-origin] pgd_free for mm=ffff0004956d6000 and pgd =ffff000495334000 and mm->pgd=ffff000495334000.
Oct 23 10:53:47 ubuntu kernel: [   10.284707] [mitosis-origin] pgd_alloc for mm=ffff000494cc7c00 and mm->pgd =ffff0004dfb03000.
Oct 23 10:53:47 ubuntu kernel: [   10.286562] [mitosis-origin] pgd_alloc for mm=ffff0004956d6400 and mm->pgd =ffff000495302000.
Oct 23 10:53:47 ubuntu kernel: [   10.288073] [mitosis-origin] pgd_free for mm=ffff000494cc7c00 and pgd =ffff0004dfb03000 and mm->pgd=ffff0004dfb03000.
Oct 23 10:53:47 ubuntu kernel: [   10.290544] [mitosis-origin] pgd_alloc for mm=ffff0004956d7000 and mm->pgd =ffff0004956f9000.
Oct 23 10:53:47 ubuntu kernel: [   10.292423] [mitosis-origin] pgd_alloc for mm=ffff000494cc0800 and mm->pgd =ffff0004dfb0e000.
Oct 23 10:53:47 ubuntu kernel: [   10.293658] [mitosis-origin] pgd_free for mm=ffff0004956d7000 and pgd =ffff0004956f9000 and mm->pgd=ffff0004956f9000.
Oct 23 10:53:47 ubuntu kernel: [   10.296050] [mitosis-origin] pgd_free for mm=ffff000494cc0800 and pgd =ffff0004dfb0e000 and mm->pgd=ffff0004dfb0e000.
Oct 23 10:53:47 ubuntu kernel: [   10.297520] [mitosis-origin] pgd_alloc for mm=ffff000494cc0800 and mm->pgd =ffff0004dfb0e000.
Oct 23 10:53:47 ubuntu kernel: [   10.298865] [mitosis-origin] pgd_alloc for mm=ffff0004956d2800 and mm->pgd =ffff000495365000.
Oct 23 10:53:47 ubuntu kernel: [   10.300022] [mitosis-origin] pgd_free for mm=ffff000494cc0800 and pgd =ffff0004dfb0e000 and mm->pgd=ffff0004dfb0e000.
Oct 23 10:53:47 ubuntu kernel: [   10.301999] [mitosis-origin] pgd_alloc for mm=ffff0004956d3c00 and mm->pgd =ffff000495244000.
Oct 23 10:53:47 ubuntu kernel: [   10.303261] [mitosis-origin] pgd_alloc for mm=ffff000494cc4c00 and mm->pgd =ffff0004dfb28000.
Oct 23 10:53:47 ubuntu kernel: [   10.304452] [mitosis-origin] pgd_free for mm=ffff0004956d3c00 and pgd =ffff000495244000 and mm->pgd=ffff000495244000.
Oct 23 10:53:47 ubuntu kernel: [   10.306233] [mitosis-origin] pgd_free for mm=ffff0004956d6400 and pgd =ffff000495302000 and mm->pgd=ffff000495302000.
Oct 23 10:53:47 ubuntu kernel: [   10.307691] [mitosis-origin] pgd_free for mm=ffff000494cc4c00 and pgd =ffff0004dfb28000 and mm->pgd=ffff0004dfb28000.
Oct 23 10:53:47 ubuntu kernel: [   10.309384] [mitosis-origin] pgd_alloc for mm=ffff000494cc4c00 and mm->pgd =ffff0004dfb28000.
Oct 23 10:53:47 ubuntu kernel: [   10.311137] [mitosis-origin] pgd_alloc for mm=ffff0004956d1000 and mm->pgd =ffff0004956db000.
Oct 23 10:53:47 ubuntu kernel: [   10.312885] [mitosis-origin] pgd_free for mm=ffff000494cc4c00 and pgd =ffff0004dfb28000 and mm->pgd=ffff0004dfb28000.
Oct 23 10:53:47 ubuntu kernel: [   10.315536] [mitosis-origin] pgd_alloc for mm=ffff0004956d3000 and mm->pgd =ffff00049570b000.
Oct 23 10:53:47 ubuntu kernel: [   10.317402] [mitosis-origin] pgd_alloc for mm=ffff000495196800 and mm->pgd =ffff000494c1b000.
Oct 23 10:53:47 ubuntu kernel: [   10.318570] [mitosis-origin] pgd_free for mm=ffff0004956d3000 and pgd =ffff00049570b000 and mm->pgd=ffff00049570b000.
Oct 23 10:53:47 ubuntu kernel: [   10.321053] [mitosis-origin] pgd_alloc for mm=ffff000494cc0000 and mm->pgd =ffff000494ce0000.
Oct 23 10:53:47 ubuntu kernel: [   10.322175] [mitosis-origin] pgd_free for mm=ffff0004956d1000 and pgd =ffff0004956db000 and mm->pgd=ffff0004956db000.
Oct 23 10:53:47 ubuntu kernel: [   10.323592] [mitosis-origin] pgd_alloc for mm=ffff0004956d1000 and mm->pgd =ffff0004dfb06000.
Oct 23 10:53:47 ubuntu kernel: [   10.324851] [mitosis-origin] pgd_free for mm=ffff000494cc0000 and pgd =ffff000494ce0000 and mm->pgd=ffff000494ce0000.
Oct 23 10:53:47 ubuntu kernel: [   10.327483] [mitosis-origin] pgd_alloc for mm=ffff0004956d5400 and mm->pgd =ffff00049570d000.
Oct 23 10:53:47 ubuntu kernel: [   10.329489] [mitosis-origin] pgd_free for mm=ffff000495196800 and pgd =ffff000494c1b000 and mm->pgd=ffff000494c1b000.
Oct 23 10:53:47 ubuntu kernel: [   10.331755] [mitosis-origin] pgd_alloc for mm=ffff000495196800 and mm->pgd =ffff000494c29000.
Oct 23 10:53:47 ubuntu kernel: [   10.333755] [mitosis-origin] pgd_free for mm=ffff0004956d5400 and pgd =ffff00049570d000 and mm->pgd=ffff00049570d000.
Oct 23 10:53:47 ubuntu kernel: [   10.339736] [mitosis-origin] pgd_alloc for mm=ffff000495195000 and mm->pgd =ffff000494c24000.
Oct 23 10:53:47 ubuntu kernel: [   10.341697] [mitosis-origin] pgd_free for mm=ffff00049584d000 and pgd =ffff00049508f000 and mm->pgd=ffff00049508f000.
Oct 23 10:53:47 ubuntu kernel: [   10.343813] [mitosis-origin] pgd_alloc for mm=ffff00049584d000 and mm->pgd =ffff00049598d000.
Oct 23 10:53:47 ubuntu kernel: [   10.345540] [mitosis-origin] pgd_free for mm=ffff000494c93400 and pgd =ffff000495387000 and mm->pgd=ffff000495387000.
Oct 23 10:53:47 ubuntu kernel: [   10.348434] [mitosis-origin] pgd_alloc for mm=ffff000494c93400 and mm->pgd =ffff000494c9e000.
Oct 23 10:53:47 ubuntu kernel: [   10.350789] [mitosis-origin] pgd_free for mm=ffff00049584d000 and pgd =ffff00049598d000 and mm->pgd=ffff00049598d000.
Oct 23 10:53:47 ubuntu kernel: [   10.386632] [mitosis-origin] pgd_alloc for mm=ffff0004956d1c00 and mm->pgd =ffff000494ce8000.
Oct 23 10:53:47 ubuntu kernel: [   10.390464] [mitosis-origin] pgd_alloc for mm=ffff0004956d0400 and mm->pgd =ffff000495705000.
Oct 23 10:53:47 ubuntu kernel: [   10.393077] [mitosis-origin] pgd_free for mm=ffff000495755400 and pgd =ffff00049599f000 and mm->pgd=ffff00049599f000.
Oct 23 10:53:47 ubuntu kernel: [   10.393116] [mitosis-origin] pgd_alloc for mm=ffff0004956d4800 and mm->pgd =ffff0004956da000.
Oct 23 10:53:47 ubuntu kernel: [   10.393780] [mitosis-origin] pgd_alloc for mm=ffff000494db0800 and mm->pgd =ffff0004defbf000.
Oct 23 10:53:47 ubuntu kernel: [   10.394038] [mitosis-origin] pgd_free for mm=ffff000494c93400 and pgd =ffff000494c9e000 and mm->pgd=ffff000494c9e000.
Oct 23 10:53:47 ubuntu kernel: [   10.394171] [mitosis-origin] pgd_alloc for mm=ffff000494c93400 and mm->pgd =ffff0004de490000.
Oct 23 10:53:47 ubuntu kernel: [   10.394286] [mitosis-origin] pgd_free for mm=ffff000494db0800 and pgd =ffff0004defbf000 and mm->pgd=ffff0004defbf000.
Oct 23 10:53:47 ubuntu kernel: [   10.399971] [mitosis-origin] pgd_alloc for mm=ffff0004956d4000 and mm->pgd =ffff000495381000.
Oct 23 10:53:47 ubuntu kernel: [   10.401079] [mitosis-origin] pgd_alloc for mm=ffff0004956d7c00 and mm->pgd =ffff000494ca2000.
Oct 23 10:53:47 ubuntu kernel: [   10.402036] [mitosis-origin] pgd_alloc for mm=ffff0004956d0800 and mm->pgd =ffff000494d25000.
Oct 23 10:53:47 ubuntu kernel: [   10.402993] [mitosis-origin] pgd_alloc for mm=ffff0004956d4c00 and mm->pgd =ffff000494edd000.
Oct 23 10:53:47 ubuntu kernel: [   10.404015] [mitosis-origin] pgd_alloc for mm=ffff0004956d0000 and mm->pgd =ffff000494eef000.
Oct 23 10:53:47 ubuntu kernel: [   10.405310] [mitosis-origin] pgd_free for mm=ffff000495067c00 and pgd =ffff000495409000 and mm->pgd=ffff000495409000.
Oct 23 10:53:47 ubuntu kernel: [   10.426760] [mitosis-origin] pgd_free for mm=ffff000495064000 and pgd =ffff0004de8ad000 and mm->pgd=ffff0004de8ad000.
Oct 23 10:53:47 ubuntu kernel: [   10.440551] [mitosis-origin] pgd_alloc for mm=ffff0004956d2c00 and mm->pgd =ffff000494f01000.
Oct 23 10:53:47 ubuntu kernel: [   10.442848] [mitosis-origin] pgd_free for mm=ffff0004956d0000 and pgd =ffff000494eef000 and mm->pgd=ffff000494eef000.
Oct 23 10:53:47 ubuntu kernel: [   10.443597] [mitosis-origin] pgd_alloc for mm=ffff0004956d1800 and mm->pgd =ffff00049442c000.
Oct 23 10:53:47 ubuntu kernel: [   10.445966] [mitosis-origin] pgd_free for mm=ffff0004956d4800 and pgd =ffff0004956da000 and mm->pgd=ffff0004956da000.
Oct 23 10:53:47 ubuntu kernel: [   10.446130] [mitosis-origin] pgd_free for mm=ffff000494c93400 and pgd =ffff0004de490000 and mm->pgd=ffff0004de490000.
Oct 23 10:53:47 ubuntu kernel: [   10.446490] [mitosis-origin] pgd_alloc for mm=ffff0004956d0c00 and mm->pgd =ffff00049443e000.
Oct 23 10:53:47 ubuntu kernel: [   10.446681] [mitosis-origin] pgd_free for mm=ffff000495196800 and pgd =ffff000494c29000 and mm->pgd=ffff000494c29000.
Oct 23 10:53:47 ubuntu kernel: [   10.447622] [mitosis-origin] pgd_alloc for mm=ffff000494db4c00 and mm->pgd =ffff0004956da000.
Oct 23 10:53:47 ubuntu kernel: [   10.449748] [mitosis-origin] pgd_alloc for mm=ffff0004956d3800 and mm->pgd =ffff000494451000.
Oct 23 10:53:47 ubuntu kernel: [   10.450779] [mitosis-origin] pgd_alloc for mm=ffff000495196800 and mm->pgd =ffff000494c2b000.
Oct 23 10:53:47 ubuntu kernel: [   10.452234] [mitosis-origin] pgd_alloc for mm=ffff0004956d1400 and mm->pgd =ffff000494462000.
Oct 23 10:53:47 ubuntu kernel: [   10.452945] [mitosis-origin] pgd_free for mm=ffff000494db4c00 and pgd =ffff0004956da000 and mm->pgd=ffff0004956da000.
Oct 23 10:53:47 ubuntu kernel: [   10.453818] [mitosis-origin] pgd_alloc for mm=ffff0004956d7800 and mm->pgd =ffff000494df5000.
Oct 23 10:53:47 ubuntu kernel: [   10.456386] [mitosis-origin] pgd_alloc for mm=ffff0004956d5c00 and mm->pgd =ffff000494f71000.
Oct 23 10:53:47 ubuntu kernel: [   10.457355] [mitosis-origin] pgd_alloc for mm=ffff0004956d6800 and mm->pgd =ffff000494f5b000.
Oct 23 10:53:47 ubuntu kernel: [   10.458300] [mitosis-origin] pgd_alloc for mm=ffff0004956d5000 and mm->pgd =ffff0004dfbf1000.
Oct 23 10:53:47 ubuntu kernel: [   10.459244] [mitosis-origin] pgd_alloc for mm=ffff0004956d2400 and mm->pgd =ffff0004de996000.
Oct 23 10:53:47 ubuntu kernel: [   10.460253] [mitosis-origin] pgd_alloc for mm=ffff0004956d5800 and mm->pgd =ffff000494e3d000.
Oct 23 10:53:47 ubuntu kernel: [   10.461236] [mitosis-origin] pgd_alloc for mm=ffff0004956d4800 and mm->pgd =ffff000494f13000.
Oct 23 10:53:47 ubuntu kernel: [   10.462249] [mitosis-origin] pgd_alloc for mm=ffff0004956d0000 and mm->pgd =ffff000494e72000.
Oct 23 10:53:47 ubuntu kernel: [   10.463251] [mitosis-origin] pgd_alloc for mm=ffff0004956d5400 and mm->pgd =ffff000494fd3000.
Oct 23 10:53:47 ubuntu kernel: [   10.464412] [mitosis-origin] pgd_alloc for mm=ffff0004956d3000 and mm->pgd =ffff000494f87000.
Oct 23 10:53:47 ubuntu kernel: [   10.465424] [mitosis-origin] pgd_alloc for mm=ffff0004956d6400 and mm->pgd =ffff0004dfb65000.
Oct 23 10:53:47 ubuntu kernel: [   10.466412] [mitosis-origin] pgd_alloc for mm=ffff0004956d3c00 and mm->pgd =ffff000494d9f000.
Oct 23 10:53:47 ubuntu kernel: [   10.467365] [mitosis-origin] pgd_alloc for mm=ffff0004956d7000 and mm->pgd =ffff000494fa1000.
Oct 23 10:53:47 ubuntu kernel: [   10.468471] [mitosis-origin] pgd_alloc for mm=ffff0004956d6000 and mm->pgd =ffff000494e54000.
Oct 23 10:53:47 ubuntu kernel: [   10.469457] [mitosis-origin] pgd_alloc for mm=ffff0004956d3400 and mm->pgd =ffff000494403000.
Oct 23 10:53:47 ubuntu kernel: [   10.470409] [mitosis-origin] pgd_alloc for mm=ffff0004956d4400 and mm->pgd =ffff000494e36000.
Oct 23 10:53:47 ubuntu kernel: [   10.471373] [mitosis-origin] pgd_alloc for mm=ffff0004956d7400 and mm->pgd =ffff0004de820000.
Oct 23 10:53:47 ubuntu kernel: [   10.472384] [mitosis-origin] pgd_alloc for mm=ffff0004956d2000 and mm->pgd =ffff000494ddd000.
Oct 23 10:53:47 ubuntu kernel: [   10.473365] [mitosis-origin] pgd_alloc for mm=ffff0004956d6c00 and mm->pgd =ffff000494481000.
Oct 23 10:53:47 ubuntu kernel: [   10.474335] [mitosis-origin] pgd_alloc for mm=ffff0004944fc800 and mm->pgd =ffff000494493000.
Oct 23 10:53:47 ubuntu kernel: [   10.475312] [mitosis-origin] pgd_alloc for mm=ffff0004944fc000 and mm->pgd =ffff0004944ee000.
Oct 23 10:53:47 ubuntu kernel: [   10.476323] [mitosis-origin] pgd_alloc for mm=ffff0004944ffc00 and mm->pgd =ffff000494511000.
Oct 23 10:53:47 ubuntu kernel: [   10.477368] [mitosis-origin] pgd_alloc for mm=ffff0004944f8800 and mm->pgd =ffff000494524000.
Oct 23 10:53:47 ubuntu kernel: [   10.478321] [mitosis-origin] pgd_alloc for mm=ffff0004944fcc00 and mm->pgd =ffff000494535000.
Oct 23 10:53:47 ubuntu kernel: [   10.479289] [mitosis-origin] pgd_alloc for mm=ffff0004944f8000 and mm->pgd =ffff000494557000.
Oct 23 10:53:47 ubuntu kernel: [   10.480283] [mitosis-origin] pgd_alloc for mm=ffff0004944fac00 and mm->pgd =ffff00049456a000.
Oct 23 10:53:47 ubuntu kernel: [   10.481240] [mitosis-origin] pgd_alloc for mm=ffff0004944f9800 and mm->pgd =ffff00049457c000.
Oct 23 10:53:47 ubuntu kernel: [   10.482183] [mitosis-origin] pgd_alloc for mm=ffff0004944f8c00 and mm->pgd =ffff0004945b8000.
Oct 23 10:53:47 ubuntu kernel: [   10.483129] [mitosis-origin] pgd_alloc for mm=ffff0004944fb800 and mm->pgd =ffff0004945ca000.
Oct 23 10:53:47 ubuntu kernel: [   10.484097] [mitosis-origin] pgd_alloc for mm=ffff0004944f9400 and mm->pgd =ffff0004945dc000.
Oct 23 10:53:47 ubuntu kernel: [   10.485106] [mitosis-origin] pgd_alloc for mm=ffff0004944ff800 and mm->pgd =ffff0004945ee000.
Oct 23 10:53:47 ubuntu kernel: [   10.486125] [mitosis-origin] pgd_alloc for mm=ffff0004944fdc00 and mm->pgd =ffff00049460c000.
Oct 23 10:53:47 ubuntu kernel: [   10.487162] [mitosis-origin] pgd_alloc for mm=ffff0004944fe800 and mm->pgd =ffff00049461d000.
Oct 23 10:53:47 ubuntu kernel: [   10.488171] [mitosis-origin] pgd_alloc for mm=ffff0004944fd000 and mm->pgd =ffff000494630000.
Oct 23 10:53:47 ubuntu kernel: [   10.489182] [mitosis-origin] pgd_alloc for mm=ffff0004944fa400 and mm->pgd =ffff00049464e000.
Oct 23 10:53:47 ubuntu kernel: [   10.490155] [mitosis-origin] pgd_alloc for mm=ffff0004944fd800 and mm->pgd =ffff000494660000.
Oct 23 10:53:47 ubuntu kernel: [   10.491141] [mitosis-origin] pgd_alloc for mm=ffff0004944fa000 and mm->pgd =ffff000494672000.
Oct 23 10:53:47 ubuntu kernel: [   10.492138] [mitosis-origin] pgd_alloc for mm=ffff0004944fec00 and mm->pgd =ffff000494686000.
Oct 23 10:53:47 ubuntu kernel: [   10.493105] [mitosis-origin] pgd_alloc for mm=ffff0004944ff400 and mm->pgd =ffff0004946ad000.
Oct 23 10:53:47 ubuntu kernel: [   10.494084] [mitosis-origin] pgd_alloc for mm=ffff0004944fc400 and mm->pgd =ffff0004946bf000.
Oct 23 10:53:47 ubuntu kernel: [   10.495071] [mitosis-origin] pgd_alloc for mm=ffff0004944fb400 and mm->pgd =ffff0004946d2000.
Oct 23 10:53:47 ubuntu kernel: [   10.496070] [mitosis-origin] pgd_alloc for mm=ffff0004944fe000 and mm->pgd =ffff0004946fe000.
Oct 23 10:53:47 ubuntu kernel: [   10.497053] [mitosis-origin] pgd_alloc for mm=ffff0004944fe400 and mm->pgd =ffff000494711000.
Oct 23 10:53:47 ubuntu kernel: [   10.498016] [mitosis-origin] pgd_alloc for mm=ffff0004944ff000 and mm->pgd =ffff000494723000.
Oct 23 10:53:47 ubuntu kernel: [   10.499003] [mitosis-origin] pgd_alloc for mm=ffff0004944fa800 and mm->pgd =ffff000494751000.
Oct 23 10:53:47 ubuntu kernel: [   10.499977] [mitosis-origin] pgd_alloc for mm=ffff0004944fbc00 and mm->pgd =ffff000494762000.
Oct 23 10:53:47 ubuntu kernel: [   10.500964] [mitosis-origin] pgd_alloc for mm=ffff0004944f9000 and mm->pgd =ffff000494776000.
Oct 23 10:53:47 ubuntu kernel: [   10.501918] [mitosis-origin] pgd_alloc for mm=ffff0004944fb000 and mm->pgd =ffff000494788000.
Oct 23 10:53:47 ubuntu kernel: [   10.502913] [mitosis-origin] pgd_alloc for mm=ffff0004944fd400 and mm->pgd =ffff0004947a6000.
