Oct 19 16:54:25 ubuntu systemd-modules-load[817]: Inserted module 'iscsi_tcp'
Oct 19 16:54:25 ubuntu systemd-modules-load[817]: Inserted module 'ib_iser'
Oct 19 16:54:25 ubuntu lvm[827]:   2 logical volume(s) in volume group "ubuntu-vg" monitored
Oct 19 16:54:25 ubuntu systemd[1]: Started Monitoring of LVM2 mirrors, snapshots etc. using dmeventd or progress polling.
Oct 19 16:54:25 ubuntu systemd[1]: Started Create Static Device Nodes in /dev.
Oct 19 16:54:25 ubuntu systemd[1]: Mounted FUSE Control File System.
Oct 19 16:54:25 ubuntu systemd[1]: Mounted Kernel Configuration File System.
Oct 19 16:54:25 ubuntu systemd[1]: Started Apply Kernel Variables.
Oct 19 16:54:25 ubuntu systemd[1]: Starting udev Kernel Device Manager...
Oct 19 16:54:25 ubuntu systemd[1]: Starting Flush Journal to Persistent Storage...
Oct 19 16:54:25 ubuntu systemd[1]: Started Set the console keyboard layout.
Oct 19 16:54:25 ubuntu systemd[1]: Reached target Local File Systems (Pre).
Oct 19 16:54:25 ubuntu systemd[1]: Started udev Kernel Device Manager.
Oct 19 16:54:25 ubuntu systemd[1]: Started Flush Journal to Persistent Storage.
Oct 19 16:54:25 ubuntu systemd[1]: Started udev Coldplug all Devices.
Oct 19 16:54:25 ubuntu systemd[1]: Started Dispatch Password Requests to Console Directory Watch.
Oct 19 16:54:25 ubuntu systemd[1]: Reached target Local Encrypted Volumes.
Oct 19 16:54:25 ubuntu systemd[1]: Found device /dev/ttyAMA0.
Oct 19 16:54:25 ubuntu systemd-udevd[869]: link_config: autonegotiation is unset or enabled, the speed and duplex are not writable.
Oct 19 16:54:25 ubuntu systemd[1]: Listening on Load/Save RF Kill Switch Status /dev/rfkill Watch.
Oct 19 16:54:25 ubuntu systemd-udevd[869]: link_config: autonegotiation is unset or enabled, the speed and duplex are not writable.
Oct 19 16:54:25 ubuntu kernel: [    0.000000] Booting Linux on physical CPU 0x0000000000 [0x481fd010]
Oct 19 16:54:25 ubuntu systemd[1]: Found device /dev/mapper/ubuntu--vg-swap_1.
Oct 19 16:54:25 ubuntu kernel: [    0.000000] Linux version 5.7.1 (root@ubuntu) (gcc version 7.5.0 (Ubuntu/Linaro 7.5.0-3ubuntu1~18.04), GNU ld (GNU Binutils for Ubuntu) 2.30) #1 SMP Mon Oct 19 11:44:11 CST 2020
Oct 19 16:54:25 ubuntu kernel: [    0.000000] efi: EFI v2.70 by EDK II
Oct 19 16:54:25 ubuntu systemd[1]: Activating swap /dev/mapper/ubuntu--vg-swap_1...
Oct 19 16:54:25 ubuntu kernel: [    0.000000] efi:  SMBIOS 3.0=0x53f710000  ACPI 2.0=0x53c020000  MEMATTR=0x53cc7ca98  MEMRESERVE=0x53becd018 
Oct 19 16:54:25 ubuntu systemd[1]: Created slice system-lvm2\x2dpvscan.slice.
Oct 19 16:54:25 ubuntu kernel: [    0.000000] cma: Reserved 32 MiB at 0x00000000fe000000
Oct 19 16:54:25 ubuntu kernel: [    0.000000] ACPI: Early table checksum verification disabled
Oct 19 16:54:25 ubuntu kernel: [    0.000000] ACPI: RSDP 0x000000053C020000 000024 (v02 BOCHS )
Oct 19 16:54:25 ubuntu kernel: [    0.000000] ACPI: XSDT 0x000000053BED0000 000054 (v01 BOCHS  BXPCFACP 00000001      01000013)
Oct 19 16:54:25 ubuntu kernel: [    0.000000] ACPI: FACP 0x000000053BE90000 00010C (v05 BOCHS  BXPCFACP 00000001 BXPC 00000001)
Oct 19 16:54:25 ubuntu kernel: [    0.000000] ACPI: DSDT 0x000000053BEA0000 001523 (v02 BOCHS  BXPCDSDT 00000001 BXPC 00000001)
Oct 19 16:54:25 ubuntu kernel: [    0.000000] ACPI: APIC 0x000000053BE80000 0009E8 (v03 BOCHS  BXPCAPIC 00000001 BXPC 00000001)
Oct 19 16:54:25 ubuntu systemd[1]: Starting LVM2 PV scan on device 8:2...
Oct 19 16:54:25 ubuntu kernel: [    0.000000] ACPI: GTDT 0x000000053BE70000 000060 (v02 BOCHS  BXPCGTDT 00000001 BXPC 00000001)
Oct 19 16:54:25 ubuntu kernel: [    0.000000] ACPI: MCFG 0x000000053BE60000 00003C (v01 BOCHS  BXPCMCFG 00000001 BXPC 00000001)
Oct 19 16:54:25 ubuntu kernel: [    0.000000] ACPI: SPCR 0x000000053BE50000 000050 (v02 BOCHS  BXPCSPCR 00000001 BXPC 00000001)
Oct 19 16:54:25 ubuntu systemd[1]: Activated swap /dev/mapper/ubuntu--vg-swap_1.
Oct 19 16:54:25 ubuntu kernel: [    0.000000] ACPI: IORT 0x000000053BE40000 00007C (v00 BOCHS  BXPCIORT 00000001 BXPC 00000001)
Oct 19 16:54:25 ubuntu kernel: [    0.000000] ACPI: SPCR: console: pl011,mmio,0x9000000,9600
Oct 19 16:54:25 ubuntu systemd[1]: Found device QEMU_HARDDISK 1.
Oct 19 16:54:25 ubuntu systemd[1]: Starting File System Check on /dev/disk/by-uuid/5EA9-3D4C...
Oct 19 16:54:25 ubuntu kernel: [    0.000000] ACPI: NUMA: Failed to initialise from firmware
Oct 19 16:54:25 ubuntu systemd[1]: Reached target Swap.
Oct 19 16:54:25 ubuntu kernel: [    0.000000] NUMA: Faking a node at [mem 0x0000000040000000-0x000000053fffffff]
Oct 19 16:54:25 ubuntu systemd[1]: Started File System Check Daemon to report status.
Oct 19 16:54:25 ubuntu kernel: [    0.000000] NUMA: NODE_DATA [mem 0x53d409300-0x53d40cfff]
Oct 19 16:54:25 ubuntu kernel: [    0.000000] Zone ranges:
Oct 19 16:54:25 ubuntu kernel: [    0.000000]   DMA      [mem 0x0000000040000000-0x000000007fffffff]
Oct 19 16:54:25 ubuntu kernel: [    0.000000]   DMA32    [mem 0x0000000080000000-0x00000000ffffffff]
Oct 19 16:54:25 ubuntu kernel: [    0.000000]   Normal   [mem 0x0000000100000000-0x000000053fffffff]
Oct 19 16:54:25 ubuntu kernel: [    0.000000] Movable zone start for each node
Oct 19 16:54:25 ubuntu lvm[1028]:   2 logical volume(s) in volume group "ubuntu-vg" now active
Oct 19 16:54:25 ubuntu kernel: [    0.000000] Early memory node ranges
Oct 19 16:54:25 ubuntu kernel: [    0.000000]   node   0: [mem 0x0000000040000000-0x000000053bedffff]
Oct 19 16:54:25 ubuntu systemd-fsck[1029]: fsck.fat 4.1 (2017-01-24)
Oct 19 16:54:25 ubuntu kernel: [    0.000000]   node   0: [mem 0x000000053bee0000-0x000000053bffffff]
Oct 19 16:54:25 ubuntu kernel: [    0.000000]   node   0: [mem 0x000000053c000000-0x000000053c02ffff]
Oct 19 16:54:25 ubuntu kernel: [    0.000000]   node   0: [mem 0x000000053c030000-0x000000053c0affff]
Oct 19 16:54:25 ubuntu systemd-fsck[1029]: /dev/sda1: 5 files, 41/65501 clusters
Oct 19 16:54:25 ubuntu kernel: [    0.000000]   node   0: [mem 0x000000053c0b0000-0x000000053f57ffff]
Oct 19 16:54:25 ubuntu kernel: [    0.000000]   node   0: [mem 0x000000053f580000-0x000000053f95ffff]
Oct 19 16:54:25 ubuntu systemd[1]: Started LVM2 PV scan on device 8:2.
Oct 19 16:54:25 ubuntu kernel: [    0.000000]   node   0: [mem 0x000000053f960000-0x000000053fffffff]
Oct 19 16:54:25 ubuntu systemd[1]: Started File System Check on /dev/disk/by-uuid/5EA9-3D4C.
Oct 19 16:54:25 ubuntu systemd[1]: Mounting /boot/efi...
Oct 19 16:54:25 ubuntu kernel: [    0.000000] Zeroed struct page in unavailable ranges: 544 pages
Oct 19 16:54:25 ubuntu systemd[1]: Mounted /boot/efi.
Oct 19 16:54:25 ubuntu kernel: [    0.000000] Initmem setup node 0 [mem 0x0000000040000000-0x000000053fffffff]
Oct 19 16:54:25 ubuntu kernel: [    0.000000] On node 0 totalpages: 5242880
Oct 19 16:54:25 ubuntu systemd[1]: Reached target Local File Systems.
Oct 19 16:54:25 ubuntu systemd[1]: Starting Tell Plymouth To Write Out Runtime Data...
Oct 19 16:54:25 ubuntu systemd[1]: Starting ebtables ruleset management...
Oct 19 16:54:25 ubuntu kernel: [    0.000000]   DMA zone: 5120 pages used for memmap
Oct 19 16:54:25 ubuntu systemd[1]: Starting AppArmor initialization...
Oct 19 16:54:25 ubuntu kernel: [    0.000000]   DMA zone: 0 pages reserved
Oct 19 16:54:25 ubuntu systemd[1]: Starting Set console font and keymap...
Oct 19 16:54:25 ubuntu systemd[1]: Starting Create Volatile Files and Directories...
Oct 19 16:54:25 ubuntu kernel: [    0.000000]   DMA zone: 262144 pages, LIFO batch:63
Oct 19 16:54:25 ubuntu systemd[1]: Started Tell Plymouth To Write Out Runtime Data.
Oct 19 16:54:25 ubuntu kernel: [    0.000000]   DMA32 zone: 10240 pages used for memmap
Oct 19 16:54:25 ubuntu kernel: [    0.000000]   DMA32 zone: 524288 pages, LIFO batch:63
Oct 19 16:54:25 ubuntu kernel: [    0.000000]   Normal zone: 87040 pages used for memmap
Oct 19 16:54:25 ubuntu kernel: [    0.000000]   Normal zone: 4456448 pages, LIFO batch:63
Oct 19 16:54:25 ubuntu kernel: [    0.000000] psci: probing for conduit method from ACPI.
Oct 19 16:54:25 ubuntu systemd[1]: Started Set console font and keymap.
Oct 19 16:54:25 ubuntu kernel: [    0.000000] psci: PSCIv1.0 detected in firmware.
Oct 19 16:54:25 ubuntu kernel: [    0.000000] psci: Using standard PSCI v0.2 function IDs
Oct 19 16:54:25 ubuntu apparmor[1038]:  * Starting AppArmor profiles
Oct 19 16:54:25 ubuntu kernel: [    0.000000] psci: Trusted OS migration not required
Oct 19 16:54:25 ubuntu systemd[1]: Started Create Volatile Files and Directories.
Oct 19 16:54:25 ubuntu kernel: [    0.000000] psci: SMC Calling Convention v1.1
Oct 19 16:54:25 ubuntu kernel: [    0.000000] ACPI: SRAT not present
Oct 19 16:54:25 ubuntu kernel: [    0.000000] percpu: Embedded 33 pages/cpu s94616 r8192 d32360 u135168
Oct 19 16:54:25 ubuntu kernel: [    0.000000] pcpu-alloc: s94616 r8192 d32360 u135168 alloc=33*4096
Oct 19 16:54:25 ubuntu kernel: [    0.000000] pcpu-alloc: [0] 00 [0] 01 [0] 02 [0] 03 [0] 04 [0] 05 [0] 06 [0] 07 
Oct 19 16:54:25 ubuntu kernel: [    0.000000] pcpu-alloc: [0] 08 [0] 09 [0] 10 [0] 11 [0] 12 [0] 13 [0] 14 [0] 15 
Oct 19 16:54:25 ubuntu kernel: [    0.000000] pcpu-alloc: [0] 16 [0] 17 [0] 18 [0] 19 [0] 20 [0] 21 [0] 22 [0] 23 
Oct 19 16:54:25 ubuntu kernel: [    0.000000] pcpu-alloc: [0] 24 [0] 25 [0] 26 [0] 27 [0] 28 [0] 29 [0] 30 [0] 31 
Oct 19 16:54:25 ubuntu kernel: [    0.000000] Detected VIPT I-cache on CPU0
Oct 19 16:54:25 ubuntu kernel: [    0.000000] CPU features: detected: GIC system register CPU interface
Oct 19 16:54:25 ubuntu kernel: [    0.000000] CPU features: detected: Hardware dirty bit management
Oct 19 16:54:25 ubuntu systemd[1]: Starting Network Time Synchronization...
Oct 19 16:54:25 ubuntu kernel: [    0.000000] Built 1 zonelists, mobility grouping on.  Total pages: 5140480
Oct 19 16:54:25 ubuntu kernel: [    0.000000] Policy zone: Normal
Oct 19 16:54:25 ubuntu kernel: [    0.000000] Kernel command line: BOOT_IMAGE=/boot/vmlinuz-5.7.1 root=/dev/mapper/ubuntu--vg-root ro
Oct 19 16:54:25 ubuntu kernel: [    0.000000] Dentry cache hash table entries: 4194304 (order: 13, 33554432 bytes, linear)
Oct 19 16:54:25 ubuntu kernel: [    0.000000] Inode-cache hash table entries: 2097152 (order: 12, 16777216 bytes, linear)
Oct 19 16:54:25 ubuntu systemd[1]: Starting Update UTMP about System Boot/Shutdown...
Oct 19 16:54:25 ubuntu kernel: [    0.000000] mem auto-init: stack:off, heap alloc:on, heap free:off
Oct 19 16:54:25 ubuntu systemd[1]: Started ebtables ruleset management.
Oct 19 16:54:25 ubuntu kernel: [    0.000000] software IO TLB: mapped [mem 0x7bfff000-0x7ffff000] (64MB)
Oct 19 16:54:25 ubuntu systemd[1]: Reached target Network (Pre).
Oct 19 16:54:25 ubuntu kernel: [    0.000000] Memory: 20269608K/20971520K available (14204K kernel code, 2354K rwdata, 6868K rodata, 7040K init, 1132K bss, 669144K reserved, 32768K cma-reserved)
Oct 19 16:54:25 ubuntu systemd[1]: Starting Network Service...
Oct 19 16:54:25 ubuntu kernel: [    0.000000] random: get_random_u64 called from __kmem_cache_create+0x54/0x5d8 with crng_init=0
Oct 19 16:54:25 ubuntu kernel: [    0.000000] SLUB: HWalign=64, Order=0-3, MinObjects=0, CPUs=32, Nodes=1
Oct 19 16:54:25 ubuntu kernel: [    0.000000] ftrace: allocating 46104 entries in 181 pages
Oct 19 16:54:25 ubuntu systemd[1]: Started Update UTMP about System Boot/Shutdown.
Oct 19 16:54:25 ubuntu kernel: [    0.000000] ftrace: allocated 181 pages with 5 groups
Oct 19 16:54:25 ubuntu kernel: [    0.000000] rcu: Hierarchical RCU implementation.
Oct 19 16:54:25 ubuntu kernel: [    0.000000] rcu: 	RCU restricting CPUs from NR_CPUS=256 to nr_cpu_ids=32.
Oct 19 16:54:25 ubuntu kernel: [    0.000000] 	Tasks RCU enabled.
Oct 19 16:54:25 ubuntu kernel: [    0.000000] rcu: RCU calculated value of scheduler-enlistment delay is 25 jiffies.
Oct 19 16:54:25 ubuntu systemd[1]: Started Network Time Synchronization.
Oct 19 16:54:25 ubuntu kernel: [    0.000000] rcu: Adjusting geometry for rcu_fanout_leaf=16, nr_cpu_ids=32
Oct 19 16:54:25 ubuntu kernel: [    0.000000] NR_IRQS: 64, nr_irqs: 64, preallocated irqs: 0
Oct 19 16:54:25 ubuntu kernel: [    0.000000] GICv3: 256 SPIs implemented
Oct 19 16:54:25 ubuntu systemd[1]: Reached target System Time Synchronized.
Oct 19 16:54:25 ubuntu kernel: [    0.000000] GICv3: 0 Extended SPIs implemented
Oct 19 16:54:25 ubuntu kernel: [    0.000000] GICv3: Distributor has no Range Selector support
Oct 19 16:54:25 ubuntu kernel: [    0.000000] GICv3: 16 PPIs implemented
Oct 19 16:54:25 ubuntu kernel: [    0.000000] GICv3: CPU0: found redistributor 0 region 0:0x00000000080a0000
Oct 19 16:54:25 ubuntu kernel: [    0.000000] ACPI: SRAT not present
Oct 19 16:54:25 ubuntu systemd-networkd[1076]: Enumeration completed
Oct 19 16:54:25 ubuntu kernel: [    0.000000] ITS [mem 0x08080000-0x0809ffff]
Oct 19 16:54:25 ubuntu systemd[1]: Started Network Service.
Oct 19 16:54:25 ubuntu kernel: [    0.000000] ITS@0x0000000008080000: allocated 8192 Devices @53ca00000 (indirect, esz 8, psz 64K, shr 1)
Oct 19 16:54:25 ubuntu systemd-networkd[1076]: lo: Link is not managed by us
Oct 19 16:54:25 ubuntu kernel: [    0.000000] ITS@0x0000000008080000: allocated 8192 Interrupt Collections @53ca10000 (flat, esz 8, psz 64K, shr 1)
Oct 19 16:54:25 ubuntu kernel: [    0.000000] GICv3: using LPI property table @0x000000053ca20000
Oct 19 16:54:25 ubuntu kernel: [    0.000000] GICv3: CPU0: using allocated LPI pending table @0x000000053ca30000
Oct 19 16:54:25 ubuntu kernel: [    0.000000] arch_timer: cp15 timer(s) running at 100.00MHz (virt).
Oct 19 16:54:25 ubuntu systemd[1]: Starting Wait for Network to be Configured...
Oct 19 16:54:25 ubuntu kernel: [    0.000000] clocksource: arch_sys_counter: mask: 0xffffffffffffff max_cycles: 0x171024e7e0, max_idle_ns: 440795205315 ns
Oct 19 16:54:25 ubuntu apparmor[1038]: Skipping profile in /etc/apparmor.d/disable: usr.sbin.rsyslogd
Oct 19 16:54:25 ubuntu kernel: [    0.000002] sched_clock: 56 bits at 100MHz, resolution 10ns, wraps every 4398046511100ns
Oct 19 16:54:25 ubuntu kernel: [    0.000227] Console: colour dummy device 80x25
Oct 19 16:54:25 ubuntu kernel: [    0.000296] ACPI: Core revision 20200326
Oct 19 16:54:25 ubuntu kernel: [    0.000422] Calibrating delay loop (skipped), value calculated using timer frequency.. 200.00 BogoMIPS (lpj=400000)
Oct 19 16:54:25 ubuntu kernel: [    0.000425] pid_max: default: 32768 minimum: 301
Oct 19 16:54:25 ubuntu kernel: [    0.000497] LSM: Security Framework initializing
Oct 19 16:54:25 ubuntu kernel: [    0.000525] Yama: becoming mindful.
Oct 19 16:54:25 ubuntu kernel: [    0.000680] AppArmor: AppArmor initialized
Oct 19 16:54:25 ubuntu systemd[1]: Starting Network Name Resolution...
Oct 19 16:54:25 ubuntu kernel: [    0.001034] Mount-cache hash table entries: 65536 (order: 7, 524288 bytes, linear)
Oct 19 16:54:25 ubuntu kernel: [    0.001306] Mountpoint-cache hash table entries: 65536 (order: 7, 524288 bytes, linear)
Oct 19 16:54:25 ubuntu kernel: [    0.002885] ACPI PPTT: No PPTT table found, CPU and cache topology may be inaccurate
Oct 19 16:54:25 ubuntu kernel: [    0.003210] rcu: Hierarchical SRCU implementation.
Oct 19 16:54:25 ubuntu apparmor[1038]:    ...done.
Oct 19 16:54:25 ubuntu kernel: [    0.003897] Platform MSI: ITS@0x8080000 domain created
Oct 19 16:54:25 ubuntu systemd[1]: Started AppArmor initialization.
Oct 19 16:54:25 ubuntu kernel: [    0.003913] PCI/MSI: ITS@0x8080000 domain created
Oct 19 16:54:25 ubuntu systemd[1]: Reached target System Initialization.
Oct 19 16:54:25 ubuntu systemd[1]: Started ACPI Events Check.
Oct 19 16:54:25 ubuntu kernel: [    0.003966] Remapping and enabling EFI services.
Oct 19 16:54:25 ubuntu systemd[1]: Started Daily apt download activities.
Oct 19 16:54:25 ubuntu kernel: [    0.005183] smp: Bringing up secondary CPUs ...
Oct 19 16:54:25 ubuntu systemd[1]: Started Daily Cleanup of Temporary Directories.
Oct 19 16:54:25 ubuntu kernel: [    0.121124] Detected VIPT I-cache on CPU1
Oct 19 16:54:25 ubuntu kernel: [    0.121139] GICv3: CPU1: found redistributor 1 region 0:0x00000000080c0000
Oct 19 16:54:25 ubuntu kernel: [    0.121313] GICv3: CPU1: using allocated LPI pending table @0x000000053ca40000
Oct 19 16:54:25 ubuntu kernel: [    0.121342] CPU1: Booted secondary processor 0x0000000001 [0x481fd010]
Oct 19 16:54:25 ubuntu systemd[1]: Started Daily apt upgrade and clean activities.
Oct 19 16:54:25 ubuntu kernel: [    0.225834] Detected VIPT I-cache on CPU2
Oct 19 16:54:25 ubuntu kernel: [    0.225879] GICv3: CPU2: found redistributor 2 region 0:0x00000000080e0000
Oct 19 16:54:25 ubuntu systemd[1]: Starting LXD - unix socket.
Oct 19 16:54:25 ubuntu systemd[1]: Started Message of the Day.
Oct 19 16:54:25 ubuntu systemd[1]: Listening on ACPID Listen Socket.
Oct 19 16:54:25 ubuntu systemd-networkd[1076]: enp1s0: Gained carrier
Oct 19 16:54:25 ubuntu systemd-timesyncd[1058]: Network configuration changed, trying to establish connection.
Oct 19 16:54:25 ubuntu systemd[1]: Starting Socket activation for snappy daemon.
Oct 19 16:54:25 ubuntu systemd[1]: Listening on Open-iSCSI iscsid Socket.
Oct 19 16:54:25 ubuntu systemd[1]: Listening on UUID daemon activation socket.
Oct 19 16:54:25 ubuntu systemd[1]: Listening on D-Bus System Message Bus Socket.
Oct 19 16:54:25 ubuntu systemd[1]: Reached target Paths.
Oct 19 16:54:25 ubuntu kernel: [    0.226313] GICv3: CPU2: using allocated LPI pending table @0x000000053ca50000
Oct 19 16:54:25 ubuntu systemd[1]: Started Discard unused blocks once a week.
Oct 19 16:54:25 ubuntu kernel: [    0.226394] CPU2: Booted secondary processor 0x0000000002 [0x481fd010]
Oct 19 16:54:25 ubuntu systemd[1]: Reached target Timers.
Oct 19 16:54:25 ubuntu kernel: [    0.350770] Detected VIPT I-cache on CPU3
Oct 19 16:54:25 ubuntu kernel: [    0.350793] GICv3: CPU3: found redistributor 3 region 0:0x0000000008100000
Oct 19 16:54:25 ubuntu systemd[1]: Listening on LXD - unix socket.
Oct 19 16:54:25 ubuntu kernel: [    0.351013] GICv3: CPU3: using allocated LPI pending table @0x000000053ca60000
Oct 19 16:54:25 ubuntu systemd[1]: Listening on Socket activation for snappy daemon.
Oct 19 16:54:25 ubuntu kernel: [    0.351049] CPU3: Booted secondary processor 0x0000000003 [0x481fd010]
Oct 19 16:54:25 ubuntu kernel: [    0.455122] Detected VIPT I-cache on CPU4
Oct 19 16:54:25 ubuntu kernel: [    0.455143] GICv3: CPU4: found redistributor 4 region 0:0x0000000008120000
Oct 19 16:54:25 ubuntu kernel: [    0.455339] GICv3: CPU4: using allocated LPI pending table @0x000000053ca70000
Oct 19 16:54:25 ubuntu kernel: [    0.455374] CPU4: Booted secondary processor 0x0000000004 [0x481fd010]
Oct 19 16:54:25 ubuntu systemd[1]: Reached target Sockets.
Oct 19 16:54:25 ubuntu kernel: [    0.740107] Detected VIPT I-cache on CPU5
Oct 19 16:54:25 ubuntu kernel: [    0.740150] GICv3: CPU5: found redistributor 5 region 0:0x0000000008140000
Oct 19 16:54:25 ubuntu kernel: [    0.740407] GICv3: CPU5: using allocated LPI pending table @0x000000053ca80000
Oct 19 16:54:25 ubuntu kernel: [    0.740464] CPU5: Booted secondary processor 0x0000000005 [0x481fd010]
Oct 19 16:54:25 ubuntu systemd-resolved[1109]: Positive Trust Anchors:
Oct 19 16:54:25 ubuntu kernel: [    1.028769] Detected VIPT I-cache on CPU6
Oct 19 16:54:25 ubuntu kernel: [    1.028818] GICv3: CPU6: found redistributor 6 region 0:0x0000000008160000
Oct 19 16:54:25 ubuntu kernel: [    1.029041] GICv3: CPU6: using allocated LPI pending table @0x000000053ca90000
Oct 19 16:54:25 ubuntu kernel: [    1.029074] CPU6: Booted secondary processor 0x0000000006 [0x481fd010]
Oct 19 16:54:25 ubuntu kernel: [    1.300490] Detected VIPT I-cache on CPU7
Oct 19 16:54:25 ubuntu kernel: [    1.300536] GICv3: CPU7: found redistributor 7 region 0:0x0000000008180000
Oct 19 16:54:25 ubuntu kernel: [    1.300776] GICv3: CPU7: using allocated LPI pending table @0x000000053caa0000
Oct 19 16:54:25 ubuntu kernel: [    1.300815] CPU7: Booted secondary processor 0x0000000007 [0x481fd010]
Oct 19 16:54:25 ubuntu kernel: [    1.405828] Detected VIPT I-cache on CPU8
Oct 19 16:54:25 ubuntu systemd[1]: Reached target Basic System.
Oct 19 16:54:25 ubuntu kernel: [    1.405883] GICv3: CPU8: found redistributor 8 region 0:0x00000000081a0000
Oct 19 16:54:25 ubuntu systemd-resolved[1109]: . IN DS 19036 8 2 49aac11d7b6f6446702e54a1607371607a1a41855200fd2ce1cdde32f24e8fb5
Oct 19 16:54:25 ubuntu kernel: [    1.406193] GICv3: CPU8: using allocated LPI pending table @0x000000053cab0000
Oct 19 16:54:25 ubuntu kernel: [    1.406252] CPU8: Booted secondary processor 0x0000000008 [0x481fd010]
Oct 19 16:54:25 ubuntu kernel: [    1.681426] Detected VIPT I-cache on CPU9
Oct 19 16:54:25 ubuntu kernel: [    1.681465] GICv3: CPU9: found redistributor 9 region 0:0x00000000081c0000
Oct 19 16:54:25 ubuntu systemd-resolved[1109]: . IN DS 20326 8 2 e06d44b80b8f1d39a95c0b0d7c65d08458e880409bbc683457104237c7f8ec8d
Oct 19 16:54:25 ubuntu kernel: [    1.681705] GICv3: CPU9: using allocated LPI pending table @0x000000053cac0000
Oct 19 16:54:25 ubuntu kernel: [    1.681729] CPU9: Booted secondary processor 0x0000000009 [0x481fd010]
Oct 19 16:54:25 ubuntu kernel: [    1.958848] Detected VIPT I-cache on CPU10
Oct 19 16:54:25 ubuntu systemd-resolved[1109]: Negative trust anchors: 10.in-addr.arpa 16.172.in-addr.arpa 17.172.in-addr.arpa 18.172.in-addr.arpa 19.172.in-addr.arpa 20.172.in-addr.arpa 21.172.in-addr.arpa 22.172.in-addr.arpa 23.172.in-addr.arpa 24.172.in-addr.arpa 25.172.in-addr.arpa 26.172.in-addr.arpa 27.172.in-addr.arpa 28.172.in-addr.arpa 29.172.in-addr.arpa 30.172.in-addr.arpa 31.172.in-addr.arpa 168.192.in-addr.arpa d.f.ip6.arpa corp home internal intranet lan local private test
Oct 19 16:54:25 ubuntu kernel: [    1.958909] GICv3: CPU10: found redistributor a region 0:0x00000000081e0000
Oct 19 16:54:25 ubuntu kernel: [    1.959222] GICv3: CPU10: using allocated LPI pending table @0x000000053cad0000
Oct 19 16:54:25 ubuntu kernel: [    1.959284] CPU10: Booted secondary processor 0x000000000a [0x481fd010]
Oct 19 16:54:25 ubuntu systemd-resolved[1109]: Using system hostname 'ubuntu'.
Oct 19 16:54:25 ubuntu kernel: [    2.235457] Detected VIPT I-cache on CPU11
Oct 19 16:54:25 ubuntu systemd[1]: Starting Accounts Service...
Oct 19 16:54:25 ubuntu kernel: [    2.235491] GICv3: CPU11: found redistributor b region 0:0x0000000008200000
Oct 19 16:54:25 ubuntu kernel: [    2.235742] GICv3: CPU11: using allocated LPI pending table @0x000000053cae0000
Oct 19 16:54:25 ubuntu kernel: [    2.235776] CPU11: Booted secondary processor 0x000000000b [0x481fd010]
Oct 19 16:54:25 ubuntu kernel: [    2.474742] Detected VIPT I-cache on CPU12
Oct 19 16:54:25 ubuntu kernel: [    2.474822] GICv3: CPU12: found redistributor c region 0:0x0000000008220000
Oct 19 16:54:25 ubuntu kernel: [    2.475104] GICv3: CPU12: using allocated LPI pending table @0x000000053caf0000
Oct 19 16:54:25 ubuntu kernel: [    2.475160] CPU12: Booted secondary processor 0x000000000c [0x481fd010]
Oct 19 16:54:25 ubuntu kernel: [    2.584986] Detected VIPT I-cache on CPU13
Oct 19 16:54:25 ubuntu kernel: [    2.585027] GICv3: CPU13: found redistributor d region 0:0x0000000008240000
Oct 19 16:54:25 ubuntu systemd[1]: Starting LSB: Record successful boot for GRUB...
Oct 19 16:54:25 ubuntu kernel: [    2.585263] GICv3: CPU13: using allocated LPI pending table @0x000000053cb00000
Oct 19 16:54:25 ubuntu kernel: [    2.585303] CPU13: Booted secondary processor 0x000000000d [0x481fd010]
Oct 19 16:54:25 ubuntu kernel: [    2.860389] Detected VIPT I-cache on CPU14
Oct 19 16:54:25 ubuntu systemd[1]: Started Regular background program processing daemon.
Oct 19 16:54:25 ubuntu kernel: [    2.860448] GICv3: CPU14: found redistributor e region 0:0x0000000008260000
Oct 19 16:54:25 ubuntu kernel: [    2.860675] GICv3: CPU14: using allocated LPI pending table @0x000000053cb10000
Oct 19 16:54:25 ubuntu systemd[1]: Started D-Bus System Message Bus.
Oct 19 16:54:25 ubuntu kernel: [    2.860713] CPU14: Booted secondary processor 0x000000000e [0x481fd010]
Oct 19 16:54:25 ubuntu kernel: [    3.138015] Detected VIPT I-cache on CPU15
Oct 19 16:54:25 ubuntu kernel: [    3.138065] GICv3: CPU15: found redistributor f region 0:0x0000000008280000
Oct 19 16:54:25 ubuntu cron[1116]: (CRON) INFO (pidfile fd = 3)
Oct 19 16:54:25 ubuntu kernel: [    3.138354] GICv3: CPU15: using allocated LPI pending table @0x000000053cb20000
Oct 19 16:54:25 ubuntu kernel: [    3.138397] CPU15: Booted secondary processor 0x000000000f [0x481fd010]
Oct 19 16:54:25 ubuntu cron[1116]: (CRON) INFO (Running @reboot jobs)
Oct 19 16:54:25 ubuntu kernel: [    3.413944] Detected VIPT I-cache on CPU16
Oct 19 16:54:25 ubuntu kernel: [    3.413986] GICv3: CPU16: found redistributor 100 region 0:0x00000000082a0000
Oct 19 16:54:25 ubuntu systemd[1]: Started FUSE filesystem for LXC.
Oct 19 16:54:25 ubuntu kernel: [    3.414233] GICv3: CPU16: using allocated LPI pending table @0x000000053cb30000
Oct 19 16:54:25 ubuntu systemd[1]: Starting Dispatcher daemon for systemd-networkd...
Oct 19 16:54:25 ubuntu kernel: [    3.414276] CPU16: Booted secondary processor 0x0000000100 [0x481fd010]
Oct 19 16:54:25 ubuntu kernel: [    3.694131] Detected VIPT I-cache on CPU17
Oct 19 16:54:25 ubuntu kernel: [    3.694189] GICv3: CPU17: found redistributor 101 region 0:0x00000000082c0000
Oct 19 16:54:25 ubuntu systemd[1]: Starting Snappy daemon...
Oct 19 16:54:25 ubuntu kernel: [    3.694450] GICv3: CPU17: using allocated LPI pending table @0x000000053cb40000
Oct 19 16:54:25 ubuntu kernel: [    3.694489] CPU17: Booted secondary processor 0x0000000101 [0x481fd010]
Oct 19 16:54:25 ubuntu kernel: [    3.973095] Detected VIPT I-cache on CPU18
Oct 19 16:54:25 ubuntu lxcfs[1125]: mount namespace: 5
Oct 19 16:54:25 ubuntu kernel: [    3.973163] GICv3: CPU18: found redistributor 102 region 0:0x00000000082e0000
Oct 19 16:54:25 ubuntu lxcfs[1125]: hierarchies:
Oct 19 16:54:25 ubuntu kernel: [    3.973452] GICv3: CPU18: using allocated LPI pending table @0x000000053cb50000
Oct 19 16:54:25 ubuntu kernel: [    3.973487] CPU18: Booted secondary processor 0x0000000102 [0x481fd010]
Oct 19 16:54:25 ubuntu kernel: [    4.079427] Detected VIPT I-cache on CPU19
Oct 19 16:54:25 ubuntu lxcfs[1125]:   0: fd:   6: devices
Oct 19 16:54:25 ubuntu kernel: [    4.079528] GICv3: CPU19: found redistributor 103 region 0:0x0000000008300000
Oct 19 16:54:25 ubuntu kernel: [    4.079897] GICv3: CPU19: using allocated LPI pending table @0x000000053cb60000
Oct 19 16:54:25 ubuntu kernel: [    4.079970] CPU19: Booted secondary processor 0x0000000103 [0x481fd010]
Oct 19 16:54:25 ubuntu kernel: [    4.356777] Detected VIPT I-cache on CPU20
Oct 19 16:54:25 ubuntu kernel: [    4.356848] GICv3: CPU20: found redistributor 104 region 0:0x0000000008320000
Oct 19 16:54:25 ubuntu lxcfs[1125]:   1: fd:   7: blkio
Oct 19 16:54:25 ubuntu kernel: [    4.357073] GICv3: CPU20: using allocated LPI pending table @0x000000053cb70000
Oct 19 16:54:25 ubuntu kernel: [    4.357115] CPU20: Booted secondary processor 0x0000000104 [0x481fd010]
Oct 19 16:54:25 ubuntu lxcfs[1125]:   2: fd:   8: memory
Oct 19 16:54:25 ubuntu kernel: [    4.464268] Detected VIPT I-cache on CPU21
Oct 19 16:54:25 ubuntu kernel: [    4.464376] GICv3: CPU21: found redistributor 105 region 0:0x0000000008340000
Oct 19 16:54:25 ubuntu lxcfs[1125]:   3: fd:   9: hugetlb
Oct 19 16:54:25 ubuntu kernel: [    4.464714] GICv3: CPU21: using allocated LPI pending table @0x000000053cb80000
Oct 19 16:54:25 ubuntu kernel: [    4.464785] CPU21: Booted secondary processor 0x0000000105 [0x481fd010]
Oct 19 16:54:25 ubuntu kernel: [    4.575969] Detected VIPT I-cache on CPU22
Oct 19 16:54:25 ubuntu kernel: [    4.576028] GICv3: CPU22: found redistributor 106 region 0:0x0000000008360000
Oct 19 16:54:25 ubuntu lxcfs[1125]:   4: fd:  10: net_cls,net_prio
Oct 19 16:54:25 ubuntu kernel: [    4.576228] GICv3: CPU22: using allocated LPI pending table @0x000000053cb90000
Oct 19 16:54:25 ubuntu kernel: [    4.576273] CPU22: Booted secondary processor 0x0000000106 [0x481fd010]
Oct 19 16:54:25 ubuntu kernel: [    4.858011] Detected VIPT I-cache on CPU23
Oct 19 16:54:25 ubuntu kernel: [    4.858083] GICv3: CPU23: found redistributor 107 region 0:0x0000000008380000
Oct 19 16:54:25 ubuntu kernel: [    4.858361] GICv3: CPU23: using allocated LPI pending table @0x000000053cba0000
Oct 19 16:54:25 ubuntu kernel: [    4.858402] CPU23: Booted secondary processor 0x0000000107 [0x481fd010]
Oct 19 16:54:25 ubuntu kernel: [    5.138967] Detected VIPT I-cache on CPU24
Oct 19 16:54:25 ubuntu kernel: [    5.139021] GICv3: CPU24: found redistributor 108 region 0:0x00000000083a0000
Oct 19 16:54:25 ubuntu kernel: [    5.139224] GICv3: CPU24: using allocated LPI pending table @0x000000053cbb0000
Oct 19 16:54:25 ubuntu kernel: [    5.139261] CPU24: Booted secondary processor 0x0000000108 [0x481fd010]
Oct 19 16:54:25 ubuntu kernel: [    5.247048] Detected VIPT I-cache on CPU25
Oct 19 16:54:25 ubuntu kernel: [    5.247175] GICv3: CPU25: found redistributor 109 region 0:0x00000000083c0000
Oct 19 16:54:25 ubuntu kernel: [    5.247558] GICv3: CPU25: using allocated LPI pending table @0x000000053cbc0000
Oct 19 16:54:25 ubuntu lxcfs[1125]:   5: fd:  11: freezer
Oct 19 16:54:25 ubuntu kernel: [    5.247629] CPU25: Booted secondary processor 0x0000000109 [0x481fd010]
Oct 19 16:54:25 ubuntu kernel: [    5.527244] Detected VIPT I-cache on CPU26
Oct 19 16:54:25 ubuntu lxcfs[1125]:   6: fd:  12: rdma
Oct 19 16:54:25 ubuntu kernel: [    5.527305] GICv3: CPU26: found redistributor 10a region 0:0x00000000083e0000
Oct 19 16:54:25 ubuntu lxcfs[1125]:   7: fd:  13: pids
Oct 19 16:54:25 ubuntu kernel: [    5.527527] GICv3: CPU26: using allocated LPI pending table @0x000000053cbd0000
Oct 19 16:54:25 ubuntu kernel: [    5.527574] CPU26: Booted secondary processor 0x000000010a [0x481fd010]
Oct 19 16:54:25 ubuntu kernel: [    5.634747] Detected VIPT I-cache on CPU27
Oct 19 16:54:25 ubuntu kernel: [    5.634881] GICv3: CPU27: found redistributor 10b region 0:0x0000000008400000
Oct 19 16:54:25 ubuntu lxcfs[1125]:   8: fd:  14: cpuset
Oct 19 16:54:25 ubuntu lxcfs[1125]:   9: fd:  15: cpu,cpuacct
Oct 19 16:54:25 ubuntu kernel: [    5.635250] GICv3: CPU27: using allocated LPI pending table @0x000000053cbe0000
Oct 19 16:54:25 ubuntu lxcfs[1125]:  10: fd:  16: perf_event
Oct 19 16:54:25 ubuntu kernel: [    5.635320] CPU27: Booted secondary processor 0x000000010b [0x481fd010]
Oct 19 16:54:25 ubuntu kernel: [    5.919421] Detected VIPT I-cache on CPU28
Oct 19 16:54:25 ubuntu lxcfs[1125]:  11: fd:  17: name=systemd
Oct 19 16:54:25 ubuntu kernel: [    5.919501] GICv3: CPU28: found redistributor 10c region 0:0x0000000008420000
Oct 19 16:54:25 ubuntu kernel: [    5.919778] GICv3: CPU28: using allocated LPI pending table @0x000000053cbf0000
Oct 19 16:54:25 ubuntu lxcfs[1125]:  12: fd:  18: unified
Oct 19 16:54:25 ubuntu kernel: [    5.919819] CPU28: Booted secondary processor 0x000000010c [0x481fd010]
Oct 19 16:54:25 ubuntu kernel: [    6.202088] Detected VIPT I-cache on CPU29
Oct 19 16:54:25 ubuntu kernel: [    6.202172] GICv3: CPU29: found redistributor 10d region 0:0x0000000008440000
Oct 19 16:54:25 ubuntu kernel: [    6.202424] GICv3: CPU29: using allocated LPI pending table @0x000000051f800000
Oct 19 16:54:25 ubuntu dbus-daemon[1121]: [system] Activating via systemd: service name='org.freedesktop.PolicyKit1' unit='polkit.service' requested by ':1.3' (uid=0 pid=1114 comm="/usr/lib/accountsservice/accounts-daemon ")
Oct 19 16:54:25 ubuntu systemd[1]: Starting System Logging Service...
Oct 19 16:54:25 ubuntu systemd[1]: Started irqbalance daemon.
Oct 19 16:54:25 ubuntu systemd[1]: Started Deferred execution scheduler.
Oct 19 16:54:25 ubuntu systemd[1]: Starting Login Service...
Oct 19 16:54:25 ubuntu kernel: [    6.202470] CPU29: Booted secondary processor 0x000000010d [0x481fd010]
Oct 19 16:54:25 ubuntu kernel: [    6.311022] Detected VIPT I-cache on CPU30
Oct 19 16:54:25 ubuntu kernel: [    6.311168] GICv3: CPU30: found redistributor 10e region 0:0x0000000008460000
Oct 19 16:54:25 ubuntu kernel: [    6.311542] GICv3: CPU30: using allocated LPI pending table @0x000000051f810000
Oct 19 16:54:25 ubuntu kernel: [    6.311615] CPU30: Booted secondary processor 0x000000010e [0x481fd010]
Oct 19 16:54:25 ubuntu kernel: [    6.598220] Detected VIPT I-cache on CPU31
Oct 19 16:54:25 ubuntu kernel: [    6.598308] GICv3: CPU31: found redistributor 10f region 0:0x0000000008480000
Oct 19 16:54:25 ubuntu kernel: [    6.598655] GICv3: CPU31: using allocated LPI pending table @0x000000051f820000
Oct 19 16:54:25 ubuntu kernel: [    6.598700] CPU31: Booted secondary processor 0x000000010f [0x481fd010]
Oct 19 16:54:25 ubuntu kernel: [    6.598945] smp: Brought up 1 node, 32 CPUs
Oct 19 16:54:25 ubuntu kernel: [    6.599067] SMP: Total of 32 processors activated.
Oct 19 16:54:25 ubuntu kernel: [    6.599073] CPU features: detected: Privileged Access Never
Oct 19 16:54:25 ubuntu kernel: [    6.599075] CPU features: detected: LSE atomic instructions
Oct 19 16:54:25 ubuntu kernel: [    6.599078] CPU features: detected: User Access Override
Oct 19 16:54:25 ubuntu kernel: [    6.599083] CPU features: detected: Common not Private translations
Oct 19 16:54:25 ubuntu kernel: [    6.599085] CPU features: detected: Data cache clean to Point of Persistence
Oct 19 16:54:25 ubuntu kernel: [    6.599088] CPU features: detected: RAS Extension Support
Oct 19 16:54:25 ubuntu kernel: [    6.599091] CPU features: detected: CRC32 instructions
Oct 19 16:54:25 ubuntu kernel: [    6.720000] CPU: All CPU(s) started at EL1
Oct 19 16:54:25 ubuntu kernel: [    6.720391] alternatives: patching kernel code
Oct 19 16:54:25 ubuntu kernel: [    6.726221] devtmpfs: initialized
Oct 19 16:54:25 ubuntu kernel: [    6.727687] Registered cp15_barrier emulation handler
Oct 19 16:54:25 ubuntu kernel: [    6.727855] Registered setend emulation handler
Oct 19 16:54:25 ubuntu kernel: [    6.727860] KASLR disabled due to lack of seed
Oct 19 16:54:25 ubuntu kernel: [    6.728606] clocksource: jiffies: mask: 0xffffffff max_cycles: 0xffffffff, max_idle_ns: 7645041785100000 ns
Oct 19 16:54:25 ubuntu kernel: [    6.728930] futex hash table entries: 8192 (order: 7, 524288 bytes, linear)
Oct 19 16:54:25 ubuntu kernel: [    6.730019] pinctrl core: initialized pinctrl subsystem
Oct 19 16:54:25 ubuntu kernel: [    6.730631] thermal_sys: Registered thermal governor 'fair_share'
Oct 19 16:54:25 ubuntu kernel: [    6.730632] thermal_sys: Registered thermal governor 'bang_bang'
Oct 19 16:54:25 ubuntu kernel: [    6.730634] thermal_sys: Registered thermal governor 'step_wise'
Oct 19 16:54:25 ubuntu kernel: [    6.730635] thermal_sys: Registered thermal governor 'user_space'
Oct 19 16:54:25 ubuntu kernel: [    6.730746] SMBIOS 3.0.0 present.
Oct 19 16:54:25 ubuntu kernel: [    6.730751] DMI: QEMU KVM Virtual Machine, BIOS 0.0.0 02/06/2015
Oct 19 16:54:25 ubuntu kernel: [    6.731500] NET: Registered protocol family 16
Oct 19 16:54:25 ubuntu kernel: [    6.733663] DMA: preallocated 256 KiB pool for atomic allocations
Oct 19 16:54:25 ubuntu kernel: [    6.733669] audit: initializing netlink subsys (disabled)
Oct 19 16:54:25 ubuntu kernel: [    6.734102] audit: type=2000 audit(6.416:1): state=initialized audit_enabled=0 res=1
Oct 19 16:54:25 ubuntu kernel: [    6.734508] cpuidle: using governor ladder
Oct 19 16:54:25 ubuntu kernel: [    6.734539] cpuidle: using governor menu
Oct 19 16:54:25 ubuntu kernel: [    6.734625] hw-breakpoint: found 6 breakpoint and 4 watchpoint registers.
Oct 19 16:54:25 ubuntu kernel: [    6.736807] ASID allocator initialised with 65536 entries
Oct 19 16:54:25 ubuntu kernel: [    6.736953] ACPI: bus type PCI registered
Oct 19 16:54:25 ubuntu kernel: [    6.736966] acpiphp: ACPI Hot Plug PCI Controller Driver version: 0.5
Oct 19 16:54:25 ubuntu kernel: [    6.737214] Serial: AMBA PL011 UART driver
Oct 19 16:54:25 ubuntu kernel: [    6.741243] HugeTLB registered 1.00 GiB page size, pre-allocated 0 pages
Oct 19 16:54:25 ubuntu kernel: [    6.741246] HugeTLB registered 32.0 MiB page size, pre-allocated 0 pages
Oct 19 16:54:25 ubuntu kernel: [    6.741248] HugeTLB registered 2.00 MiB page size, pre-allocated 0 pages
Oct 19 16:54:25 ubuntu kernel: [    6.741249] HugeTLB registered 64.0 KiB page size, pre-allocated 0 pages
Oct 19 16:54:25 ubuntu kernel: [    6.758560] ACPI: Added _OSI(Module Device)
Oct 19 16:54:25 ubuntu kernel: [    6.758562] ACPI: Added _OSI(Processor Device)
Oct 19 16:54:25 ubuntu kernel: [    6.758564] ACPI: Added _OSI(3.0 _SCP Extensions)
Oct 19 16:54:25 ubuntu kernel: [    6.758565] ACPI: Added _OSI(Processor Aggregator Device)
Oct 19 16:54:25 ubuntu kernel: [    6.758567] ACPI: Added _OSI(Linux-Dell-Video)
Oct 19 16:54:25 ubuntu kernel: [    6.758569] ACPI: Added _OSI(Linux-Lenovo-NV-HDMI-Audio)
Oct 19 16:54:25 ubuntu kernel: [    6.758570] ACPI: Added _OSI(Linux-HPI-Hybrid-Graphics)
Oct 19 16:54:25 ubuntu kernel: [    6.759387] ACPI: 1 ACPI AML tables successfully acquired and loaded
Oct 19 16:54:25 ubuntu kernel: [    6.759883] ACPI: Interpreter enabled
Oct 19 16:54:25 ubuntu kernel: [    6.759885] ACPI: Using GIC for interrupt routing
Oct 19 16:54:25 ubuntu kernel: [    6.759906] ACPI: MCFG table detected, 1 entries
Oct 19 16:54:25 ubuntu kernel: [    6.764105] ARMH0011:00: ttyAMA0 at MMIO 0x9000000 (irq = 4, base_baud = 0) is a SBSA
Oct 19 16:54:25 ubuntu kernel: [    6.919805] printk: console [ttyAMA0] enabled
Oct 19 16:54:25 ubuntu kernel: [    6.922273] ACPI: PCI Root Bridge [PCI0] (domain 0000 [bus 00-0f])
Oct 19 16:54:25 ubuntu kernel: [    6.922931] acpi PNP0A08:00: _OSC: OS supports [ExtendedConfig ASPM ClockPM Segments MSI HPX-Type3]
Oct 19 16:54:25 ubuntu kernel: [    6.923960] acpi PNP0A08:00: _OSC: platform does not support [SHPCHotplug LTR]
Oct 19 16:54:25 ubuntu kernel: [    6.924798] acpi PNP0A08:00: _OSC: OS now controls [PCIeHotplug PME AER PCIeCapability]
Oct 19 16:54:25 ubuntu kernel: [    6.925885] acpi PNP0A08:00: ECAM area [mem 0x3f000000-0x3fffffff] reserved by PNP0C02:00
Oct 19 16:54:25 ubuntu kernel: [    6.926694] acpi PNP0A08:00: ECAM at [mem 0x3f000000-0x3fffffff] for [bus 00-0f]
Oct 19 16:54:25 ubuntu kernel: [    6.927456] Remapped I/O 0x000000003eff0000 to [io  0x0000-0xffff window]
Oct 19 16:54:25 ubuntu kernel: [    6.928331] PCI host bridge to bus 0000:00
Oct 19 16:54:25 ubuntu kernel: [    6.928729] pci_bus 0000:00: root bus resource [mem 0x10000000-0x3efeffff window]
Oct 19 16:54:25 ubuntu kernel: [    6.929447] pci_bus 0000:00: root bus resource [io  0x0000-0xffff window]
Oct 19 16:54:25 ubuntu kernel: [    6.930144] pci_bus 0000:00: root bus resource [mem 0x8000000000-0xffffffffff window]
Oct 19 16:54:25 ubuntu kernel: [    6.930898] pci_bus 0000:00: root bus resource [bus 00-0f]
Oct 19 16:54:25 ubuntu kernel: [    6.931475] pci 0000:00:00.0: [1b36:0008] type 00 class 0x060000
Oct 19 16:54:25 ubuntu kernel: [    6.932460] pci 0000:00:01.0: [1b36:000c] type 01 class 0x060400
Oct 19 16:54:25 ubuntu kernel: [    6.934404] pci 0000:00:01.0: reg 0x10: [mem 0x10303000-0x10303fff]
Oct 19 16:54:25 ubuntu kernel: [    6.937474] pci 0000:00:01.1: [1b36:000c] type 01 class 0x060400
Oct 19 16:54:25 ubuntu kernel: [    6.939397] pci 0000:00:01.1: reg 0x10: [mem 0x10302000-0x10302fff]
Oct 19 16:54:25 ubuntu kernel: [    6.942641] pci 0000:00:01.2: [1b36:000c] type 01 class 0x060400
Oct 19 16:54:25 ubuntu kernel: [    6.946213] pci 0000:00:01.2: reg 0x10: [mem 0x10301000-0x10301fff]
Oct 19 16:54:25 ubuntu kernel: [    6.949800] pci 0000:00:01.3: [1b36:000c] type 01 class 0x060400
Oct 19 16:54:25 ubuntu kernel: [    6.952096] pci 0000:00:01.3: reg 0x10: [mem 0x10300000-0x10300fff]
Oct 19 16:54:25 ubuntu kernel: [    6.958415] pci 0000:01:00.0: [1af4:1041] type 00 class 0x020000
Oct 19 16:54:25 ubuntu kernel: [    6.960827] pci 0000:01:00.0: reg 0x14: [mem 0x10200000-0x10200fff]
Oct 19 16:54:25 ubuntu kernel: [    6.964102] pci 0000:01:00.0: reg 0x20: [mem 0x8000000000-0x8000003fff 64bit pref]
Oct 19 16:54:25 ubuntu kernel: [    6.965746] pci 0000:01:00.0: reg 0x30: [mem 0xfff80000-0xffffffff pref]
Oct 19 16:54:25 ubuntu kernel: [    6.969248] pci 0000:02:00.0: [1b36:000d] type 00 class 0x0c0330
Oct 19 16:54:25 ubuntu kernel: [    6.969938] pci 0000:02:00.0: reg 0x10: [mem 0x10100000-0x10103fff 64bit]
Oct 19 16:54:25 ubuntu kernel: [    6.971641] pci 0000:03:00.0: [1af4:1048] type 00 class 0x010000
Oct 19 16:54:25 ubuntu kernel: [    6.973843] pci 0000:03:00.0: reg 0x14: [mem 0x10000000-0x10000fff]
Oct 19 16:54:25 ubuntu kernel: [    6.977080] pci 0000:03:00.0: reg 0x20: [mem 0x8000100000-0x8000103fff 64bit pref]
Oct 19 16:54:25 ubuntu kernel: [    6.984452] pci 0000:00:01.0: bridge window [io  0x1000-0x0fff] to [bus 01] add_size 1000
Oct 19 16:54:25 ubuntu kernel: [    6.985485] pci 0000:00:01.0: bridge window [mem 0x00100000-0x001fffff 64bit pref] to [bus 01] add_size 100000 add_align 100000
Oct 19 16:54:25 ubuntu kernel: [    6.986826] pci 0000:00:01.0: bridge window [mem 0x00100000-0x001fffff] to [bus 01] add_size 100000 add_align 100000
Oct 19 16:54:25 ubuntu kernel: [    6.988040] pci 0000:00:01.1: bridge window [io  0x1000-0x0fff] to [bus 02] add_size 1000
Oct 19 16:54:25 ubuntu kernel: [    6.988982] pci 0000:00:01.1: bridge window [mem 0x00100000-0x000fffff 64bit pref] to [bus 02] add_size 200000 add_align 100000
Oct 19 16:54:25 ubuntu kernel: [    6.990273] pci 0000:00:01.1: bridge window [mem 0x00100000-0x001fffff] to [bus 02] add_size 100000 add_align 100000
Oct 19 16:54:25 ubuntu kernel: [    6.991276] pci 0000:00:01.2: bridge window [io  0x1000-0x0fff] to [bus 03] add_size 1000
Oct 19 16:54:25 ubuntu kernel: [    6.992060] pci 0000:00:01.2: bridge window [mem 0x00100000-0x001fffff 64bit pref] to [bus 03] add_size 100000 add_align 100000
Oct 19 16:54:25 ubuntu kernel: [    6.993168] pci 0000:00:01.2: bridge window [mem 0x00100000-0x001fffff] to [bus 03] add_size 100000 add_align 100000
Oct 19 16:54:25 ubuntu kernel: [    6.994171] pci 0000:00:01.3: bridge window [io  0x1000-0x0fff] to [bus 04] add_size 1000
Oct 19 16:54:25 ubuntu kernel: [    6.995017] pci 0000:00:01.3: bridge window [mem 0x00100000-0x000fffff 64bit pref] to [bus 04] add_size 200000 add_align 100000
Oct 19 16:54:25 ubuntu kernel: [    6.996120] pci 0000:00:01.3: bridge window [mem 0x00100000-0x000fffff] to [bus 04] add_size 200000 add_align 100000
Oct 19 16:54:25 ubuntu kernel: [    6.997160] pci 0000:00:01.0: BAR 14: assigned [mem 0x10000000-0x101fffff]
Oct 19 16:54:25 ubuntu kernel: [    6.997828] pci 0000:00:01.0: BAR 15: assigned [mem 0x8000000000-0x80001fffff 64bit pref]
Oct 19 16:54:25 ubuntu kernel: [    6.998618] pci 0000:00:01.1: BAR 14: assigned [mem 0x10200000-0x103fffff]
Oct 19 16:54:25 ubuntu rsyslogd: imuxsock: Acquired UNIX socket '/run/systemd/journal/syslog' (fd 3) from systemd.  [v8.32.0]
Oct 19 16:54:25 ubuntu kernel: [    6.999298] pci 0000:00:01.1: BAR 15: assigned [mem 0x8000200000-0x80003fffff 64bit pref]
Oct 19 16:54:25 ubuntu kernel: [    7.000086] pci 0000:00:01.2: BAR 14: assigned [mem 0x10400000-0x105fffff]
Oct 19 16:54:25 ubuntu kernel: [    7.000745] pci 0000:00:01.2: BAR 15: assigned [mem 0x8000400000-0x80005fffff 64bit pref]
Oct 19 16:54:25 ubuntu kernel: [    7.001525] pci 0000:00:01.3: BAR 14: assigned [mem 0x10600000-0x107fffff]
Oct 19 16:54:25 ubuntu kernel: [    7.002179] pci 0000:00:01.3: BAR 15: assigned [mem 0x8000600000-0x80007fffff 64bit pref]
Oct 19 16:54:25 ubuntu kernel: [    7.002957] pci 0000:00:01.0: BAR 0: assigned [mem 0x10800000-0x10800fff]
Oct 19 16:54:25 ubuntu kernel: [    7.003967] pci 0000:00:01.0: BAR 13: assigned [io  0x1000-0x1fff]
Oct 19 16:54:25 ubuntu kernel: [    7.004566] pci 0000:00:01.1: BAR 0: assigned [mem 0x10801000-0x10801fff]
Oct 19 16:54:25 ubuntu kernel: [    7.005515] pci 0000:00:01.1: BAR 13: assigned [io  0x2000-0x2fff]
Oct 19 16:54:25 ubuntu kernel: [    7.006131] pci 0000:00:01.2: BAR 0: assigned [mem 0x10802000-0x10802fff]
Oct 19 16:54:25 ubuntu kernel: [    7.007081] pci 0000:00:01.2: BAR 13: assigned [io  0x3000-0x3fff]
Oct 19 16:54:25 ubuntu kernel: [    7.007680] pci 0000:00:01.3: BAR 0: assigned [mem 0x10803000-0x10803fff]
Oct 19 16:54:25 ubuntu kernel: [    7.008652] pci 0000:00:01.3: BAR 13: assigned [io  0x4000-0x4fff]
Oct 19 16:54:25 ubuntu kernel: [    7.009251] pci 0000:01:00.0: BAR 6: assigned [mem 0x10000000-0x1007ffff pref]
Oct 19 16:54:25 ubuntu kernel: [    7.009956] pci 0000:01:00.0: BAR 4: assigned [mem 0x8000000000-0x8000003fff 64bit pref]
Oct 19 16:54:25 ubuntu kernel: [    7.012053] pci 0000:01:00.0: BAR 1: assigned [mem 0x10080000-0x10080fff]
Oct 19 16:54:25 ubuntu kernel: [    7.013017] pci 0000:00:01.0: PCI bridge to [bus 01]
Oct 19 16:54:25 ubuntu kernel: [    7.013509] pci 0000:00:01.0:   bridge window [io  0x1000-0x1fff]
Oct 19 16:54:25 ubuntu kernel: [    7.014805] pci 0000:00:01.0:   bridge window [mem 0x10000000-0x101fffff]
Oct 19 16:54:25 ubuntu kernel: [    7.015921] pci 0000:00:01.0:   bridge window [mem 0x8000000000-0x80001fffff 64bit pref]
Oct 19 16:54:25 ubuntu kernel: [    7.017671] pci 0000:02:00.0: BAR 0: assigned [mem 0x10200000-0x10203fff 64bit]
Oct 19 16:54:25 ubuntu kernel: [    7.018466] pci 0000:00:01.1: PCI bridge to [bus 02]
Oct 19 16:54:25 ubuntu kernel: [    7.019002] pci 0000:00:01.1:   bridge window [io  0x2000-0x2fff]
Oct 19 16:54:25 ubuntu kernel: [    7.020322] pci 0000:00:01.1:   bridge window [mem 0x10200000-0x103fffff]
Oct 19 16:54:25 ubuntu kernel: [    7.021545] pci 0000:00:01.1:   bridge window [mem 0x8000200000-0x80003fffff 64bit pref]
Oct 19 16:54:25 ubuntu kernel: [    7.024023] pci 0000:03:00.0: BAR 4: assigned [mem 0x8000400000-0x8000403fff 64bit pref]
Oct 19 16:54:25 ubuntu kernel: [    7.025487] pci 0000:03:00.0: BAR 1: assigned [mem 0x10400000-0x10400fff]
Oct 19 16:54:25 ubuntu kernel: [    7.026434] pci 0000:00:01.2: PCI bridge to [bus 03]
Oct 19 16:54:25 ubuntu kernel: [    7.026923] pci 0000:00:01.2:   bridge window [io  0x3000-0x3fff]
Oct 19 16:54:25 ubuntu kernel: [    7.028125] pci 0000:00:01.2:   bridge window [mem 0x10400000-0x105fffff]
Oct 19 16:54:25 ubuntu kernel: [    7.029198] pci 0000:00:01.2:   bridge window [mem 0x8000400000-0x80005fffff 64bit pref]
Oct 19 16:54:25 ubuntu kernel: [    7.030950] pci 0000:00:01.3: PCI bridge to [bus 04]
Oct 19 16:54:25 ubuntu kernel: [    7.031468] pci 0000:00:01.3:   bridge window [io  0x4000-0x4fff]
Oct 19 16:54:25 ubuntu kernel: [    7.032820] pci 0000:00:01.3:   bridge window [mem 0x10600000-0x107fffff]
Oct 19 16:54:25 ubuntu kernel: [    7.034956] pci 0000:00:01.3:   bridge window [mem 0x8000600000-0x80007fffff 64bit pref]
Oct 19 16:54:25 ubuntu kernel: [    7.036742] pci_bus 0000:00: resource 4 [mem 0x10000000-0x3efeffff window]
Oct 19 16:54:25 ubuntu kernel: [    7.037459] pci_bus 0000:00: resource 5 [io  0x0000-0xffff window]
Oct 19 16:54:25 ubuntu kernel: [    7.038148] pci_bus 0000:00: resource 6 [mem 0x8000000000-0xffffffffff window]
Oct 19 16:54:25 ubuntu kernel: [    7.038949] pci_bus 0000:01: resource 0 [io  0x1000-0x1fff]
Oct 19 16:54:25 ubuntu kernel: [    7.039517] pci_bus 0000:01: resource 1 [mem 0x10000000-0x101fffff]
Oct 19 16:54:25 ubuntu kernel: [    7.040180] pci_bus 0000:01: resource 2 [mem 0x8000000000-0x80001fffff 64bit pref]
Oct 19 16:54:25 ubuntu kernel: [    7.040957] pci_bus 0000:02: resource 0 [io  0x2000-0x2fff]
Oct 19 16:54:25 ubuntu kernel: [    7.041527] pci_bus 0000:02: resource 1 [mem 0x10200000-0x103fffff]
Oct 19 16:54:25 ubuntu kernel: [    7.042167] pci_bus 0000:02: resource 2 [mem 0x8000200000-0x80003fffff 64bit pref]
Oct 19 16:54:25 ubuntu kernel: [    7.042938] pci_bus 0000:03: resource 0 [io  0x3000-0x3fff]
Oct 19 16:54:25 ubuntu kernel: [    7.043542] pci_bus 0000:03: resource 1 [mem 0x10400000-0x105fffff]
Oct 19 16:54:25 ubuntu kernel: [    7.044191] pci_bus 0000:03: resource 2 [mem 0x8000400000-0x80005fffff 64bit pref]
Oct 19 16:54:25 ubuntu kernel: [    7.044969] pci_bus 0000:04: resource 0 [io  0x4000-0x4fff]
Oct 19 16:54:25 ubuntu kernel: [    7.045542] pci_bus 0000:04: resource 1 [mem 0x10600000-0x107fffff]
Oct 19 16:54:25 ubuntu kernel: [    7.046180] pci_bus 0000:04: resource 2 [mem 0x8000600000-0x80007fffff 64bit pref]
Oct 19 16:54:25 ubuntu kernel: [    7.047009] ACPI: PCI Interrupt Link [GSI0] (IRQs *35)
Oct 19 16:54:25 ubuntu kernel: [    7.047509] ACPI: PCI Interrupt Link [GSI1] (IRQs *36)
Oct 19 16:54:25 ubuntu kernel: [    7.048071] ACPI: PCI Interrupt Link [GSI2] (IRQs *37)
Oct 19 16:54:25 ubuntu kernel: [    7.048576] ACPI: PCI Interrupt Link [GSI3] (IRQs *38)
Oct 19 16:54:25 ubuntu kernel: [    7.050217] iommu: Default domain type: Translated 
Oct 19 16:54:25 ubuntu kernel: [    7.050807] vgaarb: loaded
Oct 19 16:54:25 ubuntu kernel: [    7.051525] SCSI subsystem initialized
Oct 19 16:54:25 ubuntu kernel: [    7.052335] libata version 3.00 loaded.
Oct 19 16:54:25 ubuntu kernel: [    7.052391] ACPI: bus type USB registered
Oct 19 16:54:25 ubuntu kernel: [    7.052840] usbcore: registered new interface driver usbfs
Oct 19 16:54:25 ubuntu kernel: [    7.053411] usbcore: registered new interface driver hub
Oct 19 16:54:25 ubuntu kernel: [    7.054416] usbcore: registered new device driver usb
Oct 19 16:54:25 ubuntu kernel: [    7.054988] pps_core: LinuxPPS API ver. 1 registered
Oct 19 16:54:25 ubuntu kernel: [    7.055467] pps_core: Software ver. 5.3.6 - Copyright 2005-2007 Rodolfo Giometti <giometti@linux.it>
Oct 19 16:54:25 ubuntu kernel: [    7.056362] PTP clock support registered
Oct 19 16:54:25 ubuntu rsyslogd: rsyslogd's groupid changed to 106
Oct 19 16:54:25 ubuntu kernel: [    7.057365] EDAC MC: Ver: 3.0.0
Oct 19 16:54:25 ubuntu kernel: [    7.058109] Registered efivars operations
Oct 19 16:54:25 ubuntu kernel: [    7.060542] NetLabel: Initializing
Oct 19 16:54:25 ubuntu kernel: [    7.060898] NetLabel:  domain hash size = 128
Oct 19 16:54:25 ubuntu kernel: [    7.061323] NetLabel:  protocols = UNLABELED CIPSOv4 CALIPSO
Oct 19 16:54:25 ubuntu kernel: [    7.061939] NetLabel:  unlabeled traffic allowed by default
Oct 19 16:54:25 ubuntu kernel: [    7.063247] clocksource: Switched to clocksource arch_sys_counter
Oct 19 16:54:25 ubuntu kernel: [    7.087032] VFS: Disk quotas dquot_6.6.0
Oct 19 16:54:25 ubuntu kernel: [    7.087533] VFS: Dquot-cache hash table entries: 512 (order 0, 4096 bytes)
Oct 19 16:54:25 ubuntu kernel: [    7.088606] AppArmor: AppArmor Filesystem Enabled
Oct 19 16:54:25 ubuntu kernel: [    7.089173] pnp: PnP ACPI init
Oct 19 16:54:25 ubuntu kernel: [    7.089768] system 00:00: [mem 0x3f000000-0x3fffffff] could not be reserved
Oct 19 16:54:25 ubuntu kernel: [    7.090436] system 00:00: Plug and Play ACPI device, IDs PNP0c02 (active)
Oct 19 16:54:25 ubuntu kernel: [    7.090445] pnp: PnP ACPI: found 1 devices
Oct 19 16:54:25 ubuntu kernel: [    7.093656] NET: Registered protocol family 2
Oct 19 16:54:25 ubuntu kernel: [    7.094911] tcp_listen_portaddr_hash hash table entries: 16384 (order: 6, 262144 bytes, linear)
Oct 19 16:54:25 ubuntu kernel: [    7.097468] TCP established hash table entries: 262144 (order: 9, 2097152 bytes, linear)
Oct 19 16:54:25 ubuntu kernel: [    7.099405] TCP bind hash table entries: 65536 (order: 8, 1048576 bytes, linear)
Oct 19 16:54:25 ubuntu kernel: [    7.100282] TCP: Hash tables configured (established 262144 bind 65536)
Oct 19 16:54:25 ubuntu kernel: [    7.101475] UDP hash table entries: 16384 (order: 7, 524288 bytes, linear)
Oct 19 16:54:25 ubuntu kernel: [    7.102611] UDP-Lite hash table entries: 16384 (order: 7, 524288 bytes, linear)
Oct 19 16:54:25 ubuntu kernel: [    7.103638] NET: Registered protocol family 1
Oct 19 16:54:25 ubuntu kernel: [    7.104096] NET: Registered protocol family 44
Oct 19 16:54:25 ubuntu kernel: [    7.104620] pci 0000:02:00.0: enabling device (0000 -> 0002)
Oct 19 16:54:25 ubuntu kernel: [    7.105614] PCI: CLS 0 bytes, default 64
Oct 19 16:54:25 ubuntu kernel: [    7.106169] Trying to unpack rootfs image as initramfs...
Oct 19 16:54:25 ubuntu kernel: [    8.149666] Freeing initrd memory: 61288K
Oct 19 16:54:25 ubuntu kernel: [    8.177738] hw perfevents: enabled with armv8_pmuv3_0 PMU driver, 13 counters available
Oct 19 16:54:25 ubuntu kernel: [    8.178611] kvm [1]: HYP mode not available
Oct 19 16:54:25 ubuntu kernel: [    8.180307] Initialise system trusted keyrings
Oct 19 16:54:25 ubuntu kernel: [    8.180834] Key type blacklist registered
Oct 19 16:54:25 ubuntu kernel: [    8.181532] workingset: timestamp_bits=40 max_order=23 bucket_order=0
Oct 19 16:54:25 ubuntu kernel: [    8.184295] zbud: loaded
Oct 19 16:54:25 ubuntu kernel: [    8.185165] squashfs: version 4.0 (2009/01/31) Phillip Lougher
Oct 19 16:54:25 ubuntu rsyslogd: rsyslogd's userid changed to 102
Oct 19 16:54:25 ubuntu kernel: [    8.186453] fuse: init (API version 7.31)
Oct 19 16:54:25 ubuntu kernel: [    8.187520] integrity: Platform Keyring initialized
Oct 19 16:54:25 ubuntu kernel: [    8.195991] Key type asymmetric registered
Oct 19 16:54:25 ubuntu kernel: [    8.196591] Asymmetric key parser 'x509' registered
Oct 19 16:54:25 ubuntu kernel: [    8.197211] Block layer SCSI generic (bsg) driver version 0.4 loaded (major 244)
Oct 19 16:54:25 ubuntu kernel: [    8.198814] io scheduler mq-deadline registered
Oct 19 16:54:25 ubuntu kernel: [    8.202629] pl061_gpio ARMH0061:00: PL061 GPIO chip registered
Oct 19 16:54:25 ubuntu kernel: [    8.203701] PCI Interrupt Link [GSI1] enabled at IRQ 36
Oct 19 16:54:25 ubuntu kernel: [    8.205075] pcieport 0000:00:01.0: PME: Signaling with IRQ 44
Oct 19 16:54:25 ubuntu kernel: [    8.205943] pcieport 0000:00:01.0: AER: enabled with IRQ 44
Oct 19 16:54:25 ubuntu kernel: [    8.206596] pcieport 0000:00:01.0: pciehp: Slot #0 AttnBtn+ PwrCtrl+ MRL- AttnInd+ PwrInd+ HotPlug+ Surprise+ Interlock+ NoCompl- IbPresDis- LLActRep-
Oct 19 16:54:25 ubuntu kernel: [    8.209121] pcieport 0000:00:01.1: PME: Signaling with IRQ 45
Oct 19 16:54:25 ubuntu kernel: [    8.210010] pcieport 0000:00:01.1: AER: enabled with IRQ 45
Oct 19 16:54:25 ubuntu kernel: [    8.210692] pcieport 0000:00:01.1: pciehp: Slot #0 AttnBtn+ PwrCtrl+ MRL- AttnInd+ PwrInd+ HotPlug+ Surprise+ Interlock+ NoCompl- IbPresDis- LLActRep-
Oct 19 16:54:25 ubuntu rsyslogd:  [origin software="rsyslogd" swVersion="8.32.0" x-pid="1132" x-info="http://www.rsyslog.com"] start
Oct 19 16:54:25 ubuntu kernel: [    8.213116] pcieport 0000:00:01.2: PME: Signaling with IRQ 46
Oct 19 16:54:25 ubuntu kernel: [    8.214015] pcieport 0000:00:01.2: AER: enabled with IRQ 46
Oct 19 16:54:25 ubuntu kernel: [    8.214657] pcieport 0000:00:01.2: pciehp: Slot #0 AttnBtn+ PwrCtrl+ MRL- AttnInd+ PwrInd+ HotPlug+ Surprise+ Interlock+ NoCompl- IbPresDis- LLActRep-
Oct 19 16:54:25 ubuntu kernel: [    8.217052] pcieport 0000:00:01.3: PME: Signaling with IRQ 47
Oct 19 16:54:25 ubuntu kernel: [    8.217839] pcieport 0000:00:01.3: AER: enabled with IRQ 47
Oct 19 16:54:25 ubuntu kernel: [    8.218458] pcieport 0000:00:01.3: pciehp: Slot #0 AttnBtn+ PwrCtrl+ MRL- AttnInd+ PwrInd+ HotPlug+ Surprise+ Interlock+ NoCompl- IbPresDis- LLActRep-
Oct 19 16:54:25 ubuntu kernel: [    8.220198] pcieport 0000:00:01.3: pciehp: Slot(0-3): Link Up
Oct 19 16:54:25 ubuntu kernel: [    8.220963] shpchp: Standard Hot Plug PCI Controller Driver version: 0.4
Oct 19 16:54:25 ubuntu kernel: [    8.222175] input: Power Button as /devices/LNXSYSTM:00/LNXSYBUS:00/PNP0C0C:00/input/input0
Oct 19 16:54:25 ubuntu kernel: [    8.223036] ACPI: Power Button [PWRB]
Oct 19 16:54:25 ubuntu kernel: [    8.228623] Serial: 8250/16550 driver, 32 ports, IRQ sharing enabled
Oct 19 16:54:25 ubuntu kernel: [    8.231640] msm_serial: driver initialized
Oct 19 16:54:25 ubuntu kernel: [    8.232636] cacheinfo: Unable to detect cache hierarchy for CPU 0
Oct 19 16:54:25 ubuntu kernel: [    8.240786] loop: module loaded
Oct 19 16:54:25 ubuntu kernel: [    8.241912] libphy: Fixed MDIO Bus: probed
Oct 19 16:54:25 ubuntu kernel: [    8.242329] tun: Universal TUN/TAP device driver, 1.6
Oct 19 16:54:25 ubuntu kernel: [    8.243019] PPP generic driver version 2.4.2
Oct 19 16:54:25 ubuntu kernel: [    8.243609] ehci_hcd: USB 2.0 'Enhanced' Host Controller (EHCI) Driver
Oct 19 16:54:25 ubuntu kernel: [    8.244256] ehci-pci: EHCI PCI platform driver
Oct 19 16:54:25 ubuntu kernel: [    8.244712] ehci-orion: EHCI orion driver
Oct 19 16:54:25 ubuntu kernel: [    8.245116] ohci_hcd: USB 1.1 'Open' Host Controller (OHCI) Driver
Oct 19 16:54:25 ubuntu kernel: [    8.245708] ohci-pci: OHCI PCI platform driver
Oct 19 16:54:25 ubuntu kernel: [    8.246155] uhci_hcd: USB Universal Host Controller Interface driver
Oct 19 16:54:25 ubuntu kernel: [    8.247595] xhci_hcd 0000:02:00.0: xHCI Host Controller
Oct 19 16:54:25 ubuntu kernel: [    8.248133] xhci_hcd 0000:02:00.0: new USB bus registered, assigned bus number 1
Oct 19 16:54:25 ubuntu kernel: [    8.249170] xhci_hcd 0000:02:00.0: hcc params 0x00087001 hci version 0x100 quirks 0x0000000000000010
Oct 19 16:54:25 ubuntu kernel: [    8.251128] usb usb1: New USB device found, idVendor=1d6b, idProduct=0002, bcdDevice= 5.07
Oct 19 16:54:25 ubuntu kernel: [    8.251996] usb usb1: New USB device strings: Mfr=3, Product=2, SerialNumber=1
Oct 19 16:54:25 ubuntu kernel: [    8.252684] usb usb1: Product: xHCI Host Controller
Oct 19 16:54:25 ubuntu kernel: [    8.253140] usb usb1: Manufacturer: Linux 5.7.1 xhci-hcd
Oct 19 16:54:25 ubuntu kernel: [    8.253632] usb usb1: SerialNumber: 0000:02:00.0
Oct 19 16:54:25 ubuntu kernel: [    8.254271] hub 1-0:1.0: USB hub found
Oct 19 16:54:25 ubuntu kernel: [    8.254696] hub 1-0:1.0: 8 ports detected
Oct 19 16:54:25 ubuntu kernel: [    8.255731] xhci_hcd 0000:02:00.0: xHCI Host Controller
Oct 19 16:54:25 ubuntu kernel: [    8.256243] xhci_hcd 0000:02:00.0: new USB bus registered, assigned bus number 2
Oct 19 16:54:25 ubuntu kernel: [    8.256948] xhci_hcd 0000:02:00.0: Host supports USB 3.0 SuperSpeed
Oct 19 16:54:25 ubuntu kernel: [    8.257577] usb usb2: We don't know the algorithms for LPM for this host, disabling LPM.
Oct 19 16:54:25 ubuntu kernel: [    8.258390] usb usb2: New USB device found, idVendor=1d6b, idProduct=0003, bcdDevice= 5.07
Oct 19 16:54:25 ubuntu kernel: [    8.259194] usb usb2: New USB device strings: Mfr=3, Product=2, SerialNumber=1
Oct 19 16:54:25 ubuntu kernel: [    8.259932] usb usb2: Product: xHCI Host Controller
Oct 19 16:54:25 ubuntu kernel: [    8.260396] usb usb2: Manufacturer: Linux 5.7.1 xhci-hcd
Oct 19 16:54:25 ubuntu kernel: [    8.260900] usb usb2: SerialNumber: 0000:02:00.0
Oct 19 16:54:25 ubuntu kernel: [    8.261457] hub 2-0:1.0: USB hub found
Oct 19 16:54:25 ubuntu kernel: [    8.261844] hub 2-0:1.0: 8 ports detected
Oct 19 16:54:25 ubuntu kernel: [    8.262653] mousedev: PS/2 mouse device common for all mice
Oct 19 16:54:25 ubuntu kernel: [    8.263697] rtc-efi rtc-efi.0: registered as rtc0
Oct 19 16:54:25 ubuntu kernel: [    8.264383] rtc-efi rtc-efi.0: setting system clock to 2020-10-19T08:54:20 UTC (1603097660)
Oct 19 16:54:25 ubuntu kernel: [    8.265268] i2c /dev entries driver
Oct 19 16:54:25 ubuntu kernel: [    8.265871] device-mapper: uevent: version 1.0.3
Oct 19 16:54:25 ubuntu kernel: [    8.266441] device-mapper: ioctl: 4.42.0-ioctl (2020-02-27) initialised: dm-devel@redhat.com
Oct 19 16:54:25 ubuntu kernel: [    8.268584] ledtrig-cpu: registered to indicate activity on CPUs
Oct 19 16:54:25 ubuntu kernel: [    8.269263] EFI Variables Facility v0.08 2004-May-17
Oct 19 16:54:25 ubuntu kernel: [    8.271614] NET: Registered protocol family 10
Oct 19 16:54:25 ubuntu kernel: [    8.290377] Segment Routing with IPv6
Oct 19 16:54:25 ubuntu kernel: [    8.290831] NET: Registered protocol family 17
Oct 19 16:54:25 ubuntu kernel: [    8.291578] Key type dns_resolver registered
Oct 19 16:54:25 ubuntu kernel: [    8.292187] registered taskstats version 1
Oct 19 16:54:25 ubuntu kernel: [    8.292651] Loading compiled-in X.509 certificates
Oct 19 16:54:25 ubuntu kernel: [    8.297476] Loaded X.509 cert 'Build time autogenerated kernel key: 5fc9bbbf10d23f3f9dda6c889ba5358a20950e89'
Oct 19 16:54:25 ubuntu kernel: [    8.299306] zswap: loaded using pool lzo/zbud
Oct 19 16:54:25 ubuntu kernel: [    8.301044] Key type ._fscrypt registered
Oct 19 16:54:25 ubuntu kernel: [    8.301742] Key type .fscrypt registered
Oct 19 16:54:25 ubuntu kernel: [    8.302396] Key type fscrypt-provisioning registered
Oct 19 16:54:25 ubuntu kernel: [    8.318464] cryptd: max_cpu_qlen set to 1000
Oct 19 16:54:25 ubuntu kernel: [    8.440804] Key type big_key registered
Oct 19 16:54:25 ubuntu kernel: [    8.460071] Key type encrypted registered
Oct 19 16:54:25 ubuntu kernel: [    8.460460] AppArmor: AppArmor sha1 policy hashing enabled
Oct 19 16:54:25 ubuntu kernel: [    8.461261] ima: No TPM chip found, activating TPM-bypass!
Oct 19 16:54:25 ubuntu kernel: [    8.461778] ima: Allocated hash algorithm: sha1
Oct 19 16:54:25 ubuntu kernel: [    8.462231] ima: No architecture policies found
Oct 19 16:54:25 ubuntu kernel: [    8.462704] evm: Initialising EVM extended attributes:
Oct 19 16:54:25 ubuntu kernel: [    8.463177] evm: security.selinux
Oct 19 16:54:25 ubuntu kernel: [    8.463513] evm: security.SMACK64
Oct 19 16:54:25 ubuntu kernel: [    8.463791] evm: security.SMACK64EXEC
Oct 19 16:54:25 ubuntu kernel: [    8.464295] evm: security.SMACK64TRANSMUTE
Oct 19 16:54:25 ubuntu kernel: [    8.464952] evm: security.SMACK64MMAP
Oct 19 16:54:25 ubuntu kernel: [    8.465541] evm: security.apparmor
Oct 19 16:54:25 ubuntu kernel: [    8.466087] evm: security.ima
Oct 19 16:54:25 ubuntu kernel: [    8.466579] evm: security.capability
Oct 19 16:54:25 ubuntu kernel: [    8.467153] evm: HMAC attrs: 0x1
Oct 19 16:54:25 ubuntu kernel: [    8.474730] Freeing unused kernel memory: 7040K
Oct 19 16:54:25 ubuntu kernel: [    8.551300] Checked W+X mappings: passed, no W+X pages found
Oct 19 16:54:25 ubuntu kernel: [    8.551822] Run /init as init process
Oct 19 16:54:25 ubuntu kernel: [    8.552143]   with arguments:
Oct 19 16:54:25 ubuntu kernel: [    8.552145]     /init
Oct 19 16:54:25 ubuntu kernel: [    8.552146]   with environment:
Oct 19 16:54:25 ubuntu kernel: [    8.552147]     HOME=/
Oct 19 16:54:25 ubuntu kernel: [    8.552147]     TERM=linux
Oct 19 16:54:25 ubuntu kernel: [    8.552148]     BOOT_IMAGE=/boot/vmlinuz-5.7.1
Oct 19 16:54:25 ubuntu kernel: [    8.709795] scsi host0: Virtio SCSI HBA
Oct 19 16:54:25 ubuntu kernel: [    8.711859] scsi 0:0:0:0: Direct-Access     QEMU     QEMU HARDDISK    2.5+ PQ: 0 ANSI: 5
Oct 19 16:54:25 ubuntu kernel: [    8.714128] scsi 0:0:0:1: CD-ROM            QEMU     QEMU CD-ROM      2.5+ PQ: 0 ANSI: 5
Oct 19 16:54:25 ubuntu kernel: [    8.735878] virtio_net virtio0 enp1s0: renamed from eth0
Oct 19 16:54:25 ubuntu kernel: [    8.739493] random: fast init done
Oct 19 16:54:25 ubuntu kernel: [    8.741136] sd 0:0:0:0: Attached scsi generic sg0 type 0
Oct 19 16:54:25 ubuntu kernel: [    8.741701] sd 0:0:0:0: Power-on or device reset occurred
Oct 19 16:54:25 ubuntu kernel: [    8.741895] sr 0:0:0:1: Power-on or device reset occurred
Oct 19 16:54:25 ubuntu kernel: [    8.743122] sr 0:0:0:1: [sr0] scsi3-mmc drive: 16x/50x cd/rw xa/form2 cdda tray
Oct 19 16:54:25 ubuntu kernel: [    8.744057] cdrom: Uniform CD-ROM driver Revision: 3.20
Oct 19 16:54:25 ubuntu kernel: [    8.744733] sd 0:0:0:0: [sda] 31457280 512-byte logical blocks: (16.1 GB/15.0 GiB)
Oct 19 16:54:25 ubuntu kernel: [    8.745689] sd 0:0:0:0: [sda] Write Protect is off
Oct 19 16:54:25 ubuntu kernel: [    8.746390] sd 0:0:0:0: [sda] Mode Sense: 63 00 00 08
Oct 19 16:54:25 ubuntu kernel: [    8.746577] sd 0:0:0:0: [sda] Write cache: enabled, read cache: enabled, doesn't support DPO or FUA
Oct 19 16:54:25 ubuntu kernel: [    8.769312] sr 0:0:0:1: Attached scsi CD-ROM sr0
Oct 19 16:54:25 ubuntu kernel: [    8.769987] sr 0:0:0:1: Attached scsi generic sg1 type 5
Oct 19 16:54:25 ubuntu kernel: [    8.779522]  sda: sda1 sda2
Oct 19 16:54:25 ubuntu kernel: [    8.783277] sd 0:0:0:0: [sda] Attached SCSI disk
Oct 19 16:54:25 ubuntu kernel: [    8.819968] random: lvm: uninitialized urandom read (4 bytes read)
Oct 19 16:54:25 ubuntu kernel: [    8.847796] random: lvm: uninitialized urandom read (2 bytes read)
Oct 19 16:54:25 ubuntu kernel: [   10.151231] raid6: neonx8   gen() 11634 MB/s
Oct 19 16:54:25 ubuntu kernel: [   10.219229] raid6: neonx8   xor()  8482 MB/s
Oct 19 16:54:25 ubuntu kernel: [   10.287230] raid6: neonx4   gen() 11113 MB/s
Oct 19 16:54:25 ubuntu kernel: [   10.355237] raid6: neonx4   xor()  7796 MB/s
Oct 19 16:54:25 ubuntu kernel: [   10.423235] raid6: neonx2   gen()  9053 MB/s
Oct 19 16:54:25 ubuntu kernel: [   10.491218] raid6: neonx2   xor()  6583 MB/s
Oct 19 16:54:25 ubuntu kernel: [   10.559240] raid6: neonx1   gen()  6754 MB/s
Oct 19 16:54:25 ubuntu kernel: [   10.627223] raid6: neonx1   xor()  2891 MB/s
Oct 19 16:54:25 ubuntu kernel: [   10.695225] raid6: int64x8  gen()  5834 MB/s
Oct 19 16:54:25 ubuntu kernel: [   10.739278] pcieport 0000:00:01.3: pciehp: Failed to check link status
Oct 19 16:54:25 ubuntu kernel: [   10.763225] raid6: int64x8  xor()  3610 MB/s
Oct 19 16:54:25 ubuntu kernel: [   10.831233] raid6: int64x4  gen()  7225 MB/s
Oct 19 16:54:25 ubuntu kernel: [   10.899214] raid6: int64x4  xor()  3683 MB/s
Oct 19 16:54:25 ubuntu kernel: [   10.967228] raid6: int64x2  gen()  5935 MB/s
Oct 19 16:54:25 ubuntu kernel: [   11.035229] raid6: int64x2  xor()  1805 MB/s
Oct 19 16:54:25 ubuntu kernel: [   11.103228] raid6: int64x1  gen()  4534 MB/s
Oct 19 16:54:25 ubuntu kernel: [   11.171246] raid6: int64x1  xor()  1224 MB/s
Oct 19 16:54:25 ubuntu kernel: [   11.171669] raid6: using algorithm neonx8 gen() 11634 MB/s
Oct 19 16:54:25 ubuntu kernel: [   11.172184] raid6: .... xor() 8482 MB/s, rmw enabled
Oct 19 16:54:25 ubuntu kernel: [   11.172653] raid6: using neon recovery algorithm
Oct 19 16:54:25 ubuntu kernel: [   11.179118] xor: measuring software checksum speed
Oct 19 16:54:25 ubuntu kernel: [   11.219222]    8regs     : 13044.000 MB/sec
Oct 19 16:54:25 ubuntu kernel: [   11.259211]    32regs    : 15951.000 MB/sec
Oct 19 16:54:25 ubuntu kernel: [   11.299218]    arm64_neon: 19322.000 MB/sec
Oct 19 16:54:25 ubuntu kernel: [   11.299679] xor: using function: arm64_neon (19322.000 MB/sec)
Oct 19 16:54:25 ubuntu kernel: [   11.301603] async_tx: api initialized (async)
Oct 19 16:54:25 ubuntu kernel: [   11.365000] random: lvm: uninitialized urandom read (4 bytes read)
Oct 19 16:54:25 ubuntu kernel: [   11.391655] random: lvm: uninitialized urandom read (4 bytes read)
Oct 19 16:54:25 ubuntu kernel: [   11.482309] Btrfs loaded, crc32c=crc32c-generic
Oct 19 16:54:25 ubuntu kernel: [   11.567339] EXT4-fs (dm-0): mounted filesystem with ordered data mode. Opts: (null)
Oct 19 16:54:25 ubuntu kernel: [   11.802693] systemd[1]: systemd 237 running in system mode. (+PAM +AUDIT +SELINUX +IMA +APPARMOR +SMACK +SYSVINIT +UTMP +LIBCRYPTSETUP +GCRYPT +GNUTLS +ACL +XZ +LZ4 +SECCOMP +BLKID +ELFUTILS +KMOD -IDN2 +IDN -PCRE2 default-hierarchy=hybrid)
Oct 19 16:54:25 ubuntu kernel: [   11.804775] systemd[1]: Detected virtualization kvm.
Oct 19 16:54:25 ubuntu kernel: [   11.805217] systemd[1]: Detected architecture arm64.
Oct 19 16:54:25 ubuntu kernel: [   11.828556] systemd[1]: Set hostname to <ubuntu>.
Oct 19 16:54:25 ubuntu kernel: [   11.911211] random: systemd: uninitialized urandom read (16 bytes read)
Oct 19 16:54:25 ubuntu kernel: [   11.912011] systemd[1]: Started Forward Password Requests to Wall Directory Watch.
Oct 19 16:54:25 ubuntu kernel: [   11.913560] systemd[1]: Reached target User and Group Name Lookups.
Oct 19 16:54:25 ubuntu kernel: [   11.915736] systemd[1]: Created slice System Slice.
Oct 19 16:54:25 ubuntu kernel: [   11.916879] systemd[1]: Listening on udev Kernel Socket.
Oct 19 16:54:25 ubuntu kernel: [   11.918022] systemd[1]: Listening on Journal Socket (/dev/log).
Oct 19 16:54:25 ubuntu kernel: [   11.919382] systemd[1]: Listening on Journal Audit Socket.
Oct 19 16:54:25 ubuntu kernel: [   11.950266] Loading iSCSI transport class v2.0-870.
Oct 19 16:54:25 ubuntu kernel: [   11.956700] EXT4-fs (dm-0): re-mounted. Opts: errors=remount-ro
Oct 19 16:54:25 ubuntu kernel: [   11.960139] iscsi: registered transport (tcp)
Oct 19 16:54:25 ubuntu kernel: [   11.992161] iscsi: registered transport (iser)
Oct 19 16:54:25 ubuntu kernel: [   12.032490] systemd-journald[821]: Received request to flush runtime journal from PID 1
Oct 19 16:54:25 ubuntu kernel: [   12.364365] pstore: Using crash dump compression: deflate
Oct 19 16:54:25 ubuntu kernel: [   12.368282] pstore: Registered efi as persistent store backend
Oct 19 16:54:25 ubuntu kernel: [   12.627366] Adding 1003516k swap on /dev/mapper/ubuntu--vg-swap_1.  Priority:-2 extents:1 across:1003516k FS
Oct 19 16:54:25 ubuntu kernel: [   12.837802] audit: type=1400 audit(1603097665.068:2): apparmor="STATUS" operation="profile_load" profile="unconfined" name="/usr/bin/lxc-start" pid=1103 comm="apparmor_parser"
Oct 19 16:54:25 ubuntu kernel: [   12.840414] audit: type=1400 audit(1603097665.072:3): apparmor="STATUS" operation="profile_load" profile="unconfined" name="/usr/bin/man" pid=1104 comm="apparmor_parser"
Oct 19 16:54:25 ubuntu kernel: [   12.840420] audit: type=1400 audit(1603097665.072:4): apparmor="STATUS" operation="profile_load" profile="unconfined" name="man_filter" pid=1104 comm="apparmor_parser"
Oct 19 16:54:25 ubuntu kernel: [   12.840422] audit: type=1400 audit(1603097665.072:5): apparmor="STATUS" operation="profile_load" profile="unconfined" name="man_groff" pid=1104 comm="apparmor_parser"
Oct 19 16:54:25 ubuntu kernel: [   12.843808] audit: type=1400 audit(1603097665.076:6): apparmor="STATUS" operation="profile_load" profile="unconfined" name="/usr/lib/snapd/snap-confine" pid=1105 comm="apparmor_parser"
Oct 19 16:54:25 ubuntu kernel: [   12.843816] audit: type=1400 audit(1603097665.076:7): apparmor="STATUS" operation="profile_load" profile="unconfined" name="/usr/lib/snapd/snap-confine//mount-namespace-capture-helper" pid=1105 comm="apparmor_parser"
Oct 19 16:54:25 ubuntu kernel: [   12.846435] audit: type=1400 audit(1603097665.076:8): apparmor="STATUS" operation="profile_load" profile="unconfined" name="/usr/sbin/tcpdump" pid=1108 comm="apparmor_parser"
Oct 19 16:54:25 ubuntu kernel: [   12.850358] audit: type=1400 audit(1603097665.080:9): apparmor="STATUS" operation="profile_load" profile="unconfined" name="/sbin/dhclient" pid=1102 comm="apparmor_parser"
Oct 19 16:54:25 ubuntu kernel: [   12.850365] audit: type=1400 audit(1603097665.080:10): apparmor="STATUS" operation="profile_load" profile="unconfined" name="/usr/lib/NetworkManager/nm-dhcp-client.action" pid=1102 comm="apparmor_parser"
Oct 19 16:54:25 ubuntu kernel: [   12.850369] audit: type=1400 audit(1603097665.080:11): apparmor="STATUS" operation="profile_load" profile="unconfined" name="/usr/lib/NetworkManager/nm-dhcp-helper" pid=1102 comm="apparmor_parser"
Oct 19 16:54:25 ubuntu kernel: [   12.950592] new mount options do not match the existing superblock, will be ignored
Oct 19 16:54:25 ubuntu systemd[1]: Starting LXD - container startup/shutdown...
Oct 19 16:54:25 ubuntu /usr/sbin/irqbalance: IRQ arch_timer(2) guessed as class 0
Oct 19 16:54:25 ubuntu /usr/sbin/irqbalance: IRQ uart-pl011(4) guessed as class 0
Oct 19 16:54:25 ubuntu /usr/sbin/irqbalance: IRQ arm-pmu(42) guessed as class 0
Oct 19 16:54:25 ubuntu /usr/sbin/irqbalance: IRQ ACPI:Event(43) guessed as class 0
Oct 19 16:54:25 ubuntu /usr/sbin/irqbalance: IRQ pciehp(44) guessed as class 0
Oct 19 16:54:25 ubuntu /usr/sbin/irqbalance: IRQ pciehp(45) guessed as class 0
Oct 19 16:54:25 ubuntu /usr/sbin/irqbalance: IRQ pciehp(46) guessed as class 0
Oct 19 16:54:25 ubuntu /usr/sbin/irqbalance: IRQ pciehp(47) guessed as class 0
Oct 19 16:54:25 ubuntu /usr/sbin/irqbalance: IRQ xhci_hcd(48) guessed as class 0
Oct 19 16:54:25 ubuntu /usr/sbin/irqbalance: IRQ xhci_hcd(49) guessed as class 0
Oct 19 16:54:25 ubuntu systemd[1]: Started Network Name Resolution.
Oct 19 16:54:25 ubuntu /usr/sbin/irqbalance: IRQ xhci_hcd(50) guessed as class 0
Oct 19 16:54:25 ubuntu /usr/sbin/irqbalance: IRQ xhci_hcd(51) guessed as class 0
Oct 19 16:54:25 ubuntu /usr/sbin/irqbalance: IRQ xhci_hcd(52) guessed as class 0
Oct 19 16:54:25 ubuntu /usr/sbin/irqbalance: IRQ xhci_hcd(53) guessed as class 0
Oct 19 16:54:25 ubuntu /usr/sbin/irqbalance: IRQ xhci_hcd(54) guessed as class 0
Oct 19 16:54:25 ubuntu /usr/sbin/irqbalance: IRQ xhci_hcd(55) guessed as class 0
Oct 19 16:54:25 ubuntu /usr/sbin/irqbalance: IRQ xhci_hcd(56) guessed as class 0
Oct 19 16:54:25 ubuntu /usr/sbin/irqbalance: IRQ xhci_hcd(57) guessed as class 0
Oct 19 16:54:25 ubuntu /usr/sbin/irqbalance: IRQ xhci_hcd(58) guessed as class 0
Oct 19 16:54:25 ubuntu /usr/sbin/irqbalance: IRQ xhci_hcd(59) guessed as class 0
Oct 19 16:54:25 ubuntu /usr/sbin/irqbalance: IRQ xhci_hcd(60) guessed as class 0
Oct 19 16:54:25 ubuntu /usr/sbin/irqbalance: IRQ xhci_hcd(61) guessed as class 0
Oct 19 16:54:25 ubuntu /usr/sbin/irqbalance: IRQ xhci_hcd(62) guessed as class 0
Oct 19 16:54:25 ubuntu /usr/sbin/irqbalance: IRQ xhci_hcd(63) guessed as class 0
Oct 19 16:54:25 ubuntu /usr/sbin/irqbalance: IRQ virtio1-config(64) guessed as class 0
Oct 19 16:54:25 ubuntu /usr/sbin/irqbalance: IRQ virtio1-control(65) guessed as class 0
Oct 19 16:54:25 ubuntu /usr/sbin/irqbalance: IRQ virtio1-event(66) guessed as class 0
Oct 19 16:54:25 ubuntu /usr/sbin/irqbalance: IRQ virtio1-request(67) guessed as class 0
Oct 19 16:54:25 ubuntu /usr/sbin/irqbalance: IRQ virtio0-config(68) guessed as class 0
Oct 19 16:54:25 ubuntu /usr/sbin/irqbalance: IRQ virtio0-input.0(69) guessed as class 0
Oct 19 16:54:25 ubuntu /usr/sbin/irqbalance: IRQ virtio0-output.0(70) guessed as class 0
Oct 19 16:54:25 ubuntu systemd[1]: Started System Logging Service.
Oct 19 16:54:25 ubuntu systemd[1]: Starting Authorization Manager...
Oct 19 16:54:25 ubuntu grub-common[1115]:  * Recording successful boot for GRUB
Oct 19 16:54:25 ubuntu systemd[1]: Reached target Network.
Oct 19 16:54:25 ubuntu systemd[1]: Reached target Host and Network Name Lookups.
Oct 19 16:54:25 ubuntu systemd[1]: Started Login Service.
Oct 19 16:54:25 ubuntu systemd[1]: Started Unattended Upgrades Shutdown.
Oct 19 16:54:25 ubuntu grub-common[1115]:    ...done.
Oct 19 16:54:25 ubuntu systemd[1]: Started LSB: Record successful boot for GRUB.
Oct 19 16:54:25 ubuntu polkitd[1150]: started daemon version 0.105 using authority implementation `local' version `0.105'
Oct 19 16:54:25 ubuntu dbus-daemon[1121]: [system] Successfully activated service 'org.freedesktop.PolicyKit1'
Oct 19 16:54:25 ubuntu systemd[1]: Started Authorization Manager.
Oct 19 16:54:25 ubuntu accounts-daemon[1114]: started daemon version 0.6.45
Oct 19 16:54:25 ubuntu systemd[1]: Started Accounts Service.
Oct 19 16:54:25 ubuntu snapd[1129]: AppArmor status: apparmor is enabled but some kernel features are missing: dbus, network
Oct 19 16:54:25 ubuntu snapd[1129]: daemon.go:346: started snapd/2.42.1+18.04 (series 16; classic; devmode) ubuntu/18.04 (arm64) linux/5.7.1.
Oct 19 16:54:25 ubuntu networkd-dispatcher[1127]: No valid path found for iwconfig
Oct 19 16:54:25 ubuntu systemd[1]: Started Dispatcher daemon for systemd-networkd.
Oct 19 16:54:25 ubuntu snapd[1129]: daemon.go:439: adjusting startup timeout by 30s (pessimistic estimate of 30s plus 5s per snap)
Oct 19 16:54:25 ubuntu systemd[1]: Started Snappy daemon.
Oct 19 16:54:25 ubuntu systemd[1]: Starting Wait until snapd is fully seeded...
Oct 19 16:54:25 ubuntu systemd[1]: Started Wait until snapd is fully seeded.
Oct 19 16:54:26 ubuntu systemd-networkd[1076]: enp1s0: Gained IPv6LL
Oct 19 16:54:26 ubuntu systemd-networkd[1076]: enp1s0: Configured
Oct 19 16:54:26 ubuntu systemd-timesyncd[1058]: Network configuration changed, trying to establish connection.
Oct 19 16:54:26 ubuntu systemd-networkd-wait-online[1106]: managing: enp1s0
Oct 19 16:54:26 ubuntu systemd-networkd-wait-online[1106]: ignoring: lo
Oct 19 16:54:26 ubuntu systemd[1]: Started Wait for Network to be Configured.
Oct 19 16:54:26 ubuntu systemd[1]: Reached target Network is Online.
Oct 19 16:54:26 ubuntu systemd[1]: Starting OpenBSD Secure Shell server...
Oct 19 16:54:26 ubuntu systemd[1]: Reached target Remote File Systems (Pre).
Oct 19 16:54:26 ubuntu systemd[1]: Reached target Remote File Systems.
Oct 19 16:54:26 ubuntu systemd[1]: Starting LSB: automatic crash report generation...
Oct 19 16:54:26 ubuntu systemd[1]: Starting Permit User Sessions...
Oct 19 16:54:26 ubuntu systemd[1]: Starting Availability of block devices...
Oct 19 16:54:26 ubuntu systemd[1]: Started Availability of block devices.
Oct 19 16:54:26 ubuntu systemd[1]: Started Permit User Sessions.
Oct 19 16:54:26 ubuntu systemd[1]: Starting Hold until boot process finishes up...
Oct 19 16:54:26 ubuntu systemd[1]: Starting Terminate Plymouth Boot Screen...
Oct 19 16:54:26 ubuntu systemd[1]: Started Hold until boot process finishes up.
Oct 19 16:54:26 ubuntu systemd[1]: Starting Set console scheme...
Oct 19 16:54:26 ubuntu systemd[1]: Started Serial Getty on ttyAMA0.
Oct 19 16:54:26 ubuntu systemd[1]: Started OpenBSD Secure Shell server.
Oct 19 16:54:26 ubuntu apport[1209]:  * Starting automatic crash report generation: apport
Oct 19 16:54:26 ubuntu systemd[1]: Started Terminate Plymouth Boot Screen.
Oct 19 16:54:26 ubuntu systemd[1]: Started Set console scheme.
Oct 19 16:54:26 ubuntu systemd[1]: Created slice system-getty.slice.
Oct 19 16:54:26 ubuntu apport[1209]:    ...done.
Oct 19 16:54:26 ubuntu systemd[1]: Started Getty on tty1.
Oct 19 16:54:26 ubuntu systemd[1]: Reached target Login Prompts.
Oct 19 16:54:26 ubuntu systemd[1]: Started LSB: automatic crash report generation.
Oct 19 16:54:26 ubuntu kernel: [   14.395250] random: crng init done
Oct 19 16:54:26 ubuntu kernel: [   14.395253] random: 5 urandom warning(s) missed due to ratelimiting
Oct 19 16:54:26 ubuntu systemd[1]: Started LXD - container startup/shutdown.
Oct 19 16:54:26 ubuntu systemd[1]: Reached target Multi-User System.
Oct 19 16:54:26 ubuntu systemd[1]: Reached target Graphical Interface.
Oct 19 16:54:26 ubuntu systemd[1]: Starting Update UTMP about System Runlevel Changes...
Oct 19 16:54:26 ubuntu systemd[1]: Started Update UTMP about System Runlevel Changes.
Oct 19 16:54:26 ubuntu systemd[1]: Startup finished in 11.424s (kernel) + 2.674s (userspace) = 14.099s.
Oct 19 16:54:26 ubuntu kernel: [   14.454757] fbcon: Taking over console
Oct 19 16:54:32 ubuntu snapd[1129]: stateengine.go:150: state ensure error: cannot sections: got unexpected HTTP status code 403 via GET to "https://api.snapcraft.io/api/v1/snaps/sections"
Oct 19 16:54:32 ubuntu systemd[1]: Created slice User Slice of huawei.
Oct 19 16:54:32 ubuntu systemd[1]: Starting User Manager for UID 1000...
Oct 19 16:54:32 ubuntu systemd[1]: Started Session 1 of user huawei.
Oct 19 16:54:33 ubuntu systemd[1396]: Reached target Paths.
Oct 19 16:54:33 ubuntu systemd[1396]: Reached target Timers.
Oct 19 16:54:33 ubuntu systemd[1396]: Listening on REST API socket for snapd user session agent.
Oct 19 16:54:33 ubuntu systemd[1396]: Listening on GnuPG cryptographic agent (ssh-agent emulation).
Oct 19 16:54:33 ubuntu systemd[1396]: Listening on GnuPG network certificate management daemon.
Oct 19 16:54:33 ubuntu systemd[1396]: Listening on GnuPG cryptographic agent and passphrase cache (restricted).
Oct 19 16:54:33 ubuntu systemd[1396]: Listening on GnuPG cryptographic agent and passphrase cache (access for web browsers).
Oct 19 16:54:33 ubuntu systemd[1396]: Listening on GnuPG cryptographic agent and passphrase cache.
Oct 19 16:54:33 ubuntu systemd[1396]: Reached target Sockets.
Oct 19 16:54:33 ubuntu systemd[1396]: Reached target Basic System.
Oct 19 16:54:33 ubuntu systemd[1396]: Reached target Default.
Oct 19 16:54:33 ubuntu systemd[1396]: Startup finished in 67ms.
Oct 19 16:54:33 ubuntu systemd[1]: Started User Manager for UID 1000.
Oct 19 16:54:40 ubuntu snapd[1129]: daemon.go:540: gracefully waiting for running hooks
Oct 19 16:54:40 ubuntu snapd[1129]: daemon.go:542: done waiting for running hooks
Oct 19 16:54:40 ubuntu snapd[1129]: daemon stop requested to wait for socket activation
Oct 19 16:54:55 ubuntu systemd-timesyncd[1058]: Synchronized to time server 91.189.89.199:123 (ntp.ubuntu.com).
Oct 19 16:55:42 ubuntu systemd[1]: Started Session 3 of user huawei.
Oct 19 16:59:12 ubuntu kernel: [  301.763538] Page table allocation set to fixed on node 0
Oct 19 16:59:12 ubuntu kernel: [  301.765293] PTREPL: set state to deactivated.
Oct 19 16:59:12 ubuntu kernel: [  301.774441] PROCFS: Command ot drain the pgtable cache
Oct 19 16:59:12 ubuntu kernel: [  301.785585] PROCFS: Command ot populate the pgtable cache
Oct 19 16:59:12 ubuntu kernel: [  301.785590] PGREPL: populating pgtable cache with 1100000 tables per node
Oct 19 16:59:12 ubuntu kernel: [  301.785594] PGREPL: populating pgtable cache node[0] with 1100000 tables
Oct 19 16:59:15 ubuntu kernel: [  304.854242] PGREPL: node[0] populated with 1100000  tables
Oct 19 16:59:15 ubuntu kernel: [  304.894298] [mitosis] kernel_set_pgtlbreplpolicy: pid = 1594
Oct 19 16:59:15 ubuntu kernel: [  304.894301] PTREP: Called pgtbl_repl_prepare_replication
Oct 19 16:59:15 ubuntu kernel: [  304.894302] [mitosis] pgtbl_repl_prepare_replication  for mm=ffff0004d6e8a800.
Oct 19 16:59:15 ubuntu kernel: [  304.894303] ------PTREPL: alloc pgd start------
Oct 19 16:59:15 ubuntu kernel: [  304.894304] [mitosis] nr_node_ids=1.
Oct 19 16:59:15 ubuntu kernel: [  304.894305] [mitosis] pgd_alloc origin mm->pgd =ffff0004d646a000.
Oct 19 16:59:15 ubuntu kernel: [  304.894308] [mitosis] pgd_alloc mm->repl_pgd[0]=ffff0003b9a72000.
Oct 19 16:59:15 ubuntu kernel: [  304.894308] ------PTREPL: alloc pgd success------
Oct 19 16:59:15 ubuntu kernel: [  304.894310] pgtbl_repl_prepare_replication:960 pgd=ffff0004d646a000..ffff0004d646afff
Oct 19 16:59:15 ubuntu kernel: [  304.894311] PTREP: pgd_idx = 341and pgd=ffff0004d646aaa8  and pgd[341]=51298b003
Oct 19 16:59:15 ubuntu kernel: [  304.894313] pgtbl_repl_prepare_replication:968 pgd[341]'s pud=ffff0004d298b000..ffff0004d298bfff
Oct 19 16:59:15 ubuntu kernel: [  304.894313] pgtbl_repl_prepare_replication:972 1 pfn=51298b   2 pfn=51298b
Oct 19 16:59:15 ubuntu kernel: [  304.894315] [mitosis] __pgtable_repl_alloc_one origin pagep=ffff0004d298b000 and new pagep = ffff0003b9a71000
Oct 19 16:59:15 ubuntu kernel: [  304.894316] ------PTREPL: set_pgd start------
Oct 19 16:59:15 ubuntu kernel: [  304.894318] PTREP: set_pgd offset=aa8 and node0 origin pgd=ffff0003b9a72000  and pgd+offset=ffff0003b9a72aa8  and pud=ffff0003b9a71000 and pdgval=3f9a71003
Oct 19 16:59:15 ubuntu kernel: [  304.894319] ------PTREPL: set_pgd done------
Oct 19 16:59:15 ubuntu kernel: [  304.894319] [mitosis] start search pud .......
Oct 19 16:59:15 ubuntu kernel: [  304.894321] PTREP: pud_idx = 171and pud=ffff0004d298b558  and pud[171]=513857003
Oct 19 16:59:15 ubuntu kernel: [  304.894322] pgtbl_repl_prepare_replication:991 pud[171]'s pmd=ffff0004d3857000..ffff0004d3857fff
Oct 19 16:59:15 ubuntu kernel: [  304.894323] pgtbl_repl_prepare_replication:992 1 pfn=513857   2 pfn=513857
Oct 19 16:59:15 ubuntu kernel: [  304.894325] [mitosis] __pgtable_repl_alloc_one origin pagep=ffff0004d3857000 and new pagep = ffff0003b9a70000
Oct 19 16:59:15 ubuntu kernel: [  304.894326] ------PTREPL: set_pud start------
Oct 19 16:59:15 ubuntu kernel: [  304.894328] PTREP: set_pud offset=558 and node0 origin pud=ffff0003b9a71000  and pud+offset=ffff0003b9a71558  and pmd=ffff0003b9a70000 and pudval=3f9a70003
Oct 19 16:59:15 ubuntu kernel: [  304.894328] ------PTREPL: set_pud done------
Oct 19 16:59:15 ubuntu kernel: [  304.894330] PTREP: pmd_idx = 308and pmd=ffff0004d38579a0  and pmd[308]=4d4cbe003
Oct 19 16:59:15 ubuntu kernel: [  304.894331] pgtbl_repl_prepare_replication:1011 pmd[308]'s pte=ffff000494cbe000..ffff000494cbefff
Oct 19 16:59:15 ubuntu kernel: [  304.894332] pgtbl_repl_prepare_replication:1012 1 pfn=4d4cbe   2 pfn=4d4cbe
Oct 19 16:59:15 ubuntu kernel: [  304.894334] [mitosis] __pgtable_repl_alloc_one origin pagep=ffff000494cbe000 and new pagep = ffff0003b9a6f000
Oct 19 16:59:15 ubuntu kernel: [  304.894335] ------PTREPL: set_pmd start------
Oct 19 16:59:15 ubuntu kernel: [  304.894336] PTREP: set_pmd offset=9a0 and node0 origin pmd=ffff0003b9a70000  and pmd+offset=ffff0003b9a709a0  and pte=ffff0003b9a6f000 and pmdval=3f9a6f003
Oct 19 16:59:15 ubuntu kernel: [  304.894337] ------PTREPL: set_pmd done------
Oct 19 16:59:15 ubuntu kernel: [  304.894338] PTREP: pte_idx = 22and pte=ffff000494cbe0b0  and pte[22]=2000050a091fd3
Oct 19 16:59:15 ubuntu kernel: [  304.894338] ------PTREPL: set_pte start------
Oct 19 16:59:15 ubuntu kernel: [  304.894339] PTREP: set_pte offset=b0 and node0 origin pte=ffff0003b9a6f000  and pte+offset=ffff0003b9a6f0b0  and pteval=2000050a091fd3
Oct 19 16:59:15 ubuntu kernel: [  304.894340] ------PTREPL: set_pte done------
Oct 19 16:59:15 ubuntu kernel: [  304.894341] PTREP: pte_idx = 23and pte=ffff000494cbe0b8  and pte[23]=200004d5d3dfd3
Oct 19 16:59:15 ubuntu kernel: [  304.894342] ------PTREPL: set_pte start------
Oct 19 16:59:15 ubuntu kernel: [  304.894343] PTREP: set_pte offset=b8 and node0 origin pte=ffff0003b9a6f000  and pte+offset=ffff0003b9a6f0b8  and pteval=200004d5d3dfd3
Oct 19 16:59:15 ubuntu kernel: [  304.894343] ------PTREPL: set_pte done------
Oct 19 16:59:15 ubuntu kernel: [  304.894344] PTREP: pte_idx = 24and pte=ffff000494cbe0c0  and pte[24]=2000050e260fd3
Oct 19 16:59:15 ubuntu kernel: [  304.894345] ------PTREPL: set_pte start------
Oct 19 16:59:15 ubuntu kernel: [  304.894346] PTREP: set_pte offset=c0 and node0 origin pte=ffff0003b9a6f000  and pte+offset=ffff0003b9a6f0c0  and pteval=2000050e260fd3
Oct 19 16:59:15 ubuntu kernel: [  304.894347] ------PTREPL: set_pte done------
Oct 19 16:59:15 ubuntu kernel: [  304.894348] PTREP: pte_idx = 25and pte=ffff000494cbe0c8  and pte[25]=2000050a6bffd3
Oct 19 16:59:15 ubuntu kernel: [  304.894348] ------PTREPL: set_pte start------
Oct 19 16:59:15 ubuntu kernel: [  304.894349] PTREP: set_pte offset=c8 and node0 origin pte=ffff0003b9a6f000  and pte+offset=ffff0003b9a6f0c8  and pteval=2000050a6bffd3
Oct 19 16:59:15 ubuntu kernel: [  304.894350] ------PTREPL: set_pte done------
Oct 19 16:59:15 ubuntu kernel: [  304.894351] PTREP: pte_idx = 26and pte=ffff000494cbe0d0  and pte[26]=2000050f79cfd3
Oct 19 16:59:15 ubuntu kernel: [  304.894352] ------PTREPL: set_pte start------
Oct 19 16:59:15 ubuntu kernel: [  304.894353] PTREP: set_pte offset=d0 and node0 origin pte=ffff0003b9a6f000  and pte+offset=ffff0003b9a6f0d0  and pteval=2000050f79cfd3
Oct 19 16:59:15 ubuntu kernel: [  304.894353] ------PTREPL: set_pte done------
Oct 19 16:59:15 ubuntu kernel: [  304.894354] PTREP: pte_idx = 27and pte=ffff000494cbe0d8  and pte[27]=2000053c3e0fd3
Oct 19 16:59:15 ubuntu kernel: [  304.894355] ------PTREPL: set_pte start------
Oct 19 16:59:15 ubuntu kernel: [  304.894355] PTREP: set_pte offset=d8 and node0 origin pte=ffff0003b9a6f000  and pte+offset=ffff0003b9a6f0d8  and pteval=2000053c3e0fd3
Oct 19 16:59:15 ubuntu kernel: [  304.894356] ------PTREPL: set_pte done------
Oct 19 16:59:15 ubuntu kernel: [  304.894357] PTREP: pte_idx = 44and pte=ffff000494cbe160  and pte[44]=e000050c24efd3
Oct 19 16:59:15 ubuntu kernel: [  304.894358] ------PTREPL: set_pte start------
Oct 19 16:59:15 ubuntu kernel: [  304.894359] PTREP: set_pte offset=160 and node0 origin pte=ffff0003b9a6f000  and pte+offset=ffff0003b9a6f160  and pteval=e000050c24efd3
Oct 19 16:59:15 ubuntu kernel: [  304.894359] ------PTREPL: set_pte done------
Oct 19 16:59:15 ubuntu kernel: [  304.894360] PTREP: pte_idx = 45and pte=ffff000494cbe168  and pte[45]=e800053cf79f53
Oct 19 16:59:15 ubuntu kernel: [  304.894361] ------PTREPL: set_pte start------
Oct 19 16:59:15 ubuntu kernel: [  304.894362] PTREP: set_pte offset=168 and node0 origin pte=ffff0003b9a6f000  and pte+offset=ffff0003b9a6f168  and pteval=e800053cf79f53
Oct 19 16:59:15 ubuntu kernel: [  304.894363] ------PTREPL: set_pte done------
Oct 19 16:59:15 ubuntu kernel: [  304.894365] PTREP: pud_idx = 172and pud=ffff0004d298b560  and pud[172]=5165a7003
Oct 19 16:59:15 ubuntu kernel: [  304.894366] pgtbl_repl_prepare_replication:991 pud[172]'s pmd=ffff0004d65a7000..ffff0004d65a7fff
Oct 19 16:59:15 ubuntu kernel: [  304.894367] pgtbl_repl_prepare_replication:992 1 pfn=5165a7   2 pfn=5165a7
Oct 19 16:59:15 ubuntu kernel: [  304.894368] [mitosis] __pgtable_repl_alloc_one origin pagep=ffff0004d65a7000 and new pagep = ffff0003b9a6e000
Oct 19 16:59:15 ubuntu kernel: [  304.894369] ------PTREPL: set_pud start------
Oct 19 16:59:15 ubuntu kernel: [  304.894370] PTREP: set_pud offset=560 and node0 origin pud=ffff0003b9a71000  and pud+offset=ffff0003b9a71560  and pmd=ffff0003b9a6e000 and pudval=3f9a6e003
Oct 19 16:59:15 ubuntu kernel: [  304.894371] ------PTREPL: set_pud done------
Oct 19 16:59:15 ubuntu kernel: [  304.894372] PTREP: pmd_idx = 241and pmd=ffff0004d65a7788  and pmd[241]=51f443003
Oct 19 16:59:15 ubuntu kernel: [  304.894373] pgtbl_repl_prepare_replication:1011 pmd[241]'s pte=ffff0004df443000..ffff0004df443fff
Oct 19 16:59:15 ubuntu kernel: [  304.894374] pgtbl_repl_prepare_replication:1012 1 pfn=51f443   2 pfn=51f443
Oct 19 16:59:15 ubuntu kernel: [  304.894375] [mitosis] __pgtable_repl_alloc_one origin pagep=ffff0004df443000 and new pagep = ffff0003b9a6d000
Oct 19 16:59:15 ubuntu kernel: [  304.894376] ------PTREPL: set_pmd start------
Oct 19 16:59:15 ubuntu kernel: [  304.894377] PTREP: set_pmd offset=788 and node0 origin pmd=ffff0003b9a6e000  and pmd+offset=ffff0003b9a6e788  and pte=ffff0003b9a6d000 and pmdval=3f9a6d003
Oct 19 16:59:15 ubuntu kernel: [  304.894378] ------PTREPL: set_pmd done------
Oct 19 16:59:15 ubuntu kernel: [  304.894379] PTREP: pte_idx = 406and pte=ffff0004df443cb0  and pte[406]=e80004d229ff53
Oct 19 16:59:15 ubuntu kernel: [  304.894379] ------PTREPL: set_pte start------
Oct 19 16:59:15 ubuntu kernel: [  304.894380] PTREP: set_pte offset=cb0 and node0 origin pte=ffff0003b9a6d000  and pte+offset=ffff0003b9a6dcb0  and pteval=e80004d229ff53
Oct 19 16:59:15 ubuntu kernel: [  304.894381] ------PTREPL: set_pte done------
Oct 19 16:59:15 ubuntu kernel: [  304.894383] ===================================== end of a page
Oct 19 16:59:15 ubuntu kernel: [  304.894384] PTREP: pgd_idx = 511and pgd=ffff0004d646aff8  and pgd[511]=516f8d003
Oct 19 16:59:15 ubuntu kernel: [  304.894385] pgtbl_repl_prepare_replication:968 pgd[511]'s pud=ffff0004d6f8d000..ffff0004d6f8dfff
Oct 19 16:59:15 ubuntu kernel: [  304.894386] pgtbl_repl_prepare_replication:972 1 pfn=516f8d   2 pfn=516f8d
Oct 19 16:59:15 ubuntu kernel: [  304.894388] [mitosis] __pgtable_repl_alloc_one origin pagep=ffff0004d6f8d000 and new pagep = ffff0003b9a6c000
Oct 19 16:59:15 ubuntu kernel: [  304.894389] ------PTREPL: set_pgd start------
Oct 19 16:59:15 ubuntu kernel: [  304.894390] PTREP: set_pgd offset=ff8 and node0 origin pgd=ffff0003b9a72000  and pgd+offset=ffff0003b9a72ff8  and pud=ffff0003b9a6c000 and pdgval=3f9a6c003
Oct 19 16:59:15 ubuntu kernel: [  304.894390] ------PTREPL: set_pgd done------
Oct 19 16:59:15 ubuntu kernel: [  304.894391] [mitosis] start search pud .......
Oct 19 16:59:15 ubuntu kernel: [  304.894392] PTREP: pud_idx = 510and pud=ffff0004d6f8dff0  and pud[510]=4d3d58003
Oct 19 16:59:15 ubuntu kernel: [  304.894393] pgtbl_repl_prepare_replication:991 pud[510]'s pmd=ffff000493d58000..ffff000493d58fff
Oct 19 16:59:15 ubuntu kernel: [  304.894394] pgtbl_repl_prepare_replication:992 1 pfn=4d3d58   2 pfn=4d3d58
Oct 19 16:59:15 ubuntu kernel: [  304.894396] [mitosis] __pgtable_repl_alloc_one origin pagep=ffff000493d58000 and new pagep = ffff0003b9a6b000
Oct 19 16:59:15 ubuntu kernel: [  304.894396] ------PTREPL: set_pud start------
Oct 19 16:59:15 ubuntu kernel: [  304.894398] PTREP: set_pud offset=ff0 and node0 origin pud=ffff0003b9a6c000  and pud+offset=ffff0003b9a6cff0  and pmd=ffff0003b9a6b000 and pudval=3f9a6b003
Oct 19 16:59:15 ubuntu kernel: [  304.894399] ------PTREPL: set_pud done------
Oct 19 16:59:15 ubuntu kernel: [  304.894400] PTREP: pmd_idx = 344and pmd=ffff000493d58ac0  and pmd[344]=516f2f003
Oct 19 16:59:15 ubuntu kernel: [  304.894401] pgtbl_repl_prepare_replication:1011 pmd[344]'s pte=ffff0004d6f2f000..ffff0004d6f2ffff
Oct 19 16:59:15 ubuntu kernel: [  304.894402] pgtbl_repl_prepare_replication:1012 1 pfn=516f2f   2 pfn=516f2f
Oct 19 16:59:15 ubuntu kernel: [  304.894403] [mitosis] __pgtable_repl_alloc_one origin pagep=ffff0004d6f2f000 and new pagep = ffff0003b9a6a000
Oct 19 16:59:15 ubuntu kernel: [  304.894404] ------PTREPL: set_pmd start------
Oct 19 16:59:15 ubuntu kernel: [  304.894405] PTREP: set_pmd offset=ac0 and node0 origin pmd=ffff0003b9a6b000  and pmd+offset=ffff0003b9a6bac0  and pte=ffff0003b9a6a000 and pmdval=3f9a6a003
Oct 19 16:59:15 ubuntu kernel: [  304.894406] ------PTREPL: set_pmd done------
Oct 19 16:59:15 ubuntu kernel: [  304.894409] PTREP: pmd_idx = 345and pmd=ffff000493d58ac8  and pmd[345]=516f78003
Oct 19 16:59:15 ubuntu kernel: [  304.894409] pgtbl_repl_prepare_replication:1011 pmd[345]'s pte=ffff0004d6f78000..ffff0004d6f78fff
Oct 19 16:59:15 ubuntu kernel: [  304.894410] pgtbl_repl_prepare_replication:1012 1 pfn=516f78   2 pfn=516f78
Oct 19 16:59:15 ubuntu kernel: [  304.894412] [mitosis] __pgtable_repl_alloc_one origin pagep=ffff0004d6f78000 and new pagep = ffff0003b9a69000
Oct 19 16:59:15 ubuntu kernel: [  304.894412] ------PTREPL: set_pmd start------
Oct 19 16:59:15 ubuntu kernel: [  304.894413] PTREP: set_pmd offset=ac8 and node0 origin pmd=ffff0003b9a6b000  and pmd+offset=ffff0003b9a6bac8  and pte=ffff0003b9a69000 and pmdval=3f9a69003
Oct 19 16:59:15 ubuntu kernel: [  304.894414] ------PTREPL: set_pmd done------
Oct 19 16:59:15 ubuntu kernel: [  304.894418] PTREP: pud_idx = 511and pud=ffff0004d6f8dff8  and pud[511]=51f00a003
Oct 19 16:59:15 ubuntu kernel: [  304.894419] pgtbl_repl_prepare_replication:991 pud[511]'s pmd=ffff0004df00a000..ffff0004df00afff
Oct 19 16:59:15 ubuntu kernel: [  304.894420] pgtbl_repl_prepare_replication:992 1 pfn=51f00a   2 pfn=51f00a
Oct 19 16:59:15 ubuntu kernel: [  304.894422] [mitosis] __pgtable_repl_alloc_one origin pagep=ffff0004df00a000 and new pagep = ffff0003b9a68000
Oct 19 16:59:15 ubuntu kernel: [  304.894422] ------PTREPL: set_pud start------
Oct 19 16:59:15 ubuntu kernel: [  304.894423] PTREP: set_pud offset=ff8 and node0 origin pud=ffff0003b9a6c000  and pud+offset=ffff0003b9a6cff8  and pmd=ffff0003b9a68000 and pudval=3f9a68003
Oct 19 16:59:15 ubuntu kernel: [  304.894424] ------PTREPL: set_pud done------
Oct 19 16:59:15 ubuntu kernel: [  304.894425] PTREP: pmd_idx = 53and pmd=ffff0004df00a1a8  and pmd[53]=3f9b10003
Oct 19 16:59:15 ubuntu kernel: [  304.894426] pgtbl_repl_prepare_replication:1011 pmd[53]'s pte=ffff0003b9b10000..ffff0003b9b10fff
Oct 19 16:59:15 ubuntu kernel: [  304.894426] pgtbl_repl_prepare_replication:1012 1 pfn=3f9b10   2 pfn=3f9b10
Oct 19 16:59:15 ubuntu kernel: [  304.894428] [mitosis] __pgtable_repl_alloc_one origin pagep=ffff0003b9b10000 and new pagep = ffff0003b9a67000
Oct 19 16:59:15 ubuntu kernel: [  304.894429] ------PTREPL: set_pmd start------
Oct 19 16:59:15 ubuntu kernel: [  304.894430] PTREP: set_pmd offset=1a8 and node0 origin pmd=ffff0003b9a68000  and pmd+offset=ffff0003b9a681a8  and pte=ffff0003b9a67000 and pmdval=3f9a67003
Oct 19 16:59:15 ubuntu kernel: [  304.894430] ------PTREPL: set_pmd done------
Oct 19 16:59:15 ubuntu kernel: [  304.894432] ===================================== end of a page
Oct 19 16:59:15 ubuntu kernel: [  304.894433] pgtbl_repl_prepare_replication:1038 all: pud_num=4, pmd_num=5, pte_num=325
Oct 19 16:59:15 ubuntu kernel: [  304.894436] cpu_do_switch_mm:283 cpu_do_switch_mm mm=ffff0004d6e8a800, pgd=ffff0003b9a72000, pgd_phys=3f9a72000
Oct 19 16:59:15 ubuntu kernel: [  304.894437] PTREP: Called pgtbl_repl_prepare_replication  done
Oct 19 16:59:15 ubuntu kernel: [  304.894438] [mitosis] pgtable replication enabled for mm=ffff0004d6e8a800.
Oct 19 16:59:15 ubuntu kernel: [  304.894439] [mitosis] pgtable replication err=0.
Oct 19 16:59:15 ubuntu kernel: [  304.894824] cpu_do_switch_mm:283 cpu_do_switch_mm mm=ffff0004d6e8a800, pgd=ffff0003b9a72000, pgd_phys=3f9a72000
Oct 19 16:59:15 ubuntu kernel: [  304.894956] ------PTREPL: free pgd start------
Oct 19 16:59:15 ubuntu kernel: [  304.894958] [mitosis] pgtable_repl_pgd_free mm->pgd=ffff0004d646a000.
Oct 19 16:59:15 ubuntu kernel: [  304.894959] ------PTREPL: free pgd done------
Oct 19 16:59:16 ubuntu kernel: [  305.302844] Page table allocation set to fixed on node 0
Oct 19 16:59:16 ubuntu kernel: [  305.312677] PROCFS: Command ot drain the pgtable cache
Oct 19 16:59:16 ubuntu kernel: [  305.509487] PROCFS: Command ot populate the pgtable cache
Oct 19 16:59:16 ubuntu kernel: [  305.509494] PGREPL: populating pgtable cache with 1100000 tables per node
Oct 19 16:59:16 ubuntu kernel: [  305.509498] PGREPL: populating pgtable cache node[0] with 1100000 tables
Oct 19 16:59:17 ubuntu kernel: [  307.016938] PGREPL: node[0] populated with 1100000  tables
Oct 19 16:59:17 ubuntu kernel: [  307.059059] [mitosis] kernel_set_pgtlbreplpolicy: pid = 1645
Oct 19 16:59:17 ubuntu kernel: [  307.059063] PTREP: Called pgtbl_repl_prepare_replication
Oct 19 16:59:17 ubuntu kernel: [  307.059064] [mitosis] pgtbl_repl_prepare_replication  for mm=ffff0004d400f000.
Oct 19 16:59:17 ubuntu kernel: [  307.059065] ------PTREPL: alloc pgd start------
Oct 19 16:59:17 ubuntu kernel: [  307.059066] [mitosis] nr_node_ids=1.
Oct 19 16:59:17 ubuntu kernel: [  307.059067] [mitosis] pgd_alloc origin mm->pgd =ffff0003b9b76000.
Oct 19 16:59:17 ubuntu kernel: [  307.059072] [mitosis] pgd_alloc mm->repl_pgd[0]=ffff0003b9c44000.
Oct 19 16:59:17 ubuntu kernel: [  307.059072] ------PTREPL: alloc pgd success------
Oct 19 16:59:17 ubuntu kernel: [  307.059074] pgtbl_repl_prepare_replication:960 pgd=ffff0003b9b76000..ffff0003b9b76fff
Oct 19 16:59:17 ubuntu kernel: [  307.059075] PTREP: pgd_idx = 341and pgd=ffff0003b9b76aa8  and pgd[341]=5168c0003
Oct 19 16:59:17 ubuntu kernel: [  307.059077] pgtbl_repl_prepare_replication:968 pgd[341]'s pud=ffff0004d68c0000..ffff0004d68c0fff
Oct 19 16:59:17 ubuntu kernel: [  307.059078] pgtbl_repl_prepare_replication:972 1 pfn=5168c0   2 pfn=5168c0
Oct 19 16:59:17 ubuntu kernel: [  307.059082] [mitosis] __pgtable_repl_alloc_one origin pagep=ffff0004d68c0000 and new pagep = ffff0003b9c43000
Oct 19 16:59:17 ubuntu kernel: [  307.059083] ------PTREPL: set_pgd start------
Oct 19 16:59:17 ubuntu kernel: [  307.059085] PTREP: set_pgd offset=aa8 and node0 origin pgd=ffff0003b9c44000  and pgd+offset=ffff0003b9c44aa8  and pud=ffff0003b9c43000 and pdgval=3f9c43003
Oct 19 16:59:17 ubuntu kernel: [  307.059086] ------PTREPL: set_pgd done------
Oct 19 16:59:17 ubuntu kernel: [  307.059086] [mitosis] start search pud .......
Oct 19 16:59:17 ubuntu kernel: [  307.059088] PTREP: pud_idx = 171and pud=ffff0004d68c0558  and pud[171]=51eb77003
Oct 19 16:59:17 ubuntu kernel: [  307.059089] pgtbl_repl_prepare_replication:991 pud[171]'s pmd=ffff0004deb77000..ffff0004deb77fff
Oct 19 16:59:17 ubuntu kernel: [  307.059089] pgtbl_repl_prepare_replication:992 1 pfn=51eb77   2 pfn=51eb77
Oct 19 16:59:17 ubuntu kernel: [  307.059093] [mitosis] __pgtable_repl_alloc_one origin pagep=ffff0004deb77000 and new pagep = ffff0003b9c42000
Oct 19 16:59:17 ubuntu kernel: [  307.059094] ------PTREPL: set_pud start------
Oct 19 16:59:17 ubuntu kernel: [  307.059096] PTREP: set_pud offset=558 and node0 origin pud=ffff0003b9c43000  and pud+offset=ffff0003b9c43558  and pmd=ffff0003b9c42000 and pudval=3f9c42003
Oct 19 16:59:17 ubuntu kernel: [  307.059096] ------PTREPL: set_pud done------
Oct 19 16:59:17 ubuntu kernel: [  307.059098] PTREP: pmd_idx = 80and pmd=ffff0004deb77280  and pmd[80]=516983003
Oct 19 16:59:17 ubuntu kernel: [  307.059099] pgtbl_repl_prepare_replication:1011 pmd[80]'s pte=ffff0004d6983000..ffff0004d6983fff
