May 19 00:05:22 ubuntu anacron[67295]: Job `cron.daily' terminated
May 19 00:10:20 ubuntu anacron[67295]: Job `cron.weekly' started
May 19 00:10:20 ubuntu anacron[67568]: Updated timestamp for job `cron.weekly' to 2021-05-19
May 19 00:10:20 ubuntu anacron[67295]: Job `cron.weekly' terminated (mailing output)
May 19 00:10:20 ubuntu anacron[67295]: Can't find sendmail at /usr/sbin/sendmail, not mailing output
May 19 00:10:20 ubuntu anacron[67295]: anacron: Can't find sendmail at /usr/sbin/sendmail, not mailing output
May 19 00:10:20 ubuntu anacron[67295]: Normal exit (2 jobs run)
[0mWaiting for benchmark to be done current :2021-05-19 00:15:37
May 19 00:17:01 ubuntu CRON[68461]: (root) CMD (   cd / && run-parts --report /etc/cron.hourly)
Execution Time (seconds): 2552
****success****
memcached : FM completed.
current = 2021-05-19 00:19:19
May 19 00:54:01 ubuntu CRON[69864]: (root) CMD (   test -x /etc/cron.daily/popularity-contest && /etc/cron.daily/popularity-contest --crond)
May 19 01:04:20 ubuntu systemd[1]: Started Run anacron jobs.
May 19 01:04:20 ubuntu anacron[69874]: Anacron 2.3 started on 2021-05-19
May 19 01:04:20 ubuntu anacron[69874]: Normal exit (0 jobs run)
May 19 01:17:01 ubuntu CRON[69899]: (root) CMD (   cd / && run-parts --report /etc/cron.hourly)
May 19 01:26:01 ubuntu systemd[1]: Starting Message of the Day...
May 19 01:26:03 ubuntu 50-motd-news[69906]:  * Pure upstream Kubernetes 1.21, smallest, simplest cluster ops!
May 19 01:26:03 ubuntu 50-motd-news[69906]:      https://microk8s.io/
May 19 01:26:03 ubuntu systemd[1]: Started Message of the Day.
May 19 02:02:02 ubuntu systemd[1]: Started Run anacron jobs.
May 19 02:02:02 ubuntu anacron[69988]: Anacron 2.3 started on 2021-05-19
May 19 02:02:02 ubuntu anacron[69988]: Normal exit (0 jobs run)
May 19 02:17:01 ubuntu CRON[70015]: (root) CMD (   cd / && run-parts --report /etc/cron.hourly)
May 19 03:05:03 ubuntu systemd[1]: Started Run anacron jobs.
May 19 03:05:03 ubuntu anacron[70046]: Anacron 2.3 started on 2021-05-19
May 19 03:05:03 ubuntu anacron[70046]: Normal exit (0 jobs run)
May 19 03:17:01 ubuntu CRON[70070]: (root) CMD (   cd / && run-parts --report /etc/cron.hourly)
May 19 04:01:04 ubuntu systemd[1]: Started Run anacron jobs.
May 19 04:01:04 ubuntu anacron[70102]: Anacron 2.3 started on 2021-05-19
May 19 04:01:04 ubuntu anacron[70102]: Normal exit (0 jobs run)
May 19 04:17:01 ubuntu CRON[70132]: (root) CMD (   cd / && run-parts --report /etc/cron.hourly)
May 19 05:05:05 ubuntu systemd[1]: Started Run anacron jobs.
May 19 05:05:06 ubuntu anacron[70165]: Anacron 2.3 started on 2021-05-19
May 19 05:05:06 ubuntu anacron[70165]: Normal exit (0 jobs run)
May 19 05:17:02 ubuntu CRON[70187]: (root) CMD (   cd / && run-parts --report /etc/cron.hourly)
May 19 06:04:06 ubuntu systemd[1]: Started Run anacron jobs.
May 19 06:04:07 ubuntu anacron[70215]: Anacron 2.3 started on 2021-05-19
May 19 06:04:07 ubuntu anacron[70215]: Normal exit (0 jobs run)
May 19 06:15:15 ubuntu systemd[1]: Starting Daily apt upgrade and clean activities...
May 19 06:15:16 ubuntu systemd[1]: Started Daily apt upgrade and clean activities.
May 19 06:17:01 ubuntu CRON[70318]: (root) CMD (   cd / && run-parts --report /etc/cron.hourly)
May 19 06:25:01 ubuntu CRON[70326]: (root) CMD (test -x /usr/sbin/anacron || ( cd / && run-parts --report /etc/cron.daily ))
May 19 07:02:07 ubuntu systemd[1]: Started Run anacron jobs.
May 19 07:02:08 ubuntu anacron[70345]: Anacron 2.3 started on 2021-05-19
May 19 07:02:08 ubuntu anacron[70345]: Normal exit (0 jobs run)
May 19 07:17:01 ubuntu CRON[70370]: (root) CMD (   cd / && run-parts --report /etc/cron.hourly)
May 19 07:30:01 ubuntu CRON[70380]: (root) CMD ([ -x /etc/init.d/anacron ] && if [ ! -d /run/systemd/system ]; then /usr/sbin/invoke-rc.d anacron start >/dev/null; fi)
May 19 08:04:15 ubuntu systemd[1]: Started Run anacron jobs.
May 19 08:04:15 ubuntu anacron[70393]: Anacron 2.3 started on 2021-05-19
May 19 08:04:15 ubuntu anacron[70393]: Normal exit (0 jobs run)
May 19 08:17:01 ubuntu CRON[70416]: (root) CMD (   cd / && run-parts --report /etc/cron.hourly)
May 19 08:50:09 ubuntu systemd[1]: Starting Daily apt download activities...
May 19 08:50:40 ubuntu systemd-networkd-wait-online[70447]: Event loop failed: Connection timed out
May 19 08:51:10 ubuntu apt-helper[70432]: E: Sub-process /lib/systemd/systemd-networkd-wait-online returned an error code (1)
May 19 08:51:10 ubuntu apt-helper[70432]: E: Sub-process nm-online returned an error code (1)
May 19 08:51:10 ubuntu systemd-resolved[2260]: Server returned error NXDOMAIN, mitigating potential DNS violation DVE-2018-0001, retrying transaction with reduced feature level UDP.
May 19 08:51:11 ubuntu systemd-resolved[2260]: message repeated 2 times: [ Server returned error NXDOMAIN, mitigating potential DNS violation DVE-2018-0001, retrying transaction with reduced feature level UDP.]
May 19 08:51:22 ubuntu systemd[1]: Started Daily apt download activities.
May 19 09:01:10 ubuntu systemd[1]: Started Run anacron jobs.
May 19 09:01:10 ubuntu anacron[71015]: Anacron 2.3 started on 2021-05-19
May 19 09:01:10 ubuntu anacron[71015]: Normal exit (0 jobs run)
May 19 09:17:01 ubuntu CRON[71045]: (root) CMD (   cd / && run-parts --report /etc/cron.hourly)
May 19 09:27:37 ubuntu systemd[1]: Started Session 144 of user huawei.
Start test round: 1
May 19 09:27:50 ubuntu kernel: [381225.045492] Page table allocation set to fixed on node 0
May 19 09:27:50 ubuntu kernel: [381225.053541] PROCFS: Command ot drain the pgtable cache
May 19 09:27:51 ubuntu kernel: [381225.967403] PROCFS: Command ot populate the pgtable cache
May 19 09:27:51 ubuntu kernel: [381225.967407] PGREPL: populating pgtable cache with 1100000 tables per node
May 19 09:27:51 ubuntu kernel: [381225.967408] PGREPL: populating pgtable cache node[0] with 1100000 tables
May 19 09:27:52 ubuntu kernel: [381226.916057] PGREPL: node[0] populated with 1100000  tables
May 19 09:27:52 ubuntu kernel: [381226.916061] PGREPL: populating pgtable cache node[1] with 1100000 tables
May 19 09:27:53 ubuntu kernel: [381227.577469] PGREPL: node[1] populated with 1100000  tables
May 19 09:27:53 ubuntu kernel: [381227.577472] PGREPL: populating pgtable cache node[2] with 1100000 tables
May 19 09:27:54 ubuntu kernel: [381229.028317] PGREPL: node[2] populated with 1100000  tables
May 19 09:27:54 ubuntu kernel: [381229.028320] PGREPL: populating pgtable cache node[3] with 1100000 tables
May 19 09:27:56 ubuntu kernel: [381230.636285] PGREPL: node[3] populated with 1100000  tables
[0mWaiting for benchmark: 71226 to be ready
May 19 09:27:56 ubuntu kernel: [381230.672289] [mitosis] NOTE: version = 6
May 19 09:27:56 ubuntu kernel: [381230.672291] [mitosis] kernel_set_pgtlbreplpolicy: pid = 71226
May 19 09:27:56 ubuntu kernel: [381230.672293] PTREP: Called pgtbl_repl_prepare_replication version 2
May 19 09:27:56 ubuntu kernel: [381230.672294] [mitosis] pgtbl_repl_prepare_replication  for mm=ffff002fc51f3c00.
May 19 09:27:56 ubuntu kernel: [381230.672295] [mitosis]------PTREPL: alloc pgd start------
May 19 09:27:56 ubuntu kernel: [381230.672296] [mitosis] nr_node_ids=4.
May 19 09:27:56 ubuntu kernel: [381230.672296] [mitosis] pgd_alloc origin mm->pgd =ffff002a60735000.
May 19 09:27:56 ubuntu kernel: [381230.672299] [mitosis] pgd_alloc mm->repl_pgd[0]=ffff0024af138000.
May 19 09:27:56 ubuntu kernel: [381230.672300] [mitosis] pgd_alloc mm->repl_pgd[1]=ffff002a5956c000.
May 19 09:27:56 ubuntu kernel: [381230.672304] [mitosis] pgd_alloc mm->repl_pgd[2]=ffff2026bf948000.
May 19 09:27:56 ubuntu kernel: [381230.672305] [mitosis] pgd_alloc mm->repl_pgd[3]=ffff202886993000.
May 19 09:27:56 ubuntu kernel: [381230.672306] ------PTREPL: alloc pgd success------
May 19 09:27:56 ubuntu kernel: [381230.672308] pgtbl_repl_prepare_replication:1156 pgd=ffff002a60735000..ffff002a60735fff
May 19 09:27:56 ubuntu kernel: [381230.672309] PTREP: pgd_idx = 341ï¼Œand pgd=ffff002a60735aa8  and pgd[341]=2e2fc49003
May 19 09:27:56 ubuntu kernel: [381230.672311] pgtbl_repl_prepare_replication:1164 pgd[341]'s pud=ffff002e2fc49000..ffff002e2fc49fff
May 19 09:27:56 ubuntu kernel: [381230.672312] pgtbl_repl_prepare_replication:1168 another func __va pud=ffff002e2fc49000..ffff002e2fc49fff
May 19 09:27:56 ubuntu kernel: [381230.672313] pgtbl_repl_prepare_replication:1169 1 pfn=2e2fc49   2 pfn=2e2fc49
May 19 09:27:56 ubuntu kernel: [381230.672319] [mitosis] start search pud .......
May 19 09:27:56 ubuntu kernel: [381230.672321] PTREP: pud_idx = 171ï¼Œand pud=ffff002e2fc49558  and pud[171]=2de1679003
May 19 09:27:56 ubuntu kernel: [381230.672322] pgtbl_repl_prepare_replication:1188 pud[171]'s pmd=ffff002de1679000..ffff002de1679fff
May 19 09:27:56 ubuntu kernel: [381230.672323] pgtbl_repl_prepare_replication:1189 1 pfn=2de1679   2 pfn=2de1679
May 19 09:27:56 ubuntu kernel: [381230.672329] PTREP: pmd_idx = 277ï¼Œand pmd=ffff002de16798a8  and pmd[277]=29dae88003
May 19 09:27:56 ubuntu kernel: [381230.672330] pgtbl_repl_prepare_replication:1208 pmd[277]'s pte=ffff0029dae88000..ffff0029dae88fff
May 19 09:27:56 ubuntu kernel: [381230.672331] pgtbl_repl_prepare_replication:1209 1 pfn=29dae88   2 pfn=29dae88
May 19 09:27:56 ubuntu kernel: [381230.672338] PTREP: pmd_idx = 389ï¼Œand pmd=ffff002de1679c28  and pmd[389]=2fd553d003
May 19 09:27:56 ubuntu kernel: [381230.672338] pgtbl_repl_prepare_replication:1208 pmd[389]'s pte=ffff002fd553d000..ffff002fd553dfff
May 19 09:27:56 ubuntu kernel: [381230.672340] pgtbl_repl_prepare_replication:1209 1 pfn=2fd553d   2 pfn=2fd553d
May 19 09:27:56 ubuntu kernel: [381230.672347] ===================================== end of a page
May 19 09:27:56 ubuntu kernel: [381230.672348] PTREP: pgd_idx = 511ï¼Œand pgd=ffff002a60735ff8  and pgd[511]=2a604ef003
May 19 09:27:56 ubuntu kernel: [381230.672349] pgtbl_repl_prepare_replication:1164 pgd[511]'s pud=ffff002a604ef000..ffff002a604effff
May 19 09:27:56 ubuntu kernel: [381230.672350] pgtbl_repl_prepare_replication:1168 another func __va pud=ffff002a604ef000..ffff002a604effff
May 19 09:27:56 ubuntu kernel: [381230.672351] pgtbl_repl_prepare_replication:1169 1 pfn=2a604ef   2 pfn=2a604ef
May 19 09:27:56 ubuntu kernel: [381230.672355] [mitosis] start search pud .......
May 19 09:27:56 ubuntu kernel: [381230.672357] PTREP: pud_idx = 510ï¼Œand pud=ffff002a604efff0  and pud[510]=2ab71dc003
May 19 09:27:56 ubuntu kernel: [381230.672358] pgtbl_repl_prepare_replication:1188 pud[510]'s pmd=ffff002ab71dc000..ffff002ab71dcfff
May 19 09:27:56 ubuntu kernel: [381230.672359] pgtbl_repl_prepare_replication:1189 1 pfn=2ab71dc   2 pfn=2ab71dc
May 19 09:27:56 ubuntu kernel: [381230.672365] PTREP: pmd_idx = 223ï¼Œand pmd=ffff002ab71dc6f8  and pmd[223]=2a607a9003
May 19 09:27:56 ubuntu kernel: [381230.672366] pgtbl_repl_prepare_replication:1208 pmd[223]'s pte=ffff002a607a9000..ffff002a607a9fff
May 19 09:27:56 ubuntu kernel: [381230.672367] pgtbl_repl_prepare_replication:1209 1 pfn=2a607a9   2 pfn=2a607a9
May 19 09:27:56 ubuntu kernel: [381230.672376] PTREP: pmd_idx = 224ï¼Œand pmd=ffff002ab71dc700  and pmd[224]=2dd7410003
May 19 09:27:56 ubuntu kernel: [381230.672377] pgtbl_repl_prepare_replication:1208 pmd[224]'s pte=ffff002dd7410000..ffff002dd7410fff
May 19 09:27:56 ubuntu kernel: [381230.672378] pgtbl_repl_prepare_replication:1209 1 pfn=2dd7410   2 pfn=2dd7410
May 19 09:27:56 ubuntu kernel: [381230.672386] PTREP: pud_idx = 511ï¼Œand pud=ffff002a604efff8  and pud[511]=2fc5077003
May 19 09:27:56 ubuntu kernel: [381230.672387] pgtbl_repl_prepare_replication:1188 pud[511]'s pmd=ffff002fc5077000..ffff002fc5077fff
May 19 09:27:56 ubuntu kernel: [381230.672388] pgtbl_repl_prepare_replication:1189 1 pfn=2fc5077   2 pfn=2fc5077
May 19 09:27:56 ubuntu kernel: [381230.672394] PTREP: pmd_idx = 176ï¼Œand pmd=ffff002fc5077580  and pmd[176]=2fc7ad2003
May 19 09:27:56 ubuntu kernel: [381230.672395] pgtbl_repl_prepare_replication:1208 pmd[176]'s pte=ffff002fc7ad2000..ffff002fc7ad2fff
May 19 09:27:56 ubuntu kernel: [381230.672396] pgtbl_repl_prepare_replication:1209 1 pfn=2fc7ad2   2 pfn=2fc7ad2
May 19 09:27:56 ubuntu kernel: [381230.672403] ===================================== end of a page
May 19 09:27:56 ubuntu kernel: [381230.672404] pgtbl_repl_prepare_replication:1235 all: pud_num=3, pmd_num=5, pte_num=316
May 19 09:27:56 ubuntu kernel: [381230.672405] PTREP: Called pgtbl_repl_prepare_replication  done
May 19 09:27:56 ubuntu kernel: [381230.672406] [mitosis] pgtable replication enabled for mm=ffff002fc51f3c00.
May 19 09:27:56 ubuntu kernel: [381230.672407] [mitosis] pgtable replication err=0.
May 19 09:27:56 ubuntu kernel: [381230.672428] [mitosis]------PTREPL: alloc pgd start------
May 19 09:27:56 ubuntu kernel: [381230.672429] [mitosis] nr_node_ids=4.
May 19 09:27:56 ubuntu kernel: [381230.672430] [mitosis] pgd_alloc origin mm->pgd =ffff002fd3463000.
May 19 09:27:56 ubuntu kernel: [381230.672432] [mitosis] pgd_alloc mm->repl_pgd[0]=ffff0024af12d000.
May 19 09:27:56 ubuntu kernel: [381230.672433] [mitosis] pgd_alloc mm->repl_pgd[1]=ffff002a59561000.
May 19 09:27:56 ubuntu kernel: [381230.672435] [mitosis] pgd_alloc mm->repl_pgd[2]=ffff2026bf93d000.
May 19 09:27:56 ubuntu kernel: [381230.672437] [mitosis] pgd_alloc mm->repl_pgd[3]=ffff202886988000.
May 19 09:27:56 ubuntu kernel: [381230.672437] ------PTREPL: alloc pgd success------
May 19 09:27:56 ubuntu kernel: [381230.672622] [mitosis] PTREPL: free pgd start 
May 19 09:27:56 ubuntu kernel: [381230.672624] [mitosis] pgtable_repl_pgd_free freed pgd=ffff002a60735000 and mm->pgd=ffff002a60735000.
May 19 09:27:56 ubuntu kernel: [381230.672625] [mitosis]------PTREPL: free pgd done------
May 19 09:27:56 ubuntu kernel: [381230.674001] [mitosis]------PTREPL: alloc pgd start------
May 19 09:27:56 ubuntu kernel: [381230.674003] [mitosis] nr_node_ids=4.
May 19 09:27:56 ubuntu kernel: [381230.674004] [mitosis] pgd_alloc origin mm->pgd =ffff002a073d8000.
May 19 09:27:56 ubuntu kernel: [381230.674006] [mitosis] pgd_alloc mm->repl_pgd[0]=ffff0024af120000.
May 19 09:27:56 ubuntu kernel: [381230.674008] [mitosis] pgd_alloc mm->repl_pgd[1]=ffff002a59554000.
May 19 09:27:56 ubuntu kernel: [381230.674010] [mitosis] pgd_alloc mm->repl_pgd[2]=ffff2026bf930000.
May 19 09:27:56 ubuntu kernel: [381230.674012] [mitosis] pgd_alloc mm->repl_pgd[3]=ffff20288697b000.
May 19 09:27:56 ubuntu kernel: [381230.674012] ------PTREPL: alloc pgd success------
May 19 09:28:04 ubuntu kernel: [381238.912312] [mitosis] PTREPL: free pgd start 
May 19 09:28:04 ubuntu kernel: [381238.912316] [mitosis] pgtable_repl_pgd_free freed pgd=ffff002fd3463000 and mm->pgd=ffff002fd3463000.
May 19 09:28:04 ubuntu kernel: [381238.912319] [mitosis]------PTREPL: free pgd done------
May 19 09:28:12 ubuntu kernel: [381247.148486] [mitosis] PTREPL: free pgd start 
May 19 09:28:12 ubuntu kernel: [381247.148492] [mitosis] pgtable_repl_pgd_free freed pgd=ffff002270c33000 and mm->pgd=ffff002270c33000.
May 19 09:28:12 ubuntu kernel: [381247.148515] [mitosis]------PTREPL: free pgd done------
May 19 10:01:11 ubuntu systemd[1]: Started Run anacron jobs.
May 19 10:01:11 ubuntu anacron[71459]: Anacron 2.3 started on 2021-05-19
May 19 10:01:11 ubuntu anacron[71459]: Normal exit (0 jobs run)
[0mWaiting for benchmark to be done current :2021-05-19 10:07:47
Execution Time (seconds): 2618
****success****
memcached : FM completed.
current = 2021-05-19 10:11:34
May 19 10:17:01 ubuntu CRON[73796]: (root) CMD (   cd / && run-parts --report /etc/cron.hourly)
May 19 10:40:57 ubuntu systemd[1]: Started Session 146 of user huawei.
May 19 11:04:12 ubuntu systemd[1]: Started Run anacron jobs.
May 19 11:04:12 ubuntu anacron[73964]: Anacron 2.3 started on 2021-05-19
May 19 11:04:12 ubuntu anacron[73964]: Normal exit (0 jobs run)
May 19 11:17:01 ubuntu CRON[73991]: (root) CMD (   cd / && run-parts --report /etc/cron.hourly)
May 19 11:53:01 ubuntu systemd[1]: Started Session 148 of user huawei.
May 19 12:05:13 ubuntu systemd[1]: Started Run anacron jobs.
May 19 12:05:13 ubuntu anacron[74157]: Anacron 2.3 started on 2021-05-19
May 19 12:05:13 ubuntu anacron[74157]: Normal exit (0 jobs run)
Start test round: 1
May 19 12:09:54 ubuntu kernel: [390949.102521] Page table allocation set to normal behavior
May 19 12:09:54 ubuntu kernel: [390949.110891] PROCFS: Command ot drain the pgtable cache
[0mWaiting for benchmark: 74237 to be ready
May 19 12:10:02 ubuntu kernel: [390956.231595] [mitosis] PTREPL: free pgd start 
May 19 12:10:02 ubuntu kernel: [390956.231602] [mitosis] pgtable_repl_pgd_free freed pgd=ffff002a073d8000 and mm->pgd=ffff002a073d8000.
May 19 12:10:02 ubuntu kernel: [390956.231604] [mitosis]------PTREPL: free pgd done------
May 19 12:17:01 ubuntu CRON[74309]: (root) CMD (   cd / && run-parts --report /etc/cron.hourly)
May 19 13:05:14 ubuntu systemd[1]: Started Run anacron jobs.
May 19 13:05:14 ubuntu anacron[74582]: Anacron 2.3 started on 2021-05-19
May 19 13:05:14 ubuntu anacron[74582]: Normal exit (0 jobs run)
[0mWaiting for benchmark to be done current :2021-05-19 13:12:37
May 19 13:17:01 ubuntu CRON[74635]: (root) CMD (   cd / && run-parts --report /etc/cron.hourly)
May 19 14:02:20 ubuntu systemd[1]: Started Run anacron jobs.
May 19 14:02:20 ubuntu anacron[74688]: Anacron 2.3 started on 2021-05-19
May 19 14:02:20 ubuntu anacron[74688]: Normal exit (0 jobs run)
May 19 14:17:01 ubuntu CRON[74721]: (root) CMD (   cd / && run-parts --report /etc/cron.hourly)
May 19 14:23:06 ubuntu systemd[1]: Started Session 152 of user huawei.
Start test round: 1
May 19 14:29:11 ubuntu kernel: [399305.876565] Page table allocation set to normal behavior
May 19 14:29:11 ubuntu kernel: [399305.883573] PROCFS: Command ot drain the pgtable cache
[0mWaiting for benchmark to be done current :2021-05-19 14:29:11
Execution Time (seconds): 221
****success****
memcached : F completed.
current = 2021-05-19 14:32:52
Start test round: 1
May 19 14:53:00 ubuntu kernel: [400735.039650] Page table allocation set to normal behavior
May 19 14:53:00 ubuntu kernel: [400735.048959] PROCFS: Command ot drain the pgtable cache
[0mWaiting for benchmark to be done current :2021-05-19 14:53:00
Execution Time (seconds): 231
****success****
memcached : F completed.
current = 2021-05-19 14:56:51
Start test round: 1
May 19 15:02:37 ubuntu kernel: [401311.522037] Page table allocation set to normal behavior
May 19 15:02:37 ubuntu kernel: [401311.529848] PROCFS: Command ot drain the pgtable cache
[0mWaiting for benchmark to be done current :2021-05-19 15:02:37
May 19 15:04:15 ubuntu systemd[1]: Started Run anacron jobs.
May 19 15:04:15 ubuntu anacron[80643]: Anacron 2.3 started on 2021-05-19
May 19 15:04:15 ubuntu anacron[80643]: Normal exit (0 jobs run)
Execution Time (seconds): 215
****success****
memcached : F completed.
current = 2021-05-19 15:06:12
May 19 15:13:43 ubuntu systemd-memcached-wrapper[2795]: Signal handled: Terminated.
May 19 15:13:43 ubuntu systemd[1]: memcached.service: Service hold-off time over, scheduling restart.
May 19 15:13:43 ubuntu systemd[1]: memcached.service: Scheduled restart job, restart counter is at 1.
May 19 15:13:43 ubuntu systemd[1]: Stopped memcached daemon.
May 19 15:13:43 ubuntu systemd[1]: Started memcached daemon.
May 19 15:14:45 ubuntu systemd[1]: Stopping memcached daemon...
May 19 15:14:45 ubuntu systemd-memcached-wrapper[81857]: Signal handled: Terminated.
May 19 15:14:45 ubuntu systemd[1]: Stopped memcached daemon.
Start test round: 1
May 19 15:15:06 ubuntu kernel: [402061.054541] Page table allocation set to normal behavior
May 19 15:15:06 ubuntu kernel: [402061.062995] PROCFS: Command ot drain the pgtable cache
[0mWaiting for benchmark to be done current :2021-05-19 15:15:06
May 19 15:17:01 ubuntu CRON[83152]: (root) CMD (   cd / && run-parts --report /etc/cron.hourly)
Execution Time (seconds): 219
****success****
memcached : F completed.
current = 2021-05-19 15:18:45
Start test round: 1
May 19 15:21:52 ubuntu kernel: [402466.420472] Page table allocation set to normal behavior
May 19 15:21:52 ubuntu kernel: [402466.429213] PROCFS: Command ot drain the pgtable cache
[0mWaiting for benchmark to be done current :2021-05-19 15:21:52
Execution Time (seconds): 221
****success****
memcached : F completed.
current = 2021-05-19 15:25:33
Start test round: 1
May 19 15:29:43 ubuntu kernel: [402937.264194] Page table allocation set to normal behavior
May 19 15:29:43 ubuntu kernel: [402937.274615] PROCFS: Command ot drain the pgtable cache
[0mWaiting for benchmark to be done current :2021-05-19 15:29:43
Execution Time (seconds): 225
****success****
memcached : F completed.
current = 2021-05-19 15:33:28
Start test round: 1
May 19 15:40:35 ubuntu kernel: [403589.629711] Page table allocation set to normal behavior
May 19 15:40:35 ubuntu kernel: [403589.638281] PROCFS: Command ot drain the pgtable cache
[0mWaiting for benchmark to be done current :2021-05-19 15:40:35
Execution Time (seconds): 214
****success****
memcached : F completed.
current = 2021-05-19 15:44:09
Start test round: 1
May 19 15:48:47 ubuntu kernel: [404081.616640] Page table allocation set to normal behavior
May 19 15:48:47 ubuntu kernel: [404081.623350] PROCFS: Command ot drain the pgtable cache
[0mWaiting for benchmark to be done current :2021-05-19 15:48:47
Execution Time (seconds): 217
****success****
memcached : F completed.
current = 2021-05-19 15:52:24
Start test round: 1
May 19 15:53:55 ubuntu kernel: [404389.806632] Page table allocation set to normal behavior
May 19 15:53:55 ubuntu kernel: [404389.814626] PROCFS: Command ot drain the pgtable cache
[0mWaiting for benchmark to be done current :2021-05-19 15:53:55
Execution Time (seconds): 209
****success****
memcached : F completed.
current = 2021-05-19 15:57:24
May 19 16:02:15 ubuntu systemd[1]: Started Run anacron jobs.
May 19 16:02:15 ubuntu anacron[95306]: Anacron 2.3 started on 2021-05-19
May 19 16:02:15 ubuntu anacron[95306]: Normal exit (0 jobs run)
May 19 16:03:33 ubuntu systemd[1]: Started Session 154 of user huawei.
Start test round: 1
May 19 16:03:44 ubuntu kernel: [404978.543730] Page table allocation set to normal behavior
May 19 16:03:44 ubuntu kernel: [404978.549677] PROCFS: Command ot drain the pgtable cache
[0mWaiting for benchmark to be done current :2021-05-19 16:03:44
Execution Time (seconds): 203
****success****
memcached : F completed.
current = 2021-05-19 16:07:07
May 19 16:09:04 ubuntu systemd[1]: Started Session 155 of user huawei.
Start test round: 1
May 19 16:11:55 ubuntu kernel: [405469.729555] Page table allocation set to fixed on node 0
May 19 16:11:55 ubuntu kernel: [405469.738289] PROCFS: Command ot drain the pgtable cache
May 19 16:11:55 ubuntu kernel: [405469.745530] PROCFS: Command ot populate the pgtable cache
May 19 16:11:55 ubuntu kernel: [405469.745532] PGREPL: populating pgtable cache with 1100000 tables per node
May 19 16:11:55 ubuntu kernel: [405469.745533] PGREPL: populating pgtable cache node[0] with 1100000 tables
May 19 16:11:56 ubuntu kernel: [405470.411740] PGREPL: node[0] populated with 1100000  tables
May 19 16:11:56 ubuntu kernel: [405470.411743] PGREPL: populating pgtable cache node[1] with 1100000 tables
May 19 16:11:57 ubuntu kernel: [405471.351286] PGREPL: node[1] populated with 1100000  tables
May 19 16:11:57 ubuntu kernel: [405471.351288] PGREPL: populating pgtable cache node[2] with 1100000 tables
May 19 16:11:58 ubuntu kernel: [405472.590799] PGREPL: node[2] populated with 1100000  tables
May 19 16:11:58 ubuntu kernel: [405472.590801] PGREPL: populating pgtable cache node[3] with 1100000 tables
May 19 16:11:59 ubuntu kernel: [405474.011964] PGREPL: node[3] populated with 1100000  tables
[0mWaiting for benchmark: 97688 to be ready
May 19 16:11:59 ubuntu kernel: [405474.040318] [mitosis] NOTE: version = 6
May 19 16:11:59 ubuntu kernel: [405474.040319] [mitosis] kernel_set_pgtlbreplpolicy: pid = 97688
May 19 16:11:59 ubuntu kernel: [405474.040321] PTREP: Called pgtbl_repl_prepare_replication version 2
May 19 16:11:59 ubuntu kernel: [405474.040322] [mitosis] pgtbl_repl_prepare_replication  for mm=ffff00278bb0b800.
May 19 16:11:59 ubuntu kernel: [405474.040322] [mitosis]------PTREPL: alloc pgd start------
May 19 16:11:59 ubuntu kernel: [405474.040323] [mitosis] nr_node_ids=4.
May 19 16:11:59 ubuntu kernel: [405474.040324] [mitosis] pgd_alloc origin mm->pgd =ffff002512986000.
May 19 16:11:59 ubuntu kernel: [405474.040326] [mitosis] pgd_alloc mm->repl_pgd[0]=ffff00241c639000.
May 19 16:11:59 ubuntu kernel: [405474.040328] [mitosis] pgd_alloc mm->repl_pgd[1]=ffff002e9cb42000.
May 19 16:11:59 ubuntu kernel: [405474.040330] [mitosis] pgd_alloc mm->repl_pgd[2]=ffff2024ad3c7000.
May 19 16:11:59 ubuntu kernel: [405474.040332] [mitosis] pgd_alloc mm->repl_pgd[3]=ffff202b62228000.
May 19 16:11:59 ubuntu kernel: [405474.040333] ------PTREPL: alloc pgd success------
May 19 16:11:59 ubuntu kernel: [405474.040334] pgtbl_repl_prepare_replication:1156 pgd=ffff002512986000..ffff002512986fff
May 19 16:11:59 ubuntu kernel: [405474.040336] PTREP: pgd_idx = 341ï¼Œand pgd=ffff002512986aa8  and pgd[341]=27b01f3003
May 19 16:11:59 ubuntu kernel: [405474.040337] pgtbl_repl_prepare_replication:1164 pgd[341]'s pud=ffff0027b01f3000..ffff0027b01f3fff
May 19 16:11:59 ubuntu kernel: [405474.040338] pgtbl_repl_prepare_replication:1168 another func __va pud=ffff0027b01f3000..ffff0027b01f3fff
May 19 16:11:59 ubuntu kernel: [405474.040339] pgtbl_repl_prepare_replication:1169 1 pfn=27b01f3   2 pfn=27b01f3
May 19 16:11:59 ubuntu kernel: [405474.040344] [mitosis] start search pud .......
May 19 16:11:59 ubuntu kernel: [405474.040345] PTREP: pud_idx = 171ï¼Œand pud=ffff0027b01f3558  and pud[171]=27ceeee003
May 19 16:11:59 ubuntu kernel: [405474.040346] pgtbl_repl_prepare_replication:1188 pud[171]'s pmd=ffff0027ceeee000..ffff0027ceeeefff
May 19 16:11:59 ubuntu kernel: [405474.040347] pgtbl_repl_prepare_replication:1189 1 pfn=27ceeee   2 pfn=27ceeee
May 19 16:11:59 ubuntu kernel: [405474.040353] PTREP: pmd_idx = 109ï¼Œand pmd=ffff0027ceeee368  and pmd[109]=27cc721003
May 19 16:11:59 ubuntu kernel: [405474.040353] pgtbl_repl_prepare_replication:1208 pmd[109]'s pte=ffff0027cc721000..ffff0027cc721fff
May 19 16:11:59 ubuntu kernel: [405474.040354] pgtbl_repl_prepare_replication:1209 1 pfn=27cc721   2 pfn=27cc721
May 19 16:11:59 ubuntu kernel: [405474.040361] PTREP: pmd_idx = 303ï¼Œand pmd=ffff0027ceeee978  and pmd[303]=2797e44003
May 19 16:11:59 ubuntu kernel: [405474.040362] pgtbl_repl_prepare_replication:1208 pmd[303]'s pte=ffff002797e44000..ffff002797e44fff
May 19 16:11:59 ubuntu kernel: [405474.040363] pgtbl_repl_prepare_replication:1209 1 pfn=2797e44   2 pfn=2797e44
May 19 16:11:59 ubuntu kernel: [405474.040370] ===================================== end of a page
May 19 16:11:59 ubuntu kernel: [405474.040371] PTREP: pgd_idx = 511ï¼Œand pgd=ffff002512986ff8  and pgd[511]=27d16e4003
May 19 16:11:59 ubuntu kernel: [405474.040372] pgtbl_repl_prepare_replication:1164 pgd[511]'s pud=ffff0027d16e4000..ffff0027d16e4fff
May 19 16:11:59 ubuntu kernel: [405474.040373] pgtbl_repl_prepare_replication:1168 another func __va pud=ffff0027d16e4000..ffff0027d16e4fff
May 19 16:11:59 ubuntu kernel: [405474.040374] pgtbl_repl_prepare_replication:1169 1 pfn=27d16e4   2 pfn=27d16e4
May 19 16:11:59 ubuntu kernel: [405474.040378] [mitosis] start search pud .......
May 19 16:11:59 ubuntu kernel: [405474.040380] PTREP: pud_idx = 509ï¼Œand pud=ffff0027d16e4fe8  and pud[509]=27b20a3003
May 19 16:11:59 ubuntu kernel: [405474.040381] pgtbl_repl_prepare_replication:1188 pud[509]'s pmd=ffff0027b20a3000..ffff0027b20a3fff
May 19 16:11:59 ubuntu kernel: [405474.040381] pgtbl_repl_prepare_replication:1189 1 pfn=27b20a3   2 pfn=27b20a3
May 19 16:11:59 ubuntu kernel: [405474.040387] PTREP: pmd_idx = 510ï¼Œand pmd=ffff0027b20a3ff0  and pmd[510]=27d0db1003
May 19 16:11:59 ubuntu kernel: [405474.040388] pgtbl_repl_prepare_replication:1208 pmd[510]'s pte=ffff0027d0db1000..ffff0027d0db1fff
May 19 16:11:59 ubuntu kernel: [405474.040389] pgtbl_repl_prepare_replication:1209 1 pfn=27d0db1   2 pfn=27d0db1
May 19 16:11:59 ubuntu kernel: [405474.040396] PTREP: pmd_idx = 511ï¼Œand pmd=ffff0027b20a3ff8  and pmd[511]=27cc483003
May 19 16:11:59 ubuntu kernel: [405474.040397] pgtbl_repl_prepare_replication:1208 pmd[511]'s pte=ffff0027cc483000..ffff0027cc483fff
May 19 16:11:59 ubuntu kernel: [405474.040398] pgtbl_repl_prepare_replication:1209 1 pfn=27cc483   2 pfn=27cc483
May 19 16:11:59 ubuntu kernel: [405474.040406] PTREP: pud_idx = 511ï¼Œand pud=ffff0027d16e4ff8  and pud[511]=279839a003
May 19 16:11:59 ubuntu kernel: [405474.040407] pgtbl_repl_prepare_replication:1188 pud[511]'s pmd=ffff00279839a000..ffff00279839afff
May 19 16:11:59 ubuntu kernel: [405474.040408] pgtbl_repl_prepare_replication:1189 1 pfn=279839a   2 pfn=279839a
May 19 16:11:59 ubuntu kernel: [405474.040414] PTREP: pmd_idx = 368ï¼Œand pmd=ffff00279839ab80  and pmd[368]=26bc772003
May 19 16:11:59 ubuntu kernel: [405474.040415] pgtbl_repl_prepare_replication:1208 pmd[368]'s pte=ffff0026bc772000..ffff0026bc772fff
May 19 16:11:59 ubuntu kernel: [405474.040416] pgtbl_repl_prepare_replication:1209 1 pfn=26bc772   2 pfn=26bc772
May 19 16:11:59 ubuntu kernel: [405474.040422] ===================================== end of a page
May 19 16:11:59 ubuntu kernel: [405474.040423] pgtbl_repl_prepare_replication:1235 all: pud_num=3, pmd_num=5, pte_num=318
May 19 16:11:59 ubuntu kernel: [405474.040424] PTREP: Called pgtbl_repl_prepare_replication  done
May 19 16:11:59 ubuntu kernel: [405474.040425] [mitosis] pgtable replication enabled for mm=ffff00278bb0b800.
May 19 16:11:59 ubuntu kernel: [405474.040426] [mitosis] pgtable replication err=0.
May 19 16:11:59 ubuntu kernel: [405474.040444] [mitosis]------PTREPL: alloc pgd start------
May 19 16:11:59 ubuntu kernel: [405474.040445] [mitosis] nr_node_ids=4.
May 19 16:11:59 ubuntu kernel: [405474.040445] [mitosis] pgd_alloc origin mm->pgd =ffff0027ca474000.
May 19 16:11:59 ubuntu kernel: [405474.040446] [mitosis] pgd_alloc mm->repl_pgd[0]=ffff00241c62e000.
May 19 16:11:59 ubuntu kernel: [405474.040448] [mitosis] pgd_alloc mm->repl_pgd[1]=ffff002e9cb37000.
May 19 16:11:59 ubuntu kernel: [405474.040450] [mitosis] pgd_alloc mm->repl_pgd[2]=ffff2024ad3bc000.
May 19 16:11:59 ubuntu kernel: [405474.040452] [mitosis] pgd_alloc mm->repl_pgd[3]=ffff202b6221d000.
May 19 16:11:59 ubuntu kernel: [405474.040452] ------PTREPL: alloc pgd success------
May 19 16:11:59 ubuntu kernel: [405474.040618] [mitosis] PTREPL: free pgd start 
May 19 16:11:59 ubuntu kernel: [405474.040620] [mitosis] pgtable_repl_pgd_free freed pgd=ffff002512986000 and mm->pgd=ffff002512986000.
May 19 16:11:59 ubuntu kernel: [405474.040621] [mitosis]------PTREPL: free pgd done------
May 19 16:11:59 ubuntu kernel: [405474.041607] [mitosis]------PTREPL: alloc pgd start------
May 19 16:11:59 ubuntu kernel: [405474.041609] [mitosis] nr_node_ids=4.
May 19 16:11:59 ubuntu kernel: [405474.041610] [mitosis] pgd_alloc origin mm->pgd =ffff0023d8822000.
May 19 16:11:59 ubuntu kernel: [405474.041611] [mitosis] pgd_alloc mm->repl_pgd[0]=ffff00241c622000.
May 19 16:11:59 ubuntu kernel: [405474.041613] [mitosis] pgd_alloc mm->repl_pgd[1]=ffff002e9cb2b000.
May 19 16:11:59 ubuntu kernel: [405474.041615] [mitosis] pgd_alloc mm->repl_pgd[2]=ffff2024ad3b0000.
May 19 16:11:59 ubuntu kernel: [405474.041616] [mitosis] pgd_alloc mm->repl_pgd[3]=ffff202b62211000.
May 19 16:11:59 ubuntu kernel: [405474.041617] ------PTREPL: alloc pgd success------
May 19 16:12:00 ubuntu kernel: [405474.672239] [mitosis] PTREPL: free pgd start 
May 19 16:12:00 ubuntu kernel: [405474.672242] [mitosis] pgtable_repl_pgd_free freed pgd=ffff0027ca474000 and mm->pgd=ffff0027ca474000.
May 19 16:12:00 ubuntu kernel: [405474.672244] [mitosis]------PTREPL: free pgd done------
May 19 16:17:01 ubuntu CRON[97746]: (root) CMD (   cd / && run-parts --report /etc/cron.hourly)
May 19 17:05:15 ubuntu systemd[1]: Started Run anacron jobs.
May 19 17:05:15 ubuntu anacron[98011]: Anacron 2.3 started on 2021-05-19
May 19 17:05:15 ubuntu anacron[98011]: Normal exit (0 jobs run)
[0mWaiting for benchmark to be done current :2021-05-19 17:10:22
May 19 17:12:59 ubuntu systemd[1]: Started Session 157 of user huawei.
Start test round: 1
May 19 17:15:48 ubuntu kernel: [409302.776124] Page table allocation set to fixed on node 0
May 19 17:15:48 ubuntu kernel: [409302.787845] PROCFS: Command ot drain the pgtable cache
May 19 17:15:49 ubuntu kernel: [409303.546597] PROCFS: Command ot populate the pgtable cache
May 19 17:15:49 ubuntu kernel: [409303.546601] PGREPL: populating pgtable cache with 1100000 tables per node
May 19 17:15:49 ubuntu kernel: [409303.546603] PGREPL: populating pgtable cache node[0] with 1100000 tables
May 19 17:15:50 ubuntu kernel: [409304.483969] PGREPL: node[0] populated with 1100000  tables
May 19 17:15:50 ubuntu kernel: [409304.483974] PGREPL: populating pgtable cache node[1] with 1100000 tables
May 19 17:15:51 ubuntu kernel: [409305.149667] PGREPL: node[1] populated with 1100000  tables
May 19 17:15:51 ubuntu kernel: [409305.149669] PGREPL: populating pgtable cache node[2] with 1100000 tables
May 19 17:15:52 ubuntu kernel: [409306.582447] PGREPL: node[2] populated with 1100000  tables
May 19 17:15:52 ubuntu kernel: [409306.582450] PGREPL: populating pgtable cache node[3] with 1100000 tables
May 19 17:15:54 ubuntu kernel: [409308.172244] PGREPL: node[3] populated with 1100000  tables
[0mWaiting for benchmark to be done current :2021-05-19 17:15:54
May 19 17:17:01 ubuntu CRON[1314]: (root) CMD (   cd / && run-parts --report /etc/cron.hourly)
Execution Time (seconds): 218
****success****
memcached : FM completed.
current = 2021-05-19 17:19:26
Start test round: 1
May 19 17:23:40 ubuntu kernel: [409774.200581] Page table allocation set to fixed on node 0
May 19 17:23:40 ubuntu kernel: [409774.207208] PROCFS: Command ot drain the pgtable cache
May 19 17:23:40 ubuntu kernel: [409774.986664] PROCFS: Command ot populate the pgtable cache
May 19 17:23:40 ubuntu kernel: [409774.986666] PGREPL: populating pgtable cache with 1100000 tables per node
May 19 17:23:40 ubuntu kernel: [409774.986667] PGREPL: populating pgtable cache node[0] with 1100000 tables
May 19 17:23:41 ubuntu kernel: [409775.658180] PGREPL: node[0] populated with 1100000  tables
May 19 17:23:41 ubuntu kernel: [409775.658183] PGREPL: populating pgtable cache node[1] with 1100000 tables
May 19 17:23:42 ubuntu kernel: [409776.582142] PGREPL: node[1] populated with 1100000  tables
May 19 17:23:42 ubuntu kernel: [409776.582144] PGREPL: populating pgtable cache node[2] with 1100000 tables
May 19 17:23:43 ubuntu kernel: [409777.628799] PGREPL: node[2] populated with 1100000  tables
May 19 17:23:43 ubuntu kernel: [409777.628801] PGREPL: populating pgtable cache node[3] with 1100000 tables
May 19 17:23:44 ubuntu kernel: [409778.968951] PGREPL: node[3] populated with 1100000  tables
[0mWaiting for benchmark to be done current :2021-05-19 17:23:44
Execution Time (seconds): 217
****success****
memcached : FM completed.
current = 2021-05-19 17:27:17
Start test round: 1
May 19 17:37:49 ubuntu kernel: [410623.895035] Page table allocation set to fixed on node 0
May 19 17:37:49 ubuntu kernel: [410623.902353] PROCFS: Command ot drain the pgtable cache
May 19 17:37:50 ubuntu kernel: [410624.802932] PROCFS: Command ot populate the pgtable cache
May 19 17:37:50 ubuntu kernel: [410624.802936] PGREPL: populating pgtable cache with 1100000 tables per node
May 19 17:37:50 ubuntu kernel: [410624.802938] PGREPL: populating pgtable cache node[0] with 1100000 tables
May 19 17:37:51 ubuntu kernel: [410625.745489] PGREPL: node[0] populated with 1100000  tables
May 19 17:37:51 ubuntu kernel: [410625.745494] PGREPL: populating pgtable cache node[1] with 1100000 tables
May 19 17:37:52 ubuntu kernel: [410626.408225] PGREPL: node[1] populated with 1100000  tables
May 19 17:37:52 ubuntu kernel: [410626.408228] PGREPL: populating pgtable cache node[2] with 1100000 tables
May 19 17:37:53 ubuntu kernel: [410627.870591] PGREPL: node[2] populated with 1100000  tables
May 19 17:37:53 ubuntu kernel: [410627.870594] PGREPL: populating pgtable cache node[3] with 1100000 tables
May 19 17:37:55 ubuntu kernel: [410629.479333] PGREPL: node[3] populated with 1100000  tables
[0mWaiting for benchmark to be done current :2021-05-19 17:37:55
Execution Time (seconds): 224
****success****
memcached : FM completed.
current = 2021-05-19 17:41:33
Start test round: 1
May 19 17:48:06 ubuntu kernel: [411240.183274] Page table allocation set to fixed on node 0
May 19 17:48:06 ubuntu kernel: [411240.192461] PROCFS: Command ot drain the pgtable cache
May 19 17:48:07 ubuntu kernel: [411241.041605] PROCFS: Command ot populate the pgtable cache
May 19 17:48:07 ubuntu kernel: [411241.041608] PGREPL: populating pgtable cache with 1100000 tables per node
May 19 17:48:07 ubuntu kernel: [411241.041610] PGREPL: populating pgtable cache node[0] with 1100000 tables
May 19 17:48:07 ubuntu kernel: [411241.982893] PGREPL: node[0] populated with 1100000  tables
May 19 17:48:07 ubuntu kernel: [411241.982897] PGREPL: populating pgtable cache node[1] with 1100000 tables
May 19 17:48:08 ubuntu kernel: [411242.648331] PGREPL: node[1] populated with 1100000  tables
May 19 17:48:08 ubuntu kernel: [411242.648334] PGREPL: populating pgtable cache node[2] with 1100000 tables
May 19 17:48:10 ubuntu kernel: [411244.105615] PGREPL: node[2] populated with 1100000  tables
May 19 17:48:10 ubuntu kernel: [411244.105617] PGREPL: populating pgtable cache node[3] with 1100000 tables
May 19 17:48:11 ubuntu kernel: [411245.713582] PGREPL: node[3] populated with 1100000  tables
[0mWaiting for benchmark to be done current :2021-05-19 17:48:11
Execution Time (seconds): 216
****success****
memcached : FM completed.
current = 2021-05-19 17:51:42
May 19 18:01:15 ubuntu systemd[1]: Started Run anacron jobs.
May 19 18:01:15 ubuntu anacron[9513]: Anacron 2.3 started on 2021-05-19
May 19 18:01:15 ubuntu anacron[9513]: Normal exit (0 jobs run)
Start test round: 1
May 19 18:06:39 ubuntu kernel: [412353.058653] Page table allocation set to fixed on node 0
May 19 18:06:39 ubuntu kernel: [412353.067779] PROCFS: Command ot drain the pgtable cache
May 19 18:06:39 ubuntu kernel: [412353.848348] PROCFS: Command ot populate the pgtable cache
May 19 18:06:39 ubuntu kernel: [412353.848351] PGREPL: populating pgtable cache with 1100000 tables per node
May 19 18:06:39 ubuntu kernel: [412353.848352] PGREPL: populating pgtable cache node[0] with 1100000 tables
May 19 18:06:40 ubuntu kernel: [412354.516472] PGREPL: node[0] populated with 1100000  tables
May 19 18:06:40 ubuntu kernel: [412354.516475] PGREPL: populating pgtable cache node[1] with 1100000 tables
May 19 18:06:41 ubuntu kernel: [412355.458235] PGREPL: node[1] populated with 1100000  tables
May 19 18:06:41 ubuntu kernel: [412355.458237] PGREPL: populating pgtable cache node[2] with 1100000 tables
May 19 18:06:42 ubuntu kernel: [412356.699330] PGREPL: node[2] populated with 1100000  tables
May 19 18:06:42 ubuntu kernel: [412356.699332] PGREPL: populating pgtable cache node[3] with 1100000 tables
May 19 18:06:44 ubuntu kernel: [412357.987880] PGREPL: node[3] populated with 1100000  tables
[0mWaiting for benchmark to be done current :2021-05-19 18:06:44
Execution Time (seconds): 213
****success****
memcached : FM completed.
current = 2021-05-19 18:10:12
Start test round: 1
May 19 18:13:28 ubuntu kernel: [412762.864867] Page table allocation set to fixed on node 0
May 19 18:13:28 ubuntu kernel: [412762.873349] PROCFS: Command ot drain the pgtable cache
May 19 18:13:29 ubuntu kernel: [412763.809624] PROCFS: Command ot populate the pgtable cache
May 19 18:13:29 ubuntu kernel: [412763.809626] PGREPL: populating pgtable cache with 1100000 tables per node
May 19 18:13:29 ubuntu kernel: [412763.809628] PGREPL: populating pgtable cache node[0] with 1100000 tables
May 19 18:13:30 ubuntu kernel: [412764.476197] PGREPL: node[0] populated with 1100000  tables
May 19 18:13:30 ubuntu kernel: [412764.476200] PGREPL: populating pgtable cache node[1] with 1100000 tables
May 19 18:13:31 ubuntu kernel: [412765.419956] PGREPL: node[1] populated with 1100000  tables
May 19 18:13:31 ubuntu kernel: [412765.419958] PGREPL: populating pgtable cache node[2] with 1100000 tables
May 19 18:13:32 ubuntu kernel: [412766.559007] PGREPL: node[2] populated with 1100000  tables
May 19 18:13:32 ubuntu kernel: [412766.559009] PGREPL: populating pgtable cache node[3] with 1100000 tables
May 19 18:13:33 ubuntu kernel: [412767.790924] PGREPL: node[3] populated with 1100000  tables
[0mWaiting for benchmark to be done current :2021-05-19 18:13:33
May 19 18:17:01 ubuntu CRON[13807]: (root) CMD (   cd / && run-parts --report /etc/cron.hourly)
Execution Time (seconds): 237
****success****
memcached : FM completed.
current = 2021-05-19 18:17:25
May 19 19:04:15 ubuntu systemd[1]: Started Run anacron jobs.
May 19 19:04:15 ubuntu anacron[14075]: Anacron 2.3 started on 2021-05-19
May 19 19:04:15 ubuntu anacron[14075]: Normal exit (0 jobs run)
May 19 19:17:01 ubuntu CRON[14105]: (root) CMD (   cd / && run-parts --report /etc/cron.hourly)
May 19 19:59:21 ubuntu systemd[1]: Started Session 161 of user huawei.
Start test round: 1
May 19 19:59:37 ubuntu kernel: [419131.786443] Page table allocation set to fixed on node 0
May 19 19:59:37 ubuntu kernel: [419131.793928] PROCFS: Command ot drain the pgtable cache
May 19 19:59:38 ubuntu kernel: [419132.578583] PROCFS: Command ot populate the pgtable cache
May 19 19:59:38 ubuntu kernel: [419132.578585] PGREPL: populating pgtable cache with 1100000 tables per node
May 19 19:59:38 ubuntu kernel: [419132.578587] PGREPL: populating pgtable cache node[0] with 1100000 tables
May 19 19:59:39 ubuntu kernel: [419133.245104] PGREPL: node[0] populated with 1100000  tables
May 19 19:59:39 ubuntu kernel: [419133.245107] PGREPL: populating pgtable cache node[1] with 1100000 tables
May 19 19:59:40 ubuntu kernel: [419134.184991] PGREPL: node[1] populated with 1100000  tables
May 19 19:59:40 ubuntu kernel: [419134.184992] PGREPL: populating pgtable cache node[2] with 1100000 tables
May 19 19:59:41 ubuntu kernel: [419135.426484] PGREPL: node[2] populated with 1100000  tables
May 19 19:59:41 ubuntu kernel: [419135.426486] PGREPL: populating pgtable cache node[3] with 1100000 tables
May 19 19:59:42 ubuntu kernel: [419136.847213] PGREPL: node[3] populated with 1100000  tables
[0mWaiting for benchmark: 14295 to be ready
May 19 19:59:42 ubuntu kernel: [419136.875606] [mitosis] NOTE: version = 6
May 19 19:59:42 ubuntu kernel: [419136.875608] [mitosis] kernel_set_pgtlbreplpolicy: pid = 14295
May 19 19:59:42 ubuntu kernel: [419136.875609] PTREP: Called pgtbl_repl_prepare_replication version 2
May 19 19:59:42 ubuntu kernel: [419136.875610] [mitosis] pgtbl_repl_prepare_replication  for mm=ffff00278b86ac00.
May 19 19:59:42 ubuntu kernel: [419136.875611] [mitosis]------PTREPL: alloc pgd start------
May 19 19:59:42 ubuntu kernel: [419136.875611] [mitosis] nr_node_ids=4.
May 19 19:59:42 ubuntu kernel: [419136.875612] [mitosis] pgd_alloc origin mm->pgd =ffff00253a7dd000.
May 19 19:59:42 ubuntu kernel: [419136.875614] [mitosis] pgd_alloc mm->repl_pgd[0]=ffff00253a7bb000.
May 19 19:59:42 ubuntu kernel: [419136.875616] [mitosis] pgd_alloc mm->repl_pgd[1]=ffff0029952e4000.
May 19 19:59:42 ubuntu kernel: [419136.875618] [mitosis] pgd_alloc mm->repl_pgd[2]=ffff2024f9a78000.
May 19 19:59:42 ubuntu kernel: [419136.875621] [mitosis] pgd_alloc mm->repl_pgd[3]=ffff202b0d0b9000.
May 19 19:59:42 ubuntu kernel: [419136.875621] ------PTREPL: alloc pgd success------
May 19 19:59:42 ubuntu kernel: [419136.875623] pgtbl_repl_prepare_replication:1156 pgd=ffff00253a7dd000..ffff00253a7ddfff
May 19 19:59:42 ubuntu kernel: [419136.875624] PTREP: pgd_idx = 341ï¼Œand pgd=ffff00253a7ddaa8  and pgd[341]=268e46f003
May 19 19:59:42 ubuntu kernel: [419136.875626] pgtbl_repl_prepare_replication:1164 pgd[341]'s pud=ffff00268e46f000..ffff00268e46ffff
May 19 19:59:42 ubuntu kernel: [419136.875627] pgtbl_repl_prepare_replication:1168 another func __va pud=ffff00268e46f000..ffff00268e46ffff
May 19 19:59:42 ubuntu kernel: [419136.875628] pgtbl_repl_prepare_replication:1169 1 pfn=268e46f   2 pfn=268e46f
May 19 19:59:42 ubuntu kernel: [419136.875633] [mitosis] start search pud .......
May 19 19:59:42 ubuntu kernel: [419136.875634] PTREP: pud_idx = 171ï¼Œand pud=ffff00268e46f558  and pud[171]=269ada3003
May 19 19:59:42 ubuntu kernel: [419136.875635] pgtbl_repl_prepare_replication:1188 pud[171]'s pmd=ffff00269ada3000..ffff00269ada3fff
May 19 19:59:42 ubuntu kernel: [419136.875636] pgtbl_repl_prepare_replication:1189 1 pfn=269ada3   2 pfn=269ada3
May 19 19:59:42 ubuntu kernel: [419136.875642] PTREP: pmd_idx = 290ï¼Œand pmd=ffff00269ada3910  and pmd[290]=26a86dd003
May 19 19:59:42 ubuntu kernel: [419136.875643] pgtbl_repl_prepare_replication:1208 pmd[290]'s pte=ffff0026a86dd000..ffff0026a86ddfff
May 19 19:59:42 ubuntu kernel: [419136.875644] pgtbl_repl_prepare_replication:1209 1 pfn=26a86dd   2 pfn=26a86dd
May 19 19:59:42 ubuntu kernel: [419136.875650] PTREP: pmd_idx = 355ï¼Œand pmd=ffff00269ada3b18  and pmd[355]=22c8d8e003
May 19 19:59:42 ubuntu kernel: [419136.875651] pgtbl_repl_prepare_replication:1208 pmd[355]'s pte=ffff0022c8d8e000..ffff0022c8d8efff
May 19 19:59:42 ubuntu kernel: [419136.875652] pgtbl_repl_prepare_replication:1209 1 pfn=22c8d8e   2 pfn=22c8d8e
May 19 19:59:42 ubuntu kernel: [419136.875658] ===================================== end of a page
May 19 19:59:42 ubuntu kernel: [419136.875660] PTREP: pgd_idx = 511ï¼Œand pgd=ffff00253a7ddff8  and pgd[511]=253a7dc003
May 19 19:59:42 ubuntu kernel: [419136.875661] pgtbl_repl_prepare_replication:1164 pgd[511]'s pud=ffff00253a7dc000..ffff00253a7dcfff
May 19 19:59:42 ubuntu kernel: [419136.875662] pgtbl_repl_prepare_replication:1168 another func __va pud=ffff00253a7dc000..ffff00253a7dcfff
May 19 19:59:42 ubuntu kernel: [419136.875663] pgtbl_repl_prepare_replication:1169 1 pfn=253a7dc   2 pfn=253a7dc
May 19 19:59:42 ubuntu kernel: [419136.875667] [mitosis] start search pud .......
May 19 19:59:42 ubuntu kernel: [419136.875669] PTREP: pud_idx = 510ï¼Œand pud=ffff00253a7dcff0  and pud[510]=2682438003
May 19 19:59:42 ubuntu kernel: [419136.875670] pgtbl_repl_prepare_replication:1188 pud[510]'s pmd=ffff002682438000..ffff002682438fff
May 19 19:59:42 ubuntu kernel: [419136.875671] pgtbl_repl_prepare_replication:1189 1 pfn=2682438   2 pfn=2682438
May 19 19:59:42 ubuntu kernel: [419136.875676] PTREP: pmd_idx = 117ï¼Œand pmd=ffff0026824383a8  and pmd[117]=22c8d8f003
May 19 19:59:42 ubuntu kernel: [419136.875678] pgtbl_repl_prepare_replication:1208 pmd[117]'s pte=ffff0022c8d8f000..ffff0022c8d8ffff
May 19 19:59:42 ubuntu kernel: [419136.875679] pgtbl_repl_prepare_replication:1209 1 pfn=22c8d8f   2 pfn=22c8d8f
May 19 19:59:42 ubuntu kernel: [419136.875685] PTREP: pmd_idx = 118ï¼Œand pmd=ffff0026824383b0  and pmd[118]=26a869e003
May 19 19:59:42 ubuntu kernel: [419136.875686] pgtbl_repl_prepare_replication:1208 pmd[118]'s pte=ffff0026a869e000..ffff0026a869efff
May 19 19:59:42 ubuntu kernel: [419136.875687] pgtbl_repl_prepare_replication:1209 1 pfn=26a869e   2 pfn=26a869e
May 19 19:59:42 ubuntu kernel: [419136.875697] PTREP: pud_idx = 511ï¼Œand pud=ffff00253a7dcff8  and pud[511]=25871cf003
May 19 19:59:42 ubuntu kernel: [419136.875697] pgtbl_repl_prepare_replication:1188 pud[511]'s pmd=ffff0025871cf000..ffff0025871cffff
May 19 19:59:42 ubuntu kernel: [419136.875698] pgtbl_repl_prepare_replication:1189 1 pfn=25871cf   2 pfn=25871cf
May 19 19:59:42 ubuntu kernel: [419136.875703] PTREP: pmd_idx = 286ï¼Œand pmd=ffff0025871cf8f0  and pmd[286]=2096862003
May 19 19:59:42 ubuntu kernel: [419136.875704] pgtbl_repl_prepare_replication:1208 pmd[286]'s pte=ffff002096862000..ffff002096862fff
May 19 19:59:42 ubuntu kernel: [419136.875705] pgtbl_repl_prepare_replication:1209 1 pfn=2096862   2 pfn=2096862
May 19 19:59:42 ubuntu kernel: [419136.875712] ===================================== end of a page
May 19 19:59:42 ubuntu kernel: [419136.875713] pgtbl_repl_prepare_replication:1235 all: pud_num=3, pmd_num=5, pte_num=339
May 19 19:59:42 ubuntu kernel: [419136.875713] PTREP: Called pgtbl_repl_prepare_replication  done
May 19 19:59:42 ubuntu kernel: [419136.875714] [mitosis] pgtable replication enabled for mm=ffff00278b86ac00.
May 19 19:59:42 ubuntu kernel: [419136.875715] [mitosis] pgtable replication err=0.
May 19 19:59:42 ubuntu kernel: [419136.875731] [mitosis]------PTREPL: alloc pgd start------
May 19 19:59:42 ubuntu kernel: [419136.875732] [mitosis] nr_node_ids=4.
May 19 19:59:42 ubuntu kernel: [419136.875733] [mitosis] pgd_alloc origin mm->pgd =ffff002797d8f000.
May 19 19:59:42 ubuntu kernel: [419136.875734] [mitosis] pgd_alloc mm->repl_pgd[0]=ffff00253a7b0000.
May 19 19:59:42 ubuntu kernel: [419136.875736] [mitosis] pgd_alloc mm->repl_pgd[1]=ffff0029952d9000.
May 19 19:59:42 ubuntu kernel: [419136.875738] [mitosis] pgd_alloc mm->repl_pgd[2]=ffff2024f9a6d000.
May 19 19:59:42 ubuntu kernel: [419136.875739] [mitosis] pgd_alloc mm->repl_pgd[3]=ffff202b0d0ae000.
May 19 19:59:42 ubuntu kernel: [419136.875740] ------PTREPL: alloc pgd success------
May 19 19:59:42 ubuntu kernel: [419136.875960] [mitosis] PTREPL: free pgd start 
May 19 19:59:42 ubuntu kernel: [419136.875962] [mitosis] pgtable_repl_pgd_free freed pgd=ffff00253a7dd000 and mm->pgd=ffff00253a7dd000.
May 19 19:59:42 ubuntu kernel: [419136.875963] [mitosis]------PTREPL: free pgd done------
May 19 19:59:42 ubuntu kernel: [419136.876983] [mitosis]------PTREPL: alloc pgd start------
May 19 19:59:42 ubuntu kernel: [419136.876985] [mitosis] nr_node_ids=4.
May 19 19:59:42 ubuntu kernel: [419136.876985] [mitosis] pgd_alloc origin mm->pgd =ffff0026dbe4d000.
May 19 19:59:42 ubuntu kernel: [419136.876987] [mitosis] pgd_alloc mm->repl_pgd[0]=ffff00253a7a2000.
May 19 19:59:42 ubuntu kernel: [419136.876988] [mitosis] pgd_alloc mm->repl_pgd[1]=ffff0029952cb000.
May 19 19:59:42 ubuntu kernel: [419136.876991] [mitosis] pgd_alloc mm->repl_pgd[2]=ffff2024f9a5f000.
May 19 19:59:42 ubuntu kernel: [419136.876993] [mitosis] pgd_alloc mm->repl_pgd[3]=ffff202b0d0a0000.
May 19 19:59:42 ubuntu kernel: [419136.876993] ------PTREPL: alloc pgd success------
May 19 19:59:44 ubuntu kernel: [419138.317363] [mitosis] PTREPL: free pgd start 
May 19 19:59:44 ubuntu kernel: [419138.317367] [mitosis] pgtable_repl_pgd_free freed pgd=ffff002797d8f000 and mm->pgd=ffff002797d8f000.
May 19 19:59:44 ubuntu kernel: [419138.317369] [mitosis]------PTREPL: free pgd done------
May 19 19:59:44 ubuntu kernel: [419138.709361] [mitosis] PTREPL: free pgd start 
May 19 19:59:44 ubuntu kernel: [419138.709365] [mitosis] pgtable_repl_pgd_free freed pgd=ffff0026dbe4d000 and mm->pgd=ffff0026dbe4d000.
May 19 19:59:44 ubuntu kernel: [419138.709368] [mitosis]------PTREPL: free pgd done------
May 19 20:03:37 ubuntu systemd[1]: Stopping PackageKit Daemon...
May 19 20:03:37 ubuntu systemd[1]: Stopped QEMU KVM preparation - module, ksm, hugepages.
May 19 20:03:37 ubuntu systemd[1]: Stopping Authorization Manager...
May 19 20:03:37 ubuntu systemd[1]: Stopping User Manager for UID 1000...
May 19 20:03:37 ubuntu systemd[9497]: Stopped target Default.
May 19 20:03:37 ubuntu systemd[9497]: Stopped target Basic System.
May 19 20:03:37 ubuntu systemd[9497]: Stopped target Timers.
May 19 20:03:37 ubuntu systemd[9497]: Stopped target Paths.
May 19 20:03:37 ubuntu systemd[1]: Stopping Availability of block devices...
May 19 20:03:37 ubuntu systemd[1]: Stopping Session 161 of user huawei.
May 19 20:03:37 ubuntu systemd[1]: Stopped target Timers.
May 19 20:03:37 ubuntu systemd[1]: Stopped Daily apt upgrade and clean activities.
May 19 20:03:37 ubuntu systemd[1]: Stopped Daily apt download activities.
May 19 20:03:37 ubuntu systemd[1]: Stopping Session 78 of user huawei.
May 19 20:03:37 ubuntu systemd[1]: Stopped Stop ureadahead data collection 45s after completed startup.
May 19 20:03:37 ubuntu systemd[1]: Stopped Daily Cleanup of Temporary Directories.
May 19 20:03:37 ubuntu systemd[1]: Stopped Discard unused blocks once a week.
May 19 20:03:37 ubuntu systemd[1]: Stopping Session 157 of user huawei.
May 19 20:03:37 ubuntu systemd[1]: Stopped Message of the Day.
May 19 20:03:37 ubuntu systemd[9497]: Stopped Pending report trigger for Ubuntu Report.
May 19 20:03:37 ubuntu systemd[9497]: Stopped target Sockets.
May 19 20:03:37 ubuntu systemd[9497]: Closed GnuPG cryptographic agent and passphrase cache.
May 19 20:03:37 ubuntu systemd[9497]: Closed GnuPG cryptographic agent and passphrase cache (restricted).
May 19 20:03:37 ubuntu systemd[9497]: Closed D-Bus User Message Bus Socket.
May 19 20:03:37 ubuntu systemd[9497]: Closed GnuPG cryptographic agent and passphrase cache (access for web browsers).
May 19 20:03:37 ubuntu systemd[9497]: Closed GnuPG cryptographic agent (ssh-agent emulation).
May 19 20:03:37 ubuntu systemd[9497]: Closed GnuPG network certificate management daemon.
May 19 20:03:37 ubuntu systemd[9497]: Closed REST API socket for snapd user session agent.
May 19 20:03:37 ubuntu systemd[9497]: Reached target Shutdown.
May 19 20:03:37 ubuntu systemd[9497]: Starting Exit the Session...
May 19 20:03:37 ubuntu systemd[1]: Stopped target Graphical Interface.
May 19 20:03:37 ubuntu systemd[1]: Stopping Disk Manager...
May 19 20:03:37 ubuntu systemd[1]: Stopping Accounts Service...
May 19 20:03:37 ubuntu systemd[1]: Stopped target Multi-User System.
May 19 20:03:37 ubuntu systemd[1]: Stopping crash report submission daemon...
May 19 20:03:37 ubuntu systemd[1]: Stopping Deferred execution scheduler...
May 19 20:03:37 ubuntu systemd[1]: Stopping irqbalance daemon...
May 19 20:03:37 ubuntu systemd[9497]: Received SIGRTMIN+24 from PID 14343 (kill).
May 19 20:03:37 ubuntu systemd[1]: Stopping Suspend/Resume Running libvirt Guests...
May 19 20:03:37 ubuntu systemd[1]: Stopping LXD - container startup/shutdown...
May 19 20:03:37 ubuntu systemd[1]: Stopping LSB: Speech Dispatcher...
May 19 20:03:37 ubuntu systemd[1]: Stopping LSB: Record successful boot for GRUB...
May 19 20:03:37 ubuntu ModemManager[2386]: <info>  Caught signal, shutting down...
May 19 20:03:37 ubuntu systemd[1]: Stopping Modem Manager...
May 19 20:03:37 ubuntu systemd[1]: Stopping OpenBSD Secure Shell server...
May 19 20:03:37 ubuntu systemd[1]: Stopping Make remote CUPS printers available locally...
May 19 20:03:37 ubuntu systemd[1]: Stopped Wait until snapd is fully seeded.
May 19 20:03:37 ubuntu blkdeactivate[14336]: Deactivating block devices:
May 19 20:03:37 ubuntu udisksd[2580]: udisks daemon version 2.7.6 exiting
May 19 20:03:37 ubuntu NetworkManager[2560]: <info>  [1621425817.2557] modem-manager: ModemManager no longer available
May 19 20:03:37 ubuntu ModemManager[2386]: <info>  ModemManager is shut down
May 19 20:03:37 ubuntu systemd[1]: Stopping LSB: automatic crash report generation...
May 19 20:03:37 ubuntu systemd[1]: Stopped target Login Prompts.
May 19 20:07:39 ubuntu systemd[1]: Starting Flush Journal to Persistent Storage...
May 19 20:07:39 ubuntu kernel: [    0.000000] Booting Linux on physical CPU 0x0000080000 [0x481fd010]
May 19 20:07:39 ubuntu kernel: [    0.000000] Linux version 5.7.1 (root@ubuntu) (gcc version 7.5.0 (Ubuntu/Linaro 7.5.0-3ubuntu1~18.04), GNU ld (GNU Binutils for Ubuntu) 2.30) #1 SMP Wed Mar 3 19:39:20 CST 2021
May 19 20:07:39 ubuntu kernel: [    0.000000] efi: EFI v2.70 by EDK II
May 19 20:07:39 ubuntu mtp-probe: checking bus 5, device 3: "/sys/devices/pci0000:7a/0000:7a:02.0/usb5/5-1/5-1.2"
May 19 20:07:39 ubuntu kernel: [    0.000000] efi:  ACPI 2.0=0x2fc50000  SMBIOS 3.0=0x2fbf0000  MEMATTR=0x35e93018  ESRT=0x36117b18  MEMRESERVE=0x2fb93018 
May 19 20:07:39 ubuntu kernel: [    0.000000] esrt: Reserving ESRT space from 0x0000000036117b18 to 0x0000000036117b50.
May 19 20:07:39 ubuntu kernel: [    0.000000] cma: Reserved 32 MiB at 0x000000007e000000
May 19 20:07:39 ubuntu ureadahead[1490]: ureadahead: Error while tracing: No such file or directory
May 19 20:07:39 ubuntu kernel: [    0.000000] ACPI: Early table checksum verification disabled
May 19 20:07:39 ubuntu kernel: [    0.000000] ACPI: RSDP 0x000000002FC50000 000024 (v02 HISI  )
May 19 20:07:39 ubuntu kernel: [    0.000000] ACPI: XSDT 0x000000002FC40000 0000A4 (v01 HISI   HIP08    00000000      01000013)
May 19 20:07:39 ubuntu kernel: [    0.000000] ACPI: FACP 0x000000002F790000 000114 (v06 HISI   HIP08    00000000 HISI 20151124)
May 19 20:07:39 ubuntu kernel: [    0.000000] ACPI: DSDT 0x000000002F530000 00C441 (v02 HISI   HIP08    00000000 INTL 20181213)
May 19 20:07:39 ubuntu systemd[1]: Started udev Coldplug all Devices.
May 19 20:07:39 ubuntu kernel: [    0.000000] ACPI: PCCT 0x000000002FC30000 00008A (v01 HISI   HIP08    00000000 HISI 20151124)
May 19 20:07:39 ubuntu kernel: [    0.000000] ACPI: SSDT 0x000000002FC20000 00E64A (v02 HISI   HIP07    00000000 INTL 20181213)
May 19 20:07:39 ubuntu kernel: [    0.000000] ACPI: BERT 0x000000002FBC0000 000030 (v01 HISI   HIP08    00000000 HISI 20151124)
May 19 20:07:39 ubuntu kernel: [    0.000000] ACPI: HEST 0x000000002FBA0000 00058C (v01 HISI   HIP08    00000000 HISI 20151124)
May 19 20:07:39 ubuntu kernel: [    0.000000] ACPI: ERST 0x000000002FB60000 000230 (v01 HISI   HIP08    00000000 HISI 20151124)
May 19 20:07:39 ubuntu kernel: [    0.000000] ACPI: EINJ 0x000000002FB50000 000170 (v01 HISI   HIP08    00000000 HISI 20151124)
May 19 20:07:39 ubuntu mtp-probe: checking bus 1, device 3: "/sys/devices/pci0000:7a/0000:7a:01.0/usb1/1-1/1-1.1"
May 19 20:07:39 ubuntu kernel: [    0.000000] ACPI: GTDT 0x000000002F590000 00007C (v02 HISI   HIP08    00000000 HISI 20151124)
May 19 20:07:39 ubuntu kernel: [    0.000000] ACPI: MCFG 0x000000002F580000 00003C (v01 HISI   HIP08    00000000 HISI 20151124)
May 19 20:07:39 ubuntu kernel: [    0.000000] ACPI: SLIT 0x000000002F570000 00003C (v01 HISI   HIP08    00000000 HISI 20151124)
May 19 20:07:39 ubuntu systemd[1]: Started LVM2 metadata daemon.
May 19 20:07:39 ubuntu kernel: [    0.000000] ACPI: SRAT 0x000000002F560000 0007D0 (v03 HISI   HIP08    00000000 HISI 20151124)
May 19 20:07:39 ubuntu kernel: [    0.000000] ACPI: SDEI 0x000000002F550000 000030 (v01 HISI   HIP08    00000000 HISI 20151124)
May 19 20:07:39 ubuntu mtp-probe: bus: 5, device: 3 was not an MTP device
May 19 20:07:39 ubuntu kernel: [    0.000000] ACPI: APIC 0x000000002F540000 001E6C (v04 HISI   HIP08    00000000 HISI 20151124)
May 19 20:07:39 ubuntu kernel: [    0.000000] ACPI: IORT 0x000000002F520000 001678 (v00 HISI   HIP08    00000000 INTL 20181213)
May 19 20:07:39 ubuntu systemd[1]: Started Create Static Device Nodes in /dev.
May 19 20:07:39 ubuntu kernel: [    0.000000] ACPI: PPTT 0x000000002ECE0000 0031B0 (v01 HISI   HIP08    00000000 HISI 20151124)
May 19 20:07:39 ubuntu kernel: [    0.000000] ACPI: SPMI 0x000000002ECD0000 000041 (v05 HISI   HIP08    00000000 HISI 20151124)
May 19 20:07:39 ubuntu kernel: [    0.000000] ACPI: SRAT: Node 0 PXM 0 [mem 0x2080000000-0x27ffffffff]
May 19 20:07:39 ubuntu kernel: [    0.000000] ACPI: SRAT: Node 1 PXM 1 [mem 0x2800000000-0x2fffffffff]
May 19 20:07:39 ubuntu mtp-probe: bus: 1, device: 3 was not an MTP device
May 19 20:07:39 ubuntu kernel: [    0.000000] ACPI: SRAT: Node 0 PXM 0 [mem 0x00000000-0x7fffffff]
May 19 20:07:39 ubuntu kernel: [    0.000000] ACPI: SRAT: Node 2 PXM 2 [mem 0x202000000000-0x2027ffffffff]
May 19 20:07:39 ubuntu kernel: [    0.000000] ACPI: SRAT: Node 3 PXM 3 [mem 0x202800000000-0x202fffffffff]
May 19 20:07:39 ubuntu systemd[1]: Starting udev Kernel Device Manager...
May 19 20:07:39 ubuntu kernel: [    0.000000] NUMA: NODE_DATA [mem 0x27ffffc300-0x27ffffffff]
May 19 20:07:39 ubuntu kernel: [    0.000000] NUMA: NODE_DATA [mem 0x2fffffc300-0x2fffffffff]
May 19 20:07:39 ubuntu kernel: [    0.000000] NUMA: NODE_DATA [mem 0x2027ffffc300-0x2027ffffffff]
May 19 20:07:39 ubuntu kernel: [    0.000000] NUMA: NODE_DATA [mem 0x202ff0000300-0x202ff0003fff]
May 19 20:07:39 ubuntu systemd[1]: Activated swap /swapfile.
May 19 20:07:39 ubuntu kernel: [    0.000000] Zone ranges:
May 19 20:07:39 ubuntu kernel: [    0.000000]   DMA      [mem 0x0000000000000000-0x000000003fffffff]
May 19 20:07:39 ubuntu kernel: [    0.000000]   DMA32    [mem 0x0000000040000000-0x00000000ffffffff]
May 19 20:07:39 ubuntu kernel: [    0.000000]   Normal   [mem 0x0000000100000000-0x0000202fffffffff]
May 19 20:07:39 ubuntu systemd[1]: Reached target Swap.
May 19 20:07:39 ubuntu kernel: [    0.000000] Movable zone start for each node
May 19 20:07:39 ubuntu kernel: [    0.000000] Early memory node ranges
May 19 20:07:39 ubuntu kernel: [    0.000000]   node   0: [mem 0x0000000000000000-0x000000000000ffff]
May 19 20:07:39 ubuntu kernel: [    0.000000]   node   0: [mem 0x0000000000010000-0x000000002e501fff]
May 19 20:07:39 ubuntu systemd[1]: Started Monitoring of LVM2 mirrors, snapshots etc. using dmeventd or progress polling.
May 19 20:07:39 ubuntu kernel: [    0.000000]   node   0: [mem 0x000000002e502000-0x000000002eccffff]
May 19 20:07:39 ubuntu systemd[1]: ureadahead.service: Main process exited, code=exited, status=5/NOTINSTALLED
May 19 20:07:39 ubuntu kernel: [    0.000000]   node   0: [mem 0x000000002ecd0000-0x000000002f59ffff]
May 19 20:07:39 ubuntu kernel: [    0.000000]   node   0: [mem 0x000000002f5a0000-0x000000002f78ffff]
May 19 20:07:39 ubuntu kernel: [    0.000000]   node   0: [mem 0x000000002f790000-0x000000002f79ffff]
May 19 20:07:39 ubuntu systemd[1]: ureadahead.service: Failed with result 'exit-code'.
May 19 20:07:39 ubuntu kernel: [    0.000000]   node   0: [mem 0x000000002f7a0000-0x000000002f87ffff]
May 19 20:07:39 ubuntu kernel: [    0.000000]   node   0: [mem 0x000000002f880000-0x000000002f8bffff]
May 19 20:07:39 ubuntu kernel: [    0.000000]   node   0: [mem 0x000000002f8c0000-0x000000002f95ffff]
May 19 20:07:39 ubuntu kernel: [    0.000000]   node   0: [mem 0x000000002f960000-0x000000002f97ffff]
May 19 20:07:39 ubuntu kernel: [    0.000000]   node   0: [mem 0x000000002f980000-0x000000002fabffff]
May 19 20:07:39 ubuntu kernel: [    0.000000]   node   0: [mem 0x000000002fac0000-0x000000002fb6ffff]
May 19 20:07:39 ubuntu kernel: [    0.000000]   node   0: [mem 0x000000002fb70000-0x000000002fb71fff]
May 19 20:07:39 ubuntu systemd[1]: Started Set the console keyboard layout.
May 19 20:07:39 ubuntu kernel: [    0.000000]   node   0: [mem 0x000000002fb72000-0x000000002fb7ffff]
May 19 20:07:39 ubuntu kernel: [    0.000000]   node   0: [mem 0x000000002fb80000-0x000000002fb80fff]
May 19 20:07:39 ubuntu kernel: [    0.000000]   node   0: [mem 0x000000002fb81000-0x000000002fb8ffff]
May 19 20:07:39 ubuntu systemd[1]: Reached target Local File Systems (Pre).
May 19 20:07:39 ubuntu kernel: [    0.000000]   node   0: [mem 0x000000002fb90000-0x000000002fb91fff]
May 19 20:07:39 ubuntu kernel: [    0.000000]   node   0: [mem 0x000000002fb92000-0x000000002fbaffff]
May 19 20:07:39 ubuntu kernel: [    0.000000]   node   0: [mem 0x000000002fbb0000-0x000000002fbb1fff]
May 19 20:07:39 ubuntu kernel: [    0.000000]   node   0: [mem 0x000000002fbb2000-0x000000002fbcffff]
May 19 20:07:39 ubuntu kernel: [    0.000000]   node   0: [mem 0x000000002fbd0000-0x000000002fbd0fff]
May 19 20:07:39 ubuntu kernel: [    0.000000]   node   0: [mem 0x000000002fbd1000-0x000000002fbdffff]
May 19 20:07:39 ubuntu systemd-modules-load[1501]: Inserted module 'lp'
May 19 20:07:39 ubuntu kernel: [    0.000000]   node   0: [mem 0x000000002fbe0000-0x000000002fbfffff]
May 19 20:07:39 ubuntu kernel: [    0.000000]   node   0: [mem 0x000000002fc00000-0x000000002fc5ffff]
May 19 20:07:39 ubuntu kernel: [    0.000000]   node   0: [mem 0x000000002fc60000-0x000000002fe5ffff]
May 19 20:07:39 ubuntu kernel: [    0.000000]   node   0: [mem 0x000000002fe60000-0x000000002fe60fff]
May 19 20:07:39 ubuntu systemd-modules-load[1501]: Inserted module 'ppdev'
May 19 20:07:39 ubuntu kernel: [    0.000000]   node   0: [mem 0x000000002fe61000-0x000000002fe64fff]
May 19 20:07:39 ubuntu kernel: [    0.000000]   node   0: [mem 0x000000002fe65000-0x000000002fe6afff]
May 19 20:07:39 ubuntu kernel: [    0.000000]   node   0: [mem 0x000000002fe6b000-0x000000002fe6bfff]
May 19 20:07:39 ubuntu systemd-modules-load[1501]: Failed to find module 'parport_pc'
May 19 20:07:39 ubuntu kernel: [    0.000000]   node   0: [mem 0x000000002fe6c000-0x000000003f02ffff]
May 19 20:07:39 ubuntu kernel: [    0.000000]   node   0: [mem 0x000000003f030000-0x000000003f05ffff]
May 19 20:07:39 ubuntu kernel: [    0.000000]   node   0: [mem 0x000000003f060000-0x000000003fbfffff]
May 19 20:07:39 ubuntu systemd-modules-load[1501]: Inserted module 'iscsi_tcp'
May 19 20:07:39 ubuntu kernel: [    0.000000]   node   0: [mem 0x0000000040000000-0x0000000043ffffff]
May 19 20:07:39 ubuntu kernel: [    0.000000]   node   0: [mem 0x0000000044030000-0x000000004fffffff]
May 19 20:07:39 ubuntu systemd[1]: Started udev Kernel Device Manager.
May 19 20:07:39 ubuntu kernel: [    0.000000]   node   0: [mem 0x0000000050000000-0x000000007fffffff]
May 19 20:07:39 ubuntu kernel: [    0.000000]   node   0: [mem 0x0000002080000000-0x00000027ffffffff]
May 19 20:07:39 ubuntu systemd[1]: Started Dispatch Password Requests to Console Directory Watch.
May 19 20:07:39 ubuntu kernel: [    0.000000]   node   1: [mem 0x0000002800000000-0x0000002fffffffff]
May 19 20:07:39 ubuntu kernel: [    0.000000]   node   2: [mem 0x0000202000000000-0x00002027ffffffff]
May 19 20:07:39 ubuntu kernel: [    0.000000]   node   3: [mem 0x0000202800000000-0x0000202fffffffff]
May 19 20:07:39 ubuntu kernel: [    0.000000] Zeroed struct page in unavailable ranges: 814 pages
May 19 20:07:39 ubuntu kernel: [    0.000000] Initmem setup node 0 [mem 0x0000000000000000-0x00000027ffffffff]
May 19 20:07:39 ubuntu kernel: [    0.000000] On node 0 totalpages: 8387536
May 19 20:07:39 ubuntu systemd[1]: Reached target Local Encrypted Volumes.
May 19 20:07:39 ubuntu kernel: [    0.000000]   DMA zone: 5120 pages used for memmap
May 19 20:07:39 ubuntu kernel: [    0.000000]   DMA zone: 0 pages reserved
May 19 20:07:39 ubuntu kernel: [    0.000000]   DMA zone: 261120 pages, LIFO batch:63
May 19 20:07:39 ubuntu systemd-modules-load[1501]: Inserted module 'ib_iser'
May 19 20:07:39 ubuntu kernel: [    0.000000]   DMA32 zone: 5120 pages used for memmap
May 19 20:07:39 ubuntu kernel: [    0.000000]   DMA32 zone: 262096 pages, LIFO batch:63
May 19 20:07:39 ubuntu systemd[1]: systemd-modules-load.service: Main process exited, code=exited, status=1/FAILURE
May 19 20:07:39 ubuntu kernel: [    0.000000]   Normal zone: 153600 pages used for memmap
May 19 20:07:39 ubuntu kernel: [    0.000000]   Normal zone: 7864320 pages, LIFO batch:63
May 19 20:07:39 ubuntu systemd[1]: systemd-modules-load.service: Failed with result 'exit-code'.
May 19 20:07:39 ubuntu kernel: [    0.000000] Initmem setup node 1 [mem 0x0000002800000000-0x0000002fffffffff]
May 19 20:07:39 ubuntu kernel: [    0.000000] On node 1 totalpages: 8388608
May 19 20:07:39 ubuntu kernel: [    0.000000]   Normal zone: 163840 pages used for memmap
May 19 20:07:39 ubuntu kernel: [    0.000000]   Normal zone: 8388608 pages, LIFO batch:63
May 19 20:07:39 ubuntu systemd[1]: Failed to start Load Kernel Modules.
May 19 20:07:39 ubuntu kernel: [    0.000000] Initmem setup node 2 [mem 0x0000202000000000-0x00002027ffffffff]
May 19 20:07:39 ubuntu kernel: [    0.000000] On node 2 totalpages: 8388608
May 19 20:07:39 ubuntu kernel: [    0.000000]   Normal zone: 163840 pages used for memmap
May 19 20:07:39 ubuntu kernel: [    0.000000]   Normal zone: 8388608 pages, LIFO batch:63
May 19 20:07:39 ubuntu systemd[1]: Starting Apply Kernel Variables...
May 19 20:07:39 ubuntu kernel: [    0.000000] Initmem setup node 3 [mem 0x0000202800000000-0x0000202fffffffff]
May 19 20:07:39 ubuntu kernel: [    0.000000] On node 3 totalpages: 8388608
May 19 20:07:39 ubuntu kernel: [    0.000000]   Normal zone: 163840 pages used for memmap
May 19 20:07:39 ubuntu systemd[1]: Mounting FUSE Control File System...
May 19 20:07:39 ubuntu kernel: [    0.000000]   Normal zone: 8388608 pages, LIFO batch:63
May 19 20:07:39 ubuntu kernel: [    0.000000] psci: probing for conduit method from ACPI.
May 19 20:07:39 ubuntu kernel: [    0.000000] psci: PSCIv1.1 detected in firmware.
May 19 20:07:39 ubuntu systemd[1]: Mounting Kernel Configuration File System...
May 19 20:07:39 ubuntu kernel: [    0.000000] psci: Using standard PSCI v0.2 function IDs
May 19 20:07:39 ubuntu kernel: [    0.000000] psci: MIGRATE_INFO_TYPE not supported.
May 19 20:07:39 ubuntu kernel: [    0.000000] psci: SMC Calling Convention v1.1
May 19 20:07:39 ubuntu systemd[1]: Mounted FUSE Control File System.
May 19 20:07:39 ubuntu systemd[1]: Mounted Kernel Configuration File System.
May 19 20:07:39 ubuntu systemd[1]: Started Apply Kernel Variables.
May 19 20:07:39 ubuntu systemd-udevd[1640]: link_config: autonegotiation is unset or enabled, the speed and duplex are not writable.
May 19 20:07:39 ubuntu systemd-udevd[1654]: link_config: autonegotiation is unset or enabled, the speed and duplex are not writable.
May 19 20:07:39 ubuntu systemd-udevd[1735]: link_config: autonegotiation is unset or enabled, the speed and duplex are not writable.
May 19 20:07:39 ubuntu systemd-udevd[1685]: link_config: autonegotiation is unset or enabled, the speed and duplex are not writable.
May 19 20:07:39 ubuntu systemd[1]: Listening on Load/Save RF Kill Switch Status /dev/rfkill Watch.
May 19 20:07:39 ubuntu systemd-udevd[1571]: link_config: autonegotiation is unset or enabled, the speed and duplex are not writable.
May 19 20:07:39 ubuntu systemd[1]: Started Flush Journal to Persistent Storage.
May 19 20:07:39 ubuntu kernel: [    0.000000] ACPI: NUMA: SRAT: PXM 0 -> MPIDR 0x80000 -> Node 0
May 19 20:07:39 ubuntu kernel: [    0.000000] ACPI: NUMA: SRAT: PXM 0 -> MPIDR 0x80100 -> Node 0
May 19 20:07:39 ubuntu systemd[1]: Found device HW-SAS3508 EFI\x20System\x20Partition.
May 19 20:07:39 ubuntu kernel: [    0.000000] ACPI: NUMA: SRAT: PXM 0 -> MPIDR 0x80200 -> Node 0
May 19 20:07:39 ubuntu kernel: [    0.000000] ACPI: NUMA: SRAT: PXM 0 -> MPIDR 0x80300 -> Node 0
May 19 20:07:39 ubuntu kernel: [    0.000000] ACPI: NUMA: SRAT: PXM 0 -> MPIDR 0x90000 -> Node 0
May 19 20:07:39 ubuntu kernel: [    0.000000] ACPI: NUMA: SRAT: PXM 0 -> MPIDR 0x90100 -> Node 0
May 19 20:07:39 ubuntu kernel: [    0.000000] ACPI: NUMA: SRAT: PXM 0 -> MPIDR 0x90200 -> Node 0
May 19 20:07:39 ubuntu kernel: [    0.000000] ACPI: NUMA: SRAT: PXM 0 -> MPIDR 0x90300 -> Node 0
May 19 20:07:39 ubuntu kernel: [    0.000000] ACPI: NUMA: SRAT: PXM 0 -> MPIDR 0xa0000 -> Node 0
May 19 20:07:39 ubuntu systemd[1]: Starting File System Check on /dev/disk/by-uuid/71BE-99A8...
May 19 20:07:39 ubuntu kernel: [    0.000000] ACPI: NUMA: SRAT: PXM 0 -> MPIDR 0xa0100 -> Node 0
May 19 20:07:39 ubuntu kernel: [    0.000000] ACPI: NUMA: SRAT: PXM 0 -> MPIDR 0xa0200 -> Node 0
May 19 20:07:39 ubuntu kernel: [    0.000000] ACPI: NUMA: SRAT: PXM 0 -> MPIDR 0xa0300 -> Node 0
May 19 20:07:39 ubuntu kernel: [    0.000000] ACPI: NUMA: SRAT: PXM 0 -> MPIDR 0xb0000 -> Node 0
May 19 20:07:39 ubuntu kernel: [    0.000000] ACPI: NUMA: SRAT: PXM 0 -> MPIDR 0xb0100 -> Node 0
May 19 20:07:39 ubuntu systemd[1]: Started File System Check Daemon to report status.
May 19 20:07:39 ubuntu kernel: [    0.000000] ACPI: NUMA: SRAT: PXM 0 -> MPIDR 0xb0200 -> Node 0
May 19 20:07:39 ubuntu kernel: [    0.000000] ACPI: NUMA: SRAT: PXM 0 -> MPIDR 0xb0300 -> Node 0
May 19 20:07:39 ubuntu systemd-fsck[1958]: fsck.fat 4.1 (2017-01-24)
May 19 20:07:39 ubuntu kernel: [    0.000000] ACPI: NUMA: SRAT: PXM 0 -> MPIDR 0xc0000 -> Node 0
May 19 20:07:39 ubuntu kernel: [    0.000000] ACPI: NUMA: SRAT: PXM 0 -> MPIDR 0xc0100 -> Node 0
May 19 20:07:39 ubuntu kernel: [    0.000000] ACPI: NUMA: SRAT: PXM 0 -> MPIDR 0xc0200 -> Node 0
May 19 20:07:39 ubuntu kernel: [    0.000000] ACPI: NUMA: SRAT: PXM 0 -> MPIDR 0xc0300 -> Node 0
May 19 20:07:39 ubuntu kernel: [    0.000000] ACPI: NUMA: SRAT: PXM 0 -> MPIDR 0xd0000 -> Node 0
May 19 20:07:39 ubuntu kernel: [    0.000000] ACPI: NUMA: SRAT: PXM 0 -> MPIDR 0xd0100 -> Node 0
May 19 20:07:39 ubuntu systemd-fsck[1958]: /dev/sda1: 5 files, 35/65501 clusters
May 19 20:07:39 ubuntu kernel: [    0.000000] ACPI: NUMA: SRAT: PXM 0 -> MPIDR 0xd0200 -> Node 0
May 19 20:07:39 ubuntu kernel: [    0.000000] ACPI: NUMA: SRAT: PXM 0 -> MPIDR 0xd0300 -> Node 0
May 19 20:07:39 ubuntu kernel: [    0.000000] ACPI: NUMA: SRAT: PXM 1 -> MPIDR 0x180000 -> Node 1
May 19 20:07:39 ubuntu kernel: [    0.000000] ACPI: NUMA: SRAT: PXM 1 -> MPIDR 0x180100 -> Node 1
May 19 20:07:39 ubuntu systemd[1]: Started File System Check on /dev/disk/by-uuid/71BE-99A8.
May 19 20:07:39 ubuntu kernel: [    0.000000] ACPI: NUMA: SRAT: PXM 1 -> MPIDR 0x180200 -> Node 1
May 19 20:07:39 ubuntu kernel: [    0.000000] ACPI: NUMA: SRAT: PXM 1 -> MPIDR 0x180300 -> Node 1
May 19 20:07:39 ubuntu kernel: [    0.000000] ACPI: NUMA: SRAT: PXM 1 -> MPIDR 0x190000 -> Node 1
May 19 20:07:39 ubuntu kernel: [    0.000000] ACPI: NUMA: SRAT: PXM 1 -> MPIDR 0x190100 -> Node 1
May 19 20:07:39 ubuntu kernel: [    0.000000] ACPI: NUMA: SRAT: PXM 1 -> MPIDR 0x190200 -> Node 1
May 19 20:07:39 ubuntu systemd[1]: Mounting /boot/efi...
May 19 20:07:39 ubuntu kernel: [    0.000000] ACPI: NUMA: SRAT: PXM 1 -> MPIDR 0x190300 -> Node 1
May 19 20:07:39 ubuntu kernel: [    0.000000] ACPI: NUMA: SRAT: PXM 1 -> MPIDR 0x1a0000 -> Node 1
May 19 20:07:39 ubuntu kernel: [    0.000000] ACPI: NUMA: SRAT: PXM 1 -> MPIDR 0x1a0100 -> Node 1
May 19 20:07:39 ubuntu kernel: [    0.000000] ACPI: NUMA: SRAT: PXM 1 -> MPIDR 0x1a0200 -> Node 1
May 19 20:07:39 ubuntu systemd[1]: Mounted /boot/efi.
May 19 20:07:39 ubuntu kernel: [    0.000000] ACPI: NUMA: SRAT: PXM 1 -> MPIDR 0x1a0300 -> Node 1
May 19 20:07:39 ubuntu kernel: [    0.000000] ACPI: NUMA: SRAT: PXM 1 -> MPIDR 0x1b0000 -> Node 1
May 19 20:07:39 ubuntu kernel: [    0.000000] ACPI: NUMA: SRAT: PXM 1 -> MPIDR 0x1b0100 -> Node 1
May 19 20:07:39 ubuntu systemd[1]: Reached target Local File Systems.
May 19 20:07:39 ubuntu kernel: [    0.000000] ACPI: NUMA: SRAT: PXM 1 -> MPIDR 0x1b0200 -> Node 1
May 19 20:07:39 ubuntu kernel: [    0.000000] ACPI: NUMA: SRAT: PXM 1 -> MPIDR 0x1b0300 -> Node 1
May 19 20:07:39 ubuntu kernel: [    0.000000] ACPI: NUMA: SRAT: PXM 1 -> MPIDR 0x1c0000 -> Node 1
May 19 20:07:39 ubuntu systemd[1]: Starting Clean up any mess left by 0dns-up...
May 19 20:07:39 ubuntu kernel: [    0.000000] ACPI: NUMA: SRAT: PXM 1 -> MPIDR 0x1c0100 -> Node 1
May 19 20:07:39 ubuntu systemd[1]: Starting AppArmor initialization...
May 19 20:07:39 ubuntu kernel: [    0.000000] ACPI: NUMA: SRAT: PXM 1 -> MPIDR 0x1c0200 -> Node 1
May 19 20:07:39 ubuntu kernel: [    0.000000] ACPI: NUMA: SRAT: PXM 1 -> MPIDR 0x1c0300 -> Node 1
May 19 20:07:39 ubuntu kernel: [    0.000000] ACPI: NUMA: SRAT: PXM 1 -> MPIDR 0x1d0000 -> Node 1
May 19 20:07:39 ubuntu kernel: [    0.000000] ACPI: NUMA: SRAT: PXM 1 -> MPIDR 0x1d0100 -> Node 1
May 19 20:07:39 ubuntu kernel: [    0.000000] ACPI: NUMA: SRAT: PXM 1 -> MPIDR 0x1d0200 -> Node 1
May 19 20:07:39 ubuntu systemd[1]: Starting Enable support for additional executable binary formats...
May 19 20:07:39 ubuntu kernel: [    0.000000] ACPI: NUMA: SRAT: PXM 1 -> MPIDR 0x1d0300 -> Node 1
May 19 20:07:39 ubuntu kernel: [    0.000000] ACPI: NUMA: SRAT: PXM 2 -> MPIDR 0x280000 -> Node 2
May 19 20:07:39 ubuntu kernel: [    0.000000] ACPI: NUMA: SRAT: PXM 2 -> MPIDR 0x280100 -> Node 2
May 19 20:07:39 ubuntu systemd[1]: Starting Tell Plymouth To Write Out Runtime Data...
May 19 20:07:39 ubuntu kernel: [    0.000000] ACPI: NUMA: SRAT: PXM 2 -> MPIDR 0x280200 -> Node 2
May 19 20:07:39 ubuntu kernel: [    0.000000] ACPI: NUMA: SRAT: PXM 2 -> MPIDR 0x280300 -> Node 2
May 19 20:07:39 ubuntu kernel: [    0.000000] ACPI: NUMA: SRAT: PXM 2 -> MPIDR 0x290000 -> Node 2
May 19 20:07:39 ubuntu kernel: [    0.000000] ACPI: NUMA: SRAT: PXM 2 -> MPIDR 0x290100 -> Node 2
May 19 20:07:39 ubuntu kernel: [    0.000000] ACPI: NUMA: SRAT: PXM 2 -> MPIDR 0x290200 -> Node 2
May 19 20:07:39 ubuntu kernel: [    0.000000] ACPI: NUMA: SRAT: PXM 2 -> MPIDR 0x290300 -> Node 2
May 19 20:07:39 ubuntu kernel: [    0.000000] ACPI: NUMA: SRAT: PXM 2 -> MPIDR 0x2a0000 -> Node 2
May 19 20:07:39 ubuntu systemd[1]: Starting QEMU KVM preparation - module, ksm, hugepages...
May 19 20:07:39 ubuntu kernel: [    0.000000] ACPI: NUMA: SRAT: PXM 2 -> MPIDR 0x2a0100 -> Node 2
May 19 20:07:39 ubuntu kernel: [    0.000000] ACPI: NUMA: SRAT: PXM 2 -> MPIDR 0x2a0200 -> Node 2
May 19 20:07:39 ubuntu kernel: [    0.000000] ACPI: NUMA: SRAT: PXM 2 -> MPIDR 0x2a0300 -> Node 2
May 19 20:07:39 ubuntu kernel: [    0.000000] ACPI: NUMA: SRAT: PXM 2 -> MPIDR 0x2b0000 -> Node 2
May 19 20:07:39 ubuntu systemd[1]: Starting ebtables ruleset management...
May 19 20:07:39 ubuntu kernel: [    0.000000] ACPI: NUMA: SRAT: PXM 2 -> MPIDR 0x2b0100 -> Node 2
May 19 20:07:39 ubuntu kernel: [    0.000000] ACPI: NUMA: SRAT: PXM 2 -> MPIDR 0x2b0200 -> Node 2
May 19 20:07:39 ubuntu kernel: [    0.000000] ACPI: NUMA: SRAT: PXM 2 -> MPIDR 0x2b0300 -> Node 2
May 19 20:07:39 ubuntu kernel: [    0.000000] ACPI: NUMA: SRAT: PXM 2 -> MPIDR 0x2c0000 -> Node 2
May 19 20:07:39 ubuntu kernel: [    0.000000] ACPI: NUMA: SRAT: PXM 2 -> MPIDR 0x2c0100 -> Node 2
May 19 20:07:39 ubuntu kernel: [    0.000000] ACPI: NUMA: SRAT: PXM 2 -> MPIDR 0x2c0200 -> Node 2
May 19 20:07:39 ubuntu systemd[1]: Starting Set console font and keymap...
May 19 20:07:39 ubuntu kernel: [    0.000000] ACPI: NUMA: SRAT: PXM 2 -> MPIDR 0x2c0300 -> Node 2
May 19 20:07:39 ubuntu kernel: [    0.000000] ACPI: NUMA: SRAT: PXM 2 -> MPIDR 0x2d0000 -> Node 2
May 19 20:07:39 ubuntu kernel: [    0.000000] ACPI: NUMA: SRAT: PXM 2 -> MPIDR 0x2d0100 -> Node 2
May 19 20:07:39 ubuntu kernel: [    0.000000] ACPI: NUMA: SRAT: PXM 2 -> MPIDR 0x2d0200 -> Node 2
May 19 20:07:39 ubuntu kernel: [    0.000000] ACPI: NUMA: SRAT: PXM 2 -> MPIDR 0x2d0300 -> Node 2
May 19 20:07:39 ubuntu systemd[1]: Starting Create Volatile Files and Directories...
May 19 20:07:39 ubuntu kernel: [    0.000000] ACPI: NUMA: SRAT: PXM 3 -> MPIDR 0x380000 -> Node 3
May 19 20:07:39 ubuntu kernel: [    0.000000] ACPI: NUMA: SRAT: PXM 3 -> MPIDR 0x380100 -> Node 3
May 19 20:07:39 ubuntu kernel: [    0.000000] ACPI: NUMA: SRAT: PXM 3 -> MPIDR 0x380200 -> Node 3
May 19 20:07:39 ubuntu kernel: [    0.000000] ACPI: NUMA: SRAT: PXM 3 -> MPIDR 0x380300 -> Node 3
May 19 20:07:39 ubuntu systemd[1]: Started QEMU KVM preparation - module, ksm, hugepages.
May 19 20:07:39 ubuntu kernel: [    0.000000] ACPI: NUMA: SRAT: PXM 3 -> MPIDR 0x390000 -> Node 3
May 19 20:07:39 ubuntu kernel: [    0.000000] ACPI: NUMA: SRAT: PXM 3 -> MPIDR 0x390100 -> Node 3
May 19 20:07:39 ubuntu kernel: [    0.000000] ACPI: NUMA: SRAT: PXM 3 -> MPIDR 0x390200 -> Node 3
May 19 20:07:39 ubuntu kernel: [    0.000000] ACPI: NUMA: SRAT: PXM 3 -> MPIDR 0x390300 -> Node 3
May 19 20:07:39 ubuntu kernel: [    0.000000] ACPI: NUMA: SRAT: PXM 3 -> MPIDR 0x3a0000 -> Node 3
May 19 20:07:39 ubuntu kernel: [    0.000000] ACPI: NUMA: SRAT: PXM 3 -> MPIDR 0x3a0100 -> Node 3
May 19 20:07:39 ubuntu kernel: [    0.000000] ACPI: NUMA: SRAT: PXM 3 -> MPIDR 0x3a0200 -> Node 3
May 19 20:07:39 ubuntu kernel: [    0.000000] ACPI: NUMA: SRAT: PXM 3 -> MPIDR 0x3a0300 -> Node 3
May 19 20:07:39 ubuntu kernel: [    0.000000] ACPI: NUMA: SRAT: PXM 3 -> MPIDR 0x3b0000 -> Node 3
May 19 20:07:39 ubuntu systemd[1]: Started Set console font and keymap.
May 19 20:07:39 ubuntu kernel: [    0.000000] ACPI: NUMA: SRAT: PXM 3 -> MPIDR 0x3b0100 -> Node 3
May 19 20:07:39 ubuntu kernel: [    0.000000] ACPI: NUMA: SRAT: PXM 3 -> MPIDR 0x3b0200 -> Node 3
May 19 20:07:39 ubuntu kernel: [    0.000000] ACPI: NUMA: SRAT: PXM 3 -> MPIDR 0x3b0300 -> Node 3
May 19 20:07:39 ubuntu kernel: [    0.000000] ACPI: NUMA: SRAT: PXM 3 -> MPIDR 0x3c0000 -> Node 3
May 19 20:07:39 ubuntu systemd[1]: Started Tell Plymouth To Write Out Runtime Data.
May 19 20:07:39 ubuntu kernel: [    0.000000] ACPI: NUMA: SRAT: PXM 3 -> MPIDR 0x3c0100 -> Node 3
May 19 20:07:39 ubuntu kernel: [    0.000000] ACPI: NUMA: SRAT: PXM 3 -> MPIDR 0x3c0200 -> Node 3
May 19 20:07:39 ubuntu kernel: [    0.000000] ACPI: NUMA: SRAT: PXM 3 -> MPIDR 0x3c0300 -> Node 3
May 19 20:07:39 ubuntu kernel: [    0.000000] ACPI: NUMA: SRAT: PXM 3 -> MPIDR 0x3d0000 -> Node 3
May 19 20:07:39 ubuntu kernel: [    0.000000] ACPI: NUMA: SRAT: PXM 3 -> MPIDR 0x3d0100 -> Node 3
May 19 20:07:39 ubuntu systemd[1]: proc-sys-fs-binfmt_misc.automount: Got automount request for /proc/sys/fs/binfmt_misc, triggered by 2014 (update-binfmts)
May 19 20:07:39 ubuntu kernel: [    0.000000] ACPI: NUMA: SRAT: PXM 3 -> MPIDR 0x3d0200 -> Node 3
May 19 20:07:39 ubuntu kernel: [    0.000000] ACPI: NUMA: SRAT: PXM 3 -> MPIDR 0x3d0300 -> Node 3
May 19 20:07:39 ubuntu kernel: [    0.000000] percpu: Embedded 33 pages/cpu s94616 r8192 d32360 u135168
May 19 20:07:39 ubuntu systemd[1]: Mounting Arbitrary Executable File Formats File System...
May 19 20:07:39 ubuntu kernel: [    0.000000] pcpu-alloc: s94616 r8192 d32360 u135168 alloc=33*4096
May 19 20:07:39 ubuntu kernel: [    0.000000] pcpu-alloc: [0] 00 [0] 01 [0] 02 [0] 03 [0] 04 [0] 05 [0] 06 [0] 07 
May 19 20:07:39 ubuntu kernel: [    0.000000] pcpu-alloc: [0] 08 [0] 09 [0] 10 [0] 11 [0] 12 [0] 13 [0] 14 [0] 15 
May 19 20:07:39 ubuntu kernel: [    0.000000] pcpu-alloc: [0] 16 [0] 17 [0] 18 [0] 19 [0] 20 [0] 21 [0] 22 [0] 23 
May 19 20:07:39 ubuntu systemd[1]: Mounted Arbitrary Executable File Formats File System.
May 19 20:07:39 ubuntu kernel: [    0.000000] pcpu-alloc: [1] 24 [1] 25 [1] 26 [1] 27 [1] 28 [1] 29 [1] 30 [1] 31 
May 19 20:07:39 ubuntu kernel: [    0.000000] pcpu-alloc: [1] 32 [1] 33 [1] 34 [1] 35 [1] 36 [1] 37 [1] 38 [1] 39 
May 19 20:07:39 ubuntu kernel: [    0.000000] pcpu-alloc: [1] 40 [1] 41 [1] 42 [1] 43 [1] 44 [1] 45 [1] 46 [1] 47 
May 19 20:07:39 ubuntu kernel: [    0.000000] pcpu-alloc: [2] 48 [2] 49 [2] 50 [2] 51 [2] 52 [2] 53 [2] 54 [2] 55 
May 19 20:07:39 ubuntu apparmor[2004]:  * Starting AppArmor profiles
May 19 20:07:39 ubuntu kernel: [    0.000000] pcpu-alloc: [2] 56 [2] 57 [2] 58 [2] 59 [2] 60 [2] 61 [2] 62 [2] 63 
May 19 20:07:39 ubuntu kernel: [    0.000000] pcpu-alloc: [2] 64 [2] 65 [2] 66 [2] 67 [2] 68 [2] 69 [2] 70 [2] 71 
May 19 20:07:39 ubuntu systemd[1]: Started ebtables ruleset management.
May 19 20:07:39 ubuntu kernel: [    0.000000] pcpu-alloc: [3] 72 [3] 73 [3] 74 [3] 75 [3] 76 [3] 77 [3] 78 [3] 79 
May 19 20:07:39 ubuntu kernel: [    0.000000] pcpu-alloc: [3] 80 [3] 81 [3] 82 [3] 83 [3] 84 [3] 85 [3] 86 [3] 87 
May 19 20:07:39 ubuntu kernel: [    0.000000] pcpu-alloc: [3] 88 [3] 89 [3] 90 [3] 91 [3] 92 [3] 93 [3] 94 [3] 95 
May 19 20:07:39 ubuntu kernel: [    0.000000] Detected VIPT I-cache on CPU0
May 19 20:07:39 ubuntu kernel: [    0.000000] CPU features: detected: GIC system register CPU interface
May 19 20:07:39 ubuntu systemd[1]: Reached target Network (Pre).
May 19 20:07:39 ubuntu kernel: [    0.000000] CPU features: detected: Virtualization Host Extensions
May 19 20:07:39 ubuntu systemd[1]: Started Enable support for additional executable binary formats.
May 19 20:07:39 ubuntu systemd[1]: Started Create Volatile Files and Directories.
May 19 20:07:39 ubuntu systemd[1]: Starting Network Time Synchronization...
May 19 20:07:39 ubuntu systemd[1]: Starting Update UTMP about System Boot/Shutdown...
May 19 20:07:39 ubuntu systemd[1]: Started Clean up any mess left by 0dns-up.
May 19 20:07:39 ubuntu systemd[1]: Starting Network Service...
May 19 20:07:39 ubuntu systemd[1]: Started Update UTMP about System Boot/Shutdown.
May 19 20:07:39 ubuntu systemd[1]: Started Network Time Synchronization.
May 19 20:07:39 ubuntu systemd[1]: Reached target System Time Synchronized.
May 19 20:07:39 ubuntu apparmor[2004]: Skipping profile in /etc/apparmor.d/disable: usr.bin.firefox
May 19 20:07:39 ubuntu kernel: [    0.000000] CPU features: detected: Hardware dirty bit management
May 19 20:07:39 ubuntu kernel: [    0.000000] alternatives: patching kernel code
May 19 20:07:39 ubuntu kernel: [    0.000000] Built 4 zonelists, mobility grouping on.  Total pages: 32898000
May 19 20:07:39 ubuntu apparmor[2004]: Skipping profile in /etc/apparmor.d/disable: usr.sbin.rsyslogd
May 19 20:07:39 ubuntu kernel: [    0.000000] Policy zone: Normal
May 19 20:07:39 ubuntu kernel: [    0.000000] Kernel command line: BOOT_IMAGE=/boot/vmlinuz-5.7.1 root=UUID=87f15ea3-75f7-4c9d-add6-30cc3fc19001 ro text
May 19 20:07:39 ubuntu kernel: [    0.000000] printk: log_buf_len individual max cpu contribution: 4096 bytes
May 19 20:07:39 ubuntu kernel: [    0.000000] printk: log_buf_len total cpu_extra contributions: 389120 bytes
May 19 20:07:39 ubuntu systemd-udevd[2298]: link_config: autonegotiation is unset or enabled, the speed and duplex are not writable.
May 19 20:07:39 ubuntu kernel: [    0.000000] printk: log_buf_len min size: 262144 bytes
May 19 20:07:39 ubuntu kernel: [    0.000000] printk: log_buf_len: 1048576 bytes
May 19 20:07:39 ubuntu kernel: [    0.000000] printk: early log buf free: 245796(93%)
May 19 20:07:39 ubuntu kernel: [    0.000000] mem auto-init: stack:off, heap alloc:on, heap free:off
May 19 20:07:39 ubuntu kernel: [    0.000000] software IO TLB: mapped [mem 0x3b030000-0x3f030000] (64MB)
May 19 20:07:39 ubuntu kernel: [    0.000000] Memory: 130841812K/134213440K available (14204K kernel code, 2354K rwdata, 6864K rodata, 7040K init, 1132K bss, 3338860K reserved, 32768K cma-reserved)
May 19 20:07:39 ubuntu kernel: [    0.000000] random: get_random_u64 called from __kmem_cache_create+0x54/0x5d8 with crng_init=0
May 19 20:07:39 ubuntu kernel: [    0.000000] SLUB: HWalign=64, Order=0-3, MinObjects=0, CPUs=96, Nodes=4
May 19 20:07:39 ubuntu kernel: [    0.000000] ftrace: allocating 46107 entries in 181 pages
May 19 20:07:39 ubuntu kernel: [    0.000000] ftrace: allocated 181 pages with 5 groups
May 19 20:07:39 ubuntu systemd-networkd[2217]: br0: netdev ready
May 19 20:07:39 ubuntu kernel: [    0.000000] rcu: Hierarchical RCU implementation.
May 19 20:07:39 ubuntu kernel: [    0.000000] rcu: 	RCU restricting CPUs from NR_CPUS=256 to nr_cpu_ids=96.
May 19 20:07:39 ubuntu kernel: [    0.000000] 	Tasks RCU enabled.
May 19 20:07:39 ubuntu systemd-networkd[2217]: Enumeration completed
May 19 20:07:39 ubuntu kernel: [    0.000000] rcu: RCU calculated value of scheduler-enlistment delay is 25 jiffies.
May 19 20:07:39 ubuntu systemd[1]: Started Network Service.
May 19 20:07:39 ubuntu kernel: [    0.000000] rcu: Adjusting geometry for rcu_fanout_leaf=16, nr_cpu_ids=96
May 19 20:07:39 ubuntu kernel: [    0.000000] NR_IRQS: 64, nr_irqs: 64, preallocated irqs: 0
May 19 20:07:39 ubuntu kernel: [    0.000000] GICv3: GIC: Using split EOI/Deactivate mode
May 19 20:07:39 ubuntu kernel: [    0.000000] GICv3: 640 SPIs implemented
May 19 20:07:39 ubuntu systemd-networkd[2217]: br0: IPv6 successfully enabled
May 19 20:07:39 ubuntu kernel: [    0.000000] GICv3: 0 Extended SPIs implemented
May 19 20:07:39 ubuntu kernel: [    0.000000] GICv3: Distributor has no Range Selector support
May 19 20:07:39 ubuntu systemd-networkd[2217]: lo: Link is not managed by us
May 19 20:07:39 ubuntu kernel: [    0.000000] GICv3: 16 PPIs implemented
May 19 20:07:39 ubuntu kernel: [    0.000000] GICv3: GICv4 features: DirectLPI 
May 19 20:07:39 ubuntu kernel: [    0.000000] GICv3: CPU0: found redistributor 80000 region 0:0x00000000ae100000
May 19 20:07:39 ubuntu kernel: [    0.000000] SRAT: PXM 0 -> ITS 0 -> Node 0
May 19 20:07:39 ubuntu kernel: [    0.000000] SRAT: PXM 2 -> ITS 1 -> Node 2
May 19 20:07:39 ubuntu systemd-networkd[2217]: enp125s0f2: Link is not managed by us
May 19 20:07:39 ubuntu kernel: [    0.000000] ITS [mem 0x202100000-0x20211ffff]
May 19 20:07:39 ubuntu kernel: [    0.000000] ITS@0x0000000202100000: Using ITS number 0
May 19 20:07:39 ubuntu systemd-networkd[2217]: enp125s0f0: Link is not managed by us
May 19 20:07:39 ubuntu kernel: [    0.000000] ITS@0x0000000202100000: allocated 65536 Devices @27ffb80000 (flat, esz 8, psz 16K, shr 1)
May 19 20:07:39 ubuntu kernel: [    0.000000] ITS@0x0000000202100000: allocated 65536 Virtual CPUs @27ff000000 (flat, esz 16, psz 4K, shr 1)
May 19 20:07:39 ubuntu kernel: [    0.000000] ITS@0x0000000202100000: allocated 256 Interrupt Collections @27ffb01000 (flat, esz 16, psz 4K, shr 1)
May 19 20:07:39 ubuntu kernel: [    0.000000] ITS [mem 0x200202100000-0x20020211ffff]
May 19 20:07:39 ubuntu kernel: [    0.000000] ITS@0x0000200202100000: Using ITS number 1
May 19 20:07:39 ubuntu systemd-networkd[2217]: enp125s0f3: Link is not managed by us
May 19 20:07:39 ubuntu kernel: [    0.000000] ITS@0x0000200202100000: allocated 65536 Devices @2027ff880000 (flat, esz 8, psz 16K, shr 1)
May 19 20:07:39 ubuntu kernel: [    0.000000] ITS@0x0000200202100000: allocated 65536 Virtual CPUs @2027ff900000 (flat, esz 16, psz 4K, shr 1)
May 19 20:07:39 ubuntu kernel: [    0.000000] ITS@0x0000200202100000: allocated 256 Interrupt Collections @2027ff801000 (flat, esz 16, psz 4K, shr 1)
May 19 20:07:39 ubuntu kernel: [    0.000000] GICv3: using LPI property table @0x00000027ffb20000
May 19 20:07:39 ubuntu systemd-networkd[2217]: enp125s0f1: Link is not managed by us
May 19 20:07:39 ubuntu kernel: [    0.000000] ITS: Using DirectLPI for VPE invalidation
May 19 20:07:39 ubuntu kernel: [    0.000000] ITS: Enabling GICv4 support
May 19 20:07:39 ubuntu kernel: [    0.000000] GICv3: CPU0: using allocated LPI pending table @0x00000027ffb30000
May 19 20:07:39 ubuntu systemd-networkd[2217]: enp125s0f1: IPv6 successfully enabled
May 19 20:07:39 ubuntu kernel: [    0.000000] arch_timer: cp15 timer(s) running at 100.00MHz (phys).
May 19 20:07:39 ubuntu kernel: [    0.000000] clocksource: arch_sys_counter: mask: 0xffffffffffffff max_cycles: 0x171024e7e0, max_idle_ns: 440795205315 ns
May 19 20:07:39 ubuntu kernel: [    0.000001] sched_clock: 56 bits at 100MHz, resolution 10ns, wraps every 4398046511100ns
May 19 20:07:39 ubuntu kernel: [    0.000110] Console: colour dummy device 80x25
May 19 20:07:39 ubuntu kernel: [    0.000437] printk: console [tty0] enabled
May 19 20:07:39 ubuntu systemd-networkd[2217]: lo: Link is not managed by us
May 19 20:07:39 ubuntu kernel: [    0.000500] mempolicy: Enabling automatic NUMA balancing. Configure with numa_balancing= or the kernel.numa_balancing sysctl
May 19 20:07:39 ubuntu kernel: [    0.000516] ACPI: Core revision 20200326
May 19 20:07:39 ubuntu kernel: [    0.000714] Calibrating delay loop (skipped), value calculated using timer frequency.. 200.00 BogoMIPS (lpj=400000)
May 19 20:07:39 ubuntu systemd-networkd[2217]: enp125s0f2: Link is not managed by us
May 19 20:07:39 ubuntu kernel: [    0.000718] pid_max: default: 98304 minimum: 768
May 19 20:07:39 ubuntu kernel: [    0.000795] LSM: Security Framework initializing
May 19 20:07:39 ubuntu kernel: [    0.000802] Yama: becoming mindful.
May 19 20:07:39 ubuntu kernel: [    0.000835] AppArmor: AppArmor initialized
May 19 20:07:39 ubuntu systemd-networkd[2217]: enp125s0f0: Link is not managed by us
May 19 20:07:39 ubuntu kernel: [    0.012095] Dentry cache hash table entries: 8388608 (order: 14, 67108864 bytes, vmalloc)
May 19 20:07:39 ubuntu kernel: [    0.018343] Inode-cache hash table entries: 4194304 (order: 13, 33554432 bytes, vmalloc)
May 19 20:07:39 ubuntu kernel: [    0.018614] Mount-cache hash table entries: 131072 (order: 8, 1048576 bytes, vmalloc)
May 19 20:07:39 ubuntu kernel: [    0.018850] Mountpoint-cache hash table entries: 131072 (order: 8, 1048576 bytes, vmalloc)
May 19 20:07:39 ubuntu systemd-networkd[2217]: enp125s0f3: Link is not managed by us
May 19 20:07:39 ubuntu kernel: [    0.021247] rcu: Hierarchical SRCU implementation.
May 19 20:07:39 ubuntu kernel: [    0.021687] Platform MSI: ITS@0x202100000 domain created
May 19 20:07:39 ubuntu kernel: [    0.021692] Platform MSI: ITS@0x200202100000 domain created
May 19 20:07:39 ubuntu kernel: [    0.021698] PCI/MSI: ITS@0x202100000 domain created
May 19 20:07:39 ubuntu systemd[1]: Starting Wait for Network to be Configured...
May 19 20:07:39 ubuntu kernel: [    0.021701] PCI/MSI: ITS@0x200202100000 domain created
May 19 20:07:39 ubuntu kernel: [    0.021716] Remapping and enabling EFI services.
May 19 20:07:39 ubuntu kernel: [    0.021921] efi: memattr: Entry attributes invalid: RO and XP bits both cleared
May 19 20:07:39 ubuntu kernel: [    0.021926] efi: memattr: ! 0x000000000000-0x00000000ffff [Runtime Code       |RUN|  |  |  |  |  |  |  |   |  |  |  |  ]
May 19 20:07:39 ubuntu kernel: [    0.023058] smp: Bringing up secondary CPUs ...
May 19 20:07:39 ubuntu systemd-networkd[2217]: br0: Link UP
May 19 20:07:39 ubuntu kernel: [    0.052901] Detected VIPT I-cache on CPU1
May 19 20:07:39 ubuntu kernel: [    0.052908] GICv3: CPU1: found redistributor 80100 region 1:0x00000000ae140000
May 19 20:07:39 ubuntu kernel: [    0.052923] GICv3: CPU1: using allocated LPI pending table @0x00000027ffb40000
May 19 20:07:39 ubuntu systemd-networkd[2217]: enp125s0f1: Link UP
May 19 20:07:39 ubuntu kernel: [    0.052959] CPU1: Booted secondary processor 0x0000080100 [0x481fd010]
May 19 20:07:39 ubuntu kernel: [    0.085444] Detected VIPT I-cache on CPU2
May 19 20:07:39 ubuntu kernel: [    0.085448] GICv3: CPU2: found redistributor 80200 region 2:0x00000000ae180000
May 19 20:07:39 ubuntu systemd[1]: Starting Network Name Resolution...
May 19 20:07:39 ubuntu kernel: [    0.085461] GICv3: CPU2: using allocated LPI pending table @0x00000027ffb50000
May 19 20:07:39 ubuntu kernel: [    0.085492] CPU2: Booted secondary processor 0x0000080200 [0x481fd010]
May 19 20:07:39 ubuntu kernel: [    0.117993] Detected VIPT I-cache on CPU3
May 19 20:07:39 ubuntu kernel: [    0.117998] GICv3: CPU3: found redistributor 80300 region 3:0x00000000ae1c0000
May 19 20:07:39 ubuntu kernel: [    0.118010] GICv3: CPU3: using allocated LPI pending table @0x00000027ffb60000
May 19 20:07:39 ubuntu kernel: [    0.118041] CPU3: Booted secondary processor 0x0000080300 [0x481fd010]
May 19 20:07:39 ubuntu apparmor[2004]:    ...done.
May 19 20:07:39 ubuntu kernel: [    0.150725] Detected VIPT I-cache on CPU4
May 19 20:07:39 ubuntu systemd[1]: Started AppArmor initialization.
May 19 20:07:39 ubuntu kernel: [    0.150733] GICv3: CPU4: found redistributor 90000 region 4:0x00000000ae200000
May 19 20:07:39 ubuntu kernel: [    0.150756] GICv3: CPU4: using allocated LPI pending table @0x00000027ffb70000
May 19 20:07:39 ubuntu kernel: [    0.150793] CPU4: Booted secondary processor 0x0000090000 [0x481fd010]
May 19 20:07:39 ubuntu kernel: [    0.183442] Detected VIPT I-cache on CPU5
May 19 20:07:39 ubuntu kernel: [    0.183447] GICv3: CPU5: found redistributor 90100 region 5:0x00000000ae240000
May 19 20:07:39 ubuntu kernel: [    0.183460] GICv3: CPU5: using allocated LPI pending table @0x00000027ff100000
May 19 20:07:39 ubuntu systemd[1]: Starting Raise network interfaces...
May 19 20:07:39 ubuntu kernel: [    0.183491] CPU5: Booted secondary processor 0x0000090100 [0x481fd010]
May 19 20:07:39 ubuntu kernel: [    0.216165] Detected VIPT I-cache on CPU6
May 19 20:07:39 ubuntu kernel: [    0.216170] GICv3: CPU6: found redistributor 90200 region 6:0x00000000ae280000
May 19 20:07:39 ubuntu kernel: [    0.216182] GICv3: CPU6: using allocated LPI pending table @0x00000027ff110000
May 19 20:07:39 ubuntu systemd[1]: Starting Load AppArmor profiles managed internally by snapd...
May 19 20:07:39 ubuntu kernel: [    0.216213] CPU6: Booted secondary processor 0x0000090200 [0x481fd010]
May 19 20:07:39 ubuntu kernel: [    0.248888] Detected VIPT I-cache on CPU7
May 19 20:07:39 ubuntu kernel: [    0.248893] GICv3: CPU7: found redistributor 90300 region 7:0x00000000ae2c0000
May 19 20:07:39 ubuntu snapd-apparmor[2323]: find: â€˜/var/lib/snapd/apparmor/profiles/â€™: No such file or directory
May 19 20:07:39 ubuntu kernel: [    0.248908] GICv3: CPU7: using allocated LPI pending table @0x00000027ff120000
May 19 20:07:39 ubuntu kernel: [    0.248939] CPU7: Booted secondary processor 0x0000090300 [0x481fd010]
May 19 20:07:39 ubuntu kernel: [    0.281790] Detected VIPT I-cache on CPU8
May 19 20:07:39 ubuntu kernel: [    0.281797] GICv3: CPU8: found redistributor a0000 region 8:0x00000000ae300000
May 19 20:07:39 ubuntu systemd[1]: Started Load AppArmor profiles managed internally by snapd.
May 19 20:07:39 ubuntu kernel: [    0.281815] GICv3: CPU8: using allocated LPI pending table @0x00000027ff130000
May 19 20:07:39 ubuntu kernel: [    0.281851] CPU8: Booted secondary processor 0x00000a0000 [0x481fd010]
May 19 20:07:39 ubuntu systemd[1]: Reached target System Initialization.
May 19 20:07:39 ubuntu kernel: [    0.314683] Detected VIPT I-cache on CPU9
May 19 20:07:39 ubuntu kernel: [    0.314689] GICv3: CPU9: found redistributor a0100 region 9:0x00000000ae340000
May 19 20:07:39 ubuntu kernel: [    0.314702] GICv3: CPU9: using allocated LPI pending table @0x00000027ff140000
May 19 20:07:39 ubuntu kernel: [    0.314734] CPU9: Booted secondary processor 0x00000a0100 [0x481fd010]
May 19 20:07:39 ubuntu systemd-resolved[2315]: Positive Trust Anchors:
May 19 20:07:39 ubuntu kernel: [    0.347580] Detected VIPT I-cache on CPU10
May 19 20:07:39 ubuntu systemd-resolved[2315]: . IN DS 19036 8 2 49aac11d7b6f6446702e54a1607371607a1a41855200fd2ce1cdde32f24e8fb5
May 19 20:07:39 ubuntu systemd-resolved[2315]: . IN DS 20326 8 2 e06d44b80b8f1d39a95c0b0d7c65d08458e880409bbc683457104237c7f8ec8d
May 19 20:07:39 ubuntu systemd-resolved[2315]: Negative trust anchors: 10.in-addr.arpa 16.172.in-addr.arpa 17.172.in-addr.arpa 18.172.in-addr.arpa 19.172.in-addr.arpa 20.172.in-addr.arpa 21.172.in-addr.arpa 22.172.in-addr.arpa 23.172.in-addr.arpa 24.172.in-addr.arpa 25.172.in-addr.arpa 26.172.in-addr.arpa 27.172.in-addr.arpa 28.172.in-addr.arpa 29.172.in-addr.arpa 30.172.in-addr.arpa 31.172.in-addr.arpa 168.192.in-addr.arpa d.f.ip6.arpa corp home internal intranet lan local private test
May 19 20:07:39 ubuntu systemd-resolved[2315]: Using system hostname 'ubuntu'.
May 19 20:07:39 ubuntu systemd[1]: Started Daily apt download activities.
May 19 20:07:39 ubuntu systemd[1]: Started Daily apt upgrade and clean activities.
May 19 20:07:39 ubuntu systemd-networkd[2217]: enp125s0f0: Link UP
May 19 20:07:39 ubuntu systemd[1]: Started CUPS Scheduler.
May 19 20:07:39 ubuntu systemd[1]: Listening on D-Bus System Message Bus Socket.
May 19 20:07:39 ubuntu kernel: [    0.347586] GICv3: CPU10: found redistributor a0200 region 10:0x00000000ae380000
May 19 20:07:39 ubuntu kernel: [    0.347600] GICv3: CPU10: using allocated LPI pending table @0x00000027ff150000
May 19 20:07:39 ubuntu systemd[1]: Started Daily Cleanup of Temporary Directories.
May 19 20:07:39 ubuntu kernel: [    0.347632] CPU10: Booted secondary processor 0x00000a0200 [0x481fd010]
May 19 20:07:39 ubuntu kernel: [    0.380478] Detected VIPT I-cache on CPU11
May 19 20:07:39 ubuntu systemd[1]: Starting LXD - unix socket.
May 19 20:07:39 ubuntu kernel: [    0.380484] GICv3: CPU11: found redistributor a0300 region 11:0x00000000ae3c0000
May 19 20:07:39 ubuntu kernel: [    0.380498] GICv3: CPU11: using allocated LPI pending table @0x00000027ff160000
May 19 20:07:39 ubuntu kernel: [    0.380530] CPU11: Booted secondary processor 0x00000a0300 [0x481fd010]
May 19 20:07:39 ubuntu kernel: [    0.413552] Detected VIPT I-cache on CPU12
May 19 20:07:39 ubuntu systemd[1]: Listening on Open-iSCSI iscsid Socket.
May 19 20:07:39 ubuntu kernel: [    0.413560] GICv3: CPU12: found redistributor b0000 region 12:0x00000000ae400000
May 19 20:07:39 ubuntu kernel: [    0.413578] GICv3: CPU12: using allocated LPI pending table @0x00000027ff170000
May 19 20:07:39 ubuntu kernel: [    0.413614] CPU12: Booted secondary processor 0x00000b0000 [0x481fd010]
May 19 20:07:39 ubuntu systemd[1]: Started Discard unused blocks once a week.
May 19 20:07:39 ubuntu kernel: [    0.446619] Detected VIPT I-cache on CPU13
