Nov  2 13:49:48 ubuntu systemd-modules-load[827]: Inserted module 'iscsi_tcp'
Nov  2 13:49:48 ubuntu kernel: [    0.000000] Booting Linux on physical CPU 0x0000000000 [0x481fd010]
Nov  2 13:49:48 ubuntu kernel: [    0.000000] Linux version 5.7.1 (root@ubuntu) (gcc version 7.5.0 (Ubuntu/Linaro 7.5.0-3ubuntu1~18.04), GNU ld (GNU Binutils for Ubuntu) 2.30) #1 SMP Mon Nov 2 11:48:26 CST 2020
Nov  2 13:49:48 ubuntu systemd-modules-load[827]: Inserted module 'ib_iser'
Nov  2 13:49:48 ubuntu kernel: [    0.000000] efi: EFI v2.70 by EDK II
Nov  2 13:49:48 ubuntu kernel: [    0.000000] efi:  SMBIOS 3.0=0x53f710000  ACPI 2.0=0x53c020000  MEMATTR=0x53cc7ca98  MEMRESERVE=0x53becd018 
Nov  2 13:49:48 ubuntu lvm[852]:   2 logical volume(s) in volume group "ubuntu-vg" monitored
Nov  2 13:49:48 ubuntu kernel: [    0.000000] cma: Reserved 32 MiB at 0x00000000fe000000
Nov  2 13:49:48 ubuntu kernel: [    0.000000] ACPI: Early table checksum verification disabled
Nov  2 13:49:48 ubuntu kernel: [    0.000000] ACPI: RSDP 0x000000053C020000 000024 (v02 BOCHS )
Nov  2 13:49:48 ubuntu kernel: [    0.000000] ACPI: XSDT 0x000000053BED0000 000054 (v01 BOCHS  BXPCFACP 00000001      01000013)
Nov  2 13:49:48 ubuntu kernel: [    0.000000] ACPI: FACP 0x000000053BE90000 00010C (v05 BOCHS  BXPCFACP 00000001 BXPC 00000001)
Nov  2 13:49:48 ubuntu kernel: [    0.000000] ACPI: DSDT 0x000000053BEA0000 001523 (v02 BOCHS  BXPCDSDT 00000001 BXPC 00000001)
Nov  2 13:49:48 ubuntu kernel: [    0.000000] ACPI: APIC 0x000000053BE80000 0009E8 (v03 BOCHS  BXPCAPIC 00000001 BXPC 00000001)
Nov  2 13:49:48 ubuntu kernel: [    0.000000] ACPI: GTDT 0x000000053BE70000 000060 (v02 BOCHS  BXPCGTDT 00000001 BXPC 00000001)
Nov  2 13:49:48 ubuntu kernel: [    0.000000] ACPI: MCFG 0x000000053BE60000 00003C (v01 BOCHS  BXPCMCFG 00000001 BXPC 00000001)
Nov  2 13:49:48 ubuntu systemd[1]: Starting Flush Journal to Persistent Storage...
Nov  2 13:49:48 ubuntu kernel: [    0.000000] ACPI: SPCR 0x000000053BE50000 000050 (v02 BOCHS  BXPCSPCR 00000001 BXPC 00000001)
Nov  2 13:49:48 ubuntu kernel: [    0.000000] ACPI: IORT 0x000000053BE40000 00007C (v00 BOCHS  BXPCIORT 00000001 BXPC 00000001)
Nov  2 13:49:48 ubuntu kernel: [    0.000000] ACPI: SPCR: console: pl011,mmio,0x9000000,9600
Nov  2 13:49:48 ubuntu systemd[1]: Started udev Kernel Device Manager.
Nov  2 13:49:48 ubuntu kernel: [    0.000000] ACPI: NUMA: Failed to initialise from firmware
Nov  2 13:49:48 ubuntu kernel: [    0.000000] NUMA: Faking a node at [mem 0x0000000040000000-0x000000053fffffff]
Nov  2 13:49:48 ubuntu systemd[1]: Started Flush Journal to Persistent Storage.
Nov  2 13:49:48 ubuntu kernel: [    0.000000] NUMA: NODE_DATA [mem 0x53d409300-0x53d40cfff]
Nov  2 13:49:48 ubuntu kernel: [    0.000000] Zone ranges:
Nov  2 13:49:48 ubuntu kernel: [    0.000000]   DMA      [mem 0x0000000040000000-0x000000007fffffff]
Nov  2 13:49:48 ubuntu systemd[1]: Started udev Coldplug all Devices.
Nov  2 13:49:48 ubuntu kernel: [    0.000000]   DMA32    [mem 0x0000000080000000-0x00000000ffffffff]
Nov  2 13:49:48 ubuntu systemd[1]: Started Dispatch Password Requests to Console Directory Watch.
Nov  2 13:49:48 ubuntu kernel: [    0.000000]   Normal   [mem 0x0000000100000000-0x000000053fffffff]
Nov  2 13:49:48 ubuntu kernel: [    0.000000] Movable zone start for each node
Nov  2 13:49:48 ubuntu systemd[1]: Reached target Local Encrypted Volumes.
Nov  2 13:49:48 ubuntu kernel: [    0.000000] Early memory node ranges
Nov  2 13:49:48 ubuntu kernel: [    0.000000]   node   0: [mem 0x0000000040000000-0x000000053bedffff]
Nov  2 13:49:48 ubuntu systemd[1]: Found device /dev/ttyAMA0.
Nov  2 13:49:48 ubuntu kernel: [    0.000000]   node   0: [mem 0x000000053bee0000-0x000000053bffffff]
Nov  2 13:49:48 ubuntu kernel: [    0.000000]   node   0: [mem 0x000000053c000000-0x000000053c02ffff]
Nov  2 13:49:48 ubuntu kernel: [    0.000000]   node   0: [mem 0x000000053c030000-0x000000053c0affff]
Nov  2 13:49:48 ubuntu kernel: [    0.000000]   node   0: [mem 0x000000053c0b0000-0x000000053f57ffff]
Nov  2 13:49:48 ubuntu systemd-udevd[911]: link_config: autonegotiation is unset or enabled, the speed and duplex are not writable.
Nov  2 13:49:48 ubuntu kernel: [    0.000000]   node   0: [mem 0x000000053f580000-0x000000053f95ffff]
Nov  2 13:49:48 ubuntu systemd-udevd[906]: link_config: autonegotiation is unset or enabled, the speed and duplex are not writable.
Nov  2 13:49:48 ubuntu kernel: [    0.000000]   node   0: [mem 0x000000053f960000-0x000000053fffffff]
Nov  2 13:49:48 ubuntu kernel: [    0.000000] Zeroed struct page in unavailable ranges: 544 pages
Nov  2 13:49:48 ubuntu kernel: [    0.000000] Initmem setup node 0 [mem 0x0000000040000000-0x000000053fffffff]
Nov  2 13:49:48 ubuntu kernel: [    0.000000] On node 0 totalpages: 5242880
Nov  2 13:49:48 ubuntu systemd[1]: Listening on Load/Save RF Kill Switch Status /dev/rfkill Watch.
Nov  2 13:49:48 ubuntu kernel: [    0.000000]   DMA zone: 5120 pages used for memmap
Nov  2 13:49:48 ubuntu systemd[1]: Found device /dev/mapper/ubuntu--vg-swap_1.
Nov  2 13:49:48 ubuntu kernel: [    0.000000]   DMA zone: 0 pages reserved
Nov  2 13:49:48 ubuntu systemd[1]: Activating swap /dev/mapper/ubuntu--vg-swap_1...
Nov  2 13:49:48 ubuntu kernel: [    0.000000]   DMA zone: 262144 pages, LIFO batch:63
Nov  2 13:49:48 ubuntu kernel: [    0.000000]   DMA32 zone: 10240 pages used for memmap
Nov  2 13:49:48 ubuntu kernel: [    0.000000]   DMA32 zone: 524288 pages, LIFO batch:63
Nov  2 13:49:48 ubuntu kernel: [    0.000000]   Normal zone: 87040 pages used for memmap
Nov  2 13:49:48 ubuntu kernel: [    0.000000]   Normal zone: 4456448 pages, LIFO batch:63
Nov  2 13:49:48 ubuntu systemd[1]: Activated swap /dev/mapper/ubuntu--vg-swap_1.
Nov  2 13:49:48 ubuntu kernel: [    0.000000] psci: probing for conduit method from ACPI.
Nov  2 13:49:48 ubuntu systemd[1]: Found device QEMU_HARDDISK 1.
Nov  2 13:49:48 ubuntu kernel: [    0.000000] psci: PSCIv1.0 detected in firmware.
Nov  2 13:49:48 ubuntu kernel: [    0.000000] psci: Using standard PSCI v0.2 function IDs
Nov  2 13:49:48 ubuntu kernel: [    0.000000] psci: Trusted OS migration not required
Nov  2 13:49:48 ubuntu systemd[1]: Starting File System Check on /dev/disk/by-uuid/5EA9-3D4C...
Nov  2 13:49:48 ubuntu kernel: [    0.000000] psci: SMC Calling Convention v1.1
Nov  2 13:49:48 ubuntu kernel: [    0.000000] ACPI: SRAT not present
Nov  2 13:49:48 ubuntu kernel: [    0.000000] percpu: Embedded 33 pages/cpu s94616 r8192 d32360 u135168
Nov  2 13:49:48 ubuntu kernel: [    0.000000] pcpu-alloc: s94616 r8192 d32360 u135168 alloc=33*4096
Nov  2 13:49:48 ubuntu systemd[1]: Reached target Swap.
Nov  2 13:49:48 ubuntu kernel: [    0.000000] pcpu-alloc: [0] 00 [0] 01 [0] 02 [0] 03 [0] 04 [0] 05 [0] 06 [0] 07 
Nov  2 13:49:48 ubuntu kernel: [    0.000000] pcpu-alloc: [0] 08 [0] 09 [0] 10 [0] 11 [0] 12 [0] 13 [0] 14 [0] 15 
Nov  2 13:49:48 ubuntu kernel: [    0.000000] pcpu-alloc: [0] 16 [0] 17 [0] 18 [0] 19 [0] 20 [0] 21 [0] 22 [0] 23 
Nov  2 13:49:48 ubuntu kernel: [    0.000000] pcpu-alloc: [0] 24 [0] 25 [0] 26 [0] 27 [0] 28 [0] 29 [0] 30 [0] 31 
Nov  2 13:49:48 ubuntu systemd[1]: Created slice system-lvm2\x2dpvscan.slice.
Nov  2 13:49:48 ubuntu systemd[1]: Starting LVM2 PV scan on device 8:2...
Nov  2 13:49:48 ubuntu kernel: [    0.000000] Detected VIPT I-cache on CPU0
Nov  2 13:49:48 ubuntu kernel: [    0.000000] CPU features: detected: GIC system register CPU interface
Nov  2 13:49:48 ubuntu systemd[1]: Started File System Check Daemon to report status.
Nov  2 13:49:48 ubuntu kernel: [    0.000000] CPU features: detected: Hardware dirty bit management
Nov  2 13:49:48 ubuntu kernel: [    0.000000] Built 1 zonelists, mobility grouping on.  Total pages: 5140480
Nov  2 13:49:48 ubuntu systemd-fsck[1033]: fsck.fat 4.1 (2017-01-24)
Nov  2 13:49:48 ubuntu systemd-fsck[1033]: /dev/sda1: 5 files, 41/65501 clusters
Nov  2 13:49:48 ubuntu systemd[1]: Started File System Check on /dev/disk/by-uuid/5EA9-3D4C.
Nov  2 13:49:48 ubuntu kernel: [    0.000000] Policy zone: Normal
Nov  2 13:49:48 ubuntu kernel: [    0.000000] Kernel command line: BOOT_IMAGE=/boot/vmlinuz-5.7.1 root=/dev/mapper/ubuntu--vg-root ro
Nov  2 13:49:48 ubuntu kernel: [    0.000000] Dentry cache hash table entries: 4194304 (order: 13, 33554432 bytes, linear)
Nov  2 13:49:48 ubuntu kernel: [    0.000000] Inode-cache hash table entries: 2097152 (order: 12, 16777216 bytes, linear)
Nov  2 13:49:48 ubuntu kernel: [    0.000000] mem auto-init: stack:off, heap alloc:on, heap free:off
Nov  2 13:49:48 ubuntu kernel: [    0.000000] software IO TLB: mapped [mem 0x7bfff000-0x7ffff000] (64MB)
Nov  2 13:49:48 ubuntu kernel: [    0.000000] Memory: 20269608K/20971520K available (14204K kernel code, 2354K rwdata, 6868K rodata, 7040K init, 1132K bss, 669144K reserved, 32768K cma-reserved)
Nov  2 13:49:48 ubuntu kernel: [    0.000000] random: get_random_u64 called from __kmem_cache_create+0x54/0x5d8 with crng_init=0
Nov  2 13:49:48 ubuntu kernel: [    0.000000] SLUB: HWalign=64, Order=0-3, MinObjects=0, CPUs=32, Nodes=1
Nov  2 13:49:48 ubuntu kernel: [    0.000000] ftrace: allocating 46106 entries in 181 pages
Nov  2 13:49:48 ubuntu kernel: [    0.000000] ftrace: allocated 181 pages with 5 groups
Nov  2 13:49:48 ubuntu kernel: [    0.000000] rcu: Hierarchical RCU implementation.
Nov  2 13:49:48 ubuntu kernel: [    0.000000] rcu: 	RCU restricting CPUs from NR_CPUS=256 to nr_cpu_ids=32.
Nov  2 13:49:48 ubuntu kernel: [    0.000000] 	Tasks RCU enabled.
Nov  2 13:49:48 ubuntu kernel: [    0.000000] rcu: RCU calculated value of scheduler-enlistment delay is 25 jiffies.
Nov  2 13:49:48 ubuntu kernel: [    0.000000] rcu: Adjusting geometry for rcu_fanout_leaf=16, nr_cpu_ids=32
Nov  2 13:49:48 ubuntu kernel: [    0.000000] NR_IRQS: 64, nr_irqs: 64, preallocated irqs: 0
Nov  2 13:49:48 ubuntu systemd[1]: Mounting /boot/efi...
Nov  2 13:49:48 ubuntu kernel: [    0.000000] GICv3: 256 SPIs implemented
Nov  2 13:49:48 ubuntu lvm[1034]:   2 logical volume(s) in volume group "ubuntu-vg" now active
Nov  2 13:49:48 ubuntu kernel: [    0.000000] GICv3: 0 Extended SPIs implemented
Nov  2 13:49:48 ubuntu systemd[1]: Started LVM2 PV scan on device 8:2.
Nov  2 13:49:48 ubuntu systemd[1]: Mounted /boot/efi.
Nov  2 13:49:48 ubuntu systemd[1]: Reached target Local File Systems.
Nov  2 13:49:48 ubuntu kernel: [    0.000000] GICv3: Distributor has no Range Selector support
Nov  2 13:49:48 ubuntu systemd[1]: Starting Tell Plymouth To Write Out Runtime Data...
Nov  2 13:49:48 ubuntu kernel: [    0.000000] GICv3: 16 PPIs implemented
Nov  2 13:49:48 ubuntu kernel: [    0.000000] GICv3: CPU0: found redistributor 0 region 0:0x00000000080a0000
Nov  2 13:49:48 ubuntu systemd[1]: Starting Create Volatile Files and Directories...
Nov  2 13:49:48 ubuntu kernel: [    0.000000] ACPI: SRAT not present
Nov  2 13:49:48 ubuntu systemd[1]: Starting Set console font and keymap...
Nov  2 13:49:48 ubuntu kernel: [    0.000000] ITS [mem 0x08080000-0x0809ffff]
Nov  2 13:49:48 ubuntu kernel: [    0.000000] ITS@0x0000000008080000: allocated 8192 Devices @53ca00000 (indirect, esz 8, psz 64K, shr 1)
Nov  2 13:49:48 ubuntu kernel: [    0.000000] ITS@0x0000000008080000: allocated 8192 Interrupt Collections @53ca10000 (flat, esz 8, psz 64K, shr 1)
Nov  2 13:49:48 ubuntu systemd[1]: Starting AppArmor initialization...
Nov  2 13:49:48 ubuntu systemd[1]: Starting ebtables ruleset management...
Nov  2 13:49:48 ubuntu systemd[1]: Started Tell Plymouth To Write Out Runtime Data.
Nov  2 13:49:48 ubuntu systemd[1]: Started Set console font and keymap.
Nov  2 13:49:48 ubuntu kernel: [    0.000000] GICv3: using LPI property table @0x000000053ca20000
Nov  2 13:49:48 ubuntu systemd[1]: Started Create Volatile Files and Directories.
Nov  2 13:49:48 ubuntu systemd[1]: Starting Update UTMP about System Boot/Shutdown...
Nov  2 13:49:48 ubuntu systemd[1]: Starting Network Time Synchronization...
Nov  2 13:49:48 ubuntu kernel: [    0.000000] GICv3: CPU0: using allocated LPI pending table @0x000000053ca30000
Nov  2 13:49:48 ubuntu kernel: [    0.000000] arch_timer: cp15 timer(s) running at 100.00MHz (virt).
Nov  2 13:49:48 ubuntu kernel: [    0.000000] clocksource: arch_sys_counter: mask: 0xffffffffffffff max_cycles: 0x171024e7e0, max_idle_ns: 440795205315 ns
Nov  2 13:49:48 ubuntu kernel: [    0.000002] sched_clock: 56 bits at 100MHz, resolution 10ns, wraps every 4398046511100ns
Nov  2 13:49:48 ubuntu kernel: [    0.000249] Console: colour dummy device 80x25
Nov  2 13:49:48 ubuntu kernel: [    0.000318] ACPI: Core revision 20200326
Nov  2 13:49:48 ubuntu kernel: [    0.000472] Calibrating delay loop (skipped), value calculated using timer frequency.. 200.00 BogoMIPS (lpj=400000)
Nov  2 13:49:48 ubuntu kernel: [    0.000476] pid_max: default: 32768 minimum: 301
Nov  2 13:49:48 ubuntu kernel: [    0.000549] LSM: Security Framework initializing
Nov  2 13:49:48 ubuntu kernel: [    0.000572] Yama: becoming mindful.
Nov  2 13:49:48 ubuntu kernel: [    0.000746] AppArmor: AppArmor initialized
Nov  2 13:49:48 ubuntu kernel: [    0.001219] Mount-cache hash table entries: 65536 (order: 7, 524288 bytes, linear)
Nov  2 13:49:48 ubuntu kernel: [    0.001587] Mountpoint-cache hash table entries: 65536 (order: 7, 524288 bytes, linear)
Nov  2 13:49:48 ubuntu kernel: [    0.003364] ACPI PPTT: No PPTT table found, CPU and cache topology may be inaccurate
Nov  2 13:49:48 ubuntu kernel: [    0.003717] rcu: Hierarchical SRCU implementation.
Nov  2 13:49:48 ubuntu systemd[1]: Started Update UTMP about System Boot/Shutdown.
Nov  2 13:49:48 ubuntu kernel: [    0.004666] Platform MSI: ITS@0x8080000 domain created
Nov  2 13:49:48 ubuntu apparmor[1045]:  * Starting AppArmor profiles
Nov  2 13:49:48 ubuntu kernel: [    0.004684] PCI/MSI: ITS@0x8080000 domain created
Nov  2 13:49:48 ubuntu kernel: [    0.004741] Remapping and enabling EFI services.
Nov  2 13:49:48 ubuntu kernel: [    0.004755] [mitosis-origin] pgd_alloc for mm=ffff800011dcda40 and mm->pgd =ffff0004df9ba000.
Nov  2 13:49:48 ubuntu systemd[1]: Started ebtables ruleset management.
Nov  2 13:49:48 ubuntu systemd[1]: Reached target Network (Pre).
Nov  2 13:49:48 ubuntu systemd[1]: Starting Network Service...
Nov  2 13:49:48 ubuntu kernel: [    0.006117] smp: Bringing up secondary CPUs ...
Nov  2 13:49:48 ubuntu kernel: [    0.122971] Detected VIPT I-cache on CPU1
Nov  2 13:49:48 ubuntu systemd[1]: Started Network Time Synchronization.
Nov  2 13:49:48 ubuntu kernel: [    0.122997] GICv3: CPU1: found redistributor 1 region 0:0x00000000080c0000
Nov  2 13:49:48 ubuntu kernel: [    0.123193] GICv3: CPU1: using allocated LPI pending table @0x000000053ca40000
Nov  2 13:49:48 ubuntu kernel: [    0.123223] CPU1: Booted secondary processor 0x0000000001 [0x481fd010]
Nov  2 13:49:48 ubuntu systemd[1]: Reached target System Time Synchronized.
Nov  2 13:49:48 ubuntu systemd-networkd[1068]: Enumeration completed
Nov  2 13:49:48 ubuntu systemd[1]: Started Network Service.
Nov  2 13:49:48 ubuntu kernel: [    0.227767] Detected VIPT I-cache on CPU2
Nov  2 13:49:48 ubuntu systemd-networkd[1068]: lo: Link is not managed by us
Nov  2 13:49:48 ubuntu systemd[1]: Starting Network Name Resolution...
Nov  2 13:49:48 ubuntu kernel: [    0.227783] GICv3: CPU2: found redistributor 2 region 0:0x00000000080e0000
Nov  2 13:49:48 ubuntu systemd[1]: Starting Wait for Network to be Configured...
Nov  2 13:49:48 ubuntu kernel: [    0.227977] GICv3: CPU2: using allocated LPI pending table @0x000000053ca50000
Nov  2 13:49:48 ubuntu kernel: [    0.228002] CPU2: Booted secondary processor 0x0000000002 [0x481fd010]
Nov  2 13:49:48 ubuntu kernel: [    0.332729] Detected VIPT I-cache on CPU3
Nov  2 13:49:48 ubuntu kernel: [    0.332749] GICv3: CPU3: found redistributor 3 region 0:0x0000000008100000
Nov  2 13:49:48 ubuntu systemd-networkd-wait-online[1095]: ignoring: lo
Nov  2 13:49:48 ubuntu systemd-networkd[1068]: enp1s0: Gained carrier
Nov  2 13:49:48 ubuntu kernel: [    0.332958] GICv3: CPU3: using allocated LPI pending table @0x000000053ca60000
Nov  2 13:49:48 ubuntu kernel: [    0.332986] CPU3: Booted secondary processor 0x0000000003 [0x481fd010]
Nov  2 13:49:48 ubuntu systemd-networkd-wait-online[1095]: ignoring: lo
Nov  2 13:49:48 ubuntu kernel: [    0.614003] Detected VIPT I-cache on CPU4
Nov  2 13:49:48 ubuntu systemd-resolved[1092]: Positive Trust Anchors:
Nov  2 13:49:48 ubuntu kernel: [    0.614045] GICv3: CPU4: found redistributor 4 region 0:0x0000000008120000
Nov  2 13:49:48 ubuntu kernel: [    0.614370] GICv3: CPU4: using allocated LPI pending table @0x000000053ca70000
Nov  2 13:49:48 ubuntu kernel: [    0.614420] CPU4: Booted secondary processor 0x0000000004 [0x481fd010]
Nov  2 13:49:48 ubuntu systemd-networkd-wait-online[1095]: ignoring: lo
Nov  2 13:49:48 ubuntu kernel: [    0.721950] Detected VIPT I-cache on CPU5
Nov  2 13:49:48 ubuntu kernel: [    0.722017] GICv3: CPU5: found redistributor 5 region 0:0x0000000008140000
Nov  2 13:49:48 ubuntu apparmor[1045]: Skipping profile in /etc/apparmor.d/disable: usr.sbin.rsyslogd
Nov  2 13:49:48 ubuntu kernel: [    0.722445] GICv3: CPU5: using allocated LPI pending table @0x000000053ca80000
Nov  2 13:49:48 ubuntu kernel: [    0.722522] CPU5: Booted secondary processor 0x0000000005 [0x481fd010]
Nov  2 13:49:48 ubuntu kernel: [    0.833315] Detected VIPT I-cache on CPU6
Nov  2 13:49:48 ubuntu kernel: [    0.833342] GICv3: CPU6: found redistributor 6 region 0:0x0000000008160000
Nov  2 13:49:48 ubuntu systemd-timesyncd[1056]: Network configuration changed, trying to establish connection.
Nov  2 13:49:48 ubuntu kernel: [    0.833572] GICv3: CPU6: using allocated LPI pending table @0x000000053ca90000
Nov  2 13:49:48 ubuntu systemd-resolved[1092]: . IN DS 19036 8 2 49aac11d7b6f6446702e54a1607371607a1a41855200fd2ce1cdde32f24e8fb5
Nov  2 13:49:48 ubuntu kernel: [    0.833605] CPU6: Booted secondary processor 0x0000000006 [0x481fd010]
Nov  2 13:49:48 ubuntu kernel: [    1.108054] Detected VIPT I-cache on CPU7
Nov  2 13:49:48 ubuntu kernel: [    1.108082] GICv3: CPU7: found redistributor 7 region 0:0x0000000008180000
Nov  2 13:49:48 ubuntu kernel: [    1.108330] GICv3: CPU7: using allocated LPI pending table @0x000000053caa0000
Nov  2 13:49:48 ubuntu systemd-resolved[1092]: . IN DS 20326 8 2 e06d44b80b8f1d39a95c0b0d7c65d08458e880409bbc683457104237c7f8ec8d
Nov  2 13:49:48 ubuntu kernel: [    1.108357] CPU7: Booted secondary processor 0x0000000007 [0x481fd010]
Nov  2 13:49:48 ubuntu kernel: [    1.217596] Detected VIPT I-cache on CPU8
Nov  2 13:49:48 ubuntu kernel: [    1.217653] GICv3: CPU8: found redistributor 8 region 0:0x00000000081a0000
Nov  2 13:49:48 ubuntu kernel: [    1.217963] GICv3: CPU8: using allocated LPI pending table @0x000000053cab0000
Nov  2 13:49:48 ubuntu kernel: [    1.218021] CPU8: Booted secondary processor 0x0000000008 [0x481fd010]
Nov  2 13:49:48 ubuntu systemd-resolved[1092]: Negative trust anchors: 10.in-addr.arpa 16.172.in-addr.arpa 17.172.in-addr.arpa 18.172.in-addr.arpa 19.172.in-addr.arpa 20.172.in-addr.arpa 21.172.in-addr.arpa 22.172.in-addr.arpa 23.172.in-addr.arpa 24.172.in-addr.arpa 25.172.in-addr.arpa 26.172.in-addr.arpa 27.172.in-addr.arpa 28.172.in-addr.arpa 29.172.in-addr.arpa 30.172.in-addr.arpa 31.172.in-addr.arpa 168.192.in-addr.arpa d.f.ip6.arpa corp home internal intranet lan local private test
Nov  2 13:49:48 ubuntu kernel: [    1.493752] Detected VIPT I-cache on CPU9
Nov  2 13:49:48 ubuntu systemd-resolved[1092]: Using system hostname 'ubuntu'.
Nov  2 13:49:48 ubuntu kernel: [    1.493783] GICv3: CPU9: found redistributor 9 region 0:0x00000000081c0000
Nov  2 13:49:48 ubuntu kernel: [    1.494081] GICv3: CPU9: using allocated LPI pending table @0x000000053cac0000
Nov  2 13:49:48 ubuntu kernel: [    1.494113] CPU9: Booted secondary processor 0x0000000009 [0x481fd010]
Nov  2 13:49:48 ubuntu kernel: [    1.767788] Detected VIPT I-cache on CPU10
Nov  2 13:49:48 ubuntu kernel: [    1.767821] GICv3: CPU10: found redistributor a region 0:0x00000000081e0000
Nov  2 13:49:48 ubuntu systemd[1]: Started Network Name Resolution.
Nov  2 13:49:48 ubuntu kernel: [    1.768133] GICv3: CPU10: using allocated LPI pending table @0x000000053cad0000
Nov  2 13:49:48 ubuntu systemd[1]: Reached target Network.
Nov  2 13:49:48 ubuntu systemd[1]: Reached target Host and Network Name Lookups.
Nov  2 13:49:48 ubuntu kernel: [    1.768180] CPU10: Booted secondary processor 0x000000000a [0x481fd010]
Nov  2 13:49:48 ubuntu apparmor[1045]:    ...done.
Nov  2 13:49:48 ubuntu kernel: [    1.876067] Detected VIPT I-cache on CPU11
Nov  2 13:49:48 ubuntu systemd[1]: Started AppArmor initialization.
Nov  2 13:49:48 ubuntu kernel: [    1.876108] GICv3: CPU11: found redistributor b region 0:0x0000000008200000
Nov  2 13:49:48 ubuntu systemd[1]: Reached target System Initialization.
Nov  2 13:49:48 ubuntu kernel: [    1.876362] GICv3: CPU11: using allocated LPI pending table @0x000000053cae0000
Nov  2 13:49:48 ubuntu kernel: [    1.876401] CPU11: Booted secondary processor 0x000000000b [0x481fd010]
Nov  2 13:49:48 ubuntu kernel: [    2.153761] Detected VIPT I-cache on CPU12
Nov  2 13:49:48 ubuntu kernel: [    2.153818] GICv3: CPU12: found redistributor c region 0:0x0000000008220000
Nov  2 13:49:48 ubuntu systemd[1]: Started ACPI Events Check.
Nov  2 13:49:48 ubuntu systemd[1]: Listening on D-Bus System Message Bus Socket.
Nov  2 13:49:48 ubuntu kernel: [    2.154068] GICv3: CPU12: using allocated LPI pending table @0x000000053caf0000
Nov  2 13:49:48 ubuntu systemd[1]: Starting Socket activation for snappy daemon.
Nov  2 13:49:48 ubuntu systemd[1]: Listening on ACPID Listen Socket.
Nov  2 13:49:48 ubuntu kernel: [    2.154102] CPU12: Booted secondary processor 0x000000000c [0x481fd010]
Nov  2 13:49:48 ubuntu kernel: [    2.430121] Detected VIPT I-cache on CPU13
Nov  2 13:49:48 ubuntu kernel: [    2.430158] GICv3: CPU13: found redistributor d region 0:0x0000000008240000
Nov  2 13:49:48 ubuntu kernel: [    2.430415] GICv3: CPU13: using allocated LPI pending table @0x000000053cb00000
Nov  2 13:49:48 ubuntu systemd[1]: Started Daily Cleanup of Temporary Directories.
Nov  2 13:49:48 ubuntu kernel: [    2.430446] CPU13: Booted secondary processor 0x000000000d [0x481fd010]
Nov  2 13:49:48 ubuntu systemd[1]: Starting LXD - unix socket.
Nov  2 13:49:48 ubuntu kernel: [    2.538095] Detected VIPT I-cache on CPU14
Nov  2 13:49:48 ubuntu kernel: [    2.538184] GICv3: CPU14: found redistributor e region 0:0x0000000008260000
Nov  2 13:49:48 ubuntu kernel: [    2.538487] GICv3: CPU14: using allocated LPI pending table @0x000000053cb10000
Nov  2 13:49:48 ubuntu kernel: [    2.538549] CPU14: Booted secondary processor 0x000000000e [0x481fd010]
Nov  2 13:49:48 ubuntu kernel: [    2.667371] Detected VIPT I-cache on CPU15
Nov  2 13:49:48 ubuntu systemd[1]: Started Discard unused blocks once a week.
Nov  2 13:49:48 ubuntu kernel: [    2.667421] GICv3: CPU15: found redistributor f region 0:0x0000000008280000
Nov  2 13:49:48 ubuntu systemd[1]: Started Message of the Day.
Nov  2 13:49:48 ubuntu kernel: [    2.667672] GICv3: CPU15: using allocated LPI pending table @0x000000053cb20000
Nov  2 13:49:48 ubuntu kernel: [    2.667715] CPU15: Booted secondary processor 0x000000000f [0x481fd010]
Nov  2 13:49:48 ubuntu kernel: [    2.947523] Detected VIPT I-cache on CPU16
Nov  2 13:49:48 ubuntu systemd[1]: Reached target Paths.
Nov  2 13:49:48 ubuntu kernel: [    2.947570] GICv3: CPU16: found redistributor 100 region 0:0x00000000082a0000
Nov  2 13:49:48 ubuntu kernel: [    2.947830] GICv3: CPU16: using allocated LPI pending table @0x000000053cb30000
Nov  2 13:49:48 ubuntu kernel: [    2.947864] CPU16: Booted secondary processor 0x0000000100 [0x481fd010]
Nov  2 13:49:48 ubuntu kernel: [    3.224391] Detected VIPT I-cache on CPU17
Nov  2 13:49:48 ubuntu systemd[1]: Listening on UUID daemon activation socket.
Nov  2 13:49:48 ubuntu kernel: [    3.224456] GICv3: CPU17: found redistributor 101 region 0:0x00000000082c0000
Nov  2 13:49:48 ubuntu kernel: [    3.224711] GICv3: CPU17: using allocated LPI pending table @0x000000053cb40000
Nov  2 13:49:48 ubuntu kernel: [    3.224742] CPU17: Booted secondary processor 0x0000000101 [0x481fd010]
Nov  2 13:49:48 ubuntu kernel: [    3.333283] Detected VIPT I-cache on CPU18
Nov  2 13:49:48 ubuntu kernel: [    3.333384] GICv3: CPU18: found redistributor 102 region 0:0x00000000082e0000
Nov  2 13:49:48 ubuntu systemd[1]: Started Daily apt download activities.
Nov  2 13:49:48 ubuntu kernel: [    3.333678] GICv3: CPU18: using allocated LPI pending table @0x000000053cb50000
Nov  2 13:49:48 ubuntu systemd[1]: Started Daily apt upgrade and clean activities.
Nov  2 13:49:48 ubuntu kernel: [    3.333742] CPU18: Booted secondary processor 0x0000000102 [0x481fd010]
Nov  2 13:49:48 ubuntu kernel: [    3.615441] Detected VIPT I-cache on CPU19
Nov  2 13:49:48 ubuntu systemd[1]: Reached target Timers.
Nov  2 13:49:48 ubuntu kernel: [    3.615492] GICv3: CPU19: found redistributor 103 region 0:0x0000000008300000
Nov  2 13:49:48 ubuntu systemd[1]: Listening on Open-iSCSI iscsid Socket.
Nov  2 13:49:48 ubuntu kernel: [    3.615717] GICv3: CPU19: using allocated LPI pending table @0x000000053cb60000
Nov  2 13:49:48 ubuntu kernel: [    3.615750] CPU19: Booted secondary processor 0x0000000103 [0x481fd010]
Nov  2 13:49:48 ubuntu kernel: [    3.722445] Detected VIPT I-cache on CPU20
Nov  2 13:49:48 ubuntu systemd[1]: Listening on Socket activation for snappy daemon.
Nov  2 13:49:48 ubuntu systemd[1]: Listening on LXD - unix socket.
Nov  2 13:49:48 ubuntu kernel: [    3.722497] GICv3: CPU20: found redistributor 104 region 0:0x0000000008320000
Nov  2 13:49:48 ubuntu systemd[1]: Reached target Sockets.
Nov  2 13:49:48 ubuntu kernel: [    3.722718] GICv3: CPU20: using allocated LPI pending table @0x000000053cb70000
Nov  2 13:49:48 ubuntu kernel: [    3.722749] CPU20: Booted secondary processor 0x0000000104 [0x481fd010]
Nov  2 13:49:48 ubuntu kernel: [    3.830132] Detected VIPT I-cache on CPU21
Nov  2 13:49:48 ubuntu kernel: [    3.830229] GICv3: CPU21: found redistributor 105 region 0:0x0000000008340000
Nov  2 13:49:48 ubuntu kernel: [    3.830439] GICv3: CPU21: using allocated LPI pending table @0x000000053cb80000
Nov  2 13:49:48 ubuntu kernel: [    3.830469] CPU21: Booted secondary processor 0x0000000105 [0x481fd010]
Nov  2 13:49:48 ubuntu kernel: [    4.112505] Detected VIPT I-cache on CPU22
Nov  2 13:49:48 ubuntu kernel: [    4.112562] GICv3: CPU22: found redistributor 106 region 0:0x0000000008360000
Nov  2 13:49:48 ubuntu kernel: [    4.112873] GICv3: CPU22: using allocated LPI pending table @0x000000053cb90000
Nov  2 13:49:48 ubuntu kernel: [    4.112909] CPU22: Booted secondary processor 0x0000000106 [0x481fd010]
Nov  2 13:49:48 ubuntu kernel: [    4.221784] Detected VIPT I-cache on CPU23
Nov  2 13:49:48 ubuntu kernel: [    4.221908] GICv3: CPU23: found redistributor 107 region 0:0x0000000008380000
Nov  2 13:49:48 ubuntu systemd[1]: Reached target Basic System.
Nov  2 13:49:48 ubuntu systemd[1]: Starting LXD - container startup/shutdown...
Nov  2 13:49:48 ubuntu systemd[1]: Starting Accounts Service...
Nov  2 13:49:48 ubuntu kernel: [    4.222244] GICv3: CPU23: using allocated LPI pending table @0x000000053cba0000
Nov  2 13:49:48 ubuntu systemd[1]: Started irqbalance daemon.
Nov  2 13:49:48 ubuntu kernel: [    4.222313] CPU23: Booted secondary processor 0x0000000107 [0x481fd010]
Nov  2 13:49:48 ubuntu systemd[1]: Starting LSB: Record successful boot for GRUB...
Nov  2 13:49:48 ubuntu kernel: [    4.505697] Detected VIPT I-cache on CPU24
Nov  2 13:49:48 ubuntu systemd[1]: Started D-Bus System Message Bus.
Nov  2 13:49:48 ubuntu kernel: [    4.505756] GICv3: CPU24: found redistributor 108 region 0:0x00000000083a0000
Nov  2 13:49:48 ubuntu kernel: [    4.506018] GICv3: CPU24: using allocated LPI pending table @0x000000053cbb0000
Nov  2 13:49:48 ubuntu kernel: [    4.506055] CPU24: Booted secondary processor 0x0000000108 [0x481fd010]
Nov  2 13:49:48 ubuntu kernel: [    4.615130] Detected VIPT I-cache on CPU25
Nov  2 13:49:48 ubuntu /usr/sbin/irqbalance: IRQ arch_timer(2) guessed as class 0
Nov  2 13:49:48 ubuntu kernel: [    4.615194] GICv3: CPU25: found redistributor 109 region 0:0x00000000083c0000
Nov  2 13:49:48 ubuntu /usr/sbin/irqbalance: IRQ uart-pl011(4) guessed as class 0
Nov  2 13:49:48 ubuntu /usr/sbin/irqbalance: IRQ arm-pmu(42) guessed as class 0
Nov  2 13:49:48 ubuntu /usr/sbin/irqbalance: IRQ ACPI:Event(43) guessed as class 0
Nov  2 13:49:48 ubuntu /usr/sbin/irqbalance: IRQ pciehp(44) guessed as class 0
Nov  2 13:49:48 ubuntu kernel: [    4.615412] GICv3: CPU25: using allocated LPI pending table @0x000000053cbc0000
Nov  2 13:49:48 ubuntu /usr/sbin/irqbalance: IRQ pciehp(45) guessed as class 0
Nov  2 13:49:48 ubuntu kernel: [    4.615443] CPU25: Booted secondary processor 0x0000000109 [0x481fd010]
Nov  2 13:49:48 ubuntu kernel: [    4.904278] Detected VIPT I-cache on CPU26
Nov  2 13:49:48 ubuntu kernel: [    4.904365] GICv3: CPU26: found redistributor 10a region 0:0x00000000083e0000
Nov  2 13:49:48 ubuntu kernel: [    4.904713] GICv3: CPU26: using allocated LPI pending table @0x000000053cbd0000
Nov  2 13:49:48 ubuntu kernel: [    4.904757] CPU26: Booted secondary processor 0x000000010a [0x481fd010]
Nov  2 13:49:48 ubuntu /usr/sbin/irqbalance: IRQ pciehp(46) guessed as class 0
Nov  2 13:49:48 ubuntu kernel: [    5.191225] Detected VIPT I-cache on CPU27
Nov  2 13:49:48 ubuntu /usr/sbin/irqbalance: IRQ pciehp(47) guessed as class 0
Nov  2 13:49:48 ubuntu kernel: [    5.191292] GICv3: CPU27: found redistributor 10b region 0:0x0000000008400000
Nov  2 13:49:48 ubuntu kernel: [    5.191569] GICv3: CPU27: using allocated LPI pending table @0x000000053cbe0000
Nov  2 13:49:48 ubuntu kernel: [    5.191624] CPU27: Booted secondary processor 0x000000010b [0x481fd010]
Nov  2 13:49:48 ubuntu /usr/sbin/irqbalance: IRQ xhci_hcd(48) guessed as class 0
Nov  2 13:49:48 ubuntu kernel: [    5.402018] Detected VIPT I-cache on CPU28
Nov  2 13:49:48 ubuntu kernel: [    5.402116] GICv3: CPU28: found redistributor 10c region 0:0x0000000008420000
Nov  2 13:49:48 ubuntu kernel: [    5.402323] GICv3: CPU28: using allocated LPI pending table @0x000000053cbf0000
Nov  2 13:49:48 ubuntu kernel: [    5.402361] CPU28: Booted secondary processor 0x000000010c [0x481fd010]
Nov  2 13:49:48 ubuntu kernel: [    5.705564] Detected VIPT I-cache on CPU29
Nov  2 13:49:48 ubuntu kernel: [    5.705665] GICv3: CPU29: found redistributor 10d region 0:0x0000000008440000
Nov  2 13:49:48 ubuntu /usr/sbin/irqbalance: IRQ xhci_hcd(49) guessed as class 0
Nov  2 13:49:48 ubuntu /usr/sbin/irqbalance: IRQ xhci_hcd(50) guessed as class 0
Nov  2 13:49:48 ubuntu /usr/sbin/irqbalance: IRQ xhci_hcd(51) guessed as class 0
Nov  2 13:49:48 ubuntu /usr/sbin/irqbalance: IRQ xhci_hcd(52) guessed as class 0
Nov  2 13:49:48 ubuntu kernel: [    5.705930] GICv3: CPU29: using allocated LPI pending table @0x000000051f800000
Nov  2 13:49:48 ubuntu kernel: [    5.705995] CPU29: Booted secondary processor 0x000000010d [0x481fd010]
Nov  2 13:49:48 ubuntu /usr/sbin/irqbalance: IRQ xhci_hcd(53) guessed as class 0
Nov  2 13:49:48 ubuntu kernel: [    5.997452] Detected VIPT I-cache on CPU30
Nov  2 13:49:48 ubuntu /usr/sbin/irqbalance: IRQ xhci_hcd(54) guessed as class 0
Nov  2 13:49:48 ubuntu kernel: [    5.997523] GICv3: CPU30: found redistributor 10e region 0:0x0000000008460000
Nov  2 13:49:48 ubuntu /usr/sbin/irqbalance: IRQ xhci_hcd(55) guessed as class 0
Nov  2 13:49:48 ubuntu /usr/sbin/irqbalance: IRQ xhci_hcd(56) guessed as class 0
Nov  2 13:49:48 ubuntu /usr/sbin/irqbalance: IRQ xhci_hcd(57) guessed as class 0
Nov  2 13:49:48 ubuntu kernel: [    5.997767] GICv3: CPU30: using allocated LPI pending table @0x000000051f810000
Nov  2 13:49:48 ubuntu kernel: [    5.997801] CPU30: Booted secondary processor 0x000000010e [0x481fd010]
Nov  2 13:49:48 ubuntu kernel: [    6.287066] Detected VIPT I-cache on CPU31
Nov  2 13:49:48 ubuntu /usr/sbin/irqbalance: IRQ xhci_hcd(58) guessed as class 0
Nov  2 13:49:48 ubuntu kernel: [    6.287146] GICv3: CPU31: found redistributor 10f region 0:0x0000000008480000
Nov  2 13:49:48 ubuntu /usr/sbin/irqbalance: IRQ xhci_hcd(59) guessed as class 0
Nov  2 13:49:48 ubuntu kernel: [    6.287422] GICv3: CPU31: using allocated LPI pending table @0x000000051f820000
Nov  2 13:49:48 ubuntu kernel: [    6.287462] CPU31: Booted secondary processor 0x000000010f [0x481fd010]
Nov  2 13:49:48 ubuntu /usr/sbin/irqbalance: IRQ xhci_hcd(60) guessed as class 0
Nov  2 13:49:48 ubuntu kernel: [    6.287646] smp: Brought up 1 node, 32 CPUs
Nov  2 13:49:48 ubuntu kernel: [    6.287754] SMP: Total of 32 processors activated.
Nov  2 13:49:48 ubuntu kernel: [    6.287760] CPU features: detected: Privileged Access Never
Nov  2 13:49:48 ubuntu /usr/sbin/irqbalance: IRQ xhci_hcd(61) guessed as class 0
Nov  2 13:49:48 ubuntu kernel: [    6.287763] CPU features: detected: LSE atomic instructions
Nov  2 13:49:48 ubuntu /usr/sbin/irqbalance: IRQ xhci_hcd(62) guessed as class 0
Nov  2 13:49:48 ubuntu kernel: [    6.287766] CPU features: detected: User Access Override
Nov  2 13:49:48 ubuntu kernel: [    6.287770] CPU features: detected: Common not Private translations
Nov  2 13:49:48 ubuntu kernel: [    6.287772] CPU features: detected: Data cache clean to Point of Persistence
Nov  2 13:49:48 ubuntu kernel: [    6.287775] CPU features: detected: RAS Extension Support
Nov  2 13:49:48 ubuntu /usr/sbin/irqbalance: IRQ xhci_hcd(63) guessed as class 0
Nov  2 13:49:48 ubuntu kernel: [    6.287778] CPU features: detected: CRC32 instructions
Nov  2 13:49:48 ubuntu /usr/sbin/irqbalance: IRQ virtio1-config(64) guessed as class 0
Nov  2 13:49:48 ubuntu kernel: [    6.398975] CPU: All CPU(s) started at EL1
Nov  2 13:49:48 ubuntu kernel: [    6.399354] alternatives: patching kernel code
Nov  2 13:49:48 ubuntu kernel: [    6.405747] devtmpfs: initialized
Nov  2 13:49:48 ubuntu /usr/sbin/irqbalance: IRQ virtio1-control(65) guessed as class 0
Nov  2 13:49:48 ubuntu /usr/sbin/irqbalance: IRQ virtio1-event(66) guessed as class 0
Nov  2 13:49:48 ubuntu kernel: [    6.407202] Registered cp15_barrier emulation handler
Nov  2 13:49:48 ubuntu kernel: [    6.407378] Registered setend emulation handler
Nov  2 13:49:48 ubuntu kernel: [    6.407384] KASLR disabled due to lack of seed
Nov  2 13:49:48 ubuntu kernel: [    6.408114] clocksource: jiffies: mask: 0xffffffff max_cycles: 0xffffffff, max_idle_ns: 7645041785100000 ns
Nov  2 13:49:48 ubuntu kernel: [    6.408545] futex hash table entries: 8192 (order: 7, 524288 bytes, linear)
Nov  2 13:49:48 ubuntu kernel: [    6.409719] pinctrl core: initialized pinctrl subsystem
Nov  2 13:49:48 ubuntu kernel: [    6.410390] thermal_sys: Registered thermal governor 'fair_share'
Nov  2 13:49:48 ubuntu kernel: [    6.410391] thermal_sys: Registered thermal governor 'bang_bang'
Nov  2 13:49:48 ubuntu kernel: [    6.410393] thermal_sys: Registered thermal governor 'step_wise'
Nov  2 13:49:48 ubuntu kernel: [    6.410395] thermal_sys: Registered thermal governor 'user_space'
Nov  2 13:49:48 ubuntu kernel: [    6.410517] SMBIOS 3.0.0 present.
Nov  2 13:49:48 ubuntu /usr/sbin/irqbalance: IRQ virtio1-request(67) guessed as class 0
Nov  2 13:49:48 ubuntu /usr/sbin/irqbalance: IRQ virtio0-config(68) guessed as class 0
Nov  2 13:49:48 ubuntu /usr/sbin/irqbalance: IRQ virtio0-input.0(69) guessed as class 0
Nov  2 13:49:48 ubuntu kernel: [    6.410522] DMI: QEMU KVM Virtual Machine, BIOS 0.0.0 02/06/2015
Nov  2 13:49:48 ubuntu /usr/sbin/irqbalance: IRQ virtio0-output.0(70) guessed as class 0
Nov  2 13:49:48 ubuntu systemd[1]: Started Regular background program processing daemon.
Nov  2 13:49:48 ubuntu systemd[1]: Starting Dispatcher daemon for systemd-networkd...
Nov  2 13:49:48 ubuntu kernel: [    6.411263] NET: Registered protocol family 16
Nov  2 13:49:48 ubuntu dbus-daemon[1135]: [system] Activating via systemd: service name='org.freedesktop.PolicyKit1' unit='polkit.service' requested by ':1.3' (uid=0 pid=1132 comm="/usr/lib/accountsservice/accounts-daemon ")
Nov  2 13:49:48 ubuntu kernel: [    6.413502] DMA: preallocated 256 KiB pool for atomic allocations
Nov  2 13:49:48 ubuntu kernel: [    6.413510] audit: initializing netlink subsys (disabled)
Nov  2 13:49:48 ubuntu kernel: [    6.413791] audit: type=2000 audit(6.016:1): state=initialized audit_enabled=0 res=1
Nov  2 13:49:48 ubuntu cron[1148]: (CRON) INFO (pidfile fd = 3)
Nov  2 13:49:48 ubuntu cron[1148]: (CRON) INFO (Running @reboot jobs)
Nov  2 13:49:48 ubuntu kernel: [    6.414225] cpuidle: using governor ladder
Nov  2 13:49:48 ubuntu systemd[1]: Started FUSE filesystem for LXC.
Nov  2 13:49:48 ubuntu systemd[1]: Starting System Logging Service...
Nov  2 13:49:48 ubuntu systemd[1]: Starting Snappy daemon...
Nov  2 13:49:48 ubuntu kernel: [    6.414238] cpuidle: using governor menu
Nov  2 13:49:48 ubuntu lxcfs[1150]: mount namespace: 5
Nov  2 13:49:48 ubuntu kernel: [    6.414321] hw-breakpoint: found 6 breakpoint and 4 watchpoint registers.
Nov  2 13:49:48 ubuntu kernel: [    6.416538] ASID allocator initialised with 65536 entries
Nov  2 13:49:48 ubuntu kernel: [    6.416703] ACPI: bus type PCI registered
Nov  2 13:49:48 ubuntu kernel: [    6.416715] acpiphp: ACPI Hot Plug PCI Controller Driver version: 0.5
Nov  2 13:49:48 ubuntu kernel: [    6.416960] Serial: AMBA PL011 UART driver
Nov  2 13:49:48 ubuntu lxcfs[1150]: hierarchies:
Nov  2 13:49:48 ubuntu kernel: [    6.420696] HugeTLB registered 1.00 GiB page size, pre-allocated 0 pages
Nov  2 13:49:48 ubuntu kernel: [    6.420699] HugeTLB registered 32.0 MiB page size, pre-allocated 0 pages
Nov  2 13:49:48 ubuntu kernel: [    6.420700] HugeTLB registered 2.00 MiB page size, pre-allocated 0 pages
Nov  2 13:49:48 ubuntu kernel: [    6.420702] HugeTLB registered 64.0 KiB page size, pre-allocated 0 pages
Nov  2 13:49:48 ubuntu kernel: [    6.434268] ACPI: Added _OSI(Module Device)
Nov  2 13:49:48 ubuntu kernel: [    6.434271] ACPI: Added _OSI(Processor Device)
Nov  2 13:49:48 ubuntu kernel: [    6.434272] ACPI: Added _OSI(3.0 _SCP Extensions)
Nov  2 13:49:48 ubuntu kernel: [    6.434274] ACPI: Added _OSI(Processor Aggregator Device)
Nov  2 13:49:48 ubuntu kernel: [    6.434276] ACPI: Added _OSI(Linux-Dell-Video)
Nov  2 13:49:48 ubuntu kernel: [    6.434278] ACPI: Added _OSI(Linux-Lenovo-NV-HDMI-Audio)
Nov  2 13:49:48 ubuntu kernel: [    6.434280] ACPI: Added _OSI(Linux-HPI-Hybrid-Graphics)
Nov  2 13:49:48 ubuntu kernel: [    6.435195] ACPI: 1 ACPI AML tables successfully acquired and loaded
Nov  2 13:49:48 ubuntu lxcfs[1150]:   0: fd:   6: pids
Nov  2 13:49:48 ubuntu kernel: [    6.435773] ACPI: Interpreter enabled
Nov  2 13:49:48 ubuntu kernel: [    6.435775] ACPI: Using GIC for interrupt routing
Nov  2 13:49:48 ubuntu kernel: [    6.435789] ACPI: MCFG table detected, 1 entries
Nov  2 13:49:48 ubuntu kernel: [    6.440101] ARMH0011:00: ttyAMA0 at MMIO 0x9000000 (irq = 4, base_baud = 0) is a SBSA
Nov  2 13:49:48 ubuntu kernel: [    6.587113] printk: console [ttyAMA0] enabled
Nov  2 13:49:48 ubuntu kernel: [    6.589889] ACPI: PCI Root Bridge [PCI0] (domain 0000 [bus 00-0f])
Nov  2 13:49:48 ubuntu kernel: [    6.590503] acpi PNP0A08:00: _OSC: OS supports [ExtendedConfig ASPM ClockPM Segments MSI HPX-Type3]
Nov  2 13:49:48 ubuntu kernel: [    6.591509] acpi PNP0A08:00: _OSC: platform does not support [SHPCHotplug LTR]
Nov  2 13:49:48 ubuntu kernel: [    6.592231] acpi PNP0A08:00: _OSC: OS now controls [PCIeHotplug PME AER PCIeCapability]
Nov  2 13:49:48 ubuntu kernel: [    6.593234] acpi PNP0A08:00: ECAM area [mem 0x3f000000-0x3fffffff] reserved by PNP0C02:00
Nov  2 13:49:48 ubuntu kernel: [    6.594019] acpi PNP0A08:00: ECAM at [mem 0x3f000000-0x3fffffff] for [bus 00-0f]
Nov  2 13:49:48 ubuntu lxcfs[1150]:   1: fd:   7: cpuset
Nov  2 13:49:48 ubuntu kernel: [    6.594744] Remapped I/O 0x000000003eff0000 to [io  0x0000-0xffff window]
Nov  2 13:49:48 ubuntu lxcfs[1150]:   2: fd:   8: rdma
Nov  2 13:49:48 ubuntu kernel: [    6.595578] PCI host bridge to bus 0000:00
Nov  2 13:49:48 ubuntu kernel: [    6.595938] pci_bus 0000:00: root bus resource [mem 0x10000000-0x3efeffff window]
Nov  2 13:49:48 ubuntu lxcfs[1150]:   3: fd:   9: freezer
Nov  2 13:49:48 ubuntu kernel: [    6.596595] pci_bus 0000:00: root bus resource [io  0x0000-0xffff window]
Nov  2 13:49:48 ubuntu kernel: [    6.597221] pci_bus 0000:00: root bus resource [mem 0x8000000000-0xffffffffff window]
Nov  2 13:49:48 ubuntu kernel: [    6.597938] pci_bus 0000:00: root bus resource [bus 00-0f]
Nov  2 13:49:48 ubuntu kernel: [    6.598510] pci 0000:00:00.0: [1b36:0008] type 00 class 0x060000
Nov  2 13:49:48 ubuntu lxcfs[1150]:   4: fd:  10: devices
Nov  2 13:49:48 ubuntu kernel: [    6.599487] pci 0000:00:01.0: [1b36:000c] type 01 class 0x060400
Nov  2 13:49:48 ubuntu lxcfs[1150]:   5: fd:  11: perf_event
Nov  2 13:49:48 ubuntu kernel: [    6.601365] pci 0000:00:01.0: reg 0x10: [mem 0x10303000-0x10303fff]
Nov  2 13:49:48 ubuntu lxcfs[1150]:   6: fd:  12: hugetlb
Nov  2 13:49:48 ubuntu lxcfs[1150]:   7: fd:  13: blkio
Nov  2 13:49:48 ubuntu lxcfs[1150]:   8: fd:  14: net_cls,net_prio
Nov  2 13:49:48 ubuntu lxcfs[1150]:   9: fd:  15: cpu,cpuacct
Nov  2 13:49:48 ubuntu kernel: [    6.604232] pci 0000:00:01.1: [1b36:000c] type 01 class 0x060400
Nov  2 13:49:48 ubuntu lxcfs[1150]:  10: fd:  16: memory
Nov  2 13:49:48 ubuntu kernel: [    6.605972] pci 0000:00:01.1: reg 0x10: [mem 0x10302000-0x10302fff]
Nov  2 13:49:48 ubuntu kernel: [    6.608888] pci 0000:00:01.2: [1b36:000c] type 01 class 0x060400
Nov  2 13:49:48 ubuntu lxcfs[1150]:  11: fd:  17: name=systemd
Nov  2 13:49:48 ubuntu kernel: [    6.610617] pci 0000:00:01.2: reg 0x10: [mem 0x10301000-0x10301fff]
Nov  2 13:49:48 ubuntu kernel: [    6.617422] pci 0000:00:01.3: [1b36:000c] type 01 class 0x060400
Nov  2 13:49:48 ubuntu kernel: [    6.619664] pci 0000:00:01.3: reg 0x10: [mem 0x10300000-0x10300fff]
Nov  2 13:49:48 ubuntu kernel: [    6.623526] pci 0000:01:00.0: [1af4:1041] type 00 class 0x020000
Nov  2 13:49:48 ubuntu lxcfs[1150]:  12: fd:  18: unified
Nov  2 13:49:48 ubuntu kernel: [    6.627884] pci 0000:01:00.0: reg 0x14: [mem 0x10200000-0x10200fff]
Nov  2 13:49:48 ubuntu systemd[1]: Started Deferred execution scheduler.
Nov  2 13:49:48 ubuntu kernel: [    6.630819] pci 0000:01:00.0: reg 0x20: [mem 0x8000000000-0x8000003fff 64bit pref]
Nov  2 13:49:48 ubuntu systemd[1]: Starting Login Service...
Nov  2 13:49:48 ubuntu kernel: [    6.632541] pci 0000:01:00.0: reg 0x30: [mem 0xfff80000-0xffffffff pref]
Nov  2 13:49:48 ubuntu kernel: [    6.634727] pci 0000:02:00.0: [1b36:000d] type 00 class 0x0c0330
Nov  2 13:49:48 ubuntu kernel: [    6.635597] pci 0000:02:00.0: reg 0x10: [mem 0x10100000-0x10103fff 64bit]
Nov  2 13:49:48 ubuntu rsyslogd: imuxsock: Acquired UNIX socket '/run/systemd/journal/syslog' (fd 3) from systemd.  [v8.32.0]
Nov  2 13:49:48 ubuntu kernel: [    6.639435] pci 0000:03:00.0: [1af4:1048] type 00 class 0x010000
Nov  2 13:49:48 ubuntu rsyslogd: rsyslogd's groupid changed to 106
Nov  2 13:49:48 ubuntu kernel: [    6.641534] pci 0000:03:00.0: reg 0x14: [mem 0x10000000-0x10000fff]
Nov  2 13:49:48 ubuntu rsyslogd: rsyslogd's userid changed to 102
Nov  2 13:49:48 ubuntu rsyslogd:  [origin software="rsyslogd" swVersion="8.32.0" x-pid="1153" x-info="http://www.rsyslog.com"] start
Nov  2 13:49:48 ubuntu systemd[1]: Started System Logging Service.
Nov  2 13:49:48 ubuntu kernel: [    6.644460] pci 0000:03:00.0: reg 0x20: [mem 0x8000100000-0x8000103fff 64bit pref]
Nov  2 13:49:48 ubuntu kernel: [    6.651594] pci 0000:00:01.0: bridge window [io  0x1000-0x0fff] to [bus 01] add_size 1000
Nov  2 13:49:48 ubuntu kernel: [    6.652377] pci 0000:00:01.0: bridge window [mem 0x00100000-0x001fffff 64bit pref] to [bus 01] add_size 100000 add_align 100000
Nov  2 13:49:48 ubuntu kernel: [    6.653435] pci 0000:00:01.0: bridge window [mem 0x00100000-0x001fffff] to [bus 01] add_size 100000 add_align 100000
Nov  2 13:49:48 ubuntu kernel: [    6.654647] pci 0000:00:01.1: bridge window [io  0x1000-0x0fff] to [bus 02] add_size 1000
Nov  2 13:49:48 ubuntu kernel: [    6.655640] pci 0000:00:01.1: bridge window [mem 0x00100000-0x000fffff 64bit pref] to [bus 02] add_size 200000 add_align 100000
Nov  2 13:49:48 ubuntu kernel: [    6.656940] pci 0000:00:01.1: bridge window [mem 0x00100000-0x001fffff] to [bus 02] add_size 100000 add_align 100000
Nov  2 13:49:48 ubuntu kernel: [    6.658127] pci 0000:00:01.2: bridge window [io  0x1000-0x0fff] to [bus 03] add_size 1000
Nov  2 13:49:48 ubuntu kernel: [    6.659092] pci 0000:00:01.2: bridge window [mem 0x00100000-0x001fffff 64bit pref] to [bus 03] add_size 100000 add_align 100000
Nov  2 13:49:48 ubuntu kernel: [    6.660412] pci 0000:00:01.2: bridge window [mem 0x00100000-0x001fffff] to [bus 03] add_size 100000 add_align 100000
Nov  2 13:49:48 ubuntu kernel: [    6.661646] pci 0000:00:01.3: bridge window [io  0x1000-0x0fff] to [bus 04] add_size 1000
Nov  2 13:49:48 ubuntu kernel: [    6.662520] pci 0000:00:01.3: bridge window [mem 0x00100000-0x000fffff 64bit pref] to [bus 04] add_size 200000 add_align 100000
Nov  2 13:49:48 ubuntu kernel: [    6.663570] pci 0000:00:01.3: bridge window [mem 0x00100000-0x000fffff] to [bus 04] add_size 200000 add_align 100000
Nov  2 13:49:48 ubuntu kernel: [    6.664541] pci 0000:00:01.0: BAR 14: assigned [mem 0x10000000-0x101fffff]
Nov  2 13:49:48 ubuntu kernel: [    6.665174] pci 0000:00:01.0: BAR 15: assigned [mem 0x8000000000-0x80001fffff 64bit pref]
Nov  2 13:49:48 ubuntu kernel: [    6.665899] pci 0000:00:01.1: BAR 14: assigned [mem 0x10200000-0x103fffff]
Nov  2 13:49:48 ubuntu kernel: [    6.666511] pci 0000:00:01.1: BAR 15: assigned [mem 0x8000200000-0x80003fffff 64bit pref]
Nov  2 13:49:48 ubuntu kernel: [    6.667245] pci 0000:00:01.2: BAR 14: assigned [mem 0x10400000-0x105fffff]
Nov  2 13:49:48 ubuntu kernel: [    6.667876] pci 0000:00:01.2: BAR 15: assigned [mem 0x8000400000-0x80005fffff 64bit pref]
Nov  2 13:49:48 ubuntu kernel: [    6.668594] pci 0000:00:01.3: BAR 14: assigned [mem 0x10600000-0x107fffff]
Nov  2 13:49:48 ubuntu kernel: [    6.669214] pci 0000:00:01.3: BAR 15: assigned [mem 0x8000600000-0x80007fffff 64bit pref]
Nov  2 13:49:48 ubuntu kernel: [    6.669942] pci 0000:00:01.0: BAR 0: assigned [mem 0x10800000-0x10800fff]
Nov  2 13:49:48 ubuntu kernel: [    6.670958] pci 0000:00:01.0: BAR 13: assigned [io  0x1000-0x1fff]
Nov  2 13:49:48 ubuntu kernel: [    6.671513] pci 0000:00:01.1: BAR 0: assigned [mem 0x10801000-0x10801fff]
Nov  2 13:49:48 ubuntu kernel: [    6.672446] pci 0000:00:01.1: BAR 13: assigned [io  0x2000-0x2fff]
Nov  2 13:49:48 ubuntu kernel: [    6.673015] pci 0000:00:01.2: BAR 0: assigned [mem 0x10802000-0x10802fff]
Nov  2 13:49:48 ubuntu kernel: [    6.673966] pci 0000:00:01.2: BAR 13: assigned [io  0x3000-0x3fff]
Nov  2 13:49:48 ubuntu kernel: [    6.674542] pci 0000:00:01.3: BAR 0: assigned [mem 0x10803000-0x10803fff]
Nov  2 13:49:48 ubuntu kernel: [    6.675483] pci 0000:00:01.3: BAR 13: assigned [io  0x4000-0x4fff]
Nov  2 13:49:48 ubuntu kernel: [    6.676051] pci 0000:01:00.0: BAR 6: assigned [mem 0x10000000-0x1007ffff pref]
Nov  2 13:49:48 ubuntu kernel: [    6.676742] pci 0000:01:00.0: BAR 4: assigned [mem 0x8000000000-0x8000003fff 64bit pref]
Nov  2 13:49:48 ubuntu kernel: [    6.678174] pci 0000:01:00.0: BAR 1: assigned [mem 0x10080000-0x10080fff]
Nov  2 13:49:48 ubuntu kernel: [    6.679116] pci 0000:00:01.0: PCI bridge to [bus 01]
Nov  2 13:49:48 ubuntu kernel: [    6.679570] pci 0000:00:01.0:   bridge window [io  0x1000-0x1fff]
Nov  2 13:49:48 ubuntu kernel: [    6.680739] pci 0000:00:01.0:   bridge window [mem 0x10000000-0x101fffff]
Nov  2 13:49:48 ubuntu kernel: [    6.683431] pci 0000:00:01.0:   bridge window [mem 0x8000000000-0x80001fffff 64bit pref]
Nov  2 13:49:48 ubuntu kernel: [    6.685017] pci 0000:02:00.0: BAR 0: assigned [mem 0x10200000-0x10203fff 64bit]
Nov  2 13:49:48 ubuntu kernel: [    6.685669] pci 0000:00:01.1: PCI bridge to [bus 02]
Nov  2 13:49:48 ubuntu kernel: [    6.686094] pci 0000:00:01.1:   bridge window [io  0x2000-0x2fff]
Nov  2 13:49:48 ubuntu kernel: [    6.687497] pci 0000:00:01.1:   bridge window [mem 0x10200000-0x103fffff]
Nov  2 13:49:48 ubuntu kernel: [    6.688745] pci 0000:00:01.1:   bridge window [mem 0x8000200000-0x80003fffff 64bit pref]
Nov  2 13:49:48 ubuntu kernel: [    6.690579] pci 0000:03:00.0: BAR 4: assigned [mem 0x8000400000-0x8000403fff 64bit pref]
Nov  2 13:49:48 ubuntu kernel: [    6.692311] pci 0000:03:00.0: BAR 1: assigned [mem 0x10400000-0x10400fff]
Nov  2 13:49:48 ubuntu kernel: [    6.695159] pci 0000:00:01.2: PCI bridge to [bus 03]
Nov  2 13:49:48 ubuntu kernel: [    6.695735] pci 0000:00:01.2:   bridge window [io  0x3000-0x3fff]
Nov  2 13:49:48 ubuntu kernel: [    6.697093] pci 0000:00:01.2:   bridge window [mem 0x10400000-0x105fffff]
Nov  2 13:49:48 ubuntu kernel: [    6.698312] pci 0000:00:01.2:   bridge window [mem 0x8000400000-0x80005fffff 64bit pref]
Nov  2 13:49:48 ubuntu kernel: [    6.700214] pci 0000:00:01.3: PCI bridge to [bus 04]
Nov  2 13:49:48 ubuntu kernel: [    6.700774] pci 0000:00:01.3:   bridge window [io  0x4000-0x4fff]
Nov  2 13:49:48 ubuntu kernel: [    6.702245] pci 0000:00:01.3:   bridge window [mem 0x10600000-0x107fffff]
Nov  2 13:49:48 ubuntu kernel: [    6.703318] pci 0000:00:01.3:   bridge window [mem 0x8000600000-0x80007fffff 64bit pref]
Nov  2 13:49:48 ubuntu kernel: [    6.706338] pci_bus 0000:00: resource 4 [mem 0x10000000-0x3efeffff window]
Nov  2 13:49:48 ubuntu kernel: [    6.706979] pci_bus 0000:00: resource 5 [io  0x0000-0xffff window]
Nov  2 13:49:48 ubuntu kernel: [    6.707522] pci_bus 0000:00: resource 6 [mem 0x8000000000-0xffffffffff window]
Nov  2 13:49:48 ubuntu kernel: [    6.708185] pci_bus 0000:01: resource 0 [io  0x1000-0x1fff]
Nov  2 13:49:48 ubuntu kernel: [    6.708660] pci_bus 0000:01: resource 1 [mem 0x10000000-0x101fffff]
Nov  2 13:49:48 ubuntu kernel: [    6.709191] pci_bus 0000:01: resource 2 [mem 0x8000000000-0x80001fffff 64bit pref]
Nov  2 13:49:48 ubuntu kernel: [    6.709908] pci_bus 0000:02: resource 0 [io  0x2000-0x2fff]
Nov  2 13:49:48 ubuntu kernel: [    6.710503] pci_bus 0000:02: resource 1 [mem 0x10200000-0x103fffff]
Nov  2 13:49:48 ubuntu kernel: [    6.711156] pci_bus 0000:02: resource 2 [mem 0x8000200000-0x80003fffff 64bit pref]
Nov  2 13:49:48 ubuntu kernel: [    6.711949] pci_bus 0000:03: resource 0 [io  0x3000-0x3fff]
Nov  2 13:49:48 ubuntu kernel: [    6.712505] pci_bus 0000:03: resource 1 [mem 0x10400000-0x105fffff]
Nov  2 13:49:48 ubuntu kernel: [    6.713133] pci_bus 0000:03: resource 2 [mem 0x8000400000-0x80005fffff 64bit pref]
Nov  2 13:49:48 ubuntu kernel: [    6.713897] pci_bus 0000:04: resource 0 [io  0x4000-0x4fff]
Nov  2 13:49:48 ubuntu kernel: [    6.714527] pci_bus 0000:04: resource 1 [mem 0x10600000-0x107fffff]
Nov  2 13:49:48 ubuntu kernel: [    6.715178] pci_bus 0000:04: resource 2 [mem 0x8000600000-0x80007fffff 64bit pref]
Nov  2 13:49:48 ubuntu kernel: [    6.716089] ACPI: PCI Interrupt Link [GSI0] (IRQs *35)
Nov  2 13:49:48 ubuntu kernel: [    6.716631] ACPI: PCI Interrupt Link [GSI1] (IRQs *36)
Nov  2 13:49:48 ubuntu kernel: [    6.717181] ACPI: PCI Interrupt Link [GSI2] (IRQs *37)
Nov  2 13:49:48 ubuntu kernel: [    6.717744] ACPI: PCI Interrupt Link [GSI3] (IRQs *38)
Nov  2 13:49:48 ubuntu kernel: [    6.719641] iommu: Default domain type: Translated 
Nov  2 13:49:48 ubuntu kernel: [    6.720226] vgaarb: loaded
Nov  2 13:49:48 ubuntu kernel: [    6.720919] SCSI subsystem initialized
Nov  2 13:49:48 ubuntu kernel: [    6.721818] libata version 3.00 loaded.
Nov  2 13:49:48 ubuntu kernel: [    6.721878] ACPI: bus type USB registered
Nov  2 13:49:48 ubuntu kernel: [    6.722301] usbcore: registered new interface driver usbfs
Nov  2 13:49:48 ubuntu kernel: [    6.722853] usbcore: registered new interface driver hub
Nov  2 13:49:48 ubuntu kernel: [    6.723863] usbcore: registered new device driver usb
Nov  2 13:49:48 ubuntu kernel: [    6.724399] pps_core: LinuxPPS API ver. 1 registered
Nov  2 13:49:48 ubuntu kernel: [    6.724834] pps_core: Software ver. 5.3.6 - Copyright 2005-2007 Rodolfo Giometti <giometti@linux.it>
Nov  2 13:49:48 ubuntu kernel: [    6.725625] PTP clock support registered
Nov  2 13:49:48 ubuntu kernel: [    6.726689] EDAC MC: Ver: 3.0.0
Nov  2 13:49:48 ubuntu kernel: [    6.727437] Registered efivars operations
Nov  2 13:49:48 ubuntu kernel: [    6.730127] NetLabel: Initializing
Nov  2 13:49:48 ubuntu kernel: [    6.730462] NetLabel:  domain hash size = 128
Nov  2 13:49:48 ubuntu kernel: [    6.730841] NetLabel:  protocols = UNLABELED CIPSOv4 CALIPSO
Nov  2 13:49:48 ubuntu kernel: [    6.731443] NetLabel:  unlabeled traffic allowed by default
Nov  2 13:49:48 ubuntu kernel: [    6.732698] clocksource: Switched to clocksource arch_sys_counter
Nov  2 13:49:48 ubuntu kernel: [    6.755171] VFS: Disk quotas dquot_6.6.0
Nov  2 13:49:48 ubuntu kernel: [    6.755569] VFS: Dquot-cache hash table entries: 512 (order 0, 4096 bytes)
Nov  2 13:49:48 ubuntu kernel: [    6.756547] AppArmor: AppArmor Filesystem Enabled
Nov  2 13:49:48 ubuntu kernel: [    6.757099] pnp: PnP ACPI init
Nov  2 13:49:48 ubuntu kernel: [    6.757610] system 00:00: [mem 0x3f000000-0x3fffffff] could not be reserved
Nov  2 13:49:48 ubuntu kernel: [    6.758218] system 00:00: Plug and Play ACPI device, IDs PNP0c02 (active)
Nov  2 13:49:48 ubuntu kernel: [    6.758225] pnp: PnP ACPI: found 1 devices
Nov  2 13:49:48 ubuntu kernel: [    6.763290] NET: Registered protocol family 2
Nov  2 13:49:48 ubuntu kernel: [    6.764519] tcp_listen_portaddr_hash hash table entries: 16384 (order: 6, 262144 bytes, linear)
Nov  2 13:49:48 ubuntu kernel: [    6.766745] TCP established hash table entries: 262144 (order: 9, 2097152 bytes, linear)
Nov  2 13:49:48 ubuntu kernel: [    6.768447] TCP bind hash table entries: 65536 (order: 8, 1048576 bytes, linear)
Nov  2 13:49:48 ubuntu kernel: [    6.769278] TCP: Hash tables configured (established 262144 bind 65536)
Nov  2 13:49:48 ubuntu kernel: [    6.770523] UDP hash table entries: 16384 (order: 7, 524288 bytes, linear)
Nov  2 13:49:48 ubuntu kernel: [    6.771554] UDP-Lite hash table entries: 16384 (order: 7, 524288 bytes, linear)
Nov  2 13:49:48 ubuntu kernel: [    6.772463] NET: Registered protocol family 1
Nov  2 13:49:48 ubuntu kernel: [    6.772905] NET: Registered protocol family 44
Nov  2 13:49:48 ubuntu kernel: [    6.773410] pci 0000:02:00.0: enabling device (0000 -> 0002)
Nov  2 13:49:48 ubuntu kernel: [    6.774323] PCI: CLS 0 bytes, default 64
Nov  2 13:49:48 ubuntu kernel: [    6.774865] Trying to unpack rootfs image as initramfs...
Nov  2 13:49:48 ubuntu kernel: [    7.827824] Freeing initrd memory: 61288K
Nov  2 13:49:48 ubuntu kernel: [    7.855637] hw perfevents: enabled with armv8_pmuv3_0 PMU driver, 13 counters available
Nov  2 13:49:48 ubuntu kernel: [    7.856779] kvm [1]: HYP mode not available
Nov  2 13:49:48 ubuntu kernel: [    7.858763] Initialise system trusted keyrings
Nov  2 13:49:48 ubuntu kernel: [    7.859457] Key type blacklist registered
Nov  2 13:49:48 ubuntu kernel: [    7.860464] workingset: timestamp_bits=40 max_order=23 bucket_order=0
Nov  2 13:49:48 ubuntu kernel: [    7.863027] zbud: loaded
Nov  2 13:49:48 ubuntu kernel: [    7.863870] squashfs: version 4.0 (2009/01/31) Phillip Lougher
Nov  2 13:49:48 ubuntu kernel: [    7.864879] fuse: init (API version 7.31)
Nov  2 13:49:48 ubuntu kernel: [    7.865873] integrity: Platform Keyring initialized
Nov  2 13:49:48 ubuntu kernel: [    7.871410] [mitosis-origin] pgd_alloc for mm=ffff00049588ec00 and mm->pgd =ffff0004decdd000.
Nov  2 13:49:48 ubuntu kernel: [    7.879536] Key type asymmetric registered
Nov  2 13:49:48 ubuntu kernel: [    7.880497] Asymmetric key parser 'x509' registered
Nov  2 13:49:48 ubuntu kernel: [    7.881746] Block layer SCSI generic (bsg) driver version 0.4 loaded (major 244)
Nov  2 13:49:48 ubuntu kernel: [    7.884225] io scheduler mq-deadline registered
Nov  2 13:49:48 ubuntu kernel: [    7.888586] pl061_gpio ARMH0061:00: PL061 GPIO chip registered
Nov  2 13:49:48 ubuntu kernel: [    7.889542] PCI Interrupt Link [GSI1] enabled at IRQ 36
Nov  2 13:49:48 ubuntu kernel: [    7.890901] pcieport 0000:00:01.0: PME: Signaling with IRQ 44
Nov  2 13:49:48 ubuntu kernel: [    7.891731] pcieport 0000:00:01.0: AER: enabled with IRQ 44
Nov  2 13:49:48 ubuntu kernel: [    7.892389] pcieport 0000:00:01.0: pciehp: Slot #0 AttnBtn+ PwrCtrl+ MRL- AttnInd+ PwrInd+ HotPlug+ Surprise+ Interlock+ NoCompl- IbPresDis- LLActRep-
Nov  2 13:49:48 ubuntu kernel: [    7.894740] pcieport 0000:00:01.1: PME: Signaling with IRQ 45
Nov  2 13:49:48 ubuntu kernel: [    7.895517] pcieport 0000:00:01.1: AER: enabled with IRQ 45
Nov  2 13:49:48 ubuntu kernel: [    7.896082] pcieport 0000:00:01.1: pciehp: Slot #0 AttnBtn+ PwrCtrl+ MRL- AttnInd+ PwrInd+ HotPlug+ Surprise+ Interlock+ NoCompl- IbPresDis- LLActRep-
Nov  2 13:49:48 ubuntu kernel: [    7.898273] pcieport 0000:00:01.2: PME: Signaling with IRQ 46
Nov  2 13:49:48 ubuntu kernel: [    7.899011] pcieport 0000:00:01.2: AER: enabled with IRQ 46
Nov  2 13:49:48 ubuntu kernel: [    7.899579] pcieport 0000:00:01.2: pciehp: Slot #0 AttnBtn+ PwrCtrl+ MRL- AttnInd+ PwrInd+ HotPlug+ Surprise+ Interlock+ NoCompl- IbPresDis- LLActRep-
Nov  2 13:49:48 ubuntu kernel: [    7.901723] pcieport 0000:00:01.3: PME: Signaling with IRQ 47
Nov  2 13:49:48 ubuntu kernel: [    7.902439] pcieport 0000:00:01.3: AER: enabled with IRQ 47
Nov  2 13:49:48 ubuntu kernel: [    7.903020] pcieport 0000:00:01.3: pciehp: Slot #0 AttnBtn+ PwrCtrl+ MRL- AttnInd+ PwrInd+ HotPlug+ Surprise+ Interlock+ NoCompl- IbPresDis- LLActRep-
Nov  2 13:49:48 ubuntu kernel: [    7.904406] pcieport 0000:00:01.3: pciehp: Slot(0-3): Link Up
Nov  2 13:49:48 ubuntu kernel: [    7.905229] shpchp: Standard Hot Plug PCI Controller Driver version: 0.4
Nov  2 13:49:48 ubuntu kernel: [    7.906464] input: Power Button as /devices/LNXSYSTM:00/LNXSYBUS:00/PNP0C0C:00/input/input0
Nov  2 13:49:48 ubuntu kernel: [    7.907279] ACPI: Power Button [PWRB]
Nov  2 13:49:48 ubuntu kernel: [    7.913498] Serial: 8250/16550 driver, 32 ports, IRQ sharing enabled
Nov  2 13:49:48 ubuntu kernel: [    7.916919] msm_serial: driver initialized
Nov  2 13:49:48 ubuntu kernel: [    7.917967] cacheinfo: Unable to detect cache hierarchy for CPU 0
Nov  2 13:49:48 ubuntu kernel: [    7.925754] loop: module loaded
Nov  2 13:49:48 ubuntu kernel: [    7.926718] libphy: Fixed MDIO Bus: probed
Nov  2 13:49:48 ubuntu kernel: [    7.927126] tun: Universal TUN/TAP device driver, 1.6
Nov  2 13:49:48 ubuntu kernel: [    7.927822] PPP generic driver version 2.4.2
Nov  2 13:49:48 ubuntu kernel: [    7.928371] ehci_hcd: USB 2.0 'Enhanced' Host Controller (EHCI) Driver
Nov  2 13:49:48 ubuntu kernel: [    7.929068] ehci-pci: EHCI PCI platform driver
Nov  2 13:49:48 ubuntu kernel: [    7.929511] ehci-orion: EHCI orion driver
Nov  2 13:49:48 ubuntu kernel: [    7.929917] ohci_hcd: USB 1.1 'Open' Host Controller (OHCI) Driver
Nov  2 13:49:48 ubuntu kernel: [    7.930500] ohci-pci: OHCI PCI platform driver
Nov  2 13:49:48 ubuntu kernel: [    7.930946] uhci_hcd: USB Universal Host Controller Interface driver
Nov  2 13:49:48 ubuntu kernel: [    7.932062] xhci_hcd 0000:02:00.0: xHCI Host Controller
Nov  2 13:49:48 ubuntu kernel: [    7.932586] xhci_hcd 0000:02:00.0: new USB bus registered, assigned bus number 1
Nov  2 13:49:48 ubuntu kernel: [    7.933658] xhci_hcd 0000:02:00.0: hcc params 0x00087001 hci version 0x100 quirks 0x0000000000000010
Nov  2 13:49:48 ubuntu kernel: [    7.935612] usb usb1: New USB device found, idVendor=1d6b, idProduct=0002, bcdDevice= 5.07
Nov  2 13:49:48 ubuntu kernel: [    7.936393] usb usb1: New USB device strings: Mfr=3, Product=2, SerialNumber=1
Nov  2 13:49:48 ubuntu kernel: [    7.937129] usb usb1: Product: xHCI Host Controller
Nov  2 13:49:48 ubuntu kernel: [    7.937583] usb usb1: Manufacturer: Linux 5.7.1 xhci-hcd
Nov  2 13:49:48 ubuntu kernel: [    7.938072] usb usb1: SerialNumber: 0000:02:00.0
Nov  2 13:49:48 ubuntu kernel: [    7.938802] hub 1-0:1.0: USB hub found
Nov  2 13:49:48 ubuntu kernel: [    7.939225] hub 1-0:1.0: 8 ports detected
Nov  2 13:49:48 ubuntu kernel: [    7.939977] xhci_hcd 0000:02:00.0: xHCI Host Controller
Nov  2 13:49:48 ubuntu kernel: [    7.940471] xhci_hcd 0000:02:00.0: new USB bus registered, assigned bus number 2
Nov  2 13:49:48 ubuntu kernel: [    7.941823] xhci_hcd 0000:02:00.0: Host supports USB 3.0 SuperSpeed
Nov  2 13:49:48 ubuntu kernel: [    7.942454] usb usb2: We don't know the algorithms for LPM for this host, disabling LPM.
Nov  2 13:49:48 ubuntu kernel: [    7.943242] usb usb2: New USB device found, idVendor=1d6b, idProduct=0003, bcdDevice= 5.07
Nov  2 13:49:48 ubuntu kernel: [    7.944005] usb usb2: New USB device strings: Mfr=3, Product=2, SerialNumber=1
Nov  2 13:49:48 ubuntu kernel: [    7.944805] usb usb2: Product: xHCI Host Controller
Nov  2 13:49:48 ubuntu kernel: [    7.945265] usb usb2: Manufacturer: Linux 5.7.1 xhci-hcd
Nov  2 13:49:48 ubuntu kernel: [    7.945792] usb usb2: SerialNumber: 0000:02:00.0
Nov  2 13:49:48 ubuntu kernel: [    7.946435] hub 2-0:1.0: USB hub found
Nov  2 13:49:48 ubuntu kernel: [    7.946848] hub 2-0:1.0: 8 ports detected
Nov  2 13:49:48 ubuntu kernel: [    7.947823] mousedev: PS/2 mouse device common for all mice
Nov  2 13:49:48 ubuntu kernel: [    7.948986] rtc-efi rtc-efi.0: registered as rtc0
Nov  2 13:49:48 ubuntu kernel: [    7.949748] rtc-efi rtc-efi.0: setting system clock to 2020-11-02T05:49:42 UTC (1604296182)
Nov  2 13:49:48 ubuntu kernel: [    7.950693] i2c /dev entries driver
Nov  2 13:49:48 ubuntu kernel: [    7.951336] device-mapper: uevent: version 1.0.3
Nov  2 13:49:48 ubuntu kernel: [    7.951988] device-mapper: ioctl: 4.42.0-ioctl (2020-02-27) initialised: dm-devel@redhat.com
Nov  2 13:49:48 ubuntu kernel: [    7.954626] ledtrig-cpu: registered to indicate activity on CPUs
Nov  2 13:49:48 ubuntu kernel: [    7.955310] EFI Variables Facility v0.08 2004-May-17
Nov  2 13:49:48 ubuntu kernel: [    7.957353] NET: Registered protocol family 10
Nov  2 13:49:48 ubuntu kernel: [    7.959207] [mitosis-origin] pgd_alloc for mm=ffff0004954a0400 and mm->pgd =ffff0004de47a000.
Nov  2 13:49:48 ubuntu kernel: [    7.964442] [mitosis-origin] pgd_alloc for mm=ffff0004954a6800 and mm->pgd =ffff0004de484000.
Nov  2 13:49:48 ubuntu kernel: [    7.966731] [mitosis-origin] pgd_free for mm=ffff0004954a0400 and pgd =ffff0004de47a000 and mm->pgd=ffff0004de47a000.
Nov  2 13:49:48 ubuntu kernel: [    7.969642] [mitosis-origin] pgd_alloc for mm=ffff000495513c00 and mm->pgd =ffff0004df1ca000.
Nov  2 13:49:48 ubuntu kernel: [    7.973619] [mitosis-origin] pgd_alloc for mm=ffff000495514c00 and mm->pgd =ffff0004df1d9000.
Nov  2 13:49:48 ubuntu kernel: [    7.975021] [mitosis-origin] pgd_free for mm=ffff000495513c00 and pgd =ffff0004df1ca000 and mm->pgd=ffff0004df1ca000.
Nov  2 13:49:48 ubuntu kernel: [    7.978313] [mitosis-origin] pgd_alloc for mm=ffff000495513c00 and mm->pgd =ffff0004df1e6000.
Nov  2 13:49:48 ubuntu kernel: [    7.979710] [mitosis-origin] pgd_free for mm=ffff000495514c00 and pgd =ffff0004df1d9000 and mm->pgd=ffff0004df1d9000.
Nov  2 13:49:48 ubuntu kernel: [    7.982591] [mitosis-origin] pgd_alloc for mm=ffff000495553800 and mm->pgd =ffff0004df209000.
Nov  2 13:49:48 ubuntu kernel: [    7.987684] Segment Routing with IPv6
Nov  2 13:49:48 ubuntu kernel: [    7.988116] NET: Registered protocol family 17
Nov  2 13:49:48 ubuntu kernel: [    7.988765] Key type dns_resolver registered
Nov  2 13:49:48 ubuntu kernel: [    7.989434] registered taskstats version 1
Nov  2 13:49:48 ubuntu kernel: [    7.990128] Loading compiled-in X.509 certificates
Nov  2 13:49:48 ubuntu kernel: [    7.991787] [mitosis-origin] pgd_alloc for mm=ffff00049588c400 and mm->pgd =ffff0004954d1000.
Nov  2 13:49:48 ubuntu kernel: [    7.994095] [mitosis-origin] pgd_free for mm=ffff00049588ec00 and pgd =ffff0004decdd000 and mm->pgd=ffff0004decdd000.
Nov  2 13:49:48 ubuntu kernel: [    7.999644] Loaded X.509 cert 'Build time autogenerated kernel key: 5fc9bbbf10d23f3f9dda6c889ba5358a20950e89'
Nov  2 13:49:48 ubuntu kernel: [    8.001304] zswap: loaded using pool lzo/zbud
Nov  2 13:49:48 ubuntu kernel: [    8.002604] Key type ._fscrypt registered
Nov  2 13:49:48 ubuntu kernel: [    8.003143] Key type .fscrypt registered
Nov  2 13:49:48 ubuntu kernel: [    8.003636] Key type fscrypt-provisioning registered
Nov  2 13:49:48 ubuntu kernel: [    8.004523] [mitosis-origin] pgd_alloc for mm=ffff0004954a0400 and mm->pgd =ffff0004debeb000.
Nov  2 13:49:48 ubuntu kernel: [    8.006755] [mitosis-origin] pgd_free for mm=ffff0004954a6800 and pgd =ffff0004de484000 and mm->pgd=ffff0004de484000.
Nov  2 13:49:48 ubuntu kernel: [    8.011378] [mitosis-origin] pgd_alloc for mm=ffff0004954a6800 and mm->pgd =ffff0004de4a0000.
Nov  2 13:49:48 ubuntu kernel: [    8.013121] [mitosis-origin] pgd_free for mm=ffff0004954a0400 and pgd =ffff0004debeb000 and mm->pgd=ffff0004debeb000.
Nov  2 13:49:48 ubuntu kernel: [    8.015244] [mitosis-origin] pgd_alloc for mm=ffff0004954a0400 and mm->pgd =ffff0004de4a4000.
Nov  2 13:49:48 ubuntu kernel: [    8.016026] [mitosis-origin] pgd_free for mm=ffff0004954a6800 and pgd =ffff0004de4a0000 and mm->pgd=ffff0004de4a0000.
Nov  2 13:49:48 ubuntu kernel: [    8.019518] [mitosis-origin] pgd_free for mm=ffff000495513c00 and pgd =ffff0004df1e6000 and mm->pgd=ffff0004df1e6000.
Nov  2 13:49:48 ubuntu kernel: [    8.021293] [mitosis-origin] pgd_alloc for mm=ffff000495513c00 and mm->pgd =ffff0004df1e6000.
Nov  2 13:49:48 ubuntu kernel: [    8.023907] [mitosis-origin] pgd_free for mm=ffff000495513c00 and pgd =ffff0004df1e6000 and mm->pgd=ffff0004df1e6000.
Nov  2 13:49:48 ubuntu kernel: [    8.029129] [mitosis-origin] pgd_free for mm=ffff000495553800 and pgd =ffff0004df209000 and mm->pgd=ffff0004df209000.
Nov  2 13:49:48 ubuntu kernel: [    8.031858] cryptd: max_cpu_qlen set to 1000
Nov  2 13:49:48 ubuntu kernel: [    8.040340] [mitosis-origin] pgd_alloc for mm=ffff000495553800 and mm->pgd =ffff0004df21a000.
Nov  2 13:49:48 ubuntu kernel: [    8.042942] [mitosis-origin] pgd_alloc for mm=ffff000495556c00 and mm->pgd =ffff0004954ea000.
Nov  2 13:49:48 ubuntu kernel: [    8.043807] [mitosis-origin] pgd_free for mm=ffff000495553800 and pgd =ffff0004df21a000 and mm->pgd=ffff0004df21a000.
Nov  2 13:49:48 ubuntu kernel: [    8.046175] [mitosis-origin] pgd_alloc for mm=ffff000495553800 and mm->pgd =ffff0004954ee000.
Nov  2 13:49:48 ubuntu kernel: [    8.047057] [mitosis-origin] pgd_free for mm=ffff000495556c00 and pgd =ffff0004954ea000 and mm->pgd=ffff0004954ea000.
Nov  2 13:49:48 ubuntu kernel: [    8.049339] [mitosis-origin] pgd_alloc for mm=ffff000495556c00 and mm->pgd =ffff0004954f2000.
Nov  2 13:49:48 ubuntu kernel: [    8.050245] [mitosis-origin] pgd_free for mm=ffff000495553800 and pgd =ffff0004954ee000 and mm->pgd=ffff0004954ee000.
Nov  2 13:49:48 ubuntu kernel: [    8.052467] [mitosis-origin] pgd_alloc for mm=ffff000495553800 and mm->pgd =ffff0004954f6000.
Nov  2 13:49:48 ubuntu kernel: [    8.053462] [mitosis-origin] pgd_free for mm=ffff000495556c00 and pgd =ffff0004954f2000 and mm->pgd=ffff0004954f2000.
Nov  2 13:49:48 ubuntu kernel: [    8.055737] [mitosis-origin] pgd_alloc for mm=ffff000495556c00 and mm->pgd =ffff0004954fa000.
Nov  2 13:49:48 ubuntu kernel: [    8.056611] [mitosis-origin] pgd_free for mm=ffff000495553800 and pgd =ffff0004954f6000 and mm->pgd=ffff0004954f6000.
Nov  2 13:49:48 ubuntu kernel: [    8.058858] [mitosis-origin] pgd_alloc for mm=ffff000495553800 and mm->pgd =ffff000495779000.
Nov  2 13:49:48 ubuntu kernel: [    8.059756] [mitosis-origin] pgd_free for mm=ffff000495556c00 and pgd =ffff0004954fa000 and mm->pgd=ffff0004954fa000.
Nov  2 13:49:48 ubuntu kernel: [    8.062039] [mitosis-origin] pgd_alloc for mm=ffff000495556c00 and mm->pgd =ffff00049577d000.
Nov  2 13:49:48 ubuntu kernel: [    8.062914] [mitosis-origin] pgd_free for mm=ffff000495553800 and pgd =ffff000495779000 and mm->pgd=ffff000495779000.
Nov  2 13:49:48 ubuntu kernel: [    8.065129] [mitosis-origin] pgd_alloc for mm=ffff00049588ec00 and mm->pgd =ffff0004957bd000.
Nov  2 13:49:48 ubuntu kernel: [    8.067329] [mitosis-origin] pgd_free for mm=ffff00049588c400 and pgd =ffff0004954d1000 and mm->pgd=ffff0004954d1000.
Nov  2 13:49:48 ubuntu kernel: [    8.071931] [mitosis-origin] pgd_alloc for mm=ffff00049588c400 and mm->pgd =ffff0004957c1000.
Nov  2 13:49:48 ubuntu kernel: [    8.073235] [mitosis-origin] pgd_free for mm=ffff00049588ec00 and pgd =ffff0004957bd000 and mm->pgd=ffff0004957bd000.
Nov  2 13:49:48 ubuntu kernel: [    8.076099] [mitosis-origin] pgd_alloc for mm=ffff00049588ec00 and mm->pgd =ffff0004957c5000.
Nov  2 13:49:48 ubuntu kernel: [    8.077391] [mitosis-origin] pgd_free for mm=ffff00049588c400 and pgd =ffff0004957c1000 and mm->pgd=ffff0004957c1000.
Nov  2 13:49:48 ubuntu kernel: [    8.080301] [mitosis-origin] pgd_alloc for mm=ffff00049588c400 and mm->pgd =ffff0004957c9000.
Nov  2 13:49:48 ubuntu kernel: [    8.081207] [mitosis-origin] pgd_free for mm=ffff00049588ec00 and pgd =ffff0004957c5000 and mm->pgd=ffff0004957c5000.
Nov  2 13:49:48 ubuntu kernel: [    8.083418] [mitosis-origin] pgd_alloc for mm=ffff00049588ec00 and mm->pgd =ffff0004957cd000.
Nov  2 13:49:48 ubuntu kernel: [    8.084258] [mitosis-origin] pgd_free for mm=ffff00049588c400 and pgd =ffff0004957c9000 and mm->pgd=ffff0004957c9000.
Nov  2 13:49:48 ubuntu kernel: [    8.086411] [mitosis-origin] pgd_alloc for mm=ffff00049588c400 and mm->pgd =ffff0004957d1000.
Nov  2 13:49:48 ubuntu kernel: [    8.087271] [mitosis-origin] pgd_free for mm=ffff00049588ec00 and pgd =ffff0004957cd000 and mm->pgd=ffff0004957cd000.
Nov  2 13:49:48 ubuntu kernel: [    8.089402] [mitosis-origin] pgd_alloc for mm=ffff00049588ec00 and mm->pgd =ffff0004957d5000.
Nov  2 13:49:48 ubuntu kernel: [    8.090229] [mitosis-origin] pgd_free for mm=ffff00049588c400 and pgd =ffff0004957d1000 and mm->pgd=ffff0004957d1000.
Nov  2 13:49:48 ubuntu kernel: [    8.092455] [mitosis-origin] pgd_alloc for mm=ffff00049588c400 and mm->pgd =ffff0004957d9000.
Nov  2 13:49:48 ubuntu kernel: [    8.093408] [mitosis-origin] pgd_free for mm=ffff00049588ec00 and pgd =ffff0004957d5000 and mm->pgd=ffff0004957d5000.
Nov  2 13:49:48 ubuntu kernel: [    8.103273] [mitosis-origin] pgd_alloc for mm=ffff000495035400 and mm->pgd =ffff0004ded6f000.
Nov  2 13:49:48 ubuntu kernel: [    8.108515] [mitosis-origin] pgd_alloc for mm=ffff000495032000 and mm->pgd =ffff0004957e9000.
Nov  2 13:49:48 ubuntu kernel: [    8.109862] [mitosis-origin] pgd_free for mm=ffff000495035400 and pgd =ffff0004ded6f000 and mm->pgd=ffff0004ded6f000.
Nov  2 13:49:48 ubuntu kernel: [    8.112635] [mitosis-origin] pgd_alloc for mm=ffff00049505a800 and mm->pgd =ffff0004dee52000.
Nov  2 13:49:48 ubuntu kernel: [    8.115620] [mitosis-origin] pgd_alloc for mm=ffff00049507f800 and mm->pgd =ffff0004deed8000.
Nov  2 13:49:48 ubuntu kernel: [    8.121089] [mitosis-origin] pgd_alloc for mm=ffff00049507b800 and mm->pgd =ffff0004deee8000.
Nov  2 13:49:48 ubuntu kernel: [    8.123390] [mitosis-origin] pgd_free for mm=ffff00049507f800 and pgd =ffff0004deed8000 and mm->pgd=ffff0004deed8000.
Nov  2 13:49:48 ubuntu kernel: [    8.126674] [mitosis-origin] pgd_alloc for mm=ffff000495122800 and mm->pgd =ffff0004defbf000.
Nov  2 13:49:48 ubuntu kernel: [    8.129960] [mitosis-origin] pgd_alloc for mm=ffff000495144400 and mm->pgd =ffff0004de847000.
Nov  2 13:49:48 ubuntu kernel: [    8.132844] [mitosis-origin] pgd_free for mm=ffff00049505a800 and pgd =ffff0004dee52000 and mm->pgd=ffff0004dee52000.
Nov  2 13:49:48 ubuntu kernel: [    8.135386] [mitosis-origin] pgd_alloc for mm=ffff00049505a800 and mm->pgd =ffff0004dee52000.
Nov  2 13:49:48 ubuntu kernel: [    8.139026] [mitosis-origin] pgd_free for mm=ffff00049505a800 and pgd =ffff0004dee52000 and mm->pgd=ffff0004dee52000.
Nov  2 13:49:48 ubuntu kernel: [    8.141554] [mitosis-origin] pgd_free for mm=ffff00049507b800 and pgd =ffff0004deee8000 and mm->pgd=ffff0004deee8000.
Nov  2 13:49:48 ubuntu kernel: [    8.144491] [mitosis-origin] pgd_alloc for mm=ffff00049507b800 and mm->pgd =ffff0004deee8000.
Nov  2 13:49:48 ubuntu kernel: [    8.148352] [mitosis-origin] pgd_free for mm=ffff00049507b800 and pgd =ffff0004deee8000 and mm->pgd=ffff0004deee8000.
Nov  2 13:49:48 ubuntu kernel: [    8.151168] [mitosis-origin] pgd_alloc for mm=ffff00049507b800 and mm->pgd =ffff0004950a2000.
Nov  2 13:49:48 ubuntu kernel: [    8.154159] [mitosis-origin] pgd_free for mm=ffff000495122800 and pgd =ffff0004defbf000 and mm->pgd=ffff0004defbf000.
Nov  2 13:49:48 ubuntu kernel: [    8.155612] [mitosis-origin] pgd_alloc for mm=ffff000495122800 and mm->pgd =ffff0004defbf000.
Nov  2 13:49:48 ubuntu kernel: [    8.157789] [mitosis-origin] pgd_free for mm=ffff000495144400 and pgd =ffff0004de847000 and mm->pgd=ffff0004de847000.
Nov  2 13:49:48 ubuntu kernel: [    8.159492] [mitosis-origin] pgd_alloc for mm=ffff0004954a6800 and mm->pgd =ffff0004de470000.
Nov  2 13:49:48 ubuntu kernel: [    8.161374] [mitosis-origin] pgd_free for mm=ffff0004954a6800 and pgd =ffff0004de470000 and mm->pgd=ffff0004de470000.
Nov  2 13:49:48 ubuntu kernel: [    8.164672] [mitosis-origin] pgd_alloc for mm=ffff0004954a6800 and mm->pgd =ffff0004950ae000.
Nov  2 13:49:48 ubuntu kernel: [    8.169120] [mitosis-origin] pgd_alloc for mm=ffff000495553800 and mm->pgd =ffff0004950b2000.
Nov  2 13:49:48 ubuntu kernel: [    8.170572] [mitosis-origin] pgd_free for mm=ffff000495556c00 and pgd =ffff00049577d000 and mm->pgd=ffff00049577d000.
Nov  2 13:49:48 ubuntu kernel: [    8.172477] [mitosis-origin] pgd_free for mm=ffff000495553800 and pgd =ffff0004950b2000 and mm->pgd=ffff0004950b2000.
Nov  2 13:49:48 ubuntu kernel: [    8.173808] [mitosis-origin] pgd_alloc for mm=ffff000495513c00 and mm->pgd =ffff0004950b6000.
Nov  2 13:49:48 ubuntu kernel: [    8.176548] [mitosis-origin] pgd_alloc for mm=ffff000495514c00 and mm->pgd =ffff0004950ba000.
Nov  2 13:49:48 ubuntu kernel: [    8.177699] [mitosis-origin] pgd_free for mm=ffff000495513c00 and pgd =ffff0004950b6000 and mm->pgd=ffff0004950b6000.
Nov  2 13:49:48 ubuntu kernel: [    8.189844] [mitosis-origin] pgd_alloc for mm=ffff000495173400 and mm->pgd =ffff0004950bd000.
Nov  2 13:49:48 ubuntu kernel: [    8.193460] [mitosis-origin] pgd_alloc for mm=ffff000495173000 and mm->pgd =ffff0004950c2000.
Nov  2 13:49:48 ubuntu kernel: [    8.195202] [mitosis-origin] pgd_free for mm=ffff000495173400 and pgd =ffff0004950bd000 and mm->pgd=ffff0004950bd000.
Nov  2 13:49:48 ubuntu kernel: [    8.199380] [mitosis-origin] pgd_alloc for mm=ffff000495173400 and mm->pgd =ffff0004950c7000.
Nov  2 13:49:48 ubuntu kernel: [    8.200995] [mitosis-origin] pgd_free for mm=ffff000495173000 and pgd =ffff0004950c2000 and mm->pgd=ffff0004950c2000.
Nov  2 13:49:48 ubuntu kernel: [    8.203124] [mitosis-origin] pgd_alloc for mm=ffff000495173000 and mm->pgd =ffff0004950cb000.
Nov  2 13:49:48 ubuntu kernel: [    8.203963] [mitosis-origin] pgd_free for mm=ffff000495173400 and pgd =ffff0004950c7000 and mm->pgd=ffff0004950c7000.
Nov  2 13:49:48 ubuntu kernel: [    8.206146] [mitosis-origin] pgd_alloc for mm=ffff000495173400 and mm->pgd =ffff0004950cf000.
Nov  2 13:49:48 ubuntu kernel: [    8.206994] [mitosis-origin] pgd_free for mm=ffff000495173000 and pgd =ffff0004950cb000 and mm->pgd=ffff0004950cb000.
Nov  2 13:49:48 ubuntu kernel: [    8.209110] [mitosis-origin] pgd_alloc for mm=ffff000495173000 and mm->pgd =ffff0004951bb000.
Nov  2 13:49:48 ubuntu kernel: [    8.209964] [mitosis-origin] pgd_free for mm=ffff000495173400 and pgd =ffff0004950cf000 and mm->pgd=ffff0004950cf000.
Nov  2 13:49:48 ubuntu kernel: [    8.212042] [mitosis-origin] pgd_alloc for mm=ffff000495173400 and mm->pgd =ffff0004951bf000.
Nov  2 13:49:48 ubuntu kernel: [    8.212962] [mitosis-origin] pgd_free for mm=ffff000495173000 and pgd =ffff0004951bb000 and mm->pgd=ffff0004951bb000.
Nov  2 13:49:48 ubuntu kernel: [    8.215013] [mitosis-origin] pgd_alloc for mm=ffff000495173000 and mm->pgd =ffff0004951c3000.
Nov  2 13:49:48 ubuntu kernel: [    8.215845] [mitosis-origin] pgd_free for mm=ffff000495173400 and pgd =ffff0004951bf000 and mm->pgd=ffff0004951bf000.
Nov  2 13:49:48 ubuntu kernel: [    8.217979] [mitosis-origin] pgd_alloc for mm=ffff000495173400 and mm->pgd =ffff0004951c7000.
Nov  2 13:49:48 ubuntu kernel: [    8.218811] [mitosis-origin] pgd_free for mm=ffff000495173000 and pgd =ffff0004951c3000 and mm->pgd=ffff0004951c3000.
Nov  2 13:49:48 ubuntu kernel: [    8.221554] [mitosis-origin] pgd_alloc for mm=ffff000495173000 and mm->pgd =ffff000495188000.
Nov  2 13:49:48 ubuntu kernel: [    8.222391] [mitosis-origin] pgd_free for mm=ffff000495173400 and pgd =ffff0004951c7000 and mm->pgd=ffff0004951c7000.
Nov  2 13:49:48 ubuntu kernel: [    8.224495] [mitosis-origin] pgd_alloc for mm=ffff000495173400 and mm->pgd =ffff0004951cb000.
Nov  2 13:49:48 ubuntu kernel: [    8.225459] [mitosis-origin] pgd_free for mm=ffff000495173000 and pgd =ffff000495188000 and mm->pgd=ffff000495188000.
Nov  2 13:49:48 ubuntu kernel: [    8.227414] Key type big_key registered
Nov  2 13:49:48 ubuntu kernel: [    8.227935] [mitosis-origin] pgd_alloc for mm=ffff00049505a800 and mm->pgd =ffff0004954dd000.
Nov  2 13:49:48 ubuntu kernel: [    8.240615] [mitosis-origin] pgd_alloc for mm=ffff00049505e400 and mm->pgd =ffff000495645000.
Nov  2 13:49:48 ubuntu kernel: [    8.241983] [mitosis-origin] pgd_free for mm=ffff00049505a800 and pgd =ffff0004954dd000 and mm->pgd=ffff0004954dd000.
Nov  2 13:49:48 ubuntu kernel: [    8.244295] [mitosis-origin] pgd_alloc for mm=ffff00049507f800 and mm->pgd =ffff0004deee4000.
Nov  2 13:49:48 ubuntu kernel: [    8.246707] [mitosis-origin] pgd_free for mm=ffff00049507b800 and pgd =ffff0004950a2000 and mm->pgd=ffff0004950a2000.
Nov  2 13:49:48 ubuntu kernel: [    8.250756] Key type encrypted registered
Nov  2 13:49:48 ubuntu kernel: [    8.251341] AppArmor: AppArmor sha1 policy hashing enabled
Nov  2 13:49:48 ubuntu kernel: [    8.252269] ima: No TPM chip found, activating TPM-bypass!
Nov  2 13:49:48 ubuntu kernel: [    8.253088] ima: Allocated hash algorithm: sha1
Nov  2 13:49:48 ubuntu kernel: [    8.253756] ima: No architecture policies found
Nov  2 13:49:48 ubuntu kernel: [    8.254416] evm: Initialising EVM extended attributes:
Nov  2 13:49:48 ubuntu kernel: [    8.255120] evm: security.selinux
Nov  2 13:49:48 ubuntu kernel: [    8.255562] evm: security.SMACK64
Nov  2 13:49:48 ubuntu kernel: [    8.256004] evm: security.SMACK64EXEC
Nov  2 13:49:48 ubuntu kernel: [    8.256490] evm: security.SMACK64TRANSMUTE
Nov  2 13:49:48 ubuntu kernel: [    8.257099] evm: security.SMACK64MMAP
Nov  2 13:49:48 ubuntu kernel: [    8.257592] evm: security.apparmor
Nov  2 13:49:48 ubuntu kernel: [    8.258047] evm: security.ima
Nov  2 13:49:48 ubuntu kernel: [    8.258444] evm: security.capability
Nov  2 13:49:48 ubuntu kernel: [    8.258974] evm: HMAC attrs: 0x1
Nov  2 13:49:48 ubuntu kernel: [    8.263535] Freeing unused kernel memory: 7040K
Nov  2 13:49:48 ubuntu kernel: [    8.335573] Checked W+X mappings: passed, no W+X pages found
Nov  2 13:49:48 ubuntu kernel: [    8.336155] Run /init as init process
Nov  2 13:49:48 ubuntu kernel: [    8.336504]   with arguments:
Nov  2 13:49:48 ubuntu kernel: [    8.336506]     /init
Nov  2 13:49:48 ubuntu kernel: [    8.336506]   with environment:
Nov  2 13:49:48 ubuntu kernel: [    8.336507]     HOME=/
Nov  2 13:49:48 ubuntu kernel: [    8.336508]     TERM=linux
Nov  2 13:49:48 ubuntu kernel: [    8.336509]     BOOT_IMAGE=/boot/vmlinuz-5.7.1
Nov  2 13:49:48 ubuntu kernel: [    8.336804] [mitosis-origin] pgd_alloc for mm=ffff00049588ec00 and mm->pgd =ffff0004de499000.
Nov  2 13:49:48 ubuntu kernel: [    8.339088] [mitosis-origin] pgd_free for mm=ffff00049588c400 and pgd =ffff0004957d9000 and mm->pgd=ffff0004957d9000.
Nov  2 13:49:48 ubuntu kernel: [    8.343722] [mitosis-origin] pgd_alloc for mm=ffff00049588c400 and mm->pgd =ffff0004957d4000.
Nov  2 13:49:48 ubuntu kernel: [    8.346276] [mitosis-origin] pgd_alloc for mm=ffff000495888800 and mm->pgd =ffff0004ded00000.
Nov  2 13:49:48 ubuntu kernel: [    8.347187] [mitosis-origin] pgd_free for mm=ffff00049588c400 and pgd =ffff0004957d4000 and mm->pgd=ffff0004957d4000.
Nov  2 13:49:48 ubuntu kernel: [    8.348759] [mitosis-origin] pgd_alloc for mm=ffff000495889800 and mm->pgd =ffff0004957c9000.
Nov  2 13:49:48 ubuntu kernel: [    8.350000] [mitosis-origin] pgd_alloc for mm=ffff00049588c000 and mm->pgd =ffff0004957c5000.
Nov  2 13:49:48 ubuntu kernel: [    8.350887] [mitosis-origin] pgd_free for mm=ffff000495889800 and pgd =ffff0004957c9000 and mm->pgd=ffff0004957c9000.
Nov  2 13:49:48 ubuntu kernel: [    8.352533] [mitosis-origin] pgd_alloc for mm=ffff000495889000 and mm->pgd =ffff00049579e000.
Nov  2 13:49:48 ubuntu kernel: [    8.353521] [mitosis-origin] pgd_free for mm=ffff00049588c000 and pgd =ffff0004957c5000 and mm->pgd=ffff0004957c5000.
Nov  2 13:49:48 ubuntu kernel: [    8.354925] [mitosis-origin] pgd_alloc for mm=ffff000495252800 and mm->pgd =ffff0004951f2000.
Nov  2 13:49:48 ubuntu kernel: [    8.356045] [mitosis-origin] pgd_free for mm=ffff000495889000 and pgd =ffff00049579e000 and mm->pgd=ffff00049579e000.
Nov  2 13:49:48 ubuntu kernel: [    8.358284] [mitosis-origin] pgd_alloc for mm=ffff00049588a400 and mm->pgd =ffff0004dece2000.
Nov  2 13:49:48 ubuntu kernel: [    8.359767] [mitosis-origin] pgd_free for mm=ffff000495252800 and pgd =ffff0004951f2000 and mm->pgd=ffff0004951f2000.
Nov  2 13:49:48 ubuntu kernel: [    8.361149] [mitosis-origin] pgd_alloc for mm=ffff000495252800 and mm->pgd =ffff0004957a0000.
Nov  2 13:49:48 ubuntu kernel: [    8.362295] [mitosis-origin] pgd_free for mm=ffff00049588a400 and pgd =ffff0004dece2000 and mm->pgd=ffff0004dece2000.
Nov  2 13:49:48 ubuntu kernel: [    8.364535] [mitosis-origin] pgd_alloc for mm=ffff00049588e000 and mm->pgd =ffff0004957d8000.
Nov  2 13:49:48 ubuntu kernel: [    8.367018] [mitosis-origin] pgd_free for mm=ffff000495252800 and pgd =ffff0004957a0000 and mm->pgd=ffff0004957a0000.
Nov  2 13:49:48 ubuntu kernel: [    8.368480] [mitosis-origin] pgd_alloc for mm=ffff000495252800 and mm->pgd =ffff000495785000.
Nov  2 13:49:48 ubuntu kernel: [    8.369648] [mitosis-origin] pgd_free for mm=ffff00049588e000 and pgd =ffff0004957d8000 and mm->pgd=ffff0004957d8000.
Nov  2 13:49:48 ubuntu kernel: [    8.371463] [mitosis-origin] pgd_free for mm=ffff000495888800 and pgd =ffff0004ded00000 and mm->pgd=ffff0004ded00000.
Nov  2 13:49:48 ubuntu kernel: [    8.373231] [mitosis-origin] pgd_alloc for mm=ffff00049529dc00 and mm->pgd =ffff0004ded00000.
Nov  2 13:49:48 ubuntu kernel: [    8.374598] [mitosis-origin] pgd_alloc for mm=ffff00049588f400 and mm->pgd =ffff0004ded09000.
Nov  2 13:49:48 ubuntu kernel: [    8.376852] [mitosis-origin] pgd_free for mm=ffff00049529dc00 and pgd =ffff0004ded00000 and mm->pgd=ffff0004ded00000.
Nov  2 13:49:48 ubuntu kernel: [    8.380587] [mitosis-origin] pgd_alloc for mm=ffff00049529bc00 and mm->pgd =ffff0004de432000.
Nov  2 13:49:48 ubuntu kernel: [    8.381656] [mitosis-origin] pgd_free for mm=ffff00049588f400 and pgd =ffff0004ded09000 and mm->pgd=ffff0004ded09000.
Nov  2 13:49:48 ubuntu kernel: [    8.383197] [mitosis-origin] pgd_alloc for mm=ffff00049529cc00 and mm->pgd =ffff000495798000.
Nov  2 13:49:48 ubuntu kernel: [    8.384178] [mitosis-origin] pgd_free for mm=ffff00049529bc00 and pgd =ffff0004de432000 and mm->pgd=ffff0004de432000.
Nov  2 13:49:48 ubuntu kernel: [    8.385568] [mitosis-origin] pgd_alloc for mm=ffff00049588f400 and mm->pgd =ffff0004952ad000.
Nov  2 13:49:48 ubuntu kernel: [    8.386608] [mitosis-origin] pgd_free for mm=ffff00049529cc00 and pgd =ffff000495798000 and mm->pgd=ffff000495798000.
Nov  2 13:49:48 ubuntu kernel: [    8.388426] [mitosis-origin] pgd_alloc for mm=ffff00049529d800 and mm->pgd =ffff0004de42e000.
Nov  2 13:49:48 ubuntu kernel: [    8.389593] [mitosis-origin] pgd_free for mm=ffff00049588f400 and pgd =ffff0004952ad000 and mm->pgd=ffff0004952ad000.
Nov  2 13:49:48 ubuntu kernel: [    8.391215] [mitosis-origin] pgd_alloc for mm=ffff00049588f400 and mm->pgd =ffff0004957d4000.
Nov  2 13:49:48 ubuntu kernel: [    8.392478] [mitosis-origin] pgd_free for mm=ffff00049529d800 and pgd =ffff0004de42e000 and mm->pgd=ffff0004de42e000.
Nov  2 13:49:48 ubuntu kernel: [    8.394713] [mitosis-origin] pgd_alloc for mm=ffff000495298400 and mm->pgd =ffff0004debaa000.
Nov  2 13:49:48 ubuntu kernel: [    8.395857] [mitosis-origin] pgd_free for mm=ffff00049588f400 and pgd =ffff0004957d4000 and mm->pgd=ffff0004957d4000.
Nov  2 13:49:48 ubuntu kernel: [    8.399030] [mitosis-origin] pgd_alloc for mm=ffff00049529e800 and mm->pgd =ffff0004deb9a000.
Nov  2 13:49:48 ubuntu kernel: [    8.399949] [mitosis-origin] pgd_free for mm=ffff000495298400 and pgd =ffff0004debaa000 and mm->pgd=ffff0004debaa000.
Nov  2 13:49:48 ubuntu kernel: [    8.401288] [mitosis-origin] pgd_alloc for mm=ffff00049588f400 and mm->pgd =ffff0004debac000.
Nov  2 13:49:48 ubuntu kernel: [    8.402303] [mitosis-origin] pgd_free for mm=ffff00049529e800 and pgd =ffff0004deb9a000 and mm->pgd=ffff0004deb9a000.
Nov  2 13:49:48 ubuntu kernel: [    8.403926] [mitosis-origin] pgd_free for mm=ffff000495032000 and pgd =ffff0004957e9000 and mm->pgd=ffff0004957e9000.
Nov  2 13:49:48 ubuntu kernel: [    8.405870] [mitosis-origin] pgd_alloc for mm=ffff000495032000 and mm->pgd =ffff0004957e9000.
Nov  2 13:49:48 ubuntu kernel: [    8.407110] [mitosis-origin] pgd_free for mm=ffff000495252800 and pgd =ffff000495785000 and mm->pgd=ffff000495785000.
Nov  2 13:49:48 ubuntu kernel: [    8.408635] [mitosis-origin] pgd_alloc for mm=ffff000495252800 and mm->pgd =ffff000495782000.
Nov  2 13:49:48 ubuntu kernel: [    8.409988] [mitosis-origin] pgd_free for mm=ffff000495032000 and pgd =ffff0004957e9000 and mm->pgd=ffff0004957e9000.
Nov  2 13:49:48 ubuntu kernel: [    8.412029] [mitosis-origin] pgd_alloc for mm=ffff000495256400 and mm->pgd =ffff0004ded04000.
Nov  2 13:49:48 ubuntu kernel: [    8.413368] [mitosis-origin] pgd_alloc for mm=ffff000495035400 and mm->pgd =ffff0004957a5000.
Nov  2 13:49:48 ubuntu kernel: [    8.414450] [mitosis-origin] pgd_free for mm=ffff000495256400 and pgd =ffff0004ded04000 and mm->pgd=ffff0004ded04000.
Nov  2 13:49:48 ubuntu kernel: [    8.416186] [mitosis-origin] pgd_free for mm=ffff000495173400 and pgd =ffff0004951cb000 and mm->pgd=ffff0004951cb000.
Nov  2 13:49:48 ubuntu kernel: [    8.417694] [mitosis-origin] pgd_free for mm=ffff000495035400 and pgd =ffff0004957a5000 and mm->pgd=ffff0004957a5000.
Nov  2 13:49:48 ubuntu kernel: [    8.419017] [mitosis-origin] pgd_alloc for mm=ffff000495035400 and mm->pgd =ffff0004957a5000.
Nov  2 13:49:48 ubuntu kernel: [    8.420183] [mitosis-origin] pgd_alloc for mm=ffff000495253400 and mm->pgd =ffff00049521c000.
Nov  2 13:49:48 ubuntu kernel: [    8.421369] [mitosis-origin] pgd_free for mm=ffff000495035400 and pgd =ffff0004957a5000 and mm->pgd=ffff0004957a5000.
Nov  2 13:49:48 ubuntu kernel: [    8.423049] [mitosis-origin] pgd_alloc for mm=ffff000495253000 and mm->pgd =ffff00049579f000.
Nov  2 13:49:48 ubuntu kernel: [    8.424057] [mitosis-origin] pgd_free for mm=ffff000495252800 and pgd =ffff000495782000 and mm->pgd=ffff000495782000.
Nov  2 13:49:48 ubuntu kernel: [    8.425425] [mitosis-origin] pgd_alloc for mm=ffff000495173400 and mm->pgd =ffff0004954cc000.
Nov  2 13:49:48 ubuntu kernel: [    8.426439] [mitosis-origin] pgd_free for mm=ffff000495253000 and pgd =ffff00049579f000 and mm->pgd=ffff00049579f000.
Nov  2 13:49:48 ubuntu kernel: [    8.428360] [mitosis-origin] pgd_free for mm=ffff000495173400 and pgd =ffff0004954cc000 and mm->pgd=ffff0004954cc000.
Nov  2 13:49:48 ubuntu kernel: [    8.429848] [mitosis-origin] pgd_alloc for mm=ffff000495173400 and mm->pgd =ffff0004957c7000.
Nov  2 13:49:48 ubuntu kernel: [    8.430996] [mitosis-origin] pgd_alloc for mm=ffff000495257800 and mm->pgd =ffff000495210000.
Nov  2 13:49:48 ubuntu kernel: [    8.432061] [mitosis-origin] pgd_free for mm=ffff000495173400 and pgd =ffff0004957c7000 and mm->pgd=ffff0004957c7000.
Nov  2 13:49:48 ubuntu kernel: [    8.433908] [mitosis-origin] pgd_alloc for mm=ffff000495253800 and mm->pgd =ffff0004957e8000.
Nov  2 13:49:48 ubuntu kernel: [    8.434972] [mitosis-origin] pgd_free for mm=ffff00049505e400 and pgd =ffff000495645000 and mm->pgd=ffff000495645000.
Nov  2 13:49:48 ubuntu kernel: [    8.436308] [mitosis-origin] pgd_alloc for mm=ffff00049505e400 and mm->pgd =ffff000495645000.
Nov  2 13:49:48 ubuntu kernel: [    8.437450] [mitosis-origin] pgd_free for mm=ffff000495253800 and pgd =ffff0004957e8000 and mm->pgd=ffff0004957e8000.
Nov  2 13:49:48 ubuntu kernel: [    8.439718] [mitosis-origin] pgd_alloc for mm=ffff000495173000 and mm->pgd =ffff0004951cb000.
Nov  2 13:49:48 ubuntu kernel: [    8.440723] [mitosis-origin] pgd_free for mm=ffff000495257800 and pgd =ffff000495210000 and mm->pgd=ffff000495210000.
Nov  2 13:49:48 ubuntu kernel: [    8.441969] [mitosis-origin] pgd_alloc for mm=ffff000495257800 and mm->pgd =ffff0004957bd000.
Nov  2 13:49:48 ubuntu kernel: [    8.443000] [mitosis-origin] pgd_free for mm=ffff000495173000 and pgd =ffff0004951cb000 and mm->pgd=ffff0004951cb000.
Nov  2 13:49:48 ubuntu kernel: [    8.444850] [mitosis-origin] pgd_alloc for mm=ffff000495256c00 and mm->pgd =ffff000495222000.
Nov  2 13:49:48 ubuntu kernel: [    8.445956] [mitosis-origin] pgd_free for mm=ffff00049505e400 and pgd =ffff000495645000 and mm->pgd=ffff000495645000.
Nov  2 13:49:48 ubuntu kernel: [    8.447343] [mitosis-origin] pgd_alloc for mm=ffff00049505e400 and mm->pgd =ffff000495645000.
Nov  2 13:49:48 ubuntu kernel: [    8.448458] [mitosis-origin] pgd_free for mm=ffff000495256c00 and pgd =ffff000495222000 and mm->pgd=ffff000495222000.
Nov  2 13:49:48 ubuntu kernel: [    8.453369] [mitosis-origin] pgd_alloc for mm=ffff00049505a800 and mm->pgd =ffff0004950da000.
Nov  2 13:49:48 ubuntu kernel: [    8.454717] [mitosis-origin] pgd_alloc for mm=ffff00049529fc00 and mm->pgd =ffff0004deb8a000.
Nov  2 13:49:48 ubuntu kernel: [    8.455694] [mitosis-origin] pgd_free for mm=ffff00049505e400 and pgd =ffff000495645000 and mm->pgd=ffff000495645000.
Nov  2 13:49:48 ubuntu kernel: [    8.457010] [mitosis-origin] pgd_alloc for mm=ffff00049505e400 and mm->pgd =ffff000495645000.
Nov  2 13:49:48 ubuntu kernel: [    8.458032] [mitosis-origin] pgd_free for mm=ffff00049529fc00 and pgd =ffff0004deb8a000 and mm->pgd=ffff0004deb8a000.
Nov  2 13:49:48 ubuntu kernel: [    8.493033] [mitosis-origin] pgd_alloc for mm=ffff000495254400 and mm->pgd =ffff0004ded08000.
Nov  2 13:49:48 ubuntu kernel: [    8.494444] [mitosis-origin] pgd_alloc for mm=ffff000495250800 and mm->pgd =ffff0004957a4000.
Nov  2 13:49:48 ubuntu kernel: [    8.495610] [mitosis-origin] pgd_alloc for mm=ffff000495251800 and mm->pgd =ffff00049520e000.
Nov  2 13:49:48 ubuntu kernel: [    8.496692] [mitosis-origin] pgd_alloc for mm=ffff000495254000 and mm->pgd =ffff00049525a000.
Nov  2 13:49:48 ubuntu kernel: [    8.497759] [mitosis-origin] pgd_alloc for mm=ffff000495251000 and mm->pgd =ffff00049525f000.
Nov  2 13:49:48 ubuntu kernel: [    8.498820] [mitosis-origin] pgd_alloc for mm=ffff000495252400 and mm->pgd =ffff000494ce3000.
Nov  2 13:49:48 ubuntu kernel: [    8.499095] [mitosis-origin] pgd_alloc for mm=ffff0004dee86000 and mm->pgd =ffff000495655000.
Nov  2 13:49:48 ubuntu kernel: [    8.499768] [mitosis-origin] pgd_free for mm=ffff00049505e400 and pgd =ffff000495645000 and mm->pgd=ffff000495645000.
Nov  2 13:49:48 ubuntu kernel: [    8.499880] [mitosis-origin] pgd_alloc for mm=ffff000495256000 and mm->pgd =ffff000494cf6000.
Nov  2 13:49:48 ubuntu kernel: [    8.500071] [mitosis-origin] pgd_free for mm=ffff00049507f800 and pgd =ffff0004deee4000 and mm->pgd=ffff0004deee4000.
Nov  2 13:49:48 ubuntu kernel: [    8.500145] [mitosis-origin] pgd_alloc for mm=ffff000495257400 and mm->pgd =ffff000494d08000.
Nov  2 13:49:48 ubuntu kernel: [    8.500680] [mitosis-origin] pgd_alloc for mm=ffff000495177800 and mm->pgd =ffff0004951c8000.
Nov  2 13:49:48 ubuntu kernel: [    8.500862] [mitosis-origin] pgd_alloc for mm=ffff000495254800 and mm->pgd =ffff000494d1b000.
Nov  2 13:49:48 ubuntu kernel: [    8.501038] [mitosis-origin] pgd_free for mm=ffff000495253400 and pgd =ffff00049521c000 and mm->pgd=ffff00049521c000.
Nov  2 13:49:48 ubuntu kernel: [    8.502319] [mitosis-origin] pgd_alloc for mm=ffff000495252c00 and mm->pgd =ffff000494d57000.
Nov  2 13:49:48 ubuntu kernel: [    8.502465] [mitosis-origin] pgd_free for mm=ffff0004dee86000 and pgd =ffff000495655000 and mm->pgd=ffff000495655000.
Nov  2 13:49:48 ubuntu kernel: [    8.503651] [mitosis-origin] pgd_alloc for mm=ffff000495255c00 and mm->pgd =ffff000494d69000.
Nov  2 13:49:48 ubuntu kernel: [    8.509793] [mitosis-origin] pgd_alloc for mm=ffff000495253c00 and mm->pgd =ffff000494d7b000.
Nov  2 13:49:48 ubuntu kernel: [    8.510825] [mitosis-origin] pgd_alloc for mm=ffff000495254c00 and mm->pgd =ffff000494de2000.
Nov  2 13:49:48 ubuntu kernel: [    8.511970] [mitosis-origin] pgd_alloc for mm=ffff000495255800 and mm->pgd =ffff000494df3000.
Nov  2 13:49:48 ubuntu kernel: [    8.549422] [mitosis-origin] pgd_alloc for mm=ffff000495250400 and mm->pgd =ffff000494c05000.
Nov  2 13:49:48 ubuntu kernel: [    8.550434] [mitosis-origin] pgd_free for mm=ffff000495252c00 and pgd =ffff000494d57000 and mm->pgd=ffff000494d57000.
Nov  2 13:49:48 ubuntu kernel: [    8.550791] [mitosis-origin] pgd_alloc for mm=ffff000495256800 and mm->pgd =ffff000494c16000.
Nov  2 13:49:48 ubuntu kernel: [    8.552536] [mitosis-origin] pgd_free for mm=ffff000495253c00 and pgd =ffff000494d7b000 and mm->pgd=ffff000494d7b000.
Nov  2 13:49:48 ubuntu kernel: [    8.552598] [mitosis-origin] pgd_alloc for mm=ffff000495257c00 and mm->pgd =ffff0004953db000.
Nov  2 13:49:48 ubuntu kernel: [    8.554260] [mitosis-origin] pgd_alloc for mm=ffff0004dee87400 and mm->pgd =ffff000494d7b000.
Nov  2 13:49:48 ubuntu kernel: [    8.554592] [mitosis-origin] pgd_free for mm=ffff000495177800 and pgd =ffff0004951c8000 and mm->pgd=ffff0004951c8000.
Nov  2 13:49:48 ubuntu kernel: [    8.555003] [mitosis-origin] pgd_free for mm=ffff000495255c00 and pgd =ffff000494d69000 and mm->pgd=ffff000494d69000.
Nov  2 13:49:48 ubuntu kernel: [    8.555237] [mitosis-origin] pgd_alloc for mm=ffff000495257000 and mm->pgd =ffff0004953f8000.
Nov  2 13:49:48 ubuntu kernel: [    8.555347] [mitosis-origin] pgd_free for mm=ffff000495254800 and pgd =ffff000494d1b000 and mm->pgd=ffff000494d1b000.
Nov  2 13:49:48 ubuntu kernel: [    8.555503] [mitosis-origin] pgd_alloc for mm=ffff000494f77400 and mm->pgd =ffff000494d69000.
Nov  2 13:49:48 ubuntu kernel: [    8.555518] [mitosis-origin] pgd_alloc for mm=ffff000495250000 and mm->pgd =ffff000494c85000.
Nov  2 13:49:48 ubuntu kernel: [    8.555594] [mitosis-origin] pgd_free for mm=ffff0004dee87400 and pgd =ffff000494d7b000 and mm->pgd=ffff000494d7b000.
Nov  2 13:49:48 ubuntu kernel: [    8.555795] [mitosis-origin] pgd_alloc for mm=ffff000495251c00 and mm->pgd =ffff000494f7a000.
Nov  2 13:49:48 ubuntu kernel: [    8.555914] [mitosis-origin] pgd_free for mm=ffff000495252400 and pgd =ffff000494ce3000 and mm->pgd=ffff000494ce3000.
Nov  2 13:49:48 ubuntu kernel: [    8.556066] [mitosis-origin] pgd_alloc for mm=ffff000495255000 and mm->pgd =ffff000494f8c000.
Nov  2 13:49:48 ubuntu kernel: [    8.556423] [mitosis-origin] pgd_alloc for mm=ffff000495251400 and mm->pgd =ffff000494f9e000.
Nov  2 13:49:48 ubuntu kernel: [    8.566072] [mitosis-origin] pgd_alloc for mm=ffff000495255400 and mm->pgd =ffff000494fb0000.
Nov  2 13:49:48 ubuntu kernel: [    8.567512] [mitosis-origin] pgd_free for mm=ffff000495254400 and pgd =ffff0004ded08000 and mm->pgd=ffff0004ded08000.
Nov  2 13:49:48 ubuntu kernel: [    8.567606] [mitosis-origin] pgd_free for mm=ffff000495251000 and pgd =ffff00049525f000 and mm->pgd=ffff00049525f000.
Nov  2 13:49:48 ubuntu kernel: [    8.570786] [mitosis-origin] pgd_alloc for mm=ffff000495252000 and mm->pgd =ffff00049504b000.
Nov  2 13:49:48 ubuntu kernel: [    8.574277] [mitosis-origin] pgd_alloc for mm=ffff000495250c00 and mm->pgd =ffff000494eb0000.
Nov  2 13:49:48 ubuntu kernel: [    8.576972] [mitosis-origin] pgd_free for mm=ffff000495257400 and pgd =ffff000494d08000 and mm->pgd=ffff000494d08000.
Nov  2 13:49:48 ubuntu kernel: [    8.580048] scsi host0: Virtio SCSI HBA
Nov  2 13:49:48 ubuntu kernel: [    8.580142] [mitosis-origin] pgd_free for mm=ffff000495251800 and pgd =ffff00049520e000 and mm->pgd=ffff00049520e000.
Nov  2 13:49:48 ubuntu kernel: [    8.581610] [mitosis-origin] pgd_free for mm=ffff000495254000 and pgd =ffff00049525a000 and mm->pgd=ffff00049525a000.
Nov  2 13:49:48 ubuntu kernel: [    8.581672] [mitosis-origin] pgd_free for mm=ffff000495254c00 and pgd =ffff000494de2000 and mm->pgd=ffff000494de2000.
Nov  2 13:49:48 ubuntu kernel: [    8.581720] [mitosis-origin] pgd_alloc for mm=ffff000495254c00 and mm->pgd =ffff000495396000.
Nov  2 13:49:48 ubuntu kernel: [    8.582075] scsi 0:0:0:0: Direct-Access     QEMU     QEMU HARDDISK    2.5+ PQ: 0 ANSI: 5
Nov  2 13:49:48 ubuntu kernel: [    8.582243] [mitosis-origin] pgd_alloc for mm=ffff000495257400 and mm->pgd =ffff0004953a1000.
Nov  2 13:49:48 ubuntu kernel: [    8.582657] scsi 0:0:0:1: CD-ROM            QEMU     QEMU CD-ROM      2.5+ PQ: 0 ANSI: 5
Nov  2 13:49:48 ubuntu kernel: [    8.582709] [mitosis-origin] pgd_alloc for mm=ffff000495251000 and mm->pgd =ffff000494c6f000.
Nov  2 13:49:48 ubuntu kernel: [    8.582899] [mitosis-origin] pgd_free for mm=ffff000495256000 and pgd =ffff000494cf6000 and mm->pgd=ffff000494cf6000.
Nov  2 13:49:48 ubuntu kernel: [    8.583230] [mitosis-origin] pgd_alloc for mm=ffff000495254400 and mm->pgd =ffff0004953bb000.
Nov  2 13:49:48 ubuntu kernel: [    8.583695] [mitosis-origin] pgd_alloc for mm=ffff000495254800 and mm->pgd =ffff000494ef2000.
Nov  2 13:49:48 ubuntu kernel: [    8.584149] [mitosis-origin] pgd_alloc for mm=ffff000495252400 and mm->pgd =ffff00049450c000.
Nov  2 13:49:48 ubuntu kernel: [    8.585506] [mitosis-origin] pgd_free for mm=ffff000495122800 and pgd =ffff0004defbf000 and mm->pgd=ffff0004defbf000.
Nov  2 13:49:48 ubuntu kernel: [    8.585701] [mitosis-origin] pgd_alloc for mm=ffff0004954a7c00 and mm->pgd =ffff0004debf1000.
Nov  2 13:49:48 ubuntu kernel: [    8.585765] [mitosis-origin] pgd_free for mm=ffff0004954a6800 and pgd =ffff0004950ae000 and mm->pgd=ffff0004950ae000.
Nov  2 13:49:48 ubuntu kernel: [    8.586919] [mitosis-origin] pgd_alloc for mm=ffff000495255c00 and mm->pgd =ffff000494519000.
Nov  2 13:49:48 ubuntu kernel: [    8.587313] [mitosis-origin] pgd_free for mm=ffff0004954a7c00 and pgd =ffff0004debf1000 and mm->pgd=ffff0004debf1000.
Nov  2 13:49:48 ubuntu kernel: [    8.590076] [mitosis-origin] pgd_alloc for mm=ffff000495513c00 and mm->pgd =ffff0004dfb5b000.
Nov  2 13:49:48 ubuntu kernel: [    8.591209] [mitosis-origin] pgd_alloc for mm=ffff000495253c00 and mm->pgd =ffff000494524000.
Nov  2 13:49:48 ubuntu kernel: [    8.592578] [mitosis-origin] pgd_free for mm=ffff000495514c00 and pgd =ffff0004950ba000 and mm->pgd=ffff0004950ba000.
Nov  2 13:49:48 ubuntu kernel: [    8.594394] [mitosis-origin] pgd_alloc for mm=ffff000495252c00 and mm->pgd =ffff00049452f000.
Nov  2 13:49:48 ubuntu kernel: [    8.596040] [mitosis-origin] pgd_alloc for mm=ffff0004dee84800 and mm->pgd =ffff000494d7e000.
Nov  2 13:49:48 ubuntu kernel: [    8.597232] [mitosis-origin] pgd_alloc for mm=ffff000495253400 and mm->pgd =ffff00049453d000.
Nov  2 13:49:48 ubuntu kernel: [    8.599213] [mitosis-origin] pgd_alloc for mm=ffff000495553800 and mm->pgd =ffff0004950b0000.
Nov  2 13:49:48 ubuntu kernel: [    8.600519] [mitosis-origin] pgd_alloc for mm=ffff000495256c00 and mm->pgd =ffff0004df67b000.
