Jul 24 13:10:07 ubuntu systemd[1]: Starting Flush Journal to Persistent Storage...
Jul 24 13:10:07 ubuntu mtp-probe: checking bus 1, device 3: "/sys/devices/pci0000:7a/0000:7a:01.0/usb1/1-1/1-1.1"
Jul 24 13:10:07 ubuntu systemd[1]: Started Load/Save Random Seed.
Jul 24 13:10:07 ubuntu mtp-probe: checking bus 5, device 3: "/sys/devices/pci0000:7a/0000:7a:02.0/usb5/5-1/5-1.2"
Jul 24 13:10:07 ubuntu systemd[1]: Started Set the console keyboard layout.
Jul 24 13:10:07 ubuntu kernel: [    0.000000] Booting Linux on physical CPU 0x0000080000 [0x481fd010]
Jul 24 13:10:07 ubuntu mtp-probe: bus: 1, device: 3 was not an MTP device
Jul 24 13:10:07 ubuntu kernel: [    0.000000] Linux version 5.7.1 (root@ubuntu) (gcc version 5.5.0 20171010 (Ubuntu/Linaro 5.5.0-12ubuntu1), GNU ld (GNU Binutils for Ubuntu) 2.30) #1 SMP Sat Jul 24 11:56:54 CST 2021
Jul 24 13:10:07 ubuntu kernel: [    0.000000] efi: EFI v2.70 by EDK II
Jul 24 13:10:07 ubuntu systemd-modules-load[1484]: Inserted module 'lp'
Jul 24 13:10:07 ubuntu kernel: [    0.000000] efi:  ACPI 2.0=0x2fc50000  SMBIOS 3.0=0x2fbf0000  MEMATTR=0x35e93018  ESRT=0x36117b18  MEMRESERVE=0x2fb93018 
Jul 24 13:10:07 ubuntu mtp-probe: bus: 5, device: 3 was not an MTP device
Jul 24 13:10:07 ubuntu kernel: [    0.000000] esrt: Reserving ESRT space from 0x0000000036117b18 to 0x0000000036117b50.
Jul 24 13:10:07 ubuntu kernel: [    0.000000] cma: Reserved 32 MiB at 0x000000007e000000
Jul 24 13:10:07 ubuntu kernel: [    0.000000] ACPI: Early table checksum verification disabled
Jul 24 13:10:07 ubuntu kernel: [    0.000000] ACPI: RSDP 0x000000002FC50000 000024 (v02 HISI  )
Jul 24 13:10:07 ubuntu systemd-modules-load[1484]: Inserted module 'ppdev'
Jul 24 13:10:07 ubuntu kernel: [    0.000000] ACPI: XSDT 0x000000002FC40000 0000A4 (v01 HISI   HIP08    00000000      01000013)
Jul 24 13:10:07 ubuntu kernel: [    0.000000] ACPI: FACP 0x000000002F790000 000114 (v06 HISI   HIP08    00000000 HISI 20151124)
Jul 24 13:10:07 ubuntu kernel: [    0.000000] ACPI: DSDT 0x000000002F530000 00C441 (v02 HISI   HIP08    00000000 INTL 20181213)
Jul 24 13:10:07 ubuntu kernel: [    0.000000] ACPI: PCCT 0x000000002FC30000 00008A (v01 HISI   HIP08    00000000 HISI 20151124)
Jul 24 13:10:07 ubuntu kernel: [    0.000000] ACPI: SSDT 0x000000002FC20000 00E64A (v02 HISI   HIP07    00000000 INTL 20181213)
Jul 24 13:10:07 ubuntu kernel: [    0.000000] ACPI: BERT 0x000000002FBC0000 000030 (v01 HISI   HIP08    00000000 HISI 20151124)
Jul 24 13:10:07 ubuntu kernel: [    0.000000] ACPI: HEST 0x000000002FBA0000 00058C (v01 HISI   HIP08    00000000 HISI 20151124)
Jul 24 13:10:07 ubuntu kernel: [    0.000000] ACPI: ERST 0x000000002FB60000 000230 (v01 HISI   HIP08    00000000 HISI 20151124)
Jul 24 13:10:07 ubuntu kernel: [    0.000000] ACPI: EINJ 0x000000002FB50000 000170 (v01 HISI   HIP08    00000000 HISI 20151124)
Jul 24 13:10:07 ubuntu kernel: [    0.000000] ACPI: GTDT 0x000000002F590000 00007C (v02 HISI   HIP08    00000000 HISI 20151124)
Jul 24 13:10:07 ubuntu kernel: [    0.000000] ACPI: MCFG 0x000000002F580000 00003C (v01 HISI   HIP08    00000000 HISI 20151124)
Jul 24 13:10:07 ubuntu kernel: [    0.000000] ACPI: SLIT 0x000000002F570000 00003C (v01 HISI   HIP08    00000000 HISI 20151124)
Jul 24 13:10:07 ubuntu kernel: [    0.000000] ACPI: SRAT 0x000000002F560000 0007D0 (v03 HISI   HIP08    00000000 HISI 20151124)
Jul 24 13:10:07 ubuntu kernel: [    0.000000] ACPI: SDEI 0x000000002F550000 000030 (v01 HISI   HIP08    00000000 HISI 20151124)
Jul 24 13:10:07 ubuntu kernel: [    0.000000] ACPI: APIC 0x000000002F540000 001E6C (v04 HISI   HIP08    00000000 HISI 20151124)
Jul 24 13:10:07 ubuntu kernel: [    0.000000] ACPI: IORT 0x000000002F520000 001678 (v00 HISI   HIP08    00000000 INTL 20181213)
Jul 24 13:10:07 ubuntu kernel: [    0.000000] ACPI: PPTT 0x000000002ECE0000 0031B0 (v01 HISI   HIP08    00000000 HISI 20151124)
Jul 24 13:10:07 ubuntu kernel: [    0.000000] ACPI: SPMI 0x000000002ECD0000 000041 (v05 HISI   HIP08    00000000 HISI 20151124)
Jul 24 13:10:07 ubuntu kernel: [    0.000000] ACPI: SRAT: Node 0 PXM 0 [mem 0x2080000000-0x27ffffffff]
Jul 24 13:10:07 ubuntu kernel: [    0.000000] ACPI: SRAT: Node 1 PXM 1 [mem 0x2800000000-0x2fffffffff]
Jul 24 13:10:07 ubuntu kernel: [    0.000000] ACPI: SRAT: Node 0 PXM 0 [mem 0x00000000-0x7fffffff]
Jul 24 13:10:07 ubuntu kernel: [    0.000000] ACPI: SRAT: Node 2 PXM 2 [mem 0x202000000000-0x2027ffffffff]
Jul 24 13:10:07 ubuntu kernel: [    0.000000] ACPI: SRAT: Node 3 PXM 3 [mem 0x202800000000-0x202fffffffff]
Jul 24 13:10:07 ubuntu kernel: [    0.000000] NUMA: NODE_DATA [mem 0x27ffffc300-0x27ffffffff]
Jul 24 13:10:07 ubuntu systemd-modules-load[1484]: Failed to find module 'parport_pc'
Jul 24 13:10:07 ubuntu kernel: [    0.000000] NUMA: NODE_DATA [mem 0x2fffffc300-0x2fffffffff]
Jul 24 13:10:07 ubuntu kernel: [    0.000000] NUMA: NODE_DATA [mem 0x2027ffffc300-0x2027ffffffff]
Jul 24 13:10:07 ubuntu systemd[1]: Activated swap /swapfile.
Jul 24 13:10:07 ubuntu kernel: [    0.000000] NUMA: NODE_DATA [mem 0x202feffff300-0x202ff0002fff]
Jul 24 13:10:07 ubuntu kernel: [    0.000000] Zone ranges:
Jul 24 13:10:07 ubuntu kernel: [    0.000000]   DMA      [mem 0x0000000000000000-0x000000003fffffff]
Jul 24 13:10:07 ubuntu kernel: [    0.000000]   DMA32    [mem 0x0000000040000000-0x00000000ffffffff]
Jul 24 13:10:07 ubuntu kernel: [    0.000000]   Normal   [mem 0x0000000100000000-0x0000202fffffffff]
Jul 24 13:10:07 ubuntu systemd[1]: Reached target Swap.
Jul 24 13:10:07 ubuntu kernel: [    0.000000] Movable zone start for each node
Jul 24 13:10:07 ubuntu systemd-fsck[1947]: fsck.fat 4.1 (2017-01-24)
Jul 24 13:10:07 ubuntu kernel: [    0.000000] Early memory node ranges
Jul 24 13:10:07 ubuntu kernel: [    0.000000]   node   0: [mem 0x0000000000000000-0x000000000000ffff]
Jul 24 13:10:07 ubuntu kernel: [    0.000000]   node   0: [mem 0x0000000000010000-0x000000002e501fff]
Jul 24 13:10:07 ubuntu systemd-fsck[1947]: /dev/sda1: 5 files, 35/65501 clusters
Jul 24 13:10:07 ubuntu kernel: [    0.000000]   node   0: [mem 0x000000002e502000-0x000000002eccffff]
Jul 24 13:10:07 ubuntu systemd-modules-load[1484]: Inserted module 'iscsi_tcp'
Jul 24 13:10:07 ubuntu kernel: [    0.000000]   node   0: [mem 0x000000002ecd0000-0x000000002f59ffff]
Jul 24 13:10:07 ubuntu kernel: [    0.000000]   node   0: [mem 0x000000002f5a0000-0x000000002f78ffff]
Jul 24 13:10:07 ubuntu kernel: [    0.000000]   node   0: [mem 0x000000002f790000-0x000000002f79ffff]
Jul 24 13:10:07 ubuntu kernel: [    0.000000]   node   0: [mem 0x000000002f7a0000-0x000000002f87ffff]
Jul 24 13:10:07 ubuntu systemd[1]: Started LVM2 metadata daemon.
Jul 24 13:10:07 ubuntu kernel: [    0.000000]   node   0: [mem 0x000000002f880000-0x000000002f8bffff]
Jul 24 13:10:07 ubuntu kernel: [    0.000000]   node   0: [mem 0x000000002f8c0000-0x000000002f95ffff]
Jul 24 13:10:07 ubuntu systemd-modules-load[1484]: Inserted module 'ib_iser'
Jul 24 13:10:07 ubuntu kernel: [    0.000000]   node   0: [mem 0x000000002f960000-0x000000002f97ffff]
Jul 24 13:10:07 ubuntu kernel: [    0.000000]   node   0: [mem 0x000000002f980000-0x000000002fabffff]
Jul 24 13:10:07 ubuntu kernel: [    0.000000]   node   0: [mem 0x000000002fac0000-0x000000002fb6ffff]
Jul 24 13:10:07 ubuntu systemd[1]: systemd-modules-load.service: Main process exited, code=exited, status=1/FAILURE
Jul 24 13:10:07 ubuntu kernel: [    0.000000]   node   0: [mem 0x000000002fb70000-0x000000002fb71fff]
Jul 24 13:10:07 ubuntu kernel: [    0.000000]   node   0: [mem 0x000000002fb72000-0x000000002fb7ffff]
Jul 24 13:10:07 ubuntu kernel: [    0.000000]   node   0: [mem 0x000000002fb80000-0x000000002fb80fff]
Jul 24 13:10:07 ubuntu kernel: [    0.000000]   node   0: [mem 0x000000002fb81000-0x000000002fb8ffff]
Jul 24 13:10:07 ubuntu systemd[1]: systemd-modules-load.service: Failed with result 'exit-code'.
Jul 24 13:10:07 ubuntu kernel: [    0.000000]   node   0: [mem 0x000000002fb90000-0x000000002fb91fff]
Jul 24 13:10:07 ubuntu kernel: [    0.000000]   node   0: [mem 0x000000002fb92000-0x000000002fbaffff]
Jul 24 13:10:07 ubuntu systemd[1]: Failed to start Load Kernel Modules.
Jul 24 13:10:07 ubuntu kernel: [    0.000000]   node   0: [mem 0x000000002fbb0000-0x000000002fbb1fff]
Jul 24 13:10:07 ubuntu kernel: [    0.000000]   node   0: [mem 0x000000002fbb2000-0x000000002fbcffff]
Jul 24 13:10:07 ubuntu kernel: [    0.000000]   node   0: [mem 0x000000002fbd0000-0x000000002fbd0fff]
Jul 24 13:10:07 ubuntu systemd[1]: Mounting Kernel Configuration File System...
Jul 24 13:10:07 ubuntu kernel: [    0.000000]   node   0: [mem 0x000000002fbd1000-0x000000002fbdffff]
Jul 24 13:10:07 ubuntu systemd[1]: Starting Apply Kernel Variables...
Jul 24 13:10:07 ubuntu kernel: [    0.000000]   node   0: [mem 0x000000002fbe0000-0x000000002fbfffff]
Jul 24 13:10:07 ubuntu kernel: [    0.000000]   node   0: [mem 0x000000002fc00000-0x000000002fc5ffff]
Jul 24 13:10:07 ubuntu systemd[1]: Mounting FUSE Control File System...
Jul 24 13:10:07 ubuntu kernel: [    0.000000]   node   0: [mem 0x000000002fc60000-0x000000002fe5ffff]
Jul 24 13:10:07 ubuntu kernel: [    0.000000]   node   0: [mem 0x000000002fe60000-0x000000002fe60fff]
Jul 24 13:10:07 ubuntu kernel: [    0.000000]   node   0: [mem 0x000000002fe61000-0x000000002fe64fff]
Jul 24 13:10:07 ubuntu systemd[1]: Mounted Kernel Configuration File System.
Jul 24 13:10:07 ubuntu kernel: [    0.000000]   node   0: [mem 0x000000002fe65000-0x000000002fe6afff]
Jul 24 13:10:07 ubuntu kernel: [    0.000000]   node   0: [mem 0x000000002fe6b000-0x000000002fe6bfff]
Jul 24 13:10:07 ubuntu systemd[1]: Mounted FUSE Control File System.
Jul 24 13:10:07 ubuntu kernel: [    0.000000]   node   0: [mem 0x000000002fe6c000-0x000000003f02ffff]
Jul 24 13:10:07 ubuntu kernel: [    0.000000]   node   0: [mem 0x000000003f030000-0x000000003f05ffff]
Jul 24 13:10:07 ubuntu kernel: [    0.000000]   node   0: [mem 0x000000003f060000-0x000000003fbfffff]
Jul 24 13:10:07 ubuntu systemd[1]: Started Create Static Device Nodes in /dev.
Jul 24 13:10:07 ubuntu kernel: [    0.000000]   node   0: [mem 0x0000000040000000-0x0000000043ffffff]
Jul 24 13:10:07 ubuntu kernel: [    0.000000]   node   0: [mem 0x0000000044030000-0x000000004fffffff]
Jul 24 13:10:07 ubuntu kernel: [    0.000000]   node   0: [mem 0x0000000050000000-0x000000007fffffff]
Jul 24 13:10:07 ubuntu systemd[1]: Starting udev Kernel Device Manager...
Jul 24 13:10:07 ubuntu kernel: [    0.000000]   node   0: [mem 0x0000002080000000-0x00000027ffffffff]
Jul 24 13:10:07 ubuntu systemd[1]: Started Monitoring of LVM2 mirrors, snapshots etc. using dmeventd or progress polling.
Jul 24 13:10:07 ubuntu kernel: [    0.000000]   node   1: [mem 0x0000002800000000-0x0000002fffffffff]
Jul 24 13:10:07 ubuntu kernel: [    0.000000]   node   2: [mem 0x0000202000000000-0x00002027ffffffff]
Jul 24 13:10:07 ubuntu kernel: [    0.000000]   node   3: [mem 0x0000202800000000-0x0000202fffffffff]
Jul 24 13:10:07 ubuntu systemd[1]: Reached target Local File Systems (Pre).
Jul 24 13:10:07 ubuntu kernel: [    0.000000] Zeroed struct page in unavailable ranges: 814 pages
Jul 24 13:10:07 ubuntu kernel: [    0.000000] Initmem setup node 0 [mem 0x0000000000000000-0x00000027ffffffff]
Jul 24 13:10:07 ubuntu kernel: [    0.000000] On node 0 totalpages: 8387536
Jul 24 13:10:07 ubuntu systemd[1]: Started Apply Kernel Variables.
Jul 24 13:10:07 ubuntu kernel: [    0.000000]   DMA zone: 5120 pages used for memmap
Jul 24 13:10:07 ubuntu kernel: [    0.000000]   DMA zone: 0 pages reserved
Jul 24 13:10:07 ubuntu kernel: [    0.000000]   DMA zone: 261120 pages, LIFO batch:63
Jul 24 13:10:07 ubuntu kernel: [    0.000000]   DMA32 zone: 5120 pages used for memmap
Jul 24 13:10:07 ubuntu kernel: [    0.000000]   DMA32 zone: 262096 pages, LIFO batch:63
Jul 24 13:10:07 ubuntu kernel: [    0.000000]   Normal zone: 153600 pages used for memmap
Jul 24 13:10:07 ubuntu systemd[1]: Started udev Kernel Device Manager.
Jul 24 13:10:07 ubuntu kernel: [    0.000000]   Normal zone: 7864320 pages, LIFO batch:63
Jul 24 13:10:07 ubuntu kernel: [    0.000000] Initmem setup node 1 [mem 0x0000002800000000-0x0000002fffffffff]
Jul 24 13:10:07 ubuntu kernel: [    0.000000] On node 1 totalpages: 8388608
Jul 24 13:10:07 ubuntu systemd[1]: Started Dispatch Password Requests to Console Directory Watch.
Jul 24 13:10:07 ubuntu kernel: [    0.000000]   Normal zone: 163840 pages used for memmap
Jul 24 13:10:07 ubuntu kernel: [    0.000000]   Normal zone: 8388608 pages, LIFO batch:63
Jul 24 13:10:07 ubuntu kernel: [    0.000000] Initmem setup node 2 [mem 0x0000202000000000-0x00002027ffffffff]
Jul 24 13:10:07 ubuntu kernel: [    0.000000] On node 2 totalpages: 8388608
Jul 24 13:10:07 ubuntu systemd[1]: Reached target Local Encrypted Volumes.
Jul 24 13:10:07 ubuntu kernel: [    0.000000]   Normal zone: 163840 pages used for memmap
Jul 24 13:10:07 ubuntu kernel: [    0.000000]   Normal zone: 8388608 pages, LIFO batch:63
Jul 24 13:10:07 ubuntu kernel: [    0.000000] Initmem setup node 3 [mem 0x0000202800000000-0x0000202fffffffff]
Jul 24 13:10:07 ubuntu kernel: [    0.000000] On node 3 totalpages: 8388608
Jul 24 13:10:07 ubuntu kernel: [    0.000000]   Normal zone: 163840 pages used for memmap
Jul 24 13:10:07 ubuntu systemd-udevd[1665]: link_config: autonegotiation is unset or enabled, the speed and duplex are not writable.
Jul 24 13:10:07 ubuntu kernel: [    0.000000]   Normal zone: 8388608 pages, LIFO batch:63
Jul 24 13:10:07 ubuntu kernel: [    0.000000] psci: probing for conduit method from ACPI.
Jul 24 13:10:07 ubuntu kernel: [    0.000000] psci: PSCIv1.1 detected in firmware.
Jul 24 13:10:07 ubuntu kernel: [    0.000000] psci: Using standard PSCI v0.2 function IDs
Jul 24 13:10:07 ubuntu systemd-udevd[1608]: link_config: autonegotiation is unset or enabled, the speed and duplex are not writable.
Jul 24 13:10:07 ubuntu kernel: [    0.000000] psci: MIGRATE_INFO_TYPE not supported.
Jul 24 13:10:07 ubuntu kernel: [    0.000000] psci: SMC Calling Convention v1.1
Jul 24 13:10:07 ubuntu systemd-udevd[1629]: link_config: autonegotiation is unset or enabled, the speed and duplex are not writable.
Jul 24 13:10:07 ubuntu systemd-udevd[1557]: link_config: autonegotiation is unset or enabled, the speed and duplex are not writable.
Jul 24 13:10:07 ubuntu systemd-udevd[1660]: link_config: autonegotiation is unset or enabled, the speed and duplex are not writable.
Jul 24 13:10:07 ubuntu systemd[1]: Listening on Load/Save RF Kill Switch Status /dev/rfkill Watch.
Jul 24 13:10:07 ubuntu systemd[1]: Found device HW-SAS3508 EFI\x20System\x20Partition.
Jul 24 13:10:07 ubuntu systemd[1]: Starting File System Check on /dev/disk/by-uuid/71BE-99A8...
Jul 24 13:10:07 ubuntu systemd[1]: Started File System Check Daemon to report status.
Jul 24 13:10:07 ubuntu systemd[1]: Started File System Check on /dev/disk/by-uuid/71BE-99A8.
Jul 24 13:10:07 ubuntu systemd[1]: Mounting /boot/efi...
Jul 24 13:10:07 ubuntu systemd[1]: Started Flush Journal to Persistent Storage.
Jul 24 13:10:07 ubuntu systemd[1]: Mounted /boot/efi.
Jul 24 13:10:07 ubuntu kernel: [    0.000000] ACPI: NUMA: SRAT: PXM 0 -> MPIDR 0x80000 -> Node 0
Jul 24 13:10:07 ubuntu kernel: [    0.000000] ACPI: NUMA: SRAT: PXM 0 -> MPIDR 0x80100 -> Node 0
Jul 24 13:10:07 ubuntu systemd[1]: Reached target Local File Systems.
Jul 24 13:10:07 ubuntu kernel: [    0.000000] ACPI: NUMA: SRAT: PXM 0 -> MPIDR 0x80200 -> Node 0
Jul 24 13:10:07 ubuntu kernel: [    0.000000] ACPI: NUMA: SRAT: PXM 0 -> MPIDR 0x80300 -> Node 0
Jul 24 13:10:07 ubuntu kernel: [    0.000000] ACPI: NUMA: SRAT: PXM 0 -> MPIDR 0x90000 -> Node 0
Jul 24 13:10:07 ubuntu systemd[1]: Starting ebtables ruleset management...
Jul 24 13:10:07 ubuntu kernel: [    0.000000] ACPI: NUMA: SRAT: PXM 0 -> MPIDR 0x90100 -> Node 0
Jul 24 13:10:07 ubuntu kernel: [    0.000000] ACPI: NUMA: SRAT: PXM 0 -> MPIDR 0x90200 -> Node 0
Jul 24 13:10:07 ubuntu kernel: [    0.000000] ACPI: NUMA: SRAT: PXM 0 -> MPIDR 0x90300 -> Node 0
Jul 24 13:10:07 ubuntu kernel: [    0.000000] ACPI: NUMA: SRAT: PXM 0 -> MPIDR 0xa0000 -> Node 0
Jul 24 13:10:07 ubuntu systemd[1]: Starting Enable support for additional executable binary formats...
Jul 24 13:10:07 ubuntu kernel: [    0.000000] ACPI: NUMA: SRAT: PXM 0 -> MPIDR 0xa0100 -> Node 0
Jul 24 13:10:07 ubuntu kernel: [    0.000000] ACPI: NUMA: SRAT: PXM 0 -> MPIDR 0xa0200 -> Node 0
Jul 24 13:10:07 ubuntu kernel: [    0.000000] ACPI: NUMA: SRAT: PXM 0 -> MPIDR 0xa0300 -> Node 0
Jul 24 13:10:07 ubuntu systemd[1]: Starting QEMU KVM preparation - module, ksm, hugepages...
Jul 24 13:10:07 ubuntu kernel: [    0.000000] ACPI: NUMA: SRAT: PXM 0 -> MPIDR 0xb0000 -> Node 0
Jul 24 13:10:07 ubuntu systemd[1]: Starting Tell Plymouth To Write Out Runtime Data...
Jul 24 13:10:07 ubuntu kernel: [    0.000000] ACPI: NUMA: SRAT: PXM 0 -> MPIDR 0xb0100 -> Node 0
Jul 24 13:10:07 ubuntu kernel: [    0.000000] ACPI: NUMA: SRAT: PXM 0 -> MPIDR 0xb0200 -> Node 0
Jul 24 13:10:07 ubuntu systemd[1]: Starting Set console font and keymap...
Jul 24 13:10:07 ubuntu kernel: [    0.000000] ACPI: NUMA: SRAT: PXM 0 -> MPIDR 0xb0300 -> Node 0
Jul 24 13:10:07 ubuntu kernel: [    0.000000] ACPI: NUMA: SRAT: PXM 0 -> MPIDR 0xc0000 -> Node 0
Jul 24 13:10:07 ubuntu kernel: [    0.000000] ACPI: NUMA: SRAT: PXM 0 -> MPIDR 0xc0100 -> Node 0
Jul 24 13:10:07 ubuntu kernel: [    0.000000] ACPI: NUMA: SRAT: PXM 0 -> MPIDR 0xc0200 -> Node 0
Jul 24 13:10:07 ubuntu systemd[1]: Starting Clean up any mess left by 0dns-up...
Jul 24 13:10:07 ubuntu kernel: [    0.000000] ACPI: NUMA: SRAT: PXM 0 -> MPIDR 0xc0300 -> Node 0
Jul 24 13:10:07 ubuntu kernel: [    0.000000] ACPI: NUMA: SRAT: PXM 0 -> MPIDR 0xd0000 -> Node 0
Jul 24 13:10:07 ubuntu kernel: [    0.000000] ACPI: NUMA: SRAT: PXM 0 -> MPIDR 0xd0100 -> Node 0
Jul 24 13:10:07 ubuntu systemd[1]: Starting AppArmor initialization...
Jul 24 13:10:07 ubuntu kernel: [    0.000000] ACPI: NUMA: SRAT: PXM 0 -> MPIDR 0xd0200 -> Node 0
Jul 24 13:10:07 ubuntu kernel: [    0.000000] ACPI: NUMA: SRAT: PXM 0 -> MPIDR 0xd0300 -> Node 0
Jul 24 13:10:07 ubuntu kernel: [    0.000000] ACPI: NUMA: SRAT: PXM 1 -> MPIDR 0x180000 -> Node 1
Jul 24 13:10:07 ubuntu kernel: [    0.000000] ACPI: NUMA: SRAT: PXM 1 -> MPIDR 0x180100 -> Node 1
Jul 24 13:10:07 ubuntu kernel: [    0.000000] ACPI: NUMA: SRAT: PXM 1 -> MPIDR 0x180200 -> Node 1
Jul 24 13:10:07 ubuntu systemd[1]: Starting Create Volatile Files and Directories...
Jul 24 13:10:07 ubuntu kernel: [    0.000000] ACPI: NUMA: SRAT: PXM 1 -> MPIDR 0x180300 -> Node 1
Jul 24 13:10:07 ubuntu systemd[1]: Started QEMU KVM preparation - module, ksm, hugepages.
Jul 24 13:10:07 ubuntu kernel: [    0.000000] ACPI: NUMA: SRAT: PXM 1 -> MPIDR 0x190000 -> Node 1
Jul 24 13:10:07 ubuntu systemd[1]: Started Set console font and keymap.
Jul 24 13:10:07 ubuntu kernel: [    0.000000] ACPI: NUMA: SRAT: PXM 1 -> MPIDR 0x190100 -> Node 1
Jul 24 13:10:07 ubuntu kernel: [    0.000000] ACPI: NUMA: SRAT: PXM 1 -> MPIDR 0x190200 -> Node 1
Jul 24 13:10:07 ubuntu systemd[1]: proc-sys-fs-binfmt_misc.automount: Got automount request for /proc/sys/fs/binfmt_misc, triggered by 1994 (update-binfmts)
Jul 24 13:10:07 ubuntu kernel: [    0.000000] ACPI: NUMA: SRAT: PXM 1 -> MPIDR 0x190300 -> Node 1
Jul 24 13:10:07 ubuntu kernel: [    0.000000] ACPI: NUMA: SRAT: PXM 1 -> MPIDR 0x1a0000 -> Node 1
Jul 24 13:10:07 ubuntu kernel: [    0.000000] ACPI: NUMA: SRAT: PXM 1 -> MPIDR 0x1a0100 -> Node 1
Jul 24 13:10:07 ubuntu kernel: [    0.000000] ACPI: NUMA: SRAT: PXM 1 -> MPIDR 0x1a0200 -> Node 1
Jul 24 13:10:07 ubuntu systemd[1]: Mounting Arbitrary Executable File Formats File System...
Jul 24 13:10:07 ubuntu kernel: [    0.000000] ACPI: NUMA: SRAT: PXM 1 -> MPIDR 0x1a0300 -> Node 1
Jul 24 13:10:07 ubuntu systemd[1]: Started Tell Plymouth To Write Out Runtime Data.
Jul 24 13:10:07 ubuntu kernel: [    0.000000] ACPI: NUMA: SRAT: PXM 1 -> MPIDR 0x1b0000 -> Node 1
Jul 24 13:10:07 ubuntu kernel: [    0.000000] ACPI: NUMA: SRAT: PXM 1 -> MPIDR 0x1b0100 -> Node 1
Jul 24 13:10:07 ubuntu kernel: [    0.000000] ACPI: NUMA: SRAT: PXM 1 -> MPIDR 0x1b0200 -> Node 1
Jul 24 13:10:07 ubuntu kernel: [    0.000000] ACPI: NUMA: SRAT: PXM 1 -> MPIDR 0x1b0300 -> Node 1
Jul 24 13:10:07 ubuntu kernel: [    0.000000] ACPI: NUMA: SRAT: PXM 1 -> MPIDR 0x1c0000 -> Node 1
Jul 24 13:10:07 ubuntu kernel: [    0.000000] ACPI: NUMA: SRAT: PXM 1 -> MPIDR 0x1c0100 -> Node 1
Jul 24 13:10:07 ubuntu systemd[1]: Mounted Arbitrary Executable File Formats File System.
Jul 24 13:10:07 ubuntu kernel: [    0.000000] ACPI: NUMA: SRAT: PXM 1 -> MPIDR 0x1c0200 -> Node 1
Jul 24 13:10:07 ubuntu kernel: [    0.000000] ACPI: NUMA: SRAT: PXM 1 -> MPIDR 0x1c0300 -> Node 1
Jul 24 13:10:07 ubuntu kernel: [    0.000000] ACPI: NUMA: SRAT: PXM 1 -> MPIDR 0x1d0000 -> Node 1
Jul 24 13:10:07 ubuntu systemd[1]: Started Enable support for additional executable binary formats.
Jul 24 13:10:07 ubuntu kernel: [    0.000000] ACPI: NUMA: SRAT: PXM 1 -> MPIDR 0x1d0100 -> Node 1
Jul 24 13:10:07 ubuntu kernel: [    0.000000] ACPI: NUMA: SRAT: PXM 1 -> MPIDR 0x1d0200 -> Node 1
Jul 24 13:10:07 ubuntu kernel: [    0.000000] ACPI: NUMA: SRAT: PXM 1 -> MPIDR 0x1d0300 -> Node 1
Jul 24 13:10:07 ubuntu systemd[1]: Started ebtables ruleset management.
Jul 24 13:10:07 ubuntu kernel: [    0.000000] ACPI: NUMA: SRAT: PXM 2 -> MPIDR 0x280000 -> Node 2
Jul 24 13:10:07 ubuntu kernel: [    0.000000] ACPI: NUMA: SRAT: PXM 2 -> MPIDR 0x280100 -> Node 2
Jul 24 13:10:07 ubuntu kernel: [    0.000000] ACPI: NUMA: SRAT: PXM 2 -> MPIDR 0x280200 -> Node 2
Jul 24 13:10:07 ubuntu systemd[1]: Reached target Network (Pre).
Jul 24 13:10:07 ubuntu kernel: [    0.000000] ACPI: NUMA: SRAT: PXM 2 -> MPIDR 0x280300 -> Node 2
Jul 24 13:10:07 ubuntu kernel: [    0.000000] ACPI: NUMA: SRAT: PXM 2 -> MPIDR 0x290000 -> Node 2
Jul 24 13:10:07 ubuntu kernel: [    0.000000] ACPI: NUMA: SRAT: PXM 2 -> MPIDR 0x290100 -> Node 2
Jul 24 13:10:07 ubuntu kernel: [    0.000000] ACPI: NUMA: SRAT: PXM 2 -> MPIDR 0x290200 -> Node 2
Jul 24 13:10:07 ubuntu apparmor[1999]:  * Starting AppArmor profiles
Jul 24 13:10:07 ubuntu kernel: [    0.000000] ACPI: NUMA: SRAT: PXM 2 -> MPIDR 0x290300 -> Node 2
Jul 24 13:10:07 ubuntu kernel: [    0.000000] ACPI: NUMA: SRAT: PXM 2 -> MPIDR 0x2a0000 -> Node 2
Jul 24 13:10:07 ubuntu systemd[1]: Started Create Volatile Files and Directories.
Jul 24 13:10:07 ubuntu kernel: [    0.000000] ACPI: NUMA: SRAT: PXM 2 -> MPIDR 0x2a0100 -> Node 2
Jul 24 13:10:07 ubuntu kernel: [    0.000000] ACPI: NUMA: SRAT: PXM 2 -> MPIDR 0x2a0200 -> Node 2
Jul 24 13:10:07 ubuntu systemd[1]: Starting Update UTMP about System Boot/Shutdown...
Jul 24 13:10:07 ubuntu kernel: [    0.000000] ACPI: NUMA: SRAT: PXM 2 -> MPIDR 0x2a0300 -> Node 2
Jul 24 13:10:07 ubuntu kernel: [    0.000000] ACPI: NUMA: SRAT: PXM 2 -> MPIDR 0x2b0000 -> Node 2
Jul 24 13:10:07 ubuntu systemd[1]: Starting Network Time Synchronization...
Jul 24 13:10:07 ubuntu kernel: [    0.000000] ACPI: NUMA: SRAT: PXM 2 -> MPIDR 0x2b0100 -> Node 2
Jul 24 13:10:07 ubuntu apparmor[1999]: Skipping profile in /etc/apparmor.d/disable: usr.sbin.rsyslogd
Jul 24 13:10:07 ubuntu kernel: [    0.000000] ACPI: NUMA: SRAT: PXM 2 -> MPIDR 0x2b0200 -> Node 2
Jul 24 13:10:07 ubuntu kernel: [    0.000000] ACPI: NUMA: SRAT: PXM 2 -> MPIDR 0x2b0300 -> Node 2
Jul 24 13:10:07 ubuntu kernel: [    0.000000] ACPI: NUMA: SRAT: PXM 2 -> MPIDR 0x2c0000 -> Node 2
Jul 24 13:10:07 ubuntu kernel: [    0.000000] ACPI: NUMA: SRAT: PXM 2 -> MPIDR 0x2c0100 -> Node 2
Jul 24 13:10:07 ubuntu apparmor[1999]: Skipping profile in /etc/apparmor.d/disable: usr.bin.firefox
Jul 24 13:10:07 ubuntu kernel: [    0.000000] ACPI: NUMA: SRAT: PXM 2 -> MPIDR 0x2c0200 -> Node 2
Jul 24 13:10:07 ubuntu kernel: [    0.000000] ACPI: NUMA: SRAT: PXM 2 -> MPIDR 0x2c0300 -> Node 2
Jul 24 13:10:07 ubuntu systemd[1]: Started Clean up any mess left by 0dns-up.
Jul 24 13:10:07 ubuntu kernel: [    0.000000] ACPI: NUMA: SRAT: PXM 2 -> MPIDR 0x2d0000 -> Node 2
Jul 24 13:10:07 ubuntu systemd[1]: Started Update UTMP about System Boot/Shutdown.
Jul 24 13:10:07 ubuntu kernel: [    0.000000] ACPI: NUMA: SRAT: PXM 2 -> MPIDR 0x2d0100 -> Node 2
Jul 24 13:10:07 ubuntu kernel: [    0.000000] ACPI: NUMA: SRAT: PXM 2 -> MPIDR 0x2d0200 -> Node 2
Jul 24 13:10:07 ubuntu kernel: [    0.000000] ACPI: NUMA: SRAT: PXM 2 -> MPIDR 0x2d0300 -> Node 2
Jul 24 13:10:07 ubuntu systemd[1]: Starting Network Service...
Jul 24 13:10:07 ubuntu kernel: [    0.000000] ACPI: NUMA: SRAT: PXM 3 -> MPIDR 0x380000 -> Node 3
Jul 24 13:10:07 ubuntu kernel: [    0.000000] ACPI: NUMA: SRAT: PXM 3 -> MPIDR 0x380100 -> Node 3
Jul 24 13:10:07 ubuntu kernel: [    0.000000] ACPI: NUMA: SRAT: PXM 3 -> MPIDR 0x380200 -> Node 3
Jul 24 13:10:07 ubuntu systemd[1]: Started Network Time Synchronization.
Jul 24 13:10:07 ubuntu kernel: [    0.000000] ACPI: NUMA: SRAT: PXM 3 -> MPIDR 0x380300 -> Node 3
Jul 24 13:10:07 ubuntu systemd[1]: Reached target System Time Synchronized.
Jul 24 13:10:07 ubuntu kernel: [    0.000000] ACPI: NUMA: SRAT: PXM 3 -> MPIDR 0x390000 -> Node 3
Jul 24 13:10:07 ubuntu kernel: [    0.000000] ACPI: NUMA: SRAT: PXM 3 -> MPIDR 0x390100 -> Node 3
Jul 24 13:10:07 ubuntu systemd-udevd[2260]: link_config: autonegotiation is unset or enabled, the speed and duplex are not writable.
Jul 24 13:10:07 ubuntu kernel: [    0.000000] ACPI: NUMA: SRAT: PXM 3 -> MPIDR 0x390200 -> Node 3
Jul 24 13:10:07 ubuntu kernel: [    0.000000] ACPI: NUMA: SRAT: PXM 3 -> MPIDR 0x390300 -> Node 3
Jul 24 13:10:07 ubuntu kernel: [    0.000000] ACPI: NUMA: SRAT: PXM 3 -> MPIDR 0x3a0000 -> Node 3
Jul 24 13:10:07 ubuntu systemd-networkd[2202]: br0: netdev ready
Jul 24 13:10:07 ubuntu kernel: [    0.000000] ACPI: NUMA: SRAT: PXM 3 -> MPIDR 0x3a0100 -> Node 3
Jul 24 13:10:07 ubuntu systemd-networkd[2202]: Enumeration completed
Jul 24 13:10:07 ubuntu kernel: [    0.000000] ACPI: NUMA: SRAT: PXM 3 -> MPIDR 0x3a0200 -> Node 3
Jul 24 13:10:07 ubuntu kernel: [    0.000000] ACPI: NUMA: SRAT: PXM 3 -> MPIDR 0x3a0300 -> Node 3
Jul 24 13:10:07 ubuntu kernel: [    0.000000] ACPI: NUMA: SRAT: PXM 3 -> MPIDR 0x3b0000 -> Node 3
Jul 24 13:10:07 ubuntu kernel: [    0.000000] ACPI: NUMA: SRAT: PXM 3 -> MPIDR 0x3b0100 -> Node 3
Jul 24 13:10:07 ubuntu systemd[1]: Started Network Service.
Jul 24 13:10:07 ubuntu kernel: [    0.000000] ACPI: NUMA: SRAT: PXM 3 -> MPIDR 0x3b0200 -> Node 3
Jul 24 13:10:07 ubuntu kernel: [    0.000000] ACPI: NUMA: SRAT: PXM 3 -> MPIDR 0x3b0300 -> Node 3
Jul 24 13:10:07 ubuntu kernel: [    0.000000] ACPI: NUMA: SRAT: PXM 3 -> MPIDR 0x3c0000 -> Node 3
Jul 24 13:10:07 ubuntu kernel: [    0.000000] ACPI: NUMA: SRAT: PXM 3 -> MPIDR 0x3c0100 -> Node 3
Jul 24 13:10:07 ubuntu systemd-networkd[2202]: br0: IPv6 successfully enabled
Jul 24 13:10:07 ubuntu kernel: [    0.000000] ACPI: NUMA: SRAT: PXM 3 -> MPIDR 0x3c0200 -> Node 3
Jul 24 13:10:07 ubuntu systemd-networkd[2202]: enp125s0f3: Link is not managed by us
Jul 24 13:10:07 ubuntu kernel: [    0.000000] ACPI: NUMA: SRAT: PXM 3 -> MPIDR 0x3c0300 -> Node 3
Jul 24 13:10:07 ubuntu kernel: [    0.000000] ACPI: NUMA: SRAT: PXM 3 -> MPIDR 0x3d0000 -> Node 3
Jul 24 13:10:07 ubuntu kernel: [    0.000000] ACPI: NUMA: SRAT: PXM 3 -> MPIDR 0x3d0100 -> Node 3
Jul 24 13:10:07 ubuntu systemd-networkd[2202]: enp125s0f0: Link is not managed by us
Jul 24 13:10:07 ubuntu kernel: [    0.000000] ACPI: NUMA: SRAT: PXM 3 -> MPIDR 0x3d0200 -> Node 3
Jul 24 13:10:07 ubuntu kernel: [    0.000000] ACPI: NUMA: SRAT: PXM 3 -> MPIDR 0x3d0300 -> Node 3
Jul 24 13:10:07 ubuntu kernel: [    0.000000] percpu: Embedded 33 pages/cpu s94616 r8192 d32360 u135168
Jul 24 13:10:07 ubuntu systemd-networkd[2202]: lo: Link is not managed by us
Jul 24 13:10:07 ubuntu kernel: [    0.000000] pcpu-alloc: s94616 r8192 d32360 u135168 alloc=33*4096
Jul 24 13:10:07 ubuntu systemd-networkd[2202]: enp125s0f1: Link is not managed by us
Jul 24 13:10:07 ubuntu kernel: [    0.000000] pcpu-alloc: [0] 00 [0] 01 [0] 02 [0] 03 [0] 04 [0] 05 [0] 06 [0] 07 
Jul 24 13:10:07 ubuntu systemd-networkd[2202]: enp125s0f2: Link is not managed by us
Jul 24 13:10:07 ubuntu kernel: [    0.000000] pcpu-alloc: [0] 08 [0] 09 [0] 10 [0] 11 [0] 12 [0] 13 [0] 14 [0] 15 
Jul 24 13:10:07 ubuntu kernel: [    0.000000] pcpu-alloc: [0] 16 [0] 17 [0] 18 [0] 19 [0] 20 [0] 21 [0] 22 [0] 23 
Jul 24 13:10:07 ubuntu systemd-networkd[2202]: enp125s0f1: IPv6 successfully enabled
Jul 24 13:10:07 ubuntu kernel: [    0.000000] pcpu-alloc: [1] 24 [1] 25 [1] 26 [1] 27 [1] 28 [1] 29 [1] 30 [1] 31 
Jul 24 13:10:07 ubuntu kernel: [    0.000000] pcpu-alloc: [1] 32 [1] 33 [1] 34 [1] 35 [1] 36 [1] 37 [1] 38 [1] 39 
Jul 24 13:10:07 ubuntu kernel: [    0.000000] pcpu-alloc: [1] 40 [1] 41 [1] 42 [1] 43 [1] 44 [1] 45 [1] 46 [1] 47 
Jul 24 13:10:07 ubuntu kernel: [    0.000000] pcpu-alloc: [2] 48 [2] 49 [2] 50 [2] 51 [2] 52 [2] 53 [2] 54 [2] 55 
Jul 24 13:10:07 ubuntu kernel: [    0.000000] pcpu-alloc: [2] 56 [2] 57 [2] 58 [2] 59 [2] 60 [2] 61 [2] 62 [2] 63 
Jul 24 13:10:07 ubuntu systemd-networkd[2202]: enp125s0f3: Link is not managed by us
Jul 24 13:10:07 ubuntu kernel: [    0.000000] pcpu-alloc: [2] 64 [2] 65 [2] 66 [2] 67 [2] 68 [2] 69 [2] 70 [2] 71 
Jul 24 13:10:07 ubuntu systemd-networkd[2202]: enp125s0f0: Link is not managed by us
Jul 24 13:10:07 ubuntu kernel: [    0.000000] pcpu-alloc: [3] 72 [3] 73 [3] 74 [3] 75 [3] 76 [3] 77 [3] 78 [3] 79 
Jul 24 13:10:07 ubuntu systemd-networkd[2202]: lo: Link is not managed by us
Jul 24 13:10:07 ubuntu kernel: [    0.000000] pcpu-alloc: [3] 80 [3] 81 [3] 82 [3] 83 [3] 84 [3] 85 [3] 86 [3] 87 
Jul 24 13:10:07 ubuntu systemd-networkd[2202]: enp125s0f2: Link is not managed by us
Jul 24 13:10:07 ubuntu kernel: [    0.000000] pcpu-alloc: [3] 88 [3] 89 [3] 90 [3] 91 [3] 92 [3] 93 [3] 94 [3] 95 
Jul 24 13:10:07 ubuntu kernel: [    0.000000] Detected VIPT I-cache on CPU0
Jul 24 13:10:07 ubuntu kernel: [    0.000000] CPU features: detected: GIC system register CPU interface
Jul 24 13:10:07 ubuntu kernel: [    0.000000] CPU features: detected: Virtualization Host Extensions
Jul 24 13:10:07 ubuntu systemd[1]: Starting Network Name Resolution...
Jul 24 13:10:07 ubuntu systemd-networkd[2202]: br0: Link UP
Jul 24 13:10:07 ubuntu systemd-networkd[2202]: enp125s0f1: Link UP
Jul 24 13:10:07 ubuntu systemd[1]: Starting Wait for Network to be Configured...
Jul 24 13:10:07 ubuntu systemd-resolved[2268]: Positive Trust Anchors:
Jul 24 13:10:07 ubuntu systemd-resolved[2268]: . IN DS 19036 8 2 49aac11d7b6f6446702e54a1607371607a1a41855200fd2ce1cdde32f24e8fb5
Jul 24 13:10:07 ubuntu systemd-resolved[2268]: . IN DS 20326 8 2 e06d44b80b8f1d39a95c0b0d7c65d08458e880409bbc683457104237c7f8ec8d
Jul 24 13:10:07 ubuntu systemd-resolved[2268]: Negative trust anchors: 10.in-addr.arpa 16.172.in-addr.arpa 17.172.in-addr.arpa 18.172.in-addr.arpa 19.172.in-addr.arpa 20.172.in-addr.arpa 21.172.in-addr.arpa 22.172.in-addr.arpa 23.172.in-addr.arpa 24.172.in-addr.arpa 25.172.in-addr.arpa 26.172.in-addr.arpa 27.172.in-addr.arpa 28.172.in-addr.arpa 29.172.in-addr.arpa 30.172.in-addr.arpa 31.172.in-addr.arpa 168.192.in-addr.arpa d.f.ip6.arpa corp home internal intranet lan local private test
Jul 24 13:10:07 ubuntu systemd-resolved[2268]: Using system hostname 'ubuntu'.
Jul 24 13:10:07 ubuntu systemd-networkd[2202]: enp125s0f0: Link UP
Jul 24 13:10:07 ubuntu systemd[1]: Started Network Name Resolution.
Jul 24 13:10:07 ubuntu systemd[1]: Reached target Host and Network Name Lookups.
Jul 24 13:10:07 ubuntu apparmor[1999]:    ...done.
Jul 24 13:10:07 ubuntu systemd[1]: Started AppArmor initialization.
Jul 24 13:10:07 ubuntu kernel: [    0.000000] CPU features: detected: Hardware dirty bit management
Jul 24 13:10:07 ubuntu systemd[1]: Starting Load AppArmor profiles managed internally by snapd...
Jul 24 13:10:07 ubuntu kernel: [    0.000000] alternatives: patching kernel code
Jul 24 13:10:07 ubuntu kernel: [    0.000000] Built 4 zonelists, mobility grouping on.  Total pages: 32898000
Jul 24 13:10:07 ubuntu kernel: [    0.000000] Policy zone: Normal
Jul 24 13:10:07 ubuntu snapd-apparmor[2295]: find: ‘/var/lib/snapd/apparmor/profiles/’: No such file or directory
Jul 24 13:10:07 ubuntu kernel: [    0.000000] Kernel command line: BOOT_IMAGE=/boot/vmlinuz-5.7.1 root=UUID=87f15ea3-75f7-4c9d-add6-30cc3fc19001 ro text
Jul 24 13:10:07 ubuntu kernel: [    0.000000] printk: log_buf_len individual max cpu contribution: 4096 bytes
Jul 24 13:10:07 ubuntu kernel: [    0.000000] printk: log_buf_len total cpu_extra contributions: 389120 bytes
Jul 24 13:10:07 ubuntu systemd[1]: Starting Raise network interfaces...
Jul 24 13:10:07 ubuntu kernel: [    0.000000] printk: log_buf_len min size: 262144 bytes
Jul 24 13:10:07 ubuntu kernel: [    0.000000] printk: log_buf_len: 1048576 bytes
Jul 24 13:10:07 ubuntu kernel: [    0.000000] printk: early log buf free: 245788(93%)
Jul 24 13:10:07 ubuntu systemd[1]: Started Load AppArmor profiles managed internally by snapd.
Jul 24 13:10:07 ubuntu kernel: [    0.000000] mem auto-init: stack:off, heap alloc:on, heap free:off
Jul 24 13:10:07 ubuntu kernel: [    0.000000] software IO TLB: mapped [mem 0x3b030000-0x3f030000] (64MB)
Jul 24 13:10:07 ubuntu kernel: [    0.000000] Memory: 130842208K/134213440K available (14140K kernel code, 2356K rwdata, 6884K rodata, 7040K init, 1134K bss, 3338464K reserved, 32768K cma-reserved)
Jul 24 13:10:07 ubuntu kernel: [    0.000000] random: get_random_u64 called from __kmem_cache_create+0x5c/0x5d8 with crng_init=0
Jul 24 13:10:07 ubuntu systemd[1]: Reached target System Initialization.
Jul 24 13:10:07 ubuntu kernel: [    0.000000] SLUB: HWalign=64, Order=0-3, MinObjects=0, CPUs=96, Nodes=4
Jul 24 13:10:07 ubuntu kernel: [    0.000000] ftrace: allocating 46052 entries in 180 pages
Jul 24 13:10:07 ubuntu systemd[1]: Started ACPI Events Check.
Jul 24 13:10:07 ubuntu kernel: [    0.000000] ftrace: allocated 180 pages with 4 groups
Jul 24 13:10:07 ubuntu kernel: [    0.000000] rcu: Hierarchical RCU implementation.
Jul 24 13:10:07 ubuntu kernel: [    0.000000] rcu: 	RCU restricting CPUs from NR_CPUS=256 to nr_cpu_ids=96.
Jul 24 13:10:07 ubuntu kernel: [    0.000000] 	Tasks RCU enabled.
Jul 24 13:10:07 ubuntu systemd[1]: Listening on Virtual machine lock manager socket.
Jul 24 13:10:07 ubuntu kernel: [    0.000000] rcu: RCU calculated value of scheduler-enlistment delay is 25 jiffies.
Jul 24 13:10:07 ubuntu systemd[1]: Listening on Avahi mDNS/DNS-SD Stack Activation Socket.
Jul 24 13:10:07 ubuntu kernel: [    0.000000] rcu: Adjusting geometry for rcu_fanout_leaf=16, nr_cpu_ids=96
Jul 24 13:10:07 ubuntu systemd[1]: Started Daily Cleanup of Temporary Directories.
Jul 24 13:10:07 ubuntu kernel: [    0.000000] NR_IRQS: 64, nr_irqs: 64, preallocated irqs: 0
Jul 24 13:10:07 ubuntu kernel: [    0.000000] GICv3: GIC: Using split EOI/Deactivate mode
Jul 24 13:10:07 ubuntu systemd[1]: Started CUPS Scheduler.
Jul 24 13:10:07 ubuntu kernel: [    0.000000] GICv3: 640 SPIs implemented
Jul 24 13:10:07 ubuntu systemd[1]: Started Trigger anacron every hour.
Jul 24 13:10:07 ubuntu kernel: [    0.000000] GICv3: 0 Extended SPIs implemented
Jul 24 13:10:07 ubuntu systemd[1]: Listening on ACPID Listen Socket.
Jul 24 13:10:07 ubuntu kernel: [    0.000000] GICv3: Distributor has no Range Selector support
Jul 24 13:10:07 ubuntu systemd[1]: Listening on Virtual machine log manager socket.
Jul 24 13:10:07 ubuntu kernel: [    0.000000] GICv3: 16 PPIs implemented
Jul 24 13:10:07 ubuntu kernel: [    0.000000] GICv3: GICv4 features: DirectLPI 
Jul 24 13:10:07 ubuntu kernel: [    0.000000] GICv3: CPU0: found redistributor 80000 region 0:0x00000000ae100000
Jul 24 13:10:07 ubuntu kernel: [    0.000000] SRAT: PXM 0 -> ITS 0 -> Node 0
Jul 24 13:10:07 ubuntu kernel: [    0.000000] SRAT: PXM 2 -> ITS 1 -> Node 2
Jul 24 13:10:07 ubuntu kernel: [    0.000000] ITS [mem 0x202100000-0x20211ffff]
Jul 24 13:10:07 ubuntu systemd[1]: Starting LXD - unix socket.
Jul 24 13:10:07 ubuntu kernel: [    0.000000] ITS@0x0000000202100000: Using ITS number 0
Jul 24 13:10:07 ubuntu systemd[1]: Listening on UUID daemon activation socket.
Jul 24 13:10:07 ubuntu kernel: [    0.000000] ITS@0x0000000202100000: allocated 65536 Devices @27ffb80000 (flat, esz 8, psz 16K, shr 1)
Jul 24 13:10:07 ubuntu systemd[1]: Started Daily apt download activities.
Jul 24 13:10:07 ubuntu kernel: [    0.000000] ITS@0x0000000202100000: allocated 65536 Virtual CPUs @27ff000000 (flat, esz 16, psz 4K, shr 1)
Jul 24 13:10:07 ubuntu kernel: [    0.000000] ITS@0x0000000202100000: allocated 256 Interrupt Collections @27ffb10000 (flat, esz 16, psz 4K, shr 1)
Jul 24 13:10:07 ubuntu kernel: [    0.000000] ITS [mem 0x200202100000-0x20020211ffff]
Jul 24 13:10:07 ubuntu kernel: [    0.000000] ITS@0x0000200202100000: Using ITS number 1
Jul 24 13:10:07 ubuntu systemd[1]: Started Daily apt upgrade and clean activities.
Jul 24 13:10:07 ubuntu kernel: [    0.000000] ITS@0x0000200202100000: allocated 65536 Devices @2027ff880000 (flat, esz 8, psz 16K, shr 1)
Jul 24 13:10:07 ubuntu systemd[1]: Listening on D-Bus System Message Bus Socket.
Jul 24 13:10:07 ubuntu kernel: [    0.000000] ITS@0x0000200202100000: allocated 65536 Virtual CPUs @2027ff900000 (flat, esz 16, psz 4K, shr 1)
Jul 24 13:10:07 ubuntu kernel: [    0.000000] ITS@0x0000200202100000: allocated 256 Interrupt Collections @2027ff801000 (flat, esz 16, psz 4K, shr 1)
Jul 24 13:10:07 ubuntu kernel: [    0.000000] GICv3: using LPI property table @0x00000027ffb20000
Jul 24 13:10:07 ubuntu systemd[1]: Starting Socket activation for snappy daemon.
Jul 24 13:10:07 ubuntu kernel: [    0.000000] ITS: Using DirectLPI for VPE invalidation
Jul 24 13:10:07 ubuntu kernel: [    0.000000] ITS: Enabling GICv4 support
Jul 24 13:10:07 ubuntu systemd[1]: Listening on Open-iSCSI iscsid Socket.
Jul 24 13:10:07 ubuntu kernel: [    0.000000] GICv3: CPU0: using allocated LPI pending table @0x00000027ffb30000
Jul 24 13:10:07 ubuntu kernel: [    0.000000] arch_timer: cp15 timer(s) running at 100.00MHz (phys).
Jul 24 13:10:07 ubuntu kernel: [    0.000000] clocksource: arch_sys_counter: mask: 0xffffffffffffff max_cycles: 0x171024e7e0, max_idle_ns: 440795205315 ns
Jul 24 13:10:07 ubuntu kernel: [    0.000001] sched_clock: 56 bits at 100MHz, resolution 10ns, wraps every 4398046511100ns
Jul 24 13:10:07 ubuntu kernel: [    0.000112] Console: colour dummy device 80x25
Jul 24 13:10:07 ubuntu kernel: [    0.000440] printk: console [tty0] enabled
Jul 24 13:10:07 ubuntu systemd[1]: Reached target Paths.
Jul 24 13:10:07 ubuntu kernel: [    0.000505] mempolicy: Enabling automatic NUMA balancing. Configure with numa_balancing= or the kernel.numa_balancing sysctl
Jul 24 13:10:07 ubuntu kernel: [    0.000521] ACPI: Core revision 20200326
Jul 24 13:10:07 ubuntu systemd[1]: Listening on CUPS Scheduler.
Jul 24 13:10:07 ubuntu kernel: [    0.000718] Calibrating delay loop (skipped), value calculated using timer frequency.. 200.00 BogoMIPS (lpj=400000)
Jul 24 13:10:07 ubuntu systemd[1]: Started Discard unused blocks once a week.
Jul 24 13:10:07 ubuntu kernel: [    0.000723] pid_max: default: 98304 minimum: 768
Jul 24 13:10:07 ubuntu kernel: [    0.000800] LSM: Security Framework initializing
Jul 24 13:10:07 ubuntu kernel: [    0.000807] Yama: becoming mindful.
Jul 24 13:10:07 ubuntu kernel: [    0.000839] AppArmor: AppArmor initialized
Jul 24 13:10:07 ubuntu systemd[1]: Started Message of the Day.
Jul 24 13:10:07 ubuntu kernel: [    0.013125] Dentry cache hash table entries: 8388608 (order: 14, 67108864 bytes, vmalloc)
Jul 24 13:10:07 ubuntu kernel: [    0.019227] Inode-cache hash table entries: 4194304 (order: 13, 33554432 bytes, vmalloc)
Jul 24 13:10:07 ubuntu systemd[1]: Reached target Timers.
Jul 24 13:10:07 ubuntu kernel: [    0.019475] Mount-cache hash table entries: 131072 (order: 8, 1048576 bytes, vmalloc)
Jul 24 13:10:07 ubuntu systemd[1]: Listening on LXD - unix socket.
Jul 24 13:10:07 ubuntu kernel: [    0.019671] Mountpoint-cache hash table entries: 131072 (order: 8, 1048576 bytes, vmalloc)
Jul 24 13:10:07 ubuntu kernel: [    0.022104] rcu: Hierarchical SRCU implementation.
Jul 24 13:10:07 ubuntu kernel: [    0.022584] Platform MSI: ITS@0x202100000 domain created
Jul 24 13:10:07 ubuntu kernel: [    0.022589] Platform MSI: ITS@0x200202100000 domain created
Jul 24 13:10:07 ubuntu systemd[1]: Listening on Socket activation for snappy daemon.
Jul 24 13:10:07 ubuntu kernel: [    0.022595] PCI/MSI: ITS@0x202100000 domain created
Jul 24 13:10:07 ubuntu kernel: [    0.022598] PCI/MSI: ITS@0x200202100000 domain created
Jul 24 13:10:07 ubuntu kernel: [    0.022614] Remapping and enabling EFI services.
Jul 24 13:10:07 ubuntu kernel: [    0.022818] efi: memattr: Entry attributes invalid: RO and XP bits both cleared
Jul 24 13:10:07 ubuntu systemd[1]: Reached target Sockets.
Jul 24 13:10:07 ubuntu kernel: [    0.022824] efi: memattr: ! 0x000000000000-0x00000000ffff [Runtime Code       |RUN|  |  |  |  |  |  |  |   |  |  |  |  ]
Jul 24 13:10:07 ubuntu systemd[1]: Reached target Basic System.
Jul 24 13:10:07 ubuntu kernel: [    0.023984] smp: Bringing up secondary CPUs ...
Jul 24 13:10:07 ubuntu kernel: [    0.053840] Detected VIPT I-cache on CPU1
Jul 24 13:10:07 ubuntu systemd[1]: Starting Login Service...
Jul 24 13:10:07 ubuntu kernel: [    0.053847] GICv3: CPU1: found redistributor 80100 region 1:0x00000000ae140000
Jul 24 13:10:07 ubuntu kernel: [    0.053864] GICv3: CPU1: using allocated LPI pending table @0x00000027ffb40000
Jul 24 13:10:07 ubuntu kernel: [    0.053900] CPU1: Booted secondary processor 0x0000080100 [0x481fd010]
Jul 24 13:10:07 ubuntu systemd[1]: Started CUPS Scheduler.
Jul 24 13:10:07 ubuntu kernel: [    0.086384] Detected VIPT I-cache on CPU2
Jul 24 13:10:07 ubuntu systemd[1]: Starting Avahi mDNS/DNS-SD Stack...
Jul 24 13:10:07 ubuntu kernel: [    0.086388] GICv3: CPU2: found redistributor 80200 region 2:0x00000000ae180000
Jul 24 13:10:07 ubuntu cron[2366]: (CRON) INFO (pidfile fd = 3)
Jul 24 13:10:07 ubuntu kernel: [    0.086401] GICv3: CPU2: using allocated LPI pending table @0x00000027ffb50000
Jul 24 13:10:07 ubuntu kernel: [    0.086432] CPU2: Booted secondary processor 0x0000080200 [0x481fd010]
Jul 24 13:10:07 ubuntu systemd[1]: Starting System Logging Service...
Jul 24 13:10:07 ubuntu kernel: [    0.118934] Detected VIPT I-cache on CPU3
Jul 24 13:10:07 ubuntu kernel: [    0.118939] GICv3: CPU3: found redistributor 80300 region 3:0x00000000ae1c0000
Jul 24 13:10:07 ubuntu kernel: [    0.118951] GICv3: CPU3: using allocated LPI pending table @0x00000027ffb60000
Jul 24 13:10:07 ubuntu systemd[1]: Starting Restore /etc/resolv.conf if the system crashed before the ppp link was shut down...
Jul 24 13:10:07 ubuntu kernel: [    0.118982] CPU3: Booted secondary processor 0x0000080300 [0x481fd010]
Jul 24 13:10:07 ubuntu systemd[1]: Started Regular background program processing daemon.
Jul 24 13:10:07 ubuntu kernel: [    0.151664] Detected VIPT I-cache on CPU4
Jul 24 13:10:07 ubuntu kernel: [    0.151672] GICv3: CPU4: found redistributor 90000 region 4:0x00000000ae200000
Jul 24 13:10:07 ubuntu kernel: [    0.151693] GICv3: CPU4: using allocated LPI pending table @0x00000027ffb70000
Jul 24 13:10:07 ubuntu kernel: [    0.151731] CPU4: Booted secondary processor 0x0000090000 [0x481fd010]
Jul 24 13:10:07 ubuntu kernel: [    0.184382] Detected VIPT I-cache on CPU5
Jul 24 13:10:07 ubuntu kernel: [    0.184387] GICv3: CPU5: found redistributor 90100 region 5:0x00000000ae240000
Jul 24 13:10:07 ubuntu kernel: [    0.184400] GICv3: CPU5: using allocated LPI pending table @0x00000027ff100000
Jul 24 13:10:07 ubuntu kernel: [    0.184432] CPU5: Booted secondary processor 0x0000090100 [0x481fd010]
Jul 24 13:10:07 ubuntu kernel: [    0.217105] Detected VIPT I-cache on CPU6
Jul 24 13:10:07 ubuntu kernel: [    0.217110] GICv3: CPU6: found redistributor 90200 region 6:0x00000000ae280000
Jul 24 13:10:07 ubuntu systemd[1]: Starting LSB: Record successful boot for GRUB...
Jul 24 13:10:07 ubuntu kernel: [    0.217123] GICv3: CPU6: using allocated LPI pending table @0x00000027ff110000
Jul 24 13:10:07 ubuntu kernel: [    0.217155] CPU6: Booted secondary processor 0x0000090200 [0x481fd010]
Jul 24 13:10:07 ubuntu kernel: [    0.249829] Detected VIPT I-cache on CPU7
Jul 24 13:10:07 ubuntu kernel: [    0.249834] GICv3: CPU7: found redistributor 90300 region 7:0x00000000ae2c0000
Jul 24 13:10:07 ubuntu systemd[1]: Started Deferred execution scheduler.
Jul 24 13:10:07 ubuntu kernel: [    0.249847] GICv3: CPU7: using allocated LPI pending table @0x00000027ff120000
Jul 24 13:10:07 ubuntu systemd[1]: Started irqbalance daemon.
Jul 24 13:10:07 ubuntu kernel: [    0.249879] CPU7: Booted secondary processor 0x0000090300 [0x481fd010]
Jul 24 13:10:07 ubuntu systemd[1]: Starting Disk Manager...
Jul 24 13:10:07 ubuntu kernel: [    0.282730] Detected VIPT I-cache on CPU8
Jul 24 13:10:07 ubuntu kernel: [    0.282738] GICv3: CPU8: found redistributor a0000 region 8:0x00000000ae300000
Jul 24 13:10:07 ubuntu kernel: [    0.282756] GICv3: CPU8: using allocated LPI pending table @0x00000027ff130000
Jul 24 13:10:07 ubuntu systemd[1]: Started Run anacron jobs.
Jul 24 13:10:07 ubuntu kernel: [    0.282791] CPU8: Booted secondary processor 0x00000a0000 [0x481fd010]
Jul 24 13:10:07 ubuntu kernel: [    0.315623] Detected VIPT I-cache on CPU9
Jul 24 13:10:07 ubuntu kernel: [    0.315629] GICv3: CPU9: found redistributor a0100 region 9:0x00000000ae340000
Jul 24 13:10:07 ubuntu kernel: [    0.315643] GICv3: CPU9: using allocated LPI pending table @0x00000027ff140000
Jul 24 13:10:07 ubuntu anacron[2411]: Anacron 2.3 started on 2021-07-24
Jul 24 13:10:07 ubuntu kernel: [    0.315674] CPU9: Booted secondary processor 0x00000a0100 [0x481fd010]
Jul 24 13:10:07 ubuntu kernel: [    0.348520] Detected VIPT I-cache on CPU10
Jul 24 13:10:07 ubuntu systemd[1]: Starting Modem Manager...
Jul 24 13:10:07 ubuntu systemd[1]: Starting Snap Daemon...
Jul 24 13:10:07 ubuntu cron[2366]: (CRON) INFO (Running @reboot jobs)
Jul 24 13:10:07 ubuntu systemd[1]: Starting Dispatcher daemon for systemd-networkd...
Jul 24 13:10:07 ubuntu systemd[1]: Starting Accounts Service...
Jul 24 13:10:07 ubuntu systemd[1]: Started D-Bus System Message Bus.
Jul 24 13:10:07 ubuntu /usr/sbin/irqbalance: IRQ 0(1) guessed as class 0
Jul 24 13:10:07 ubuntu kernel: [    0.348526] GICv3: CPU10: found redistributor a0200 region 10:0x00000000ae380000
Jul 24 13:10:07 ubuntu kernel: [    0.348539] GICv3: CPU10: using allocated LPI pending table @0x00000027ff150000
Jul 24 13:10:07 ubuntu kernel: [    0.348571] CPU10: Booted secondary processor 0x00000a0200 [0x481fd010]
Jul 24 13:10:07 ubuntu kernel: [    0.381418] Detected VIPT I-cache on CPU11
Jul 24 13:10:07 ubuntu kernel: [    0.381424] GICv3: CPU11: found redistributor a0300 region 11:0x00000000ae3c0000
Jul 24 13:10:07 ubuntu kernel: [    0.381438] GICv3: CPU11: using allocated LPI pending table @0x00000027ff160000
Jul 24 13:10:07 ubuntu kernel: [    0.381471] CPU11: Booted secondary processor 0x00000a0300 [0x481fd010]
Jul 24 13:10:07 ubuntu kernel: [    0.414492] Detected VIPT I-cache on CPU12
Jul 24 13:10:07 ubuntu kernel: [    0.414500] GICv3: CPU12: found redistributor b0000 region 12:0x00000000ae400000
Jul 24 13:10:07 ubuntu kernel: [    0.414520] GICv3: CPU12: using allocated LPI pending table @0x00000027ff170000
Jul 24 13:10:07 ubuntu kernel: [    0.414554] CPU12: Booted secondary processor 0x00000b0000 [0x481fd010]
Jul 24 13:10:07 ubuntu kernel: [    0.447559] Detected VIPT I-cache on CPU13
Jul 24 13:10:07 ubuntu kernel: [    0.447566] GICv3: CPU13: found redistributor b0100 region 13:0x00000000ae440000
Jul 24 13:10:07 ubuntu kernel: [    0.447580] GICv3: CPU13: using allocated LPI pending table @0x00000027ff180000
Jul 24 13:10:07 ubuntu kernel: [    0.447612] CPU13: Booted secondary processor 0x00000b0100 [0x481fd010]
Jul 24 13:10:07 ubuntu kernel: [    0.480630] Detected VIPT I-cache on CPU14
Jul 24 13:10:07 ubuntu kernel: [    0.480636] GICv3: CPU14: found redistributor b0200 region 14:0x00000000ae480000
Jul 24 13:10:07 ubuntu kernel: [    0.480650] GICv3: CPU14: using allocated LPI pending table @0x00000027ff190000
Jul 24 13:10:07 ubuntu kernel: [    0.480682] CPU14: Booted secondary processor 0x00000b0200 [0x481fd010]
Jul 24 13:10:07 ubuntu kernel: [    0.513701] Detected VIPT I-cache on CPU15
Jul 24 13:10:07 ubuntu kernel: [    0.513707] GICv3: CPU15: found redistributor b0300 region 15:0x00000000ae4c0000
Jul 24 13:10:07 ubuntu kernel: [    0.513721] GICv3: CPU15: using allocated LPI pending table @0x00000027ff1a0000
Jul 24 13:10:07 ubuntu kernel: [    0.513753] CPU15: Booted secondary processor 0x00000b0300 [0x481fd010]
Jul 24 13:10:07 ubuntu kernel: [    0.546255] Detected VIPT I-cache on CPU16
Jul 24 13:10:07 ubuntu kernel: [    0.546264] GICv3: CPU16: found redistributor c0000 region 16:0x00000000ae500000
Jul 24 13:10:07 ubuntu kernel: [    0.546284] GICv3: CPU16: using allocated LPI pending table @0x00000027ff1b0000
Jul 24 13:10:07 ubuntu kernel: [    0.546320] CPU16: Booted secondary processor 0x00000c0000 [0x481fd010]
Jul 24 13:10:07 ubuntu kernel: [    0.578801] Detected VIPT I-cache on CPU17
Jul 24 13:10:07 ubuntu kernel: [    0.578808] GICv3: CPU17: found redistributor c0100 region 17:0x00000000ae540000
Jul 24 13:10:07 ubuntu kernel: [    0.578824] GICv3: CPU17: using allocated LPI pending table @0x00000027ff1c0000
Jul 24 13:10:07 ubuntu kernel: [    0.578856] CPU17: Booted secondary processor 0x00000c0100 [0x481fd010]
Jul 24 13:10:07 ubuntu kernel: [    0.611351] Detected VIPT I-cache on CPU18
Jul 24 13:10:07 ubuntu kernel: [    0.611357] GICv3: CPU18: found redistributor c0200 region 18:0x00000000ae580000
Jul 24 13:10:07 ubuntu kernel: [    0.611373] GICv3: CPU18: using allocated LPI pending table @0x00000027ff1d0000
Jul 24 13:10:07 ubuntu kernel: [    0.611406] CPU18: Booted secondary processor 0x00000c0200 [0x481fd010]
Jul 24 13:10:07 ubuntu kernel: [    0.643901] Detected VIPT I-cache on CPU19
Jul 24 13:10:07 ubuntu kernel: [    0.643908] GICv3: CPU19: found redistributor c0300 region 19:0x00000000ae5c0000
Jul 24 13:10:07 ubuntu kernel: [    0.643922] GICv3: CPU19: using allocated LPI pending table @0x00000027ff1e0000
Jul 24 13:10:07 ubuntu kernel: [    0.643954] CPU19: Booted secondary processor 0x00000c0300 [0x481fd010]
Jul 24 13:10:07 ubuntu kernel: [    0.676628] Detected VIPT I-cache on CPU20
Jul 24 13:10:07 ubuntu kernel: [    0.676638] GICv3: CPU20: found redistributor d0000 region 20:0x00000000ae600000
Jul 24 13:10:07 ubuntu kernel: [    0.676659] GICv3: CPU20: using allocated LPI pending table @0x00000027ff1f0000
Jul 24 13:10:07 ubuntu kernel: [    0.676695] CPU20: Booted secondary processor 0x00000d0000 [0x481fd010]
Jul 24 13:10:07 ubuntu kernel: [    0.709349] Detected VIPT I-cache on CPU21
Jul 24 13:10:07 ubuntu kernel: [    0.709356] GICv3: CPU21: found redistributor d0100 region 21:0x00000000ae640000
Jul 24 13:10:07 ubuntu kernel: [    0.709371] GICv3: CPU21: using allocated LPI pending table @0x00000027ff200000
Jul 24 13:10:07 ubuntu kernel: [    0.709402] CPU21: Booted secondary processor 0x00000d0100 [0x481fd010]
Jul 24 13:10:07 ubuntu kernel: [    0.742072] Detected VIPT I-cache on CPU22
Jul 24 13:10:07 ubuntu kernel: [    0.742079] GICv3: CPU22: found redistributor d0200 region 22:0x00000000ae680000
Jul 24 13:10:07 ubuntu kernel: [    0.742095] GICv3: CPU22: using allocated LPI pending table @0x00000027ff210000
Jul 24 13:10:07 ubuntu kernel: [    0.742128] CPU22: Booted secondary processor 0x00000d0200 [0x481fd010]
Jul 24 13:10:07 ubuntu kernel: [    0.774795] Detected VIPT I-cache on CPU23
Jul 24 13:10:07 ubuntu kernel: [    0.774802] GICv3: CPU23: found redistributor d0300 region 23:0x00000000ae6c0000
Jul 24 13:10:07 ubuntu kernel: [    0.774818] GICv3: CPU23: using allocated LPI pending table @0x00000027ff220000
Jul 24 13:10:07 ubuntu kernel: [    0.774850] CPU23: Booted secondary processor 0x00000d0300 [0x481fd010]
Jul 24 13:10:07 ubuntu kernel: [    0.807362] Detected VIPT I-cache on CPU24
Jul 24 13:10:07 ubuntu kernel: [    0.807377] GICv3: CPU24: found redistributor 180000 region 24:0x00000000aa100000
Jul 24 13:10:07 ubuntu kernel: [    0.807434] GICv3: CPU24: using allocated LPI pending table @0x00000027ff230000
Jul 24 13:10:07 ubuntu kernel: [    0.807481] CPU24: Booted secondary processor 0x0000180000 [0x481fd010]
Jul 24 13:10:07 ubuntu kernel: [    0.839898] Detected VIPT I-cache on CPU25
Jul 24 13:10:07 ubuntu kernel: [    0.839907] GICv3: CPU25: found redistributor 180100 region 25:0x00000000aa140000
Jul 24 13:10:07 ubuntu kernel: [    0.839926] GICv3: CPU25: using allocated LPI pending table @0x00000027ff240000
Jul 24 13:10:07 ubuntu kernel: [    0.839963] CPU25: Booted secondary processor 0x0000180100 [0x481fd010]
Jul 24 13:10:07 ubuntu kernel: [    0.872447] Detected VIPT I-cache on CPU26
Jul 24 13:10:07 ubuntu kernel: [    0.872457] GICv3: CPU26: found redistributor 180200 region 26:0x00000000aa180000
Jul 24 13:10:07 ubuntu kernel: [    0.872474] GICv3: CPU26: using allocated LPI pending table @0x00000027ff250000
Jul 24 13:10:07 ubuntu kernel: [    0.872511] CPU26: Booted secondary processor 0x0000180200 [0x481fd010]
Jul 24 13:10:07 ubuntu kernel: [    0.904997] Detected VIPT I-cache on CPU27
Jul 24 13:10:07 ubuntu kernel: [    0.905007] GICv3: CPU27: found redistributor 180300 region 27:0x00000000aa1c0000
Jul 24 13:10:07 ubuntu kernel: [    0.905025] GICv3: CPU27: using allocated LPI pending table @0x00000027ff260000
Jul 24 13:10:07 ubuntu kernel: [    0.905062] CPU27: Booted secondary processor 0x0000180300 [0x481fd010]
Jul 24 13:10:07 ubuntu kernel: [    0.937730] Detected VIPT I-cache on CPU28
Jul 24 13:10:07 ubuntu kernel: [    0.937743] GICv3: CPU28: found redistributor 190000 region 28:0x00000000aa200000
Jul 24 13:10:07 ubuntu kernel: [    0.937772] GICv3: CPU28: using allocated LPI pending table @0x00000027ff270000
Jul 24 13:10:07 ubuntu kernel: [    0.937819] CPU28: Booted secondary processor 0x0000190000 [0x481fd010]
Jul 24 13:10:07 ubuntu kernel: [    0.970445] Detected VIPT I-cache on CPU29
Jul 24 13:10:07 ubuntu kernel: [    0.970456] GICv3: CPU29: found redistributor 190100 region 29:0x00000000aa240000
Jul 24 13:10:07 ubuntu kernel: [    0.970474] GICv3: CPU29: using allocated LPI pending table @0x00000027ff280000
Jul 24 13:10:07 ubuntu kernel: [    0.970512] CPU29: Booted secondary processor 0x0000190100 [0x481fd010]
Jul 24 13:10:07 ubuntu kernel: [    1.003168] Detected VIPT I-cache on CPU30
Jul 24 13:10:07 ubuntu kernel: [    1.003178] GICv3: CPU30: found redistributor 190200 region 30:0x00000000aa280000
Jul 24 13:10:07 ubuntu kernel: [    1.003195] GICv3: CPU30: using allocated LPI pending table @0x00000027ff290000
Jul 24 13:10:07 ubuntu kernel: [    1.003233] CPU30: Booted secondary processor 0x0000190200 [0x481fd010]
Jul 24 13:10:07 ubuntu kernel: [    1.035891] Detected VIPT I-cache on CPU31
Jul 24 13:10:07 ubuntu kernel: [    1.035902] GICv3: CPU31: found redistributor 190300 region 31:0x00000000aa2c0000
Jul 24 13:10:07 ubuntu kernel: [    1.035917] GICv3: CPU31: using allocated LPI pending table @0x00000027ff2a0000
Jul 24 13:10:07 ubuntu kernel: [    1.035955] CPU31: Booted secondary processor 0x0000190300 [0x481fd010]
Jul 24 13:10:07 ubuntu kernel: [    1.068795] Detected VIPT I-cache on CPU32
Jul 24 13:10:07 ubuntu kernel: [    1.068809] GICv3: CPU32: found redistributor 1a0000 region 32:0x00000000aa300000
Jul 24 13:10:07 ubuntu kernel: [    1.068831] GICv3: CPU32: using allocated LPI pending table @0x00000027ff2b0000
Jul 24 13:10:07 ubuntu kernel: [    1.068874] CPU32: Booted secondary processor 0x00001a0000 [0x481fd010]
Jul 24 13:10:07 ubuntu kernel: [    1.101687] Detected VIPT I-cache on CPU33
Jul 24 13:10:07 ubuntu kernel: [    1.101698] GICv3: CPU33: found redistributor 1a0100 region 33:0x00000000aa340000
Jul 24 13:10:07 ubuntu kernel: [    1.101717] GICv3: CPU33: using allocated LPI pending table @0x00000027ff2c0000
Jul 24 13:10:07 ubuntu kernel: [    1.101756] CPU33: Booted secondary processor 0x00001a0100 [0x481fd010]
Jul 24 13:10:07 ubuntu kernel: [    1.134584] Detected VIPT I-cache on CPU34
Jul 24 13:10:07 ubuntu kernel: [    1.134595] GICv3: CPU34: found redistributor 1a0200 region 34:0x00000000aa380000
Jul 24 13:10:07 ubuntu kernel: [    1.134614] GICv3: CPU34: using allocated LPI pending table @0x00000027ff2d0000
Jul 24 13:10:07 ubuntu kernel: [    1.134653] CPU34: Booted secondary processor 0x00001a0200 [0x481fd010]
Jul 24 13:10:07 ubuntu kernel: [    1.167481] Detected VIPT I-cache on CPU35
Jul 24 13:10:07 ubuntu kernel: [    1.167492] GICv3: CPU35: found redistributor 1a0300 region 35:0x00000000aa3c0000
Jul 24 13:10:07 ubuntu kernel: [    1.167511] GICv3: CPU35: using allocated LPI pending table @0x00000027ff2e0000
Jul 24 13:10:07 ubuntu kernel: [    1.167549] CPU35: Booted secondary processor 0x00001a0300 [0x481fd010]
Jul 24 13:10:07 ubuntu kernel: [    1.200557] Detected VIPT I-cache on CPU36
Jul 24 13:10:07 ubuntu kernel: [    1.200572] GICv3: CPU36: found redistributor 1b0000 region 36:0x00000000aa400000
Jul 24 13:10:07 ubuntu kernel: [    1.200598] GICv3: CPU36: using allocated LPI pending table @0x00000027ff2f0000
Jul 24 13:10:07 ubuntu kernel: [    1.200641] CPU36: Booted secondary processor 0x00001b0000 [0x481fd010]
Jul 24 13:10:07 ubuntu kernel: [    1.233622] Detected VIPT I-cache on CPU37
Jul 24 13:10:07 ubuntu kernel: [    1.233634] GICv3: CPU37: found redistributor 1b0100 region 37:0x00000000aa440000
Jul 24 13:10:07 ubuntu kernel: [    1.233653] GICv3: CPU37: using allocated LPI pending table @0x00000027ff300000
Jul 24 13:10:07 ubuntu kernel: [    1.233690] CPU37: Booted secondary processor 0x00001b0100 [0x481fd010]
Jul 24 13:10:07 ubuntu kernel: [    1.266693] Detected VIPT I-cache on CPU38
Jul 24 13:10:07 ubuntu kernel: [    1.266705] GICv3: CPU38: found redistributor 1b0200 region 38:0x00000000aa480000
Jul 24 13:10:07 ubuntu kernel: [    1.266721] GICv3: CPU38: using allocated LPI pending table @0x00000027ff310000
Jul 24 13:10:07 ubuntu kernel: [    1.266760] CPU38: Booted secondary processor 0x00001b0200 [0x481fd010]
Jul 24 13:10:07 ubuntu kernel: [    1.299764] Detected VIPT I-cache on CPU39
Jul 24 13:10:07 ubuntu kernel: [    1.299776] GICv3: CPU39: found redistributor 1b0300 region 39:0x00000000aa4c0000
Jul 24 13:10:07 ubuntu kernel: [    1.299792] GICv3: CPU39: using allocated LPI pending table @0x00000027ff320000
Jul 24 13:10:07 ubuntu kernel: [    1.299831] CPU39: Booted secondary processor 0x00001b0300 [0x481fd010]
Jul 24 13:10:07 ubuntu kernel: [    1.332320] Detected VIPT I-cache on CPU40
Jul 24 13:10:07 ubuntu kernel: [    1.332335] GICv3: CPU40: found redistributor 1c0000 region 40:0x00000000aa500000
Jul 24 13:10:07 ubuntu kernel: [    1.332358] GICv3: CPU40: using allocated LPI pending table @0x00000027ff330000
Jul 24 13:10:07 ubuntu kernel: [    1.332402] CPU40: Booted secondary processor 0x00001c0000 [0x481fd010]
Jul 24 13:10:07 ubuntu kernel: [    1.364864] Detected VIPT I-cache on CPU41
Jul 24 13:10:07 ubuntu kernel: [    1.364876] GICv3: CPU41: found redistributor 1c0100 region 41:0x00000000aa540000
Jul 24 13:10:07 ubuntu kernel: [    1.364892] GICv3: CPU41: using allocated LPI pending table @0x00000027ff340000
Jul 24 13:10:07 ubuntu kernel: [    1.364931] CPU41: Booted secondary processor 0x00001c0100 [0x481fd010]
Jul 24 13:10:07 ubuntu kernel: [    1.397414] Detected VIPT I-cache on CPU42
Jul 24 13:10:07 ubuntu kernel: [    1.397426] GICv3: CPU42: found redistributor 1c0200 region 42:0x00000000aa580000
Jul 24 13:10:07 ubuntu kernel: [    1.397442] GICv3: CPU42: using allocated LPI pending table @0x00000027ff350000
Jul 24 13:10:07 ubuntu kernel: [    1.397481] CPU42: Booted secondary processor 0x00001c0200 [0x481fd010]
Jul 24 13:10:07 ubuntu kernel: [    1.429964] Detected VIPT I-cache on CPU43
Jul 24 13:10:07 ubuntu kernel: [    1.429976] GICv3: CPU43: found redistributor 1c0300 region 43:0x00000000aa5c0000
Jul 24 13:10:07 ubuntu kernel: [    1.429992] GICv3: CPU43: using allocated LPI pending table @0x00000027ff360000
Jul 24 13:10:07 ubuntu kernel: [    1.430030] CPU43: Booted secondary processor 0x00001c0300 [0x481fd010]
Jul 24 13:10:07 ubuntu kernel: [    1.462693] Detected VIPT I-cache on CPU44
Jul 24 13:10:07 ubuntu kernel: [    1.462708] GICv3: CPU44: found redistributor 1d0000 region 44:0x00000000aa600000
Jul 24 13:10:07 ubuntu kernel: [    1.462734] GICv3: CPU44: using allocated LPI pending table @0x00000027ff370000
Jul 24 13:10:07 ubuntu kernel: [    1.462779] CPU44: Booted secondary processor 0x00001d0000 [0x481fd010]
Jul 24 13:10:07 ubuntu kernel: [    1.495411] Detected VIPT I-cache on CPU45
Jul 24 13:10:07 ubuntu kernel: [    1.495424] GICv3: CPU45: found redistributor 1d0100 region 45:0x00000000aa640000
Jul 24 13:10:07 ubuntu kernel: [    1.495441] GICv3: CPU45: using allocated LPI pending table @0x00000027ff380000
Jul 24 13:10:07 ubuntu kernel: [    1.495480] CPU45: Booted secondary processor 0x00001d0100 [0x481fd010]
Jul 24 13:10:07 ubuntu kernel: [    1.528134] Detected VIPT I-cache on CPU46
Jul 24 13:10:07 ubuntu kernel: [    1.528147] GICv3: CPU46: found redistributor 1d0200 region 46:0x00000000aa680000
Jul 24 13:10:07 ubuntu kernel: [    1.528164] GICv3: CPU46: using allocated LPI pending table @0x00000027ff390000
Jul 24 13:10:07 ubuntu kernel: [    1.528202] CPU46: Booted secondary processor 0x00001d0200 [0x481fd010]
Jul 24 13:10:07 ubuntu kernel: [    1.560858] Detected VIPT I-cache on CPU47
Jul 24 13:10:07 ubuntu kernel: [    1.560871] GICv3: CPU47: found redistributor 1d0300 region 47:0x00000000aa6c0000
Jul 24 13:10:07 ubuntu kernel: [    1.560889] GICv3: CPU47: using allocated LPI pending table @0x00000027ff3a0000
Jul 24 13:10:07 ubuntu kernel: [    1.560927] CPU47: Booted secondary processor 0x00001d0300 [0x481fd010]
Jul 24 13:10:07 ubuntu kernel: [    1.593699] Detected VIPT I-cache on CPU48
Jul 24 13:10:07 ubuntu kernel: [    1.593738] GICv3: CPU48: found redistributor 280000 region 48:0x00002000ae100000
Jul 24 13:10:07 ubuntu kernel: [    1.593798] GICv3: CPU48: using allocated LPI pending table @0x00000027ff3b0000
Jul 24 13:10:07 ubuntu kernel: [    1.593869] CPU48: Booted secondary processor 0x0000280000 [0x481fd010]
Jul 24 13:10:07 ubuntu kernel: [    1.626487] Detected VIPT I-cache on CPU49
Jul 24 13:10:07 ubuntu kernel: [    1.626515] GICv3: CPU49: found redistributor 280100 region 49:0x00002000ae140000
Jul 24 13:10:07 ubuntu kernel: [    1.626536] GICv3: CPU49: using allocated LPI pending table @0x00000027ff3c0000
Jul 24 13:10:07 ubuntu kernel: [    1.626588] CPU49: Booted secondary processor 0x0000280100 [0x481fd010]
Jul 24 13:10:07 ubuntu kernel: [    1.659297] Detected VIPT I-cache on CPU50
Jul 24 13:10:07 ubuntu kernel: [    1.659325] GICv3: CPU50: found redistributor 280200 region 50:0x00002000ae180000
Jul 24 13:10:07 ubuntu kernel: [    1.659345] GICv3: CPU50: using allocated LPI pending table @0x00000027ff3d0000
Jul 24 13:10:07 ubuntu kernel: [    1.659397] CPU50: Booted secondary processor 0x0000280200 [0x481fd010]
Jul 24 13:10:07 ubuntu kernel: [    1.692107] Detected VIPT I-cache on CPU51
Jul 24 13:10:07 ubuntu kernel: [    1.692135] GICv3: CPU51: found redistributor 280300 region 51:0x00002000ae1c0000
Jul 24 13:10:07 ubuntu kernel: [    1.692155] GICv3: CPU51: using allocated LPI pending table @0x00000027ff3e0000
Jul 24 13:10:07 ubuntu kernel: [    1.692207] CPU51: Booted secondary processor 0x0000280300 [0x481fd010]
Jul 24 13:10:07 ubuntu kernel: [    1.725096] Detected VIPT I-cache on CPU52
Jul 24 13:10:07 ubuntu kernel: [    1.725126] GICv3: CPU52: found redistributor 290000 region 52:0x00002000ae200000
Jul 24 13:10:07 ubuntu kernel: [    1.725164] GICv3: CPU52: using allocated LPI pending table @0x00000027ff3f0000
Jul 24 13:10:07 ubuntu kernel: [    1.725219] CPU52: Booted secondary processor 0x0000290000 [0x481fd010]
Jul 24 13:10:07 ubuntu kernel: [    1.758075] Detected VIPT I-cache on CPU53
Jul 24 13:10:07 ubuntu kernel: [    1.758103] GICv3: CPU53: found redistributor 290100 region 53:0x00002000ae240000
Jul 24 13:10:07 ubuntu kernel: [    1.758122] GICv3: CPU53: using allocated LPI pending table @0x00000027fec00000
Jul 24 13:10:07 ubuntu kernel: [    1.758173] CPU53: Booted secondary processor 0x0000290100 [0x481fd010]
Jul 24 13:10:07 ubuntu kernel: [    1.791059] Detected VIPT I-cache on CPU54
Jul 24 13:10:07 ubuntu kernel: [    1.791087] GICv3: CPU54: found redistributor 290200 region 54:0x00002000ae280000
Jul 24 13:10:07 ubuntu kernel: [    1.791105] GICv3: CPU54: using allocated LPI pending table @0x00000027fec10000
Jul 24 13:10:07 ubuntu kernel: [    1.791157] CPU54: Booted secondary processor 0x0000290200 [0x481fd010]
Jul 24 13:10:07 ubuntu kernel: [    1.824044] Detected VIPT I-cache on CPU55
Jul 24 13:10:07 ubuntu kernel: [    1.824072] GICv3: CPU55: found redistributor 290300 region 55:0x00002000ae2c0000
Jul 24 13:10:07 ubuntu kernel: [    1.824089] GICv3: CPU55: using allocated LPI pending table @0x00000027fec20000
Jul 24 13:10:07 ubuntu kernel: [    1.824141] CPU55: Booted secondary processor 0x0000290300 [0x481fd010]
Jul 24 13:10:07 ubuntu kernel: [    1.857205] Detected VIPT I-cache on CPU56
Jul 24 13:10:07 ubuntu kernel: [    1.857235] GICv3: CPU56: found redistributor 2a0000 region 56:0x00002000ae300000
Jul 24 13:10:07 ubuntu kernel: [    1.857260] GICv3: CPU56: using allocated LPI pending table @0x00000027fec30000
Jul 24 13:10:07 ubuntu kernel: [    1.857316] CPU56: Booted secondary processor 0x00002a0000 [0x481fd010]
Jul 24 13:10:07 ubuntu kernel: [    1.890358] Detected VIPT I-cache on CPU57
Jul 24 13:10:07 ubuntu kernel: [    1.890388] GICv3: CPU57: found redistributor 2a0100 region 57:0x00002000ae340000
Jul 24 13:10:07 ubuntu kernel: [    1.890406] GICv3: CPU57: using allocated LPI pending table @0x00000027fec40000
Jul 24 13:10:07 ubuntu kernel: [    1.890458] CPU57: Booted secondary processor 0x00002a0100 [0x481fd010]
Jul 24 13:10:07 ubuntu kernel: [    1.923516] Detected VIPT I-cache on CPU58
Jul 24 13:10:07 ubuntu kernel: [    1.923545] GICv3: CPU58: found redistributor 2a0200 region 58:0x00002000ae380000
Jul 24 13:10:07 ubuntu kernel: [    1.923563] GICv3: CPU58: using allocated LPI pending table @0x00000027fec50000
Jul 24 13:10:07 ubuntu kernel: [    1.923615] CPU58: Booted secondary processor 0x00002a0200 [0x481fd010]
Jul 24 13:10:07 ubuntu kernel: [    1.956673] Detected VIPT I-cache on CPU59
Jul 24 13:10:07 ubuntu kernel: [    1.956703] GICv3: CPU59: found redistributor 2a0300 region 59:0x00002000ae3c0000
Jul 24 13:10:07 ubuntu kernel: [    1.956721] GICv3: CPU59: using allocated LPI pending table @0x00000027fec60000
Jul 24 13:10:07 ubuntu kernel: [    1.956773] CPU59: Booted secondary processor 0x00002a0300 [0x481fd010]
Jul 24 13:10:07 ubuntu kernel: [    1.990009] Detected VIPT I-cache on CPU60
Jul 24 13:10:07 ubuntu kernel: [    1.990040] GICv3: CPU60: found redistributor 2b0000 region 60:0x00002000ae400000
Jul 24 13:10:07 ubuntu kernel: [    1.990067] GICv3: CPU60: using allocated LPI pending table @0x00000027fec70000
Jul 24 13:10:07 ubuntu kernel: [    1.990123] CPU60: Booted secondary processor 0x00002b0000 [0x481fd010]
Jul 24 13:10:07 ubuntu kernel: [    2.023336] Detected VIPT I-cache on CPU61
Jul 24 13:10:07 ubuntu kernel: [    2.023365] GICv3: CPU61: found redistributor 2b0100 region 61:0x00002000ae440000
Jul 24 13:10:07 ubuntu kernel: [    2.023387] GICv3: CPU61: using allocated LPI pending table @0x00000027fec80000
Jul 24 13:10:07 ubuntu kernel: [    2.023439] CPU61: Booted secondary processor 0x00002b0100 [0x481fd010]
Jul 24 13:10:07 ubuntu kernel: [    2.056667] Detected VIPT I-cache on CPU62
Jul 24 13:10:07 ubuntu kernel: [    2.056697] GICv3: CPU62: found redistributor 2b0200 region 62:0x00002000ae480000
Jul 24 13:10:07 ubuntu kernel: [    2.056715] GICv3: CPU62: using allocated LPI pending table @0x00000027fec90000
Jul 24 13:10:07 ubuntu kernel: [    2.056768] CPU62: Booted secondary processor 0x00002b0200 [0x481fd010]
Jul 24 13:10:07 ubuntu kernel: [    2.089998] Detected VIPT I-cache on CPU63
Jul 24 13:10:07 ubuntu kernel: [    2.090028] GICv3: CPU63: found redistributor 2b0300 region 63:0x00002000ae4c0000
Jul 24 13:10:07 ubuntu kernel: [    2.090049] GICv3: CPU63: using allocated LPI pending table @0x00000027feca0000
Jul 24 13:10:07 ubuntu kernel: [    2.090101] CPU63: Booted secondary processor 0x00002b0300 [0x481fd010]
Jul 24 13:10:07 ubuntu kernel: [    2.122812] Detected VIPT I-cache on CPU64
Jul 24 13:10:07 ubuntu kernel: [    2.122843] GICv3: CPU64: found redistributor 2c0000 region 64:0x00002000ae500000
Jul 24 13:10:07 ubuntu kernel: [    2.122873] GICv3: CPU64: using allocated LPI pending table @0x00000027fecb0000
Jul 24 13:10:07 ubuntu kernel: [    2.122929] CPU64: Booted secondary processor 0x00002c0000 [0x481fd010]
Jul 24 13:10:07 ubuntu kernel: [    2.155619] Detected VIPT I-cache on CPU65
Jul 24 13:10:07 ubuntu kernel: [    2.155649] GICv3: CPU65: found redistributor 2c0100 region 65:0x00002000ae540000
Jul 24 13:10:07 ubuntu kernel: [    2.155670] GICv3: CPU65: using allocated LPI pending table @0x00000027fecc0000
Jul 24 13:10:07 ubuntu kernel: [    2.155722] CPU65: Booted secondary processor 0x00002c0100 [0x481fd010]
Jul 24 13:10:07 ubuntu kernel: [    2.188429] Detected VIPT I-cache on CPU66
Jul 24 13:10:07 ubuntu kernel: [    2.188458] GICv3: CPU66: found redistributor 2c0200 region 66:0x00002000ae580000
Jul 24 13:10:07 ubuntu kernel: [    2.188478] GICv3: CPU66: using allocated LPI pending table @0x00000027fecd0000
Jul 24 13:10:07 ubuntu kernel: [    2.188530] CPU66: Booted secondary processor 0x00002c0200 [0x481fd010]
Jul 24 13:10:07 ubuntu kernel: [    2.221239] Detected VIPT I-cache on CPU67
Jul 24 13:10:07 ubuntu kernel: [    2.221269] GICv3: CPU67: found redistributor 2c0300 region 67:0x00002000ae5c0000
Jul 24 13:10:07 ubuntu kernel: [    2.221289] GICv3: CPU67: using allocated LPI pending table @0x00000027fece0000
Jul 24 13:10:07 ubuntu kernel: [    2.221342] CPU67: Booted secondary processor 0x00002c0300 [0x481fd010]
Jul 24 13:10:07 ubuntu kernel: [    2.254228] Detected VIPT I-cache on CPU68
Jul 24 13:10:07 ubuntu kernel: [    2.254259] GICv3: CPU68: found redistributor 2d0000 region 68:0x00002000ae600000
Jul 24 13:10:07 ubuntu kernel: [    2.254290] GICv3: CPU68: using allocated LPI pending table @0x00000027fecf0000
Jul 24 13:10:07 ubuntu kernel: [    2.254346] CPU68: Booted secondary processor 0x00002d0000 [0x481fd010]
Jul 24 13:10:07 ubuntu kernel: [    2.287208] Detected VIPT I-cache on CPU69
Jul 24 13:10:07 ubuntu kernel: [    2.287238] GICv3: CPU69: found redistributor 2d0100 region 69:0x00002000ae640000
Jul 24 13:10:07 ubuntu kernel: [    2.287257] GICv3: CPU69: using allocated LPI pending table @0x00000027fed00000
Jul 24 13:10:07 ubuntu kernel: [    2.287310] CPU69: Booted secondary processor 0x00002d0100 [0x481fd010]
Jul 24 13:10:07 ubuntu kernel: [    2.320192] Detected VIPT I-cache on CPU70
Jul 24 13:10:07 ubuntu kernel: [    2.320221] GICv3: CPU70: found redistributor 2d0200 region 70:0x00002000ae680000
Jul 24 13:10:07 ubuntu kernel: [    2.320241] GICv3: CPU70: using allocated LPI pending table @0x00000027fed10000
Jul 24 13:10:07 ubuntu kernel: [    2.320294] CPU70: Booted secondary processor 0x00002d0200 [0x481fd010]
Jul 24 13:10:07 ubuntu kernel: [    2.353176] Detected VIPT I-cache on CPU71
Jul 24 13:10:07 ubuntu kernel: [    2.353206] GICv3: CPU71: found redistributor 2d0300 region 71:0x00002000ae6c0000
Jul 24 13:10:07 ubuntu kernel: [    2.353225] GICv3: CPU71: using allocated LPI pending table @0x00000027fed20000
Jul 24 13:10:07 ubuntu kernel: [    2.353278] CPU71: Booted secondary processor 0x00002d0300 [0x481fd010]
Jul 24 13:10:07 ubuntu kernel: [    2.393304] Detected VIPT I-cache on CPU72
Jul 24 13:10:07 ubuntu kernel: [    2.393357] GICv3: CPU72: found redistributor 380000 region 72:0x00002000aa100000
Jul 24 13:10:07 ubuntu kernel: [    2.393415] GICv3: CPU72: using allocated LPI pending table @0x00000027fed30000
Jul 24 13:10:07 ubuntu kernel: [    2.393499] CPU72: Booted secondary processor 0x0000380000 [0x481fd010]
Jul 24 13:10:07 ubuntu kernel: [    2.433381] Detected VIPT I-cache on CPU73
Jul 24 13:10:07 ubuntu kernel: [    2.433417] GICv3: CPU73: found redistributor 380100 region 73:0x00002000aa140000
Jul 24 13:10:07 ubuntu kernel: [    2.433439] GICv3: CPU73: using allocated LPI pending table @0x00000027fed40000
Jul 24 13:10:07 ubuntu kernel: [    2.433496] CPU73: Booted secondary processor 0x0000380100 [0x481fd010]
Jul 24 13:10:07 ubuntu kernel: [    2.473483] Detected VIPT I-cache on CPU74
Jul 24 13:10:07 ubuntu kernel: [    2.473519] GICv3: CPU74: found redistributor 380200 region 74:0x00002000aa180000
Jul 24 13:10:07 ubuntu kernel: [    2.473541] GICv3: CPU74: using allocated LPI pending table @0x00000027fed50000
Jul 24 13:10:07 ubuntu kernel: [    2.473599] CPU74: Booted secondary processor 0x0000380200 [0x481fd010]
Jul 24 13:10:07 ubuntu kernel: [    2.513584] Detected VIPT I-cache on CPU75
Jul 24 13:10:07 ubuntu kernel: [    2.513620] GICv3: CPU75: found redistributor 380300 region 75:0x00002000aa1c0000
Jul 24 13:10:07 ubuntu kernel: [    2.513642] GICv3: CPU75: using allocated LPI pending table @0x00000027fed60000
Jul 24 13:10:07 ubuntu kernel: [    2.513699] CPU75: Booted secondary processor 0x0000380300 [0x481fd010]
Jul 24 13:10:07 ubuntu kernel: [    2.553862] Detected VIPT I-cache on CPU76
Jul 24 13:10:07 ubuntu kernel: [    2.553900] GICv3: CPU76: found redistributor 390000 region 76:0x00002000aa200000
Jul 24 13:10:07 ubuntu kernel: [    2.553935] GICv3: CPU76: using allocated LPI pending table @0x00000027fed70000
Jul 24 13:10:07 ubuntu kernel: [    2.553996] CPU76: Booted secondary processor 0x0000390000 [0x481fd010]
Jul 24 13:10:07 ubuntu kernel: [    2.594136] Detected VIPT I-cache on CPU77
Jul 24 13:10:07 ubuntu kernel: [    2.594172] GICv3: CPU77: found redistributor 390100 region 77:0x00002000aa240000
Jul 24 13:10:07 ubuntu kernel: [    2.594195] GICv3: CPU77: using allocated LPI pending table @0x00000027fed80000
Jul 24 13:10:07 ubuntu kernel: [    2.594252] CPU77: Booted secondary processor 0x0000390100 [0x481fd010]
Jul 24 13:10:07 ubuntu kernel: [    2.634410] Detected VIPT I-cache on CPU78
Jul 24 13:10:07 ubuntu kernel: [    2.634446] GICv3: CPU78: found redistributor 390200 region 78:0x00002000aa280000
Jul 24 13:10:07 ubuntu kernel: [    2.634469] GICv3: CPU78: using allocated LPI pending table @0x00000027fed90000
Jul 24 13:10:07 ubuntu kernel: [    2.634526] CPU78: Booted secondary processor 0x0000390200 [0x481fd010]
Jul 24 13:10:07 ubuntu kernel: [    2.674686] Detected VIPT I-cache on CPU79
Jul 24 13:10:07 ubuntu kernel: [    2.674722] GICv3: CPU79: found redistributor 390300 region 79:0x00002000aa2c0000
Jul 24 13:10:07 ubuntu kernel: [    2.674746] GICv3: CPU79: using allocated LPI pending table @0x00000027feda0000
Jul 24 13:10:07 ubuntu kernel: [    2.674803] CPU79: Booted secondary processor 0x0000390300 [0x481fd010]
Jul 24 13:10:07 ubuntu kernel: [    2.715138] Detected VIPT I-cache on CPU80
Jul 24 13:10:07 ubuntu kernel: [    2.715176] GICv3: CPU80: found redistributor 3a0000 region 80:0x00002000aa300000
Jul 24 13:10:07 ubuntu kernel: [    2.715211] GICv3: CPU80: using allocated LPI pending table @0x00000027fedb0000
Jul 24 13:10:07 ubuntu kernel: [    2.715272] CPU80: Booted secondary processor 0x00003a0000 [0x481fd010]
Jul 24 13:10:07 ubuntu kernel: [    2.755583] Detected VIPT I-cache on CPU81
Jul 24 13:10:07 ubuntu kernel: [    2.755620] GICv3: CPU81: found redistributor 3a0100 region 81:0x00002000aa340000
Jul 24 13:10:07 ubuntu kernel: [    2.755643] GICv3: CPU81: using allocated LPI pending table @0x00000027fedc0000
Jul 24 13:10:07 ubuntu kernel: [    2.755701] CPU81: Booted secondary processor 0x00003a0100 [0x481fd010]
Jul 24 13:10:07 ubuntu kernel: [    2.796032] Detected VIPT I-cache on CPU82
Jul 24 13:10:07 ubuntu kernel: [    2.796069] GICv3: CPU82: found redistributor 3a0200 region 82:0x00002000aa380000
Jul 24 13:10:07 ubuntu kernel: [    2.796091] GICv3: CPU82: using allocated LPI pending table @0x00000027fedd0000
Jul 24 13:10:07 ubuntu kernel: [    2.796149] CPU82: Booted secondary processor 0x00003a0200 [0x481fd010]
Jul 24 13:10:07 ubuntu kernel: [    2.836480] Detected VIPT I-cache on CPU83
Jul 24 13:10:07 ubuntu kernel: [    2.836518] GICv3: CPU83: found redistributor 3a0300 region 83:0x00002000aa3c0000
Jul 24 13:10:07 ubuntu kernel: [    2.836540] GICv3: CPU83: using allocated LPI pending table @0x00000027fede0000
Jul 24 13:10:07 ubuntu kernel: [    2.836597] CPU83: Booted secondary processor 0x00003a0300 [0x481fd010]
Jul 24 13:10:07 ubuntu kernel: [    2.877106] Detected VIPT I-cache on CPU84
Jul 24 13:10:07 ubuntu kernel: [    2.877145] GICv3: CPU84: found redistributor 3b0000 region 84:0x00002000aa400000
Jul 24 13:10:07 ubuntu kernel: [    2.877179] GICv3: CPU84: using allocated LPI pending table @0x00000027fedf0000
Jul 24 13:10:07 ubuntu kernel: [    2.877241] CPU84: Booted secondary processor 0x00003b0000 [0x481fd010]
Jul 24 13:10:07 ubuntu kernel: [    2.917725] Detected VIPT I-cache on CPU85
Jul 24 13:10:07 ubuntu kernel: [    2.917762] GICv3: CPU85: found redistributor 3b0100 region 85:0x00002000aa440000
Jul 24 13:10:07 ubuntu kernel: [    2.917786] GICv3: CPU85: using allocated LPI pending table @0x00000027fee00000
Jul 24 13:10:07 ubuntu kernel: [    2.917844] CPU85: Booted secondary processor 0x00003b0100 [0x481fd010]
Jul 24 13:10:07 ubuntu kernel: [    2.958348] Detected VIPT I-cache on CPU86
Jul 24 13:10:07 ubuntu kernel: [    2.958385] GICv3: CPU86: found redistributor 3b0200 region 86:0x00002000aa480000
Jul 24 13:10:07 ubuntu kernel: [    2.958408] GICv3: CPU86: using allocated LPI pending table @0x00000027fee10000
Jul 24 13:10:07 ubuntu kernel: [    2.958466] CPU86: Booted secondary processor 0x00003b0200 [0x481fd010]
Jul 24 13:10:07 ubuntu kernel: [    2.998970] Detected VIPT I-cache on CPU87
Jul 24 13:10:07 ubuntu kernel: [    2.999008] GICv3: CPU87: found redistributor 3b0300 region 87:0x00002000aa4c0000
Jul 24 13:10:07 ubuntu kernel: [    2.999031] GICv3: CPU87: using allocated LPI pending table @0x00000027fee20000
Jul 24 13:10:07 ubuntu kernel: [    2.999089] CPU87: Booted secondary processor 0x00003b0300 [0x481fd010]
Jul 24 13:10:07 ubuntu kernel: [    3.039074] Detected VIPT I-cache on CPU88
Jul 24 13:10:07 ubuntu kernel: [    3.039113] GICv3: CPU88: found redistributor 3c0000 region 88:0x00002000aa500000
Jul 24 13:10:07 ubuntu kernel: [    3.039147] GICv3: CPU88: using allocated LPI pending table @0x00000027fee30000
Jul 24 13:10:07 ubuntu kernel: [    3.039210] CPU88: Booted secondary processor 0x00003c0000 [0x481fd010]
Jul 24 13:10:07 ubuntu kernel: [    3.079173] Detected VIPT I-cache on CPU89
Jul 24 13:10:07 ubuntu kernel: [    3.079210] GICv3: CPU89: found redistributor 3c0100 region 89:0x00002000aa540000
Jul 24 13:10:07 ubuntu kernel: [    3.079235] GICv3: CPU89: using allocated LPI pending table @0x00000027fee40000
Jul 24 13:10:07 ubuntu kernel: [    3.079293] CPU89: Booted secondary processor 0x00003c0100 [0x481fd010]
Jul 24 13:10:07 ubuntu kernel: [    3.119274] Detected VIPT I-cache on CPU90
Jul 24 13:10:07 ubuntu kernel: [    3.119311] GICv3: CPU90: found redistributor 3c0200 region 90:0x00002000aa580000
Jul 24 13:10:07 ubuntu kernel: [    3.119335] GICv3: CPU90: using allocated LPI pending table @0x00000027fee50000
Jul 24 13:10:07 ubuntu kernel: [    3.119393] CPU90: Booted secondary processor 0x00003c0200 [0x481fd010]
Jul 24 13:10:07 ubuntu kernel: [    3.159376] Detected VIPT I-cache on CPU91
Jul 24 13:10:07 ubuntu kernel: [    3.159413] GICv3: CPU91: found redistributor 3c0300 region 91:0x00002000aa5c0000
Jul 24 13:10:07 ubuntu kernel: [    3.159436] GICv3: CPU91: using allocated LPI pending table @0x00000027fee60000
Jul 24 13:10:07 ubuntu kernel: [    3.159494] CPU91: Booted secondary processor 0x00003c0300 [0x481fd010]
Jul 24 13:10:07 ubuntu kernel: [    3.199655] Detected VIPT I-cache on CPU92
Jul 24 13:10:07 ubuntu kernel: [    3.199694] GICv3: CPU92: found redistributor 3d0000 region 92:0x00002000aa600000
Jul 24 13:10:07 ubuntu kernel: [    3.199728] GICv3: CPU92: using allocated LPI pending table @0x00000027fee70000
Jul 24 13:10:07 ubuntu kernel: [    3.199791] CPU92: Booted secondary processor 0x00003d0000 [0x481fd010]
Jul 24 13:10:07 ubuntu kernel: [    3.239927] Detected VIPT I-cache on CPU93
Jul 24 13:10:07 ubuntu kernel: [    3.239965] GICv3: CPU93: found redistributor 3d0100 region 93:0x00002000aa640000
Jul 24 13:10:07 ubuntu kernel: [    3.239988] GICv3: CPU93: using allocated LPI pending table @0x00000027fee80000
Jul 24 13:10:07 ubuntu kernel: [    3.240046] CPU93: Booted secondary processor 0x00003d0100 [0x481fd010]
Jul 24 13:10:07 ubuntu kernel: [    3.280202] Detected VIPT I-cache on CPU94
Jul 24 13:10:07 ubuntu kernel: [    3.280239] GICv3: CPU94: found redistributor 3d0200 region 94:0x00002000aa680000
Jul 24 13:10:07 ubuntu kernel: [    3.280264] GICv3: CPU94: using allocated LPI pending table @0x00000027fee90000
Jul 24 13:10:07 ubuntu kernel: [    3.280322] CPU94: Booted secondary processor 0x00003d0200 [0x481fd010]
Jul 24 13:10:07 ubuntu kernel: [    3.320477] Detected VIPT I-cache on CPU95
Jul 24 13:10:07 ubuntu kernel: [    3.320515] GICv3: CPU95: found redistributor 3d0300 region 95:0x00002000aa6c0000
Jul 24 13:10:07 ubuntu kernel: [    3.320537] GICv3: CPU95: using allocated LPI pending table @0x00000027feea0000
Jul 24 13:10:07 ubuntu kernel: [    3.320596] CPU95: Booted secondary processor 0x00003d0300 [0x481fd010]
Jul 24 13:10:07 ubuntu kernel: [    3.321430] smp: Brought up 4 nodes, 96 CPUs
Jul 24 13:10:07 ubuntu kernel: [    3.321988] SMP: Total of 96 processors activated.
Jul 24 13:10:07 ubuntu kernel: [    3.321991] CPU features: detected: Privileged Access Never
Jul 24 13:10:07 ubuntu kernel: [    3.321993] CPU features: detected: LSE atomic instructions
Jul 24 13:10:07 ubuntu kernel: [    3.321994] CPU features: detected: User Access Override
Jul 24 13:10:07 ubuntu kernel: [    3.321996] CPU features: detected: Common not Private translations
Jul 24 13:10:07 ubuntu kernel: [    3.321999] CPU features: detected: Data cache clean to Point of Persistence
Jul 24 13:10:07 ubuntu kernel: [    3.322001] CPU features: detected: RAS Extension Support
Jul 24 13:10:07 ubuntu kernel: [    3.322003] CPU features: detected: CRC32 instructions
Jul 24 13:10:07 ubuntu kernel: [    3.385995] CPU: All CPU(s) started at EL2
Jul 24 13:10:07 ubuntu kernel: [    3.402331] devtmpfs: initialized
Jul 24 13:10:07 ubuntu kernel: [    3.404974] Registered cp15_barrier emulation handler
Jul 24 13:10:07 ubuntu kernel: [    3.405013] Registered setend emulation handler
Jul 24 13:10:07 ubuntu kernel: [    3.405017] KASLR disabled due to lack of seed
Jul 24 13:10:07 ubuntu kernel: [    3.405423] clocksource: jiffies: mask: 0xffffffff max_cycles: 0xffffffff, max_idle_ns: 7645041785100000 ns
Jul 24 13:10:07 ubuntu kernel: [    3.405835] futex hash table entries: 32768 (order: 9, 2097152 bytes, vmalloc)
Jul 24 13:10:07 ubuntu kernel: [    3.406674] pinctrl core: initialized pinctrl subsystem
Jul 24 13:10:07 ubuntu kernel: [    3.406835] thermal_sys: Registered thermal governor 'fair_share'
Jul 24 13:10:07 ubuntu kernel: [    3.406836] thermal_sys: Registered thermal governor 'bang_bang'
Jul 24 13:10:07 ubuntu kernel: [    3.406840] thermal_sys: Registered thermal governor 'step_wise'
Jul 24 13:10:07 ubuntu kernel: [    3.406842] thermal_sys: Registered thermal governor 'user_space'
Jul 24 13:10:07 ubuntu kernel: [    3.406953] SMBIOS 3.1.1 present.
Jul 24 13:10:07 ubuntu kernel: [    3.406958] DMI: Huawei TaiShan 200 (Model 2280)/BC82AMDDA, BIOS 1.06 10/29/2019
Jul 24 13:10:07 ubuntu kernel: [    3.407365] NET: Registered protocol family 16
Jul 24 13:10:07 ubuntu kernel: [    3.408456] DMA: preallocated 256 KiB pool for atomic allocations
Jul 24 13:10:07 ubuntu kernel: [    3.408461] audit: initializing netlink subsys (disabled)
Jul 24 13:10:07 ubuntu kernel: [    3.408504] audit: type=2000 audit(0.488:1): state=initialized audit_enabled=0 res=1
Jul 24 13:10:07 ubuntu kernel: [    3.408738] cpuidle: using governor ladder
Jul 24 13:10:07 ubuntu kernel: [    3.408809] cpuidle: using governor menu
Jul 24 13:10:07 ubuntu kernel: [    3.408818] Detected 1 PCC Subspaces
Jul 24 13:10:07 ubuntu kernel: [    3.408847] Registering PCC driver as Mailbox controller
Jul 24 13:10:07 ubuntu kernel: [    3.408928] hw-breakpoint: found 6 breakpoint and 4 watchpoint registers.
Jul 24 13:10:07 ubuntu kernel: [    3.409811] ASID allocator initialised with 65536 entries
Jul 24 13:10:07 ubuntu kernel: [    3.409951] ACPI: bus type PCI registered
Jul 24 13:10:07 ubuntu kernel: [    3.409956] acpiphp: ACPI Hot Plug PCI Controller Driver version: 0.5
Jul 24 13:10:07 ubuntu kernel: [    3.410121] Serial: AMBA PL011 UART driver
Jul 24 13:10:07 ubuntu kernel: [    3.417215] HugeTLB registered 1.00 GiB page size, pre-allocated 0 pages
Jul 24 13:10:07 ubuntu kernel: [    3.417219] HugeTLB registered 32.0 MiB page size, pre-allocated 0 pages
Jul 24 13:10:07 ubuntu kernel: [    3.417222] HugeTLB registered 2.00 MiB page size, pre-allocated 0 pages
Jul 24 13:10:07 ubuntu kernel: [    3.417224] HugeTLB registered 64.0 KiB page size, pre-allocated 0 pages
Jul 24 13:10:07 ubuntu kernel: [    3.420847] fbcon: Taking over console
Jul 24 13:10:07 ubuntu kernel: [    3.421261] ACPI: Added _OSI(Module Device)
Jul 24 13:10:07 ubuntu kernel: [    3.421264] ACPI: Added _OSI(Processor Device)
Jul 24 13:10:07 ubuntu kernel: [    3.421267] ACPI: Added _OSI(3.0 _SCP Extensions)
Jul 24 13:10:07 ubuntu kernel: [    3.421269] ACPI: Added _OSI(Processor Aggregator Device)
Jul 24 13:10:07 ubuntu kernel: [    3.421271] ACPI: Added _OSI(Linux-Dell-Video)
Jul 24 13:10:07 ubuntu kernel: [    3.421274] ACPI: Added _OSI(Linux-Lenovo-NV-HDMI-Audio)
Jul 24 13:10:07 ubuntu kernel: [    3.421276] ACPI: Added _OSI(Linux-HPI-Hybrid-Graphics)
Jul 24 13:10:07 ubuntu kernel: [    3.430660] ACPI: 2 ACPI AML tables successfully acquired and loaded
Jul 24 13:10:07 ubuntu kernel: [    3.434239] ACPI: Interpreter enabled
Jul 24 13:10:07 ubuntu kernel: [    3.434243] ACPI: Using GIC for interrupt routing
Jul 24 13:10:07 ubuntu kernel: [    3.434259] ACPI: MCFG table detected, 1 entries
Jul 24 13:10:07 ubuntu kernel: [    3.434262] ACPI: IORT: [Firmware Bug]: ID count for ID mapping entry is wrong, applying workaround
Jul 24 13:10:07 ubuntu kernel: [    3.434267] ACPI: IORT: SMMU-v3[148000000] Mapped to Proximity domain 0
Jul 24 13:10:07 ubuntu kernel: [    3.434321] ACPI: IORT: SMMU-v3[201000000] Mapped to Proximity domain 0
Jul 24 13:10:07 ubuntu kernel: [    3.434345] ACPI: IORT: SMMU-v3[100000000] Mapped to Proximity domain 0
Jul 24 13:10:07 ubuntu kernel: [    3.434371] ACPI: IORT: SMMU-v3[140000000] Mapped to Proximity domain 0
Jul 24 13:10:07 ubuntu kernel: [    3.434392] ACPI: IORT: SMMU-v3[200148000000] Mapped to Proximity domain 2
Jul 24 13:10:07 ubuntu kernel: [    3.434416] ACPI: IORT: SMMU-v3[200201000000] Mapped to Proximity domain 2
Jul 24 13:10:07 ubuntu kernel: [    3.434437] ACPI: IORT: SMMU-v3[200100000000] Mapped to Proximity domain 2
Jul 24 13:10:07 ubuntu kernel: [    3.434459] ACPI: IORT: SMMU-v3[200140000000] Mapped to Proximity domain 2
Jul 24 13:10:07 ubuntu kernel: [    3.435086] HEST: Table parsing has been initialized.
Jul 24 13:10:07 ubuntu kernel: [    3.462448] ACPI: PCI Root Bridge [PCI0] (domain 0000 [bus 00-3f])
Jul 24 13:10:07 ubuntu kernel: [    3.462456] acpi PNP0A08:00: _OSC: OS supports [ExtendedConfig ASPM ClockPM Segments MSI HPX-Type3]
Jul 24 13:10:07 ubuntu kernel: [    3.462562] acpi PNP0A08:00: _OSC: platform does not support [SHPCHotplug LTR]
Jul 24 13:10:07 ubuntu kernel: [    3.462652] acpi PNP0A08:00: _OSC: OS now controls [PCIeHotplug PME AER PCIeCapability]
Jul 24 13:10:07 ubuntu kernel: [    3.463261] acpi PNP0A08:00: ECAM area [mem 0xd0000000-0xd3ffffff] reserved by PNP0C02:00
Jul 24 13:10:07 ubuntu kernel: [    3.463272] acpi PNP0A08:00: ECAM at [mem 0xd0000000-0xd3ffffff] for [bus 00-3f]
Jul 24 13:10:07 ubuntu kernel: [    3.463299] Remapped I/O 0x00000000f7ff0000 to [io  0x0000-0xffff window]
Jul 24 13:10:07 ubuntu kernel: [    3.463353] PCI host bridge to bus 0000:00
Jul 24 13:10:07 ubuntu kernel: [    3.463357] pci_bus 0000:00: root bus resource [mem 0x80000000000-0x82fffffffff pref window]
Jul 24 13:10:07 ubuntu kernel: [    3.463361] pci_bus 0000:00: root bus resource [mem 0xe0000000-0xf7feffff window]
Jul 24 13:10:07 ubuntu kernel: [    3.463364] pci_bus 0000:00: root bus resource [io  0x0000-0xffff window]
Jul 24 13:10:07 ubuntu kernel: [    3.463367] pci_bus 0000:00: root bus resource [bus 00-3f]
Jul 24 13:10:07 ubuntu kernel: [    3.463399] pci 0000:00:00.0: [19e5:a120] type 01 class 0x060400
Jul 24 13:10:07 ubuntu kernel: [    3.463465] pci 0000:00:00.0: PME# supported from D0 D1 D2 D3hot D3cold
Jul 24 13:10:07 ubuntu kernel: [    3.463539] pci 0000:00:04.0: [19e5:a120] type 01 class 0x060400
Jul 24 13:10:07 ubuntu kernel: [    3.463596] pci 0000:00:04.0: PME# supported from D0 D1 D2 D3hot D3cold
Jul 24 13:10:07 ubuntu kernel: [    3.463649] pci 0000:00:08.0: [19e5:a120] type 01 class 0x060400
Jul 24 13:10:07 ubuntu kernel: [    3.463704] pci 0000:00:08.0: PME# supported from D0 D1 D2 D3hot D3cold
Jul 24 13:10:07 ubuntu kernel: [    3.463752] pci 0000:00:0c.0: [19e5:a120] type 01 class 0x060400
Jul 24 13:10:07 ubuntu kernel: [    3.463806] pci 0000:00:0c.0: PME# supported from D0 D1 D2 D3hot D3cold
Jul 24 13:10:07 ubuntu kernel: [    3.463855] pci 0000:00:10.0: [19e5:a120] type 01 class 0x060400
Jul 24 13:10:07 ubuntu kernel: [    3.463910] pci 0000:00:10.0: PME# supported from D0 D1 D2 D3hot D3cold
Jul 24 13:10:07 ubuntu kernel: [    3.463957] pci 0000:00:11.0: [19e5:a120] type 01 class 0x060400
Jul 24 13:10:07 ubuntu kernel: [    3.464012] pci 0000:00:11.0: PME# supported from D0 D1 D2 D3hot D3cold
Jul 24 13:10:07 ubuntu kernel: [    3.464059] pci 0000:00:12.0: [19e5:a120] type 01 class 0x060400
Jul 24 13:10:07 ubuntu kernel: [    3.464113] pci 0000:00:12.0: PME# supported from D0 D1 D2 D3hot D3cold
Jul 24 13:10:07 ubuntu kernel: [    3.464224] pci 0000:03:00.0: [1000:0016] type 00 class 0x010400
Jul 24 13:10:07 ubuntu kernel: [    3.464246] pci 0000:03:00.0: reg 0x10: [mem 0x80000100000-0x800001fffff 64bit pref]
Jul 24 13:10:07 ubuntu kernel: [    3.464256] pci 0000:03:00.0: reg 0x18: [mem 0x80000000000-0x800000fffff 64bit pref]
Jul 24 13:10:07 ubuntu kernel: [    3.464264] pci 0000:03:00.0: reg 0x20: [mem 0xe6400000-0xe64fffff]
Jul 24 13:10:07 ubuntu kernel: [    3.464272] pci 0000:03:00.0: reg 0x24: [io  0x0000-0x00ff]
Jul 24 13:10:07 ubuntu kernel: [    3.464280] pci 0000:03:00.0: reg 0x30: [mem 0xe6300000-0xe63fffff pref]
Jul 24 13:10:07 ubuntu kernel: [    3.464348] pci 0000:03:00.0: supports D1 D2
Jul 24 13:10:07 ubuntu kernel: [    3.464475] pci 0000:05:00.0: [19e5:1710] type 00 class 0x118000
Jul 24 13:10:07 ubuntu kernel: [    3.464501] pci 0000:05:00.0: reg 0x10: [mem 0xe0000000-0xe3ffffff pref]
Jul 24 13:10:07 ubuntu kernel: [    3.464510] pci 0000:05:00.0: reg 0x14: [mem 0xe6200000-0xe62fffff]
Jul 24 13:10:07 ubuntu kernel: [    3.464662] pci 0000:05:00.0: supports D1
Jul 24 13:10:07 ubuntu kernel: [    3.464664] pci 0000:05:00.0: PME# supported from D0 D1 D3hot
Jul 24 13:10:07 ubuntu kernel: [    3.464788] pci 0000:06:00.0: [19e5:1711] type 00 class 0x030000
Jul 24 13:10:07 ubuntu kernel: [    3.464820] pci 0000:06:00.0: reg 0x10: [mem 0xe4000000-0xe5ffffff pref]
Jul 24 13:10:07 ubuntu kernel: [    3.464833] pci 0000:06:00.0: reg 0x14: [mem 0xe6000000-0xe61fffff]
Jul 24 13:10:07 ubuntu kernel: [    3.464957] pci 0000:06:00.0: BAR 0: assigned to efifb
Jul 24 13:10:07 ubuntu kernel: [    3.465018] pci 0000:06:00.0: supports D1
Jul 24 13:10:07 ubuntu kernel: [    3.465020] pci 0000:06:00.0: PME# supported from D0 D1 D3hot
Jul 24 13:10:07 ubuntu kernel: [    3.465144] pci_bus 0000:00: on NUMA node 0
Jul 24 13:10:07 ubuntu kernel: [    3.465145] pci 0000:00:00.0: PCI bridge to [bus 01]
Jul 24 13:10:07 ubuntu kernel: [    3.465150] pci 0000:00:04.0: PCI bridge to [bus 02]
Jul 24 13:10:07 ubuntu kernel: [    3.465154] pci 0000:00:08.0: PCI bridge to [bus 03]
Jul 24 13:10:07 ubuntu kernel: [    3.465157] pci 0000:00:08.0:   bridge window [io  0x0000-0x0fff]
Jul 24 13:10:07 ubuntu kernel: [    3.465160] pci 0000:00:08.0:   bridge window [mem 0xe6300000-0xe64fffff]
Jul 24 13:10:07 ubuntu kernel: [    3.465164] pci 0000:00:08.0:   bridge window [mem 0x80000000000-0x800001fffff 64bit pref]
Jul 24 13:10:07 ubuntu kernel: [    3.465168] pci 0000:00:0c.0: PCI bridge to [bus 04]
Jul 24 13:10:07 ubuntu kernel: [    3.465172] pci 0000:00:10.0: PCI bridge to [bus 05]
Jul 24 13:10:07 ubuntu kernel: [    3.465180] pci 0000:00:10.0:   bridge window [mem 0xe6200000-0xe62fffff]
Jul 24 13:10:07 ubuntu kernel: [    3.465183] pci 0000:00:10.0:   bridge window [mem 0xe0000000-0xe3ffffff 64bit pref]
Jul 24 13:10:07 ubuntu kernel: [    3.465187] pci 0000:00:11.0: PCI bridge to [bus 06]
Jul 24 13:10:07 ubuntu kernel: [    3.465190] pci 0000:00:11.0:   bridge window [mem 0xe6000000-0xe61fffff]
Jul 24 13:10:07 ubuntu kernel: [    3.465194] pci 0000:00:11.0:   bridge window [mem 0xe4000000-0xe5ffffff 64bit pref]
Jul 24 13:10:07 ubuntu kernel: [    3.465197] pci 0000:00:12.0: PCI bridge to [bus 07]
Jul 24 13:10:07 ubuntu kernel: [    3.465207] pci 0000:00:00.0: PCI bridge to [bus 01]
Jul 24 13:10:07 ubuntu kernel: [    3.465212] pci 0000:00:04.0: PCI bridge to [bus 02]
Jul 24 13:10:07 ubuntu kernel: [    3.465217] pci 0000:00:08.0: PCI bridge to [bus 03]
Jul 24 13:10:07 ubuntu kernel: [    3.465219] pci 0000:00:08.0:   bridge window [io  0x0000-0x0fff]
Jul 24 13:10:07 ubuntu kernel: [    3.465223] pci 0000:00:08.0:   bridge window [mem 0xe6300000-0xe64fffff]
Jul 24 13:10:07 ubuntu kernel: [    3.465226] pci 0000:00:08.0:   bridge window [mem 0x80000000000-0x800001fffff 64bit pref]
Jul 24 13:10:07 ubuntu kernel: [    3.465230] pci 0000:00:0c.0: PCI bridge to [bus 04]
Jul 24 13:10:07 ubuntu kernel: [    3.465235] pci 0000:00:10.0: PCI bridge to [bus 05]
Jul 24 13:10:07 ubuntu kernel: [    3.465238] pci 0000:00:10.0:   bridge window [mem 0xe6200000-0xe62fffff]
Jul 24 13:10:07 ubuntu kernel: [    3.465242] pci 0000:00:10.0:   bridge window [mem 0xe0000000-0xe3ffffff 64bit pref]
Jul 24 13:10:07 ubuntu kernel: [    3.465245] pci 0000:00:11.0: PCI bridge to [bus 06]
Jul 24 13:10:07 ubuntu kernel: [    3.465248] pci 0000:00:11.0:   bridge window [mem 0xe6000000-0xe61fffff]
Jul 24 13:10:07 ubuntu kernel: [    3.465251] pci 0000:00:11.0:   bridge window [mem 0xe4000000-0xe5ffffff 64bit pref]
Jul 24 13:10:07 ubuntu kernel: [    3.465255] pci 0000:00:12.0: PCI bridge to [bus 07]
Jul 24 13:10:07 ubuntu kernel: [    3.465260] pci_bus 0000:00: resource 4 [mem 0x80000000000-0x82fffffffff pref window]
Jul 24 13:10:07 ubuntu kernel: [    3.465263] pci_bus 0000:00: resource 5 [mem 0xe0000000-0xf7feffff window]
Jul 24 13:10:07 ubuntu kernel: [    3.465266] pci_bus 0000:00: resource 6 [io  0x0000-0xffff window]
Jul 24 13:10:07 ubuntu kernel: [    3.465269] pci_bus 0000:03: resource 0 [io  0x0000-0x0fff]
Jul 24 13:10:07 ubuntu kernel: [    3.465272] pci_bus 0000:03: resource 1 [mem 0xe6300000-0xe64fffff]
Jul 24 13:10:07 ubuntu kernel: [    3.465274] pci_bus 0000:03: resource 2 [mem 0x80000000000-0x800001fffff 64bit pref]
Jul 24 13:10:07 ubuntu kernel: [    3.465278] pci_bus 0000:05: resource 1 [mem 0xe6200000-0xe62fffff]
Jul 24 13:10:07 ubuntu kernel: [    3.465280] pci_bus 0000:05: resource 2 [mem 0xe0000000-0xe3ffffff 64bit pref]
Jul 24 13:10:07 ubuntu kernel: [    3.465283] pci_bus 0000:06: resource 1 [mem 0xe6000000-0xe61fffff]
Jul 24 13:10:07 ubuntu kernel: [    3.465286] pci_bus 0000:06: resource 2 [mem 0xe4000000-0xe5ffffff 64bit pref]
Jul 24 13:10:07 ubuntu kernel: [    3.465338] ACPI: PCI Root Bridge [PCI1] (domain 0000 [bus 7b])
Jul 24 13:10:07 ubuntu kernel: [    3.465343] acpi PNP0A08:01: _OSC: OS supports [ExtendedConfig ASPM ClockPM Segments MSI HPX-Type3]
Jul 24 13:10:07 ubuntu kernel: [    3.465441] acpi PNP0A08:01: _OSC: platform does not support [PCIeHotplug SHPCHotplug PME AER LTR]
Jul 24 13:10:07 ubuntu kernel: [    3.465530] acpi PNP0A08:01: _OSC: OS now controls [PCIeCapability]
Jul 24 13:10:07 ubuntu kernel: [    3.466128] acpi PNP0A08:01: ECAM area [mem 0xd7b00000-0xd7bfffff] reserved by PNP0C02:00
Jul 24 13:10:07 ubuntu kernel: [    3.466144] acpi PNP0A08:01: ECAM at [mem 0xd7b00000-0xd7bfffff] for [bus 7b]
Jul 24 13:10:07 ubuntu kernel: [    3.466193] PCI host bridge to bus 0000:7b
Jul 24 13:10:07 ubuntu kernel: [    3.466196] pci_bus 0000:7b: root bus resource [mem 0x148800000-0x148ffffff pref window]
Jul 24 13:10:07 ubuntu kernel: [    3.466199] pci_bus 0000:7b: root bus resource [bus 7b]
Jul 24 13:10:07 ubuntu kernel: [    3.466207] pci 0000:7b:00.0: [19e5:a122] type 00 class 0x088000
Jul 24 13:10:07 ubuntu kernel: [    3.466216] pci 0000:7b:00.0: reg 0x18: [mem 0x00000000-0x00003fff 64bit pref]
Jul 24 13:10:07 ubuntu kernel: [    3.466265] pci_bus 0000:7b: on NUMA node 0
Jul 24 13:10:07 ubuntu kernel: [    3.466270] pci 0000:7b:00.0: BAR 2: assigned [mem 0x148800000-0x148803fff 64bit pref]
Jul 24 13:10:07 ubuntu kernel: [    3.466275] pci_bus 0000:7b: resource 4 [mem 0x148800000-0x148ffffff pref window]
Jul 24 13:10:07 ubuntu kernel: [    3.466317] ACPI: PCI Root Bridge [PCI2] (domain 0000 [bus 7a])
Jul 24 13:10:07 ubuntu kernel: [    3.466321] acpi PNP0A08:02: _OSC: OS supports [ExtendedConfig ASPM ClockPM Segments MSI HPX-Type3]
Jul 24 13:10:07 ubuntu kernel: [    3.466417] acpi PNP0A08:02: _OSC: platform does not support [PCIeHotplug SHPCHotplug PME AER LTR]
Jul 24 13:10:07 ubuntu kernel: [    3.466505] acpi PNP0A08:02: _OSC: OS now controls [PCIeCapability]
Jul 24 13:10:07 ubuntu kernel: [    3.467089] acpi PNP0A08:02: ECAM area [mem 0xd7a00000-0xd7afffff] reserved by PNP0C02:00
Jul 24 13:10:07 ubuntu kernel: [    3.467105] acpi PNP0A08:02: ECAM at [mem 0xd7a00000-0xd7afffff] for [bus 7a]
Jul 24 13:10:07 ubuntu kernel: [    3.467152] PCI host bridge to bus 0000:7a
Jul 24 13:10:07 ubuntu kernel: [    3.467155] pci_bus 0000:7a: root bus resource [mem 0x20c000000-0x20c1fffff pref window]
Jul 24 13:10:07 ubuntu kernel: [    3.467159] pci_bus 0000:7a: root bus resource [bus 7a]
Jul 24 13:10:07 ubuntu kernel: [    3.467166] pci 0000:7a:00.0: [19e5:a23b] type 00 class 0x0c0310
Jul 24 13:10:07 ubuntu kernel: [    3.467172] pci 0000:7a:00.0: reg 0x10: [mem 0x20c100000-0x20c100fff 64bit pref]
Jul 24 13:10:07 ubuntu kernel: [    3.467215] pci 0000:7a:01.0: [19e5:a239] type 00 class 0x0c0320
Jul 24 13:10:07 ubuntu kernel: [    3.467223] pci 0000:7a:01.0: reg 0x10: [mem 0x20c101000-0x20c101fff 64bit pref]
Jul 24 13:10:07 ubuntu kernel: [    3.467265] pci 0000:7a:02.0: [19e5:a238] type 00 class 0x0c0330
Jul 24 13:10:07 ubuntu kernel: [    3.467271] pci 0000:7a:02.0: reg 0x10: [mem 0x20c000000-0x20c0fffff 64bit pref]
Jul 24 13:10:07 ubuntu kernel: [    3.467320] pci_bus 0000:7a: on NUMA node 0
Jul 24 13:10:07 ubuntu kernel: [    3.467323] pci 0000:7a:02.0: BAR 0: assigned [mem 0x20c000000-0x20c0fffff 64bit pref]
Jul 24 13:10:07 ubuntu kernel: [    3.467328] pci 0000:7a:00.0: BAR 0: assigned [mem 0x20c100000-0x20c100fff 64bit pref]
Jul 24 13:10:07 ubuntu kernel: [    3.467333] pci 0000:7a:01.0: BAR 0: assigned [mem 0x20c101000-0x20c101fff 64bit pref]
Jul 24 13:10:07 ubuntu kernel: [    3.467338] pci_bus 0000:7a: resource 4 [mem 0x20c000000-0x20c1fffff pref window]
Jul 24 13:10:07 ubuntu kernel: [    3.467377] ACPI: PCI Root Bridge [PCI3] (domain 0000 [bus 78-79])
Jul 24 13:10:07 ubuntu kernel: [    3.467382] acpi PNP0A08:03: _OSC: OS supports [ExtendedConfig ASPM ClockPM Segments MSI HPX-Type3]
Jul 24 13:10:07 ubuntu kernel: [    3.467477] acpi PNP0A08:03: _OSC: platform does not support [PCIeHotplug SHPCHotplug PME AER LTR]
