Oct 23 01:18:39 ubuntu systemd-modules-load[821]: Inserted module 'iscsi_tcp'
Oct 23 01:18:39 ubuntu kernel: [    0.000000] Booting Linux on physical CPU 0x0000000000 [0x481fd010]
Oct 23 01:18:39 ubuntu systemd-modules-load[821]: Inserted module 'ib_iser'
Oct 23 01:18:39 ubuntu lvm[830]:   2 logical volume(s) in volume group "ubuntu-vg" monitored
Oct 23 01:18:39 ubuntu systemd[1]: Started Create Static Device Nodes in /dev.
Oct 23 01:18:39 ubuntu kernel: [    0.000000] Linux version 5.7.1 (root@ubuntu) (gcc version 7.5.0 (Ubuntu/Linaro 7.5.0-3ubuntu1~18.04), GNU ld (GNU Binutils for Ubuntu) 2.30) #1 SMP Fri Oct 23 00:53:04 CST 2020
Oct 23 01:18:39 ubuntu kernel: [    0.000000] efi: EFI v2.70 by EDK II
Oct 23 01:18:39 ubuntu kernel: [    0.000000] efi:  SMBIOS 3.0=0x53f710000  ACPI 2.0=0x53c020000  MEMATTR=0x53cd75a98  MEMRESERVE=0x53becd018 
Oct 23 01:18:39 ubuntu systemd[1]: Reached target Local File Systems (Pre).
Oct 23 01:18:39 ubuntu kernel: [    0.000000] cma: Reserved 32 MiB at 0x00000000fe000000
Oct 23 01:18:39 ubuntu kernel: [    0.000000] ACPI: Early table checksum verification disabled
Oct 23 01:18:39 ubuntu kernel: [    0.000000] ACPI: RSDP 0x000000053C020000 000024 (v02 BOCHS )
Oct 23 01:18:39 ubuntu systemd[1]: Starting udev Kernel Device Manager...
Oct 23 01:18:39 ubuntu kernel: [    0.000000] ACPI: XSDT 0x000000053BED0000 000054 (v01 BOCHS  BXPCFACP 00000001      01000013)
Oct 23 01:18:39 ubuntu kernel: [    0.000000] ACPI: FACP 0x000000053BE90000 00010C (v05 BOCHS  BXPCFACP 00000001 BXPC 00000001)
Oct 23 01:18:39 ubuntu kernel: [    0.000000] ACPI: DSDT 0x000000053BEA0000 001523 (v02 BOCHS  BXPCDSDT 00000001 BXPC 00000001)
Oct 23 01:18:39 ubuntu kernel: [    0.000000] ACPI: APIC 0x000000053BE80000 0009E8 (v03 BOCHS  BXPCAPIC 00000001 BXPC 00000001)
Oct 23 01:18:39 ubuntu systemd[1]: Starting Flush Journal to Persistent Storage...
Oct 23 01:18:39 ubuntu kernel: [    0.000000] ACPI: GTDT 0x000000053BE70000 000060 (v02 BOCHS  BXPCGTDT 00000001 BXPC 00000001)
Oct 23 01:18:39 ubuntu kernel: [    0.000000] ACPI: MCFG 0x000000053BE60000 00003C (v01 BOCHS  BXPCMCFG 00000001 BXPC 00000001)
Oct 23 01:18:39 ubuntu kernel: [    0.000000] ACPI: SPCR 0x000000053BE50000 000050 (v02 BOCHS  BXPCSPCR 00000001 BXPC 00000001)
Oct 23 01:18:39 ubuntu systemd[1]: Started udev Kernel Device Manager.
Oct 23 01:18:39 ubuntu systemd[1]: Started Flush Journal to Persistent Storage.
Oct 23 01:18:39 ubuntu systemd[1]: Started udev Coldplug all Devices.
Oct 23 01:18:39 ubuntu kernel: [    0.000000] ACPI: IORT 0x000000053BE40000 00007C (v00 BOCHS  BXPCIORT 00000001 BXPC 00000001)
Oct 23 01:18:39 ubuntu kernel: [    0.000000] ACPI: SPCR: console: pl011,mmio,0x9000000,9600
Oct 23 01:18:39 ubuntu kernel: [    0.000000] ACPI: NUMA: Failed to initialise from firmware
Oct 23 01:18:39 ubuntu kernel: [    0.000000] NUMA: Faking a node at [mem 0x0000000040000000-0x000000053fffffff]
Oct 23 01:18:39 ubuntu systemd[1]: Started Dispatch Password Requests to Console Directory Watch.
Oct 23 01:18:39 ubuntu kernel: [    0.000000] NUMA: NODE_DATA [mem 0x53d409300-0x53d40cfff]
Oct 23 01:18:39 ubuntu kernel: [    0.000000] Zone ranges:
Oct 23 01:18:39 ubuntu kernel: [    0.000000]   DMA      [mem 0x0000000040000000-0x000000007fffffff]
Oct 23 01:18:39 ubuntu kernel: [    0.000000]   DMA32    [mem 0x0000000080000000-0x00000000ffffffff]
Oct 23 01:18:39 ubuntu kernel: [    0.000000]   Normal   [mem 0x0000000100000000-0x000000053fffffff]
Oct 23 01:18:39 ubuntu kernel: [    0.000000] Movable zone start for each node
Oct 23 01:18:39 ubuntu systemd[1]: Reached target Local Encrypted Volumes.
Oct 23 01:18:39 ubuntu kernel: [    0.000000] Early memory node ranges
Oct 23 01:18:39 ubuntu kernel: [    0.000000]   node   0: [mem 0x0000000040000000-0x000000053bedffff]
Oct 23 01:18:39 ubuntu kernel: [    0.000000]   node   0: [mem 0x000000053bee0000-0x000000053bffffff]
Oct 23 01:18:39 ubuntu kernel: [    0.000000]   node   0: [mem 0x000000053c000000-0x000000053c02ffff]
Oct 23 01:18:39 ubuntu systemd[1]: Found device /dev/ttyAMA0.
Oct 23 01:18:39 ubuntu kernel: [    0.000000]   node   0: [mem 0x000000053c030000-0x000000053c0affff]
Oct 23 01:18:39 ubuntu kernel: [    0.000000]   node   0: [mem 0x000000053c0b0000-0x000000053f57ffff]
Oct 23 01:18:39 ubuntu kernel: [    0.000000]   node   0: [mem 0x000000053f580000-0x000000053f95ffff]
Oct 23 01:18:39 ubuntu systemd-udevd[895]: link_config: autonegotiation is unset or enabled, the speed and duplex are not writable.
Oct 23 01:18:39 ubuntu kernel: [    0.000000]   node   0: [mem 0x000000053f960000-0x000000053fffffff]
Oct 23 01:18:39 ubuntu kernel: [    0.000000] Zeroed struct page in unavailable ranges: 544 pages
Oct 23 01:18:39 ubuntu systemd-udevd[905]: link_config: autonegotiation is unset or enabled, the speed and duplex are not writable.
Oct 23 01:18:39 ubuntu kernel: [    0.000000] Initmem setup node 0 [mem 0x0000000040000000-0x000000053fffffff]
Oct 23 01:18:39 ubuntu kernel: [    0.000000] On node 0 totalpages: 5242880
Oct 23 01:18:39 ubuntu kernel: [    0.000000]   DMA zone: 5120 pages used for memmap
Oct 23 01:18:39 ubuntu kernel: [    0.000000]   DMA zone: 0 pages reserved
Oct 23 01:18:39 ubuntu systemd[1]: Listening on Load/Save RF Kill Switch Status /dev/rfkill Watch.
Oct 23 01:18:39 ubuntu kernel: [    0.000000]   DMA zone: 262144 pages, LIFO batch:63
Oct 23 01:18:39 ubuntu kernel: [    0.000000]   DMA32 zone: 10240 pages used for memmap
Oct 23 01:18:39 ubuntu kernel: [    0.000000]   DMA32 zone: 524288 pages, LIFO batch:63
Oct 23 01:18:39 ubuntu kernel: [    0.000000]   Normal zone: 87040 pages used for memmap
Oct 23 01:18:39 ubuntu systemd[1]: Found device /dev/mapper/ubuntu--vg-swap_1.
Oct 23 01:18:39 ubuntu kernel: [    0.000000]   Normal zone: 4456448 pages, LIFO batch:63
Oct 23 01:18:39 ubuntu kernel: [    0.000000] psci: probing for conduit method from ACPI.
Oct 23 01:18:39 ubuntu kernel: [    0.000000] psci: PSCIv1.0 detected in firmware.
Oct 23 01:18:39 ubuntu systemd[1]: Activating swap /dev/mapper/ubuntu--vg-swap_1...
Oct 23 01:18:39 ubuntu kernel: [    0.000000] psci: Using standard PSCI v0.2 function IDs
Oct 23 01:18:39 ubuntu kernel: [    0.000000] psci: Trusted OS migration not required
Oct 23 01:18:39 ubuntu kernel: [    0.000000] psci: SMC Calling Convention v1.1
Oct 23 01:18:39 ubuntu kernel: [    0.000000] ACPI: SRAT not present
Oct 23 01:18:39 ubuntu kernel: [    0.000000] percpu: Embedded 33 pages/cpu s94616 r8192 d32360 u135168
Oct 23 01:18:39 ubuntu systemd[1]: Activated swap /dev/mapper/ubuntu--vg-swap_1.
Oct 23 01:18:39 ubuntu kernel: [    0.000000] pcpu-alloc: s94616 r8192 d32360 u135168 alloc=33*4096
Oct 23 01:18:39 ubuntu systemd[1]: Found device QEMU_HARDDISK 1.
Oct 23 01:18:39 ubuntu kernel: [    0.000000] pcpu-alloc: [0] 00 [0] 01 [0] 02 [0] 03 [0] 04 [0] 05 [0] 06 [0] 07 
Oct 23 01:18:39 ubuntu kernel: [    0.000000] pcpu-alloc: [0] 08 [0] 09 [0] 10 [0] 11 [0] 12 [0] 13 [0] 14 [0] 15 
Oct 23 01:18:39 ubuntu kernel: [    0.000000] pcpu-alloc: [0] 16 [0] 17 [0] 18 [0] 19 [0] 20 [0] 21 [0] 22 [0] 23 
Oct 23 01:18:39 ubuntu kernel: [    0.000000] pcpu-alloc: [0] 24 [0] 25 [0] 26 [0] 27 [0] 28 [0] 29 [0] 30 [0] 31 
Oct 23 01:18:39 ubuntu kernel: [    0.000000] Detected VIPT I-cache on CPU0
Oct 23 01:18:39 ubuntu systemd[1]: Starting File System Check on /dev/disk/by-uuid/5EA9-3D4C...
Oct 23 01:18:39 ubuntu kernel: [    0.000000] CPU features: detected: GIC system register CPU interface
Oct 23 01:18:39 ubuntu kernel: [    0.000000] CPU features: detected: Hardware dirty bit management
Oct 23 01:18:39 ubuntu kernel: [    0.000000] Built 1 zonelists, mobility grouping on.  Total pages: 5140480
Oct 23 01:18:39 ubuntu systemd[1]: Created slice system-lvm2\x2dpvscan.slice.
Oct 23 01:18:39 ubuntu kernel: [    0.000000] Policy zone: Normal
Oct 23 01:18:39 ubuntu kernel: [    0.000000] Kernel command line: BOOT_IMAGE=/boot/vmlinuz-5.7.1 root=/dev/mapper/ubuntu--vg-root ro
Oct 23 01:18:39 ubuntu kernel: [    0.000000] Dentry cache hash table entries: 4194304 (order: 13, 33554432 bytes, linear)
Oct 23 01:18:39 ubuntu kernel: [    0.000000] Inode-cache hash table entries: 2097152 (order: 12, 16777216 bytes, linear)
Oct 23 01:18:39 ubuntu kernel: [    0.000000] mem auto-init: stack:off, heap alloc:on, heap free:off
Oct 23 01:18:39 ubuntu systemd[1]: Starting LVM2 PV scan on device 8:2...
Oct 23 01:18:39 ubuntu kernel: [    0.000000] software IO TLB: mapped [mem 0x7bfff000-0x7ffff000] (64MB)
Oct 23 01:18:39 ubuntu kernel: [    0.000000] Memory: 20269604K/20971520K available (14204K kernel code, 2354K rwdata, 6868K rodata, 7040K init, 1132K bss, 669148K reserved, 32768K cma-reserved)
Oct 23 01:18:39 ubuntu kernel: [    0.000000] random: get_random_u64 called from __kmem_cache_create+0x54/0x5d8 with crng_init=0
Oct 23 01:18:39 ubuntu kernel: [    0.000000] SLUB: HWalign=64, Order=0-3, MinObjects=0, CPUs=32, Nodes=1
Oct 23 01:18:39 ubuntu kernel: [    0.000000] ftrace: allocating 46106 entries in 181 pages
Oct 23 01:18:39 ubuntu kernel: [    0.000000] ftrace: allocated 181 pages with 5 groups
Oct 23 01:18:39 ubuntu systemd[1]: Reached target Swap.
Oct 23 01:18:39 ubuntu kernel: [    0.000000] rcu: Hierarchical RCU implementation.
Oct 23 01:18:39 ubuntu kernel: [    0.000000] rcu: 	RCU restricting CPUs from NR_CPUS=256 to nr_cpu_ids=32.
Oct 23 01:18:39 ubuntu kernel: [    0.000000] 	Tasks RCU enabled.
Oct 23 01:18:39 ubuntu systemd[1]: Started File System Check Daemon to report status.
Oct 23 01:18:39 ubuntu kernel: [    0.000000] rcu: RCU calculated value of scheduler-enlistment delay is 25 jiffies.
Oct 23 01:18:39 ubuntu kernel: [    0.000000] rcu: Adjusting geometry for rcu_fanout_leaf=16, nr_cpu_ids=32
Oct 23 01:18:39 ubuntu kernel: [    0.000000] NR_IRQS: 64, nr_irqs: 64, preallocated irqs: 0
Oct 23 01:18:39 ubuntu kernel: [    0.000000] GICv3: 256 SPIs implemented
Oct 23 01:18:39 ubuntu systemd-fsck[1029]: fsck.fat 4.1 (2017-01-24)
Oct 23 01:18:39 ubuntu kernel: [    0.000000] GICv3: 0 Extended SPIs implemented
Oct 23 01:18:39 ubuntu kernel: [    0.000000] GICv3: Distributor has no Range Selector support
Oct 23 01:18:39 ubuntu systemd-fsck[1029]: /dev/sda1: 5 files, 41/65501 clusters
Oct 23 01:18:39 ubuntu kernel: [    0.000000] GICv3: 16 PPIs implemented
Oct 23 01:18:39 ubuntu kernel: [    0.000000] GICv3: CPU0: found redistributor 0 region 0:0x00000000080a0000
Oct 23 01:18:39 ubuntu systemd[1]: Started File System Check on /dev/disk/by-uuid/5EA9-3D4C.
Oct 23 01:18:39 ubuntu kernel: [    0.000000] ACPI: SRAT not present
Oct 23 01:18:39 ubuntu kernel: [    0.000000] ITS [mem 0x08080000-0x0809ffff]
Oct 23 01:18:39 ubuntu lvm[1030]:   2 logical volume(s) in volume group "ubuntu-vg" now active
Oct 23 01:18:39 ubuntu kernel: [    0.000000] ITS@0x0000000008080000: allocated 8192 Devices @53ca00000 (indirect, esz 8, psz 64K, shr 1)
Oct 23 01:18:39 ubuntu kernel: [    0.000000] ITS@0x0000000008080000: allocated 8192 Interrupt Collections @53ca10000 (flat, esz 8, psz 64K, shr 1)
Oct 23 01:18:39 ubuntu kernel: [    0.000000] GICv3: using LPI property table @0x000000053ca20000
Oct 23 01:18:39 ubuntu kernel: [    0.000000] GICv3: CPU0: using allocated LPI pending table @0x000000053ca30000
Oct 23 01:18:39 ubuntu systemd[1]: Mounting /boot/efi...
Oct 23 01:18:39 ubuntu kernel: [    0.000000] arch_timer: cp15 timer(s) running at 100.00MHz (virt).
Oct 23 01:18:39 ubuntu kernel: [    0.000000] clocksource: arch_sys_counter: mask: 0xffffffffffffff max_cycles: 0x171024e7e0, max_idle_ns: 440795205315 ns
Oct 23 01:18:39 ubuntu kernel: [    0.000002] sched_clock: 56 bits at 100MHz, resolution 10ns, wraps every 4398046511100ns
Oct 23 01:18:39 ubuntu kernel: [    0.000291] Console: colour dummy device 80x25
Oct 23 01:18:39 ubuntu kernel: [    0.000365] ACPI: Core revision 20200326
Oct 23 01:18:39 ubuntu kernel: [    0.000540] Calibrating delay loop (skipped), value calculated using timer frequency.. 200.00 BogoMIPS (lpj=400000)
Oct 23 01:18:39 ubuntu kernel: [    0.000544] pid_max: default: 32768 minimum: 301
Oct 23 01:18:39 ubuntu kernel: [    0.000623] LSM: Security Framework initializing
Oct 23 01:18:39 ubuntu kernel: [    0.000657] Yama: becoming mindful.
Oct 23 01:18:39 ubuntu kernel: [    0.000851] AppArmor: AppArmor initialized
Oct 23 01:18:39 ubuntu kernel: [    0.001282] Mount-cache hash table entries: 65536 (order: 7, 524288 bytes, linear)
Oct 23 01:18:39 ubuntu kernel: [    0.001615] Mountpoint-cache hash table entries: 65536 (order: 7, 524288 bytes, linear)
Oct 23 01:18:39 ubuntu kernel: [    0.003554] ACPI PPTT: No PPTT table found, CPU and cache topology may be inaccurate
Oct 23 01:18:39 ubuntu kernel: [    0.003897] rcu: Hierarchical SRCU implementation.
Oct 23 01:18:39 ubuntu kernel: [    0.004956] Platform MSI: ITS@0x8080000 domain created
Oct 23 01:18:39 ubuntu kernel: [    0.004976] PCI/MSI: ITS@0x8080000 domain created
Oct 23 01:18:39 ubuntu kernel: [    0.005031] Remapping and enabling EFI services.
Oct 23 01:18:39 ubuntu kernel: [    0.005047] [mitosis-origin] pgd_alloc for mm=ffff800011dcda40 and mm->pgd =ffff0004df9ba000.
Oct 23 01:18:39 ubuntu kernel: [    0.006481] smp: Bringing up secondary CPUs ...
Oct 23 01:18:39 ubuntu kernel: [    0.121778] Detected VIPT I-cache on CPU1
Oct 23 01:18:39 ubuntu kernel: [    0.121799] GICv3: CPU1: found redistributor 1 region 0:0x00000000080c0000
Oct 23 01:18:39 ubuntu kernel: [    0.122065] GICv3: CPU1: using allocated LPI pending table @0x000000053ca40000
Oct 23 01:18:39 ubuntu kernel: [    0.122097] CPU1: Booted secondary processor 0x0000000001 [0x481fd010]
Oct 23 01:18:39 ubuntu systemd[1]: Started LVM2 PV scan on device 8:2.
Oct 23 01:18:39 ubuntu systemd[1]: Mounted /boot/efi.
Oct 23 01:18:39 ubuntu systemd[1]: Reached target Local File Systems.
Oct 23 01:18:39 ubuntu systemd[1]: Starting Set console font and keymap...
Oct 23 01:18:39 ubuntu systemd[1]: Starting ebtables ruleset management...
Oct 23 01:18:39 ubuntu systemd[1]: Starting Tell Plymouth To Write Out Runtime Data...
Oct 23 01:18:39 ubuntu systemd[1]: Starting AppArmor initialization...
Oct 23 01:18:39 ubuntu systemd[1]: Starting Create Volatile Files and Directories...
Oct 23 01:18:39 ubuntu systemd[1]: Started Set console font and keymap.
Oct 23 01:18:39 ubuntu kernel: [    0.236741] Detected VIPT I-cache on CPU2
Oct 23 01:18:39 ubuntu kernel: [    0.236761] GICv3: CPU2: found redistributor 2 region 0:0x00000000080e0000
Oct 23 01:18:39 ubuntu kernel: [    0.236992] GICv3: CPU2: using allocated LPI pending table @0x000000053ca50000
Oct 23 01:18:39 ubuntu kernel: [    0.237024] CPU2: Booted secondary processor 0x0000000002 [0x481fd010]
Oct 23 01:18:39 ubuntu kernel: [    0.347227] Detected VIPT I-cache on CPU3
Oct 23 01:18:39 ubuntu systemd[1]: Started Tell Plymouth To Write Out Runtime Data.
Oct 23 01:18:39 ubuntu kernel: [    0.347247] GICv3: CPU3: found redistributor 3 region 0:0x0000000008100000
Oct 23 01:18:39 ubuntu kernel: [    0.347518] GICv3: CPU3: using allocated LPI pending table @0x000000053ca60000
Oct 23 01:18:39 ubuntu kernel: [    0.347548] CPU3: Booted secondary processor 0x0000000003 [0x481fd010]
Oct 23 01:18:39 ubuntu kernel: [    0.656259] Detected VIPT I-cache on CPU4
Oct 23 01:18:39 ubuntu systemd[1]: Started Create Volatile Files and Directories.
Oct 23 01:18:39 ubuntu kernel: [    0.656293] GICv3: CPU4: found redistributor 4 region 0:0x0000000008120000
Oct 23 01:18:39 ubuntu kernel: [    0.656608] GICv3: CPU4: using allocated LPI pending table @0x000000053ca70000
Oct 23 01:18:39 ubuntu kernel: [    0.656654] CPU4: Booted secondary processor 0x0000000004 [0x481fd010]
Oct 23 01:18:39 ubuntu systemd[1]: Starting Update UTMP about System Boot/Shutdown...
Oct 23 01:18:39 ubuntu kernel: [    0.940801] Detected VIPT I-cache on CPU5
Oct 23 01:18:39 ubuntu kernel: [    0.940858] GICv3: CPU5: found redistributor 5 region 0:0x0000000008140000
Oct 23 01:18:39 ubuntu kernel: [    0.941171] GICv3: CPU5: using allocated LPI pending table @0x000000053ca80000
Oct 23 01:18:39 ubuntu apparmor[1043]:  * Starting AppArmor profiles
Oct 23 01:18:39 ubuntu kernel: [    0.941209] CPU5: Booted secondary processor 0x0000000005 [0x481fd010]
Oct 23 01:18:39 ubuntu kernel: [    1.049647] Detected VIPT I-cache on CPU6
Oct 23 01:18:39 ubuntu kernel: [    1.049720] GICv3: CPU6: found redistributor 6 region 0:0x0000000008160000
Oct 23 01:18:39 ubuntu systemd[1]: Starting Network Time Synchronization...
Oct 23 01:18:39 ubuntu kernel: [    1.050059] GICv3: CPU6: using allocated LPI pending table @0x000000053ca90000
Oct 23 01:18:39 ubuntu systemd[1]: Started ebtables ruleset management.
Oct 23 01:18:39 ubuntu kernel: [    1.050146] CPU6: Booted secondary processor 0x0000000006 [0x481fd010]
Oct 23 01:18:39 ubuntu kernel: [    1.331905] Detected VIPT I-cache on CPU7
Oct 23 01:18:39 ubuntu systemd[1]: Reached target Network (Pre).
Oct 23 01:18:39 ubuntu kernel: [    1.331932] GICv3: CPU7: found redistributor 7 region 0:0x0000000008180000
Oct 23 01:18:39 ubuntu kernel: [    1.332206] GICv3: CPU7: using allocated LPI pending table @0x000000053caa0000
Oct 23 01:18:39 ubuntu kernel: [    1.332245] CPU7: Booted secondary processor 0x0000000007 [0x481fd010]
Oct 23 01:18:39 ubuntu kernel: [    1.447164] Detected VIPT I-cache on CPU8
Oct 23 01:18:39 ubuntu systemd[1]: Starting Network Service...
Oct 23 01:18:39 ubuntu kernel: [    1.447195] GICv3: CPU8: found redistributor 8 region 0:0x00000000081a0000
Oct 23 01:18:39 ubuntu kernel: [    1.447448] GICv3: CPU8: using allocated LPI pending table @0x000000053cab0000
Oct 23 01:18:39 ubuntu kernel: [    1.447486] CPU8: Booted secondary processor 0x0000000008 [0x481fd010]
Oct 23 01:18:39 ubuntu kernel: [    1.557294] Detected VIPT I-cache on CPU9
Oct 23 01:18:39 ubuntu kernel: [    1.557327] GICv3: CPU9: found redistributor 9 region 0:0x00000000081c0000
Oct 23 01:18:39 ubuntu systemd[1]: Started Update UTMP about System Boot/Shutdown.
Oct 23 01:18:39 ubuntu kernel: [    1.557557] GICv3: CPU9: using allocated LPI pending table @0x000000053cac0000
Oct 23 01:18:39 ubuntu kernel: [    1.557590] CPU9: Booted secondary processor 0x0000000009 [0x481fd010]
Oct 23 01:18:39 ubuntu systemd-networkd[1068]: Enumeration completed
Oct 23 01:18:39 ubuntu kernel: [    1.667564] Detected VIPT I-cache on CPU10
Oct 23 01:18:39 ubuntu kernel: [    1.667599] GICv3: CPU10: found redistributor a region 0:0x00000000081e0000
Oct 23 01:18:39 ubuntu kernel: [    1.667822] GICv3: CPU10: using allocated LPI pending table @0x000000053cad0000
Oct 23 01:18:39 ubuntu kernel: [    1.667854] CPU10: Booted secondary processor 0x000000000a [0x481fd010]
Oct 23 01:18:39 ubuntu kernel: [    1.777322] Detected VIPT I-cache on CPU11
Oct 23 01:18:39 ubuntu kernel: [    1.777358] GICv3: CPU11: found redistributor b region 0:0x0000000008200000
Oct 23 01:18:39 ubuntu kernel: [    1.777597] GICv3: CPU11: using allocated LPI pending table @0x000000053cae0000
Oct 23 01:18:39 ubuntu kernel: [    1.777628] CPU11: Booted secondary processor 0x000000000b [0x481fd010]
Oct 23 01:18:39 ubuntu systemd[1]: Started Network Service.
Oct 23 01:18:39 ubuntu kernel: [    1.888018] Detected VIPT I-cache on CPU12
Oct 23 01:18:39 ubuntu kernel: [    1.888096] GICv3: CPU12: found redistributor c region 0:0x0000000008220000
Oct 23 01:18:39 ubuntu kernel: [    1.888435] GICv3: CPU12: using allocated LPI pending table @0x000000053caf0000
Oct 23 01:18:39 ubuntu kernel: [    1.888502] CPU12: Booted secondary processor 0x000000000c [0x481fd010]
Oct 23 01:18:39 ubuntu kernel: [    2.119487] Detected VIPT I-cache on CPU13
Oct 23 01:18:39 ubuntu kernel: [    2.119526] GICv3: CPU13: found redistributor d region 0:0x0000000008240000
Oct 23 01:18:39 ubuntu systemd-networkd[1068]: lo: Link is not managed by us
Oct 23 01:18:39 ubuntu kernel: [    2.119804] GICv3: CPU13: using allocated LPI pending table @0x000000053cb00000
Oct 23 01:18:39 ubuntu kernel: [    2.119845] CPU13: Booted secondary processor 0x000000000d [0x481fd010]
Oct 23 01:18:39 ubuntu kernel: [    2.230921] Detected VIPT I-cache on CPU14
Oct 23 01:18:39 ubuntu kernel: [    2.231037] GICv3: CPU14: found redistributor e region 0:0x0000000008260000
Oct 23 01:18:39 ubuntu systemd[1]: Starting Wait for Network to be Configured...
Oct 23 01:18:39 ubuntu kernel: [    2.231448] GICv3: CPU14: using allocated LPI pending table @0x000000053cb10000
Oct 23 01:18:39 ubuntu kernel: [    2.231533] CPU14: Booted secondary processor 0x000000000e [0x481fd010]
Oct 23 01:18:39 ubuntu systemd[1]: Starting Network Name Resolution...
Oct 23 01:18:39 ubuntu kernel: [    2.518536] Detected VIPT I-cache on CPU15
Oct 23 01:18:39 ubuntu kernel: [    2.518599] GICv3: CPU15: found redistributor f region 0:0x0000000008280000
Oct 23 01:18:39 ubuntu systemd[1]: Started Network Time Synchronization.
Oct 23 01:18:39 ubuntu kernel: [    2.518907] GICv3: CPU15: using allocated LPI pending table @0x000000053cb20000
Oct 23 01:18:39 ubuntu kernel: [    2.518948] CPU15: Booted secondary processor 0x000000000f [0x481fd010]
Oct 23 01:18:39 ubuntu systemd[1]: Reached target System Time Synchronized.
Oct 23 01:18:39 ubuntu kernel: [    2.630651] Detected VIPT I-cache on CPU16
Oct 23 01:18:39 ubuntu kernel: [    2.630698] GICv3: CPU16: found redistributor 100 region 0:0x00000000082a0000
Oct 23 01:18:39 ubuntu apparmor[1043]: Skipping profile in /etc/apparmor.d/disable: usr.sbin.rsyslogd
Oct 23 01:18:39 ubuntu kernel: [    2.630941] GICv3: CPU16: using allocated LPI pending table @0x000000053cb30000
Oct 23 01:18:39 ubuntu kernel: [    2.630976] CPU16: Booted secondary processor 0x0000000100 [0x481fd010]
Oct 23 01:18:39 ubuntu kernel: [    2.914646] Detected VIPT I-cache on CPU17
Oct 23 01:18:39 ubuntu kernel: [    2.914700] GICv3: CPU17: found redistributor 101 region 0:0x00000000082c0000
Oct 23 01:18:39 ubuntu kernel: [    2.914970] GICv3: CPU17: using allocated LPI pending table @0x000000053cb40000
Oct 23 01:18:39 ubuntu kernel: [    2.915012] CPU17: Booted secondary processor 0x0000000101 [0x481fd010]
Oct 23 01:18:39 ubuntu systemd-networkd[1068]: enp1s0: Gained carrier
Oct 23 01:18:39 ubuntu kernel: [    3.024466] Detected VIPT I-cache on CPU18
Oct 23 01:18:39 ubuntu kernel: [    3.024521] GICv3: CPU18: found redistributor 102 region 0:0x00000000082e0000
Oct 23 01:18:39 ubuntu kernel: [    3.024822] GICv3: CPU18: using allocated LPI pending table @0x000000053cb50000
Oct 23 01:18:39 ubuntu systemd-timesyncd[1059]: Network configuration changed, trying to establish connection.
Oct 23 01:18:39 ubuntu kernel: [    3.024854] CPU18: Booted secondary processor 0x0000000102 [0x481fd010]
Oct 23 01:18:39 ubuntu kernel: [    3.136730] Detected VIPT I-cache on CPU19
Oct 23 01:18:39 ubuntu kernel: [    3.136783] GICv3: CPU19: found redistributor 103 region 0:0x0000000008300000
Oct 23 01:18:39 ubuntu kernel: [    3.137026] GICv3: CPU19: using allocated LPI pending table @0x000000053cb60000
Oct 23 01:18:39 ubuntu systemd-resolved[1102]: Positive Trust Anchors:
Oct 23 01:18:39 ubuntu kernel: [    3.137067] CPU19: Booted secondary processor 0x0000000103 [0x481fd010]
Oct 23 01:18:39 ubuntu kernel: [    3.257417] Detected VIPT I-cache on CPU20
Oct 23 01:18:39 ubuntu kernel: [    3.257471] GICv3: CPU20: found redistributor 104 region 0:0x0000000008320000
Oct 23 01:18:39 ubuntu kernel: [    3.257716] GICv3: CPU20: using allocated LPI pending table @0x000000053cb70000
Oct 23 01:18:39 ubuntu systemd-resolved[1102]: . IN DS 19036 8 2 49aac11d7b6f6446702e54a1607371607a1a41855200fd2ce1cdde32f24e8fb5
Oct 23 01:18:39 ubuntu kernel: [    3.257751] CPU20: Booted secondary processor 0x0000000104 [0x481fd010]
Oct 23 01:18:39 ubuntu systemd-resolved[1102]: . IN DS 20326 8 2 e06d44b80b8f1d39a95c0b0d7c65d08458e880409bbc683457104237c7f8ec8d
Oct 23 01:18:39 ubuntu kernel: [    3.368613] Detected VIPT I-cache on CPU21
Oct 23 01:18:39 ubuntu kernel: [    3.368730] GICv3: CPU21: found redistributor 105 region 0:0x0000000008340000
Oct 23 01:18:39 ubuntu kernel: [    3.369074] GICv3: CPU21: using allocated LPI pending table @0x000000053cb80000
Oct 23 01:18:39 ubuntu kernel: [    3.369150] CPU21: Booted secondary processor 0x0000000105 [0x481fd010]
Oct 23 01:18:39 ubuntu systemd-resolved[1102]: Negative trust anchors: 10.in-addr.arpa 16.172.in-addr.arpa 17.172.in-addr.arpa 18.172.in-addr.arpa 19.172.in-addr.arpa 20.172.in-addr.arpa 21.172.in-addr.arpa 22.172.in-addr.arpa 23.172.in-addr.arpa 24.172.in-addr.arpa 25.172.in-addr.arpa 26.172.in-addr.arpa 27.172.in-addr.arpa 28.172.in-addr.arpa 29.172.in-addr.arpa 30.172.in-addr.arpa 31.172.in-addr.arpa 168.192.in-addr.arpa d.f.ip6.arpa corp home internal intranet lan local private test
Oct 23 01:18:39 ubuntu kernel: [    3.620366] Detected VIPT I-cache on CPU22
Oct 23 01:18:39 ubuntu kernel: [    3.620447] GICv3: CPU22: found redistributor 106 region 0:0x0000000008360000
Oct 23 01:18:39 ubuntu kernel: [    3.620771] GICv3: CPU22: using allocated LPI pending table @0x000000053cb90000
Oct 23 01:18:39 ubuntu systemd-resolved[1102]: Using system hostname 'ubuntu'.
Oct 23 01:18:39 ubuntu kernel: [    3.620806] CPU22: Booted secondary processor 0x0000000106 [0x481fd010]
Oct 23 01:18:39 ubuntu systemd[1]: Started Network Name Resolution.
Oct 23 01:18:39 ubuntu kernel: [    3.732523] Detected VIPT I-cache on CPU23
Oct 23 01:18:39 ubuntu kernel: [    3.732653] GICv3: CPU23: found redistributor 107 region 0:0x0000000008380000
Oct 23 01:18:39 ubuntu kernel: [    3.733158] GICv3: CPU23: using allocated LPI pending table @0x000000053cba0000
Oct 23 01:18:39 ubuntu systemd[1]: Reached target Network.
Oct 23 01:18:39 ubuntu kernel: [    3.733228] CPU23: Booted secondary processor 0x0000000107 [0x481fd010]
Oct 23 01:18:39 ubuntu systemd[1]: Reached target Host and Network Name Lookups.
Oct 23 01:18:39 ubuntu kernel: [    4.024941] Detected VIPT I-cache on CPU24
Oct 23 01:18:39 ubuntu kernel: [    4.025004] GICv3: CPU24: found redistributor 108 region 0:0x00000000083a0000
Oct 23 01:18:39 ubuntu apparmor[1043]:    ...done.
Oct 23 01:18:39 ubuntu kernel: [    4.025265] GICv3: CPU24: using allocated LPI pending table @0x000000053cbb0000
Oct 23 01:18:39 ubuntu systemd[1]: Started AppArmor initialization.
Oct 23 01:18:39 ubuntu kernel: [    4.025298] CPU24: Booted secondary processor 0x0000000108 [0x481fd010]
Oct 23 01:18:39 ubuntu kernel: [    4.324676] Detected VIPT I-cache on CPU25
Oct 23 01:18:39 ubuntu systemd[1]: Reached target System Initialization.
Oct 23 01:18:39 ubuntu kernel: [    4.324744] GICv3: CPU25: found redistributor 109 region 0:0x00000000083c0000
Oct 23 01:18:39 ubuntu kernel: [    4.325106] GICv3: CPU25: using allocated LPI pending table @0x000000053cbc0000
Oct 23 01:18:39 ubuntu systemd[1]: Listening on D-Bus System Message Bus Socket.
Oct 23 01:18:39 ubuntu kernel: [    4.325150] CPU25: Booted secondary processor 0x0000000109 [0x481fd010]
Oct 23 01:18:39 ubuntu systemd[1]: Listening on Open-iSCSI iscsid Socket.
Oct 23 01:18:39 ubuntu kernel: [    4.618115] Detected VIPT I-cache on CPU26
Oct 23 01:18:39 ubuntu kernel: [    4.618186] GICv3: CPU26: found redistributor 10a region 0:0x00000000083e0000
Oct 23 01:18:39 ubuntu systemd[1]: Started Discard unused blocks once a week.
Oct 23 01:18:39 ubuntu kernel: [    4.618470] GICv3: CPU26: using allocated LPI pending table @0x000000053cbd0000
Oct 23 01:18:39 ubuntu kernel: [    4.618506] CPU26: Booted secondary processor 0x000000010a [0x481fd010]
Oct 23 01:18:39 ubuntu kernel: [    4.918953] Detected VIPT I-cache on CPU27
Oct 23 01:18:39 ubuntu systemd[1]: Listening on ACPID Listen Socket.
Oct 23 01:18:39 ubuntu kernel: [    4.919022] GICv3: CPU27: found redistributor 10b region 0:0x0000000008400000
Oct 23 01:18:39 ubuntu kernel: [    4.919291] GICv3: CPU27: using allocated LPI pending table @0x000000053cbe0000
Oct 23 01:18:39 ubuntu kernel: [    4.919334] CPU27: Booted secondary processor 0x000000010b [0x481fd010]
Oct 23 01:18:39 ubuntu systemd[1]: Started ACPI Events Check.
Oct 23 01:18:39 ubuntu kernel: [    5.210154] Detected VIPT I-cache on CPU28
Oct 23 01:18:39 ubuntu kernel: [    5.210226] GICv3: CPU28: found redistributor 10c region 0:0x0000000008420000
Oct 23 01:18:39 ubuntu kernel: [    5.210489] GICv3: CPU28: using allocated LPI pending table @0x000000053cbf0000
Oct 23 01:18:39 ubuntu kernel: [    5.210524] CPU28: Booted secondary processor 0x000000010c [0x481fd010]
Oct 23 01:18:39 ubuntu kernel: [    5.516041] Detected VIPT I-cache on CPU29
Oct 23 01:18:39 ubuntu kernel: [    5.516116] GICv3: CPU29: found redistributor 10d region 0:0x0000000008440000
Oct 23 01:18:39 ubuntu systemd[1]: Reached target Paths.
Oct 23 01:18:39 ubuntu systemd[1]: Starting Socket activation for snappy daemon.
Oct 23 01:18:39 ubuntu systemd[1]: Started Daily Cleanup of Temporary Directories.
Oct 23 01:18:39 ubuntu systemd[1]: Started Message of the Day.
Oct 23 01:18:39 ubuntu systemd[1]: Started Daily apt download activities.
Oct 23 01:18:39 ubuntu systemd[1]: Starting LXD - unix socket.
Oct 23 01:18:39 ubuntu systemd[1]: Listening on UUID daemon activation socket.
Oct 23 01:18:39 ubuntu systemd[1]: Started Daily apt upgrade and clean activities.
Oct 23 01:18:39 ubuntu systemd[1]: Reached target Timers.
Oct 23 01:18:39 ubuntu systemd[1]: Listening on Socket activation for snappy daemon.
Oct 23 01:18:39 ubuntu systemd[1]: Listening on LXD - unix socket.
Oct 23 01:18:39 ubuntu kernel: [    5.516298] GICv3: CPU29: using allocated LPI pending table @0x000000051f800000
Oct 23 01:18:39 ubuntu systemd[1]: Reached target Sockets.
Oct 23 01:18:39 ubuntu kernel: [    5.516342] CPU29: Booted secondary processor 0x000000010d [0x481fd010]
Oct 23 01:18:39 ubuntu systemd[1]: Reached target Basic System.
Oct 23 01:18:39 ubuntu kernel: [    5.809235] Detected VIPT I-cache on CPU30
Oct 23 01:18:39 ubuntu kernel: [    5.809335] GICv3: CPU30: found redistributor 10e region 0:0x0000000008460000
Oct 23 01:18:39 ubuntu systemd[1]: Starting Dispatcher daemon for systemd-networkd...
Oct 23 01:18:39 ubuntu kernel: [    5.809577] GICv3: CPU30: using allocated LPI pending table @0x000000051f810000
Oct 23 01:18:39 ubuntu kernel: [    5.809613] CPU30: Booted secondary processor 0x000000010e [0x481fd010]
Oct 23 01:18:39 ubuntu kernel: [    5.937973] Detected VIPT I-cache on CPU31
Oct 23 01:18:39 ubuntu systemd[1]: Starting Snappy daemon...
Oct 23 01:18:39 ubuntu kernel: [    5.938054] GICv3: CPU31: found redistributor 10f region 0:0x0000000008480000
Oct 23 01:18:39 ubuntu systemd[1]: Started irqbalance daemon.
Oct 23 01:18:39 ubuntu kernel: [    5.938510] GICv3: CPU31: using allocated LPI pending table @0x000000051f820000
Oct 23 01:18:39 ubuntu kernel: [    5.938545] CPU31: Booted secondary processor 0x000000010f [0x481fd010]
Oct 23 01:18:39 ubuntu systemd[1]: Starting Login Service...
Oct 23 01:18:39 ubuntu kernel: [    5.938744] smp: Brought up 1 node, 32 CPUs
Oct 23 01:18:39 ubuntu systemd[1]: Started Regular background program processing daemon.
Oct 23 01:18:39 ubuntu kernel: [    5.938859] SMP: Total of 32 processors activated.
Oct 23 01:18:39 ubuntu kernel: [    5.938865] CPU features: detected: Privileged Access Never
Oct 23 01:18:39 ubuntu kernel: [    5.938868] CPU features: detected: LSE atomic instructions
Oct 23 01:18:39 ubuntu systemd[1]: Started D-Bus System Message Bus.
Oct 23 01:18:39 ubuntu kernel: [    5.938870] CPU features: detected: User Access Override
Oct 23 01:18:39 ubuntu kernel: [    5.938875] CPU features: detected: Common not Private translations
Oct 23 01:18:39 ubuntu kernel: [    5.938878] CPU features: detected: Data cache clean to Point of Persistence
Oct 23 01:18:39 ubuntu kernel: [    5.938880] CPU features: detected: RAS Extension Support
Oct 23 01:18:39 ubuntu /usr/sbin/irqbalance: IRQ arch_timer(2) guessed as class 0
Oct 23 01:18:39 ubuntu kernel: [    5.938884] CPU features: detected: CRC32 instructions
Oct 23 01:18:39 ubuntu kernel: [    6.068603] CPU: All CPU(s) started at EL1
Oct 23 01:18:39 ubuntu cron[1135]: (CRON) INFO (pidfile fd = 3)
Oct 23 01:18:39 ubuntu kernel: [    6.069066] alternatives: patching kernel code
Oct 23 01:18:39 ubuntu kernel: [    6.076787] devtmpfs: initialized
Oct 23 01:18:39 ubuntu kernel: [    6.079367] Registered cp15_barrier emulation handler
Oct 23 01:18:39 ubuntu kernel: [    6.079661] Registered setend emulation handler
Oct 23 01:18:39 ubuntu kernel: [    6.079670] KASLR disabled due to lack of seed
Oct 23 01:18:39 ubuntu /usr/sbin/irqbalance: IRQ uart-pl011(4) guessed as class 0
Oct 23 01:18:39 ubuntu kernel: [    6.081298] clocksource: jiffies: mask: 0xffffffff max_cycles: 0xffffffff, max_idle_ns: 7645041785100000 ns
Oct 23 01:18:39 ubuntu kernel: [    6.082132] futex hash table entries: 8192 (order: 7, 524288 bytes, linear)
Oct 23 01:18:39 ubuntu /usr/sbin/irqbalance: IRQ arm-pmu(42) guessed as class 0
Oct 23 01:18:39 ubuntu kernel: [    6.084513] pinctrl core: initialized pinctrl subsystem
Oct 23 01:18:39 ubuntu kernel: [    6.085186] thermal_sys: Registered thermal governor 'fair_share'
Oct 23 01:18:39 ubuntu kernel: [    6.085187] thermal_sys: Registered thermal governor 'bang_bang'
Oct 23 01:18:39 ubuntu kernel: [    6.085190] thermal_sys: Registered thermal governor 'step_wise'
Oct 23 01:18:39 ubuntu /usr/sbin/irqbalance: IRQ ACPI:Event(43) guessed as class 0
Oct 23 01:18:39 ubuntu kernel: [    6.085192] thermal_sys: Registered thermal governor 'user_space'
Oct 23 01:18:39 ubuntu kernel: [    6.085349] SMBIOS 3.0.0 present.
Oct 23 01:18:39 ubuntu /usr/sbin/irqbalance: IRQ pciehp(44) guessed as class 0
Oct 23 01:18:39 ubuntu kernel: [    6.085355] DMI: QEMU KVM Virtual Machine, BIOS 0.0.0 02/06/2015
Oct 23 01:18:39 ubuntu kernel: [    6.086188] NET: Registered protocol family 16
Oct 23 01:18:39 ubuntu kernel: [    6.089977] DMA: preallocated 256 KiB pool for atomic allocations
Oct 23 01:18:39 ubuntu kernel: [    6.090000] audit: initializing netlink subsys (disabled)
Oct 23 01:18:39 ubuntu kernel: [    6.090811] audit: type=2000 audit(5.892:1): state=initialized audit_enabled=0 res=1
Oct 23 01:18:39 ubuntu kernel: [    6.091906] cpuidle: using governor ladder
Oct 23 01:18:39 ubuntu /usr/sbin/irqbalance: IRQ pciehp(45) guessed as class 0
Oct 23 01:18:39 ubuntu kernel: [    6.092180] cpuidle: using governor menu
Oct 23 01:18:39 ubuntu kernel: [    6.092340] hw-breakpoint: found 6 breakpoint and 4 watchpoint registers.
Oct 23 01:18:39 ubuntu kernel: [    6.095505] ASID allocator initialised with 65536 entries
Oct 23 01:18:39 ubuntu kernel: [    6.096048] ACPI: bus type PCI registered
Oct 23 01:18:39 ubuntu kernel: [    6.096073] acpiphp: ACPI Hot Plug PCI Controller Driver version: 0.5
Oct 23 01:18:39 ubuntu kernel: [    6.096708] Serial: AMBA PL011 UART driver
Oct 23 01:18:39 ubuntu /usr/sbin/irqbalance: IRQ pciehp(46) guessed as class 0
Oct 23 01:18:39 ubuntu kernel: [    6.105632] HugeTLB registered 1.00 GiB page size, pre-allocated 0 pages
Oct 23 01:18:39 ubuntu kernel: [    6.105638] HugeTLB registered 32.0 MiB page size, pre-allocated 0 pages
Oct 23 01:18:39 ubuntu kernel: [    6.105642] HugeTLB registered 2.00 MiB page size, pre-allocated 0 pages
Oct 23 01:18:39 ubuntu /usr/sbin/irqbalance: IRQ pciehp(47) guessed as class 0
Oct 23 01:18:39 ubuntu kernel: [    6.105646] HugeTLB registered 64.0 KiB page size, pre-allocated 0 pages
Oct 23 01:18:39 ubuntu kernel: [    6.127560] ACPI: Added _OSI(Module Device)
Oct 23 01:18:39 ubuntu kernel: [    6.127563] ACPI: Added _OSI(Processor Device)
Oct 23 01:18:39 ubuntu kernel: [    6.127564] ACPI: Added _OSI(3.0 _SCP Extensions)
Oct 23 01:18:39 ubuntu /usr/sbin/irqbalance: IRQ xhci_hcd(48) guessed as class 0
Oct 23 01:18:39 ubuntu kernel: [    6.127566] ACPI: Added _OSI(Processor Aggregator Device)
Oct 23 01:18:39 ubuntu /usr/sbin/irqbalance: IRQ xhci_hcd(49) guessed as class 0
Oct 23 01:18:39 ubuntu kernel: [    6.127568] ACPI: Added _OSI(Linux-Dell-Video)
Oct 23 01:18:39 ubuntu kernel: [    6.127570] ACPI: Added _OSI(Linux-Lenovo-NV-HDMI-Audio)
Oct 23 01:18:39 ubuntu kernel: [    6.127571] ACPI: Added _OSI(Linux-HPI-Hybrid-Graphics)
Oct 23 01:18:39 ubuntu /usr/sbin/irqbalance: IRQ xhci_hcd(50) guessed as class 0
Oct 23 01:18:39 ubuntu kernel: [    6.128444] ACPI: 1 ACPI AML tables successfully acquired and loaded
Oct 23 01:18:39 ubuntu kernel: [    6.129013] ACPI: Interpreter enabled
Oct 23 01:18:39 ubuntu kernel: [    6.129015] ACPI: Using GIC for interrupt routing
Oct 23 01:18:39 ubuntu /usr/sbin/irqbalance: IRQ xhci_hcd(51) guessed as class 0
Oct 23 01:18:39 ubuntu kernel: [    6.129053] ACPI: MCFG table detected, 1 entries
Oct 23 01:18:39 ubuntu /usr/sbin/irqbalance: IRQ xhci_hcd(52) guessed as class 0
Oct 23 01:18:39 ubuntu kernel: [    6.133885] ARMH0011:00: ttyAMA0 at MMIO 0x9000000 (irq = 4, base_baud = 0) is a SBSA
Oct 23 01:18:39 ubuntu kernel: [    6.280837] printk: console [ttyAMA0] enabled
Oct 23 01:18:39 ubuntu kernel: [    6.283349] ACPI: PCI Root Bridge [PCI0] (domain 0000 [bus 00-0f])
Oct 23 01:18:39 ubuntu kernel: [    6.283996] acpi PNP0A08:00: _OSC: OS supports [ExtendedConfig ASPM ClockPM Segments MSI HPX-Type3]
Oct 23 01:18:39 ubuntu kernel: [    6.284989] acpi PNP0A08:00: _OSC: platform does not support [SHPCHotplug LTR]
Oct 23 01:18:39 ubuntu kernel: [    6.285731] acpi PNP0A08:00: _OSC: OS now controls [PCIeHotplug PME AER PCIeCapability]
Oct 23 01:18:39 ubuntu /usr/sbin/irqbalance: IRQ xhci_hcd(53) guessed as class 0
Oct 23 01:18:39 ubuntu kernel: [    6.286862] acpi PNP0A08:00: ECAM area [mem 0x3f000000-0x3fffffff] reserved by PNP0C02:00
Oct 23 01:18:39 ubuntu kernel: [    6.287677] acpi PNP0A08:00: ECAM at [mem 0x3f000000-0x3fffffff] for [bus 00-0f]
Oct 23 01:18:39 ubuntu /usr/sbin/irqbalance: IRQ xhci_hcd(54) guessed as class 0
Oct 23 01:18:39 ubuntu kernel: [    6.288488] Remapped I/O 0x000000003eff0000 to [io  0x0000-0xffff window]
Oct 23 01:18:39 ubuntu /usr/sbin/irqbalance: IRQ xhci_hcd(55) guessed as class 0
Oct 23 01:18:39 ubuntu kernel: [    6.289389] PCI host bridge to bus 0000:00
Oct 23 01:18:39 ubuntu kernel: [    6.289781] pci_bus 0000:00: root bus resource [mem 0x10000000-0x3efeffff window]
Oct 23 01:18:39 ubuntu /usr/sbin/irqbalance: IRQ xhci_hcd(56) guessed as class 0
Oct 23 01:18:39 ubuntu kernel: [    6.290494] pci_bus 0000:00: root bus resource [io  0x0000-0xffff window]
Oct 23 01:18:39 ubuntu kernel: [    6.291143] pci_bus 0000:00: root bus resource [mem 0x8000000000-0xffffffffff window]
Oct 23 01:18:39 ubuntu /usr/sbin/irqbalance: IRQ xhci_hcd(57) guessed as class 0
Oct 23 01:18:39 ubuntu kernel: [    6.291866] pci_bus 0000:00: root bus resource [bus 00-0f]
Oct 23 01:18:39 ubuntu /usr/sbin/irqbalance: IRQ xhci_hcd(58) guessed as class 0
Oct 23 01:18:39 ubuntu /usr/sbin/irqbalance: IRQ xhci_hcd(59) guessed as class 0
Oct 23 01:18:39 ubuntu /usr/sbin/irqbalance: IRQ xhci_hcd(60) guessed as class 0
Oct 23 01:18:39 ubuntu /usr/sbin/irqbalance: IRQ xhci_hcd(61) guessed as class 0
Oct 23 01:18:39 ubuntu kernel: [    6.292483] pci 0000:00:00.0: [1b36:0008] type 00 class 0x060000
Oct 23 01:18:39 ubuntu kernel: [    6.293494] pci 0000:00:01.0: [1b36:000c] type 01 class 0x060400
Oct 23 01:18:39 ubuntu kernel: [    6.295373] pci 0000:00:01.0: reg 0x10: [mem 0x10303000-0x10303fff]
Oct 23 01:18:39 ubuntu /usr/sbin/irqbalance: IRQ xhci_hcd(62) guessed as class 0
Oct 23 01:18:39 ubuntu kernel: [    6.298245] pci 0000:00:01.1: [1b36:000c] type 01 class 0x060400
Oct 23 01:18:39 ubuntu kernel: [    6.300002] pci 0000:00:01.1: reg 0x10: [mem 0x10302000-0x10302fff]
Oct 23 01:18:39 ubuntu kernel: [    6.303051] pci 0000:00:01.2: [1b36:000c] type 01 class 0x060400
Oct 23 01:18:39 ubuntu kernel: [    6.304800] pci 0000:00:01.2: reg 0x10: [mem 0x10301000-0x10301fff]
Oct 23 01:18:39 ubuntu /usr/sbin/irqbalance: IRQ xhci_hcd(63) guessed as class 0
Oct 23 01:18:39 ubuntu kernel: [    6.312507] pci 0000:00:01.3: [1b36:000c] type 01 class 0x060400
Oct 23 01:18:39 ubuntu kernel: [    6.315328] pci 0000:00:01.3: reg 0x10: [mem 0x10300000-0x10300fff]
Oct 23 01:18:39 ubuntu kernel: [    6.321676] pci 0000:01:00.0: [1af4:1041] type 00 class 0x020000
Oct 23 01:18:39 ubuntu /usr/sbin/irqbalance: IRQ virtio0-config(64) guessed as class 0
Oct 23 01:18:39 ubuntu kernel: [    6.323666] pci 0000:01:00.0: reg 0x14: [mem 0x10200000-0x10200fff]
Oct 23 01:18:39 ubuntu /usr/sbin/irqbalance: IRQ virtio0-input.0(65) guessed as class 0
Oct 23 01:18:39 ubuntu kernel: [    6.326770] pci 0000:01:00.0: reg 0x20: [mem 0x8000000000-0x8000003fff 64bit pref]
Oct 23 01:18:39 ubuntu kernel: [    6.328485] pci 0000:01:00.0: reg 0x30: [mem 0xfff80000-0xffffffff pref]
Oct 23 01:18:39 ubuntu /usr/sbin/irqbalance: IRQ virtio0-output.0(66) guessed as class 0
Oct 23 01:18:39 ubuntu kernel: [    6.333011] pci 0000:02:00.0: [1b36:000d] type 00 class 0x0c0330
Oct 23 01:18:39 ubuntu kernel: [    6.333786] pci 0000:02:00.0: reg 0x10: [mem 0x10100000-0x10103fff 64bit]
Oct 23 01:18:39 ubuntu /usr/sbin/irqbalance: IRQ virtio1-config(67) guessed as class 0
Oct 23 01:18:39 ubuntu kernel: [    6.335889] pci 0000:03:00.0: [1af4:1048] type 00 class 0x010000
Oct 23 01:18:39 ubuntu kernel: [    6.338232] pci 0000:03:00.0: reg 0x14: [mem 0x10000000-0x10000fff]
Oct 23 01:18:39 ubuntu /usr/sbin/irqbalance: IRQ virtio1-control(68) guessed as class 0
Oct 23 01:18:39 ubuntu kernel: [    6.341467] pci 0000:03:00.0: reg 0x20: [mem 0x8000100000-0x8000103fff 64bit pref]
Oct 23 01:18:39 ubuntu /usr/sbin/irqbalance: IRQ virtio1-event(69) guessed as class 0
Oct 23 01:18:39 ubuntu kernel: [    6.348098] pci 0000:00:01.0: bridge window [io  0x1000-0x0fff] to [bus 01] add_size 1000
Oct 23 01:18:39 ubuntu kernel: [    6.348900] pci 0000:00:01.0: bridge window [mem 0x00100000-0x001fffff 64bit pref] to [bus 01] add_size 100000 add_align 100000
Oct 23 01:18:39 ubuntu /usr/sbin/irqbalance: IRQ virtio1-request(70) guessed as class 0
Oct 23 01:18:39 ubuntu kernel: [    6.350374] pci 0000:00:01.0: bridge window [mem 0x00100000-0x001fffff] to [bus 01] add_size 100000 add_align 100000
Oct 23 01:18:39 ubuntu kernel: [    6.351620] pci 0000:00:01.1: bridge window [io  0x1000-0x0fff] to [bus 02] add_size 1000
Oct 23 01:18:39 ubuntu cron[1135]: (CRON) INFO (Running @reboot jobs)
Oct 23 01:18:39 ubuntu kernel: [    6.352568] pci 0000:00:01.1: bridge window [mem 0x00100000-0x000fffff 64bit pref] to [bus 02] add_size 200000 add_align 100000
Oct 23 01:18:39 ubuntu kernel: [    6.353891] pci 0000:00:01.1: bridge window [mem 0x00100000-0x001fffff] to [bus 02] add_size 100000 add_align 100000
Oct 23 01:18:39 ubuntu kernel: [    6.355149] pci 0000:00:01.2: bridge window [io  0x1000-0x0fff] to [bus 03] add_size 1000
Oct 23 01:18:39 ubuntu kernel: [    6.356160] pci 0000:00:01.2: bridge window [mem 0x00100000-0x001fffff 64bit pref] to [bus 03] add_size 100000 add_align 100000
Oct 23 01:18:39 ubuntu kernel: [    6.357436] pci 0000:00:01.2: bridge window [mem 0x00100000-0x001fffff] to [bus 03] add_size 100000 add_align 100000
Oct 23 01:18:39 ubuntu kernel: [    6.358473] pci 0000:00:01.3: bridge window [io  0x1000-0x0fff] to [bus 04] add_size 1000
Oct 23 01:18:39 ubuntu kernel: [    6.359225] pci 0000:00:01.3: bridge window [mem 0x00100000-0x000fffff 64bit pref] to [bus 04] add_size 200000 add_align 100000
Oct 23 01:18:39 ubuntu kernel: [    6.360213] pci 0000:00:01.3: bridge window [mem 0x00100000-0x000fffff] to [bus 04] add_size 200000 add_align 100000
Oct 23 01:18:39 ubuntu kernel: [    6.361170] pci 0000:00:01.0: BAR 14: assigned [mem 0x10000000-0x101fffff]
Oct 23 01:18:39 ubuntu kernel: [    6.361847] pci 0000:00:01.0: BAR 15: assigned [mem 0x8000000000-0x80001fffff 64bit pref]
Oct 23 01:18:39 ubuntu systemd[1]: Started Login Service.
Oct 23 01:18:39 ubuntu systemd[1]: Started Unattended Upgrades Shutdown.
Oct 23 01:18:39 ubuntu systemd[1]: Started Deferred execution scheduler.
Oct 23 01:18:39 ubuntu systemd[1]: Started FUSE filesystem for LXC.
Oct 23 01:18:39 ubuntu snapd[1132]: AppArmor status: apparmor is enabled but some kernel features are missing: dbus, network
Oct 23 01:18:39 ubuntu systemd[1]: Starting Accounts Service...
Oct 23 01:18:39 ubuntu systemd[1]: Starting System Logging Service...
Oct 23 01:18:39 ubuntu kernel: [    6.362620] pci 0000:00:01.1: BAR 14: assigned [mem 0x10200000-0x103fffff]
Oct 23 01:18:39 ubuntu kernel: [    6.363294] pci 0000:00:01.1: BAR 15: assigned [mem 0x8000200000-0x80003fffff 64bit pref]
Oct 23 01:18:39 ubuntu lxcfs[1146]: mount namespace: 5
Oct 23 01:18:39 ubuntu kernel: [    6.364060] pci 0000:00:01.2: BAR 14: assigned [mem 0x10400000-0x105fffff]
Oct 23 01:18:39 ubuntu lxcfs[1146]: hierarchies:
Oct 23 01:18:39 ubuntu kernel: [    6.364713] pci 0000:00:01.2: BAR 15: assigned [mem 0x8000400000-0x80005fffff 64bit pref]
Oct 23 01:18:39 ubuntu kernel: [    6.365524] pci 0000:00:01.3: BAR 14: assigned [mem 0x10600000-0x107fffff]
Oct 23 01:18:39 ubuntu lxcfs[1146]:   0: fd:   6: blkio
Oct 23 01:18:39 ubuntu kernel: [    6.366173] pci 0000:00:01.3: BAR 15: assigned [mem 0x8000600000-0x80007fffff 64bit pref]
Oct 23 01:18:39 ubuntu lxcfs[1146]:   1: fd:   7: freezer
Oct 23 01:18:39 ubuntu kernel: [    6.366957] pci 0000:00:01.0: BAR 0: assigned [mem 0x10800000-0x10800fff]
Oct 23 01:18:39 ubuntu lxcfs[1146]:   2: fd:   8: perf_event
Oct 23 01:18:39 ubuntu kernel: [    6.367988] pci 0000:00:01.0: BAR 13: assigned [io  0x1000-0x1fff]
Oct 23 01:18:39 ubuntu kernel: [    6.368589] pci 0000:00:01.1: BAR 0: assigned [mem 0x10801000-0x10801fff]
Oct 23 01:18:39 ubuntu kernel: [    6.369583] pci 0000:00:01.1: BAR 13: assigned [io  0x2000-0x2fff]
Oct 23 01:18:39 ubuntu lxcfs[1146]:   3: fd:   9: cpu,cpuacct
Oct 23 01:18:39 ubuntu kernel: [    6.370173] pci 0000:00:01.2: BAR 0: assigned [mem 0x10802000-0x10802fff]
Oct 23 01:18:39 ubuntu kernel: [    6.371153] pci 0000:00:01.2: BAR 13: assigned [io  0x3000-0x3fff]
Oct 23 01:18:39 ubuntu kernel: [    6.371770] pci 0000:00:01.3: BAR 0: assigned [mem 0x10803000-0x10803fff]
Oct 23 01:18:39 ubuntu lxcfs[1146]:   4: fd:  10: pids
Oct 23 01:18:39 ubuntu kernel: [    6.372719] pci 0000:00:01.3: BAR 13: assigned [io  0x4000-0x4fff]
Oct 23 01:18:39 ubuntu kernel: [    6.373333] pci 0000:01:00.0: BAR 6: assigned [mem 0x10000000-0x1007ffff pref]
Oct 23 01:18:39 ubuntu kernel: [    6.374027] pci 0000:01:00.0: BAR 4: assigned [mem 0x8000000000-0x8000003fff 64bit pref]
Oct 23 01:18:39 ubuntu kernel: [    6.375463] pci 0000:01:00.0: BAR 1: assigned [mem 0x10080000-0x10080fff]
Oct 23 01:18:39 ubuntu lxcfs[1146]:   5: fd:  11: cpuset
Oct 23 01:18:39 ubuntu kernel: [    6.378284] pci 0000:00:01.0: PCI bridge to [bus 01]
Oct 23 01:18:39 ubuntu kernel: [    6.378771] pci 0000:00:01.0:   bridge window [io  0x1000-0x1fff]
Oct 23 01:18:39 ubuntu kernel: [    6.380004] pci 0000:00:01.0:   bridge window [mem 0x10000000-0x101fffff]
Oct 23 01:18:39 ubuntu kernel: [    6.381140] pci 0000:00:01.0:   bridge window [mem 0x8000000000-0x80001fffff 64bit pref]
Oct 23 01:18:39 ubuntu lxcfs[1146]:   6: fd:  12: memory
Oct 23 01:18:39 ubuntu kernel: [    6.383227] pci 0000:02:00.0: BAR 0: assigned [mem 0x10200000-0x10203fff 64bit]
Oct 23 01:18:39 ubuntu kernel: [    6.384170] pci 0000:00:01.1: PCI bridge to [bus 02]
Oct 23 01:18:39 ubuntu kernel: [    6.384781] pci 0000:00:01.1:   bridge window [io  0x2000-0x2fff]
Oct 23 01:18:39 ubuntu kernel: [    6.386340] pci 0000:00:01.1:   bridge window [mem 0x10200000-0x103fffff]
Oct 23 01:18:39 ubuntu lxcfs[1146]:   7: fd:  13: net_cls,net_prio
Oct 23 01:18:39 ubuntu kernel: [    6.389282] pci 0000:00:01.1:   bridge window [mem 0x8000200000-0x80003fffff 64bit pref]
Oct 23 01:18:39 ubuntu kernel: [    6.391216] pci 0000:03:00.0: BAR 4: assigned [mem 0x8000400000-0x8000403fff 64bit pref]
Oct 23 01:18:39 ubuntu kernel: [    6.392842] pci 0000:03:00.0: BAR 1: assigned [mem 0x10400000-0x10400fff]
Oct 23 01:18:39 ubuntu kernel: [    6.393981] pci 0000:00:01.2: PCI bridge to [bus 03]
Oct 23 01:18:39 ubuntu lxcfs[1146]:   8: fd:  14: hugetlb
Oct 23 01:18:39 ubuntu kernel: [    6.394555] pci 0000:00:01.2:   bridge window [io  0x3000-0x3fff]
Oct 23 01:18:39 ubuntu kernel: [    6.395973] pci 0000:00:01.2:   bridge window [mem 0x10400000-0x105fffff]
Oct 23 01:18:39 ubuntu kernel: [    6.397206] pci 0000:00:01.2:   bridge window [mem 0x8000400000-0x80005fffff 64bit pref]
Oct 23 01:18:39 ubuntu kernel: [    6.398788] pci 0000:00:01.3: PCI bridge to [bus 04]
Oct 23 01:18:39 ubuntu lxcfs[1146]:   9: fd:  15: devices
Oct 23 01:18:39 ubuntu kernel: [    6.400883] pci 0000:00:01.3:   bridge window [io  0x4000-0x4fff]
Oct 23 01:18:39 ubuntu kernel: [    6.402227] pci 0000:00:01.3:   bridge window [mem 0x10600000-0x107fffff]
Oct 23 01:18:39 ubuntu kernel: [    6.403269] pci 0000:00:01.3:   bridge window [mem 0x8000600000-0x80007fffff 64bit pref]
Oct 23 01:18:39 ubuntu kernel: [    6.404804] pci_bus 0000:00: resource 4 [mem 0x10000000-0x3efeffff window]
Oct 23 01:18:39 ubuntu lxcfs[1146]:  10: fd:  16: rdma
Oct 23 01:18:39 ubuntu kernel: [    6.405630] pci_bus 0000:00: resource 5 [io  0x0000-0xffff window]
Oct 23 01:18:39 ubuntu lxcfs[1146]:  11: fd:  17: name=systemd
Oct 23 01:18:39 ubuntu kernel: [    6.406404] pci_bus 0000:00: resource 6 [mem 0x8000000000-0xffffffffff window]
Oct 23 01:18:39 ubuntu kernel: [    6.407300] pci_bus 0000:01: resource 0 [io  0x1000-0x1fff]
Oct 23 01:18:39 ubuntu kernel: [    6.407962] pci_bus 0000:01: resource 1 [mem 0x10000000-0x101fffff]
Oct 23 01:18:39 ubuntu kernel: [    6.408673] pci_bus 0000:01: resource 2 [mem 0x8000000000-0x80001fffff 64bit pref]
Oct 23 01:18:39 ubuntu lxcfs[1146]:  12: fd:  18: unified
Oct 23 01:18:39 ubuntu kernel: [    6.409543] pci_bus 0000:02: resource 0 [io  0x2000-0x2fff]
Oct 23 01:18:39 ubuntu kernel: [    6.410210] pci_bus 0000:02: resource 1 [mem 0x10200000-0x103fffff]
Oct 23 01:18:39 ubuntu kernel: [    6.410918] pci_bus 0000:02: resource 2 [mem 0x8000200000-0x80003fffff 64bit pref]
Oct 23 01:18:39 ubuntu kernel: [    6.411825] pci_bus 0000:03: resource 0 [io  0x3000-0x3fff]
Oct 23 01:18:39 ubuntu kernel: [    6.412465] pci_bus 0000:03: resource 1 [mem 0x10400000-0x105fffff]
Oct 23 01:18:39 ubuntu systemd[1]: Starting LSB: Record successful boot for GRUB...
Oct 23 01:18:39 ubuntu kernel: [    6.413170] pci_bus 0000:03: resource 2 [mem 0x8000400000-0x80005fffff 64bit pref]
Oct 23 01:18:39 ubuntu kernel: [    6.414062] pci_bus 0000:04: resource 0 [io  0x4000-0x4fff]
Oct 23 01:18:39 ubuntu kernel: [    6.414624] pci_bus 0000:04: resource 1 [mem 0x10600000-0x107fffff]
Oct 23 01:18:39 ubuntu kernel: [    6.415219] pci_bus 0000:04: resource 2 [mem 0x8000600000-0x80007fffff 64bit pref]
Oct 23 01:18:39 ubuntu systemd[1]: Starting LXD - container startup/shutdown...
Oct 23 01:18:39 ubuntu kernel: [    6.416073] ACPI: PCI Interrupt Link [GSI0] (IRQs *35)
Oct 23 01:18:39 ubuntu kernel: [    6.416574] ACPI: PCI Interrupt Link [GSI1] (IRQs *36)
Oct 23 01:18:39 ubuntu kernel: [    6.417077] ACPI: PCI Interrupt Link [GSI2] (IRQs *37)
Oct 23 01:18:39 ubuntu kernel: [    6.417587] ACPI: PCI Interrupt Link [GSI3] (IRQs *38)
Oct 23 01:18:39 ubuntu snapd[1132]: daemon.go:346: started snapd/2.42.1+18.04 (series 16; classic; devmode) ubuntu/18.04 (arm64) linux/5.7.1.
Oct 23 01:18:39 ubuntu kernel: [    6.419227] iommu: Default domain type: Translated 
Oct 23 01:18:39 ubuntu kernel: [    6.419829] vgaarb: loaded
Oct 23 01:18:39 ubuntu kernel: [    6.420639] SCSI subsystem initialized
Oct 23 01:18:39 ubuntu kernel: [    6.421380] libata version 3.00 loaded.
Oct 23 01:18:39 ubuntu kernel: [    6.421458] ACPI: bus type USB registered
Oct 23 01:18:39 ubuntu rsyslogd: imuxsock: Acquired UNIX socket '/run/systemd/journal/syslog' (fd 3) from systemd.  [v8.32.0]
Oct 23 01:18:39 ubuntu kernel: [    6.421928] usbcore: registered new interface driver usbfs
Oct 23 01:18:39 ubuntu kernel: [    6.422507] usbcore: registered new interface driver hub
Oct 23 01:18:39 ubuntu kernel: [    6.423525] usbcore: registered new device driver usb
Oct 23 01:18:39 ubuntu kernel: [    6.424112] pps_core: LinuxPPS API ver. 1 registered
Oct 23 01:18:39 ubuntu systemd[1]: Started System Logging Service.
Oct 23 01:18:39 ubuntu kernel: [    6.424632] pps_core: Software ver. 5.3.6 - Copyright 2005-2007 Rodolfo Giometti <giometti@linux.it>
Oct 23 01:18:39 ubuntu kernel: [    6.425501] PTP clock support registered
Oct 23 01:18:39 ubuntu kernel: [    6.426560] EDAC MC: Ver: 3.0.0
Oct 23 01:18:39 ubuntu rsyslogd: rsyslogd's groupid changed to 106
Oct 23 01:18:39 ubuntu kernel: [    6.427316] Registered efivars operations
Oct 23 01:18:39 ubuntu kernel: [    6.430032] NetLabel: Initializing
Oct 23 01:18:39 ubuntu kernel: [    6.430410] NetLabel:  domain hash size = 128
Oct 23 01:18:39 ubuntu rsyslogd: rsyslogd's userid changed to 102
Oct 23 01:18:39 ubuntu kernel: [    6.430822] NetLabel:  protocols = UNLABELED CIPSOv4 CALIPSO
Oct 23 01:18:39 ubuntu kernel: [    6.431475] NetLabel:  unlabeled traffic allowed by default
Oct 23 01:18:39 ubuntu rsyslogd:  [origin software="rsyslogd" swVersion="8.32.0" x-pid="1152" x-info="http://www.rsyslog.com"] start
Oct 23 01:18:39 ubuntu kernel: [    6.432785] clocksource: Switched to clocksource arch_sys_counter
Oct 23 01:18:39 ubuntu kernel: [    6.456900] VFS: Disk quotas dquot_6.6.0
Oct 23 01:18:39 ubuntu kernel: [    6.457338] VFS: Dquot-cache hash table entries: 512 (order 0, 4096 bytes)
Oct 23 01:18:39 ubuntu kernel: [    6.458337] AppArmor: AppArmor Filesystem Enabled
Oct 23 01:18:39 ubuntu kernel: [    6.458840] pnp: PnP ACPI init
Oct 23 01:18:39 ubuntu kernel: [    6.459380] system 00:00: [mem 0x3f000000-0x3fffffff] could not be reserved
Oct 23 01:18:39 ubuntu kernel: [    6.459992] system 00:00: Plug and Play ACPI device, IDs PNP0c02 (active)
Oct 23 01:18:39 ubuntu kernel: [    6.460000] pnp: PnP ACPI: found 1 devices
Oct 23 01:18:39 ubuntu kernel: [    6.465032] NET: Registered protocol family 2
Oct 23 01:18:39 ubuntu kernel: [    6.466349] tcp_listen_portaddr_hash hash table entries: 16384 (order: 6, 262144 bytes, linear)
Oct 23 01:18:39 ubuntu kernel: [    6.468534] TCP established hash table entries: 262144 (order: 9, 2097152 bytes, linear)
Oct 23 01:18:39 ubuntu kernel: [    6.470289] TCP bind hash table entries: 65536 (order: 8, 1048576 bytes, linear)
Oct 23 01:18:39 ubuntu kernel: [    6.471168] TCP: Hash tables configured (established 262144 bind 65536)
Oct 23 01:18:39 ubuntu kernel: [    6.472357] UDP hash table entries: 16384 (order: 7, 524288 bytes, linear)
Oct 23 01:18:39 ubuntu kernel: [    6.473398] UDP-Lite hash table entries: 16384 (order: 7, 524288 bytes, linear)
Oct 23 01:18:39 ubuntu kernel: [    6.474386] NET: Registered protocol family 1
Oct 23 01:18:39 ubuntu kernel: [    6.474807] NET: Registered protocol family 44
Oct 23 01:18:39 ubuntu kernel: [    6.475301] pci 0000:02:00.0: enabling device (0000 -> 0002)
Oct 23 01:18:39 ubuntu kernel: [    6.476222] PCI: CLS 0 bytes, default 64
Oct 23 01:18:39 ubuntu kernel: [    6.476776] Trying to unpack rootfs image as initramfs...
Oct 23 01:18:39 ubuntu kernel: [    7.536196] Freeing initrd memory: 61292K
Oct 23 01:18:39 ubuntu kernel: [    7.571978] hw perfevents: enabled with armv8_pmuv3_0 PMU driver, 13 counters available
Oct 23 01:18:39 ubuntu kernel: [    7.573367] kvm [1]: HYP mode not available
Oct 23 01:18:39 ubuntu kernel: [    7.575626] Initialise system trusted keyrings
Oct 23 01:18:39 ubuntu kernel: [    7.576441] Key type blacklist registered
Oct 23 01:18:39 ubuntu kernel: [    7.577410] workingset: timestamp_bits=40 max_order=23 bucket_order=0
Oct 23 01:18:39 ubuntu kernel: [    7.579530] zbud: loaded
Oct 23 01:18:39 ubuntu kernel: [    7.580310] squashfs: version 4.0 (2009/01/31) Phillip Lougher
Oct 23 01:18:39 ubuntu kernel: [    7.581684] fuse: init (API version 7.31)
Oct 23 01:18:39 ubuntu kernel: [    7.582614] integrity: Platform Keyring initialized
Oct 23 01:18:39 ubuntu kernel: [    7.588180] [mitosis-origin] pgd_alloc for mm=ffff000495909000 and mm->pgd =ffff0004defc1000.
Oct 23 01:18:39 ubuntu kernel: [    7.596886] Key type asymmetric registered
Oct 23 01:18:39 ubuntu kernel: [    7.597871] Asymmetric key parser 'x509' registered
Oct 23 01:18:39 ubuntu kernel: [    7.599023] Block layer SCSI generic (bsg) driver version 0.4 loaded (major 244)
Oct 23 01:18:39 ubuntu kernel: [    7.601596] io scheduler mq-deadline registered
Oct 23 01:18:39 ubuntu kernel: [    7.606094] pl061_gpio ARMH0061:00: PL061 GPIO chip registered
Oct 23 01:18:39 ubuntu kernel: [    7.606955] PCI Interrupt Link [GSI1] enabled at IRQ 36
Oct 23 01:18:39 ubuntu kernel: [    7.608260] pcieport 0000:00:01.0: PME: Signaling with IRQ 44
Oct 23 01:18:39 ubuntu kernel: [    7.609111] pcieport 0000:00:01.0: AER: enabled with IRQ 44
Oct 23 01:18:39 ubuntu kernel: [    7.609714] pcieport 0000:00:01.0: pciehp: Slot #0 AttnBtn+ PwrCtrl+ MRL- AttnInd+ PwrInd+ HotPlug+ Surprise+ Interlock+ NoCompl- IbPresDis- LLActRep-
Oct 23 01:18:39 ubuntu kernel: [    7.612014] pcieport 0000:00:01.1: PME: Signaling with IRQ 45
Oct 23 01:18:39 ubuntu kernel: [    7.612955] pcieport 0000:00:01.1: AER: enabled with IRQ 45
Oct 23 01:18:39 ubuntu kernel: [    7.613541] pcieport 0000:00:01.1: pciehp: Slot #0 AttnBtn+ PwrCtrl+ MRL- AttnInd+ PwrInd+ HotPlug+ Surprise+ Interlock+ NoCompl- IbPresDis- LLActRep-
Oct 23 01:18:39 ubuntu kernel: [    7.615626] pcieport 0000:00:01.2: PME: Signaling with IRQ 46
Oct 23 01:18:39 ubuntu kernel: [    7.616359] pcieport 0000:00:01.2: AER: enabled with IRQ 46
Oct 23 01:18:39 ubuntu kernel: [    7.616921] pcieport 0000:00:01.2: pciehp: Slot #0 AttnBtn+ PwrCtrl+ MRL- AttnInd+ PwrInd+ HotPlug+ Surprise+ Interlock+ NoCompl- IbPresDis- LLActRep-
Oct 23 01:18:39 ubuntu kernel: [    7.619215] pcieport 0000:00:01.3: PME: Signaling with IRQ 47
Oct 23 01:18:39 ubuntu kernel: [    7.619952] pcieport 0000:00:01.3: AER: enabled with IRQ 47
Oct 23 01:18:39 ubuntu kernel: [    7.620517] pcieport 0000:00:01.3: pciehp: Slot #0 AttnBtn+ PwrCtrl+ MRL- AttnInd+ PwrInd+ HotPlug+ Surprise+ Interlock+ NoCompl- IbPresDis- LLActRep-
Oct 23 01:18:39 ubuntu kernel: [    7.622112] pcieport 0000:00:01.3: pciehp: Slot(0-3): Link Up
Oct 23 01:18:39 ubuntu kernel: [    7.622498] shpchp: Standard Hot Plug PCI Controller Driver version: 0.4
Oct 23 01:18:39 ubuntu kernel: [    7.624022] input: Power Button as /devices/LNXSYSTM:00/LNXSYBUS:00/PNP0C0C:00/input/input0
Oct 23 01:18:39 ubuntu kernel: [    7.624799] ACPI: Power Button [PWRB]
Oct 23 01:18:39 ubuntu kernel: [    7.631073] Serial: 8250/16550 driver, 32 ports, IRQ sharing enabled
Oct 23 01:18:39 ubuntu kernel: [    7.634831] msm_serial: driver initialized
Oct 23 01:18:39 ubuntu kernel: [    7.635924] cacheinfo: Unable to detect cache hierarchy for CPU 0
Oct 23 01:18:39 ubuntu kernel: [    7.644786] loop: module loaded
Oct 23 01:18:39 ubuntu kernel: [    7.645771] libphy: Fixed MDIO Bus: probed
Oct 23 01:18:39 ubuntu kernel: [    7.646173] tun: Universal TUN/TAP device driver, 1.6
Oct 23 01:18:39 ubuntu kernel: [    7.646907] PPP generic driver version 2.4.2
Oct 23 01:18:39 ubuntu kernel: [    7.647612] ehci_hcd: USB 2.0 'Enhanced' Host Controller (EHCI) Driver
Oct 23 01:18:39 ubuntu kernel: [    7.648243] ehci-pci: EHCI PCI platform driver
Oct 23 01:18:39 ubuntu kernel: [    7.648682] ehci-orion: EHCI orion driver
Oct 23 01:18:39 ubuntu kernel: [    7.649131] ohci_hcd: USB 1.1 'Open' Host Controller (OHCI) Driver
Oct 23 01:18:39 ubuntu kernel: [    7.649703] ohci-pci: OHCI PCI platform driver
Oct 23 01:18:39 ubuntu kernel: [    7.650140] uhci_hcd: USB Universal Host Controller Interface driver
Oct 23 01:18:39 ubuntu kernel: [    7.651298] xhci_hcd 0000:02:00.0: xHCI Host Controller
Oct 23 01:18:39 ubuntu kernel: [    7.651830] xhci_hcd 0000:02:00.0: new USB bus registered, assigned bus number 1
Oct 23 01:18:39 ubuntu kernel: [    7.652883] xhci_hcd 0000:02:00.0: hcc params 0x00087001 hci version 0x100 quirks 0x0000000000000010
Oct 23 01:18:39 ubuntu kernel: [    7.654853] usb usb1: New USB device found, idVendor=1d6b, idProduct=0002, bcdDevice= 5.07
Oct 23 01:18:39 ubuntu kernel: [    7.655637] usb usb1: New USB device strings: Mfr=3, Product=2, SerialNumber=1
Oct 23 01:18:39 ubuntu kernel: [    7.656301] usb usb1: Product: xHCI Host Controller
Oct 23 01:18:39 ubuntu kernel: [    7.656936] usb usb1: Manufacturer: Linux 5.7.1 xhci-hcd
Oct 23 01:18:39 ubuntu kernel: [    7.657427] usb usb1: SerialNumber: 0000:02:00.0
Oct 23 01:18:39 ubuntu kernel: [    7.658101] hub 1-0:1.0: USB hub found
Oct 23 01:18:39 ubuntu kernel: [    7.658537] hub 1-0:1.0: 8 ports detected
Oct 23 01:18:39 ubuntu kernel: [    7.660202] xhci_hcd 0000:02:00.0: xHCI Host Controller
Oct 23 01:18:39 ubuntu kernel: [    7.660696] xhci_hcd 0000:02:00.0: new USB bus registered, assigned bus number 2
Oct 23 01:18:39 ubuntu kernel: [    7.661432] xhci_hcd 0000:02:00.0: Host supports USB 3.0 SuperSpeed
Oct 23 01:18:39 ubuntu kernel: [    7.662046] usb usb2: We don't know the algorithms for LPM for this host, disabling LPM.
Oct 23 01:18:39 ubuntu kernel: [    7.662823] usb usb2: New USB device found, idVendor=1d6b, idProduct=0003, bcdDevice= 5.07
Oct 23 01:18:39 ubuntu kernel: [    7.663586] usb usb2: New USB device strings: Mfr=3, Product=2, SerialNumber=1
Oct 23 01:18:39 ubuntu kernel: [    7.664335] usb usb2: Product: xHCI Host Controller
Oct 23 01:18:39 ubuntu kernel: [    7.664895] usb usb2: Manufacturer: Linux 5.7.1 xhci-hcd
Oct 23 01:18:39 ubuntu kernel: [    7.665422] usb usb2: SerialNumber: 0000:02:00.0
Oct 23 01:18:39 ubuntu kernel: [    7.666033] hub 2-0:1.0: USB hub found
Oct 23 01:18:39 ubuntu kernel: [    7.666459] hub 2-0:1.0: 8 ports detected
Oct 23 01:18:39 ubuntu kernel: [    7.667355] mousedev: PS/2 mouse device common for all mice
Oct 23 01:18:39 ubuntu kernel: [    7.668431] rtc-efi rtc-efi.0: registered as rtc0
Oct 23 01:18:39 ubuntu kernel: [    7.669205] rtc-efi rtc-efi.0: setting system clock to 2020-10-22T17:18:33 UTC (1603387113)
Oct 23 01:18:39 ubuntu kernel: [    7.670140] i2c /dev entries driver
Oct 23 01:18:39 ubuntu kernel: [    7.670937] device-mapper: uevent: version 1.0.3
Oct 23 01:18:39 ubuntu kernel: [    7.671573] device-mapper: ioctl: 4.42.0-ioctl (2020-02-27) initialised: dm-devel@redhat.com
Oct 23 01:18:39 ubuntu kernel: [    7.674038] ledtrig-cpu: registered to indicate activity on CPUs
Oct 23 01:18:39 ubuntu kernel: [    7.674710] EFI Variables Facility v0.08 2004-May-17
Oct 23 01:18:39 ubuntu kernel: [    7.680797] NET: Registered protocol family 10
Oct 23 01:18:39 ubuntu kernel: [    7.683001] [mitosis-origin] pgd_alloc for mm=ffff00049561bc00 and mm->pgd =ffff0004de8a6000.
Oct 23 01:18:39 ubuntu kernel: [    7.688118] [mitosis-origin] pgd_alloc for mm=ffff00049561b000 and mm->pgd =ffff0004de8b6000.
Oct 23 01:18:39 ubuntu kernel: [    7.689873] [mitosis-origin] pgd_free for mm=ffff00049561bc00 and pgd =ffff0004de8a6000 and mm->pgd=ffff0004de8a6000.
Oct 23 01:18:39 ubuntu kernel: [    7.693201] [mitosis-origin] pgd_alloc for mm=ffff000495657000 and mm->pgd =ffff0004df1cc000.
Oct 23 01:18:39 ubuntu kernel: [    7.698493] [mitosis-origin] pgd_alloc for mm=ffff000495656800 and mm->pgd =ffff0004df1db000.
Oct 23 01:18:39 ubuntu kernel: [    7.699992] [mitosis-origin] pgd_free for mm=ffff000495657000 and pgd =ffff0004df1cc000 and mm->pgd=ffff0004df1cc000.
Oct 23 01:18:39 ubuntu kernel: [    7.702974] [mitosis-origin] pgd_alloc for mm=ffff000495657000 and mm->pgd =ffff0004de565000.
Oct 23 01:18:39 ubuntu kernel: [    7.704269] [mitosis-origin] pgd_free for mm=ffff000495656800 and pgd =ffff0004df1db000 and mm->pgd=ffff0004df1db000.
Oct 23 01:18:39 ubuntu kernel: [    7.707593] [mitosis-origin] pgd_alloc for mm=ffff000495690400 and mm->pgd =ffff0004deaa0000.
Oct 23 01:18:39 ubuntu kernel: [    7.710595] Segment Routing with IPv6
Oct 23 01:18:39 ubuntu kernel: [    7.711688] NET: Registered protocol family 17
Oct 23 01:18:39 ubuntu kernel: [    7.713214] Key type dns_resolver registered
Oct 23 01:18:39 ubuntu kernel: [    7.714954] registered taskstats version 1
Oct 23 01:18:39 ubuntu kernel: [    7.716075] Loading compiled-in X.509 certificates
Oct 23 01:18:39 ubuntu kernel: [    7.718497] [mitosis-origin] pgd_alloc for mm=ffff0004956e6400 and mm->pgd =ffff0004df2a7000.
Oct 23 01:18:39 ubuntu kernel: [    7.723540] Loaded X.509 cert 'Build time autogenerated kernel key: 5fc9bbbf10d23f3f9dda6c889ba5358a20950e89'
Oct 23 01:18:39 ubuntu kernel: [    7.726890] zswap: loaded using pool lzo/zbud
Oct 23 01:18:39 ubuntu kernel: [    7.729140] Key type ._fscrypt registered
Oct 23 01:18:39 ubuntu kernel: [    7.729723] Key type .fscrypt registered
Oct 23 01:18:39 ubuntu kernel: [    7.730211] Key type fscrypt-provisioning registered
Oct 23 01:18:39 ubuntu kernel: [    7.731270] [mitosis-origin] pgd_alloc for mm=ffff0004957ca800 and mm->pgd =ffff0004dec08000.
Oct 23 01:18:39 ubuntu kernel: [    7.734186] [mitosis-origin] pgd_alloc for mm=ffff0004957cfc00 and mm->pgd =ffff0004dec18000.
Oct 23 01:18:39 ubuntu kernel: [    7.735490] [mitosis-origin] pgd_free for mm=ffff0004957ca800 and pgd =ffff0004dec08000 and mm->pgd=ffff0004dec08000.
Oct 23 01:18:39 ubuntu kernel: [    7.738574] [mitosis-origin] pgd_alloc for mm=ffff0004957ca800 and mm->pgd =ffff0004dec27000.
Oct 23 01:18:39 ubuntu kernel: [    7.739791] [mitosis-origin] pgd_free for mm=ffff0004957cfc00 and pgd =ffff0004dec18000 and mm->pgd=ffff0004dec18000.
Oct 23 01:18:39 ubuntu kernel: [    7.744773] [mitosis-origin] pgd_alloc for mm=ffff0004957cfc00 and mm->pgd =ffff0004957d6000.
Oct 23 01:18:39 ubuntu kernel: [    7.751616] cryptd: max_cpu_qlen set to 1000
Oct 23 01:18:39 ubuntu kernel: [    7.760402] [mitosis-origin] pgd_alloc for mm=ffff0004950f5000 and mm->pgd =ffff0004decee000.
Oct 23 01:18:39 ubuntu kernel: [    7.763584] [mitosis-origin] pgd_alloc for mm=ffff0004950f3c00 and mm->pgd =ffff0004dece3000.
Oct 23 01:18:39 ubuntu kernel: [    7.764608] [mitosis-origin] pgd_free for mm=ffff0004950f5000 and pgd =ffff0004decee000 and mm->pgd=ffff0004decee000.
Oct 23 01:18:39 ubuntu kernel: [    7.767660] [mitosis-origin] pgd_alloc for mm=ffff00049512e800 and mm->pgd =ffff000495009000.
Oct 23 01:18:39 ubuntu kernel: [    7.773502] [mitosis-origin] pgd_alloc for mm=ffff00049512d400 and mm->pgd =ffff00049500d000.
Oct 23 01:18:39 ubuntu kernel: [    7.774770] [mitosis-origin] pgd_free for mm=ffff00049512e800 and pgd =ffff000495009000 and mm->pgd=ffff000495009000.
Oct 23 01:18:39 ubuntu kernel: [    7.777819] [mitosis-origin] pgd_alloc for mm=ffff00049512e800 and mm->pgd =ffff000495011000.
Oct 23 01:18:39 ubuntu kernel: [    7.779003] [mitosis-origin] pgd_free for mm=ffff00049512d400 and pgd =ffff00049500d000 and mm->pgd=ffff00049500d000.
Oct 23 01:18:39 ubuntu kernel: [    7.781903] [mitosis-origin] pgd_alloc for mm=ffff00049512d400 and mm->pgd =ffff000495015000.
Oct 23 01:18:39 ubuntu kernel: [    7.782839] [mitosis-origin] pgd_free for mm=ffff00049512e800 and pgd =ffff000495011000 and mm->pgd=ffff000495011000.
Oct 23 01:18:39 ubuntu kernel: [    7.785163] [mitosis-origin] pgd_alloc for mm=ffff00049512e800 and mm->pgd =ffff000495019000.
Oct 23 01:18:39 ubuntu kernel: [    7.786037] [mitosis-origin] pgd_free for mm=ffff00049512d400 and pgd =ffff000495015000 and mm->pgd=ffff000495015000.
Oct 23 01:18:39 ubuntu kernel: [    7.788261] [mitosis-origin] pgd_alloc for mm=ffff00049512d400 and mm->pgd =ffff000495138000.
Oct 23 01:18:39 ubuntu kernel: [    7.789181] [mitosis-origin] pgd_free for mm=ffff00049512e800 and pgd =ffff000495019000 and mm->pgd=ffff000495019000.
Oct 23 01:18:39 ubuntu kernel: [    7.791602] [mitosis-origin] pgd_alloc for mm=ffff00049512e800 and mm->pgd =ffff00049513c000.
Oct 23 01:18:39 ubuntu kernel: [    7.792477] [mitosis-origin] pgd_free for mm=ffff00049512d400 and pgd =ffff000495138000 and mm->pgd=ffff000495138000.
Oct 23 01:18:39 ubuntu kernel: [    7.794806] [mitosis-origin] pgd_alloc for mm=ffff00049512d400 and mm->pgd =ffff000495140000.
Oct 23 01:18:39 ubuntu kernel: [    7.795668] [mitosis-origin] pgd_free for mm=ffff00049512e800 and pgd =ffff00049513c000 and mm->pgd=ffff00049513c000.
Oct 23 01:18:39 ubuntu kernel: [    7.797895] [mitosis-origin] pgd_alloc for mm=ffff00049512e800 and mm->pgd =ffff000495144000.
Oct 23 01:18:39 ubuntu kernel: [    7.798780] [mitosis-origin] pgd_free for mm=ffff00049512d400 and pgd =ffff000495140000 and mm->pgd=ffff000495140000.
Oct 23 01:18:39 ubuntu kernel: [    7.801027] [mitosis-origin] pgd_alloc for mm=ffff00049512d400 and mm->pgd =ffff000495148000.
Oct 23 01:18:39 ubuntu kernel: [    7.801896] [mitosis-origin] pgd_free for mm=ffff00049512e800 and pgd =ffff000495144000 and mm->pgd=ffff000495144000.
Oct 23 01:18:39 ubuntu kernel: [    7.804057] [mitosis-origin] pgd_alloc for mm=ffff00049512e800 and mm->pgd =ffff00049514c000.
Oct 23 01:18:39 ubuntu kernel: [    7.804965] [mitosis-origin] pgd_free for mm=ffff00049512d400 and pgd =ffff000495148000 and mm->pgd=ffff000495148000.
Oct 23 01:18:39 ubuntu kernel: [    7.807161] [mitosis-origin] pgd_alloc for mm=ffff00049512d400 and mm->pgd =ffff000495150000.
Oct 23 01:18:39 ubuntu kernel: [    7.808054] [mitosis-origin] pgd_free for mm=ffff00049512e800 and pgd =ffff00049514c000 and mm->pgd=ffff00049514c000.
Oct 23 01:18:39 ubuntu kernel: [    7.810212] [mitosis-origin] pgd_alloc for mm=ffff00049512e800 and mm->pgd =ffff000495154000.
Oct 23 01:18:39 ubuntu kernel: [    7.811095] [mitosis-origin] pgd_free for mm=ffff00049512d400 and pgd =ffff000495150000 and mm->pgd=ffff000495150000.
Oct 23 01:18:39 ubuntu kernel: [    7.813336] [mitosis-origin] pgd_alloc for mm=ffff00049512d400 and mm->pgd =ffff000495158000.
Oct 23 01:18:39 ubuntu kernel: [    7.814222] [mitosis-origin] pgd_free for mm=ffff00049512e800 and pgd =ffff000495154000 and mm->pgd=ffff000495154000.
Oct 23 01:18:39 ubuntu kernel: [    7.825472] [mitosis-origin] pgd_alloc for mm=ffff000495227400 and mm->pgd =ffff0004dee0d000.
Oct 23 01:18:39 ubuntu kernel: [    7.828296] [mitosis-origin] pgd_free for mm=ffff000495227400 and pgd =ffff0004dee0d000 and mm->pgd=ffff0004dee0d000.
Oct 23 01:18:39 ubuntu kernel: [    7.830174] [mitosis-origin] pgd_alloc for mm=ffff00049522b800 and mm->pgd =ffff0004dee4c000.
Oct 23 01:18:39 ubuntu kernel: [    7.834764] [mitosis-origin] pgd_free for mm=ffff00049522b800 and pgd =ffff0004dee4c000 and mm->pgd=ffff0004dee4c000.
Oct 23 01:18:39 ubuntu kernel: [    7.838109] [mitosis-origin] pgd_alloc for mm=ffff00049522b800 and mm->pgd =ffff00049516c000.
Oct 23 01:18:39 ubuntu kernel: [    7.840506] [mitosis-origin] pgd_alloc for mm=ffff00049523c400 and mm->pgd =ffff0004de52d000.
Oct 23 01:18:39 ubuntu kernel: [    7.845672] [mitosis-origin] pgd_free for mm=ffff000495909000 and pgd =ffff0004defc1000 and mm->pgd=ffff0004defc1000.
Oct 23 01:18:39 ubuntu kernel: [    7.847304] [mitosis-origin] pgd_alloc for mm=ffff000495238400 and mm->pgd =ffff000495174000.
Oct 23 01:18:39 ubuntu kernel: [    7.849652] [mitosis-origin] pgd_free for mm=ffff00049523c400 and pgd =ffff0004de52d000 and mm->pgd=ffff0004de52d000.
Oct 23 01:18:39 ubuntu kernel: [    7.852529] [mitosis-origin] pgd_alloc for mm=ffff000495909000 and mm->pgd =ffff00049524a000.
Oct 23 01:18:39 ubuntu kernel: [    7.855894] [mitosis-origin] pgd_free for mm=ffff00049561b000 and pgd =ffff0004de8b6000 and mm->pgd=ffff0004de8b6000.
Oct 23 01:18:39 ubuntu kernel: [    7.857404] [mitosis-origin] pgd_alloc for mm=ffff00049561b000 and mm->pgd =ffff0004de8b6000.
Oct 23 01:18:39 ubuntu kernel: [    7.861807] [mitosis-origin] pgd_alloc for mm=ffff00049561bc00 and mm->pgd =ffff0004951b3000.
Oct 23 01:18:39 ubuntu kernel: [    7.864072] [mitosis-origin] pgd_free for mm=ffff00049561b000 and pgd =ffff0004de8b6000 and mm->pgd=ffff0004de8b6000.
Oct 23 01:18:39 ubuntu kernel: [    7.867895] [mitosis-origin] pgd_alloc for mm=ffff00049561b000 and mm->pgd =ffff0004951b7000.
Oct 23 01:18:39 ubuntu kernel: [    7.868812] [mitosis-origin] pgd_free for mm=ffff00049561bc00 and pgd =ffff0004951b3000 and mm->pgd=ffff0004951b3000.
Oct 23 01:18:39 ubuntu kernel: [    7.871086] [mitosis-origin] pgd_alloc for mm=ffff00049561bc00 and mm->pgd =ffff0004951bb000.
Oct 23 01:18:39 ubuntu kernel: [    7.871974] [mitosis-origin] pgd_free for mm=ffff00049561b000 and pgd =ffff0004951b7000 and mm->pgd=ffff0004951b7000.
Oct 23 01:18:39 ubuntu kernel: [    7.874441] [mitosis-origin] pgd_alloc for mm=ffff00049561b000 and mm->pgd =ffff0004951bf000.
Oct 23 01:18:39 ubuntu kernel: [    7.875326] [mitosis-origin] pgd_free for mm=ffff00049561bc00 and pgd =ffff0004951bb000 and mm->pgd=ffff0004951bb000.
Oct 23 01:18:39 ubuntu kernel: [    7.877600] [mitosis-origin] pgd_alloc for mm=ffff00049561bc00 and mm->pgd =ffff00049528b000.
Oct 23 01:18:39 ubuntu kernel: [    7.878491] [mitosis-origin] pgd_free for mm=ffff00049561b000 and pgd =ffff0004951bf000 and mm->pgd=ffff0004951bf000.
Oct 23 01:18:39 ubuntu kernel: [    7.880677] [mitosis-origin] pgd_alloc for mm=ffff00049561b000 and mm->pgd =ffff00049528f000.
Oct 23 01:18:39 ubuntu kernel: [    7.881732] [mitosis-origin] pgd_free for mm=ffff00049561bc00 and pgd =ffff00049528b000 and mm->pgd=ffff00049528b000.
Oct 23 01:18:39 ubuntu kernel: [    7.883941] [mitosis-origin] pgd_alloc for mm=ffff00049561bc00 and mm->pgd =ffff000495293000.
Oct 23 01:18:39 ubuntu kernel: [    7.884856] [mitosis-origin] pgd_free for mm=ffff00049561b000 and pgd =ffff00049528f000 and mm->pgd=ffff00049528f000.
Oct 23 01:18:39 ubuntu kernel: [    7.887045] [mitosis-origin] pgd_alloc for mm=ffff00049561b000 and mm->pgd =ffff000495297000.
Oct 23 01:18:39 ubuntu kernel: [    7.887893] [mitosis-origin] pgd_free for mm=ffff00049561bc00 and pgd =ffff000495293000 and mm->pgd=ffff000495293000.
Oct 23 01:18:39 ubuntu kernel: [    7.890145] [mitosis-origin] pgd_alloc for mm=ffff00049561bc00 and mm->pgd =ffff00049529b000.
Oct 23 01:18:39 ubuntu kernel: [    7.891022] [mitosis-origin] pgd_free for mm=ffff00049561b000 and pgd =ffff000495297000 and mm->pgd=ffff000495297000.
Oct 23 01:18:39 ubuntu kernel: [    7.897239] [mitosis-origin] pgd_free for mm=ffff00049522b800 and pgd =ffff00049516c000 and mm->pgd=ffff00049516c000.
Oct 23 01:18:39 ubuntu kernel: [    7.900335] [mitosis-origin] pgd_alloc for mm=ffff000495227400 and mm->pgd =ffff000495278000.
Oct 23 01:18:39 ubuntu kernel: [    7.905467] [mitosis-origin] pgd_alloc for mm=ffff00049522b800 and mm->pgd =ffff000495280000.
Oct 23 01:18:39 ubuntu kernel: [    7.908222] [mitosis-origin] pgd_free for mm=ffff000495238400 and pgd =ffff000495174000 and mm->pgd=ffff000495174000.
Oct 23 01:18:39 ubuntu kernel: [    7.911242] [mitosis-origin] pgd_alloc for mm=ffff000495238400 and mm->pgd =ffff000495174000.
Oct 23 01:18:39 ubuntu kernel: [    7.915639] [mitosis-origin] pgd_free for mm=ffff000495238400 and pgd =ffff000495174000 and mm->pgd=ffff000495174000.
Oct 23 01:18:39 ubuntu kernel: [    7.917762] [mitosis-origin] pgd_free for mm=ffff000495909000 and pgd =ffff00049524a000 and mm->pgd=ffff00049524a000.
Oct 23 01:18:39 ubuntu kernel: [    7.919568] [mitosis-origin] pgd_alloc for mm=ffff000495909000 and mm->pgd =ffff00049524a000.
Oct 23 01:18:39 ubuntu kernel: [    7.922066] [mitosis-origin] pgd_free for mm=ffff000495909000 and pgd =ffff00049524a000 and mm->pgd=ffff00049524a000.
Oct 23 01:18:39 ubuntu kernel: [    7.924058] [mitosis-origin] pgd_alloc for mm=ffff000495909000 and mm->pgd =ffff00049530c000.
Oct 23 01:18:39 ubuntu kernel: [    7.926531] [mitosis-origin] pgd_free for mm=ffff00049561bc00 and pgd =ffff00049529b000 and mm->pgd=ffff00049529b000.
Oct 23 01:18:39 ubuntu kernel: [    7.929666] [mitosis-origin] pgd_alloc for mm=ffff00049561bc00 and mm->pgd =ffff00049529b000.
Oct 23 01:18:39 ubuntu kernel: [    7.934458] [mitosis-origin] pgd_alloc for mm=ffff00049561b000 and mm->pgd =ffff0004dfb68000.
Oct 23 01:18:39 ubuntu kernel: [    7.935553] [mitosis-origin] pgd_free for mm=ffff00049561bc00 and pgd =ffff00049529b000 and mm->pgd=ffff00049529b000.
Oct 23 01:18:39 ubuntu kernel: [    7.937870] [mitosis-origin] pgd_alloc for mm=ffff00049561bc00 and mm->pgd =ffff000495318000.
Oct 23 01:18:39 ubuntu kernel: [    7.938830] [mitosis-origin] pgd_free for mm=ffff00049561b000 and pgd =ffff0004dfb68000 and mm->pgd=ffff0004dfb68000.
Oct 23 01:18:39 ubuntu kernel: [    7.941090] [mitosis-origin] pgd_alloc for mm=ffff00049561b000 and mm->pgd =ffff00049531c000.
Oct 23 01:18:39 ubuntu kernel: [    7.942009] [mitosis-origin] pgd_free for mm=ffff00049561bc00 and pgd =ffff000495318000 and mm->pgd=ffff000495318000.
Oct 23 01:18:39 ubuntu kernel: [    7.944537] [mitosis-origin] pgd_alloc for mm=ffff00049537c000 and mm->pgd =ffff0004df42f000.
Oct 23 01:18:39 ubuntu kernel: [    7.946934] [mitosis-origin] pgd_alloc for mm=ffff0004953ac000 and mm->pgd =ffff000495321000.
Oct 23 01:18:39 ubuntu kernel: [    7.951524] Key type big_key registered
Oct 23 01:18:39 ubuntu kernel: [    7.952839] [mitosis-origin] pgd_alloc for mm=ffff0004953b0000 and mm->pgd =ffff0004dec5d000.
Oct 23 01:18:39 ubuntu kernel: [    7.969541] [mitosis-origin] pgd_alloc for mm=ffff0004953b7000 and mm->pgd =ffff0004dec80000.
Oct 23 01:18:39 ubuntu kernel: [    7.970388] [mitosis-origin] pgd_free for mm=ffff0004953b0000 and pgd =ffff0004dec5d000 and mm->pgd=ffff0004dec5d000.
Oct 23 01:18:39 ubuntu kernel: [    7.972857] [mitosis-origin] pgd_alloc for mm=ffff0004953b0000 and mm->pgd =ffff000495336000.
Oct 23 01:18:39 ubuntu kernel: [    7.973838] [mitosis-origin] pgd_free for mm=ffff0004953b7000 and pgd =ffff0004dec80000 and mm->pgd=ffff0004dec80000.
Oct 23 01:18:39 ubuntu kernel: [    7.975730] Key type encrypted registered
Oct 23 01:18:39 ubuntu kernel: [    7.976792] AppArmor: AppArmor sha1 policy hashing enabled
Oct 23 01:18:39 ubuntu kernel: [    7.978705] ima: No TPM chip found, activating TPM-bypass!
Oct 23 01:18:39 ubuntu kernel: [    7.980058] ima: Allocated hash algorithm: sha1
Oct 23 01:18:39 ubuntu kernel: [    7.981328] ima: No architecture policies found
Oct 23 01:18:39 ubuntu kernel: [    7.982508] evm: Initialising EVM extended attributes:
Oct 23 01:18:39 ubuntu kernel: [    7.983750] evm: security.selinux
Oct 23 01:18:39 ubuntu kernel: [    7.984150] evm: security.SMACK64
Oct 23 01:18:39 ubuntu kernel: [    7.984457] evm: security.SMACK64EXEC
Oct 23 01:18:39 ubuntu kernel: [    7.984882] evm: security.SMACK64TRANSMUTE
Oct 23 01:18:39 ubuntu kernel: [    7.985266] evm: security.SMACK64MMAP
Oct 23 01:18:39 ubuntu kernel: [    7.985607] evm: security.apparmor
Oct 23 01:18:39 ubuntu kernel: [    7.985925] evm: security.ima
Oct 23 01:18:39 ubuntu kernel: [    7.986198] evm: security.capability
Oct 23 01:18:39 ubuntu kernel: [    7.986537] evm: HMAC attrs: 0x1
Oct 23 01:18:39 ubuntu kernel: [    7.991624] Freeing unused kernel memory: 7040K
Oct 23 01:18:39 ubuntu kernel: [    8.075452] Checked W+X mappings: passed, no W+X pages found
Oct 23 01:18:39 ubuntu kernel: [    8.076191] Run /init as init process
Oct 23 01:18:39 ubuntu kernel: [    8.076557]   with arguments:
Oct 23 01:18:39 ubuntu kernel: [    8.076558]     /init
Oct 23 01:18:39 ubuntu kernel: [    8.076559]   with environment:
Oct 23 01:18:39 ubuntu kernel: [    8.076560]     HOME=/
Oct 23 01:18:39 ubuntu kernel: [    8.076560]     TERM=linux
Oct 23 01:18:39 ubuntu kernel: [    8.076561]     BOOT_IMAGE=/boot/vmlinuz-5.7.1
Oct 23 01:18:39 ubuntu kernel: [    8.076622] [mitosis-origin] pgd_alloc for mm=ffff000494c5b000 and mm->pgd =ffff000494c15000.
Oct 23 01:18:39 ubuntu kernel: [    8.078712] [mitosis-origin] pgd_alloc for mm=ffff000494c5a000 and mm->pgd =ffff000494c27000.
Oct 23 01:18:39 ubuntu kernel: [    8.079717] [mitosis-origin] pgd_free for mm=ffff00049512d400 and pgd =ffff000495158000 and mm->pgd=ffff000495158000.
Oct 23 01:18:39 ubuntu kernel: [    8.083742] [mitosis-origin] pgd_alloc for mm=ffff000494c5e000 and mm->pgd =ffff000494c33000.
Oct 23 01:18:39 ubuntu kernel: [    8.085196] [mitosis-origin] pgd_free for mm=ffff000494c5a000 and pgd =ffff000494c27000 and mm->pgd=ffff000494c27000.
Oct 23 01:18:39 ubuntu kernel: [    8.088301] [mitosis-origin] pgd_alloc for mm=ffff000494c5cc00 and mm->pgd =ffff000494c42000.
Oct 23 01:18:39 ubuntu kernel: [    8.089705] [mitosis-origin] pgd_free for mm=ffff000494c5e000 and pgd =ffff000494c33000 and mm->pgd=ffff000494c33000.
Oct 23 01:18:39 ubuntu kernel: [    8.091216] [mitosis-origin] pgd_alloc for mm=ffff000494c58000 and mm->pgd =ffff000494c61000.
Oct 23 01:18:39 ubuntu kernel: [    8.092759] [mitosis-origin] pgd_free for mm=ffff000494c5cc00 and pgd =ffff000494c42000 and mm->pgd=ffff000494c42000.
Oct 23 01:18:39 ubuntu kernel: [    8.094317] [mitosis-origin] pgd_alloc for mm=ffff000494c5f000 and mm->pgd =ffff000494c6e000.
Oct 23 01:18:39 ubuntu kernel: [    8.096077] [mitosis-origin] pgd_free for mm=ffff000494c58000 and pgd =ffff000494c61000 and mm->pgd=ffff000494c61000.
Oct 23 01:18:39 ubuntu kernel: [    8.098802] [mitosis-origin] pgd_alloc for mm=ffff00049512d400 and mm->pgd =ffff000494c61000.
Oct 23 01:18:39 ubuntu kernel: [    8.100872] [mitosis-origin] pgd_free for mm=ffff000494c5f000 and pgd =ffff000494c6e000 and mm->pgd=ffff000494c6e000.
Oct 23 01:18:39 ubuntu kernel: [    8.104513] [mitosis-origin] pgd_alloc for mm=ffff000494c5e800 and mm->pgd =ffff000494c7d000.
Oct 23 01:18:39 ubuntu kernel: [    8.105625] [mitosis-origin] pgd_free for mm=ffff00049512d400 and pgd =ffff000494c61000 and mm->pgd=ffff000494c61000.
Oct 23 01:18:39 ubuntu kernel: [    8.106739] [mitosis-origin] pgd_alloc for mm=ffff00049512d400 and mm->pgd =ffff000494c61000.
Oct 23 01:18:39 ubuntu kernel: [    8.107602] [mitosis-origin] pgd_free for mm=ffff000494c5e800 and pgd =ffff000494c7d000 and mm->pgd=ffff000494c7d000.
Oct 23 01:18:39 ubuntu kernel: [    8.109345] [mitosis-origin] pgd_alloc for mm=ffff000494c5d400 and mm->pgd =ffff000494c8c000.
Oct 23 01:18:39 ubuntu kernel: [    8.111673] [mitosis-origin] pgd_free for mm=ffff00049512d400 and pgd =ffff000494c61000 and mm->pgd=ffff000494c61000.
Oct 23 01:18:39 ubuntu kernel: [    8.112886] [mitosis-origin] pgd_alloc for mm=ffff00049512d400 and mm->pgd =ffff000494c61000.
Oct 23 01:18:39 ubuntu kernel: [    8.113936] [mitosis-origin] pgd_free for mm=ffff000494c5d400 and pgd =ffff000494c8c000 and mm->pgd=ffff000494c8c000.
Oct 23 01:18:39 ubuntu kernel: [    8.115759] [mitosis-origin] pgd_free for mm=ffff000495227400 and pgd =ffff000495278000 and mm->pgd=ffff000495278000.
Oct 23 01:18:39 ubuntu kernel: [    8.119452] [mitosis-origin] pgd_alloc for mm=ffff000495227400 and mm->pgd =ffff000494c48000.
Oct 23 01:18:39 ubuntu kernel: [    8.121629] [mitosis-origin] pgd_free for mm=ffff00049537c000 and pgd =ffff0004df42f000 and mm->pgd=ffff0004df42f000.
Oct 23 01:18:39 ubuntu kernel: [    8.123063] [mitosis-origin] pgd_alloc for mm=ffff00049537c000 and mm->pgd =ffff0004df42f000.
Oct 23 01:18:39 ubuntu kernel: [    8.124124] [mitosis-origin] pgd_free for mm=ffff000495227400 and pgd =ffff000494c48000 and mm->pgd=ffff000494c48000.
Oct 23 01:18:39 ubuntu kernel: [    8.126038] [mitosis-origin] pgd_alloc for mm=ffff000495221000 and mm->pgd =ffff0004dee17000.
Oct 23 01:18:39 ubuntu kernel: [    8.127250] [mitosis-origin] pgd_free for mm=ffff00049537c000 and pgd =ffff0004df42f000 and mm->pgd=ffff0004df42f000.
Oct 23 01:18:39 ubuntu kernel: [    8.128862] [mitosis-origin] pgd_alloc for mm=ffff000495222c00 and mm->pgd =ffff000495165000.
Oct 23 01:18:39 ubuntu kernel: [    8.130070] [mitosis-origin] pgd_free for mm=ffff000495221000 and pgd =ffff0004dee17000 and mm->pgd=ffff0004dee17000.
Oct 23 01:18:39 ubuntu kernel: [    8.131487] [mitosis-origin] pgd_alloc for mm=ffff00049537c000 and mm->pgd =ffff0004dee17000.
Oct 23 01:18:39 ubuntu kernel: [    8.132600] [mitosis-origin] pgd_free for mm=ffff000495222c00 and pgd =ffff000495165000 and mm->pgd=ffff000495165000.
Oct 23 01:18:39 ubuntu kernel: [    8.134872] [mitosis-origin] pgd_alloc for mm=ffff000495227800 and mm->pgd =ffff0004dee28000.
Oct 23 01:18:39 ubuntu kernel: [    8.137079] [mitosis-origin] pgd_free for mm=ffff00049537c000 and pgd =ffff0004dee17000 and mm->pgd=ffff0004dee17000.
Oct 23 01:18:39 ubuntu kernel: [    8.138452] [mitosis-origin] pgd_alloc for mm=ffff00049537c000 and mm->pgd =ffff0004dee17000.
Oct 23 01:18:39 ubuntu kernel: [    8.139510] [mitosis-origin] pgd_free for mm=ffff000495227800 and pgd =ffff0004dee28000 and mm->pgd=ffff0004dee28000.
Oct 23 01:18:39 ubuntu kernel: [    8.141531] [mitosis-origin] pgd_alloc for mm=ffff000495224800 and mm->pgd =ffff0004dee37000.
Oct 23 01:18:39 ubuntu kernel: [    8.143651] [mitosis-origin] pgd_free for mm=ffff00049537c000 and pgd =ffff0004dee17000 and mm->pgd=ffff0004dee17000.
Oct 23 01:18:39 ubuntu kernel: [    8.147441] [mitosis-origin] pgd_alloc for mm=ffff000495220c00 and mm->pgd =ffff0004dee46000.
Oct 23 01:18:39 ubuntu kernel: [    8.149021] [mitosis-origin] pgd_free for mm=ffff000495224800 and pgd =ffff0004dee37000 and mm->pgd=ffff0004dee37000.
Oct 23 01:18:39 ubuntu kernel: [    8.150452] [mitosis-origin] pgd_alloc for mm=ffff00049537c000 and mm->pgd =ffff0004dee37000.
Oct 23 01:18:39 ubuntu kernel: [    8.151583] [mitosis-origin] pgd_free for mm=ffff000495220c00 and pgd =ffff0004dee46000 and mm->pgd=ffff0004dee46000.
Oct 23 01:18:39 ubuntu kernel: [    8.153958] [mitosis-origin] pgd_alloc for mm=ffff000494d63400 and mm->pgd =ffff000495272000.
Oct 23 01:18:39 ubuntu kernel: [    8.155621] [mitosis-origin] pgd_free for mm=ffff00049522b800 and pgd =ffff000495280000 and mm->pgd=ffff000495280000.
Oct 23 01:18:39 ubuntu kernel: [    8.158743] [mitosis-origin] pgd_alloc for mm=ffff00049522b800 and mm->pgd =ffff000495280000.
Oct 23 01:18:39 ubuntu kernel: [    8.161137] [mitosis-origin] pgd_free for mm=ffff000494d63400 and pgd =ffff000495272000 and mm->pgd=ffff000495272000.
Oct 23 01:18:39 ubuntu kernel: [    8.165096] [mitosis-origin] pgd_alloc for mm=ffff000495229400 and mm->pgd =ffff00049527d000.
Oct 23 01:18:39 ubuntu kernel: [    8.166666] [mitosis-origin] pgd_alloc for mm=ffff000494d61800 and mm->pgd =ffff000495262000.
Oct 23 01:18:39 ubuntu kernel: [    8.168884] [mitosis-origin] pgd_free for mm=ffff000495229400 and pgd =ffff00049527d000 and mm->pgd=ffff00049527d000.
Oct 23 01:18:39 ubuntu kernel: [    8.173011] [mitosis-origin] pgd_free for mm=ffff000494d61800 and pgd =ffff000495262000 and mm->pgd=ffff000495262000.
Oct 23 01:18:39 ubuntu kernel: [    8.174407] [mitosis-origin] pgd_alloc for mm=ffff000494d61800 and mm->pgd =ffff000495262000.
Oct 23 01:18:39 ubuntu kernel: [    8.175647] [mitosis-origin] pgd_alloc for mm=ffff000494da2000 and mm->pgd =ffff000495283000.
Oct 23 01:18:39 ubuntu kernel: [    8.176797] [mitosis-origin] pgd_free for mm=ffff000494d61800 and pgd =ffff000495262000 and mm->pgd=ffff000495262000.
Oct 23 01:18:39 ubuntu kernel: [    8.178674] [mitosis-origin] pgd_alloc for mm=ffff000494da6000 and mm->pgd =ffff0004deee6000.
Oct 23 01:18:39 ubuntu kernel: [    8.179892] [mitosis-origin] pgd_alloc for mm=ffff000494d67400 and mm->pgd =ffff0004df4b1000.
Oct 23 01:18:39 ubuntu kernel: [    8.181016] [mitosis-origin] pgd_free for mm=ffff000494da6000 and pgd =ffff0004deee6000 and mm->pgd=ffff0004deee6000.
Oct 23 01:18:39 ubuntu kernel: [    8.184042] [mitosis-origin] pgd_free for mm=ffff000494d67400 and pgd =ffff0004df4b1000 and mm->pgd=ffff0004df4b1000.
Oct 23 01:18:39 ubuntu kernel: [    8.186101] [mitosis-origin] pgd_alloc for mm=ffff000494d67400 and mm->pgd =ffff0004df4b1000.
Oct 23 01:18:39 ubuntu kernel: [    8.187855] [mitosis-origin] pgd_alloc for mm=ffff000494da4c00 and mm->pgd =ffff0004deef2000.
Oct 23 01:18:39 ubuntu kernel: [    8.189573] [mitosis-origin] pgd_free for mm=ffff000494d67400 and pgd =ffff0004df4b1000 and mm->pgd=ffff0004df4b1000.
Oct 23 01:18:39 ubuntu kernel: [    8.191501] [mitosis-origin] pgd_alloc for mm=ffff000494da0000 and mm->pgd =ffff0004def00000.
Oct 23 01:18:39 ubuntu kernel: [    8.192717] [mitosis-origin] pgd_alloc for mm=ffff000494d61000 and mm->pgd =ffff0004df4ca000.
Oct 23 01:18:39 ubuntu kernel: [    8.193918] [mitosis-origin] pgd_free for mm=ffff000494da0000 and pgd =ffff0004def00000 and mm->pgd=ffff0004def00000.
Oct 23 01:18:39 ubuntu kernel: [    8.196209] [mitosis-origin] pgd_free for mm=ffff000494d61000 and pgd =ffff0004df4ca000 and mm->pgd=ffff0004df4ca000.
Oct 23 01:18:39 ubuntu kernel: [    8.197673] [mitosis-origin] pgd_alloc for mm=ffff000494d61000 and mm->pgd =ffff0004df4ca000.
Oct 23 01:18:39 ubuntu kernel: [    8.199282] [mitosis-origin] pgd_alloc for mm=ffff000495238400 and mm->pgd =ffff0004de4e5000.
Oct 23 01:18:39 ubuntu kernel: [    8.200470] [mitosis-origin] pgd_free for mm=ffff000494d61000 and pgd =ffff0004df4ca000 and mm->pgd=ffff0004df4ca000.
Oct 23 01:18:39 ubuntu kernel: [    8.202633] [mitosis-origin] pgd_alloc for mm=ffff00049523c400 and mm->pgd =ffff0004dfb6c000.
Oct 23 01:18:39 ubuntu kernel: [    8.203948] [mitosis-origin] pgd_alloc for mm=ffff000494d62c00 and mm->pgd =ffff00049525e000.
Oct 23 01:18:39 ubuntu kernel: [    8.205436] [mitosis-origin] pgd_free for mm=ffff00049523c400 and pgd =ffff0004dfb6c000 and mm->pgd=ffff0004dfb6c000.
Oct 23 01:18:39 ubuntu kernel: [    8.212547] [mitosis-origin] pgd_alloc for mm=ffff000494d67800 and mm->pgd =ffff0004deef0000.
Oct 23 01:18:39 ubuntu kernel: [    8.214819] [mitosis-origin] pgd_free for mm=ffff000495909000 and pgd =ffff00049530c000 and mm->pgd=ffff00049530c000.
Oct 23 01:18:39 ubuntu kernel: [    8.217934] [mitosis-origin] pgd_alloc for mm=ffff000495909000 and mm->pgd =ffff0004defc7000.
Oct 23 01:18:39 ubuntu kernel: [    8.220287] [mitosis-origin] pgd_free for mm=ffff000494d62c00 and pgd =ffff00049525e000 and mm->pgd=ffff00049525e000.
Oct 23 01:18:39 ubuntu kernel: [    8.221484] [mitosis-origin] pgd_alloc for mm=ffff000494d62c00 and mm->pgd =ffff00049525e000.
Oct 23 01:18:39 ubuntu kernel: [    8.222416] [mitosis-origin] pgd_free for mm=ffff000495909000 and pgd =ffff0004defc7000 and mm->pgd=ffff0004defc7000.
Oct 23 01:18:39 ubuntu kernel: [    8.261201] [mitosis-origin] pgd_alloc for mm=ffff00049523ec00 and mm->pgd =ffff0004de52d000.
Oct 23 01:18:39 ubuntu kernel: [    8.265064] [mitosis-origin] pgd_alloc for mm=ffff00049523e400 and mm->pgd =ffff0004de520000.
Oct 23 01:18:39 ubuntu kernel: [    8.267106] [mitosis-origin] pgd_alloc for mm=ffff00049523a400 and mm->pgd =ffff0004de50c000.
Oct 23 01:18:39 ubuntu kernel: [    8.267508] [mitosis-origin] pgd_free for mm=ffff00049561b000 and pgd =ffff00049531c000 and mm->pgd=ffff00049531c000.
Oct 23 01:18:39 ubuntu kernel: [    8.268710] [mitosis-origin] pgd_free for mm=ffff000494d62c00 and pgd =ffff00049525e000 and mm->pgd=ffff00049525e000.
Oct 23 01:18:39 ubuntu kernel: [    8.268883] [mitosis-origin] pgd_alloc for mm=ffff00049523b800 and mm->pgd =ffff0004de4c7000.
Oct 23 01:18:39 ubuntu kernel: [    8.269179] [mitosis-origin] pgd_alloc for mm=ffff000495239400 and mm->pgd =ffff0004de4f9000.
Oct 23 01:18:39 ubuntu kernel: [    8.269513] [mitosis-origin] pgd_alloc for mm=ffff00049523d800 and mm->pgd =ffff0004de4b4000.
Oct 23 01:18:39 ubuntu kernel: [    8.269746] [mitosis-origin] pgd_free for mm=ffff0004953ac000 and pgd =ffff000495321000 and mm->pgd=ffff000495321000.
Oct 23 01:18:39 ubuntu kernel: [    8.269875] [mitosis-origin] pgd_alloc for mm=ffff00049523d000 and mm->pgd =ffff0004de47b000.
Oct 23 01:18:39 ubuntu kernel: [    8.270258] [mitosis-origin] pgd_alloc for mm=ffff00049523bc00 and mm->pgd =ffff0004de435000.
Oct 23 01:18:39 ubuntu kernel: [    8.270493] [mitosis-origin] pgd_alloc for mm=ffff00049561b000 and mm->pgd =ffff000495291000.
Oct 23 01:18:39 ubuntu kernel: [    8.270937] [mitosis-origin] pgd_free for mm=ffff000495657000 and pgd =ffff0004de565000 and mm->pgd=ffff0004de565000.
Oct 23 01:18:39 ubuntu kernel: [    8.271202] [mitosis-origin] pgd_free for mm=ffff000495690400 and pgd =ffff0004deaa0000 and mm->pgd=ffff0004deaa0000.
Oct 23 01:18:39 ubuntu kernel: [    8.272494] [mitosis-origin] pgd_free for mm=ffff0004956e6400 and pgd =ffff0004df2a7000 and mm->pgd=ffff0004df2a7000.
Oct 23 01:18:39 ubuntu kernel: [    8.273222] [mitosis-origin] pgd_alloc for mm=ffff000494d62c00 and mm->pgd =ffff00049525e000.
Oct 23 01:18:39 ubuntu kernel: [    8.283099] [mitosis-origin] pgd_free for mm=ffff00049561b000 and pgd =ffff000495291000 and mm->pgd=ffff000495291000.
Oct 23 01:18:39 ubuntu kernel: [    8.296185] [mitosis-origin] pgd_free for mm=ffff0004957ca800 and pgd =ffff0004dec27000 and mm->pgd=ffff0004dec27000.
Oct 23 01:18:39 ubuntu kernel: [    8.327959] [mitosis-origin] pgd_alloc for mm=ffff00049523b000 and mm->pgd =ffff0004de466000.
Oct 23 01:18:39 ubuntu kernel: [    8.330800] [mitosis-origin] pgd_free for mm=ffff000495239400 and pgd =ffff0004de4f9000 and mm->pgd=ffff0004de4f9000.
Oct 23 01:18:39 ubuntu kernel: [    8.331519] [mitosis-origin] pgd_alloc for mm=ffff00049523a000 and mm->pgd =ffff0004de45c000.
Oct 23 01:18:39 ubuntu kernel: [    8.333090] [mitosis-origin] pgd_alloc for mm=ffff00049561bc00 and mm->pgd =ffff0004952bf000.
Oct 23 01:18:39 ubuntu kernel: [    8.333219] [mitosis-origin] pgd_free for mm=ffff000494d62c00 and pgd =ffff00049525e000 and mm->pgd=ffff00049525e000.
Oct 23 01:18:39 ubuntu kernel: [    8.333337] [mitosis-origin] pgd_alloc for mm=ffff000494d62c00 and mm->pgd =ffff00049525e000.
Oct 23 01:18:39 ubuntu kernel: [    8.333442] [mitosis-origin] pgd_free for mm=ffff00049561bc00 and pgd =ffff0004952bf000 and mm->pgd=ffff0004952bf000.
Oct 23 01:18:39 ubuntu kernel: [    8.340415] [mitosis-origin] pgd_alloc for mm=ffff00049523e000 and mm->pgd =ffff0004de417000.
Oct 23 01:18:39 ubuntu kernel: [    8.342438] [mitosis-origin] pgd_free for mm=ffff00049523e400 and pgd =ffff0004de520000 and mm->pgd=ffff0004de520000.
Oct 23 01:18:39 ubuntu kernel: [    8.342468] [mitosis-origin] pgd_alloc for mm=ffff00049523cc00 and mm->pgd =ffff0004de449000.
Oct 23 01:18:39 ubuntu kernel: [    8.344517] [mitosis-origin] pgd_alloc for mm=ffff000495238000 and mm->pgd =ffff0004debb8000.
Oct 23 01:18:39 ubuntu kernel: [    8.345655] [mitosis-origin] pgd_alloc for mm=ffff00049523f000 and mm->pgd =ffff0004dfb79000.
Oct 23 01:18:39 ubuntu kernel: [    8.346714] [mitosis-origin] pgd_alloc for mm=ffff00049523e800 and mm->pgd =ffff0004dfb6d000.
Oct 23 01:18:39 ubuntu kernel: [    8.347790] [mitosis-origin] pgd_alloc for mm=ffff00049523d400 and mm->pgd =ffff000494461000.
Oct 23 01:18:39 ubuntu kernel: [    8.348900] [mitosis-origin] pgd_free for mm=ffff00049523b800 and pgd =ffff0004de4c7000 and mm->pgd=ffff0004de4c7000.
Oct 23 01:18:39 ubuntu kernel: [    8.348946] [mitosis-origin] pgd_alloc for mm=ffff00049523c000 and mm->pgd =ffff00049453e000.
Oct 23 01:18:39 ubuntu kernel: [    8.351413] [mitosis-origin] pgd_alloc for mm=ffff000495238800 and mm->pgd =ffff000494eb4000.
Oct 23 01:18:39 ubuntu kernel: [    8.352482] [mitosis-origin] pgd_alloc for mm=ffff000495239c00 and mm->pgd =ffff000494432000.
Oct 23 01:18:39 ubuntu kernel: [    8.353611] [mitosis-origin] pgd_alloc for mm=ffff00049523a800 and mm->pgd =ffff000494ef3000.
Oct 23 01:18:39 ubuntu kernel: [    8.354679] [mitosis-origin] pgd_alloc for mm=ffff00049523fc00 and mm->pgd =ffff0004944fd000.
Oct 23 01:18:39 ubuntu kernel: [    8.355754] [mitosis-origin] pgd_alloc for mm=ffff00049523b400 and mm->pgd =ffff000494f89000.
Oct 23 01:18:39 ubuntu kernel: [    8.356961] [mitosis-origin] pgd_alloc for mm=ffff000495239800 and mm->pgd =ffff0004944bd000.
Oct 23 01:18:39 ubuntu kernel: [    8.358463] [mitosis-origin] pgd_free for mm=ffff00049523a400 and pgd =ffff0004de50c000 and mm->pgd=ffff0004de50c000.
Oct 23 01:18:39 ubuntu kernel: [    8.358530] [mitosis-origin] pgd_free for mm=ffff00049523ec00 and pgd =ffff0004de52d000 and mm->pgd=ffff0004de52d000.
Oct 23 01:18:39 ubuntu kernel: [    8.358543] [mitosis-origin] pgd_free for mm=ffff00049523d000 and pgd =ffff0004de47b000 and mm->pgd=ffff0004de47b000.
Oct 23 01:18:39 ubuntu kernel: [    8.361221] [mitosis-origin] pgd_free for mm=ffff0004957cfc00 and pgd =ffff0004957d6000 and mm->pgd=ffff0004957d6000.
Oct 23 01:18:39 ubuntu kernel: [    8.362084] [mitosis-origin] pgd_free for mm=ffff0004953b0000 and pgd =ffff000495336000 and mm->pgd=ffff000495336000.
Oct 23 01:18:39 ubuntu kernel: [    8.362999] [mitosis-origin] pgd_free for mm=ffff00049512d400 and pgd =ffff000494c61000 and mm->pgd=ffff000494c61000.
Oct 23 01:18:39 ubuntu kernel: [    8.363007] [mitosis-origin] pgd_free for mm=ffff0004950f3c00 and pgd =ffff0004dece3000 and mm->pgd=ffff0004dece3000.
Oct 23 01:18:39 ubuntu kernel: [    8.369329] [mitosis-origin] pgd_free for mm=ffff00049522b800 and pgd =ffff000495280000 and mm->pgd=ffff000495280000.
Oct 23 01:18:39 ubuntu kernel: [    8.369376] [mitosis-origin] pgd_free for mm=ffff000494da4c00 and pgd =ffff0004deef2000 and mm->pgd=ffff0004deef2000.
Oct 23 01:18:39 ubuntu kernel: [    8.369442] [mitosis-origin] pgd_alloc for mm=ffff00049523f400 and mm->pgd =ffff000494470000.
Oct 23 01:18:39 ubuntu kernel: [    8.369621] [mitosis-origin] pgd_free for mm=ffff00049523bc00 and pgd =ffff0004de435000 and mm->pgd=ffff0004de435000.
Oct 23 01:18:39 ubuntu kernel: [    8.369941] [mitosis-origin] pgd_alloc for mm=ffff000495239000 and mm->pgd =ffff0004944c3000.
Oct 23 01:18:39 ubuntu kernel: [    8.370117] [mitosis-origin] pgd_free for mm=ffff00049523d800 and pgd =ffff0004de4b4000 and mm->pgd=ffff0004de4b4000.
Oct 23 01:18:39 ubuntu kernel: [    8.370521] [mitosis-origin] pgd_alloc for mm=ffff00049523ac00 and mm->pgd =ffff000494f68000.
Oct 23 01:18:39 ubuntu kernel: [    8.372744] [mitosis-origin] pgd_alloc for mm=ffff000494d64800 and mm->pgd =ffff0004de556000.
Oct 23 01:18:39 ubuntu kernel: [    8.373783] [mitosis-origin] pgd_alloc for mm=ffff00049523f800 and mm->pgd =ffff000494f7c000.
Oct 23 01:18:39 ubuntu kernel: [    8.374579] scsi host0: Virtio SCSI HBA
Oct 23 01:18:39 ubuntu kernel: [    8.376701] scsi 0:0:0:0: Direct-Access     QEMU     QEMU HARDDISK    2.5+ PQ: 0 ANSI: 5
Oct 23 01:18:39 ubuntu kernel: [    8.377495] [mitosis-origin] pgd_free for mm=ffff00049537c000 and pgd =ffff0004dee37000 and mm->pgd=ffff0004dee37000.
Oct 23 01:18:39 ubuntu kernel: [    8.377953] [mitosis-origin] pgd_alloc for mm=ffff00049523c800 and mm->pgd =ffff00049458e000.
Oct 23 01:18:39 ubuntu kernel: [    8.378092] [mitosis-origin] pgd_free for mm=ffff000494d64800 and pgd =ffff0004de556000 and mm->pgd=ffff0004de556000.
Oct 23 01:18:39 ubuntu kernel: [    8.378340] [mitosis-origin] pgd_alloc for mm=ffff000495238c00 and mm->pgd =ffff00049463a000.
Oct 23 01:18:39 ubuntu kernel: [    8.378735] [mitosis-origin] pgd_alloc for mm=ffff00049523dc00 and mm->pgd =ffff00049464d000.
Oct 23 01:18:39 ubuntu kernel: [    8.379265] scsi 0:0:0:1: CD-ROM            QEMU     QEMU CD-ROM      2.5+ PQ: 0 ANSI: 5
Oct 23 01:18:39 ubuntu kernel: [    8.380393] [mitosis-origin] pgd_alloc for mm=ffff000494d64800 and mm->pgd =ffff0004de8c4000.
Oct 23 01:18:39 ubuntu kernel: [    8.381479] [mitosis-origin] pgd_alloc for mm=ffff00049523d800 and mm->pgd =ffff00049465f000.
Oct 23 01:18:39 ubuntu kernel: [    8.384285] [mitosis-origin] pgd_alloc for mm=ffff000494d60c00 and mm->pgd =ffff0004951bf000.
Oct 23 01:18:39 ubuntu kernel: [    8.385663] [mitosis-origin] pgd_alloc for mm=ffff00049523bc00 and mm->pgd =ffff0004947fe000.
Oct 23 01:18:39 ubuntu kernel: [    8.387024] [mitosis-origin] pgd_free for mm=ffff000494d64800 and pgd =ffff0004de8c4000 and mm->pgd=ffff0004de8c4000.
Oct 23 01:18:39 ubuntu kernel: [    8.388561] [mitosis-origin] pgd_alloc for mm=ffff00049523ec00 and mm->pgd =ffff000493c11000.
Oct 23 01:18:39 ubuntu kernel: [    8.390781] [mitosis-origin] pgd_alloc for mm=ffff000494d64800 and mm->pgd =ffff0004952dd000.
Oct 23 01:18:39 ubuntu kernel: [    8.391921] [mitosis-origin] pgd_alloc for mm=ffff00049523a400 and mm->pgd =ffff000493c24000.
Oct 23 01:18:39 ubuntu kernel: [    8.392880] [mitosis-origin] pgd_free for mm=ffff000494d60c00 and pgd =ffff0004951bf000 and mm->pgd=ffff0004951bf000.
Oct 23 01:18:39 ubuntu kernel: [    8.394185] [mitosis-origin] pgd_alloc for mm=ffff00049523d000 and mm->pgd =ffff000493e1a000.
Oct 23 01:18:39 ubuntu kernel: [    8.396108] [mitosis-origin] pgd_alloc for mm=ffff000494d60c00 and mm->pgd =ffff0004951bb000.
