Dec  3 06:25:02 ubuntu rsyslogd:  [origin software="rsyslogd" swVersion="8.32.0" x-pid="961" x-info="http://www.rsyslog.com"] rsyslogd was HUPed
Dec  3 06:44:07 ubuntu systemd[1]: Starting Message of the Day...
Dec  3 06:44:09 ubuntu 50-motd-news[21699]:  * Introducing self-healing high availability clusters in MicroK8s.
Dec  3 06:44:09 ubuntu 50-motd-news[21699]:    Simple, hardened, Kubernetes for production, from RaspberryPi to DC.
Dec  3 06:44:09 ubuntu 50-motd-news[21699]:      https://microk8s.io/high-availability
Dec  3 06:44:09 ubuntu systemd[1]: Started Message of the Day.
Dec  3 07:17:01 ubuntu CRON[21746]: (root) CMD (   cd / && run-parts --report /etc/cron.hourly)
Dec  3 08:17:01 ubuntu CRON[21750]: (root) CMD (   cd / && run-parts --report /etc/cron.hourly)
Dec  3 09:17:01 ubuntu CRON[21755]: (root) CMD (   cd / && run-parts --report /etc/cron.hourly)
Dec  3 10:17:01 ubuntu CRON[21761]: (root) CMD (   cd / && run-parts --report /etc/cron.hourly)
Dec  3 10:25:52 ubuntu os-prober: debug: running /usr/lib/os-probes/mounted/40lsb on mounted /dev/sda1
Dec  3 10:25:52 ubuntu os-prober: debug: running /usr/lib/os-probes/mounted/90linux-distro on mounted /dev/sda1
Dec  3 10:25:52 ubuntu os-prober: debug: running /usr/lib/os-probes/50mounted-tests on /dev/sda2
Dec  3 10:25:52 ubuntu 50mounted-tests: debug: /dev/sda2 is an LVM member; skipping
Dec  3 10:25:52 ubuntu os-prober: debug: os detected by /usr/lib/os-probes/50mounted-tests
Dec  3 10:25:52 ubuntu os-prober: debug: /dev/mapper/ubuntu--vg-swap_1: is active swap
Dec  3 10:25:57 ubuntu systemd[1]: Starting Daily apt download activities...
Dec  3 10:25:57 ubuntu systemd[1]: Stopping Availability of block devices...
Dec  3 10:25:57 ubuntu systemd[1]: Stopping Authorization Manager...
Dec  3 10:25:57 ubuntu systemd[1]: Stopping LVM2 PV scan on device 8:2...
Dec  3 10:25:57 ubuntu systemd[1]: Stopped target Host and Network Name Lookups.
Dec  3 10:25:57 ubuntu systemd[1]: Stopping Session 1 of user huawei.
Dec  3 10:25:57 ubuntu blkdeactivate[1184]: Deactivating block devices:
Dec  3 10:25:57 ubuntu systemd[1]: Closed Load/Save RF Kill Switch Status /dev/rfkill Watch.
Dec  3 10:25:57 ubuntu systemd[1]: Stopping User Manager for UID 1000...
Dec  3 10:25:57 ubuntu systemd[1]: Stopped target Timers.
Dec  3 10:25:57 ubuntu systemd[1267]: Stopped target Default.
Dec  3 10:25:57 ubuntu systemd[1267]: Stopped target Basic System.
Dec  3 10:25:57 ubuntu systemd[1267]: Stopped target Sockets.
Dec  3 10:25:57 ubuntu systemd[1]: Stopped Message of the Day.
Dec  3 10:25:57 ubuntu systemd[1267]: Closed GnuPG cryptographic agent and passphrase cache.
Dec  3 10:25:57 ubuntu systemd[1267]: Closed GnuPG cryptographic agent and passphrase cache (access for web browsers).
Dec  3 10:25:57 ubuntu systemd[1267]: Closed GnuPG cryptographic agent and passphrase cache (restricted).
Dec  3 10:25:57 ubuntu systemd[1267]: Closed GnuPG cryptographic agent (ssh-agent emulation).
Dec  3 10:25:57 ubuntu systemd[1267]: Stopped target Paths.
Dec  3 10:25:57 ubuntu systemd[1267]: Closed GnuPG network certificate management daemon.
Dec  3 10:25:57 ubuntu systemd[1267]: Stopped target Timers.
Dec  3 10:25:57 ubuntu systemd[1267]: Closed REST API socket for snapd user session agent.
Dec  3 10:25:57 ubuntu systemd[1267]: Reached target Shutdown.
Dec  3 10:25:57 ubuntu systemd[1]: Stopped Daily apt upgrade and clean activities.
Dec  3 10:25:57 ubuntu systemd[1267]: Starting Exit the Session...
Dec  3 10:25:57 ubuntu systemd[1]: Stopped Discard unused blocks once a week.
Dec  3 10:25:57 ubuntu systemd[1]: Stopped Daily Cleanup of Temporary Directories.
Dec  3 10:25:57 ubuntu systemd[1267]: Received SIGRTMIN+24 from PID 1197 (kill).
Dec  3 10:25:57 ubuntu systemd[1]: Stopped target Graphical Interface.
Dec  3 10:25:57 ubuntu systemd[1]: Stopping Accounts Service...
Dec  3 10:25:57 ubuntu blkdeactivate[1184]:   [SKIP]: unmount of ubuntu--vg-swap_1 (dm-1) mounted on [SWAP]
Dec  3 10:25:57 ubuntu blkdeactivate[1184]:   [SKIP]: unmount of ubuntu--vg-root (dm-0) mounted on /
Dec  3 10:25:57 ubuntu systemd[1]: Stopped target Multi-User System.
Dec  3 10:25:57 ubuntu systemd[1]: Stopping Dispatcher daemon for systemd-networkd...
Dec  3 10:25:57 ubuntu systemd[1]: Stopped Wait until snapd is fully seeded.
Dec  3 10:25:57 ubuntu systemd[1]: Stopping D-Bus System Message Bus...
Dec  3 10:25:57 ubuntu systemd[1]: Stopping Deferred execution scheduler...
Dec  3 10:25:57 ubuntu systemd[1]: Stopped target Login Prompts.
Dec  3 10:25:57 ubuntu systemd[1]: Stopping Serial Getty on ttyAMA0...
Dec  3 10:25:57 ubuntu systemd[1]: Stopping Getty on tty1...
Dec  3 10:25:57 ubuntu systemd[1]: Stopping FUSE filesystem for LXC...
Dec  3 10:25:57 ubuntu systemd[1]: Stopping OpenBSD Secure Shell server...
Dec  3 10:25:57 ubuntu systemd[1]: Stopping LXD - container startup/shutdown...
Dec  3 10:25:57 ubuntu systemd[1]: Stopping Regular background program processing daemon...
Dec  3 10:25:57 ubuntu systemd[1]: Stopping irqbalance daemon...
Dec  3 10:26:18 ubuntu systemd-modules-load[819]: Inserted module 'iscsi_tcp'
Dec  3 10:26:18 ubuntu systemd-modules-load[819]: Inserted module 'ib_iser'
Dec  3 10:26:18 ubuntu kernel: [    0.000000] Booting Linux on physical CPU 0x0000000000 [0x481fd010]
Dec  3 10:26:18 ubuntu lvm[840]:   2 logical volume(s) in volume group "ubuntu-vg" monitored
Dec  3 10:26:18 ubuntu kernel: [    0.000000] Linux version 5.7.1 (root@ubuntu) (gcc version 7.5.0 (Ubuntu/Linaro 7.5.0-3ubuntu1~18.04), GNU ld (GNU Binutils for Ubuntu) 2.30) #1 SMP Thu Dec 3 01:12:50 CST 2020
Dec  3 10:26:18 ubuntu kernel: [    0.000000] efi: EFI v2.70 by EDK II
Dec  3 10:26:18 ubuntu kernel: [    0.000000] efi:  SMBIOS 3.0=0x53f710000  ACPI 2.0=0x53c020000  MEMATTR=0x53cc7ca98  MEMRESERVE=0x53becd018 
Dec  3 10:26:18 ubuntu systemd[1]: Started Apply Kernel Variables.
Dec  3 10:26:18 ubuntu kernel: [    0.000000] cma: Reserved 32 MiB at 0x00000000fe000000
Dec  3 10:26:18 ubuntu kernel: [    0.000000] ACPI: Early table checksum verification disabled
Dec  3 10:26:18 ubuntu kernel: [    0.000000] ACPI: RSDP 0x000000053C020000 000024 (v02 BOCHS )
Dec  3 10:26:18 ubuntu kernel: [    0.000000] ACPI: XSDT 0x000000053BED0000 000054 (v01 BOCHS  BXPCFACP 00000001      01000013)
Dec  3 10:26:18 ubuntu kernel: [    0.000000] ACPI: FACP 0x000000053BE90000 00010C (v05 BOCHS  BXPCFACP 00000001 BXPC 00000001)
Dec  3 10:26:18 ubuntu systemd[1]: Mounted Kernel Configuration File System.
Dec  3 10:26:18 ubuntu kernel: [    0.000000] ACPI: DSDT 0x000000053BEA0000 001523 (v02 BOCHS  BXPCDSDT 00000001 BXPC 00000001)
Dec  3 10:26:18 ubuntu kernel: [    0.000000] ACPI: APIC 0x000000053BE80000 0009E8 (v03 BOCHS  BXPCAPIC 00000001 BXPC 00000001)
Dec  3 10:26:18 ubuntu systemd[1]: Mounted FUSE Control File System.
Dec  3 10:26:18 ubuntu kernel: [    0.000000] ACPI: GTDT 0x000000053BE70000 000060 (v02 BOCHS  BXPCGTDT 00000001 BXPC 00000001)
Dec  3 10:26:18 ubuntu kernel: [    0.000000] ACPI: MCFG 0x000000053BE60000 00003C (v01 BOCHS  BXPCMCFG 00000001 BXPC 00000001)
Dec  3 10:26:18 ubuntu kernel: [    0.000000] ACPI: SPCR 0x000000053BE50000 000050 (v02 BOCHS  BXPCSPCR 00000001 BXPC 00000001)
Dec  3 10:26:18 ubuntu systemd[1]: Starting Flush Journal to Persistent Storage...
Dec  3 10:26:18 ubuntu kernel: [    0.000000] ACPI: IORT 0x000000053BE40000 00007C (v00 BOCHS  BXPCIORT 00000001 BXPC 00000001)
Dec  3 10:26:18 ubuntu kernel: [    0.000000] ACPI: SPCR: console: pl011,mmio,0x9000000,9600
Dec  3 10:26:18 ubuntu kernel: [    0.000000] ACPI: NUMA: Failed to initialise from firmware
Dec  3 10:26:18 ubuntu kernel: [    0.000000] NUMA: Faking a node at [mem 0x0000000040000000-0x000000053fffffff]
Dec  3 10:26:18 ubuntu systemd[1]: Starting udev Kernel Device Manager...
Dec  3 10:26:18 ubuntu kernel: [    0.000000] NUMA: NODE_DATA [mem 0x53d409300-0x53d40cfff]
Dec  3 10:26:18 ubuntu kernel: [    0.000000] Zone ranges:
Dec  3 10:26:18 ubuntu kernel: [    0.000000]   DMA      [mem 0x0000000040000000-0x000000007fffffff]
Dec  3 10:26:18 ubuntu systemd[1]: Reached target Local File Systems (Pre).
Dec  3 10:26:18 ubuntu kernel: [    0.000000]   DMA32    [mem 0x0000000080000000-0x00000000ffffffff]
Dec  3 10:26:18 ubuntu kernel: [    0.000000]   Normal   [mem 0x0000000100000000-0x000000053fffffff]
Dec  3 10:26:18 ubuntu kernel: [    0.000000] Movable zone start for each node
Dec  3 10:26:18 ubuntu systemd[1]: Started udev Kernel Device Manager.
Dec  3 10:26:18 ubuntu kernel: [    0.000000] Early memory node ranges
Dec  3 10:26:18 ubuntu kernel: [    0.000000]   node   0: [mem 0x0000000040000000-0x000000053bedffff]
Dec  3 10:26:18 ubuntu kernel: [    0.000000]   node   0: [mem 0x000000053bee0000-0x000000053bffffff]
Dec  3 10:26:18 ubuntu systemd[1]: Started udev Coldplug all Devices.
Dec  3 10:26:18 ubuntu kernel: [    0.000000]   node   0: [mem 0x000000053c000000-0x000000053c02ffff]
Dec  3 10:26:18 ubuntu kernel: [    0.000000]   node   0: [mem 0x000000053c030000-0x000000053c0affff]
Dec  3 10:26:18 ubuntu kernel: [    0.000000]   node   0: [mem 0x000000053c0b0000-0x000000053f57ffff]
Dec  3 10:26:18 ubuntu kernel: [    0.000000]   node   0: [mem 0x000000053f580000-0x000000053f95ffff]
Dec  3 10:26:18 ubuntu kernel: [    0.000000]   node   0: [mem 0x000000053f960000-0x000000053fffffff]
Dec  3 10:26:18 ubuntu systemd[1]: Started Dispatch Password Requests to Console Directory Watch.
Dec  3 10:26:18 ubuntu kernel: [    0.000000] Zeroed struct page in unavailable ranges: 544 pages
Dec  3 10:26:18 ubuntu kernel: [    0.000000] Initmem setup node 0 [mem 0x0000000040000000-0x000000053fffffff]
Dec  3 10:26:18 ubuntu kernel: [    0.000000] On node 0 totalpages: 5242880
Dec  3 10:26:18 ubuntu systemd[1]: Reached target Local Encrypted Volumes.
Dec  3 10:26:18 ubuntu kernel: [    0.000000]   DMA zone: 5120 pages used for memmap
Dec  3 10:26:18 ubuntu kernel: [    0.000000]   DMA zone: 0 pages reserved
Dec  3 10:26:18 ubuntu systemd[1]: Started Flush Journal to Persistent Storage.
Dec  3 10:26:18 ubuntu kernel: [    0.000000]   DMA zone: 262144 pages, LIFO batch:63
Dec  3 10:26:18 ubuntu kernel: [    0.000000]   DMA32 zone: 10240 pages used for memmap
Dec  3 10:26:18 ubuntu kernel: [    0.000000]   DMA32 zone: 524288 pages, LIFO batch:63
Dec  3 10:26:18 ubuntu systemd[1]: Found device /dev/ttyAMA0.
Dec  3 10:26:18 ubuntu kernel: [    0.000000]   Normal zone: 87040 pages used for memmap
Dec  3 10:26:18 ubuntu kernel: [    0.000000]   Normal zone: 4456448 pages, LIFO batch:63
Dec  3 10:26:18 ubuntu kernel: [    0.000000] psci: probing for conduit method from ACPI.
Dec  3 10:26:18 ubuntu systemd-udevd[917]: link_config: autonegotiation is unset or enabled, the speed and duplex are not writable.
Dec  3 10:26:18 ubuntu kernel: [    0.000000] psci: PSCIv1.0 detected in firmware.
Dec  3 10:26:18 ubuntu systemd-udevd[921]: link_config: autonegotiation is unset or enabled, the speed and duplex are not writable.
Dec  3 10:26:18 ubuntu kernel: [    0.000000] psci: Using standard PSCI v0.2 function IDs
Dec  3 10:26:18 ubuntu kernel: [    0.000000] psci: Trusted OS migration not required
Dec  3 10:26:18 ubuntu kernel: [    0.000000] psci: SMC Calling Convention v1.1
Dec  3 10:26:18 ubuntu kernel: [    0.000000] ACPI: SRAT not present
Dec  3 10:26:18 ubuntu kernel: [    0.000000] percpu: Embedded 33 pages/cpu s94616 r8192 d32360 u135168
Dec  3 10:26:18 ubuntu kernel: [    0.000000] pcpu-alloc: s94616 r8192 d32360 u135168 alloc=33*4096
Dec  3 10:26:18 ubuntu systemd[1]: Listening on Load/Save RF Kill Switch Status /dev/rfkill Watch.
Dec  3 10:26:18 ubuntu kernel: [    0.000000] pcpu-alloc: [0] 00 [0] 01 [0] 02 [0] 03 [0] 04 [0] 05 [0] 06 [0] 07 
Dec  3 10:26:18 ubuntu kernel: [    0.000000] pcpu-alloc: [0] 08 [0] 09 [0] 10 [0] 11 [0] 12 [0] 13 [0] 14 [0] 15 
Dec  3 10:26:18 ubuntu kernel: [    0.000000] pcpu-alloc: [0] 16 [0] 17 [0] 18 [0] 19 [0] 20 [0] 21 [0] 22 [0] 23 
Dec  3 10:26:18 ubuntu kernel: [    0.000000] pcpu-alloc: [0] 24 [0] 25 [0] 26 [0] 27 [0] 28 [0] 29 [0] 30 [0] 31 
Dec  3 10:26:18 ubuntu systemd[1]: Found device /dev/mapper/ubuntu--vg-swap_1.
Dec  3 10:26:18 ubuntu kernel: [    0.000000] Detected VIPT I-cache on CPU0
Dec  3 10:26:18 ubuntu kernel: [    0.000000] CPU features: detected: GIC system register CPU interface
Dec  3 10:26:18 ubuntu kernel: [    0.000000] CPU features: detected: Hardware dirty bit management
Dec  3 10:26:18 ubuntu systemd[1]: Activating swap /dev/mapper/ubuntu--vg-swap_1...
Dec  3 10:26:18 ubuntu kernel: [    0.000000] Built 1 zonelists, mobility grouping on.  Total pages: 5140480
Dec  3 10:26:18 ubuntu kernel: [    0.000000] Policy zone: Normal
Dec  3 10:26:18 ubuntu kernel: [    0.000000] Kernel command line: BOOT_IMAGE=/boot/vmlinuz-5.7.1 root=/dev/mapper/ubuntu--vg-root ro
Dec  3 10:26:18 ubuntu kernel: [    0.000000] Dentry cache hash table entries: 4194304 (order: 13, 33554432 bytes, linear)
Dec  3 10:26:18 ubuntu systemd[1]: Activated swap /dev/mapper/ubuntu--vg-swap_1.
Dec  3 10:26:18 ubuntu kernel: [    0.000000] Inode-cache hash table entries: 2097152 (order: 12, 16777216 bytes, linear)
Dec  3 10:26:18 ubuntu kernel: [    0.000000] mem auto-init: stack:off, heap alloc:on, heap free:off
Dec  3 10:26:18 ubuntu kernel: [    0.000000] software IO TLB: mapped [mem 0x7bfff000-0x7ffff000] (64MB)
Dec  3 10:26:18 ubuntu kernel: [    0.000000] Memory: 20269608K/20971520K available (14204K kernel code, 2354K rwdata, 6868K rodata, 7040K init, 1132K bss, 669144K reserved, 32768K cma-reserved)
Dec  3 10:26:18 ubuntu systemd[1]: Found device QEMU_HARDDISK 1.
Dec  3 10:26:18 ubuntu kernel: [    0.000000] random: get_random_u64 called from __kmem_cache_create+0x54/0x5d8 with crng_init=0
Dec  3 10:26:18 ubuntu kernel: [    0.000000] SLUB: HWalign=64, Order=0-3, MinObjects=0, CPUs=32, Nodes=1
Dec  3 10:26:18 ubuntu kernel: [    0.000000] ftrace: allocating 46107 entries in 181 pages
Dec  3 10:26:18 ubuntu kernel: [    0.000000] ftrace: allocated 181 pages with 5 groups
Dec  3 10:26:18 ubuntu systemd[1]: Created slice system-lvm2\x2dpvscan.slice.
Dec  3 10:26:18 ubuntu kernel: [    0.000000] rcu: Hierarchical RCU implementation.
Dec  3 10:26:18 ubuntu kernel: [    0.000000] rcu: 	RCU restricting CPUs from NR_CPUS=256 to nr_cpu_ids=32.
Dec  3 10:26:18 ubuntu kernel: [    0.000000] 	Tasks RCU enabled.
Dec  3 10:26:18 ubuntu kernel: [    0.000000] rcu: RCU calculated value of scheduler-enlistment delay is 25 jiffies.
Dec  3 10:26:18 ubuntu systemd[1]: Starting LVM2 PV scan on device 8:2...
Dec  3 10:26:18 ubuntu kernel: [    0.000000] rcu: Adjusting geometry for rcu_fanout_leaf=16, nr_cpu_ids=32
Dec  3 10:26:18 ubuntu systemd[1]: Starting File System Check on /dev/disk/by-uuid/5EA9-3D4C...
Dec  3 10:26:18 ubuntu systemd[1]: Reached target Swap.
Dec  3 10:26:18 ubuntu systemd[1]: Started File System Check Daemon to report status.
Dec  3 10:26:18 ubuntu kernel: [    0.000000] NR_IRQS: 64, nr_irqs: 64, preallocated irqs: 0
Dec  3 10:26:18 ubuntu systemd-fsck[1031]: fsck.fat 4.1 (2017-01-24)
Dec  3 10:26:18 ubuntu kernel: [    0.000000] GICv3: 256 SPIs implemented
Dec  3 10:26:18 ubuntu kernel: [    0.000000] GICv3: 0 Extended SPIs implemented
Dec  3 10:26:18 ubuntu kernel: [    0.000000] GICv3: Distributor has no Range Selector support
Dec  3 10:26:18 ubuntu systemd-fsck[1031]: /dev/sda1: 5 files, 41/65501 clusters
Dec  3 10:26:18 ubuntu kernel: [    0.000000] GICv3: 16 PPIs implemented
Dec  3 10:26:18 ubuntu kernel: [    0.000000] GICv3: CPU0: found redistributor 0 region 0:0x00000000080a0000
Dec  3 10:26:18 ubuntu kernel: [    0.000000] ACPI: SRAT not present
Dec  3 10:26:18 ubuntu kernel: [    0.000000] ITS [mem 0x08080000-0x0809ffff]
Dec  3 10:26:18 ubuntu systemd[1]: Started File System Check on /dev/disk/by-uuid/5EA9-3D4C.
Dec  3 10:26:18 ubuntu kernel: [    0.000000] ITS@0x0000000008080000: allocated 8192 Devices @53ca00000 (indirect, esz 8, psz 64K, shr 1)
Dec  3 10:26:18 ubuntu kernel: [    0.000000] ITS@0x0000000008080000: allocated 8192 Interrupt Collections @53ca10000 (flat, esz 8, psz 64K, shr 1)
Dec  3 10:26:18 ubuntu lvm[1030]:   2 logical volume(s) in volume group "ubuntu-vg" now active
Dec  3 10:26:18 ubuntu kernel: [    0.000000] GICv3: using LPI property table @0x000000053ca20000
Dec  3 10:26:18 ubuntu kernel: [    0.000000] GICv3: CPU0: using allocated LPI pending table @0x000000053ca30000
Dec  3 10:26:18 ubuntu kernel: [    0.000000] arch_timer: cp15 timer(s) running at 100.00MHz (virt).
Dec  3 10:26:18 ubuntu kernel: [    0.000000] clocksource: arch_sys_counter: mask: 0xffffffffffffff max_cycles: 0x171024e7e0, max_idle_ns: 440795205315 ns
Dec  3 10:26:18 ubuntu systemd[1]: Mounting /boot/efi...
Dec  3 10:26:18 ubuntu kernel: [    0.000001] sched_clock: 56 bits at 100MHz, resolution 10ns, wraps every 4398046511100ns
Dec  3 10:26:18 ubuntu systemd[1]: Started LVM2 PV scan on device 8:2.
Dec  3 10:26:18 ubuntu kernel: [    0.000053] Console: colour dummy device 80x25
Dec  3 10:26:18 ubuntu kernel: [    0.000077] ACPI: Core revision 20200326
Dec  3 10:26:18 ubuntu systemd[1]: Mounted /boot/efi.
Dec  3 10:26:18 ubuntu kernel: [    0.000123] Calibrating delay loop (skipped), value calculated using timer frequency.. 200.00 BogoMIPS (lpj=400000)
Dec  3 10:26:18 ubuntu kernel: [    0.000126] pid_max: default: 32768 minimum: 301
Dec  3 10:26:18 ubuntu kernel: [    0.000159] LSM: Security Framework initializing
Dec  3 10:26:18 ubuntu kernel: [    0.000165] Yama: becoming mindful.
Dec  3 10:26:18 ubuntu systemd[1]: Reached target Local File Systems.
Dec  3 10:26:18 ubuntu kernel: [    0.000189] AppArmor: AppArmor initialized
Dec  3 10:26:18 ubuntu systemd[1]: Starting Set console font and keymap...
Dec  3 10:26:18 ubuntu kernel: [    0.000250] Mount-cache hash table entries: 65536 (order: 7, 524288 bytes, linear)
Dec  3 10:26:18 ubuntu kernel: [    0.000277] Mountpoint-cache hash table entries: 65536 (order: 7, 524288 bytes, linear)
Dec  3 10:26:18 ubuntu kernel: [    0.000610] ACPI PPTT: No PPTT table found, CPU and cache topology may be inaccurate
Dec  3 10:26:18 ubuntu kernel: [    0.000759] rcu: Hierarchical SRCU implementation.
Dec  3 10:26:18 ubuntu kernel: [    0.001185] Platform MSI: ITS@0x8080000 domain created
Dec  3 10:26:18 ubuntu kernel: [    0.001191] PCI/MSI: ITS@0x8080000 domain created
Dec  3 10:26:18 ubuntu systemd[1]: Starting AppArmor initialization...
Dec  3 10:26:18 ubuntu kernel: [    0.001198] Remapping and enabling EFI services.
Dec  3 10:26:18 ubuntu kernel: [    0.002041] smp: Bringing up secondary CPUs ...
Dec  3 10:26:18 ubuntu kernel: [    0.092685] Detected VIPT I-cache on CPU1
Dec  3 10:26:18 ubuntu systemd[1]: Starting ebtables ruleset management...
Dec  3 10:26:18 ubuntu kernel: [    0.092702] GICv3: CPU1: found redistributor 1 region 0:0x00000000080c0000
Dec  3 10:26:18 ubuntu kernel: [    0.092933] GICv3: CPU1: using allocated LPI pending table @0x000000053ca40000
Dec  3 10:26:18 ubuntu systemd[1]: Starting Tell Plymouth To Write Out Runtime Data...
Dec  3 10:26:18 ubuntu kernel: [    0.092958] CPU1: Booted secondary processor 0x0000000001 [0x481fd010]
Dec  3 10:26:18 ubuntu kernel: [    0.183703] Detected VIPT I-cache on CPU2
Dec  3 10:26:18 ubuntu systemd[1]: Starting Create Volatile Files and Directories...
Dec  3 10:26:18 ubuntu kernel: [    0.183719] GICv3: CPU2: found redistributor 2 region 0:0x00000000080e0000
Dec  3 10:26:18 ubuntu systemd[1]: Started Set console font and keymap.
Dec  3 10:26:18 ubuntu systemd[1]: Started Tell Plymouth To Write Out Runtime Data.
Dec  3 10:26:18 ubuntu apparmor[1041]:  * Starting AppArmor profiles
Dec  3 10:26:18 ubuntu systemd[1]: Started Create Volatile Files and Directories.
Dec  3 10:26:18 ubuntu systemd[1]: Starting Update UTMP about System Boot/Shutdown...
Dec  3 10:26:18 ubuntu systemd[1]: Starting Network Time Synchronization...
Dec  3 10:26:18 ubuntu systemd[1]: Started Update UTMP about System Boot/Shutdown.
Dec  3 10:26:18 ubuntu systemd[1]: Started ebtables ruleset management.
Dec  3 10:26:18 ubuntu kernel: [    0.183956] GICv3: CPU2: using allocated LPI pending table @0x000000053ca50000
Dec  3 10:26:18 ubuntu systemd[1]: Reached target Network (Pre).
Dec  3 10:26:18 ubuntu kernel: [    0.183980] CPU2: Booted secondary processor 0x0000000002 [0x481fd010]
Dec  3 10:26:18 ubuntu kernel: [    0.274882] Detected VIPT I-cache on CPU3
Dec  3 10:26:18 ubuntu kernel: [    0.274899] GICv3: CPU3: found redistributor 3 region 0:0x0000000008100000
Dec  3 10:26:18 ubuntu kernel: [    0.275123] GICv3: CPU3: using allocated LPI pending table @0x000000053ca60000
Dec  3 10:26:18 ubuntu systemd[1]: Starting Network Service...
Dec  3 10:26:18 ubuntu kernel: [    0.275148] CPU3: Booted secondary processor 0x0000000003 [0x481fd010]
Dec  3 10:26:18 ubuntu kernel: [    0.366707] Detected VIPT I-cache on CPU4
Dec  3 10:26:18 ubuntu systemd-networkd[1078]: Enumeration completed
Dec  3 10:26:18 ubuntu kernel: [    0.366757] GICv3: CPU4: found redistributor 4 region 0:0x0000000008120000
Dec  3 10:26:18 ubuntu systemd[1]: Started Network Service.
Dec  3 10:26:18 ubuntu kernel: [    0.367132] GICv3: CPU4: using allocated LPI pending table @0x000000053ca70000
Dec  3 10:26:18 ubuntu systemd-networkd[1078]: lo: Link is not managed by us
Dec  3 10:26:18 ubuntu kernel: [    0.367203] CPU4: Booted secondary processor 0x0000000004 [0x481fd010]
Dec  3 10:26:18 ubuntu systemd[1]: Starting Wait for Network to be Configured...
Dec  3 10:26:18 ubuntu kernel: [    0.606775] Detected VIPT I-cache on CPU5
Dec  3 10:26:18 ubuntu systemd[1]: Starting Network Name Resolution...
Dec  3 10:26:18 ubuntu kernel: [    0.606795] GICv3: CPU5: found redistributor 5 region 0:0x0000000008140000
Dec  3 10:26:18 ubuntu kernel: [    0.607061] GICv3: CPU5: using allocated LPI pending table @0x000000053ca80000
Dec  3 10:26:18 ubuntu systemd[1]: Started Network Time Synchronization.
Dec  3 10:26:18 ubuntu kernel: [    0.607092] CPU5: Booted secondary processor 0x0000000005 [0x481fd010]
Dec  3 10:26:18 ubuntu kernel: [    0.698604] Detected VIPT I-cache on CPU6
Dec  3 10:26:18 ubuntu kernel: [    0.698649] GICv3: CPU6: found redistributor 6 region 0:0x0000000008160000
Dec  3 10:26:18 ubuntu kernel: [    0.698936] GICv3: CPU6: using allocated LPI pending table @0x000000053ca90000
Dec  3 10:26:18 ubuntu systemd[1]: Reached target System Time Synchronized.
Dec  3 10:26:18 ubuntu kernel: [    0.699016] CPU6: Booted secondary processor 0x0000000006 [0x481fd010]
Dec  3 10:26:18 ubuntu kernel: [    0.890556] Detected VIPT I-cache on CPU7
Dec  3 10:26:18 ubuntu apparmor[1041]: Skipping profile in /etc/apparmor.d/disable: usr.sbin.rsyslogd
Dec  3 10:26:18 ubuntu kernel: [    0.890581] GICv3: CPU7: found redistributor 7 region 0:0x0000000008180000
Dec  3 10:26:18 ubuntu kernel: [    0.890817] GICv3: CPU7: using allocated LPI pending table @0x000000053caa0000
Dec  3 10:26:18 ubuntu systemd-networkd[1078]: enp1s0: Gained carrier
Dec  3 10:26:18 ubuntu kernel: [    0.890846] CPU7: Booted secondary processor 0x0000000007 [0x481fd010]
Dec  3 10:26:18 ubuntu kernel: [    0.982757] Detected VIPT I-cache on CPU8
Dec  3 10:26:18 ubuntu kernel: [    0.982782] GICv3: CPU8: found redistributor 8 region 0:0x00000000081a0000
Dec  3 10:26:18 ubuntu systemd-timesyncd[1065]: Network configuration changed, trying to establish connection.
Dec  3 10:26:18 ubuntu kernel: [    0.983292] GICv3: CPU8: using allocated LPI pending table @0x000000053cab0000
Dec  3 10:26:18 ubuntu kernel: [    0.983318] CPU8: Booted secondary processor 0x0000000008 [0x481fd010]
Dec  3 10:26:18 ubuntu kernel: [    1.075435] Detected VIPT I-cache on CPU9
Dec  3 10:26:18 ubuntu kernel: [    1.075460] GICv3: CPU9: found redistributor 9 region 0:0x00000000081c0000
Dec  3 10:26:18 ubuntu systemd-resolved[1102]: Positive Trust Anchors:
Dec  3 10:26:18 ubuntu kernel: [    1.075693] GICv3: CPU9: using allocated LPI pending table @0x000000053cac0000
Dec  3 10:26:18 ubuntu kernel: [    1.075717] CPU9: Booted secondary processor 0x0000000009 [0x481fd010]
Dec  3 10:26:18 ubuntu kernel: [    1.167720] Detected VIPT I-cache on CPU10
Dec  3 10:26:18 ubuntu systemd-resolved[1102]: . IN DS 19036 8 2 49aac11d7b6f6446702e54a1607371607a1a41855200fd2ce1cdde32f24e8fb5
Dec  3 10:26:18 ubuntu kernel: [    1.167748] GICv3: CPU10: found redistributor a region 0:0x00000000081e0000
Dec  3 10:26:18 ubuntu kernel: [    1.167959] GICv3: CPU10: using allocated LPI pending table @0x000000053cad0000
Dec  3 10:26:18 ubuntu kernel: [    1.167985] CPU10: Booted secondary processor 0x000000000a [0x481fd010]
Dec  3 10:26:18 ubuntu systemd-resolved[1102]: . IN DS 20326 8 2 e06d44b80b8f1d39a95c0b0d7c65d08458e880409bbc683457104237c7f8ec8d
Dec  3 10:26:18 ubuntu kernel: [    1.260135] Detected VIPT I-cache on CPU11
Dec  3 10:26:18 ubuntu kernel: [    1.260164] GICv3: CPU11: found redistributor b region 0:0x0000000008200000
Dec  3 10:26:18 ubuntu kernel: [    1.260383] GICv3: CPU11: using allocated LPI pending table @0x000000053cae0000
Dec  3 10:26:18 ubuntu kernel: [    1.260407] CPU11: Booted secondary processor 0x000000000b [0x481fd010]
Dec  3 10:26:18 ubuntu systemd-resolved[1102]: Negative trust anchors: 10.in-addr.arpa 16.172.in-addr.arpa 17.172.in-addr.arpa 18.172.in-addr.arpa 19.172.in-addr.arpa 20.172.in-addr.arpa 21.172.in-addr.arpa 22.172.in-addr.arpa 23.172.in-addr.arpa 24.172.in-addr.arpa 25.172.in-addr.arpa 26.172.in-addr.arpa 27.172.in-addr.arpa 28.172.in-addr.arpa 29.172.in-addr.arpa 30.172.in-addr.arpa 31.172.in-addr.arpa 168.192.in-addr.arpa d.f.ip6.arpa corp home internal intranet lan local private test
Dec  3 10:26:18 ubuntu kernel: [    1.352584] Detected VIPT I-cache on CPU12
Dec  3 10:26:18 ubuntu kernel: [    1.352618] GICv3: CPU12: found redistributor c region 0:0x0000000008220000
Dec  3 10:26:18 ubuntu kernel: [    1.352872] GICv3: CPU12: using allocated LPI pending table @0x000000053caf0000
Dec  3 10:26:18 ubuntu kernel: [    1.352896] CPU12: Booted secondary processor 0x000000000c [0x481fd010]
Dec  3 10:26:18 ubuntu systemd-resolved[1102]: Using system hostname 'ubuntu'.
Dec  3 10:26:18 ubuntu kernel: [    1.445830] Detected VIPT I-cache on CPU13
Dec  3 10:26:18 ubuntu kernel: [    1.445905] GICv3: CPU13: found redistributor d region 0:0x0000000008240000
Dec  3 10:26:18 ubuntu kernel: [    1.446145] GICv3: CPU13: using allocated LPI pending table @0x000000053cb00000
Dec  3 10:26:18 ubuntu systemd[1]: Started Network Name Resolution.
Dec  3 10:26:18 ubuntu kernel: [    1.446199] CPU13: Booted secondary processor 0x000000000d [0x481fd010]
Dec  3 10:26:18 ubuntu kernel: [    1.539143] Detected VIPT I-cache on CPU14
Dec  3 10:26:18 ubuntu kernel: [    1.539180] GICv3: CPU14: found redistributor e region 0:0x0000000008260000
Dec  3 10:26:18 ubuntu kernel: [    1.539427] GICv3: CPU14: using allocated LPI pending table @0x000000053cb10000
Dec  3 10:26:18 ubuntu systemd[1]: Reached target Host and Network Name Lookups.
Dec  3 10:26:18 ubuntu kernel: [    1.539458] CPU14: Booted secondary processor 0x000000000e [0x481fd010]
Dec  3 10:26:18 ubuntu kernel: [    1.632231] Detected VIPT I-cache on CPU15
Dec  3 10:26:18 ubuntu kernel: [    1.632268] GICv3: CPU15: found redistributor f region 0:0x0000000008280000
Dec  3 10:26:18 ubuntu systemd[1]: Reached target Network.
Dec  3 10:26:18 ubuntu kernel: [    1.632453] GICv3: CPU15: using allocated LPI pending table @0x000000053cb20000
Dec  3 10:26:18 ubuntu kernel: [    1.632477] CPU15: Booted secondary processor 0x000000000f [0x481fd010]
Dec  3 10:26:18 ubuntu kernel: [    1.725291] Detected VIPT I-cache on CPU16
Dec  3 10:26:18 ubuntu kernel: [    1.725328] GICv3: CPU16: found redistributor 100 region 0:0x00000000082a0000
Dec  3 10:26:18 ubuntu kernel: [    1.725530] GICv3: CPU16: using allocated LPI pending table @0x000000053cb30000
Dec  3 10:26:18 ubuntu kernel: [    1.725552] CPU16: Booted secondary processor 0x0000000100 [0x481fd010]
Dec  3 10:26:18 ubuntu kernel: [    1.818602] Detected VIPT I-cache on CPU17
Dec  3 10:26:18 ubuntu kernel: [    1.818643] GICv3: CPU17: found redistributor 101 region 0:0x00000000082c0000
Dec  3 10:26:18 ubuntu apparmor[1041]:    ...done.
Dec  3 10:26:18 ubuntu kernel: [    1.818823] GICv3: CPU17: using allocated LPI pending table @0x000000053cb40000
Dec  3 10:26:18 ubuntu kernel: [    1.818848] CPU17: Booted secondary processor 0x0000000101 [0x481fd010]
Dec  3 10:26:18 ubuntu kernel: [    1.911812] Detected VIPT I-cache on CPU18
Dec  3 10:26:18 ubuntu kernel: [    1.911907] GICv3: CPU18: found redistributor 102 region 0:0x00000000082e0000
Dec  3 10:26:18 ubuntu systemd[1]: Started AppArmor initialization.
Dec  3 10:26:18 ubuntu kernel: [    1.912888] GICv3: CPU18: using allocated LPI pending table @0x000000053cb50000
Dec  3 10:26:18 ubuntu kernel: [    1.912945] CPU18: Booted secondary processor 0x0000000102 [0x481fd010]
Dec  3 10:26:18 ubuntu kernel: [    2.160036] Detected VIPT I-cache on CPU19
Dec  3 10:26:18 ubuntu kernel: [    2.160104] GICv3: CPU19: found redistributor 103 region 0:0x0000000008300000
Dec  3 10:26:18 ubuntu kernel: [    2.160366] GICv3: CPU19: using allocated LPI pending table @0x000000053cb60000
Dec  3 10:26:18 ubuntu systemd[1]: Reached target System Initialization.
Dec  3 10:26:18 ubuntu kernel: [    2.160399] CPU19: Booted secondary processor 0x0000000103 [0x481fd010]
Dec  3 10:26:18 ubuntu kernel: [    2.254354] Detected VIPT I-cache on CPU20
Dec  3 10:26:18 ubuntu kernel: [    2.254456] GICv3: CPU20: found redistributor 104 region 0:0x0000000008320000
Dec  3 10:26:18 ubuntu systemd[1]: Started Daily Cleanup of Temporary Directories.
Dec  3 10:26:18 ubuntu kernel: [    2.254747] GICv3: CPU20: using allocated LPI pending table @0x000000053cb70000
Dec  3 10:26:18 ubuntu kernel: [    2.254801] CPU20: Booted secondary processor 0x0000000104 [0x481fd010]
Dec  3 10:26:18 ubuntu kernel: [    2.502309] Detected VIPT I-cache on CPU21
Dec  3 10:26:18 ubuntu systemd[1]: Started Daily apt download activities.
Dec  3 10:26:18 ubuntu kernel: [    2.502378] GICv3: CPU21: found redistributor 105 region 0:0x0000000008340000
Dec  3 10:26:18 ubuntu kernel: [    2.502951] GICv3: CPU21: using allocated LPI pending table @0x000000053cb80000
Dec  3 10:26:18 ubuntu systemd[1]: Listening on UUID daemon activation socket.
Dec  3 10:26:18 ubuntu kernel: [    2.502995] CPU21: Booted secondary processor 0x0000000105 [0x481fd010]
Dec  3 10:26:18 ubuntu kernel: [    2.596710] Detected VIPT I-cache on CPU22
Dec  3 10:26:18 ubuntu kernel: [    2.596820] GICv3: CPU22: found redistributor 106 region 0:0x0000000008360000
Dec  3 10:26:18 ubuntu systemd[1]: Started ACPI Events Check.
Dec  3 10:26:18 ubuntu kernel: [    2.597115] GICv3: CPU22: using allocated LPI pending table @0x000000053cb90000
Dec  3 10:26:18 ubuntu kernel: [    2.597173] CPU22: Booted secondary processor 0x0000000106 [0x481fd010]
Dec  3 10:26:18 ubuntu kernel: [    2.843919] Detected VIPT I-cache on CPU23
Dec  3 10:26:18 ubuntu systemd[1]: Reached target Paths.
Dec  3 10:26:18 ubuntu kernel: [    2.843967] GICv3: CPU23: found redistributor 107 region 0:0x0000000008380000
Dec  3 10:26:18 ubuntu kernel: [    2.844200] GICv3: CPU23: using allocated LPI pending table @0x000000053cba0000
Dec  3 10:26:18 ubuntu systemd[1]: Starting Socket activation for snappy daemon.
Dec  3 10:26:18 ubuntu kernel: [    2.844231] CPU23: Booted secondary processor 0x0000000107 [0x481fd010]
Dec  3 10:26:18 ubuntu kernel: [    2.937939] Detected VIPT I-cache on CPU24
Dec  3 10:26:18 ubuntu systemd[1]: Starting LXD - unix socket.
Dec  3 10:26:18 ubuntu kernel: [    2.937991] GICv3: CPU24: found redistributor 108 region 0:0x00000000083a0000
Dec  3 10:26:18 ubuntu kernel: [    2.938201] GICv3: CPU24: using allocated LPI pending table @0x000000053cbb0000
Dec  3 10:26:18 ubuntu kernel: [    2.938230] CPU24: Booted secondary processor 0x0000000108 [0x481fd010]
Dec  3 10:26:18 ubuntu systemd[1]: Started Message of the Day.
Dec  3 10:26:18 ubuntu systemd[1]: Listening on Open-iSCSI iscsid Socket.
Dec  3 10:26:18 ubuntu kernel: [    3.033284] Detected VIPT I-cache on CPU25
Dec  3 10:26:18 ubuntu kernel: [    3.033357] GICv3: CPU25: found redistributor 109 region 0:0x00000000083c0000
Dec  3 10:26:18 ubuntu kernel: [    3.033780] GICv3: CPU25: using allocated LPI pending table @0x000000053cbc0000
Dec  3 10:26:18 ubuntu systemd[1]: Started Daily apt upgrade and clean activities.
Dec  3 10:26:18 ubuntu kernel: [    3.033807] CPU25: Booted secondary processor 0x0000000109 [0x481fd010]
Dec  3 10:26:18 ubuntu kernel: [    3.128277] Detected VIPT I-cache on CPU26
Dec  3 10:26:18 ubuntu kernel: [    3.128333] GICv3: CPU26: found redistributor 10a region 0:0x00000000083e0000
Dec  3 10:26:18 ubuntu kernel: [    3.128497] GICv3: CPU26: using allocated LPI pending table @0x000000053cbd0000
Dec  3 10:26:18 ubuntu systemd[1]: Listening on D-Bus System Message Bus Socket.
Dec  3 10:26:18 ubuntu kernel: [    3.128525] CPU26: Booted secondary processor 0x000000010a [0x481fd010]
Dec  3 10:26:18 ubuntu systemd[1]: Listening on ACPID Listen Socket.
Dec  3 10:26:18 ubuntu kernel: [    3.222770] Detected VIPT I-cache on CPU27
Dec  3 10:26:18 ubuntu kernel: [    3.222830] GICv3: CPU27: found redistributor 10b region 0:0x0000000008400000
Dec  3 10:26:18 ubuntu kernel: [    3.223016] GICv3: CPU27: using allocated LPI pending table @0x000000053cbe0000
Dec  3 10:26:18 ubuntu systemd[1]: Started Discard unused blocks once a week.
Dec  3 10:26:18 ubuntu kernel: [    3.223044] CPU27: Booted secondary processor 0x000000010b [0x481fd010]
Dec  3 10:26:18 ubuntu kernel: [    3.317451] Detected VIPT I-cache on CPU28
Dec  3 10:26:18 ubuntu systemd[1]: Reached target Timers.
Dec  3 10:26:18 ubuntu kernel: [    3.317511] GICv3: CPU28: found redistributor 10c region 0:0x0000000008420000
Dec  3 10:26:18 ubuntu kernel: [    3.317727] GICv3: CPU28: using allocated LPI pending table @0x000000053cbf0000
Dec  3 10:26:18 ubuntu kernel: [    3.317755] CPU28: Booted secondary processor 0x000000010c [0x481fd010]
Dec  3 10:26:18 ubuntu kernel: [    3.411928] Detected VIPT I-cache on CPU29
Dec  3 10:26:18 ubuntu systemd[1]: Listening on Socket activation for snappy daemon.
Dec  3 10:26:18 ubuntu kernel: [    3.411991] GICv3: CPU29: found redistributor 10d region 0:0x0000000008440000
Dec  3 10:26:18 ubuntu kernel: [    3.412225] GICv3: CPU29: using allocated LPI pending table @0x000000051f800000
Dec  3 10:26:18 ubuntu systemd[1]: Listening on LXD - unix socket.
Dec  3 10:26:18 ubuntu systemd[1]: Reached target Sockets.
Dec  3 10:26:18 ubuntu systemd[1]: Reached target Basic System.
Dec  3 10:26:18 ubuntu systemd[1]: Started Deferred execution scheduler.
Dec  3 10:26:18 ubuntu systemd[1]: Starting LXD - container startup/shutdown...
Dec  3 10:26:18 ubuntu systemd[1]: Starting LSB: Record successful boot for GRUB...
Dec  3 10:26:18 ubuntu systemd[1]: Started D-Bus System Message Bus.
Dec  3 10:26:18 ubuntu systemd[1]: Starting Login Service...
Dec  3 10:26:18 ubuntu systemd[1]: Starting Accounts Service...
Dec  3 10:26:18 ubuntu systemd[1]: Starting System Logging Service...
Dec  3 10:26:18 ubuntu systemd[1]: Started FUSE filesystem for LXC.
Dec  3 10:26:18 ubuntu systemd[1]: Starting Dispatcher daemon for systemd-networkd...
Dec  3 10:26:18 ubuntu kernel: [    3.412255] CPU29: Booted secondary processor 0x000000010d [0x481fd010]
Dec  3 10:26:18 ubuntu lxcfs[1148]: mount namespace: 5
Dec  3 10:26:18 ubuntu kernel: [    3.506287] Detected VIPT I-cache on CPU30
Dec  3 10:26:18 ubuntu lxcfs[1148]: hierarchies:
Dec  3 10:26:18 ubuntu kernel: [    3.506367] GICv3: CPU30: found redistributor 10e region 0:0x0000000008460000
Dec  3 10:26:18 ubuntu kernel: [    3.506527] GICv3: CPU30: using allocated LPI pending table @0x000000051f810000
Dec  3 10:26:18 ubuntu kernel: [    3.506559] CPU30: Booted secondary processor 0x000000010e [0x481fd010]
Dec  3 10:26:18 ubuntu kernel: [    3.600998] Detected VIPT I-cache on CPU31
Dec  3 10:26:18 ubuntu kernel: [    3.601061] GICv3: CPU31: found redistributor 10f region 0:0x0000000008480000
Dec  3 10:26:18 ubuntu lxcfs[1148]:   0: fd:   6: freezer
Dec  3 10:26:18 ubuntu kernel: [    3.601303] GICv3: CPU31: using allocated LPI pending table @0x000000051f820000
Dec  3 10:26:18 ubuntu lxcfs[1148]:   1: fd:   7: pids
Dec  3 10:26:18 ubuntu kernel: [    3.601333] CPU31: Booted secondary processor 0x000000010f [0x481fd010]
Dec  3 10:26:18 ubuntu kernel: [    3.601411] smp: Brought up 1 node, 32 CPUs
Dec  3 10:26:18 ubuntu kernel: [    3.601454] SMP: Total of 32 processors activated.
Dec  3 10:26:18 ubuntu kernel: [    3.601456] CPU features: detected: Privileged Access Never
Dec  3 10:26:18 ubuntu kernel: [    3.601457] CPU features: detected: LSE atomic instructions
Dec  3 10:26:18 ubuntu lxcfs[1148]:   2: fd:   8: perf_event
Dec  3 10:26:18 ubuntu kernel: [    3.601458] CPU features: detected: User Access Override
Dec  3 10:26:18 ubuntu lxcfs[1148]:   3: fd:   9: net_cls,net_prio
Dec  3 10:26:18 ubuntu lxcfs[1148]:   4: fd:  10: memory
Dec  3 10:26:18 ubuntu kernel: [    3.601459] CPU features: detected: Common not Private translations
Dec  3 10:26:18 ubuntu lxcfs[1148]:   5: fd:  11: cpuset
Dec  3 10:26:18 ubuntu kernel: [    3.601461] CPU features: detected: Data cache clean to Point of Persistence
Dec  3 10:26:18 ubuntu kernel: [    3.601462] CPU features: detected: RAS Extension Support
Dec  3 10:26:18 ubuntu kernel: [    3.601463] CPU features: detected: CRC32 instructions
Dec  3 10:26:18 ubuntu lxcfs[1148]:   6: fd:  12: blkio
Dec  3 10:26:18 ubuntu kernel: [    3.757922] CPU: All CPU(s) started at EL1
Dec  3 10:26:18 ubuntu kernel: [    3.786958] alternatives: patching kernel code
Dec  3 10:26:18 ubuntu kernel: [    3.805169] devtmpfs: initialized
Dec  3 10:26:18 ubuntu lxcfs[1148]:   7: fd:  13: hugetlb
Dec  3 10:26:18 ubuntu kernel: [    3.805735] Registered cp15_barrier emulation handler
Dec  3 10:26:18 ubuntu kernel: [    3.805839] Registered setend emulation handler
Dec  3 10:26:18 ubuntu kernel: [    3.805843] KASLR disabled due to lack of seed
Dec  3 10:26:18 ubuntu lxcfs[1148]:   8: fd:  14: devices
Dec  3 10:26:18 ubuntu kernel: [    3.806234] clocksource: jiffies: mask: 0xffffffff max_cycles: 0xffffffff, max_idle_ns: 7645041785100000 ns
Dec  3 10:26:18 ubuntu lxcfs[1148]:   9: fd:  15: rdma
Dec  3 10:26:18 ubuntu kernel: [    3.806260] futex hash table entries: 8192 (order: 7, 524288 bytes, linear)
Dec  3 10:26:18 ubuntu kernel: [    3.807017] pinctrl core: initialized pinctrl subsystem
Dec  3 10:26:18 ubuntu lxcfs[1148]:  10: fd:  16: cpu,cpuacct
Dec  3 10:26:18 ubuntu kernel: [    3.807154] thermal_sys: Registered thermal governor 'fair_share'
Dec  3 10:26:18 ubuntu lxcfs[1148]:  11: fd:  17: name=systemd
Dec  3 10:26:18 ubuntu kernel: [    3.807155] thermal_sys: Registered thermal governor 'bang_bang'
Dec  3 10:26:18 ubuntu kernel: [    3.807157] thermal_sys: Registered thermal governor 'step_wise'
Dec  3 10:26:18 ubuntu kernel: [    3.807158] thermal_sys: Registered thermal governor 'user_space'
Dec  3 10:26:18 ubuntu lxcfs[1148]:  12: fd:  18: unified
Dec  3 10:26:18 ubuntu kernel: [    3.807200] SMBIOS 3.0.0 present.
Dec  3 10:26:18 ubuntu kernel: [    3.807204] DMI: QEMU KVM Virtual Machine, BIOS 0.0.0 02/06/2015
Dec  3 10:26:18 ubuntu systemd[1]: Started Regular background program processing daemon.
Dec  3 10:26:18 ubuntu kernel: [    3.807810] NET: Registered protocol family 16
Dec  3 10:26:18 ubuntu kernel: [    3.809144] DMA: preallocated 256 KiB pool for atomic allocations
Dec  3 10:26:18 ubuntu kernel: [    3.809148] audit: initializing netlink subsys (disabled)
Dec  3 10:26:18 ubuntu kernel: [    3.809238] audit: type=2000 audit(3.728:1): state=initialized audit_enabled=0 res=1
Dec  3 10:26:18 ubuntu kernel: [    3.809424] cpuidle: using governor ladder
Dec  3 10:26:18 ubuntu kernel: [    3.809434] cpuidle: using governor menu
Dec  3 10:26:18 ubuntu kernel: [    3.809474] hw-breakpoint: found 6 breakpoint and 4 watchpoint registers.
Dec  3 10:26:18 ubuntu kernel: [    3.810614] ASID allocator initialised with 65536 entries
Dec  3 10:26:18 ubuntu kernel: [    3.810678] ACPI: bus type PCI registered
Dec  3 10:26:18 ubuntu kernel: [    3.810680] acpiphp: ACPI Hot Plug PCI Controller Driver version: 0.5
Dec  3 10:26:18 ubuntu kernel: [    3.810743] Serial: AMBA PL011 UART driver
Dec  3 10:26:18 ubuntu kernel: [    3.813066] HugeTLB registered 1.00 GiB page size, pre-allocated 0 pages
Dec  3 10:26:18 ubuntu kernel: [    3.813068] HugeTLB registered 32.0 MiB page size, pre-allocated 0 pages
Dec  3 10:26:18 ubuntu rsyslogd: imuxsock: Acquired UNIX socket '/run/systemd/journal/syslog' (fd 3) from systemd.  [v8.32.0]
Dec  3 10:26:18 ubuntu kernel: [    3.813069] HugeTLB registered 2.00 MiB page size, pre-allocated 0 pages
Dec  3 10:26:18 ubuntu kernel: [    3.813071] HugeTLB registered 64.0 KiB page size, pre-allocated 0 pages
Dec  3 10:26:18 ubuntu rsyslogd: rsyslogd's groupid changed to 106
Dec  3 10:26:18 ubuntu kernel: [    3.818922] ACPI: Added _OSI(Module Device)
Dec  3 10:26:18 ubuntu kernel: [    3.818924] ACPI: Added _OSI(Processor Device)
Dec  3 10:26:18 ubuntu kernel: [    3.818926] ACPI: Added _OSI(3.0 _SCP Extensions)
Dec  3 10:26:18 ubuntu rsyslogd: rsyslogd's userid changed to 102
Dec  3 10:26:18 ubuntu kernel: [    3.818927] ACPI: Added _OSI(Processor Aggregator Device)
Dec  3 10:26:18 ubuntu kernel: [    3.818929] ACPI: Added _OSI(Linux-Dell-Video)
Dec  3 10:26:18 ubuntu kernel: [    3.818930] ACPI: Added _OSI(Linux-Lenovo-NV-HDMI-Audio)
Dec  3 10:26:18 ubuntu kernel: [    3.818932] ACPI: Added _OSI(Linux-HPI-Hybrid-Graphics)
Dec  3 10:26:18 ubuntu rsyslogd:  [origin software="rsyslogd" swVersion="8.32.0" x-pid="1147" x-info="http://www.rsyslog.com"] start
Dec  3 10:26:18 ubuntu kernel: [    3.819595] ACPI: 1 ACPI AML tables successfully acquired and loaded
Dec  3 10:26:18 ubuntu kernel: [    3.820071] ACPI: Interpreter enabled
Dec  3 10:26:18 ubuntu kernel: [    3.820072] ACPI: Using GIC for interrupt routing
Dec  3 10:26:18 ubuntu kernel: [    3.820083] ACPI: MCFG table detected, 1 entries
Dec  3 10:26:18 ubuntu kernel: [    3.823508] ARMH0011:00: ttyAMA0 at MMIO 0x9000000 (irq = 4, base_baud = 0) is a SBSA
Dec  3 10:26:18 ubuntu kernel: [    3.980163] printk: console [ttyAMA0] enabled
Dec  3 10:26:18 ubuntu kernel: [    3.982036] ACPI: PCI Root Bridge [PCI0] (domain 0000 [bus 00-0f])
Dec  3 10:26:18 ubuntu kernel: [    3.982662] acpi PNP0A08:00: _OSC: OS supports [ExtendedConfig ASPM ClockPM Segments MSI HPX-Type3]
Dec  3 10:26:18 ubuntu kernel: [    3.983707] acpi PNP0A08:00: _OSC: platform does not support [SHPCHotplug LTR]
Dec  3 10:26:18 ubuntu kernel: [    3.984494] acpi PNP0A08:00: _OSC: OS now controls [PCIeHotplug PME AER PCIeCapability]
Dec  3 10:26:18 ubuntu kernel: [    3.985492] acpi PNP0A08:00: ECAM area [mem 0x3f000000-0x3fffffff] reserved by PNP0C02:00
Dec  3 10:26:18 ubuntu kernel: [    3.986323] acpi PNP0A08:00: ECAM at [mem 0x3f000000-0x3fffffff] for [bus 00-0f]
Dec  3 10:26:18 ubuntu kernel: [    3.987050] Remapped I/O 0x000000003eff0000 to [io  0x0000-0xffff window]
Dec  3 10:26:18 ubuntu kernel: [    3.987807] PCI host bridge to bus 0000:00
Dec  3 10:26:18 ubuntu kernel: [    3.988212] pci_bus 0000:00: root bus resource [mem 0x10000000-0x3efeffff window]
Dec  3 10:26:18 ubuntu kernel: [    3.988916] pci_bus 0000:00: root bus resource [io  0x0000-0xffff window]
Dec  3 10:26:18 ubuntu kernel: [    3.989550] pci_bus 0000:00: root bus resource [mem 0x8000000000-0xffffffffff window]
Dec  3 10:26:18 ubuntu kernel: [    3.990280] pci_bus 0000:00: root bus resource [bus 00-0f]
Dec  3 10:26:18 ubuntu kernel: [    3.990859] pci 0000:00:00.0: [1b36:0008] type 00 class 0x060000
Dec  3 10:26:18 ubuntu kernel: [    3.991657] pci 0000:00:01.0: [1b36:000c] type 01 class 0x060400
Dec  3 10:26:18 ubuntu kernel: [    3.993509] pci 0000:00:01.0: reg 0x10: [mem 0x10303000-0x10303fff]
Dec  3 10:26:18 ubuntu kernel: [    3.996315] pci 0000:00:01.1: [1b36:000c] type 01 class 0x060400
Dec  3 10:26:18 ubuntu kernel: [    3.997981] pci 0000:00:01.1: reg 0x10: [mem 0x10302000-0x10302fff]
Dec  3 10:26:18 ubuntu kernel: [    4.000846] pci 0000:00:01.2: [1b36:000c] type 01 class 0x060400
Dec  3 10:26:18 ubuntu kernel: [    4.002477] pci 0000:00:01.2: reg 0x10: [mem 0x10301000-0x10301fff]
Dec  3 10:26:18 ubuntu kernel: [    4.005881] pci 0000:00:01.3: [1b36:000c] type 01 class 0x060400
Dec  3 10:26:18 ubuntu kernel: [    4.007465] pci 0000:00:01.3: reg 0x10: [mem 0x10300000-0x10300fff]
Dec  3 10:26:18 ubuntu kernel: [    4.010704] pci 0000:01:00.0: [1af4:1041] type 00 class 0x020000
Dec  3 10:26:18 ubuntu kernel: [    4.012632] pci 0000:01:00.0: reg 0x14: [mem 0x10200000-0x10200fff]
Dec  3 10:26:18 ubuntu kernel: [    4.015714] pci 0000:01:00.0: reg 0x20: [mem 0x8000000000-0x8000003fff 64bit pref]
Dec  3 10:26:18 ubuntu kernel: [    4.017214] pci 0000:01:00.0: reg 0x30: [mem 0xfff80000-0xffffffff pref]
Dec  3 10:26:18 ubuntu kernel: [    4.018845] pci 0000:02:00.0: [1b36:000d] type 00 class 0x0c0330
Dec  3 10:26:18 ubuntu kernel: [    4.019599] pci 0000:02:00.0: reg 0x10: [mem 0x10100000-0x10103fff 64bit]
Dec  3 10:26:18 ubuntu kernel: [    4.021231] pci 0000:03:00.0: [1af4:1048] type 00 class 0x010000
Dec  3 10:26:18 ubuntu kernel: [    4.023008] pci 0000:03:00.0: reg 0x14: [mem 0x10000000-0x10000fff]
Dec  3 10:26:18 ubuntu kernel: [    4.025884] pci 0000:03:00.0: reg 0x20: [mem 0x8000100000-0x8000103fff 64bit pref]
Dec  3 10:26:18 ubuntu kernel: [    4.029734] pci 0000:00:01.0: bridge window [io  0x1000-0x0fff] to [bus 01] add_size 1000
Dec  3 10:26:18 ubuntu kernel: [    4.030659] pci 0000:00:01.0: bridge window [mem 0x00100000-0x001fffff 64bit pref] to [bus 01] add_size 100000 add_align 100000
Dec  3 10:26:18 ubuntu kernel: [    4.031825] pci 0000:00:01.0: bridge window [mem 0x00100000-0x001fffff] to [bus 01] add_size 100000 add_align 100000
Dec  3 10:26:18 ubuntu kernel: [    4.032895] pci 0000:00:01.1: bridge window [io  0x1000-0x0fff] to [bus 02] add_size 1000
Dec  3 10:26:18 ubuntu kernel: [    4.033736] pci 0000:00:01.1: bridge window [mem 0x00100000-0x000fffff 64bit pref] to [bus 02] add_size 200000 add_align 100000
Dec  3 10:26:18 ubuntu kernel: [    4.034811] pci 0000:00:01.1: bridge window [mem 0x00100000-0x001fffff] to [bus 02] add_size 100000 add_align 100000
Dec  3 10:26:18 ubuntu kernel: [    4.036269] pci 0000:00:01.2: bridge window [io  0x1000-0x0fff] to [bus 03] add_size 1000
Dec  3 10:26:18 ubuntu kernel: [    4.037077] pci 0000:00:01.2: bridge window [mem 0x00100000-0x001fffff 64bit pref] to [bus 03] add_size 100000 add_align 100000
Dec  3 10:26:18 ubuntu kernel: [    4.038130] pci 0000:00:01.2: bridge window [mem 0x00100000-0x001fffff] to [bus 03] add_size 100000 add_align 100000
Dec  3 10:26:18 ubuntu kernel: [    4.039123] pci 0000:00:01.3: bridge window [io  0x1000-0x0fff] to [bus 04] add_size 1000
Dec  3 10:26:18 ubuntu kernel: [    4.039935] pci 0000:00:01.3: bridge window [mem 0x00100000-0x000fffff 64bit pref] to [bus 04] add_size 200000 add_align 100000
Dec  3 10:26:18 ubuntu kernel: [    4.041044] pci 0000:00:01.3: bridge window [mem 0x00100000-0x000fffff] to [bus 04] add_size 200000 add_align 100000
Dec  3 10:26:18 ubuntu kernel: [    4.042180] pci 0000:00:01.0: BAR 14: assigned [mem 0x10000000-0x101fffff]
Dec  3 10:26:18 ubuntu kernel: [    4.042849] pci 0000:00:01.0: BAR 15: assigned [mem 0x8000000000-0x80001fffff 64bit pref]
Dec  3 10:26:18 ubuntu kernel: [    4.043651] pci 0000:00:01.1: BAR 14: assigned [mem 0x10200000-0x103fffff]
Dec  3 10:26:18 ubuntu kernel: [    4.044332] pci 0000:00:01.1: BAR 15: assigned [mem 0x8000200000-0x80003fffff 64bit pref]
Dec  3 10:26:18 ubuntu kernel: [    4.045134] pci 0000:00:01.2: BAR 14: assigned [mem 0x10400000-0x105fffff]
Dec  3 10:26:18 ubuntu kernel: [    4.045796] pci 0000:00:01.2: BAR 15: assigned [mem 0x8000400000-0x80005fffff 64bit pref]
Dec  3 10:26:18 ubuntu kernel: [    4.046607] pci 0000:00:01.3: BAR 14: assigned [mem 0x10600000-0x107fffff]
Dec  3 10:26:18 ubuntu kernel: [    4.047279] pci 0000:00:01.3: BAR 15: assigned [mem 0x8000600000-0x80007fffff 64bit pref]
Dec  3 10:26:18 ubuntu kernel: [    4.048078] pci 0000:00:01.0: BAR 0: assigned [mem 0x10800000-0x10800fff]
Dec  3 10:26:18 ubuntu kernel: [    4.049070] pci 0000:00:01.0: BAR 13: assigned [io  0x1000-0x1fff]
Dec  3 10:26:18 ubuntu kernel: [    4.049680] pci 0000:00:01.1: BAR 0: assigned [mem 0x10801000-0x10801fff]
Dec  3 10:26:18 ubuntu kernel: [    4.050624] pci 0000:00:01.1: BAR 13: assigned [io  0x2000-0x2fff]
Dec  3 10:26:18 ubuntu kernel: [    4.051229] pci 0000:00:01.2: BAR 0: assigned [mem 0x10802000-0x10802fff]
Dec  3 10:26:18 ubuntu kernel: [    4.052184] pci 0000:00:01.2: BAR 13: assigned [io  0x3000-0x3fff]
Dec  3 10:26:18 ubuntu kernel: [    4.052770] pci 0000:00:01.3: BAR 0: assigned [mem 0x10803000-0x10803fff]
Dec  3 10:26:18 ubuntu kernel: [    4.053621] pci 0000:00:01.3: BAR 13: assigned [io  0x4000-0x4fff]
Dec  3 10:26:18 ubuntu kernel: [    4.054166] pci 0000:01:00.0: BAR 6: assigned [mem 0x10000000-0x1007ffff pref]
Dec  3 10:26:18 ubuntu kernel: [    4.054811] pci 0000:01:00.0: BAR 4: assigned [mem 0x8000000000-0x8000003fff 64bit pref]
Dec  3 10:26:18 ubuntu kernel: [    4.056089] pci 0000:01:00.0: BAR 1: assigned [mem 0x10080000-0x10080fff]
Dec  3 10:26:18 ubuntu kernel: [    4.056960] pci 0000:00:01.0: PCI bridge to [bus 01]
Dec  3 10:26:18 ubuntu kernel: [    4.057447] pci 0000:00:01.0:   bridge window [io  0x1000-0x1fff]
Dec  3 10:26:18 ubuntu kernel: [    4.058522] pci 0000:00:01.0:   bridge window [mem 0x10000000-0x101fffff]
Dec  3 10:26:18 ubuntu kernel: [    4.059973] pci 0000:00:01.0:   bridge window [mem 0x8000000000-0x80001fffff 64bit pref]
Dec  3 10:26:18 ubuntu kernel: [    4.061461] pci 0000:02:00.0: BAR 0: assigned [mem 0x10200000-0x10203fff 64bit]
Dec  3 10:26:18 ubuntu kernel: [    4.062181] pci 0000:00:01.1: PCI bridge to [bus 02]
Dec  3 10:26:18 ubuntu kernel: [    4.062649] pci 0000:00:01.1:   bridge window [io  0x2000-0x2fff]
Dec  3 10:26:18 ubuntu kernel: [    4.063781] pci 0000:00:01.1:   bridge window [mem 0x10200000-0x103fffff]
Dec  3 10:26:18 ubuntu kernel: [    4.064916] pci 0000:00:01.1:   bridge window [mem 0x8000200000-0x80003fffff 64bit pref]
Dec  3 10:26:18 ubuntu kernel: [    4.066279] pci 0000:03:00.0: BAR 4: assigned [mem 0x8000400000-0x8000403fff 64bit pref]
Dec  3 10:26:18 ubuntu kernel: [    4.067530] pci 0000:03:00.0: BAR 1: assigned [mem 0x10400000-0x10400fff]
Dec  3 10:26:18 ubuntu kernel: [    4.068521] pci 0000:00:01.2: PCI bridge to [bus 03]
Dec  3 10:26:18 ubuntu kernel: [    4.069006] pci 0000:00:01.2:   bridge window [io  0x3000-0x3fff]
Dec  3 10:26:18 ubuntu kernel: [    4.070409] pci 0000:00:01.2:   bridge window [mem 0x10400000-0x105fffff]
Dec  3 10:26:18 ubuntu kernel: [    4.071401] pci 0000:00:01.2:   bridge window [mem 0x8000400000-0x80005fffff 64bit pref]
Dec  3 10:26:18 ubuntu kernel: [    4.072865] pci 0000:00:01.3: PCI bridge to [bus 04]
Dec  3 10:26:18 ubuntu kernel: [    4.073312] pci 0000:00:01.3:   bridge window [io  0x4000-0x4fff]
Dec  3 10:26:18 ubuntu kernel: [    4.074349] pci 0000:00:01.3:   bridge window [mem 0x10600000-0x107fffff]
Dec  3 10:26:18 ubuntu kernel: [    4.075319] pci 0000:00:01.3:   bridge window [mem 0x8000600000-0x80007fffff 64bit pref]
Dec  3 10:26:18 ubuntu kernel: [    4.076781] pci_bus 0000:00: resource 4 [mem 0x10000000-0x3efeffff window]
Dec  3 10:26:18 ubuntu kernel: [    4.077395] pci_bus 0000:00: resource 5 [io  0x0000-0xffff window]
Dec  3 10:26:18 ubuntu kernel: [    4.077926] pci_bus 0000:00: resource 6 [mem 0x8000000000-0xffffffffff window]
Dec  3 10:26:18 ubuntu kernel: [    4.078546] pci_bus 0000:01: resource 0 [io  0x1000-0x1fff]
Dec  3 10:26:18 ubuntu kernel: [    4.079040] pci_bus 0000:01: resource 1 [mem 0x10000000-0x101fffff]
Dec  3 10:26:18 ubuntu kernel: [    4.079588] pci_bus 0000:01: resource 2 [mem 0x8000000000-0x80001fffff 64bit pref]
Dec  3 10:26:18 ubuntu kernel: [    4.080626] pci_bus 0000:02: resource 0 [io  0x2000-0x2fff]
Dec  3 10:26:18 ubuntu kernel: [    4.081170] pci_bus 0000:02: resource 1 [mem 0x10200000-0x103fffff]
Dec  3 10:26:18 ubuntu kernel: [    4.081756] pci_bus 0000:02: resource 2 [mem 0x8000200000-0x80003fffff 64bit pref]
Dec  3 10:26:18 ubuntu kernel: [    4.082456] pci_bus 0000:03: resource 0 [io  0x3000-0x3fff]
Dec  3 10:26:18 ubuntu kernel: [    4.082982] pci_bus 0000:03: resource 1 [mem 0x10400000-0x105fffff]
Dec  3 10:26:18 ubuntu kernel: [    4.083597] pci_bus 0000:03: resource 2 [mem 0x8000400000-0x80005fffff 64bit pref]
Dec  3 10:26:18 ubuntu kernel: [    4.084301] pci_bus 0000:04: resource 0 [io  0x4000-0x4fff]
Dec  3 10:26:18 ubuntu kernel: [    4.084800] pci_bus 0000:04: resource 1 [mem 0x10600000-0x107fffff]
Dec  3 10:26:18 ubuntu kernel: [    4.085357] pci_bus 0000:04: resource 2 [mem 0x8000600000-0x80007fffff 64bit pref]
Dec  3 10:26:18 ubuntu kernel: [    4.086083] ACPI: PCI Interrupt Link [GSI0] (IRQs *35)
Dec  3 10:26:18 ubuntu kernel: [    4.086537] ACPI: PCI Interrupt Link [GSI1] (IRQs *36)
Dec  3 10:26:18 ubuntu kernel: [    4.086997] ACPI: PCI Interrupt Link [GSI2] (IRQs *37)
Dec  3 10:26:18 ubuntu kernel: [    4.087448] ACPI: PCI Interrupt Link [GSI3] (IRQs *38)
Dec  3 10:26:18 ubuntu kernel: [    4.088720] iommu: Default domain type: Translated 
Dec  3 10:26:18 ubuntu kernel: [    4.089376] vgaarb: loaded
Dec  3 10:26:18 ubuntu kernel: [    4.089930] SCSI subsystem initialized
Dec  3 10:26:18 ubuntu kernel: [    4.090888] libata version 3.00 loaded.
Dec  3 10:26:18 ubuntu kernel: [    4.090931] ACPI: bus type USB registered
Dec  3 10:26:18 ubuntu kernel: [    4.091391] usbcore: registered new interface driver usbfs
Dec  3 10:26:18 ubuntu kernel: [    4.092093] usbcore: registered new interface driver hub
Dec  3 10:26:18 ubuntu kernel: [    4.093368] usbcore: registered new device driver usb
Dec  3 10:26:18 ubuntu kernel: [    4.094173] pps_core: LinuxPPS API ver. 1 registered
Dec  3 10:26:18 ubuntu kernel: [    4.094867] pps_core: Software ver. 5.3.6 - Copyright 2005-2007 Rodolfo Giometti <giometti@linux.it>
Dec  3 10:26:18 ubuntu kernel: [    4.096239] PTP clock support registered
Dec  3 10:26:18 ubuntu kernel: [    4.097487] EDAC MC: Ver: 3.0.0
Dec  3 10:26:18 ubuntu kernel: [    4.098416] Registered efivars operations
Dec  3 10:26:18 ubuntu kernel: [    4.100918] NetLabel: Initializing
Dec  3 10:26:18 ubuntu kernel: [    4.101412] NetLabel:  domain hash size = 128
Dec  3 10:26:18 ubuntu kernel: [    4.101985] NetLabel:  protocols = UNLABELED CIPSOv4 CALIPSO
Dec  3 10:26:18 ubuntu kernel: [    4.102749] NetLabel:  unlabeled traffic allowed by default
Dec  3 10:26:18 ubuntu kernel: [    4.179050] clocksource: Switched to clocksource arch_sys_counter
Dec  3 10:26:18 ubuntu kernel: [    4.196093] VFS: Disk quotas dquot_6.6.0
Dec  3 10:26:18 ubuntu kernel: [    4.196513] VFS: Dquot-cache hash table entries: 512 (order 0, 4096 bytes)
Dec  3 10:26:18 ubuntu kernel: [    4.197320] AppArmor: AppArmor Filesystem Enabled
Dec  3 10:26:18 ubuntu kernel: [    4.197812] pnp: PnP ACPI init
Dec  3 10:26:18 ubuntu kernel: [    4.198271] system 00:00: [mem 0x3f000000-0x3fffffff] could not be reserved
Dec  3 10:26:18 ubuntu kernel: [    4.198921] system 00:00: Plug and Play ACPI device, IDs PNP0c02 (active)
Dec  3 10:26:18 ubuntu kernel: [    4.198927] pnp: PnP ACPI: found 1 devices
Dec  3 10:26:18 ubuntu kernel: [    4.201268] NET: Registered protocol family 2
Dec  3 10:26:18 ubuntu kernel: [    4.202015] tcp_listen_portaddr_hash hash table entries: 16384 (order: 6, 262144 bytes, linear)
Dec  3 10:26:18 ubuntu kernel: [    4.203277] TCP established hash table entries: 262144 (order: 9, 2097152 bytes, linear)
Dec  3 10:26:18 ubuntu kernel: [    4.204890] TCP bind hash table entries: 65536 (order: 8, 1048576 bytes, linear)
Dec  3 10:26:18 ubuntu kernel: [    4.205965] TCP: Hash tables configured (established 262144 bind 65536)
Dec  3 10:26:18 ubuntu kernel: [    4.206894] UDP hash table entries: 16384 (order: 7, 524288 bytes, linear)
Dec  3 10:26:18 ubuntu kernel: [    4.207913] UDP-Lite hash table entries: 16384 (order: 7, 524288 bytes, linear)
Dec  3 10:26:18 ubuntu kernel: [    4.209005] NET: Registered protocol family 1
Dec  3 10:26:18 ubuntu kernel: [    4.209554] NET: Registered protocol family 44
Dec  3 10:26:18 ubuntu kernel: [    4.210164] pci 0000:02:00.0: enabling device (0000 -> 0002)
Dec  3 10:26:18 ubuntu kernel: [    4.211350] PCI: CLS 0 bytes, default 64
Dec  3 10:26:18 ubuntu kernel: [    4.211916] Trying to unpack rootfs image as initramfs...
Dec  3 10:26:18 ubuntu kernel: [    5.097130] Freeing initrd memory: 61288K
Dec  3 10:26:18 ubuntu kernel: [    5.131102] hw perfevents: enabled with armv8_pmuv3_0 PMU driver, 13 counters available
Dec  3 10:26:18 ubuntu kernel: [    5.132689] kvm [1]: HYP mode not available
Dec  3 10:26:18 ubuntu kernel: [    5.134575] Initialise system trusted keyrings
Dec  3 10:26:18 ubuntu kernel: [    5.135578] Key type blacklist registered
Dec  3 10:26:18 ubuntu kernel: [    5.136452] workingset: timestamp_bits=40 max_order=23 bucket_order=0
Dec  3 10:26:18 ubuntu kernel: [    5.138298] zbud: loaded
Dec  3 10:26:18 ubuntu kernel: [    5.138914] squashfs: version 4.0 (2009/01/31) Phillip Lougher
Dec  3 10:26:18 ubuntu kernel: [    5.139843] fuse: init (API version 7.31)
Dec  3 10:26:18 ubuntu kernel: [    5.140564] integrity: Platform Keyring initialized
Dec  3 10:26:18 ubuntu kernel: [    5.148022] Key type asymmetric registered
Dec  3 10:26:18 ubuntu kernel: [    5.148843] Asymmetric key parser 'x509' registered
Dec  3 10:26:18 ubuntu kernel: [    5.149699] Block layer SCSI generic (bsg) driver version 0.4 loaded (major 244)
Dec  3 10:26:18 ubuntu kernel: [    5.151555] io scheduler mq-deadline registered
Dec  3 10:26:18 ubuntu kernel: [    5.155480] pl061_gpio ARMH0061:00: PL061 GPIO chip registered
Dec  3 10:26:18 ubuntu kernel: [    5.156901] PCI Interrupt Link [GSI1] enabled at IRQ 36
Dec  3 10:26:18 ubuntu kernel: [    5.159108] pcieport 0000:00:01.0: PME: Signaling with IRQ 44
Dec  3 10:26:18 ubuntu kernel: [    5.160580] pcieport 0000:00:01.0: AER: enabled with IRQ 44
Dec  3 10:26:18 ubuntu kernel: [    5.161622] pcieport 0000:00:01.0: pciehp: Slot #0 AttnBtn+ PwrCtrl+ MRL- AttnInd+ PwrInd+ HotPlug+ Surprise+ Interlock+ NoCompl- IbPresDis- LLActRep-
Dec  3 10:26:18 ubuntu kernel: [    5.165033] pcieport 0000:00:01.1: PME: Signaling with IRQ 45
Dec  3 10:26:18 ubuntu kernel: [    5.165921] pcieport 0000:00:01.1: AER: enabled with IRQ 45
Dec  3 10:26:18 ubuntu kernel: [    5.166533] pcieport 0000:00:01.1: pciehp: Slot #0 AttnBtn+ PwrCtrl+ MRL- AttnInd+ PwrInd+ HotPlug+ Surprise+ Interlock+ NoCompl- IbPresDis- LLActRep-
Dec  3 10:26:18 ubuntu kernel: [    5.169055] pcieport 0000:00:01.2: PME: Signaling with IRQ 46
Dec  3 10:26:18 ubuntu kernel: [    5.169957] pcieport 0000:00:01.2: AER: enabled with IRQ 46
Dec  3 10:26:18 ubuntu kernel: [    5.171617] pcieport 0000:00:01.2: pciehp: Slot #0 AttnBtn+ PwrCtrl+ MRL- AttnInd+ PwrInd+ HotPlug+ Surprise+ Interlock+ NoCompl- IbPresDis- LLActRep-
Dec  3 10:26:18 ubuntu kernel: [    5.177101] pcieport 0000:00:01.3: PME: Signaling with IRQ 47
Dec  3 10:26:18 ubuntu kernel: [    5.178516] pcieport 0000:00:01.3: AER: enabled with IRQ 47
Dec  3 10:26:18 ubuntu kernel: [    5.179181] pcieport 0000:00:01.3: pciehp: Slot #0 AttnBtn+ PwrCtrl+ MRL- AttnInd+ PwrInd+ HotPlug+ Surprise+ Interlock+ NoCompl- IbPresDis- LLActRep-
Dec  3 10:26:18 ubuntu kernel: [    5.180603] pcieport 0000:00:01.3: pciehp: Slot(0-3): Link Up
Dec  3 10:26:18 ubuntu kernel: [    5.181036] shpchp: Standard Hot Plug PCI Controller Driver version: 0.4
Dec  3 10:26:18 ubuntu kernel: [    5.182372] input: Power Button as /devices/LNXSYSTM:00/LNXSYBUS:00/PNP0C0C:00/input/input0
Dec  3 10:26:18 ubuntu kernel: [    5.183252] ACPI: Power Button [PWRB]
Dec  3 10:26:18 ubuntu kernel: [    5.190007] Serial: 8250/16550 driver, 32 ports, IRQ sharing enabled
Dec  3 10:26:18 ubuntu kernel: [    5.195218] msm_serial: driver initialized
Dec  3 10:26:18 ubuntu kernel: [    5.196019] cacheinfo: Unable to detect cache hierarchy for CPU 0
Dec  3 10:26:18 ubuntu kernel: [    5.202125] loop: module loaded
Dec  3 10:26:18 ubuntu kernel: [    5.202858] libphy: Fixed MDIO Bus: probed
Dec  3 10:26:18 ubuntu kernel: [    5.203769] tun: Universal TUN/TAP device driver, 1.6
Dec  3 10:26:18 ubuntu kernel: [    5.205302] PPP generic driver version 2.4.2
Dec  3 10:26:18 ubuntu kernel: [    5.206459] ehci_hcd: USB 2.0 'Enhanced' Host Controller (EHCI) Driver
Dec  3 10:26:18 ubuntu kernel: [    5.208127] ehci-pci: EHCI PCI platform driver
Dec  3 10:26:18 ubuntu kernel: [    5.209596] ehci-orion: EHCI orion driver
Dec  3 10:26:18 ubuntu kernel: [    5.210575] ohci_hcd: USB 1.1 'Open' Host Controller (OHCI) Driver
Dec  3 10:26:18 ubuntu kernel: [    5.211544] ohci-pci: OHCI PCI platform driver
Dec  3 10:26:18 ubuntu kernel: [    5.211998] uhci_hcd: USB Universal Host Controller Interface driver
Dec  3 10:26:18 ubuntu kernel: [    5.213164] xhci_hcd 0000:02:00.0: xHCI Host Controller
Dec  3 10:26:18 ubuntu kernel: [    5.213700] xhci_hcd 0000:02:00.0: new USB bus registered, assigned bus number 1
Dec  3 10:26:18 ubuntu kernel: [    5.214598] xhci_hcd 0000:02:00.0: hcc params 0x00087001 hci version 0x100 quirks 0x0000000000000010
Dec  3 10:26:18 ubuntu kernel: [    5.216494] usb usb1: New USB device found, idVendor=1d6b, idProduct=0002, bcdDevice= 5.07
Dec  3 10:26:18 ubuntu kernel: [    5.217315] usb usb1: New USB device strings: Mfr=3, Product=2, SerialNumber=1
Dec  3 10:26:18 ubuntu kernel: [    5.218026] usb usb1: Product: xHCI Host Controller
Dec  3 10:26:18 ubuntu kernel: [    5.218518] usb usb1: Manufacturer: Linux 5.7.1 xhci-hcd
Dec  3 10:26:18 ubuntu kernel: [    5.219151] usb usb1: SerialNumber: 0000:02:00.0
Dec  3 10:26:18 ubuntu kernel: [    5.219735] hub 1-0:1.0: USB hub found
Dec  3 10:26:18 ubuntu kernel: [    5.220124] hub 1-0:1.0: 8 ports detected
Dec  3 10:26:18 ubuntu kernel: [    5.220787] xhci_hcd 0000:02:00.0: xHCI Host Controller
Dec  3 10:26:18 ubuntu kernel: [    5.221305] xhci_hcd 0000:02:00.0: new USB bus registered, assigned bus number 2
Dec  3 10:26:18 ubuntu kernel: [    5.222013] xhci_hcd 0000:02:00.0: Host supports USB 3.0 SuperSpeed
Dec  3 10:26:18 ubuntu kernel: [    5.222631] usb usb2: We don't know the algorithms for LPM for this host, disabling LPM.
Dec  3 10:26:18 ubuntu kernel: [    5.223487] usb usb2: New USB device found, idVendor=1d6b, idProduct=0003, bcdDevice= 5.07
Dec  3 10:26:18 ubuntu kernel: [    5.224282] usb usb2: New USB device strings: Mfr=3, Product=2, SerialNumber=1
Dec  3 10:26:18 ubuntu kernel: [    5.224980] usb usb2: Product: xHCI Host Controller
Dec  3 10:26:18 ubuntu kernel: [    5.225453] usb usb2: Manufacturer: Linux 5.7.1 xhci-hcd
Dec  3 10:26:18 ubuntu kernel: [    5.225964] usb usb2: SerialNumber: 0000:02:00.0
Dec  3 10:26:18 ubuntu kernel: [    5.226523] hub 2-0:1.0: USB hub found
Dec  3 10:26:18 ubuntu kernel: [    5.226908] hub 2-0:1.0: 8 ports detected
Dec  3 10:26:18 ubuntu kernel: [    5.227882] mousedev: PS/2 mouse device common for all mice
Dec  3 10:26:18 ubuntu kernel: [    5.228665] rtc-efi rtc-efi.0: registered as rtc0
Dec  3 10:26:18 ubuntu kernel: [    5.229324] rtc-efi rtc-efi.0: setting system clock to 2020-12-03T02:26:14 UTC (1606962374)
Dec  3 10:26:18 ubuntu kernel: [    5.230194] i2c /dev entries driver
Dec  3 10:26:18 ubuntu kernel: [    5.230724] device-mapper: uevent: version 1.0.3
Dec  3 10:26:18 ubuntu kernel: [    5.231298] device-mapper: ioctl: 4.42.0-ioctl (2020-02-27) initialised: dm-devel@redhat.com
Dec  3 10:26:18 ubuntu kernel: [    5.233025] ledtrig-cpu: registered to indicate activity on CPUs
Dec  3 10:26:18 ubuntu kernel: [    5.233686] EFI Variables Facility v0.08 2004-May-17
Dec  3 10:26:18 ubuntu kernel: [    5.237971] NET: Registered protocol family 10
Dec  3 10:26:18 ubuntu kernel: [    5.244510] Segment Routing with IPv6
Dec  3 10:26:18 ubuntu kernel: [    5.245031] NET: Registered protocol family 17
Dec  3 10:26:18 ubuntu kernel: [    5.245787] Key type dns_resolver registered
Dec  3 10:26:18 ubuntu kernel: [    5.247201] registered taskstats version 1
Dec  3 10:26:18 ubuntu kernel: [    5.248247] Loading compiled-in X.509 certificates
Dec  3 10:26:18 ubuntu kernel: [    5.253571] Loaded X.509 cert 'Build time autogenerated kernel key: 5fc9bbbf10d23f3f9dda6c889ba5358a20950e89'
Dec  3 10:26:18 ubuntu kernel: [    5.255670] zswap: loaded using pool lzo/zbud
Dec  3 10:26:18 ubuntu kernel: [    5.257150] Key type ._fscrypt registered
Dec  3 10:26:18 ubuntu kernel: [    5.257818] Key type .fscrypt registered
Dec  3 10:26:18 ubuntu kernel: [    5.258438] Key type fscrypt-provisioning registered
Dec  3 10:26:18 ubuntu kernel: [    5.271544] cryptd: max_cpu_qlen set to 1000
Dec  3 10:26:18 ubuntu kernel: [    5.331920] Key type big_key registered
Dec  3 10:26:18 ubuntu kernel: [    5.344707] Key type encrypted registered
Dec  3 10:26:18 ubuntu kernel: [    5.345212] AppArmor: AppArmor sha1 policy hashing enabled
Dec  3 10:26:18 ubuntu kernel: [    5.346068] ima: No TPM chip found, activating TPM-bypass!
Dec  3 10:26:18 ubuntu kernel: [    5.346747] ima: Allocated hash algorithm: sha1
Dec  3 10:26:18 ubuntu kernel: [    5.347467] ima: No architecture policies found
Dec  3 10:26:18 ubuntu kernel: [    5.348074] evm: Initialising EVM extended attributes:
Dec  3 10:26:18 ubuntu kernel: [    5.348732] evm: security.selinux
Dec  3 10:26:18 ubuntu kernel: [    5.349155] evm: security.SMACK64
Dec  3 10:26:18 ubuntu kernel: [    5.349577] evm: security.SMACK64EXEC
Dec  3 10:26:18 ubuntu kernel: [    5.350042] evm: security.SMACK64TRANSMUTE
Dec  3 10:26:18 ubuntu kernel: [    5.350557] evm: security.SMACK64MMAP
Dec  3 10:26:18 ubuntu kernel: [    5.351100] evm: security.apparmor
Dec  3 10:26:18 ubuntu kernel: [    5.351555] evm: security.ima
Dec  3 10:26:18 ubuntu kernel: [    5.351947] evm: security.capability
Dec  3 10:26:18 ubuntu kernel: [    5.352413] evm: HMAC attrs: 0x1
Dec  3 10:26:18 ubuntu kernel: [    5.356431] Freeing unused kernel memory: 7040K
Dec  3 10:26:18 ubuntu kernel: [    5.428602] Checked W+X mappings: passed, no W+X pages found
Dec  3 10:26:18 ubuntu kernel: [    5.429165] Run /init as init process
Dec  3 10:26:18 ubuntu kernel: [    5.429476]   with arguments:
Dec  3 10:26:18 ubuntu kernel: [    5.429477]     /init
Dec  3 10:26:18 ubuntu kernel: [    5.429477]   with environment:
Dec  3 10:26:18 ubuntu kernel: [    5.429479]     HOME=/
Dec  3 10:26:18 ubuntu kernel: [    5.429479]     TERM=linux
Dec  3 10:26:18 ubuntu kernel: [    5.429480]     BOOT_IMAGE=/boot/vmlinuz-5.7.1
Dec  3 10:26:18 ubuntu kernel: [    5.548880] scsi host0: Virtio SCSI HBA
Dec  3 10:26:18 ubuntu kernel: [    5.550791] scsi 0:0:0:0: Direct-Access     QEMU     QEMU HARDDISK    2.5+ PQ: 0 ANSI: 5
Dec  3 10:26:18 ubuntu kernel: [    5.555395] scsi 0:0:0:1: CD-ROM            QEMU     QEMU CD-ROM      2.5+ PQ: 0 ANSI: 5
Dec  3 10:26:18 ubuntu kernel: [    5.590217] virtio_net virtio0 enp1s0: renamed from eth0
Dec  3 10:26:18 ubuntu kernel: [    5.604313] random: fast init done
Dec  3 10:26:18 ubuntu kernel: [    5.605790] sd 0:0:0:0: Attached scsi generic sg0 type 0
Dec  3 10:26:18 ubuntu kernel: [    5.606427] sd 0:0:0:0: Power-on or device reset occurred
Dec  3 10:26:18 ubuntu kernel: [    5.606838] sr 0:0:0:1: Power-on or device reset occurred
Dec  3 10:26:18 ubuntu kernel: [    5.608086] sr 0:0:0:1: [sr0] scsi3-mmc drive: 16x/50x cd/rw xa/form2 cdda tray
Dec  3 10:26:18 ubuntu kernel: [    5.608241] sd 0:0:0:0: [sda] 31457280 512-byte logical blocks: (16.1 GB/15.0 GiB)
Dec  3 10:26:18 ubuntu kernel: [    5.610026] cdrom: Uniform CD-ROM driver Revision: 3.20
Dec  3 10:26:18 ubuntu kernel: [    5.610894] sd 0:0:0:0: [sda] Write Protect is off
Dec  3 10:26:18 ubuntu kernel: [    5.614110] sd 0:0:0:0: [sda] Mode Sense: 63 00 00 08
Dec  3 10:26:18 ubuntu kernel: [    5.614458] sd 0:0:0:0: [sda] Write cache: enabled, read cache: enabled, doesn't support DPO or FUA
Dec  3 10:26:18 ubuntu kernel: [    5.639959] sr 0:0:0:1: Attached scsi CD-ROM sr0
Dec  3 10:26:18 ubuntu kernel: [    5.640272] sr 0:0:0:1: Attached scsi generic sg1 type 5
Dec  3 10:26:18 ubuntu kernel: [    5.642851]  sda: sda1 sda2
Dec  3 10:26:18 ubuntu kernel: [    5.645810] sd 0:0:0:0: [sda] Attached SCSI disk
Dec  3 10:26:18 ubuntu kernel: [    5.670084] random: lvm: uninitialized urandom read (4 bytes read)
Dec  3 10:26:18 ubuntu kernel: [    5.688249] random: lvm: uninitialized urandom read (2 bytes read)
Dec  3 10:26:18 ubuntu kernel: [    6.994995] raid6: neonx8   gen() 11749 MB/s
Dec  3 10:26:18 ubuntu kernel: [    7.062989] raid6: neonx8   xor()  8496 MB/s
Dec  3 10:26:18 ubuntu kernel: [    7.130993] raid6: neonx4   gen() 11104 MB/s
Dec  3 10:26:18 ubuntu kernel: [    7.198989] raid6: neonx4   xor()  7799 MB/s
Dec  3 10:26:18 ubuntu kernel: [    7.266996] raid6: neonx2   gen()  9131 MB/s
Dec  3 10:26:18 ubuntu kernel: [    7.334993] raid6: neonx2   xor()  6584 MB/s
Dec  3 10:26:18 ubuntu kernel: [    7.402974] raid6: neonx1   gen()  6744 MB/s
Dec  3 10:26:18 ubuntu kernel: [    7.470992] raid6: neonx1   xor()  2897 MB/s
Dec  3 10:26:18 ubuntu kernel: [    7.538980] raid6: int64x8  gen()  5904 MB/s
Dec  3 10:26:18 ubuntu kernel: [    7.606970] raid6: int64x8  xor()  3610 MB/s
Dec  3 10:26:18 ubuntu kernel: [    7.674992] raid6: int64x4  gen()  7231 MB/s
Dec  3 10:26:18 ubuntu kernel: [    7.742975] raid6: int64x4  xor()  3676 MB/s
Dec  3 10:26:18 ubuntu kernel: [    7.810994] raid6: int64x2  gen()  5941 MB/s
Dec  3 10:26:18 ubuntu kernel: [    7.878978] raid6: int64x2  xor()  1775 MB/s
Dec  3 10:26:18 ubuntu kernel: [    7.946974] raid6: int64x1  gen()  4526 MB/s
Dec  3 10:26:18 ubuntu kernel: [    8.014997] raid6: int64x1  xor()  1229 MB/s
Dec  3 10:26:18 ubuntu kernel: [    8.015431] raid6: using algorithm neonx8 gen() 11749 MB/s
Dec  3 10:26:18 ubuntu kernel: [    8.015894] raid6: .... xor() 8496 MB/s, rmw enabled
Dec  3 10:26:18 ubuntu kernel: [    8.016312] raid6: using neon recovery algorithm
Dec  3 10:26:18 ubuntu kernel: [    8.019616] xor: measuring software checksum speed
Dec  3 10:26:18 ubuntu kernel: [    8.058983]    8regs     : 13078.000 MB/sec
Dec  3 10:26:18 ubuntu kernel: [    8.098993]    32regs    : 16028.000 MB/sec
Dec  3 10:26:18 ubuntu kernel: [    8.138994]    arm64_neon: 19314.000 MB/sec
Dec  3 10:26:18 ubuntu kernel: [    8.139466] xor: using function: arm64_neon (19314.000 MB/sec)
Dec  3 10:26:18 ubuntu kernel: [    8.142877] async_tx: api initialized (async)
Dec  3 10:26:18 ubuntu kernel: [    8.199420] random: lvm: uninitialized urandom read (4 bytes read)
Dec  3 10:26:18 ubuntu kernel: [    8.217918] random: lvm: uninitialized urandom read (4 bytes read)
Dec  3 10:26:18 ubuntu kernel: [    8.303240] Btrfs loaded, crc32c=crc32c-generic
Dec  3 10:26:18 ubuntu kernel: [    8.366471] EXT4-fs (dm-0): mounted filesystem with ordered data mode. Opts: (null)
Dec  3 10:26:18 ubuntu kernel: [    8.582184] systemd[1]: systemd 237 running in system mode. (+PAM +AUDIT +SELINUX +IMA +APPARMOR +SMACK +SYSVINIT +UTMP +LIBCRYPTSETUP +GCRYPT +GNUTLS +ACL +XZ +LZ4 +SECCOMP +BLKID +ELFUTILS +KMOD -IDN2 +IDN -PCRE2 default-hierarchy=hybrid)
Dec  3 10:26:18 ubuntu kernel: [    8.584540] systemd[1]: Detected virtualization kvm.
Dec  3 10:26:18 ubuntu kernel: [    8.585057] systemd[1]: Detected architecture arm64.
Dec  3 10:26:18 ubuntu kernel: [    8.607809] systemd[1]: Set hostname to <ubuntu>.
Dec  3 10:26:18 ubuntu kernel: [    8.676784] random: systemd: uninitialized urandom read (16 bytes read)
Dec  3 10:26:18 ubuntu kernel: [    8.677487] systemd[1]: Reached target User and Group Name Lookups.
Dec  3 10:26:18 ubuntu kernel: [    8.679604] systemd[1]: Created slice System Slice.
Dec  3 10:26:18 ubuntu kernel: [    8.681101] systemd[1]: Created slice system-systemd\x2dfsck.slice.
Dec  3 10:26:18 ubuntu kernel: [    8.682541] systemd[1]: Listening on Journal Socket.
Dec  3 10:26:18 ubuntu kernel: [    8.685220] systemd[1]: Starting Load Kernel Modules...
Dec  3 10:26:18 ubuntu kernel: [    8.686357] systemd[1]: Listening on Syslog Socket.
Dec  3 10:26:18 ubuntu kernel: [    8.701478] Loading iSCSI transport class v2.0-870.
Dec  3 10:26:18 ubuntu kernel: [    8.709649] iscsi: registered transport (tcp)
Dec  3 10:26:18 ubuntu kernel: [    8.709974] EXT4-fs (dm-0): re-mounted. Opts: errors=remount-ro
Dec  3 10:26:18 ubuntu kernel: [    8.741414] iscsi: registered transport (iser)
Dec  3 10:26:18 ubuntu kernel: [    8.768441] systemd-journald[839]: Received request to flush runtime journal from PID 1
Dec  3 10:26:18 ubuntu kernel: [    8.787008] pcieport 0000:00:01.3: pciehp: Failed to check link status
Dec  3 10:26:18 ubuntu kernel: [    8.938851] pstore: Using crash dump compression: deflate
Dec  3 10:26:18 ubuntu kernel: [    8.955389] pstore: Registered efi as persistent store backend
Dec  3 10:26:18 ubuntu kernel: [    9.079081] Adding 1003516k swap on /dev/mapper/ubuntu--vg-swap_1.  Priority:-2 extents:1 across:1003516k FS
Dec  3 10:26:18 ubuntu kernel: [    9.266538] audit: type=1400 audit(1606962378.532:2): apparmor="STATUS" operation="profile_load" profile="unconfined" name="/usr/bin/lxc-start" pid=1123 comm="apparmor_parser"
Dec  3 10:26:18 ubuntu kernel: [    9.328175] audit: type=1400 audit(1606962378.596:3): apparmor="STATUS" operation="profile_load" profile="unconfined" name="/usr/bin/man" pid=1122 comm="apparmor_parser"
Dec  3 10:26:18 ubuntu kernel: [    9.329086] audit: type=1400 audit(1606962378.596:4): apparmor="STATUS" operation="profile_load" profile="unconfined" name="man_filter" pid=1122 comm="apparmor_parser"
Dec  3 10:26:18 ubuntu kernel: [    9.330328] audit: type=1400 audit(1606962378.596:5): apparmor="STATUS" operation="profile_load" profile="unconfined" name="man_groff" pid=1122 comm="apparmor_parser"
Dec  3 10:26:18 ubuntu kernel: [    9.352349] audit: type=1400 audit(1606962378.620:6): apparmor="STATUS" operation="profile_load" profile="unconfined" name="/usr/sbin/tcpdump" pid=1127 comm="apparmor_parser"
Dec  3 10:26:18 ubuntu kernel: [    9.411220] audit: type=1400 audit(1606962378.680:7): apparmor="STATUS" operation="profile_load" profile="unconfined" name="/sbin/dhclient" pid=1118 comm="apparmor_parser"
Dec  3 10:26:18 ubuntu kernel: [    9.412717] audit: type=1400 audit(1606962378.680:8): apparmor="STATUS" operation="profile_load" profile="unconfined" name="/usr/lib/NetworkManager/nm-dhcp-client.action" pid=1118 comm="apparmor_parser"
Dec  3 10:26:18 ubuntu kernel: [    9.414166] audit: type=1400 audit(1606962378.680:9): apparmor="STATUS" operation="profile_load" profile="unconfined" name="/usr/lib/NetworkManager/nm-dhcp-helper" pid=1118 comm="apparmor_parser"
Dec  3 10:26:18 ubuntu kernel: [    9.415647] audit: type=1400 audit(1606962378.684:10): apparmor="STATUS" operation="profile_load" profile="unconfined" name="/usr/lib/connman/scripts/dhclient-script" pid=1118 comm="apparmor_parser"
Dec  3 10:26:18 ubuntu kernel: [    9.478706] audit: type=1400 audit(1606962378.744:11): apparmor="STATUS" operation="profile_load" profile="unconfined" name="/usr/lib/snapd/snap-confine" pid=1124 comm="apparmor_parser"
Dec  3 10:26:18 ubuntu kernel: [    9.575476] new mount options do not match the existing superblock, will be ignored
Dec  3 10:26:18 ubuntu dbus-daemon[1135]: [system] Activating via systemd: service name='org.freedesktop.PolicyKit1' unit='polkit.service' requested by ':1.3' (uid=0 pid=1141 comm="/usr/lib/accountsservice/accounts-daemon ")
Dec  3 10:26:18 ubuntu systemd[1]: Started irqbalance daemon.
Dec  3 10:26:18 ubuntu cron[1155]: (CRON) INFO (pidfile fd = 3)
Dec  3 10:26:18 ubuntu systemd[1]: Starting Snappy daemon...
Dec  3 10:26:18 ubuntu cron[1155]: (CRON) INFO (Running @reboot jobs)
Dec  3 10:26:18 ubuntu systemd[1]: Started System Logging Service.
Dec  3 10:26:18 ubuntu /usr/sbin/irqbalance: IRQ arch_timer(2) guessed as class 0
Dec  3 10:26:18 ubuntu /usr/sbin/irqbalance: IRQ uart-pl011(4) guessed as class 0
Dec  3 10:26:18 ubuntu /usr/sbin/irqbalance: IRQ arm-pmu(42) guessed as class 0
Dec  3 10:26:18 ubuntu /usr/sbin/irqbalance: IRQ ACPI:Event(43) guessed as class 0
Dec  3 10:26:18 ubuntu /usr/sbin/irqbalance: IRQ pciehp(44) guessed as class 0
Dec  3 10:26:18 ubuntu /usr/sbin/irqbalance: IRQ pciehp(45) guessed as class 0
Dec  3 10:26:18 ubuntu /usr/sbin/irqbalance: IRQ pciehp(46) guessed as class 0
Dec  3 10:26:18 ubuntu /usr/sbin/irqbalance: IRQ pciehp(47) guessed as class 0
Dec  3 10:26:18 ubuntu /usr/sbin/irqbalance: IRQ xhci_hcd(48) guessed as class 0
Dec  3 10:26:18 ubuntu /usr/sbin/irqbalance: IRQ xhci_hcd(49) guessed as class 0
Dec  3 10:26:18 ubuntu /usr/sbin/irqbalance: IRQ xhci_hcd(50) guessed as class 0
Dec  3 10:26:18 ubuntu /usr/sbin/irqbalance: IRQ xhci_hcd(51) guessed as class 0
Dec  3 10:26:18 ubuntu /usr/sbin/irqbalance: IRQ xhci_hcd(52) guessed as class 0
Dec  3 10:26:18 ubuntu /usr/sbin/irqbalance: IRQ xhci_hcd(53) guessed as class 0
Dec  3 10:26:18 ubuntu /usr/sbin/irqbalance: IRQ xhci_hcd(54) guessed as class 0
Dec  3 10:26:18 ubuntu /usr/sbin/irqbalance: IRQ xhci_hcd(55) guessed as class 0
Dec  3 10:26:18 ubuntu /usr/sbin/irqbalance: IRQ xhci_hcd(56) guessed as class 0
Dec  3 10:26:18 ubuntu /usr/sbin/irqbalance: IRQ xhci_hcd(57) guessed as class 0
Dec  3 10:26:18 ubuntu /usr/sbin/irqbalance: IRQ xhci_hcd(58) guessed as class 0
Dec  3 10:26:18 ubuntu /usr/sbin/irqbalance: IRQ xhci_hcd(59) guessed as class 0
Dec  3 10:26:18 ubuntu /usr/sbin/irqbalance: IRQ xhci_hcd(60) guessed as class 0
Dec  3 10:26:18 ubuntu /usr/sbin/irqbalance: IRQ xhci_hcd(61) guessed as class 0
Dec  3 10:26:18 ubuntu /usr/sbin/irqbalance: IRQ xhci_hcd(62) guessed as class 0
Dec  3 10:26:18 ubuntu /usr/sbin/irqbalance: IRQ xhci_hcd(63) guessed as class 0
Dec  3 10:26:18 ubuntu /usr/sbin/irqbalance: IRQ virtio1-config(64) guessed as class 0
Dec  3 10:26:18 ubuntu /usr/sbin/irqbalance: IRQ virtio1-control(65) guessed as class 0
Dec  3 10:26:18 ubuntu /usr/sbin/irqbalance: IRQ virtio1-event(66) guessed as class 0
Dec  3 10:26:18 ubuntu /usr/sbin/irqbalance: IRQ virtio1-request(67) guessed as class 0
Dec  3 10:26:18 ubuntu /usr/sbin/irqbalance: IRQ virtio0-config(68) guessed as class 0
Dec  3 10:26:18 ubuntu /usr/sbin/irqbalance: IRQ virtio0-input.0(69) guessed as class 0
Dec  3 10:26:18 ubuntu /usr/sbin/irqbalance: IRQ virtio0-output.0(70) guessed as class 0
Dec  3 10:26:18 ubuntu systemd[1]: Started Login Service.
Dec  3 10:26:18 ubuntu grub-common[1134]:  * Recording successful boot for GRUB
Dec  3 10:26:18 ubuntu systemd[1]: Starting Authorization Manager...
Dec  3 10:26:18 ubuntu systemd[1]: Started Unattended Upgrades Shutdown.
Dec  3 10:26:18 ubuntu grub-common[1134]:    ...done.
Dec  3 10:26:18 ubuntu systemd[1]: Started LSB: Record successful boot for GRUB.
Dec  3 10:26:18 ubuntu polkitd[1165]: started daemon version 0.105 using authority implementation `local' version `0.105'
Dec  3 10:26:18 ubuntu dbus-daemon[1135]: [system] Successfully activated service 'org.freedesktop.PolicyKit1'
Dec  3 10:26:18 ubuntu systemd[1]: Started Authorization Manager.
Dec  3 10:26:18 ubuntu accounts-daemon[1141]: started daemon version 0.6.45
Dec  3 10:26:18 ubuntu systemd[1]: Started Accounts Service.
Dec  3 10:26:18 ubuntu snapd[1162]: AppArmor status: apparmor is enabled but some kernel features are missing: dbus, network
Dec  3 10:26:18 ubuntu snapd[1162]: daemon.go:346: started snapd/2.42.1+18.04 (series 16; classic; devmode) ubuntu/18.04 (arm64) linux/5.7.1.
Dec  3 10:26:18 ubuntu networkd-dispatcher[1151]: No valid path found for iwconfig
Dec  3 10:26:19 ubuntu snapd[1162]: daemon.go:439: adjusting startup timeout by 30s (pessimistic estimate of 30s plus 5s per snap)
Dec  3 10:26:19 ubuntu systemd[1]: Started Dispatcher daemon for systemd-networkd.
Dec  3 10:26:19 ubuntu systemd[1]: Started Snappy daemon.
Dec  3 10:26:19 ubuntu systemd[1]: Starting Wait until snapd is fully seeded...
Dec  3 10:26:19 ubuntu systemd[1]: Started Wait until snapd is fully seeded.
Dec  3 10:26:20 ubuntu kernel: [   11.107007] random: crng init done
Dec  3 10:26:20 ubuntu kernel: [   11.107009] random: 5 urandom warning(s) missed due to ratelimiting
Dec  3 10:26:20 ubuntu systemd[1]: Started LXD - container startup/shutdown.
Dec  3 10:26:20 ubuntu systemd-networkd[1078]: enp1s0: Gained IPv6LL
Dec  3 10:26:20 ubuntu systemd-networkd[1078]: enp1s0: Configured
Dec  3 10:26:20 ubuntu systemd-timesyncd[1065]: Network configuration changed, trying to establish connection.
Dec  3 10:26:20 ubuntu systemd-networkd-wait-online[1098]: managing: enp1s0
Dec  3 10:26:20 ubuntu systemd-networkd-wait-online[1098]: ignoring: lo
Dec  3 10:26:20 ubuntu systemd[1]: Started Wait for Network to be Configured.
Dec  3 10:26:20 ubuntu systemd[1]: Reached target Network is Online.
Dec  3 10:26:20 ubuntu systemd[1]: Reached target Remote File Systems (Pre).
Dec  3 10:26:20 ubuntu systemd[1]: Reached target Remote File Systems.
Dec  3 10:26:20 ubuntu systemd[1]: Starting LSB: automatic crash report generation...
Dec  3 10:26:20 ubuntu systemd[1]: Starting Permit User Sessions...
Dec  3 10:26:20 ubuntu systemd[1]: Starting Availability of block devices...
Dec  3 10:26:20 ubuntu systemd[1]: Starting OpenBSD Secure Shell server...
Dec  3 10:26:20 ubuntu systemd[1]: Started Permit User Sessions.
Dec  3 10:26:20 ubuntu systemd[1]: Started Availability of block devices.
Dec  3 10:26:20 ubuntu systemd[1]: Starting Terminate Plymouth Boot Screen...
Dec  3 10:26:20 ubuntu systemd[1]: Starting Hold until boot process finishes up...
Dec  3 10:26:20 ubuntu systemd[1]: Started Hold until boot process finishes up.
Dec  3 10:26:20 ubuntu systemd[1]: Started Serial Getty on ttyAMA0.
Dec  3 10:26:20 ubuntu apport[1233]:  * Starting automatic crash report generation: apport
Dec  3 10:26:20 ubuntu systemd[1]: Starting Set console scheme...
Dec  3 10:26:20 ubuntu systemd[1]: Started Terminate Plymouth Boot Screen.
Dec  3 10:26:20 ubuntu apport[1233]:    ...done.
Dec  3 10:26:20 ubuntu systemd[1]: Started LSB: automatic crash report generation.
Dec  3 10:26:20 ubuntu systemd[1]: Started Set console scheme.
Dec  3 10:26:20 ubuntu systemd[1]: Created slice system-getty.slice.
Dec  3 10:26:20 ubuntu systemd[1]: Started Getty on tty1.
Dec  3 10:26:20 ubuntu systemd[1]: Reached target Login Prompts.
Dec  3 10:26:20 ubuntu systemd[1]: Started OpenBSD Secure Shell server.
Dec  3 10:26:20 ubuntu systemd[1]: Reached target Multi-User System.
Dec  3 10:26:20 ubuntu systemd[1]: Reached target Graphical Interface.
Dec  3 10:26:20 ubuntu systemd[1]: Starting Update UTMP about System Runlevel Changes...
Dec  3 10:26:20 ubuntu systemd[1]: Started Update UTMP about System Runlevel Changes.
Dec  3 10:26:20 ubuntu systemd[1]: Startup finished in 8.419s (kernel) + 2.721s (userspace) = 11.140s.
Dec  3 10:26:20 ubuntu kernel: [   11.274722] fbcon: Taking over console
Dec  3 10:26:24 ubuntu snapd[1162]: daemon.go:540: gracefully waiting for running hooks
Dec  3 10:26:24 ubuntu snapd[1162]: daemon.go:542: done waiting for running hooks
Dec  3 10:26:24 ubuntu snapd[1162]: daemon stop requested to wait for socket activation
Dec  3 10:26:28 ubuntu systemd[1]: Created slice User Slice of huawei.
Dec  3 10:26:28 ubuntu systemd[1]: Starting User Manager for UID 1000...
Dec  3 10:26:28 ubuntu systemd[1]: Started Session 1 of user huawei.
Dec  3 10:26:28 ubuntu systemd[1478]: Reached target Timers.
Dec  3 10:26:28 ubuntu systemd[1478]: Listening on GnuPG cryptographic agent and passphrase cache (access for web browsers).
Dec  3 10:26:28 ubuntu systemd[1478]: Listening on GnuPG network certificate management daemon.
Dec  3 10:26:28 ubuntu systemd[1478]: Listening on GnuPG cryptographic agent (ssh-agent emulation).
Dec  3 10:26:28 ubuntu systemd[1478]: Listening on GnuPG cryptographic agent and passphrase cache.
Dec  3 10:26:28 ubuntu systemd[1478]: Reached target Paths.
Dec  3 10:26:28 ubuntu systemd[1478]: Listening on REST API socket for snapd user session agent.
Dec  3 10:26:28 ubuntu systemd[1478]: Listening on GnuPG cryptographic agent and passphrase cache (restricted).
Dec  3 10:26:28 ubuntu systemd[1478]: Reached target Sockets.
Dec  3 10:26:28 ubuntu systemd[1478]: Reached target Basic System.
Dec  3 10:26:28 ubuntu systemd[1478]: Reached target Default.
Dec  3 10:26:28 ubuntu systemd[1478]: Startup finished in 48ms.
Dec  3 10:26:28 ubuntu systemd[1]: Started User Manager for UID 1000.
                                                                                                                Dec  3 10:31:00 ubuntu systemd-modules-load[842]: Inserted module 'iscsi_tcp'
Dec  3 10:31:00 ubuntu kernel: [    0.000000] Booting Linux on physical CPU 0x0000000000 [0x481fd010]
Dec  3 10:31:00 ubuntu lvm[845]:   2 logical volume(s) in volume group "ubuntu-vg" monitored
Dec  3 10:31:00 ubuntu systemd[1]: Starting Flush Journal to Persistent Storage...
Dec  3 10:31:00 ubuntu systemd[1]: Started Set the console keyboard layout.
Dec  3 10:31:00 ubuntu kernel: [    0.000000] Linux version 5.7.1 (root@ubuntu) (gcc version 7.5.0 (Ubuntu/Linaro 7.5.0-3ubuntu1~18.04), GNU ld (GNU Binutils for Ubuntu) 2.30) #1 SMP Thu Dec 3 01:12:50 CST 2020
Dec  3 10:31:00 ubuntu kernel: [    0.000000] efi: EFI v2.70 by EDK II
Dec  3 10:31:00 ubuntu kernel: [    0.000000] efi:  SMBIOS 3.0=0x53f710000  ACPI 2.0=0x53c020000  MEMATTR=0x53cc7ca98  MEMRESERVE=0x53becd018 
Dec  3 10:31:00 ubuntu systemd[1]: Started Monitoring of LVM2 mirrors, snapshots etc. using dmeventd or progress polling.
Dec  3 10:31:00 ubuntu kernel: [    0.000000] cma: Reserved 32 MiB at 0x00000000fe000000
Dec  3 10:31:00 ubuntu systemd[1]: Started Create Static Device Nodes in /dev.
Dec  3 10:31:00 ubuntu kernel: [    0.000000] ACPI: Early table checksum verification disabled
Dec  3 10:31:00 ubuntu kernel: [    0.000000] ACPI: RSDP 0x000000053C020000 000024 (v02 BOCHS )
Dec  3 10:31:00 ubuntu systemd[1]: Starting udev Kernel Device Manager...
Dec  3 10:31:00 ubuntu kernel: [    0.000000] ACPI: XSDT 0x000000053BED0000 000054 (v01 BOCHS  BXPCFACP 00000001      01000013)
Dec  3 10:31:00 ubuntu kernel: [    0.000000] ACPI: FACP 0x000000053BE90000 00010C (v05 BOCHS  BXPCFACP 00000001 BXPC 00000001)
Dec  3 10:31:00 ubuntu kernel: [    0.000000] ACPI: DSDT 0x000000053BEA0000 001523 (v02 BOCHS  BXPCDSDT 00000001 BXPC 00000001)
Dec  3 10:31:00 ubuntu kernel: [    0.000000] ACPI: APIC 0x000000053BE80000 0009E8 (v03 BOCHS  BXPCAPIC 00000001 BXPC 00000001)
Dec  3 10:31:00 ubuntu systemd-modules-load[842]: Inserted module 'ib_iser'
Dec  3 10:31:00 ubuntu kernel: [    0.000000] ACPI: GTDT 0x000000053BE70000 000060 (v02 BOCHS  BXPCGTDT 00000001 BXPC 00000001)
Dec  3 10:31:00 ubuntu kernel: [    0.000000] ACPI: MCFG 0x000000053BE60000 00003C (v01 BOCHS  BXPCMCFG 00000001 BXPC 00000001)
Dec  3 10:31:00 ubuntu systemd[1]: Reached target Local File Systems (Pre).
Dec  3 10:31:00 ubuntu kernel: [    0.000000] ACPI: SPCR 0x000000053BE50000 000050 (v02 BOCHS  BXPCSPCR 00000001 BXPC 00000001)
Dec  3 10:31:00 ubuntu kernel: [    0.000000] ACPI: IORT 0x000000053BE40000 00007C (v00 BOCHS  BXPCIORT 00000001 BXPC 00000001)
Dec  3 10:31:00 ubuntu kernel: [    0.000000] ACPI: SPCR: console: pl011,mmio,0x9000000,9600
Dec  3 10:31:00 ubuntu systemd[1]: Started Load Kernel Modules.
Dec  3 10:31:00 ubuntu kernel: [    0.000000] ACPI: NUMA: Failed to initialise from firmware
Dec  3 10:31:00 ubuntu kernel: [    0.000000] NUMA: Faking a node at [mem 0x0000000040000000-0x000000053fffffff]
Dec  3 10:31:00 ubuntu systemd[1]: Mounting FUSE Control File System...
Dec  3 10:31:00 ubuntu kernel: [    0.000000] NUMA: NODE_DATA [mem 0x53d409300-0x53d40cfff]
Dec  3 10:31:00 ubuntu kernel: [    0.000000] Zone ranges:
Dec  3 10:31:00 ubuntu kernel: [    0.000000]   DMA      [mem 0x0000000040000000-0x000000007fffffff]
Dec  3 10:31:00 ubuntu kernel: [    0.000000]   DMA32    [mem 0x0000000080000000-0x00000000ffffffff]
Dec  3 10:31:00 ubuntu kernel: [    0.000000]   Normal   [mem 0x0000000100000000-0x000000053fffffff]
Dec  3 10:31:00 ubuntu systemd[1]: Starting Apply Kernel Variables...
Dec  3 10:31:00 ubuntu kernel: [    0.000000] Movable zone start for each node
Dec  3 10:31:00 ubuntu kernel: [    0.000000] Early memory node ranges
Dec  3 10:31:00 ubuntu kernel: [    0.000000]   node   0: [mem 0x0000000040000000-0x000000053bedffff]
Dec  3 10:31:00 ubuntu systemd[1]: Mounting Kernel Configuration File System...
Dec  3 10:31:00 ubuntu kernel: [    0.000000]   node   0: [mem 0x000000053bee0000-0x000000053bffffff]
Dec  3 10:31:00 ubuntu kernel: [    0.000000]   node   0: [mem 0x000000053c000000-0x000000053c02ffff]
Dec  3 10:31:00 ubuntu kernel: [    0.000000]   node   0: [mem 0x000000053c030000-0x000000053c0affff]
Dec  3 10:31:00 ubuntu systemd[1]: Mounted FUSE Control File System.
Dec  3 10:31:00 ubuntu kernel: [    0.000000]   node   0: [mem 0x000000053c0b0000-0x000000053f57ffff]
Dec  3 10:31:00 ubuntu kernel: [    0.000000]   node   0: [mem 0x000000053f580000-0x000000053f95ffff]
Dec  3 10:31:00 ubuntu systemd[1]: Mounted Kernel Configuration File System.
Dec  3 10:31:00 ubuntu kernel: [    0.000000]   node   0: [mem 0x000000053f960000-0x000000053fffffff]
Dec  3 10:31:00 ubuntu kernel: [    0.000000] Zeroed struct page in unavailable ranges: 544 pages
Dec  3 10:31:00 ubuntu kernel: [    0.000000] Initmem setup node 0 [mem 0x0000000040000000-0x000000053fffffff]
Dec  3 10:31:00 ubuntu kernel: [    0.000000] On node 0 totalpages: 5242880
Dec  3 10:31:00 ubuntu systemd[1]: Started Apply Kernel Variables.
Dec  3 10:31:00 ubuntu kernel: [    0.000000]   DMA zone: 5120 pages used for memmap
Dec  3 10:31:00 ubuntu kernel: [    0.000000]   DMA zone: 0 pages reserved
Dec  3 10:31:00 ubuntu systemd[1]: Started udev Kernel Device Manager.
Dec  3 10:31:00 ubuntu kernel: [    0.000000]   DMA zone: 262144 pages, LIFO batch:63
Dec  3 10:31:00 ubuntu kernel: [    0.000000]   DMA32 zone: 10240 pages used for memmap
Dec  3 10:31:00 ubuntu kernel: [    0.000000]   DMA32 zone: 524288 pages, LIFO batch:63
Dec  3 10:31:00 ubuntu kernel: [    0.000000]   Normal zone: 87040 pages used for memmap
Dec  3 10:31:00 ubuntu kernel: [    0.000000]   Normal zone: 4456448 pages, LIFO batch:63
Dec  3 10:31:00 ubuntu kernel: [    0.000000] psci: probing for conduit method from ACPI.
Dec  3 10:31:00 ubuntu systemd[1]: Started udev Coldplug all Devices.
Dec  3 10:31:00 ubuntu kernel: [    0.000000] psci: PSCIv1.0 detected in firmware.
Dec  3 10:31:00 ubuntu systemd[1]: Started Dispatch Password Requests to Console Directory Watch.
Dec  3 10:31:00 ubuntu kernel: [    0.000000] psci: Using standard PSCI v0.2 function IDs
Dec  3 10:31:00 ubuntu kernel: [    0.000000] psci: Trusted OS migration not required
Dec  3 10:31:00 ubuntu systemd[1]: Reached target Local Encrypted Volumes.
Dec  3 10:31:00 ubuntu kernel: [    0.000000] psci: SMC Calling Convention v1.1
Dec  3 10:31:00 ubuntu kernel: [    0.000000] ACPI: SRAT not present
Dec  3 10:31:00 ubuntu kernel: [    0.000000] percpu: Embedded 33 pages/cpu s94616 r8192 d32360 u135168
Dec  3 10:31:00 ubuntu kernel: [    0.000000] pcpu-alloc: s94616 r8192 d32360 u135168 alloc=33*4096
Dec  3 10:31:00 ubuntu systemd[1]: Started Flush Journal to Persistent Storage.
Dec  3 10:31:00 ubuntu kernel: [    0.000000] pcpu-alloc: [0] 00 [0] 01 [0] 02 [0] 03 [0] 04 [0] 05 [0] 06 [0] 07 
Dec  3 10:31:00 ubuntu kernel: [    0.000000] pcpu-alloc: [0] 08 [0] 09 [0] 10 [0] 11 [0] 12 [0] 13 [0] 14 [0] 15 
Dec  3 10:31:00 ubuntu kernel: [    0.000000] pcpu-alloc: [0] 16 [0] 17 [0] 18 [0] 19 [0] 20 [0] 21 [0] 22 [0] 23 
Dec  3 10:31:00 ubuntu systemd[1]: Found device /dev/ttyAMA0.
Dec  3 10:31:00 ubuntu kernel: [    0.000000] pcpu-alloc: [0] 24 [0] 25 [0] 26 [0] 27 [0] 28 [0] 29 [0] 30 [0] 31 
Dec  3 10:31:00 ubuntu kernel: [    0.000000] Detected VIPT I-cache on CPU0
Dec  3 10:31:00 ubuntu kernel: [    0.000000] CPU features: detected: GIC system register CPU interface
Dec  3 10:31:00 ubuntu kernel: [    0.000000] CPU features: detected: Hardware dirty bit management
Dec  3 10:31:00 ubuntu systemd-udevd[927]: link_config: autonegotiation is unset or enabled, the speed and duplex are not writable.
Dec  3 10:31:00 ubuntu kernel: [    0.000000] Built 1 zonelists, mobility grouping on.  Total pages: 5140480
Dec  3 10:31:00 ubuntu kernel: [    0.000000] Policy zone: Normal
Dec  3 10:31:00 ubuntu kernel: [    0.000000] Kernel command line: BOOT_IMAGE=/boot/vmlinuz-5.7.1 root=/dev/mapper/ubuntu--vg-root ro
Dec  3 10:31:00 ubuntu kernel: [    0.000000] Dentry cache hash table entries: 4194304 (order: 13, 33554432 bytes, linear)
Dec  3 10:31:00 ubuntu systemd-udevd[921]: link_config: autonegotiation is unset or enabled, the speed and duplex are not writable.
Dec  3 10:31:00 ubuntu kernel: [    0.000000] Inode-cache hash table entries: 2097152 (order: 12, 16777216 bytes, linear)
Dec  3 10:31:00 ubuntu kernel: [    0.000000] mem auto-init: stack:off, heap alloc:on, heap free:off
Dec  3 10:31:00 ubuntu systemd[1]: Listening on Load/Save RF Kill Switch Status /dev/rfkill Watch.
Dec  3 10:31:00 ubuntu kernel: [    0.000000] software IO TLB: mapped [mem 0x7bfff000-0x7ffff000] (64MB)
Dec  3 10:31:00 ubuntu systemd[1]: Found device /dev/mapper/ubuntu--vg-swap_1.
Dec  3 10:31:00 ubuntu kernel: [    0.000000] Memory: 20269608K/20971520K available (14204K kernel code, 2354K rwdata, 6868K rodata, 7040K init, 1132K bss, 669144K reserved, 32768K cma-reserved)
Dec  3 10:31:00 ubuntu kernel: [    0.000000] random: get_random_u64 called from __kmem_cache_create+0x54/0x5d8 with crng_init=0
Dec  3 10:31:00 ubuntu kernel: [    0.000000] SLUB: HWalign=64, Order=0-3, MinObjects=0, CPUs=32, Nodes=1
Dec  3 10:31:00 ubuntu kernel: [    0.000000] ftrace: allocating 46107 entries in 181 pages
Dec  3 10:31:00 ubuntu systemd[1]: Activating swap /dev/mapper/ubuntu--vg-swap_1...
Dec  3 10:31:00 ubuntu kernel: [    0.000000] ftrace: allocated 181 pages with 5 groups
Dec  3 10:31:00 ubuntu kernel: [    0.000000] rcu: Hierarchical RCU implementation.
Dec  3 10:31:00 ubuntu systemd[1]: Created slice system-lvm2\x2dpvscan.slice.
Dec  3 10:31:00 ubuntu kernel: [    0.000000] rcu: 	RCU restricting CPUs from NR_CPUS=256 to nr_cpu_ids=32.
Dec  3 10:31:00 ubuntu kernel: [    0.000000] 	Tasks RCU enabled.
Dec  3 10:31:00 ubuntu systemd[1]: Starting LVM2 PV scan on device 8:2...
Dec  3 10:31:00 ubuntu kernel: [    0.000000] rcu: RCU calculated value of scheduler-enlistment delay is 25 jiffies.
Dec  3 10:31:00 ubuntu kernel: [    0.000000] rcu: Adjusting geometry for rcu_fanout_leaf=16, nr_cpu_ids=32
Dec  3 10:31:00 ubuntu systemd[1]: Activated swap /dev/mapper/ubuntu--vg-swap_1.
Dec  3 10:31:00 ubuntu kernel: [    0.000000] NR_IRQS: 64, nr_irqs: 64, preallocated irqs: 0
Dec  3 10:31:00 ubuntu systemd[1]: Found device QEMU_HARDDISK 1.
Dec  3 10:31:00 ubuntu kernel: [    0.000000] GICv3: 256 SPIs implemented
Dec  3 10:31:00 ubuntu systemd[1]: Starting File System Check on /dev/disk/by-uuid/5EA9-3D4C...
Dec  3 10:31:00 ubuntu kernel: [    0.000000] GICv3: 0 Extended SPIs implemented
Dec  3 10:31:00 ubuntu kernel: [    0.000000] GICv3: Distributor has no Range Selector support
Dec  3 10:31:00 ubuntu kernel: [    0.000000] GICv3: 16 PPIs implemented
Dec  3 10:31:00 ubuntu kernel: [    0.000000] GICv3: CPU0: found redistributor 0 region 0:0x00000000080a0000
Dec  3 10:31:00 ubuntu systemd[1]: Reached target Swap.
Dec  3 10:31:00 ubuntu kernel: [    0.000000] ACPI: SRAT not present
Dec  3 10:31:00 ubuntu kernel: [    0.000000] ITS [mem 0x08080000-0x0809ffff]
Dec  3 10:31:00 ubuntu systemd[1]: Started File System Check Daemon to report status.
Dec  3 10:31:00 ubuntu kernel: [    0.000000] ITS@0x0000000008080000: allocated 8192 Devices @53ca00000 (indirect, esz 8, psz 64K, shr 1)
Dec  3 10:31:00 ubuntu kernel: [    0.000000] ITS@0x0000000008080000: allocated 8192 Interrupt Collections @53ca10000 (flat, esz 8, psz 64K, shr 1)
Dec  3 10:31:00 ubuntu kernel: [    0.000000] GICv3: using LPI property table @0x000000053ca20000
Dec  3 10:31:00 ubuntu kernel: [    0.000000] GICv3: CPU0: using allocated LPI pending table @0x000000053ca30000
Dec  3 10:31:00 ubuntu lvm[1033]:   2 logical volume(s) in volume group "ubuntu-vg" now active
Dec  3 10:31:00 ubuntu kernel: [    0.000000] arch_timer: cp15 timer(s) running at 100.00MHz (virt).
Dec  3 10:31:00 ubuntu kernel: [    0.000000] clocksource: arch_sys_counter: mask: 0xffffffffffffff max_cycles: 0x171024e7e0, max_idle_ns: 440795205315 ns
Dec  3 10:31:00 ubuntu kernel: [    0.000001] sched_clock: 56 bits at 100MHz, resolution 10ns, wraps every 4398046511100ns
Dec  3 10:31:00 ubuntu systemd[1]: Started LVM2 PV scan on device 8:2.
Dec  3 10:31:00 ubuntu kernel: [    0.000055] Console: colour dummy device 80x25
Dec  3 10:31:00 ubuntu kernel: [    0.000080] ACPI: Core revision 20200326
Dec  3 10:31:00 ubuntu kernel: [    0.000128] Calibrating delay loop (skipped), value calculated using timer frequency.. 200.00 BogoMIPS (lpj=400000)
Dec  3 10:31:00 ubuntu kernel: [    0.000131] pid_max: default: 32768 minimum: 301
Dec  3 10:31:00 ubuntu kernel: [    0.000163] LSM: Security Framework initializing
Dec  3 10:31:00 ubuntu kernel: [    0.000168] Yama: becoming mindful.
Dec  3 10:31:00 ubuntu systemd-fsck[1035]: fsck.fat 4.1 (2017-01-24)
Dec  3 10:31:00 ubuntu kernel: [    0.000194] AppArmor: AppArmor initialized
Dec  3 10:31:00 ubuntu systemd-fsck[1035]: 0x25: Dirty bit is set. Fs was not properly unmounted and some data may be corrupt.
Dec  3 10:31:00 ubuntu kernel: [    0.000255] Mount-cache hash table entries: 65536 (order: 7, 524288 bytes, linear)
Dec  3 10:31:00 ubuntu systemd-fsck[1035]:  Automatically removing dirty bit.
Dec  3 10:31:00 ubuntu kernel: [    0.000283] Mountpoint-cache hash table entries: 65536 (order: 7, 524288 bytes, linear)
Dec  3 10:31:00 ubuntu systemd-fsck[1035]: Performing changes.
Dec  3 10:31:00 ubuntu kernel: [    0.000620] ACPI PPTT: No PPTT table found, CPU and cache topology may be inaccurate
Dec  3 10:31:00 ubuntu systemd-fsck[1035]: /dev/sda1: 5 files, 41/65501 clusters
Dec  3 10:31:00 ubuntu kernel: [    0.000773] rcu: Hierarchical SRCU implementation.
Dec  3 10:31:00 ubuntu kernel: [    0.001212] Platform MSI: ITS@0x8080000 domain created
Dec  3 10:31:00 ubuntu kernel: [    0.001217] PCI/MSI: ITS@0x8080000 domain created
Dec  3 10:31:00 ubuntu systemd[1]: Started File System Check on /dev/disk/by-uuid/5EA9-3D4C.
Dec  3 10:31:00 ubuntu kernel: [    0.001224] Remapping and enabling EFI services.
Dec  3 10:31:00 ubuntu kernel: [    0.002089] smp: Bringing up secondary CPUs ...
Dec  3 10:31:00 ubuntu kernel: [    0.092718] Detected VIPT I-cache on CPU1
Dec  3 10:31:00 ubuntu kernel: [    0.092733] GICv3: CPU1: found redistributor 1 region 0:0x00000000080c0000
Dec  3 10:31:00 ubuntu kernel: [    0.093006] GICv3: CPU1: using allocated LPI pending table @0x000000053ca40000
Dec  3 10:31:00 ubuntu systemd[1]: Mounting /boot/efi...
Dec  3 10:31:00 ubuntu kernel: [    0.093034] CPU1: Booted secondary processor 0x0000000001 [0x481fd010]
Dec  3 10:31:00 ubuntu systemd[1]: Mounted /boot/efi.
Dec  3 10:31:00 ubuntu kernel: [    0.184068] Detected VIPT I-cache on CPU2
Dec  3 10:31:00 ubuntu kernel: [    0.184110] GICv3: CPU2: found redistributor 2 region 0:0x00000000080e0000
Dec  3 10:31:00 ubuntu systemd[1]: Reached target Local File Systems.
Dec  3 10:31:00 ubuntu systemd[1]: Starting AppArmor initialization...
Dec  3 10:31:00 ubuntu systemd[1]: Starting Tell Plymouth To Write Out Runtime Data...
Dec  3 10:31:00 ubuntu systemd[1]: Starting Create Volatile Files and Directories...
Dec  3 10:31:00 ubuntu systemd[1]: Starting Set console font and keymap...
Dec  3 10:31:00 ubuntu systemd[1]: Starting ebtables ruleset management...
