Dec  2 20:14:47 ubuntu systemd-modules-load[817]: Inserted module 'iscsi_tcp'
Dec  2 20:14:47 ubuntu kernel: [    0.000000] Booting Linux on physical CPU 0x0000000000 [0x481fd010]
Dec  2 20:14:47 ubuntu kernel: [    0.000000] Linux version 5.7.1 (root@ubuntu) (gcc version 7.5.0 (Ubuntu/Linaro 7.5.0-3ubuntu1~18.04), GNU ld (GNU Binutils for Ubuntu) 2.30) #1 SMP Wed Dec 2 19:47:27 CST 2020
Dec  2 20:14:47 ubuntu systemd-modules-load[817]: Inserted module 'ib_iser'
Dec  2 20:14:47 ubuntu kernel: [    0.000000] efi: EFI v2.70 by EDK II
Dec  2 20:14:47 ubuntu kernel: [    0.000000] efi:  SMBIOS 3.0=0x53f710000  ACPI 2.0=0x53c020000  MEMATTR=0x53cc7ca98  MEMRESERVE=0x53becd018 
Dec  2 20:14:47 ubuntu lvm[834]:   2 logical volume(s) in volume group "ubuntu-vg" monitored
Dec  2 20:14:47 ubuntu kernel: [    0.000000] cma: Reserved 32 MiB at 0x00000000fe000000
Dec  2 20:14:47 ubuntu kernel: [    0.000000] ACPI: Early table checksum verification disabled
Dec  2 20:14:47 ubuntu kernel: [    0.000000] ACPI: RSDP 0x000000053C020000 000024 (v02 BOCHS )
Dec  2 20:14:47 ubuntu kernel: [    0.000000] ACPI: XSDT 0x000000053BED0000 000054 (v01 BOCHS  BXPCFACP 00000001      01000013)
Dec  2 20:14:47 ubuntu systemd[1]: Starting Flush Journal to Persistent Storage...
Dec  2 20:14:47 ubuntu kernel: [    0.000000] ACPI: FACP 0x000000053BE90000 00010C (v05 BOCHS  BXPCFACP 00000001 BXPC 00000001)
Dec  2 20:14:47 ubuntu kernel: [    0.000000] ACPI: DSDT 0x000000053BEA0000 001523 (v02 BOCHS  BXPCDSDT 00000001 BXPC 00000001)
Dec  2 20:14:47 ubuntu systemd[1]: Started udev Coldplug all Devices.
Dec  2 20:14:47 ubuntu kernel: [    0.000000] ACPI: APIC 0x000000053BE80000 0009E8 (v03 BOCHS  BXPCAPIC 00000001 BXPC 00000001)
Dec  2 20:14:47 ubuntu kernel: [    0.000000] ACPI: GTDT 0x000000053BE70000 000060 (v02 BOCHS  BXPCGTDT 00000001 BXPC 00000001)
Dec  2 20:14:47 ubuntu kernel: [    0.000000] ACPI: MCFG 0x000000053BE60000 00003C (v01 BOCHS  BXPCMCFG 00000001 BXPC 00000001)
Dec  2 20:14:47 ubuntu kernel: [    0.000000] ACPI: SPCR 0x000000053BE50000 000050 (v02 BOCHS  BXPCSPCR 00000001 BXPC 00000001)
Dec  2 20:14:47 ubuntu systemd[1]: Started Flush Journal to Persistent Storage.
Dec  2 20:14:47 ubuntu kernel: [    0.000000] ACPI: IORT 0x000000053BE40000 00007C (v00 BOCHS  BXPCIORT 00000001 BXPC 00000001)
Dec  2 20:14:47 ubuntu kernel: [    0.000000] ACPI: SPCR: console: pl011,mmio,0x9000000,9600
Dec  2 20:14:47 ubuntu kernel: [    0.000000] ACPI: NUMA: Failed to initialise from firmware
Dec  2 20:14:47 ubuntu kernel: [    0.000000] NUMA: Faking a node at [mem 0x0000000040000000-0x000000053fffffff]
Dec  2 20:14:47 ubuntu systemd[1]: Started Dispatch Password Requests to Console Directory Watch.
Dec  2 20:14:47 ubuntu kernel: [    0.000000] NUMA: NODE_DATA [mem 0x53d409300-0x53d40cfff]
Dec  2 20:14:47 ubuntu kernel: [    0.000000] Zone ranges:
Dec  2 20:14:47 ubuntu kernel: [    0.000000]   DMA      [mem 0x0000000040000000-0x000000007fffffff]
Dec  2 20:14:47 ubuntu kernel: [    0.000000]   DMA32    [mem 0x0000000080000000-0x00000000ffffffff]
Dec  2 20:14:47 ubuntu systemd[1]: Reached target Local Encrypted Volumes.
Dec  2 20:14:47 ubuntu kernel: [    0.000000]   Normal   [mem 0x0000000100000000-0x000000053fffffff]
Dec  2 20:14:47 ubuntu kernel: [    0.000000] Movable zone start for each node
Dec  2 20:14:47 ubuntu kernel: [    0.000000] Early memory node ranges
Dec  2 20:14:47 ubuntu kernel: [    0.000000]   node   0: [mem 0x0000000040000000-0x000000053bedffff]
Dec  2 20:14:47 ubuntu systemd[1]: Found device /dev/ttyAMA0.
Dec  2 20:14:47 ubuntu kernel: [    0.000000]   node   0: [mem 0x000000053bee0000-0x000000053bffffff]
Dec  2 20:14:47 ubuntu kernel: [    0.000000]   node   0: [mem 0x000000053c000000-0x000000053c02ffff]
Dec  2 20:14:47 ubuntu kernel: [    0.000000]   node   0: [mem 0x000000053c030000-0x000000053c0affff]
Dec  2 20:14:47 ubuntu kernel: [    0.000000]   node   0: [mem 0x000000053c0b0000-0x000000053f57ffff]
Dec  2 20:14:47 ubuntu kernel: [    0.000000]   node   0: [mem 0x000000053f580000-0x000000053f95ffff]
Dec  2 20:14:47 ubuntu systemd-udevd[890]: link_config: autonegotiation is unset or enabled, the speed and duplex are not writable.
Dec  2 20:14:47 ubuntu kernel: [    0.000000]   node   0: [mem 0x000000053f960000-0x000000053fffffff]
Dec  2 20:14:47 ubuntu kernel: [    0.000000] Zeroed struct page in unavailable ranges: 544 pages
Dec  2 20:14:47 ubuntu kernel: [    0.000000] Initmem setup node 0 [mem 0x0000000040000000-0x000000053fffffff]
Dec  2 20:14:47 ubuntu kernel: [    0.000000] On node 0 totalpages: 5242880
Dec  2 20:14:47 ubuntu kernel: [    0.000000]   DMA zone: 5120 pages used for memmap
Dec  2 20:14:47 ubuntu kernel: [    0.000000]   DMA zone: 0 pages reserved
Dec  2 20:14:47 ubuntu systemd-udevd[899]: link_config: autonegotiation is unset or enabled, the speed and duplex are not writable.
Dec  2 20:14:47 ubuntu kernel: [    0.000000]   DMA zone: 262144 pages, LIFO batch:63
Dec  2 20:14:47 ubuntu kernel: [    0.000000]   DMA32 zone: 10240 pages used for memmap
Dec  2 20:14:47 ubuntu kernel: [    0.000000]   DMA32 zone: 524288 pages, LIFO batch:63
Dec  2 20:14:47 ubuntu kernel: [    0.000000]   Normal zone: 87040 pages used for memmap
Dec  2 20:14:47 ubuntu systemd[1]: Listening on Load/Save RF Kill Switch Status /dev/rfkill Watch.
Dec  2 20:14:47 ubuntu kernel: [    0.000000]   Normal zone: 4456448 pages, LIFO batch:63
Dec  2 20:14:47 ubuntu kernel: [    0.000000] psci: probing for conduit method from ACPI.
Dec  2 20:14:47 ubuntu kernel: [    0.000000] psci: PSCIv1.0 detected in firmware.
Dec  2 20:14:47 ubuntu systemd[1]: Found device /dev/mapper/ubuntu--vg-swap_1.
Dec  2 20:14:47 ubuntu systemd[1]: Activating swap /dev/mapper/ubuntu--vg-swap_1...
Dec  2 20:14:47 ubuntu kernel: [    0.000000] psci: Using standard PSCI v0.2 function IDs
Dec  2 20:14:47 ubuntu kernel: [    0.000000] psci: Trusted OS migration not required
Dec  2 20:14:47 ubuntu kernel: [    0.000000] psci: SMC Calling Convention v1.1
Dec  2 20:14:47 ubuntu kernel: [    0.000000] ACPI: SRAT not present
Dec  2 20:14:47 ubuntu kernel: [    0.000000] percpu: Embedded 33 pages/cpu s94616 r8192 d32360 u135168
Dec  2 20:14:47 ubuntu kernel: [    0.000000] pcpu-alloc: s94616 r8192 d32360 u135168 alloc=33*4096
Dec  2 20:14:47 ubuntu systemd[1]: Created slice system-lvm2\x2dpvscan.slice.
Dec  2 20:14:47 ubuntu kernel: [    0.000000] pcpu-alloc: [0] 00 [0] 01 [0] 02 [0] 03 [0] 04 [0] 05 [0] 06 [0] 07 
Dec  2 20:14:47 ubuntu kernel: [    0.000000] pcpu-alloc: [0] 08 [0] 09 [0] 10 [0] 11 [0] 12 [0] 13 [0] 14 [0] 15 
Dec  2 20:14:47 ubuntu kernel: [    0.000000] pcpu-alloc: [0] 16 [0] 17 [0] 18 [0] 19 [0] 20 [0] 21 [0] 22 [0] 23 
Dec  2 20:14:47 ubuntu systemd[1]: Starting LVM2 PV scan on device 8:2...
Dec  2 20:14:47 ubuntu kernel: [    0.000000] pcpu-alloc: [0] 24 [0] 25 [0] 26 [0] 27 [0] 28 [0] 29 [0] 30 [0] 31 
Dec  2 20:14:47 ubuntu kernel: [    0.000000] Detected VIPT I-cache on CPU0
Dec  2 20:14:47 ubuntu kernel: [    0.000000] CPU features: detected: GIC system register CPU interface
Dec  2 20:14:47 ubuntu systemd[1]: Found device QEMU_HARDDISK 1.
Dec  2 20:14:47 ubuntu kernel: [    0.000000] CPU features: detected: Hardware dirty bit management
Dec  2 20:14:47 ubuntu kernel: [    0.000000] Built 1 zonelists, mobility grouping on.  Total pages: 5140480
Dec  2 20:14:47 ubuntu systemd[1]: Activated swap /dev/mapper/ubuntu--vg-swap_1.
Dec  2 20:14:47 ubuntu kernel: [    0.000000] Policy zone: Normal
Dec  2 20:14:47 ubuntu kernel: [    0.000000] Kernel command line: BOOT_IMAGE=/boot/vmlinuz-5.7.1 root=/dev/mapper/ubuntu--vg-root ro
Dec  2 20:14:47 ubuntu kernel: [    0.000000] Dentry cache hash table entries: 4194304 (order: 13, 33554432 bytes, linear)
Dec  2 20:14:47 ubuntu systemd[1]: Reached target Swap.
Dec  2 20:14:47 ubuntu kernel: [    0.000000] Inode-cache hash table entries: 2097152 (order: 12, 16777216 bytes, linear)
Dec  2 20:14:47 ubuntu kernel: [    0.000000] mem auto-init: stack:off, heap alloc:on, heap free:off
Dec  2 20:14:47 ubuntu kernel: [    0.000000] software IO TLB: mapped [mem 0x7bfff000-0x7ffff000] (64MB)
Dec  2 20:14:47 ubuntu systemd[1]: Starting File System Check on /dev/disk/by-uuid/5EA9-3D4C...
Dec  2 20:14:47 ubuntu kernel: [    0.000000] Memory: 20269608K/20971520K available (14204K kernel code, 2354K rwdata, 6868K rodata, 7040K init, 1132K bss, 669144K reserved, 32768K cma-reserved)
Dec  2 20:14:47 ubuntu kernel: [    0.000000] random: get_random_u64 called from __kmem_cache_create+0x54/0x5d8 with crng_init=0
Dec  2 20:14:47 ubuntu kernel: [    0.000000] SLUB: HWalign=64, Order=0-3, MinObjects=0, CPUs=32, Nodes=1
Dec  2 20:14:47 ubuntu kernel: [    0.000000] ftrace: allocating 46107 entries in 181 pages
Dec  2 20:14:47 ubuntu systemd[1]: Started File System Check Daemon to report status.
Dec  2 20:14:47 ubuntu kernel: [    0.000000] ftrace: allocated 181 pages with 5 groups
Dec  2 20:14:47 ubuntu kernel: [    0.000000] rcu: Hierarchical RCU implementation.
Dec  2 20:14:47 ubuntu lvm[1028]:   2 logical volume(s) in volume group "ubuntu-vg" now active
Dec  2 20:14:47 ubuntu kernel: [    0.000000] rcu: 	RCU restricting CPUs from NR_CPUS=256 to nr_cpu_ids=32.
Dec  2 20:14:47 ubuntu kernel: [    0.000000] 	Tasks RCU enabled.
Dec  2 20:14:47 ubuntu kernel: [    0.000000] rcu: RCU calculated value of scheduler-enlistment delay is 25 jiffies.
Dec  2 20:14:47 ubuntu systemd[1]: Started LVM2 PV scan on device 8:2.
Dec  2 20:14:47 ubuntu kernel: [    0.000000] rcu: Adjusting geometry for rcu_fanout_leaf=16, nr_cpu_ids=32
Dec  2 20:14:47 ubuntu kernel: [    0.000000] NR_IRQS: 64, nr_irqs: 64, preallocated irqs: 0
Dec  2 20:14:47 ubuntu kernel: [    0.000000] GICv3: 256 SPIs implemented
Dec  2 20:14:47 ubuntu kernel: [    0.000000] GICv3: 0 Extended SPIs implemented
Dec  2 20:14:47 ubuntu systemd-fsck[1029]: fsck.fat 4.1 (2017-01-24)
Dec  2 20:14:47 ubuntu kernel: [    0.000000] GICv3: Distributor has no Range Selector support
Dec  2 20:14:47 ubuntu kernel: [    0.000000] GICv3: 16 PPIs implemented
Dec  2 20:14:47 ubuntu kernel: [    0.000000] GICv3: CPU0: found redistributor 0 region 0:0x00000000080a0000
Dec  2 20:14:47 ubuntu systemd-fsck[1029]: /dev/sda1: 5 files, 41/65501 clusters
Dec  2 20:14:47 ubuntu kernel: [    0.000000] ACPI: SRAT not present
Dec  2 20:14:47 ubuntu kernel: [    0.000000] ITS [mem 0x08080000-0x0809ffff]
Dec  2 20:14:47 ubuntu kernel: [    0.000000] ITS@0x0000000008080000: allocated 8192 Devices @53ca00000 (indirect, esz 8, psz 64K, shr 1)
Dec  2 20:14:47 ubuntu systemd[1]: Started File System Check on /dev/disk/by-uuid/5EA9-3D4C.
Dec  2 20:14:47 ubuntu kernel: [    0.000000] ITS@0x0000000008080000: allocated 8192 Interrupt Collections @53ca10000 (flat, esz 8, psz 64K, shr 1)
Dec  2 20:14:47 ubuntu kernel: [    0.000000] GICv3: using LPI property table @0x000000053ca20000
Dec  2 20:14:47 ubuntu kernel: [    0.000000] GICv3: CPU0: using allocated LPI pending table @0x000000053ca30000
Dec  2 20:14:47 ubuntu kernel: [    0.000000] arch_timer: cp15 timer(s) running at 100.00MHz (virt).
Dec  2 20:14:47 ubuntu kernel: [    0.000000] clocksource: arch_sys_counter: mask: 0xffffffffffffff max_cycles: 0x171024e7e0, max_idle_ns: 440795205315 ns
Dec  2 20:14:47 ubuntu kernel: [    0.000001] sched_clock: 56 bits at 100MHz, resolution 10ns, wraps every 4398046511100ns
Dec  2 20:14:47 ubuntu systemd[1]: Mounting /boot/efi...
Dec  2 20:14:47 ubuntu kernel: [    0.000054] Console: colour dummy device 80x25
Dec  2 20:14:47 ubuntu kernel: [    0.000078] ACPI: Core revision 20200326
Dec  2 20:14:47 ubuntu kernel: [    0.000124] Calibrating delay loop (skipped), value calculated using timer frequency.. 200.00 BogoMIPS (lpj=400000)
Dec  2 20:14:47 ubuntu kernel: [    0.000126] pid_max: default: 32768 minimum: 301
Dec  2 20:14:47 ubuntu systemd[1]: Mounted /boot/efi.
Dec  2 20:14:47 ubuntu kernel: [    0.000159] LSM: Security Framework initializing
Dec  2 20:14:47 ubuntu kernel: [    0.000164] Yama: becoming mindful.
Dec  2 20:14:47 ubuntu systemd[1]: Reached target Local File Systems.
Dec  2 20:14:47 ubuntu kernel: [    0.000187] AppArmor: AppArmor initialized
Dec  2 20:14:47 ubuntu kernel: [    0.000249] Mount-cache hash table entries: 65536 (order: 7, 524288 bytes, linear)
Dec  2 20:14:47 ubuntu kernel: [    0.000277] Mountpoint-cache hash table entries: 65536 (order: 7, 524288 bytes, linear)
Dec  2 20:14:47 ubuntu kernel: [    0.000597] ACPI PPTT: No PPTT table found, CPU and cache topology may be inaccurate
Dec  2 20:14:47 ubuntu kernel: [    0.000749] rcu: Hierarchical SRCU implementation.
Dec  2 20:14:47 ubuntu systemd[1]: Starting Tell Plymouth To Write Out Runtime Data...
Dec  2 20:14:47 ubuntu kernel: [    0.001176] Platform MSI: ITS@0x8080000 domain created
Dec  2 20:14:47 ubuntu kernel: [    0.001181] PCI/MSI: ITS@0x8080000 domain created
Dec  2 20:14:47 ubuntu kernel: [    0.001189] Remapping and enabling EFI services.
Dec  2 20:14:47 ubuntu kernel: [    0.002051] smp: Bringing up secondary CPUs ...
Dec  2 20:14:47 ubuntu systemd[1]: Starting ebtables ruleset management...
Dec  2 20:14:47 ubuntu kernel: [    0.092413] Detected VIPT I-cache on CPU1
Dec  2 20:14:47 ubuntu kernel: [    0.092428] GICv3: CPU1: found redistributor 1 region 0:0x00000000080c0000
Dec  2 20:14:47 ubuntu kernel: [    0.092693] GICv3: CPU1: using allocated LPI pending table @0x000000053ca40000
Dec  2 20:14:47 ubuntu systemd[1]: Starting Set console font and keymap...
Dec  2 20:14:47 ubuntu kernel: [    0.092719] CPU1: Booted secondary processor 0x0000000001 [0x481fd010]
Dec  2 20:14:47 ubuntu systemd[1]: Starting AppArmor initialization...
Dec  2 20:14:47 ubuntu kernel: [    0.183312] Detected VIPT I-cache on CPU2
Dec  2 20:14:47 ubuntu kernel: [    0.183328] GICv3: CPU2: found redistributor 2 region 0:0x00000000080e0000
Dec  2 20:14:47 ubuntu systemd[1]: Starting Create Volatile Files and Directories...
Dec  2 20:14:47 ubuntu systemd[1]: Started Set console font and keymap.
Dec  2 20:14:47 ubuntu systemd[1]: Started Tell Plymouth To Write Out Runtime Data.
Dec  2 20:14:47 ubuntu systemd[1]: Started Create Volatile Files and Directories.
Dec  2 20:14:47 ubuntu systemd[1]: Starting Network Time Synchronization...
Dec  2 20:14:47 ubuntu apparmor[1041]:  * Starting AppArmor profiles
Dec  2 20:14:47 ubuntu systemd[1]: Starting Update UTMP about System Boot/Shutdown...
Dec  2 20:14:47 ubuntu systemd[1]: Started ebtables ruleset management.
Dec  2 20:14:47 ubuntu systemd[1]: Reached target Network (Pre).
Dec  2 20:14:47 ubuntu systemd[1]: Starting Network Service...
Dec  2 20:14:47 ubuntu systemd[1]: Started Update UTMP about System Boot/Shutdown.
Dec  2 20:14:47 ubuntu kernel: [    0.183548] GICv3: CPU2: using allocated LPI pending table @0x000000053ca50000
Dec  2 20:14:47 ubuntu kernel: [    0.183573] CPU2: Booted secondary processor 0x0000000002 [0x481fd010]
Dec  2 20:14:47 ubuntu systemd-networkd[1065]: Enumeration completed
Dec  2 20:14:47 ubuntu kernel: [    0.274370] Detected VIPT I-cache on CPU3
Dec  2 20:14:47 ubuntu systemd[1]: Started Network Service.
Dec  2 20:14:47 ubuntu kernel: [    0.274410] GICv3: CPU3: found redistributor 3 region 0:0x0000000008100000
Dec  2 20:14:47 ubuntu kernel: [    0.274760] GICv3: CPU3: using allocated LPI pending table @0x000000053ca60000
Dec  2 20:14:47 ubuntu systemd-networkd[1065]: lo: Link is not managed by us
Dec  2 20:14:47 ubuntu kernel: [    0.274824] CPU3: Booted secondary processor 0x0000000003 [0x481fd010]
Dec  2 20:14:47 ubuntu kernel: [    0.428713] Detected VIPT I-cache on CPU4
Dec  2 20:14:47 ubuntu kernel: [    0.428731] GICv3: CPU4: found redistributor 4 region 0:0x0000000008120000
Dec  2 20:14:47 ubuntu kernel: [    0.429005] GICv3: CPU4: using allocated LPI pending table @0x000000053ca70000
Dec  2 20:14:47 ubuntu systemd[1]: Starting Wait for Network to be Configured...
Dec  2 20:14:47 ubuntu kernel: [    0.429033] CPU4: Booted secondary processor 0x0000000004 [0x481fd010]
Dec  2 20:14:47 ubuntu kernel: [    0.520348] Detected VIPT I-cache on CPU5
Dec  2 20:14:47 ubuntu systemd[1]: Starting Network Name Resolution...
Dec  2 20:14:47 ubuntu kernel: [    0.520388] GICv3: CPU5: found redistributor 5 region 0:0x0000000008140000
Dec  2 20:14:47 ubuntu kernel: [    0.520630] GICv3: CPU5: using allocated LPI pending table @0x000000053ca80000
Dec  2 20:14:47 ubuntu kernel: [    0.520682] CPU5: Booted secondary processor 0x0000000005 [0x481fd010]
Dec  2 20:14:47 ubuntu kernel: [    0.611948] Detected VIPT I-cache on CPU6
Dec  2 20:14:47 ubuntu kernel: [    0.611968] GICv3: CPU6: found redistributor 6 region 0:0x0000000008160000
Dec  2 20:14:47 ubuntu kernel: [    0.612177] GICv3: CPU6: using allocated LPI pending table @0x000000053ca90000
Dec  2 20:14:47 ubuntu systemd[1]: Started Network Time Synchronization.
Dec  2 20:14:47 ubuntu kernel: [    0.612204] CPU6: Booted secondary processor 0x0000000006 [0x481fd010]
Dec  2 20:14:47 ubuntu kernel: [    0.703498] Detected VIPT I-cache on CPU7
Dec  2 20:14:47 ubuntu kernel: [    0.703522] GICv3: CPU7: found redistributor 7 region 0:0x0000000008180000
Dec  2 20:14:47 ubuntu systemd[1]: Reached target System Time Synchronized.
Dec  2 20:14:47 ubuntu kernel: [    0.703756] GICv3: CPU7: using allocated LPI pending table @0x000000053caa0000
Dec  2 20:14:47 ubuntu kernel: [    0.703781] CPU7: Booted secondary processor 0x0000000007 [0x481fd010]
Dec  2 20:14:47 ubuntu kernel: [    0.795219] Detected VIPT I-cache on CPU8
Dec  2 20:14:47 ubuntu systemd-networkd-wait-online[1091]: ignoring: lo
Dec  2 20:14:47 ubuntu kernel: [    0.795244] GICv3: CPU8: found redistributor 8 region 0:0x00000000081a0000
Dec  2 20:14:47 ubuntu apparmor[1041]: Skipping profile in /etc/apparmor.d/disable: usr.sbin.rsyslogd
Dec  2 20:14:47 ubuntu kernel: [    0.795471] GICv3: CPU8: using allocated LPI pending table @0x000000053cab0000
Dec  2 20:14:47 ubuntu kernel: [    0.795494] CPU8: Booted secondary processor 0x0000000008 [0x481fd010]
Dec  2 20:14:47 ubuntu kernel: [    0.887717] Detected VIPT I-cache on CPU9
Dec  2 20:14:47 ubuntu kernel: [    0.887744] GICv3: CPU9: found redistributor 9 region 0:0x00000000081c0000
Dec  2 20:14:47 ubuntu kernel: [    0.887983] GICv3: CPU9: using allocated LPI pending table @0x000000053cac0000
Dec  2 20:14:47 ubuntu systemd-resolved[1095]: Positive Trust Anchors:
Dec  2 20:14:47 ubuntu kernel: [    0.888009] CPU9: Booted secondary processor 0x0000000009 [0x481fd010]
Dec  2 20:14:47 ubuntu kernel: [    0.980085] Detected VIPT I-cache on CPU10
Dec  2 20:14:47 ubuntu systemd-resolved[1095]: . IN DS 19036 8 2 49aac11d7b6f6446702e54a1607371607a1a41855200fd2ce1cdde32f24e8fb5
Dec  2 20:14:47 ubuntu kernel: [    0.980116] GICv3: CPU10: found redistributor a region 0:0x00000000081e0000
Dec  2 20:14:47 ubuntu kernel: [    0.980343] GICv3: CPU10: using allocated LPI pending table @0x000000053cad0000
Dec  2 20:14:47 ubuntu systemd-resolved[1095]: . IN DS 20326 8 2 e06d44b80b8f1d39a95c0b0d7c65d08458e880409bbc683457104237c7f8ec8d
Dec  2 20:14:47 ubuntu kernel: [    0.980372] CPU10: Booted secondary processor 0x000000000a [0x481fd010]
Dec  2 20:14:47 ubuntu kernel: [    1.072341] Detected VIPT I-cache on CPU11
Dec  2 20:14:47 ubuntu kernel: [    1.072372] GICv3: CPU11: found redistributor b region 0:0x0000000008200000
Dec  2 20:14:47 ubuntu kernel: [    1.072596] GICv3: CPU11: using allocated LPI pending table @0x000000053cae0000
Dec  2 20:14:47 ubuntu systemd-resolved[1095]: Negative trust anchors: 10.in-addr.arpa 16.172.in-addr.arpa 17.172.in-addr.arpa 18.172.in-addr.arpa 19.172.in-addr.arpa 20.172.in-addr.arpa 21.172.in-addr.arpa 22.172.in-addr.arpa 23.172.in-addr.arpa 24.172.in-addr.arpa 25.172.in-addr.arpa 26.172.in-addr.arpa 27.172.in-addr.arpa 28.172.in-addr.arpa 29.172.in-addr.arpa 30.172.in-addr.arpa 31.172.in-addr.arpa 168.192.in-addr.arpa d.f.ip6.arpa corp home internal intranet lan local private test
Dec  2 20:14:47 ubuntu kernel: [    1.072622] CPU11: Booted secondary processor 0x000000000b [0x481fd010]
Dec  2 20:14:47 ubuntu kernel: [    1.164968] Detected VIPT I-cache on CPU12
Dec  2 20:14:47 ubuntu systemd-resolved[1095]: Using system hostname 'ubuntu'.
Dec  2 20:14:47 ubuntu kernel: [    1.165000] GICv3: CPU12: found redistributor c region 0:0x0000000008220000
Dec  2 20:14:47 ubuntu systemd[1]: Started Network Name Resolution.
Dec  2 20:14:47 ubuntu kernel: [    1.165221] GICv3: CPU12: using allocated LPI pending table @0x000000053caf0000
Dec  2 20:14:47 ubuntu kernel: [    1.165246] CPU12: Booted secondary processor 0x000000000c [0x481fd010]
Dec  2 20:14:47 ubuntu kernel: [    1.257866] Detected VIPT I-cache on CPU13
Dec  2 20:14:47 ubuntu kernel: [    1.257901] GICv3: CPU13: found redistributor d region 0:0x0000000008240000
Dec  2 20:14:47 ubuntu systemd[1]: Reached target Network.
Dec  2 20:14:47 ubuntu kernel: [    1.258115] GICv3: CPU13: using allocated LPI pending table @0x000000053cb00000
Dec  2 20:14:47 ubuntu systemd[1]: Reached target Host and Network Name Lookups.
Dec  2 20:14:47 ubuntu kernel: [    1.258141] CPU13: Booted secondary processor 0x000000000d [0x481fd010]
Dec  2 20:14:47 ubuntu kernel: [    1.350855] Detected VIPT I-cache on CPU14
Dec  2 20:14:47 ubuntu systemd-networkd[1065]: enp1s0: Gained carrier
Dec  2 20:14:47 ubuntu kernel: [    1.350892] GICv3: CPU14: found redistributor e region 0:0x0000000008260000
Dec  2 20:14:47 ubuntu kernel: [    1.351102] GICv3: CPU14: using allocated LPI pending table @0x000000053cb10000
Dec  2 20:14:47 ubuntu kernel: [    1.351133] CPU14: Booted secondary processor 0x000000000e [0x481fd010]
Dec  2 20:14:47 ubuntu kernel: [    1.593899] Detected VIPT I-cache on CPU15
Dec  2 20:14:47 ubuntu systemd-networkd-wait-online[1091]: ignoring: lo
Dec  2 20:14:47 ubuntu kernel: [    1.593938] GICv3: CPU15: found redistributor f region 0:0x0000000008280000
Dec  2 20:14:47 ubuntu systemd-timesyncd[1053]: Network configuration changed, trying to establish connection.
Dec  2 20:14:47 ubuntu kernel: [    1.594243] GICv3: CPU15: using allocated LPI pending table @0x000000053cb20000
Dec  2 20:14:47 ubuntu kernel: [    1.594369] CPU15: Booted secondary processor 0x000000000f [0x481fd010]
Dec  2 20:14:47 ubuntu kernel: [    1.838555] Detected VIPT I-cache on CPU16
Dec  2 20:14:47 ubuntu kernel: [    1.838595] GICv3: CPU16: found redistributor 100 region 0:0x00000000082a0000
Dec  2 20:14:47 ubuntu systemd-networkd-wait-online[1091]: ignoring: lo
Dec  2 20:14:47 ubuntu kernel: [    1.838852] GICv3: CPU16: using allocated LPI pending table @0x000000053cb30000
Dec  2 20:14:47 ubuntu kernel: [    1.838880] CPU16: Booted secondary processor 0x0000000100 [0x481fd010]
Dec  2 20:14:47 ubuntu kernel: [    1.932558] Detected VIPT I-cache on CPU17
Dec  2 20:14:47 ubuntu apparmor[1041]:    ...done.
Dec  2 20:14:47 ubuntu kernel: [    1.932646] GICv3: CPU17: found redistributor 101 region 0:0x00000000082c0000
Dec  2 20:14:47 ubuntu kernel: [    1.932944] GICv3: CPU17: using allocated LPI pending table @0x000000053cb40000
Dec  2 20:14:47 ubuntu kernel: [    1.933006] CPU17: Booted secondary processor 0x0000000101 [0x481fd010]
Dec  2 20:14:47 ubuntu systemd[1]: Started AppArmor initialization.
Dec  2 20:14:47 ubuntu kernel: [    2.180939] Detected VIPT I-cache on CPU18
Dec  2 20:14:47 ubuntu kernel: [    2.180982] GICv3: CPU18: found redistributor 102 region 0:0x00000000082e0000
Dec  2 20:14:47 ubuntu kernel: [    2.181301] GICv3: CPU18: using allocated LPI pending table @0x000000053cb50000
Dec  2 20:14:47 ubuntu kernel: [    2.181332] CPU18: Booted secondary processor 0x0000000102 [0x481fd010]
Dec  2 20:14:47 ubuntu systemd[1]: Reached target System Initialization.
Dec  2 20:14:47 ubuntu kernel: [    2.274252] Detected VIPT I-cache on CPU19
Dec  2 20:14:47 ubuntu systemd[1]: Listening on D-Bus System Message Bus Socket.
Dec  2 20:14:47 ubuntu kernel: [    2.274312] GICv3: CPU19: found redistributor 103 region 0:0x0000000008300000
Dec  2 20:14:47 ubuntu kernel: [    2.274473] GICv3: CPU19: using allocated LPI pending table @0x000000053cb60000
Dec  2 20:14:47 ubuntu systemd[1]: Started ACPI Events Check.
Dec  2 20:14:47 ubuntu kernel: [    2.274500] CPU19: Booted secondary processor 0x0000000103 [0x481fd010]
Dec  2 20:14:47 ubuntu systemd[1]: Starting LXD - unix socket.
Dec  2 20:14:47 ubuntu kernel: [    2.367605] Detected VIPT I-cache on CPU20
Dec  2 20:14:47 ubuntu kernel: [    2.367652] GICv3: CPU20: found redistributor 104 region 0:0x0000000008320000
Dec  2 20:14:47 ubuntu kernel: [    2.367879] GICv3: CPU20: using allocated LPI pending table @0x000000053cb70000
Dec  2 20:14:47 ubuntu systemd[1]: Started Daily apt download activities.
Dec  2 20:14:47 ubuntu kernel: [    2.367910] CPU20: Booted secondary processor 0x0000000104 [0x481fd010]
Dec  2 20:14:47 ubuntu kernel: [    2.461072] Detected VIPT I-cache on CPU21
Dec  2 20:14:47 ubuntu kernel: [    2.461126] GICv3: CPU21: found redistributor 105 region 0:0x0000000008340000
Dec  2 20:14:47 ubuntu systemd[1]: Reached target Paths.
Dec  2 20:14:47 ubuntu kernel: [    2.461606] GICv3: CPU21: using allocated LPI pending table @0x000000053cb80000
Dec  2 20:14:47 ubuntu kernel: [    2.461635] CPU21: Booted secondary processor 0x0000000105 [0x481fd010]
Dec  2 20:14:47 ubuntu systemd[1]: Listening on UUID daemon activation socket.
Dec  2 20:14:47 ubuntu kernel: [    2.674558] Detected VIPT I-cache on CPU22
Dec  2 20:14:47 ubuntu kernel: [    2.674628] GICv3: CPU22: found redistributor 106 region 0:0x0000000008360000
Dec  2 20:14:47 ubuntu kernel: [    2.674853] GICv3: CPU22: using allocated LPI pending table @0x000000053cb90000
Dec  2 20:14:47 ubuntu kernel: [    2.674895] CPU22: Booted secondary processor 0x0000000106 [0x481fd010]
Dec  2 20:14:47 ubuntu kernel: [    2.922168] Detected VIPT I-cache on CPU23
Dec  2 20:14:47 ubuntu systemd[1]: Started Discard unused blocks once a week.
Dec  2 20:14:47 ubuntu kernel: [    2.922218] GICv3: CPU23: found redistributor 107 region 0:0x0000000008380000
Dec  2 20:14:47 ubuntu kernel: [    2.922477] GICv3: CPU23: using allocated LPI pending table @0x000000053cba0000
Dec  2 20:14:47 ubuntu kernel: [    2.922517] CPU23: Booted secondary processor 0x0000000107 [0x481fd010]
Dec  2 20:14:47 ubuntu kernel: [    3.016433] Detected VIPT I-cache on CPU24
Dec  2 20:14:47 ubuntu kernel: [    3.016485] GICv3: CPU24: found redistributor 108 region 0:0x00000000083a0000
Dec  2 20:14:47 ubuntu systemd[1]: Started Message of the Day.
Dec  2 20:14:47 ubuntu kernel: [    3.016727] GICv3: CPU24: using allocated LPI pending table @0x000000053cbb0000
Dec  2 20:14:47 ubuntu kernel: [    3.016758] CPU24: Booted secondary processor 0x0000000108 [0x481fd010]
Dec  2 20:14:47 ubuntu systemd[1]: Started Daily apt upgrade and clean activities.
Dec  2 20:14:47 ubuntu kernel: [    3.110561] Detected VIPT I-cache on CPU25
Dec  2 20:14:47 ubuntu kernel: [    3.110621] GICv3: CPU25: found redistributor 109 region 0:0x00000000083c0000
Dec  2 20:14:47 ubuntu systemd[1]: Listening on ACPID Listen Socket.
Dec  2 20:14:47 ubuntu kernel: [    3.110805] GICv3: CPU25: using allocated LPI pending table @0x000000053cbc0000
Dec  2 20:14:47 ubuntu kernel: [    3.110833] CPU25: Booted secondary processor 0x0000000109 [0x481fd010]
Dec  2 20:14:47 ubuntu kernel: [    3.212506] Detected VIPT I-cache on CPU26
Dec  2 20:14:47 ubuntu kernel: [    3.212565] GICv3: CPU26: found redistributor 10a region 0:0x00000000083e0000
Dec  2 20:14:47 ubuntu systemd[1]: Starting Socket activation for snappy daemon.
Dec  2 20:14:47 ubuntu kernel: [    3.212778] GICv3: CPU26: using allocated LPI pending table @0x000000053cbd0000
Dec  2 20:14:47 ubuntu systemd[1]: Started Daily Cleanup of Temporary Directories.
Dec  2 20:14:47 ubuntu kernel: [    3.212807] CPU26: Booted secondary processor 0x000000010a [0x481fd010]
Dec  2 20:14:47 ubuntu kernel: [    3.306962] Detected VIPT I-cache on CPU27
Dec  2 20:14:47 ubuntu kernel: [    3.307030] GICv3: CPU27: found redistributor 10b region 0:0x0000000008400000
Dec  2 20:14:47 ubuntu kernel: [    3.307180] GICv3: CPU27: using allocated LPI pending table @0x000000053cbe0000
Dec  2 20:14:47 ubuntu kernel: [    3.307207] CPU27: Booted secondary processor 0x000000010b [0x481fd010]
Dec  2 20:14:47 ubuntu systemd[1]: Listening on Open-iSCSI iscsid Socket.
Dec  2 20:14:47 ubuntu kernel: [    3.437071] Detected VIPT I-cache on CPU28
Dec  2 20:14:47 ubuntu kernel: [    3.437131] GICv3: CPU28: found redistributor 10c region 0:0x0000000008420000
Dec  2 20:14:47 ubuntu kernel: [    3.437293] GICv3: CPU28: using allocated LPI pending table @0x000000053cbf0000
Dec  2 20:14:47 ubuntu kernel: [    3.437320] CPU28: Booted secondary processor 0x000000010c [0x481fd010]
Dec  2 20:14:47 ubuntu kernel: [    3.531638] Detected VIPT I-cache on CPU29
Dec  2 20:14:47 ubuntu systemd[1]: Reached target Timers.
Dec  2 20:14:47 ubuntu kernel: [    3.531776] GICv3: CPU29: found redistributor 10d region 0:0x0000000008440000
Dec  2 20:14:47 ubuntu kernel: [    3.532073] GICv3: CPU29: using allocated LPI pending table @0x000000051f800000
Dec  2 20:14:47 ubuntu systemd[1]: Listening on LXD - unix socket.
Dec  2 20:14:47 ubuntu systemd[1]: Listening on Socket activation for snappy daemon.
Dec  2 20:14:47 ubuntu kernel: [    3.532137] CPU29: Booted secondary processor 0x000000010d [0x481fd010]
Dec  2 20:14:47 ubuntu systemd[1]: Reached target Sockets.
Dec  2 20:14:47 ubuntu kernel: [    3.780127] Detected VIPT I-cache on CPU30
Dec  2 20:14:47 ubuntu kernel: [    3.780188] GICv3: CPU30: found redistributor 10e region 0:0x0000000008460000
Dec  2 20:14:47 ubuntu kernel: [    3.780444] GICv3: CPU30: using allocated LPI pending table @0x000000051f810000
Dec  2 20:14:47 ubuntu systemd[1]: Reached target Basic System.
Dec  2 20:14:47 ubuntu kernel: [    3.780474] CPU30: Booted secondary processor 0x000000010e [0x481fd010]
Dec  2 20:14:47 ubuntu kernel: [    3.875716] Detected VIPT I-cache on CPU31
Dec  2 20:14:47 ubuntu systemd[1]: Started D-Bus System Message Bus.
Dec  2 20:14:47 ubuntu kernel: [    3.875862] GICv3: CPU31: found redistributor 10f region 0:0x0000000008480000
Dec  2 20:14:47 ubuntu systemd[1]: Starting Accounts Service...
Dec  2 20:14:47 ubuntu kernel: [    3.876178] GICv3: CPU31: using allocated LPI pending table @0x000000051f820000
Dec  2 20:14:47 ubuntu kernel: [    3.876241] CPU31: Booted secondary processor 0x000000010f [0x481fd010]
Dec  2 20:14:47 ubuntu systemd[1]: Started irqbalance daemon.
Dec  2 20:14:47 ubuntu kernel: [    3.876430] smp: Brought up 1 node, 32 CPUs
Dec  2 20:14:47 ubuntu systemd[1]: Started Deferred execution scheduler.
Dec  2 20:14:47 ubuntu kernel: [    3.876535] SMP: Total of 32 processors activated.
Dec  2 20:14:47 ubuntu kernel: [    3.876539] CPU features: detected: Privileged Access Never
Dec  2 20:14:47 ubuntu systemd[1]: Started Regular background program processing daemon.
Dec  2 20:14:47 ubuntu kernel: [    3.876542] CPU features: detected: LSE atomic instructions
Dec  2 20:14:47 ubuntu kernel: [    3.876545] CPU features: detected: User Access Override
Dec  2 20:14:47 ubuntu kernel: [    3.876548] CPU features: detected: Common not Private translations
Dec  2 20:14:47 ubuntu kernel: [    3.876551] CPU features: detected: Data cache clean to Point of Persistence
Dec  2 20:14:47 ubuntu kernel: [    3.876554] CPU features: detected: RAS Extension Support
Dec  2 20:14:47 ubuntu systemd[1]: Starting Login Service...
Dec  2 20:14:47 ubuntu kernel: [    3.876556] CPU features: detected: CRC32 instructions
Dec  2 20:14:47 ubuntu kernel: [    4.032734] CPU: All CPU(s) started at EL1
Dec  2 20:14:47 ubuntu kernel: [    4.062265] alternatives: patching kernel code
Dec  2 20:14:47 ubuntu kernel: [    4.084471] devtmpfs: initialized
Dec  2 20:14:47 ubuntu kernel: [    4.085181] Registered cp15_barrier emulation handler
Dec  2 20:14:47 ubuntu kernel: [    4.085285] Registered setend emulation handler
Dec  2 20:14:47 ubuntu kernel: [    4.085288] KASLR disabled due to lack of seed
Dec  2 20:14:47 ubuntu /usr/sbin/irqbalance: IRQ arch_timer(2) guessed as class 0
Dec  2 20:14:47 ubuntu kernel: [    4.085691] clocksource: jiffies: mask: 0xffffffff max_cycles: 0xffffffff, max_idle_ns: 7645041785100000 ns
Dec  2 20:14:47 ubuntu kernel: [    4.085983] futex hash table entries: 8192 (order: 7, 524288 bytes, linear)
Dec  2 20:14:47 ubuntu kernel: [    4.086592] pinctrl core: initialized pinctrl subsystem
Dec  2 20:14:47 ubuntu kernel: [    4.086752] thermal_sys: Registered thermal governor 'fair_share'
Dec  2 20:14:47 ubuntu kernel: [    4.086753] thermal_sys: Registered thermal governor 'bang_bang'
Dec  2 20:14:47 ubuntu /usr/sbin/irqbalance: IRQ uart-pl011(4) guessed as class 0
Dec  2 20:14:47 ubuntu kernel: [    4.086755] thermal_sys: Registered thermal governor 'step_wise'
Dec  2 20:14:47 ubuntu kernel: [    4.086756] thermal_sys: Registered thermal governor 'user_space'
Dec  2 20:14:47 ubuntu kernel: [    4.086799] SMBIOS 3.0.0 present.
Dec  2 20:14:47 ubuntu /usr/sbin/irqbalance: IRQ arm-pmu(42) guessed as class 0
Dec  2 20:14:47 ubuntu /usr/sbin/irqbalance: IRQ ACPI:Event(43) guessed as class 0
Dec  2 20:14:47 ubuntu kernel: [    4.086803] DMI: QEMU KVM Virtual Machine, BIOS 0.0.0 02/06/2015
Dec  2 20:14:47 ubuntu kernel: [    4.087122] NET: Registered protocol family 16
Dec  2 20:14:47 ubuntu kernel: [    4.088322] DMA: preallocated 256 KiB pool for atomic allocations
Dec  2 20:14:47 ubuntu /usr/sbin/irqbalance: IRQ pciehp(44) guessed as class 0
Dec  2 20:14:47 ubuntu kernel: [    4.088326] audit: initializing netlink subsys (disabled)
Dec  2 20:14:47 ubuntu kernel: [    4.088415] audit: type=2000 audit(4.000:1): state=initialized audit_enabled=0 res=1
Dec  2 20:14:47 ubuntu kernel: [    4.088599] cpuidle: using governor ladder
Dec  2 20:14:47 ubuntu kernel: [    4.088609] cpuidle: using governor menu
Dec  2 20:14:47 ubuntu /usr/sbin/irqbalance: IRQ pciehp(45) guessed as class 0
Dec  2 20:14:47 ubuntu kernel: [    4.088648] hw-breakpoint: found 6 breakpoint and 4 watchpoint registers.
Dec  2 20:14:47 ubuntu kernel: [    4.089695] ASID allocator initialised with 65536 entries
Dec  2 20:14:47 ubuntu kernel: [    4.089767] ACPI: bus type PCI registered
Dec  2 20:14:47 ubuntu /usr/sbin/irqbalance: IRQ pciehp(46) guessed as class 0
Dec  2 20:14:47 ubuntu kernel: [    4.089770] acpiphp: ACPI Hot Plug PCI Controller Driver version: 0.5
Dec  2 20:14:47 ubuntu kernel: [    4.089839] Serial: AMBA PL011 UART driver
Dec  2 20:14:47 ubuntu /usr/sbin/irqbalance: IRQ pciehp(47) guessed as class 0
Dec  2 20:14:47 ubuntu kernel: [    4.092391] HugeTLB registered 1.00 GiB page size, pre-allocated 0 pages
Dec  2 20:14:47 ubuntu kernel: [    4.092393] HugeTLB registered 32.0 MiB page size, pre-allocated 0 pages
Dec  2 20:14:47 ubuntu kernel: [    4.092395] HugeTLB registered 2.00 MiB page size, pre-allocated 0 pages
Dec  2 20:14:47 ubuntu /usr/sbin/irqbalance: IRQ xhci_hcd(48) guessed as class 0
Dec  2 20:14:47 ubuntu kernel: [    4.092396] HugeTLB registered 64.0 KiB page size, pre-allocated 0 pages
Dec  2 20:14:47 ubuntu kernel: [    4.101050] ACPI: Added _OSI(Module Device)
Dec  2 20:14:47 ubuntu kernel: [    4.101052] ACPI: Added _OSI(Processor Device)
Dec  2 20:14:47 ubuntu kernel: [    4.101054] ACPI: Added _OSI(3.0 _SCP Extensions)
Dec  2 20:14:47 ubuntu /usr/sbin/irqbalance: IRQ xhci_hcd(49) guessed as class 0
Dec  2 20:14:47 ubuntu kernel: [    4.101055] ACPI: Added _OSI(Processor Aggregator Device)
Dec  2 20:14:47 ubuntu kernel: [    4.101057] ACPI: Added _OSI(Linux-Dell-Video)
Dec  2 20:14:47 ubuntu kernel: [    4.101058] ACPI: Added _OSI(Linux-Lenovo-NV-HDMI-Audio)
Dec  2 20:14:47 ubuntu kernel: [    4.101060] ACPI: Added _OSI(Linux-HPI-Hybrid-Graphics)
Dec  2 20:14:47 ubuntu /usr/sbin/irqbalance: IRQ xhci_hcd(50) guessed as class 0
Dec  2 20:14:47 ubuntu kernel: [    4.101705] ACPI: 1 ACPI AML tables successfully acquired and loaded
Dec  2 20:14:47 ubuntu kernel: [    4.102182] ACPI: Interpreter enabled
Dec  2 20:14:47 ubuntu kernel: [    4.102184] ACPI: Using GIC for interrupt routing
Dec  2 20:14:47 ubuntu kernel: [    4.102195] ACPI: MCFG table detected, 1 entries
Dec  2 20:14:47 ubuntu /usr/sbin/irqbalance: IRQ xhci_hcd(51) guessed as class 0
Dec  2 20:14:47 ubuntu kernel: [    4.105881] ARMH0011:00: ttyAMA0 at MMIO 0x9000000 (irq = 4, base_baud = 0) is a SBSA
Dec  2 20:14:47 ubuntu kernel: [    4.262787] printk: console [ttyAMA0] enabled
Dec  2 20:14:47 ubuntu kernel: [    4.264662] ACPI: PCI Root Bridge [PCI0] (domain 0000 [bus 00-0f])
Dec  2 20:14:47 ubuntu kernel: [    4.265273] acpi PNP0A08:00: _OSC: OS supports [ExtendedConfig ASPM ClockPM Segments MSI HPX-Type3]
Dec  2 20:14:47 ubuntu /usr/sbin/irqbalance: IRQ xhci_hcd(52) guessed as class 0
Dec  2 20:14:47 ubuntu kernel: [    4.266235] acpi PNP0A08:00: _OSC: platform does not support [SHPCHotplug LTR]
Dec  2 20:14:47 ubuntu kernel: [    4.267057] acpi PNP0A08:00: _OSC: OS now controls [PCIeHotplug PME AER PCIeCapability]
Dec  2 20:14:47 ubuntu /usr/sbin/irqbalance: IRQ xhci_hcd(53) guessed as class 0
Dec  2 20:14:47 ubuntu kernel: [    4.268071] acpi PNP0A08:00: ECAM area [mem 0x3f000000-0x3fffffff] reserved by PNP0C02:00
Dec  2 20:14:47 ubuntu kernel: [    4.268891] acpi PNP0A08:00: ECAM at [mem 0x3f000000-0x3fffffff] for [bus 00-0f]
Dec  2 20:14:47 ubuntu /usr/sbin/irqbalance: IRQ xhci_hcd(54) guessed as class 0
Dec  2 20:14:47 ubuntu kernel: [    4.269600] Remapped I/O 0x000000003eff0000 to [io  0x0000-0xffff window]
Dec  2 20:14:47 ubuntu kernel: [    4.270342] PCI host bridge to bus 0000:00
Dec  2 20:14:47 ubuntu kernel: [    4.270733] pci_bus 0000:00: root bus resource [mem 0x10000000-0x3efeffff window]
Dec  2 20:14:47 ubuntu /usr/sbin/irqbalance: IRQ xhci_hcd(55) guessed as class 0
Dec  2 20:14:47 ubuntu kernel: [    4.271524] pci_bus 0000:00: root bus resource [io  0x0000-0xffff window]
Dec  2 20:14:47 ubuntu kernel: [    4.272181] pci_bus 0000:00: root bus resource [mem 0x8000000000-0xffffffffff window]
Dec  2 20:14:47 ubuntu kernel: [    4.272935] pci_bus 0000:00: root bus resource [bus 00-0f]
Dec  2 20:14:47 ubuntu kernel: [    4.273484] pci 0000:00:00.0: [1b36:0008] type 00 class 0x060000
Dec  2 20:14:47 ubuntu /usr/sbin/irqbalance: IRQ xhci_hcd(56) guessed as class 0
Dec  2 20:14:47 ubuntu kernel: [    4.274270] pci 0000:00:01.0: [1b36:000c] type 01 class 0x060400
Dec  2 20:14:47 ubuntu kernel: [    4.276277] pci 0000:00:01.0: reg 0x10: [mem 0x10303000-0x10303fff]
Dec  2 20:14:47 ubuntu kernel: [    4.279364] pci 0000:00:01.1: [1b36:000c] type 01 class 0x060400
Dec  2 20:14:47 ubuntu kernel: [    4.281197] pci 0000:00:01.1: reg 0x10: [mem 0x10302000-0x10302fff]
Dec  2 20:14:47 ubuntu /usr/sbin/irqbalance: IRQ xhci_hcd(57) guessed as class 0
Dec  2 20:14:47 ubuntu kernel: [    4.284310] pci 0000:00:01.2: [1b36:000c] type 01 class 0x060400
Dec  2 20:14:47 ubuntu kernel: [    4.286743] pci 0000:00:01.2: reg 0x10: [mem 0x10301000-0x10301fff]
Dec  2 20:14:47 ubuntu kernel: [    4.289735] pci 0000:00:01.3: [1b36:000c] type 01 class 0x060400
Dec  2 20:14:47 ubuntu /usr/sbin/irqbalance: IRQ xhci_hcd(58) guessed as class 0
Dec  2 20:14:47 ubuntu kernel: [    4.291557] pci 0000:00:01.3: reg 0x10: [mem 0x10300000-0x10300fff]
Dec  2 20:14:47 ubuntu kernel: [    4.294960] pci 0000:01:00.0: [1af4:1041] type 00 class 0x020000
Dec  2 20:14:47 ubuntu kernel: [    4.297484] pci 0000:01:00.0: reg 0x14: [mem 0x10200000-0x10200fff]
Dec  2 20:14:47 ubuntu /usr/sbin/irqbalance: IRQ xhci_hcd(59) guessed as class 0
Dec  2 20:14:47 ubuntu kernel: [    4.299751] pci 0000:01:00.0: reg 0x20: [mem 0x8000000000-0x8000003fff 64bit pref]
Dec  2 20:14:47 ubuntu kernel: [    4.301000] pci 0000:01:00.0: reg 0x30: [mem 0xfff80000-0xffffffff pref]
Dec  2 20:14:47 ubuntu kernel: [    4.302515] pci 0000:02:00.0: [1b36:000d] type 00 class 0x0c0330
Dec  2 20:14:47 ubuntu kernel: [    4.303325] pci 0000:02:00.0: reg 0x10: [mem 0x10100000-0x10103fff 64bit]
Dec  2 20:14:47 ubuntu /usr/sbin/irqbalance: IRQ xhci_hcd(60) guessed as class 0
Dec  2 20:14:47 ubuntu kernel: [    4.304923] pci 0000:03:00.0: [1af4:1048] type 00 class 0x010000
Dec  2 20:14:47 ubuntu kernel: [    4.306789] pci 0000:03:00.0: reg 0x14: [mem 0x10000000-0x10000fff]
Dec  2 20:14:47 ubuntu kernel: [    4.309875] pci 0000:03:00.0: reg 0x20: [mem 0x8000100000-0x8000103fff 64bit pref]
Dec  2 20:14:47 ubuntu /usr/sbin/irqbalance: IRQ xhci_hcd(61) guessed as class 0
Dec  2 20:14:47 ubuntu kernel: [    4.313957] pci 0000:00:01.0: bridge window [io  0x1000-0x0fff] to [bus 01] add_size 1000
Dec  2 20:14:47 ubuntu kernel: [    4.314827] pci 0000:00:01.0: bridge window [mem 0x00100000-0x001fffff 64bit pref] to [bus 01] add_size 100000 add_align 100000
Dec  2 20:14:47 ubuntu kernel: [    4.316081] pci 0000:00:01.0: bridge window [mem 0x00100000-0x001fffff] to [bus 01] add_size 100000 add_align 100000
Dec  2 20:14:47 ubuntu kernel: [    4.317221] pci 0000:00:01.1: bridge window [io  0x1000-0x0fff] to [bus 02] add_size 1000
Dec  2 20:14:47 ubuntu /usr/sbin/irqbalance: IRQ xhci_hcd(62) guessed as class 0
Dec  2 20:14:47 ubuntu kernel: [    4.318584] pci 0000:00:01.1: bridge window [mem 0x00100000-0x000fffff 64bit pref] to [bus 02] add_size 200000 add_align 100000
Dec  2 20:14:47 ubuntu kernel: [    4.319837] pci 0000:00:01.1: bridge window [mem 0x00100000-0x001fffff] to [bus 02] add_size 100000 add_align 100000
Dec  2 20:14:47 ubuntu /usr/sbin/irqbalance: IRQ xhci_hcd(63) guessed as class 0
Dec  2 20:14:47 ubuntu kernel: [    4.320890] pci 0000:00:01.2: bridge window [io  0x1000-0x0fff] to [bus 03] add_size 1000
Dec  2 20:14:47 ubuntu kernel: [    4.321744] pci 0000:00:01.2: bridge window [mem 0x00100000-0x001fffff 64bit pref] to [bus 03] add_size 100000 add_align 100000
Dec  2 20:14:47 ubuntu kernel: [    4.322920] pci 0000:00:01.2: bridge window [mem 0x00100000-0x001fffff] to [bus 03] add_size 100000 add_align 100000
Dec  2 20:14:47 ubuntu kernel: [    4.324008] pci 0000:00:01.3: bridge window [io  0x1000-0x0fff] to [bus 04] add_size 1000
Dec  2 20:14:47 ubuntu /usr/sbin/irqbalance: IRQ virtio1-config(64) guessed as class 0
Dec  2 20:14:47 ubuntu kernel: [    4.324828] pci 0000:00:01.3: bridge window [mem 0x00100000-0x000fffff 64bit pref] to [bus 04] add_size 200000 add_align 100000
Dec  2 20:14:47 ubuntu kernel: [    4.325978] pci 0000:00:01.3: bridge window [mem 0x00100000-0x000fffff] to [bus 04] add_size 200000 add_align 100000
Dec  2 20:14:47 ubuntu kernel: [    4.327154] pci 0000:00:01.0: BAR 14: assigned [mem 0x10000000-0x101fffff]
Dec  2 20:14:47 ubuntu kernel: [    4.327838] pci 0000:00:01.0: BAR 15: assigned [mem 0x8000000000-0x80001fffff 64bit pref]
Dec  2 20:14:47 ubuntu kernel: [    4.328629] pci 0000:00:01.1: BAR 14: assigned [mem 0x10200000-0x103fffff]
Dec  2 20:14:47 ubuntu /usr/sbin/irqbalance: IRQ virtio1-control(65) guessed as class 0
Dec  2 20:14:47 ubuntu /usr/sbin/irqbalance: IRQ virtio1-event(66) guessed as class 0
Dec  2 20:14:47 ubuntu /usr/sbin/irqbalance: IRQ virtio1-request(67) guessed as class 0
Dec  2 20:14:47 ubuntu /usr/sbin/irqbalance: IRQ virtio0-config(68) guessed as class 0
Dec  2 20:14:47 ubuntu /usr/sbin/irqbalance: IRQ virtio0-input.0(69) guessed as class 0
Dec  2 20:14:47 ubuntu /usr/sbin/irqbalance: IRQ virtio0-output.0(70) guessed as class 0
Dec  2 20:14:47 ubuntu cron[1134]: (CRON) INFO (pidfile fd = 3)
Dec  2 20:14:47 ubuntu dbus-daemon[1127]: [system] Activating via systemd: service name='org.freedesktop.PolicyKit1' unit='polkit.service' requested by ':1.3' (uid=0 pid=1128 comm="/usr/lib/accountsservice/accounts-daemon ")
Dec  2 20:14:47 ubuntu systemd[1]: Starting Snappy daemon...
Dec  2 20:14:47 ubuntu cron[1134]: (CRON) INFO (Running @reboot jobs)
Dec  2 20:14:47 ubuntu systemd[1]: Starting LXD - container startup/shutdown...
Dec  2 20:14:47 ubuntu systemd[1]: Starting System Logging Service...
Dec  2 20:14:47 ubuntu systemd[1]: Started FUSE filesystem for LXC.
Dec  2 20:14:47 ubuntu kernel: [    4.329287] pci 0000:00:01.1: BAR 15: assigned [mem 0x8000200000-0x80003fffff 64bit pref]
Dec  2 20:14:47 ubuntu kernel: [    4.330081] pci 0000:00:01.2: BAR 14: assigned [mem 0x10400000-0x105fffff]
Dec  2 20:14:47 ubuntu kernel: [    4.330742] pci 0000:00:01.2: BAR 15: assigned [mem 0x8000400000-0x80005fffff 64bit pref]
Dec  2 20:14:47 ubuntu kernel: [    4.331535] pci 0000:00:01.3: BAR 14: assigned [mem 0x10600000-0x107fffff]
Dec  2 20:14:47 ubuntu systemd[1]: Starting LSB: Record successful boot for GRUB...
Dec  2 20:14:47 ubuntu kernel: [    4.332243] pci 0000:00:01.3: BAR 15: assigned [mem 0x8000600000-0x80007fffff 64bit pref]
Dec  2 20:14:47 ubuntu kernel: [    4.333023] pci 0000:00:01.0: BAR 0: assigned [mem 0x10800000-0x10800fff]
Dec  2 20:14:47 ubuntu kernel: [    4.334001] pci 0000:00:01.0: BAR 13: assigned [io  0x1000-0x1fff]
Dec  2 20:14:47 ubuntu kernel: [    4.334636] pci 0000:00:01.1: BAR 0: assigned [mem 0x10801000-0x10801fff]
Dec  2 20:14:47 ubuntu kernel: [    4.335599] pci 0000:00:01.1: BAR 13: assigned [io  0x2000-0x2fff]
Dec  2 20:14:47 ubuntu lxcfs[1142]: mount namespace: 5
Dec  2 20:14:47 ubuntu kernel: [    4.336200] pci 0000:00:01.2: BAR 0: assigned [mem 0x10802000-0x10802fff]
Dec  2 20:14:47 ubuntu kernel: [    4.337112] pci 0000:00:01.2: BAR 13: assigned [io  0x3000-0x3fff]
Dec  2 20:14:47 ubuntu kernel: [    4.337700] pci 0000:00:01.3: BAR 0: assigned [mem 0x10803000-0x10803fff]
Dec  2 20:14:47 ubuntu kernel: [    4.338631] pci 0000:00:01.3: BAR 13: assigned [io  0x4000-0x4fff]
Dec  2 20:14:47 ubuntu kernel: [    4.339341] pci 0000:01:00.0: BAR 6: assigned [mem 0x10000000-0x1007ffff pref]
Dec  2 20:14:47 ubuntu lxcfs[1142]: hierarchies:
Dec  2 20:14:47 ubuntu kernel: [    4.340036] pci 0000:01:00.0: BAR 4: assigned [mem 0x8000000000-0x8000003fff 64bit pref]
Dec  2 20:14:47 ubuntu kernel: [    4.341512] pci 0000:01:00.0: BAR 1: assigned [mem 0x10080000-0x10080fff]
Dec  2 20:14:47 ubuntu lxcfs[1142]:   0: fd:   6: cpuset
Dec  2 20:14:47 ubuntu kernel: [    4.342427] pci 0000:00:01.0: PCI bridge to [bus 01]
Dec  2 20:14:47 ubuntu kernel: [    4.342899] pci 0000:00:01.0:   bridge window [io  0x1000-0x1fff]
Dec  2 20:14:47 ubuntu kernel: [    4.344042] pci 0000:00:01.0:   bridge window [mem 0x10000000-0x101fffff]
Dec  2 20:14:47 ubuntu lxcfs[1142]:   1: fd:   7: memory
Dec  2 20:14:47 ubuntu kernel: [    4.345335] pci 0000:00:01.0:   bridge window [mem 0x8000000000-0x80001fffff 64bit pref]
Dec  2 20:14:47 ubuntu kernel: [    4.346801] pci 0000:02:00.0: BAR 0: assigned [mem 0x10200000-0x10203fff 64bit]
Dec  2 20:14:47 ubuntu kernel: [    4.347545] pci 0000:00:01.1: PCI bridge to [bus 02]
Dec  2 20:14:47 ubuntu kernel: [    4.348031] pci 0000:00:01.1:   bridge window [io  0x2000-0x2fff]
Dec  2 20:14:47 ubuntu lxcfs[1142]:   2: fd:   8: blkio
Dec  2 20:14:47 ubuntu kernel: [    4.349139] pci 0000:00:01.1:   bridge window [mem 0x10200000-0x103fffff]
Dec  2 20:14:47 ubuntu kernel: [    4.350128] pci 0000:00:01.1:   bridge window [mem 0x8000200000-0x80003fffff 64bit pref]
Dec  2 20:14:47 ubuntu kernel: [    4.351631] pci 0000:03:00.0: BAR 4: assigned [mem 0x8000400000-0x8000403fff 64bit pref]
Dec  2 20:14:47 ubuntu kernel: [    4.352969] pci 0000:03:00.0: BAR 1: assigned [mem 0x10400000-0x10400fff]
Dec  2 20:14:47 ubuntu kernel: [    4.353859] pci 0000:00:01.2: PCI bridge to [bus 03]
Dec  2 20:14:47 ubuntu kernel: [    4.354341] pci 0000:00:01.2:   bridge window [io  0x3000-0x3fff]
Dec  2 20:14:47 ubuntu kernel: [    4.355925] pci 0000:00:01.2:   bridge window [mem 0x10400000-0x105fffff]
Dec  2 20:14:47 ubuntu kernel: [    4.356940] pci 0000:00:01.2:   bridge window [mem 0x8000400000-0x80005fffff 64bit pref]
Dec  2 20:14:47 ubuntu kernel: [    4.358398] pci 0000:00:01.3: PCI bridge to [bus 04]
Dec  2 20:14:47 ubuntu kernel: [    4.358871] pci 0000:00:01.3:   bridge window [io  0x4000-0x4fff]
Dec  2 20:14:47 ubuntu kernel: [    4.360038] pci 0000:00:01.3:   bridge window [mem 0x10600000-0x107fffff]
Dec  2 20:14:47 ubuntu kernel: [    4.361131] pci 0000:00:01.3:   bridge window [mem 0x8000600000-0x80007fffff 64bit pref]
Dec  2 20:14:47 ubuntu kernel: [    4.362693] pci_bus 0000:00: resource 4 [mem 0x10000000-0x3efeffff window]
Dec  2 20:14:47 ubuntu lxcfs[1142]:   3: fd:   9: perf_event
Dec  2 20:14:47 ubuntu kernel: [    4.363380] pci_bus 0000:00: resource 5 [io  0x0000-0xffff window]
Dec  2 20:14:47 ubuntu lxcfs[1142]:   4: fd:  10: hugetlb
Dec  2 20:14:47 ubuntu kernel: [    4.364003] pci_bus 0000:00: resource 6 [mem 0x8000000000-0xffffffffff window]
Dec  2 20:14:47 ubuntu kernel: [    4.364743] pci_bus 0000:01: resource 0 [io  0x1000-0x1fff]
Dec  2 20:14:47 ubuntu lxcfs[1142]:   5: fd:  11: pids
Dec  2 20:14:47 ubuntu lxcfs[1142]:   6: fd:  12: freezer
Dec  2 20:14:47 ubuntu kernel: [    4.365647] pci_bus 0000:01: resource 1 [mem 0x10000000-0x101fffff]
Dec  2 20:14:47 ubuntu kernel: [    4.366277] pci_bus 0000:01: resource 2 [mem 0x8000000000-0x80001fffff 64bit pref]
Dec  2 20:14:47 ubuntu kernel: [    4.367055] pci_bus 0000:02: resource 0 [io  0x2000-0x2fff]
Dec  2 20:14:47 ubuntu kernel: [    4.367670] pci_bus 0000:02: resource 1 [mem 0x10200000-0x103fffff]
Dec  2 20:14:47 ubuntu lxcfs[1142]:   7: fd:  13: net_cls,net_prio
Dec  2 20:14:47 ubuntu kernel: [    4.368328] pci_bus 0000:02: resource 2 [mem 0x8000200000-0x80003fffff 64bit pref]
Dec  2 20:14:47 ubuntu kernel: [    4.369056] pci_bus 0000:03: resource 0 [io  0x3000-0x3fff]
Dec  2 20:14:47 ubuntu kernel: [    4.369593] pci_bus 0000:03: resource 1 [mem 0x10400000-0x105fffff]
Dec  2 20:14:47 ubuntu lxcfs[1142]:   8: fd:  14: devices
Dec  2 20:14:47 ubuntu kernel: [    4.370200] pci_bus 0000:03: resource 2 [mem 0x8000400000-0x80005fffff 64bit pref]
Dec  2 20:14:47 ubuntu kernel: [    4.370964] pci_bus 0000:04: resource 0 [io  0x4000-0x4fff]
Dec  2 20:14:47 ubuntu kernel: [    4.371558] pci_bus 0000:04: resource 1 [mem 0x10600000-0x107fffff]
Dec  2 20:14:47 ubuntu lxcfs[1142]:   9: fd:  15: rdma
Dec  2 20:14:47 ubuntu kernel: [    4.372182] pci_bus 0000:04: resource 2 [mem 0x8000600000-0x80007fffff 64bit pref]
Dec  2 20:14:47 ubuntu lxcfs[1142]:  10: fd:  16: cpu,cpuacct
Dec  2 20:14:47 ubuntu kernel: [    4.373035] ACPI: PCI Interrupt Link [GSI0] (IRQs *35)
Dec  2 20:14:47 ubuntu lxcfs[1142]:  11: fd:  17: name=systemd
Dec  2 20:14:47 ubuntu kernel: [    4.373558] ACPI: PCI Interrupt Link [GSI1] (IRQs *36)
Dec  2 20:14:47 ubuntu kernel: [    4.374074] ACPI: PCI Interrupt Link [GSI2] (IRQs *37)
Dec  2 20:14:47 ubuntu kernel: [    4.374597] ACPI: PCI Interrupt Link [GSI3] (IRQs *38)
Dec  2 20:14:47 ubuntu lxcfs[1142]:  12: fd:  18: unified
Dec  2 20:14:47 ubuntu kernel: [    4.376028] iommu: Default domain type: Translated 
Dec  2 20:14:47 ubuntu kernel: [    4.376614] vgaarb: loaded
Dec  2 20:14:47 ubuntu kernel: [    4.377261] SCSI subsystem initialized
Dec  2 20:14:47 ubuntu kernel: [    4.377967] libata version 3.00 loaded.
Dec  2 20:14:47 ubuntu systemd[1]: Starting Dispatcher daemon for systemd-networkd...
Dec  2 20:14:47 ubuntu kernel: [    4.377990] ACPI: bus type USB registered
Dec  2 20:14:47 ubuntu kernel: [    4.378417] usbcore: registered new interface driver usbfs
Dec  2 20:14:47 ubuntu kernel: [    4.378951] usbcore: registered new interface driver hub
Dec  2 20:14:47 ubuntu kernel: [    4.379865] usbcore: registered new device driver usb
Dec  2 20:14:47 ubuntu kernel: [    4.380421] pps_core: LinuxPPS API ver. 1 registered
Dec  2 20:14:47 ubuntu kernel: [    4.380902] pps_core: Software ver. 5.3.6 - Copyright 2005-2007 Rodolfo Giometti <giometti@linux.it>
Dec  2 20:14:47 ubuntu kernel: [    4.381828] PTP clock support registered
Dec  2 20:14:47 ubuntu kernel: [    4.382757] EDAC MC: Ver: 3.0.0
Dec  2 20:14:47 ubuntu kernel: [    4.383345] Registered efivars operations
Dec  2 20:14:47 ubuntu kernel: [    4.384938] NetLabel: Initializing
Dec  2 20:14:47 ubuntu kernel: [    4.385276] NetLabel:  domain hash size = 128
Dec  2 20:14:47 ubuntu rsyslogd: imuxsock: Acquired UNIX socket '/run/systemd/journal/syslog' (fd 3) from systemd.  [v8.32.0]
Dec  2 20:14:47 ubuntu kernel: [    4.385696] NetLabel:  protocols = UNLABELED CIPSOv4 CALIPSO
Dec  2 20:14:47 ubuntu kernel: [    4.386301] NetLabel:  unlabeled traffic allowed by default
Dec  2 20:14:47 ubuntu kernel: [    4.434308] clocksource: Switched to clocksource arch_sys_counter
Dec  2 20:14:47 ubuntu rsyslogd: rsyslogd's groupid changed to 106
Dec  2 20:14:47 ubuntu kernel: [    4.450849] VFS: Disk quotas dquot_6.6.0
Dec  2 20:14:47 ubuntu kernel: [    4.451271] VFS: Dquot-cache hash table entries: 512 (order 0, 4096 bytes)
Dec  2 20:14:47 ubuntu kernel: [    4.452084] AppArmor: AppArmor Filesystem Enabled
Dec  2 20:14:47 ubuntu rsyslogd: rsyslogd's userid changed to 102
Dec  2 20:14:47 ubuntu kernel: [    4.452578] pnp: PnP ACPI init
Dec  2 20:14:47 ubuntu kernel: [    4.453033] system 00:00: [mem 0x3f000000-0x3fffffff] could not be reserved
Dec  2 20:14:47 ubuntu kernel: [    4.453700] system 00:00: Plug and Play ACPI device, IDs PNP0c02 (active)
Dec  2 20:14:47 ubuntu kernel: [    4.453706] pnp: PnP ACPI: found 1 devices
Dec  2 20:14:47 ubuntu rsyslogd:  [origin software="rsyslogd" swVersion="8.32.0" x-pid="1141" x-info="http://www.rsyslog.com"] start
Dec  2 20:14:47 ubuntu kernel: [    4.456358] NET: Registered protocol family 2
Dec  2 20:14:47 ubuntu kernel: [    4.456991] tcp_listen_portaddr_hash hash table entries: 16384 (order: 6, 262144 bytes, linear)
Dec  2 20:14:47 ubuntu kernel: [    4.458216] TCP established hash table entries: 262144 (order: 9, 2097152 bytes, linear)
Dec  2 20:14:47 ubuntu kernel: [    4.459651] TCP bind hash table entries: 65536 (order: 8, 1048576 bytes, linear)
Dec  2 20:14:47 ubuntu kernel: [    4.460476] TCP: Hash tables configured (established 262144 bind 65536)
Dec  2 20:14:47 ubuntu kernel: [    4.461208] UDP hash table entries: 16384 (order: 7, 524288 bytes, linear)
Dec  2 20:14:47 ubuntu kernel: [    4.461929] UDP-Lite hash table entries: 16384 (order: 7, 524288 bytes, linear)
Dec  2 20:14:47 ubuntu kernel: [    4.462780] NET: Registered protocol family 1
Dec  2 20:14:47 ubuntu kernel: [    4.463199] NET: Registered protocol family 44
Dec  2 20:14:47 ubuntu kernel: [    4.463670] pci 0000:02:00.0: enabling device (0000 -> 0002)
Dec  2 20:14:47 ubuntu kernel: [    4.464574] PCI: CLS 0 bytes, default 64
Dec  2 20:14:47 ubuntu kernel: [    4.464999] Trying to unpack rootfs image as initramfs...
Dec  2 20:14:47 ubuntu kernel: [    5.355173] Freeing initrd memory: 61288K
Dec  2 20:14:47 ubuntu kernel: [    5.386841] hw perfevents: enabled with armv8_pmuv3_0 PMU driver, 13 counters available
Dec  2 20:14:47 ubuntu kernel: [    5.387769] kvm [1]: HYP mode not available
Dec  2 20:14:47 ubuntu kernel: [    5.389082] Initialise system trusted keyrings
Dec  2 20:14:47 ubuntu kernel: [    5.389593] Key type blacklist registered
Dec  2 20:14:47 ubuntu kernel: [    5.390224] workingset: timestamp_bits=40 max_order=23 bucket_order=0
Dec  2 20:14:47 ubuntu kernel: [    5.392756] zbud: loaded
Dec  2 20:14:47 ubuntu kernel: [    5.393515] squashfs: version 4.0 (2009/01/31) Phillip Lougher
Dec  2 20:14:47 ubuntu kernel: [    5.394724] fuse: init (API version 7.31)
Dec  2 20:14:47 ubuntu kernel: [    5.395417] integrity: Platform Keyring initialized
Dec  2 20:14:47 ubuntu kernel: [    5.402077] Key type asymmetric registered
Dec  2 20:14:47 ubuntu kernel: [    5.402840] Asymmetric key parser 'x509' registered
Dec  2 20:14:47 ubuntu kernel: [    5.403306] Block layer SCSI generic (bsg) driver version 0.4 loaded (major 244)
Dec  2 20:14:47 ubuntu kernel: [    5.404574] io scheduler mq-deadline registered
Dec  2 20:14:47 ubuntu kernel: [    5.407144] pl061_gpio ARMH0061:00: PL061 GPIO chip registered
Dec  2 20:14:47 ubuntu kernel: [    5.408012] PCI Interrupt Link [GSI1] enabled at IRQ 36
Dec  2 20:14:47 ubuntu kernel: [    5.409454] pcieport 0000:00:01.0: PME: Signaling with IRQ 44
Dec  2 20:14:47 ubuntu kernel: [    5.410359] pcieport 0000:00:01.0: AER: enabled with IRQ 44
Dec  2 20:14:47 ubuntu kernel: [    5.411031] pcieport 0000:00:01.0: pciehp: Slot #0 AttnBtn+ PwrCtrl+ MRL- AttnInd+ PwrInd+ HotPlug+ Surprise+ Interlock+ NoCompl- IbPresDis- LLActRep-
Dec  2 20:14:47 ubuntu kernel: [    5.413518] pcieport 0000:00:01.1: PME: Signaling with IRQ 45
Dec  2 20:14:47 ubuntu kernel: [    5.414318] pcieport 0000:00:01.1: AER: enabled with IRQ 45
Dec  2 20:14:47 ubuntu kernel: [    5.414893] pcieport 0000:00:01.1: pciehp: Slot #0 AttnBtn+ PwrCtrl+ MRL- AttnInd+ PwrInd+ HotPlug+ Surprise+ Interlock+ NoCompl- IbPresDis- LLActRep-
Dec  2 20:14:47 ubuntu kernel: [    5.417068] pcieport 0000:00:01.2: PME: Signaling with IRQ 46
Dec  2 20:14:47 ubuntu kernel: [    5.417814] pcieport 0000:00:01.2: AER: enabled with IRQ 46
Dec  2 20:14:47 ubuntu kernel: [    5.418431] pcieport 0000:00:01.2: pciehp: Slot #0 AttnBtn+ PwrCtrl+ MRL- AttnInd+ PwrInd+ HotPlug+ Surprise+ Interlock+ NoCompl- IbPresDis- LLActRep-
Dec  2 20:14:47 ubuntu kernel: [    5.420604] pcieport 0000:00:01.3: PME: Signaling with IRQ 47
Dec  2 20:14:47 ubuntu kernel: [    5.421454] pcieport 0000:00:01.3: AER: enabled with IRQ 47
Dec  2 20:14:47 ubuntu kernel: [    5.422032] pcieport 0000:00:01.3: pciehp: Slot #0 AttnBtn+ PwrCtrl+ MRL- AttnInd+ PwrInd+ HotPlug+ Surprise+ Interlock+ NoCompl- IbPresDis- LLActRep-
Dec  2 20:14:47 ubuntu kernel: [    5.423613] pcieport 0000:00:01.3: pciehp: Slot(0-3): Link Up
Dec  2 20:14:47 ubuntu kernel: [    5.423989] shpchp: Standard Hot Plug PCI Controller Driver version: 0.4
Dec  2 20:14:47 ubuntu kernel: [    5.425439] input: Power Button as /devices/LNXSYSTM:00/LNXSYBUS:00/PNP0C0C:00/input/input0
Dec  2 20:14:47 ubuntu kernel: [    5.426310] ACPI: Power Button [PWRB]
Dec  2 20:14:47 ubuntu kernel: [    5.431595] Serial: 8250/16550 driver, 32 ports, IRQ sharing enabled
Dec  2 20:14:47 ubuntu kernel: [    5.434256] msm_serial: driver initialized
Dec  2 20:14:47 ubuntu kernel: [    5.435163] cacheinfo: Unable to detect cache hierarchy for CPU 0
Dec  2 20:14:47 ubuntu kernel: [    5.444064] loop: module loaded
Dec  2 20:14:47 ubuntu kernel: [    5.445057] libphy: Fixed MDIO Bus: probed
Dec  2 20:14:47 ubuntu kernel: [    5.445568] tun: Universal TUN/TAP device driver, 1.6
Dec  2 20:14:47 ubuntu kernel: [    5.446797] PPP generic driver version 2.4.2
Dec  2 20:14:47 ubuntu kernel: [    5.448412] ehci_hcd: USB 2.0 'Enhanced' Host Controller (EHCI) Driver
Dec  2 20:14:47 ubuntu kernel: [    5.450058] ehci-pci: EHCI PCI platform driver
Dec  2 20:14:47 ubuntu kernel: [    5.451323] ehci-orion: EHCI orion driver
Dec  2 20:14:47 ubuntu kernel: [    5.452382] ohci_hcd: USB 1.1 'Open' Host Controller (OHCI) Driver
Dec  2 20:14:47 ubuntu kernel: [    5.453875] ohci-pci: OHCI PCI platform driver
Dec  2 20:14:47 ubuntu kernel: [    5.454695] uhci_hcd: USB Universal Host Controller Interface driver
Dec  2 20:14:47 ubuntu kernel: [    5.455965] xhci_hcd 0000:02:00.0: xHCI Host Controller
Dec  2 20:14:47 ubuntu kernel: [    5.456531] xhci_hcd 0000:02:00.0: new USB bus registered, assigned bus number 1
Dec  2 20:14:47 ubuntu kernel: [    5.457503] xhci_hcd 0000:02:00.0: hcc params 0x00087001 hci version 0x100 quirks 0x0000000000000010
Dec  2 20:14:47 ubuntu kernel: [    5.459465] usb usb1: New USB device found, idVendor=1d6b, idProduct=0002, bcdDevice= 5.07
Dec  2 20:14:47 ubuntu kernel: [    5.460587] usb usb1: New USB device strings: Mfr=3, Product=2, SerialNumber=1
Dec  2 20:14:47 ubuntu kernel: [    5.461336] usb usb1: Product: xHCI Host Controller
Dec  2 20:14:47 ubuntu kernel: [    5.461845] usb usb1: Manufacturer: Linux 5.7.1 xhci-hcd
Dec  2 20:14:47 ubuntu kernel: [    5.462448] usb usb1: SerialNumber: 0000:02:00.0
Dec  2 20:14:47 ubuntu kernel: [    5.463050] hub 1-0:1.0: USB hub found
Dec  2 20:14:47 ubuntu kernel: [    5.463448] hub 1-0:1.0: 8 ports detected
Dec  2 20:14:47 ubuntu kernel: [    5.464153] xhci_hcd 0000:02:00.0: xHCI Host Controller
Dec  2 20:14:47 ubuntu kernel: [    5.464654] xhci_hcd 0000:02:00.0: new USB bus registered, assigned bus number 2
Dec  2 20:14:47 ubuntu kernel: [    5.465357] xhci_hcd 0000:02:00.0: Host supports USB 3.0 SuperSpeed
Dec  2 20:14:47 ubuntu kernel: [    5.465978] usb usb2: We don't know the algorithms for LPM for this host, disabling LPM.
Dec  2 20:14:47 ubuntu kernel: [    5.466825] usb usb2: New USB device found, idVendor=1d6b, idProduct=0003, bcdDevice= 5.07
Dec  2 20:14:47 ubuntu kernel: [    5.467608] usb usb2: New USB device strings: Mfr=3, Product=2, SerialNumber=1
Dec  2 20:14:47 ubuntu kernel: [    5.468285] usb usb2: Product: xHCI Host Controller
Dec  2 20:14:47 ubuntu kernel: [    5.468736] usb usb2: Manufacturer: Linux 5.7.1 xhci-hcd
Dec  2 20:14:47 ubuntu kernel: [    5.469229] usb usb2: SerialNumber: 0000:02:00.0
Dec  2 20:14:47 ubuntu kernel: [    5.469778] hub 2-0:1.0: USB hub found
Dec  2 20:14:47 ubuntu kernel: [    5.470163] hub 2-0:1.0: 8 ports detected
Dec  2 20:14:47 ubuntu kernel: [    5.471019] mousedev: PS/2 mouse device common for all mice
Dec  2 20:14:47 ubuntu kernel: [    5.471849] rtc-efi rtc-efi.0: registered as rtc0
Dec  2 20:14:47 ubuntu kernel: [    5.472544] rtc-efi rtc-efi.0: setting system clock to 2020-12-02T12:14:43 UTC (1606911283)
Dec  2 20:14:47 ubuntu kernel: [    5.473435] i2c /dev entries driver
Dec  2 20:14:47 ubuntu kernel: [    5.473968] device-mapper: uevent: version 1.0.3
Dec  2 20:14:47 ubuntu kernel: [    5.474545] device-mapper: ioctl: 4.42.0-ioctl (2020-02-27) initialised: dm-devel@redhat.com
Dec  2 20:14:47 ubuntu kernel: [    5.476408] ledtrig-cpu: registered to indicate activity on CPUs
Dec  2 20:14:47 ubuntu kernel: [    5.477045] EFI Variables Facility v0.08 2004-May-17
Dec  2 20:14:47 ubuntu kernel: [    5.481737] NET: Registered protocol family 10
Dec  2 20:14:47 ubuntu kernel: [    5.490619] Segment Routing with IPv6
Dec  2 20:14:47 ubuntu kernel: [    5.491471] NET: Registered protocol family 17
Dec  2 20:14:47 ubuntu kernel: [    5.492331] Key type dns_resolver registered
Dec  2 20:14:47 ubuntu kernel: [    5.493175] registered taskstats version 1
Dec  2 20:14:47 ubuntu kernel: [    5.493838] Loading compiled-in X.509 certificates
Dec  2 20:14:47 ubuntu kernel: [    5.497366] Loaded X.509 cert 'Build time autogenerated kernel key: 5fc9bbbf10d23f3f9dda6c889ba5358a20950e89'
Dec  2 20:14:47 ubuntu kernel: [    5.499083] zswap: loaded using pool lzo/zbud
Dec  2 20:14:47 ubuntu kernel: [    5.500362] Key type ._fscrypt registered
Dec  2 20:14:47 ubuntu kernel: [    5.500944] Key type .fscrypt registered
Dec  2 20:14:47 ubuntu kernel: [    5.501497] Key type fscrypt-provisioning registered
Dec  2 20:14:47 ubuntu kernel: [    5.511949] cryptd: max_cpu_qlen set to 1000
Dec  2 20:14:47 ubuntu kernel: [    5.568037] Key type big_key registered
Dec  2 20:14:47 ubuntu kernel: [    5.583971] Key type encrypted registered
Dec  2 20:14:47 ubuntu kernel: [    5.584376] AppArmor: AppArmor sha1 policy hashing enabled
Dec  2 20:14:47 ubuntu kernel: [    5.585120] ima: No TPM chip found, activating TPM-bypass!
Dec  2 20:14:47 ubuntu kernel: [    5.585659] ima: Allocated hash algorithm: sha1
Dec  2 20:14:47 ubuntu kernel: [    5.586095] ima: No architecture policies found
Dec  2 20:14:47 ubuntu kernel: [    5.586865] evm: Initialising EVM extended attributes:
Dec  2 20:14:47 ubuntu kernel: [    5.587541] evm: security.selinux
Dec  2 20:14:47 ubuntu kernel: [    5.587967] evm: security.SMACK64
Dec  2 20:14:47 ubuntu kernel: [    5.588397] evm: security.SMACK64EXEC
Dec  2 20:14:47 ubuntu kernel: [    5.588866] evm: security.SMACK64TRANSMUTE
Dec  2 20:14:47 ubuntu kernel: [    5.589396] evm: security.SMACK64MMAP
Dec  2 20:14:47 ubuntu kernel: [    5.589863] evm: security.apparmor
Dec  2 20:14:47 ubuntu kernel: [    5.590317] evm: security.ima
Dec  2 20:14:47 ubuntu kernel: [    5.590705] evm: security.capability
Dec  2 20:14:47 ubuntu kernel: [    5.591163] evm: HMAC attrs: 0x1
Dec  2 20:14:47 ubuntu kernel: [    5.595283] Freeing unused kernel memory: 7040K
Dec  2 20:14:47 ubuntu kernel: [    5.679961] Checked W+X mappings: passed, no W+X pages found
Dec  2 20:14:47 ubuntu kernel: [    5.680623] Run /init as init process
Dec  2 20:14:47 ubuntu kernel: [    5.680975]   with arguments:
Dec  2 20:14:47 ubuntu kernel: [    5.680977]     /init
Dec  2 20:14:47 ubuntu kernel: [    5.680977]   with environment:
Dec  2 20:14:47 ubuntu kernel: [    5.680978]     HOME=/
Dec  2 20:14:47 ubuntu kernel: [    5.680979]     TERM=linux
Dec  2 20:14:47 ubuntu kernel: [    5.680980]     BOOT_IMAGE=/boot/vmlinuz-5.7.1
Dec  2 20:14:47 ubuntu kernel: [    5.791764] scsi host0: Virtio SCSI HBA
Dec  2 20:14:47 ubuntu kernel: [    5.794930] scsi 0:0:0:0: Direct-Access     QEMU     QEMU HARDDISK    2.5+ PQ: 0 ANSI: 5
Dec  2 20:14:47 ubuntu kernel: [    5.796423] scsi 0:0:0:1: CD-ROM            QEMU     QEMU CD-ROM      2.5+ PQ: 0 ANSI: 5
Dec  2 20:14:47 ubuntu kernel: [    5.827692] virtio_net virtio0 enp1s0: renamed from eth0
Dec  2 20:14:47 ubuntu kernel: [    5.843511] random: fast init done
Dec  2 20:14:47 ubuntu kernel: [    5.845212] sd 0:0:0:0: Attached scsi generic sg0 type 0
Dec  2 20:14:47 ubuntu kernel: [    5.845242] sd 0:0:0:0: Power-on or device reset occurred
Dec  2 20:14:47 ubuntu kernel: [    5.846463] sr 0:0:0:1: Power-on or device reset occurred
Dec  2 20:14:47 ubuntu kernel: [    5.846906] sd 0:0:0:0: [sda] 31457280 512-byte logical blocks: (16.1 GB/15.0 GiB)
Dec  2 20:14:47 ubuntu kernel: [    5.847362] sr 0:0:0:1: [sr0] scsi3-mmc drive: 16x/50x cd/rw xa/form2 cdda tray
Dec  2 20:14:47 ubuntu kernel: [    5.848034] sd 0:0:0:0: [sda] Write Protect is off
Dec  2 20:14:47 ubuntu kernel: [    5.848701] cdrom: Uniform CD-ROM driver Revision: 3.20
Dec  2 20:14:47 ubuntu kernel: [    5.849117] sd 0:0:0:0: [sda] Mode Sense: 63 00 00 08
Dec  2 20:14:47 ubuntu kernel: [    5.849694] sd 0:0:0:0: [sda] Write cache: enabled, read cache: enabled, doesn't support DPO or FUA
Dec  2 20:14:47 ubuntu kernel: [    5.880471] sr 0:0:0:1: Attached scsi CD-ROM sr0
Dec  2 20:14:47 ubuntu kernel: [    5.880790] sr 0:0:0:1: Attached scsi generic sg1 type 5
Dec  2 20:14:47 ubuntu kernel: [    5.882753]  sda: sda1 sda2
Dec  2 20:14:47 ubuntu kernel: [    5.886654] sd 0:0:0:0: [sda] Attached SCSI disk
Dec  2 20:14:47 ubuntu kernel: [    5.917898] random: lvm: uninitialized urandom read (4 bytes read)
Dec  2 20:14:47 ubuntu kernel: [    5.935964] random: lvm: uninitialized urandom read (2 bytes read)
Dec  2 20:14:47 ubuntu kernel: [    7.210278] raid6: neonx8   gen() 11748 MB/s
Dec  2 20:14:47 ubuntu kernel: [    7.278276] raid6: neonx8   xor()  8496 MB/s
Dec  2 20:14:47 ubuntu kernel: [    7.346286] raid6: neonx4   gen() 11123 MB/s
Dec  2 20:14:47 ubuntu kernel: [    7.414273] raid6: neonx4   xor()  7785 MB/s
Dec  2 20:14:47 ubuntu kernel: [    7.482273] raid6: neonx2   gen()  9028 MB/s
Dec  2 20:14:47 ubuntu kernel: [    7.550277] raid6: neonx2   xor()  6594 MB/s
Dec  2 20:14:47 ubuntu kernel: [    7.618281] raid6: neonx1   gen()  6754 MB/s
Dec  2 20:14:47 ubuntu kernel: [    7.686283] raid6: neonx1   xor()  2874 MB/s
Dec  2 20:14:47 ubuntu kernel: [    7.754280] raid6: int64x8  gen()  5815 MB/s
Dec  2 20:14:47 ubuntu kernel: [    7.822277] raid6: int64x8  xor()  3611 MB/s
Dec  2 20:14:47 ubuntu kernel: [    7.890283] raid6: int64x4  gen()  7194 MB/s
Dec  2 20:14:47 ubuntu kernel: [    7.954339] pcieport 0000:00:01.3: pciehp: Failed to check link status
Dec  2 20:14:47 ubuntu kernel: [    7.958290] raid6: int64x4  xor()  3675 MB/s
Dec  2 20:14:47 ubuntu kernel: [    8.026296] raid6: int64x2  gen()  5926 MB/s
Dec  2 20:14:47 ubuntu kernel: [    8.102296] raid6: int64x2  xor()  1673 MB/s
Dec  2 20:14:47 ubuntu kernel: [    8.170274] raid6: int64x1  gen()  4530 MB/s
Dec  2 20:14:47 ubuntu kernel: [    8.238276] raid6: int64x1  xor()  1228 MB/s
Dec  2 20:14:47 ubuntu kernel: [    8.238796] raid6: using algorithm neonx8 gen() 11748 MB/s
Dec  2 20:14:47 ubuntu kernel: [    8.239310] raid6: .... xor() 8496 MB/s, rmw enabled
Dec  2 20:14:47 ubuntu kernel: [    8.239780] raid6: using neon recovery algorithm
Dec  2 20:14:47 ubuntu kernel: [    8.242888] xor: measuring software checksum speed
Dec  2 20:14:47 ubuntu kernel: [    8.282281]    8regs     : 13014.000 MB/sec
Dec  2 20:14:47 ubuntu kernel: [    8.322276]    32regs    : 16039.000 MB/sec
Dec  2 20:14:47 ubuntu kernel: [    8.362283]    arm64_neon: 19316.000 MB/sec
Dec  2 20:14:47 ubuntu kernel: [    8.362780] xor: using function: arm64_neon (19316.000 MB/sec)
Dec  2 20:14:47 ubuntu kernel: [    8.364669] async_tx: api initialized (async)
Dec  2 20:14:47 ubuntu kernel: [    8.417148] random: lvm: uninitialized urandom read (4 bytes read)
Dec  2 20:14:47 ubuntu kernel: [    8.439545] random: lvm: uninitialized urandom read (4 bytes read)
Dec  2 20:14:47 ubuntu kernel: [    8.519938] Btrfs loaded, crc32c=crc32c-generic
Dec  2 20:14:47 ubuntu kernel: [    8.580275] EXT4-fs (dm-0): mounted filesystem with ordered data mode. Opts: (null)
Dec  2 20:14:47 ubuntu kernel: [    8.770764] systemd[1]: systemd 237 running in system mode. (+PAM +AUDIT +SELINUX +IMA +APPARMOR +SMACK +SYSVINIT +UTMP +LIBCRYPTSETUP +GCRYPT +GNUTLS +ACL +XZ +LZ4 +SECCOMP +BLKID +ELFUTILS +KMOD -IDN2 +IDN -PCRE2 default-hierarchy=hybrid)
Dec  2 20:14:47 ubuntu kernel: [    8.772868] systemd[1]: Detected virtualization kvm.
Dec  2 20:14:47 ubuntu kernel: [    8.773348] systemd[1]: Detected architecture arm64.
Dec  2 20:14:47 ubuntu kernel: [    8.805598] systemd[1]: Set hostname to <ubuntu>.
Dec  2 20:14:47 ubuntu kernel: [    8.875870] random: systemd: uninitialized urandom read (16 bytes read)
Dec  2 20:14:47 ubuntu kernel: [    8.876575] systemd[1]: Reached target User and Group Name Lookups.
Dec  2 20:14:47 ubuntu kernel: [    8.878009] systemd[1]: Set up automount Arbitrary Executable File Formats File System Automount Point.
Dec  2 20:14:47 ubuntu kernel: [    8.879954] systemd[1]: Started Forward Password Requests to Wall Directory Watch.
Dec  2 20:14:47 ubuntu kernel: [    8.882065] systemd[1]: Created slice User and Session Slice.
Dec  2 20:14:47 ubuntu kernel: [    8.883658] systemd[1]: Created slice System Slice.
Dec  2 20:14:47 ubuntu kernel: [    8.885047] systemd[1]: Created slice system-systemd\x2dfsck.slice.
Dec  2 20:14:47 ubuntu kernel: [    8.902497] Loading iSCSI transport class v2.0-870.
Dec  2 20:14:47 ubuntu kernel: [    8.904155] EXT4-fs (dm-0): re-mounted. Opts: errors=remount-ro
Dec  2 20:14:47 ubuntu kernel: [    8.911955] iscsi: registered transport (tcp)
Dec  2 20:14:47 ubuntu kernel: [    8.948391] iscsi: registered transport (iser)
Dec  2 20:14:47 ubuntu kernel: [    9.007675] systemd-journald[833]: Received request to flush runtime journal from PID 1
Dec  2 20:14:47 ubuntu kernel: [    9.153865] pstore: Using crash dump compression: deflate
Dec  2 20:14:47 ubuntu kernel: [    9.159889] pstore: Registered efi as persistent store backend
Dec  2 20:14:47 ubuntu kernel: [    9.326335] Adding 1003516k swap on /dev/mapper/ubuntu--vg-swap_1.  Priority:-2 extents:1 across:1003516k FS
Dec  2 20:14:47 ubuntu kernel: [    9.477730] audit: type=1400 audit(1606911287.500:2): apparmor="STATUS" operation="profile_load" profile="unconfined" name="/usr/bin/lxc-start" pid=1117 comm="apparmor_parser"
Dec  2 20:14:47 ubuntu kernel: [    9.541022] audit: type=1400 audit(1606911287.564:3): apparmor="STATUS" operation="profile_load" profile="unconfined" name="/usr/bin/man" pid=1118 comm="apparmor_parser"
Dec  2 20:14:47 ubuntu kernel: [    9.541981] audit: type=1400 audit(1606911287.564:4): apparmor="STATUS" operation="profile_load" profile="unconfined" name="man_filter" pid=1118 comm="apparmor_parser"
Dec  2 20:14:47 ubuntu kernel: [    9.543272] audit: type=1400 audit(1606911287.568:5): apparmor="STATUS" operation="profile_load" profile="unconfined" name="man_groff" pid=1118 comm="apparmor_parser"
Dec  2 20:14:47 ubuntu kernel: [    9.563528] audit: type=1400 audit(1606911287.588:6): apparmor="STATUS" operation="profile_load" profile="unconfined" name="/usr/sbin/tcpdump" pid=1122 comm="apparmor_parser"
Dec  2 20:14:47 ubuntu kernel: [    9.620880] audit: type=1400 audit(1606911287.644:7): apparmor="STATUS" operation="profile_load" profile="unconfined" name="/sbin/dhclient" pid=1123 comm="apparmor_parser"
Dec  2 20:14:47 ubuntu kernel: [    9.622369] audit: type=1400 audit(1606911287.648:8): apparmor="STATUS" operation="profile_load" profile="unconfined" name="/usr/lib/NetworkManager/nm-dhcp-client.action" pid=1123 comm="apparmor_parser"
Dec  2 20:14:47 ubuntu kernel: [    9.623786] audit: type=1400 audit(1606911287.648:9): apparmor="STATUS" operation="profile_load" profile="unconfined" name="/usr/lib/NetworkManager/nm-dhcp-helper" pid=1123 comm="apparmor_parser"
Dec  2 20:14:47 ubuntu kernel: [    9.625122] audit: type=1400 audit(1606911287.648:10): apparmor="STATUS" operation="profile_load" profile="unconfined" name="/usr/lib/connman/scripts/dhclient-script" pid=1123 comm="apparmor_parser"
Dec  2 20:14:47 ubuntu kernel: [    9.685176] audit: type=1400 audit(1606911287.708:11): apparmor="STATUS" operation="profile_load" profile="unconfined" name="/usr/lib/snapd/snap-confine" pid=1119 comm="apparmor_parser"
Dec  2 20:14:47 ubuntu kernel: [    9.797693] new mount options do not match the existing superblock, will be ignored
Dec  2 20:14:47 ubuntu systemd[1]: Started System Logging Service.
Dec  2 20:14:47 ubuntu systemd[1]: Started Login Service.
Dec  2 20:14:47 ubuntu systemd[1]: Started Unattended Upgrades Shutdown.
Dec  2 20:14:47 ubuntu systemd[1]: Starting Authorization Manager...
Dec  2 20:14:47 ubuntu grub-common[1143]:  * Recording successful boot for GRUB
Dec  2 20:14:47 ubuntu polkitd[1161]: started daemon version 0.105 using authority implementation `local' version `0.105'
Dec  2 20:14:47 ubuntu dbus-daemon[1127]: [system] Successfully activated service 'org.freedesktop.PolicyKit1'
Dec  2 20:14:47 ubuntu systemd[1]: Started Authorization Manager.
Dec  2 20:14:47 ubuntu grub-common[1143]:    ...done.
Dec  2 20:14:47 ubuntu accounts-daemon[1128]: started daemon version 0.6.45
Dec  2 20:14:47 ubuntu systemd[1]: Started LSB: Record successful boot for GRUB.
Dec  2 20:14:47 ubuntu systemd[1]: Started Accounts Service.
Dec  2 20:14:47 ubuntu snapd[1138]: AppArmor status: apparmor is enabled but some kernel features are missing: dbus, network
Dec  2 20:14:47 ubuntu snapd[1138]: daemon.go:346: started snapd/2.42.1+18.04 (series 16; classic; devmode) ubuntu/18.04 (arm64) linux/5.7.1.
Dec  2 20:14:47 ubuntu networkd-dispatcher[1146]: No valid path found for iwconfig
Dec  2 20:14:47 ubuntu snapd[1138]: daemon.go:439: adjusting startup timeout by 30s (pessimistic estimate of 30s plus 5s per snap)
Dec  2 20:14:47 ubuntu systemd[1]: Started Dispatcher daemon for systemd-networkd.
Dec  2 20:14:48 ubuntu systemd[1]: Started Snappy daemon.
Dec  2 20:14:48 ubuntu systemd[1]: Starting Wait until snapd is fully seeded...
Dec  2 20:14:48 ubuntu systemd[1]: Started Wait until snapd is fully seeded.
Dec  2 20:14:48 ubuntu systemd-networkd[1065]: enp1s0: Gained IPv6LL
Dec  2 20:14:48 ubuntu systemd-networkd[1065]: enp1s0: Configured
Dec  2 20:14:48 ubuntu systemd-networkd-wait-online[1091]: ignoring: lo
Dec  2 20:14:48 ubuntu systemd-networkd-wait-online[1091]: managing: enp1s0
Dec  2 20:14:48 ubuntu systemd[1]: Started Wait for Network to be Configured.
Dec  2 20:14:48 ubuntu systemd[1]: Reached target Network is Online.
Dec  2 20:14:48 ubuntu systemd[1]: Starting OpenBSD Secure Shell server...
Dec  2 20:14:48 ubuntu systemd[1]: Reached target Remote File Systems (Pre).
Dec  2 20:14:48 ubuntu systemd[1]: Reached target Remote File Systems.
Dec  2 20:14:48 ubuntu systemd[1]: Starting LSB: automatic crash report generation...
Dec  2 20:14:48 ubuntu systemd[1]: Starting Permit User Sessions...
Dec  2 20:14:48 ubuntu systemd[1]: Starting Availability of block devices...
Dec  2 20:14:48 ubuntu systemd[1]: Started Permit User Sessions.
Dec  2 20:14:48 ubuntu systemd[1]: Started Availability of block devices.
Dec  2 20:14:48 ubuntu systemd[1]: Starting Terminate Plymouth Boot Screen...
Dec  2 20:14:48 ubuntu systemd[1]: Starting Hold until boot process finishes up...
Dec  2 20:14:48 ubuntu systemd[1]: Started Hold until boot process finishes up.
Dec  2 20:14:48 ubuntu systemd[1]: Starting Set console scheme...
Dec  2 20:14:48 ubuntu apport[1228]:  * Starting automatic crash report generation: apport
Dec  2 20:14:48 ubuntu systemd[1]: Started Serial Getty on ttyAMA0.
Dec  2 20:14:48 ubuntu systemd[1]: Started Terminate Plymouth Boot Screen.
Dec  2 20:14:48 ubuntu apport[1228]:    ...done.
Dec  2 20:14:48 ubuntu systemd[1]: Started OpenBSD Secure Shell server.
Dec  2 20:14:48 ubuntu systemd[1]: Started LSB: automatic crash report generation.
Dec  2 20:14:48 ubuntu systemd[1]: Started Set console scheme.
Dec  2 20:14:48 ubuntu systemd[1]: Created slice system-getty.slice.
Dec  2 20:14:48 ubuntu systemd[1]: Started Getty on tty1.
Dec  2 20:14:48 ubuntu systemd[1]: Reached target Login Prompts.
Dec  2 20:14:49 ubuntu kernel: [   11.314296] random: crng init done
Dec  2 20:14:49 ubuntu kernel: [   11.314300] random: 5 urandom warning(s) missed due to ratelimiting
Dec  2 20:14:49 ubuntu systemd[1]: Started LXD - container startup/shutdown.
Dec  2 20:14:49 ubuntu systemd[1]: Reached target Multi-User System.
Dec  2 20:14:49 ubuntu systemd[1]: Reached target Graphical Interface.
Dec  2 20:14:49 ubuntu systemd[1]: Starting Update UTMP about System Runlevel Changes...
Dec  2 20:14:49 ubuntu systemd[1]: Started Update UTMP about System Runlevel Changes.
Dec  2 20:14:49 ubuntu systemd[1]: Startup finished in 8.619s (kernel) + 2.606s (userspace) = 11.226s.
Dec  2 20:14:49 ubuntu kernel: [   11.359067] fbcon: Taking over console
Dec  2 20:14:49 ubuntu systemd-timesyncd[1053]: Synchronized to time server 91.189.91.157:123 (ntp.ubuntu.com).
Dec  2 20:14:49 ubuntu systemd-resolved[1095]: Using degraded feature set (UDP) for DNS server 172.20.1.4.
Dec  2 20:14:55 ubuntu systemd-resolved[1095]: Using degraded feature set (UDP) for DNS server 172.20.1.6.
Dec  2 20:15:02 ubuntu snapd[1138]: daemon.go:540: gracefully waiting for running hooks
Dec  2 20:15:02 ubuntu snapd[1138]: daemon.go:542: done waiting for running hooks
Dec  2 20:15:02 ubuntu snapd[1138]: daemon stop requested to wait for socket activation
Dec  2 20:16:02 ubuntu systemd[1]: Created slice User Slice of huawei.
Dec  2 20:16:02 ubuntu systemd[1]: Starting User Manager for UID 1000...
Dec  2 20:16:02 ubuntu systemd[1]: Started Session 1 of user huawei.
Dec  2 20:16:02 ubuntu systemd[1447]: Listening on GnuPG cryptographic agent and passphrase cache (restricted).
Dec  2 20:16:02 ubuntu systemd[1447]: Listening on GnuPG network certificate management daemon.
Dec  2 20:16:02 ubuntu systemd[1447]: Listening on GnuPG cryptographic agent and passphrase cache.
Dec  2 20:16:02 ubuntu systemd[1447]: Reached target Paths.
Dec  2 20:16:02 ubuntu systemd[1447]: Listening on REST API socket for snapd user session agent.
Dec  2 20:16:02 ubuntu systemd[1447]: Listening on GnuPG cryptographic agent and passphrase cache (access for web browsers).
Dec  2 20:16:02 ubuntu systemd[1447]: Listening on GnuPG cryptographic agent (ssh-agent emulation).
Dec  2 20:16:02 ubuntu systemd[1447]: Reached target Sockets.
Dec  2 20:16:02 ubuntu systemd[1447]: Reached target Timers.
Dec  2 20:16:02 ubuntu systemd[1447]: Reached target Basic System.
Dec  2 20:16:02 ubuntu systemd[1447]: Reached target Default.
Dec  2 20:16:02 ubuntu systemd[1447]: Startup finished in 56ms.
Dec  2 20:16:02 ubuntu systemd[1]: Started User Manager for UID 1000.
Dec  2 20:16:29 ubuntu kernel: [  112.383220] Page table allocation set to fixed on node 0
Dec  2 20:16:29 ubuntu kernel: [  112.384651] [mitosis] pgd_alloc: pid = 1487
Dec  2 20:16:29 ubuntu kernel: [  112.384654] [mitosis] pgd_alloc for mm=ffff0004dcb2b800 and mm->pgd =ffff0004d98d3000.
Dec  2 20:16:29 ubuntu kernel: [  112.384656] PTREPL: set state to deactivated.
Dec  2 20:16:29 ubuntu kernel: [  112.398758] PROCFS: Command ot drain the pgtable cache
Dec  2 20:16:29 ubuntu kernel: [  112.408575] PROCFS: Command ot populate the pgtable cache
Dec  2 20:16:29 ubuntu kernel: [  112.408579] PGREPL: populating pgtable cache with 1100000 tables per node
Dec  2 20:16:29 ubuntu kernel: [  112.408581] PGREPL: populating pgtable cache node[0] with 1100000 tables
Dec  2 20:16:31 ubuntu kernel: [  113.695554] PGREPL: node[0] populated with 1100000  tables
Dec  2 20:16:31 ubuntu kernel: [  113.729070] [mitosis] kernel_set_pgtlbreplpolicy: mode = 3
Dec  2 20:16:31 ubuntu kernel: [  113.729073] [mitosis] NOTE: mode == 1
Dec  2 20:16:31 ubuntu kernel: [  113.729074] [mitosis] NOTE: pgtable replication start to check...
Dec  2 20:16:31 ubuntu kernel: [  113.729074] [mitosis] kernel_set_pgtlbreplpolicy: pid = 1532
Dec  2 20:16:31 ubuntu kernel: [  113.729075] PTREP: Called pgtbl_repl_prepare_replication version 2
Dec  2 20:16:31 ubuntu kernel: [  113.729076] [mitosis] pgtbl_repl_prepare_replication  for mm=ffff0003ba046400.
Dec  2 20:16:31 ubuntu kernel: [  113.729077] [mitosis]------PTREPL: alloc pgd start------
Dec  2 20:16:31 ubuntu kernel: [  113.729077] [mitosis] nr_node_ids=1.
Dec  2 20:16:31 ubuntu kernel: [  113.729078] [mitosis] pgd_alloc origin mm->pgd =ffff0004d2ef6000.
Dec  2 20:16:31 ubuntu kernel: [  113.729080] [mitosis] pgd_alloc mm->repl_pgd[0]=ffff0003ba777000.
Dec  2 20:16:31 ubuntu kernel: [  113.729081] ------PTREPL: alloc pgd success------
Dec  2 20:16:31 ubuntu kernel: [  113.729082] pgtbl_repl_prepare_replication:1152 pgd=ffff0004d2ef6000..ffff0004d2ef6fff
Dec  2 20:16:31 ubuntu kernel: [  113.729083] PTREP: pgd_idx = 341and pgd=ffff0004d2ef6aa8  and pgd[341]=51c620003
Dec  2 20:16:31 ubuntu kernel: [  113.729084] pgtbl_repl_prepare_replication:1160 pgd[341]'s pud=ffff0004dc620000..ffff0004dc620fff
Dec  2 20:16:31 ubuntu kernel: [  113.729085] pgtbl_repl_prepare_replication:1164 another func __va pud=ffff0004dc620000..ffff0004dc620fff
Dec  2 20:16:31 ubuntu kernel: [  113.729086] pgtbl_repl_prepare_replication:1165 1 pfn=51c620   2 pfn=51c620
Dec  2 20:16:31 ubuntu kernel: [  113.729088] [mitosis] __pgtable_repl_alloc_one origin pagep=ffff0004dc620000 and new pagep = ffff0003ba776000
Dec  2 20:16:31 ubuntu kernel: [  113.729089] ------PTREPL: set_pgd start------
Dec  2 20:16:31 ubuntu kernel: [  113.729089] ------ 1 . page_pgd->replica_node_id = -1------
Dec  2 20:16:31 ubuntu kernel: [  113.729091] PTREP: set_pgd offset=aa8 and node0 origin pgd=ffff0003ba777000  and pgd+offset=ffff0003ba777aa8  and pud=ffff0003ba776000 and pdgval=3fa776003
Dec  2 20:16:31 ubuntu kernel: [  113.729091] PTREP: set_pgd  origin pgdval=3fa776003  and another func pgdval=3fa776003
Dec  2 20:16:31 ubuntu kernel: [  113.729092] ------PTREPL: set_pgd done------
Dec  2 20:16:31 ubuntu kernel: [  113.729093] [mitosis] start search pud .......
Dec  2 20:16:31 ubuntu kernel: [  113.729094] PTREP: pud_idx = 171and pud=ffff0004dc620558  and pud[171]=51c426003
Dec  2 20:16:31 ubuntu kernel: [  113.729095] pgtbl_repl_prepare_replication:1184 pud[171]'s pmd=ffff0004dc426000..ffff0004dc426fff
Dec  2 20:16:31 ubuntu kernel: [  113.729095] pgtbl_repl_prepare_replication:1185 1 pfn=51c426   2 pfn=51c426
Dec  2 20:16:31 ubuntu kernel: [  113.729097] [mitosis] __pgtable_repl_alloc_one origin pagep=ffff0004dc426000 and new pagep = ffff0003ba775000
Dec  2 20:16:31 ubuntu kernel: [  113.729098] ------PTREPL: set_pud start------
Dec  2 20:16:31 ubuntu kernel: [  113.729098] ------ 1 . page_pud->replica_node_id = -1------
Dec  2 20:16:31 ubuntu kernel: [  113.729100] PTREP: set_pud offset=558 and node0 origin pud=ffff0003ba776000  and pud+offset=ffff0003ba776558  and pmd=ffff0003ba775000 and pudval=3fa775003
Dec  2 20:16:31 ubuntu kernel: [  113.729100] ------PTREPL: set_pud done------
Dec  2 20:16:31 ubuntu kernel: [  113.729101] PTREP: pmd_idx = 161and pmd=ffff0004dc426508  and pmd[161]=4d4699003
Dec  2 20:16:31 ubuntu kernel: [  113.729102] pgtbl_repl_prepare_replication:1204 pmd[161]'s pte=ffff000494699000..ffff000494699fff
Dec  2 20:16:31 ubuntu kernel: [  113.729104] pgtbl_repl_prepare_replication:1205 1 pfn=4d4699   2 pfn=4d4699
Dec  2 20:16:31 ubuntu kernel: [  113.729105] [mitosis] __pgtable_repl_alloc_one origin pagep=ffff000494699000 and new pagep = ffff0003ba774000
Dec  2 20:16:31 ubuntu kernel: [  113.729106] ------PTREPL: set_pmd start------
Dec  2 20:16:31 ubuntu kernel: [  113.729106] ------ 1 . page_pmd->replica_node_id = -1------
Dec  2 20:16:31 ubuntu kernel: [  113.729108] PTREP: set_pmd offset=508 and node0 origin pmd=ffff0003ba775000  and pmd+offset=ffff0003ba775508  and pte=ffff0003ba774000 and pmdval=3fa774003
Dec  2 20:16:31 ubuntu kernel: [  113.729108] ------PTREPL: set_pmd done------
Dec  2 20:16:31 ubuntu kernel: [  113.729109] ------PTREPL: set_pte start------
Dec  2 20:16:31 ubuntu kernel: [  113.729110] ------ 1 . page_pte->replica_node_id = -1------
Dec  2 20:16:31 ubuntu kernel: [  113.729111] PTREP: set_pte offset=8f0 and node0 origin pte=ffff0003ba774000  and pte+offset=ffff0003ba7748f0  and pteval=2000050ee9efd3
Dec  2 20:16:31 ubuntu kernel: [  113.729111] ------PTREPL: set_pte start------
Dec  2 20:16:31 ubuntu kernel: [  113.729112] ------ 1 . page_pte->replica_node_id = -1------
Dec  2 20:16:31 ubuntu kernel: [  113.729113] PTREP: set_pte offset=8f8 and node0 origin pte=ffff0003ba774000  and pte+offset=ffff0003ba7748f8  and pteval=2000050e4d8fd3
Dec  2 20:16:31 ubuntu kernel: [  113.729113] ------PTREPL: set_pte start------
Dec  2 20:16:31 ubuntu kernel: [  113.729114] ------ 1 . page_pte->replica_node_id = -1------
Dec  2 20:16:31 ubuntu kernel: [  113.729115] PTREP: set_pte offset=900 and node0 origin pte=ffff0003ba774000  and pte+offset=ffff0003ba774900  and pteval=2000050e415fd3
Dec  2 20:16:31 ubuntu kernel: [  113.729115] ------PTREPL: set_pte start------
Dec  2 20:16:31 ubuntu kernel: [  113.729116] ------ 1 . page_pte->replica_node_id = -1------
Dec  2 20:16:31 ubuntu kernel: [  113.729117] PTREP: set_pte offset=908 and node0 origin pte=ffff0003ba774000  and pte+offset=ffff0003ba774908  and pteval=20000509708fd3
Dec  2 20:16:31 ubuntu kernel: [  113.729117] ------PTREPL: set_pte start------
Dec  2 20:16:31 ubuntu kernel: [  113.729118] ------ 1 . page_pte->replica_node_id = -1------
Dec  2 20:16:31 ubuntu kernel: [  113.729119] PTREP: set_pte offset=910 and node0 origin pte=ffff0003ba774000  and pte+offset=ffff0003ba774910  and pteval=2000050fc6cfd3
Dec  2 20:16:31 ubuntu kernel: [  113.729119] ------PTREPL: set_pte start------
Dec  2 20:16:31 ubuntu kernel: [  113.729120] ------ 1 . page_pte->replica_node_id = -1------
Dec  2 20:16:31 ubuntu kernel: [  113.729121] PTREP: set_pte offset=918 and node0 origin pte=ffff0003ba774000  and pte+offset=ffff0003ba774918  and pteval=200004d5d4cfd3
Dec  2 20:16:31 ubuntu kernel: [  113.729121] ------PTREPL: set_pte start------
Dec  2 20:16:31 ubuntu kernel: [  113.729122] ------ 1 . page_pte->replica_node_id = -1------
Dec  2 20:16:31 ubuntu kernel: [  113.729123] PTREP: set_pte offset=9a0 and node0 origin pte=ffff0003ba774000  and pte+offset=ffff0003ba7749a0  and pteval=e00005069a7fd3
Dec  2 20:16:31 ubuntu kernel: [  113.729124] ------PTREPL: set_pte start------
Dec  2 20:16:31 ubuntu kernel: [  113.729124] ------ 1 . page_pte->replica_node_id = -1------
Dec  2 20:16:31 ubuntu kernel: [  113.729125] PTREP: set_pte offset=9a8 and node0 origin pte=ffff0003ba774000  and pte+offset=ffff0003ba7749a8  and pteval=e800050f2ccf53
Dec  2 20:16:31 ubuntu kernel: [  113.729127] PTREP: pmd_idx = 405and pmd=ffff0004dc426ca8  and pmd[405]=516684003
Dec  2 20:16:31 ubuntu kernel: [  113.729128] pgtbl_repl_prepare_replication:1204 pmd[405]'s pte=ffff0004d6684000..ffff0004d6684fff
Dec  2 20:16:31 ubuntu kernel: [  113.729128] pgtbl_repl_prepare_replication:1205 1 pfn=516684   2 pfn=516684
Dec  2 20:16:31 ubuntu kernel: [  113.729129] [mitosis] __pgtable_repl_alloc_one origin pagep=ffff0004d6684000 and new pagep = ffff0003ba773000
Dec  2 20:16:31 ubuntu kernel: [  113.729130] ------PTREPL: set_pmd start------
Dec  2 20:16:31 ubuntu kernel: [  113.729131] ------ 1 . page_pmd->replica_node_id = -1------
Dec  2 20:16:31 ubuntu kernel: [  113.729132] PTREP: set_pmd offset=ca8 and node0 origin pmd=ffff0003ba775000  and pmd+offset=ffff0003ba775ca8  and pte=ffff0003ba773000 and pmdval=3fa773003
Dec  2 20:16:31 ubuntu kernel: [  113.729132] ------PTREPL: set_pmd done------
Dec  2 20:16:31 ubuntu kernel: [  113.729133] ------PTREPL: set_pte start------
Dec  2 20:16:31 ubuntu kernel: [  113.729133] ------ 1 . page_pte->replica_node_id = -1------
Dec  2 20:16:31 ubuntu kernel: [  113.729134] PTREP: set_pte offset=280 and node0 origin pte=ffff0003ba773000  and pte+offset=ffff0003ba773280  and pteval=e800050fa31f53
Dec  2 20:16:31 ubuntu kernel: [  113.729135] ------PTREPL: set_pte start------
Dec  2 20:16:31 ubuntu kernel: [  113.729135] ------ 1 . page_pte->replica_node_id = -1------
Dec  2 20:16:31 ubuntu kernel: [  113.729136] PTREP: set_pte offset=288 and node0 origin pte=ffff0003ba773000  and pte+offset=ffff0003ba773288  and pteval=e800050e4e0f53
Dec  2 20:16:31 ubuntu kernel: [  113.729137] ------PTREPL: set_pte start------
Dec  2 20:16:31 ubuntu kernel: [  113.729137] ------ 1 . page_pte->replica_node_id = -1------
Dec  2 20:16:31 ubuntu kernel: [  113.729138] PTREP: set_pte offset=2c0 and node0 origin pte=ffff0003ba773000  and pte+offset=ffff0003ba7732c0  and pteval=e800050e1dbf53
Dec  2 20:16:31 ubuntu kernel: [  113.729139] ------PTREPL: set_pte start------
Dec  2 20:16:31 ubuntu kernel: [  113.729139] ------ 1 . page_pte->replica_node_id = -1------
Dec  2 20:16:31 ubuntu kernel: [  113.729140] PTREP: set_pte offset=2c8 and node0 origin pte=ffff0003ba773000  and pte+offset=ffff0003ba7732c8  and pteval=e800050e5dff53
Dec  2 20:16:31 ubuntu kernel: [  113.729142] ===================================== end of a page
Dec  2 20:16:31 ubuntu kernel: [  113.729143] PTREP: pgd_idx = 511and pgd=ffff0004d2ef6ff8  and pgd[511]=51d687003
Dec  2 20:16:31 ubuntu kernel: [  113.729144] pgtbl_repl_prepare_replication:1160 pgd[511]'s pud=ffff0004dd687000..ffff0004dd687fff
Dec  2 20:16:31 ubuntu kernel: [  113.729145] pgtbl_repl_prepare_replication:1164 another func __va pud=ffff0004dd687000..ffff0004dd687fff
Dec  2 20:16:31 ubuntu kernel: [  113.729145] pgtbl_repl_prepare_replication:1165 1 pfn=51d687   2 pfn=51d687
Dec  2 20:16:31 ubuntu kernel: [  113.729146] [mitosis] __pgtable_repl_alloc_one origin pagep=ffff0004dd687000 and new pagep = ffff0003ba772000
Dec  2 20:16:31 ubuntu kernel: [  113.729147] ------PTREPL: set_pgd start------
Dec  2 20:16:31 ubuntu kernel: [  113.729148] ------ 1 . page_pgd->replica_node_id = -1------
Dec  2 20:16:31 ubuntu kernel: [  113.729149] PTREP: set_pgd offset=ff8 and node0 origin pgd=ffff0003ba777000  and pgd+offset=ffff0003ba777ff8  and pud=ffff0003ba772000 and pdgval=3fa772003
Dec  2 20:16:31 ubuntu kernel: [  113.729150] PTREP: set_pgd  origin pgdval=3fa772003  and another func pgdval=3fa772003
Dec  2 20:16:31 ubuntu kernel: [  113.729150] ------PTREPL: set_pgd done------
Dec  2 20:16:31 ubuntu kernel: [  113.729151] [mitosis] start search pud .......
Dec  2 20:16:31 ubuntu kernel: [  113.729152] PTREP: pud_idx = 510and pud=ffff0004dd687ff0  and pud[510]=51f0ac003
Dec  2 20:16:31 ubuntu kernel: [  113.729153] pgtbl_repl_prepare_replication:1184 pud[510]'s pmd=ffff0004df0ac000..ffff0004df0acfff
Dec  2 20:16:31 ubuntu kernel: [  113.729154] pgtbl_repl_prepare_replication:1185 1 pfn=51f0ac   2 pfn=51f0ac
Dec  2 20:16:31 ubuntu kernel: [  113.729155] [mitosis] __pgtable_repl_alloc_one origin pagep=ffff0004df0ac000 and new pagep = ffff0003ba771000
Dec  2 20:16:31 ubuntu kernel: [  113.729155] ------PTREPL: set_pud start------
Dec  2 20:16:31 ubuntu kernel: [  113.729156] ------ 1 . page_pud->replica_node_id = -1------
Dec  2 20:16:31 ubuntu kernel: [  113.729157] PTREP: set_pud offset=ff0 and node0 origin pud=ffff0003ba772000  and pud+offset=ffff0003ba772ff0  and pmd=ffff0003ba771000 and pudval=3fa771003
Dec  2 20:16:31 ubuntu kernel: [  113.729158] ------PTREPL: set_pud done------
Dec  2 20:16:31 ubuntu kernel: [  113.729159] PTREP: pmd_idx = 107and pmd=ffff0004df0ac358  and pmd[107]=519017003
Dec  2 20:16:31 ubuntu kernel: [  113.729159] pgtbl_repl_prepare_replication:1204 pmd[107]'s pte=ffff0004d9017000..ffff0004d9017fff
Dec  2 20:16:31 ubuntu kernel: [  113.729160] pgtbl_repl_prepare_replication:1205 1 pfn=519017   2 pfn=519017
Dec  2 20:16:31 ubuntu kernel: [  113.729161] [mitosis] __pgtable_repl_alloc_one origin pagep=ffff0004d9017000 and new pagep = ffff0003ba770000
Dec  2 20:16:31 ubuntu kernel: [  113.729162] ------PTREPL: set_pmd start------
Dec  2 20:16:31 ubuntu kernel: [  113.729162] ------ 1 . page_pmd->replica_node_id = -1------
Dec  2 20:16:31 ubuntu kernel: [  113.729163] PTREP: set_pmd offset=358 and node0 origin pmd=ffff0003ba771000  and pmd+offset=ffff0003ba771358  and pte=ffff0003ba770000 and pmdval=3fa770003
Dec  2 20:16:31 ubuntu kernel: [  113.729164] ------PTREPL: set_pmd done------
Dec  2 20:16:31 ubuntu kernel: [  113.729165] ------PTREPL: set_pte start------
Dec  2 20:16:31 ubuntu kernel: [  113.729165] ------ 1 . page_pte->replica_node_id = -1------
Dec  2 20:16:31 ubuntu kernel: [  113.729166] PTREP: set_pte offset=340 and node0 origin pte=ffff0003ba770000  and pte+offset=ffff0003ba770340  and pteval=e800050df10f53
Dec  2 20:16:31 ubuntu kernel: [  113.729167] ------PTREPL: set_pte start------
Dec  2 20:16:31 ubuntu kernel: [  113.729167] ------ 1 . page_pte->replica_node_id = -1------
Dec  2 20:16:31 ubuntu kernel: [  113.729168] PTREP: set_pte offset=350 and node0 origin pte=ffff0003ba770000  and pte+offset=ffff0003ba770350  and pteval=200004d345dfd3
Dec  2 20:16:31 ubuntu kernel: [  113.729169] ------PTREPL: set_pte start------
Dec  2 20:16:31 ubuntu kernel: [  113.729169] ------ 1 . page_pte->replica_node_id = -1------
Dec  2 20:16:31 ubuntu kernel: [  113.729170] PTREP: set_pte offset=358 and node0 origin pte=ffff0003ba770000  and pte+offset=ffff0003ba770358  and pteval=2000053cd75fd3
Dec  2 20:16:31 ubuntu kernel: [  113.729171] ------PTREPL: set_pte start------
Dec  2 20:16:31 ubuntu kernel: [  113.729171] ------ 1 . page_pte->replica_node_id = -1------
Dec  2 20:16:31 ubuntu kernel: [  113.729172] PTREP: set_pte offset=360 and node0 origin pte=ffff0003ba770000  and pte+offset=ffff0003ba770360  and pteval=200004d23a2fd3
Dec  2 20:16:31 ubuntu kernel: [  113.729173] ------PTREPL: set_pte start------
Dec  2 20:16:31 ubuntu kernel: [  113.729173] ------ 1 . page_pte->replica_node_id = -1------
Dec  2 20:16:31 ubuntu kernel: [  113.729174] PTREP: set_pte offset=368 and node0 origin pte=ffff0003ba770000  and pte+offset=ffff0003ba770368  and pteval=2000051097bfd3
Dec  2 20:16:31 ubuntu kernel: [  113.729175] ------PTREPL: set_pte start------
Dec  2 20:16:31 ubuntu kernel: [  113.729175] ------ 1 . page_pte->replica_node_id = -1------
Dec  2 20:16:31 ubuntu kernel: [  113.729176] PTREP: set_pte offset=370 and node0 origin pte=ffff0003ba770000  and pte+offset=ffff0003ba770370  and pteval=200004d26cbfd3
Dec  2 20:16:31 ubuntu kernel: [  113.729177] ------PTREPL: set_pte start------
Dec  2 20:16:31 ubuntu kernel: [  113.729177] ------ 1 . page_pte->replica_node_id = -1------
Dec  2 20:16:31 ubuntu kernel: [  113.729178] PTREP: set_pte offset=378 and node0 origin pte=ffff0003ba770000  and pte+offset=ffff0003ba770378  and pteval=200004d26ccfd3
Dec  2 20:16:31 ubuntu kernel: [  113.729179] ------PTREPL: set_pte start------
Dec  2 20:16:31 ubuntu kernel: [  113.729179] ------ 1 . page_pte->replica_node_id = -1------
Dec  2 20:16:31 ubuntu kernel: [  113.729180] PTREP: set_pte offset=380 and node0 origin pte=ffff0003ba770000  and pte+offset=ffff0003ba770380  and pteval=200004d26cdfd3
Dec  2 20:16:31 ubuntu kernel: [  113.729181] ------PTREPL: set_pte start------
Dec  2 20:16:31 ubuntu kernel: [  113.729181] ------ 1 . page_pte->replica_node_id = -1------
Dec  2 20:16:31 ubuntu kernel: [  113.729182] PTREP: set_pte offset=388 and node0 origin pte=ffff0003ba770000  and pte+offset=ffff0003ba770388  and pteval=2000053c2c1fd3
Dec  2 20:16:31 ubuntu kernel: [  113.729183] ------PTREPL: set_pte start------
Dec  2 20:16:31 ubuntu kernel: [  113.729183] ------ 1 . page_pte->replica_node_id = -1------
Dec  2 20:16:31 ubuntu kernel: [  113.729184] PTREP: set_pte offset=390 and node0 origin pte=ffff0003ba770000  and pte+offset=ffff0003ba770390  and pteval=200004d248afd3
Dec  2 20:16:31 ubuntu kernel: [  113.729185] ------PTREPL: set_pte start------
Dec  2 20:16:31 ubuntu kernel: [  113.729185] ------ 1 . page_pte->replica_node_id = -1------
Dec  2 20:16:31 ubuntu kernel: [  113.729186] PTREP: set_pte offset=398 and node0 origin pte=ffff0003ba770000  and pte+offset=ffff0003ba770398  and pteval=200004d36b0fd3
Dec  2 20:16:31 ubuntu kernel: [  113.729187] ------PTREPL: set_pte start------
Dec  2 20:16:31 ubuntu kernel: [  113.729188] ------ 1 . page_pte->replica_node_id = -1------
Dec  2 20:16:31 ubuntu kernel: [  113.729188] PTREP: set_pte offset=3a0 and node0 origin pte=ffff0003ba770000  and pte+offset=ffff0003ba7703a0  and pteval=200004d236cfd3
Dec  2 20:16:31 ubuntu kernel: [  113.729189] ------PTREPL: set_pte start------
Dec  2 20:16:31 ubuntu kernel: [  113.729190] ------ 1 . page_pte->replica_node_id = -1------
Dec  2 20:16:31 ubuntu kernel: [  113.729190] PTREP: set_pte offset=3a8 and node0 origin pte=ffff0003ba770000  and pte+offset=ffff0003ba7703a8  and pteval=2000053c3adfd3
Dec  2 20:16:31 ubuntu kernel: [  113.729191] ------PTREPL: set_pte start------
Dec  2 20:16:31 ubuntu kernel: [  113.729192] ------ 1 . page_pte->replica_node_id = -1------
Dec  2 20:16:31 ubuntu kernel: [  113.729192] PTREP: set_pte offset=3b0 and node0 origin pte=ffff0003ba770000  and pte+offset=ffff0003ba7703b0  and pteval=2000053c2b7fd3
Dec  2 20:16:31 ubuntu kernel: [  113.729193] ------PTREPL: set_pte start------
Dec  2 20:16:31 ubuntu kernel: [  113.729194] ------ 1 . page_pte->replica_node_id = -1------
Dec  2 20:16:31 ubuntu kernel: [  113.729194] PTREP: set_pte offset=3b8 and node0 origin pte=ffff0003ba770000  and pte+offset=ffff0003ba7703b8  and pteval=2000053cd13fd3
Dec  2 20:16:31 ubuntu kernel: [  113.729195] ------PTREPL: set_pte start------
Dec  2 20:16:31 ubuntu kernel: [  113.729196] ------ 1 . page_pte->replica_node_id = -1------
Dec  2 20:16:31 ubuntu kernel: [  113.729196] PTREP: set_pte offset=3c0 and node0 origin pte=ffff0003ba770000  and pte+offset=ffff0003ba7703c0  and pteval=2000053ce76fd3
Dec  2 20:16:31 ubuntu kernel: [  113.729197] ------PTREPL: set_pte start------
Dec  2 20:16:31 ubuntu kernel: [  113.729198] ------ 1 . page_pte->replica_node_id = -1------
Dec  2 20:16:31 ubuntu kernel: [  113.729198] PTREP: set_pte offset=3c8 and node0 origin pte=ffff0003ba770000  and pte+offset=ffff0003ba7703c8  and pteval=200004d3550fd3
Dec  2 20:16:31 ubuntu kernel: [  113.729199] ------PTREPL: set_pte start------
Dec  2 20:16:31 ubuntu kernel: [  113.729199] ------ 1 . page_pte->replica_node_id = -1------
Dec  2 20:16:31 ubuntu kernel: [  113.729200] PTREP: set_pte offset=3d0 and node0 origin pte=ffff0003ba770000  and pte+offset=ffff0003ba7703d0  and pteval=200004d3546fd3
Dec  2 20:16:31 ubuntu kernel: [  113.729201] ------PTREPL: set_pte start------
Dec  2 20:16:31 ubuntu kernel: [  113.729201] ------ 1 . page_pte->replica_node_id = -1------
Dec  2 20:16:31 ubuntu kernel: [  113.729202] PTREP: set_pte offset=3d8 and node0 origin pte=ffff0003ba770000  and pte+offset=ffff0003ba7703d8  and pteval=200004d624ffd3
Dec  2 20:16:31 ubuntu kernel: [  113.729203] ------PTREPL: set_pte start------
Dec  2 20:16:31 ubuntu kernel: [  113.729203] ------ 1 . page_pte->replica_node_id = -1------
