Oct 28 22:08:24 ubuntu systemd-modules-load[823]: Inserted module 'iscsi_tcp'
Oct 28 22:08:24 ubuntu kernel: [    0.000000] Booting Linux on physical CPU 0x0000000000 [0x481fd010]
Oct 28 22:08:24 ubuntu kernel: [    0.000000] Linux version 5.7.1 (root@ubuntu) (gcc version 7.5.0 (Ubuntu/Linaro 7.5.0-3ubuntu1~18.04), GNU ld (GNU Binutils for Ubuntu) 2.30) #1 SMP Wed Oct 28 21:07:57 CST 2020
Oct 28 22:08:24 ubuntu kernel: [    0.000000] efi: EFI v2.70 by EDK II
Oct 28 22:08:24 ubuntu systemd-modules-load[823]: Inserted module 'ib_iser'
Oct 28 22:08:24 ubuntu kernel: [    0.000000] efi:  SMBIOS 3.0=0x53f710000  ACPI 2.0=0x53c020000  MEMATTR=0x53cc7ca98  MEMRESERVE=0x53becd018 
Oct 28 22:08:24 ubuntu systemd[1]: Mounted Kernel Debug File System.
Oct 28 22:08:24 ubuntu kernel: [    0.000000] cma: Reserved 32 MiB at 0x00000000fe000000
Oct 28 22:08:24 ubuntu kernel: [    0.000000] ACPI: Early table checksum verification disabled
Oct 28 22:08:24 ubuntu kernel: [    0.000000] ACPI: RSDP 0x000000053C020000 000024 (v02 BOCHS )
Oct 28 22:08:24 ubuntu kernel: [    0.000000] ACPI: XSDT 0x000000053BED0000 000054 (v01 BOCHS  BXPCFACP 00000001      01000013)
Oct 28 22:08:24 ubuntu kernel: [    0.000000] ACPI: FACP 0x000000053BE90000 00010C (v05 BOCHS  BXPCFACP 00000001 BXPC 00000001)
Oct 28 22:08:24 ubuntu systemd[1]: Started LVM2 metadata daemon.
Oct 28 22:08:24 ubuntu kernel: [    0.000000] ACPI: DSDT 0x000000053BEA0000 001523 (v02 BOCHS  BXPCDSDT 00000001 BXPC 00000001)
Oct 28 22:08:24 ubuntu kernel: [    0.000000] ACPI: APIC 0x000000053BE80000 0009E8 (v03 BOCHS  BXPCAPIC 00000001 BXPC 00000001)
Oct 28 22:08:24 ubuntu kernel: [    0.000000] ACPI: GTDT 0x000000053BE70000 000060 (v02 BOCHS  BXPCGTDT 00000001 BXPC 00000001)
Oct 28 22:08:24 ubuntu kernel: [    0.000000] ACPI: MCFG 0x000000053BE60000 00003C (v01 BOCHS  BXPCMCFG 00000001 BXPC 00000001)
Oct 28 22:08:24 ubuntu kernel: [    0.000000] ACPI: SPCR 0x000000053BE50000 000050 (v02 BOCHS  BXPCSPCR 00000001 BXPC 00000001)
Oct 28 22:08:24 ubuntu systemd[1]: Starting Load/Save Random Seed...
Oct 28 22:08:24 ubuntu kernel: [    0.000000] ACPI: IORT 0x000000053BE40000 00007C (v00 BOCHS  BXPCIORT 00000001 BXPC 00000001)
Oct 28 22:08:24 ubuntu kernel: [    0.000000] ACPI: SPCR: console: pl011,mmio,0x9000000,9600
Oct 28 22:08:24 ubuntu kernel: [    0.000000] ACPI: NUMA: Failed to initialise from firmware
Oct 28 22:08:24 ubuntu kernel: [    0.000000] NUMA: Faking a node at [mem 0x0000000040000000-0x000000053fffffff]
Oct 28 22:08:24 ubuntu systemd[1]: Starting Flush Journal to Persistent Storage...
Oct 28 22:08:24 ubuntu kernel: [    0.000000] NUMA: NODE_DATA [mem 0x53d409300-0x53d40cfff]
Oct 28 22:08:24 ubuntu kernel: [    0.000000] Zone ranges:
Oct 28 22:08:24 ubuntu kernel: [    0.000000]   DMA      [mem 0x0000000040000000-0x000000007fffffff]
Oct 28 22:08:24 ubuntu systemd[1]: Starting Create Static Device Nodes in /dev...
Oct 28 22:08:24 ubuntu kernel: [    0.000000]   DMA32    [mem 0x0000000080000000-0x00000000ffffffff]
Oct 28 22:08:24 ubuntu kernel: [    0.000000]   Normal   [mem 0x0000000100000000-0x000000053fffffff]
Oct 28 22:08:24 ubuntu kernel: [    0.000000] Movable zone start for each node
Oct 28 22:08:24 ubuntu lvm[846]:   2 logical volume(s) in volume group "ubuntu-vg" monitored
Oct 28 22:08:24 ubuntu kernel: [    0.000000] Early memory node ranges
Oct 28 22:08:24 ubuntu kernel: [    0.000000]   node   0: [mem 0x0000000040000000-0x000000053bedffff]
Oct 28 22:08:24 ubuntu kernel: [    0.000000]   node   0: [mem 0x000000053bee0000-0x000000053bffffff]
Oct 28 22:08:24 ubuntu kernel: [    0.000000]   node   0: [mem 0x000000053c000000-0x000000053c02ffff]
Oct 28 22:08:24 ubuntu systemd[1]: Mounting Kernel Configuration File System...
Oct 28 22:08:24 ubuntu kernel: [    0.000000]   node   0: [mem 0x000000053c030000-0x000000053c0affff]
Oct 28 22:08:24 ubuntu kernel: [    0.000000]   node   0: [mem 0x000000053c0b0000-0x000000053f57ffff]
Oct 28 22:08:24 ubuntu systemd[1]: Mounting FUSE Control File System...
Oct 28 22:08:24 ubuntu kernel: [    0.000000]   node   0: [mem 0x000000053f580000-0x000000053f95ffff]
Oct 28 22:08:24 ubuntu systemd[1]: Starting Apply Kernel Variables...
Oct 28 22:08:24 ubuntu kernel: [    0.000000]   node   0: [mem 0x000000053f960000-0x000000053fffffff]
Oct 28 22:08:24 ubuntu kernel: [    0.000000] Zeroed struct page in unavailable ranges: 544 pages
Oct 28 22:08:24 ubuntu kernel: [    0.000000] Initmem setup node 0 [mem 0x0000000040000000-0x000000053fffffff]
Oct 28 22:08:24 ubuntu kernel: [    0.000000] On node 0 totalpages: 5242880
Oct 28 22:08:24 ubuntu kernel: [    0.000000]   DMA zone: 5120 pages used for memmap
Oct 28 22:08:24 ubuntu kernel: [    0.000000]   DMA zone: 0 pages reserved
Oct 28 22:08:24 ubuntu systemd[1]: Started Monitoring of LVM2 mirrors, snapshots etc. using dmeventd or progress polling.
Oct 28 22:08:24 ubuntu kernel: [    0.000000]   DMA zone: 262144 pages, LIFO batch:63
Oct 28 22:08:24 ubuntu kernel: [    0.000000]   DMA32 zone: 10240 pages used for memmap
Oct 28 22:08:24 ubuntu kernel: [    0.000000]   DMA32 zone: 524288 pages, LIFO batch:63
Oct 28 22:08:24 ubuntu kernel: [    0.000000]   Normal zone: 87040 pages used for memmap
Oct 28 22:08:24 ubuntu kernel: [    0.000000]   Normal zone: 4456448 pages, LIFO batch:63
Oct 28 22:08:24 ubuntu kernel: [    0.000000] psci: probing for conduit method from ACPI.
Oct 28 22:08:24 ubuntu systemd[1]: Started Load/Save Random Seed.
Oct 28 22:08:24 ubuntu kernel: [    0.000000] psci: PSCIv1.0 detected in firmware.
Oct 28 22:08:24 ubuntu systemd[1]: Started Create Static Device Nodes in /dev.
Oct 28 22:08:24 ubuntu kernel: [    0.000000] psci: Using standard PSCI v0.2 function IDs
Oct 28 22:08:24 ubuntu kernel: [    0.000000] psci: Trusted OS migration not required
Oct 28 22:08:24 ubuntu systemd[1]: Mounted Kernel Configuration File System.
Oct 28 22:08:24 ubuntu kernel: [    0.000000] psci: SMC Calling Convention v1.1
Oct 28 22:08:24 ubuntu kernel: [    0.000000] ACPI: SRAT not present
Oct 28 22:08:24 ubuntu kernel: [    0.000000] percpu: Embedded 33 pages/cpu s94616 r8192 d32360 u135168
Oct 28 22:08:24 ubuntu kernel: [    0.000000] pcpu-alloc: s94616 r8192 d32360 u135168 alloc=33*4096
Oct 28 22:08:24 ubuntu systemd[1]: Mounted FUSE Control File System.
Oct 28 22:08:24 ubuntu kernel: [    0.000000] pcpu-alloc: [0] 00 [0] 01 [0] 02 [0] 03 [0] 04 [0] 05 [0] 06 [0] 07 
Oct 28 22:08:24 ubuntu kernel: [    0.000000] pcpu-alloc: [0] 08 [0] 09 [0] 10 [0] 11 [0] 12 [0] 13 [0] 14 [0] 15 
Oct 28 22:08:24 ubuntu systemd[1]: Starting udev Kernel Device Manager...
Oct 28 22:08:24 ubuntu kernel: [    0.000000] pcpu-alloc: [0] 16 [0] 17 [0] 18 [0] 19 [0] 20 [0] 21 [0] 22 [0] 23 
Oct 28 22:08:24 ubuntu kernel: [    0.000000] pcpu-alloc: [0] 24 [0] 25 [0] 26 [0] 27 [0] 28 [0] 29 [0] 30 [0] 31 
Oct 28 22:08:24 ubuntu kernel: [    0.000000] Detected VIPT I-cache on CPU0
Oct 28 22:08:24 ubuntu kernel: [    0.000000] CPU features: detected: GIC system register CPU interface
Oct 28 22:08:24 ubuntu kernel: [    0.000000] CPU features: detected: Hardware dirty bit management
Oct 28 22:08:24 ubuntu kernel: [    0.000000] Built 1 zonelists, mobility grouping on.  Total pages: 5140480
Oct 28 22:08:24 ubuntu kernel: [    0.000000] Policy zone: Normal
Oct 28 22:08:24 ubuntu kernel: [    0.000000] Kernel command line: BOOT_IMAGE=/boot/vmlinuz-5.7.1 root=/dev/mapper/ubuntu--vg-root ro
Oct 28 22:08:24 ubuntu systemd[1]: Reached target Local File Systems (Pre).
Oct 28 22:08:24 ubuntu kernel: [    0.000000] Dentry cache hash table entries: 4194304 (order: 13, 33554432 bytes, linear)
Oct 28 22:08:24 ubuntu kernel: [    0.000000] Inode-cache hash table entries: 2097152 (order: 12, 16777216 bytes, linear)
Oct 28 22:08:24 ubuntu kernel: [    0.000000] mem auto-init: stack:off, heap alloc:on, heap free:off
Oct 28 22:08:24 ubuntu systemd[1]: Started Apply Kernel Variables.
Oct 28 22:08:24 ubuntu kernel: [    0.000000] software IO TLB: mapped [mem 0x7bfff000-0x7ffff000] (64MB)
Oct 28 22:08:24 ubuntu kernel: [    0.000000] Memory: 20269608K/20971520K available (14204K kernel code, 2354K rwdata, 6868K rodata, 7040K init, 1132K bss, 669144K reserved, 32768K cma-reserved)
Oct 28 22:08:24 ubuntu kernel: [    0.000000] random: get_random_u64 called from __kmem_cache_create+0x54/0x5d8 with crng_init=0
Oct 28 22:08:24 ubuntu kernel: [    0.000000] SLUB: HWalign=64, Order=0-3, MinObjects=0, CPUs=32, Nodes=1
Oct 28 22:08:24 ubuntu kernel: [    0.000000] ftrace: allocating 46106 entries in 181 pages
Oct 28 22:08:24 ubuntu systemd[1]: Started udev Kernel Device Manager.
Oct 28 22:08:24 ubuntu kernel: [    0.000000] ftrace: allocated 181 pages with 5 groups
Oct 28 22:08:24 ubuntu kernel: [    0.000000] rcu: Hierarchical RCU implementation.
Oct 28 22:08:24 ubuntu kernel: [    0.000000] rcu: 	RCU restricting CPUs from NR_CPUS=256 to nr_cpu_ids=32.
Oct 28 22:08:24 ubuntu systemd[1]: Started Flush Journal to Persistent Storage.
Oct 28 22:08:24 ubuntu kernel: [    0.000000] 	Tasks RCU enabled.
Oct 28 22:08:24 ubuntu kernel: [    0.000000] rcu: RCU calculated value of scheduler-enlistment delay is 25 jiffies.
Oct 28 22:08:24 ubuntu kernel: [    0.000000] rcu: Adjusting geometry for rcu_fanout_leaf=16, nr_cpu_ids=32
Oct 28 22:08:24 ubuntu kernel: [    0.000000] NR_IRQS: 64, nr_irqs: 64, preallocated irqs: 0
Oct 28 22:08:24 ubuntu kernel: [    0.000000] GICv3: 256 SPIs implemented
Oct 28 22:08:24 ubuntu systemd[1]: Started udev Coldplug all Devices.
Oct 28 22:08:24 ubuntu kernel: [    0.000000] GICv3: 0 Extended SPIs implemented
Oct 28 22:08:24 ubuntu kernel: [    0.000000] GICv3: Distributor has no Range Selector support
Oct 28 22:08:24 ubuntu kernel: [    0.000000] GICv3: 16 PPIs implemented
Oct 28 22:08:24 ubuntu kernel: [    0.000000] GICv3: CPU0: found redistributor 0 region 0:0x00000000080a0000
Oct 28 22:08:24 ubuntu kernel: [    0.000000] ACPI: SRAT not present
Oct 28 22:08:24 ubuntu kernel: [    0.000000] ITS [mem 0x08080000-0x0809ffff]
Oct 28 22:08:24 ubuntu systemd[1]: Started Dispatch Password Requests to Console Directory Watch.
Oct 28 22:08:24 ubuntu kernel: [    0.000000] ITS@0x0000000008080000: allocated 8192 Devices @53ca00000 (indirect, esz 8, psz 64K, shr 1)
Oct 28 22:08:24 ubuntu systemd[1]: Reached target Local Encrypted Volumes.
Oct 28 22:08:24 ubuntu kernel: [    0.000000] ITS@0x0000000008080000: allocated 8192 Interrupt Collections @53ca10000 (flat, esz 8, psz 64K, shr 1)
Oct 28 22:08:24 ubuntu kernel: [    0.000000] GICv3: using LPI property table @0x000000053ca20000
Oct 28 22:08:24 ubuntu kernel: [    0.000000] GICv3: CPU0: using allocated LPI pending table @0x000000053ca30000
Oct 28 22:08:24 ubuntu systemd[1]: Found device /dev/ttyAMA0.
Oct 28 22:08:24 ubuntu kernel: [    0.000000] arch_timer: cp15 timer(s) running at 100.00MHz (virt).
Oct 28 22:08:24 ubuntu kernel: [    0.000000] clocksource: arch_sys_counter: mask: 0xffffffffffffff max_cycles: 0x171024e7e0, max_idle_ns: 440795205315 ns
Oct 28 22:08:24 ubuntu systemd-udevd[938]: link_config: autonegotiation is unset or enabled, the speed and duplex are not writable.
Oct 28 22:08:24 ubuntu kernel: [    0.000002] sched_clock: 56 bits at 100MHz, resolution 10ns, wraps every 4398046511100ns
Oct 28 22:08:24 ubuntu systemd[1]: Listening on Load/Save RF Kill Switch Status /dev/rfkill Watch.
Oct 28 22:08:24 ubuntu kernel: [    0.000225] Console: colour dummy device 80x25
Oct 28 22:08:24 ubuntu kernel: [    0.000304] ACPI: Core revision 20200326
Oct 28 22:08:24 ubuntu kernel: [    0.000423] Calibrating delay loop (skipped), value calculated using timer frequency.. 200.00 BogoMIPS (lpj=400000)
Oct 28 22:08:24 ubuntu kernel: [    0.000426] pid_max: default: 32768 minimum: 301
Oct 28 22:08:24 ubuntu kernel: [    0.000497] LSM: Security Framework initializing
Oct 28 22:08:24 ubuntu kernel: [    0.000525] Yama: becoming mindful.
Oct 28 22:08:24 ubuntu systemd-udevd[942]: link_config: autonegotiation is unset or enabled, the speed and duplex are not writable.
Oct 28 22:08:24 ubuntu kernel: [    0.000681] AppArmor: AppArmor initialized
Oct 28 22:08:24 ubuntu kernel: [    0.001032] Mount-cache hash table entries: 65536 (order: 7, 524288 bytes, linear)
Oct 28 22:08:24 ubuntu systemd[1]: Found device /dev/mapper/ubuntu--vg-swap_1.
Oct 28 22:08:24 ubuntu kernel: [    0.001309] Mountpoint-cache hash table entries: 65536 (order: 7, 524288 bytes, linear)
Oct 28 22:08:24 ubuntu kernel: [    0.002920] ACPI PPTT: No PPTT table found, CPU and cache topology may be inaccurate
Oct 28 22:08:24 ubuntu kernel: [    0.003273] rcu: Hierarchical SRCU implementation.
Oct 28 22:08:24 ubuntu kernel: [    0.003881] Platform MSI: ITS@0x8080000 domain created
Oct 28 22:08:24 ubuntu systemd[1]: Activating swap /dev/mapper/ubuntu--vg-swap_1...
Oct 28 22:08:24 ubuntu kernel: [    0.003896] PCI/MSI: ITS@0x8080000 domain created
Oct 28 22:08:24 ubuntu kernel: [    0.003942] Remapping and enabling EFI services.
Oct 28 22:08:24 ubuntu systemd[1]: Activated swap /dev/mapper/ubuntu--vg-swap_1.
Oct 28 22:08:24 ubuntu kernel: [    0.003956] [mitosis-origin] pgd_alloc for mm=ffff800011dcda40 and mm->pgd =ffff0004df9ba000.
Oct 28 22:08:24 ubuntu kernel: [    0.005166] smp: Bringing up secondary CPUs ...
Oct 28 22:08:24 ubuntu kernel: [    0.118204] Detected VIPT I-cache on CPU1
Oct 28 22:08:24 ubuntu kernel: [    0.118221] GICv3: CPU1: found redistributor 1 region 0:0x00000000080c0000
Oct 28 22:08:24 ubuntu kernel: [    0.118421] GICv3: CPU1: using allocated LPI pending table @0x000000053ca40000
Oct 28 22:08:24 ubuntu systemd[1]: Found device QEMU_HARDDISK 1.
Oct 28 22:08:24 ubuntu kernel: [    0.118449] CPU1: Booted secondary processor 0x0000000001 [0x481fd010]
Oct 28 22:08:24 ubuntu systemd[1]: Created slice system-lvm2\x2dpvscan.slice.
Oct 28 22:08:24 ubuntu systemd[1]: Starting LVM2 PV scan on device 8:2...
Oct 28 22:08:24 ubuntu systemd[1]: Starting File System Check on /dev/disk/by-uuid/5EA9-3D4C...
Oct 28 22:08:24 ubuntu systemd[1]: Reached target Swap.
Oct 28 22:08:24 ubuntu systemd[1]: Started File System Check Daemon to report status.
Oct 28 22:08:24 ubuntu systemd-fsck[1031]: fsck.fat 4.1 (2017-01-24)
Oct 28 22:08:24 ubuntu systemd-fsck[1031]: /dev/sda1: 5 files, 41/65501 clusters
Oct 28 22:08:24 ubuntu lvm[1030]:   2 logical volume(s) in volume group "ubuntu-vg" now active
Oct 28 22:08:24 ubuntu systemd[1]: Started File System Check on /dev/disk/by-uuid/5EA9-3D4C.
Oct 28 22:08:24 ubuntu kernel: [    0.222141] Detected VIPT I-cache on CPU2
Oct 28 22:08:24 ubuntu kernel: [    0.222186] GICv3: CPU2: found redistributor 2 region 0:0x00000000080e0000
Oct 28 22:08:24 ubuntu systemd[1]: Started LVM2 PV scan on device 8:2.
Oct 28 22:08:24 ubuntu kernel: [    0.222590] GICv3: CPU2: using allocated LPI pending table @0x000000053ca50000
Oct 28 22:08:24 ubuntu kernel: [    0.222655] CPU2: Booted secondary processor 0x0000000002 [0x481fd010]
Oct 28 22:08:24 ubuntu kernel: [    0.499672] Detected VIPT I-cache on CPU3
Oct 28 22:08:24 ubuntu systemd[1]: Mounting /boot/efi...
Oct 28 22:08:24 ubuntu kernel: [    0.499715] GICv3: CPU3: found redistributor 3 region 0:0x0000000008100000
Oct 28 22:08:24 ubuntu kernel: [    0.500038] GICv3: CPU3: using allocated LPI pending table @0x000000053ca60000
Oct 28 22:08:24 ubuntu systemd[1]: Mounted /boot/efi.
Oct 28 22:08:24 ubuntu kernel: [    0.500099] CPU3: Booted secondary processor 0x0000000003 [0x481fd010]
Oct 28 22:08:24 ubuntu kernel: [    0.607750] Detected VIPT I-cache on CPU4
Oct 28 22:08:24 ubuntu kernel: [    0.607820] GICv3: CPU4: found redistributor 4 region 0:0x0000000008120000
Oct 28 22:08:24 ubuntu kernel: [    0.608304] GICv3: CPU4: using allocated LPI pending table @0x000000053ca70000
Oct 28 22:08:24 ubuntu kernel: [    0.608398] CPU4: Booted secondary processor 0x0000000004 [0x481fd010]
Oct 28 22:08:24 ubuntu systemd[1]: Reached target Local File Systems.
Oct 28 22:08:24 ubuntu systemd[1]: Starting Create Volatile Files and Directories...
Oct 28 22:08:24 ubuntu kernel: [    0.877716] Detected VIPT I-cache on CPU5
Oct 28 22:08:24 ubuntu kernel: [    0.877740] GICv3: CPU5: found redistributor 5 region 0:0x0000000008140000
Oct 28 22:08:24 ubuntu kernel: [    0.877949] GICv3: CPU5: using allocated LPI pending table @0x000000053ca80000
Oct 28 22:08:24 ubuntu kernel: [    0.877981] CPU5: Booted secondary processor 0x0000000005 [0x481fd010]
Oct 28 22:08:24 ubuntu kernel: [    1.149379] Detected VIPT I-cache on CPU6
Oct 28 22:08:24 ubuntu systemd[1]: Starting AppArmor initialization...
Oct 28 22:08:24 ubuntu kernel: [    1.149409] GICv3: CPU6: found redistributor 6 region 0:0x0000000008160000
Oct 28 22:08:24 ubuntu kernel: [    1.149710] GICv3: CPU6: using allocated LPI pending table @0x000000053ca90000
Oct 28 22:08:24 ubuntu systemd[1]: Starting Set console font and keymap...
Oct 28 22:08:24 ubuntu kernel: [    1.149746] CPU6: Booted secondary processor 0x0000000006 [0x481fd010]
Oct 28 22:08:24 ubuntu kernel: [    1.419642] Detected VIPT I-cache on CPU7
Oct 28 22:08:24 ubuntu systemd[1]: Starting ebtables ruleset management...
Oct 28 22:08:24 ubuntu kernel: [    1.419666] GICv3: CPU7: found redistributor 7 region 0:0x0000000008180000
Oct 28 22:08:24 ubuntu kernel: [    1.419888] GICv3: CPU7: using allocated LPI pending table @0x000000053caa0000
Oct 28 22:08:24 ubuntu kernel: [    1.419915] CPU7: Booted secondary processor 0x0000000007 [0x481fd010]
Oct 28 22:08:24 ubuntu kernel: [    1.523663] Detected VIPT I-cache on CPU8
Oct 28 22:08:24 ubuntu systemd[1]: Starting Tell Plymouth To Write Out Runtime Data...
Oct 28 22:08:24 ubuntu kernel: [    1.523692] GICv3: CPU8: found redistributor 8 region 0:0x00000000081a0000
Oct 28 22:08:24 ubuntu kernel: [    1.523891] GICv3: CPU8: using allocated LPI pending table @0x000000053cab0000
Oct 28 22:08:24 ubuntu kernel: [    1.523921] CPU8: Booted secondary processor 0x0000000008 [0x481fd010]
Oct 28 22:08:24 ubuntu kernel: [    1.801783] Detected VIPT I-cache on CPU9
Oct 28 22:08:24 ubuntu kernel: [    1.801822] GICv3: CPU9: found redistributor 9 region 0:0x00000000081c0000
Oct 28 22:08:24 ubuntu kernel: [    1.802073] GICv3: CPU9: using allocated LPI pending table @0x000000053cac0000
Oct 28 22:08:24 ubuntu kernel: [    1.802112] CPU9: Booted secondary processor 0x0000000009 [0x481fd010]
Oct 28 22:08:24 ubuntu systemd[1]: Started Create Volatile Files and Directories.
Oct 28 22:08:24 ubuntu kernel: [    2.088148] Detected VIPT I-cache on CPU10
Oct 28 22:08:24 ubuntu systemd[1]: Started Set console font and keymap.
Oct 28 22:08:24 ubuntu kernel: [    2.088231] GICv3: CPU10: found redistributor a region 0:0x00000000081e0000
Oct 28 22:08:24 ubuntu kernel: [    2.088489] GICv3: CPU10: using allocated LPI pending table @0x000000053cad0000
Oct 28 22:08:24 ubuntu kernel: [    2.088532] CPU10: Booted secondary processor 0x000000000a [0x481fd010]
Oct 28 22:08:24 ubuntu kernel: [    2.203039] Detected VIPT I-cache on CPU11
Oct 28 22:08:24 ubuntu systemd[1]: Starting Network Time Synchronization...
Oct 28 22:08:24 ubuntu kernel: [    2.203083] GICv3: CPU11: found redistributor b region 0:0x0000000008200000
Oct 28 22:08:24 ubuntu kernel: [    2.203338] GICv3: CPU11: using allocated LPI pending table @0x000000053cae0000
Oct 28 22:08:24 ubuntu kernel: [    2.203381] CPU11: Booted secondary processor 0x000000000b [0x481fd010]
Oct 28 22:08:24 ubuntu systemd[1]: Starting Update UTMP about System Boot/Shutdown...
Oct 28 22:08:24 ubuntu kernel: [    2.482027] Detected VIPT I-cache on CPU12
Oct 28 22:08:24 ubuntu kernel: [    2.482068] GICv3: CPU12: found redistributor c region 0:0x0000000008220000
Oct 28 22:08:24 ubuntu systemd[1]: Started Tell Plymouth To Write Out Runtime Data.
Oct 28 22:08:24 ubuntu kernel: [    2.482337] GICv3: CPU12: using allocated LPI pending table @0x000000053caf0000
Oct 28 22:08:24 ubuntu kernel: [    2.482374] CPU12: Booted secondary processor 0x000000000c [0x481fd010]
Oct 28 22:08:24 ubuntu kernel: [    2.760387] Detected VIPT I-cache on CPU13
Oct 28 22:08:24 ubuntu systemd[1]: Started Update UTMP about System Boot/Shutdown.
Oct 28 22:08:24 ubuntu kernel: [    2.760434] GICv3: CPU13: found redistributor d region 0:0x0000000008240000
Oct 28 22:08:24 ubuntu kernel: [    2.760690] GICv3: CPU13: using allocated LPI pending table @0x000000053cb00000
Oct 28 22:08:24 ubuntu kernel: [    2.760735] CPU13: Booted secondary processor 0x000000000d [0x481fd010]
Oct 28 22:08:24 ubuntu kernel: [    3.035916] Detected VIPT I-cache on CPU14
Oct 28 22:08:24 ubuntu kernel: [    3.035953] GICv3: CPU14: found redistributor e region 0:0x0000000008260000
Oct 28 22:08:24 ubuntu apparmor[1039]:  * Starting AppArmor profiles
Oct 28 22:08:24 ubuntu kernel: [    3.036173] GICv3: CPU14: using allocated LPI pending table @0x000000053cb10000
Oct 28 22:08:24 ubuntu systemd[1]: Started ebtables ruleset management.
Oct 28 22:08:24 ubuntu kernel: [    3.036207] CPU14: Booted secondary processor 0x000000000e [0x481fd010]
Oct 28 22:08:24 ubuntu systemd[1]: Reached target Network (Pre).
Oct 28 22:08:24 ubuntu kernel: [    3.314096] Detected VIPT I-cache on CPU15
Oct 28 22:08:24 ubuntu systemd[1]: Starting Network Service...
Oct 28 22:08:24 ubuntu kernel: [    3.314142] GICv3: CPU15: found redistributor f region 0:0x0000000008280000
Oct 28 22:08:24 ubuntu systemd[1]: Started Network Time Synchronization.
Oct 28 22:08:24 ubuntu kernel: [    3.314394] GICv3: CPU15: using allocated LPI pending table @0x000000053cb20000
Oct 28 22:08:24 ubuntu kernel: [    3.314430] CPU15: Booted secondary processor 0x000000000f [0x481fd010]
Oct 28 22:08:24 ubuntu systemd[1]: Reached target System Time Synchronized.
Oct 28 22:08:24 ubuntu kernel: [    3.594626] Detected VIPT I-cache on CPU16
Oct 28 22:08:24 ubuntu kernel: [    3.594677] GICv3: CPU16: found redistributor 100 region 0:0x00000000082a0000
Oct 28 22:08:24 ubuntu kernel: [    3.594968] GICv3: CPU16: using allocated LPI pending table @0x000000053cb30000
Oct 28 22:08:24 ubuntu kernel: [    3.595007] CPU16: Booted secondary processor 0x0000000100 [0x481fd010]
Oct 28 22:08:24 ubuntu systemd-networkd[1063]: Enumeration completed
Oct 28 22:08:24 ubuntu kernel: [    3.871632] Detected VIPT I-cache on CPU17
Oct 28 22:08:24 ubuntu kernel: [    3.871680] GICv3: CPU17: found redistributor 101 region 0:0x00000000082c0000
Oct 28 22:08:24 ubuntu kernel: [    3.871987] GICv3: CPU17: using allocated LPI pending table @0x000000053cb40000
Oct 28 22:08:24 ubuntu kernel: [    3.872041] CPU17: Booted secondary processor 0x0000000101 [0x481fd010]
Oct 28 22:08:24 ubuntu kernel: [    4.151408] Detected VIPT I-cache on CPU18
Oct 28 22:08:24 ubuntu systemd[1]: Started Network Service.
Oct 28 22:08:24 ubuntu kernel: [    4.151465] GICv3: CPU18: found redistributor 102 region 0:0x00000000082e0000
Oct 28 22:08:24 ubuntu kernel: [    4.151725] GICv3: CPU18: using allocated LPI pending table @0x000000053cb50000
Oct 28 22:08:24 ubuntu systemd-networkd[1063]: lo: Link is not managed by us
Oct 28 22:08:24 ubuntu kernel: [    4.151762] CPU18: Booted secondary processor 0x0000000102 [0x481fd010]
Oct 28 22:08:24 ubuntu kernel: [    4.429779] Detected VIPT I-cache on CPU19
Oct 28 22:08:24 ubuntu kernel: [    4.429831] GICv3: CPU19: found redistributor 103 region 0:0x0000000008300000
Oct 28 22:08:24 ubuntu kernel: [    4.430063] GICv3: CPU19: using allocated LPI pending table @0x000000053cb60000
Oct 28 22:08:24 ubuntu systemd[1]: Starting Network Name Resolution...
Oct 28 22:08:24 ubuntu kernel: [    4.430105] CPU19: Booted secondary processor 0x0000000103 [0x481fd010]
Oct 28 22:08:24 ubuntu systemd[1]: Starting Wait for Network to be Configured...
Oct 28 22:08:24 ubuntu kernel: [    4.709676] Detected VIPT I-cache on CPU20
Oct 28 22:08:24 ubuntu kernel: [    4.709848] GICv3: CPU20: found redistributor 104 region 0:0x0000000008320000
Oct 28 22:08:24 ubuntu kernel: [    4.710218] GICv3: CPU20: using allocated LPI pending table @0x000000053cb70000
Oct 28 22:08:24 ubuntu systemd-networkd-wait-online[1092]: ignoring: lo
Oct 28 22:08:24 ubuntu kernel: [    4.710285] CPU20: Booted secondary processor 0x0000000104 [0x481fd010]
Oct 28 22:08:24 ubuntu kernel: [    4.987631] Detected VIPT I-cache on CPU21
Oct 28 22:08:24 ubuntu apparmor[1039]: Skipping profile in /etc/apparmor.d/disable: usr.sbin.rsyslogd
Oct 28 22:08:24 ubuntu kernel: [    4.987681] GICv3: CPU21: found redistributor 105 region 0:0x0000000008340000
Oct 28 22:08:24 ubuntu kernel: [    4.987899] GICv3: CPU21: using allocated LPI pending table @0x000000053cb80000
Oct 28 22:08:24 ubuntu kernel: [    4.987930] CPU21: Booted secondary processor 0x0000000105 [0x481fd010]
Oct 28 22:08:24 ubuntu systemd-networkd[1063]: enp1s0: Gained carrier
Oct 28 22:08:24 ubuntu kernel: [    5.268251] Detected VIPT I-cache on CPU22
Oct 28 22:08:24 ubuntu kernel: [    5.268313] GICv3: CPU22: found redistributor 106 region 0:0x0000000008360000
Oct 28 22:08:24 ubuntu kernel: [    5.268584] GICv3: CPU22: using allocated LPI pending table @0x000000053cb90000
Oct 28 22:08:24 ubuntu systemd-networkd-wait-online[1092]: ignoring: lo
Oct 28 22:08:24 ubuntu systemd-timesyncd[1050]: Network configuration changed, trying to establish connection.
Oct 28 22:08:24 ubuntu systemd-networkd-wait-online[1092]: ignoring: lo
Oct 28 22:08:24 ubuntu systemd-resolved[1090]: Positive Trust Anchors:
Oct 28 22:08:24 ubuntu systemd-resolved[1090]: . IN DS 19036 8 2 49aac11d7b6f6446702e54a1607371607a1a41855200fd2ce1cdde32f24e8fb5
Oct 28 22:08:24 ubuntu kernel: [    5.268622] CPU22: Booted secondary processor 0x0000000106 [0x481fd010]
Oct 28 22:08:24 ubuntu systemd-resolved[1090]: . IN DS 20326 8 2 e06d44b80b8f1d39a95c0b0d7c65d08458e880409bbc683457104237c7f8ec8d
Oct 28 22:08:24 ubuntu kernel: [    5.379020] Detected VIPT I-cache on CPU23
Oct 28 22:08:24 ubuntu kernel: [    5.379155] GICv3: CPU23: found redistributor 107 region 0:0x0000000008380000
Oct 28 22:08:24 ubuntu systemd-resolved[1090]: Negative trust anchors: 10.in-addr.arpa 16.172.in-addr.arpa 17.172.in-addr.arpa 18.172.in-addr.arpa 19.172.in-addr.arpa 20.172.in-addr.arpa 21.172.in-addr.arpa 22.172.in-addr.arpa 23.172.in-addr.arpa 24.172.in-addr.arpa 25.172.in-addr.arpa 26.172.in-addr.arpa 27.172.in-addr.arpa 28.172.in-addr.arpa 29.172.in-addr.arpa 30.172.in-addr.arpa 31.172.in-addr.arpa 168.192.in-addr.arpa d.f.ip6.arpa corp home internal intranet lan local private test
Oct 28 22:08:24 ubuntu kernel: [    5.379670] GICv3: CPU23: using allocated LPI pending table @0x000000053cba0000
Oct 28 22:08:24 ubuntu kernel: [    5.379749] CPU23: Booted secondary processor 0x0000000107 [0x481fd010]
Oct 28 22:08:24 ubuntu kernel: [    5.587026] Detected VIPT I-cache on CPU24
Oct 28 22:08:24 ubuntu kernel: [    5.587100] GICv3: CPU24: found redistributor 108 region 0:0x00000000083a0000
Oct 28 22:08:24 ubuntu systemd-resolved[1090]: Using system hostname 'ubuntu'.
Oct 28 22:08:24 ubuntu kernel: [    5.587416] GICv3: CPU24: using allocated LPI pending table @0x000000053cbb0000
Oct 28 22:08:24 ubuntu systemd[1]: Started Network Name Resolution.
Oct 28 22:08:24 ubuntu kernel: [    5.587448] CPU24: Booted secondary processor 0x0000000108 [0x481fd010]
Oct 28 22:08:24 ubuntu kernel: [    5.694256] Detected VIPT I-cache on CPU25
Oct 28 22:08:24 ubuntu apparmor[1039]:    ...done.
Oct 28 22:08:24 ubuntu kernel: [    5.694380] GICv3: CPU25: found redistributor 109 region 0:0x00000000083c0000
Oct 28 22:08:24 ubuntu systemd[1]: Started AppArmor initialization.
Oct 28 22:08:24 ubuntu kernel: [    5.694684] GICv3: CPU25: using allocated LPI pending table @0x000000053cbc0000
Oct 28 22:08:24 ubuntu kernel: [    5.694755] CPU25: Booted secondary processor 0x0000000109 [0x481fd010]
Oct 28 22:08:24 ubuntu kernel: [    5.801425] Detected VIPT I-cache on CPU26
Oct 28 22:08:24 ubuntu kernel: [    5.801490] GICv3: CPU26: found redistributor 10a region 0:0x00000000083e0000
Oct 28 22:08:24 ubuntu systemd[1]: Reached target System Initialization.
Oct 28 22:08:24 ubuntu kernel: [    5.801728] GICv3: CPU26: using allocated LPI pending table @0x000000053cbd0000
Oct 28 22:08:24 ubuntu systemd[1]: Started Discard unused blocks once a week.
Oct 28 22:08:24 ubuntu kernel: [    5.801763] CPU26: Booted secondary processor 0x000000010a [0x481fd010]
Oct 28 22:08:24 ubuntu kernel: [    5.908827] Detected VIPT I-cache on CPU27
Oct 28 22:08:24 ubuntu kernel: [    5.908894] GICv3: CPU27: found redistributor 10b region 0:0x0000000008400000
Oct 28 22:08:24 ubuntu systemd[1]: Started Daily Cleanup of Temporary Directories.
Oct 28 22:08:24 ubuntu kernel: [    5.909218] GICv3: CPU27: using allocated LPI pending table @0x000000053cbe0000
Oct 28 22:08:24 ubuntu kernel: [    5.909252] CPU27: Booted secondary processor 0x000000010b [0x481fd010]
Oct 28 22:08:24 ubuntu systemd[1]: Listening on Open-iSCSI iscsid Socket.
Oct 28 22:08:24 ubuntu kernel: [    6.015331] Detected VIPT I-cache on CPU28
Oct 28 22:08:24 ubuntu kernel: [    6.015415] GICv3: CPU28: found redistributor 10c region 0:0x0000000008420000
Oct 28 22:08:24 ubuntu kernel: [    6.015594] GICv3: CPU28: using allocated LPI pending table @0x000000053cbf0000
Oct 28 22:08:24 ubuntu kernel: [    6.015625] CPU28: Booted secondary processor 0x000000010c [0x481fd010]
Oct 28 22:08:24 ubuntu systemd[1]: Listening on ACPID Listen Socket.
Oct 28 22:08:24 ubuntu kernel: [    6.298495] Detected VIPT I-cache on CPU29
Oct 28 22:08:24 ubuntu kernel: [    6.298580] GICv3: CPU29: found redistributor 10d region 0:0x0000000008440000
Oct 28 22:08:24 ubuntu systemd[1]: Listening on D-Bus System Message Bus Socket.
Oct 28 22:08:24 ubuntu systemd[1]: Started Daily apt download activities.
Oct 28 22:08:24 ubuntu systemd[1]: Started Daily apt upgrade and clean activities.
Oct 28 22:08:24 ubuntu systemd[1]: Started ACPI Events Check.
Oct 28 22:08:24 ubuntu systemd[1]: Listening on UUID daemon activation socket.
Oct 28 22:08:24 ubuntu systemd[1]: Starting LXD - unix socket.
Oct 28 22:08:24 ubuntu systemd[1]: Starting Socket activation for snappy daemon.
Oct 28 22:08:24 ubuntu systemd[1]: Started Message of the Day.
Oct 28 22:08:24 ubuntu systemd[1]: Reached target Timers.
Oct 28 22:08:24 ubuntu kernel: [    6.298844] GICv3: CPU29: using allocated LPI pending table @0x000000051f800000
Oct 28 22:08:24 ubuntu kernel: [    6.298892] CPU29: Booted secondary processor 0x000000010d [0x481fd010]
Oct 28 22:08:24 ubuntu kernel: [    6.581290] Detected VIPT I-cache on CPU30
Oct 28 22:08:24 ubuntu kernel: [    6.581376] GICv3: CPU30: found redistributor 10e region 0:0x0000000008460000
Oct 28 22:08:24 ubuntu kernel: [    6.581549] GICv3: CPU30: using allocated LPI pending table @0x000000051f810000
Oct 28 22:08:24 ubuntu kernel: [    6.581579] CPU30: Booted secondary processor 0x000000010e [0x481fd010]
Oct 28 22:08:24 ubuntu kernel: [    6.831340] Detected VIPT I-cache on CPU31
Oct 28 22:08:24 ubuntu kernel: [    6.831430] GICv3: CPU31: found redistributor 10f region 0:0x0000000008480000
Oct 28 22:08:24 ubuntu kernel: [    6.831693] GICv3: CPU31: using allocated LPI pending table @0x000000051f820000
Oct 28 22:08:24 ubuntu kernel: [    6.831736] CPU31: Booted secondary processor 0x000000010f [0x481fd010]
Oct 28 22:08:24 ubuntu systemd[1]: Reached target Paths.
Oct 28 22:08:24 ubuntu kernel: [    6.831952] smp: Brought up 1 node, 32 CPUs
Oct 28 22:08:24 ubuntu kernel: [    6.832069] SMP: Total of 32 processors activated.
Oct 28 22:08:24 ubuntu kernel: [    6.832074] CPU features: detected: Privileged Access Never
Oct 28 22:08:24 ubuntu kernel: [    6.832076] CPU features: detected: LSE atomic instructions
Oct 28 22:08:24 ubuntu systemd[1]: Reached target Network.
Oct 28 22:08:24 ubuntu kernel: [    6.832079] CPU features: detected: User Access Override
Oct 28 22:08:24 ubuntu kernel: [    6.832083] CPU features: detected: Common not Private translations
Oct 28 22:08:24 ubuntu kernel: [    6.832085] CPU features: detected: Data cache clean to Point of Persistence
Oct 28 22:08:24 ubuntu systemd[1]: Reached target Host and Network Name Lookups.
Oct 28 22:08:24 ubuntu kernel: [    6.832088] CPU features: detected: RAS Extension Support
Oct 28 22:08:24 ubuntu kernel: [    6.832091] CPU features: detected: CRC32 instructions
Oct 28 22:08:24 ubuntu kernel: [    6.952002] CPU: All CPU(s) started at EL1
Oct 28 22:08:24 ubuntu kernel: [    6.952438] alternatives: patching kernel code
Oct 28 22:08:24 ubuntu kernel: [    6.959185] devtmpfs: initialized
Oct 28 22:08:24 ubuntu systemd[1]: Listening on LXD - unix socket.
Oct 28 22:08:24 ubuntu kernel: [    6.962029] Registered cp15_barrier emulation handler
Oct 28 22:08:24 ubuntu kernel: [    6.962275] Registered setend emulation handler
Oct 28 22:08:24 ubuntu kernel: [    6.962285] KASLR disabled due to lack of seed
Oct 28 22:08:24 ubuntu systemd[1]: Listening on Socket activation for snappy daemon.
Oct 28 22:08:24 ubuntu kernel: [    6.963529] clocksource: jiffies: mask: 0xffffffff max_cycles: 0xffffffff, max_idle_ns: 7645041785100000 ns
Oct 28 22:08:24 ubuntu kernel: [    6.964070] futex hash table entries: 8192 (order: 7, 524288 bytes, linear)
Oct 28 22:08:24 ubuntu kernel: [    6.965610] pinctrl core: initialized pinctrl subsystem
Oct 28 22:08:24 ubuntu kernel: [    6.966525] thermal_sys: Registered thermal governor 'fair_share'
Oct 28 22:08:24 ubuntu kernel: [    6.966527] thermal_sys: Registered thermal governor 'bang_bang'
Oct 28 22:08:24 ubuntu kernel: [    6.966530] thermal_sys: Registered thermal governor 'step_wise'
Oct 28 22:08:24 ubuntu kernel: [    6.966533] thermal_sys: Registered thermal governor 'user_space'
Oct 28 22:08:24 ubuntu kernel: [    6.966710] SMBIOS 3.0.0 present.
Oct 28 22:08:24 ubuntu kernel: [    6.966718] DMI: QEMU KVM Virtual Machine, BIOS 0.0.0 02/06/2015
Oct 28 22:08:24 ubuntu kernel: [    6.967676] NET: Registered protocol family 16
Oct 28 22:08:24 ubuntu systemd[1]: Reached target Sockets.
Oct 28 22:08:24 ubuntu kernel: [    6.970805] DMA: preallocated 256 KiB pool for atomic allocations
Oct 28 22:08:24 ubuntu kernel: [    6.970824] audit: initializing netlink subsys (disabled)
Oct 28 22:08:24 ubuntu kernel: [    6.971216] audit: type=2000 audit(6.864:1): state=initialized audit_enabled=0 res=1
Oct 28 22:08:24 ubuntu kernel: [    6.971696] cpuidle: using governor ladder
Oct 28 22:08:24 ubuntu kernel: [    6.971833] cpuidle: using governor menu
Oct 28 22:08:24 ubuntu systemd[1]: Reached target Basic System.
Oct 28 22:08:24 ubuntu kernel: [    6.971912] hw-breakpoint: found 6 breakpoint and 4 watchpoint registers.
Oct 28 22:08:24 ubuntu kernel: [    6.974166] ASID allocator initialised with 65536 entries
Oct 28 22:08:24 ubuntu kernel: [    6.974308] ACPI: bus type PCI registered
Oct 28 22:08:24 ubuntu kernel: [    6.974319] acpiphp: ACPI Hot Plug PCI Controller Driver version: 0.5
Oct 28 22:08:24 ubuntu kernel: [    6.974539] Serial: AMBA PL011 UART driver
Oct 28 22:08:24 ubuntu systemd[1]: Started D-Bus System Message Bus.
Oct 28 22:08:24 ubuntu kernel: [    6.980587] HugeTLB registered 1.00 GiB page size, pre-allocated 0 pages
Oct 28 22:08:24 ubuntu kernel: [    6.980594] HugeTLB registered 32.0 MiB page size, pre-allocated 0 pages
Oct 28 22:08:24 ubuntu kernel: [    6.980598] HugeTLB registered 2.00 MiB page size, pre-allocated 0 pages
Oct 28 22:08:24 ubuntu kernel: [    6.980601] HugeTLB registered 64.0 KiB page size, pre-allocated 0 pages
Oct 28 22:08:24 ubuntu kernel: [    7.003507] ACPI: Added _OSI(Module Device)
Oct 28 22:08:24 ubuntu kernel: [    7.003510] ACPI: Added _OSI(Processor Device)
Oct 28 22:08:24 ubuntu systemd[1]: Starting Login Service...
Oct 28 22:08:24 ubuntu kernel: [    7.003511] ACPI: Added _OSI(3.0 _SCP Extensions)
Oct 28 22:08:24 ubuntu kernel: [    7.003513] ACPI: Added _OSI(Processor Aggregator Device)
Oct 28 22:08:24 ubuntu kernel: [    7.003515] ACPI: Added _OSI(Linux-Dell-Video)
Oct 28 22:08:24 ubuntu kernel: [    7.003516] ACPI: Added _OSI(Linux-Lenovo-NV-HDMI-Audio)
Oct 28 22:08:24 ubuntu systemd[1]: Started Regular background program processing daemon.
Oct 28 22:08:24 ubuntu kernel: [    7.003518] ACPI: Added _OSI(Linux-HPI-Hybrid-Graphics)
Oct 28 22:08:24 ubuntu kernel: [    7.004422] ACPI: 1 ACPI AML tables successfully acquired and loaded
Oct 28 22:08:24 ubuntu kernel: [    7.004996] ACPI: Interpreter enabled
Oct 28 22:08:24 ubuntu systemd[1]: Starting Snappy daemon...
Oct 28 22:08:24 ubuntu kernel: [    7.004998] ACPI: Using GIC for interrupt routing
Oct 28 22:08:24 ubuntu kernel: [    7.005017] ACPI: MCFG table detected, 1 entries
Oct 28 22:08:24 ubuntu kernel: [    7.009677] ARMH0011:00: ttyAMA0 at MMIO 0x9000000 (irq = 4, base_baud = 0) is a SBSA
Oct 28 22:08:24 ubuntu kernel: [    7.163287] printk: console [ttyAMA0] enabled
Oct 28 22:08:24 ubuntu kernel: [    7.165806] ACPI: PCI Root Bridge [PCI0] (domain 0000 [bus 00-0f])
Oct 28 22:08:24 ubuntu kernel: [    7.166452] acpi PNP0A08:00: _OSC: OS supports [ExtendedConfig ASPM ClockPM Segments MSI HPX-Type3]
Oct 28 22:08:24 ubuntu cron[1120]: (CRON) INFO (pidfile fd = 3)
Oct 28 22:08:24 ubuntu kernel: [    7.167511] acpi PNP0A08:00: _OSC: platform does not support [SHPCHotplug LTR]
Oct 28 22:08:24 ubuntu kernel: [    7.168283] acpi PNP0A08:00: _OSC: OS now controls [PCIeHotplug PME AER PCIeCapability]
Oct 28 22:08:24 ubuntu kernel: [    7.169346] acpi PNP0A08:00: ECAM area [mem 0x3f000000-0x3fffffff] reserved by PNP0C02:00
Oct 28 22:08:24 ubuntu kernel: [    7.170156] acpi PNP0A08:00: ECAM at [mem 0x3f000000-0x3fffffff] for [bus 00-0f]
Oct 28 22:08:24 ubuntu kernel: [    7.170925] Remapped I/O 0x000000003eff0000 to [io  0x0000-0xffff window]
Oct 28 22:08:24 ubuntu cron[1120]: (CRON) INFO (Running @reboot jobs)
Oct 28 22:08:24 ubuntu kernel: [    7.171813] PCI host bridge to bus 0000:00
Oct 28 22:08:24 ubuntu kernel: [    7.172208] pci_bus 0000:00: root bus resource [mem 0x10000000-0x3efeffff window]
Oct 28 22:08:24 ubuntu kernel: [    7.172923] pci_bus 0000:00: root bus resource [io  0x0000-0xffff window]
Oct 28 22:08:24 ubuntu kernel: [    7.173558] pci_bus 0000:00: root bus resource [mem 0x8000000000-0xffffffffff window]
Oct 28 22:08:24 ubuntu kernel: [    7.174284] pci_bus 0000:00: root bus resource [bus 00-0f]
Oct 28 22:08:24 ubuntu systemd[1]: Starting LXD - container startup/shutdown...
Oct 28 22:08:24 ubuntu kernel: [    7.174860] pci 0000:00:00.0: [1b36:0008] type 00 class 0x060000
Oct 28 22:08:24 ubuntu kernel: [    7.175857] pci 0000:00:01.0: [1b36:000c] type 01 class 0x060400
Oct 28 22:08:24 ubuntu kernel: [    7.178202] pci 0000:00:01.0: reg 0x10: [mem 0x10303000-0x10303fff]
Oct 28 22:08:24 ubuntu kernel: [    7.181844] pci 0000:00:01.1: [1b36:000c] type 01 class 0x060400
Oct 28 22:08:24 ubuntu kernel: [    7.183949] pci 0000:00:01.1: reg 0x10: [mem 0x10302000-0x10302fff]
Oct 28 22:08:24 ubuntu kernel: [    7.190081] pci 0000:00:01.2: [1b36:000c] type 01 class 0x060400
Oct 28 22:08:24 ubuntu kernel: [    7.191985] pci 0000:00:01.2: reg 0x10: [mem 0x10301000-0x10301fff]
Oct 28 22:08:24 ubuntu kernel: [    7.195914] pci 0000:00:01.3: [1b36:000c] type 01 class 0x060400
Oct 28 22:08:24 ubuntu systemd[1]: Starting LSB: Record successful boot for GRUB...
Oct 28 22:08:24 ubuntu kernel: [    7.198424] pci 0000:00:01.3: reg 0x10: [mem 0x10300000-0x10300fff]
Oct 28 22:08:24 ubuntu kernel: [    7.204971] pci 0000:01:00.0: [1af4:1041] type 00 class 0x020000
Oct 28 22:08:24 ubuntu kernel: [    7.206973] pci 0000:01:00.0: reg 0x14: [mem 0x10200000-0x10200fff]
Oct 28 22:08:24 ubuntu kernel: [    7.210012] pci 0000:01:00.0: reg 0x20: [mem 0x8000000000-0x8000003fff 64bit pref]
Oct 28 22:08:24 ubuntu kernel: [    7.211801] pci 0000:01:00.0: reg 0x30: [mem 0xfff80000-0xffffffff pref]
Oct 28 22:08:24 ubuntu kernel: [    7.216693] pci 0000:02:00.0: [1b36:000d] type 00 class 0x0c0330
Oct 28 22:08:24 ubuntu kernel: [    7.217607] pci 0000:02:00.0: reg 0x10: [mem 0x10100000-0x10103fff 64bit]
Oct 28 22:08:24 ubuntu kernel: [    7.219927] pci 0000:03:00.0: [1af4:1048] type 00 class 0x010000
Oct 28 22:08:24 ubuntu kernel: [    7.222596] pci 0000:03:00.0: reg 0x14: [mem 0x10000000-0x10000fff]
Oct 28 22:08:24 ubuntu kernel: [    7.227613] pci 0000:03:00.0: reg 0x20: [mem 0x8000100000-0x8000103fff 64bit pref]
Oct 28 22:08:24 ubuntu kernel: [    7.232019] pci 0000:00:01.0: bridge window [io  0x1000-0x0fff] to [bus 01] add_size 1000
Oct 28 22:08:24 ubuntu kernel: [    7.232791] pci 0000:00:01.0: bridge window [mem 0x00100000-0x001fffff 64bit pref] to [bus 01] add_size 100000 add_align 100000
Oct 28 22:08:24 ubuntu kernel: [    7.234030] pci 0000:00:01.0: bridge window [mem 0x00100000-0x001fffff] to [bus 01] add_size 100000 add_align 100000
Oct 28 22:08:24 ubuntu kernel: [    7.235265] pci 0000:00:01.1: bridge window [io  0x1000-0x0fff] to [bus 02] add_size 1000
Oct 28 22:08:24 ubuntu kernel: [    7.236260] pci 0000:00:01.1: bridge window [mem 0x00100000-0x000fffff 64bit pref] to [bus 02] add_size 200000 add_align 100000
Oct 28 22:08:24 ubuntu kernel: [    7.239143] pci 0000:00:01.1: bridge window [mem 0x00100000-0x001fffff] to [bus 02] add_size 100000 add_align 100000
Oct 28 22:08:24 ubuntu kernel: [    7.240338] pci 0000:00:01.2: bridge window [io  0x1000-0x0fff] to [bus 03] add_size 1000
Oct 28 22:08:24 ubuntu kernel: [    7.241284] pci 0000:00:01.2: bridge window [mem 0x00100000-0x001fffff 64bit pref] to [bus 03] add_size 100000 add_align 100000
Oct 28 22:08:24 ubuntu systemd[1]: Starting Accounts Service...
Oct 28 22:08:24 ubuntu kernel: [    7.242567] pci 0000:00:01.2: bridge window [mem 0x00100000-0x001fffff] to [bus 03] add_size 100000 add_align 100000
Oct 28 22:08:24 ubuntu kernel: [    7.243802] pci 0000:00:01.3: bridge window [io  0x1000-0x0fff] to [bus 04] add_size 1000
Oct 28 22:08:24 ubuntu systemd[1]: Starting System Logging Service...
Oct 28 22:08:24 ubuntu kernel: [    7.244724] pci 0000:00:01.3: bridge window [mem 0x00100000-0x000fffff 64bit pref] to [bus 04] add_size 200000 add_align 100000
Oct 28 22:08:24 ubuntu kernel: [    7.245997] pci 0000:00:01.3: bridge window [mem 0x00100000-0x000fffff] to [bus 04] add_size 200000 add_align 100000
Oct 28 22:08:24 ubuntu systemd[1]: Started Deferred execution scheduler.
Oct 28 22:08:24 ubuntu kernel: [    7.247148] pci 0000:00:01.0: BAR 14: assigned [mem 0x10000000-0x101fffff]
Oct 28 22:08:24 ubuntu kernel: [    7.247897] pci 0000:00:01.0: BAR 15: assigned [mem 0x8000000000-0x80001fffff 64bit pref]
Oct 28 22:08:24 ubuntu systemd[1]: Started irqbalance daemon.
Oct 28 22:08:24 ubuntu systemd[1]: Started FUSE filesystem for LXC.
Oct 28 22:08:24 ubuntu rsyslogd: imuxsock: Acquired UNIX socket '/run/systemd/journal/syslog' (fd 3) from systemd.  [v8.32.0]
Oct 28 22:08:24 ubuntu rsyslogd: rsyslogd's groupid changed to 106
Oct 28 22:08:24 ubuntu kernel: [    7.248745] pci 0000:00:01.1: BAR 14: assigned [mem 0x10200000-0x103fffff]
Oct 28 22:08:24 ubuntu kernel: [    7.249426] pci 0000:00:01.1: BAR 15: assigned [mem 0x8000200000-0x80003fffff 64bit pref]
Oct 28 22:08:24 ubuntu kernel: [    7.250131] pci 0000:00:01.2: BAR 14: assigned [mem 0x10400000-0x105fffff]
Oct 28 22:08:24 ubuntu kernel: [    7.250727] pci 0000:00:01.2: BAR 15: assigned [mem 0x8000400000-0x80005fffff 64bit pref]
Oct 28 22:08:24 ubuntu kernel: [    7.251434] pci 0000:00:01.3: BAR 14: assigned [mem 0x10600000-0x107fffff]
Oct 28 22:08:24 ubuntu rsyslogd: rsyslogd's userid changed to 102
Oct 28 22:08:24 ubuntu kernel: [    7.252106] pci 0000:00:01.3: BAR 15: assigned [mem 0x8000600000-0x80007fffff 64bit pref]
Oct 28 22:08:24 ubuntu kernel: [    7.252873] pci 0000:00:01.0: BAR 0: assigned [mem 0x10800000-0x10800fff]
Oct 28 22:08:24 ubuntu kernel: [    7.253908] pci 0000:00:01.0: BAR 13: assigned [io  0x1000-0x1fff]
Oct 28 22:08:24 ubuntu kernel: [    7.254452] pci 0000:00:01.1: BAR 0: assigned [mem 0x10801000-0x10801fff]
Oct 28 22:08:24 ubuntu kernel: [    7.255357] pci 0000:00:01.1: BAR 13: assigned [io  0x2000-0x2fff]
Oct 28 22:08:24 ubuntu rsyslogd:  [origin software="rsyslogd" swVersion="8.32.0" x-pid="1127" x-info="http://www.rsyslog.com"] start
Oct 28 22:08:24 ubuntu kernel: [    7.255909] pci 0000:00:01.2: BAR 0: assigned [mem 0x10802000-0x10802fff]
Oct 28 22:08:24 ubuntu kernel: [    7.256848] pci 0000:00:01.2: BAR 13: assigned [io  0x3000-0x3fff]
Oct 28 22:08:24 ubuntu kernel: [    7.257396] pci 0000:00:01.3: BAR 0: assigned [mem 0x10803000-0x10803fff]
Oct 28 22:08:24 ubuntu kernel: [    7.258321] pci 0000:00:01.3: BAR 13: assigned [io  0x4000-0x4fff]
Oct 28 22:08:24 ubuntu kernel: [    7.258861] pci 0000:01:00.0: BAR 6: assigned [mem 0x10000000-0x1007ffff pref]
Oct 28 22:08:24 ubuntu kernel: [    7.259494] pci 0000:01:00.0: BAR 4: assigned [mem 0x8000000000-0x8000003fff 64bit pref]
Oct 28 22:08:24 ubuntu kernel: [    7.260921] pci 0000:01:00.0: BAR 1: assigned [mem 0x10080000-0x10080fff]
Oct 28 22:08:24 ubuntu kernel: [    7.261858] pci 0000:00:01.0: PCI bridge to [bus 01]
Oct 28 22:08:24 ubuntu kernel: [    7.262330] pci 0000:00:01.0:   bridge window [io  0x1000-0x1fff]
Oct 28 22:08:24 ubuntu kernel: [    7.263464] pci 0000:00:01.0:   bridge window [mem 0x10000000-0x101fffff]
Oct 28 22:08:24 ubuntu kernel: [    7.266133] pci 0000:00:01.0:   bridge window [mem 0x8000000000-0x80001fffff 64bit pref]
Oct 28 22:08:24 ubuntu kernel: [    7.267969] pci 0000:02:00.0: BAR 0: assigned [mem 0x10200000-0x10203fff 64bit]
Oct 28 22:08:24 ubuntu kernel: [    7.268792] pci 0000:00:01.1: PCI bridge to [bus 02]
Oct 28 22:08:24 ubuntu kernel: [    7.269348] pci 0000:00:01.1:   bridge window [io  0x2000-0x2fff]
Oct 28 22:08:24 ubuntu kernel: [    7.270756] pci 0000:00:01.1:   bridge window [mem 0x10200000-0x103fffff]
Oct 28 22:08:24 ubuntu kernel: [    7.271975] pci 0000:00:01.1:   bridge window [mem 0x8000200000-0x80003fffff 64bit pref]
Oct 28 22:08:24 ubuntu kernel: [    7.273780] pci 0000:03:00.0: BAR 4: assigned [mem 0x8000400000-0x8000403fff 64bit pref]
Oct 28 22:08:24 ubuntu kernel: [    7.275215] pci 0000:03:00.0: BAR 1: assigned [mem 0x10400000-0x10400fff]
Oct 28 22:08:24 ubuntu kernel: [    7.277675] pci 0000:00:01.2: PCI bridge to [bus 03]
Oct 28 22:08:24 ubuntu kernel: [    7.278116] pci 0000:00:01.2:   bridge window [io  0x3000-0x3fff]
Oct 28 22:08:24 ubuntu kernel: [    7.279308] pci 0000:00:01.2:   bridge window [mem 0x10400000-0x105fffff]
Oct 28 22:08:24 ubuntu kernel: [    7.280316] pci 0000:00:01.2:   bridge window [mem 0x8000400000-0x80005fffff 64bit pref]
Oct 28 22:08:24 ubuntu kernel: [    7.282008] pci 0000:00:01.3: PCI bridge to [bus 04]
Oct 28 22:08:24 ubuntu kernel: [    7.282550] pci 0000:00:01.3:   bridge window [io  0x4000-0x4fff]
Oct 28 22:08:24 ubuntu kernel: [    7.284074] pci 0000:00:01.3:   bridge window [mem 0x10600000-0x107fffff]
Oct 28 22:08:24 ubuntu kernel: [    7.285407] pci 0000:00:01.3:   bridge window [mem 0x8000600000-0x80007fffff 64bit pref]
Oct 28 22:08:24 ubuntu kernel: [    7.287339] pci_bus 0000:00: resource 4 [mem 0x10000000-0x3efeffff window]
Oct 28 22:08:24 ubuntu kernel: [    7.289561] pci_bus 0000:00: resource 5 [io  0x0000-0xffff window]
Oct 28 22:08:24 ubuntu kernel: [    7.290263] pci_bus 0000:00: resource 6 [mem 0x8000000000-0xffffffffff window]
Oct 28 22:08:24 ubuntu kernel: [    7.291084] pci_bus 0000:01: resource 0 [io  0x1000-0x1fff]
Oct 28 22:08:24 ubuntu kernel: [    7.291802] pci_bus 0000:01: resource 1 [mem 0x10000000-0x101fffff]
Oct 28 22:08:24 ubuntu kernel: [    7.292460] pci_bus 0000:01: resource 2 [mem 0x8000000000-0x80001fffff 64bit pref]
Oct 28 22:08:24 ubuntu kernel: [    7.293235] pci_bus 0000:02: resource 0 [io  0x2000-0x2fff]
Oct 28 22:08:24 ubuntu kernel: [    7.293824] pci_bus 0000:02: resource 1 [mem 0x10200000-0x103fffff]
Oct 28 22:08:24 ubuntu kernel: [    7.294475] pci_bus 0000:02: resource 2 [mem 0x8000200000-0x80003fffff 64bit pref]
Oct 28 22:08:24 ubuntu kernel: [    7.295259] pci_bus 0000:03: resource 0 [io  0x3000-0x3fff]
Oct 28 22:08:24 ubuntu kernel: [    7.295844] pci_bus 0000:03: resource 1 [mem 0x10400000-0x105fffff]
Oct 28 22:08:24 ubuntu kernel: [    7.296512] pci_bus 0000:03: resource 2 [mem 0x8000400000-0x80005fffff 64bit pref]
Oct 28 22:08:24 ubuntu kernel: [    7.297291] pci_bus 0000:04: resource 0 [io  0x4000-0x4fff]
Oct 28 22:08:24 ubuntu kernel: [    7.297837] pci_bus 0000:04: resource 1 [mem 0x10600000-0x107fffff]
Oct 28 22:08:24 ubuntu kernel: [    7.298365] pci_bus 0000:04: resource 2 [mem 0x8000600000-0x80007fffff 64bit pref]
Oct 28 22:08:24 ubuntu kernel: [    7.299097] ACPI: PCI Interrupt Link [GSI0] (IRQs *35)
Oct 28 22:08:24 ubuntu kernel: [    7.299565] ACPI: PCI Interrupt Link [GSI1] (IRQs *36)
Oct 28 22:08:24 ubuntu kernel: [    7.300124] ACPI: PCI Interrupt Link [GSI2] (IRQs *37)
Oct 28 22:08:24 ubuntu kernel: [    7.300580] ACPI: PCI Interrupt Link [GSI3] (IRQs *38)
Oct 28 22:08:24 ubuntu kernel: [    7.302161] iommu: Default domain type: Translated 
Oct 28 22:08:24 ubuntu kernel: [    7.302706] vgaarb: loaded
Oct 28 22:08:24 ubuntu kernel: [    7.303460] SCSI subsystem initialized
Oct 28 22:08:24 ubuntu kernel: [    7.304198] libata version 3.00 loaded.
Oct 28 22:08:24 ubuntu kernel: [    7.304259] ACPI: bus type USB registered
Oct 28 22:08:24 ubuntu kernel: [    7.304680] usbcore: registered new interface driver usbfs
Oct 28 22:08:24 ubuntu kernel: [    7.305183] usbcore: registered new interface driver hub
Oct 28 22:08:24 ubuntu kernel: [    7.306263] usbcore: registered new device driver usb
Oct 28 22:08:24 ubuntu kernel: [    7.306834] pps_core: LinuxPPS API ver. 1 registered
Oct 28 22:08:24 ubuntu kernel: [    7.307312] pps_core: Software ver. 5.3.6 - Copyright 2005-2007 Rodolfo Giometti <giometti@linux.it>
Oct 28 22:08:24 ubuntu kernel: [    7.308117] PTP clock support registered
Oct 28 22:08:24 ubuntu kernel: [    7.309159] EDAC MC: Ver: 3.0.0
Oct 28 22:08:24 ubuntu kernel: [    7.309925] Registered efivars operations
Oct 28 22:08:24 ubuntu kernel: [    7.312744] NetLabel: Initializing
Oct 28 22:08:24 ubuntu kernel: [    7.313062] NetLabel:  domain hash size = 128
Oct 28 22:08:24 ubuntu kernel: [    7.313493] NetLabel:  protocols = UNLABELED CIPSOv4 CALIPSO
Oct 28 22:08:24 ubuntu kernel: [    7.314087] NetLabel:  unlabeled traffic allowed by default
Oct 28 22:08:24 ubuntu kernel: [    7.315244] clocksource: Switched to clocksource arch_sys_counter
Oct 28 22:08:24 ubuntu kernel: [    7.336576] VFS: Disk quotas dquot_6.6.0
Oct 28 22:08:24 ubuntu kernel: [    7.336973] VFS: Dquot-cache hash table entries: 512 (order 0, 4096 bytes)
Oct 28 22:08:24 ubuntu kernel: [    7.337947] AppArmor: AppArmor Filesystem Enabled
Oct 28 22:08:24 ubuntu kernel: [    7.338446] pnp: PnP ACPI init
Oct 28 22:08:24 ubuntu kernel: [    7.338936] system 00:00: [mem 0x3f000000-0x3fffffff] could not be reserved
Oct 28 22:08:24 ubuntu kernel: [    7.339875] system 00:00: Plug and Play ACPI device, IDs PNP0c02 (active)
Oct 28 22:08:24 ubuntu kernel: [    7.339883] pnp: PnP ACPI: found 1 devices
Oct 28 22:08:24 ubuntu kernel: [    7.342894] NET: Registered protocol family 2
Oct 28 22:08:24 ubuntu kernel: [    7.344741] tcp_listen_portaddr_hash hash table entries: 16384 (order: 6, 262144 bytes, linear)
Oct 28 22:08:24 ubuntu kernel: [    7.348411] TCP established hash table entries: 262144 (order: 9, 2097152 bytes, linear)
Oct 28 22:08:24 ubuntu kernel: [    7.351390] TCP bind hash table entries: 65536 (order: 8, 1048576 bytes, linear)
Oct 28 22:08:24 ubuntu kernel: [    7.352764] TCP: Hash tables configured (established 262144 bind 65536)
Oct 28 22:08:24 ubuntu kernel: [    7.353827] UDP hash table entries: 16384 (order: 7, 524288 bytes, linear)
Oct 28 22:08:24 ubuntu kernel: [    7.354766] UDP-Lite hash table entries: 16384 (order: 7, 524288 bytes, linear)
Oct 28 22:08:24 ubuntu kernel: [    7.355725] NET: Registered protocol family 1
Oct 28 22:08:24 ubuntu kernel: [    7.356132] NET: Registered protocol family 44
Oct 28 22:08:24 ubuntu kernel: [    7.356614] pci 0000:02:00.0: enabling device (0000 -> 0002)
Oct 28 22:08:24 ubuntu kernel: [    7.357474] PCI: CLS 0 bytes, default 64
Oct 28 22:08:24 ubuntu kernel: [    7.358009] Trying to unpack rootfs image as initramfs...
Oct 28 22:08:24 ubuntu kernel: [    8.358649] Freeing initrd memory: 61288K
Oct 28 22:08:24 ubuntu kernel: [    8.386435] hw perfevents: enabled with armv8_pmuv3_0 PMU driver, 13 counters available
Oct 28 22:08:24 ubuntu kernel: [    8.387562] kvm [1]: HYP mode not available
Oct 28 22:08:24 ubuntu kernel: [    8.389290] Initialise system trusted keyrings
Oct 28 22:08:24 ubuntu kernel: [    8.389975] Key type blacklist registered
Oct 28 22:08:24 ubuntu kernel: [    8.390987] workingset: timestamp_bits=40 max_order=23 bucket_order=0
Oct 28 22:08:24 ubuntu kernel: [    8.393447] zbud: loaded
Oct 28 22:08:24 ubuntu kernel: [    8.394147] squashfs: version 4.0 (2009/01/31) Phillip Lougher
Oct 28 22:08:24 ubuntu kernel: [    8.395083] fuse: init (API version 7.31)
Oct 28 22:08:24 ubuntu kernel: [    8.396152] integrity: Platform Keyring initialized
Oct 28 22:08:24 ubuntu kernel: [    8.401395] [mitosis-origin] pgd_alloc for mm=ffff0004d10e8400 and mm->pgd =ffff0004de518000.
Oct 28 22:08:24 ubuntu kernel: [    8.409619] Key type asymmetric registered
Oct 28 22:08:24 ubuntu kernel: [    8.410565] Asymmetric key parser 'x509' registered
Oct 28 22:08:24 ubuntu kernel: [    8.411746] Block layer SCSI generic (bsg) driver version 0.4 loaded (major 244)
Oct 28 22:08:24 ubuntu kernel: [    8.414117] io scheduler mq-deadline registered
Oct 28 22:08:24 ubuntu kernel: [    8.418783] pl061_gpio ARMH0061:00: PL061 GPIO chip registered
Oct 28 22:08:24 ubuntu kernel: [    8.419647] PCI Interrupt Link [GSI1] enabled at IRQ 36
Oct 28 22:08:24 ubuntu kernel: [    8.420921] pcieport 0000:00:01.0: PME: Signaling with IRQ 44
Oct 28 22:08:24 ubuntu kernel: [    8.421723] pcieport 0000:00:01.0: AER: enabled with IRQ 44
Oct 28 22:08:24 ubuntu kernel: [    8.422260] pcieport 0000:00:01.0: pciehp: Slot #0 AttnBtn+ PwrCtrl+ MRL- AttnInd+ PwrInd+ HotPlug+ Surprise+ Interlock+ NoCompl- IbPresDis- LLActRep-
Oct 28 22:08:24 ubuntu kernel: [    8.424464] pcieport 0000:00:01.1: PME: Signaling with IRQ 45
Oct 28 22:08:24 ubuntu kernel: [    8.425167] pcieport 0000:00:01.1: AER: enabled with IRQ 45
Oct 28 22:08:24 ubuntu kernel: [    8.425690] pcieport 0000:00:01.1: pciehp: Slot #0 AttnBtn+ PwrCtrl+ MRL- AttnInd+ PwrInd+ HotPlug+ Surprise+ Interlock+ NoCompl- IbPresDis- LLActRep-
Oct 28 22:08:24 ubuntu kernel: [    8.427814] pcieport 0000:00:01.2: PME: Signaling with IRQ 46
Oct 28 22:08:24 ubuntu kernel: [    8.428533] pcieport 0000:00:01.2: AER: enabled with IRQ 46
Oct 28 22:08:24 ubuntu kernel: [    8.429040] pcieport 0000:00:01.2: pciehp: Slot #0 AttnBtn+ PwrCtrl+ MRL- AttnInd+ PwrInd+ HotPlug+ Surprise+ Interlock+ NoCompl- IbPresDis- LLActRep-
Oct 28 22:08:24 ubuntu kernel: [    8.431188] pcieport 0000:00:01.3: PME: Signaling with IRQ 47
Oct 28 22:08:24 ubuntu kernel: [    8.431926] pcieport 0000:00:01.3: AER: enabled with IRQ 47
Oct 28 22:08:24 ubuntu kernel: [    8.432437] pcieport 0000:00:01.3: pciehp: Slot #0 AttnBtn+ PwrCtrl+ MRL- AttnInd+ PwrInd+ HotPlug+ Surprise+ Interlock+ NoCompl- IbPresDis- LLActRep-
Oct 28 22:08:24 ubuntu kernel: [    8.433809] pcieport 0000:00:01.3: pciehp: Slot(0-3): Link Up
Oct 28 22:08:24 ubuntu kernel: [    8.434122] shpchp: Standard Hot Plug PCI Controller Driver version: 0.4
Oct 28 22:08:24 ubuntu kernel: [    8.436654] input: Power Button as /devices/LNXSYSTM:00/LNXSYBUS:00/PNP0C0C:00/input/input0
Oct 28 22:08:24 ubuntu kernel: [    8.437405] ACPI: Power Button [PWRB]
Oct 28 22:08:24 ubuntu kernel: [    8.443126] Serial: 8250/16550 driver, 32 ports, IRQ sharing enabled
Oct 28 22:08:24 ubuntu kernel: [    8.447567] msm_serial: driver initialized
Oct 28 22:08:24 ubuntu kernel: [    8.448701] cacheinfo: Unable to detect cache hierarchy for CPU 0
Oct 28 22:08:24 ubuntu kernel: [    8.471950] loop: module loaded
Oct 28 22:08:24 ubuntu kernel: [    8.474580] libphy: Fixed MDIO Bus: probed
Oct 28 22:08:24 ubuntu kernel: [    8.475414] tun: Universal TUN/TAP device driver, 1.6
Oct 28 22:08:24 ubuntu kernel: [    8.476599] PPP generic driver version 2.4.2
Oct 28 22:08:24 ubuntu kernel: [    8.477567] ehci_hcd: USB 2.0 'Enhanced' Host Controller (EHCI) Driver
Oct 28 22:08:24 ubuntu kernel: [    8.478674] ehci-pci: EHCI PCI platform driver
Oct 28 22:08:24 ubuntu kernel: [    8.479472] ehci-orion: EHCI orion driver
Oct 28 22:08:24 ubuntu kernel: [    8.480144] ohci_hcd: USB 1.1 'Open' Host Controller (OHCI) Driver
Oct 28 22:08:24 ubuntu kernel: [    8.481117] ohci-pci: OHCI PCI platform driver
Oct 28 22:08:24 ubuntu kernel: [    8.481881] uhci_hcd: USB Universal Host Controller Interface driver
Oct 28 22:08:24 ubuntu kernel: [    8.484130] xhci_hcd 0000:02:00.0: xHCI Host Controller
Oct 28 22:08:24 ubuntu kernel: [    8.484661] xhci_hcd 0000:02:00.0: new USB bus registered, assigned bus number 1
Oct 28 22:08:24 ubuntu kernel: [    8.485676] xhci_hcd 0000:02:00.0: hcc params 0x00087001 hci version 0x100 quirks 0x0000000000000010
Oct 28 22:08:24 ubuntu kernel: [    8.487657] usb usb1: New USB device found, idVendor=1d6b, idProduct=0002, bcdDevice= 5.07
Oct 28 22:08:24 ubuntu kernel: [    8.488584] usb usb1: New USB device strings: Mfr=3, Product=2, SerialNumber=1
Oct 28 22:08:24 ubuntu kernel: [    8.489261] usb usb1: Product: xHCI Host Controller
Oct 28 22:08:24 ubuntu kernel: [    8.489732] usb usb1: Manufacturer: Linux 5.7.1 xhci-hcd
Oct 28 22:08:24 ubuntu kernel: [    8.490225] usb usb1: SerialNumber: 0000:02:00.0
Oct 28 22:08:24 ubuntu kernel: [    8.491115] hub 1-0:1.0: USB hub found
Oct 28 22:08:24 ubuntu kernel: [    8.491577] hub 1-0:1.0: 8 ports detected
Oct 28 22:08:24 ubuntu kernel: [    8.492322] xhci_hcd 0000:02:00.0: xHCI Host Controller
Oct 28 22:08:24 ubuntu kernel: [    8.492821] xhci_hcd 0000:02:00.0: new USB bus registered, assigned bus number 2
Oct 28 22:08:24 ubuntu kernel: [    8.493519] xhci_hcd 0000:02:00.0: Host supports USB 3.0 SuperSpeed
Oct 28 22:08:24 ubuntu kernel: [    8.494126] usb usb2: We don't know the algorithms for LPM for this host, disabling LPM.
Oct 28 22:08:24 ubuntu kernel: [    8.494893] usb usb2: New USB device found, idVendor=1d6b, idProduct=0003, bcdDevice= 5.07
Oct 28 22:08:24 ubuntu kernel: [    8.495700] usb usb2: New USB device strings: Mfr=3, Product=2, SerialNumber=1
Oct 28 22:08:24 ubuntu kernel: [    8.496372] usb usb2: Product: xHCI Host Controller
Oct 28 22:08:24 ubuntu kernel: [    8.496825] usb usb2: Manufacturer: Linux 5.7.1 xhci-hcd
Oct 28 22:08:24 ubuntu kernel: [    8.497316] usb usb2: SerialNumber: 0000:02:00.0
Oct 28 22:08:24 ubuntu kernel: [    8.497954] hub 2-0:1.0: USB hub found
Oct 28 22:08:24 ubuntu kernel: [    8.498346] hub 2-0:1.0: 8 ports detected
Oct 28 22:08:24 ubuntu kernel: [    8.499421] mousedev: PS/2 mouse device common for all mice
Oct 28 22:08:24 ubuntu kernel: [    8.500535] rtc-efi rtc-efi.0: registered as rtc0
Oct 28 22:08:24 ubuntu kernel: [    8.501237] rtc-efi rtc-efi.0: setting system clock to 2020-10-28T14:08:18 UTC (1603894098)
Oct 28 22:08:24 ubuntu kernel: [    8.502120] i2c /dev entries driver
Oct 28 22:08:24 ubuntu kernel: [    8.502699] device-mapper: uevent: version 1.0.3
Oct 28 22:08:24 ubuntu kernel: [    8.503339] device-mapper: ioctl: 4.42.0-ioctl (2020-02-27) initialised: dm-devel@redhat.com
Oct 28 22:08:24 ubuntu kernel: [    8.505778] ledtrig-cpu: registered to indicate activity on CPUs
Oct 28 22:08:24 ubuntu kernel: [    8.506435] EFI Variables Facility v0.08 2004-May-17
Oct 28 22:08:24 ubuntu kernel: [    8.508782] NET: Registered protocol family 10
Oct 28 22:08:24 ubuntu kernel: [    8.510718] [mitosis-origin] pgd_alloc for mm=ffff0004d10ed800 and mm->pgd =ffff0004de4f3000.
Oct 28 22:08:24 ubuntu kernel: [    8.513104] [mitosis-origin] pgd_free for mm=ffff0004d10e8400 and pgd =ffff0004de518000 and mm->pgd=ffff0004de518000.
Oct 28 22:08:24 ubuntu kernel: [    8.517289] [mitosis-origin] pgd_alloc for mm=ffff0004d10e8400 and mm->pgd =ffff0004d1188000.
Oct 28 22:08:24 ubuntu kernel: [    8.518647] [mitosis-origin] pgd_free for mm=ffff0004d10ed800 and pgd =ffff0004de4f3000 and mm->pgd=ffff0004de4f3000.
Oct 28 22:08:24 ubuntu kernel: [    8.522212] [mitosis-origin] pgd_alloc for mm=ffff0004d10ed800 and mm->pgd =ffff0004dec83000.
Oct 28 22:08:24 ubuntu kernel: [    8.523620] [mitosis-origin] pgd_free for mm=ffff0004d10e8400 and pgd =ffff0004d1188000 and mm->pgd=ffff0004d1188000.
Oct 28 22:08:24 ubuntu kernel: [    8.526153] [mitosis-origin] pgd_alloc for mm=ffff000495a3d800 and mm->pgd =ffff0004dec7f000.
Oct 28 22:08:24 ubuntu kernel: [    8.530904] [mitosis-origin] pgd_alloc for mm=ffff000495a38800 and mm->pgd =ffff0004d1195000.
Oct 28 22:08:24 ubuntu kernel: [    8.533226] [mitosis-origin] pgd_free for mm=ffff000495a3d800 and pgd =ffff0004dec7f000 and mm->pgd=ffff0004dec7f000.
Oct 28 22:08:24 ubuntu kernel: [    8.536357] [mitosis-origin] pgd_alloc for mm=ffff000495a3d800 and mm->pgd =ffff0004dec8c000.
Oct 28 22:08:24 ubuntu kernel: [    8.537195] [mitosis-origin] pgd_free for mm=ffff000495a38800 and pgd =ffff0004d1195000 and mm->pgd=ffff0004d1195000.
Oct 28 22:08:24 ubuntu kernel: [    8.539027] Segment Routing with IPv6
Oct 28 22:08:24 ubuntu kernel: [    8.539491] NET: Registered protocol family 17
Oct 28 22:08:24 ubuntu kernel: [    8.540143] Key type dns_resolver registered
Oct 28 22:08:24 ubuntu kernel: [    8.540813] registered taskstats version 1
Oct 28 22:08:24 ubuntu kernel: [    8.541248] Loading compiled-in X.509 certificates
Oct 28 22:08:24 ubuntu kernel: [    8.542334] [mitosis-origin] pgd_alloc for mm=ffff000495ae6400 and mm->pgd =ffff000495aa3000.
Oct 28 22:08:24 ubuntu kernel: [    8.545860] Loaded X.509 cert 'Build time autogenerated kernel key: 5fc9bbbf10d23f3f9dda6c889ba5358a20950e89'
Oct 28 22:08:24 ubuntu kernel: [    8.547877] zswap: loaded using pool lzo/zbud
Oct 28 22:08:24 ubuntu kernel: [    8.549511] Key type ._fscrypt registered
Oct 28 22:08:24 ubuntu kernel: [    8.550210] Key type .fscrypt registered
Oct 28 22:08:24 ubuntu kernel: [    8.550873] Key type fscrypt-provisioning registered
Oct 28 22:08:24 ubuntu kernel: [    8.551966] [mitosis-origin] pgd_alloc for mm=ffff0004d10e8400 and mm->pgd =ffff0004de4e5000.
Oct 28 22:08:24 ubuntu kernel: [    8.554211] [mitosis-origin] pgd_free for mm=ffff0004d10ed800 and pgd =ffff0004dec83000 and mm->pgd=ffff0004dec83000.
Oct 28 22:08:24 ubuntu kernel: [    8.559284] [mitosis-origin] pgd_alloc for mm=ffff0004d10ed800 and mm->pgd =ffff000495a4e000.
Oct 28 22:08:24 ubuntu kernel: [    8.560372] [mitosis-origin] pgd_free for mm=ffff0004d10e8400 and pgd =ffff0004de4e5000 and mm->pgd=ffff0004de4e5000.
Oct 28 22:08:24 ubuntu kernel: [    8.562691] [mitosis-origin] pgd_alloc for mm=ffff0004d10e8400 and mm->pgd =ffff000495a52000.
Oct 28 22:08:24 ubuntu kernel: [    8.563657] [mitosis-origin] pgd_free for mm=ffff0004d10ed800 and pgd =ffff000495a4e000 and mm->pgd=ffff000495a4e000.
Oct 28 22:08:24 ubuntu kernel: [    8.567716] [mitosis-origin] pgd_alloc for mm=ffff000495ae2c00 and mm->pgd =ffff000495aeb000.
Oct 28 22:08:24 ubuntu kernel: [    8.569283] [mitosis-origin] pgd_free for mm=ffff000495ae6400 and pgd =ffff000495aa3000 and mm->pgd=ffff000495aa3000.
Oct 28 22:08:24 ubuntu kernel: [    8.576457] cryptd: max_cpu_qlen set to 1000
Oct 28 22:08:24 ubuntu kernel: [    8.581849] [mitosis-origin] pgd_alloc for mm=ffff0004d10ed800 and mm->pgd =ffff0004de4f7000.
Oct 28 22:08:24 ubuntu kernel: [    8.586781] [mitosis-origin] pgd_alloc for mm=ffff0004d10e8800 and mm->pgd =ffff000495ac8000.
Oct 28 22:08:24 ubuntu kernel: [    8.589019] [mitosis-origin] pgd_free for mm=ffff0004d10ed800 and pgd =ffff0004de4f7000 and mm->pgd=ffff0004de4f7000.
Oct 28 22:08:24 ubuntu kernel: [    8.591310] [mitosis-origin] pgd_alloc for mm=ffff000495ae6400 and mm->pgd =ffff000495a5c000.
Oct 28 22:08:24 ubuntu kernel: [    8.592534] [mitosis-origin] pgd_free for mm=ffff000495ae2c00 and pgd =ffff000495aeb000 and mm->pgd=ffff000495aeb000.
Oct 28 22:08:24 ubuntu kernel: [    8.596183] [mitosis-origin] pgd_alloc for mm=ffff000495454000 and mm->pgd =ffff0004dece4000.
Oct 28 22:08:24 ubuntu kernel: [    8.600236] [mitosis-origin] pgd_alloc for mm=ffff000495462400 and mm->pgd =ffff0004ded62000.
Oct 28 22:08:24 ubuntu kernel: [    8.604203] [mitosis-origin] pgd_alloc for mm=ffff0004954c4400 and mm->pgd =ffff00049547a000.
Oct 28 22:08:24 ubuntu kernel: [    8.607809] [mitosis-origin] pgd_alloc for mm=ffff0004954c5400 and mm->pgd =ffff00049548a000.
Oct 28 22:08:24 ubuntu kernel: [    8.609279] [mitosis-origin] pgd_free for mm=ffff0004954c4400 and pgd =ffff00049547a000 and mm->pgd=ffff00049547a000.
Oct 28 22:08:24 ubuntu kernel: [    8.612780] [mitosis-origin] pgd_alloc for mm=ffff0004954c4400 and mm->pgd =ffff000495499000.
Oct 28 22:08:24 ubuntu kernel: [    8.614208] [mitosis-origin] pgd_free for mm=ffff0004954c5400 and pgd =ffff00049548a000 and mm->pgd=ffff00049548a000.
Oct 28 22:08:24 ubuntu kernel: [    8.617585] [mitosis-origin] pgd_alloc for mm=ffff0004954c5400 and mm->pgd =ffff0004dec88000.
Oct 28 22:08:24 ubuntu kernel: [    8.618381] [mitosis-origin] pgd_free for mm=ffff0004954c4400 and pgd =ffff000495499000 and mm->pgd=ffff000495499000.
Oct 28 22:08:24 ubuntu kernel: [    8.620355] [mitosis-origin] pgd_alloc for mm=ffff0004954c4400 and mm->pgd =ffff000495aeb000.
Oct 28 22:08:24 ubuntu kernel: [    8.621145] [mitosis-origin] pgd_free for mm=ffff0004954c5400 and pgd =ffff0004dec88000 and mm->pgd=ffff0004dec88000.
Oct 28 22:08:24 ubuntu kernel: [    8.623079] [mitosis-origin] pgd_alloc for mm=ffff0004954c5400 and mm->pgd =ffff000495a4a000.
Oct 28 22:08:24 ubuntu kernel: [    8.623966] [mitosis-origin] pgd_free for mm=ffff0004954c4400 and pgd =ffff000495aeb000 and mm->pgd=ffff000495aeb000.
Oct 28 22:08:24 ubuntu kernel: [    8.626022] [mitosis-origin] pgd_alloc for mm=ffff0004954c4400 and mm->pgd =ffff0004dfb32000.
Oct 28 22:08:24 ubuntu kernel: [    8.626815] [mitosis-origin] pgd_free for mm=ffff0004954c5400 and pgd =ffff000495a4a000 and mm->pgd=ffff000495a4a000.
Oct 28 22:08:24 ubuntu kernel: [    8.628789] [mitosis-origin] pgd_alloc for mm=ffff0004954c5400 and mm->pgd =ffff000495a66000.
Oct 28 22:08:24 ubuntu kernel: [    8.629599] [mitosis-origin] pgd_free for mm=ffff0004954c4400 and pgd =ffff0004dfb32000 and mm->pgd=ffff0004dfb32000.
Oct 28 22:08:24 ubuntu kernel: [    8.631525] [mitosis-origin] pgd_alloc for mm=ffff0004954c4400 and mm->pgd =ffff000495aa3000.
Oct 28 22:08:24 ubuntu kernel: [    8.632323] [mitosis-origin] pgd_free for mm=ffff0004954c5400 and pgd =ffff000495a66000 and mm->pgd=ffff000495a66000.
Oct 28 22:08:24 ubuntu kernel: [    8.634305] [mitosis-origin] pgd_alloc for mm=ffff0004954c5400 and mm->pgd =ffff0004dfb37000.
Oct 28 22:08:24 ubuntu kernel: [    8.635098] [mitosis-origin] pgd_free for mm=ffff0004954c4400 and pgd =ffff000495aa3000 and mm->pgd=ffff000495aa3000.
Oct 28 22:08:24 ubuntu kernel: [    8.637168] [mitosis-origin] pgd_alloc for mm=ffff0004954c4400 and mm->pgd =ffff0004dfb36000.
Oct 28 22:08:24 ubuntu kernel: [    8.637974] [mitosis-origin] pgd_free for mm=ffff0004954c5400 and pgd =ffff0004dfb37000 and mm->pgd=ffff0004dfb37000.
Oct 28 22:08:24 ubuntu kernel: [    8.644153] [mitosis-origin] pgd_alloc for mm=ffff000495467c00 and mm->pgd =ffff0004ded96000.
Oct 28 22:08:24 ubuntu kernel: [    8.646134] [mitosis-origin] pgd_free for mm=ffff000495462400 and pgd =ffff0004ded62000 and mm->pgd=ffff0004ded62000.
Oct 28 22:08:24 ubuntu kernel: [    8.650622] [mitosis-origin] pgd_alloc for mm=ffff000495462400 and mm->pgd =ffff000495afc000.
Oct 28 22:08:24 ubuntu kernel: [    8.651749] [mitosis-origin] pgd_free for mm=ffff000495467c00 and pgd =ffff0004ded96000 and mm->pgd=ffff0004ded96000.
Oct 28 22:08:24 ubuntu kernel: [    8.654132] [mitosis-origin] pgd_alloc for mm=ffff000495467c00 and mm->pgd =ffff000495b00000.
Oct 28 22:08:24 ubuntu kernel: [    8.655113] [mitosis-origin] pgd_free for mm=ffff000495462400 and pgd =ffff000495afc000 and mm->pgd=ffff000495afc000.
Oct 28 22:08:24 ubuntu kernel: [    8.657632] [mitosis-origin] pgd_alloc for mm=ffff000495462400 and mm->pgd =ffff000495b04000.
Oct 28 22:08:24 ubuntu kernel: [    8.658627] [mitosis-origin] pgd_free for mm=ffff000495467c00 and pgd =ffff000495b00000 and mm->pgd=ffff000495b00000.
Oct 28 22:08:24 ubuntu kernel: [    8.660721] [mitosis-origin] pgd_alloc for mm=ffff000495467c00 and mm->pgd =ffff000495b08000.
Oct 28 22:08:24 ubuntu kernel: [    8.661570] [mitosis-origin] pgd_free for mm=ffff000495462400 and pgd =ffff000495b04000 and mm->pgd=ffff000495b04000.
Oct 28 22:08:24 ubuntu kernel: [    8.663434] [mitosis-origin] pgd_alloc for mm=ffff000495462400 and mm->pgd =ffff000495b0c000.
Oct 28 22:08:24 ubuntu kernel: [    8.664262] [mitosis-origin] pgd_free for mm=ffff000495467c00 and pgd =ffff000495b08000 and mm->pgd=ffff000495b08000.
Oct 28 22:08:24 ubuntu kernel: [    8.666167] [mitosis-origin] pgd_alloc for mm=ffff000495467c00 and mm->pgd =ffff000495b10000.
Oct 28 22:08:24 ubuntu kernel: [    8.666995] [mitosis-origin] pgd_free for mm=ffff000495462400 and pgd =ffff000495b0c000 and mm->pgd=ffff000495b0c000.
Oct 28 22:08:24 ubuntu kernel: [    8.668995] [mitosis-origin] pgd_alloc for mm=ffff000495462400 and mm->pgd =ffff000495b14000.
Oct 28 22:08:24 ubuntu kernel: [    8.669838] [mitosis-origin] pgd_free for mm=ffff000495467c00 and pgd =ffff000495b10000 and mm->pgd=ffff000495b10000.
Oct 28 22:08:24 ubuntu kernel: [    8.671743] [mitosis-origin] pgd_alloc for mm=ffff000495467c00 and mm->pgd =ffff000495b18000.
Oct 28 22:08:24 ubuntu kernel: [    8.672564] [mitosis-origin] pgd_free for mm=ffff000495462400 and pgd =ffff000495b14000 and mm->pgd=ffff000495b14000.
Oct 28 22:08:24 ubuntu kernel: [    8.674434] [mitosis-origin] pgd_alloc for mm=ffff000495462400 and mm->pgd =ffff000495b1c000.
Oct 28 22:08:24 ubuntu kernel: [    8.675339] [mitosis-origin] pgd_free for mm=ffff000495467c00 and pgd =ffff000495b18000 and mm->pgd=ffff000495b18000.
Oct 28 22:08:24 ubuntu kernel: [    8.677245] [mitosis-origin] pgd_alloc for mm=ffff000495467c00 and mm->pgd =ffff000495b20000.
Oct 28 22:08:24 ubuntu kernel: [    8.678082] [mitosis-origin] pgd_free for mm=ffff000495462400 and pgd =ffff000495b1c000 and mm->pgd=ffff000495b1c000.
Oct 28 22:08:24 ubuntu kernel: [    8.679971] [mitosis-origin] pgd_alloc for mm=ffff000495462400 and mm->pgd =ffff000495b24000.
Oct 28 22:08:24 ubuntu kernel: [    8.680800] [mitosis-origin] pgd_free for mm=ffff000495467c00 and pgd =ffff000495b20000 and mm->pgd=ffff000495b20000.
Oct 28 22:08:24 ubuntu kernel: [    8.682722] [mitosis-origin] pgd_alloc for mm=ffff000495467c00 and mm->pgd =ffff0004955b1000.
Oct 28 22:08:24 ubuntu kernel: [    8.683643] [mitosis-origin] pgd_free for mm=ffff000495462400 and pgd =ffff000495b24000 and mm->pgd=ffff000495b24000.
Oct 28 22:08:24 ubuntu kernel: [    8.685598] [mitosis-origin] pgd_alloc for mm=ffff000495462400 and mm->pgd =ffff0004955b5000.
Oct 28 22:08:24 ubuntu kernel: [    8.686416] [mitosis-origin] pgd_free for mm=ffff000495467c00 and pgd =ffff0004955b1000 and mm->pgd=ffff0004955b1000.
Oct 28 22:08:24 ubuntu kernel: [    8.688331] [mitosis-origin] pgd_alloc for mm=ffff000495467c00 and mm->pgd =ffff0004955b9000.
Oct 28 22:08:24 ubuntu kernel: [    8.689147] [mitosis-origin] pgd_free for mm=ffff000495462400 and pgd =ffff0004955b5000 and mm->pgd=ffff0004955b5000.
Oct 28 22:08:24 ubuntu kernel: [    8.691085] [mitosis-origin] pgd_alloc for mm=ffff000495462400 and mm->pgd =ffff0004955bd000.
Oct 28 22:08:24 ubuntu kernel: [    8.691999] [mitosis-origin] pgd_free for mm=ffff000495467c00 and pgd =ffff0004955b9000 and mm->pgd=ffff0004955b9000.
Oct 28 22:08:24 ubuntu kernel: [    8.698188] [mitosis-origin] pgd_alloc for mm=ffff000495467c00 and mm->pgd =ffff0004955c1000.
Oct 28 22:08:24 ubuntu kernel: [    8.699009] [mitosis-origin] pgd_free for mm=ffff000495462400 and pgd =ffff0004955bd000 and mm->pgd=ffff0004955bd000.
Oct 28 22:08:24 ubuntu kernel: [    8.701627] [mitosis-origin] pgd_alloc for mm=ffff000495623800 and mm->pgd =ffff0004dedc1000.
Oct 28 22:08:24 ubuntu kernel: [    8.706973] [mitosis-origin] pgd_alloc for mm=ffff000495624400 and mm->pgd =ffff0004dedd0000.
Oct 28 22:08:24 ubuntu kernel: [    8.709336] [mitosis-origin] pgd_free for mm=ffff000495623800 and pgd =ffff0004dedc1000 and mm->pgd=ffff0004dedc1000.
Oct 28 22:08:24 ubuntu kernel: [    8.712043] [mitosis-origin] pgd_alloc for mm=ffff000495623800 and mm->pgd =ffff00049562b000.
Oct 28 22:08:24 ubuntu kernel: [    8.712967] [mitosis-origin] pgd_free for mm=ffff000495624400 and pgd =ffff0004dedd0000 and mm->pgd=ffff0004dedd0000.
Oct 28 22:08:24 ubuntu kernel: [    8.715374] [mitosis-origin] pgd_alloc for mm=ffff000495624400 and mm->pgd =ffff00049562f000.
Oct 28 22:08:24 ubuntu kernel: [    8.716294] [mitosis-origin] pgd_free for mm=ffff000495623800 and pgd =ffff00049562b000 and mm->pgd=ffff00049562b000.
Oct 28 22:08:24 ubuntu kernel: [    8.718691] [mitosis-origin] pgd_alloc for mm=ffff000495623800 and mm->pgd =ffff000495633000.
Oct 28 22:08:24 ubuntu kernel: [    8.719615] [mitosis-origin] pgd_free for mm=ffff000495624400 and pgd =ffff00049562f000 and mm->pgd=ffff00049562f000.
Oct 28 22:08:24 ubuntu kernel: [    8.721786] [mitosis-origin] pgd_alloc for mm=ffff000495624400 and mm->pgd =ffff000495637000.
Oct 28 22:08:24 ubuntu kernel: [    8.722626] [mitosis-origin] pgd_free for mm=ffff000495623800 and pgd =ffff000495633000 and mm->pgd=ffff000495633000.
Oct 28 22:08:24 ubuntu kernel: [    8.724927] [mitosis-origin] pgd_alloc for mm=ffff000495623800 and mm->pgd =ffff00049563b000.
Oct 28 22:08:24 ubuntu kernel: [    8.725800] [mitosis-origin] pgd_free for mm=ffff000495624400 and pgd =ffff000495637000 and mm->pgd=ffff000495637000.
Oct 28 22:08:24 ubuntu kernel: [    8.728026] [mitosis-origin] pgd_alloc for mm=ffff000495624400 and mm->pgd =ffff00049563f000.
Oct 28 22:08:24 ubuntu kernel: [    8.728879] [mitosis-origin] pgd_free for mm=ffff000495623800 and pgd =ffff00049563b000 and mm->pgd=ffff00049563b000.
Oct 28 22:08:24 ubuntu kernel: [    8.731819] [mitosis-origin] pgd_alloc for mm=ffff0004954c5400 and mm->pgd =ffff0004dec86000.
Oct 28 22:08:24 ubuntu kernel: [    8.733188] [mitosis-origin] pgd_free for mm=ffff0004954c4400 and pgd =ffff0004dfb36000 and mm->pgd=ffff0004dfb36000.
Oct 28 22:08:24 ubuntu kernel: [    8.736518] [mitosis-origin] pgd_alloc for mm=ffff000495ae2c00 and mm->pgd =ffff0004956c9000.
Oct 28 22:08:24 ubuntu kernel: [    8.737949] [mitosis-origin] pgd_free for mm=ffff000495ae6400 and pgd =ffff000495a5c000 and mm->pgd=ffff000495a5c000.
Oct 28 22:08:24 ubuntu kernel: [    8.740763] Key type big_key registered
Oct 28 22:08:24 ubuntu kernel: [    8.741626] [mitosis-origin] pgd_alloc for mm=ffff000495ae6400 and mm->pgd =ffff0004956d6000.
Oct 28 22:08:24 ubuntu kernel: [    8.742930] [mitosis-origin] pgd_free for mm=ffff000495ae2c00 and pgd =ffff0004956c9000 and mm->pgd=ffff0004956c9000.
Oct 28 22:08:24 ubuntu kernel: [    8.756652] [mitosis-origin] pgd_alloc for mm=ffff000495ae2c00 and mm->pgd =ffff0004956e8000.
Oct 28 22:08:24 ubuntu kernel: [    8.757491] [mitosis-origin] pgd_free for mm=ffff000495ae6400 and pgd =ffff0004956d6000 and mm->pgd=ffff0004956d6000.
Oct 28 22:08:24 ubuntu kernel: [    8.760041] [mitosis-origin] pgd_alloc for mm=ffff000495ae6400 and mm->pgd =ffff000495a78000.
Oct 28 22:08:24 ubuntu kernel: [    8.760881] [mitosis-origin] pgd_free for mm=ffff000495ae2c00 and pgd =ffff0004956e8000 and mm->pgd=ffff0004956e8000.
Oct 28 22:08:24 ubuntu kernel: [    8.762701] Key type encrypted registered
Oct 28 22:08:24 ubuntu kernel: [    8.763720] AppArmor: AppArmor sha1 policy hashing enabled
Oct 28 22:08:24 ubuntu kernel: [    8.765555] ima: No TPM chip found, activating TPM-bypass!
Oct 28 22:08:24 ubuntu kernel: [    8.766845] ima: Allocated hash algorithm: sha1
Oct 28 22:08:24 ubuntu kernel: [    8.768076] ima: No architecture policies found
Oct 28 22:08:24 ubuntu kernel: [    8.769169] evm: Initialising EVM extended attributes:
Oct 28 22:08:24 ubuntu kernel: [    8.769947] evm: security.selinux
Oct 28 22:08:24 ubuntu kernel: [    8.770278] evm: security.SMACK64
Oct 28 22:08:24 ubuntu kernel: [    8.770612] evm: security.SMACK64EXEC
Oct 28 22:08:24 ubuntu kernel: [    8.770978] evm: security.SMACK64TRANSMUTE
Oct 28 22:08:24 ubuntu kernel: [    8.771428] evm: security.SMACK64MMAP
Oct 28 22:08:24 ubuntu kernel: [    8.771795] evm: security.apparmor
Oct 28 22:08:24 ubuntu kernel: [    8.772136] evm: security.ima
Oct 28 22:08:24 ubuntu kernel: [    8.772431] evm: security.capability
Oct 28 22:08:24 ubuntu kernel: [    8.772787] evm: HMAC attrs: 0x1
Oct 28 22:08:24 ubuntu kernel: [    8.777214] Freeing unused kernel memory: 7040K
Oct 28 22:08:24 ubuntu kernel: [    8.861434] Checked W+X mappings: passed, no W+X pages found
Oct 28 22:08:24 ubuntu kernel: [    8.862024] Run /init as init process
Oct 28 22:08:24 ubuntu kernel: [    8.862369]   with arguments:
Oct 28 22:08:24 ubuntu kernel: [    8.862371]     /init
Oct 28 22:08:24 ubuntu kernel: [    8.862371]   with environment:
Oct 28 22:08:24 ubuntu kernel: [    8.862372]     HOME=/
Oct 28 22:08:24 ubuntu kernel: [    8.862373]     TERM=linux
Oct 28 22:08:24 ubuntu kernel: [    8.862374]     BOOT_IMAGE=/boot/vmlinuz-5.7.1
Oct 28 22:08:24 ubuntu kernel: [    8.862442] [mitosis-origin] pgd_alloc for mm=ffff0004957e4000 and mm->pgd =ffff000495768000.
Oct 28 22:08:24 ubuntu kernel: [    8.864492] [mitosis-origin] pgd_alloc for mm=ffff0004957e4800 and mm->pgd =ffff00049577d000.
Oct 28 22:08:24 ubuntu kernel: [    8.865411] [mitosis-origin] pgd_free for mm=ffff000495ae6400 and pgd =ffff000495a78000 and mm->pgd=ffff000495a78000.
Oct 28 22:08:24 ubuntu kernel: [    8.868969] [mitosis-origin] pgd_alloc for mm=ffff0004957e7800 and mm->pgd =ffff000495792000.
Oct 28 22:08:24 ubuntu kernel: [    8.870020] [mitosis-origin] pgd_free for mm=ffff0004957e4800 and pgd =ffff00049577d000 and mm->pgd=ffff00049577d000.
Oct 28 22:08:24 ubuntu kernel: [    8.872676] [mitosis-origin] pgd_alloc for mm=ffff0004957e6c00 and mm->pgd =ffff0004957a1000.
Oct 28 22:08:24 ubuntu kernel: [    8.873669] [mitosis-origin] pgd_free for mm=ffff0004957e7800 and pgd =ffff000495792000 and mm->pgd=ffff000495792000.
Oct 28 22:08:24 ubuntu kernel: [    8.875243] [mitosis-origin] pgd_alloc for mm=ffff0004957e2800 and mm->pgd =ffff0004957b0000.
Oct 28 22:08:24 ubuntu kernel: [    8.877379] [mitosis-origin] pgd_free for mm=ffff0004957e6c00 and pgd =ffff0004957a1000 and mm->pgd=ffff0004957a1000.
Oct 28 22:08:24 ubuntu kernel: [    8.879048] [mitosis-origin] pgd_alloc for mm=ffff0004957e0000 and mm->pgd =ffff0004957bf000.
Oct 28 22:08:24 ubuntu kernel: [    8.881288] [mitosis-origin] pgd_free for mm=ffff0004957e2800 and pgd =ffff0004957b0000 and mm->pgd=ffff0004957b0000.
Oct 28 22:08:24 ubuntu kernel: [    8.882572] [mitosis-origin] pgd_alloc for mm=ffff000495ae6400 and mm->pgd =ffff0004957af000.
Oct 28 22:08:24 ubuntu kernel: [    8.883634] [mitosis-origin] pgd_free for mm=ffff0004957e0000 and pgd =ffff0004957bf000 and mm->pgd=ffff0004957bf000.
Oct 28 22:08:24 ubuntu kernel: [    8.885605] [mitosis-origin] pgd_alloc for mm=ffff0004957e7400 and mm->pgd =ffff0004957cc000.
Oct 28 22:08:24 ubuntu kernel: [    8.887302] [mitosis-origin] pgd_free for mm=ffff000495ae6400 and pgd =ffff0004957af000 and mm->pgd=ffff0004957af000.
Oct 28 22:08:24 ubuntu kernel: [    8.888571] [mitosis-origin] pgd_alloc for mm=ffff000495ae6400 and mm->pgd =ffff000495a77000.
Oct 28 22:08:24 ubuntu kernel: [    8.889603] [mitosis-origin] pgd_free for mm=ffff0004957e7400 and pgd =ffff0004957cc000 and mm->pgd=ffff0004957cc000.
Oct 28 22:08:24 ubuntu kernel: [    8.891540] [mitosis-origin] pgd_alloc for mm=ffff0004957e6000 and mm->pgd =ffff0004957dd000.
Oct 28 22:08:24 ubuntu kernel: [    8.893218] [mitosis-origin] pgd_free for mm=ffff000495ae6400 and pgd =ffff000495a77000 and mm->pgd=ffff000495a77000.
Oct 28 22:08:24 ubuntu kernel: [    8.894600] [mitosis-origin] pgd_alloc for mm=ffff000495ae6400 and mm->pgd =ffff0004957cb000.
Oct 28 22:08:24 ubuntu kernel: [    8.895697] [mitosis-origin] pgd_free for mm=ffff0004957e6000 and pgd =ffff0004957dd000 and mm->pgd=ffff0004957dd000.
Oct 28 22:08:24 ubuntu kernel: [    8.898078] [mitosis-origin] pgd_alloc for mm=ffff00049505bc00 and mm->pgd =ffff0004dfb59000.
Oct 28 22:08:24 ubuntu kernel: [    8.899541] [mitosis-origin] pgd_alloc for mm=ffff0004957e3400 and mm->pgd =ffff000495011000.
Oct 28 22:08:24 ubuntu kernel: [    8.901403] [mitosis-origin] pgd_free for mm=ffff00049505bc00 and pgd =ffff0004dfb59000 and mm->pgd=ffff0004dfb59000.
Oct 28 22:08:24 ubuntu kernel: [    8.904532] [mitosis-origin] pgd_alloc for mm=ffff00049505dc00 and mm->pgd =ffff0004dfb69000.
Oct 28 22:08:24 ubuntu kernel: [    8.905753] [mitosis-origin] pgd_free for mm=ffff0004957e3400 and pgd =ffff000495011000 and mm->pgd=ffff000495011000.
Oct 28 22:08:24 ubuntu kernel: [    8.907898] [mitosis-origin] pgd_alloc for mm=ffff00049505b800 and mm->pgd =ffff0004dfb78000.
Oct 28 22:08:24 ubuntu kernel: [    8.909024] [mitosis-origin] pgd_free for mm=ffff00049505dc00 and pgd =ffff0004dfb69000 and mm->pgd=ffff0004dfb69000.
Oct 28 22:08:24 ubuntu kernel: [    8.910842] [mitosis-origin] pgd_alloc for mm=ffff0004957e3400 and mm->pgd =ffff00049501e000.
Oct 28 22:08:24 ubuntu kernel: [    8.912288] [mitosis-origin] pgd_free for mm=ffff00049505b800 and pgd =ffff0004dfb78000 and mm->pgd=ffff0004dfb78000.
Oct 28 22:08:24 ubuntu kernel: [    8.914276] [mitosis-origin] pgd_alloc for mm=ffff00049505c400 and mm->pgd =ffff000495071000.
Oct 28 22:08:24 ubuntu kernel: [    8.915346] [mitosis-origin] pgd_free for mm=ffff0004957e3400 and pgd =ffff00049501e000 and mm->pgd=ffff00049501e000.
Oct 28 22:08:24 ubuntu kernel: [    8.916727] [mitosis-origin] pgd_alloc for mm=ffff0004957e3400 and mm->pgd =ffff0004dfb77000.
Oct 28 22:08:24 ubuntu kernel: [    8.917931] [mitosis-origin] pgd_free for mm=ffff00049505c400 and pgd =ffff000495071000 and mm->pgd=ffff000495071000.
Oct 28 22:08:24 ubuntu kernel: [    8.919962] [mitosis-origin] pgd_alloc for mm=ffff00049505d400 and mm->pgd =ffff000495080000.
Oct 28 22:08:24 ubuntu kernel: [    8.921016] [mitosis-origin] pgd_free for mm=ffff0004957e3400 and pgd =ffff0004dfb77000 and mm->pgd=ffff0004dfb77000.
Oct 28 22:08:24 ubuntu kernel: [    8.923892] [mitosis-origin] pgd_alloc for mm=ffff00049505e400 and mm->pgd =ffff000495090000.
Oct 28 22:08:24 ubuntu kernel: [    8.924902] [mitosis-origin] pgd_free for mm=ffff00049505d400 and pgd =ffff000495080000 and mm->pgd=ffff000495080000.
Oct 28 22:08:24 ubuntu kernel: [    8.926113] [mitosis-origin] pgd_alloc for mm=ffff0004957e3400 and mm->pgd =ffff00049507f000.
Oct 28 22:08:24 ubuntu kernel: [    8.927062] [mitosis-origin] pgd_free for mm=ffff00049505e400 and pgd =ffff000495090000 and mm->pgd=ffff000495090000.
Oct 28 22:08:24 ubuntu kernel: [    8.929012] [mitosis-origin] pgd_alloc for mm=ffff0004950ee800 and mm->pgd =ffff000495925000.
Oct 28 22:08:24 ubuntu kernel: [    8.930208] [mitosis-origin] pgd_alloc for mm=ffff00049505ac00 and mm->pgd =ffff00049509c000.
Oct 28 22:08:24 ubuntu kernel: [    8.931494] [mitosis-origin] pgd_free for mm=ffff0004950ee800 and pgd =ffff000495925000 and mm->pgd=ffff000495925000.
Oct 28 22:08:24 ubuntu kernel: [    8.933632] [mitosis-origin] pgd_alloc for mm=ffff000495058c00 and mm->pgd =ffff0004950f8000.
Oct 28 22:08:24 ubuntu kernel: [    8.935076] [mitosis-origin] pgd_alloc for mm=ffff0004950ef000 and mm->pgd =ffff000495932000.
Oct 28 22:08:24 ubuntu kernel: [    8.936469] [mitosis-origin] pgd_free for mm=ffff000495058c00 and pgd =ffff0004950f8000 and mm->pgd=ffff0004950f8000.
Oct 28 22:08:24 ubuntu kernel: [    8.938884] [mitosis-origin] pgd_free for mm=ffff0004950ef000 and pgd =ffff000495932000 and mm->pgd=ffff000495932000.
Oct 28 22:08:24 ubuntu kernel: [    8.940453] [mitosis-origin] pgd_alloc for mm=ffff0004950ef000 and mm->pgd =ffff000495932000.
Oct 28 22:08:24 ubuntu kernel: [    8.941682] [mitosis-origin] pgd_alloc for mm=ffff00049505a400 and mm->pgd =ffff000495103000.
Oct 28 22:08:24 ubuntu kernel: [    8.942836] [mitosis-origin] pgd_free for mm=ffff0004950ef000 and pgd =ffff000495932000 and mm->pgd=ffff000495932000.
Oct 28 22:08:24 ubuntu kernel: [    8.944767] [mitosis-origin] pgd_alloc for mm=ffff00049505fc00 and mm->pgd =ffff000495114000.
Oct 28 22:08:24 ubuntu kernel: [    8.946358] [mitosis-origin] pgd_alloc for mm=ffff000495182400 and mm->pgd =ffff0004de52a000.
Oct 28 22:08:24 ubuntu kernel: [    8.947724] [mitosis-origin] pgd_free for mm=ffff00049505fc00 and pgd =ffff000495114000 and mm->pgd=ffff000495114000.
Oct 28 22:08:24 ubuntu kernel: [    8.950501] [mitosis-origin] pgd_alloc for mm=ffff0004950ecc00 and mm->pgd =ffff00049514b000.
Oct 28 22:08:24 ubuntu kernel: [    8.951721] [mitosis-origin] pgd_alloc for mm=ffff00049519d000 and mm->pgd =ffff0004955e8000.
Oct 28 22:08:24 ubuntu kernel: [    8.952798] [mitosis-origin] pgd_free for mm=ffff0004950ecc00 and pgd =ffff00049514b000 and mm->pgd=ffff00049514b000.
Oct 28 22:08:24 ubuntu kernel: [    8.954535] [mitosis-origin] pgd_alloc for mm=ffff000495199c00 and mm->pgd =ffff0004955d7000.
Oct 28 22:08:24 ubuntu kernel: [    8.955926] [mitosis-origin] pgd_alloc for mm=ffff0004950ea000 and mm->pgd =ffff000495933000.
Oct 28 22:08:24 ubuntu kernel: [    8.957197] [mitosis-origin] pgd_free for mm=ffff000495199c00 and pgd =ffff0004955d7000 and mm->pgd=ffff0004955d7000.
Oct 28 22:08:24 ubuntu kernel: [    8.959789] [mitosis-origin] pgd_free for mm=ffff0004950ea000 and pgd =ffff000495933000 and mm->pgd=ffff000495933000.
Oct 28 22:08:24 ubuntu kernel: [    8.961314] [mitosis-origin] pgd_alloc for mm=ffff0004950ea000 and mm->pgd =ffff000495933000.
Oct 28 22:08:24 ubuntu kernel: [    8.962554] [mitosis-origin] pgd_free for mm=ffff00049519d000 and pgd =ffff0004955e8000 and mm->pgd=ffff0004955e8000.
Oct 28 22:08:24 ubuntu kernel: [    8.964041] [mitosis-origin] pgd_alloc for mm=ffff00049519d000 and mm->pgd =ffff0004df4aa000.
Oct 28 22:08:24 ubuntu kernel: [    8.965097] [mitosis-origin] pgd_free for mm=ffff0004950ea000 and pgd =ffff000495933000 and mm->pgd=ffff000495933000.
Oct 28 22:08:24 ubuntu kernel: [    8.966910] [mitosis-origin] pgd_alloc for mm=ffff000495199000 and mm->pgd =ffff0004df4b8000.
Oct 28 22:08:24 ubuntu kernel: [    8.968067] [mitosis-origin] pgd_free for mm=ffff000495182400 and pgd =ffff0004de52a000 and mm->pgd=ffff0004de52a000.
Oct 28 22:08:24 ubuntu kernel: [    8.969510] [mitosis-origin] pgd_alloc for mm=ffff000495182400 and mm->pgd =ffff0004de52a000.
Oct 28 22:08:24 ubuntu kernel: [    8.970632] [mitosis-origin] pgd_free for mm=ffff000495199000 and pgd =ffff0004df4b8000 and mm->pgd=ffff0004df4b8000.
Oct 28 22:08:24 ubuntu kernel: [    8.975900] [mitosis-origin] pgd_alloc for mm=ffff000495187c00 and mm->pgd =ffff0004de52d000.
Oct 28 22:08:24 ubuntu kernel: [    8.977384] [mitosis-origin] pgd_alloc for mm=ffff000495205000 and mm->pgd =ffff0004df54b000.
Oct 28 22:08:24 ubuntu kernel: [    8.978424] [mitosis-origin] pgd_free for mm=ffff000495182400 and pgd =ffff0004de52a000 and mm->pgd=ffff0004de52a000.
Oct 28 22:08:24 ubuntu kernel: [    8.979708] [mitosis-origin] pgd_alloc for mm=ffff000495182400 and mm->pgd =ffff0004de52a000.
Oct 28 22:08:24 ubuntu kernel: [    8.980685] [mitosis-origin] pgd_free for mm=ffff000495205000 and pgd =ffff0004df54b000 and mm->pgd=ffff0004df54b000.
Oct 28 22:08:24 ubuntu kernel: [    9.016722] [mitosis-origin] pgd_alloc for mm=ffff000495199400 and mm->pgd =ffff0004df4ad000.
Oct 28 22:08:24 ubuntu kernel: [    9.020118] [mitosis-origin] pgd_alloc for mm=ffff00049519b000 and mm->pgd =ffff0004955dd000.
Oct 28 22:08:24 ubuntu kernel: [    9.022085] [mitosis-origin] pgd_alloc for mm=ffff00049519e800 and mm->pgd =ffff000495150000.
Oct 28 22:08:24 ubuntu kernel: [    9.022791] [mitosis-origin] pgd_alloc for mm=ffff000495201c00 and mm->pgd =ffff0004df563000.
Oct 28 22:08:24 ubuntu kernel: [    9.023993] [mitosis-origin] pgd_free for mm=ffff0004954c5400 and pgd =ffff0004dec86000 and mm->pgd=ffff0004dec86000.
Oct 28 22:08:24 ubuntu kernel: [    9.024343] [mitosis-origin] pgd_alloc for mm=ffff00049519f000 and mm->pgd =ffff0004df4d2000.
Oct 28 22:08:24 ubuntu kernel: [    9.024577] [mitosis-origin] pgd_free for mm=ffff000495182400 and pgd =ffff0004de52a000 and mm->pgd=ffff0004de52a000.
Oct 28 22:08:24 ubuntu kernel: [    9.024936] [mitosis-origin] pgd_alloc for mm=ffff0004953df400 and mm->pgd =ffff0004df553000.
Oct 28 22:08:24 ubuntu kernel: [    9.025124] [mitosis-origin] pgd_free for mm=ffff000495201c00 and pgd =ffff0004df563000 and mm->pgd=ffff0004df563000.
Oct 28 22:08:24 ubuntu kernel: [    9.025136] [mitosis-origin] pgd_alloc for mm=ffff00049519cc00 and mm->pgd =ffff0004953e0000.
Oct 28 22:08:24 ubuntu kernel: [    9.026408] [mitosis-origin] pgd_alloc for mm=ffff00049519a000 and mm->pgd =ffff0004953f2000.
Oct 28 22:08:24 ubuntu kernel: [    9.037339] [mitosis-origin] pgd_alloc for mm=ffff000495199800 and mm->pgd =ffff000494803000.
Oct 28 22:08:24 ubuntu kernel: [    9.060578] [mitosis-origin] pgd_free for mm=ffff000495454000 and pgd =ffff0004dece4000 and mm->pgd=ffff0004dece4000.
Oct 28 22:08:24 ubuntu kernel: [    9.071284] [mitosis-origin] pgd_alloc for mm=ffff00049519c000 and mm->pgd =ffff000494814000.
Oct 28 22:08:24 ubuntu kernel: [    9.073691] [mitosis-origin] pgd_free for mm=ffff000495199800 and pgd =ffff000494803000 and mm->pgd=ffff000494803000.
Oct 28 22:08:24 ubuntu kernel: [    9.074332] [mitosis-origin] pgd_alloc for mm=ffff00049519c800 and mm->pgd =ffff000494915000.
Oct 28 22:08:24 ubuntu kernel: [    9.076296] [mitosis-origin] pgd_alloc for mm=ffff000495201000 and mm->pgd =ffff0004df571000.
Oct 28 22:08:24 ubuntu kernel: [    9.076530] [mitosis-origin] pgd_free for mm=ffff00049519b000 and pgd =ffff0004955dd000 and mm->pgd=ffff0004955dd000.
Oct 28 22:08:24 ubuntu kernel: [    9.078299] [mitosis-origin] pgd_alloc for mm=ffff00049519f800 and mm->pgd =ffff000494926000.
Oct 28 22:08:24 ubuntu kernel: [    9.079693] [mitosis-origin] pgd_alloc for mm=ffff000495454000 and mm->pgd =ffff0004955dd000.
Oct 28 22:08:24 ubuntu kernel: [    9.081894] [mitosis-origin] pgd_free for mm=ffff0004953df400 and pgd =ffff0004df553000 and mm->pgd=ffff0004df553000.
Oct 28 22:08:24 ubuntu kernel: [    9.081935] [mitosis-origin] pgd_alloc for mm=ffff00049519ec00 and mm->pgd =ffff000494938000.
Oct 28 22:08:24 ubuntu kernel: [    9.082050] [mitosis-origin] pgd_free for mm=ffff000495201000 and pgd =ffff0004df571000 and mm->pgd=ffff0004df571000.
Oct 28 22:08:24 ubuntu kernel: [    9.082268] [mitosis-origin] pgd_alloc for mm=ffff00049519a800 and mm->pgd =ffff000494948000.
Oct 28 22:08:24 ubuntu kernel: [    9.082576] [mitosis-origin] pgd_alloc for mm=ffff000495198000 and mm->pgd =ffff0004949ef000.
Oct 28 22:08:24 ubuntu kernel: [    9.082770] [mitosis-origin] pgd_free for mm=ffff00049519f000 and pgd =ffff0004df4d2000 and mm->pgd=ffff0004df4d2000.
Oct 28 22:08:24 ubuntu kernel: [    9.082890] [mitosis-origin] pgd_alloc for mm=ffff00049519f400 and mm->pgd =ffff000494a00000.
Oct 28 22:08:24 ubuntu kernel: [    9.089964] [mitosis-origin] pgd_alloc for mm=ffff00049519e000 and mm->pgd =ffff000494a11000.
Oct 28 22:08:24 ubuntu kernel: [    9.091416] [mitosis-origin] pgd_free for mm=ffff000495199400 and pgd =ffff0004df4ad000 and mm->pgd=ffff0004df4ad000.
Oct 28 22:08:24 ubuntu kernel: [    9.091465] [mitosis-origin] pgd_free for mm=ffff00049519e800 and pgd =ffff000495150000 and mm->pgd=ffff000495150000.
Oct 28 22:08:24 ubuntu kernel: [    9.091503] [mitosis-origin] pgd_free for mm=ffff00049519a000 and pgd =ffff0004953f2000 and mm->pgd=ffff0004953f2000.
Oct 28 22:08:24 ubuntu kernel: [    9.091755] [mitosis-origin] pgd_alloc for mm=ffff00049519b400 and mm->pgd =ffff0004de54c000.
Oct 28 22:08:24 ubuntu kernel: [    9.092157] [mitosis-origin] pgd_alloc for mm=ffff00049519bc00 and mm->pgd =ffff000495360000.
Oct 28 22:08:24 ubuntu kernel: [    9.095568] [mitosis-origin] pgd_free for mm=ffff00049519cc00 and pgd =ffff0004953e0000 and mm->pgd=ffff0004953e0000.
Oct 28 22:08:24 ubuntu kernel: [    9.096580] [mitosis-origin] pgd_alloc for mm=ffff00049519dc00 and mm->pgd =ffff000495398000.
Oct 28 22:08:24 ubuntu kernel: [    9.099775] [mitosis-origin] pgd_alloc for mm=ffff00049519b800 and mm->pgd =ffff0004952ca000.
Oct 28 22:08:24 ubuntu kernel: [    9.104381] scsi host0: Virtio SCSI HBA
Oct 28 22:08:24 ubuntu kernel: [    9.106729] scsi 0:0:0:0: Direct-Access     QEMU     QEMU HARDDISK    2.5+ PQ: 0 ANSI: 5
Oct 28 22:08:24 ubuntu kernel: [    9.107747] [mitosis-origin] pgd_free for mm=ffff0004d10e8800 and pgd =ffff000495ac8000 and mm->pgd=ffff000495ac8000.
Oct 28 22:08:24 ubuntu kernel: [    9.107751] [mitosis-origin] pgd_free for mm=ffff000495a3d800 and pgd =ffff0004dec8c000 and mm->pgd=ffff0004dec8c000.
Oct 28 22:08:24 ubuntu kernel: [    9.107797] [mitosis-origin] pgd_alloc for mm=ffff00049519c400 and mm->pgd =ffff0004948a1000.
Oct 28 22:08:24 ubuntu kernel: [    9.108212] [mitosis-origin] pgd_alloc for mm=ffff00049519d400 and mm->pgd =ffff0004952f9000.
Oct 28 22:08:24 ubuntu kernel: [    9.108580] [mitosis-origin] pgd_alloc for mm=ffff00049519e400 and mm->pgd =ffff00049486f000.
Oct 28 22:08:24 ubuntu kernel: [    9.109839] scsi 0:0:0:1: CD-ROM            QEMU     QEMU CD-ROM      2.5+ PQ: 0 ANSI: 5
Oct 28 22:08:24 ubuntu kernel: [    9.116349] [mitosis-origin] pgd_alloc for mm=ffff000494428000 and mm->pgd =ffff0004df1ce000.
Oct 28 22:08:24 ubuntu kernel: [    9.117290] [mitosis-origin] pgd_alloc for mm=ffff00049519ac00 and mm->pgd =ffff000495214000.
Oct 28 22:08:24 ubuntu kernel: [    9.123035] [mitosis-origin] pgd_alloc for mm=ffff000495198c00 and mm->pgd =ffff0004945af000.
Oct 28 22:08:24 ubuntu kernel: [    9.123121] [mitosis-origin] pgd_alloc for mm=ffff00049465e400 and mm->pgd =ffff00049510c000.
Oct 28 22:08:24 ubuntu kernel: [    9.124541] [mitosis-origin] pgd_alloc for mm=ffff00049519a400 and mm->pgd =ffff0004945c0000.
Oct 28 22:08:24 ubuntu kernel: [    9.126574] [mitosis-origin] pgd_alloc for mm=ffff00049465ac00 and mm->pgd =ffff0004955d2000.
Oct 28 22:08:24 ubuntu kernel: [    9.126718] [mitosis-origin] pgd_alloc for mm=ffff00049519fc00 and mm->pgd =ffff0004945d3000.
Oct 28 22:08:24 ubuntu kernel: [    9.127668] [mitosis-origin] pgd_free for mm=ffff00049465e400 and pgd =ffff00049510c000 and mm->pgd=ffff00049510c000.
Oct 28 22:08:24 ubuntu kernel: [    9.129001] [mitosis-origin] pgd_alloc for mm=ffff000495198400 and mm->pgd =ffff000493c6b000.
Oct 28 22:08:24 ubuntu kernel: [    9.131027] [mitosis-origin] pgd_alloc for mm=ffff00049465e400 and mm->pgd =ffff000494561000.
Oct 28 22:08:24 ubuntu kernel: [    9.131057] [mitosis-origin] pgd_free for mm=ffff00049465ac00 and pgd =ffff0004955d2000 and mm->pgd=ffff0004955d2000.
Oct 28 22:08:24 ubuntu kernel: [    9.132566] [mitosis-origin] pgd_alloc for mm=ffff00049519d800 and mm->pgd =ffff000493c7d000.
Oct 28 22:08:24 ubuntu kernel: [    9.134444] [mitosis-origin] pgd_alloc for mm=ffff00049465ac00 and mm->pgd =ffff000494565000.
Oct 28 22:08:24 ubuntu kernel: [    9.134885] [mitosis-origin] pgd_alloc for mm=ffff000495198800 and mm->pgd =ffff000493c8e000.
Oct 28 22:08:24 ubuntu kernel: [    9.135563] [mitosis-origin] pgd_free for mm=ffff00049465e400 and pgd =ffff000494561000 and mm->pgd=ffff000494561000.
Oct 28 22:08:24 ubuntu kernel: [    9.136959] [mitosis-origin] pgd_alloc for mm=ffff00049519cc00 and mm->pgd =ffff000493c9e000.
Oct 28 22:08:24 ubuntu kernel: [    9.137428] random: fast init done
Oct 28 22:08:24 ubuntu kernel: [    9.138783] [mitosis-origin] pgd_free for mm=ffff000495ae6400 and pgd =ffff0004957cb000 and mm->pgd=ffff0004957cb000.
Oct 28 22:08:24 ubuntu kernel: [    9.138800] [mitosis-origin] pgd_free for mm=ffff00049505a400 and pgd =ffff000495103000 and mm->pgd=ffff000495103000.
Oct 28 22:08:24 ubuntu kernel: [    9.138831] [mitosis-origin] pgd_free for mm=ffff00049465ac00 and pgd =ffff000494565000 and mm->pgd=ffff000494565000.
Oct 28 22:08:24 ubuntu kernel: [    9.138843] [mitosis-origin] pgd_free for mm=ffff0004d10e8400 and pgd =ffff000495a52000 and mm->pgd=ffff000495a52000.
Oct 28 22:08:24 ubuntu kernel: [    9.138983] sd 0:0:0:0: Power-on or device reset occurred
Oct 28 22:08:24 ubuntu kernel: [    9.143663] sd 0:0:0:0: Attached scsi generic sg0 type 0
Oct 28 22:08:24 ubuntu kernel: [    9.143689] [mitosis-origin] pgd_alloc for mm=ffff00049519e800 and mm->pgd =ffff000493f8b000.
Oct 28 22:08:24 ubuntu kernel: [    9.144489] sd 0:0:0:0: [sda] 31457280 512-byte logical blocks: (16.1 GB/15.0 GiB)
Oct 28 22:08:24 ubuntu kernel: [    9.144705] sr 0:0:0:1: Power-on or device reset occurred
Oct 28 22:08:24 ubuntu kernel: [    9.144804] sr 0:0:0:1: [sr0] scsi3-mmc drive: 16x/50x cd/rw xa/form2 cdda tray
Oct 28 22:08:24 ubuntu kernel: [    9.144824] cdrom: Uniform CD-ROM driver Revision: 3.20
Oct 28 22:08:24 ubuntu kernel: [    9.145603] [mitosis-origin] pgd_free for mm=ffff000494428000 and pgd =ffff0004df1ce000 and mm->pgd=ffff0004df1ce000.
Oct 28 22:08:24 ubuntu kernel: [    9.145770] [mitosis-origin] pgd_alloc for mm=ffff000495199400 and mm->pgd =ffff000493f9d000.
Oct 28 22:08:24 ubuntu kernel: [    9.146059] [mitosis-origin] pgd_alloc for mm=ffff00049519a000 and mm->pgd =ffff000493fae000.
Oct 28 22:08:24 ubuntu kernel: [    9.146334] sd 0:0:0:0: [sda] Write Protect is off
Oct 28 22:08:24 ubuntu kernel: [    9.146364] [mitosis-origin] pgd_alloc for mm=ffff00049519f000 and mm->pgd =ffff000493827000.
Oct 28 22:08:24 ubuntu kernel: [    9.146682] [mitosis-origin] pgd_alloc for mm=ffff00049519b000 and mm->pgd =ffff000493867000.
Oct 28 22:08:24 ubuntu kernel: [    9.146991] [mitosis-origin] pgd_alloc for mm=ffff000495199800 and mm->pgd =ffff000493877000.
Oct 28 22:08:24 ubuntu kernel: [    9.147349] [mitosis-origin] pgd_alloc for mm=ffff000495199000 and mm->pgd =ffff000493889000.
Oct 28 22:08:24 ubuntu kernel: [    9.147900] sd 0:0:0:0: [sda] Mode Sense: 63 00 00 08
Oct 28 22:08:24 ubuntu kernel: [    9.148755] [mitosis-origin] pgd_alloc for mm=ffff000495199c00 and mm->pgd =ffff0004938fe000.
Oct 28 22:08:24 ubuntu kernel: [    9.149717] sd 0:0:0:0: [sda] Write cache: enabled, read cache: enabled, doesn't support DPO or FUA
Oct 28 22:08:24 ubuntu kernel: [    9.150645] [mitosis-origin] pgd_alloc for mm=ffff000493956c00 and mm->pgd =ffff000493910000.
Oct 28 22:08:24 ubuntu kernel: [    9.157738] [mitosis-origin] pgd_alloc for mm=ffff000493952800 and mm->pgd =ffff000493921000.
Oct 28 22:08:24 ubuntu kernel: [    9.158863] [mitosis-origin] pgd_alloc for mm=ffff000493950000 and mm->pgd =ffff000493932000.
Oct 28 22:08:24 ubuntu kernel: [    9.160060] [mitosis-origin] pgd_alloc for mm=ffff000493957400 and mm->pgd =ffff0004939b6000.
Oct 28 22:08:24 ubuntu kernel: [    9.161174] [mitosis-origin] pgd_alloc for mm=ffff000493956000 and mm->pgd =ffff0004939c7000.
Oct 28 22:08:24 ubuntu kernel: [    9.162425] [mitosis-origin] pgd_alloc for mm=ffff000493953400 and mm->pgd =ffff0004939d9000.
Oct 28 22:08:24 ubuntu kernel: [    9.163746] [mitosis-origin] pgd_alloc for mm=ffff000493953c00 and mm->pgd =ffff0004939f8000.
Oct 28 22:08:24 ubuntu kernel: [    9.165061] [mitosis-origin] pgd_alloc for mm=ffff000493955c00 and mm->pgd =ffff000493a0a000.
Oct 28 22:08:24 ubuntu kernel: [    9.166457] [mitosis-origin] pgd_alloc for mm=ffff000493953800 and mm->pgd =ffff000493a1b000.
Oct 28 22:08:24 ubuntu kernel: [    9.168058] [mitosis-origin] pgd_alloc for mm=ffff000493954400 and mm->pgd =ffff000493a2c000.
Oct 28 22:08:24 ubuntu kernel: [    9.170420] [mitosis-origin] pgd_alloc for mm=ffff000493955400 and mm->pgd =ffff000493a53000.
Oct 28 22:08:24 ubuntu kernel: [    9.171110] [mitosis-origin] pgd_alloc for mm=ffff000493b36c00 and mm->pgd =ffff000493c10000.
Oct 28 22:08:24 ubuntu kernel: [    9.171114] [mitosis-origin] pgd_alloc for mm=ffff0004953df400 and mm->pgd =ffff000493a92000.
Oct 28 22:08:24 ubuntu kernel: [    9.171124] [mitosis-origin] pgd_alloc for mm=ffff000493b51400 and mm->pgd =ffff0004df7e3000.
