Oct 20 06:25:01 ubuntu rsyslogd:  [origin software="rsyslogd" swVersion="8.32.0" x-pid="973" x-info="http://www.rsyslog.com"] rsyslogd was HUPed
Oct 20 06:25:01 ubuntu rsyslogd: rsyslogd[internal_messages]: 539 messages lost due to rate-limiting
Oct 20 06:36:11 ubuntu systemd[1]: Starting Daily apt upgrade and clean activities...
Oct 20 06:36:12 ubuntu systemd[1]: Started Daily apt upgrade and clean activities.
Oct 20 06:52:54 ubuntu systemd-resolved[960]: Using degraded feature set (TCP) for DNS server 172.20.1.4.
Oct 20 06:53:04 ubuntu systemd-resolved[960]: Using degraded feature set (TCP) for DNS server 172.20.1.6.
Oct 20 06:54:11 ubuntu systemd-resolved[960]: Using degraded feature set (UDP) for DNS server 172.20.1.4.
Oct 20 06:54:16 ubuntu systemd-resolved[960]: Using degraded feature set (UDP) for DNS server 172.20.1.6.
Oct 20 07:17:01 ubuntu CRON[3845]: (root) CMD (   cd / && run-parts --report /etc/cron.hourly)
Oct 20 07:27:12 ubuntu systemd-resolved[960]: Using degraded feature set (TCP) for DNS server 172.20.1.4.
Oct 20 07:27:22 ubuntu systemd-resolved[960]: Using degraded feature set (TCP) for DNS server 172.20.1.6.
Oct 20 07:28:29 ubuntu systemd-resolved[960]: Using degraded feature set (UDP) for DNS server 172.20.1.4.
Oct 20 07:28:34 ubuntu systemd-resolved[960]: Using degraded feature set (UDP) for DNS server 172.20.1.6.
Oct 20 08:01:30 ubuntu systemd-resolved[960]: Using degraded feature set (TCP) for DNS server 172.20.1.4.
Oct 20 08:01:40 ubuntu systemd-resolved[960]: Using degraded feature set (TCP) for DNS server 172.20.1.6.
Oct 20 08:02:47 ubuntu systemd-resolved[960]: Using degraded feature set (UDP) for DNS server 172.20.1.4.
Oct 20 08:02:53 ubuntu systemd-resolved[960]: Using degraded feature set (UDP) for DNS server 172.20.1.6.
Oct 20 08:17:01 ubuntu CRON[3853]: (root) CMD (   cd / && run-parts --report /etc/cron.hourly)
Oct 20 08:35:48 ubuntu systemd-resolved[960]: Using degraded feature set (TCP) for DNS server 172.20.1.4.
Oct 20 08:35:59 ubuntu systemd-resolved[960]: Using degraded feature set (TCP) for DNS server 172.20.1.6.
Oct 20 08:37:06 ubuntu systemd-resolved[960]: Using degraded feature set (UDP) for DNS server 172.20.1.4.
Oct 20 08:37:11 ubuntu systemd-resolved[960]: Using degraded feature set (UDP) for DNS server 172.20.1.6.
Oct 20 09:10:07 ubuntu systemd-resolved[960]: Using degraded feature set (TCP) for DNS server 172.20.1.4.
Oct 20 09:10:17 ubuntu systemd-resolved[960]: Using degraded feature set (TCP) for DNS server 172.20.1.6.
Oct 20 09:12:11 ubuntu systemd[1]: Starting Daily apt download activities...
Oct 20 09:12:11 ubuntu systemd[1]: Started Daily apt download activities.
Oct 20 09:12:13 ubuntu os-prober: debug: running /usr/lib/os-probes/mounted/40lsb on mounted /dev/sda1
Oct 20 09:12:13 ubuntu os-prober: debug: running /usr/lib/os-probes/mounted/90linux-distro on mounted /dev/sda1
Oct 20 09:12:13 ubuntu os-prober: debug: running /usr/lib/os-probes/50mounted-tests on /dev/sda2
Oct 20 09:12:13 ubuntu 50mounted-tests: debug: /dev/sda2 is an LVM member; skipping
Oct 20 09:12:13 ubuntu os-prober: debug: os detected by /usr/lib/os-probes/50mounted-tests
Oct 20 09:12:13 ubuntu os-prober: debug: /dev/mapper/ubuntu--vg-swap_1: is active swap
Oct 20 09:13:28 ubuntu systemd[1]: Closed Load/Save RF Kill Switch Status /dev/rfkill Watch.
Oct 20 09:13:28 ubuntu systemd[1]: Stopped target Timers.
Oct 20 09:13:28 ubuntu systemd[1]: Stopped Discard unused blocks once a week.
Oct 20 09:13:28 ubuntu systemd[1]: Stopped Daily Cleanup of Temporary Directories.
Oct 20 09:13:28 ubuntu systemd[1]: Stopped target Host and Network Name Lookups.
Oct 20 09:13:28 ubuntu systemd[1]: Stopping Authorization Manager...
Oct 20 09:13:28 ubuntu systemd[1]: Stopped Message of the Day.
Oct 20 09:13:28 ubuntu systemd[1]: Stopping User Manager for UID 1000...
Oct 20 09:13:28 ubuntu systemd[1]: Stopped target Graphical Interface.
Oct 20 09:13:28 ubuntu systemd[1292]: Stopped target Default.
Oct 20 09:13:58 ubuntu systemd-modules-load[824]: Inserted module 'iscsi_tcp'
Oct 20 09:13:58 ubuntu systemd-modules-load[824]: Inserted module 'ib_iser'
Oct 20 09:13:58 ubuntu lvm[823]:   2 logical volume(s) in volume group "ubuntu-vg" monitored
Oct 20 09:13:58 ubuntu systemd[1]: Starting Flush Journal to Persistent Storage...
Oct 20 09:13:58 ubuntu systemd[1]: Started udev Kernel Device Manager.
Oct 20 09:13:58 ubuntu systemd[1]: Started Flush Journal to Persistent Storage.
Oct 20 09:13:58 ubuntu systemd[1]: Started udev Coldplug all Devices.
Oct 20 09:13:58 ubuntu systemd[1]: Started Dispatch Password Requests to Console Directory Watch.
Oct 20 09:13:58 ubuntu systemd[1]: Reached target Local Encrypted Volumes.
Oct 20 09:13:58 ubuntu systemd[1]: Found device /dev/ttyAMA0.
Oct 20 09:13:58 ubuntu systemd-udevd[976]: link_config: autonegotiation is unset or enabled, the speed and duplex are not writable.
Oct 20 09:13:58 ubuntu systemd[1]: Listening on Load/Save RF Kill Switch Status /dev/rfkill Watch.
Oct 20 09:13:58 ubuntu systemd-udevd[981]: link_config: autonegotiation is unset or enabled, the speed and duplex are not writable.
Oct 20 09:13:58 ubuntu kernel: [    0.000000] Booting Linux on physical CPU 0x0000000000 [0x481fd010]
Oct 20 09:13:58 ubuntu systemd[1]: Found device /dev/mapper/ubuntu--vg-swap_1.
Oct 20 09:13:58 ubuntu kernel: [    0.000000] Linux version 5.7.1 (root@ubuntu) (gcc version 7.5.0 (Ubuntu/Linaro 7.5.0-3ubuntu1~18.04), GNU ld (GNU Binutils for Ubuntu) 2.30) #1 SMP Tue Oct 20 00:49:29 CST 2020
Oct 20 09:13:58 ubuntu systemd[1]: Activating swap /dev/mapper/ubuntu--vg-swap_1...
Oct 20 09:13:58 ubuntu kernel: [    0.000000] efi: EFI v2.70 by EDK II
Oct 20 09:13:58 ubuntu kernel: [    0.000000] efi:  SMBIOS 3.0=0x53f710000  ACPI 2.0=0x53c020000  MEMATTR=0x53cc7ca98  MEMRESERVE=0x53becd018 
Oct 20 09:13:58 ubuntu systemd[1]: Activated swap /dev/mapper/ubuntu--vg-swap_1.
Oct 20 09:13:58 ubuntu kernel: [    0.000000] cma: Reserved 32 MiB at 0x00000000fe000000
Oct 20 09:13:58 ubuntu kernel: [    0.000000] ACPI: Early table checksum verification disabled
Oct 20 09:13:58 ubuntu kernel: [    0.000000] ACPI: RSDP 0x000000053C020000 000024 (v02 BOCHS )
Oct 20 09:13:58 ubuntu systemd[1]: Found device QEMU_HARDDISK 1.
Oct 20 09:13:58 ubuntu kernel: [    0.000000] ACPI: XSDT 0x000000053BED0000 000054 (v01 BOCHS  BXPCFACP 00000001      01000013)
Oct 20 09:13:58 ubuntu systemd[1]: Starting File System Check on /dev/disk/by-uuid/5EA9-3D4C...
Oct 20 09:13:58 ubuntu systemd[1]: Reached target Swap.
Oct 20 09:13:58 ubuntu kernel: [    0.000000] ACPI: FACP 0x000000053BE90000 00010C (v05 BOCHS  BXPCFACP 00000001 BXPC 00000001)
Oct 20 09:13:58 ubuntu kernel: [    0.000000] ACPI: DSDT 0x000000053BEA0000 001523 (v02 BOCHS  BXPCDSDT 00000001 BXPC 00000001)
Oct 20 09:13:58 ubuntu kernel: [    0.000000] ACPI: APIC 0x000000053BE80000 0009E8 (v03 BOCHS  BXPCAPIC 00000001 BXPC 00000001)
Oct 20 09:13:58 ubuntu systemd[1]: Created slice system-lvm2\x2dpvscan.slice.
Oct 20 09:13:58 ubuntu kernel: [    0.000000] ACPI: GTDT 0x000000053BE70000 000060 (v02 BOCHS  BXPCGTDT 00000001 BXPC 00000001)
Oct 20 09:13:58 ubuntu kernel: [    0.000000] ACPI: MCFG 0x000000053BE60000 00003C (v01 BOCHS  BXPCMCFG 00000001 BXPC 00000001)
Oct 20 09:13:58 ubuntu kernel: [    0.000000] ACPI: SPCR 0x000000053BE50000 000050 (v02 BOCHS  BXPCSPCR 00000001 BXPC 00000001)
Oct 20 09:13:58 ubuntu kernel: [    0.000000] ACPI: IORT 0x000000053BE40000 00007C (v00 BOCHS  BXPCIORT 00000001 BXPC 00000001)
Oct 20 09:13:58 ubuntu kernel: [    0.000000] ACPI: SPCR: console: pl011,mmio,0x9000000,9600
Oct 20 09:13:58 ubuntu kernel: [    0.000000] ACPI: NUMA: Failed to initialise from firmware
Oct 20 09:13:58 ubuntu kernel: [    0.000000] NUMA: Faking a node at [mem 0x0000000040000000-0x000000053fffffff]
Oct 20 09:13:58 ubuntu kernel: [    0.000000] NUMA: NODE_DATA [mem 0x53d409300-0x53d40cfff]
Oct 20 09:13:58 ubuntu systemd[1]: Starting LVM2 PV scan on device 8:2...
Oct 20 09:13:58 ubuntu kernel: [    0.000000] Zone ranges:
Oct 20 09:13:58 ubuntu kernel: [    0.000000]   DMA      [mem 0x0000000040000000-0x000000007fffffff]
Oct 20 09:13:58 ubuntu kernel: [    0.000000]   DMA32    [mem 0x0000000080000000-0x00000000ffffffff]
Oct 20 09:13:58 ubuntu kernel: [    0.000000]   Normal   [mem 0x0000000100000000-0x000000053fffffff]
Oct 20 09:13:58 ubuntu kernel: [    0.000000] Movable zone start for each node
Oct 20 09:13:58 ubuntu systemd[1]: Started File System Check Daemon to report status.
Oct 20 09:13:58 ubuntu kernel: [    0.000000] Early memory node ranges
Oct 20 09:13:58 ubuntu kernel: [    0.000000]   node   0: [mem 0x0000000040000000-0x000000053bedffff]
Oct 20 09:13:58 ubuntu kernel: [    0.000000]   node   0: [mem 0x000000053bee0000-0x000000053bffffff]
Oct 20 09:13:58 ubuntu systemd-fsck[1098]: fsck.fat 4.1 (2017-01-24)
Oct 20 09:13:58 ubuntu kernel: [    0.000000]   node   0: [mem 0x000000053c000000-0x000000053c02ffff]
Oct 20 09:13:58 ubuntu kernel: [    0.000000]   node   0: [mem 0x000000053c030000-0x000000053c0affff]
Oct 20 09:13:58 ubuntu kernel: [    0.000000]   node   0: [mem 0x000000053c0b0000-0x000000053f57ffff]
Oct 20 09:13:58 ubuntu kernel: [    0.000000]   node   0: [mem 0x000000053f580000-0x000000053f95ffff]
Oct 20 09:13:58 ubuntu systemd-fsck[1098]: /dev/sda1: 5 files, 41/65501 clusters
Oct 20 09:13:58 ubuntu kernel: [    0.000000]   node   0: [mem 0x000000053f960000-0x000000053fffffff]
Oct 20 09:13:58 ubuntu kernel: [    0.000000] Zeroed struct page in unavailable ranges: 544 pages
Oct 20 09:13:58 ubuntu systemd[1]: Started File System Check on /dev/disk/by-uuid/5EA9-3D4C.
Oct 20 09:13:58 ubuntu kernel: [    0.000000] Initmem setup node 0 [mem 0x0000000040000000-0x000000053fffffff]
Oct 20 09:13:58 ubuntu kernel: [    0.000000] On node 0 totalpages: 5242880
Oct 20 09:13:58 ubuntu kernel: [    0.000000]   DMA zone: 5120 pages used for memmap
Oct 20 09:13:58 ubuntu kernel: [    0.000000]   DMA zone: 0 pages reserved
Oct 20 09:13:58 ubuntu systemd[1]: Mounting /boot/efi...
Oct 20 09:13:58 ubuntu kernel: [    0.000000]   DMA zone: 262144 pages, LIFO batch:63
Oct 20 09:13:58 ubuntu kernel: [    0.000000]   DMA32 zone: 10240 pages used for memmap
Oct 20 09:13:58 ubuntu kernel: [    0.000000]   DMA32 zone: 524288 pages, LIFO batch:63
Oct 20 09:13:58 ubuntu kernel: [    0.000000]   Normal zone: 87040 pages used for memmap
Oct 20 09:13:58 ubuntu kernel: [    0.000000]   Normal zone: 4456448 pages, LIFO batch:63
Oct 20 09:13:58 ubuntu lvm[1099]:   2 logical volume(s) in volume group "ubuntu-vg" now active
Oct 20 09:13:58 ubuntu kernel: [    0.000000] psci: probing for conduit method from ACPI.
Oct 20 09:13:58 ubuntu kernel: [    0.000000] psci: PSCIv1.0 detected in firmware.
Oct 20 09:13:58 ubuntu systemd[1]: Started LVM2 PV scan on device 8:2.
Oct 20 09:13:58 ubuntu kernel: [    0.000000] psci: Using standard PSCI v0.2 function IDs
Oct 20 09:13:58 ubuntu kernel: [    0.000000] psci: Trusted OS migration not required
Oct 20 09:13:58 ubuntu kernel: [    0.000000] psci: SMC Calling Convention v1.1
Oct 20 09:13:58 ubuntu systemd[1]: Mounted /boot/efi.
Oct 20 09:13:58 ubuntu kernel: [    0.000000] ACPI: SRAT not present
Oct 20 09:13:58 ubuntu kernel: [    0.000000] percpu: Embedded 33 pages/cpu s94616 r8192 d32360 u135168
Oct 20 09:13:58 ubuntu systemd[1]: Reached target Local File Systems.
Oct 20 09:13:58 ubuntu kernel: [    0.000000] pcpu-alloc: s94616 r8192 d32360 u135168 alloc=33*4096
Oct 20 09:13:58 ubuntu kernel: [    0.000000] pcpu-alloc: [0] 00 [0] 01 [0] 02 [0] 03 [0] 04 [0] 05 [0] 06 [0] 07 
Oct 20 09:13:58 ubuntu kernel: [    0.000000] pcpu-alloc: [0] 08 [0] 09 [0] 10 [0] 11 [0] 12 [0] 13 [0] 14 [0] 15 
Oct 20 09:13:58 ubuntu kernel: [    0.000000] pcpu-alloc: [0] 16 [0] 17 [0] 18 [0] 19 [0] 20 [0] 21 [0] 22 [0] 23 
Oct 20 09:13:58 ubuntu systemd[1]: Starting Tell Plymouth To Write Out Runtime Data...
Oct 20 09:13:58 ubuntu kernel: [    0.000000] pcpu-alloc: [0] 24 [0] 25 [0] 26 [0] 27 [0] 28 [0] 29 [0] 30 [0] 31 
Oct 20 09:13:58 ubuntu kernel: [    0.000000] Detected VIPT I-cache on CPU0
Oct 20 09:13:58 ubuntu systemd[1]: Starting Set console font and keymap...
Oct 20 09:13:58 ubuntu kernel: [    0.000000] CPU features: detected: GIC system register CPU interface
Oct 20 09:13:58 ubuntu kernel: [    0.000000] CPU features: detected: Hardware dirty bit management
Oct 20 09:13:58 ubuntu kernel: [    0.000000] Built 1 zonelists, mobility grouping on.  Total pages: 5140480
Oct 20 09:13:58 ubuntu kernel: [    0.000000] Policy zone: Normal
Oct 20 09:13:58 ubuntu systemd[1]: Starting Create Volatile Files and Directories...
Oct 20 09:13:58 ubuntu kernel: [    0.000000] Kernel command line: BOOT_IMAGE=/boot/vmlinuz-5.7.1 root=/dev/mapper/ubuntu--vg-root ro
Oct 20 09:13:58 ubuntu kernel: [    0.000000] Dentry cache hash table entries: 4194304 (order: 13, 33554432 bytes, linear)
Oct 20 09:13:58 ubuntu kernel: [    0.000000] Inode-cache hash table entries: 2097152 (order: 12, 16777216 bytes, linear)
Oct 20 09:13:58 ubuntu kernel: [    0.000000] mem auto-init: stack:off, heap alloc:on, heap free:off
Oct 20 09:13:58 ubuntu systemd[1]: Starting AppArmor initialization...
Oct 20 09:13:58 ubuntu kernel: [    0.000000] software IO TLB: mapped [mem 0x7bfff000-0x7ffff000] (64MB)
Oct 20 09:13:58 ubuntu kernel: [    0.000000] Memory: 20269608K/20971520K available (14204K kernel code, 2354K rwdata, 6868K rodata, 7040K init, 1132K bss, 669144K reserved, 32768K cma-reserved)
Oct 20 09:13:58 ubuntu systemd[1]: Starting ebtables ruleset management...
Oct 20 09:13:58 ubuntu kernel: [    0.000000] random: get_random_u64 called from __kmem_cache_create+0x54/0x5d8 with crng_init=0
Oct 20 09:13:58 ubuntu systemd[1]: Started Tell Plymouth To Write Out Runtime Data.
Oct 20 09:13:58 ubuntu kernel: [    0.000000] SLUB: HWalign=64, Order=0-3, MinObjects=0, CPUs=32, Nodes=1
Oct 20 09:13:58 ubuntu kernel: [    0.000000] ftrace: allocating 46105 entries in 181 pages
Oct 20 09:13:58 ubuntu systemd[1]: Started Set console font and keymap.
Oct 20 09:13:58 ubuntu kernel: [    0.000000] ftrace: allocated 181 pages with 5 groups
Oct 20 09:13:58 ubuntu kernel: [    0.000000] rcu: Hierarchical RCU implementation.
Oct 20 09:13:58 ubuntu kernel: [    0.000000] rcu: 	RCU restricting CPUs from NR_CPUS=256 to nr_cpu_ids=32.
Oct 20 09:13:58 ubuntu kernel: [    0.000000] 	Tasks RCU enabled.
Oct 20 09:13:58 ubuntu systemd[1]: Started Create Volatile Files and Directories.
Oct 20 09:13:58 ubuntu kernel: [    0.000000] rcu: RCU calculated value of scheduler-enlistment delay is 25 jiffies.
Oct 20 09:13:58 ubuntu systemd[1]: Starting Network Time Synchronization...
Oct 20 09:13:58 ubuntu kernel: [    0.000000] rcu: Adjusting geometry for rcu_fanout_leaf=16, nr_cpu_ids=32
Oct 20 09:13:58 ubuntu kernel: [    0.000000] NR_IRQS: 64, nr_irqs: 64, preallocated irqs: 0
Oct 20 09:13:58 ubuntu systemd[1]: Starting Update UTMP about System Boot/Shutdown...
Oct 20 09:13:58 ubuntu kernel: [    0.000000] GICv3: 256 SPIs implemented
Oct 20 09:13:58 ubuntu kernel: [    0.000000] GICv3: 0 Extended SPIs implemented
Oct 20 09:13:58 ubuntu kernel: [    0.000000] GICv3: Distributor has no Range Selector support
Oct 20 09:13:58 ubuntu kernel: [    0.000000] GICv3: 16 PPIs implemented
Oct 20 09:13:58 ubuntu systemd[1]: Started Update UTMP about System Boot/Shutdown.
Oct 20 09:13:58 ubuntu kernel: [    0.000000] GICv3: CPU0: found redistributor 0 region 0:0x00000000080a0000
Oct 20 09:13:58 ubuntu kernel: [    0.000000] ACPI: SRAT not present
Oct 20 09:13:58 ubuntu kernel: [    0.000000] ITS [mem 0x08080000-0x0809ffff]
Oct 20 09:13:58 ubuntu kernel: [    0.000000] ITS@0x0000000008080000: allocated 8192 Devices @53ca00000 (indirect, esz 8, psz 64K, shr 1)
Oct 20 09:13:58 ubuntu apparmor[1109]:  * Starting AppArmor profiles
Oct 20 09:13:58 ubuntu kernel: [    0.000000] ITS@0x0000000008080000: allocated 8192 Interrupt Collections @53ca10000 (flat, esz 8, psz 64K, shr 1)
Oct 20 09:13:58 ubuntu kernel: [    0.000000] GICv3: using LPI property table @0x000000053ca20000
Oct 20 09:13:58 ubuntu systemd[1]: Started ebtables ruleset management.
Oct 20 09:13:58 ubuntu kernel: [    0.000000] GICv3: CPU0: using allocated LPI pending table @0x000000053ca30000
Oct 20 09:13:58 ubuntu kernel: [    0.000000] arch_timer: cp15 timer(s) running at 100.00MHz (virt).
Oct 20 09:13:58 ubuntu kernel: [    0.000000] clocksource: arch_sys_counter: mask: 0xffffffffffffff max_cycles: 0x171024e7e0, max_idle_ns: 440795205315 ns
Oct 20 09:13:58 ubuntu kernel: [    0.000002] sched_clock: 56 bits at 100MHz, resolution 10ns, wraps every 4398046511100ns
Oct 20 09:13:58 ubuntu systemd[1]: Reached target Network (Pre).
Oct 20 09:13:58 ubuntu kernel: [    0.000254] Console: colour dummy device 80x25
Oct 20 09:13:58 ubuntu kernel: [    0.000314] ACPI: Core revision 20200326
Oct 20 09:13:58 ubuntu kernel: [    0.000450] Calibrating delay loop (skipped), value calculated using timer frequency.. 200.00 BogoMIPS (lpj=400000)
Oct 20 09:13:58 ubuntu systemd[1]: Starting Network Service...
Oct 20 09:13:58 ubuntu kernel: [    0.000453] pid_max: default: 32768 minimum: 301
Oct 20 09:13:58 ubuntu kernel: [    0.000526] LSM: Security Framework initializing
Oct 20 09:13:58 ubuntu kernel: [    0.000553] Yama: becoming mindful.
Oct 20 09:13:58 ubuntu systemd[1]: Started Network Time Synchronization.
Oct 20 09:13:58 ubuntu kernel: [    0.000723] AppArmor: AppArmor initialized
Oct 20 09:13:58 ubuntu kernel: [    0.001082] Mount-cache hash table entries: 65536 (order: 7, 524288 bytes, linear)
Oct 20 09:13:58 ubuntu kernel: [    0.001357] Mountpoint-cache hash table entries: 65536 (order: 7, 524288 bytes, linear)
Oct 20 09:13:58 ubuntu kernel: [    0.002996] ACPI PPTT: No PPTT table found, CPU and cache topology may be inaccurate
Oct 20 09:13:58 ubuntu kernel: [    0.003289] rcu: Hierarchical SRCU implementation.
Oct 20 09:13:58 ubuntu kernel: [    0.003984] Platform MSI: ITS@0x8080000 domain created
Oct 20 09:13:58 ubuntu systemd[1]: Reached target System Time Synchronized.
Oct 20 09:13:58 ubuntu kernel: [    0.004070] PCI/MSI: ITS@0x8080000 domain created
Oct 20 09:13:58 ubuntu kernel: [    0.004117] Remapping and enabling EFI services.
Oct 20 09:13:58 ubuntu kernel: [    0.005303] smp: Bringing up secondary CPUs ...
Oct 20 09:13:58 ubuntu systemd-networkd[1134]: Enumeration completed
Oct 20 09:13:58 ubuntu kernel: [    0.287815] Detected VIPT I-cache on CPU1
Oct 20 09:13:58 ubuntu kernel: [    0.287856] GICv3: CPU1: found redistributor 1 region 0:0x00000000080c0000
Oct 20 09:13:58 ubuntu kernel: [    0.288095] GICv3: CPU1: using allocated LPI pending table @0x000000053ca40000
Oct 20 09:13:58 ubuntu kernel: [    0.288134] CPU1: Booted secondary processor 0x0000000001 [0x481fd010]
Oct 20 09:13:58 ubuntu systemd[1]: Started Network Service.
Oct 20 09:13:58 ubuntu kernel: [    0.571334] Detected VIPT I-cache on CPU2
Oct 20 09:13:58 ubuntu kernel: [    0.571373] GICv3: CPU2: found redistributor 2 region 0:0x00000000080e0000
Oct 20 09:13:58 ubuntu systemd-networkd[1134]: lo: Link is not managed by us
Oct 20 09:13:58 ubuntu systemd[1]: Starting Wait for Network to be Configured...
Oct 20 09:13:58 ubuntu systemd[1]: Starting Network Name Resolution...
Oct 20 09:13:58 ubuntu systemd-networkd-wait-online[1161]: ignoring: lo
Oct 20 09:13:58 ubuntu systemd-networkd[1134]: enp1s0: Gained carrier
Oct 20 09:13:58 ubuntu systemd-networkd-wait-online[1161]: ignoring: lo
Oct 20 09:13:58 ubuntu kernel: [    0.571670] GICv3: CPU2: using allocated LPI pending table @0x000000053ca50000
Oct 20 09:13:58 ubuntu kernel: [    0.571727] CPU2: Booted secondary processor 0x0000000002 [0x481fd010]
Oct 20 09:13:58 ubuntu kernel: [    0.683030] Detected VIPT I-cache on CPU3
Oct 20 09:13:58 ubuntu kernel: [    0.683096] GICv3: CPU3: found redistributor 3 region 0:0x0000000008100000
Oct 20 09:13:58 ubuntu systemd-networkd-wait-online[1161]: ignoring: lo
Oct 20 09:13:58 ubuntu systemd-timesyncd[1120]: Network configuration changed, trying to establish connection.
Oct 20 09:13:58 ubuntu kernel: [    0.683540] GICv3: CPU3: using allocated LPI pending table @0x000000053ca60000
Oct 20 09:13:58 ubuntu kernel: [    0.683632] CPU3: Booted secondary processor 0x0000000003 [0x481fd010]
Oct 20 09:13:58 ubuntu kernel: [    0.957907] Detected VIPT I-cache on CPU4
Oct 20 09:13:58 ubuntu kernel: [    0.957952] GICv3: CPU4: found redistributor 4 region 0:0x0000000008120000
Oct 20 09:13:58 ubuntu kernel: [    0.958327] GICv3: CPU4: using allocated LPI pending table @0x000000053ca70000
Oct 20 09:13:58 ubuntu apparmor[1109]: Skipping profile in /etc/apparmor.d/disable: usr.sbin.rsyslogd
Oct 20 09:13:58 ubuntu kernel: [    0.958390] CPU4: Booted secondary processor 0x0000000004 [0x481fd010]
Oct 20 09:13:58 ubuntu kernel: [    1.088757] Detected VIPT I-cache on CPU5
Oct 20 09:13:58 ubuntu kernel: [    1.088787] GICv3: CPU5: found redistributor 5 region 0:0x0000000008140000
Oct 20 09:13:58 ubuntu systemd-resolved[1164]: Positive Trust Anchors:
Oct 20 09:13:58 ubuntu kernel: [    1.089069] GICv3: CPU5: using allocated LPI pending table @0x000000053ca80000
Oct 20 09:13:58 ubuntu kernel: [    1.089107] CPU5: Booted secondary processor 0x0000000005 [0x481fd010]
Oct 20 09:13:58 ubuntu kernel: [    1.199578] Detected VIPT I-cache on CPU6
Oct 20 09:13:58 ubuntu kernel: [    1.199606] GICv3: CPU6: found redistributor 6 region 0:0x0000000008160000
Oct 20 09:13:58 ubuntu systemd-resolved[1164]: . IN DS 19036 8 2 49aac11d7b6f6446702e54a1607371607a1a41855200fd2ce1cdde32f24e8fb5
Oct 20 09:13:58 ubuntu kernel: [    1.199858] GICv3: CPU6: using allocated LPI pending table @0x000000053ca90000
Oct 20 09:13:58 ubuntu systemd-resolved[1164]: . IN DS 20326 8 2 e06d44b80b8f1d39a95c0b0d7c65d08458e880409bbc683457104237c7f8ec8d
Oct 20 09:13:58 ubuntu kernel: [    1.199890] CPU6: Booted secondary processor 0x0000000006 [0x481fd010]
Oct 20 09:13:58 ubuntu kernel: [    1.450979] Detected VIPT I-cache on CPU7
Oct 20 09:13:58 ubuntu kernel: [    1.451009] GICv3: CPU7: found redistributor 7 region 0:0x0000000008180000
Oct 20 09:13:58 ubuntu systemd-resolved[1164]: Negative trust anchors: 10.in-addr.arpa 16.172.in-addr.arpa 17.172.in-addr.arpa 18.172.in-addr.arpa 19.172.in-addr.arpa 20.172.in-addr.arpa 21.172.in-addr.arpa 22.172.in-addr.arpa 23.172.in-addr.arpa 24.172.in-addr.arpa 25.172.in-addr.arpa 26.172.in-addr.arpa 27.172.in-addr.arpa 28.172.in-addr.arpa 29.172.in-addr.arpa 30.172.in-addr.arpa 31.172.in-addr.arpa 168.192.in-addr.arpa d.f.ip6.arpa corp home internal intranet lan local private test
Oct 20 09:13:58 ubuntu kernel: [    1.451237] GICv3: CPU7: using allocated LPI pending table @0x000000053caa0000
Oct 20 09:13:58 ubuntu kernel: [    1.451267] CPU7: Booted secondary processor 0x0000000007 [0x481fd010]
Oct 20 09:13:58 ubuntu kernel: [    1.557225] Detected VIPT I-cache on CPU8
Oct 20 09:13:58 ubuntu kernel: [    1.557287] GICv3: CPU8: found redistributor 8 region 0:0x00000000081a0000
Oct 20 09:13:58 ubuntu systemd-resolved[1164]: Using system hostname 'ubuntu'.
Oct 20 09:13:58 ubuntu kernel: [    1.557612] GICv3: CPU8: using allocated LPI pending table @0x000000053cab0000
Oct 20 09:13:58 ubuntu kernel: [    1.557676] CPU8: Booted secondary processor 0x0000000008 [0x481fd010]
Oct 20 09:13:58 ubuntu kernel: [    1.837019] Detected VIPT I-cache on CPU9
Oct 20 09:13:58 ubuntu kernel: [    1.837055] GICv3: CPU9: found redistributor 9 region 0:0x00000000081c0000
Oct 20 09:13:58 ubuntu kernel: [    1.837291] GICv3: CPU9: using allocated LPI pending table @0x000000053cac0000
Oct 20 09:13:58 ubuntu systemd[1]: Started Network Name Resolution.
Oct 20 09:13:58 ubuntu kernel: [    1.837327] CPU9: Booted secondary processor 0x0000000009 [0x481fd010]
Oct 20 09:13:58 ubuntu kernel: [    1.949637] Detected VIPT I-cache on CPU10
Oct 20 09:13:58 ubuntu kernel: [    1.949706] GICv3: CPU10: found redistributor a region 0:0x00000000081e0000
Oct 20 09:13:58 ubuntu kernel: [    1.950128] GICv3: CPU10: using allocated LPI pending table @0x000000053cad0000
Oct 20 09:13:58 ubuntu kernel: [    1.950192] CPU10: Booted secondary processor 0x000000000a [0x481fd010]
Oct 20 09:13:58 ubuntu systemd[1]: Reached target Host and Network Name Lookups.
Oct 20 09:13:58 ubuntu kernel: [    2.224977] Detected VIPT I-cache on CPU11
Oct 20 09:13:58 ubuntu kernel: [    2.225008] GICv3: CPU11: found redistributor b region 0:0x0000000008200000
Oct 20 09:13:58 ubuntu kernel: [    2.225246] GICv3: CPU11: using allocated LPI pending table @0x000000053cae0000
Oct 20 09:13:58 ubuntu kernel: [    2.225280] CPU11: Booted secondary processor 0x000000000b [0x481fd010]
Oct 20 09:13:58 ubuntu kernel: [    2.330521] Detected VIPT I-cache on CPU12
Oct 20 09:13:58 ubuntu systemd[1]: Reached target Network.
Oct 20 09:13:58 ubuntu kernel: [    2.330594] GICv3: CPU12: found redistributor c region 0:0x0000000008220000
Oct 20 09:13:58 ubuntu kernel: [    2.330926] GICv3: CPU12: using allocated LPI pending table @0x000000053caf0000
Oct 20 09:13:58 ubuntu kernel: [    2.330991] CPU12: Booted secondary processor 0x000000000c [0x481fd010]
Oct 20 09:13:58 ubuntu kernel: [    2.604160] Detected VIPT I-cache on CPU13
Oct 20 09:13:58 ubuntu kernel: [    2.604194] GICv3: CPU13: found redistributor d region 0:0x0000000008240000
Oct 20 09:13:58 ubuntu apparmor[1109]:    ...done.
Oct 20 09:13:58 ubuntu kernel: [    2.604395] GICv3: CPU13: using allocated LPI pending table @0x000000053cb00000
Oct 20 09:13:58 ubuntu kernel: [    2.604427] CPU13: Booted secondary processor 0x000000000d [0x481fd010]
Oct 20 09:13:58 ubuntu kernel: [    2.709402] Detected VIPT I-cache on CPU14
Oct 20 09:13:58 ubuntu kernel: [    2.709486] GICv3: CPU14: found redistributor e region 0:0x0000000008260000
Oct 20 09:13:58 ubuntu systemd[1]: Started AppArmor initialization.
Oct 20 09:13:58 ubuntu kernel: [    2.709890] GICv3: CPU14: using allocated LPI pending table @0x000000053cb10000
Oct 20 09:13:58 ubuntu kernel: [    2.709957] CPU14: Booted secondary processor 0x000000000e [0x481fd010]
Oct 20 09:13:58 ubuntu kernel: [    2.984794] Detected VIPT I-cache on CPU15
Oct 20 09:13:58 ubuntu systemd[1]: Reached target System Initialization.
Oct 20 09:13:58 ubuntu kernel: [    2.984858] GICv3: CPU15: found redistributor f region 0:0x0000000008280000
Oct 20 09:13:58 ubuntu kernel: [    2.985090] GICv3: CPU15: using allocated LPI pending table @0x000000053cb20000
Oct 20 09:13:58 ubuntu kernel: [    2.985134] CPU15: Booted secondary processor 0x000000000f [0x481fd010]
Oct 20 09:13:58 ubuntu systemd[1]: Starting Socket activation for snappy daemon.
Oct 20 09:13:58 ubuntu kernel: [    3.265937] Detected VIPT I-cache on CPU16
Oct 20 09:13:58 ubuntu kernel: [    3.265984] GICv3: CPU16: found redistributor 100 region 0:0x00000000082a0000
Oct 20 09:13:58 ubuntu kernel: [    3.266209] GICv3: CPU16: using allocated LPI pending table @0x000000053cb30000
Oct 20 09:13:58 ubuntu systemd[1]: Listening on D-Bus System Message Bus Socket.
Oct 20 09:13:58 ubuntu kernel: [    3.266250] CPU16: Booted secondary processor 0x0000000100 [0x481fd010]
Oct 20 09:13:58 ubuntu kernel: [    3.382114] Detected VIPT I-cache on CPU17
Oct 20 09:13:58 ubuntu kernel: [    3.382161] GICv3: CPU17: found redistributor 101 region 0:0x00000000082c0000
Oct 20 09:13:58 ubuntu systemd[1]: Started Daily apt download activities.
Oct 20 09:13:58 ubuntu kernel: [    3.382372] GICv3: CPU17: using allocated LPI pending table @0x000000053cb40000
Oct 20 09:13:58 ubuntu kernel: [    3.382411] CPU17: Booted secondary processor 0x0000000101 [0x481fd010]
Oct 20 09:13:58 ubuntu kernel: [    3.666483] Detected VIPT I-cache on CPU18
Oct 20 09:13:58 ubuntu kernel: [    3.666537] GICv3: CPU18: found redistributor 102 region 0:0x00000000082e0000
Oct 20 09:13:58 ubuntu kernel: [    3.666887] GICv3: CPU18: using allocated LPI pending table @0x000000053cb50000
Oct 20 09:13:58 ubuntu kernel: [    3.666929] CPU18: Booted secondary processor 0x0000000102 [0x481fd010]
Oct 20 09:13:58 ubuntu systemd[1]: Started Daily Cleanup of Temporary Directories.
Oct 20 09:13:58 ubuntu kernel: [    3.945989] Detected VIPT I-cache on CPU19
Oct 20 09:13:58 ubuntu kernel: [    3.946036] GICv3: CPU19: found redistributor 103 region 0:0x0000000008300000
Oct 20 09:13:58 ubuntu kernel: [    3.946247] GICv3: CPU19: using allocated LPI pending table @0x000000053cb60000
Oct 20 09:13:58 ubuntu kernel: [    3.946282] CPU19: Booted secondary processor 0x0000000103 [0x481fd010]
Oct 20 09:13:58 ubuntu systemd[1]: Started Daily apt upgrade and clean activities.
Oct 20 09:13:58 ubuntu kernel: [    4.230626] Detected VIPT I-cache on CPU20
Oct 20 09:13:58 ubuntu kernel: [    4.230679] GICv3: CPU20: found redistributor 104 region 0:0x0000000008320000
Oct 20 09:13:58 ubuntu systemd[1]: Starting LXD - unix socket.
Oct 20 09:13:58 ubuntu systemd[1]: Started ACPI Events Check.
Oct 20 09:13:58 ubuntu systemd[1]: Reached target Paths.
Oct 20 09:13:58 ubuntu systemd[1]: Listening on ACPID Listen Socket.
Oct 20 09:13:58 ubuntu systemd[1]: Started Message of the Day.
Oct 20 09:13:58 ubuntu kernel: [    4.230937] GICv3: CPU20: using allocated LPI pending table @0x000000053cb70000
Oct 20 09:13:58 ubuntu kernel: [    4.230977] CPU20: Booted secondary processor 0x0000000104 [0x481fd010]
Oct 20 09:13:58 ubuntu kernel: [    4.511146] Detected VIPT I-cache on CPU21
Oct 20 09:13:58 ubuntu kernel: [    4.511195] GICv3: CPU21: found redistributor 105 region 0:0x0000000008340000
Oct 20 09:13:58 ubuntu kernel: [    4.511427] GICv3: CPU21: using allocated LPI pending table @0x000000053cb80000
Oct 20 09:13:58 ubuntu kernel: [    4.511463] CPU21: Booted secondary processor 0x0000000105 [0x481fd010]
Oct 20 09:13:58 ubuntu kernel: [    4.618155] Detected VIPT I-cache on CPU22
Oct 20 09:13:58 ubuntu kernel: [    4.618273] GICv3: CPU22: found redistributor 106 region 0:0x0000000008360000
Oct 20 09:13:58 ubuntu kernel: [    4.618603] GICv3: CPU22: using allocated LPI pending table @0x000000053cb90000
Oct 20 09:13:58 ubuntu kernel: [    4.618678] CPU22: Booted secondary processor 0x0000000106 [0x481fd010]
Oct 20 09:13:58 ubuntu kernel: [    4.897647] Detected VIPT I-cache on CPU23
Oct 20 09:13:58 ubuntu kernel: [    4.897700] GICv3: CPU23: found redistributor 107 region 0:0x0000000008380000
Oct 20 09:13:58 ubuntu kernel: [    4.897959] GICv3: CPU23: using allocated LPI pending table @0x000000053cba0000
Oct 20 09:13:58 ubuntu kernel: [    4.898008] CPU23: Booted secondary processor 0x0000000107 [0x481fd010]
Oct 20 09:13:58 ubuntu kernel: [    5.127165] Detected VIPT I-cache on CPU24
Oct 20 09:13:58 ubuntu systemd[1]: Listening on UUID daemon activation socket.
Oct 20 09:13:58 ubuntu kernel: [    5.127229] GICv3: CPU24: found redistributor 108 region 0:0x00000000083a0000
Oct 20 09:13:58 ubuntu kernel: [    5.127455] GICv3: CPU24: using allocated LPI pending table @0x000000053cbb0000
Oct 20 09:13:58 ubuntu kernel: [    5.127495] CPU24: Booted secondary processor 0x0000000108 [0x481fd010]
Oct 20 09:13:58 ubuntu kernel: [    5.407516] Detected VIPT I-cache on CPU25
Oct 20 09:13:58 ubuntu kernel: [    5.407572] GICv3: CPU25: found redistributor 109 region 0:0x00000000083c0000
Oct 20 09:13:58 ubuntu kernel: [    5.407795] GICv3: CPU25: using allocated LPI pending table @0x000000053cbc0000
Oct 20 09:13:58 ubuntu kernel: [    5.407833] CPU25: Booted secondary processor 0x0000000109 [0x481fd010]
Oct 20 09:13:58 ubuntu kernel: [    5.514132] Detected VIPT I-cache on CPU26
Oct 20 09:13:58 ubuntu kernel: [    5.514266] GICv3: CPU26: found redistributor 10a region 0:0x00000000083e0000
Oct 20 09:13:58 ubuntu systemd[1]: Listening on Open-iSCSI iscsid Socket.
Oct 20 09:13:58 ubuntu kernel: [    5.514604] GICv3: CPU26: using allocated LPI pending table @0x000000053cbd0000
Oct 20 09:13:58 ubuntu kernel: [    5.514673] CPU26: Booted secondary processor 0x000000010a [0x481fd010]
Oct 20 09:13:58 ubuntu kernel: [    5.622025] Detected VIPT I-cache on CPU27
Oct 20 09:13:58 ubuntu kernel: [    5.622096] GICv3: CPU27: found redistributor 10b region 0:0x0000000008400000
Oct 20 09:13:58 ubuntu kernel: [    5.622300] GICv3: CPU27: using allocated LPI pending table @0x000000053cbe0000
Oct 20 09:13:58 ubuntu kernel: [    5.622344] CPU27: Booted secondary processor 0x000000010b [0x481fd010]
Oct 20 09:13:58 ubuntu kernel: [    5.908726] Detected VIPT I-cache on CPU28
Oct 20 09:13:58 ubuntu kernel: [    5.908799] GICv3: CPU28: found redistributor 10c region 0:0x0000000008420000
Oct 20 09:13:58 ubuntu systemd[1]: Started Discard unused blocks once a week.
Oct 20 09:13:58 ubuntu systemd[1]: Reached target Timers.
Oct 20 09:13:58 ubuntu systemd[1]: Listening on Socket activation for snappy daemon.
Oct 20 09:13:58 ubuntu kernel: [    5.909062] GICv3: CPU28: using allocated LPI pending table @0x000000053cbf0000
Oct 20 09:13:58 ubuntu kernel: [    5.909109] CPU28: Booted secondary processor 0x000000010c [0x481fd010]
Oct 20 09:13:58 ubuntu systemd[1]: Listening on LXD - unix socket.
Oct 20 09:13:58 ubuntu kernel: [    6.023710] Detected VIPT I-cache on CPU29
Oct 20 09:13:58 ubuntu kernel: [    6.023876] GICv3: CPU29: found redistributor 10d region 0:0x0000000008440000
Oct 20 09:13:58 ubuntu kernel: [    6.024236] GICv3: CPU29: using allocated LPI pending table @0x000000051f800000
Oct 20 09:13:58 ubuntu systemd[1]: Reached target Sockets.
Oct 20 09:13:58 ubuntu systemd[1]: Reached target Basic System.
Oct 20 09:13:58 ubuntu systemd[1]: Starting Accounts Service...
Oct 20 09:13:58 ubuntu systemd[1]: Starting Login Service...
Oct 20 09:13:58 ubuntu systemd[1]: Started Regular background program processing daemon.
Oct 20 09:13:58 ubuntu systemd[1]: Started Deferred execution scheduler.
Oct 20 09:13:58 ubuntu cron[1202]: (CRON) INFO (pidfile fd = 3)
Oct 20 09:13:58 ubuntu systemd[1]: Started irqbalance daemon.
Oct 20 09:13:58 ubuntu cron[1202]: (CRON) INFO (Running @reboot jobs)
Oct 20 09:13:58 ubuntu systemd[1]: Starting Dispatcher daemon for systemd-networkd...
Oct 20 09:13:58 ubuntu kernel: [    6.024301] CPU29: Booted secondary processor 0x000000010d [0x481fd010]
Oct 20 09:13:58 ubuntu kernel: [    6.312494] Detected VIPT I-cache on CPU30
Oct 20 09:13:58 ubuntu kernel: [    6.312679] GICv3: CPU30: found redistributor 10e region 0:0x0000000008460000
Oct 20 09:13:58 ubuntu kernel: [    6.313046] GICv3: CPU30: using allocated LPI pending table @0x000000051f810000
Oct 20 09:13:58 ubuntu kernel: [    6.313129] CPU30: Booted secondary processor 0x000000010e [0x481fd010]
Oct 20 09:13:58 ubuntu systemd[1]: Started D-Bus System Message Bus.
Oct 20 09:13:58 ubuntu kernel: [    6.432123] Detected VIPT I-cache on CPU31
Oct 20 09:13:58 ubuntu kernel: [    6.432286] GICv3: CPU31: found redistributor 10f region 0:0x0000000008480000
Oct 20 09:13:58 ubuntu kernel: [    6.432627] GICv3: CPU31: using allocated LPI pending table @0x000000051f820000
Oct 20 09:13:58 ubuntu kernel: [    6.432699] CPU31: Booted secondary processor 0x000000010f [0x481fd010]
Oct 20 09:13:58 ubuntu kernel: [    6.432909] smp: Brought up 1 node, 32 CPUs
Oct 20 09:13:58 ubuntu kernel: [    6.433029] SMP: Total of 32 processors activated.
Oct 20 09:13:58 ubuntu kernel: [    6.433035] CPU features: detected: Privileged Access Never
Oct 20 09:13:58 ubuntu kernel: [    6.433037] CPU features: detected: LSE atomic instructions
Oct 20 09:13:58 ubuntu kernel: [    6.433040] CPU features: detected: User Access Override
Oct 20 09:13:58 ubuntu kernel: [    6.433044] CPU features: detected: Common not Private translations
Oct 20 09:13:58 ubuntu /usr/sbin/irqbalance: IRQ arch_timer(2) guessed as class 0
Oct 20 09:13:58 ubuntu kernel: [    6.433047] CPU features: detected: Data cache clean to Point of Persistence
Oct 20 09:13:58 ubuntu kernel: [    6.433049] CPU features: detected: RAS Extension Support
Oct 20 09:13:58 ubuntu /usr/sbin/irqbalance: IRQ uart-pl011(4) guessed as class 0
Oct 20 09:13:58 ubuntu kernel: [    6.433052] CPU features: detected: CRC32 instructions
Oct 20 09:13:58 ubuntu kernel: [    6.534397] CPU: All CPU(s) started at EL1
Oct 20 09:13:58 ubuntu kernel: [    6.534704] alternatives: patching kernel code
Oct 20 09:13:58 ubuntu kernel: [    6.539379] devtmpfs: initialized
Oct 20 09:13:58 ubuntu kernel: [    6.540931] Registered cp15_barrier emulation handler
Oct 20 09:13:58 ubuntu /usr/sbin/irqbalance: IRQ arm-pmu(42) guessed as class 0
Oct 20 09:13:58 ubuntu kernel: [    6.541074] Registered setend emulation handler
Oct 20 09:13:58 ubuntu kernel: [    6.541078] KASLR disabled due to lack of seed
Oct 20 09:13:58 ubuntu kernel: [    6.541781] clocksource: jiffies: mask: 0xffffffff max_cycles: 0xffffffff, max_idle_ns: 7645041785100000 ns
Oct 20 09:13:58 ubuntu kernel: [    6.542104] futex hash table entries: 8192 (order: 7, 524288 bytes, linear)
Oct 20 09:13:58 ubuntu /usr/sbin/irqbalance: IRQ ACPI:Event(43) guessed as class 0
Oct 20 09:13:58 ubuntu kernel: [    6.542937] pinctrl core: initialized pinctrl subsystem
Oct 20 09:13:58 ubuntu /usr/sbin/irqbalance: IRQ pciehp(44) guessed as class 0
Oct 20 09:13:58 ubuntu kernel: [    6.543473] thermal_sys: Registered thermal governor 'fair_share'
Oct 20 09:13:58 ubuntu kernel: [    6.543474] thermal_sys: Registered thermal governor 'bang_bang'
Oct 20 09:13:58 ubuntu /usr/sbin/irqbalance: IRQ pciehp(45) guessed as class 0
Oct 20 09:13:58 ubuntu kernel: [    6.543476] thermal_sys: Registered thermal governor 'step_wise'
Oct 20 09:13:58 ubuntu /usr/sbin/irqbalance: IRQ pciehp(46) guessed as class 0
Oct 20 09:13:58 ubuntu kernel: [    6.543478] thermal_sys: Registered thermal governor 'user_space'
Oct 20 09:13:58 ubuntu kernel: [    6.543605] SMBIOS 3.0.0 present.
Oct 20 09:13:58 ubuntu kernel: [    6.543610] DMI: QEMU KVM Virtual Machine, BIOS 0.0.0 02/06/2015
Oct 20 09:13:58 ubuntu /usr/sbin/irqbalance: IRQ pciehp(47) guessed as class 0
Oct 20 09:13:58 ubuntu kernel: [    6.544209] NET: Registered protocol family 16
Oct 20 09:13:58 ubuntu kernel: [    6.546400] DMA: preallocated 256 KiB pool for atomic allocations
Oct 20 09:13:58 ubuntu kernel: [    6.546406] audit: initializing netlink subsys (disabled)
Oct 20 09:13:58 ubuntu /usr/sbin/irqbalance: IRQ xhci_hcd(48) guessed as class 0
Oct 20 09:13:58 ubuntu kernel: [    6.546706] audit: type=2000 audit(6.108:1): state=initialized audit_enabled=0 res=1
Oct 20 09:13:58 ubuntu /usr/sbin/irqbalance: IRQ xhci_hcd(49) guessed as class 0
Oct 20 09:13:58 ubuntu kernel: [    6.547094] cpuidle: using governor ladder
Oct 20 09:13:58 ubuntu kernel: [    6.547107] cpuidle: using governor menu
Oct 20 09:13:58 ubuntu kernel: [    6.547197] hw-breakpoint: found 6 breakpoint and 4 watchpoint registers.
Oct 20 09:13:58 ubuntu /usr/sbin/irqbalance: IRQ xhci_hcd(50) guessed as class 0
Oct 20 09:13:58 ubuntu kernel: [    6.549304] ASID allocator initialised with 65536 entries
Oct 20 09:13:58 ubuntu kernel: [    6.549451] ACPI: bus type PCI registered
Oct 20 09:13:58 ubuntu kernel: [    6.549463] acpiphp: ACPI Hot Plug PCI Controller Driver version: 0.5
Oct 20 09:13:58 ubuntu /usr/sbin/irqbalance: IRQ xhci_hcd(51) guessed as class 0
Oct 20 09:13:58 ubuntu kernel: [    6.549657] Serial: AMBA PL011 UART driver
Oct 20 09:13:58 ubuntu /usr/sbin/irqbalance: IRQ xhci_hcd(52) guessed as class 0
Oct 20 09:13:58 ubuntu kernel: [    6.553913] HugeTLB registered 1.00 GiB page size, pre-allocated 0 pages
Oct 20 09:13:58 ubuntu kernel: [    6.553915] HugeTLB registered 32.0 MiB page size, pre-allocated 0 pages
Oct 20 09:13:58 ubuntu kernel: [    6.553917] HugeTLB registered 2.00 MiB page size, pre-allocated 0 pages
Oct 20 09:13:58 ubuntu kernel: [    6.553918] HugeTLB registered 64.0 KiB page size, pre-allocated 0 pages
Oct 20 09:13:58 ubuntu kernel: [    6.572679] ACPI: Added _OSI(Module Device)
Oct 20 09:13:58 ubuntu /usr/sbin/irqbalance: IRQ xhci_hcd(53) guessed as class 0
Oct 20 09:13:58 ubuntu kernel: [    6.572682] ACPI: Added _OSI(Processor Device)
Oct 20 09:13:58 ubuntu /usr/sbin/irqbalance: IRQ xhci_hcd(54) guessed as class 0
Oct 20 09:13:58 ubuntu kernel: [    6.572684] ACPI: Added _OSI(3.0 _SCP Extensions)
Oct 20 09:13:58 ubuntu kernel: [    6.572685] ACPI: Added _OSI(Processor Aggregator Device)
Oct 20 09:13:58 ubuntu /usr/sbin/irqbalance: IRQ xhci_hcd(55) guessed as class 0
Oct 20 09:13:58 ubuntu kernel: [    6.572687] ACPI: Added _OSI(Linux-Dell-Video)
Oct 20 09:13:58 ubuntu kernel: [    6.572689] ACPI: Added _OSI(Linux-Lenovo-NV-HDMI-Audio)
Oct 20 09:13:58 ubuntu kernel: [    6.572690] ACPI: Added _OSI(Linux-HPI-Hybrid-Graphics)
Oct 20 09:13:58 ubuntu kernel: [    6.573501] ACPI: 1 ACPI AML tables successfully acquired and loaded
Oct 20 09:13:58 ubuntu /usr/sbin/irqbalance: IRQ xhci_hcd(56) guessed as class 0
Oct 20 09:13:58 ubuntu /usr/sbin/irqbalance: IRQ xhci_hcd(57) guessed as class 0
Oct 20 09:13:58 ubuntu kernel: [    6.574076] ACPI: Interpreter enabled
Oct 20 09:13:58 ubuntu kernel: [    6.574078] ACPI: Using GIC for interrupt routing
Oct 20 09:13:58 ubuntu /usr/sbin/irqbalance: IRQ xhci_hcd(58) guessed as class 0
Oct 20 09:13:58 ubuntu kernel: [    6.574098] ACPI: MCFG table detected, 1 entries
Oct 20 09:13:58 ubuntu /usr/sbin/irqbalance: IRQ xhci_hcd(59) guessed as class 0
Oct 20 09:13:58 ubuntu kernel: [    6.578373] ARMH0011:00: ttyAMA0 at MMIO 0x9000000 (irq = 4, base_baud = 0) is a SBSA
Oct 20 09:13:58 ubuntu kernel: [    6.719125] printk: console [ttyAMA0] enabled
Oct 20 09:13:58 ubuntu kernel: [    6.721542] ACPI: PCI Root Bridge [PCI0] (domain 0000 [bus 00-0f])
Oct 20 09:13:58 ubuntu /usr/sbin/irqbalance: IRQ xhci_hcd(60) guessed as class 0
Oct 20 09:13:58 ubuntu kernel: [    6.722161] acpi PNP0A08:00: _OSC: OS supports [ExtendedConfig ASPM ClockPM Segments MSI HPX-Type3]
Oct 20 09:13:58 ubuntu kernel: [    6.723090] acpi PNP0A08:00: _OSC: platform does not support [SHPCHotplug LTR]
Oct 20 09:13:58 ubuntu kernel: [    6.723815] acpi PNP0A08:00: _OSC: OS now controls [PCIeHotplug PME AER PCIeCapability]
Oct 20 09:13:58 ubuntu kernel: [    6.724856] acpi PNP0A08:00: ECAM area [mem 0x3f000000-0x3fffffff] reserved by PNP0C02:00
Oct 20 09:13:58 ubuntu /usr/sbin/irqbalance: IRQ xhci_hcd(61) guessed as class 0
Oct 20 09:13:58 ubuntu kernel: [    6.725609] acpi PNP0A08:00: ECAM at [mem 0x3f000000-0x3fffffff] for [bus 00-0f]
Oct 20 09:13:58 ubuntu /usr/sbin/irqbalance: IRQ xhci_hcd(62) guessed as class 0
Oct 20 09:13:58 ubuntu kernel: [    6.726293] Remapped I/O 0x000000003eff0000 to [io  0x0000-0xffff window]
Oct 20 09:13:58 ubuntu /usr/sbin/irqbalance: IRQ xhci_hcd(63) guessed as class 0
Oct 20 09:13:58 ubuntu kernel: [    6.727071] PCI host bridge to bus 0000:00
Oct 20 09:13:58 ubuntu /usr/sbin/irqbalance: IRQ virtio1-config(64) guessed as class 0
Oct 20 09:13:58 ubuntu kernel: [    6.727424] pci_bus 0000:00: root bus resource [mem 0x10000000-0x3efeffff window]
Oct 20 09:13:58 ubuntu kernel: [    6.728079] pci_bus 0000:00: root bus resource [io  0x0000-0xffff window]
Oct 20 09:13:58 ubuntu kernel: [    6.728656] pci_bus 0000:00: root bus resource [mem 0x8000000000-0xffffffffff window]
Oct 20 09:13:58 ubuntu kernel: [    6.729317] pci_bus 0000:00: root bus resource [bus 00-0f]
Oct 20 09:13:58 ubuntu kernel: [    6.729973] pci 0000:00:00.0: [1b36:0008] type 00 class 0x060000
Oct 20 09:13:58 ubuntu /usr/sbin/irqbalance: IRQ virtio1-control(65) guessed as class 0
Oct 20 09:13:58 ubuntu kernel: [    6.730886] pci 0000:00:01.0: [1b36:000c] type 01 class 0x060400
Oct 20 09:13:58 ubuntu /usr/sbin/irqbalance: IRQ virtio1-event(66) guessed as class 0
Oct 20 09:13:58 ubuntu kernel: [    6.732730] pci 0000:00:01.0: reg 0x10: [mem 0x10303000-0x10303fff]
Oct 20 09:13:58 ubuntu kernel: [    6.735526] pci 0000:00:01.1: [1b36:000c] type 01 class 0x060400
Oct 20 09:13:58 ubuntu /usr/sbin/irqbalance: IRQ virtio1-request(67) guessed as class 0
Oct 20 09:13:58 ubuntu kernel: [    6.737292] pci 0000:00:01.1: reg 0x10: [mem 0x10302000-0x10302fff]
Oct 20 09:13:58 ubuntu kernel: [    6.740171] pci 0000:00:01.2: [1b36:000c] type 01 class 0x060400
Oct 20 09:13:58 ubuntu kernel: [    6.741821] pci 0000:00:01.2: reg 0x10: [mem 0x10301000-0x10301fff]
Oct 20 09:13:58 ubuntu kernel: [    6.745301] pci 0000:00:01.3: [1b36:000c] type 01 class 0x060400
Oct 20 09:13:58 ubuntu /usr/sbin/irqbalance: IRQ virtio0-config(68) guessed as class 0
Oct 20 09:13:58 ubuntu kernel: [    6.746973] pci 0000:00:01.3: reg 0x10: [mem 0x10300000-0x10300fff]
Oct 20 09:13:58 ubuntu /usr/sbin/irqbalance: IRQ virtio0-input.0(69) guessed as class 0
Oct 20 09:13:58 ubuntu kernel: [    6.750310] pci 0000:01:00.0: [1af4:1041] type 00 class 0x020000
Oct 20 09:13:58 ubuntu kernel: [    6.752155] pci 0000:01:00.0: reg 0x14: [mem 0x10200000-0x10200fff]
Oct 20 09:13:58 ubuntu kernel: [    6.755374] pci 0000:01:00.0: reg 0x20: [mem 0x8000000000-0x8000003fff 64bit pref]
Oct 20 09:13:58 ubuntu kernel: [    6.756699] pci 0000:01:00.0: reg 0x30: [mem 0xfff80000-0xffffffff pref]
Oct 20 09:13:58 ubuntu /usr/sbin/irqbalance: IRQ virtio0-output.0(70) guessed as class 0
Oct 20 09:13:58 ubuntu systemd[1]: Started Login Service.
Oct 20 09:13:58 ubuntu systemd[1]: Started Unattended Upgrades Shutdown.
Oct 20 09:13:58 ubuntu systemd[1]: Starting LXD - container startup/shutdown...
Oct 20 09:13:58 ubuntu dbus-daemon[1208]: [system] Activating via systemd: service name='org.freedesktop.PolicyKit1' unit='polkit.service' requested by ':1.4' (uid=0 pid=1200 comm="/usr/lib/accountsservice/accounts-daemon ")
Oct 20 09:13:58 ubuntu systemd[1]: Starting LSB: Record successful boot for GRUB...
Oct 20 09:13:58 ubuntu systemd[1]: Starting System Logging Service...
Oct 20 09:13:58 ubuntu kernel: [    6.758346] pci 0000:02:00.0: [1b36:000d] type 00 class 0x0c0330
Oct 20 09:13:58 ubuntu systemd[1]: Started FUSE filesystem for LXC.
Oct 20 09:13:58 ubuntu kernel: [    6.758988] pci 0000:02:00.0: reg 0x10: [mem 0x10100000-0x10103fff 64bit]
Oct 20 09:13:58 ubuntu kernel: [    6.760580] pci 0000:03:00.0: [1af4:1048] type 00 class 0x010000
Oct 20 09:13:58 ubuntu systemd[1]: Starting Snappy daemon...
Oct 20 09:13:58 ubuntu kernel: [    6.762398] pci 0000:03:00.0: reg 0x14: [mem 0x10000000-0x10000fff]
Oct 20 09:13:58 ubuntu lxcfs[1215]: mount namespace: 5
Oct 20 09:13:58 ubuntu kernel: [    6.765237] pci 0000:03:00.0: reg 0x20: [mem 0x8000100000-0x8000103fff 64bit pref]
Oct 20 09:13:58 ubuntu kernel: [    6.768999] pci 0000:00:01.0: bridge window [io  0x1000-0x0fff] to [bus 01] add_size 1000
Oct 20 09:13:58 ubuntu kernel: [    6.769718] pci 0000:00:01.0: bridge window [mem 0x00100000-0x001fffff 64bit pref] to [bus 01] add_size 100000 add_align 100000
Oct 20 09:13:58 ubuntu lxcfs[1215]: hierarchies:
Oct 20 09:13:58 ubuntu kernel: [    6.770861] pci 0000:00:01.0: bridge window [mem 0x00100000-0x001fffff] to [bus 01] add_size 100000 add_align 100000
Oct 20 09:13:58 ubuntu kernel: [    6.771808] pci 0000:00:01.1: bridge window [io  0x1000-0x0fff] to [bus 02] add_size 1000
Oct 20 09:13:58 ubuntu kernel: [    6.772595] pci 0000:00:01.1: bridge window [mem 0x00100000-0x000fffff 64bit pref] to [bus 02] add_size 200000 add_align 100000
Oct 20 09:13:58 ubuntu kernel: [    6.773644] pci 0000:00:01.1: bridge window [mem 0x00100000-0x001fffff] to [bus 02] add_size 100000 add_align 100000
Oct 20 09:13:58 ubuntu lxcfs[1215]:   0: fd:   6: blkio
Oct 20 09:13:58 ubuntu kernel: [    6.775121] pci 0000:00:01.2: bridge window [io  0x1000-0x0fff] to [bus 03] add_size 1000
Oct 20 09:13:58 ubuntu kernel: [    6.775864] pci 0000:00:01.2: bridge window [mem 0x00100000-0x001fffff 64bit pref] to [bus 03] add_size 100000 add_align 100000
Oct 20 09:13:58 ubuntu kernel: [    6.776947] pci 0000:00:01.2: bridge window [mem 0x00100000-0x001fffff] to [bus 03] add_size 100000 add_align 100000
Oct 20 09:13:58 ubuntu kernel: [    6.777923] pci 0000:00:01.3: bridge window [io  0x1000-0x0fff] to [bus 04] add_size 1000
Oct 20 09:13:58 ubuntu lxcfs[1215]:   1: fd:   7: memory
Oct 20 09:13:58 ubuntu lxcfs[1215]:   2: fd:   8: devices
Oct 20 09:13:58 ubuntu kernel: [    6.778722] pci 0000:00:01.3: bridge window [mem 0x00100000-0x000fffff 64bit pref] to [bus 04] add_size 200000 add_align 100000
Oct 20 09:13:58 ubuntu lxcfs[1215]:   3: fd:   9: cpuset
Oct 20 09:13:58 ubuntu kernel: [    6.779758] pci 0000:00:01.3: bridge window [mem 0x00100000-0x000fffff] to [bus 04] add_size 200000 add_align 100000
Oct 20 09:13:58 ubuntu lxcfs[1215]:   4: fd:  10: hugetlb
Oct 20 09:13:58 ubuntu lxcfs[1215]:   5: fd:  11: rdma
Oct 20 09:13:58 ubuntu lxcfs[1215]:   6: fd:  12: freezer
Oct 20 09:13:58 ubuntu kernel: [    6.780736] pci 0000:00:01.0: BAR 14: assigned [mem 0x10000000-0x101fffff]
Oct 20 09:13:58 ubuntu kernel: [    6.781357] pci 0000:00:01.0: BAR 15: assigned [mem 0x8000000000-0x80001fffff 64bit pref]
Oct 20 09:13:58 ubuntu lxcfs[1215]:   7: fd:  13: cpu,cpuacct
Oct 20 09:13:58 ubuntu kernel: [    6.782095] pci 0000:00:01.1: BAR 14: assigned [mem 0x10200000-0x103fffff]
Oct 20 09:13:58 ubuntu lxcfs[1215]:   8: fd:  14: pids
Oct 20 09:13:58 ubuntu lxcfs[1215]:   9: fd:  15: perf_event
Oct 20 09:13:58 ubuntu lxcfs[1215]:  10: fd:  16: net_cls,net_prio
Oct 20 09:13:58 ubuntu lxcfs[1215]:  11: fd:  17: name=systemd
Oct 20 09:13:58 ubuntu lxcfs[1215]:  12: fd:  18: unified
Oct 20 09:13:58 ubuntu kernel: [    6.782701] pci 0000:00:01.1: BAR 15: assigned [mem 0x8000200000-0x80003fffff 64bit pref]
Oct 20 09:13:58 ubuntu kernel: [    6.783407] pci 0000:00:01.2: BAR 14: assigned [mem 0x10400000-0x105fffff]
Oct 20 09:13:58 ubuntu kernel: [    6.784051] pci 0000:00:01.2: BAR 15: assigned [mem 0x8000400000-0x80005fffff 64bit pref]
Oct 20 09:13:58 ubuntu systemd[1]: Starting Authorization Manager...
Oct 20 09:13:58 ubuntu rsyslogd: imuxsock: Acquired UNIX socket '/run/systemd/journal/syslog' (fd 3) from systemd.  [v8.32.0]
Oct 20 09:13:58 ubuntu kernel: [    6.784782] pci 0000:00:01.3: BAR 14: assigned [mem 0x10600000-0x107fffff]
Oct 20 09:13:58 ubuntu rsyslogd: rsyslogd's groupid changed to 106
Oct 20 09:13:58 ubuntu kernel: [    6.785388] pci 0000:00:01.3: BAR 15: assigned [mem 0x8000600000-0x80007fffff 64bit pref]
Oct 20 09:13:58 ubuntu kernel: [    6.786128] pci 0000:00:01.0: BAR 0: assigned [mem 0x10800000-0x10800fff]
Oct 20 09:13:58 ubuntu rsyslogd: rsyslogd's userid changed to 102
Oct 20 09:13:58 ubuntu kernel: [    6.787102] pci 0000:00:01.0: BAR 13: assigned [io  0x1000-0x1fff]
Oct 20 09:13:58 ubuntu kernel: [    6.787625] pci 0000:00:01.1: BAR 0: assigned [mem 0x10801000-0x10801fff]
Oct 20 09:13:58 ubuntu kernel: [    6.788508] pci 0000:00:01.1: BAR 13: assigned [io  0x2000-0x2fff]
Oct 20 09:13:58 ubuntu rsyslogd:  [origin software="rsyslogd" swVersion="8.32.0" x-pid="1214" x-info="http://www.rsyslog.com"] start
Oct 20 09:13:58 ubuntu kernel: [    6.789035] pci 0000:00:01.2: BAR 0: assigned [mem 0x10802000-0x10802fff]
Oct 20 09:13:58 ubuntu systemd[1]: Started System Logging Service.
Oct 20 09:13:58 ubuntu kernel: [    6.789902] pci 0000:00:01.2: BAR 13: assigned [io  0x3000-0x3fff]
Oct 20 09:13:58 ubuntu kernel: [    6.790424] pci 0000:00:01.3: BAR 0: assigned [mem 0x10803000-0x10803fff]
Oct 20 09:13:58 ubuntu kernel: [    6.791268] pci 0000:00:01.3: BAR 13: assigned [io  0x4000-0x4fff]
Oct 20 09:13:58 ubuntu kernel: [    6.791793] pci 0000:01:00.0: BAR 6: assigned [mem 0x10000000-0x1007ffff pref]
Oct 20 09:13:58 ubuntu kernel: [    6.792456] pci 0000:01:00.0: BAR 4: assigned [mem 0x8000000000-0x8000003fff 64bit pref]
Oct 20 09:13:58 ubuntu kernel: [    6.793673] pci 0000:01:00.0: BAR 1: assigned [mem 0x10080000-0x10080fff]
Oct 20 09:13:58 ubuntu kernel: [    6.794546] pci 0000:00:01.0: PCI bridge to [bus 01]
Oct 20 09:13:58 ubuntu kernel: [    6.794998] pci 0000:00:01.0:   bridge window [io  0x1000-0x1fff]
Oct 20 09:13:58 ubuntu kernel: [    6.796043] pci 0000:00:01.0:   bridge window [mem 0x10000000-0x101fffff]
Oct 20 09:13:58 ubuntu kernel: [    6.797008] pci 0000:00:01.0:   bridge window [mem 0x8000000000-0x80001fffff 64bit pref]
Oct 20 09:13:58 ubuntu kernel: [    6.798833] pci 0000:02:00.0: BAR 0: assigned [mem 0x10200000-0x10203fff 64bit]
Oct 20 09:13:58 ubuntu kernel: [    6.799470] pci 0000:00:01.1: PCI bridge to [bus 02]
Oct 20 09:13:58 ubuntu kernel: [    6.799897] pci 0000:00:01.1:   bridge window [io  0x2000-0x2fff]
Oct 20 09:13:58 ubuntu kernel: [    6.800990] pci 0000:00:01.1:   bridge window [mem 0x10200000-0x103fffff]
Oct 20 09:13:58 ubuntu kernel: [    6.801949] pci 0000:00:01.1:   bridge window [mem 0x8000200000-0x80003fffff 64bit pref]
Oct 20 09:13:58 ubuntu kernel: [    6.803426] pci 0000:03:00.0: BAR 4: assigned [mem 0x8000400000-0x8000403fff 64bit pref]
Oct 20 09:13:58 ubuntu kernel: [    6.804725] pci 0000:03:00.0: BAR 1: assigned [mem 0x10400000-0x10400fff]
Oct 20 09:13:58 ubuntu kernel: [    6.805643] pci 0000:00:01.2: PCI bridge to [bus 03]
Oct 20 09:13:58 ubuntu kernel: [    6.806131] pci 0000:00:01.2:   bridge window [io  0x3000-0x3fff]
Oct 20 09:13:58 ubuntu kernel: [    6.807198] pci 0000:00:01.2:   bridge window [mem 0x10400000-0x105fffff]
Oct 20 09:13:58 ubuntu kernel: [    6.808674] pci 0000:00:01.2:   bridge window [mem 0x8000400000-0x80005fffff 64bit pref]
Oct 20 09:13:58 ubuntu kernel: [    6.810153] pci 0000:00:01.3: PCI bridge to [bus 04]
Oct 20 09:13:58 ubuntu kernel: [    6.810597] pci 0000:00:01.3:   bridge window [io  0x4000-0x4fff]
Oct 20 09:13:58 ubuntu kernel: [    6.811743] pci 0000:00:01.3:   bridge window [mem 0x10600000-0x107fffff]
Oct 20 09:13:58 ubuntu kernel: [    6.812752] pci 0000:00:01.3:   bridge window [mem 0x8000600000-0x80007fffff 64bit pref]
Oct 20 09:13:58 ubuntu kernel: [    6.814266] pci_bus 0000:00: resource 4 [mem 0x10000000-0x3efeffff window]
Oct 20 09:13:58 ubuntu kernel: [    6.814886] pci_bus 0000:00: resource 5 [io  0x0000-0xffff window]
Oct 20 09:13:58 ubuntu kernel: [    6.815423] pci_bus 0000:00: resource 6 [mem 0x8000000000-0xffffffffff window]
Oct 20 09:13:58 ubuntu kernel: [    6.816064] pci_bus 0000:01: resource 0 [io  0x1000-0x1fff]
Oct 20 09:13:58 ubuntu kernel: [    6.816581] pci_bus 0000:01: resource 1 [mem 0x10000000-0x101fffff]
Oct 20 09:13:58 ubuntu kernel: [    6.817132] pci_bus 0000:01: resource 2 [mem 0x8000000000-0x80001fffff 64bit pref]
Oct 20 09:13:58 ubuntu kernel: [    6.817832] pci_bus 0000:02: resource 0 [io  0x2000-0x2fff]
Oct 20 09:13:58 ubuntu kernel: [    6.818629] pci_bus 0000:02: resource 1 [mem 0x10200000-0x103fffff]
Oct 20 09:13:58 ubuntu kernel: [    6.819217] pci_bus 0000:02: resource 2 [mem 0x8000200000-0x80003fffff 64bit pref]
Oct 20 09:13:58 ubuntu kernel: [    6.819847] pci_bus 0000:03: resource 0 [io  0x3000-0x3fff]
Oct 20 09:13:58 ubuntu kernel: [    6.820344] pci_bus 0000:03: resource 1 [mem 0x10400000-0x105fffff]
Oct 20 09:13:58 ubuntu kernel: [    6.820879] pci_bus 0000:03: resource 2 [mem 0x8000400000-0x80005fffff 64bit pref]
Oct 20 09:13:58 ubuntu kernel: [    6.821526] pci_bus 0000:04: resource 0 [io  0x4000-0x4fff]
Oct 20 09:13:58 ubuntu kernel: [    6.822024] pci_bus 0000:04: resource 1 [mem 0x10600000-0x107fffff]
Oct 20 09:13:58 ubuntu kernel: [    6.822548] pci_bus 0000:04: resource 2 [mem 0x8000600000-0x80007fffff 64bit pref]
Oct 20 09:13:58 ubuntu kernel: [    6.823269] ACPI: PCI Interrupt Link [GSI0] (IRQs *35)
Oct 20 09:13:58 ubuntu kernel: [    6.823715] ACPI: PCI Interrupt Link [GSI1] (IRQs *36)
Oct 20 09:13:58 ubuntu kernel: [    6.824177] ACPI: PCI Interrupt Link [GSI2] (IRQs *37)
Oct 20 09:13:58 ubuntu kernel: [    6.824635] ACPI: PCI Interrupt Link [GSI3] (IRQs *38)
Oct 20 09:13:58 ubuntu kernel: [    6.826163] iommu: Default domain type: Translated 
Oct 20 09:13:58 ubuntu kernel: [    6.826684] vgaarb: loaded
Oct 20 09:13:58 ubuntu kernel: [    6.827349] SCSI subsystem initialized
Oct 20 09:13:58 ubuntu kernel: [    6.828051] libata version 3.00 loaded.
Oct 20 09:13:58 ubuntu kernel: [    6.828117] ACPI: bus type USB registered
Oct 20 09:13:58 ubuntu kernel: [    6.828540] usbcore: registered new interface driver usbfs
Oct 20 09:13:58 ubuntu kernel: [    6.829030] usbcore: registered new interface driver hub
Oct 20 09:13:58 ubuntu kernel: [    6.829879] usbcore: registered new device driver usb
Oct 20 09:13:58 ubuntu kernel: [    6.830429] pps_core: LinuxPPS API ver. 1 registered
Oct 20 09:13:58 ubuntu kernel: [    6.830865] pps_core: Software ver. 5.3.6 - Copyright 2005-2007 Rodolfo Giometti <giometti@linux.it>
Oct 20 09:13:58 ubuntu kernel: [    6.831627] PTP clock support registered
Oct 20 09:13:58 ubuntu kernel: [    6.832511] EDAC MC: Ver: 3.0.0
Oct 20 09:13:58 ubuntu kernel: [    6.833182] Registered efivars operations
Oct 20 09:13:58 ubuntu kernel: [    6.835622] NetLabel: Initializing
Oct 20 09:13:58 ubuntu kernel: [    6.835927] NetLabel:  domain hash size = 128
Oct 20 09:13:58 ubuntu kernel: [    6.836324] NetLabel:  protocols = UNLABELED CIPSOv4 CALIPSO
Oct 20 09:13:58 ubuntu kernel: [    6.836869] NetLabel:  unlabeled traffic allowed by default
Oct 20 09:13:58 ubuntu kernel: [    6.837871] clocksource: Switched to clocksource arch_sys_counter
Oct 20 09:13:58 ubuntu kernel: [    6.858684] VFS: Disk quotas dquot_6.6.0
Oct 20 09:13:58 ubuntu kernel: [    6.859112] VFS: Dquot-cache hash table entries: 512 (order 0, 4096 bytes)
Oct 20 09:13:58 ubuntu kernel: [    6.860088] AppArmor: AppArmor Filesystem Enabled
Oct 20 09:13:58 ubuntu kernel: [    6.860600] pnp: PnP ACPI init
Oct 20 09:13:58 ubuntu kernel: [    6.861112] system 00:00: [mem 0x3f000000-0x3fffffff] could not be reserved
Oct 20 09:13:58 ubuntu kernel: [    6.861776] system 00:00: Plug and Play ACPI device, IDs PNP0c02 (active)
Oct 20 09:13:58 ubuntu kernel: [    6.861784] pnp: PnP ACPI: found 1 devices
Oct 20 09:13:58 ubuntu kernel: [    6.864597] NET: Registered protocol family 2
Oct 20 09:13:58 ubuntu kernel: [    6.865720] tcp_listen_portaddr_hash hash table entries: 16384 (order: 6, 262144 bytes, linear)
Oct 20 09:13:58 ubuntu kernel: [    6.868090] TCP established hash table entries: 262144 (order: 9, 2097152 bytes, linear)
Oct 20 09:13:58 ubuntu kernel: [    6.869665] TCP bind hash table entries: 65536 (order: 8, 1048576 bytes, linear)
Oct 20 09:13:58 ubuntu kernel: [    6.870508] TCP: Hash tables configured (established 262144 bind 65536)
Oct 20 09:13:58 ubuntu kernel: [    6.871713] UDP hash table entries: 16384 (order: 7, 524288 bytes, linear)
Oct 20 09:13:58 ubuntu kernel: [    6.872781] UDP-Lite hash table entries: 16384 (order: 7, 524288 bytes, linear)
Oct 20 09:13:58 ubuntu kernel: [    6.873718] NET: Registered protocol family 1
Oct 20 09:13:58 ubuntu kernel: [    6.874194] NET: Registered protocol family 44
Oct 20 09:13:58 ubuntu kernel: [    6.874706] pci 0000:02:00.0: enabling device (0000 -> 0002)
Oct 20 09:13:58 ubuntu kernel: [    6.875588] PCI: CLS 0 bytes, default 64
Oct 20 09:13:58 ubuntu kernel: [    6.876122] Trying to unpack rootfs image as initramfs...
Oct 20 09:13:58 ubuntu kernel: [    7.872777] Freeing initrd memory: 61288K
Oct 20 09:13:58 ubuntu kernel: [    7.907433] hw perfevents: enabled with armv8_pmuv3_0 PMU driver, 13 counters available
Oct 20 09:13:58 ubuntu kernel: [    7.909333] kvm [1]: HYP mode not available
Oct 20 09:13:58 ubuntu kernel: [    7.912194] Initialise system trusted keyrings
Oct 20 09:13:58 ubuntu kernel: [    7.912815] Key type blacklist registered
Oct 20 09:13:58 ubuntu kernel: [    7.913463] workingset: timestamp_bits=40 max_order=23 bucket_order=0
Oct 20 09:13:58 ubuntu kernel: [    7.916313] zbud: loaded
Oct 20 09:13:58 ubuntu kernel: [    7.917291] squashfs: version 4.0 (2009/01/31) Phillip Lougher
Oct 20 09:13:58 ubuntu kernel: [    7.918531] fuse: init (API version 7.31)
Oct 20 09:13:58 ubuntu kernel: [    7.920489] integrity: Platform Keyring initialized
Oct 20 09:13:58 ubuntu kernel: [    7.935502] Key type asymmetric registered
Oct 20 09:13:58 ubuntu kernel: [    7.936576] Asymmetric key parser 'x509' registered
Oct 20 09:13:58 ubuntu kernel: [    7.937536] Block layer SCSI generic (bsg) driver version 0.4 loaded (major 244)
Oct 20 09:13:58 ubuntu kernel: [    7.939037] io scheduler mq-deadline registered
Oct 20 09:13:58 ubuntu kernel: [    7.942985] pl061_gpio ARMH0061:00: PL061 GPIO chip registered
Oct 20 09:13:58 ubuntu kernel: [    7.944088] PCI Interrupt Link [GSI1] enabled at IRQ 36
Oct 20 09:13:58 ubuntu kernel: [    7.945918] pcieport 0000:00:01.0: PME: Signaling with IRQ 44
Oct 20 09:13:58 ubuntu kernel: [    7.946978] pcieport 0000:00:01.0: AER: enabled with IRQ 44
Oct 20 09:13:58 ubuntu kernel: [    7.948183] pcieport 0000:00:01.0: pciehp: Slot #0 AttnBtn+ PwrCtrl+ MRL- AttnInd+ PwrInd+ HotPlug+ Surprise+ Interlock+ NoCompl- IbPresDis- LLActRep-
Oct 20 09:13:58 ubuntu kernel: [    7.953482] pcieport 0000:00:01.1: PME: Signaling with IRQ 45
Oct 20 09:13:58 ubuntu kernel: [    7.955710] pcieport 0000:00:01.1: AER: enabled with IRQ 45
Oct 20 09:13:58 ubuntu kernel: [    7.956765] pcieport 0000:00:01.1: pciehp: Slot #0 AttnBtn+ PwrCtrl+ MRL- AttnInd+ PwrInd+ HotPlug+ Surprise+ Interlock+ NoCompl- IbPresDis- LLActRep-
Oct 20 09:13:58 ubuntu kernel: [    7.960829] pcieport 0000:00:01.2: PME: Signaling with IRQ 46
Oct 20 09:13:58 ubuntu kernel: [    7.962228] pcieport 0000:00:01.2: AER: enabled with IRQ 46
Oct 20 09:13:58 ubuntu kernel: [    7.963269] pcieport 0000:00:01.2: pciehp: Slot #0 AttnBtn+ PwrCtrl+ MRL- AttnInd+ PwrInd+ HotPlug+ Surprise+ Interlock+ NoCompl- IbPresDis- LLActRep-
Oct 20 09:13:58 ubuntu kernel: [    7.968143] pcieport 0000:00:01.3: PME: Signaling with IRQ 47
Oct 20 09:13:58 ubuntu kernel: [    7.970255] pcieport 0000:00:01.3: AER: enabled with IRQ 47
Oct 20 09:13:58 ubuntu kernel: [    7.971526] pcieport 0000:00:01.3: pciehp: Slot #0 AttnBtn+ PwrCtrl+ MRL- AttnInd+ PwrInd+ HotPlug+ Surprise+ Interlock+ NoCompl- IbPresDis- LLActRep-
Oct 20 09:13:58 ubuntu kernel: [    7.974551] pcieport 0000:00:01.3: pciehp: Slot(0-3): Link Up
Oct 20 09:13:58 ubuntu kernel: [    7.975522] shpchp: Standard Hot Plug PCI Controller Driver version: 0.4
Oct 20 09:13:58 ubuntu kernel: [    7.978199] input: Power Button as /devices/LNXSYSTM:00/LNXSYBUS:00/PNP0C0C:00/input/input0
Oct 20 09:13:58 ubuntu kernel: [    7.979143] ACPI: Power Button [PWRB]
Oct 20 09:13:58 ubuntu kernel: [    7.990936] Serial: 8250/16550 driver, 32 ports, IRQ sharing enabled
Oct 20 09:13:58 ubuntu kernel: [    7.995178] msm_serial: driver initialized
Oct 20 09:13:58 ubuntu kernel: [    7.996547] cacheinfo: Unable to detect cache hierarchy for CPU 0
Oct 20 09:13:58 ubuntu kernel: [    8.009033] loop: module loaded
Oct 20 09:13:58 ubuntu kernel: [    8.010621] libphy: Fixed MDIO Bus: probed
Oct 20 09:13:58 ubuntu kernel: [    8.011197] tun: Universal TUN/TAP device driver, 1.6
Oct 20 09:13:58 ubuntu kernel: [    8.012031] PPP generic driver version 2.4.2
Oct 20 09:13:58 ubuntu kernel: [    8.012535] ehci_hcd: USB 2.0 'Enhanced' Host Controller (EHCI) Driver
Oct 20 09:13:58 ubuntu kernel: [    8.013167] ehci-pci: EHCI PCI platform driver
Oct 20 09:13:58 ubuntu kernel: [    8.013607] ehci-orion: EHCI orion driver
Oct 20 09:13:58 ubuntu kernel: [    8.014044] ohci_hcd: USB 1.1 'Open' Host Controller (OHCI) Driver
Oct 20 09:13:58 ubuntu kernel: [    8.014616] ohci-pci: OHCI PCI platform driver
Oct 20 09:13:58 ubuntu kernel: [    8.015048] uhci_hcd: USB Universal Host Controller Interface driver
Oct 20 09:13:58 ubuntu kernel: [    8.016251] xhci_hcd 0000:02:00.0: xHCI Host Controller
Oct 20 09:13:58 ubuntu kernel: [    8.016769] xhci_hcd 0000:02:00.0: new USB bus registered, assigned bus number 1
Oct 20 09:13:58 ubuntu kernel: [    8.017792] xhci_hcd 0000:02:00.0: hcc params 0x00087001 hci version 0x100 quirks 0x0000000000000010
Oct 20 09:13:58 ubuntu kernel: [    8.019809] usb usb1: New USB device found, idVendor=1d6b, idProduct=0002, bcdDevice= 5.07
Oct 20 09:13:58 ubuntu kernel: [    8.020610] usb usb1: New USB device strings: Mfr=3, Product=2, SerialNumber=1
Oct 20 09:13:58 ubuntu kernel: [    8.021276] usb usb1: Product: xHCI Host Controller
Oct 20 09:13:58 ubuntu kernel: [    8.021729] usb usb1: Manufacturer: Linux 5.7.1 xhci-hcd
Oct 20 09:13:58 ubuntu kernel: [    8.022275] usb usb1: SerialNumber: 0000:02:00.0
Oct 20 09:13:58 ubuntu kernel: [    8.022912] hub 1-0:1.0: USB hub found
Oct 20 09:13:58 ubuntu kernel: [    8.023317] hub 1-0:1.0: 8 ports detected
Oct 20 09:13:58 ubuntu kernel: [    8.024042] xhci_hcd 0000:02:00.0: xHCI Host Controller
Oct 20 09:13:58 ubuntu kernel: [    8.024543] xhci_hcd 0000:02:00.0: new USB bus registered, assigned bus number 2
Oct 20 09:13:58 ubuntu kernel: [    8.025239] xhci_hcd 0000:02:00.0: Host supports USB 3.0 SuperSpeed
Oct 20 09:13:58 ubuntu kernel: [    8.025882] usb usb2: We don't know the algorithms for LPM for this host, disabling LPM.
Oct 20 09:13:58 ubuntu kernel: [    8.026667] usb usb2: New USB device found, idVendor=1d6b, idProduct=0003, bcdDevice= 5.07
Oct 20 09:13:58 ubuntu kernel: [    8.027446] usb usb2: New USB device strings: Mfr=3, Product=2, SerialNumber=1
Oct 20 09:13:58 ubuntu kernel: [    8.028122] usb usb2: Product: xHCI Host Controller
Oct 20 09:13:58 ubuntu kernel: [    8.028598] usb usb2: Manufacturer: Linux 5.7.1 xhci-hcd
Oct 20 09:13:58 ubuntu kernel: [    8.029086] usb usb2: SerialNumber: 0000:02:00.0
Oct 20 09:13:58 ubuntu kernel: [    8.029622] hub 2-0:1.0: USB hub found
Oct 20 09:13:58 ubuntu kernel: [    8.030045] hub 2-0:1.0: 8 ports detected
Oct 20 09:13:58 ubuntu kernel: [    8.030881] mousedev: PS/2 mouse device common for all mice
Oct 20 09:13:58 ubuntu kernel: [    8.031893] rtc-efi rtc-efi.0: registered as rtc0
Oct 20 09:13:58 ubuntu kernel: [    8.032603] rtc-efi rtc-efi.0: setting system clock to 2020-10-20T01:13:53 UTC (1603156433)
Oct 20 09:13:58 ubuntu kernel: [    8.033468] i2c /dev entries driver
Oct 20 09:13:58 ubuntu kernel: [    8.034097] device-mapper: uevent: version 1.0.3
Oct 20 09:13:58 ubuntu kernel: [    8.034659] device-mapper: ioctl: 4.42.0-ioctl (2020-02-27) initialised: dm-devel@redhat.com
Oct 20 09:13:58 ubuntu kernel: [    8.036761] ledtrig-cpu: registered to indicate activity on CPUs
Oct 20 09:13:58 ubuntu kernel: [    8.037423] EFI Variables Facility v0.08 2004-May-17
Oct 20 09:13:58 ubuntu kernel: [    8.040530] NET: Registered protocol family 10
Oct 20 09:13:58 ubuntu kernel: [    8.053502] Segment Routing with IPv6
Oct 20 09:13:58 ubuntu kernel: [    8.054638] NET: Registered protocol family 17
Oct 20 09:13:58 ubuntu kernel: [    8.056177] Key type dns_resolver registered
Oct 20 09:13:58 ubuntu kernel: [    8.057325] registered taskstats version 1
Oct 20 09:13:58 ubuntu kernel: [    8.058226] Loading compiled-in X.509 certificates
Oct 20 09:13:58 ubuntu kernel: [    8.063100] Loaded X.509 cert 'Build time autogenerated kernel key: 5fc9bbbf10d23f3f9dda6c889ba5358a20950e89'
Oct 20 09:13:58 ubuntu kernel: [    8.065005] zswap: loaded using pool lzo/zbud
Oct 20 09:13:58 ubuntu kernel: [    8.066444] Key type ._fscrypt registered
Oct 20 09:13:58 ubuntu kernel: [    8.067092] Key type .fscrypt registered
Oct 20 09:13:58 ubuntu kernel: [    8.067574] Key type fscrypt-provisioning registered
Oct 20 09:13:58 ubuntu kernel: [    8.082316] cryptd: max_cpu_qlen set to 1000
Oct 20 09:13:58 ubuntu kernel: [    8.169270] Key type big_key registered
Oct 20 09:13:58 ubuntu kernel: [    8.191862] Key type encrypted registered
Oct 20 09:13:58 ubuntu kernel: [    8.192933] AppArmor: AppArmor sha1 policy hashing enabled
Oct 20 09:13:58 ubuntu kernel: [    8.195038] ima: No TPM chip found, activating TPM-bypass!
Oct 20 09:13:58 ubuntu kernel: [    8.196472] ima: Allocated hash algorithm: sha1
Oct 20 09:13:58 ubuntu kernel: [    8.197450] ima: No architecture policies found
Oct 20 09:13:58 ubuntu kernel: [    8.198055] evm: Initialising EVM extended attributes:
Oct 20 09:13:58 ubuntu kernel: [    8.198583] evm: security.selinux
Oct 20 09:13:58 ubuntu kernel: [    8.198918] evm: security.SMACK64
Oct 20 09:13:58 ubuntu kernel: [    8.199249] evm: security.SMACK64EXEC
Oct 20 09:13:58 ubuntu kernel: [    8.199616] evm: security.SMACK64TRANSMUTE
Oct 20 09:13:58 ubuntu kernel: [    8.200025] evm: security.SMACK64MMAP
Oct 20 09:13:58 ubuntu kernel: [    8.200389] evm: security.apparmor
Oct 20 09:13:58 ubuntu kernel: [    8.200729] evm: security.ima
Oct 20 09:13:58 ubuntu kernel: [    8.201025] evm: security.capability
Oct 20 09:13:58 ubuntu kernel: [    8.201383] evm: HMAC attrs: 0x1
Oct 20 09:13:58 ubuntu kernel: [    8.206006] Freeing unused kernel memory: 7040K
Oct 20 09:13:58 ubuntu kernel: [    8.288181] Checked W+X mappings: passed, no W+X pages found
Oct 20 09:13:58 ubuntu kernel: [    8.288955] Run /init as init process
Oct 20 09:13:58 ubuntu kernel: [    8.289299]   with arguments:
Oct 20 09:13:58 ubuntu kernel: [    8.289300]     /init
Oct 20 09:13:58 ubuntu kernel: [    8.289300]   with environment:
Oct 20 09:13:58 ubuntu kernel: [    8.289301]     HOME=/
Oct 20 09:13:58 ubuntu kernel: [    8.289302]     TERM=linux
Oct 20 09:13:58 ubuntu kernel: [    8.289303]     BOOT_IMAGE=/boot/vmlinuz-5.7.1
Oct 20 09:13:58 ubuntu kernel: [    8.433663] scsi host0: Virtio SCSI HBA
Oct 20 09:13:58 ubuntu kernel: [    8.435712] scsi 0:0:0:0: Direct-Access     QEMU     QEMU HARDDISK    2.5+ PQ: 0 ANSI: 5
Oct 20 09:13:58 ubuntu kernel: [    8.437000] scsi 0:0:0:1: CD-ROM            QEMU     QEMU CD-ROM      2.5+ PQ: 0 ANSI: 5
Oct 20 09:13:58 ubuntu kernel: [    8.457089] virtio_net virtio0 enp1s0: renamed from eth0
Oct 20 09:13:58 ubuntu kernel: [    8.466606] random: fast init done
Oct 20 09:13:58 ubuntu kernel: [    8.468295] sd 0:0:0:0: Attached scsi generic sg0 type 0
Oct 20 09:13:58 ubuntu kernel: [    8.468325] sd 0:0:0:0: Power-on or device reset occurred
Oct 20 09:13:58 ubuntu kernel: [    8.469097] sr 0:0:0:1: Power-on or device reset occurred
Oct 20 09:13:58 ubuntu kernel: [    8.469798] sd 0:0:0:0: [sda] 31457280 512-byte logical blocks: (16.1 GB/15.0 GiB)
Oct 20 09:13:58 ubuntu kernel: [    8.470308] sr 0:0:0:1: [sr0] scsi3-mmc drive: 16x/50x cd/rw xa/form2 cdda tray
Oct 20 09:13:58 ubuntu kernel: [    8.470986] sd 0:0:0:0: [sda] Write Protect is off
Oct 20 09:13:58 ubuntu kernel: [    8.471670] cdrom: Uniform CD-ROM driver Revision: 3.20
Oct 20 09:13:58 ubuntu kernel: [    8.472181] sd 0:0:0:0: [sda] Mode Sense: 63 00 00 08
Oct 20 09:13:58 ubuntu kernel: [    8.472774] sd 0:0:0:0: [sda] Write cache: enabled, read cache: enabled, doesn't support DPO or FUA
Oct 20 09:13:58 ubuntu kernel: [    8.498594]  sda: sda1 sda2
Oct 20 09:13:58 ubuntu kernel: [    8.502500] sd 0:0:0:0: [sda] Attached SCSI disk
Oct 20 09:13:58 ubuntu kernel: [    8.515597] sr 0:0:0:1: Attached scsi CD-ROM sr0
Oct 20 09:13:58 ubuntu kernel: [    8.515978] sr 0:0:0:1: Attached scsi generic sg1 type 5
Oct 20 09:13:58 ubuntu kernel: [    8.564201] random: lvm: uninitialized urandom read (4 bytes read)
Oct 20 09:13:58 ubuntu kernel: [    8.594892] random: lvm: uninitialized urandom read (2 bytes read)
Oct 20 09:13:58 ubuntu kernel: [    9.897864] raid6: neonx8   gen() 11603 MB/s
Oct 20 09:13:58 ubuntu kernel: [    9.965854] raid6: neonx8   xor()  8480 MB/s
Oct 20 09:13:58 ubuntu kernel: [   10.033863] raid6: neonx4   gen() 11090 MB/s
Oct 20 09:13:58 ubuntu kernel: [   10.101851] raid6: neonx4   xor()  7805 MB/s
Oct 20 09:13:58 ubuntu kernel: [   10.169859] raid6: neonx2   gen()  9024 MB/s
Oct 20 09:13:58 ubuntu kernel: [   10.237852] raid6: neonx2   xor()  6593 MB/s
Oct 20 09:13:58 ubuntu kernel: [   10.305846] raid6: neonx1   gen()  6736 MB/s
Oct 20 09:13:58 ubuntu kernel: [   10.373859] raid6: neonx1   xor()  2875 MB/s
Oct 20 09:13:58 ubuntu kernel: [   10.441856] raid6: int64x8  gen()  5971 MB/s
Oct 20 09:13:58 ubuntu kernel: [   10.493907] pcieport 0000:00:01.3: pciehp: Failed to check link status
Oct 20 09:13:58 ubuntu kernel: [   10.509848] raid6: int64x8  xor()  3612 MB/s
Oct 20 09:13:58 ubuntu kernel: [   10.577875] raid6: int64x4  gen()  7222 MB/s
Oct 20 09:13:58 ubuntu kernel: [   10.645861] raid6: int64x4  xor()  3683 MB/s
Oct 20 09:13:58 ubuntu kernel: [   10.713848] raid6: int64x2  gen()  5932 MB/s
Oct 20 09:13:58 ubuntu kernel: [   10.781866] raid6: int64x2  xor()  1778 MB/s
Oct 20 09:13:58 ubuntu kernel: [   10.849861] raid6: int64x1  gen()  4526 MB/s
Oct 20 09:13:58 ubuntu kernel: [   10.917843] raid6: int64x1  xor()  1222 MB/s
Oct 20 09:13:58 ubuntu kernel: [   10.918307] raid6: using algorithm neonx8 gen() 11603 MB/s
Oct 20 09:13:58 ubuntu kernel: [   10.918827] raid6: .... xor() 8480 MB/s, rmw enabled
Oct 20 09:13:58 ubuntu kernel: [   10.919304] raid6: using neon recovery algorithm
Oct 20 09:13:58 ubuntu kernel: [   10.922652] xor: measuring software checksum speed
Oct 20 09:13:58 ubuntu kernel: [   10.961851]    8regs     : 13053.000 MB/sec
Oct 20 09:13:58 ubuntu kernel: [   11.001850]    32regs    : 16028.000 MB/sec
Oct 20 09:13:58 ubuntu kernel: [   11.041864]    arm64_neon: 19324.000 MB/sec
Oct 20 09:13:58 ubuntu kernel: [   11.042316] xor: using function: arm64_neon (19324.000 MB/sec)
Oct 20 09:13:58 ubuntu kernel: [   11.044387] async_tx: api initialized (async)
Oct 20 09:13:58 ubuntu kernel: [   11.100728] random: lvm: uninitialized urandom read (4 bytes read)
Oct 20 09:13:58 ubuntu kernel: [   11.131012] random: lvm: uninitialized urandom read (4 bytes read)
Oct 20 09:13:58 ubuntu kernel: [   11.228719] Btrfs loaded, crc32c=crc32c-generic
Oct 20 09:13:58 ubuntu kernel: [   11.307930] EXT4-fs (dm-0): mounted filesystem with ordered data mode. Opts: (null)
Oct 20 09:13:58 ubuntu kernel: [   11.532713] systemd[1]: systemd 237 running in system mode. (+PAM +AUDIT +SELINUX +IMA +APPARMOR +SMACK +SYSVINIT +UTMP +LIBCRYPTSETUP +GCRYPT +GNUTLS +ACL +XZ +LZ4 +SECCOMP +BLKID +ELFUTILS +KMOD -IDN2 +IDN -PCRE2 default-hierarchy=hybrid)
Oct 20 09:13:58 ubuntu kernel: [   11.534917] systemd[1]: Detected virtualization kvm.
Oct 20 09:13:58 ubuntu kernel: [   11.535407] systemd[1]: Detected architecture arm64.
Oct 20 09:13:58 ubuntu kernel: [   11.562998] systemd[1]: Set hostname to <ubuntu>.
Oct 20 09:13:58 ubuntu kernel: [   11.649294] random: systemd: uninitialized urandom read (16 bytes read)
Oct 20 09:13:58 ubuntu kernel: [   11.650200] systemd[1]: Started Forward Password Requests to Wall Directory Watch.
Oct 20 09:13:58 ubuntu kernel: [   11.652704] systemd[1]: Created slice User and Session Slice.
Oct 20 09:13:58 ubuntu kernel: [   11.654279] systemd[1]: Set up automount Arbitrary Executable File Formats File System Automount Point.
Oct 20 09:13:58 ubuntu kernel: [   11.656615] systemd[1]: Created slice System Slice.
Oct 20 09:13:58 ubuntu kernel: [   11.657804] systemd[1]: Listening on Journal Socket (/dev/log).
Oct 20 09:13:58 ubuntu kernel: [   11.659652] systemd[1]: Created slice system-systemd\x2dfsck.slice.
Oct 20 09:13:58 ubuntu kernel: [   11.688739] Loading iSCSI transport class v2.0-870.
Oct 20 09:13:58 ubuntu kernel: [   11.698535] iscsi: registered transport (tcp)
Oct 20 09:13:58 ubuntu kernel: [   11.711211] EXT4-fs (dm-0): re-mounted. Opts: errors=remount-ro
Oct 20 09:13:58 ubuntu kernel: [   11.731142] iscsi: registered transport (iser)
Oct 20 09:13:58 ubuntu kernel: [   11.777328] systemd-journald[835]: Received request to flush runtime journal from PID 1
Oct 20 09:13:58 ubuntu kernel: [   12.283268] pstore: Using crash dump compression: deflate
Oct 20 09:13:58 ubuntu kernel: [   12.284192] pstore: Registered efi as persistent store backend
Oct 20 09:13:58 ubuntu kernel: [   12.365899] Adding 1003516k swap on /dev/mapper/ubuntu--vg-swap_1.  Priority:-2 extents:1 across:1003516k FS
Oct 20 09:13:58 ubuntu kernel: [   12.618201] audit: type=1400 audit(1603156438.084:2): apparmor="STATUS" operation="profile_load" profile="unconfined" name="/usr/bin/lxc-start" pid=1189 comm="apparmor_parser"
Oct 20 09:13:58 ubuntu kernel: [   12.684309] audit: type=1400 audit(1603156438.148:3): apparmor="STATUS" operation="profile_load" profile="unconfined" name="/usr/bin/man" pid=1193 comm="apparmor_parser"
Oct 20 09:13:58 ubuntu kernel: [   12.685314] audit: type=1400 audit(1603156438.148:4): apparmor="STATUS" operation="profile_load" profile="unconfined" name="man_filter" pid=1193 comm="apparmor_parser"
Oct 20 09:13:58 ubuntu kernel: [   12.686637] audit: type=1400 audit(1603156438.152:5): apparmor="STATUS" operation="profile_load" profile="unconfined" name="man_groff" pid=1193 comm="apparmor_parser"
Oct 20 09:13:58 ubuntu kernel: [   12.707825] audit: type=1400 audit(1603156438.172:6): apparmor="STATUS" operation="profile_load" profile="unconfined" name="/usr/sbin/tcpdump" pid=1197 comm="apparmor_parser"
Oct 20 09:13:58 ubuntu kernel: [   12.767641] audit: type=1400 audit(1603156438.232:7): apparmor="STATUS" operation="profile_load" profile="unconfined" name="/sbin/dhclient" pid=1192 comm="apparmor_parser"
Oct 20 09:13:58 ubuntu kernel: [   12.769195] audit: type=1400 audit(1603156438.232:8): apparmor="STATUS" operation="profile_load" profile="unconfined" name="/usr/lib/NetworkManager/nm-dhcp-client.action" pid=1192 comm="apparmor_parser"
Oct 20 09:13:58 ubuntu kernel: [   12.770714] audit: type=1400 audit(1603156438.236:9): apparmor="STATUS" operation="profile_load" profile="unconfined" name="/usr/lib/NetworkManager/nm-dhcp-helper" pid=1192 comm="apparmor_parser"
Oct 20 09:13:58 ubuntu kernel: [   12.772116] audit: type=1400 audit(1603156438.236:10): apparmor="STATUS" operation="profile_load" profile="unconfined" name="/usr/lib/connman/scripts/dhclient-script" pid=1192 comm="apparmor_parser"
Oct 20 09:13:58 ubuntu kernel: [   12.836549] audit: type=1400 audit(1603156438.300:11): apparmor="STATUS" operation="profile_load" profile="unconfined" name="/usr/lib/snapd/snap-confine" pid=1194 comm="apparmor_parser"
Oct 20 09:13:58 ubuntu kernel: [   12.984047] new mount options do not match the existing superblock, will be ignored
Oct 20 09:13:58 ubuntu grub-common[1213]:  * Recording successful boot for GRUB
Oct 20 09:13:58 ubuntu polkitd[1222]: started daemon version 0.105 using authority implementation `local' version `0.105'
Oct 20 09:13:58 ubuntu dbus-daemon[1208]: [system] Successfully activated service 'org.freedesktop.PolicyKit1'
Oct 20 09:13:58 ubuntu systemd[1]: Started Authorization Manager.
Oct 20 09:13:58 ubuntu accounts-daemon[1200]: started daemon version 0.6.45
Oct 20 09:13:58 ubuntu systemd[1]: Started Accounts Service.
Oct 20 09:13:58 ubuntu grub-common[1213]:    ...done.
Oct 20 09:13:58 ubuntu systemd[1]: Started LSB: Record successful boot for GRUB.
Oct 20 09:13:58 ubuntu snapd[1218]: AppArmor status: apparmor is enabled but some kernel features are missing: dbus, network
Oct 20 09:13:58 ubuntu snapd[1218]: daemon.go:346: started snapd/2.42.1+18.04 (series 16; classic; devmode) ubuntu/18.04 (arm64) linux/5.7.1.
Oct 20 09:13:58 ubuntu networkd-dispatcher[1207]: No valid path found for iwconfig
Oct 20 09:13:58 ubuntu systemd[1]: Started Dispatcher daemon for systemd-networkd.
Oct 20 09:13:58 ubuntu snapd[1218]: daemon.go:439: adjusting startup timeout by 30s (pessimistic estimate of 30s plus 5s per snap)
Oct 20 09:13:58 ubuntu systemd[1]: Started Snappy daemon.
Oct 20 09:13:58 ubuntu systemd[1]: Starting Wait until snapd is fully seeded...
Oct 20 09:13:58 ubuntu systemd[1]: Started Wait until snapd is fully seeded.
Oct 20 09:13:59 ubuntu systemd-networkd[1134]: enp1s0: Gained IPv6LL
Oct 20 09:13:59 ubuntu systemd-networkd[1134]: enp1s0: Configured
Oct 20 09:13:59 ubuntu systemd-networkd-wait-online[1161]: ignoring: lo
Oct 20 09:13:59 ubuntu systemd-timesyncd[1120]: Network configuration changed, trying to establish connection.
Oct 20 09:13:59 ubuntu systemd-networkd-wait-online[1161]: managing: enp1s0
Oct 20 09:13:59 ubuntu systemd[1]: Started Wait for Network to be Configured.
Oct 20 09:13:59 ubuntu systemd[1]: Reached target Network is Online.
Oct 20 09:13:59 ubuntu systemd[1]: Reached target Remote File Systems (Pre).
Oct 20 09:13:59 ubuntu systemd[1]: Reached target Remote File Systems.
Oct 20 09:13:59 ubuntu systemd[1]: Starting Permit User Sessions...
Oct 20 09:13:59 ubuntu systemd[1]: Starting LSB: automatic crash report generation...
Oct 20 09:13:59 ubuntu systemd[1]: Starting Availability of block devices...
Oct 20 09:13:59 ubuntu systemd[1]: Starting OpenBSD Secure Shell server...
Oct 20 09:13:59 ubuntu systemd[1]: Started Permit User Sessions.
Oct 20 09:13:59 ubuntu systemd[1]: Started Availability of block devices.
Oct 20 09:13:59 ubuntu systemd[1]: Starting Terminate Plymouth Boot Screen...
Oct 20 09:13:59 ubuntu systemd[1]: Starting Hold until boot process finishes up...
Oct 20 09:13:59 ubuntu apport[1297]:  * Starting automatic crash report generation: apport
Oct 20 09:13:59 ubuntu systemd[1]: Started Hold until boot process finishes up.
Oct 20 09:13:59 ubuntu systemd[1]: Started Terminate Plymouth Boot Screen.
Oct 20 09:13:59 ubuntu apport[1297]:    ...done.
Oct 20 09:13:59 ubuntu systemd[1]: Started LSB: automatic crash report generation.
Oct 20 09:13:59 ubuntu systemd[1]: Starting Set console scheme...
Oct 20 09:13:59 ubuntu systemd[1]: Started Serial Getty on ttyAMA0.
Oct 20 09:13:59 ubuntu systemd[1]: Started OpenBSD Secure Shell server.
Oct 20 09:13:59 ubuntu systemd[1]: Started Set console scheme.
Oct 20 09:13:59 ubuntu systemd[1]: Created slice system-getty.slice.
Oct 20 09:13:59 ubuntu systemd[1]: Started Getty on tty1.
Oct 20 09:13:59 ubuntu systemd[1]: Reached target Login Prompts.
Oct 20 09:13:59 ubuntu kernel: [   14.381879] random: crng init done
Oct 20 09:13:59 ubuntu kernel: [   14.381883] random: 5 urandom warning(s) missed due to ratelimiting
Oct 20 09:13:59 ubuntu systemd[1]: Started LXD - container startup/shutdown.
Oct 20 09:13:59 ubuntu systemd[1]: Reached target Multi-User System.
Oct 20 09:13:59 ubuntu systemd[1]: Reached target Graphical Interface.
Oct 20 09:13:59 ubuntu systemd[1]: Starting Update UTMP about System Runlevel Changes...
Oct 20 09:13:59 ubuntu systemd[1]: Started Update UTMP about System Runlevel Changes.
Oct 20 09:13:59 ubuntu systemd[1]: Startup finished in 11.048s (kernel) + 2.926s (userspace) = 13.975s.
Oct 20 09:13:59 ubuntu kernel: [   14.444762] fbcon: Taking over console
Oct 20 09:14:05 ubuntu snapd[1218]: stateengine.go:150: state ensure error: cannot sections: got unexpected HTTP status code 403 via GET to "https://api.snapcraft.io/api/v1/snaps/sections"
Oct 20 09:14:09 ubuntu systemd[1]: Created slice User Slice of huawei.
Oct 20 09:14:09 ubuntu systemd[1]: Starting User Manager for UID 1000...
Oct 20 09:14:09 ubuntu systemd[1]: Started Session 1 of user huawei.
Oct 20 09:14:09 ubuntu systemd[1494]: Listening on GnuPG network certificate management daemon.
Oct 20 09:14:09 ubuntu systemd[1494]: Listening on GnuPG cryptographic agent and passphrase cache (access for web browsers).
Oct 20 09:14:09 ubuntu systemd[1494]: Listening on GnuPG cryptographic agent (ssh-agent emulation).
Oct 20 09:14:09 ubuntu systemd[1494]: Reached target Timers.
Oct 20 09:14:09 ubuntu systemd[1494]: Listening on GnuPG cryptographic agent and passphrase cache (restricted).
Oct 20 09:14:09 ubuntu systemd[1494]: Listening on REST API socket for snapd user session agent.
Oct 20 09:14:09 ubuntu systemd[1494]: Reached target Paths.
Oct 20 09:14:09 ubuntu systemd[1494]: Listening on GnuPG cryptographic agent and passphrase cache.
Oct 20 09:14:09 ubuntu systemd[1494]: Reached target Sockets.
Oct 20 09:14:09 ubuntu systemd[1494]: Reached target Basic System.
Oct 20 09:14:09 ubuntu systemd[1494]: Reached target Default.
Oct 20 09:14:09 ubuntu systemd[1494]: Startup finished in 58ms.
Oct 20 09:14:09 ubuntu systemd[1]: Started User Manager for UID 1000.
Oct 20 09:14:13 ubuntu snapd[1218]: daemon.go:540: gracefully waiting for running hooks
Oct 20 09:14:13 ubuntu snapd[1218]: daemon.go:542: done waiting for running hooks
Oct 20 09:14:13 ubuntu snapd[1218]: daemon stop requested to wait for socket activation
Oct 20 09:14:28 ubuntu systemd-timesyncd[1120]: Synchronized to time server 91.189.91.157:123 (ntp.ubuntu.com).
Oct 20 09:14:46 ubuntu kernel: [   62.040420] Page table allocation set to fixed on node 0
Oct 20 09:14:46 ubuntu kernel: [   62.042276] [mitosis] pgd_alloc: pid = 1555
Oct 20 09:14:46 ubuntu kernel: [   62.042282] [mitosis] pgd_alloc for mm=ffff0004d4814400 and mm->pgd =ffff0004dc91e000.
Oct 20 09:14:46 ubuntu kernel: [   62.042285] PTREPL: set state to deactivated.
Oct 20 09:14:46 ubuntu kernel: [   62.051953] PROCFS: Command ot drain the pgtable cache
Oct 20 09:14:46 ubuntu kernel: [   62.062902] PROCFS: Command ot populate the pgtable cache
Oct 20 09:14:46 ubuntu kernel: [   62.062908] PGREPL: populating pgtable cache with 1100000 tables per node
Oct 20 09:14:46 ubuntu kernel: [   62.062911] PGREPL: populating pgtable cache node[0] with 1100000 tables
Oct 20 09:14:50 ubuntu kernel: [   65.598375] PGREPL: node[0] populated with 1100000  tables
Oct 20 09:14:50 ubuntu kernel: [   65.644215] [mitosis] kernel_set_pgtlbreplpolicy: pid = 1600
Oct 20 09:14:50 ubuntu kernel: [   65.644218] PTREP: Called pgtbl_repl_prepare_replication
Oct 20 09:14:50 ubuntu kernel: [   65.644219] [mitosis] pgtbl_repl_prepare_replication  for mm=ffff0004d28f2800.
Oct 20 09:14:50 ubuntu kernel: [   65.644220] ------PTREPL: alloc pgd start------
Oct 20 09:14:50 ubuntu kernel: [   65.644221] [mitosis] nr_node_ids=1.
Oct 20 09:14:50 ubuntu kernel: [   65.644221] [mitosis] pgd_alloc origin mm->pgd =ffff0004d7a5f000.
Oct 20 09:14:50 ubuntu kernel: [   65.644226] [mitosis] pgd_alloc mm->repl_pgd[0]=ffff0003ba3db000.
Oct 20 09:14:50 ubuntu kernel: [   65.644226] ------PTREPL: alloc pgd success------
Oct 20 09:14:50 ubuntu kernel: [   65.644227] pgtbl_repl_prepare_replication:960 pgd=ffff0004d7a5f000..ffff0004d7a5ffff
Oct 20 09:14:50 ubuntu kernel: [   65.644229] PTREP: pgd_idx = 341and pgd=ffff0004d7a5faa8  and pgd[341]=4d2822003
Oct 20 09:14:50 ubuntu kernel: [   65.644230] pgtbl_repl_prepare_replication:968 pgd[341]'s pud=ffff000492822000..ffff000492822fff
Oct 20 09:14:50 ubuntu kernel: [   65.644231] pgtbl_repl_prepare_replication:972 1 pfn=4d2822   2 pfn=4d2822
Oct 20 09:14:50 ubuntu kernel: [   65.644235] [mitosis] __pgtable_repl_alloc_one origin pagep=ffff000492822000 and new pagep = ffff0003ba3da000
Oct 20 09:14:50 ubuntu kernel: [   65.644236] ------PTREPL: set_pgd start------
Oct 20 09:14:50 ubuntu kernel: [   65.644237] ------ 1 . page_pgd->replica_node_id = -1------
Oct 20 09:14:50 ubuntu kernel: [   65.644238] PTREP: set_pgd offset=aa8 and node0 origin pgd=ffff0003ba3db000  and pgd+offset=ffff0003ba3dbaa8  and pud=ffff0003ba3da000 and pdgval=3fa3da003
Oct 20 09:14:50 ubuntu kernel: [   65.644239] ------PTREPL: set_pgd done------
Oct 20 09:14:50 ubuntu kernel: [   65.644240] [mitosis] start search pud .......
Oct 20 09:14:50 ubuntu kernel: [   65.644241] PTREP: pud_idx = 170and pud=ffff000492822550  and pud[170]=514417003
Oct 20 09:14:50 ubuntu kernel: [   65.644243] pgtbl_repl_prepare_replication:991 pud[170]'s pmd=ffff0004d4417000..ffff0004d4417fff
Oct 20 09:14:50 ubuntu kernel: [   65.644244] pgtbl_repl_prepare_replication:992 1 pfn=514417   2 pfn=514417
Oct 20 09:14:50 ubuntu kernel: [   65.644247] [mitosis] __pgtable_repl_alloc_one origin pagep=ffff0004d4417000 and new pagep = ffff0003ba3d9000
Oct 20 09:14:50 ubuntu kernel: [   65.644248] ------PTREPL: set_pud start------
Oct 20 09:14:50 ubuntu kernel: [   65.644249] ------ 1 . page_pud->replica_node_id = -1------
Oct 20 09:14:50 ubuntu kernel: [   65.644250] PTREP: set_pud offset=550 and node0 origin pud=ffff0003ba3da000  and pud+offset=ffff0003ba3da550  and pmd=ffff0003ba3d9000 and pudval=3fa3d9003
Oct 20 09:14:50 ubuntu kernel: [   65.644251] ------PTREPL: set_pud done------
Oct 20 09:14:50 ubuntu kernel: [   65.644253] PTREP: pmd_idx = 374and pmd=ffff0004d4417bb0  and pmd[374]=514416003
Oct 20 09:14:50 ubuntu kernel: [   65.644254] pgtbl_repl_prepare_replication:1011 pmd[374]'s pte=ffff0004d4416000..ffff0004d4416fff
Oct 20 09:14:50 ubuntu kernel: [   65.644255] pgtbl_repl_prepare_replication:1012 1 pfn=514416   2 pfn=514416
Oct 20 09:14:50 ubuntu kernel: [   65.644258] [mitosis] __pgtable_repl_alloc_one origin pagep=ffff0004d4416000 and new pagep = ffff0003ba3d8000
Oct 20 09:14:50 ubuntu kernel: [   65.644259] ------PTREPL: set_pmd start------
Oct 20 09:14:50 ubuntu kernel: [   65.644261] PTREP: set_pmd offset=bb0 and node0 origin pmd=ffff0003ba3d9000  and pmd+offset=ffff0003ba3d9bb0  and pte=ffff0003ba3d8000 and pmdval=3fa3d8003
Oct 20 09:14:50 ubuntu kernel: [   65.644261] ------PTREPL: set_pmd done------
Oct 20 09:14:50 ubuntu kernel: [   65.644263] PTREP: pte_idx = 194and pte=ffff0004d4416610  and pte[194]=2000050c1ebfd3
Oct 20 09:14:50 ubuntu kernel: [   65.644264] ------PTREPL: set_pte start------
Oct 20 09:14:50 ubuntu kernel: [   65.644265] PTREP: set_pte offset=610 and node0 origin pte=ffff0003ba3d8000  and pte+offset=ffff0003ba3d8610  and pteval=2000050c1ebfd3
Oct 20 09:14:50 ubuntu kernel: [   65.644266] ------PTREPL: set_pte done------
Oct 20 09:14:50 ubuntu kernel: [   65.644266] PTREP: pte_idx = 195and pte=ffff0004d4416618  and pte[195]=2000053c2d7fd3
Oct 20 09:14:50 ubuntu kernel: [   65.644267] ------PTREPL: set_pte start------
Oct 20 09:14:50 ubuntu kernel: [   65.644268] PTREP: set_pte offset=618 and node0 origin pte=ffff0003ba3d8000  and pte+offset=ffff0003ba3d8618  and pteval=2000053c2d7fd3
Oct 20 09:14:50 ubuntu kernel: [   65.644269] ------PTREPL: set_pte done------
Oct 20 09:14:50 ubuntu kernel: [   65.644270] PTREP: pte_idx = 196and pte=ffff0004d4416620  and pte[196]=200005066abfd3
Oct 20 09:14:50 ubuntu kernel: [   65.644270] ------PTREPL: set_pte start------
Oct 20 09:14:50 ubuntu kernel: [   65.644271] PTREP: set_pte offset=620 and node0 origin pte=ffff0003ba3d8000  and pte+offset=ffff0003ba3d8620  and pteval=200005066abfd3
Oct 20 09:14:50 ubuntu kernel: [   65.644272] ------PTREPL: set_pte done------
Oct 20 09:14:50 ubuntu kernel: [   65.644273] PTREP: pte_idx = 197and pte=ffff0004d4416628  and pte[197]=2000050eca7fd3
Oct 20 09:14:50 ubuntu kernel: [   65.644273] ------PTREPL: set_pte start------
Oct 20 09:14:50 ubuntu kernel: [   65.644275] PTREP: set_pte offset=628 and node0 origin pte=ffff0003ba3d8000  and pte+offset=ffff0003ba3d8628  and pteval=2000050eca7fd3
Oct 20 09:14:50 ubuntu kernel: [   65.644275] ------PTREPL: set_pte done------
Oct 20 09:14:50 ubuntu kernel: [   65.644276] PTREP: pte_idx = 198and pte=ffff0004d4416630  and pte[198]=2000050ed66fd3
Oct 20 09:14:50 ubuntu kernel: [   65.644277] ------PTREPL: set_pte start------
Oct 20 09:14:50 ubuntu kernel: [   65.644278] PTREP: set_pte offset=630 and node0 origin pte=ffff0003ba3d8000  and pte+offset=ffff0003ba3d8630  and pteval=2000050ed66fd3
Oct 20 09:14:50 ubuntu kernel: [   65.644278] ------PTREPL: set_pte done------
Oct 20 09:14:50 ubuntu kernel: [   65.644279] PTREP: pte_idx = 199and pte=ffff0004d4416638  and pte[199]=2000050772bfd3
Oct 20 09:14:50 ubuntu kernel: [   65.644280] ------PTREPL: set_pte start------
Oct 20 09:14:50 ubuntu kernel: [   65.644281] PTREP: set_pte offset=638 and node0 origin pte=ffff0003ba3d8000  and pte+offset=ffff0003ba3d8638  and pteval=2000050772bfd3
Oct 20 09:14:50 ubuntu kernel: [   65.644281] ------PTREPL: set_pte done------
Oct 20 09:14:50 ubuntu kernel: [   65.644282] PTREP: pte_idx = 216and pte=ffff0004d44166c0  and pte[216]=e000050b5dcfd3
Oct 20 09:14:50 ubuntu kernel: [   65.644283] ------PTREPL: set_pte start------
Oct 20 09:14:50 ubuntu kernel: [   65.644284] PTREP: set_pte offset=6c0 and node0 origin pte=ffff0003ba3d8000  and pte+offset=ffff0003ba3d86c0  and pteval=e000050b5dcfd3
Oct 20 09:14:50 ubuntu kernel: [   65.644285] ------PTREPL: set_pte done------
Oct 20 09:14:50 ubuntu kernel: [   65.644286] PTREP: pte_idx = 217and pte=ffff0004d44166c8  and pte[217]=e800050772ff53
Oct 20 09:14:50 ubuntu kernel: [   65.644286] ------PTREPL: set_pte start------
Oct 20 09:14:50 ubuntu kernel: [   65.644287] PTREP: set_pte offset=6c8 and node0 origin pte=ffff0003ba3d8000  and pte+offset=ffff0003ba3d86c8  and pteval=e800050772ff53
Oct 20 09:14:50 ubuntu kernel: [   65.644288] ------PTREPL: set_pte done------
Oct 20 09:14:50 ubuntu kernel: [   65.644289] PTREP: pud_idx = 171and pud=ffff000492822558  and pud[171]=51440d003
Oct 20 09:14:50 ubuntu kernel: [   65.644290] pgtbl_repl_prepare_replication:991 pud[171]'s pmd=ffff0004d440d000..ffff0004d440dfff
Oct 20 09:14:50 ubuntu kernel: [   65.644291] pgtbl_repl_prepare_replication:992 1 pfn=51440d   2 pfn=51440d
Oct 20 09:14:50 ubuntu kernel: [   65.644295] [mitosis] __pgtable_repl_alloc_one origin pagep=ffff0004d440d000 and new pagep = ffff0003ba3d7000
Oct 20 09:14:50 ubuntu kernel: [   65.644295] ------PTREPL: set_pud start------
Oct 20 09:14:50 ubuntu kernel: [   65.644296] ------ 1 . page_pud->replica_node_id = -1------
Oct 20 09:14:50 ubuntu kernel: [   65.644297] PTREP: set_pud offset=558 and node0 origin pud=ffff0003ba3da000  and pud+offset=ffff0003ba3da558  and pmd=ffff0003ba3d7000 and pudval=3fa3d7003
Oct 20 09:14:50 ubuntu kernel: [   65.644298] ------PTREPL: set_pud done------
Oct 20 09:14:50 ubuntu kernel: [   65.644299] PTREP: pmd_idx = 10and pmd=ffff0004d440d050  and pmd[10]=514415003
Oct 20 09:14:50 ubuntu kernel: [   65.644300] pgtbl_repl_prepare_replication:1011 pmd[10]'s pte=ffff0004d4415000..ffff0004d4415fff
Oct 20 09:14:50 ubuntu kernel: [   65.644301] pgtbl_repl_prepare_replication:1012 1 pfn=514415   2 pfn=514415
Oct 20 09:14:50 ubuntu kernel: [   65.644304] [mitosis] __pgtable_repl_alloc_one origin pagep=ffff0004d4415000 and new pagep = ffff0003ba3d6000
Oct 20 09:14:50 ubuntu kernel: [   65.644304] ------PTREPL: set_pmd start------
Oct 20 09:14:50 ubuntu kernel: [   65.644306] PTREP: set_pmd offset=50 and node0 origin pmd=ffff0003ba3d7000  and pmd+offset=ffff0003ba3d7050  and pte=ffff0003ba3d6000 and pmdval=3fa3d6003
Oct 20 09:14:50 ubuntu kernel: [   65.644306] ------PTREPL: set_pmd done------
Oct 20 09:14:50 ubuntu kernel: [   65.644308] PTREP: pte_idx = 301and pte=ffff0004d4415968  and pte[301]=e800050fb8ef53
Oct 20 09:14:50 ubuntu kernel: [   65.644308] ------PTREPL: set_pte start------
Oct 20 09:14:50 ubuntu kernel: [   65.644310] PTREP: set_pte offset=968 and node0 origin pte=ffff0003ba3d6000  and pte+offset=ffff0003ba3d6968  and pteval=e800050fb8ef53
Oct 20 09:14:50 ubuntu kernel: [   65.644310] ------PTREPL: set_pte done------
Oct 20 09:14:50 ubuntu kernel: [   65.644312] ===================================== end of a page
Oct 20 09:14:50 ubuntu kernel: [   65.644314] PTREP: pgd_idx = 511and pgd=ffff0004d7a5fff8  and pgd[511]=5118f9003
Oct 20 09:14:50 ubuntu kernel: [   65.644315] pgtbl_repl_prepare_replication:968 pgd[511]'s pud=ffff0004d18f9000..ffff0004d18f9fff
Oct 20 09:14:50 ubuntu kernel: [   65.644316] pgtbl_repl_prepare_replication:972 1 pfn=5118f9   2 pfn=5118f9
Oct 20 09:14:50 ubuntu kernel: [   65.644319] [mitosis] __pgtable_repl_alloc_one origin pagep=ffff0004d18f9000 and new pagep = ffff0003ba3d5000
Oct 20 09:14:50 ubuntu kernel: [   65.644320] ------PTREPL: set_pgd start------
Oct 20 09:14:50 ubuntu kernel: [   65.644320] ------ 1 . page_pgd->replica_node_id = -1------
Oct 20 09:14:50 ubuntu kernel: [   65.644322] PTREP: set_pgd offset=ff8 and node0 origin pgd=ffff0003ba3db000  and pgd+offset=ffff0003ba3dbff8  and pud=ffff0003ba3d5000 and pdgval=3fa3d5003
Oct 20 09:14:50 ubuntu kernel: [   65.644322] ------PTREPL: set_pgd done------
Oct 20 09:14:50 ubuntu kernel: [   65.644323] [mitosis] start search pud .......
Oct 20 09:14:50 ubuntu kernel: [   65.644324] PTREP: pud_idx = 510and pud=ffff0004d18f9ff0  and pud[510]=511eed003
Oct 20 09:14:50 ubuntu kernel: [   65.644325] pgtbl_repl_prepare_replication:991 pud[510]'s pmd=ffff0004d1eed000..ffff0004d1eedfff
Oct 20 09:14:50 ubuntu kernel: [   65.644326] pgtbl_repl_prepare_replication:992 1 pfn=511eed   2 pfn=511eed
Oct 20 09:14:50 ubuntu kernel: [   65.644330] [mitosis] __pgtable_repl_alloc_one origin pagep=ffff0004d1eed000 and new pagep = ffff0003ba3d4000
Oct 20 09:14:50 ubuntu kernel: [   65.644330] ------PTREPL: set_pud start------
Oct 20 09:14:50 ubuntu kernel: [   65.644331] ------ 1 . page_pud->replica_node_id = -1------
Oct 20 09:14:50 ubuntu kernel: [   65.644332] PTREP: set_pud offset=ff0 and node0 origin pud=ffff0003ba3d5000  and pud+offset=ffff0003ba3d5ff0  and pmd=ffff0003ba3d4000 and pudval=3fa3d4003
Oct 20 09:14:50 ubuntu kernel: [   65.644332] ------PTREPL: set_pud done------
Oct 20 09:14:50 ubuntu kernel: [   65.644333] PTREP: pmd_idx = 92and pmd=ffff0004d1eed2e0  and pmd[92]=514405003
Oct 20 09:14:50 ubuntu kernel: [   65.644334] pgtbl_repl_prepare_replication:1011 pmd[92]'s pte=ffff0004d4405000..ffff0004d4405fff
Oct 20 09:14:50 ubuntu kernel: [   65.644335] pgtbl_repl_prepare_replication:1012 1 pfn=514405   2 pfn=514405
Oct 20 09:14:50 ubuntu kernel: [   65.644339] [mitosis] __pgtable_repl_alloc_one origin pagep=ffff0004d4405000 and new pagep = ffff0003ba3d3000
Oct 20 09:14:50 ubuntu kernel: [   65.644339] ------PTREPL: set_pmd start------
Oct 20 09:14:50 ubuntu kernel: [   65.644340] PTREP: set_pmd offset=2e0 and node0 origin pmd=ffff0003ba3d4000  and pmd+offset=ffff0003ba3d42e0  and pte=ffff0003ba3d3000 and pmdval=3fa3d3003
Oct 20 09:14:50 ubuntu kernel: [   65.644341] ------PTREPL: set_pmd done------
Oct 20 09:14:50 ubuntu kernel: [   65.644345] PTREP: pmd_idx = 93and pmd=ffff0004d1eed2e8  and pmd[93]=514414003
Oct 20 09:14:50 ubuntu kernel: [   65.644346] pgtbl_repl_prepare_replication:1011 pmd[93]'s pte=ffff0004d4414000..ffff0004d4414fff
Oct 20 09:14:50 ubuntu kernel: [   65.644347] pgtbl_repl_prepare_replication:1012 1 pfn=514414   2 pfn=514414
Oct 20 09:14:50 ubuntu kernel: [   65.644350] [mitosis] __pgtable_repl_alloc_one origin pagep=ffff0004d4414000 and new pagep = ffff0003ba3d2000
Oct 20 09:14:50 ubuntu kernel: [   65.644350] ------PTREPL: set_pmd start------
Oct 20 09:14:50 ubuntu kernel: [   65.644351] PTREP: set_pmd offset=2e8 and node0 origin pmd=ffff0003ba3d4000  and pmd+offset=ffff0003ba3d42e8  and pte=ffff0003ba3d2000 and pmdval=3fa3d2003
Oct 20 09:14:50 ubuntu kernel: [   65.644352] ------PTREPL: set_pmd done------
Oct 20 09:14:50 ubuntu kernel: [   65.644354] PTREP: pud_idx = 511and pud=ffff0004d18f9ff8  and pud[511]=51e436003
Oct 20 09:14:50 ubuntu kernel: [   65.644356] pgtbl_repl_prepare_replication:991 pud[511]'s pmd=ffff0004de436000..ffff0004de436fff
Oct 20 09:14:50 ubuntu kernel: [   65.644357] pgtbl_repl_prepare_replication:992 1 pfn=51e436   2 pfn=51e436
Oct 20 09:14:50 ubuntu kernel: [   65.644360] [mitosis] __pgtable_repl_alloc_one origin pagep=ffff0004de436000 and new pagep = ffff0003ba3d1000
Oct 20 09:14:50 ubuntu kernel: [   65.644360] ------PTREPL: set_pud start------
Oct 20 09:14:50 ubuntu kernel: [   65.644361] ------ 1 . page_pud->replica_node_id = -1------
Oct 20 09:14:50 ubuntu kernel: [   65.644362] PTREP: set_pud offset=ff8 and node0 origin pud=ffff0003ba3d5000  and pud+offset=ffff0003ba3d5ff8  and pmd=ffff0003ba3d1000 and pudval=3fa3d1003
Oct 20 09:14:50 ubuntu kernel: [   65.644363] ------PTREPL: set_pud done------
Oct 20 09:14:50 ubuntu kernel: [   65.644365] PTREP: pmd_idx = 155and pmd=ffff0004de4364d8  and pmd[155]=51c9be003
Oct 20 09:14:50 ubuntu kernel: [   65.644366] pgtbl_repl_prepare_replication:1011 pmd[155]'s pte=ffff0004dc9be000..ffff0004dc9befff
Oct 20 09:14:50 ubuntu kernel: [   65.644366] pgtbl_repl_prepare_replication:1012 1 pfn=51c9be   2 pfn=51c9be
Oct 20 09:14:50 ubuntu kernel: [   65.644369] [mitosis] __pgtable_repl_alloc_one origin pagep=ffff0004dc9be000 and new pagep = ffff0003ba3d0000
Oct 20 09:14:50 ubuntu kernel: [   65.644370] ------PTREPL: set_pmd start------
Oct 20 09:14:50 ubuntu kernel: [   65.644371] PTREP: set_pmd offset=4d8 and node0 origin pmd=ffff0003ba3d1000  and pmd+offset=ffff0003ba3d14d8  and pte=ffff0003ba3d0000 and pmdval=3fa3d0003
Oct 20 09:14:50 ubuntu kernel: [   65.644372] ------PTREPL: set_pmd done------
Oct 20 09:14:50 ubuntu kernel: [   65.644374] ===================================== end of a page
Oct 20 09:14:50 ubuntu kernel: [   65.644375] pgtbl_repl_prepare_replication:1038 all: pud_num=4, pmd_num=5, pte_num=339
