Dec  3 12:51:08 ubuntu systemd-modules-load[839]: Inserted module 'iscsi_tcp'
Dec  3 12:51:08 ubuntu kernel: [    0.000000] Booting Linux on physical CPU 0x0000000000 [0x481fd010]
Dec  3 12:51:08 ubuntu systemd-modules-load[839]: Inserted module 'ib_iser'
Dec  3 12:51:08 ubuntu kernel: [    0.000000] Linux version 5.7.1 (root@ubuntu) (gcc version 7.5.0 (Ubuntu/Linaro 7.5.0-3ubuntu1~18.04), GNU ld (GNU Binutils for Ubuntu) 2.30) #1 SMP Thu Dec 3 12:14:24 CST 2020
Dec  3 12:51:08 ubuntu kernel: [    0.000000] efi: EFI v2.70 by EDK II
Dec  3 12:51:08 ubuntu lvm[831]:   2 logical volume(s) in volume group "ubuntu-vg" monitored
Dec  3 12:51:08 ubuntu kernel: [    0.000000] efi:  SMBIOS 3.0=0x53f710000  ACPI 2.0=0x53c020000  MEMATTR=0x53cc7ca98  MEMRESERVE=0x53becd018 
Dec  3 12:51:08 ubuntu systemd[1]: Started udev Kernel Device Manager.
Dec  3 12:51:08 ubuntu kernel: [    0.000000] cma: Reserved 32 MiB at 0x00000000fe000000
Dec  3 12:51:08 ubuntu kernel: [    0.000000] ACPI: Early table checksum verification disabled
Dec  3 12:51:08 ubuntu kernel: [    0.000000] ACPI: RSDP 0x000000053C020000 000024 (v02 BOCHS )
Dec  3 12:51:08 ubuntu kernel: [    0.000000] ACPI: XSDT 0x000000053BED0000 000054 (v01 BOCHS  BXPCFACP 00000001      01000013)
Dec  3 12:51:08 ubuntu kernel: [    0.000000] ACPI: FACP 0x000000053BE90000 00010C (v05 BOCHS  BXPCFACP 00000001 BXPC 00000001)
Dec  3 12:51:08 ubuntu kernel: [    0.000000] ACPI: DSDT 0x000000053BEA0000 001523 (v02 BOCHS  BXPCDSDT 00000001 BXPC 00000001)
Dec  3 12:51:08 ubuntu kernel: [    0.000000] ACPI: APIC 0x000000053BE80000 0009E8 (v03 BOCHS  BXPCAPIC 00000001 BXPC 00000001)
Dec  3 12:51:08 ubuntu systemd[1]: Mounted FUSE Control File System.
Dec  3 12:51:08 ubuntu kernel: [    0.000000] ACPI: GTDT 0x000000053BE70000 000060 (v02 BOCHS  BXPCGTDT 00000001 BXPC 00000001)
Dec  3 12:51:08 ubuntu kernel: [    0.000000] ACPI: MCFG 0x000000053BE60000 00003C (v01 BOCHS  BXPCMCFG 00000001 BXPC 00000001)
Dec  3 12:51:08 ubuntu kernel: [    0.000000] ACPI: SPCR 0x000000053BE50000 000050 (v02 BOCHS  BXPCSPCR 00000001 BXPC 00000001)
Dec  3 12:51:08 ubuntu systemd[1]: Mounted Kernel Configuration File System.
Dec  3 12:51:08 ubuntu kernel: [    0.000000] ACPI: IORT 0x000000053BE40000 00007C (v00 BOCHS  BXPCIORT 00000001 BXPC 00000001)
Dec  3 12:51:08 ubuntu kernel: [    0.000000] ACPI: SPCR: console: pl011,mmio,0x9000000,9600
Dec  3 12:51:08 ubuntu kernel: [    0.000000] ACPI: NUMA: Failed to initialise from firmware
Dec  3 12:51:08 ubuntu systemd[1]: Starting Flush Journal to Persistent Storage...
Dec  3 12:51:08 ubuntu kernel: [    0.000000] NUMA: Faking a node at [mem 0x0000000040000000-0x000000053fffffff]
Dec  3 12:51:08 ubuntu kernel: [    0.000000] NUMA: NODE_DATA [mem 0x53d409300-0x53d40cfff]
Dec  3 12:51:08 ubuntu systemd[1]: Started Apply Kernel Variables.
Dec  3 12:51:08 ubuntu kernel: [    0.000000] Zone ranges:
Dec  3 12:51:08 ubuntu kernel: [    0.000000]   DMA      [mem 0x0000000040000000-0x000000007fffffff]
Dec  3 12:51:08 ubuntu kernel: [    0.000000]   DMA32    [mem 0x0000000080000000-0x00000000ffffffff]
Dec  3 12:51:08 ubuntu systemd[1]: Started udev Coldplug all Devices.
Dec  3 12:51:08 ubuntu kernel: [    0.000000]   Normal   [mem 0x0000000100000000-0x000000053fffffff]
Dec  3 12:51:08 ubuntu kernel: [    0.000000] Movable zone start for each node
Dec  3 12:51:08 ubuntu systemd[1]: Started Dispatch Password Requests to Console Directory Watch.
Dec  3 12:51:08 ubuntu kernel: [    0.000000] Early memory node ranges
Dec  3 12:51:08 ubuntu kernel: [    0.000000]   node   0: [mem 0x0000000040000000-0x000000053bedffff]
Dec  3 12:51:08 ubuntu systemd[1]: Reached target Local Encrypted Volumes.
Dec  3 12:51:08 ubuntu kernel: [    0.000000]   node   0: [mem 0x000000053bee0000-0x000000053bffffff]
Dec  3 12:51:08 ubuntu kernel: [    0.000000]   node   0: [mem 0x000000053c000000-0x000000053c02ffff]
Dec  3 12:51:08 ubuntu kernel: [    0.000000]   node   0: [mem 0x000000053c030000-0x000000053c0affff]
Dec  3 12:51:08 ubuntu systemd[1]: Started Flush Journal to Persistent Storage.
Dec  3 12:51:08 ubuntu kernel: [    0.000000]   node   0: [mem 0x000000053c0b0000-0x000000053f57ffff]
Dec  3 12:51:08 ubuntu kernel: [    0.000000]   node   0: [mem 0x000000053f580000-0x000000053f95ffff]
Dec  3 12:51:08 ubuntu systemd[1]: Found device /dev/ttyAMA0.
Dec  3 12:51:08 ubuntu kernel: [    0.000000]   node   0: [mem 0x000000053f960000-0x000000053fffffff]
Dec  3 12:51:08 ubuntu kernel: [    0.000000] Zeroed struct page in unavailable ranges: 544 pages
Dec  3 12:51:08 ubuntu systemd-udevd[924]: link_config: autonegotiation is unset or enabled, the speed and duplex are not writable.
Dec  3 12:51:08 ubuntu kernel: [    0.000000] Initmem setup node 0 [mem 0x0000000040000000-0x000000053fffffff]
Dec  3 12:51:08 ubuntu systemd[1]: Listening on Load/Save RF Kill Switch Status /dev/rfkill Watch.
Dec  3 12:51:08 ubuntu kernel: [    0.000000] On node 0 totalpages: 5242880
Dec  3 12:51:08 ubuntu kernel: [    0.000000]   DMA zone: 5120 pages used for memmap
Dec  3 12:51:08 ubuntu kernel: [    0.000000]   DMA zone: 0 pages reserved
Dec  3 12:51:08 ubuntu systemd-udevd[874]: link_config: autonegotiation is unset or enabled, the speed and duplex are not writable.
Dec  3 12:51:08 ubuntu kernel: [    0.000000]   DMA zone: 262144 pages, LIFO batch:63
Dec  3 12:51:08 ubuntu systemd[1]: Found device /dev/mapper/ubuntu--vg-swap_1.
Dec  3 12:51:08 ubuntu kernel: [    0.000000]   DMA32 zone: 10240 pages used for memmap
Dec  3 12:51:08 ubuntu kernel: [    0.000000]   DMA32 zone: 524288 pages, LIFO batch:63
Dec  3 12:51:08 ubuntu kernel: [    0.000000]   Normal zone: 87040 pages used for memmap
Dec  3 12:51:08 ubuntu kernel: [    0.000000]   Normal zone: 4456448 pages, LIFO batch:63
Dec  3 12:51:08 ubuntu systemd[1]: Activating swap /dev/mapper/ubuntu--vg-swap_1...
Dec  3 12:51:08 ubuntu kernel: [    0.000000] psci: probing for conduit method from ACPI.
Dec  3 12:51:08 ubuntu kernel: [    0.000000] psci: PSCIv1.0 detected in firmware.
Dec  3 12:51:08 ubuntu systemd[1]: Found device QEMU_HARDDISK 1.
Dec  3 12:51:08 ubuntu kernel: [    0.000000] psci: Using standard PSCI v0.2 function IDs
Dec  3 12:51:08 ubuntu kernel: [    0.000000] psci: Trusted OS migration not required
Dec  3 12:51:08 ubuntu systemd[1]: Starting File System Check on /dev/disk/by-uuid/5EA9-3D4C...
Dec  3 12:51:08 ubuntu kernel: [    0.000000] psci: SMC Calling Convention v1.1
Dec  3 12:51:08 ubuntu kernel: [    0.000000] ACPI: SRAT not present
Dec  3 12:51:08 ubuntu kernel: [    0.000000] percpu: Embedded 33 pages/cpu s94616 r8192 d32360 u135168
Dec  3 12:51:08 ubuntu systemd[1]: Created slice system-lvm2\x2dpvscan.slice.
Dec  3 12:51:08 ubuntu kernel: [    0.000000] pcpu-alloc: s94616 r8192 d32360 u135168 alloc=33*4096
Dec  3 12:51:08 ubuntu kernel: [    0.000000] pcpu-alloc: [0] 00 [0] 01 [0] 02 [0] 03 [0] 04 [0] 05 [0] 06 [0] 07 
Dec  3 12:51:08 ubuntu kernel: [    0.000000] pcpu-alloc: [0] 08 [0] 09 [0] 10 [0] 11 [0] 12 [0] 13 [0] 14 [0] 15 
Dec  3 12:51:08 ubuntu systemd[1]: Starting LVM2 PV scan on device 8:2...
Dec  3 12:51:08 ubuntu kernel: [    0.000000] pcpu-alloc: [0] 16 [0] 17 [0] 18 [0] 19 [0] 20 [0] 21 [0] 22 [0] 23 
Dec  3 12:51:08 ubuntu kernel: [    0.000000] pcpu-alloc: [0] 24 [0] 25 [0] 26 [0] 27 [0] 28 [0] 29 [0] 30 [0] 31 
Dec  3 12:51:08 ubuntu systemd[1]: Started File System Check Daemon to report status.
Dec  3 12:51:08 ubuntu kernel: [    0.000000] Detected VIPT I-cache on CPU0
Dec  3 12:51:08 ubuntu systemd[1]: Activated swap /dev/mapper/ubuntu--vg-swap_1.
Dec  3 12:51:08 ubuntu kernel: [    0.000000] CPU features: detected: GIC system register CPU interface
Dec  3 12:51:08 ubuntu kernel: [    0.000000] CPU features: detected: Hardware dirty bit management
Dec  3 12:51:08 ubuntu systemd[1]: Reached target Swap.
Dec  3 12:51:08 ubuntu kernel: [    0.000000] Built 1 zonelists, mobility grouping on.  Total pages: 5140480
Dec  3 12:51:08 ubuntu kernel: [    0.000000] Policy zone: Normal
Dec  3 12:51:08 ubuntu systemd-fsck[1031]: fsck.fat 4.1 (2017-01-24)
Dec  3 12:51:08 ubuntu kernel: [    0.000000] Kernel command line: BOOT_IMAGE=/boot/vmlinuz-5.7.1 root=/dev/mapper/ubuntu--vg-root ro
Dec  3 12:51:08 ubuntu kernel: [    0.000000] Dentry cache hash table entries: 4194304 (order: 13, 33554432 bytes, linear)
Dec  3 12:51:08 ubuntu kernel: [    0.000000] Inode-cache hash table entries: 2097152 (order: 12, 16777216 bytes, linear)
Dec  3 12:51:08 ubuntu systemd-fsck[1031]: 0x25: Dirty bit is set. Fs was not properly unmounted and some data may be corrupt.
Dec  3 12:51:08 ubuntu kernel: [    0.000000] mem auto-init: stack:off, heap alloc:on, heap free:off
Dec  3 12:51:08 ubuntu systemd-fsck[1031]:  Automatically removing dirty bit.
Dec  3 12:51:08 ubuntu kernel: [    0.000000] software IO TLB: mapped [mem 0x7bfff000-0x7ffff000] (64MB)
Dec  3 12:51:08 ubuntu kernel: [    0.000000] Memory: 20269608K/20971520K available (14204K kernel code, 2354K rwdata, 6868K rodata, 7040K init, 1132K bss, 669144K reserved, 32768K cma-reserved)
Dec  3 12:51:08 ubuntu kernel: [    0.000000] random: get_random_u64 called from __kmem_cache_create+0x54/0x5d8 with crng_init=0
Dec  3 12:51:08 ubuntu kernel: [    0.000000] SLUB: HWalign=64, Order=0-3, MinObjects=0, CPUs=32, Nodes=1
Dec  3 12:51:08 ubuntu kernel: [    0.000000] ftrace: allocating 46107 entries in 181 pages
Dec  3 12:51:08 ubuntu kernel: [    0.000000] ftrace: allocated 181 pages with 5 groups
Dec  3 12:51:08 ubuntu kernel: [    0.000000] rcu: Hierarchical RCU implementation.
Dec  3 12:51:08 ubuntu kernel: [    0.000000] rcu: 	RCU restricting CPUs from NR_CPUS=256 to nr_cpu_ids=32.
Dec  3 12:51:08 ubuntu kernel: [    0.000000] 	Tasks RCU enabled.
Dec  3 12:51:08 ubuntu systemd-fsck[1031]: Performing changes.
Dec  3 12:51:08 ubuntu kernel: [    0.000000] rcu: RCU calculated value of scheduler-enlistment delay is 25 jiffies.
Dec  3 12:51:08 ubuntu kernel: [    0.000000] rcu: Adjusting geometry for rcu_fanout_leaf=16, nr_cpu_ids=32
Dec  3 12:51:08 ubuntu kernel: [    0.000000] NR_IRQS: 64, nr_irqs: 64, preallocated irqs: 0
Dec  3 12:51:08 ubuntu kernel: [    0.000000] GICv3: 256 SPIs implemented
Dec  3 12:51:08 ubuntu kernel: [    0.000000] GICv3: 0 Extended SPIs implemented
Dec  3 12:51:08 ubuntu kernel: [    0.000000] GICv3: Distributor has no Range Selector support
Dec  3 12:51:08 ubuntu systemd-fsck[1031]: /dev/sda1: 5 files, 41/65501 clusters
Dec  3 12:51:08 ubuntu kernel: [    0.000000] GICv3: 16 PPIs implemented
Dec  3 12:51:08 ubuntu kernel: [    0.000000] GICv3: CPU0: found redistributor 0 region 0:0x00000000080a0000
Dec  3 12:51:08 ubuntu kernel: [    0.000000] ACPI: SRAT not present
Dec  3 12:51:08 ubuntu systemd[1]: Started File System Check on /dev/disk/by-uuid/5EA9-3D4C.
Dec  3 12:51:08 ubuntu systemd[1]: Mounting /boot/efi...
Dec  3 12:51:08 ubuntu lvm[1032]:   2 logical volume(s) in volume group "ubuntu-vg" now active
Dec  3 12:51:08 ubuntu kernel: [    0.000000] ITS [mem 0x08080000-0x0809ffff]
Dec  3 12:51:08 ubuntu kernel: [    0.000000] ITS@0x0000000008080000: allocated 8192 Devices @53ca00000 (indirect, esz 8, psz 64K, shr 1)
Dec  3 12:51:08 ubuntu systemd[1]: Started LVM2 PV scan on device 8:2.
Dec  3 12:51:08 ubuntu kernel: [    0.000000] ITS@0x0000000008080000: allocated 8192 Interrupt Collections @53ca10000 (flat, esz 8, psz 64K, shr 1)
Dec  3 12:51:08 ubuntu systemd[1]: Mounted /boot/efi.
Dec  3 12:51:08 ubuntu kernel: [    0.000000] GICv3: using LPI property table @0x000000053ca20000
Dec  3 12:51:08 ubuntu kernel: [    0.000000] GICv3: CPU0: using allocated LPI pending table @0x000000053ca30000
Dec  3 12:51:08 ubuntu kernel: [    0.000000] arch_timer: cp15 timer(s) running at 100.00MHz (virt).
Dec  3 12:51:08 ubuntu systemd[1]: Reached target Local File Systems.
Dec  3 12:51:08 ubuntu kernel: [    0.000000] clocksource: arch_sys_counter: mask: 0xffffffffffffff max_cycles: 0x171024e7e0, max_idle_ns: 440795205315 ns
Dec  3 12:51:08 ubuntu systemd[1]: Starting AppArmor initialization...
Dec  3 12:51:08 ubuntu systemd[1]: Starting Set console font and keymap...
Dec  3 12:51:08 ubuntu systemd[1]: Starting Tell Plymouth To Write Out Runtime Data...
Dec  3 12:51:08 ubuntu systemd[1]: Starting Create Volatile Files and Directories...
Dec  3 12:51:08 ubuntu systemd[1]: Starting ebtables ruleset management...
Dec  3 12:51:08 ubuntu kernel: [    0.000001] sched_clock: 56 bits at 100MHz, resolution 10ns, wraps every 4398046511100ns
Dec  3 12:51:08 ubuntu systemd[1]: Started Set console font and keymap.
Dec  3 12:51:08 ubuntu kernel: [    0.000052] Console: colour dummy device 80x25
Dec  3 12:51:08 ubuntu kernel: [    0.000077] ACPI: Core revision 20200326
Dec  3 12:51:08 ubuntu kernel: [    0.000122] Calibrating delay loop (skipped), value calculated using timer frequency.. 200.00 BogoMIPS (lpj=400000)
Dec  3 12:51:08 ubuntu kernel: [    0.000124] pid_max: default: 32768 minimum: 301
Dec  3 12:51:08 ubuntu systemd[1]: Started Tell Plymouth To Write Out Runtime Data.
Dec  3 12:51:08 ubuntu kernel: [    0.000156] LSM: Security Framework initializing
Dec  3 12:51:08 ubuntu kernel: [    0.000161] Yama: becoming mindful.
Dec  3 12:51:08 ubuntu kernel: [    0.000184] AppArmor: AppArmor initialized
Dec  3 12:51:08 ubuntu kernel: [    0.000245] Mount-cache hash table entries: 65536 (order: 7, 524288 bytes, linear)
Dec  3 12:51:08 ubuntu apparmor[1042]:  * Starting AppArmor profiles
Dec  3 12:51:08 ubuntu kernel: [    0.000273] Mountpoint-cache hash table entries: 65536 (order: 7, 524288 bytes, linear)
Dec  3 12:51:08 ubuntu systemd[1]: Started Create Volatile Files and Directories.
Dec  3 12:51:08 ubuntu kernel: [    0.000608] ACPI PPTT: No PPTT table found, CPU and cache topology may be inaccurate
Dec  3 12:51:08 ubuntu systemd[1]: Starting Update UTMP about System Boot/Shutdown...
Dec  3 12:51:08 ubuntu kernel: [    0.000760] rcu: Hierarchical SRCU implementation.
Dec  3 12:51:08 ubuntu systemd[1]: Starting Network Time Synchronization...
Dec  3 12:51:08 ubuntu kernel: [    0.001184] Platform MSI: ITS@0x8080000 domain created
Dec  3 12:51:08 ubuntu systemd[1]: Started Update UTMP about System Boot/Shutdown.
Dec  3 12:51:08 ubuntu systemd[1]: Started ebtables ruleset management.
Dec  3 12:51:08 ubuntu kernel: [    0.001189] PCI/MSI: ITS@0x8080000 domain created
Dec  3 12:51:08 ubuntu systemd[1]: Reached target Network (Pre).
Dec  3 12:51:08 ubuntu kernel: [    0.001198] Remapping and enabling EFI services.
Dec  3 12:51:08 ubuntu systemd[1]: Starting Network Service...
Dec  3 12:51:08 ubuntu kernel: [    0.002067] smp: Bringing up secondary CPUs ...
Dec  3 12:51:08 ubuntu systemd[1]: Started Network Time Synchronization.
Dec  3 12:51:08 ubuntu kernel: [    0.092450] Detected VIPT I-cache on CPU1
Dec  3 12:51:08 ubuntu systemd[1]: Reached target System Time Synchronized.
Dec  3 12:51:08 ubuntu systemd-networkd[1082]: Enumeration completed
Dec  3 12:51:08 ubuntu kernel: [    0.092464] GICv3: CPU1: found redistributor 1 region 0:0x00000000080c0000
Dec  3 12:51:08 ubuntu systemd-timesyncd[1065]: No network connectivity, watching for changes.
Dec  3 12:51:08 ubuntu kernel: [    0.092728] GICv3: CPU1: using allocated LPI pending table @0x000000053ca40000
Dec  3 12:51:08 ubuntu kernel: [    0.092754] CPU1: Booted secondary processor 0x0000000001 [0x481fd010]
Dec  3 12:51:08 ubuntu systemd[1]: Started Network Service.
Dec  3 12:51:08 ubuntu kernel: [    0.183265] Detected VIPT I-cache on CPU2
Dec  3 12:51:08 ubuntu kernel: [    0.183281] GICv3: CPU2: found redistributor 2 region 0:0x00000000080e0000
Dec  3 12:51:08 ubuntu systemd-networkd[1082]: lo: Link is not managed by us
Dec  3 12:51:08 ubuntu systemd[1]: Starting Network Name Resolution...
Dec  3 12:51:08 ubuntu systemd[1]: Starting Wait for Network to be Configured...
Dec  3 12:51:08 ubuntu apparmor[1042]: Skipping profile in /etc/apparmor.d/disable: usr.sbin.rsyslogd
Dec  3 12:51:08 ubuntu systemd-networkd-wait-online[1111]: ignoring: lo
Dec  3 12:51:08 ubuntu systemd-resolved[1109]: Positive Trust Anchors:
Dec  3 12:51:08 ubuntu systemd-resolved[1109]: . IN DS 19036 8 2 49aac11d7b6f6446702e54a1607371607a1a41855200fd2ce1cdde32f24e8fb5
Dec  3 12:51:08 ubuntu kernel: [    0.183520] GICv3: CPU2: using allocated LPI pending table @0x000000053ca50000
Dec  3 12:51:08 ubuntu systemd-resolved[1109]: . IN DS 20326 8 2 e06d44b80b8f1d39a95c0b0d7c65d08458e880409bbc683457104237c7f8ec8d
Dec  3 12:51:08 ubuntu kernel: [    0.183544] CPU2: Booted secondary processor 0x0000000002 [0x481fd010]
Dec  3 12:51:08 ubuntu systemd-resolved[1109]: Negative trust anchors: 10.in-addr.arpa 16.172.in-addr.arpa 17.172.in-addr.arpa 18.172.in-addr.arpa 19.172.in-addr.arpa 20.172.in-addr.arpa 21.172.in-addr.arpa 22.172.in-addr.arpa 23.172.in-addr.arpa 24.172.in-addr.arpa 25.172.in-addr.arpa 26.172.in-addr.arpa 27.172.in-addr.arpa 28.172.in-addr.arpa 29.172.in-addr.arpa 30.172.in-addr.arpa 31.172.in-addr.arpa 168.192.in-addr.arpa d.f.ip6.arpa corp home internal intranet lan local private test
Dec  3 12:51:08 ubuntu kernel: [    0.419731] Detected VIPT I-cache on CPU3
Dec  3 12:51:08 ubuntu kernel: [    0.419759] GICv3: CPU3: found redistributor 3 region 0:0x0000000008100000
Dec  3 12:51:08 ubuntu kernel: [    0.420028] GICv3: CPU3: using allocated LPI pending table @0x000000053ca60000
Dec  3 12:51:08 ubuntu systemd-resolved[1109]: Using system hostname 'ubuntu'.
Dec  3 12:51:08 ubuntu kernel: [    0.420071] CPU3: Booted secondary processor 0x0000000003 [0x481fd010]
Dec  3 12:51:08 ubuntu systemd[1]: Started Network Name Resolution.
Dec  3 12:51:08 ubuntu kernel: [    0.658860] Detected VIPT I-cache on CPU4
Dec  3 12:51:08 ubuntu systemd[1]: Reached target Network.
Dec  3 12:51:08 ubuntu kernel: [    0.658889] GICv3: CPU4: found redistributor 4 region 0:0x0000000008120000
Dec  3 12:51:08 ubuntu systemd[1]: Reached target Host and Network Name Lookups.
Dec  3 12:51:08 ubuntu systemd-networkd[1082]: enp1s0: Gained carrier
Dec  3 12:51:08 ubuntu systemd-networkd-wait-online[1111]: ignoring: lo
Dec  3 12:51:08 ubuntu kernel: [    0.659109] GICv3: CPU4: using allocated LPI pending table @0x000000053ca70000
Dec  3 12:51:08 ubuntu kernel: [    0.659135] CPU4: Booted secondary processor 0x0000000004 [0x481fd010]
Dec  3 12:51:08 ubuntu kernel: [    0.750366] Detected VIPT I-cache on CPU5
Dec  3 12:51:08 ubuntu kernel: [    0.750419] GICv3: CPU5: found redistributor 5 region 0:0x0000000008140000
Dec  3 12:51:08 ubuntu kernel: [    0.750741] GICv3: CPU5: using allocated LPI pending table @0x000000053ca80000
Dec  3 12:51:08 ubuntu kernel: [    0.750804] CPU5: Booted secondary processor 0x0000000005 [0x481fd010]
Dec  3 12:51:08 ubuntu kernel: [    0.842241] Detected VIPT I-cache on CPU6
Dec  3 12:51:08 ubuntu kernel: [    0.842263] GICv3: CPU6: found redistributor 6 region 0:0x0000000008160000
Dec  3 12:51:08 ubuntu systemd-timesyncd[1065]: Network configuration changed, trying to establish connection.
Dec  3 12:51:08 ubuntu kernel: [    0.842506] GICv3: CPU6: using allocated LPI pending table @0x000000053ca90000
Dec  3 12:51:08 ubuntu kernel: [    0.842534] CPU6: Booted secondary processor 0x0000000006 [0x481fd010]
Dec  3 12:51:08 ubuntu kernel: [    0.933989] Detected VIPT I-cache on CPU7
Dec  3 12:51:08 ubuntu kernel: [    0.934013] GICv3: CPU7: found redistributor 7 region 0:0x0000000008180000
Dec  3 12:51:08 ubuntu kernel: [    0.934241] GICv3: CPU7: using allocated LPI pending table @0x000000053caa0000
Dec  3 12:51:08 ubuntu kernel: [    0.934266] CPU7: Booted secondary processor 0x0000000007 [0x481fd010]
Dec  3 12:51:08 ubuntu systemd-networkd-wait-online[1111]: ignoring: lo
Dec  3 12:51:08 ubuntu kernel: [    1.031890] Detected VIPT I-cache on CPU8
Dec  3 12:51:08 ubuntu apparmor[1042]:    ...done.
Dec  3 12:51:08 ubuntu kernel: [    1.031921] GICv3: CPU8: found redistributor 8 region 0:0x00000000081a0000
Dec  3 12:51:08 ubuntu kernel: [    1.032447] GICv3: CPU8: using allocated LPI pending table @0x000000053cab0000
Dec  3 12:51:08 ubuntu kernel: [    1.032482] CPU8: Booted secondary processor 0x0000000008 [0x481fd010]
Dec  3 12:51:08 ubuntu systemd[1]: Started AppArmor initialization.
Dec  3 12:51:08 ubuntu kernel: [    1.272813] Detected VIPT I-cache on CPU9
Dec  3 12:51:08 ubuntu kernel: [    1.272841] GICv3: CPU9: found redistributor 9 region 0:0x00000000081c0000
Dec  3 12:51:08 ubuntu systemd[1]: Reached target System Initialization.
Dec  3 12:51:08 ubuntu systemd[1]: Starting Socket activation for snappy daemon.
Dec  3 12:51:08 ubuntu systemd[1]: Started Daily apt download activities.
Dec  3 12:51:08 ubuntu kernel: [    1.273109] GICv3: CPU9: using allocated LPI pending table @0x000000053cac0000
Dec  3 12:51:08 ubuntu systemd[1]: Starting LXD - unix socket.
Dec  3 12:51:08 ubuntu kernel: [    1.273142] CPU9: Booted secondary processor 0x0000000009 [0x481fd010]
Dec  3 12:51:08 ubuntu systemd[1]: Started Daily Cleanup of Temporary Directories.
Dec  3 12:51:08 ubuntu kernel: [    1.364919] Detected VIPT I-cache on CPU10
Dec  3 12:51:08 ubuntu kernel: [    1.364949] GICv3: CPU10: found redistributor a region 0:0x00000000081e0000
Dec  3 12:51:08 ubuntu kernel: [    1.365220] GICv3: CPU10: using allocated LPI pending table @0x000000053cad0000
Dec  3 12:51:08 ubuntu kernel: [    1.365244] CPU10: Booted secondary processor 0x000000000a [0x481fd010]
Dec  3 12:51:08 ubuntu systemd[1]: Listening on UUID daemon activation socket.
Dec  3 12:51:08 ubuntu kernel: [    1.457192] Detected VIPT I-cache on CPU11
Dec  3 12:51:08 ubuntu kernel: [    1.457263] GICv3: CPU11: found redistributor b region 0:0x0000000008200000
Dec  3 12:51:08 ubuntu kernel: [    1.457572] GICv3: CPU11: using allocated LPI pending table @0x000000053cae0000
Dec  3 12:51:08 ubuntu systemd[1]: Started Discard unused blocks once a week.
Dec  3 12:51:08 ubuntu kernel: [    1.457636] CPU11: Booted secondary processor 0x000000000b [0x481fd010]
Dec  3 12:51:08 ubuntu kernel: [    1.698460] Detected VIPT I-cache on CPU12
Dec  3 12:51:08 ubuntu kernel: [    1.698516] GICv3: CPU12: found redistributor c region 0:0x0000000008220000
Dec  3 12:51:08 ubuntu systemd[1]: Listening on Open-iSCSI iscsid Socket.
Dec  3 12:51:08 ubuntu kernel: [    1.698716] GICv3: CPU12: using allocated LPI pending table @0x000000053caf0000
Dec  3 12:51:08 ubuntu kernel: [    1.698744] CPU12: Booted secondary processor 0x000000000c [0x481fd010]
Dec  3 12:51:08 ubuntu kernel: [    1.791916] Detected VIPT I-cache on CPU13
Dec  3 12:51:08 ubuntu kernel: [    1.791961] GICv3: CPU13: found redistributor d region 0:0x0000000008240000
Dec  3 12:51:08 ubuntu kernel: [    1.792231] GICv3: CPU13: using allocated LPI pending table @0x000000053cb00000
Dec  3 12:51:08 ubuntu kernel: [    1.792262] CPU13: Booted secondary processor 0x000000000d [0x481fd010]
Dec  3 12:51:08 ubuntu systemd[1]: Started Message of the Day.
Dec  3 12:51:08 ubuntu kernel: [    1.891312] Detected VIPT I-cache on CPU14
Dec  3 12:51:08 ubuntu kernel: [    1.891349] GICv3: CPU14: found redistributor e region 0:0x0000000008260000
Dec  3 12:51:08 ubuntu kernel: [    1.891549] GICv3: CPU14: using allocated LPI pending table @0x000000053cb10000
Dec  3 12:51:08 ubuntu kernel: [    1.891582] CPU14: Booted secondary processor 0x000000000e [0x481fd010]
Dec  3 12:51:08 ubuntu systemd[1]: Started ACPI Events Check.
Dec  3 12:51:08 ubuntu kernel: [    1.984676] Detected VIPT I-cache on CPU15
Dec  3 12:51:08 ubuntu systemd[1]: Reached target Paths.
Dec  3 12:51:08 ubuntu systemd[1]: Listening on ACPID Listen Socket.
Dec  3 12:51:08 ubuntu systemd[1]: Listening on D-Bus System Message Bus Socket.
Dec  3 12:51:08 ubuntu kernel: [    1.984714] GICv3: CPU15: found redistributor f region 0:0x0000000008280000
Dec  3 12:51:08 ubuntu systemd[1]: Started Daily apt upgrade and clean activities.
Dec  3 12:51:08 ubuntu systemd[1]: Reached target Timers.
Dec  3 12:51:08 ubuntu kernel: [    1.984898] GICv3: CPU15: using allocated LPI pending table @0x000000053cb20000
Dec  3 12:51:08 ubuntu systemd[1]: Listening on Socket activation for snappy daemon.
Dec  3 12:51:08 ubuntu kernel: [    1.984926] CPU15: Booted secondary processor 0x000000000f [0x481fd010]
Dec  3 12:51:08 ubuntu kernel: [    2.077898] Detected VIPT I-cache on CPU16
Dec  3 12:51:08 ubuntu systemd[1]: Listening on LXD - unix socket.
Dec  3 12:51:08 ubuntu kernel: [    2.077937] GICv3: CPU16: found redistributor 100 region 0:0x00000000082a0000
Dec  3 12:51:08 ubuntu kernel: [    2.078114] GICv3: CPU16: using allocated LPI pending table @0x000000053cb30000
Dec  3 12:51:08 ubuntu systemd[1]: Reached target Sockets.
Dec  3 12:51:08 ubuntu kernel: [    2.078138] CPU16: Booted secondary processor 0x0000000100 [0x481fd010]
Dec  3 12:51:08 ubuntu systemd[1]: Reached target Basic System.
Dec  3 12:51:08 ubuntu systemd[1]: Starting LSB: Record successful boot for GRUB...
Dec  3 12:51:08 ubuntu kernel: [    2.171645] Detected VIPT I-cache on CPU17
Dec  3 12:51:08 ubuntu kernel: [    2.171740] GICv3: CPU17: found redistributor 101 region 0:0x00000000082c0000
Dec  3 12:51:08 ubuntu systemd[1]: Starting LXD - container startup/shutdown...
Dec  3 12:51:08 ubuntu kernel: [    2.172075] GICv3: CPU17: using allocated LPI pending table @0x000000053cb40000
Dec  3 12:51:08 ubuntu kernel: [    2.172142] CPU17: Booted secondary processor 0x0000000101 [0x481fd010]
Dec  3 12:51:08 ubuntu kernel: [    2.418033] Detected VIPT I-cache on CPU18
Dec  3 12:51:08 ubuntu kernel: [    2.418105] GICv3: CPU18: found redistributor 102 region 0:0x00000000082e0000
Dec  3 12:51:08 ubuntu systemd[1]: Started irqbalance daemon.
Dec  3 12:51:08 ubuntu kernel: [    2.418544] GICv3: CPU18: using allocated LPI pending table @0x000000053cb50000
Dec  3 12:51:08 ubuntu systemd[1]: Starting Login Service...
Dec  3 12:51:08 ubuntu systemd[1]: Starting System Logging Service...
Dec  3 12:51:08 ubuntu kernel: [    2.418575] CPU18: Booted secondary processor 0x0000000102 [0x481fd010]
Dec  3 12:51:08 ubuntu systemd[1]: Starting Dispatcher daemon for systemd-networkd...
Dec  3 12:51:08 ubuntu kernel: [    2.511804] Detected VIPT I-cache on CPU19
Dec  3 12:51:08 ubuntu kernel: [    2.511905] GICv3: CPU19: found redistributor 103 region 0:0x0000000008300000
Dec  3 12:51:08 ubuntu kernel: [    2.512231] GICv3: CPU19: using allocated LPI pending table @0x000000053cb60000
Dec  3 12:51:08 ubuntu kernel: [    2.512297] CPU19: Booted secondary processor 0x0000000103 [0x481fd010]
Dec  3 12:51:08 ubuntu /usr/sbin/irqbalance: IRQ arch_timer(2) guessed as class 0
Dec  3 12:51:08 ubuntu kernel: [    2.611889] Detected VIPT I-cache on CPU20
Dec  3 12:51:08 ubuntu kernel: [    2.611937] GICv3: CPU20: found redistributor 104 region 0:0x0000000008320000
Dec  3 12:51:08 ubuntu /usr/sbin/irqbalance: IRQ uart-pl011(4) guessed as class 0
Dec  3 12:51:08 ubuntu kernel: [    2.612116] GICv3: CPU20: using allocated LPI pending table @0x000000053cb70000
Dec  3 12:51:08 ubuntu /usr/sbin/irqbalance: IRQ arm-pmu(42) guessed as class 0
Dec  3 12:51:08 ubuntu kernel: [    2.612148] CPU20: Booted secondary processor 0x0000000104 [0x481fd010]
Dec  3 12:51:08 ubuntu /usr/sbin/irqbalance: IRQ ACPI:Event(43) guessed as class 0
Dec  3 12:51:08 ubuntu kernel: [    2.706039] Detected VIPT I-cache on CPU21
Dec  3 12:51:08 ubuntu /usr/sbin/irqbalance: IRQ pciehp(44) guessed as class 0
Dec  3 12:51:08 ubuntu kernel: [    2.706100] GICv3: CPU21: found redistributor 105 region 0:0x0000000008340000
Dec  3 12:51:08 ubuntu kernel: [    2.706314] GICv3: CPU21: using allocated LPI pending table @0x000000053cb80000
Dec  3 12:51:08 ubuntu kernel: [    2.706340] CPU21: Booted secondary processor 0x0000000105 [0x481fd010]
Dec  3 12:51:08 ubuntu /usr/sbin/irqbalance: IRQ pciehp(45) guessed as class 0
Dec  3 12:51:08 ubuntu /usr/sbin/irqbalance: IRQ pciehp(46) guessed as class 0
Dec  3 12:51:08 ubuntu kernel: [    2.800085] Detected VIPT I-cache on CPU22
Dec  3 12:51:08 ubuntu /usr/sbin/irqbalance: IRQ pciehp(47) guessed as class 0
Dec  3 12:51:08 ubuntu kernel: [    2.800206] GICv3: CPU22: found redistributor 106 region 0:0x0000000008360000
Dec  3 12:51:08 ubuntu kernel: [    2.801195] GICv3: CPU22: using allocated LPI pending table @0x000000053cb90000
Dec  3 12:51:08 ubuntu kernel: [    2.801262] CPU22: Booted secondary processor 0x0000000106 [0x481fd010]
Dec  3 12:51:08 ubuntu kernel: [    2.971685] Detected VIPT I-cache on CPU23
Dec  3 12:51:08 ubuntu /usr/sbin/irqbalance: IRQ xhci_hcd(48) guessed as class 0
Dec  3 12:51:08 ubuntu kernel: [    2.971737] GICv3: CPU23: found redistributor 107 region 0:0x0000000008380000
Dec  3 12:51:08 ubuntu kernel: [    2.971985] GICv3: CPU23: using allocated LPI pending table @0x000000053cba0000
Dec  3 12:51:08 ubuntu kernel: [    2.972021] CPU23: Booted secondary processor 0x0000000107 [0x481fd010]
Dec  3 12:51:08 ubuntu kernel: [    3.066337] Detected VIPT I-cache on CPU24
Dec  3 12:51:08 ubuntu kernel: [    3.066460] GICv3: CPU24: found redistributor 108 region 0:0x00000000083a0000
Dec  3 12:51:08 ubuntu /usr/sbin/irqbalance: IRQ xhci_hcd(49) guessed as class 0
Dec  3 12:51:08 ubuntu kernel: [    3.066799] GICv3: CPU24: using allocated LPI pending table @0x000000053cbb0000
Dec  3 12:51:08 ubuntu /usr/sbin/irqbalance: IRQ xhci_hcd(50) guessed as class 0
Dec  3 12:51:08 ubuntu /usr/sbin/irqbalance: IRQ xhci_hcd(51) guessed as class 0
Dec  3 12:51:08 ubuntu kernel: [    3.066867] CPU24: Booted secondary processor 0x0000000108 [0x481fd010]
Dec  3 12:51:08 ubuntu kernel: [    3.314686] Detected VIPT I-cache on CPU25
Dec  3 12:51:08 ubuntu /usr/sbin/irqbalance: IRQ xhci_hcd(52) guessed as class 0
Dec  3 12:51:08 ubuntu kernel: [    3.314740] GICv3: CPU25: found redistributor 109 region 0:0x00000000083c0000
Dec  3 12:51:08 ubuntu kernel: [    3.314920] GICv3: CPU25: using allocated LPI pending table @0x000000053cbc0000
Dec  3 12:51:08 ubuntu kernel: [    3.314947] CPU25: Booted secondary processor 0x0000000109 [0x481fd010]
Dec  3 12:51:08 ubuntu kernel: [    3.565986] Detected VIPT I-cache on CPU26
Dec  3 12:51:08 ubuntu /usr/sbin/irqbalance: IRQ xhci_hcd(53) guessed as class 0
Dec  3 12:51:08 ubuntu kernel: [    3.566044] GICv3: CPU26: found redistributor 10a region 0:0x00000000083e0000
Dec  3 12:51:08 ubuntu /usr/sbin/irqbalance: IRQ xhci_hcd(54) guessed as class 0
Dec  3 12:51:08 ubuntu /usr/sbin/irqbalance: IRQ xhci_hcd(55) guessed as class 0
Dec  3 12:51:08 ubuntu kernel: [    3.566281] GICv3: CPU26: using allocated LPI pending table @0x000000053cbd0000
Dec  3 12:51:08 ubuntu /usr/sbin/irqbalance: IRQ xhci_hcd(56) guessed as class 0
Dec  3 12:51:08 ubuntu kernel: [    3.566314] CPU26: Booted secondary processor 0x000000010a [0x481fd010]
Dec  3 12:51:08 ubuntu /usr/sbin/irqbalance: IRQ xhci_hcd(57) guessed as class 0
Dec  3 12:51:08 ubuntu kernel: [    3.660977] Detected VIPT I-cache on CPU27
Dec  3 12:51:08 ubuntu /usr/sbin/irqbalance: IRQ xhci_hcd(58) guessed as class 0
Dec  3 12:51:08 ubuntu kernel: [    3.661038] GICv3: CPU27: found redistributor 10b region 0:0x0000000008400000
Dec  3 12:51:08 ubuntu /usr/sbin/irqbalance: IRQ xhci_hcd(59) guessed as class 0
Dec  3 12:51:08 ubuntu kernel: [    3.661225] GICv3: CPU27: using allocated LPI pending table @0x000000053cbe0000
Dec  3 12:51:08 ubuntu kernel: [    3.661252] CPU27: Booted secondary processor 0x000000010b [0x481fd010]
Dec  3 12:51:08 ubuntu kernel: [    3.756310] Detected VIPT I-cache on CPU28
Dec  3 12:51:08 ubuntu kernel: [    3.756383] GICv3: CPU28: found redistributor 10c region 0:0x0000000008420000
Dec  3 12:51:08 ubuntu kernel: [    3.756580] GICv3: CPU28: using allocated LPI pending table @0x000000053cbf0000
Dec  3 12:51:08 ubuntu /usr/sbin/irqbalance: IRQ xhci_hcd(60) guessed as class 0
Dec  3 12:51:08 ubuntu kernel: [    3.756609] CPU28: Booted secondary processor 0x000000010c [0x481fd010]
Dec  3 12:51:08 ubuntu kernel: [    3.851201] Detected VIPT I-cache on CPU29
Dec  3 12:51:08 ubuntu kernel: [    3.851264] GICv3: CPU29: found redistributor 10d region 0:0x0000000008440000
Dec  3 12:51:08 ubuntu kernel: [    3.851462] GICv3: CPU29: using allocated LPI pending table @0x000000051f800000
Dec  3 12:51:08 ubuntu /usr/sbin/irqbalance: IRQ xhci_hcd(61) guessed as class 0
Dec  3 12:51:08 ubuntu /usr/sbin/irqbalance: IRQ xhci_hcd(62) guessed as class 0
Dec  3 12:51:08 ubuntu /usr/sbin/irqbalance: IRQ xhci_hcd(63) guessed as class 0
Dec  3 12:51:08 ubuntu /usr/sbin/irqbalance: IRQ virtio1-config(64) guessed as class 0
Dec  3 12:51:08 ubuntu /usr/sbin/irqbalance: IRQ virtio1-control(65) guessed as class 0
Dec  3 12:51:08 ubuntu /usr/sbin/irqbalance: IRQ virtio1-event(66) guessed as class 0
Dec  3 12:51:08 ubuntu /usr/sbin/irqbalance: IRQ virtio1-request(67) guessed as class 0
Dec  3 12:51:08 ubuntu /usr/sbin/irqbalance: IRQ virtio0-config(68) guessed as class 0
Dec  3 12:51:08 ubuntu kernel: [    3.851492] CPU29: Booted secondary processor 0x000000010d [0x481fd010]
Dec  3 12:51:08 ubuntu /usr/sbin/irqbalance: IRQ virtio0-input.0(69) guessed as class 0
Dec  3 12:51:08 ubuntu kernel: [    3.945748] Detected VIPT I-cache on CPU30
Dec  3 12:51:08 ubuntu /usr/sbin/irqbalance: IRQ virtio0-output.0(70) guessed as class 0
Dec  3 12:51:08 ubuntu kernel: [    3.945907] GICv3: CPU30: found redistributor 10e region 0:0x0000000008460000
Dec  3 12:51:08 ubuntu systemd[1]: Started Regular background program processing daemon.
Dec  3 12:51:08 ubuntu rsyslogd: imuxsock: Acquired UNIX socket '/run/systemd/journal/syslog' (fd 3) from systemd.  [v8.32.0]
Dec  3 12:51:08 ubuntu rsyslogd: rsyslogd's groupid changed to 106
Dec  3 12:51:08 ubuntu kernel: [    3.946205] GICv3: CPU30: using allocated LPI pending table @0x000000051f810000
Dec  3 12:51:08 ubuntu kernel: [    3.946282] CPU30: Booted secondary processor 0x000000010e [0x481fd010]
Dec  3 12:51:08 ubuntu kernel: [    4.133083] Detected VIPT I-cache on CPU31
Dec  3 12:51:08 ubuntu kernel: [    4.133233] GICv3: CPU31: found redistributor 10f region 0:0x0000000008480000
Dec  3 12:51:08 ubuntu kernel: [    4.133557] GICv3: CPU31: using allocated LPI pending table @0x000000051f820000
Dec  3 12:51:08 ubuntu kernel: [    4.133622] CPU31: Booted secondary processor 0x000000010f [0x481fd010]
Dec  3 12:51:08 ubuntu kernel: [    4.133824] smp: Brought up 1 node, 32 CPUs
Dec  3 12:51:08 ubuntu kernel: [    4.133930] SMP: Total of 32 processors activated.
Dec  3 12:51:08 ubuntu kernel: [    4.133936] CPU features: detected: Privileged Access Never
Dec  3 12:51:08 ubuntu rsyslogd: rsyslogd's userid changed to 102
Dec  3 12:51:08 ubuntu kernel: [    4.133939] CPU features: detected: LSE atomic instructions
Dec  3 12:51:08 ubuntu kernel: [    4.133941] CPU features: detected: User Access Override
Dec  3 12:51:08 ubuntu kernel: [    4.133945] CPU features: detected: Common not Private translations
Dec  3 12:51:08 ubuntu kernel: [    4.133948] CPU features: detected: Data cache clean to Point of Persistence
Dec  3 12:51:08 ubuntu rsyslogd:  [origin software="rsyslogd" swVersion="8.32.0" x-pid="1132" x-info="http://www.rsyslog.com"] start
Dec  3 12:51:08 ubuntu kernel: [    4.133950] CPU features: detected: RAS Extension Support
Dec  3 12:51:08 ubuntu systemd[1]: Started Deferred execution scheduler.
Dec  3 12:51:08 ubuntu kernel: [    4.133953] CPU features: detected: CRC32 instructions
Dec  3 12:51:08 ubuntu kernel: [    4.250222] CPU: All CPU(s) started at EL1
Dec  3 12:51:08 ubuntu kernel: [    4.250476] alternatives: patching kernel code
Dec  3 12:51:08 ubuntu kernel: [    4.253213] devtmpfs: initialized
Dec  3 12:51:08 ubuntu kernel: [    4.253844] Registered cp15_barrier emulation handler
Dec  3 12:51:08 ubuntu kernel: [    4.253974] Registered setend emulation handler
Dec  3 12:51:08 ubuntu kernel: [    4.253977] KASLR disabled due to lack of seed
Dec  3 12:51:08 ubuntu kernel: [    4.254460] clocksource: jiffies: mask: 0xffffffff max_cycles: 0xffffffff, max_idle_ns: 7645041785100000 ns
Dec  3 12:51:08 ubuntu kernel: [    4.254747] futex hash table entries: 8192 (order: 7, 524288 bytes, linear)
Dec  3 12:51:08 ubuntu kernel: [    4.255500] pinctrl core: initialized pinctrl subsystem
Dec  3 12:51:08 ubuntu kernel: [    4.255639] thermal_sys: Registered thermal governor 'fair_share'
Dec  3 12:51:08 ubuntu kernel: [    4.255640] thermal_sys: Registered thermal governor 'bang_bang'
Dec  3 12:51:08 ubuntu kernel: [    4.255641] thermal_sys: Registered thermal governor 'step_wise'
Dec  3 12:51:08 ubuntu kernel: [    4.255642] thermal_sys: Registered thermal governor 'user_space'
Dec  3 12:51:08 ubuntu kernel: [    4.255684] SMBIOS 3.0.0 present.
Dec  3 12:51:08 ubuntu kernel: [    4.255688] DMI: QEMU KVM Virtual Machine, BIOS 0.0.0 02/06/2015
Dec  3 12:51:08 ubuntu kernel: [    4.256037] NET: Registered protocol family 16
Dec  3 12:51:08 ubuntu kernel: [    4.257544] DMA: preallocated 256 KiB pool for atomic allocations
Dec  3 12:51:08 ubuntu kernel: [    4.257548] audit: initializing netlink subsys (disabled)
Dec  3 12:51:08 ubuntu kernel: [    4.257672] audit: type=2000 audit(4.232:1): state=initialized audit_enabled=0 res=1
Dec  3 12:51:08 ubuntu kernel: [    4.257814] cpuidle: using governor ladder
Dec  3 12:51:08 ubuntu kernel: [    4.257825] cpuidle: using governor menu
Dec  3 12:51:08 ubuntu kernel: [    4.257866] hw-breakpoint: found 6 breakpoint and 4 watchpoint registers.
Dec  3 12:51:08 ubuntu kernel: [    4.259597] ASID allocator initialised with 65536 entries
Dec  3 12:51:08 ubuntu kernel: [    4.259671] ACPI: bus type PCI registered
Dec  3 12:51:08 ubuntu kernel: [    4.259673] acpiphp: ACPI Hot Plug PCI Controller Driver version: 0.5
Dec  3 12:51:08 ubuntu kernel: [    4.259756] Serial: AMBA PL011 UART driver
Dec  3 12:51:08 ubuntu kernel: [    4.262502] HugeTLB registered 1.00 GiB page size, pre-allocated 0 pages
Dec  3 12:51:08 ubuntu kernel: [    4.262504] HugeTLB registered 32.0 MiB page size, pre-allocated 0 pages
Dec  3 12:51:08 ubuntu kernel: [    4.262506] HugeTLB registered 2.00 MiB page size, pre-allocated 0 pages
Dec  3 12:51:08 ubuntu kernel: [    4.262507] HugeTLB registered 64.0 KiB page size, pre-allocated 0 pages
Dec  3 12:51:08 ubuntu kernel: [    4.272164] ACPI: Added _OSI(Module Device)
Dec  3 12:51:08 ubuntu kernel: [    4.272166] ACPI: Added _OSI(Processor Device)
Dec  3 12:51:08 ubuntu kernel: [    4.272167] ACPI: Added _OSI(3.0 _SCP Extensions)
Dec  3 12:51:08 ubuntu kernel: [    4.272169] ACPI: Added _OSI(Processor Aggregator Device)
Dec  3 12:51:08 ubuntu kernel: [    4.272170] ACPI: Added _OSI(Linux-Dell-Video)
Dec  3 12:51:08 ubuntu kernel: [    4.272172] ACPI: Added _OSI(Linux-Lenovo-NV-HDMI-Audio)
Dec  3 12:51:08 ubuntu kernel: [    4.272173] ACPI: Added _OSI(Linux-HPI-Hybrid-Graphics)
Dec  3 12:51:08 ubuntu kernel: [    4.272812] ACPI: 1 ACPI AML tables successfully acquired and loaded
Dec  3 12:51:08 ubuntu kernel: [    4.273281] ACPI: Interpreter enabled
Dec  3 12:51:08 ubuntu kernel: [    4.273282] ACPI: Using GIC for interrupt routing
Dec  3 12:51:08 ubuntu kernel: [    4.273291] ACPI: MCFG table detected, 1 entries
Dec  3 12:51:08 ubuntu kernel: [    4.276879] ARMH0011:00: ttyAMA0 at MMIO 0x9000000 (irq = 4, base_baud = 0) is a SBSA
Dec  3 12:51:08 ubuntu kernel: [    4.438009] printk: console [ttyAMA0] enabled
Dec  3 12:51:08 ubuntu kernel: [    4.439882] ACPI: PCI Root Bridge [PCI0] (domain 0000 [bus 00-0f])
Dec  3 12:51:08 ubuntu kernel: [    4.440539] acpi PNP0A08:00: _OSC: OS supports [ExtendedConfig ASPM ClockPM Segments MSI HPX-Type3]
Dec  3 12:51:08 ubuntu kernel: [    4.441561] acpi PNP0A08:00: _OSC: platform does not support [SHPCHotplug LTR]
Dec  3 12:51:08 ubuntu kernel: [    4.442355] acpi PNP0A08:00: _OSC: OS now controls [PCIeHotplug PME AER PCIeCapability]
Dec  3 12:51:08 ubuntu kernel: [    4.443411] acpi PNP0A08:00: ECAM area [mem 0x3f000000-0x3fffffff] reserved by PNP0C02:00
Dec  3 12:51:08 ubuntu kernel: [    4.444278] acpi PNP0A08:00: ECAM at [mem 0x3f000000-0x3fffffff] for [bus 00-0f]
Dec  3 12:51:08 ubuntu kernel: [    4.445057] Remapped I/O 0x000000003eff0000 to [io  0x0000-0xffff window]
Dec  3 12:51:08 ubuntu kernel: [    4.445810] PCI host bridge to bus 0000:00
Dec  3 12:51:08 ubuntu kernel: [    4.446201] pci_bus 0000:00: root bus resource [mem 0x10000000-0x3efeffff window]
Dec  3 12:51:08 ubuntu kernel: [    4.446932] pci_bus 0000:00: root bus resource [io  0x0000-0xffff window]
Dec  3 12:51:08 ubuntu kernel: [    4.447653] pci_bus 0000:00: root bus resource [mem 0x8000000000-0xffffffffff window]
Dec  3 12:51:08 ubuntu kernel: [    4.448410] pci_bus 0000:00: root bus resource [bus 00-0f]
Dec  3 12:51:08 ubuntu kernel: [    4.448986] pci 0000:00:00.0: [1b36:0008] type 00 class 0x060000
Dec  3 12:51:08 ubuntu kernel: [    4.449795] pci 0000:00:01.0: [1b36:000c] type 01 class 0x060400
Dec  3 12:51:08 ubuntu kernel: [    4.451668] pci 0000:00:01.0: reg 0x10: [mem 0x10303000-0x10303fff]
Dec  3 12:51:08 ubuntu kernel: [    4.454589] pci 0000:00:01.1: [1b36:000c] type 01 class 0x060400
Dec  3 12:51:08 ubuntu kernel: [    4.456525] pci 0000:00:01.1: reg 0x10: [mem 0x10302000-0x10302fff]
Dec  3 12:51:08 ubuntu kernel: [    4.459382] pci 0000:00:01.2: [1b36:000c] type 01 class 0x060400
Dec  3 12:51:08 ubuntu kernel: [    4.461782] pci 0000:00:01.2: reg 0x10: [mem 0x10301000-0x10301fff]
Dec  3 12:51:08 ubuntu kernel: [    4.464562] pci 0000:00:01.3: [1b36:000c] type 01 class 0x060400
Dec  3 12:51:08 ubuntu kernel: [    4.466183] pci 0000:00:01.3: reg 0x10: [mem 0x10300000-0x10300fff]
Dec  3 12:51:08 ubuntu kernel: [    4.469406] pci 0000:01:00.0: [1af4:1041] type 00 class 0x020000
Dec  3 12:51:08 ubuntu kernel: [    4.471304] pci 0000:01:00.0: reg 0x14: [mem 0x10200000-0x10200fff]
Dec  3 12:51:08 ubuntu kernel: [    4.474556] pci 0000:01:00.0: reg 0x20: [mem 0x8000000000-0x8000003fff 64bit pref]
Dec  3 12:51:08 ubuntu kernel: [    4.475922] pci 0000:01:00.0: reg 0x30: [mem 0xfff80000-0xffffffff pref]
Dec  3 12:51:08 ubuntu kernel: [    4.477645] pci 0000:02:00.0: [1b36:000d] type 00 class 0x0c0330
Dec  3 12:51:08 ubuntu kernel: [    4.478336] pci 0000:02:00.0: reg 0x10: [mem 0x10100000-0x10103fff 64bit]
Dec  3 12:51:08 ubuntu kernel: [    4.479982] pci 0000:03:00.0: [1af4:1048] type 00 class 0x010000
Dec  3 12:51:08 ubuntu kernel: [    4.481869] pci 0000:03:00.0: reg 0x14: [mem 0x10000000-0x10000fff]
Dec  3 12:51:08 ubuntu kernel: [    4.484845] pci 0000:03:00.0: reg 0x20: [mem 0x8000100000-0x8000103fff 64bit pref]
Dec  3 12:51:08 ubuntu kernel: [    4.488924] pci 0000:00:01.0: bridge window [io  0x1000-0x0fff] to [bus 01] add_size 1000
Dec  3 12:51:08 ubuntu kernel: [    4.489717] pci 0000:00:01.0: bridge window [mem 0x00100000-0x001fffff 64bit pref] to [bus 01] add_size 100000 add_align 100000
Dec  3 12:51:08 ubuntu kernel: [    4.490918] pci 0000:00:01.0: bridge window [mem 0x00100000-0x001fffff] to [bus 01] add_size 100000 add_align 100000
Dec  3 12:51:08 ubuntu kernel: [    4.491984] pci 0000:00:01.1: bridge window [io  0x1000-0x0fff] to [bus 02] add_size 1000
Dec  3 12:51:08 ubuntu kernel: [    4.493273] pci 0000:00:01.1: bridge window [mem 0x00100000-0x000fffff 64bit pref] to [bus 02] add_size 200000 add_align 100000
Dec  3 12:51:08 ubuntu kernel: [    4.494440] pci 0000:00:01.1: bridge window [mem 0x00100000-0x001fffff] to [bus 02] add_size 100000 add_align 100000
Dec  3 12:51:08 ubuntu kernel: [    4.495516] pci 0000:00:01.2: bridge window [io  0x1000-0x0fff] to [bus 03] add_size 1000
Dec  3 12:51:08 ubuntu kernel: [    4.496429] pci 0000:00:01.2: bridge window [mem 0x00100000-0x001fffff 64bit pref] to [bus 03] add_size 100000 add_align 100000
Dec  3 12:51:08 ubuntu kernel: [    4.497589] pci 0000:00:01.2: bridge window [mem 0x00100000-0x001fffff] to [bus 03] add_size 100000 add_align 100000
Dec  3 12:51:08 ubuntu kernel: [    4.498647] pci 0000:00:01.3: bridge window [io  0x1000-0x0fff] to [bus 04] add_size 1000
Dec  3 12:51:08 ubuntu kernel: [    4.499471] pci 0000:00:01.3: bridge window [mem 0x00100000-0x000fffff 64bit pref] to [bus 04] add_size 200000 add_align 100000
Dec  3 12:51:08 ubuntu kernel: [    4.500750] pci 0000:00:01.3: bridge window [mem 0x00100000-0x000fffff] to [bus 04] add_size 200000 add_align 100000
Dec  3 12:51:08 ubuntu kernel: [    4.501880] pci 0000:00:01.0: BAR 14: assigned [mem 0x10000000-0x101fffff]
Dec  3 12:51:08 ubuntu kernel: [    4.502547] pci 0000:00:01.0: BAR 15: assigned [mem 0x8000000000-0x80001fffff 64bit pref]
Dec  3 12:51:08 ubuntu kernel: [    4.503335] pci 0000:00:01.1: BAR 14: assigned [mem 0x10200000-0x103fffff]
Dec  3 12:51:08 ubuntu kernel: [    4.503990] pci 0000:00:01.1: BAR 15: assigned [mem 0x8000200000-0x80003fffff 64bit pref]
Dec  3 12:51:08 ubuntu kernel: [    4.504775] pci 0000:00:01.2: BAR 14: assigned [mem 0x10400000-0x105fffff]
Dec  3 12:51:08 ubuntu kernel: [    4.505467] pci 0000:00:01.2: BAR 15: assigned [mem 0x8000400000-0x80005fffff 64bit pref]
Dec  3 12:51:08 ubuntu kernel: [    4.506266] pci 0000:00:01.3: BAR 14: assigned [mem 0x10600000-0x107fffff]
Dec  3 12:51:08 ubuntu kernel: [    4.506939] pci 0000:00:01.3: BAR 15: assigned [mem 0x8000600000-0x80007fffff 64bit pref]
Dec  3 12:51:08 ubuntu kernel: [    4.507741] pci 0000:00:01.0: BAR 0: assigned [mem 0x10800000-0x10800fff]
Dec  3 12:51:08 ubuntu kernel: [    4.508789] pci 0000:00:01.0: BAR 13: assigned [io  0x1000-0x1fff]
Dec  3 12:51:08 ubuntu kernel: [    4.509429] pci 0000:00:01.1: BAR 0: assigned [mem 0x10801000-0x10801fff]
Dec  3 12:51:08 ubuntu kernel: [    4.510396] pci 0000:00:01.1: BAR 13: assigned [io  0x2000-0x2fff]
Dec  3 12:51:08 ubuntu kernel: [    4.510995] pci 0000:00:01.2: BAR 0: assigned [mem 0x10802000-0x10802fff]
Dec  3 12:51:08 ubuntu kernel: [    4.511972] pci 0000:00:01.2: BAR 13: assigned [io  0x3000-0x3fff]
Dec  3 12:51:08 ubuntu kernel: [    4.512606] pci 0000:00:01.3: BAR 0: assigned [mem 0x10803000-0x10803fff]
Dec  3 12:51:08 ubuntu kernel: [    4.513603] pci 0000:00:01.3: BAR 13: assigned [io  0x4000-0x4fff]
Dec  3 12:51:08 ubuntu kernel: [    4.514235] pci 0000:01:00.0: BAR 6: assigned [mem 0x10000000-0x1007ffff pref]
Dec  3 12:51:08 ubuntu kernel: [    4.514922] pci 0000:01:00.0: BAR 4: assigned [mem 0x8000000000-0x8000003fff 64bit pref]
Dec  3 12:51:08 ubuntu kernel: [    4.516257] pci 0000:01:00.0: BAR 1: assigned [mem 0x10080000-0x10080fff]
Dec  3 12:51:08 ubuntu kernel: [    4.517175] pci 0000:00:01.0: PCI bridge to [bus 01]
Dec  3 12:51:08 ubuntu kernel: [    4.517722] pci 0000:00:01.0:   bridge window [io  0x1000-0x1fff]
Dec  3 12:51:08 ubuntu kernel: [    4.519128] pci 0000:00:01.0:   bridge window [mem 0x10000000-0x101fffff]
Dec  3 12:51:08 ubuntu kernel: [    4.520188] pci 0000:00:01.0:   bridge window [mem 0x8000000000-0x80001fffff 64bit pref]
Dec  3 12:51:08 ubuntu kernel: [    4.521702] pci 0000:02:00.0: BAR 0: assigned [mem 0x10200000-0x10203fff 64bit]
Dec  3 12:51:08 ubuntu kernel: [    4.522499] pci 0000:00:01.1: PCI bridge to [bus 02]
Dec  3 12:51:08 ubuntu kernel: [    4.522982] pci 0000:00:01.1:   bridge window [io  0x2000-0x2fff]
Dec  3 12:51:08 ubuntu kernel: [    4.524124] pci 0000:00:01.1:   bridge window [mem 0x10200000-0x103fffff]
Dec  3 12:51:08 ubuntu kernel: [    4.525159] pci 0000:00:01.1:   bridge window [mem 0x8000200000-0x80003fffff 64bit pref]
Dec  3 12:51:08 ubuntu kernel: [    4.526727] pci 0000:03:00.0: BAR 4: assigned [mem 0x8000400000-0x8000403fff 64bit pref]
Dec  3 12:51:08 ubuntu kernel: [    4.528073] pci 0000:03:00.0: BAR 1: assigned [mem 0x10400000-0x10400fff]
Dec  3 12:51:08 ubuntu kernel: [    4.529331] pci 0000:00:01.2: PCI bridge to [bus 03]
Dec  3 12:51:08 ubuntu kernel: [    4.529822] pci 0000:00:01.2:   bridge window [io  0x3000-0x3fff]
Dec  3 12:51:08 ubuntu kernel: [    4.530989] pci 0000:00:01.2:   bridge window [mem 0x10400000-0x105fffff]
Dec  3 12:51:08 ubuntu kernel: [    4.532030] pci 0000:00:01.2:   bridge window [mem 0x8000400000-0x80005fffff 64bit pref]
Dec  3 12:51:08 ubuntu kernel: [    4.533572] pci 0000:00:01.3: PCI bridge to [bus 04]
Dec  3 12:51:08 ubuntu kernel: [    4.534080] pci 0000:00:01.3:   bridge window [io  0x4000-0x4fff]
Dec  3 12:51:08 ubuntu kernel: [    4.535217] pci 0000:00:01.3:   bridge window [mem 0x10600000-0x107fffff]
Dec  3 12:51:08 ubuntu kernel: [    4.536261] pci 0000:00:01.3:   bridge window [mem 0x8000600000-0x80007fffff 64bit pref]
Dec  3 12:51:08 ubuntu kernel: [    4.537812] pci_bus 0000:00: resource 4 [mem 0x10000000-0x3efeffff window]
Dec  3 12:51:08 ubuntu kernel: [    4.538483] pci_bus 0000:00: resource 5 [io  0x0000-0xffff window]
Dec  3 12:51:08 ubuntu kernel: [    4.539111] pci_bus 0000:00: resource 6 [mem 0x8000000000-0xffffffffff window]
Dec  3 12:51:08 ubuntu kernel: [    4.540105] pci_bus 0000:01: resource 0 [io  0x1000-0x1fff]
Dec  3 12:51:08 ubuntu kernel: [    4.540659] pci_bus 0000:01: resource 1 [mem 0x10000000-0x101fffff]
Dec  3 12:51:08 ubuntu kernel: [    4.541256] pci_bus 0000:01: resource 2 [mem 0x8000000000-0x80001fffff 64bit pref]
Dec  3 12:51:08 ubuntu kernel: [    4.542029] pci_bus 0000:02: resource 0 [io  0x2000-0x2fff]
Dec  3 12:51:08 ubuntu kernel: [    4.542584] pci_bus 0000:02: resource 1 [mem 0x10200000-0x103fffff]
Dec  3 12:51:08 ubuntu kernel: [    4.543194] pci_bus 0000:02: resource 2 [mem 0x8000200000-0x80003fffff 64bit pref]
Dec  3 12:51:08 ubuntu kernel: [    4.543957] pci_bus 0000:03: resource 0 [io  0x3000-0x3fff]
Dec  3 12:51:08 ubuntu kernel: [    4.544530] pci_bus 0000:03: resource 1 [mem 0x10400000-0x105fffff]
Dec  3 12:51:08 ubuntu kernel: [    4.545126] pci_bus 0000:03: resource 2 [mem 0x8000400000-0x80005fffff 64bit pref]
Dec  3 12:51:08 ubuntu kernel: [    4.545867] pci_bus 0000:04: resource 0 [io  0x4000-0x4fff]
Dec  3 12:51:08 ubuntu kernel: [    4.546411] pci_bus 0000:04: resource 1 [mem 0x10600000-0x107fffff]
Dec  3 12:51:08 ubuntu kernel: [    4.547018] pci_bus 0000:04: resource 2 [mem 0x8000600000-0x80007fffff 64bit pref]
Dec  3 12:51:08 ubuntu kernel: [    4.547844] ACPI: PCI Interrupt Link [GSI0] (IRQs *35)
Dec  3 12:51:08 ubuntu kernel: [    4.548342] ACPI: PCI Interrupt Link [GSI1] (IRQs *36)
Dec  3 12:51:08 ubuntu kernel: [    4.548861] ACPI: PCI Interrupt Link [GSI2] (IRQs *37)
Dec  3 12:51:08 ubuntu kernel: [    4.549355] ACPI: PCI Interrupt Link [GSI3] (IRQs *38)
Dec  3 12:51:08 ubuntu kernel: [    4.550807] iommu: Default domain type: Translated 
Dec  3 12:51:08 ubuntu kernel: [    4.551479] vgaarb: loaded
Dec  3 12:51:08 ubuntu kernel: [    4.552030] SCSI subsystem initialized
Dec  3 12:51:08 ubuntu kernel: [    4.552756] libata version 3.00 loaded.
Dec  3 12:51:08 ubuntu kernel: [    4.552785] ACPI: bus type USB registered
Dec  3 12:51:08 ubuntu kernel: [    4.553204] usbcore: registered new interface driver usbfs
Dec  3 12:51:08 ubuntu kernel: [    4.553761] usbcore: registered new interface driver hub
Dec  3 12:51:08 ubuntu kernel: [    4.554671] usbcore: registered new device driver usb
Dec  3 12:51:08 ubuntu kernel: [    4.555222] pps_core: LinuxPPS API ver. 1 registered
Dec  3 12:51:08 ubuntu kernel: [    4.555710] pps_core: Software ver. 5.3.6 - Copyright 2005-2007 Rodolfo Giometti <giometti@linux.it>
Dec  3 12:51:08 ubuntu kernel: [    4.556659] PTP clock support registered
Dec  3 12:51:08 ubuntu kernel: [    4.557550] EDAC MC: Ver: 3.0.0
Dec  3 12:51:08 ubuntu kernel: [    4.558187] Registered efivars operations
Dec  3 12:51:08 ubuntu kernel: [    4.559961] NetLabel: Initializing
Dec  3 12:51:08 ubuntu kernel: [    4.560351] NetLabel:  domain hash size = 128
Dec  3 12:51:08 ubuntu kernel: [    4.560781] NetLabel:  protocols = UNLABELED CIPSOv4 CALIPSO
Dec  3 12:51:08 ubuntu kernel: [    4.561327] NetLabel:  unlabeled traffic allowed by default
Dec  3 12:51:08 ubuntu kernel: [    4.562346] clocksource: Switched to clocksource arch_sys_counter
Dec  3 12:51:08 ubuntu kernel: [    4.579759] VFS: Disk quotas dquot_6.6.0
Dec  3 12:51:08 ubuntu kernel: [    4.580306] VFS: Dquot-cache hash table entries: 512 (order 0, 4096 bytes)
Dec  3 12:51:08 ubuntu kernel: [    4.581129] AppArmor: AppArmor Filesystem Enabled
Dec  3 12:51:08 ubuntu kernel: [    4.581632] pnp: PnP ACPI init
Dec  3 12:51:08 ubuntu kernel: [    4.582101] system 00:00: [mem 0x3f000000-0x3fffffff] could not be reserved
Dec  3 12:51:08 ubuntu kernel: [    4.582829] system 00:00: Plug and Play ACPI device, IDs PNP0c02 (active)
Dec  3 12:51:08 ubuntu kernel: [    4.582836] pnp: PnP ACPI: found 1 devices
Dec  3 12:51:08 ubuntu kernel: [    4.584950] NET: Registered protocol family 2
Dec  3 12:51:08 ubuntu kernel: [    4.585570] tcp_listen_portaddr_hash hash table entries: 16384 (order: 6, 262144 bytes, linear)
Dec  3 12:51:08 ubuntu kernel: [    4.586836] TCP established hash table entries: 262144 (order: 9, 2097152 bytes, linear)
Dec  3 12:51:08 ubuntu kernel: [    4.587942] TCP bind hash table entries: 65536 (order: 8, 1048576 bytes, linear)
Dec  3 12:51:08 ubuntu kernel: [    4.588766] TCP: Hash tables configured (established 262144 bind 65536)
Dec  3 12:51:08 ubuntu kernel: [    4.589754] UDP hash table entries: 16384 (order: 7, 524288 bytes, linear)
Dec  3 12:51:08 ubuntu kernel: [    4.590510] UDP-Lite hash table entries: 16384 (order: 7, 524288 bytes, linear)
Dec  3 12:51:08 ubuntu kernel: [    4.591318] NET: Registered protocol family 1
Dec  3 12:51:08 ubuntu kernel: [    4.591762] NET: Registered protocol family 44
Dec  3 12:51:08 ubuntu kernel: [    4.592232] pci 0000:02:00.0: enabling device (0000 -> 0002)
Dec  3 12:51:08 ubuntu kernel: [    4.593134] PCI: CLS 0 bytes, default 64
Dec  3 12:51:08 ubuntu kernel: [    4.593554] Trying to unpack rootfs image as initramfs...
Dec  3 12:51:08 ubuntu kernel: [    5.479227] Freeing initrd memory: 61288K
Dec  3 12:51:08 ubuntu kernel: [    5.511304] hw perfevents: enabled with armv8_pmuv3_0 PMU driver, 13 counters available
Dec  3 12:51:08 ubuntu kernel: [    5.512968] kvm [1]: HYP mode not available
Dec  3 12:51:08 ubuntu kernel: [    5.515191] Initialise system trusted keyrings
Dec  3 12:51:08 ubuntu kernel: [    5.516087] Key type blacklist registered
Dec  3 12:51:08 ubuntu kernel: [    5.517263] workingset: timestamp_bits=40 max_order=23 bucket_order=0
Dec  3 12:51:08 ubuntu kernel: [    5.520909] zbud: loaded
Dec  3 12:51:08 ubuntu kernel: [    5.521673] squashfs: version 4.0 (2009/01/31) Phillip Lougher
Dec  3 12:51:08 ubuntu kernel: [    5.522575] fuse: init (API version 7.31)
Dec  3 12:51:08 ubuntu kernel: [    5.523240] integrity: Platform Keyring initialized
Dec  3 12:51:08 ubuntu kernel: [    5.531772] Key type asymmetric registered
Dec  3 12:51:08 ubuntu kernel: [    5.532289] Asymmetric key parser 'x509' registered
Dec  3 12:51:08 ubuntu kernel: [    5.532746] Block layer SCSI generic (bsg) driver version 0.4 loaded (major 244)
Dec  3 12:51:08 ubuntu kernel: [    5.533797] io scheduler mq-deadline registered
Dec  3 12:51:08 ubuntu kernel: [    5.536082] pl061_gpio ARMH0061:00: PL061 GPIO chip registered
Dec  3 12:51:08 ubuntu kernel: [    5.536829] PCI Interrupt Link [GSI1] enabled at IRQ 36
Dec  3 12:51:08 ubuntu kernel: [    5.538427] pcieport 0000:00:01.0: PME: Signaling with IRQ 44
Dec  3 12:51:08 ubuntu kernel: [    5.539572] pcieport 0000:00:01.0: AER: enabled with IRQ 44
Dec  3 12:51:08 ubuntu kernel: [    5.540376] pcieport 0000:00:01.0: pciehp: Slot #0 AttnBtn+ PwrCtrl+ MRL- AttnInd+ PwrInd+ HotPlug+ Surprise+ Interlock+ NoCompl- IbPresDis- LLActRep-
Dec  3 12:51:08 ubuntu kernel: [    5.543370] pcieport 0000:00:01.1: PME: Signaling with IRQ 45
Dec  3 12:51:08 ubuntu kernel: [    5.544396] pcieport 0000:00:01.1: AER: enabled with IRQ 45
Dec  3 12:51:08 ubuntu kernel: [    5.545200] pcieport 0000:00:01.1: pciehp: Slot #0 AttnBtn+ PwrCtrl+ MRL- AttnInd+ PwrInd+ HotPlug+ Surprise+ Interlock+ NoCompl- IbPresDis- LLActRep-
Dec  3 12:51:08 ubuntu kernel: [    5.547435] pcieport 0000:00:01.2: PME: Signaling with IRQ 46
Dec  3 12:51:08 ubuntu kernel: [    5.548287] pcieport 0000:00:01.2: AER: enabled with IRQ 46
Dec  3 12:51:08 ubuntu kernel: [    5.548868] pcieport 0000:00:01.2: pciehp: Slot #0 AttnBtn+ PwrCtrl+ MRL- AttnInd+ PwrInd+ HotPlug+ Surprise+ Interlock+ NoCompl- IbPresDis- LLActRep-
Dec  3 12:51:08 ubuntu kernel: [    5.550956] pcieport 0000:00:01.3: PME: Signaling with IRQ 47
Dec  3 12:51:08 ubuntu kernel: [    5.551680] pcieport 0000:00:01.3: AER: enabled with IRQ 47
Dec  3 12:51:08 ubuntu kernel: [    5.552238] pcieport 0000:00:01.3: pciehp: Slot #0 AttnBtn+ PwrCtrl+ MRL- AttnInd+ PwrInd+ HotPlug+ Surprise+ Interlock+ NoCompl- IbPresDis- LLActRep-
Dec  3 12:51:08 ubuntu kernel: [    5.553738] pcieport 0000:00:01.3: pciehp: Slot(0-3): Link Up
Dec  3 12:51:08 ubuntu kernel: [    5.554522] shpchp: Standard Hot Plug PCI Controller Driver version: 0.4
Dec  3 12:51:08 ubuntu kernel: [    5.555538] input: Power Button as /devices/LNXSYSTM:00/LNXSYBUS:00/PNP0C0C:00/input/input0
Dec  3 12:51:08 ubuntu kernel: [    5.556335] ACPI: Power Button [PWRB]
Dec  3 12:51:08 ubuntu kernel: [    5.561205] Serial: 8250/16550 driver, 32 ports, IRQ sharing enabled
Dec  3 12:51:08 ubuntu kernel: [    5.563828] msm_serial: driver initialized
Dec  3 12:51:08 ubuntu kernel: [    5.564715] cacheinfo: Unable to detect cache hierarchy for CPU 0
Dec  3 12:51:08 ubuntu kernel: [    5.569818] loop: module loaded
Dec  3 12:51:08 ubuntu kernel: [    5.570685] libphy: Fixed MDIO Bus: probed
Dec  3 12:51:08 ubuntu kernel: [    5.571083] tun: Universal TUN/TAP device driver, 1.6
Dec  3 12:51:08 ubuntu kernel: [    5.571678] PPP generic driver version 2.4.2
Dec  3 12:51:08 ubuntu kernel: [    5.572138] ehci_hcd: USB 2.0 'Enhanced' Host Controller (EHCI) Driver
Dec  3 12:51:08 ubuntu kernel: [    5.572747] ehci-pci: EHCI PCI platform driver
Dec  3 12:51:08 ubuntu kernel: [    5.573175] ehci-orion: EHCI orion driver
Dec  3 12:51:08 ubuntu kernel: [    5.573569] ohci_hcd: USB 1.1 'Open' Host Controller (OHCI) Driver
Dec  3 12:51:08 ubuntu kernel: [    5.574160] ohci-pci: OHCI PCI platform driver
Dec  3 12:51:08 ubuntu kernel: [    5.574613] uhci_hcd: USB Universal Host Controller Interface driver
Dec  3 12:51:08 ubuntu kernel: [    5.575677] xhci_hcd 0000:02:00.0: xHCI Host Controller
Dec  3 12:51:08 ubuntu kernel: [    5.576172] xhci_hcd 0000:02:00.0: new USB bus registered, assigned bus number 1
Dec  3 12:51:08 ubuntu kernel: [    5.577026] xhci_hcd 0000:02:00.0: hcc params 0x00087001 hci version 0x100 quirks 0x0000000000000010
Dec  3 12:51:08 ubuntu kernel: [    5.578834] usb usb1: New USB device found, idVendor=1d6b, idProduct=0002, bcdDevice= 5.07
Dec  3 12:51:08 ubuntu kernel: [    5.579631] usb usb1: New USB device strings: Mfr=3, Product=2, SerialNumber=1
Dec  3 12:51:08 ubuntu kernel: [    5.580324] usb usb1: Product: xHCI Host Controller
Dec  3 12:51:08 ubuntu kernel: [    5.580797] usb usb1: Manufacturer: Linux 5.7.1 xhci-hcd
Dec  3 12:51:08 ubuntu kernel: [    5.581308] usb usb1: SerialNumber: 0000:02:00.0
Dec  3 12:51:08 ubuntu kernel: [    5.581877] hub 1-0:1.0: USB hub found
Dec  3 12:51:08 ubuntu kernel: [    5.582282] hub 1-0:1.0: 8 ports detected
Dec  3 12:51:08 ubuntu kernel: [    5.583026] xhci_hcd 0000:02:00.0: xHCI Host Controller
Dec  3 12:51:08 ubuntu kernel: [    5.583531] xhci_hcd 0000:02:00.0: new USB bus registered, assigned bus number 2
Dec  3 12:51:08 ubuntu kernel: [    5.584237] xhci_hcd 0000:02:00.0: Host supports USB 3.0 SuperSpeed
Dec  3 12:51:08 ubuntu kernel: [    5.584859] usb usb2: We don't know the algorithms for LPM for this host, disabling LPM.
Dec  3 12:51:08 ubuntu kernel: [    5.585637] usb usb2: New USB device found, idVendor=1d6b, idProduct=0003, bcdDevice= 5.07
Dec  3 12:51:08 ubuntu kernel: [    5.586486] usb usb2: New USB device strings: Mfr=3, Product=2, SerialNumber=1
Dec  3 12:51:08 ubuntu kernel: [    5.587165] usb usb2: Product: xHCI Host Controller
Dec  3 12:51:08 ubuntu kernel: [    5.587624] usb usb2: Manufacturer: Linux 5.7.1 xhci-hcd
Dec  3 12:51:08 ubuntu kernel: [    5.588125] usb usb2: SerialNumber: 0000:02:00.0
Dec  3 12:51:08 ubuntu kernel: [    5.588689] hub 2-0:1.0: USB hub found
Dec  3 12:51:08 ubuntu kernel: [    5.589152] hub 2-0:1.0: 8 ports detected
Dec  3 12:51:08 ubuntu kernel: [    5.589894] mousedev: PS/2 mouse device common for all mice
Dec  3 12:51:08 ubuntu kernel: [    5.591082] rtc-efi rtc-efi.0: registered as rtc0
Dec  3 12:51:08 ubuntu kernel: [    5.591813] rtc-efi rtc-efi.0: setting system clock to 2020-12-03T04:51:04 UTC (1606971064)
Dec  3 12:51:08 ubuntu kernel: [    5.592670] i2c /dev entries driver
Dec  3 12:51:08 ubuntu kernel: [    5.593191] device-mapper: uevent: version 1.0.3
Dec  3 12:51:08 ubuntu kernel: [    5.593718] device-mapper: ioctl: 4.42.0-ioctl (2020-02-27) initialised: dm-devel@redhat.com
Dec  3 12:51:08 ubuntu kernel: [    5.595776] ledtrig-cpu: registered to indicate activity on CPUs
Dec  3 12:51:08 ubuntu kernel: [    5.596420] EFI Variables Facility v0.08 2004-May-17
Dec  3 12:51:08 ubuntu kernel: [    5.600790] NET: Registered protocol family 10
Dec  3 12:51:08 ubuntu kernel: [    5.610654] Segment Routing with IPv6
Dec  3 12:51:08 ubuntu kernel: [    5.611095] NET: Registered protocol family 17
Dec  3 12:51:08 ubuntu kernel: [    5.611850] Key type dns_resolver registered
Dec  3 12:51:08 ubuntu kernel: [    5.612964] registered taskstats version 1
Dec  3 12:51:08 ubuntu kernel: [    5.613862] Loading compiled-in X.509 certificates
Dec  3 12:51:08 ubuntu kernel: [    5.618634] Loaded X.509 cert 'Build time autogenerated kernel key: 5fc9bbbf10d23f3f9dda6c889ba5358a20950e89'
Dec  3 12:51:08 ubuntu kernel: [    5.620564] zswap: loaded using pool lzo/zbud
Dec  3 12:51:08 ubuntu kernel: [    5.621668] Key type ._fscrypt registered
Dec  3 12:51:08 ubuntu kernel: [    5.622184] Key type .fscrypt registered
Dec  3 12:51:08 ubuntu kernel: [    5.622715] Key type fscrypt-provisioning registered
Dec  3 12:51:08 ubuntu kernel: [    5.638400] cryptd: max_cpu_qlen set to 1000
Dec  3 12:51:08 ubuntu kernel: [    5.715245] Key type big_key registered
Dec  3 12:51:08 ubuntu kernel: [    5.729445] Key type encrypted registered
Dec  3 12:51:08 ubuntu kernel: [    5.729879] AppArmor: AppArmor sha1 policy hashing enabled
Dec  3 12:51:08 ubuntu kernel: [    5.730888] ima: No TPM chip found, activating TPM-bypass!
Dec  3 12:51:08 ubuntu kernel: [    5.731528] ima: Allocated hash algorithm: sha1
Dec  3 12:51:08 ubuntu kernel: [    5.732047] ima: No architecture policies found
Dec  3 12:51:08 ubuntu kernel: [    5.732570] evm: Initialising EVM extended attributes:
Dec  3 12:51:08 ubuntu kernel: [    5.733156] evm: security.selinux
Dec  3 12:51:08 ubuntu kernel: [    5.733542] evm: security.SMACK64
Dec  3 12:51:08 ubuntu kernel: [    5.733927] evm: security.SMACK64EXEC
Dec  3 12:51:08 ubuntu kernel: [    5.734378] evm: security.SMACK64TRANSMUTE
Dec  3 12:51:08 ubuntu kernel: [    5.734908] evm: security.SMACK64MMAP
Dec  3 12:51:08 ubuntu kernel: [    5.735321] evm: security.apparmor
Dec  3 12:51:08 ubuntu kernel: [    5.735704] evm: security.ima
Dec  3 12:51:08 ubuntu kernel: [    5.736043] evm: security.capability
Dec  3 12:51:08 ubuntu kernel: [    5.736449] evm: HMAC attrs: 0x1
Dec  3 12:51:08 ubuntu kernel: [    5.739959] Freeing unused kernel memory: 7040K
Dec  3 12:51:08 ubuntu kernel: [    5.816064] Checked W+X mappings: passed, no W+X pages found
Dec  3 12:51:08 ubuntu kernel: [    5.816729] Run /init as init process
Dec  3 12:51:08 ubuntu kernel: [    5.817082]   with arguments:
Dec  3 12:51:08 ubuntu kernel: [    5.817083]     /init
Dec  3 12:51:08 ubuntu kernel: [    5.817084]   with environment:
Dec  3 12:51:08 ubuntu kernel: [    5.817085]     HOME=/
Dec  3 12:51:08 ubuntu kernel: [    5.817086]     TERM=linux
Dec  3 12:51:08 ubuntu kernel: [    5.817086]     BOOT_IMAGE=/boot/vmlinuz-5.7.1
Dec  3 12:51:08 ubuntu kernel: [    5.923557] scsi host0: Virtio SCSI HBA
Dec  3 12:51:08 ubuntu kernel: [    5.926743] scsi 0:0:0:0: Direct-Access     QEMU     QEMU HARDDISK    2.5+ PQ: 0 ANSI: 5
Dec  3 12:51:08 ubuntu kernel: [    5.930708] scsi 0:0:0:1: CD-ROM            QEMU     QEMU CD-ROM      2.5+ PQ: 0 ANSI: 5
Dec  3 12:51:08 ubuntu kernel: [    5.940594] virtio_net virtio0 enp1s0: renamed from eth0
Dec  3 12:51:08 ubuntu kernel: [    5.952426] random: fast init done
Dec  3 12:51:08 ubuntu kernel: [    5.953852] sd 0:0:0:0: Attached scsi generic sg0 type 0
Dec  3 12:51:08 ubuntu kernel: [    5.953932] sd 0:0:0:0: Power-on or device reset occurred
Dec  3 12:51:08 ubuntu kernel: [    5.954999] sr 0:0:0:1: Power-on or device reset occurred
Dec  3 12:51:08 ubuntu kernel: [    5.955517] sd 0:0:0:0: [sda] 31457280 512-byte logical blocks: (16.1 GB/15.0 GiB)
Dec  3 12:51:08 ubuntu kernel: [    5.955910] sr 0:0:0:1: [sr0] scsi3-mmc drive: 16x/50x cd/rw xa/form2 cdda tray
Dec  3 12:51:08 ubuntu kernel: [    5.956606] sd 0:0:0:0: [sda] Write Protect is off
Dec  3 12:51:08 ubuntu kernel: [    5.957207] cdrom: Uniform CD-ROM driver Revision: 3.20
Dec  3 12:51:08 ubuntu kernel: [    5.957666] sd 0:0:0:0: [sda] Mode Sense: 63 00 00 08
Dec  3 12:51:08 ubuntu kernel: [    5.958202] sd 0:0:0:0: [sda] Write cache: enabled, read cache: enabled, doesn't support DPO or FUA
Dec  3 12:51:08 ubuntu kernel: [    5.976475] sr 0:0:0:1: Attached scsi CD-ROM sr0
Dec  3 12:51:08 ubuntu kernel: [    5.976836] sr 0:0:0:1: Attached scsi generic sg1 type 5
Dec  3 12:51:08 ubuntu kernel: [    5.990692]  sda: sda1 sda2
Dec  3 12:51:08 ubuntu kernel: [    5.994004] sd 0:0:0:0: [sda] Attached SCSI disk
Dec  3 12:51:08 ubuntu kernel: [    6.022433] random: lvm: uninitialized urandom read (4 bytes read)
Dec  3 12:51:08 ubuntu kernel: [    6.042265] random: lvm: uninitialized urandom read (2 bytes read)
Dec  3 12:51:08 ubuntu kernel: [    7.322394] raid6: neonx8   gen() 11490 MB/s
Dec  3 12:51:08 ubuntu kernel: [    7.390376] raid6: neonx8   xor()  8430 MB/s
Dec  3 12:51:08 ubuntu kernel: [    7.458448] raid6: neonx4   gen() 11017 MB/s
Dec  3 12:51:08 ubuntu kernel: [    7.526385] raid6: neonx4   xor()  7767 MB/s
Dec  3 12:51:08 ubuntu kernel: [    7.594440] raid6: neonx2   gen()  9078 MB/s
Dec  3 12:51:08 ubuntu kernel: [    7.662393] raid6: neonx2   xor()  6539 MB/s
Dec  3 12:51:08 ubuntu kernel: [    7.730369] raid6: neonx1   gen()  6712 MB/s
Dec  3 12:51:08 ubuntu kernel: [    7.798391] raid6: neonx1   xor()  2839 MB/s
Dec  3 12:51:08 ubuntu kernel: [    7.866427] raid6: int64x8  gen()  5764 MB/s
Dec  3 12:51:08 ubuntu kernel: [    7.934361] raid6: int64x8  xor()  3584 MB/s
Dec  3 12:51:08 ubuntu kernel: [    8.002349] raid6: int64x4  gen()  7177 MB/s
Dec  3 12:51:08 ubuntu kernel: [    8.070382] raid6: int64x4  xor()  3674 MB/s
Dec  3 12:51:08 ubuntu kernel: [    8.110365] pcieport 0000:00:01.3: pciehp: Failed to check link status
Dec  3 12:51:08 ubuntu kernel: [    8.138380] raid6: int64x2  gen()  5919 MB/s
Dec  3 12:51:08 ubuntu kernel: [    8.206351] raid6: int64x2  xor()  1686 MB/s
Dec  3 12:51:08 ubuntu kernel: [    8.274352] raid6: int64x1  gen()  4545 MB/s
Dec  3 12:51:08 ubuntu kernel: [    8.342353] raid6: int64x1  xor()  1224 MB/s
Dec  3 12:51:08 ubuntu kernel: [    8.342817] raid6: using algorithm neonx8 gen() 11490 MB/s
Dec  3 12:51:08 ubuntu kernel: [    8.343328] raid6: .... xor() 8430 MB/s, rmw enabled
Dec  3 12:51:08 ubuntu kernel: [    8.343794] raid6: using neon recovery algorithm
Dec  3 12:51:08 ubuntu kernel: [    8.346934] xor: measuring software checksum speed
Dec  3 12:51:08 ubuntu kernel: [    8.386361]    8regs     : 13051.000 MB/sec
Dec  3 12:51:08 ubuntu kernel: [    8.426354]    32regs    : 15913.000 MB/sec
Dec  3 12:51:08 ubuntu kernel: [    8.466384]    arm64_neon: 19208.000 MB/sec
Dec  3 12:51:08 ubuntu kernel: [    8.466797] xor: using function: arm64_neon (19208.000 MB/sec)
Dec  3 12:51:08 ubuntu kernel: [    8.468695] async_tx: api initialized (async)
Dec  3 12:51:08 ubuntu kernel: [    8.514223] random: lvm: uninitialized urandom read (4 bytes read)
Dec  3 12:51:08 ubuntu kernel: [    8.532283] random: lvm: uninitialized urandom read (4 bytes read)
Dec  3 12:51:08 ubuntu kernel: [    8.608753] Btrfs loaded, crc32c=crc32c-generic
Dec  3 12:51:08 ubuntu kernel: [    8.683266] EXT4-fs (dm-0): mounted filesystem with ordered data mode. Opts: (null)
Dec  3 12:51:08 ubuntu kernel: [    8.874357] systemd[1]: systemd 237 running in system mode. (+PAM +AUDIT +SELINUX +IMA +APPARMOR +SMACK +SYSVINIT +UTMP +LIBCRYPTSETUP +GCRYPT +GNUTLS +ACL +XZ +LZ4 +SECCOMP +BLKID +ELFUTILS +KMOD -IDN2 +IDN -PCRE2 default-hierarchy=hybrid)
Dec  3 12:51:08 ubuntu kernel: [    8.876463] systemd[1]: Detected virtualization kvm.
Dec  3 12:51:08 ubuntu kernel: [    8.876951] systemd[1]: Detected architecture arm64.
Dec  3 12:51:08 ubuntu kernel: [    8.907645] systemd[1]: Set hostname to <ubuntu>.
Dec  3 12:51:08 ubuntu kernel: [    8.979124] random: systemd: uninitialized urandom read (16 bytes read)
Dec  3 12:51:08 ubuntu kernel: [    8.979930] systemd[1]: Reached target User and Group Name Lookups.
Dec  3 12:51:08 ubuntu kernel: [    8.982541] systemd[1]: Created slice System Slice.
Dec  3 12:51:08 ubuntu kernel: [    8.983962] systemd[1]: Listening on Journal Socket.
Dec  3 12:51:08 ubuntu kernel: [    8.986628] systemd[1]: Starting Uncomplicated firewall...
Dec  3 12:51:08 ubuntu kernel: [    8.989397] systemd[1]: Mounting POSIX Message Queue File System...
Dec  3 12:51:08 ubuntu kernel: [    8.990979] systemd[1]: Listening on Device-mapper event daemon FIFOs.
Dec  3 12:51:08 ubuntu kernel: [    9.022081] EXT4-fs (dm-0): re-mounted. Opts: errors=remount-ro
Dec  3 12:51:08 ubuntu kernel: [    9.027321] Loading iSCSI transport class v2.0-870.
Dec  3 12:51:08 ubuntu kernel: [    9.035828] iscsi: registered transport (tcp)
Dec  3 12:51:08 ubuntu kernel: [    9.067467] iscsi: registered transport (iser)
Dec  3 12:51:08 ubuntu kernel: [    9.102247] systemd-journald[845]: Received request to flush runtime journal from PID 1
Dec  3 12:51:08 ubuntu kernel: [    9.105974] systemd-journald[845]: File /var/log/journal/46a37bf3c88f4da9a7be254812d297d1/system.journal corrupted or uncleanly shut down, renaming and replacing.
Dec  3 12:51:08 ubuntu kernel: [    9.248551] pstore: Using crash dump compression: deflate
Dec  3 12:51:08 ubuntu kernel: [    9.253121] pstore: Registered efi as persistent store backend
Dec  3 12:51:08 ubuntu kernel: [    9.402403] Adding 1003516k swap on /dev/mapper/ubuntu--vg-swap_1.  Priority:-2 extents:1 across:1003516k FS
Dec  3 12:51:08 ubuntu kernel: [    9.525759] audit: type=1400 audit(1606971068.428:2): apparmor="STATUS" operation="profile_load" profile="unconfined" name="/usr/bin/lxc-start" pid=1114 comm="apparmor_parser"
Dec  3 12:51:08 ubuntu kernel: [    9.586786] audit: type=1400 audit(1606971068.492:3): apparmor="STATUS" operation="profile_load" profile="unconfined" name="/usr/bin/man" pid=1115 comm="apparmor_parser"
Dec  3 12:51:08 ubuntu kernel: [    9.587749] audit: type=1400 audit(1606971068.492:4): apparmor="STATUS" operation="profile_load" profile="unconfined" name="man_filter" pid=1115 comm="apparmor_parser"
Dec  3 12:51:08 ubuntu kernel: [    9.588970] audit: type=1400 audit(1606971068.492:5): apparmor="STATUS" operation="profile_load" profile="unconfined" name="man_groff" pid=1115 comm="apparmor_parser"
Dec  3 12:51:08 ubuntu kernel: [    9.609640] audit: type=1400 audit(1606971068.512:6): apparmor="STATUS" operation="profile_load" profile="unconfined" name="/usr/sbin/tcpdump" pid=1118 comm="apparmor_parser"
Dec  3 12:51:08 ubuntu kernel: [    9.669558] audit: type=1400 audit(1606971068.572:7): apparmor="STATUS" operation="profile_load" profile="unconfined" name="/sbin/dhclient" pid=1113 comm="apparmor_parser"
Dec  3 12:51:08 ubuntu kernel: [    9.671076] audit: type=1400 audit(1606971068.576:8): apparmor="STATUS" operation="profile_load" profile="unconfined" name="/usr/lib/NetworkManager/nm-dhcp-client.action" pid=1113 comm="apparmor_parser"
Dec  3 12:51:08 ubuntu kernel: [    9.672505] audit: type=1400 audit(1606971068.576:9): apparmor="STATUS" operation="profile_load" profile="unconfined" name="/usr/lib/NetworkManager/nm-dhcp-helper" pid=1113 comm="apparmor_parser"
Dec  3 12:51:08 ubuntu kernel: [    9.673845] audit: type=1400 audit(1606971068.576:10): apparmor="STATUS" operation="profile_load" profile="unconfined" name="/usr/lib/connman/scripts/dhclient-script" pid=1113 comm="apparmor_parser"
Dec  3 12:51:08 ubuntu kernel: [    9.730934] audit: type=1400 audit(1606971068.636:11): apparmor="STATUS" operation="profile_load" profile="unconfined" name="/usr/lib/snapd/snap-confine" pid=1116 comm="apparmor_parser"
Dec  3 12:51:08 ubuntu cron[1134]: (CRON) INFO (pidfile fd = 3)
Dec  3 12:51:08 ubuntu cron[1134]: (CRON) INFO (Running @reboot jobs)
Dec  3 12:51:08 ubuntu systemd[1]: Starting Accounts Service...
Dec  3 12:51:08 ubuntu systemd[1]: Started D-Bus System Message Bus.
Dec  3 12:51:08 ubuntu systemd[1]: Started Login Service.
Dec  3 12:51:08 ubuntu systemd[1]: Started Unattended Upgrades Shutdown.
Dec  3 12:51:08 ubuntu systemd[1]: Started FUSE filesystem for LXC.
Dec  3 12:51:08 ubuntu dbus-daemon[1146]: [system] Activating via systemd: service name='org.freedesktop.PolicyKit1' unit='polkit.service' requested by ':1.4' (uid=0 pid=1139 comm="/usr/lib/accountsservice/accounts-daemon ")
Dec  3 12:51:08 ubuntu systemd[1]: Starting Snappy daemon...
Dec  3 12:51:08 ubuntu systemd[1]: Started System Logging Service.
Dec  3 12:51:08 ubuntu kernel: [    9.856972] new mount options do not match the existing superblock, will be ignored
Dec  3 12:51:08 ubuntu lxcfs[1154]: mount namespace: 5
Dec  3 12:51:08 ubuntu lxcfs[1154]: hierarchies:
Dec  3 12:51:08 ubuntu lxcfs[1154]:   0: fd:   6: rdma
Dec  3 12:51:08 ubuntu lxcfs[1154]:   1: fd:   7: cpu,cpuacct
Dec  3 12:51:08 ubuntu lxcfs[1154]:   2: fd:   8: perf_event
Dec  3 12:51:08 ubuntu lxcfs[1154]:   3: fd:   9: devices
Dec  3 12:51:08 ubuntu lxcfs[1154]:   4: fd:  10: blkio
Dec  3 12:51:08 ubuntu lxcfs[1154]:   5: fd:  11: freezer
Dec  3 12:51:08 ubuntu lxcfs[1154]:   6: fd:  12: memory
Dec  3 12:51:08 ubuntu lxcfs[1154]:   7: fd:  13: pids
Dec  3 12:51:08 ubuntu lxcfs[1154]:   8: fd:  14: hugetlb
Dec  3 12:51:08 ubuntu lxcfs[1154]:   9: fd:  15: cpuset
Dec  3 12:51:08 ubuntu lxcfs[1154]:  10: fd:  16: net_cls,net_prio
Dec  3 12:51:08 ubuntu lxcfs[1154]:  11: fd:  17: name=systemd
Dec  3 12:51:08 ubuntu lxcfs[1154]:  12: fd:  18: unified
Dec  3 12:51:08 ubuntu grub-common[1125]:  * Recording successful boot for GRUB
Dec  3 12:51:08 ubuntu systemd[1]: Starting Authorization Manager...
Dec  3 12:51:08 ubuntu grub-common[1125]:    ...done.
Dec  3 12:51:08 ubuntu systemd[1]: Started LSB: Record successful boot for GRUB.
Dec  3 12:51:08 ubuntu polkitd[1161]: started daemon version 0.105 using authority implementation `local' version `0.105'
Dec  3 12:51:08 ubuntu dbus-daemon[1146]: [system] Successfully activated service 'org.freedesktop.PolicyKit1'
Dec  3 12:51:08 ubuntu systemd[1]: Started Authorization Manager.
Dec  3 12:51:08 ubuntu accounts-daemon[1139]: started daemon version 0.6.45
Dec  3 12:51:08 ubuntu systemd[1]: Started Accounts Service.
Dec  3 12:51:08 ubuntu snapd[1155]: AppArmor status: apparmor is enabled but some kernel features are missing: dbus, network
Dec  3 12:51:08 ubuntu snapd[1155]: daemon.go:346: started snapd/2.42.1+18.04 (series 16; classic; devmode) ubuntu/18.04 (arm64) linux/5.7.1.
Dec  3 12:51:08 ubuntu networkd-dispatcher[1133]: No valid path found for iwconfig
Dec  3 12:51:08 ubuntu systemd[1]: Started Dispatcher daemon for systemd-networkd.
Dec  3 12:51:08 ubuntu snapd[1155]: daemon.go:439: adjusting startup timeout by 30s (pessimistic estimate of 30s plus 5s per snap)
Dec  3 12:51:08 ubuntu systemd[1]: Started Snappy daemon.
Dec  3 12:51:08 ubuntu systemd[1]: Starting Wait until snapd is fully seeded...
Dec  3 12:51:08 ubuntu systemd[1]: Started Wait until snapd is fully seeded.
Dec  3 12:51:09 ubuntu systemd-networkd[1082]: enp1s0: Gained IPv6LL
Dec  3 12:51:09 ubuntu systemd-networkd[1082]: enp1s0: Configured
Dec  3 12:51:09 ubuntu systemd-networkd-wait-online[1111]: ignoring: lo
Dec  3 12:51:09 ubuntu systemd-networkd-wait-online[1111]: managing: enp1s0
Dec  3 12:51:09 ubuntu systemd[1]: Started Wait for Network to be Configured.
Dec  3 12:51:09 ubuntu systemd[1]: Reached target Network is Online.
Dec  3 12:51:09 ubuntu systemd[1]: Starting OpenBSD Secure Shell server...
Dec  3 12:51:09 ubuntu systemd[1]: Reached target Remote File Systems (Pre).
Dec  3 12:51:09 ubuntu systemd[1]: Reached target Remote File Systems.
Dec  3 12:51:09 ubuntu systemd[1]: Starting LSB: automatic crash report generation...
Dec  3 12:51:09 ubuntu systemd[1]: Starting Permit User Sessions...
Dec  3 12:51:09 ubuntu systemd[1]: Starting Availability of block devices...
Dec  3 12:51:09 ubuntu systemd[1]: Started Availability of block devices.
Dec  3 12:51:09 ubuntu systemd[1]: Started Permit User Sessions.
Dec  3 12:51:09 ubuntu systemd[1]: Starting Hold until boot process finishes up...
Dec  3 12:51:09 ubuntu systemd[1]: Starting Terminate Plymouth Boot Screen...
Dec  3 12:51:09 ubuntu systemd[1]: Started Hold until boot process finishes up.
Dec  3 12:51:09 ubuntu systemd[1]: Started Serial Getty on ttyAMA0.
Dec  3 12:51:09 ubuntu systemd[1]: Starting Set console scheme...
Dec  3 12:51:09 ubuntu apport[1217]:  * Starting automatic crash report generation: apport
Dec  3 12:51:09 ubuntu systemd[1]: Started OpenBSD Secure Shell server.
Dec  3 12:51:09 ubuntu systemd[1]: Started Set console scheme.
Dec  3 12:51:09 ubuntu systemd[1]: Created slice system-getty.slice.
Dec  3 12:51:09 ubuntu apport[1217]:    ...done.
Dec  3 12:51:09 ubuntu systemd[1]: Started Getty on tty1.
Dec  3 12:51:09 ubuntu systemd[1]: Reached target Login Prompts.
Dec  3 12:51:09 ubuntu systemd[1]: Started LSB: automatic crash report generation.
Dec  3 12:51:09 ubuntu systemd[1]: Started Terminate Plymouth Boot Screen.
Dec  3 12:51:10 ubuntu kernel: [   11.234366] random: crng init done
Dec  3 12:51:10 ubuntu kernel: [   11.234369] random: 5 urandom warning(s) missed due to ratelimiting
Dec  3 12:51:10 ubuntu systemd[1]: Started LXD - container startup/shutdown.
Dec  3 12:51:10 ubuntu systemd[1]: Reached target Multi-User System.
Dec  3 12:51:10 ubuntu systemd[1]: Reached target Graphical Interface.
Dec  3 12:51:10 ubuntu systemd[1]: Starting Update UTMP about System Runlevel Changes...
Dec  3 12:51:10 ubuntu systemd[1]: Started Update UTMP about System Runlevel Changes.
Dec  3 12:51:10 ubuntu systemd[1]: Startup finished in 8.803s (kernel) + 2.417s (userspace) = 11.220s.
Dec  3 12:51:10 ubuntu kernel: [   11.272421] fbcon: Taking over console
Dec  3 12:51:13 ubuntu snapd[1155]: daemon.go:540: gracefully waiting for running hooks
Dec  3 12:51:13 ubuntu snapd[1155]: daemon.go:542: done waiting for running hooks
Dec  3 12:51:13 ubuntu snapd[1155]: daemon stop requested to wait for socket activation
Dec  3 12:51:13 ubuntu systemd-timesyncd[1065]: Synchronized to time server 91.189.91.157:123 (ntp.ubuntu.com).
Dec  3 12:51:14 ubuntu systemd[1]: Created slice User Slice of huawei.
Dec  3 12:51:14 ubuntu systemd[1]: Starting User Manager for UID 1000...
Dec  3 12:51:14 ubuntu systemd[1]: Started Session 1 of user huawei.
Dec  3 12:51:14 ubuntu systemd[1405]: Listening on REST API socket for snapd user session agent.
Dec  3 12:51:14 ubuntu kernel: [   16.541776] systemd-journald[845]: File /var/log/journal/46a37bf3c88f4da9a7be254812d297d1/user-1000.journal corrupted or uncleanly shut down, renaming and replacing.
Dec  3 12:51:14 ubuntu systemd[1405]: Listening on GnuPG cryptographic agent and passphrase cache.
Dec  3 12:51:14 ubuntu systemd[1405]: Listening on GnuPG cryptographic agent (ssh-agent emulation).
Dec  3 12:51:14 ubuntu systemd[1405]: Listening on GnuPG cryptographic agent and passphrase cache (restricted).
Dec  3 12:51:14 ubuntu systemd[1405]: Listening on GnuPG network certificate management daemon.
Dec  3 12:51:14 ubuntu systemd[1405]: Reached target Timers.
Dec  3 12:51:14 ubuntu systemd[1405]: Reached target Paths.
Dec  3 12:51:14 ubuntu systemd[1405]: Listening on GnuPG cryptographic agent and passphrase cache (access for web browsers).
Dec  3 12:51:14 ubuntu systemd[1405]: Reached target Sockets.
Dec  3 12:51:14 ubuntu systemd[1405]: Reached target Basic System.
Dec  3 12:51:14 ubuntu systemd[1405]: Reached target Default.
Dec  3 12:51:14 ubuntu systemd[1405]: Startup finished in 49ms.
Dec  3 12:51:14 ubuntu systemd[1]: Started User Manager for UID 1000.
Dec  3 12:51:53 ubuntu kernel: [   55.468535] Page table allocation set to normal behavior
Dec  3 12:51:53 ubuntu kernel: [   55.475923] PROCFS: Command ot drain the pgtable cache
Dec  3 12:51:53 ubuntu kernel: [   55.507712] [mitosis] kernel_set_pgtlbreplpolicy: mode = 3
Dec  3 12:51:53 ubuntu kernel: [   55.507714] [mitosis] NOTE: mode == 1
Dec  3 12:51:53 ubuntu kernel: [   55.507715] [mitosis] NOTE: version = 5
Dec  3 12:51:53 ubuntu kernel: [   55.507716] [mitosis] NOTE: pgtable replication start to check...
Dec  3 12:51:53 ubuntu kernel: [   55.507716] [mitosis] kernel_set_pgtlbreplpolicy: pid = 1502
Dec  3 12:51:53 ubuntu kernel: [   55.507718] [mitosis] pgtable replication enabled for mm=ffff0004dc7e8800.
Dec  3 12:51:53 ubuntu kernel: [   55.507719] [mitosis] pgtable replication err=0.
Dec  3 12:51:53 ubuntu kernel: [   55.507938] cpu_do_switch_mm:283 cpu_do_switch_mm mm=ffff0004dc7e8c00, pgd=ffff0004dcd2a000, pgd_phys=51cd2a000
Dec  3 12:51:53 ubuntu huawei: Waiting for benchmark: to be ready
Dec  3 12:51:59 ubuntu kernel: [   61.562065] cpu_do_switch_mm:283 cpu_do_switch_mm mm=ffff0004dc7e8c00, pgd=ffff0004dcd2a000, pgd_phys=51cd2a000
Dec  3 12:51:59 ubuntu kernel: [   61.562104] cpu_do_switch_mm:283 cpu_do_switch_mm mm=ffff0004dc7e8c00, pgd=ffff0004dcd2a000, pgd_phys=51cd2a000
Dec  3 12:51:59 ubuntu kernel: [   61.562155] cpu_do_switch_mm:283 cpu_do_switch_mm mm=ffff0004dc7e8c00, pgd=ffff0004dcd2a000, pgd_phys=51cd2a000
Dec  3 12:51:59 ubuntu kernel: [   61.562194] cpu_do_switch_mm:283 cpu_do_switch_mm mm=ffff0004dc7e8c00, pgd=ffff0004dcd2a000, pgd_phys=51cd2a000
Dec  3 12:51:59 ubuntu kernel: [   61.562258] cpu_do_switch_mm:283 cpu_do_switch_mm mm=ffff0004dc7e8c00, pgd=ffff0004dcd2a000, pgd_phys=51cd2a000
Dec  3 12:51:59 ubuntu kernel: [   61.562285] cpu_do_switch_mm:283 cpu_do_switch_mm mm=ffff0004dc7e8c00, pgd=ffff0004dcd2a000, pgd_phys=51cd2a000
Dec  3 12:51:59 ubuntu kernel: [   61.562299] cpu_do_switch_mm:283 cpu_do_switch_mm mm=ffff0004dc7e8c00, pgd=ffff0004dcd2a000, pgd_phys=51cd2a000
Dec  3 12:51:59 ubuntu kernel: [   61.562322] cpu_do_switch_mm:283 cpu_do_switch_mm mm=ffff0004dc7e8c00, pgd=ffff0004dcd2a000, pgd_phys=51cd2a000
Dec  3 12:51:59 ubuntu kernel: [   61.562359] cpu_do_switch_mm:283 cpu_do_switch_mm mm=ffff0004dc7e8c00, pgd=ffff0004dcd2a000, pgd_phys=51cd2a000
Dec  3 12:51:59 ubuntu kernel: [   61.562653] cpu_do_switch_mm:283 cpu_do_switch_mm mm=ffff0004dc7e8c00, pgd=ffff0004dcd2a000, pgd_phys=51cd2a000
Dec  3 12:51:59 ubuntu kernel: [   61.562710] cpu_do_switch_mm:283 cpu_do_switch_mm mm=ffff0004dc7e8c00, pgd=ffff0004dcd2a000, pgd_phys=51cd2a000
Dec  3 12:51:59 ubuntu kernel: [   61.562731] cpu_do_switch_mm:283 cpu_do_switch_mm mm=ffff0004dc7e8c00, pgd=ffff0004dcd2a000, pgd_phys=51cd2a000
Dec  3 12:51:59 ubuntu kernel: [   61.562921] cpu_do_switch_mm:283 cpu_do_switch_mm mm=ffff0004dc7e8c00, pgd=ffff0004dcd2a000, pgd_phys=51cd2a000
Dec  3 12:51:59 ubuntu kernel: [   61.563118] cpu_do_switch_mm:283 cpu_do_switch_mm mm=ffff0004dc7e8c00, pgd=ffff0004dcd2a000, pgd_phys=51cd2a000
Dec  3 12:51:59 ubuntu kernel: [   61.563128] cpu_do_switch_mm:283 cpu_do_switch_mm mm=ffff0004dc7e8c00, pgd=ffff0004dcd2a000, pgd_phys=51cd2a000
Dec  3 12:51:59 ubuntu kernel: [   61.563141] cpu_do_switch_mm:283 cpu_do_switch_mm mm=ffff0004dc7e8c00, pgd=ffff0004dcd2a000, pgd_phys=51cd2a000
Dec  3 12:51:59 ubuntu kernel: [   61.563150] cpu_do_switch_mm:283 cpu_do_switch_mm mm=ffff0004dc7e8c00, pgd=ffff0004dcd2a000, pgd_phys=51cd2a000
Dec  3 12:51:59 ubuntu kernel: [   61.563153] cpu_do_switch_mm:283 cpu_do_switch_mm mm=ffff0004dc7e8c00, pgd=ffff0004dcd2a000, pgd_phys=51cd2a000
Dec  3 12:51:59 ubuntu kernel: [   61.563155] cpu_do_switch_mm:283 cpu_do_switch_mm mm=ffff0004dc7e8c00, pgd=ffff0004dcd2a000, pgd_phys=51cd2a000
Dec  3 12:51:59 ubuntu kernel: [   61.563177] cpu_do_switch_mm:283 cpu_do_switch_mm mm=ffff0004dc7e8c00, pgd=ffff0004dcd2a000, pgd_phys=51cd2a000
Dec  3 12:51:59 ubuntu kernel: [   61.563204] cpu_do_switch_mm:283 cpu_do_switch_mm mm=ffff0004dc7e8c00, pgd=ffff0004dcd2a000, pgd_phys=51cd2a000
Dec  3 12:51:59 ubuntu kernel: [   61.563233] cpu_do_switch_mm:283 cpu_do_switch_mm mm=ffff0004dc7e8c00, pgd=ffff0004dcd2a000, pgd_phys=51cd2a000
Dec  3 12:51:59 ubuntu kernel: [   61.563236] cpu_do_switch_mm:283 cpu_do_switch_mm mm=ffff0004dc7e8c00, pgd=ffff0004dcd2a000, pgd_phys=51cd2a000
Dec  3 12:51:59 ubuntu kernel: [   61.563248] cpu_do_switch_mm:283 cpu_do_switch_mm mm=ffff0004dc7e8c00, pgd=ffff0004dcd2a000, pgd_phys=51cd2a000
Dec  3 12:51:59 ubuntu kernel: [   61.563253] cpu_do_switch_mm:283 cpu_do_switch_mm mm=ffff0004dc7e8c00, pgd=ffff0004dcd2a000, pgd_phys=51cd2a000
Dec  3 12:51:59 ubuntu kernel: [   61.563260] cpu_do_switch_mm:283 cpu_do_switch_mm mm=ffff0004dc7e8c00, pgd=ffff0004dcd2a000, pgd_phys=51cd2a000
Dec  3 12:51:59 ubuntu kernel: [   61.563276] cpu_do_switch_mm:283 cpu_do_switch_mm mm=ffff0004dc7e8c00, pgd=ffff0004dcd2a000, pgd_phys=51cd2a000
Dec  3 12:51:59 ubuntu kernel: [   61.563291] cpu_do_switch_mm:283 cpu_do_switch_mm mm=ffff0004dc7e8c00, pgd=ffff0004dcd2a000, pgd_phys=51cd2a000
Dec  3 12:51:59 ubuntu kernel: [   61.563312] cpu_do_switch_mm:283 cpu_do_switch_mm mm=ffff0004dc7e8c00, pgd=ffff0004dcd2a000, pgd_phys=51cd2a000
Dec  3 12:51:59 ubuntu kernel: [   61.563329] cpu_do_switch_mm:283 cpu_do_switch_mm mm=ffff0004dc7e8c00, pgd=ffff0004dcd2a000, pgd_phys=51cd2a000
Dec  3 12:51:59 ubuntu kernel: [   61.565173] cpu_do_switch_mm:283 cpu_do_switch_mm mm=ffff0004dc7e8c00, pgd=ffff0004dcd2a000, pgd_phys=51cd2a000
Dec  3 12:51:59 ubuntu kernel: [   61.568731] cpu_do_switch_mm:283 cpu_do_switch_mm mm=ffff0004dc7e8c00, pgd=ffff0004dcd2a000, pgd_phys=51cd2a000
Dec  3 12:51:59 ubuntu kernel: [   61.568844] cpu_do_switch_mm:283 cpu_do_switch_mm mm=ffff0004dc7e8c00, pgd=ffff0004dcd2a000, pgd_phys=51cd2a000
Dec  3 12:51:59 ubuntu kernel: [   61.569202] cpu_do_switch_mm:283 cpu_do_switch_mm mm=ffff0004dc7e8c00, pgd=ffff0004dcd2a000, pgd_phys=51cd2a000
Dec  3 12:51:59 ubuntu kernel: [   61.572978] cpu_do_switch_mm:283 cpu_do_switch_mm mm=ffff0004dc7e8c00, pgd=ffff0004dcd2a000, pgd_phys=51cd2a000
Dec  3 12:51:59 ubuntu kernel: [   61.576958] cpu_do_switch_mm:283 cpu_do_switch_mm mm=ffff0004dc7e8c00, pgd=ffff0004dcd2a000, pgd_phys=51cd2a000
Dec  3 12:51:59 ubuntu kernel: [   61.580933] cpu_do_switch_mm:283 cpu_do_switch_mm mm=ffff0004dc7e8c00, pgd=ffff0004dcd2a000, pgd_phys=51cd2a000
Dec  3 12:51:59 ubuntu kernel: [   61.584936] cpu_do_switch_mm:283 cpu_do_switch_mm mm=ffff0004dc7e8c00, pgd=ffff0004dcd2a000, pgd_phys=51cd2a000
Dec  3 12:51:59 ubuntu kernel: [   61.585440] cpu_do_switch_mm:283 cpu_do_switch_mm mm=ffff0004dc7e8c00, pgd=ffff0004dcd2a000, pgd_phys=51cd2a000
Dec  3 12:51:59 ubuntu kernel: [   61.588789] cpu_do_switch_mm:283 cpu_do_switch_mm mm=ffff0004dc7e8c00, pgd=ffff0004dcd2a000, pgd_phys=51cd2a000
Dec  3 12:51:59 ubuntu kernel: [   61.589066] cpu_do_switch_mm:283 cpu_do_switch_mm mm=ffff0004dc7e8c00, pgd=ffff0004dcd2a000, pgd_phys=51cd2a000
Dec  3 12:51:59 ubuntu kernel: [   61.592927] cpu_do_switch_mm:283 cpu_do_switch_mm mm=ffff0004dc7e8c00, pgd=ffff0004dcd2a000, pgd_phys=51cd2a000
Dec  3 12:51:59 ubuntu huawei: Waiting for benchmark to be done
Dec  3 12:51:59 ubuntu kernel: [   61.596876] cpu_do_switch_mm:283 cpu_do_switch_mm mm=ffff0004dc7e8c00, pgd=ffff0004dcd2a000, pgd_phys=51cd2a000
Dec  3 12:51:59 ubuntu kernel: [   61.600527] cpu_do_switch_mm:283 cpu_do_switch_mm mm=ffff0004dc7e8c00, pgd=ffff0004dcd2a000, pgd_phys=51cd2a000
Dec  3 12:51:59 ubuntu kernel: [   61.600870] cpu_do_switch_mm:283 cpu_do_switch_mm mm=ffff0004dc7e8c00, pgd=ffff0004dcd2a000, pgd_phys=51cd2a000
Dec  3 12:51:59 ubuntu kernel: [   61.601330] cpu_do_switch_mm:283 cpu_do_switch_mm mm=ffff0004dc7e8c00, pgd=ffff0004dcd2a000, pgd_phys=51cd2a000
Dec  3 12:51:59 ubuntu kernel: [   61.602757] cpu_do_switch_mm:283 cpu_do_switch_mm mm=ffff0004dc7e8c00, pgd=ffff0004dcd2a000, pgd_phys=51cd2a000
Dec  3 12:51:59 ubuntu kernel: [   61.602927] cpu_do_switch_mm:283 cpu_do_switch_mm mm=ffff0004dc7e8c00, pgd=ffff0004dcd2a000, pgd_phys=51cd2a000
Dec  3 12:51:59 ubuntu kernel: [   61.603207] cpu_do_switch_mm:283 cpu_do_switch_mm mm=ffff0004dc7e8c00, pgd=ffff0004dcd2a000, pgd_phys=51cd2a000
Dec  3 12:51:59 ubuntu kernel: [   61.603459] cpu_do_switch_mm:283 cpu_do_switch_mm mm=ffff0004dc7e8c00, pgd=ffff0004dcd2a000, pgd_phys=51cd2a000
Dec  3 12:51:59 ubuntu kernel: [   61.604861] cpu_do_switch_mm:283 cpu_do_switch_mm mm=ffff0004dc7e8c00, pgd=ffff0004dcd2a000, pgd_phys=51cd2a000
Dec  3 12:51:59 ubuntu kernel: [   61.604998] cpu_do_switch_mm:283 cpu_do_switch_mm mm=ffff0004dc7e8c00, pgd=ffff0004dcd2a000, pgd_phys=51cd2a000
Dec  3 12:51:59 ubuntu kernel: [   61.608855] cpu_do_switch_mm:283 cpu_do_switch_mm mm=ffff0004dc7e8c00, pgd=ffff0004dcd2a000, pgd_phys=51cd2a000
Dec  3 12:51:59 ubuntu kernel: [   61.608994] cpu_do_switch_mm:283 cpu_do_switch_mm mm=ffff0004dc7e8c00, pgd=ffff0004dcd2a000, pgd_phys=51cd2a000
Dec  3 12:51:59 ubuntu kernel: [   61.612854] cpu_do_switch_mm:283 cpu_do_switch_mm mm=ffff0004dc7e8c00, pgd=ffff0004dcd2a000, pgd_phys=51cd2a000
Dec  3 12:51:59 ubuntu kernel: [   61.612971] cpu_do_switch_mm:283 cpu_do_switch_mm mm=ffff0004dc7e8c00, pgd=ffff0004dcd2a000, pgd_phys=51cd2a000
Dec  3 12:51:59 ubuntu kernel: [   61.616854] cpu_do_switch_mm:283 cpu_do_switch_mm mm=ffff0004dc7e8c00, pgd=ffff0004dcd2a000, pgd_phys=51cd2a000
Dec  3 12:51:59 ubuntu kernel: [   61.616920] cpu_do_switch_mm:283 cpu_do_switch_mm mm=ffff0004dc7e8c00, pgd=ffff0004dcd2a000, pgd_phys=51cd2a000
Dec  3 12:51:59 ubuntu kernel: [   61.617123] cpu_do_switch_mm:283 cpu_do_switch_mm mm=ffff0004dc7e8c00, pgd=ffff0004dcd2a000, pgd_phys=51cd2a000
Dec  3 12:51:59 ubuntu kernel: [   61.617339] cpu_do_switch_mm:283 cpu_do_switch_mm mm=ffff0004dc7e8c00, pgd=ffff0004dcd2a000, pgd_phys=51cd2a000
Dec  3 12:51:59 ubuntu kernel: [   61.617567] cpu_do_switch_mm:283 cpu_do_switch_mm mm=ffff0004dc7e8c00, pgd=ffff0004dcd2a000, pgd_phys=51cd2a000
Dec  3 12:51:59 ubuntu kernel: [   61.617593] cpu_do_switch_mm:283 cpu_do_switch_mm mm=ffff0004dc7e8c00, pgd=ffff0004dcd2a000, pgd_phys=51cd2a000
Dec  3 12:51:59 ubuntu kernel: [   61.617769] cpu_do_switch_mm:283 cpu_do_switch_mm mm=ffff0004dc7e8c00, pgd=ffff0004dcd2a000, pgd_phys=51cd2a000
Dec  3 12:51:59 ubuntu kernel: [   61.618343] cpu_do_switch_mm:283 cpu_do_switch_mm mm=ffff0004dc7e8c00, pgd=ffff0004dcd2a000, pgd_phys=51cd2a000
Dec  3 12:51:59 ubuntu kernel: [   61.618373] cpu_do_switch_mm:283 cpu_do_switch_mm mm=ffff0004dc7e8c00, pgd=ffff0004dcd2a000, pgd_phys=51cd2a000
Dec  3 12:51:59 ubuntu kernel: [   61.618474] cpu_do_switch_mm:283 cpu_do_switch_mm mm=ffff0004dc7e8c00, pgd=ffff0004dcd2a000, pgd_phys=51cd2a000
Dec  3 12:51:59 ubuntu kernel: [   61.618513] cpu_do_switch_mm:283 cpu_do_switch_mm mm=ffff0004dc7e8c00, pgd=ffff0004dcd2a000, pgd_phys=51cd2a000
Dec  3 12:51:59 ubuntu kernel: [   61.618523] cpu_do_switch_mm:283 cpu_do_switch_mm mm=ffff0004dc7e8c00, pgd=ffff0004dcd2a000, pgd_phys=51cd2a000
Dec  3 12:51:59 ubuntu kernel: [   61.618660] cpu_do_switch_mm:283 cpu_do_switch_mm mm=ffff0004dc7e8c00, pgd=ffff0004dcd2a000, pgd_phys=51cd2a000
Dec  3 12:51:59 ubuntu kernel: [   61.618912] cpu_do_switch_mm:283 cpu_do_switch_mm mm=ffff0004dc7e8c00, pgd=ffff0004dcd2a000, pgd_phys=51cd2a000
Dec  3 12:51:59 ubuntu kernel: [   61.619779] cpu_do_switch_mm:283 cpu_do_switch_mm mm=ffff0004dc7e8c00, pgd=ffff0004dcd2a000, pgd_phys=51cd2a000
Dec  3 12:51:59 ubuntu kernel: [   61.619934] cpu_do_switch_mm:283 cpu_do_switch_mm mm=ffff0004dc7e8c00, pgd=ffff0004dcd2a000, pgd_phys=51cd2a000
Dec  3 12:51:59 ubuntu kernel: [   61.620301] cpu_do_switch_mm:283 cpu_do_switch_mm mm=ffff0004dc7e8c00, pgd=ffff0004dcd2a000, pgd_phys=51cd2a000
Dec  3 12:51:59 ubuntu kernel: [   61.620857] cpu_do_switch_mm:283 cpu_do_switch_mm mm=ffff0004dc7e8c00, pgd=ffff0004dcd2a000, pgd_phys=51cd2a000
Dec  3 12:51:59 ubuntu kernel: [   61.621052] cpu_do_switch_mm:283 cpu_do_switch_mm mm=ffff0004dc7e8c00, pgd=ffff0004dcd2a000, pgd_phys=51cd2a000
Dec  3 12:51:59 ubuntu kernel: [   61.624871] cpu_do_switch_mm:283 cpu_do_switch_mm mm=ffff0004dc7e8c00, pgd=ffff0004dcd2a000, pgd_phys=51cd2a000
Dec  3 12:51:59 ubuntu kernel: [   61.627256] cpu_do_switch_mm:283 cpu_do_switch_mm mm=ffff0004dc7e8c00, pgd=ffff0004dcd2a000, pgd_phys=51cd2a000
Dec  3 12:51:59 ubuntu kernel: [   61.627333] cpu_do_switch_mm:283 cpu_do_switch_mm mm=ffff0004dc7e8c00, pgd=ffff0004dcd2a000, pgd_phys=51cd2a000
Dec  3 12:51:59 ubuntu kernel: [   61.627837] cpu_do_switch_mm:283 cpu_do_switch_mm mm=ffff0004dc7e8c00, pgd=ffff0004dcd2a000, pgd_phys=51cd2a000
Dec  3 12:51:59 ubuntu kernel: [   61.627962] cpu_do_switch_mm:283 cpu_do_switch_mm mm=ffff0004dc7e8c00, pgd=ffff0004dcd2a000, pgd_phys=51cd2a000
Dec  3 12:51:59 ubuntu kernel: [   61.628156] cpu_do_switch_mm:283 cpu_do_switch_mm mm=ffff0004dc7e8c00, pgd=ffff0004dcd2a000, pgd_phys=51cd2a000
Dec  3 12:51:59 ubuntu kernel: [   61.628855] cpu_do_switch_mm:283 cpu_do_switch_mm mm=ffff0004dc7e8c00, pgd=ffff0004dcd2a000, pgd_phys=51cd2a000
Dec  3 12:51:59 ubuntu kernel: [   61.628979] cpu_do_switch_mm:283 cpu_do_switch_mm mm=ffff0004dc7e8c00, pgd=ffff0004dcd2a000, pgd_phys=51cd2a000
Dec  3 12:51:59 ubuntu kernel: [   61.632849] cpu_do_switch_mm:283 cpu_do_switch_mm mm=ffff0004dc7e8c00, pgd=ffff0004dcd2a000, pgd_phys=51cd2a000
Dec  3 12:51:59 ubuntu kernel: [   61.632968] cpu_do_switch_mm:283 cpu_do_switch_mm mm=ffff0004dc7e8c00, pgd=ffff0004dcd2a000, pgd_phys=51cd2a000
Dec  3 12:51:59 ubuntu kernel: [   61.636847] cpu_do_switch_mm:283 cpu_do_switch_mm mm=ffff0004dc7e8c00, pgd=ffff0004dcd2a000, pgd_phys=51cd2a000
Dec  3 12:51:59 ubuntu kernel: [   61.636940] cpu_do_switch_mm:283 cpu_do_switch_mm mm=ffff0004dc7e8c00, pgd=ffff0004dcd2a000, pgd_phys=51cd2a000
Dec  3 12:51:59 ubuntu kernel: [   61.640868] cpu_do_switch_mm:283 cpu_do_switch_mm mm=ffff0004dc7e8c00, pgd=ffff0004dcd2a000, pgd_phys=51cd2a000
Dec  3 12:51:59 ubuntu kernel: [   61.640899] cpu_do_switch_mm:283 cpu_do_switch_mm mm=ffff0004dc7e8c00, pgd=ffff0004dcd2a000, pgd_phys=51cd2a000
Dec  3 12:51:59 ubuntu kernel: [   61.641043] cpu_do_switch_mm:283 cpu_do_switch_mm mm=ffff0004dc7e8c00, pgd=ffff0004dcd2a000, pgd_phys=51cd2a000
Dec  3 12:51:59 ubuntu kernel: [   61.641062] cpu_do_switch_mm:283 cpu_do_switch_mm mm=ffff0004dc7e8c00, pgd=ffff0004dcd2a000, pgd_phys=51cd2a000
Dec  3 12:51:59 ubuntu kernel: [   61.641163] cpu_do_switch_mm:283 cpu_do_switch_mm mm=ffff0004dc7e8c00, pgd=ffff0004dcd2a000, pgd_phys=51cd2a000
Dec  3 12:51:59 ubuntu kernel: [   61.641341] cpu_do_switch_mm:283 cpu_do_switch_mm mm=ffff0004dc7e8c00, pgd=ffff0004dcd2a000, pgd_phys=51cd2a000
Dec  3 12:51:59 ubuntu kernel: [   61.641477] cpu_do_switch_mm:283 cpu_do_switch_mm mm=ffff0004dc7e8c00, pgd=ffff0004dcd2a000, pgd_phys=51cd2a000
Dec  3 12:51:59 ubuntu kernel: [   61.641647] cpu_do_switch_mm:283 cpu_do_switch_mm mm=ffff0004dc7e8c00, pgd=ffff0004dcd2a000, pgd_phys=51cd2a000
Dec  3 12:51:59 ubuntu kernel: [   61.641705] cpu_do_switch_mm:283 cpu_do_switch_mm mm=ffff0004dc7e8c00, pgd=ffff0004dcd2a000, pgd_phys=51cd2a000
Dec  3 12:51:59 ubuntu kernel: [   61.641835] cpu_do_switch_mm:283 cpu_do_switch_mm mm=ffff0004dc7e8c00, pgd=ffff0004dcd2a000, pgd_phys=51cd2a000
Dec  3 12:51:59 ubuntu kernel: [   61.641850] cpu_do_switch_mm:283 cpu_do_switch_mm mm=ffff0004dc7e8c00, pgd=ffff0004dcd2a000, pgd_phys=51cd2a000
Dec  3 12:51:59 ubuntu kernel: [   61.641955] cpu_do_switch_mm:283 cpu_do_switch_mm mm=ffff0004dc7e8c00, pgd=ffff0004dcd2a000, pgd_phys=51cd2a000
Dec  3 12:51:59 ubuntu kernel: [   61.642113] cpu_do_switch_mm:283 cpu_do_switch_mm mm=ffff0004dc7e8c00, pgd=ffff0004dcd2a000, pgd_phys=51cd2a000
Dec  3 12:51:59 ubuntu kernel: [   61.642210] cpu_do_switch_mm:283 cpu_do_switch_mm mm=ffff0004dc7e8c00, pgd=ffff0004dcd2a000, pgd_phys=51cd2a000
Dec  3 12:51:59 ubuntu kernel: [   61.642349] cpu_do_switch_mm:283 cpu_do_switch_mm mm=ffff0004dc7e8c00, pgd=ffff0004dcd2a000, pgd_phys=51cd2a000
Dec  3 12:51:59 ubuntu kernel: [   61.642366] cpu_do_switch_mm:283 cpu_do_switch_mm mm=ffff0004dc7e8c00, pgd=ffff0004dcd2a000, pgd_phys=51cd2a000
Dec  3 12:51:59 ubuntu kernel: [   61.642567] cpu_do_switch_mm:283 cpu_do_switch_mm mm=ffff0004dc7e8c00, pgd=ffff0004dcd2a000, pgd_phys=51cd2a000
Dec  3 12:51:59 ubuntu kernel: [   61.642735] cpu_do_switch_mm:283 cpu_do_switch_mm mm=ffff0004dc7e8c00, pgd=ffff0004dcd2a000, pgd_phys=51cd2a000
Dec  3 12:51:59 ubuntu kernel: [   61.642942] cpu_do_switch_mm:283 cpu_do_switch_mm mm=ffff0004dc7e8c00, pgd=ffff0004dcd2a000, pgd_phys=51cd2a000
Dec  3 12:51:59 ubuntu kernel: [   61.643022] cpu_do_switch_mm:283 cpu_do_switch_mm mm=ffff0004dc7e8c00, pgd=ffff0004dcd2a000, pgd_phys=51cd2a000
Dec  3 12:51:59 ubuntu kernel: [   61.643099] cpu_do_switch_mm:283 cpu_do_switch_mm mm=ffff0004dc7e8c00, pgd=ffff0004dcd2a000, pgd_phys=51cd2a000
Dec  3 12:51:59 ubuntu kernel: [   61.643259] cpu_do_switch_mm:283 cpu_do_switch_mm mm=ffff0004dc7e8c00, pgd=ffff0004dcd2a000, pgd_phys=51cd2a000
Dec  3 12:51:59 ubuntu kernel: [   61.643516] cpu_do_switch_mm:283 cpu_do_switch_mm mm=ffff0004dc7e8c00, pgd=ffff0004dcd2a000, pgd_phys=51cd2a000
Dec  3 12:51:59 ubuntu kernel: [   61.643661] cpu_do_switch_mm:283 cpu_do_switch_mm mm=ffff0004dc7e8c00, pgd=ffff0004dcd2a000, pgd_phys=51cd2a000
Dec  3 12:51:59 ubuntu kernel: [   61.643713] cpu_do_switch_mm:283 cpu_do_switch_mm mm=ffff0004dc7e8c00, pgd=ffff0004dcd2a000, pgd_phys=51cd2a000
Dec  3 12:51:59 ubuntu kernel: [   61.643847] cpu_do_switch_mm:283 cpu_do_switch_mm mm=ffff0004dc7e8c00, pgd=ffff0004dcd2a000, pgd_phys=51cd2a000
Dec  3 12:51:59 ubuntu kernel: [   61.643943] cpu_do_switch_mm:283 cpu_do_switch_mm mm=ffff0004dc7e8c00, pgd=ffff0004dcd2a000, pgd_phys=51cd2a000
Dec  3 12:51:59 ubuntu kernel: [   61.643975] cpu_do_switch_mm:283 cpu_do_switch_mm mm=ffff0004dc7e8c00, pgd=ffff0004dcd2a000, pgd_phys=51cd2a000
Dec  3 12:51:59 ubuntu kernel: [   61.643994] cpu_do_switch_mm:283 cpu_do_switch_mm mm=ffff0004dc7e8c00, pgd=ffff0004dcd2a000, pgd_phys=51cd2a000
Dec  3 12:51:59 ubuntu kernel: [   61.644863] cpu_do_switch_mm:283 cpu_do_switch_mm mm=ffff0004dc7e8c00, pgd=ffff0004dcd2a000, pgd_phys=51cd2a000
Dec  3 12:51:59 ubuntu kernel: [   61.645031] cpu_do_switch_mm:283 cpu_do_switch_mm mm=ffff0004dc7e8c00, pgd=ffff0004dcd2a000, pgd_phys=51cd2a000
Dec  3 12:51:59 ubuntu kernel: [   61.645344] cpu_do_switch_mm:283 cpu_do_switch_mm mm=ffff0004dc7e8c00, pgd=ffff0004dcd2a000, pgd_phys=51cd2a000
Dec  3 12:51:59 ubuntu kernel: [   61.645376] cpu_do_switch_mm:283 cpu_do_switch_mm mm=ffff0004dc7e8c00, pgd=ffff0004dcd2a000, pgd_phys=51cd2a000
Dec  3 12:51:59 ubuntu kernel: [   61.647216] cpu_do_switch_mm:283 cpu_do_switch_mm mm=ffff0004dc7e8c00, pgd=ffff0004dcd2a000, pgd_phys=51cd2a000
Dec  3 12:51:59 ubuntu kernel: [   61.648858] cpu_do_switch_mm:283 cpu_do_switch_mm mm=ffff0004dc7e8c00, pgd=ffff0004dcd2a000, pgd_phys=51cd2a000
Dec  3 12:51:59 ubuntu kernel: [   61.649094] cpu_do_switch_mm:283 cpu_do_switch_mm mm=ffff0004dc7e8c00, pgd=ffff0004dcd2a000, pgd_phys=51cd2a000
Dec  3 12:51:59 ubuntu kernel: [   61.652855] cpu_do_switch_mm:283 cpu_do_switch_mm mm=ffff0004dc7e8c00, pgd=ffff0004dcd2a000, pgd_phys=51cd2a000
Dec  3 12:51:59 ubuntu kernel: [   61.652976] cpu_do_switch_mm:283 cpu_do_switch_mm mm=ffff0004dc7e8c00, pgd=ffff0004dcd2a000, pgd_phys=51cd2a000
Dec  3 12:51:59 ubuntu kernel: [   61.656832] cpu_do_switch_mm:283 cpu_do_switch_mm mm=ffff0004dc7e8c00, pgd=ffff0004dcd2a000, pgd_phys=51cd2a000
