Nov 24 21:14:46 ubuntu systemd-modules-load[837]: Inserted module 'iscsi_tcp'
Nov 24 21:14:46 ubuntu systemd-modules-load[837]: Inserted module 'ib_iser'
Nov 24 21:14:46 ubuntu lvm[834]:   2 logical volume(s) in volume group "ubuntu-vg" monitored
Nov 24 21:14:46 ubuntu systemd[1]: Starting Flush Journal to Persistent Storage...
Nov 24 21:14:46 ubuntu systemd[1]: Started Flush Journal to Persistent Storage.
Nov 24 21:14:46 ubuntu systemd[1]: Found device /dev/ttyAMA0.
Nov 24 21:14:46 ubuntu systemd-udevd[910]: link_config: autonegotiation is unset or enabled, the speed and duplex are not writable.
Nov 24 21:14:46 ubuntu systemd[1]: Started udev Coldplug all Devices.
Nov 24 21:14:46 ubuntu systemd-udevd[930]: link_config: autonegotiation is unset or enabled, the speed and duplex are not writable.
Nov 24 21:14:46 ubuntu systemd[1]: Listening on Load/Save RF Kill Switch Status /dev/rfkill Watch.
Nov 24 21:14:46 ubuntu systemd[1]: Started Dispatch Password Requests to Console Directory Watch.
Nov 24 21:14:46 ubuntu systemd[1]: Reached target Local Encrypted Volumes.
Nov 24 21:14:46 ubuntu systemd[1]: Found device /dev/mapper/ubuntu--vg-swap_1.
Nov 24 21:14:46 ubuntu systemd[1]: Activating swap /dev/mapper/ubuntu--vg-swap_1...
Nov 24 21:14:46 ubuntu kernel: [    0.000000] Booting Linux on physical CPU 0x0000000000 [0x481fd010]
Nov 24 21:14:46 ubuntu systemd[1]: Found device QEMU_HARDDISK 1.
Nov 24 21:14:46 ubuntu kernel: [    0.000000] Linux version 5.7.1 (root@ubuntu) (gcc version 7.5.0 (Ubuntu/Linaro 7.5.0-3ubuntu1~18.04), GNU ld (GNU Binutils for Ubuntu) 2.30) #1 SMP Tue Nov 24 20:43:04 CST 2020
Nov 24 21:14:46 ubuntu kernel: [    0.000000] efi: EFI v2.70 by EDK II
Nov 24 21:14:46 ubuntu kernel: [    0.000000] efi:  SMBIOS 3.0=0x53f710000  ACPI 2.0=0x53c020000  MEMATTR=0x53cc7ca98  MEMRESERVE=0x53becd018 
Nov 24 21:14:46 ubuntu systemd[1]: Activated swap /dev/mapper/ubuntu--vg-swap_1.
Nov 24 21:14:46 ubuntu kernel: [    0.000000] cma: Reserved 32 MiB at 0x00000000fe000000
Nov 24 21:14:46 ubuntu systemd[1]: Reached target Swap.
Nov 24 21:14:46 ubuntu kernel: [    0.000000] ACPI: Early table checksum verification disabled
Nov 24 21:14:46 ubuntu kernel: [    0.000000] ACPI: RSDP 0x000000053C020000 000024 (v02 BOCHS )
Nov 24 21:14:46 ubuntu kernel: [    0.000000] ACPI: XSDT 0x000000053BED0000 000054 (v01 BOCHS  BXPCFACP 00000001      01000013)
Nov 24 21:14:46 ubuntu kernel: [    0.000000] ACPI: FACP 0x000000053BE90000 00010C (v05 BOCHS  BXPCFACP 00000001 BXPC 00000001)
Nov 24 21:14:46 ubuntu kernel: [    0.000000] ACPI: DSDT 0x000000053BEA0000 001523 (v02 BOCHS  BXPCDSDT 00000001 BXPC 00000001)
Nov 24 21:14:46 ubuntu kernel: [    0.000000] ACPI: APIC 0x000000053BE80000 0009E8 (v03 BOCHS  BXPCAPIC 00000001 BXPC 00000001)
Nov 24 21:14:46 ubuntu systemd[1]: Starting File System Check on /dev/disk/by-uuid/5EA9-3D4C...
Nov 24 21:14:46 ubuntu kernel: [    0.000000] ACPI: GTDT 0x000000053BE70000 000060 (v02 BOCHS  BXPCGTDT 00000001 BXPC 00000001)
Nov 24 21:14:46 ubuntu kernel: [    0.000000] ACPI: MCFG 0x000000053BE60000 00003C (v01 BOCHS  BXPCMCFG 00000001 BXPC 00000001)
Nov 24 21:14:46 ubuntu kernel: [    0.000000] ACPI: SPCR 0x000000053BE50000 000050 (v02 BOCHS  BXPCSPCR 00000001 BXPC 00000001)
Nov 24 21:14:46 ubuntu systemd[1]: Created slice system-lvm2\x2dpvscan.slice.
Nov 24 21:14:46 ubuntu kernel: [    0.000000] ACPI: IORT 0x000000053BE40000 00007C (v00 BOCHS  BXPCIORT 00000001 BXPC 00000001)
Nov 24 21:14:46 ubuntu systemd[1]: Starting LVM2 PV scan on device 8:2...
Nov 24 21:14:46 ubuntu kernel: [    0.000000] ACPI: SPCR: console: pl011,mmio,0x9000000,9600
Nov 24 21:14:46 ubuntu kernel: [    0.000000] ACPI: NUMA: Failed to initialise from firmware
Nov 24 21:14:46 ubuntu kernel: [    0.000000] NUMA: Faking a node at [mem 0x0000000040000000-0x000000053fffffff]
Nov 24 21:14:46 ubuntu systemd[1]: Started File System Check Daemon to report status.
Nov 24 21:14:46 ubuntu kernel: [    0.000000] NUMA: NODE_DATA [mem 0x53d409300-0x53d40cfff]
Nov 24 21:14:46 ubuntu kernel: [    0.000000] Zone ranges:
Nov 24 21:14:46 ubuntu kernel: [    0.000000]   DMA      [mem 0x0000000040000000-0x000000007fffffff]
Nov 24 21:14:46 ubuntu kernel: [    0.000000]   DMA32    [mem 0x0000000080000000-0x00000000ffffffff]
Nov 24 21:14:46 ubuntu kernel: [    0.000000]   Normal   [mem 0x0000000100000000-0x000000053fffffff]
Nov 24 21:14:46 ubuntu systemd-fsck[1040]: fsck.fat 4.1 (2017-01-24)
Nov 24 21:14:46 ubuntu kernel: [    0.000000] Movable zone start for each node
Nov 24 21:14:46 ubuntu systemd-fsck[1040]: /dev/sda1: 5 files, 41/65501 clusters
Nov 24 21:14:46 ubuntu kernel: [    0.000000] Early memory node ranges
Nov 24 21:14:46 ubuntu systemd[1]: Started File System Check on /dev/disk/by-uuid/5EA9-3D4C.
Nov 24 21:14:46 ubuntu kernel: [    0.000000]   node   0: [mem 0x0000000040000000-0x000000053bedffff]
Nov 24 21:14:46 ubuntu kernel: [    0.000000]   node   0: [mem 0x000000053bee0000-0x000000053bffffff]
Nov 24 21:14:46 ubuntu kernel: [    0.000000]   node   0: [mem 0x000000053c000000-0x000000053c02ffff]
Nov 24 21:14:46 ubuntu systemd[1]: Mounting /boot/efi...
Nov 24 21:14:46 ubuntu kernel: [    0.000000]   node   0: [mem 0x000000053c030000-0x000000053c0affff]
Nov 24 21:14:46 ubuntu kernel: [    0.000000]   node   0: [mem 0x000000053c0b0000-0x000000053f57ffff]
Nov 24 21:14:46 ubuntu kernel: [    0.000000]   node   0: [mem 0x000000053f580000-0x000000053f95ffff]
Nov 24 21:14:46 ubuntu lvm[1041]:   2 logical volume(s) in volume group "ubuntu-vg" now active
Nov 24 21:14:46 ubuntu kernel: [    0.000000]   node   0: [mem 0x000000053f960000-0x000000053fffffff]
Nov 24 21:14:46 ubuntu kernel: [    0.000000] Zeroed struct page in unavailable ranges: 544 pages
Nov 24 21:14:46 ubuntu kernel: [    0.000000] Initmem setup node 0 [mem 0x0000000040000000-0x000000053fffffff]
Nov 24 21:14:46 ubuntu kernel: [    0.000000] On node 0 totalpages: 5242880
Nov 24 21:14:46 ubuntu systemd[1]: Started LVM2 PV scan on device 8:2.
Nov 24 21:14:46 ubuntu kernel: [    0.000000]   DMA zone: 5120 pages used for memmap
Nov 24 21:14:46 ubuntu systemd[1]: Mounted /boot/efi.
Nov 24 21:14:46 ubuntu kernel: [    0.000000]   DMA zone: 0 pages reserved
Nov 24 21:14:46 ubuntu systemd[1]: Reached target Local File Systems.
Nov 24 21:14:46 ubuntu kernel: [    0.000000]   DMA zone: 262144 pages, LIFO batch:63
Nov 24 21:14:46 ubuntu kernel: [    0.000000]   DMA32 zone: 10240 pages used for memmap
Nov 24 21:14:46 ubuntu kernel: [    0.000000]   DMA32 zone: 524288 pages, LIFO batch:63
Nov 24 21:14:46 ubuntu kernel: [    0.000000]   Normal zone: 87040 pages used for memmap
Nov 24 21:14:46 ubuntu systemd[1]: Starting AppArmor initialization...
Nov 24 21:14:46 ubuntu kernel: [    0.000000]   Normal zone: 4456448 pages, LIFO batch:63
Nov 24 21:14:46 ubuntu kernel: [    0.000000] psci: probing for conduit method from ACPI.
Nov 24 21:14:46 ubuntu kernel: [    0.000000] psci: PSCIv1.0 detected in firmware.
Nov 24 21:14:46 ubuntu systemd[1]: Starting Set console font and keymap...
Nov 24 21:14:46 ubuntu kernel: [    0.000000] psci: Using standard PSCI v0.2 function IDs
Nov 24 21:14:46 ubuntu kernel: [    0.000000] psci: Trusted OS migration not required
Nov 24 21:14:46 ubuntu systemd[1]: Starting ebtables ruleset management...
Nov 24 21:14:46 ubuntu kernel: [    0.000000] psci: SMC Calling Convention v1.1
Nov 24 21:14:46 ubuntu kernel: [    0.000000] ACPI: SRAT not present
Nov 24 21:14:46 ubuntu kernel: [    0.000000] percpu: Embedded 33 pages/cpu s94616 r8192 d32360 u135168
Nov 24 21:14:46 ubuntu kernel: [    0.000000] pcpu-alloc: s94616 r8192 d32360 u135168 alloc=33*4096
Nov 24 21:14:46 ubuntu systemd[1]: Starting Tell Plymouth To Write Out Runtime Data...
Nov 24 21:14:46 ubuntu kernel: [    0.000000] pcpu-alloc: [0] 00 [0] 01 [0] 02 [0] 03 [0] 04 [0] 05 [0] 06 [0] 07 
Nov 24 21:14:46 ubuntu systemd[1]: Starting Create Volatile Files and Directories...
Nov 24 21:14:46 ubuntu kernel: [    0.000000] pcpu-alloc: [0] 08 [0] 09 [0] 10 [0] 11 [0] 12 [0] 13 [0] 14 [0] 15 
Nov 24 21:14:46 ubuntu kernel: [    0.000000] pcpu-alloc: [0] 16 [0] 17 [0] 18 [0] 19 [0] 20 [0] 21 [0] 22 [0] 23 
Nov 24 21:14:46 ubuntu kernel: [    0.000000] pcpu-alloc: [0] 24 [0] 25 [0] 26 [0] 27 [0] 28 [0] 29 [0] 30 [0] 31 
Nov 24 21:14:46 ubuntu systemd[1]: Started Set console font and keymap.
Nov 24 21:14:46 ubuntu apparmor[1049]:  * Starting AppArmor profiles
Nov 24 21:14:46 ubuntu systemd[1]: Started Tell Plymouth To Write Out Runtime Data.
Nov 24 21:14:46 ubuntu systemd[1]: Started Create Volatile Files and Directories.
Nov 24 21:14:46 ubuntu kernel: [    0.000000] Detected VIPT I-cache on CPU0
Nov 24 21:14:46 ubuntu systemd[1]: Starting Update UTMP about System Boot/Shutdown...
Nov 24 21:14:46 ubuntu kernel: [    0.000000] CPU features: detected: GIC system register CPU interface
Nov 24 21:14:46 ubuntu systemd[1]: Starting Network Time Synchronization...
Nov 24 21:14:46 ubuntu kernel: [    0.000000] CPU features: detected: Hardware dirty bit management
Nov 24 21:14:46 ubuntu kernel: [    0.000000] Built 1 zonelists, mobility grouping on.  Total pages: 5140480
Nov 24 21:14:46 ubuntu kernel: [    0.000000] Policy zone: Normal
Nov 24 21:14:46 ubuntu systemd[1]: Started Update UTMP about System Boot/Shutdown.
Nov 24 21:14:46 ubuntu kernel: [    0.000000] Kernel command line: BOOT_IMAGE=/boot/vmlinuz-5.7.1 root=/dev/mapper/ubuntu--vg-root ro
Nov 24 21:14:46 ubuntu kernel: [    0.000000] Dentry cache hash table entries: 4194304 (order: 13, 33554432 bytes, linear)
Nov 24 21:14:46 ubuntu kernel: [    0.000000] Inode-cache hash table entries: 2097152 (order: 12, 16777216 bytes, linear)
Nov 24 21:14:46 ubuntu kernel: [    0.000000] mem auto-init: stack:off, heap alloc:on, heap free:off
Nov 24 21:14:46 ubuntu kernel: [    0.000000] software IO TLB: mapped [mem 0x7bfff000-0x7ffff000] (64MB)
Nov 24 21:14:46 ubuntu kernel: [    0.000000] Memory: 20269608K/20971520K available (14204K kernel code, 2354K rwdata, 6868K rodata, 7040K init, 1132K bss, 669144K reserved, 32768K cma-reserved)
Nov 24 21:14:46 ubuntu systemd[1]: Started ebtables ruleset management.
Nov 24 21:14:46 ubuntu kernel: [    0.000000] random: get_random_u64 called from __kmem_cache_create+0x54/0x5d8 with crng_init=0
Nov 24 21:14:46 ubuntu systemd[1]: Reached target Network (Pre).
Nov 24 21:14:46 ubuntu kernel: [    0.000000] SLUB: HWalign=64, Order=0-3, MinObjects=0, CPUs=32, Nodes=1
Nov 24 21:14:46 ubuntu kernel: [    0.000000] ftrace: allocating 46107 entries in 181 pages
Nov 24 21:14:46 ubuntu kernel: [    0.000000] ftrace: allocated 181 pages with 5 groups
Nov 24 21:14:46 ubuntu systemd[1]: Starting Network Service...
Nov 24 21:14:46 ubuntu kernel: [    0.000000] rcu: Hierarchical RCU implementation.
Nov 24 21:14:46 ubuntu systemd[1]: Started Network Time Synchronization.
Nov 24 21:14:46 ubuntu kernel: [    0.000000] rcu: 	RCU restricting CPUs from NR_CPUS=256 to nr_cpu_ids=32.
Nov 24 21:14:46 ubuntu systemd[1]: Reached target System Time Synchronized.
Nov 24 21:14:46 ubuntu kernel: [    0.000000] 	Tasks RCU enabled.
Nov 24 21:14:46 ubuntu systemd-networkd[1097]: Enumeration completed
Nov 24 21:14:46 ubuntu kernel: [    0.000000] rcu: RCU calculated value of scheduler-enlistment delay is 25 jiffies.
Nov 24 21:14:46 ubuntu kernel: [    0.000000] rcu: Adjusting geometry for rcu_fanout_leaf=16, nr_cpu_ids=32
Nov 24 21:14:46 ubuntu kernel: [    0.000000] NR_IRQS: 64, nr_irqs: 64, preallocated irqs: 0
Nov 24 21:14:46 ubuntu kernel: [    0.000000] GICv3: 256 SPIs implemented
Nov 24 21:14:46 ubuntu systemd-timesyncd[1081]: No network connectivity, watching for changes.
Nov 24 21:14:46 ubuntu kernel: [    0.000000] GICv3: 0 Extended SPIs implemented
Nov 24 21:14:46 ubuntu kernel: [    0.000000] GICv3: Distributor has no Range Selector support
Nov 24 21:14:46 ubuntu kernel: [    0.000000] GICv3: 16 PPIs implemented
Nov 24 21:14:46 ubuntu kernel: [    0.000000] GICv3: CPU0: found redistributor 0 region 0:0x00000000080a0000
Nov 24 21:14:46 ubuntu systemd[1]: Started Network Service.
Nov 24 21:14:46 ubuntu kernel: [    0.000000] ACPI: SRAT not present
Nov 24 21:14:46 ubuntu kernel: [    0.000000] ITS [mem 0x08080000-0x0809ffff]
Nov 24 21:14:46 ubuntu systemd-networkd[1097]: lo: Link is not managed by us
Nov 24 21:14:46 ubuntu systemd[1]: Starting Wait for Network to be Configured...
Nov 24 21:14:46 ubuntu kernel: [    0.000000] ITS@0x0000000008080000: allocated 8192 Devices @53ca00000 (indirect, esz 8, psz 64K, shr 1)
Nov 24 21:14:46 ubuntu kernel: [    0.000000] ITS@0x0000000008080000: allocated 8192 Interrupt Collections @53ca10000 (flat, esz 8, psz 64K, shr 1)
Nov 24 21:14:46 ubuntu kernel: [    0.000000] GICv3: using LPI property table @0x000000053ca20000
Nov 24 21:14:46 ubuntu kernel: [    0.000000] GICv3: CPU0: using allocated LPI pending table @0x000000053ca30000
Nov 24 21:14:46 ubuntu systemd[1]: Starting Network Name Resolution...
Nov 24 21:14:46 ubuntu kernel: [    0.000000] arch_timer: cp15 timer(s) running at 100.00MHz (virt).
Nov 24 21:14:46 ubuntu kernel: [    0.000000] clocksource: arch_sys_counter: mask: 0xffffffffffffff max_cycles: 0x171024e7e0, max_idle_ns: 440795205315 ns
Nov 24 21:14:46 ubuntu kernel: [    0.000002] sched_clock: 56 bits at 100MHz, resolution 10ns, wraps every 4398046511100ns
Nov 24 21:14:46 ubuntu apparmor[1049]: Skipping profile in /etc/apparmor.d/disable: usr.sbin.rsyslogd
Nov 24 21:14:46 ubuntu kernel: [    0.000274] Console: colour dummy device 80x25
Nov 24 21:14:46 ubuntu kernel: [    0.000357] ACPI: Core revision 20200326
Nov 24 21:14:46 ubuntu kernel: [    0.000526] Calibrating delay loop (skipped), value calculated using timer frequency.. 200.00 BogoMIPS (lpj=400000)
Nov 24 21:14:46 ubuntu kernel: [    0.000530] pid_max: default: 32768 minimum: 301
Nov 24 21:14:46 ubuntu systemd-networkd-wait-online[1123]: ignoring: lo
Nov 24 21:14:46 ubuntu kernel: [    0.000607] LSM: Security Framework initializing
Nov 24 21:14:46 ubuntu kernel: [    0.000648] Yama: becoming mindful.
Nov 24 21:14:46 ubuntu kernel: [    0.000831] AppArmor: AppArmor initialized
Nov 24 21:14:46 ubuntu kernel: [    0.001359] Mount-cache hash table entries: 65536 (order: 7, 524288 bytes, linear)
Nov 24 21:14:46 ubuntu kernel: [    0.001773] Mountpoint-cache hash table entries: 65536 (order: 7, 524288 bytes, linear)
Nov 24 21:14:46 ubuntu systemd-networkd[1097]: enp1s0: Gained carrier
Nov 24 21:14:46 ubuntu kernel: [    0.003685] ACPI PPTT: No PPTT table found, CPU and cache topology may be inaccurate
Nov 24 21:14:46 ubuntu kernel: [    0.004136] rcu: Hierarchical SRCU implementation.
Nov 24 21:14:46 ubuntu kernel: [    0.005115] Platform MSI: ITS@0x8080000 domain created
Nov 24 21:14:46 ubuntu kernel: [    0.005132] PCI/MSI: ITS@0x8080000 domain created
Nov 24 21:14:46 ubuntu systemd-networkd-wait-online[1123]: ignoring: lo
Nov 24 21:14:46 ubuntu kernel: [    0.005187] Remapping and enabling EFI services.
Nov 24 21:14:46 ubuntu kernel: [    0.005194] [mitosis-origin] pgd_alloc for mm=ffff800011dcda40 and mm->pgd =ffff0004df9ba000.
Nov 24 21:14:46 ubuntu kernel: [    0.006672] smp: Bringing up secondary CPUs ...
Nov 24 21:14:46 ubuntu kernel: [    0.126467] Detected VIPT I-cache on CPU1
Nov 24 21:14:46 ubuntu kernel: [    0.126485] GICv3: CPU1: found redistributor 1 region 0:0x00000000080c0000
Nov 24 21:14:46 ubuntu kernel: [    0.126738] GICv3: CPU1: using allocated LPI pending table @0x000000053ca40000
Nov 24 21:14:46 ubuntu systemd-timesyncd[1081]: Network configuration changed, trying to establish connection.
Nov 24 21:14:46 ubuntu kernel: [    0.126769] CPU1: Booted secondary processor 0x0000000001 [0x481fd010]
Nov 24 21:14:46 ubuntu systemd-networkd-wait-online[1123]: ignoring: lo
Nov 24 21:14:46 ubuntu systemd-resolved[1128]: Positive Trust Anchors:
Nov 24 21:14:46 ubuntu systemd-resolved[1128]: . IN DS 19036 8 2 49aac11d7b6f6446702e54a1607371607a1a41855200fd2ce1cdde32f24e8fb5
Nov 24 21:14:46 ubuntu systemd-resolved[1128]: . IN DS 20326 8 2 e06d44b80b8f1d39a95c0b0d7c65d08458e880409bbc683457104237c7f8ec8d
Nov 24 21:14:46 ubuntu systemd-resolved[1128]: Negative trust anchors: 10.in-addr.arpa 16.172.in-addr.arpa 17.172.in-addr.arpa 18.172.in-addr.arpa 19.172.in-addr.arpa 20.172.in-addr.arpa 21.172.in-addr.arpa 22.172.in-addr.arpa 23.172.in-addr.arpa 24.172.in-addr.arpa 25.172.in-addr.arpa 26.172.in-addr.arpa 27.172.in-addr.arpa 28.172.in-addr.arpa 29.172.in-addr.arpa 30.172.in-addr.arpa 31.172.in-addr.arpa 168.192.in-addr.arpa d.f.ip6.arpa corp home internal intranet lan local private test
Nov 24 21:14:46 ubuntu systemd-resolved[1128]: Using system hostname 'ubuntu'.
Nov 24 21:14:46 ubuntu systemd[1]: Started Network Name Resolution.
Nov 24 21:14:46 ubuntu kernel: [    0.409575] Detected VIPT I-cache on CPU2
Nov 24 21:14:46 ubuntu systemd[1]: Reached target Network.
Nov 24 21:14:46 ubuntu kernel: [    0.409611] GICv3: CPU2: found redistributor 2 region 0:0x00000000080e0000
Nov 24 21:14:46 ubuntu kernel: [    0.409914] GICv3: CPU2: using allocated LPI pending table @0x000000053ca50000
Nov 24 21:14:46 ubuntu kernel: [    0.409965] CPU2: Booted secondary processor 0x0000000002 [0x481fd010]
Nov 24 21:14:46 ubuntu kernel: [    0.693763] Detected VIPT I-cache on CPU3
Nov 24 21:14:46 ubuntu systemd[1]: Reached target Host and Network Name Lookups.
Nov 24 21:14:46 ubuntu kernel: [    0.693798] GICv3: CPU3: found redistributor 3 region 0:0x0000000008100000
Nov 24 21:14:46 ubuntu apparmor[1049]:    ...done.
Nov 24 21:14:46 ubuntu kernel: [    0.694106] GICv3: CPU3: using allocated LPI pending table @0x000000053ca60000
Nov 24 21:14:46 ubuntu systemd[1]: Started AppArmor initialization.
Nov 24 21:14:46 ubuntu kernel: [    0.694156] CPU3: Booted secondary processor 0x0000000003 [0x481fd010]
Nov 24 21:14:46 ubuntu kernel: [    0.967866] Detected VIPT I-cache on CPU4
Nov 24 21:14:46 ubuntu systemd[1]: Reached target System Initialization.
Nov 24 21:14:46 ubuntu kernel: [    0.967887] GICv3: CPU4: found redistributor 4 region 0:0x0000000008120000
Nov 24 21:14:46 ubuntu kernel: [    0.968165] GICv3: CPU4: using allocated LPI pending table @0x000000053ca70000
Nov 24 21:14:46 ubuntu kernel: [    0.968195] CPU4: Booted secondary processor 0x0000000004 [0x481fd010]
Nov 24 21:14:46 ubuntu kernel: [    1.242942] Detected VIPT I-cache on CPU5
Nov 24 21:14:46 ubuntu kernel: [    1.242969] GICv3: CPU5: found redistributor 5 region 0:0x0000000008140000
Nov 24 21:14:46 ubuntu kernel: [    1.243213] GICv3: CPU5: using allocated LPI pending table @0x000000053ca80000
Nov 24 21:14:46 ubuntu kernel: [    1.243247] CPU5: Booted secondary processor 0x0000000005 [0x481fd010]
Nov 24 21:14:46 ubuntu systemd[1]: Starting LXD - unix socket.
Nov 24 21:14:46 ubuntu kernel: [    1.516410] Detected VIPT I-cache on CPU6
Nov 24 21:14:46 ubuntu systemd[1]: Listening on UUID daemon activation socket.
Nov 24 21:14:46 ubuntu kernel: [    1.516460] GICv3: CPU6: found redistributor 6 region 0:0x0000000008160000
Nov 24 21:14:46 ubuntu kernel: [    1.516710] GICv3: CPU6: using allocated LPI pending table @0x000000053ca90000
Nov 24 21:14:46 ubuntu kernel: [    1.516745] CPU6: Booted secondary processor 0x0000000006 [0x481fd010]
Nov 24 21:14:46 ubuntu systemd[1]: Listening on Open-iSCSI iscsid Socket.
Nov 24 21:14:46 ubuntu kernel: [    1.792825] Detected VIPT I-cache on CPU7
Nov 24 21:14:46 ubuntu systemd[1]: Started Daily apt download activities.
Nov 24 21:14:46 ubuntu systemd[1]: Listening on D-Bus System Message Bus Socket.
Nov 24 21:14:46 ubuntu systemd[1]: Starting Socket activation for snappy daemon.
Nov 24 21:14:46 ubuntu kernel: [    1.792858] GICv3: CPU7: found redistributor 7 region 0:0x0000000008180000
Nov 24 21:14:46 ubuntu kernel: [    1.793164] GICv3: CPU7: using allocated LPI pending table @0x000000053caa0000
Nov 24 21:14:46 ubuntu kernel: [    1.793200] CPU7: Booted secondary processor 0x0000000007 [0x481fd010]
Nov 24 21:14:46 ubuntu kernel: [    1.899391] Detected VIPT I-cache on CPU8
Nov 24 21:14:46 ubuntu systemd[1]: Listening on ACPID Listen Socket.
Nov 24 21:14:46 ubuntu kernel: [    1.899447] GICv3: CPU8: found redistributor 8 region 0:0x00000000081a0000
Nov 24 21:14:46 ubuntu kernel: [    1.899815] GICv3: CPU8: using allocated LPI pending table @0x000000053cab0000
Nov 24 21:14:46 ubuntu systemd[1]: Started Daily Cleanup of Temporary Directories.
Nov 24 21:14:46 ubuntu kernel: [    1.899874] CPU8: Booted secondary processor 0x0000000008 [0x481fd010]
Nov 24 21:14:46 ubuntu kernel: [    2.181038] Detected VIPT I-cache on CPU9
Nov 24 21:14:46 ubuntu kernel: [    2.181069] GICv3: CPU9: found redistributor 9 region 0:0x00000000081c0000
Nov 24 21:14:46 ubuntu kernel: [    2.181300] GICv3: CPU9: using allocated LPI pending table @0x000000053cac0000
Nov 24 21:14:46 ubuntu systemd[1]: Started Discard unused blocks once a week.
Nov 24 21:14:46 ubuntu kernel: [    2.181333] CPU9: Booted secondary processor 0x0000000009 [0x481fd010]
Nov 24 21:14:46 ubuntu kernel: [    2.456682] Detected VIPT I-cache on CPU10
Nov 24 21:14:46 ubuntu kernel: [    2.456718] GICv3: CPU10: found redistributor a region 0:0x00000000081e0000
Nov 24 21:14:46 ubuntu systemd[1]: Started Message of the Day.
Nov 24 21:14:46 ubuntu kernel: [    2.456969] GICv3: CPU10: using allocated LPI pending table @0x000000053cad0000
Nov 24 21:14:46 ubuntu systemd[1]: Started Daily apt upgrade and clean activities.
Nov 24 21:14:46 ubuntu kernel: [    2.456999] CPU10: Booted secondary processor 0x000000000a [0x481fd010]
Nov 24 21:14:46 ubuntu systemd[1]: Reached target Timers.
Nov 24 21:14:46 ubuntu systemd[1]: Started ACPI Events Check.
Nov 24 21:14:46 ubuntu kernel: [    2.563548] Detected VIPT I-cache on CPU11
Nov 24 21:14:46 ubuntu systemd[1]: Reached target Paths.
Nov 24 21:14:46 ubuntu kernel: [    2.563620] GICv3: CPU11: found redistributor b region 0:0x0000000008200000
Nov 24 21:14:46 ubuntu kernel: [    2.564000] GICv3: CPU11: using allocated LPI pending table @0x000000053cae0000
Nov 24 21:14:46 ubuntu kernel: [    2.564062] CPU11: Booted secondary processor 0x000000000b [0x481fd010]
Nov 24 21:14:46 ubuntu systemd[1]: Listening on LXD - unix socket.
Nov 24 21:14:46 ubuntu systemd[1]: Listening on Socket activation for snappy daemon.
Nov 24 21:14:46 ubuntu systemd[1]: Reached target Sockets.
Nov 24 21:14:46 ubuntu systemd[1]: Reached target Basic System.
Nov 24 21:14:46 ubuntu kernel: [    2.845939] Detected VIPT I-cache on CPU12
Nov 24 21:14:46 ubuntu systemd[1]: Starting Dispatcher daemon for systemd-networkd...
Nov 24 21:14:46 ubuntu systemd[1]: Started Regular background program processing daemon.
Nov 24 21:14:46 ubuntu kernel: [    2.845981] GICv3: CPU12: found redistributor c region 0:0x0000000008220000
Nov 24 21:14:46 ubuntu kernel: [    2.846204] GICv3: CPU12: using allocated LPI pending table @0x000000053caf0000
Nov 24 21:14:46 ubuntu systemd[1]: Started FUSE filesystem for LXC.
Nov 24 21:14:46 ubuntu kernel: [    2.846235] CPU12: Booted secondary processor 0x000000000c [0x481fd010]
Nov 24 21:14:46 ubuntu systemd[1]: Started D-Bus System Message Bus.
Nov 24 21:14:46 ubuntu kernel: [    3.116207] Detected VIPT I-cache on CPU13
Nov 24 21:14:46 ubuntu cron[1142]: (CRON) INFO (pidfile fd = 3)
Nov 24 21:14:46 ubuntu cron[1142]: (CRON) INFO (Running @reboot jobs)
Nov 24 21:14:46 ubuntu lxcfs[1143]: mount namespace: 5
Nov 24 21:14:46 ubuntu lxcfs[1143]: hierarchies:
Nov 24 21:14:46 ubuntu kernel: [    3.116255] GICv3: CPU13: found redistributor d region 0:0x0000000008240000
Nov 24 21:14:46 ubuntu lxcfs[1143]:   0: fd:   6: devices
Nov 24 21:14:46 ubuntu kernel: [    3.116529] GICv3: CPU13: using allocated LPI pending table @0x000000053cb00000
Nov 24 21:14:46 ubuntu kernel: [    3.116568] CPU13: Booted secondary processor 0x000000000d [0x481fd010]
Nov 24 21:14:46 ubuntu lxcfs[1143]:   1: fd:   7: memory
Nov 24 21:14:46 ubuntu kernel: [    3.396774] Detected VIPT I-cache on CPU14
Nov 24 21:14:46 ubuntu kernel: [    3.396817] GICv3: CPU14: found redistributor e region 0:0x0000000008260000
Nov 24 21:14:46 ubuntu kernel: [    3.397067] GICv3: CPU14: using allocated LPI pending table @0x000000053cb10000
Nov 24 21:14:46 ubuntu lxcfs[1143]:   2: fd:   8: rdma
Nov 24 21:14:46 ubuntu kernel: [    3.397107] CPU14: Booted secondary processor 0x000000000e [0x481fd010]
Nov 24 21:14:46 ubuntu kernel: [    3.510002] Detected VIPT I-cache on CPU15
Nov 24 21:14:46 ubuntu kernel: [    3.510056] GICv3: CPU15: found redistributor f region 0:0x0000000008280000
Nov 24 21:14:46 ubuntu kernel: [    3.510289] GICv3: CPU15: using allocated LPI pending table @0x000000053cb20000
Nov 24 21:14:46 ubuntu kernel: [    3.510325] CPU15: Booted secondary processor 0x000000000f [0x481fd010]
Nov 24 21:14:46 ubuntu lxcfs[1143]:   3: fd:   9: hugetlb
Nov 24 21:14:46 ubuntu kernel: [    3.634078] Detected VIPT I-cache on CPU16
Nov 24 21:14:46 ubuntu lxcfs[1143]:   4: fd:  10: cpuset
Nov 24 21:14:46 ubuntu kernel: [    3.634172] GICv3: CPU16: found redistributor 100 region 0:0x00000000082a0000
Nov 24 21:14:46 ubuntu kernel: [    3.634570] GICv3: CPU16: using allocated LPI pending table @0x000000053cb30000
Nov 24 21:14:46 ubuntu lxcfs[1143]:   5: fd:  11: blkio
Nov 24 21:14:46 ubuntu kernel: [    3.634639] CPU16: Booted secondary processor 0x0000000100 [0x481fd010]
Nov 24 21:14:46 ubuntu kernel: [    3.920333] Detected VIPT I-cache on CPU17
Nov 24 21:14:46 ubuntu kernel: [    3.920380] GICv3: CPU17: found redistributor 101 region 0:0x00000000082c0000
Nov 24 21:14:46 ubuntu kernel: [    3.920640] GICv3: CPU17: using allocated LPI pending table @0x000000053cb40000
Nov 24 21:14:46 ubuntu lxcfs[1143]:   6: fd:  12: perf_event
Nov 24 21:14:46 ubuntu kernel: [    3.920687] CPU17: Booted secondary processor 0x0000000101 [0x481fd010]
Nov 24 21:14:46 ubuntu kernel: [    4.145707] Detected VIPT I-cache on CPU18
Nov 24 21:14:46 ubuntu kernel: [    4.145765] GICv3: CPU18: found redistributor 102 region 0:0x00000000082e0000
Nov 24 21:14:46 ubuntu lxcfs[1143]:   7: fd:  13: freezer
Nov 24 21:14:46 ubuntu kernel: [    4.146046] GICv3: CPU18: using allocated LPI pending table @0x000000053cb50000
Nov 24 21:14:46 ubuntu kernel: [    4.146083] CPU18: Booted secondary processor 0x0000000102 [0x481fd010]
Nov 24 21:14:46 ubuntu kernel: [    4.254257] Detected VIPT I-cache on CPU19
Nov 24 21:14:46 ubuntu kernel: [    4.254324] GICv3: CPU19: found redistributor 103 region 0:0x0000000008300000
Nov 24 21:14:46 ubuntu lxcfs[1143]:   8: fd:  14: net_cls,net_prio
Nov 24 21:14:46 ubuntu kernel: [    4.254570] GICv3: CPU19: using allocated LPI pending table @0x000000053cb60000
Nov 24 21:14:46 ubuntu lxcfs[1143]:   9: fd:  15: pids
Nov 24 21:14:46 ubuntu kernel: [    4.254603] CPU19: Booted secondary processor 0x0000000103 [0x481fd010]
Nov 24 21:14:46 ubuntu kernel: [    4.540013] Detected VIPT I-cache on CPU20
Nov 24 21:14:46 ubuntu kernel: [    4.540063] GICv3: CPU20: found redistributor 104 region 0:0x0000000008320000
Nov 24 21:14:46 ubuntu kernel: [    4.540303] GICv3: CPU20: using allocated LPI pending table @0x000000053cb70000
Nov 24 21:14:46 ubuntu kernel: [    4.540347] CPU20: Booted secondary processor 0x0000000104 [0x481fd010]
Nov 24 21:14:46 ubuntu kernel: [    4.669733] Detected VIPT I-cache on CPU21
Nov 24 21:14:46 ubuntu lxcfs[1143]:  10: fd:  16: cpu,cpuacct
Nov 24 21:14:46 ubuntu kernel: [    4.669878] GICv3: CPU21: found redistributor 105 region 0:0x0000000008340000
Nov 24 21:14:46 ubuntu lxcfs[1143]:  11: fd:  17: name=systemd
Nov 24 21:14:46 ubuntu kernel: [    4.670481] GICv3: CPU21: using allocated LPI pending table @0x000000053cb80000
Nov 24 21:14:46 ubuntu lxcfs[1143]:  12: fd:  18: unified
Nov 24 21:14:46 ubuntu kernel: [    4.670580] CPU21: Booted secondary processor 0x0000000105 [0x481fd010]
Nov 24 21:14:46 ubuntu systemd[1]: Starting Snappy daemon...
Nov 24 21:14:46 ubuntu kernel: [    4.956569] Detected VIPT I-cache on CPU22
Nov 24 21:14:46 ubuntu systemd[1]: Starting Accounts Service...
Nov 24 21:14:46 ubuntu kernel: [    4.956696] GICv3: CPU22: found redistributor 106 region 0:0x0000000008360000
Nov 24 21:14:46 ubuntu kernel: [    4.957122] GICv3: CPU22: using allocated LPI pending table @0x000000053cb90000
Nov 24 21:14:46 ubuntu systemd[1]: Started irqbalance daemon.
Nov 24 21:14:46 ubuntu systemd[1]: Starting Login Service...
Nov 24 21:14:46 ubuntu systemd[1]: Starting System Logging Service...
Nov 24 21:14:46 ubuntu systemd[1]: Starting LSB: Record successful boot for GRUB...
Nov 24 21:14:46 ubuntu kernel: [    4.957199] CPU22: Booted secondary processor 0x0000000106 [0x481fd010]
Nov 24 21:14:46 ubuntu /usr/sbin/irqbalance: IRQ arch_timer(2) guessed as class 0
Nov 24 21:14:46 ubuntu /usr/sbin/irqbalance: IRQ uart-pl011(4) guessed as class 0
Nov 24 21:14:46 ubuntu kernel: [    5.239179] Detected VIPT I-cache on CPU23
Nov 24 21:14:46 ubuntu /usr/sbin/irqbalance: IRQ arm-pmu(42) guessed as class 0
Nov 24 21:14:46 ubuntu /usr/sbin/irqbalance: IRQ ACPI:Event(43) guessed as class 0
Nov 24 21:14:46 ubuntu /usr/sbin/irqbalance: IRQ pciehp(44) guessed as class 0
Nov 24 21:14:46 ubuntu kernel: [    5.239242] GICv3: CPU23: found redistributor 107 region 0:0x0000000008380000
Nov 24 21:14:46 ubuntu kernel: [    5.239490] GICv3: CPU23: using allocated LPI pending table @0x000000053cba0000
Nov 24 21:14:46 ubuntu kernel: [    5.239520] CPU23: Booted secondary processor 0x0000000107 [0x481fd010]
Nov 24 21:14:46 ubuntu /usr/sbin/irqbalance: IRQ pciehp(45) guessed as class 0
Nov 24 21:14:46 ubuntu kernel: [    5.350674] Detected VIPT I-cache on CPU24
Nov 24 21:14:46 ubuntu kernel: [    5.350804] GICv3: CPU24: found redistributor 108 region 0:0x00000000083a0000
Nov 24 21:14:46 ubuntu kernel: [    5.351217] GICv3: CPU24: using allocated LPI pending table @0x000000053cbb0000
Nov 24 21:14:46 ubuntu kernel: [    5.351290] CPU24: Booted secondary processor 0x0000000108 [0x481fd010]
Nov 24 21:14:46 ubuntu kernel: [    5.641016] Detected VIPT I-cache on CPU25
Nov 24 21:14:46 ubuntu kernel: [    5.641082] GICv3: CPU25: found redistributor 109 region 0:0x00000000083c0000
Nov 24 21:14:46 ubuntu /usr/sbin/irqbalance: IRQ pciehp(46) guessed as class 0
Nov 24 21:14:46 ubuntu /usr/sbin/irqbalance: IRQ pciehp(47) guessed as class 0
Nov 24 21:14:46 ubuntu /usr/sbin/irqbalance: IRQ xhci_hcd(48) guessed as class 0
Nov 24 21:14:46 ubuntu kernel: [    5.641278] GICv3: CPU25: using allocated LPI pending table @0x000000053cbc0000
Nov 24 21:14:46 ubuntu /usr/sbin/irqbalance: IRQ xhci_hcd(49) guessed as class 0
Nov 24 21:14:46 ubuntu kernel: [    5.641324] CPU25: Booted secondary processor 0x0000000109 [0x481fd010]
Nov 24 21:14:46 ubuntu /usr/sbin/irqbalance: IRQ xhci_hcd(50) guessed as class 0
Nov 24 21:14:46 ubuntu kernel: [    5.926576] Detected VIPT I-cache on CPU26
Nov 24 21:14:46 ubuntu kernel: [    5.926646] GICv3: CPU26: found redistributor 10a region 0:0x00000000083e0000
Nov 24 21:14:46 ubuntu /usr/sbin/irqbalance: IRQ xhci_hcd(51) guessed as class 0
Nov 24 21:14:46 ubuntu /usr/sbin/irqbalance: IRQ xhci_hcd(52) guessed as class 0
Nov 24 21:14:46 ubuntu /usr/sbin/irqbalance: IRQ xhci_hcd(53) guessed as class 0
Nov 24 21:14:46 ubuntu /usr/sbin/irqbalance: IRQ xhci_hcd(54) guessed as class 0
Nov 24 21:14:46 ubuntu /usr/sbin/irqbalance: IRQ xhci_hcd(55) guessed as class 0
Nov 24 21:14:46 ubuntu /usr/sbin/irqbalance: IRQ xhci_hcd(56) guessed as class 0
Nov 24 21:14:46 ubuntu /usr/sbin/irqbalance: IRQ xhci_hcd(57) guessed as class 0
Nov 24 21:14:46 ubuntu /usr/sbin/irqbalance: IRQ xhci_hcd(58) guessed as class 0
Nov 24 21:14:46 ubuntu /usr/sbin/irqbalance: IRQ xhci_hcd(59) guessed as class 0
Nov 24 21:14:46 ubuntu /usr/sbin/irqbalance: IRQ xhci_hcd(60) guessed as class 0
Nov 24 21:14:46 ubuntu /usr/sbin/irqbalance: IRQ xhci_hcd(61) guessed as class 0
Nov 24 21:14:46 ubuntu /usr/sbin/irqbalance: IRQ xhci_hcd(62) guessed as class 0
Nov 24 21:14:46 ubuntu /usr/sbin/irqbalance: IRQ xhci_hcd(63) guessed as class 0
Nov 24 21:14:46 ubuntu /usr/sbin/irqbalance: IRQ virtio1-config(64) guessed as class 0
Nov 24 21:14:46 ubuntu /usr/sbin/irqbalance: IRQ virtio1-control(65) guessed as class 0
Nov 24 21:14:46 ubuntu /usr/sbin/irqbalance: IRQ virtio1-event(66) guessed as class 0
Nov 24 21:14:46 ubuntu /usr/sbin/irqbalance: IRQ virtio1-request(67) guessed as class 0
Nov 24 21:14:46 ubuntu /usr/sbin/irqbalance: IRQ virtio0-config(68) guessed as class 0
Nov 24 21:14:46 ubuntu /usr/sbin/irqbalance: IRQ virtio0-input.0(69) guessed as class 0
Nov 24 21:14:46 ubuntu /usr/sbin/irqbalance: IRQ virtio0-output.0(70) guessed as class 0
Nov 24 21:14:46 ubuntu systemd[1]: Started Deferred execution scheduler.
Nov 24 21:14:46 ubuntu dbus-daemon[1144]: [system] Activating via systemd: service name='org.freedesktop.PolicyKit1' unit='polkit.service' requested by ':1.3' (uid=0 pid=1148 comm="/usr/lib/accountsservice/accounts-daemon ")
Nov 24 21:14:46 ubuntu systemd[1]: Starting LXD - container startup/shutdown...
Nov 24 21:14:46 ubuntu rsyslogd: imuxsock: Acquired UNIX socket '/run/systemd/journal/syslog' (fd 3) from systemd.  [v8.32.0]
Nov 24 21:14:46 ubuntu rsyslogd: rsyslogd's groupid changed to 106
Nov 24 21:14:46 ubuntu rsyslogd: rsyslogd's userid changed to 102
Nov 24 21:14:46 ubuntu rsyslogd:  [origin software="rsyslogd" swVersion="8.32.0" x-pid="1153" x-info="http://www.rsyslog.com"] start
Nov 24 21:14:46 ubuntu systemd[1]: Started System Logging Service.
Nov 24 21:14:46 ubuntu kernel: [    5.926918] GICv3: CPU26: using allocated LPI pending table @0x000000053cbd0000
Nov 24 21:14:46 ubuntu kernel: [    5.926959] CPU26: Booted secondary processor 0x000000010a [0x481fd010]
Nov 24 21:14:46 ubuntu kernel: [    6.035913] Detected VIPT I-cache on CPU27
Nov 24 21:14:46 ubuntu kernel: [    6.036058] GICv3: CPU27: found redistributor 10b region 0:0x0000000008400000
Nov 24 21:14:46 ubuntu kernel: [    6.036442] GICv3: CPU27: using allocated LPI pending table @0x000000053cbe0000
Nov 24 21:14:46 ubuntu kernel: [    6.036514] CPU27: Booted secondary processor 0x000000010b [0x481fd010]
Nov 24 21:14:46 ubuntu kernel: [    6.318631] Detected VIPT I-cache on CPU28
Nov 24 21:14:46 ubuntu kernel: [    6.318710] GICv3: CPU28: found redistributor 10c region 0:0x0000000008420000
Nov 24 21:14:46 ubuntu kernel: [    6.319023] GICv3: CPU28: using allocated LPI pending table @0x000000053cbf0000
Nov 24 21:14:46 ubuntu kernel: [    6.319059] CPU28: Booted secondary processor 0x000000010c [0x481fd010]
Nov 24 21:14:46 ubuntu kernel: [    6.428278] Detected VIPT I-cache on CPU29
Nov 24 21:14:46 ubuntu kernel: [    6.428426] GICv3: CPU29: found redistributor 10d region 0:0x0000000008440000
Nov 24 21:14:46 ubuntu kernel: [    6.428808] GICv3: CPU29: using allocated LPI pending table @0x000000051f800000
Nov 24 21:14:46 ubuntu kernel: [    6.428873] CPU29: Booted secondary processor 0x000000010d [0x481fd010]
Nov 24 21:14:46 ubuntu kernel: [    6.717123] Detected VIPT I-cache on CPU30
Nov 24 21:14:46 ubuntu kernel: [    6.717196] GICv3: CPU30: found redistributor 10e region 0:0x0000000008460000
Nov 24 21:14:46 ubuntu kernel: [    6.717429] GICv3: CPU30: using allocated LPI pending table @0x000000051f810000
Nov 24 21:14:46 ubuntu kernel: [    6.717468] CPU30: Booted secondary processor 0x000000010e [0x481fd010]
Nov 24 21:14:46 ubuntu kernel: [    7.003878] Detected VIPT I-cache on CPU31
Nov 24 21:14:46 ubuntu kernel: [    7.003958] GICv3: CPU31: found redistributor 10f region 0:0x0000000008480000
Nov 24 21:14:46 ubuntu kernel: [    7.004219] GICv3: CPU31: using allocated LPI pending table @0x000000051f820000
Nov 24 21:14:46 ubuntu kernel: [    7.004264] CPU31: Booted secondary processor 0x000000010f [0x481fd010]
Nov 24 21:14:46 ubuntu kernel: [    7.004478] smp: Brought up 1 node, 32 CPUs
Nov 24 21:14:46 ubuntu kernel: [    7.004589] SMP: Total of 32 processors activated.
Nov 24 21:14:46 ubuntu kernel: [    7.004595] CPU features: detected: Privileged Access Never
Nov 24 21:14:46 ubuntu kernel: [    7.004597] CPU features: detected: LSE atomic instructions
Nov 24 21:14:46 ubuntu kernel: [    7.004600] CPU features: detected: User Access Override
Nov 24 21:14:46 ubuntu kernel: [    7.004604] CPU features: detected: Common not Private translations
Nov 24 21:14:46 ubuntu kernel: [    7.004607] CPU features: detected: Data cache clean to Point of Persistence
Nov 24 21:14:46 ubuntu kernel: [    7.004610] CPU features: detected: RAS Extension Support
Nov 24 21:14:46 ubuntu kernel: [    7.004614] CPU features: detected: CRC32 instructions
Nov 24 21:14:46 ubuntu kernel: [    7.132835] CPU: All CPU(s) started at EL1
Nov 24 21:14:46 ubuntu kernel: [    7.133260] alternatives: patching kernel code
Nov 24 21:14:46 ubuntu kernel: [    7.140980] devtmpfs: initialized
Nov 24 21:14:46 ubuntu kernel: [    7.142720] Registered cp15_barrier emulation handler
Nov 24 21:14:46 ubuntu kernel: [    7.142927] Registered setend emulation handler
Nov 24 21:14:46 ubuntu kernel: [    7.142932] KASLR disabled due to lack of seed
Nov 24 21:14:46 ubuntu kernel: [    7.143812] clocksource: jiffies: mask: 0xffffffff max_cycles: 0xffffffff, max_idle_ns: 7645041785100000 ns
Nov 24 21:14:46 ubuntu kernel: [    7.144273] futex hash table entries: 8192 (order: 7, 524288 bytes, linear)
Nov 24 21:14:46 ubuntu kernel: [    7.145500] pinctrl core: initialized pinctrl subsystem
Nov 24 21:14:46 ubuntu kernel: [    7.146108] thermal_sys: Registered thermal governor 'fair_share'
Nov 24 21:14:46 ubuntu kernel: [    7.146109] thermal_sys: Registered thermal governor 'bang_bang'
Nov 24 21:14:46 ubuntu kernel: [    7.146111] thermal_sys: Registered thermal governor 'step_wise'
Nov 24 21:14:46 ubuntu kernel: [    7.146112] thermal_sys: Registered thermal governor 'user_space'
Nov 24 21:14:46 ubuntu kernel: [    7.146232] SMBIOS 3.0.0 present.
Nov 24 21:14:46 ubuntu kernel: [    7.146237] DMI: QEMU KVM Virtual Machine, BIOS 0.0.0 02/06/2015
Nov 24 21:14:46 ubuntu kernel: [    7.147131] NET: Registered protocol family 16
Nov 24 21:14:46 ubuntu kernel: [    7.149762] DMA: preallocated 256 KiB pool for atomic allocations
Nov 24 21:14:46 ubuntu kernel: [    7.149770] audit: initializing netlink subsys (disabled)
Nov 24 21:14:46 ubuntu kernel: [    7.150187] audit: type=2000 audit(6.844:1): state=initialized audit_enabled=0 res=1
Nov 24 21:14:46 ubuntu kernel: [    7.150859] cpuidle: using governor ladder
Nov 24 21:14:46 ubuntu kernel: [    7.151006] cpuidle: using governor menu
Nov 24 21:14:46 ubuntu kernel: [    7.151097] hw-breakpoint: found 6 breakpoint and 4 watchpoint registers.
Nov 24 21:14:46 ubuntu kernel: [    7.153662] ASID allocator initialised with 65536 entries
Nov 24 21:14:46 ubuntu kernel: [    7.153828] ACPI: bus type PCI registered
Nov 24 21:14:46 ubuntu kernel: [    7.153841] acpiphp: ACPI Hot Plug PCI Controller Driver version: 0.5
Nov 24 21:14:46 ubuntu kernel: [    7.154104] Serial: AMBA PL011 UART driver
Nov 24 21:14:46 ubuntu kernel: [    7.157816] HugeTLB registered 1.00 GiB page size, pre-allocated 0 pages
Nov 24 21:14:46 ubuntu kernel: [    7.157819] HugeTLB registered 32.0 MiB page size, pre-allocated 0 pages
Nov 24 21:14:46 ubuntu kernel: [    7.157820] HugeTLB registered 2.00 MiB page size, pre-allocated 0 pages
Nov 24 21:14:46 ubuntu kernel: [    7.157822] HugeTLB registered 64.0 KiB page size, pre-allocated 0 pages
Nov 24 21:14:46 ubuntu kernel: [    7.174992] ACPI: Added _OSI(Module Device)
Nov 24 21:14:46 ubuntu kernel: [    7.174994] ACPI: Added _OSI(Processor Device)
Nov 24 21:14:46 ubuntu kernel: [    7.174996] ACPI: Added _OSI(3.0 _SCP Extensions)
Nov 24 21:14:46 ubuntu kernel: [    7.174997] ACPI: Added _OSI(Processor Aggregator Device)
Nov 24 21:14:46 ubuntu kernel: [    7.174999] ACPI: Added _OSI(Linux-Dell-Video)
Nov 24 21:14:46 ubuntu kernel: [    7.175001] ACPI: Added _OSI(Linux-Lenovo-NV-HDMI-Audio)
Nov 24 21:14:46 ubuntu kernel: [    7.175003] ACPI: Added _OSI(Linux-HPI-Hybrid-Graphics)
Nov 24 21:14:46 ubuntu kernel: [    7.175868] ACPI: 1 ACPI AML tables successfully acquired and loaded
Nov 24 21:14:46 ubuntu kernel: [    7.176381] ACPI: Interpreter enabled
Nov 24 21:14:46 ubuntu kernel: [    7.176384] ACPI: Using GIC for interrupt routing
Nov 24 21:14:46 ubuntu kernel: [    7.176416] ACPI: MCFG table detected, 1 entries
Nov 24 21:14:46 ubuntu kernel: [    7.180878] ARMH0011:00: ttyAMA0 at MMIO 0x9000000 (irq = 4, base_baud = 0) is a SBSA
Nov 24 21:14:46 ubuntu kernel: [    7.341680] printk: console [ttyAMA0] enabled
Nov 24 21:14:46 ubuntu kernel: [    7.344198] ACPI: PCI Root Bridge [PCI0] (domain 0000 [bus 00-0f])
Nov 24 21:14:46 ubuntu kernel: [    7.344914] acpi PNP0A08:00: _OSC: OS supports [ExtendedConfig ASPM ClockPM Segments MSI HPX-Type3]
Nov 24 21:14:46 ubuntu kernel: [    7.346003] acpi PNP0A08:00: _OSC: platform does not support [SHPCHotplug LTR]
Nov 24 21:14:46 ubuntu kernel: [    7.346813] acpi PNP0A08:00: _OSC: OS now controls [PCIeHotplug PME AER PCIeCapability]
Nov 24 21:14:46 ubuntu kernel: [    7.347951] acpi PNP0A08:00: ECAM area [mem 0x3f000000-0x3fffffff] reserved by PNP0C02:00
Nov 24 21:14:46 ubuntu kernel: [    7.348799] acpi PNP0A08:00: ECAM at [mem 0x3f000000-0x3fffffff] for [bus 00-0f]
Nov 24 21:14:46 ubuntu kernel: [    7.349682] Remapped I/O 0x000000003eff0000 to [io  0x0000-0xffff window]
Nov 24 21:14:46 ubuntu kernel: [    7.350588] PCI host bridge to bus 0000:00
Nov 24 21:14:46 ubuntu kernel: [    7.351003] pci_bus 0000:00: root bus resource [mem 0x10000000-0x3efeffff window]
Nov 24 21:14:46 ubuntu kernel: [    7.351736] pci_bus 0000:00: root bus resource [io  0x0000-0xffff window]
Nov 24 21:14:46 ubuntu kernel: [    7.352399] pci_bus 0000:00: root bus resource [mem 0x8000000000-0xffffffffff window]
Nov 24 21:14:46 ubuntu kernel: [    7.353177] pci_bus 0000:00: root bus resource [bus 00-0f]
Nov 24 21:14:46 ubuntu kernel: [    7.353793] pci 0000:00:00.0: [1b36:0008] type 00 class 0x060000
Nov 24 21:14:46 ubuntu kernel: [    7.354775] pci 0000:00:01.0: [1b36:000c] type 01 class 0x060400
Nov 24 21:14:46 ubuntu kernel: [    7.356831] pci 0000:00:01.0: reg 0x10: [mem 0x10303000-0x10303fff]
Nov 24 21:14:46 ubuntu kernel: [    7.359956] pci 0000:00:01.1: [1b36:000c] type 01 class 0x060400
Nov 24 21:14:46 ubuntu kernel: [    7.361817] pci 0000:00:01.1: reg 0x10: [mem 0x10302000-0x10302fff]
Nov 24 21:14:46 ubuntu kernel: [    7.365132] pci 0000:00:01.2: [1b36:000c] type 01 class 0x060400
Nov 24 21:14:46 ubuntu kernel: [    7.369458] pci 0000:00:01.2: reg 0x10: [mem 0x10301000-0x10301fff]
Nov 24 21:14:46 ubuntu kernel: [    7.372663] pci 0000:00:01.3: [1b36:000c] type 01 class 0x060400
Nov 24 21:14:46 ubuntu kernel: [    7.374962] pci 0000:00:01.3: reg 0x10: [mem 0x10300000-0x10300fff]
Nov 24 21:14:46 ubuntu kernel: [    7.380854] pci 0000:01:00.0: [1af4:1041] type 00 class 0x020000
Nov 24 21:14:46 ubuntu kernel: [    7.383487] pci 0000:01:00.0: reg 0x14: [mem 0x10200000-0x10200fff]
Nov 24 21:14:46 ubuntu kernel: [    7.386710] pci 0000:01:00.0: reg 0x20: [mem 0x8000000000-0x8000003fff 64bit pref]
Nov 24 21:14:46 ubuntu kernel: [    7.388434] pci 0000:01:00.0: reg 0x30: [mem 0xfff80000-0xffffffff pref]
Nov 24 21:14:46 ubuntu kernel: [    7.391633] pci 0000:02:00.0: [1b36:000d] type 00 class 0x0c0330
Nov 24 21:14:46 ubuntu kernel: [    7.392286] pci 0000:02:00.0: reg 0x10: [mem 0x10100000-0x10103fff 64bit]
Nov 24 21:14:46 ubuntu kernel: [    7.394106] pci 0000:03:00.0: [1af4:1048] type 00 class 0x010000
Nov 24 21:14:46 ubuntu kernel: [    7.396089] pci 0000:03:00.0: reg 0x14: [mem 0x10000000-0x10000fff]
Nov 24 21:14:46 ubuntu kernel: [    7.399155] pci 0000:03:00.0: reg 0x20: [mem 0x8000100000-0x8000103fff 64bit pref]
Nov 24 21:14:46 ubuntu kernel: [    7.406386] pci 0000:00:01.0: bridge window [io  0x1000-0x0fff] to [bus 01] add_size 1000
Nov 24 21:14:46 ubuntu kernel: [    7.407362] pci 0000:00:01.0: bridge window [mem 0x00100000-0x001fffff 64bit pref] to [bus 01] add_size 100000 add_align 100000
Nov 24 21:14:46 ubuntu kernel: [    7.408720] pci 0000:00:01.0: bridge window [mem 0x00100000-0x001fffff] to [bus 01] add_size 100000 add_align 100000
Nov 24 21:14:46 ubuntu kernel: [    7.410037] pci 0000:00:01.1: bridge window [io  0x1000-0x0fff] to [bus 02] add_size 1000
Nov 24 21:14:46 ubuntu kernel: [    7.411050] pci 0000:00:01.1: bridge window [mem 0x00100000-0x000fffff 64bit pref] to [bus 02] add_size 200000 add_align 100000
Nov 24 21:14:46 ubuntu kernel: [    7.412423] pci 0000:00:01.1: bridge window [mem 0x00100000-0x001fffff] to [bus 02] add_size 100000 add_align 100000
Nov 24 21:14:46 ubuntu kernel: [    7.413620] pci 0000:00:01.2: bridge window [io  0x1000-0x0fff] to [bus 03] add_size 1000
Nov 24 21:14:46 ubuntu kernel: [    7.414462] pci 0000:00:01.2: bridge window [mem 0x00100000-0x001fffff 64bit pref] to [bus 03] add_size 100000 add_align 100000
Nov 24 21:14:46 ubuntu kernel: [    7.415559] pci 0000:00:01.2: bridge window [mem 0x00100000-0x001fffff] to [bus 03] add_size 100000 add_align 100000
Nov 24 21:14:46 ubuntu kernel: [    7.416558] pci 0000:00:01.3: bridge window [io  0x1000-0x0fff] to [bus 04] add_size 1000
Nov 24 21:14:46 ubuntu kernel: [    7.417344] pci 0000:00:01.3: bridge window [mem 0x00100000-0x000fffff 64bit pref] to [bus 04] add_size 200000 add_align 100000
Nov 24 21:14:46 ubuntu kernel: [    7.418458] pci 0000:00:01.3: bridge window [mem 0x00100000-0x000fffff] to [bus 04] add_size 200000 add_align 100000
Nov 24 21:14:46 ubuntu kernel: [    7.419506] pci 0000:00:01.0: BAR 14: assigned [mem 0x10000000-0x101fffff]
Nov 24 21:14:46 ubuntu kernel: [    7.420180] pci 0000:00:01.0: BAR 15: assigned [mem 0x8000000000-0x80001fffff 64bit pref]
Nov 24 21:14:46 ubuntu kernel: [    7.420970] pci 0000:00:01.1: BAR 14: assigned [mem 0x10200000-0x103fffff]
Nov 24 21:14:46 ubuntu kernel: [    7.421660] pci 0000:00:01.1: BAR 15: assigned [mem 0x8000200000-0x80003fffff 64bit pref]
Nov 24 21:14:46 ubuntu kernel: [    7.422450] pci 0000:00:01.2: BAR 14: assigned [mem 0x10400000-0x105fffff]
Nov 24 21:14:46 ubuntu kernel: [    7.423167] pci 0000:00:01.2: BAR 15: assigned [mem 0x8000400000-0x80005fffff 64bit pref]
Nov 24 21:14:46 ubuntu kernel: [    7.423964] pci 0000:00:01.3: BAR 14: assigned [mem 0x10600000-0x107fffff]
Nov 24 21:14:46 ubuntu kernel: [    7.424624] pci 0000:00:01.3: BAR 15: assigned [mem 0x8000600000-0x80007fffff 64bit pref]
Nov 24 21:14:46 ubuntu kernel: [    7.425424] pci 0000:00:01.0: BAR 0: assigned [mem 0x10800000-0x10800fff]
Nov 24 21:14:46 ubuntu kernel: [    7.426416] pci 0000:00:01.0: BAR 13: assigned [io  0x1000-0x1fff]
Nov 24 21:14:46 ubuntu kernel: [    7.427018] pci 0000:00:01.1: BAR 0: assigned [mem 0x10801000-0x10801fff]
Nov 24 21:14:46 ubuntu kernel: [    7.428042] pci 0000:00:01.1: BAR 13: assigned [io  0x2000-0x2fff]
Nov 24 21:14:46 ubuntu kernel: [    7.428641] pci 0000:00:01.2: BAR 0: assigned [mem 0x10802000-0x10802fff]
Nov 24 21:14:46 ubuntu kernel: [    7.429639] pci 0000:00:01.2: BAR 13: assigned [io  0x3000-0x3fff]
Nov 24 21:14:46 ubuntu kernel: [    7.430259] pci 0000:00:01.3: BAR 0: assigned [mem 0x10803000-0x10803fff]
Nov 24 21:14:46 ubuntu kernel: [    7.431225] pci 0000:00:01.3: BAR 13: assigned [io  0x4000-0x4fff]
Nov 24 21:14:46 ubuntu kernel: [    7.431841] pci 0000:01:00.0: BAR 6: assigned [mem 0x10000000-0x1007ffff pref]
Nov 24 21:14:46 ubuntu kernel: [    7.432622] pci 0000:01:00.0: BAR 4: assigned [mem 0x8000000000-0x8000003fff 64bit pref]
Nov 24 21:14:46 ubuntu kernel: [    7.434775] pci 0000:01:00.0: BAR 1: assigned [mem 0x10080000-0x10080fff]
Nov 24 21:14:46 ubuntu kernel: [    7.435809] pci 0000:00:01.0: PCI bridge to [bus 01]
Nov 24 21:14:46 ubuntu kernel: [    7.436348] pci 0000:00:01.0:   bridge window [io  0x1000-0x1fff]
Nov 24 21:14:46 ubuntu kernel: [    7.437645] pci 0000:00:01.0:   bridge window [mem 0x10000000-0x101fffff]
Nov 24 21:14:46 ubuntu kernel: [    7.438811] pci 0000:00:01.0:   bridge window [mem 0x8000000000-0x80001fffff 64bit pref]
Nov 24 21:14:46 ubuntu kernel: [    7.440539] pci 0000:02:00.0: BAR 0: assigned [mem 0x10200000-0x10203fff 64bit]
Nov 24 21:14:46 ubuntu kernel: [    7.441427] pci 0000:00:01.1: PCI bridge to [bus 02]
Nov 24 21:14:46 ubuntu kernel: [    7.441972] pci 0000:00:01.1:   bridge window [io  0x2000-0x2fff]
Nov 24 21:14:46 ubuntu kernel: [    7.443285] pci 0000:00:01.1:   bridge window [mem 0x10200000-0x103fffff]
Nov 24 21:14:46 ubuntu kernel: [    7.444502] pci 0000:00:01.1:   bridge window [mem 0x8000200000-0x80003fffff 64bit pref]
Nov 24 21:14:46 ubuntu kernel: [    7.447258] pci 0000:03:00.0: BAR 4: assigned [mem 0x8000400000-0x8000403fff 64bit pref]
Nov 24 21:14:46 ubuntu kernel: [    7.448833] pci 0000:03:00.0: BAR 1: assigned [mem 0x10400000-0x10400fff]
Nov 24 21:14:46 ubuntu kernel: [    7.449869] pci 0000:00:01.2: PCI bridge to [bus 03]
Nov 24 21:14:46 ubuntu kernel: [    7.450433] pci 0000:00:01.2:   bridge window [io  0x3000-0x3fff]
Nov 24 21:14:46 ubuntu kernel: [    7.451738] pci 0000:00:01.2:   bridge window [mem 0x10400000-0x105fffff]
Nov 24 21:14:46 ubuntu kernel: [    7.452895] pci 0000:00:01.2:   bridge window [mem 0x8000400000-0x80005fffff 64bit pref]
Nov 24 21:14:46 ubuntu kernel: [    7.454616] pci 0000:00:01.3: PCI bridge to [bus 04]
Nov 24 21:14:46 ubuntu kernel: [    7.455102] pci 0000:00:01.3:   bridge window [io  0x4000-0x4fff]
Nov 24 21:14:46 ubuntu kernel: [    7.457332] pci 0000:00:01.3:   bridge window [mem 0x10600000-0x107fffff]
Nov 24 21:14:46 ubuntu kernel: [    7.458450] pci 0000:00:01.3:   bridge window [mem 0x8000600000-0x80007fffff 64bit pref]
Nov 24 21:14:46 ubuntu kernel: [    7.460138] pci_bus 0000:00: resource 4 [mem 0x10000000-0x3efeffff window]
Nov 24 21:14:46 ubuntu kernel: [    7.460810] pci_bus 0000:00: resource 5 [io  0x0000-0xffff window]
Nov 24 21:14:46 ubuntu kernel: [    7.461478] pci_bus 0000:00: resource 6 [mem 0x8000000000-0xffffffffff window]
Nov 24 21:14:46 ubuntu kernel: [    7.462260] pci_bus 0000:01: resource 0 [io  0x1000-0x1fff]
Nov 24 21:14:46 ubuntu kernel: [    7.462865] pci_bus 0000:01: resource 1 [mem 0x10000000-0x101fffff]
Nov 24 21:14:46 ubuntu kernel: [    7.463570] pci_bus 0000:01: resource 2 [mem 0x8000000000-0x80001fffff 64bit pref]
Nov 24 21:14:46 ubuntu kernel: [    7.464418] pci_bus 0000:02: resource 0 [io  0x2000-0x2fff]
Nov 24 21:14:46 ubuntu kernel: [    7.465012] pci_bus 0000:02: resource 1 [mem 0x10200000-0x103fffff]
Nov 24 21:14:46 ubuntu kernel: [    7.465704] pci_bus 0000:02: resource 2 [mem 0x8000200000-0x80003fffff 64bit pref]
Nov 24 21:14:46 ubuntu kernel: [    7.466515] pci_bus 0000:03: resource 0 [io  0x3000-0x3fff]
Nov 24 21:14:46 ubuntu kernel: [    7.467107] pci_bus 0000:03: resource 1 [mem 0x10400000-0x105fffff]
Nov 24 21:14:46 ubuntu kernel: [    7.467828] pci_bus 0000:03: resource 2 [mem 0x8000400000-0x80005fffff 64bit pref]
Nov 24 21:14:46 ubuntu kernel: [    7.468637] pci_bus 0000:04: resource 0 [io  0x4000-0x4fff]
Nov 24 21:14:46 ubuntu kernel: [    7.469221] pci_bus 0000:04: resource 1 [mem 0x10600000-0x107fffff]
Nov 24 21:14:46 ubuntu kernel: [    7.469893] pci_bus 0000:04: resource 2 [mem 0x8000600000-0x80007fffff 64bit pref]
Nov 24 21:14:46 ubuntu kernel: [    7.470725] ACPI: PCI Interrupt Link [GSI0] (IRQs *35)
Nov 24 21:14:46 ubuntu kernel: [    7.471246] ACPI: PCI Interrupt Link [GSI1] (IRQs *36)
Nov 24 21:14:46 ubuntu kernel: [    7.471746] ACPI: PCI Interrupt Link [GSI2] (IRQs *37)
Nov 24 21:14:46 ubuntu kernel: [    7.472304] ACPI: PCI Interrupt Link [GSI3] (IRQs *38)
Nov 24 21:14:46 ubuntu kernel: [    7.474057] iommu: Default domain type: Translated 
Nov 24 21:14:46 ubuntu kernel: [    7.474662] vgaarb: loaded
Nov 24 21:14:46 ubuntu kernel: [    7.475430] SCSI subsystem initialized
Nov 24 21:14:46 ubuntu kernel: [    7.476252] libata version 3.00 loaded.
Nov 24 21:14:46 ubuntu kernel: [    7.476324] ACPI: bus type USB registered
Nov 24 21:14:46 ubuntu kernel: [    7.476801] usbcore: registered new interface driver usbfs
Nov 24 21:14:46 ubuntu kernel: [    7.477396] usbcore: registered new interface driver hub
Nov 24 21:14:46 ubuntu kernel: [    7.478462] usbcore: registered new device driver usb
Nov 24 21:14:46 ubuntu kernel: [    7.479048] pps_core: LinuxPPS API ver. 1 registered
Nov 24 21:14:46 ubuntu kernel: [    7.479551] pps_core: Software ver. 5.3.6 - Copyright 2005-2007 Rodolfo Giometti <giometti@linux.it>
Nov 24 21:14:46 ubuntu kernel: [    7.480468] PTP clock support registered
Nov 24 21:14:46 ubuntu kernel: [    7.481638] EDAC MC: Ver: 3.0.0
Nov 24 21:14:46 ubuntu kernel: [    7.482437] Registered efivars operations
Nov 24 21:14:46 ubuntu kernel: [    7.485368] NetLabel: Initializing
Nov 24 21:14:46 ubuntu kernel: [    7.485754] NetLabel:  domain hash size = 128
Nov 24 21:14:46 ubuntu kernel: [    7.486174] NetLabel:  protocols = UNLABELED CIPSOv4 CALIPSO
Nov 24 21:14:46 ubuntu kernel: [    7.486805] NetLabel:  unlabeled traffic allowed by default
Nov 24 21:14:46 ubuntu kernel: [    7.488161] clocksource: Switched to clocksource arch_sys_counter
Nov 24 21:14:46 ubuntu kernel: [    7.512863] VFS: Disk quotas dquot_6.6.0
Nov 24 21:14:46 ubuntu kernel: [    7.513300] VFS: Dquot-cache hash table entries: 512 (order 0, 4096 bytes)
Nov 24 21:14:46 ubuntu kernel: [    7.514376] AppArmor: AppArmor Filesystem Enabled
Nov 24 21:14:46 ubuntu kernel: [    7.514927] pnp: PnP ACPI init
Nov 24 21:14:46 ubuntu kernel: [    7.515492] system 00:00: [mem 0x3f000000-0x3fffffff] could not be reserved
Nov 24 21:14:46 ubuntu kernel: [    7.516198] system 00:00: Plug and Play ACPI device, IDs PNP0c02 (active)
Nov 24 21:14:46 ubuntu kernel: [    7.516207] pnp: PnP ACPI: found 1 devices
Nov 24 21:14:46 ubuntu kernel: [    7.522213] NET: Registered protocol family 2
Nov 24 21:14:46 ubuntu kernel: [    7.523609] tcp_listen_portaddr_hash hash table entries: 16384 (order: 6, 262144 bytes, linear)
Nov 24 21:14:46 ubuntu kernel: [    7.526134] TCP established hash table entries: 262144 (order: 9, 2097152 bytes, linear)
Nov 24 21:14:46 ubuntu kernel: [    7.528006] TCP bind hash table entries: 65536 (order: 8, 1048576 bytes, linear)
Nov 24 21:14:46 ubuntu kernel: [    7.528925] TCP: Hash tables configured (established 262144 bind 65536)
Nov 24 21:14:46 ubuntu kernel: [    7.530297] UDP hash table entries: 16384 (order: 7, 524288 bytes, linear)
Nov 24 21:14:46 ubuntu kernel: [    7.531434] UDP-Lite hash table entries: 16384 (order: 7, 524288 bytes, linear)
Nov 24 21:14:46 ubuntu kernel: [    7.532467] NET: Registered protocol family 1
Nov 24 21:14:46 ubuntu kernel: [    7.532931] NET: Registered protocol family 44
Nov 24 21:14:46 ubuntu kernel: [    7.533470] pci 0000:02:00.0: enabling device (0000 -> 0002)
Nov 24 21:14:46 ubuntu kernel: [    7.534469] PCI: CLS 0 bytes, default 64
Nov 24 21:14:46 ubuntu kernel: [    7.535084] Trying to unpack rootfs image as initramfs...
Nov 24 21:14:46 ubuntu kernel: [    8.611571] Freeing initrd memory: 61288K
Nov 24 21:14:46 ubuntu kernel: [    8.639621] hw perfevents: enabled with armv8_pmuv3_0 PMU driver, 13 counters available
Nov 24 21:14:46 ubuntu kernel: [    8.641405] kvm [1]: HYP mode not available
Nov 24 21:14:46 ubuntu kernel: [    8.642790] Initialise system trusted keyrings
Nov 24 21:14:46 ubuntu kernel: [    8.643284] Key type blacklist registered
Nov 24 21:14:46 ubuntu kernel: [    8.644134] workingset: timestamp_bits=40 max_order=23 bucket_order=0
Nov 24 21:14:46 ubuntu kernel: [    8.646604] zbud: loaded
Nov 24 21:14:46 ubuntu kernel: [    8.647402] squashfs: version 4.0 (2009/01/31) Phillip Lougher
Nov 24 21:14:46 ubuntu kernel: [    8.648668] fuse: init (API version 7.31)
Nov 24 21:14:46 ubuntu kernel: [    8.649776] integrity: Platform Keyring initialized
Nov 24 21:14:46 ubuntu kernel: [    8.655151] [mitosis-origin] pgd_alloc for mm=ffff00049587a000 and mm->pgd =ffff0004df1cc000.
Nov 24 21:14:46 ubuntu kernel: [    8.663706] Key type asymmetric registered
Nov 24 21:14:46 ubuntu kernel: [    8.664643] Asymmetric key parser 'x509' registered
Nov 24 21:14:46 ubuntu kernel: [    8.665470] Block layer SCSI generic (bsg) driver version 0.4 loaded (major 244)
Nov 24 21:14:46 ubuntu kernel: [    8.667379] io scheduler mq-deadline registered
Nov 24 21:14:46 ubuntu kernel: [    8.671704] pl061_gpio ARMH0061:00: PL061 GPIO chip registered
Nov 24 21:14:46 ubuntu kernel: [    8.672954] PCI Interrupt Link [GSI1] enabled at IRQ 36
Nov 24 21:14:46 ubuntu kernel: [    8.674748] pcieport 0000:00:01.0: PME: Signaling with IRQ 44
Nov 24 21:14:46 ubuntu kernel: [    8.676091] pcieport 0000:00:01.0: AER: enabled with IRQ 44
Nov 24 21:14:46 ubuntu kernel: [    8.676977] pcieport 0000:00:01.0: pciehp: Slot #0 AttnBtn+ PwrCtrl+ MRL- AttnInd+ PwrInd+ HotPlug+ Surprise+ Interlock+ NoCompl- IbPresDis- LLActRep-
Nov 24 21:14:46 ubuntu kernel: [    8.679368] pcieport 0000:00:01.1: PME: Signaling with IRQ 45
Nov 24 21:14:46 ubuntu kernel: [    8.680235] pcieport 0000:00:01.1: AER: enabled with IRQ 45
Nov 24 21:14:46 ubuntu kernel: [    8.680791] pcieport 0000:00:01.1: pciehp: Slot #0 AttnBtn+ PwrCtrl+ MRL- AttnInd+ PwrInd+ HotPlug+ Surprise+ Interlock+ NoCompl- IbPresDis- LLActRep-
Nov 24 21:14:46 ubuntu kernel: [    8.683125] pcieport 0000:00:01.2: PME: Signaling with IRQ 46
Nov 24 21:14:46 ubuntu kernel: [    8.683972] pcieport 0000:00:01.2: AER: enabled with IRQ 46
Nov 24 21:14:46 ubuntu kernel: [    8.684568] pcieport 0000:00:01.2: pciehp: Slot #0 AttnBtn+ PwrCtrl+ MRL- AttnInd+ PwrInd+ HotPlug+ Surprise+ Interlock+ NoCompl- IbPresDis- LLActRep-
Nov 24 21:14:46 ubuntu kernel: [    8.686925] pcieport 0000:00:01.3: PME: Signaling with IRQ 47
Nov 24 21:14:46 ubuntu kernel: [    8.687723] pcieport 0000:00:01.3: AER: enabled with IRQ 47
Nov 24 21:14:46 ubuntu kernel: [    8.688318] pcieport 0000:00:01.3: pciehp: Slot #0 AttnBtn+ PwrCtrl+ MRL- AttnInd+ PwrInd+ HotPlug+ Surprise+ Interlock+ NoCompl- IbPresDis- LLActRep-
Nov 24 21:14:46 ubuntu kernel: [    8.689891] pcieport 0000:00:01.3: pciehp: Slot(0-3): Link Up
Nov 24 21:14:46 ubuntu kernel: [    8.690158] shpchp: Standard Hot Plug PCI Controller Driver version: 0.4
Nov 24 21:14:46 ubuntu kernel: [    8.692793] input: Power Button as /devices/LNXSYSTM:00/LNXSYBUS:00/PNP0C0C:00/input/input0
Nov 24 21:14:46 ubuntu kernel: [    8.693641] ACPI: Power Button [PWRB]
Nov 24 21:14:46 ubuntu kernel: [    8.699395] Serial: 8250/16550 driver, 32 ports, IRQ sharing enabled
Nov 24 21:14:46 ubuntu kernel: [    8.702937] msm_serial: driver initialized
Nov 24 21:14:46 ubuntu kernel: [    8.704083] cacheinfo: Unable to detect cache hierarchy for CPU 0
Nov 24 21:14:46 ubuntu kernel: [    8.727084] loop: module loaded
Nov 24 21:14:46 ubuntu kernel: [    8.729431] libphy: Fixed MDIO Bus: probed
Nov 24 21:14:46 ubuntu kernel: [    8.730378] tun: Universal TUN/TAP device driver, 1.6
Nov 24 21:14:46 ubuntu kernel: [    8.731941] PPP generic driver version 2.4.2
Nov 24 21:14:46 ubuntu kernel: [    8.733195] ehci_hcd: USB 2.0 'Enhanced' Host Controller (EHCI) Driver
Nov 24 21:14:46 ubuntu kernel: [    8.734658] ehci-pci: EHCI PCI platform driver
Nov 24 21:14:46 ubuntu kernel: [    8.735667] ehci-orion: EHCI orion driver
Nov 24 21:14:46 ubuntu kernel: [    8.736590] ohci_hcd: USB 1.1 'Open' Host Controller (OHCI) Driver
Nov 24 21:14:46 ubuntu kernel: [    8.737175] ohci-pci: OHCI PCI platform driver
Nov 24 21:14:46 ubuntu kernel: [    8.737616] uhci_hcd: USB Universal Host Controller Interface driver
Nov 24 21:14:46 ubuntu kernel: [    8.738895] xhci_hcd 0000:02:00.0: xHCI Host Controller
Nov 24 21:14:46 ubuntu kernel: [    8.739427] xhci_hcd 0000:02:00.0: new USB bus registered, assigned bus number 1
Nov 24 21:14:46 ubuntu kernel: [    8.740469] xhci_hcd 0000:02:00.0: hcc params 0x00087001 hci version 0x100 quirks 0x0000000000000010
Nov 24 21:14:46 ubuntu kernel: [    8.742400] usb usb1: New USB device found, idVendor=1d6b, idProduct=0002, bcdDevice= 5.07
Nov 24 21:14:46 ubuntu kernel: [    8.743188] usb usb1: New USB device strings: Mfr=3, Product=2, SerialNumber=1
Nov 24 21:14:46 ubuntu kernel: [    8.743863] usb usb1: Product: xHCI Host Controller
Nov 24 21:14:46 ubuntu kernel: [    8.744372] usb usb1: Manufacturer: Linux 5.7.1 xhci-hcd
Nov 24 21:14:46 ubuntu kernel: [    8.744912] usb usb1: SerialNumber: 0000:02:00.0
Nov 24 21:14:46 ubuntu kernel: [    8.745584] hub 1-0:1.0: USB hub found
Nov 24 21:14:46 ubuntu kernel: [    8.746011] hub 1-0:1.0: 8 ports detected
Nov 24 21:14:46 ubuntu kernel: [    8.746817] xhci_hcd 0000:02:00.0: xHCI Host Controller
Nov 24 21:14:46 ubuntu kernel: [    8.747328] xhci_hcd 0000:02:00.0: new USB bus registered, assigned bus number 2
Nov 24 21:14:46 ubuntu kernel: [    8.748034] xhci_hcd 0000:02:00.0: Host supports USB 3.0 SuperSpeed
Nov 24 21:14:46 ubuntu kernel: [    8.748706] usb usb2: We don't know the algorithms for LPM for this host, disabling LPM.
Nov 24 21:14:46 ubuntu kernel: [    8.749506] usb usb2: New USB device found, idVendor=1d6b, idProduct=0003, bcdDevice= 5.07
Nov 24 21:14:46 ubuntu kernel: [    8.750285] usb usb2: New USB device strings: Mfr=3, Product=2, SerialNumber=1
Nov 24 21:14:46 ubuntu kernel: [    8.750962] usb usb2: Product: xHCI Host Controller
Nov 24 21:14:46 ubuntu kernel: [    8.751412] usb usb2: Manufacturer: Linux 5.7.1 xhci-hcd
Nov 24 21:14:46 ubuntu kernel: [    8.751901] usb usb2: SerialNumber: 0000:02:00.0
Nov 24 21:14:46 ubuntu kernel: [    8.752599] hub 2-0:1.0: USB hub found
Nov 24 21:14:46 ubuntu kernel: [    8.752991] hub 2-0:1.0: 8 ports detected
Nov 24 21:14:46 ubuntu kernel: [    8.753830] mousedev: PS/2 mouse device common for all mice
Nov 24 21:14:46 ubuntu kernel: [    8.754972] rtc-efi rtc-efi.0: registered as rtc0
Nov 24 21:14:46 ubuntu kernel: [    8.755709] rtc-efi rtc-efi.0: setting system clock to 2020-11-24T13:14:40 UTC (1606223680)
Nov 24 21:14:46 ubuntu kernel: [    8.756625] i2c /dev entries driver
Nov 24 21:14:46 ubuntu kernel: [    8.757201] device-mapper: uevent: version 1.0.3
Nov 24 21:14:46 ubuntu kernel: [    8.757784] device-mapper: ioctl: 4.42.0-ioctl (2020-02-27) initialised: dm-devel@redhat.com
Nov 24 21:14:46 ubuntu kernel: [    8.760313] ledtrig-cpu: registered to indicate activity on CPUs
Nov 24 21:14:46 ubuntu kernel: [    8.760994] EFI Variables Facility v0.08 2004-May-17
Nov 24 21:14:46 ubuntu kernel: [    8.767721] NET: Registered protocol family 10
Nov 24 21:14:46 ubuntu kernel: [    8.769657] [mitosis-origin] pgd_alloc for mm=ffff0004956d8000 and mm->pgd =ffff000495604000.
Nov 24 21:14:46 ubuntu kernel: [    8.771950] [mitosis-origin] pgd_alloc for mm=ffff0004956d8c00 and mm->pgd =ffff0004956ed000.
Nov 24 21:14:46 ubuntu kernel: [    8.772877] [mitosis-origin] pgd_free for mm=ffff0004956d8000 and pgd =ffff000495604000 and mm->pgd=ffff000495604000.
Nov 24 21:14:46 ubuntu kernel: [    8.775229] [mitosis-origin] pgd_alloc for mm=ffff000495754400 and mm->pgd =ffff0004dec17000.
Nov 24 21:14:46 ubuntu kernel: [    8.777712] [mitosis-origin] pgd_alloc for mm=ffff000495755c00 and mm->pgd =ffff0004dec27000.
Nov 24 21:14:46 ubuntu kernel: [    8.778848] [mitosis-origin] pgd_free for mm=ffff000495754400 and pgd =ffff0004dec17000 and mm->pgd=ffff0004dec17000.
Nov 24 21:14:46 ubuntu kernel: [    8.782277] [mitosis-origin] pgd_alloc for mm=ffff000495754400 and mm->pgd =ffff0004dec36000.
Nov 24 21:14:46 ubuntu kernel: [    8.783726] [mitosis-origin] pgd_free for mm=ffff000495755c00 and pgd =ffff0004dec27000 and mm->pgd=ffff0004dec27000.
Nov 24 21:14:46 ubuntu kernel: [    8.787625] [mitosis-origin] pgd_alloc for mm=ffff000495755c00 and mm->pgd =ffff0004df432000.
Nov 24 21:14:46 ubuntu kernel: [    8.788565] [mitosis-origin] pgd_free for mm=ffff000495754400 and pgd =ffff0004dec36000 and mm->pgd=ffff0004dec36000.
Nov 24 21:14:46 ubuntu kernel: [    8.790763] Segment Routing with IPv6
Nov 24 21:14:46 ubuntu kernel: [    8.791194] NET: Registered protocol family 17
Nov 24 21:14:46 ubuntu kernel: [    8.791903] Key type dns_resolver registered
Nov 24 21:14:46 ubuntu kernel: [    8.792559] registered taskstats version 1
Nov 24 21:14:46 ubuntu kernel: [    8.792966] Loading compiled-in X.509 certificates
Nov 24 21:14:46 ubuntu kernel: [    8.794415] [mitosis-origin] pgd_alloc for mm=ffff000495056c00 and mm->pgd =ffff0004def21000.
Nov 24 21:14:46 ubuntu kernel: [    8.798980] Loaded X.509 cert 'Build time autogenerated kernel key: 5fc9bbbf10d23f3f9dda6c889ba5358a20950e89'
Nov 24 21:14:46 ubuntu kernel: [    8.801680] zswap: loaded using pool lzo/zbud
Nov 24 21:14:46 ubuntu kernel: [    8.803708] Key type ._fscrypt registered
Nov 24 21:14:46 ubuntu kernel: [    8.804491] Key type .fscrypt registered
Nov 24 21:14:46 ubuntu kernel: [    8.804936] Key type fscrypt-provisioning registered
Nov 24 21:14:46 ubuntu kernel: [    8.805814] [mitosis-origin] pgd_alloc for mm=ffff000495121c00 and mm->pgd =ffff0004de445000.
Nov 24 21:14:46 ubuntu kernel: [    8.808470] [mitosis-origin] pgd_alloc for mm=ffff00049587f800 and mm->pgd =ffff0004df1da000.
Nov 24 21:14:46 ubuntu kernel: [    8.810743] [mitosis-origin] pgd_free for mm=ffff00049587a000 and pgd =ffff0004df1cc000 and mm->pgd=ffff0004df1cc000.
Nov 24 21:14:46 ubuntu kernel: [    8.815604] [mitosis-origin] pgd_alloc for mm=ffff00049587a000 and mm->pgd =ffff0004df1e6000.
Nov 24 21:14:46 ubuntu kernel: [    8.817468] [mitosis-origin] pgd_free for mm=ffff00049587f800 and pgd =ffff0004df1da000 and mm->pgd=ffff0004df1da000.
Nov 24 21:14:46 ubuntu kernel: [    8.822883] [mitosis-origin] pgd_alloc for mm=ffff0004de8b5400 and mm->pgd =ffff000495008000.
Nov 24 21:14:46 ubuntu kernel: [    8.829585] cryptd: max_cpu_qlen set to 1000
Nov 24 21:14:46 ubuntu kernel: [    8.837862] [mitosis-origin] pgd_alloc for mm=ffff00049514d400 and mm->pgd =ffff00049553a000.
Nov 24 21:14:46 ubuntu kernel: [    8.842241] [mitosis-origin] pgd_alloc for mm=ffff00049514ac00 and mm->pgd =ffff000495146000.
Nov 24 21:14:46 ubuntu kernel: [    8.843397] [mitosis-origin] pgd_free for mm=ffff00049514d400 and pgd =ffff00049553a000 and mm->pgd=ffff00049553a000.
Nov 24 21:14:46 ubuntu kernel: [    8.846460] [mitosis-origin] pgd_alloc for mm=ffff00049514d400 and mm->pgd =ffff00049518e000.
Nov 24 21:14:46 ubuntu kernel: [    8.847614] [mitosis-origin] pgd_free for mm=ffff00049514ac00 and pgd =ffff000495146000 and mm->pgd=ffff000495146000.
Nov 24 21:14:46 ubuntu kernel: [    8.850490] [mitosis-origin] pgd_alloc for mm=ffff0004951b9c00 and mm->pgd =ffff00049598b000.
Nov 24 21:14:46 ubuntu kernel: [    8.855002] [mitosis-origin] pgd_free for mm=ffff0004951b9c00 and pgd =ffff00049598b000 and mm->pgd=ffff00049598b000.
Nov 24 21:14:46 ubuntu kernel: [    8.857475] [mitosis-origin] pgd_alloc for mm=ffff0004951c6800 and mm->pgd =ffff0004df200000.
Nov 24 21:14:46 ubuntu kernel: [    8.859964] [mitosis-origin] pgd_alloc for mm=ffff0004951c4800 and mm->pgd =ffff0004df23e000.
Nov 24 21:14:46 ubuntu kernel: [    8.861105] [mitosis-origin] pgd_free for mm=ffff0004951c6800 and pgd =ffff0004df200000 and mm->pgd=ffff0004df200000.
Nov 24 21:14:46 ubuntu kernel: [    8.863723] [mitosis-origin] pgd_alloc for mm=ffff0004951c6800 and mm->pgd =ffff0004df24e000.
Nov 24 21:14:46 ubuntu kernel: [    8.864854] [mitosis-origin] pgd_free for mm=ffff0004951c4800 and pgd =ffff0004df23e000 and mm->pgd=ffff0004df23e000.
Nov 24 21:14:46 ubuntu kernel: [    8.867615] [mitosis-origin] pgd_alloc for mm=ffff0004951c4800 and mm->pgd =ffff0004df453000.
Nov 24 21:14:46 ubuntu kernel: [    8.868781] [mitosis-origin] pgd_free for mm=ffff0004951c6800 and pgd =ffff0004df24e000 and mm->pgd=ffff0004df24e000.
Nov 24 21:14:46 ubuntu kernel: [    8.871475] [mitosis-origin] pgd_alloc for mm=ffff0004951c6800 and mm->pgd =ffff0004df457000.
Nov 24 21:14:46 ubuntu kernel: [    8.872636] [mitosis-origin] pgd_free for mm=ffff0004951c4800 and pgd =ffff0004df453000 and mm->pgd=ffff0004df453000.
Nov 24 21:14:46 ubuntu kernel: [    8.874861] [mitosis-origin] pgd_alloc for mm=ffff0004951c4800 and mm->pgd =ffff00049521d000.
Nov 24 21:14:46 ubuntu kernel: [    8.875716] [mitosis-origin] pgd_free for mm=ffff0004951c6800 and pgd =ffff0004df457000 and mm->pgd=ffff0004df457000.
Nov 24 21:14:46 ubuntu kernel: [    8.877993] [mitosis-origin] pgd_alloc for mm=ffff0004951c6800 and mm->pgd =ffff000495221000.
Nov 24 21:14:46 ubuntu kernel: [    8.878845] [mitosis-origin] pgd_free for mm=ffff0004951c4800 and pgd =ffff00049521d000 and mm->pgd=ffff00049521d000.
Nov 24 21:14:46 ubuntu kernel: [    8.881052] [mitosis-origin] pgd_alloc for mm=ffff0004951c4800 and mm->pgd =ffff000495225000.
Nov 24 21:14:46 ubuntu kernel: [    8.881922] [mitosis-origin] pgd_free for mm=ffff0004951c6800 and pgd =ffff000495221000 and mm->pgd=ffff000495221000.
Nov 24 21:14:46 ubuntu kernel: [    8.884269] [mitosis-origin] pgd_alloc for mm=ffff0004951c6800 and mm->pgd =ffff0004951ca000.
Nov 24 21:14:46 ubuntu kernel: [    8.885112] [mitosis-origin] pgd_free for mm=ffff0004951c4800 and pgd =ffff000495225000 and mm->pgd=ffff000495225000.
Nov 24 21:14:46 ubuntu kernel: [    8.887251] [mitosis-origin] pgd_alloc for mm=ffff0004951c4800 and mm->pgd =ffff00049522d000.
Nov 24 21:14:46 ubuntu kernel: [    8.888092] [mitosis-origin] pgd_free for mm=ffff0004951c6800 and pgd =ffff0004951ca000 and mm->pgd=ffff0004951ca000.
Nov 24 21:14:46 ubuntu kernel: [    8.890437] [mitosis-origin] pgd_alloc for mm=ffff0004951c6800 and mm->pgd =ffff000495231000.
Nov 24 21:14:46 ubuntu kernel: [    8.891283] [mitosis-origin] pgd_free for mm=ffff0004951c4800 and pgd =ffff00049522d000 and mm->pgd=ffff00049522d000.
Nov 24 21:14:46 ubuntu kernel: [    8.893521] [mitosis-origin] pgd_alloc for mm=ffff0004951c4800 and mm->pgd =ffff000495235000.
Nov 24 21:14:46 ubuntu kernel: [    8.894383] [mitosis-origin] pgd_free for mm=ffff0004951c6800 and pgd =ffff000495231000 and mm->pgd=ffff000495231000.
Nov 24 21:14:46 ubuntu kernel: [    8.900260] [mitosis-origin] pgd_alloc for mm=ffff0004951c6800 and mm->pgd =ffff000495239000.
Nov 24 21:14:46 ubuntu kernel: [    8.901468] [mitosis-origin] pgd_free for mm=ffff0004951c4800 and pgd =ffff000495235000 and mm->pgd=ffff000495235000.
Nov 24 21:14:46 ubuntu kernel: [    8.904371] [mitosis-origin] pgd_alloc for mm=ffff0004951c4800 and mm->pgd =ffff0004df243000.
Nov 24 21:14:46 ubuntu kernel: [    8.905525] [mitosis-origin] pgd_free for mm=ffff0004951c6800 and pgd =ffff000495239000 and mm->pgd=ffff000495239000.
Nov 24 21:14:46 ubuntu kernel: [    8.908337] [mitosis-origin] pgd_alloc for mm=ffff0004951c6800 and mm->pgd =ffff0004dfb22000.
Nov 24 21:14:46 ubuntu kernel: [    8.909349] [mitosis-origin] pgd_free for mm=ffff0004951c4800 and pgd =ffff0004df243000 and mm->pgd=ffff0004df243000.
Nov 24 21:14:46 ubuntu kernel: [    8.911682] [mitosis-origin] pgd_alloc for mm=ffff0004951c4800 and mm->pgd =ffff0004dfb26000.
Nov 24 21:14:46 ubuntu kernel: [    8.912775] [mitosis-origin] pgd_free for mm=ffff0004951c6800 and pgd =ffff0004dfb22000 and mm->pgd=ffff0004dfb22000.
Nov 24 21:14:46 ubuntu kernel: [    8.915148] [mitosis-origin] pgd_alloc for mm=ffff0004951c6800 and mm->pgd =ffff0004dfb2a000.
Nov 24 21:14:46 ubuntu kernel: [    8.916136] [mitosis-origin] pgd_free for mm=ffff0004951c4800 and pgd =ffff0004dfb26000 and mm->pgd=ffff0004dfb26000.
Nov 24 21:14:46 ubuntu kernel: [    8.918237] [mitosis-origin] pgd_alloc for mm=ffff0004951c4800 and mm->pgd =ffff0004dfb2e000.
Nov 24 21:14:46 ubuntu kernel: [    8.919068] [mitosis-origin] pgd_free for mm=ffff0004951c6800 and pgd =ffff0004dfb2a000 and mm->pgd=ffff0004dfb2a000.
Nov 24 21:14:46 ubuntu kernel: [    8.921176] [mitosis-origin] pgd_alloc for mm=ffff0004951c6800 and mm->pgd =ffff0004dfb32000.
Nov 24 21:14:46 ubuntu kernel: [    8.922028] [mitosis-origin] pgd_free for mm=ffff0004951c4800 and pgd =ffff0004dfb2e000 and mm->pgd=ffff0004dfb2e000.
Nov 24 21:14:46 ubuntu kernel: [    8.924090] [mitosis-origin] pgd_alloc for mm=ffff0004951c4800 and mm->pgd =ffff0004dfb36000.
Nov 24 21:14:46 ubuntu kernel: [    8.925045] [mitosis-origin] pgd_free for mm=ffff0004951c6800 and pgd =ffff0004dfb32000 and mm->pgd=ffff0004dfb32000.
Nov 24 21:14:46 ubuntu kernel: [    8.927112] [mitosis-origin] pgd_alloc for mm=ffff0004951c6800 and mm->pgd =ffff0004952e0000.
Nov 24 21:14:46 ubuntu kernel: [    8.927950] [mitosis-origin] pgd_free for mm=ffff0004951c4800 and pgd =ffff0004dfb36000 and mm->pgd=ffff0004dfb36000.
Nov 24 21:14:46 ubuntu kernel: [    8.930082] [mitosis-origin] pgd_alloc for mm=ffff0004951c4800 and mm->pgd =ffff0004952e4000.
Nov 24 21:14:46 ubuntu kernel: [    8.930921] [mitosis-origin] pgd_free for mm=ffff0004951c6800 and pgd =ffff0004952e0000 and mm->pgd=ffff0004952e0000.
Nov 24 21:14:46 ubuntu kernel: [    8.933007] [mitosis-origin] pgd_alloc for mm=ffff0004951c6800 and mm->pgd =ffff0004952e8000.
Nov 24 21:14:46 ubuntu kernel: [    8.933847] [mitosis-origin] pgd_free for mm=ffff0004951c4800 and pgd =ffff0004952e4000 and mm->pgd=ffff0004952e4000.
Nov 24 21:14:46 ubuntu kernel: [    8.936054] [mitosis-origin] pgd_alloc for mm=ffff0004951c4800 and mm->pgd =ffff0004952ec000.
Nov 24 21:14:46 ubuntu kernel: [    8.937011] [mitosis-origin] pgd_free for mm=ffff0004951c6800 and pgd =ffff0004952e8000 and mm->pgd=ffff0004952e8000.
Nov 24 21:14:46 ubuntu kernel: [    8.939084] [mitosis-origin] pgd_alloc for mm=ffff0004951c6800 and mm->pgd =ffff0004952f0000.
Nov 24 21:14:46 ubuntu kernel: [    8.939940] [mitosis-origin] pgd_free for mm=ffff0004951c4800 and pgd =ffff0004952ec000 and mm->pgd=ffff0004952ec000.
Nov 24 21:14:46 ubuntu kernel: [    8.942144] [mitosis-origin] pgd_alloc for mm=ffff0004951c4800 and mm->pgd =ffff0004952f3000.
Nov 24 21:14:46 ubuntu kernel: [    8.943140] [mitosis-origin] pgd_free for mm=ffff0004951c6800 and pgd =ffff0004952f0000 and mm->pgd=ffff0004952f0000.
Nov 24 21:14:46 ubuntu kernel: [    8.945219] [mitosis-origin] pgd_alloc for mm=ffff0004951c6800 and mm->pgd =ffff0004952f8000.
Nov 24 21:14:46 ubuntu kernel: [    8.946071] [mitosis-origin] pgd_free for mm=ffff0004951c4800 and pgd =ffff0004952f3000 and mm->pgd=ffff0004952f3000.
Nov 24 21:14:46 ubuntu kernel: [    8.948144] [mitosis-origin] pgd_alloc for mm=ffff0004951c4800 and mm->pgd =ffff0004952fc000.
Nov 24 21:14:46 ubuntu kernel: [    8.948990] [mitosis-origin] pgd_free for mm=ffff0004951c6800 and pgd =ffff0004952f8000 and mm->pgd=ffff0004952f8000.
Nov 24 21:14:46 ubuntu kernel: [    8.959786] [mitosis-origin] pgd_alloc for mm=ffff0004951c6800 and mm->pgd =ffff00049520f000.
Nov 24 21:14:46 ubuntu kernel: [    8.962189] [mitosis-origin] pgd_free for mm=ffff0004951c4800 and pgd =ffff0004952fc000 and mm->pgd=ffff0004952fc000.
Nov 24 21:14:46 ubuntu kernel: [    8.967479] [mitosis-origin] pgd_alloc for mm=ffff0004951c4800 and mm->pgd =ffff0004dec11000.
Nov 24 21:14:46 ubuntu kernel: [    8.968540] [mitosis-origin] pgd_free for mm=ffff0004951c6800 and pgd =ffff00049520f000 and mm->pgd=ffff00049520f000.
Nov 24 21:14:46 ubuntu kernel: [    8.971081] [mitosis-origin] pgd_alloc for mm=ffff0004951c6800 and mm->pgd =ffff0004df540000.
Nov 24 21:14:46 ubuntu kernel: [    8.972080] [mitosis-origin] pgd_free for mm=ffff0004951c4800 and pgd =ffff0004dec11000 and mm->pgd=ffff0004dec11000.
Nov 24 21:14:46 ubuntu kernel: [    8.974730] [mitosis-origin] pgd_alloc for mm=ffff0004951c4800 and mm->pgd =ffff0004df544000.
Nov 24 21:14:46 ubuntu kernel: [    8.975752] [mitosis-origin] pgd_free for mm=ffff0004951c6800 and pgd =ffff0004df540000 and mm->pgd=ffff0004df540000.
Nov 24 21:14:46 ubuntu kernel: [    8.978097] [mitosis-origin] pgd_alloc for mm=ffff0004951c6800 and mm->pgd =ffff0004df548000.
Nov 24 21:14:46 ubuntu kernel: [    8.978951] [mitosis-origin] pgd_free for mm=ffff0004951c4800 and pgd =ffff0004df544000 and mm->pgd=ffff0004df544000.
Nov 24 21:14:46 ubuntu kernel: [    8.981149] [mitosis-origin] pgd_alloc for mm=ffff0004951c4800 and mm->pgd =ffff0004df54c000.
Nov 24 21:14:46 ubuntu kernel: [    8.982024] [mitosis-origin] pgd_free for mm=ffff0004951c6800 and pgd =ffff0004df548000 and mm->pgd=ffff0004df548000.
Nov 24 21:14:46 ubuntu kernel: [    8.984323] [mitosis-origin] pgd_alloc for mm=ffff0004951c6800 and mm->pgd =ffff0004df550000.
Nov 24 21:14:46 ubuntu kernel: [    8.985185] [mitosis-origin] pgd_free for mm=ffff0004951c4800 and pgd =ffff0004df54c000 and mm->pgd=ffff0004df54c000.
Nov 24 21:14:46 ubuntu kernel: [    8.987434] [mitosis-origin] pgd_alloc for mm=ffff0004951c4800 and mm->pgd =ffff0004df554000.
Nov 24 21:14:46 ubuntu kernel: [    8.988323] [mitosis-origin] pgd_free for mm=ffff0004951c6800 and pgd =ffff0004df550000 and mm->pgd=ffff0004df550000.
Nov 24 21:14:46 ubuntu kernel: [    8.990541] [mitosis-origin] pgd_alloc for mm=ffff0004951c6800 and mm->pgd =ffff0004df558000.
Nov 24 21:14:46 ubuntu kernel: [    8.991392] [mitosis-origin] pgd_free for mm=ffff0004951c4800 and pgd =ffff0004df554000 and mm->pgd=ffff0004df554000.
Nov 24 21:14:46 ubuntu kernel: [    8.994279] [mitosis-origin] pgd_alloc for mm=ffff00049587f800 and mm->pgd =ffff0004df1ec000.
Nov 24 21:14:46 ubuntu kernel: [    8.999386] [mitosis-origin] pgd_alloc for mm=ffff00049587fc00 and mm->pgd =ffff000495377000.
Nov 24 21:14:46 ubuntu kernel: [    9.001758] [mitosis-origin] pgd_free for mm=ffff00049587f800 and pgd =ffff0004df1ec000 and mm->pgd=ffff0004df1ec000.
Nov 24 21:14:46 ubuntu kernel: [    9.005044] Key type big_key registered
Nov 24 21:14:46 ubuntu kernel: [    9.006304] [mitosis-origin] pgd_alloc for mm=ffff00049587f800 and mm->pgd =ffff000495310000.
Nov 24 21:14:46 ubuntu kernel: [    9.007170] [mitosis-origin] pgd_free for mm=ffff00049587fc00 and pgd =ffff000495377000 and mm->pgd=ffff000495377000.
Nov 24 21:14:46 ubuntu kernel: [    9.018875] [mitosis-origin] pgd_alloc for mm=ffff00049587fc00 and mm->pgd =ffff00049536f000.
Nov 24 21:14:46 ubuntu kernel: [    9.019981] [mitosis-origin] pgd_free for mm=ffff00049587f800 and pgd =ffff000495310000 and mm->pgd=ffff000495310000.
Nov 24 21:14:46 ubuntu kernel: [    9.022662] [mitosis-origin] pgd_alloc for mm=ffff0004951c4800 and mm->pgd =ffff000495235000.
Nov 24 21:14:46 ubuntu kernel: [    9.024974] [mitosis-origin] pgd_free for mm=ffff0004951c6800 and pgd =ffff0004df558000 and mm->pgd=ffff0004df558000.
Nov 24 21:14:46 ubuntu kernel: [    9.029804] Key type encrypted registered
Nov 24 21:14:46 ubuntu kernel: [    9.030857] AppArmor: AppArmor sha1 policy hashing enabled
Nov 24 21:14:46 ubuntu kernel: [    9.032749] ima: No TPM chip found, activating TPM-bypass!
Nov 24 21:14:46 ubuntu kernel: [    9.033850] ima: Allocated hash algorithm: sha1
Nov 24 21:14:46 ubuntu kernel: [    9.034579] ima: No architecture policies found
Nov 24 21:14:46 ubuntu kernel: [    9.035291] evm: Initialising EVM extended attributes:
Nov 24 21:14:46 ubuntu kernel: [    9.036047] evm: security.selinux
Nov 24 21:14:46 ubuntu kernel: [    9.036615] evm: security.SMACK64
Nov 24 21:14:46 ubuntu kernel: [    9.037111] evm: security.SMACK64EXEC
Nov 24 21:14:46 ubuntu kernel: [    9.037646] evm: security.SMACK64TRANSMUTE
Nov 24 21:14:46 ubuntu kernel: [    9.038256] evm: security.SMACK64MMAP
Nov 24 21:14:46 ubuntu kernel: [    9.038782] evm: security.apparmor
Nov 24 21:14:46 ubuntu kernel: [    9.039272] evm: security.ima
Nov 24 21:14:46 ubuntu kernel: [    9.039708] evm: security.capability
Nov 24 21:14:46 ubuntu kernel: [    9.040264] evm: HMAC attrs: 0x1
Nov 24 21:14:46 ubuntu kernel: [    9.045087] Freeing unused kernel memory: 7040K
Nov 24 21:14:46 ubuntu kernel: [    9.123509] Checked W+X mappings: passed, no W+X pages found
Nov 24 21:14:46 ubuntu kernel: [    9.124271] Run /init as init process
Nov 24 21:14:46 ubuntu kernel: [    9.124634]   with arguments:
Nov 24 21:14:46 ubuntu kernel: [    9.124635]     /init
Nov 24 21:14:46 ubuntu kernel: [    9.124636]   with environment:
Nov 24 21:14:46 ubuntu kernel: [    9.124637]     HOME=/
Nov 24 21:14:46 ubuntu kernel: [    9.124638]     TERM=linux
Nov 24 21:14:46 ubuntu kernel: [    9.124639]     BOOT_IMAGE=/boot/vmlinuz-5.7.1
Nov 24 21:14:46 ubuntu kernel: [    9.124703] [mitosis-origin] pgd_alloc for mm=ffff000494c48000 and mm->pgd =ffff0004df6d2000.
Nov 24 21:14:46 ubuntu kernel: [    9.126553] [mitosis-origin] pgd_alloc for mm=ffff000494c48c00 and mm->pgd =ffff0004df6e6000.
Nov 24 21:14:46 ubuntu kernel: [    9.127435] [mitosis-origin] pgd_free for mm=ffff0004951c4800 and pgd =ffff000495235000 and mm->pgd=ffff000495235000.
Nov 24 21:14:46 ubuntu kernel: [    9.128945] [mitosis-origin] pgd_alloc for mm=ffff000494c4a800 and mm->pgd =ffff000494c12000.
Nov 24 21:14:46 ubuntu kernel: [    9.129760] [mitosis-origin] pgd_free for mm=ffff000494c48c00 and pgd =ffff0004df6e6000 and mm->pgd=ffff0004df6e6000.
Nov 24 21:14:46 ubuntu kernel: [    9.131213] [mitosis-origin] pgd_alloc for mm=ffff000494c4f400 and mm->pgd =ffff000494c20000.
Nov 24 21:14:46 ubuntu kernel: [    9.132284] [mitosis-origin] pgd_free for mm=ffff000494c4a800 and pgd =ffff000494c12000 and mm->pgd=ffff000494c12000.
Nov 24 21:14:46 ubuntu kernel: [    9.133929] [mitosis-origin] pgd_alloc for mm=ffff000494c4d400 and mm->pgd =ffff000494c2e000.
Nov 24 21:14:46 ubuntu kernel: [    9.134981] [mitosis-origin] pgd_free for mm=ffff000494c4f400 and pgd =ffff000494c20000 and mm->pgd=ffff000494c20000.
Nov 24 21:14:46 ubuntu kernel: [    9.136631] [mitosis-origin] pgd_alloc for mm=ffff000494c4ac00 and mm->pgd =ffff000494c3c000.
Nov 24 21:14:46 ubuntu kernel: [    9.137680] [mitosis-origin] pgd_free for mm=ffff000494c4d400 and pgd =ffff000494c2e000 and mm->pgd=ffff000494c2e000.
Nov 24 21:14:46 ubuntu kernel: [    9.139157] [mitosis-origin] pgd_alloc for mm=ffff0004951c4800 and mm->pgd =ffff000494c2d000.
Nov 24 21:14:46 ubuntu kernel: [    9.140615] [mitosis-origin] pgd_free for mm=ffff000494c4ac00 and pgd =ffff000494c3c000 and mm->pgd=ffff000494c3c000.
Nov 24 21:14:46 ubuntu kernel: [    9.143070] [mitosis-origin] pgd_alloc for mm=ffff000494c4c400 and mm->pgd =ffff000494c46000.
Nov 24 21:14:46 ubuntu kernel: [    9.144330] [mitosis-origin] pgd_free for mm=ffff0004951c4800 and pgd =ffff000494c2d000 and mm->pgd=ffff000494c2d000.
Nov 24 21:14:46 ubuntu kernel: [    9.146061] [mitosis-origin] pgd_alloc for mm=ffff0004951c4800 and mm->pgd =ffff000494c3b000.
Nov 24 21:14:46 ubuntu kernel: [    9.147419] [mitosis-origin] pgd_free for mm=ffff000494c4c400 and pgd =ffff000494c46000 and mm->pgd=ffff000494c46000.
Nov 24 21:14:46 ubuntu kernel: [    9.149408] [mitosis-origin] pgd_alloc for mm=ffff000494c4dc00 and mm->pgd =ffff000494c7c000.
Nov 24 21:14:46 ubuntu kernel: [    9.150355] [mitosis-origin] pgd_free for mm=ffff0004951c4800 and pgd =ffff000494c3b000 and mm->pgd=ffff000494c3b000.
Nov 24 21:14:46 ubuntu kernel: [    9.151703] [mitosis-origin] pgd_alloc for mm=ffff0004951c4800 and mm->pgd =ffff000494c45000.
Nov 24 21:14:46 ubuntu kernel: [    9.152791] [mitosis-origin] pgd_free for mm=ffff000494c4dc00 and pgd =ffff000494c7c000 and mm->pgd=ffff000494c7c000.
Nov 24 21:14:46 ubuntu kernel: [    9.155137] [mitosis-origin] pgd_alloc for mm=ffff000494cbd800 and mm->pgd =ffff0004df2b6000.
Nov 24 21:14:46 ubuntu kernel: [    9.156193] [mitosis-origin] pgd_free for mm=ffff0004de8b5400 and pgd =ffff000495008000 and mm->pgd=ffff000495008000.
Nov 24 21:14:46 ubuntu kernel: [    9.159330] [mitosis-origin] pgd_alloc for mm=ffff0004de8b5400 and mm->pgd =ffff000495010000.
Nov 24 21:14:46 ubuntu kernel: [    9.161732] [mitosis-origin] pgd_free for mm=ffff000494cbd800 and pgd =ffff0004df2b6000 and mm->pgd=ffff0004df2b6000.
Nov 24 21:14:46 ubuntu kernel: [    9.164682] [mitosis-origin] pgd_alloc for mm=ffff000494cbb000 and mm->pgd =ffff0004df2cb000.
Nov 24 21:14:46 ubuntu kernel: [    9.165791] [mitosis-origin] pgd_free for mm=ffff00049514d400 and pgd =ffff00049518e000 and mm->pgd=ffff00049518e000.
Nov 24 21:14:46 ubuntu kernel: [    9.167634] [mitosis-origin] pgd_alloc for mm=ffff000494cbd000 and mm->pgd =ffff00049527d000.
Nov 24 21:14:46 ubuntu kernel: [    9.169208] [mitosis-origin] pgd_alloc for mm=ffff000494ce8c00 and mm->pgd =ffff00049538a000.
Nov 24 21:14:46 ubuntu kernel: [    9.170919] [mitosis-origin] pgd_free for mm=ffff000494cbd000 and pgd =ffff00049527d000 and mm->pgd=ffff00049527d000.
Nov 24 21:14:46 ubuntu kernel: [    9.173997] [mitosis-origin] pgd_alloc for mm=ffff000494cb9c00 and mm->pgd =ffff00049528b000.
Nov 24 21:14:46 ubuntu kernel: [    9.175211] [mitosis-origin] pgd_free for mm=ffff000494ce8c00 and pgd =ffff00049538a000 and mm->pgd=ffff00049538a000.
Nov 24 21:14:46 ubuntu kernel: [    9.177195] [mitosis-origin] pgd_alloc for mm=ffff000494ce8c00 and mm->pgd =ffff000495399000.
Nov 24 21:14:46 ubuntu kernel: [    9.178200] [mitosis-origin] pgd_free for mm=ffff000494cb9c00 and pgd =ffff00049528b000 and mm->pgd=ffff00049528b000.
Nov 24 21:14:46 ubuntu kernel: [    9.179990] [mitosis-origin] pgd_alloc for mm=ffff000494cbe400 and mm->pgd =ffff000495299000.
Nov 24 21:14:46 ubuntu kernel: [    9.181242] [mitosis-origin] pgd_free for mm=ffff000494ce8c00 and pgd =ffff000495399000 and mm->pgd=ffff000495399000.
Nov 24 21:14:46 ubuntu kernel: [    9.184311] [mitosis-origin] pgd_alloc for mm=ffff000494cbe000 and mm->pgd =ffff000494cc7000.
Nov 24 21:14:46 ubuntu kernel: [    9.185974] [mitosis-origin] pgd_alloc for mm=ffff0004951b9c00 and mm->pgd =ffff0004df2c1000.
Nov 24 21:14:46 ubuntu kernel: [    9.188366] [mitosis-origin] pgd_free for mm=ffff000494cbe000 and pgd =ffff000494cc7000 and mm->pgd=ffff000494cc7000.
Nov 24 21:14:46 ubuntu kernel: [    9.192493] [mitosis-origin] pgd_alloc for mm=ffff000494c4b800 and mm->pgd =ffff000494c89000.
Nov 24 21:14:46 ubuntu kernel: [    9.194711] [mitosis-origin] pgd_alloc for mm=ffff000494cb8000 and mm->pgd =ffff000494cd2000.
Nov 24 21:14:46 ubuntu kernel: [    9.195824] [mitosis-origin] pgd_free for mm=ffff000494c4b800 and pgd =ffff000494c89000 and mm->pgd=ffff000494c89000.
Nov 24 21:14:46 ubuntu kernel: [    9.197748] [mitosis-origin] pgd_alloc for mm=ffff000494cb8c00 and mm->pgd =ffff0004951f8000.
Nov 24 21:14:46 ubuntu kernel: [    9.199254] [mitosis-origin] pgd_alloc for mm=ffff000494c4a400 and mm->pgd =ffff000494c93000.
Nov 24 21:14:46 ubuntu kernel: [    9.201331] [mitosis-origin] pgd_free for mm=ffff000494cb8c00 and pgd =ffff0004951f8000 and mm->pgd=ffff0004951f8000.
Nov 24 21:14:46 ubuntu kernel: [    9.204935] [mitosis-origin] pgd_free for mm=ffff000494c4a400 and pgd =ffff000494c93000 and mm->pgd=ffff000494c93000.
Nov 24 21:14:46 ubuntu kernel: [    9.207361] [mitosis-origin] pgd_alloc for mm=ffff000494c4a400 and mm->pgd =ffff000494c93000.
Nov 24 21:14:46 ubuntu kernel: [    9.208538] [mitosis-origin] pgd_alloc for mm=ffff000494cba800 and mm->pgd =ffff00049526b000.
Nov 24 21:14:46 ubuntu kernel: [    9.209683] [mitosis-origin] pgd_free for mm=ffff000494c4a400 and pgd =ffff000494c93000 and mm->pgd=ffff000494c93000.
Nov 24 21:14:46 ubuntu kernel: [    9.211534] [mitosis-origin] pgd_alloc for mm=ffff000494cbf400 and mm->pgd =ffff000495271000.
Nov 24 21:14:46 ubuntu kernel: [    9.212735] [mitosis-origin] pgd_free for mm=ffff0004951b9c00 and pgd =ffff0004df2c1000 and mm->pgd=ffff0004df2c1000.
Nov 24 21:14:46 ubuntu kernel: [    9.213910] [mitosis-origin] pgd_alloc for mm=ffff0004951b9c00 and mm->pgd =ffff0004959a9000.
Nov 24 21:14:46 ubuntu kernel: [    9.214803] [mitosis-origin] pgd_free for mm=ffff000494cbf400 and pgd =ffff000495271000 and mm->pgd=ffff000495271000.
Nov 24 21:14:46 ubuntu kernel: [    9.217661] [mitosis-origin] pgd_free for mm=ffff000494cb8000 and pgd =ffff000494cd2000 and mm->pgd=ffff000494cd2000.
Nov 24 21:14:46 ubuntu kernel: [    9.219075] [mitosis-origin] pgd_alloc for mm=ffff000494dcac00 and mm->pgd =ffff0004df6ef000.
Nov 24 21:14:46 ubuntu kernel: [    9.220270] [mitosis-origin] pgd_alloc for mm=ffff000494cbd400 and mm->pgd =ffff000494d55000.
Nov 24 21:14:46 ubuntu kernel: [    9.221309] [mitosis-origin] pgd_free for mm=ffff000494dcac00 and pgd =ffff0004df6ef000 and mm->pgd=ffff0004df6ef000.
Nov 24 21:14:46 ubuntu kernel: [    9.223079] [mitosis-origin] pgd_alloc for mm=ffff000494cbac00 and mm->pgd =ffff000494dd2000.
Nov 24 21:14:46 ubuntu kernel: [    9.224283] [mitosis-origin] pgd_free for mm=ffff0004951b9c00 and pgd =ffff0004959a9000 and mm->pgd=ffff0004959a9000.
Nov 24 21:14:46 ubuntu kernel: [    9.227172] [mitosis-origin] pgd_alloc for mm=ffff0004951b9c00 and mm->pgd =ffff000495270000.
Nov 24 21:14:46 ubuntu kernel: [    9.229589] [mitosis-origin] pgd_free for mm=ffff000494cbac00 and pgd =ffff000494dd2000 and mm->pgd=ffff000494dd2000.
Nov 24 21:14:46 ubuntu kernel: [    9.233171] [mitosis-origin] pgd_free for mm=ffff000494cbb000 and pgd =ffff0004df2cb000 and mm->pgd=ffff0004df2cb000.
Nov 24 21:14:46 ubuntu kernel: [    9.234510] [mitosis-origin] pgd_alloc for mm=ffff00049514d400 and mm->pgd =ffff0004df2cb000.
Nov 24 21:14:46 ubuntu kernel: [    9.235637] [mitosis-origin] pgd_free for mm=ffff0004951b9c00 and pgd =ffff000495270000 and mm->pgd=ffff000495270000.
Nov 24 21:14:46 ubuntu kernel: [    9.236844] [mitosis-origin] pgd_alloc for mm=ffff0004951b9c00 and mm->pgd =ffff000495993000.
Nov 24 21:14:46 ubuntu kernel: [    9.237727] [mitosis-origin] pgd_free for mm=ffff00049514d400 and pgd =ffff0004df2cb000 and mm->pgd=ffff0004df2cb000.
Nov 24 21:14:46 ubuntu kernel: [    9.239244] [mitosis-origin] pgd_alloc for mm=ffff0004951be400 and mm->pgd =ffff000494d52000.
Nov 24 21:14:46 ubuntu kernel: [    9.240301] [mitosis-origin] pgd_alloc for mm=ffff00049514ac00 and mm->pgd =ffff00049518e000.
Nov 24 21:14:46 ubuntu kernel: [    9.241388] [mitosis-origin] pgd_free for mm=ffff0004951be400 and pgd =ffff000494d52000 and mm->pgd=ffff000494d52000.
Nov 24 21:14:46 ubuntu kernel: [    9.246124] [mitosis-origin] pgd_alloc for mm=ffff00049514c400 and mm->pgd =ffff00049515e000.
Nov 24 21:14:46 ubuntu kernel: [    9.247644] [mitosis-origin] pgd_alloc for mm=ffff0004951be000 and mm->pgd =ffff000494dd1000.
Nov 24 21:14:46 ubuntu kernel: [    9.249033] [mitosis-origin] pgd_free for mm=ffff00049514ac00 and pgd =ffff00049518e000 and mm->pgd=ffff00049518e000.
Nov 24 21:14:46 ubuntu kernel: [    9.250546] [mitosis-origin] pgd_alloc for mm=ffff00049514ac00 and mm->pgd =ffff00049553b000.
Nov 24 21:14:46 ubuntu kernel: [    9.251723] [mitosis-origin] pgd_free for mm=ffff0004951be000 and pgd =ffff000494dd1000 and mm->pgd=ffff000494dd1000.
Nov 24 21:14:46 ubuntu kernel: [    9.286874] [mitosis-origin] pgd_alloc for mm=ffff000494fb1400 and mm->pgd =ffff0004dfb13000.
Nov 24 21:14:46 ubuntu kernel: [    9.289731] [mitosis-origin] pgd_free for mm=ffff00049587a000 and pgd =ffff0004df1e6000 and mm->pgd=ffff0004df1e6000.
Nov 24 21:14:46 ubuntu kernel: [    9.290861] [mitosis-origin] pgd_alloc for mm=ffff000494fb0400 and mm->pgd =ffff0004dfb06000.
Nov 24 21:14:46 ubuntu kernel: [    9.292789] [mitosis-origin] pgd_alloc for mm=ffff0004951b8000 and mm->pgd =ffff0004df2cd000.
Nov 24 21:14:46 ubuntu kernel: [    9.293670] [mitosis-origin] pgd_free for mm=ffff00049514ac00 and pgd =ffff00049553b000 and mm->pgd=ffff00049553b000.
Nov 24 21:14:46 ubuntu kernel: [    9.293950] [mitosis-origin] pgd_alloc for mm=ffff000494fb4000 and mm->pgd =ffff0004deace000.
Nov 24 21:14:46 ubuntu kernel: [    9.294213] [mitosis-origin] pgd_alloc for mm=ffff000494fb1800 and mm->pgd =ffff0004958d3000.
Nov 24 21:14:46 ubuntu kernel: [    9.294538] [mitosis-origin] pgd_alloc for mm=ffff000494fb0800 and mm->pgd =ffff0004958e4000.
Nov 24 21:14:46 ubuntu kernel: [    9.294721] [mitosis-origin] pgd_free for mm=ffff000494cbd400 and pgd =ffff000494d55000 and mm->pgd=ffff000494d55000.
Nov 24 21:14:46 ubuntu kernel: [    9.294879] [mitosis-origin] pgd_alloc for mm=ffff000494fb6c00 and mm->pgd =ffff00049444d000.
Nov 24 21:14:46 ubuntu kernel: [    9.295260] [mitosis-origin] pgd_alloc for mm=ffff000494fb2000 and mm->pgd =ffff00049445f000.
Nov 24 21:14:46 ubuntu kernel: [    9.295660] [mitosis-origin] pgd_alloc for mm=ffff000494fb7800 and mm->pgd =ffff000494471000.
Nov 24 21:14:46 ubuntu kernel: [    9.296013] [mitosis-origin] pgd_alloc for mm=ffff0004944a0400 and mm->pgd =ffff0004dece2000.
Nov 24 21:14:46 ubuntu kernel: [    9.296861] [mitosis-origin] pgd_free for mm=ffff0004956d8c00 and pgd =ffff0004956ed000 and mm->pgd=ffff0004956ed000.
Nov 24 21:14:46 ubuntu kernel: [    9.297575] [mitosis-origin] pgd_alloc for mm=ffff000494fb7c00 and mm->pgd =ffff000494483000.
Nov 24 21:14:46 ubuntu kernel: [    9.297918] [mitosis-origin] pgd_free for mm=ffff0004951b8000 and pgd =ffff0004df2cd000 and mm->pgd=ffff0004df2cd000.
Nov 24 21:14:46 ubuntu kernel: [    9.297930] [mitosis-origin] pgd_alloc for mm=ffff000494fb6800 and mm->pgd =ffff000494503000.
Nov 24 21:14:46 ubuntu kernel: [    9.298213] [mitosis-origin] pgd_alloc for mm=ffff000494fb4800 and mm->pgd =ffff000494514000.
Nov 24 21:14:46 ubuntu kernel: [    9.298484] [mitosis-origin] pgd_alloc for mm=ffff000494fb5800 and mm->pgd =ffff000494527000.
Nov 24 21:14:46 ubuntu kernel: [    9.298782] [mitosis-origin] pgd_alloc for mm=ffff000494fb3000 and mm->pgd =ffff00049454d000.
Nov 24 21:14:46 ubuntu kernel: [    9.299115] [mitosis-origin] pgd_alloc for mm=ffff000494fb5000 and mm->pgd =ffff00049455e000.
Nov 24 21:14:46 ubuntu kernel: [    9.299411] [mitosis-origin] pgd_alloc for mm=ffff000494fb1c00 and mm->pgd =ffff000494571000.
Nov 24 21:14:46 ubuntu kernel: [    9.299699] [mitosis-origin] pgd_alloc for mm=ffff000494fb6400 and mm->pgd =ffff000494583000.
Nov 24 21:14:46 ubuntu kernel: [    9.299988] [mitosis-origin] pgd_alloc for mm=ffff000494fb6000 and mm->pgd =ffff0004945af000.
Nov 24 21:14:46 ubuntu kernel: [    9.315468] [mitosis-origin] pgd_alloc for mm=ffff000494fb0000 and mm->pgd =ffff0004945c1000.
Nov 24 21:14:46 ubuntu kernel: [    9.317160] [mitosis-origin] pgd_free for mm=ffff000495755c00 and pgd =ffff0004df432000 and mm->pgd=ffff0004df432000.
Nov 24 21:14:46 ubuntu kernel: [    9.317844] [mitosis-origin] pgd_free for mm=ffff000494cba800 and pgd =ffff00049526b000 and mm->pgd=ffff00049526b000.
Nov 24 21:14:46 ubuntu kernel: [    9.339236] [mitosis-origin] pgd_free for mm=ffff000494fb0000 and pgd =ffff0004945c1000 and mm->pgd=ffff0004945c1000.
Nov 24 21:14:46 ubuntu kernel: [    9.347317] [mitosis-origin] pgd_alloc for mm=ffff000494611800 and mm->pgd =ffff0004dedd3000.
Nov 24 21:14:46 ubuntu kernel: [    9.350229] [mitosis-origin] pgd_free for mm=ffff000494fb2000 and pgd =ffff00049445f000 and mm->pgd=ffff00049445f000.
Nov 24 21:14:46 ubuntu kernel: [    9.351100] [mitosis-origin] pgd_alloc for mm=ffff000494610800 and mm->pgd =ffff0004dede6000.
Nov 24 21:14:46 ubuntu kernel: [    9.352252] [mitosis-origin] pgd_alloc for mm=ffff0004951b8c00 and mm->pgd =ffff000494ccf000.
Nov 24 21:14:46 ubuntu kernel: [    9.355330] [mitosis-origin] pgd_alloc for mm=ffff000494616c00 and mm->pgd =ffff0004dedf8000.
Nov 24 21:14:46 ubuntu kernel: [    9.356007] [mitosis-origin] pgd_alloc for mm=ffff000494fb2000 and mm->pgd =ffff00049446a000.
Nov 24 21:14:46 ubuntu kernel: [    9.357780] [mitosis-origin] pgd_free for mm=ffff000495056c00 and pgd =ffff0004def21000 and mm->pgd=ffff0004def21000.
Nov 24 21:14:46 ubuntu kernel: [    9.357812] [mitosis-origin] pgd_alloc for mm=ffff000494612000 and mm->pgd =ffff000494ed9000.
Nov 24 21:14:46 ubuntu kernel: [    9.357984] [mitosis-origin] pgd_free for mm=ffff000494fb6400 and pgd =ffff000494583000 and mm->pgd=ffff000494583000.
Nov 24 21:14:46 ubuntu kernel: [    9.358071] [mitosis-origin] pgd_alloc for mm=ffff000494617800 and mm->pgd =ffff000494fc4000.
Nov 24 21:14:46 ubuntu kernel: [    9.358296] [mitosis-origin] pgd_alloc for mm=ffff000494617c00 and mm->pgd =ffff000494f95000.
Nov 24 21:14:46 ubuntu kernel: [    9.358513] [mitosis-origin] pgd_alloc for mm=ffff000494616800 and mm->pgd =ffff000494ea1000.
Nov 24 21:14:46 ubuntu kernel: [    9.358739] [mitosis-origin] pgd_alloc for mm=ffff000494614800 and mm->pgd =ffff000494f67000.
Nov 24 21:14:46 ubuntu kernel: [    9.358918] [mitosis-origin] pgd_free for mm=ffff000494fb3000 and pgd =ffff00049454d000 and mm->pgd=ffff00049454d000.
Nov 24 21:14:46 ubuntu kernel: [    9.358964] [mitosis-origin] pgd_alloc for mm=ffff000494615800 and mm->pgd =ffff0004946f1000.
Nov 24 21:14:46 ubuntu kernel: [    9.359046] [mitosis-origin] pgd_free for mm=ffff0004951b8c00 and pgd =ffff000494ccf000 and mm->pgd=ffff000494ccf000.
Nov 24 21:14:46 ubuntu kernel: [    9.359198] [mitosis-origin] pgd_alloc for mm=ffff000494613000 and mm->pgd =ffff000494704000.
Nov 24 21:14:46 ubuntu kernel: [    9.359440] [mitosis-origin] pgd_alloc for mm=ffff000494615000 and mm->pgd =ffff000494721000.
Nov 24 21:14:46 ubuntu kernel: [    9.359671] [mitosis-origin] pgd_alloc for mm=ffff000494611c00 and mm->pgd =ffff000494733000.
Nov 24 21:14:46 ubuntu kernel: [    9.359855] [mitosis-origin] pgd_free for mm=ffff000494fb7c00 and pgd =ffff000494483000 and mm->pgd=ffff000494483000.
Nov 24 21:14:46 ubuntu kernel: [    9.359924] [mitosis-origin] pgd_alloc for mm=ffff000494616400 and mm->pgd =ffff000494746000.
Nov 24 21:14:46 ubuntu kernel: [    9.360239] [mitosis-origin] pgd_alloc for mm=ffff000494616000 and mm->pgd =ffff000494758000.
Nov 24 21:14:46 ubuntu kernel: [    9.373630] [mitosis-origin] pgd_alloc for mm=ffff000494610000 and mm->pgd =ffff000494fa9000.
Nov 24 21:14:46 ubuntu kernel: [    9.374696] [mitosis-origin] pgd_alloc for mm=ffff000494610c00 and mm->pgd =ffff00049467f000.
Nov 24 21:14:46 ubuntu kernel: [    9.375746] [mitosis-origin] pgd_alloc for mm=ffff000494612800 and mm->pgd =ffff00049465d000.
Nov 24 21:14:46 ubuntu kernel: [    9.376883] [mitosis-origin] pgd_alloc for mm=ffff000494617400 and mm->pgd =ffff00049479b000.
Nov 24 21:14:46 ubuntu kernel: [    9.377929] [mitosis-origin] pgd_alloc for mm=ffff000494615400 and mm->pgd =ffff0004947ae000.
Nov 24 21:14:46 ubuntu kernel: [    9.378963] [mitosis-origin] pgd_alloc for mm=ffff000494612c00 and mm->pgd =ffff0004947bf000.
Nov 24 21:14:46 ubuntu kernel: [    9.379984] [mitosis-origin] pgd_alloc for mm=ffff000494614400 and mm->pgd =ffff0004947d3000.
Nov 24 21:14:46 ubuntu kernel: [    9.381131] [mitosis-origin] pgd_alloc for mm=ffff000494615c00 and mm->pgd =ffff0004947ef000.
Nov 24 21:14:46 ubuntu kernel: [    9.382178] [mitosis-origin] pgd_alloc for mm=ffff000494613800 and mm->pgd =ffff000494000000.
Nov 24 21:14:46 ubuntu kernel: [    9.383220] [mitosis-origin] pgd_alloc for mm=ffff000494612400 and mm->pgd =ffff000494013000.
Nov 24 21:14:46 ubuntu kernel: [    9.384272] [mitosis-origin] pgd_free for mm=ffff000494fb6800 and pgd =ffff000494503000 and mm->pgd=ffff000494503000.
Nov 24 21:14:46 ubuntu kernel: [    9.384361] [mitosis-origin] pgd_alloc for mm=ffff000494614c00 and mm->pgd =ffff000494030000.
Nov 24 21:14:46 ubuntu kernel: [    9.386398] [mitosis-origin] pgd_alloc for mm=ffff000494617000 and mm->pgd =ffff000494042000.
Nov 24 21:14:46 ubuntu kernel: [    9.387389] [mitosis-origin] pgd_alloc for mm=ffff000494613c00 and mm->pgd =ffff000494055000.
Nov 24 21:14:46 ubuntu kernel: [    9.388453] [mitosis-origin] pgd_alloc for mm=ffff000494611000 and mm->pgd =ffff00049407a000.
Nov 24 21:14:46 ubuntu kernel: [    9.389437] [mitosis-origin] pgd_alloc for mm=ffff000494613400 and mm->pgd =ffff00049408b000.
Nov 24 21:14:46 ubuntu kernel: [    9.390420] [mitosis-origin] pgd_alloc for mm=ffff000494611400 and mm->pgd =ffff00049409e000.
Nov 24 21:14:46 ubuntu kernel: [    9.391390] [mitosis-origin] pgd_alloc for mm=ffff000494610400 and mm->pgd =ffff0004940b0000.
Nov 24 21:14:46 ubuntu kernel: [    9.392649] [mitosis-origin] pgd_alloc for mm=ffff000494614000 and mm->pgd =ffff0004940d4000.
Nov 24 21:14:46 ubuntu kernel: [    9.394558] [mitosis-origin] pgd_free for mm=ffff000495121c00 and pgd =ffff0004de445000 and mm->pgd=ffff0004de445000.
Nov 24 21:14:46 ubuntu kernel: [    9.394632] [mitosis-origin] pgd_free for mm=ffff00049587fc00 and pgd =ffff00049536f000 and mm->pgd=ffff00049536f000.
Nov 24 21:14:46 ubuntu kernel: [    9.394640] [mitosis-origin] pgd_free for mm=ffff0004951c4800 and pgd =ffff000494c45000 and mm->pgd=ffff000494c45000.
Nov 24 21:14:46 ubuntu kernel: [    9.394753] [mitosis-origin] pgd_free for mm=ffff000494fb7800 and pgd =ffff000494471000 and mm->pgd=ffff000494471000.
Nov 24 21:14:46 ubuntu kernel: [    9.395786] [mitosis-origin] pgd_free for mm=ffff000494fb4800 and pgd =ffff000494514000 and mm->pgd=ffff000494514000.
