Nov 25 23:57:59 ubuntu systemd[1]: Starting Flush Journal to Persistent Storage...
Nov 25 23:57:59 ubuntu kernel: [    0.000000] Booting Linux on physical CPU 0x0000080000 [0x481fd010]
Nov 25 23:57:59 ubuntu systemd[1]: Started udev Coldplug all Devices.
Nov 25 23:57:59 ubuntu kernel: [    0.000000] Linux version 5.7.1 (root@ubuntu) (gcc version 7.5.0 (Ubuntu/Linaro 7.5.0-3ubuntu1~18.04), GNU ld (GNU Binutils for Ubuntu) 2.30) #1 SMP Wed Nov 25 23:18:04 CST 2020
Nov 25 23:57:59 ubuntu kernel: [    0.000000] efi: EFI v2.70 by EDK II
Nov 25 23:57:59 ubuntu kernel: [    0.000000] efi:  ACPI 2.0=0x2fc50000  SMBIOS 3.0=0x2fbf0000  MEMATTR=0x35e92018  ESRT=0x36117b18  MEMRESERVE=0x2fb93018 
Nov 25 23:57:59 ubuntu systemd[1]: Started LVM2 metadata daemon.
Nov 25 23:57:59 ubuntu kernel: [    0.000000] esrt: Reserving ESRT space from 0x0000000036117b18 to 0x0000000036117b50.
Nov 25 23:57:59 ubuntu kernel: [    0.000000] cma: Reserved 32 MiB at 0x000000007e000000
Nov 25 23:57:59 ubuntu kernel: [    0.000000] ACPI: Early table checksum verification disabled
Nov 25 23:57:59 ubuntu systemd[1]: Started Monitoring of LVM2 mirrors, snapshots etc. using dmeventd or progress polling.
Nov 25 23:57:59 ubuntu kernel: [    0.000000] ACPI: RSDP 0x000000002FC50000 000024 (v02 HISI  )
Nov 25 23:57:59 ubuntu kernel: [    0.000000] ACPI: XSDT 0x000000002FC40000 0000A4 (v01 HISI   HIP08    00000000      01000013)
Nov 25 23:57:59 ubuntu kernel: [    0.000000] ACPI: FACP 0x000000002F790000 000114 (v06 HISI   HIP08    00000000 HISI 20151124)
Nov 25 23:57:59 ubuntu systemd[1]: Activated swap /swapfile.
Nov 25 23:57:59 ubuntu kernel: [    0.000000] ACPI: DSDT 0x000000002F530000 00C441 (v02 HISI   HIP08    00000000 INTL 20181213)
Nov 25 23:57:59 ubuntu systemd[1]: Reached target Swap.
Nov 25 23:57:59 ubuntu systemd[1]: Started Create Static Device Nodes in /dev.
Nov 25 23:57:59 ubuntu kernel: [    0.000000] ACPI: PCCT 0x000000002FC30000 00008A (v01 HISI   HIP08    00000000 HISI 20151124)
Nov 25 23:57:59 ubuntu kernel: [    0.000000] ACPI: SSDT 0x000000002FC20000 00E64A (v02 HISI   HIP07    00000000 INTL 20181213)
Nov 25 23:57:59 ubuntu systemd[1]: Starting udev Kernel Device Manager...
Nov 25 23:57:59 ubuntu kernel: [    0.000000] ACPI: BERT 0x000000002FBC0000 000030 (v01 HISI   HIP08    00000000 HISI 20151124)
Nov 25 23:57:59 ubuntu kernel: [    0.000000] ACPI: HEST 0x000000002FBA0000 00058C (v01 HISI   HIP08    00000000 HISI 20151124)
Nov 25 23:57:59 ubuntu systemd[1]: Started Set the console keyboard layout.
Nov 25 23:57:59 ubuntu kernel: [    0.000000] ACPI: ERST 0x000000002FB60000 000230 (v01 HISI   HIP08    00000000 HISI 20151124)
Nov 25 23:57:59 ubuntu kernel: [    0.000000] ACPI: EINJ 0x000000002FB50000 000170 (v01 HISI   HIP08    00000000 HISI 20151124)
Nov 25 23:57:59 ubuntu systemd[1]: Reached target Local File Systems (Pre).
Nov 25 23:57:59 ubuntu kernel: [    0.000000] ACPI: GTDT 0x000000002F590000 00007C (v02 HISI   HIP08    00000000 HISI 20151124)
Nov 25 23:57:59 ubuntu kernel: [    0.000000] ACPI: MCFG 0x000000002F580000 00003C (v01 HISI   HIP08    00000000 HISI 20151124)
Nov 25 23:57:59 ubuntu kernel: [    0.000000] ACPI: SLIT 0x000000002F570000 00003C (v01 HISI   HIP08    00000000 HISI 20151124)
Nov 25 23:57:59 ubuntu kernel: [    0.000000] ACPI: SRAT 0x000000002F560000 0007D0 (v03 HISI   HIP08    00000000 HISI 20151124)
Nov 25 23:57:59 ubuntu kernel: [    0.000000] ACPI: SDEI 0x000000002F550000 000030 (v01 HISI   HIP08    00000000 HISI 20151124)
Nov 25 23:57:59 ubuntu systemd-modules-load[1502]: Inserted module 'lp'
Nov 25 23:57:59 ubuntu kernel: [    0.000000] ACPI: APIC 0x000000002F540000 001E6C (v04 HISI   HIP08    00000000 HISI 20151124)
Nov 25 23:57:59 ubuntu kernel: [    0.000000] ACPI: IORT 0x000000002F520000 001678 (v00 HISI   HIP08    00000000 INTL 20181213)
Nov 25 23:57:59 ubuntu kernel: [    0.000000] ACPI: PPTT 0x000000002ECE0000 0031B0 (v01 HISI   HIP08    00000000 HISI 20151124)
Nov 25 23:57:59 ubuntu kernel: [    0.000000] ACPI: SPMI 0x000000002ECD0000 000041 (v05 HISI   HIP08    00000000 HISI 20151124)
Nov 25 23:57:59 ubuntu systemd-modules-load[1502]: Inserted module 'ppdev'
Nov 25 23:57:59 ubuntu kernel: [    0.000000] ACPI: SRAT: Node 0 PXM 0 [mem 0x2080000000-0x27ffffffff]
Nov 25 23:57:59 ubuntu kernel: [    0.000000] ACPI: SRAT: Node 1 PXM 1 [mem 0x2800000000-0x2fffffffff]
Nov 25 23:57:59 ubuntu kernel: [    0.000000] ACPI: SRAT: Node 0 PXM 0 [mem 0x00000000-0x7fffffff]
Nov 25 23:57:59 ubuntu kernel: [    0.000000] ACPI: SRAT: Node 2 PXM 2 [mem 0x202000000000-0x2027ffffffff]
Nov 25 23:57:59 ubuntu kernel: [    0.000000] ACPI: SRAT: Node 3 PXM 3 [mem 0x202800000000-0x202fffffffff]
Nov 25 23:57:59 ubuntu systemd-modules-load[1502]: Failed to find module 'parport_pc'
Nov 25 23:57:59 ubuntu kernel: [    0.000000] NUMA: NODE_DATA [mem 0x27ffffc300-0x27ffffffff]
Nov 25 23:57:59 ubuntu kernel: [    0.000000] NUMA: NODE_DATA [mem 0x2fffffc300-0x2fffffffff]
Nov 25 23:57:59 ubuntu systemd-modules-load[1502]: Inserted module 'iscsi_tcp'
Nov 25 23:57:59 ubuntu kernel: [    0.000000] NUMA: NODE_DATA [mem 0x2027ffffc300-0x2027ffffffff]
Nov 25 23:57:59 ubuntu kernel: [    0.000000] NUMA: NODE_DATA [mem 0x202ff0000300-0x202ff0003fff]
Nov 25 23:57:59 ubuntu kernel: [    0.000000] Zone ranges:
Nov 25 23:57:59 ubuntu kernel: [    0.000000]   DMA      [mem 0x0000000000000000-0x000000003fffffff]
Nov 25 23:57:59 ubuntu systemd-modules-load[1502]: Inserted module 'ib_iser'
Nov 25 23:57:59 ubuntu kernel: [    0.000000]   DMA32    [mem 0x0000000040000000-0x00000000ffffffff]
Nov 25 23:57:59 ubuntu kernel: [    0.000000]   Normal   [mem 0x0000000100000000-0x0000202fffffffff]
Nov 25 23:57:59 ubuntu kernel: [    0.000000] Movable zone start for each node
Nov 25 23:57:59 ubuntu kernel: [    0.000000] Early memory node ranges
Nov 25 23:57:59 ubuntu kernel: [    0.000000]   node   0: [mem 0x0000000000000000-0x000000000000ffff]
Nov 25 23:57:59 ubuntu systemd[1]: systemd-modules-load.service: Main process exited, code=exited, status=1/FAILURE
Nov 25 23:57:59 ubuntu kernel: [    0.000000]   node   0: [mem 0x0000000000010000-0x000000002e4f2fff]
Nov 25 23:57:59 ubuntu kernel: [    0.000000]   node   0: [mem 0x000000002e4f3000-0x000000002eccffff]
Nov 25 23:57:59 ubuntu systemd[1]: systemd-modules-load.service: Failed with result 'exit-code'.
Nov 25 23:57:59 ubuntu kernel: [    0.000000]   node   0: [mem 0x000000002ecd0000-0x000000002f59ffff]
Nov 25 23:57:59 ubuntu kernel: [    0.000000]   node   0: [mem 0x000000002f5a0000-0x000000002f78ffff]
Nov 25 23:57:59 ubuntu kernel: [    0.000000]   node   0: [mem 0x000000002f790000-0x000000002f79ffff]
Nov 25 23:57:59 ubuntu kernel: [    0.000000]   node   0: [mem 0x000000002f7a0000-0x000000002f87ffff]
Nov 25 23:57:59 ubuntu kernel: [    0.000000]   node   0: [mem 0x000000002f880000-0x000000002f8bffff]
Nov 25 23:57:59 ubuntu systemd[1]: Failed to start Load Kernel Modules.
Nov 25 23:57:59 ubuntu kernel: [    0.000000]   node   0: [mem 0x000000002f8c0000-0x000000002f95ffff]
Nov 25 23:57:59 ubuntu kernel: [    0.000000]   node   0: [mem 0x000000002f960000-0x000000002f97ffff]
Nov 25 23:57:59 ubuntu kernel: [    0.000000]   node   0: [mem 0x000000002f980000-0x000000002fabffff]
Nov 25 23:57:59 ubuntu kernel: [    0.000000]   node   0: [mem 0x000000002fac0000-0x000000002fb6ffff]
Nov 25 23:57:59 ubuntu kernel: [    0.000000]   node   0: [mem 0x000000002fb70000-0x000000002fb71fff]
Nov 25 23:57:59 ubuntu kernel: [    0.000000]   node   0: [mem 0x000000002fb72000-0x000000002fb7ffff]
Nov 25 23:57:59 ubuntu kernel: [    0.000000]   node   0: [mem 0x000000002fb80000-0x000000002fb80fff]
Nov 25 23:57:59 ubuntu kernel: [    0.000000]   node   0: [mem 0x000000002fb81000-0x000000002fb8ffff]
Nov 25 23:57:59 ubuntu kernel: [    0.000000]   node   0: [mem 0x000000002fb90000-0x000000002fb91fff]
Nov 25 23:57:59 ubuntu systemd[1]: Mounting Kernel Configuration File System...
Nov 25 23:57:59 ubuntu kernel: [    0.000000]   node   0: [mem 0x000000002fb92000-0x000000002fbaffff]
Nov 25 23:57:59 ubuntu kernel: [    0.000000]   node   0: [mem 0x000000002fbb0000-0x000000002fbb1fff]
Nov 25 23:57:59 ubuntu systemd[1]: Starting Apply Kernel Variables...
Nov 25 23:57:59 ubuntu kernel: [    0.000000]   node   0: [mem 0x000000002fbb2000-0x000000002fbcffff]
Nov 25 23:57:59 ubuntu kernel: [    0.000000]   node   0: [mem 0x000000002fbd0000-0x000000002fbd0fff]
Nov 25 23:57:59 ubuntu kernel: [    0.000000]   node   0: [mem 0x000000002fbd1000-0x000000002fbdffff]
Nov 25 23:57:59 ubuntu systemd[1]: Mounting FUSE Control File System...
Nov 25 23:57:59 ubuntu kernel: [    0.000000]   node   0: [mem 0x000000002fbe0000-0x000000002fbfffff]
Nov 25 23:57:59 ubuntu kernel: [    0.000000]   node   0: [mem 0x000000002fc00000-0x000000002fc5ffff]
Nov 25 23:57:59 ubuntu kernel: [    0.000000]   node   0: [mem 0x000000002fc60000-0x000000002fe5ffff]
Nov 25 23:57:59 ubuntu kernel: [    0.000000]   node   0: [mem 0x000000002fe60000-0x000000002fe60fff]
Nov 25 23:57:59 ubuntu systemd[1]: Mounted Kernel Configuration File System.
Nov 25 23:57:59 ubuntu kernel: [    0.000000]   node   0: [mem 0x000000002fe61000-0x000000002fe64fff]
Nov 25 23:57:59 ubuntu kernel: [    0.000000]   node   0: [mem 0x000000002fe65000-0x000000002fe6afff]
Nov 25 23:57:59 ubuntu kernel: [    0.000000]   node   0: [mem 0x000000002fe6b000-0x000000002fe6bfff]
Nov 25 23:57:59 ubuntu kernel: [    0.000000]   node   0: [mem 0x000000002fe6c000-0x000000003f02ffff]
Nov 25 23:57:59 ubuntu systemd[1]: Mounted FUSE Control File System.
Nov 25 23:57:59 ubuntu kernel: [    0.000000]   node   0: [mem 0x000000003f030000-0x000000003f05ffff]
Nov 25 23:57:59 ubuntu kernel: [    0.000000]   node   0: [mem 0x000000003f060000-0x000000003fbfffff]
Nov 25 23:57:59 ubuntu kernel: [    0.000000]   node   0: [mem 0x0000000040000000-0x0000000043ffffff]
Nov 25 23:57:59 ubuntu kernel: [    0.000000]   node   0: [mem 0x0000000044030000-0x000000004fffffff]
Nov 25 23:57:59 ubuntu kernel: [    0.000000]   node   0: [mem 0x0000000050000000-0x000000007fffffff]
Nov 25 23:57:59 ubuntu systemd[1]: Started Apply Kernel Variables.
Nov 25 23:57:59 ubuntu kernel: [    0.000000]   node   0: [mem 0x0000002080000000-0x00000027ffffffff]
Nov 25 23:57:59 ubuntu kernel: [    0.000000]   node   1: [mem 0x0000002800000000-0x0000002fffffffff]
Nov 25 23:57:59 ubuntu systemd[1]: Started udev Kernel Device Manager.
Nov 25 23:57:59 ubuntu kernel: [    0.000000]   node   2: [mem 0x0000202000000000-0x00002027ffffffff]
Nov 25 23:57:59 ubuntu systemd[1]: Started Dispatch Password Requests to Console Directory Watch.
Nov 25 23:57:59 ubuntu kernel: [    0.000000]   node   3: [mem 0x0000202800000000-0x0000202fffffffff]
Nov 25 23:57:59 ubuntu kernel: [    0.000000] Zeroed struct page in unavailable ranges: 829 pages
Nov 25 23:57:59 ubuntu systemd[1]: Reached target Local Encrypted Volumes.
Nov 25 23:57:59 ubuntu kernel: [    0.000000] Initmem setup node 0 [mem 0x0000000000000000-0x00000027ffffffff]
Nov 25 23:57:59 ubuntu kernel: [    0.000000] On node 0 totalpages: 8387536
Nov 25 23:57:59 ubuntu systemd[1]: Started Flush Journal to Persistent Storage.
Nov 25 23:57:59 ubuntu kernel: [    0.000000]   DMA zone: 5120 pages used for memmap
Nov 25 23:57:59 ubuntu kernel: [    0.000000]   DMA zone: 0 pages reserved
Nov 25 23:57:59 ubuntu kernel: [    0.000000]   DMA zone: 261120 pages, LIFO batch:63
Nov 25 23:57:59 ubuntu kernel: [    0.000000]   DMA32 zone: 5120 pages used for memmap
Nov 25 23:57:59 ubuntu kernel: [    0.000000]   DMA32 zone: 262096 pages, LIFO batch:63
Nov 25 23:57:59 ubuntu kernel: [    0.000000]   Normal zone: 153600 pages used for memmap
Nov 25 23:57:59 ubuntu kernel: [    0.000000]   Normal zone: 7864320 pages, LIFO batch:63
Nov 25 23:57:59 ubuntu systemd-udevd[1633]: link_config: autonegotiation is unset or enabled, the speed and duplex are not writable.
Nov 25 23:57:59 ubuntu kernel: [    0.000000] Initmem setup node 1 [mem 0x0000002800000000-0x0000002fffffffff]
Nov 25 23:57:59 ubuntu kernel: [    0.000000] On node 1 totalpages: 8388608
Nov 25 23:57:59 ubuntu kernel: [    0.000000]   Normal zone: 163840 pages used for memmap
Nov 25 23:57:59 ubuntu kernel: [    0.000000]   Normal zone: 8388608 pages, LIFO batch:63
Nov 25 23:57:59 ubuntu kernel: [    0.000000] Initmem setup node 2 [mem 0x0000202000000000-0x00002027ffffffff]
Nov 25 23:57:59 ubuntu kernel: [    0.000000] On node 2 totalpages: 8388608
Nov 25 23:57:59 ubuntu systemd-udevd[1559]: link_config: autonegotiation is unset or enabled, the speed and duplex are not writable.
Nov 25 23:57:59 ubuntu kernel: [    0.000000]   Normal zone: 163840 pages used for memmap
Nov 25 23:57:59 ubuntu kernel: [    0.000000]   Normal zone: 8388608 pages, LIFO batch:63
Nov 25 23:57:59 ubuntu kernel: [    0.000000] Initmem setup node 3 [mem 0x0000202800000000-0x0000202fffffffff]
Nov 25 23:57:59 ubuntu kernel: [    0.000000] On node 3 totalpages: 8388608
Nov 25 23:57:59 ubuntu kernel: [    0.000000]   Normal zone: 163840 pages used for memmap
Nov 25 23:57:59 ubuntu kernel: [    0.000000]   Normal zone: 8388608 pages, LIFO batch:63
Nov 25 23:57:59 ubuntu kernel: [    0.000000] psci: probing for conduit method from ACPI.
Nov 25 23:57:59 ubuntu kernel: [    0.000000] psci: PSCIv1.1 detected in firmware.
Nov 25 23:57:59 ubuntu kernel: [    0.000000] psci: Using standard PSCI v0.2 function IDs
Nov 25 23:57:59 ubuntu kernel: [    0.000000] psci: MIGRATE_INFO_TYPE not supported.
Nov 25 23:57:59 ubuntu kernel: [    0.000000] psci: SMC Calling Convention v1.1
Nov 25 23:57:59 ubuntu systemd-udevd[1572]: link_config: autonegotiation is unset or enabled, the speed and duplex are not writable.
Nov 25 23:57:59 ubuntu systemd-udevd[1564]: link_config: autonegotiation is unset or enabled, the speed and duplex are not writable.
Nov 25 23:57:59 ubuntu mtp-probe: checking bus 5, device 3: "/sys/devices/pci0000:7a/0000:7a:02.0/usb5/5-1/5-1.2"
Nov 25 23:57:59 ubuntu mtp-probe: checking bus 1, device 3: "/sys/devices/pci0000:7a/0000:7a:01.0/usb1/1-1/1-1.1"
Nov 25 23:57:59 ubuntu mtp-probe: bus: 1, device: 3 was not an MTP device
Nov 25 23:57:59 ubuntu mtp-probe: bus: 5, device: 3 was not an MTP device
Nov 25 23:57:59 ubuntu systemd[1]: Listening on Load/Save RF Kill Switch Status /dev/rfkill Watch.
Nov 25 23:57:59 ubuntu systemd-udevd[1599]: link_config: autonegotiation is unset or enabled, the speed and duplex are not writable.
Nov 25 23:57:59 ubuntu systemd[1]: Found device HW-SAS3508 EFI\x20System\x20Partition.
Nov 25 23:57:59 ubuntu systemd[1]: Starting File System Check on /dev/disk/by-uuid/71BE-99A8...
Nov 25 23:57:59 ubuntu kernel: [    0.000000] ACPI: NUMA: SRAT: PXM 0 -> MPIDR 0x80000 -> Node 0
Nov 25 23:57:59 ubuntu kernel: [    0.000000] ACPI: NUMA: SRAT: PXM 0 -> MPIDR 0x80100 -> Node 0
Nov 25 23:57:59 ubuntu kernel: [    0.000000] ACPI: NUMA: SRAT: PXM 0 -> MPIDR 0x80200 -> Node 0
Nov 25 23:57:59 ubuntu kernel: [    0.000000] ACPI: NUMA: SRAT: PXM 0 -> MPIDR 0x80300 -> Node 0
Nov 25 23:57:59 ubuntu kernel: [    0.000000] ACPI: NUMA: SRAT: PXM 0 -> MPIDR 0x90000 -> Node 0
Nov 25 23:57:59 ubuntu kernel: [    0.000000] ACPI: NUMA: SRAT: PXM 0 -> MPIDR 0x90100 -> Node 0
Nov 25 23:57:59 ubuntu kernel: [    0.000000] ACPI: NUMA: SRAT: PXM 0 -> MPIDR 0x90200 -> Node 0
Nov 25 23:57:59 ubuntu kernel: [    0.000000] ACPI: NUMA: SRAT: PXM 0 -> MPIDR 0x90300 -> Node 0
Nov 25 23:57:59 ubuntu systemd[1]: Started File System Check Daemon to report status.
Nov 25 23:57:59 ubuntu kernel: [    0.000000] ACPI: NUMA: SRAT: PXM 0 -> MPIDR 0xa0000 -> Node 0
Nov 25 23:57:59 ubuntu kernel: [    0.000000] ACPI: NUMA: SRAT: PXM 0 -> MPIDR 0xa0100 -> Node 0
Nov 25 23:57:59 ubuntu kernel: [    0.000000] ACPI: NUMA: SRAT: PXM 0 -> MPIDR 0xa0200 -> Node 0
Nov 25 23:57:59 ubuntu kernel: [    0.000000] ACPI: NUMA: SRAT: PXM 0 -> MPIDR 0xa0300 -> Node 0
Nov 25 23:57:59 ubuntu systemd-fsck[1977]: fsck.fat 4.1 (2017-01-24)
Nov 25 23:57:59 ubuntu kernel: [    0.000000] ACPI: NUMA: SRAT: PXM 0 -> MPIDR 0xb0000 -> Node 0
Nov 25 23:57:59 ubuntu systemd-fsck[1977]: /dev/sda1: 5 files, 35/65501 clusters
Nov 25 23:57:59 ubuntu kernel: [    0.000000] ACPI: NUMA: SRAT: PXM 0 -> MPIDR 0xb0100 -> Node 0
Nov 25 23:57:59 ubuntu kernel: [    0.000000] ACPI: NUMA: SRAT: PXM 0 -> MPIDR 0xb0200 -> Node 0
Nov 25 23:57:59 ubuntu kernel: [    0.000000] ACPI: NUMA: SRAT: PXM 0 -> MPIDR 0xb0300 -> Node 0
Nov 25 23:57:59 ubuntu systemd[1]: Started File System Check on /dev/disk/by-uuid/71BE-99A8.
Nov 25 23:57:59 ubuntu kernel: [    0.000000] ACPI: NUMA: SRAT: PXM 0 -> MPIDR 0xc0000 -> Node 0
Nov 25 23:57:59 ubuntu kernel: [    0.000000] ACPI: NUMA: SRAT: PXM 0 -> MPIDR 0xc0100 -> Node 0
Nov 25 23:57:59 ubuntu kernel: [    0.000000] ACPI: NUMA: SRAT: PXM 0 -> MPIDR 0xc0200 -> Node 0
Nov 25 23:57:59 ubuntu systemd[1]: Mounting /boot/efi...
Nov 25 23:57:59 ubuntu kernel: [    0.000000] ACPI: NUMA: SRAT: PXM 0 -> MPIDR 0xc0300 -> Node 0
Nov 25 23:57:59 ubuntu kernel: [    0.000000] ACPI: NUMA: SRAT: PXM 0 -> MPIDR 0xd0000 -> Node 0
Nov 25 23:57:59 ubuntu kernel: [    0.000000] ACPI: NUMA: SRAT: PXM 0 -> MPIDR 0xd0100 -> Node 0
Nov 25 23:57:59 ubuntu systemd[1]: Mounted /boot/efi.
Nov 25 23:57:59 ubuntu kernel: [    0.000000] ACPI: NUMA: SRAT: PXM 0 -> MPIDR 0xd0200 -> Node 0
Nov 25 23:57:59 ubuntu kernel: [    0.000000] ACPI: NUMA: SRAT: PXM 0 -> MPIDR 0xd0300 -> Node 0
Nov 25 23:57:59 ubuntu kernel: [    0.000000] ACPI: NUMA: SRAT: PXM 1 -> MPIDR 0x180000 -> Node 1
Nov 25 23:57:59 ubuntu kernel: [    0.000000] ACPI: NUMA: SRAT: PXM 1 -> MPIDR 0x180100 -> Node 1
Nov 25 23:57:59 ubuntu systemd[1]: Reached target Local File Systems.
Nov 25 23:57:59 ubuntu kernel: [    0.000000] ACPI: NUMA: SRAT: PXM 1 -> MPIDR 0x180200 -> Node 1
Nov 25 23:57:59 ubuntu kernel: [    0.000000] ACPI: NUMA: SRAT: PXM 1 -> MPIDR 0x180300 -> Node 1
Nov 25 23:57:59 ubuntu kernel: [    0.000000] ACPI: NUMA: SRAT: PXM 1 -> MPIDR 0x190000 -> Node 1
Nov 25 23:57:59 ubuntu kernel: [    0.000000] ACPI: NUMA: SRAT: PXM 1 -> MPIDR 0x190100 -> Node 1
Nov 25 23:57:59 ubuntu kernel: [    0.000000] ACPI: NUMA: SRAT: PXM 1 -> MPIDR 0x190200 -> Node 1
Nov 25 23:57:59 ubuntu kernel: [    0.000000] ACPI: NUMA: SRAT: PXM 1 -> MPIDR 0x190300 -> Node 1
Nov 25 23:57:59 ubuntu systemd[1]: Starting Set console font and keymap...
Nov 25 23:57:59 ubuntu kernel: [    0.000000] ACPI: NUMA: SRAT: PXM 1 -> MPIDR 0x1a0000 -> Node 1
Nov 25 23:57:59 ubuntu kernel: [    0.000000] ACPI: NUMA: SRAT: PXM 1 -> MPIDR 0x1a0100 -> Node 1
Nov 25 23:57:59 ubuntu kernel: [    0.000000] ACPI: NUMA: SRAT: PXM 1 -> MPIDR 0x1a0200 -> Node 1
Nov 25 23:57:59 ubuntu systemd[1]: Starting AppArmor initialization...
Nov 25 23:57:59 ubuntu kernel: [    0.000000] ACPI: NUMA: SRAT: PXM 1 -> MPIDR 0x1a0300 -> Node 1
Nov 25 23:57:59 ubuntu kernel: [    0.000000] ACPI: NUMA: SRAT: PXM 1 -> MPIDR 0x1b0000 -> Node 1
Nov 25 23:57:59 ubuntu kernel: [    0.000000] ACPI: NUMA: SRAT: PXM 1 -> MPIDR 0x1b0100 -> Node 1
Nov 25 23:57:59 ubuntu kernel: [    0.000000] ACPI: NUMA: SRAT: PXM 1 -> MPIDR 0x1b0200 -> Node 1
Nov 25 23:57:59 ubuntu systemd[1]: Starting Clean up any mess left by 0dns-up...
Nov 25 23:57:59 ubuntu kernel: [    0.000000] ACPI: NUMA: SRAT: PXM 1 -> MPIDR 0x1b0300 -> Node 1
Nov 25 23:57:59 ubuntu kernel: [    0.000000] ACPI: NUMA: SRAT: PXM 1 -> MPIDR 0x1c0000 -> Node 1
Nov 25 23:57:59 ubuntu kernel: [    0.000000] ACPI: NUMA: SRAT: PXM 1 -> MPIDR 0x1c0100 -> Node 1
Nov 25 23:57:59 ubuntu systemd[1]: Starting Tell Plymouth To Write Out Runtime Data...
Nov 25 23:57:59 ubuntu kernel: [    0.000000] ACPI: NUMA: SRAT: PXM 1 -> MPIDR 0x1c0200 -> Node 1
Nov 25 23:57:59 ubuntu kernel: [    0.000000] ACPI: NUMA: SRAT: PXM 1 -> MPIDR 0x1c0300 -> Node 1
Nov 25 23:57:59 ubuntu kernel: [    0.000000] ACPI: NUMA: SRAT: PXM 1 -> MPIDR 0x1d0000 -> Node 1
Nov 25 23:57:59 ubuntu systemd[1]: Starting QEMU KVM preparation - module, ksm, hugepages...
Nov 25 23:57:59 ubuntu systemd[1]: Starting ebtables ruleset management...
Nov 25 23:57:59 ubuntu kernel: [    0.000000] ACPI: NUMA: SRAT: PXM 1 -> MPIDR 0x1d0100 -> Node 1
Nov 25 23:57:59 ubuntu kernel: [    0.000000] ACPI: NUMA: SRAT: PXM 1 -> MPIDR 0x1d0200 -> Node 1
Nov 25 23:57:59 ubuntu systemd[1]: Starting Create Volatile Files and Directories...
Nov 25 23:57:59 ubuntu kernel: [    0.000000] ACPI: NUMA: SRAT: PXM 1 -> MPIDR 0x1d0300 -> Node 1
Nov 25 23:57:59 ubuntu kernel: [    0.000000] ACPI: NUMA: SRAT: PXM 2 -> MPIDR 0x280000 -> Node 2
Nov 25 23:57:59 ubuntu kernel: [    0.000000] ACPI: NUMA: SRAT: PXM 2 -> MPIDR 0x280100 -> Node 2
Nov 25 23:57:59 ubuntu systemd[1]: Starting Enable support for additional executable binary formats...
Nov 25 23:57:59 ubuntu kernel: [    0.000000] ACPI: NUMA: SRAT: PXM 2 -> MPIDR 0x280200 -> Node 2
Nov 25 23:57:59 ubuntu kernel: [    0.000000] ACPI: NUMA: SRAT: PXM 2 -> MPIDR 0x280300 -> Node 2
Nov 25 23:57:59 ubuntu kernel: [    0.000000] ACPI: NUMA: SRAT: PXM 2 -> MPIDR 0x290000 -> Node 2
Nov 25 23:57:59 ubuntu kernel: [    0.000000] ACPI: NUMA: SRAT: PXM 2 -> MPIDR 0x290100 -> Node 2
Nov 25 23:57:59 ubuntu kernel: [    0.000000] ACPI: NUMA: SRAT: PXM 2 -> MPIDR 0x290200 -> Node 2
Nov 25 23:57:59 ubuntu systemd[1]: Started QEMU KVM preparation - module, ksm, hugepages.
Nov 25 23:57:59 ubuntu kernel: [    0.000000] ACPI: NUMA: SRAT: PXM 2 -> MPIDR 0x290300 -> Node 2
Nov 25 23:57:59 ubuntu kernel: [    0.000000] ACPI: NUMA: SRAT: PXM 2 -> MPIDR 0x2a0000 -> Node 2
Nov 25 23:57:59 ubuntu kernel: [    0.000000] ACPI: NUMA: SRAT: PXM 2 -> MPIDR 0x2a0100 -> Node 2
Nov 25 23:57:59 ubuntu kernel: [    0.000000] ACPI: NUMA: SRAT: PXM 2 -> MPIDR 0x2a0200 -> Node 2
Nov 25 23:57:59 ubuntu systemd[1]: Started Tell Plymouth To Write Out Runtime Data.
Nov 25 23:57:59 ubuntu kernel: [    0.000000] ACPI: NUMA: SRAT: PXM 2 -> MPIDR 0x2a0300 -> Node 2
Nov 25 23:57:59 ubuntu kernel: [    0.000000] ACPI: NUMA: SRAT: PXM 2 -> MPIDR 0x2b0000 -> Node 2
Nov 25 23:57:59 ubuntu systemd[1]: Started Set console font and keymap.
Nov 25 23:57:59 ubuntu kernel: [    0.000000] ACPI: NUMA: SRAT: PXM 2 -> MPIDR 0x2b0100 -> Node 2
Nov 25 23:57:59 ubuntu kernel: [    0.000000] ACPI: NUMA: SRAT: PXM 2 -> MPIDR 0x2b0200 -> Node 2
Nov 25 23:57:59 ubuntu kernel: [    0.000000] ACPI: NUMA: SRAT: PXM 2 -> MPIDR 0x2b0300 -> Node 2
Nov 25 23:57:59 ubuntu systemd[1]: Started ebtables ruleset management.
Nov 25 23:57:59 ubuntu systemd[1]: Reached target Network (Pre).
Nov 25 23:57:59 ubuntu kernel: [    0.000000] ACPI: NUMA: SRAT: PXM 2 -> MPIDR 0x2c0000 -> Node 2
Nov 25 23:57:59 ubuntu kernel: [    0.000000] ACPI: NUMA: SRAT: PXM 2 -> MPIDR 0x2c0100 -> Node 2
Nov 25 23:57:59 ubuntu kernel: [    0.000000] ACPI: NUMA: SRAT: PXM 2 -> MPIDR 0x2c0200 -> Node 2
Nov 25 23:57:59 ubuntu kernel: [    0.000000] ACPI: NUMA: SRAT: PXM 2 -> MPIDR 0x2c0300 -> Node 2
Nov 25 23:57:59 ubuntu kernel: [    0.000000] ACPI: NUMA: SRAT: PXM 2 -> MPIDR 0x2d0000 -> Node 2
Nov 25 23:57:59 ubuntu apparmor[2012]:  * Starting AppArmor profiles
Nov 25 23:57:59 ubuntu kernel: [    0.000000] ACPI: NUMA: SRAT: PXM 2 -> MPIDR 0x2d0100 -> Node 2
Nov 25 23:57:59 ubuntu kernel: [    0.000000] ACPI: NUMA: SRAT: PXM 2 -> MPIDR 0x2d0200 -> Node 2
Nov 25 23:57:59 ubuntu kernel: [    0.000000] ACPI: NUMA: SRAT: PXM 2 -> MPIDR 0x2d0300 -> Node 2
Nov 25 23:57:59 ubuntu kernel: [    0.000000] ACPI: NUMA: SRAT: PXM 3 -> MPIDR 0x380000 -> Node 3
Nov 25 23:57:59 ubuntu systemd[1]: proc-sys-fs-binfmt_misc.automount: Got automount request for /proc/sys/fs/binfmt_misc, triggered by 2036 (update-binfmts)
Nov 25 23:57:59 ubuntu systemd[1]: Mounting Arbitrary Executable File Formats File System...
Nov 25 23:57:59 ubuntu kernel: [    0.000000] ACPI: NUMA: SRAT: PXM 3 -> MPIDR 0x380100 -> Node 3
Nov 25 23:57:59 ubuntu kernel: [    0.000000] ACPI: NUMA: SRAT: PXM 3 -> MPIDR 0x380200 -> Node 3
Nov 25 23:57:59 ubuntu systemd[1]: Mounted Arbitrary Executable File Formats File System.
Nov 25 23:57:59 ubuntu systemd[1]: Started Enable support for additional executable binary formats.
Nov 25 23:57:59 ubuntu kernel: [    0.000000] ACPI: NUMA: SRAT: PXM 3 -> MPIDR 0x380300 -> Node 3
Nov 25 23:57:59 ubuntu kernel: [    0.000000] ACPI: NUMA: SRAT: PXM 3 -> MPIDR 0x390000 -> Node 3
Nov 25 23:57:59 ubuntu kernel: [    0.000000] ACPI: NUMA: SRAT: PXM 3 -> MPIDR 0x390100 -> Node 3
Nov 25 23:57:59 ubuntu systemd[1]: Started Clean up any mess left by 0dns-up.
Nov 25 23:57:59 ubuntu kernel: [    0.000000] ACPI: NUMA: SRAT: PXM 3 -> MPIDR 0x390200 -> Node 3
Nov 25 23:57:59 ubuntu kernel: [    0.000000] ACPI: NUMA: SRAT: PXM 3 -> MPIDR 0x390300 -> Node 3
Nov 25 23:57:59 ubuntu kernel: [    0.000000] ACPI: NUMA: SRAT: PXM 3 -> MPIDR 0x3a0000 -> Node 3
Nov 25 23:57:59 ubuntu systemd[1]: Starting Network Service...
Nov 25 23:57:59 ubuntu kernel: [    0.000000] ACPI: NUMA: SRAT: PXM 3 -> MPIDR 0x3a0100 -> Node 3
Nov 25 23:57:59 ubuntu kernel: [    0.000000] ACPI: NUMA: SRAT: PXM 3 -> MPIDR 0x3a0200 -> Node 3
Nov 25 23:57:59 ubuntu apparmor[2012]: Skipping profile in /etc/apparmor.d/disable: usr.bin.firefox
Nov 25 23:57:59 ubuntu kernel: [    0.000000] ACPI: NUMA: SRAT: PXM 3 -> MPIDR 0x3a0300 -> Node 3
Nov 25 23:57:59 ubuntu apparmor[2012]: Skipping profile in /etc/apparmor.d/disable: usr.sbin.rsyslogd
Nov 25 23:57:59 ubuntu kernel: [    0.000000] ACPI: NUMA: SRAT: PXM 3 -> MPIDR 0x3b0000 -> Node 3
Nov 25 23:57:59 ubuntu kernel: [    0.000000] ACPI: NUMA: SRAT: PXM 3 -> MPIDR 0x3b0100 -> Node 3
Nov 25 23:57:59 ubuntu kernel: [    0.000000] ACPI: NUMA: SRAT: PXM 3 -> MPIDR 0x3b0200 -> Node 3
Nov 25 23:57:59 ubuntu systemd[1]: Started Create Volatile Files and Directories.
Nov 25 23:57:59 ubuntu kernel: [    0.000000] ACPI: NUMA: SRAT: PXM 3 -> MPIDR 0x3b0300 -> Node 3
Nov 25 23:57:59 ubuntu systemd[1]: Starting Network Time Synchronization...
Nov 25 23:57:59 ubuntu kernel: [    0.000000] ACPI: NUMA: SRAT: PXM 3 -> MPIDR 0x3c0000 -> Node 3
Nov 25 23:57:59 ubuntu kernel: [    0.000000] ACPI: NUMA: SRAT: PXM 3 -> MPIDR 0x3c0100 -> Node 3
Nov 25 23:57:59 ubuntu kernel: [    0.000000] ACPI: NUMA: SRAT: PXM 3 -> MPIDR 0x3c0200 -> Node 3
Nov 25 23:57:59 ubuntu systemd[1]: Starting Update UTMP about System Boot/Shutdown...
Nov 25 23:57:59 ubuntu systemd[1]: Started Network Time Synchronization.
Nov 25 23:57:59 ubuntu kernel: [    0.000000] ACPI: NUMA: SRAT: PXM 3 -> MPIDR 0x3c0300 -> Node 3
Nov 25 23:57:59 ubuntu kernel: [    0.000000] ACPI: NUMA: SRAT: PXM 3 -> MPIDR 0x3d0000 -> Node 3
Nov 25 23:57:59 ubuntu kernel: [    0.000000] ACPI: NUMA: SRAT: PXM 3 -> MPIDR 0x3d0100 -> Node 3
Nov 25 23:57:59 ubuntu systemd[1]: Started Update UTMP about System Boot/Shutdown.
Nov 25 23:57:59 ubuntu kernel: [    0.000000] ACPI: NUMA: SRAT: PXM 3 -> MPIDR 0x3d0200 -> Node 3
Nov 25 23:57:59 ubuntu kernel: [    0.000000] ACPI: NUMA: SRAT: PXM 3 -> MPIDR 0x3d0300 -> Node 3
Nov 25 23:57:59 ubuntu kernel: [    0.000000] percpu: Embedded 33 pages/cpu s94616 r8192 d32360 u135168
Nov 25 23:57:59 ubuntu systemd[1]: Reached target System Time Synchronized.
Nov 25 23:57:59 ubuntu kernel: [    0.000000] pcpu-alloc: s94616 r8192 d32360 u135168 alloc=33*4096
Nov 25 23:57:59 ubuntu kernel: [    0.000000] pcpu-alloc: [0] 00 [0] 01 [0] 02 [0] 03 [0] 04 [0] 05 [0] 06 [0] 07 
Nov 25 23:57:59 ubuntu kernel: [    0.000000] pcpu-alloc: [0] 08 [0] 09 [0] 10 [0] 11 [0] 12 [0] 13 [0] 14 [0] 15 
Nov 25 23:57:59 ubuntu kernel: [    0.000000] pcpu-alloc: [0] 16 [0] 17 [0] 18 [0] 19 [0] 20 [0] 21 [0] 22 [0] 23 
Nov 25 23:57:59 ubuntu kernel: [    0.000000] pcpu-alloc: [1] 24 [1] 25 [1] 26 [1] 27 [1] 28 [1] 29 [1] 30 [1] 31 
Nov 25 23:57:59 ubuntu systemd-udevd[2256]: link_config: autonegotiation is unset or enabled, the speed and duplex are not writable.
Nov 25 23:57:59 ubuntu kernel: [    0.000000] pcpu-alloc: [1] 32 [1] 33 [1] 34 [1] 35 [1] 36 [1] 37 [1] 38 [1] 39 
Nov 25 23:57:59 ubuntu kernel: [    0.000000] pcpu-alloc: [1] 40 [1] 41 [1] 42 [1] 43 [1] 44 [1] 45 [1] 46 [1] 47 
Nov 25 23:57:59 ubuntu kernel: [    0.000000] pcpu-alloc: [2] 48 [2] 49 [2] 50 [2] 51 [2] 52 [2] 53 [2] 54 [2] 55 
Nov 25 23:57:59 ubuntu kernel: [    0.000000] pcpu-alloc: [2] 56 [2] 57 [2] 58 [2] 59 [2] 60 [2] 61 [2] 62 [2] 63 
Nov 25 23:57:59 ubuntu kernel: [    0.000000] pcpu-alloc: [2] 64 [2] 65 [2] 66 [2] 67 [2] 68 [2] 69 [2] 70 [2] 71 
Nov 25 23:57:59 ubuntu systemd-networkd[2157]: br0: netdev ready
Nov 25 23:57:59 ubuntu kernel: [    0.000000] pcpu-alloc: [3] 72 [3] 73 [3] 74 [3] 75 [3] 76 [3] 77 [3] 78 [3] 79 
Nov 25 23:57:59 ubuntu systemd-networkd[2157]: Enumeration completed
Nov 25 23:57:59 ubuntu kernel: [    0.000000] pcpu-alloc: [3] 80 [3] 81 [3] 82 [3] 83 [3] 84 [3] 85 [3] 86 [3] 87 
Nov 25 23:57:59 ubuntu kernel: [    0.000000] pcpu-alloc: [3] 88 [3] 89 [3] 90 [3] 91 [3] 92 [3] 93 [3] 94 [3] 95 
Nov 25 23:57:59 ubuntu kernel: [    0.000000] Detected VIPT I-cache on CPU0
Nov 25 23:57:59 ubuntu systemd[1]: Started Network Service.
Nov 25 23:57:59 ubuntu systemd-networkd[2157]: br0: IPv6 successfully enabled
Nov 25 23:57:59 ubuntu kernel: [    0.000000] CPU features: detected: GIC system register CPU interface
Nov 25 23:57:59 ubuntu kernel: [    0.000000] CPU features: detected: Virtualization Host Extensions
Nov 25 23:57:59 ubuntu systemd-networkd[2157]: enp125s0f0: Link is not managed by us
Nov 25 23:57:59 ubuntu systemd-networkd[2157]: lo: Link is not managed by us
Nov 25 23:57:59 ubuntu systemd-networkd[2157]: enp125s0f3: Link is not managed by us
Nov 25 23:57:59 ubuntu systemd-networkd[2157]: enp125s0f2: Link is not managed by us
Nov 25 23:57:59 ubuntu systemd-networkd[2157]: enp125s0f1: Link is not managed by us
Nov 25 23:57:59 ubuntu systemd-networkd[2157]: enp125s0f1: IPv6 successfully enabled
Nov 25 23:57:59 ubuntu systemd-networkd[2157]: enp125s0f0: Link is not managed by us
Nov 25 23:57:59 ubuntu systemd-networkd[2157]: lo: Link is not managed by us
Nov 25 23:57:59 ubuntu systemd-networkd[2157]: enp125s0f3: Link is not managed by us
Nov 25 23:57:59 ubuntu systemd-networkd[2157]: enp125s0f2: Link is not managed by us
Nov 25 23:57:59 ubuntu systemd[1]: Starting Wait for Network to be Configured...
Nov 25 23:57:59 ubuntu systemd-networkd[2157]: br0: Link UP
Nov 25 23:57:59 ubuntu systemd-networkd[2157]: enp125s0f1: Link UP
Nov 25 23:57:59 ubuntu systemd[1]: Starting Network Name Resolution...
Nov 25 23:57:59 ubuntu systemd-networkd-wait-online[2264]: ignoring: lo
Nov 25 23:57:59 ubuntu kernel: [    0.000000] CPU features: detected: Hardware dirty bit management
Nov 25 23:57:59 ubuntu systemd-resolved[2273]: Positive Trust Anchors:
Nov 25 23:57:59 ubuntu kernel: [    0.000000] alternatives: patching kernel code
Nov 25 23:57:59 ubuntu kernel: [    0.000000] Built 4 zonelists, mobility grouping on.  Total pages: 32898000
Nov 25 23:57:59 ubuntu kernel: [    0.000000] Policy zone: Normal
Nov 25 23:57:59 ubuntu kernel: [    0.000000] Kernel command line: BOOT_IMAGE=/boot/vmlinuz-5.7.1 root=UUID=87f15ea3-75f7-4c9d-add6-30cc3fc19001 ro text
Nov 25 23:57:59 ubuntu kernel: [    0.000000] printk: log_buf_len individual max cpu contribution: 4096 bytes
Nov 25 23:57:59 ubuntu systemd-resolved[2273]: . IN DS 19036 8 2 49aac11d7b6f6446702e54a1607371607a1a41855200fd2ce1cdde32f24e8fb5
Nov 25 23:57:59 ubuntu kernel: [    0.000000] printk: log_buf_len total cpu_extra contributions: 389120 bytes
Nov 25 23:57:59 ubuntu kernel: [    0.000000] printk: log_buf_len min size: 262144 bytes
Nov 25 23:57:59 ubuntu systemd-resolved[2273]: . IN DS 20326 8 2 e06d44b80b8f1d39a95c0b0d7c65d08458e880409bbc683457104237c7f8ec8d
Nov 25 23:57:59 ubuntu kernel: [    0.000000] printk: log_buf_len: 1048576 bytes
Nov 25 23:57:59 ubuntu kernel: [    0.000000] printk: early log buf free: 245792(93%)
Nov 25 23:57:59 ubuntu kernel: [    0.000000] mem auto-init: stack:off, heap alloc:on, heap free:off
Nov 25 23:57:59 ubuntu systemd-resolved[2273]: Negative trust anchors: 10.in-addr.arpa 16.172.in-addr.arpa 17.172.in-addr.arpa 18.172.in-addr.arpa 19.172.in-addr.arpa 20.172.in-addr.arpa 21.172.in-addr.arpa 22.172.in-addr.arpa 23.172.in-addr.arpa 24.172.in-addr.arpa 25.172.in-addr.arpa 26.172.in-addr.arpa 27.172.in-addr.arpa 28.172.in-addr.arpa 29.172.in-addr.arpa 30.172.in-addr.arpa 31.172.in-addr.arpa 168.192.in-addr.arpa d.f.ip6.arpa corp home internal intranet lan local private test
Nov 25 23:57:59 ubuntu kernel: [    0.000000] software IO TLB: mapped [mem 0x3b030000-0x3f030000] (64MB)
Nov 25 23:57:59 ubuntu systemd-resolved[2273]: Using system hostname 'ubuntu'.
Nov 25 23:57:59 ubuntu kernel: [    0.000000] Memory: 130841752K/134213440K available (14204K kernel code, 2354K rwdata, 6868K rodata, 7040K init, 1132K bss, 3338920K reserved, 32768K cma-reserved)
Nov 25 23:57:59 ubuntu kernel: [    0.000000] random: get_random_u64 called from __kmem_cache_create+0x54/0x5d8 with crng_init=0
Nov 25 23:57:59 ubuntu systemd[1]: Started Network Name Resolution.
Nov 25 23:57:59 ubuntu kernel: [    0.000000] SLUB: HWalign=64, Order=0-3, MinObjects=0, CPUs=96, Nodes=4
Nov 25 23:57:59 ubuntu kernel: [    0.000000] ftrace: allocating 46107 entries in 181 pages
Nov 25 23:57:59 ubuntu kernel: [    0.000000] ftrace: allocated 181 pages with 5 groups
Nov 25 23:57:59 ubuntu kernel: [    0.000000] rcu: Hierarchical RCU implementation.
Nov 25 23:57:59 ubuntu systemd[1]: Reached target Host and Network Name Lookups.
Nov 25 23:57:59 ubuntu kernel: [    0.000000] rcu: 	RCU restricting CPUs from NR_CPUS=256 to nr_cpu_ids=96.
Nov 25 23:57:59 ubuntu kernel: [    0.000000] 	Tasks RCU enabled.
Nov 25 23:57:59 ubuntu systemd-networkd-wait-online[2264]: ignoring: lo
Nov 25 23:57:59 ubuntu kernel: [    0.000000] rcu: RCU calculated value of scheduler-enlistment delay is 25 jiffies.
Nov 25 23:57:59 ubuntu kernel: [    0.000000] rcu: Adjusting geometry for rcu_fanout_leaf=16, nr_cpu_ids=96
Nov 25 23:57:59 ubuntu kernel: [    0.000000] NR_IRQS: 64, nr_irqs: 64, preallocated irqs: 0
Nov 25 23:57:59 ubuntu kernel: [    0.000000] GICv3: GIC: Using split EOI/Deactivate mode
Nov 25 23:57:59 ubuntu kernel: [    0.000000] GICv3: 640 SPIs implemented
Nov 25 23:57:59 ubuntu kernel: [    0.000000] GICv3: 0 Extended SPIs implemented
Nov 25 23:57:59 ubuntu kernel: [    0.000000] GICv3: Distributor has no Range Selector support
Nov 25 23:57:59 ubuntu kernel: [    0.000000] GICv3: 16 PPIs implemented
Nov 25 23:57:59 ubuntu kernel: [    0.000000] GICv3: GICv4 features: DirectLPI 
Nov 25 23:57:59 ubuntu kernel: [    0.000000] GICv3: CPU0: found redistributor 80000 region 0:0x00000000ae100000
Nov 25 23:57:59 ubuntu kernel: [    0.000000] SRAT: PXM 0 -> ITS 0 -> Node 0
Nov 25 23:57:59 ubuntu kernel: [    0.000000] SRAT: PXM 2 -> ITS 1 -> Node 2
Nov 25 23:57:59 ubuntu kernel: [    0.000000] ITS [mem 0x202100000-0x20211ffff]
Nov 25 23:57:59 ubuntu kernel: [    0.000000] ITS@0x0000000202100000: Using ITS number 0
Nov 25 23:57:59 ubuntu kernel: [    0.000000] ITS@0x0000000202100000: allocated 65536 Devices @27ffb80000 (flat, esz 8, psz 16K, shr 1)
Nov 25 23:57:59 ubuntu kernel: [    0.000000] ITS@0x0000000202100000: allocated 65536 Virtual CPUs @27ff000000 (flat, esz 16, psz 4K, shr 1)
Nov 25 23:57:59 ubuntu kernel: [    0.000000] ITS@0x0000000202100000: allocated 256 Interrupt Collections @27ffb01000 (flat, esz 16, psz 4K, shr 1)
Nov 25 23:57:59 ubuntu systemd-networkd-wait-online[2264]: message repeated 3 times: [ ignoring: lo]
Nov 25 23:57:59 ubuntu systemd-networkd[2157]: enp125s0f0: Link UP
Nov 25 23:57:59 ubuntu kernel: [    0.000000] ITS [mem 0x200202100000-0x20020211ffff]
Nov 25 23:57:59 ubuntu kernel: [    0.000000] ITS@0x0000200202100000: Using ITS number 1
Nov 25 23:57:59 ubuntu systemd-networkd-wait-online[2264]: ignoring: lo
Nov 25 23:57:59 ubuntu kernel: [    0.000000] ITS@0x0000200202100000: allocated 65536 Devices @2027ff880000 (flat, esz 8, psz 16K, shr 1)
Nov 25 23:57:59 ubuntu kernel: [    0.000000] ITS@0x0000200202100000: allocated 65536 Virtual CPUs @2027ff900000 (flat, esz 16, psz 4K, shr 1)
Nov 25 23:57:59 ubuntu kernel: [    0.000000] ITS@0x0000200202100000: allocated 256 Interrupt Collections @2027ff801000 (flat, esz 16, psz 4K, shr 1)
Nov 25 23:57:59 ubuntu apparmor[2012]:    ...done.
Nov 25 23:57:59 ubuntu systemd[1]: Started AppArmor initialization.
Nov 25 23:57:59 ubuntu kernel: [    0.000000] GICv3: using LPI property table @0x00000027ffb20000
Nov 25 23:57:59 ubuntu kernel: [    0.000000] ITS: Using DirectLPI for VPE invalidation
Nov 25 23:57:59 ubuntu systemd[1]: Starting Load AppArmor profiles managed internally by snapd...
Nov 25 23:57:59 ubuntu kernel: [    0.000000] ITS: Enabling GICv4 support
Nov 25 23:57:59 ubuntu kernel: [    0.000000] GICv3: CPU0: using allocated LPI pending table @0x00000027ffb30000
Nov 25 23:57:59 ubuntu kernel: [    0.000000] arch_timer: cp15 timer(s) running at 100.00MHz (phys).
Nov 25 23:57:59 ubuntu systemd[1]: Starting Raise network interfaces...
Nov 25 23:57:59 ubuntu kernel: [    0.000000] clocksource: arch_sys_counter: mask: 0xffffffffffffff max_cycles: 0x171024e7e0, max_idle_ns: 440795205315 ns
Nov 25 23:57:59 ubuntu kernel: [    0.000001] sched_clock: 56 bits at 100MHz, resolution 10ns, wraps every 4398046511100ns
Nov 25 23:57:59 ubuntu kernel: [    0.000111] Console: colour dummy device 80x25
Nov 25 23:57:59 ubuntu kernel: [    0.000428] printk: console [tty0] enabled
Nov 25 23:57:59 ubuntu snapd-apparmor[2291]: find: ‘/var/lib/snapd/apparmor/profiles/’: No such file or directory
Nov 25 23:57:59 ubuntu kernel: [    0.000488] mempolicy: Enabling automatic NUMA balancing. Configure with numa_balancing= or the kernel.numa_balancing sysctl
Nov 25 23:57:59 ubuntu kernel: [    0.000504] ACPI: Core revision 20200326
Nov 25 23:57:59 ubuntu kernel: [    0.000730] Calibrating delay loop (skipped), value calculated using timer frequency.. 200.00 BogoMIPS (lpj=400000)
Nov 25 23:57:59 ubuntu kernel: [    0.000735] pid_max: default: 98304 minimum: 768
Nov 25 23:57:59 ubuntu systemd[1]: Started Load AppArmor profiles managed internally by snapd.
Nov 25 23:57:59 ubuntu kernel: [    0.000811] LSM: Security Framework initializing
Nov 25 23:57:59 ubuntu kernel: [    0.000817] Yama: becoming mindful.
Nov 25 23:57:59 ubuntu kernel: [    0.000849] AppArmor: AppArmor initialized
Nov 25 23:57:59 ubuntu systemd[1]: Reached target System Initialization.
Nov 25 23:57:59 ubuntu kernel: [    0.013183] Dentry cache hash table entries: 8388608 (order: 14, 67108864 bytes, vmalloc)
Nov 25 23:57:59 ubuntu kernel: [    0.019386] Inode-cache hash table entries: 4194304 (order: 13, 33554432 bytes, vmalloc)
Nov 25 23:57:59 ubuntu kernel: [    0.019639] Mount-cache hash table entries: 131072 (order: 8, 1048576 bytes, vmalloc)
Nov 25 23:57:59 ubuntu systemd[1]: Starting LXD - unix socket.
Nov 25 23:57:59 ubuntu kernel: [    0.019817] Mountpoint-cache hash table entries: 131072 (order: 8, 1048576 bytes, vmalloc)
Nov 25 23:57:59 ubuntu kernel: [    0.022251] rcu: Hierarchical SRCU implementation.
Nov 25 23:57:59 ubuntu kernel: [    0.022726] Platform MSI: ITS@0x202100000 domain created
Nov 25 23:57:59 ubuntu systemd[1]: Started CUPS Scheduler.
Nov 25 23:57:59 ubuntu kernel: [    0.022731] Platform MSI: ITS@0x200202100000 domain created
Nov 25 23:57:59 ubuntu kernel: [    0.022737] PCI/MSI: ITS@0x202100000 domain created
Nov 25 23:57:59 ubuntu kernel: [    0.022740] PCI/MSI: ITS@0x200202100000 domain created
Nov 25 23:57:59 ubuntu systemd[1]: Listening on Open-iSCSI iscsid Socket.
Nov 25 23:57:59 ubuntu kernel: [    0.022753] Remapping and enabling EFI services.
Nov 25 23:57:59 ubuntu kernel: [    0.022959] efi: memattr: Entry attributes invalid: RO and XP bits both cleared
Nov 25 23:57:59 ubuntu kernel: [    0.022965] efi: memattr: ! 0x000000000000-0x00000000ffff [Runtime Code       |RUN|  |  |  |  |  |  |  |   |  |  |  |  ]
Nov 25 23:57:59 ubuntu kernel: [    0.024132] smp: Bringing up secondary CPUs ...
Nov 25 23:57:59 ubuntu systemd[1]: Listening on D-Bus System Message Bus Socket.
Nov 25 23:57:59 ubuntu kernel: [    0.053968] Detected VIPT I-cache on CPU1
Nov 25 23:57:59 ubuntu kernel: [    0.053975] GICv3: CPU1: found redistributor 80100 region 1:0x00000000ae140000
Nov 25 23:57:59 ubuntu kernel: [    0.053990] GICv3: CPU1: using allocated LPI pending table @0x00000027ffb40000
Nov 25 23:57:59 ubuntu systemd[1]: Starting Socket activation for snappy daemon.
Nov 25 23:57:59 ubuntu kernel: [    0.054026] CPU1: Booted secondary processor 0x0000080100 [0x481fd010]
Nov 25 23:57:59 ubuntu kernel: [    0.086512] Detected VIPT I-cache on CPU2
Nov 25 23:57:59 ubuntu kernel: [    0.086516] GICv3: CPU2: found redistributor 80200 region 2:0x00000000ae180000
Nov 25 23:57:59 ubuntu systemd[1]: Started ACPI Events Check.
Nov 25 23:57:59 ubuntu kernel: [    0.086527] GICv3: CPU2: using allocated LPI pending table @0x00000027ffb50000
Nov 25 23:57:59 ubuntu kernel: [    0.086559] CPU2: Booted secondary processor 0x0000080200 [0x481fd010]
Nov 25 23:57:59 ubuntu kernel: [    0.119061] Detected VIPT I-cache on CPU3
Nov 25 23:57:59 ubuntu systemd[1]: Started Discard unused blocks once a week.
Nov 25 23:57:59 ubuntu kernel: [    0.119066] GICv3: CPU3: found redistributor 80300 region 3:0x00000000ae1c0000
Nov 25 23:57:59 ubuntu kernel: [    0.119079] GICv3: CPU3: using allocated LPI pending table @0x00000027ffb60000
Nov 25 23:57:59 ubuntu kernel: [    0.119109] CPU3: Booted secondary processor 0x0000080300 [0x481fd010]
Nov 25 23:57:59 ubuntu systemd[1]: Started Trigger anacron every hour.
Nov 25 23:57:59 ubuntu kernel: [    0.151792] Detected VIPT I-cache on CPU4
Nov 25 23:57:59 ubuntu systemd[1]: Started Message of the Day.
Nov 25 23:57:59 ubuntu kernel: [    0.151800] GICv3: CPU4: found redistributor 90000 region 4:0x00000000ae200000
Nov 25 23:57:59 ubuntu kernel: [    0.151822] GICv3: CPU4: using allocated LPI pending table @0x00000027ffb70000
Nov 25 23:57:59 ubuntu systemd[1]: Started Daily apt download activities.
Nov 25 23:57:59 ubuntu kernel: [    0.151859] CPU4: Booted secondary processor 0x0000090000 [0x481fd010]
Nov 25 23:57:59 ubuntu kernel: [    0.184509] Detected VIPT I-cache on CPU5
Nov 25 23:57:59 ubuntu kernel: [    0.184514] GICv3: CPU5: found redistributor 90100 region 5:0x00000000ae240000
Nov 25 23:57:59 ubuntu systemd[1]: Started Daily apt upgrade and clean activities.
Nov 25 23:57:59 ubuntu kernel: [    0.184527] GICv3: CPU5: using allocated LPI pending table @0x00000027ff100000
Nov 25 23:57:59 ubuntu systemd[1]: Listening on CUPS Scheduler.
Nov 25 23:57:59 ubuntu kernel: [    0.184558] CPU5: Booted secondary processor 0x0000090100 [0x481fd010]
Nov 25 23:57:59 ubuntu kernel: [    0.217233] Detected VIPT I-cache on CPU6
Nov 25 23:57:59 ubuntu kernel: [    0.217238] GICv3: CPU6: found redistributor 90200 region 6:0x00000000ae280000
Nov 25 23:57:59 ubuntu kernel: [    0.217250] GICv3: CPU6: using allocated LPI pending table @0x00000027ff110000
Nov 25 23:57:59 ubuntu systemd[1]: Listening on ACPID Listen Socket.
Nov 25 23:57:59 ubuntu kernel: [    0.217282] CPU6: Booted secondary processor 0x0000090200 [0x481fd010]
Nov 25 23:57:59 ubuntu kernel: [    0.249956] Detected VIPT I-cache on CPU7
Nov 25 23:57:59 ubuntu kernel: [    0.249962] GICv3: CPU7: found redistributor 90300 region 7:0x00000000ae2c0000
Nov 25 23:57:59 ubuntu systemd[1]: Reached target Paths.
Nov 25 23:57:59 ubuntu kernel: [    0.249974] GICv3: CPU7: using allocated LPI pending table @0x00000027ff120000
Nov 25 23:57:59 ubuntu kernel: [    0.250006] CPU7: Booted secondary processor 0x0000090300 [0x481fd010]
Nov 25 23:57:59 ubuntu systemd[1]: Started Daily Cleanup of Temporary Directories.
Nov 25 23:57:59 ubuntu systemd[1]: Reached target Timers.
Nov 25 23:57:59 ubuntu kernel: [    0.282857] Detected VIPT I-cache on CPU8
Nov 25 23:57:59 ubuntu kernel: [    0.282865] GICv3: CPU8: found redistributor a0000 region 8:0x00000000ae300000
Nov 25 23:57:59 ubuntu kernel: [    0.282882] GICv3: CPU8: using allocated LPI pending table @0x00000027ff130000
Nov 25 23:57:59 ubuntu kernel: [    0.282917] CPU8: Booted secondary processor 0x00000a0000 [0x481fd010]
Nov 25 23:57:59 ubuntu systemd[1]: Listening on UUID daemon activation socket.
Nov 25 23:57:59 ubuntu kernel: [    0.315751] Detected VIPT I-cache on CPU9
Nov 25 23:57:59 ubuntu systemd[1]: Listening on Avahi mDNS/DNS-SD Stack Activation Socket.
Nov 25 23:57:59 ubuntu kernel: [    0.315756] GICv3: CPU9: found redistributor a0100 region 9:0x00000000ae340000
Nov 25 23:57:59 ubuntu kernel: [    0.315769] GICv3: CPU9: using allocated LPI pending table @0x00000027ff140000
Nov 25 23:57:59 ubuntu kernel: [    0.315800] CPU9: Booted secondary processor 0x00000a0100 [0x481fd010]
Nov 25 23:57:59 ubuntu systemd[1]: Listening on Virtual machine log manager socket.
Nov 25 23:57:59 ubuntu systemd[1]: Listening on Virtual machine lock manager socket.
Nov 25 23:57:59 ubuntu kernel: [    0.348648] Detected VIPT I-cache on CPU10
Nov 25 23:57:59 ubuntu systemd[1]: Listening on LXD - unix socket.
Nov 25 23:57:59 ubuntu systemd[1]: Listening on Socket activation for snappy daemon.
Nov 25 23:57:59 ubuntu systemd[1]: Reached target Sockets.
Nov 25 23:57:59 ubuntu systemd[1]: Reached target Basic System.
Nov 25 23:57:59 ubuntu systemd[1]: Starting Disk Manager...
Nov 25 23:57:59 ubuntu systemd[1]: Started irqbalance daemon.
Nov 25 23:57:59 ubuntu systemd[1]: Starting LSB: Record successful boot for GRUB...
Nov 25 23:57:59 ubuntu systemd[1]: Started CUPS Scheduler.
Nov 25 23:57:59 ubuntu systemd[1]: Starting Avahi mDNS/DNS-SD Stack...
Nov 25 23:57:59 ubuntu systemd[1]: Started Deferred execution scheduler.
Nov 25 23:57:59 ubuntu systemd[1]: Starting Restore /etc/resolv.conf if the system crashed before the ppp link was shut down...
Nov 25 23:57:59 ubuntu /usr/sbin/irqbalance: IRQ 0(1) guessed as class 0
Nov 25 23:57:59 ubuntu kernel: [    0.348654] GICv3: CPU10: found redistributor a0200 region 10:0x00000000ae380000
Nov 25 23:57:59 ubuntu /usr/sbin/irqbalance: IRQ 0(2) guessed as class 0
Nov 25 23:57:59 ubuntu kernel: [    0.348666] GICv3: CPU10: using allocated LPI pending table @0x00000027ff150000
Nov 25 23:57:59 ubuntu /usr/sbin/irqbalance: IRQ 0(3) guessed as class 0
Nov 25 23:57:59 ubuntu kernel: [    0.348698] CPU10: Booted secondary processor 0x00000a0200 [0x481fd010]
Nov 25 23:57:59 ubuntu kernel: [    0.381545] Detected VIPT I-cache on CPU11
Nov 25 23:57:59 ubuntu kernel: [    0.381551] GICv3: CPU11: found redistributor a0300 region 11:0x00000000ae3c0000
Nov 25 23:57:59 ubuntu kernel: [    0.381564] GICv3: CPU11: using allocated LPI pending table @0x00000027ff160000
Nov 25 23:57:59 ubuntu kernel: [    0.381595] CPU11: Booted secondary processor 0x00000a0300 [0x481fd010]
Nov 25 23:57:59 ubuntu kernel: [    0.414620] Detected VIPT I-cache on CPU12
Nov 25 23:57:59 ubuntu /usr/sbin/irqbalance: IRQ 439(4) guessed as class 0
Nov 25 23:57:59 ubuntu kernel: [    0.414628] GICv3: CPU12: found redistributor b0000 region 12:0x00000000ae400000
Nov 25 23:57:59 ubuntu kernel: [    0.414645] GICv3: CPU12: using allocated LPI pending table @0x00000027ff170000
Nov 25 23:57:59 ubuntu kernel: [    0.414680] CPU12: Booted secondary processor 0x00000b0000 [0x481fd010]
Nov 25 23:57:59 ubuntu kernel: [    0.447687] Detected VIPT I-cache on CPU13
Nov 25 23:57:59 ubuntu /usr/sbin/irqbalance: IRQ 0(9) guessed as class 0
Nov 25 23:57:59 ubuntu kernel: [    0.447693] GICv3: CPU13: found redistributor b0100 region 13:0x00000000ae440000
Nov 25 23:57:59 ubuntu kernel: [    0.447706] GICv3: CPU13: using allocated LPI pending table @0x00000027ff180000
Nov 25 23:57:59 ubuntu kernel: [    0.447738] CPU13: Booted secondary processor 0x00000b0100 [0x481fd010]
Nov 25 23:57:59 ubuntu /usr/sbin/irqbalance: IRQ 0(10) guessed as class 0
Nov 25 23:57:59 ubuntu kernel: [    0.480758] Detected VIPT I-cache on CPU14
Nov 25 23:57:59 ubuntu kernel: [    0.480764] GICv3: CPU14: found redistributor b0200 region 14:0x00000000ae480000
Nov 25 23:57:59 ubuntu kernel: [    0.480778] GICv3: CPU14: using allocated LPI pending table @0x00000027ff190000
Nov 25 23:57:59 ubuntu /usr/sbin/irqbalance: IRQ 0(14) guessed as class 0
Nov 25 23:57:59 ubuntu /usr/sbin/irqbalance: IRQ 0(15) guessed as class 0
Nov 25 23:57:59 ubuntu kernel: [    0.480810] CPU14: Booted secondary processor 0x00000b0200 [0x481fd010]
Nov 25 23:57:59 ubuntu kernel: [    0.513828] Detected VIPT I-cache on CPU15
Nov 25 23:57:59 ubuntu /usr/sbin/irqbalance: IRQ 0(16) guessed as class 0
Nov 25 23:57:59 ubuntu kernel: [    0.513834] GICv3: CPU15: found redistributor b0300 region 15:0x00000000ae4c0000
Nov 25 23:57:59 ubuntu kernel: [    0.513847] GICv3: CPU15: using allocated LPI pending table @0x00000027ff1a0000
Nov 25 23:57:59 ubuntu /usr/sbin/irqbalance: IRQ 0(17) guessed as class 0
Nov 25 23:57:59 ubuntu kernel: [    0.513880] CPU15: Booted secondary processor 0x00000b0300 [0x481fd010]
Nov 25 23:57:59 ubuntu kernel: [    0.546383] Detected VIPT I-cache on CPU16
Nov 25 23:57:59 ubuntu kernel: [    0.546391] GICv3: CPU16: found redistributor c0000 region 16:0x00000000ae500000
Nov 25 23:57:59 ubuntu /usr/sbin/irqbalance: IRQ 0(19) guessed as class 0
Nov 25 23:57:59 ubuntu kernel: [    0.546411] GICv3: CPU16: using allocated LPI pending table @0x00000027ff1b0000
Nov 25 23:57:59 ubuntu kernel: [    0.546448] CPU16: Booted secondary processor 0x00000c0000 [0x481fd010]
Nov 25 23:57:59 ubuntu kernel: [    0.578929] Detected VIPT I-cache on CPU17
Nov 25 23:57:59 ubuntu /usr/sbin/irqbalance: IRQ 0(20) guessed as class 0
Nov 25 23:57:59 ubuntu kernel: [    0.578935] GICv3: CPU17: found redistributor c0100 region 17:0x00000000ae540000
Nov 25 23:57:59 ubuntu kernel: [    0.578949] GICv3: CPU17: using allocated LPI pending table @0x00000027ff1c0000
Nov 25 23:57:59 ubuntu kernel: [    0.578981] CPU17: Booted secondary processor 0x00000c0100 [0x481fd010]
Nov 25 23:57:59 ubuntu /usr/sbin/irqbalance: IRQ 0(21) guessed as class 0
Nov 25 23:57:59 ubuntu kernel: [    0.611479] Detected VIPT I-cache on CPU18
Nov 25 23:57:59 ubuntu kernel: [    0.611485] GICv3: CPU18: found redistributor c0200 region 18:0x00000000ae580000
Nov 25 23:57:59 ubuntu kernel: [    0.611499] GICv3: CPU18: using allocated LPI pending table @0x00000027ff1d0000
Nov 25 23:57:59 ubuntu /usr/sbin/irqbalance: IRQ 0(22) guessed as class 0
Nov 25 23:57:59 ubuntu /usr/sbin/irqbalance: IRQ 0(23) guessed as class 0
Nov 25 23:57:59 ubuntu kernel: [    0.611531] CPU18: Booted secondary processor 0x00000c0200 [0x481fd010]
Nov 25 23:57:59 ubuntu /usr/sbin/irqbalance: IRQ 0(24) guessed as class 0
Nov 25 23:57:59 ubuntu kernel: [    0.644029] Detected VIPT I-cache on CPU19
Nov 25 23:57:59 ubuntu kernel: [    0.644035] GICv3: CPU19: found redistributor c0300 region 19:0x00000000ae5c0000
Nov 25 23:57:59 ubuntu kernel: [    0.644048] GICv3: CPU19: using allocated LPI pending table @0x00000027ff1e0000
Nov 25 23:57:59 ubuntu /usr/sbin/irqbalance: IRQ 0(25) guessed as class 0
Nov 25 23:57:59 ubuntu kernel: [    0.644080] CPU19: Booted secondary processor 0x00000c0300 [0x481fd010]
Nov 25 23:57:59 ubuntu kernel: [    0.676756] Detected VIPT I-cache on CPU20
Nov 25 23:57:59 ubuntu kernel: [    0.676765] GICv3: CPU20: found redistributor d0000 region 20:0x00000000ae600000
Nov 25 23:57:59 ubuntu /usr/sbin/irqbalance: IRQ 0(26) guessed as class 0
Nov 25 23:57:59 ubuntu kernel: [    0.676785] GICv3: CPU20: using allocated LPI pending table @0x00000027ff1f0000
Nov 25 23:57:59 ubuntu kernel: [    0.676822] CPU20: Booted secondary processor 0x00000d0000 [0x481fd010]
Nov 25 23:57:59 ubuntu kernel: [    0.709476] Detected VIPT I-cache on CPU21
Nov 25 23:57:59 ubuntu kernel: [    0.709483] GICv3: CPU21: found redistributor d0100 region 21:0x00000000ae640000
Nov 25 23:57:59 ubuntu /usr/sbin/irqbalance: IRQ 0(27) guessed as class 0
Nov 25 23:57:59 ubuntu kernel: [    0.709498] GICv3: CPU21: using allocated LPI pending table @0x00000027ff200000
Nov 25 23:57:59 ubuntu kernel: [    0.709530] CPU21: Booted secondary processor 0x00000d0100 [0x481fd010]
Nov 25 23:57:59 ubuntu kernel: [    0.742199] Detected VIPT I-cache on CPU22
Nov 25 23:57:59 ubuntu /usr/sbin/irqbalance: IRQ 0(28) guessed as class 0
Nov 25 23:57:59 ubuntu kernel: [    0.742206] GICv3: CPU22: found redistributor d0200 region 22:0x00000000ae680000
Nov 25 23:57:59 ubuntu kernel: [    0.742220] GICv3: CPU22: using allocated LPI pending table @0x00000027ff210000
Nov 25 23:57:59 ubuntu /usr/sbin/irqbalance: IRQ 0(29) guessed as class 0
Nov 25 23:57:59 ubuntu /usr/sbin/irqbalance: IRQ 0(30) guessed as class 0
Nov 25 23:57:59 ubuntu kernel: [    0.742252] CPU22: Booted secondary processor 0x00000d0200 [0x481fd010]
Nov 25 23:57:59 ubuntu kernel: [    0.774923] Detected VIPT I-cache on CPU23
Nov 25 23:57:59 ubuntu /usr/sbin/irqbalance: IRQ 0(31) guessed as class 0
Nov 25 23:57:59 ubuntu kernel: [    0.774930] GICv3: CPU23: found redistributor d0300 region 23:0x00000000ae6c0000
Nov 25 23:57:59 ubuntu kernel: [    0.774944] GICv3: CPU23: using allocated LPI pending table @0x00000027ff220000
Nov 25 23:57:59 ubuntu /usr/sbin/irqbalance: IRQ 0(32) guessed as class 0
Nov 25 23:57:59 ubuntu kernel: [    0.774975] CPU23: Booted secondary processor 0x00000d0300 [0x481fd010]
Nov 25 23:57:59 ubuntu kernel: [    0.807488] Detected VIPT I-cache on CPU24
Nov 25 23:57:59 ubuntu kernel: [    0.807504] GICv3: CPU24: found redistributor 180000 region 24:0x00000000aa100000
Nov 25 23:57:59 ubuntu kernel: [    0.807548] GICv3: CPU24: using allocated LPI pending table @0x00000027ff230000
Nov 25 23:57:59 ubuntu /usr/sbin/irqbalance: IRQ 0(33) guessed as class 0
Nov 25 23:57:59 ubuntu kernel: [    0.807594] CPU24: Booted secondary processor 0x0000180000 [0x481fd010]
Nov 25 23:57:59 ubuntu kernel: [    0.840025] Detected VIPT I-cache on CPU25
Nov 25 23:57:59 ubuntu kernel: [    0.840035] GICv3: CPU25: found redistributor 180100 region 25:0x00000000aa140000
Nov 25 23:57:59 ubuntu /usr/sbin/irqbalance: IRQ 0(34) guessed as class 0
Nov 25 23:57:59 ubuntu kernel: [    0.840050] GICv3: CPU25: using allocated LPI pending table @0x00000027ff240000
Nov 25 23:57:59 ubuntu kernel: [    0.840088] CPU25: Booted secondary processor 0x0000180100 [0x481fd010]
Nov 25 23:57:59 ubuntu kernel: [    0.872575] Detected VIPT I-cache on CPU26
Nov 25 23:57:59 ubuntu /usr/sbin/irqbalance: IRQ 0(35) guessed as class 0
Nov 25 23:57:59 ubuntu kernel: [    0.872584] GICv3: CPU26: found redistributor 180200 region 26:0x00000000aa180000
Nov 25 23:57:59 ubuntu kernel: [    0.872599] GICv3: CPU26: using allocated LPI pending table @0x00000027ff250000
Nov 25 23:57:59 ubuntu kernel: [    0.872637] CPU26: Booted secondary processor 0x0000180200 [0x481fd010]
Nov 25 23:57:59 ubuntu kernel: [    0.905125] Detected VIPT I-cache on CPU27
Nov 25 23:57:59 ubuntu /usr/sbin/irqbalance: IRQ 0(36) guessed as class 0
Nov 25 23:57:59 ubuntu kernel: [    0.905134] GICv3: CPU27: found redistributor 180300 region 27:0x00000000aa1c0000
Nov 25 23:57:59 ubuntu /usr/sbin/irqbalance: IRQ 0(37) guessed as class 0
Nov 25 23:57:59 ubuntu kernel: [    0.905149] GICv3: CPU27: using allocated LPI pending table @0x00000027ff260000
Nov 25 23:57:59 ubuntu kernel: [    0.905187] CPU27: Booted secondary processor 0x0000180300 [0x481fd010]
Nov 25 23:57:59 ubuntu kernel: [    0.937856] Detected VIPT I-cache on CPU28
Nov 25 23:57:59 ubuntu kernel: [    0.937870] GICv3: CPU28: found redistributor 190000 region 28:0x00000000aa200000
Nov 25 23:57:59 ubuntu /usr/sbin/irqbalance: IRQ 0(38) guessed as class 0
Nov 25 23:57:59 ubuntu kernel: [    0.937897] GICv3: CPU28: using allocated LPI pending table @0x00000027ff270000
Nov 25 23:57:59 ubuntu systemd[1]: Starting Login Service...
Nov 25 23:57:59 ubuntu kernel: [    0.937942] CPU28: Booted secondary processor 0x0000190000 [0x481fd010]
Nov 25 23:57:59 ubuntu kernel: [    0.970572] Detected VIPT I-cache on CPU29
Nov 25 23:57:59 ubuntu kernel: [    0.970583] GICv3: CPU29: found redistributor 190100 region 29:0x00000000aa240000
Nov 25 23:57:59 ubuntu kernel: [    0.970598] GICv3: CPU29: using allocated LPI pending table @0x00000027ff280000
Nov 25 23:57:59 ubuntu kernel: [    0.970637] CPU29: Booted secondary processor 0x0000190100 [0x481fd010]
Nov 25 23:57:59 ubuntu kernel: [    1.003296] Detected VIPT I-cache on CPU30
Nov 25 23:57:59 ubuntu /usr/sbin/irqbalance: IRQ 0(39) guessed as class 0
Nov 25 23:57:59 ubuntu kernel: [    1.003306] GICv3: CPU30: found redistributor 190200 region 30:0x00000000aa280000
Nov 25 23:57:59 ubuntu kernel: [    1.003326] GICv3: CPU30: using allocated LPI pending table @0x00000027ff290000
Nov 25 23:57:59 ubuntu kernel: [    1.003363] CPU30: Booted secondary processor 0x0000190200 [0x481fd010]
Nov 25 23:57:59 ubuntu /usr/sbin/irqbalance: IRQ 0(40) guessed as class 0
Nov 25 23:57:59 ubuntu kernel: [    1.036019] Detected VIPT I-cache on CPU31
Nov 25 23:57:59 ubuntu kernel: [    1.036030] GICv3: CPU31: found redistributor 190300 region 31:0x00000000aa2c0000
Nov 25 23:57:59 ubuntu kernel: [    1.036047] GICv3: CPU31: using allocated LPI pending table @0x00000027ff2a0000
Nov 25 23:57:59 ubuntu kernel: [    1.036083] CPU31: Booted secondary processor 0x0000190300 [0x481fd010]
Nov 25 23:57:59 ubuntu /usr/sbin/irqbalance: IRQ 0(41) guessed as class 0
Nov 25 23:57:59 ubuntu kernel: [    1.068923] Detected VIPT I-cache on CPU32
Nov 25 23:57:59 ubuntu kernel: [    1.068936] GICv3: CPU32: found redistributor 1a0000 region 32:0x00000000aa300000
Nov 25 23:57:59 ubuntu /usr/sbin/irqbalance: IRQ 0(42) guessed as class 0
Nov 25 23:57:59 ubuntu kernel: [    1.068961] GICv3: CPU32: using allocated LPI pending table @0x00000027ff2b0000
Nov 25 23:57:59 ubuntu kernel: [    1.069003] CPU32: Booted secondary processor 0x00001a0000 [0x481fd010]
Nov 25 23:57:59 ubuntu kernel: [    1.101814] Detected VIPT I-cache on CPU33
Nov 25 23:57:59 ubuntu kernel: [    1.101825] GICv3: CPU33: found redistributor 1a0100 region 33:0x00000000aa340000
Nov 25 23:57:59 ubuntu /usr/sbin/irqbalance: IRQ 0(43) guessed as class 0
Nov 25 23:57:59 ubuntu kernel: [    1.101841] GICv3: CPU33: using allocated LPI pending table @0x00000027ff2c0000
Nov 25 23:57:59 ubuntu kernel: [    1.101879] CPU33: Booted secondary processor 0x00001a0100 [0x481fd010]
Nov 25 23:57:59 ubuntu /usr/sbin/irqbalance: IRQ 0(44) guessed as class 0
Nov 25 23:57:59 ubuntu kernel: [    1.134711] Detected VIPT I-cache on CPU34
Nov 25 23:57:59 ubuntu kernel: [    1.134722] GICv3: CPU34: found redistributor 1a0200 region 34:0x00000000aa380000
Nov 25 23:57:59 ubuntu kernel: [    1.134738] GICv3: CPU34: using allocated LPI pending table @0x00000027ff2d0000
Nov 25 23:57:59 ubuntu kernel: [    1.134776] CPU34: Booted secondary processor 0x00001a0200 [0x481fd010]
Nov 25 23:57:59 ubuntu kernel: [    1.167608] Detected VIPT I-cache on CPU35
Nov 25 23:57:59 ubuntu /usr/sbin/irqbalance: IRQ 0(45) guessed as class 0
Nov 25 23:57:59 ubuntu kernel: [    1.167619] GICv3: CPU35: found redistributor 1a0300 region 35:0x00000000aa3c0000
Nov 25 23:57:59 ubuntu kernel: [    1.167635] GICv3: CPU35: using allocated LPI pending table @0x00000027ff2e0000
Nov 25 23:57:59 ubuntu kernel: [    1.167674] CPU35: Booted secondary processor 0x00001a0300 [0x481fd010]
Nov 25 23:57:59 ubuntu /usr/sbin/irqbalance: IRQ 0(46) guessed as class 0
Nov 25 23:57:59 ubuntu kernel: [    1.200685] Detected VIPT I-cache on CPU36
Nov 25 23:57:59 ubuntu kernel: [    1.200699] GICv3: CPU36: found redistributor 1b0000 region 36:0x00000000aa400000
Nov 25 23:57:59 ubuntu kernel: [    1.200723] GICv3: CPU36: using allocated LPI pending table @0x00000027ff2f0000
Nov 25 23:57:59 ubuntu kernel: [    1.200767] CPU36: Booted secondary processor 0x00001b0000 [0x481fd010]
Nov 25 23:57:59 ubuntu /usr/sbin/irqbalance: IRQ 0(47) guessed as class 0
Nov 25 23:57:59 ubuntu /usr/sbin/irqbalance: IRQ 0(48) guessed as class 0
Nov 25 23:57:59 ubuntu /usr/sbin/irqbalance: IRQ 0(49) guessed as class 0
Nov 25 23:57:59 ubuntu /usr/sbin/irqbalance: IRQ 0(50) guessed as class 0
Nov 25 23:57:59 ubuntu /usr/sbin/irqbalance: IRQ 0(51) guessed as class 0
Nov 25 23:57:59 ubuntu /usr/sbin/irqbalance: IRQ 0(52) guessed as class 0
Nov 25 23:57:59 ubuntu /usr/sbin/irqbalance: IRQ 0(53) guessed as class 0
Nov 25 23:57:59 ubuntu /usr/sbin/irqbalance: IRQ 0(54) guessed as class 0
Nov 25 23:57:59 ubuntu /usr/sbin/irqbalance: IRQ 0(55) guessed as class 0
Nov 25 23:57:59 ubuntu /usr/sbin/irqbalance: IRQ 0(56) guessed as class 0
Nov 25 23:57:59 ubuntu /usr/sbin/irqbalance: IRQ 0(57) guessed as class 0
Nov 25 23:57:59 ubuntu /usr/sbin/irqbalance: IRQ 0(58) guessed as class 0
Nov 25 23:57:59 ubuntu kernel: [    1.233750] Detected VIPT I-cache on CPU37
Nov 25 23:57:59 ubuntu /usr/sbin/irqbalance: IRQ 0(59) guessed as class 0
Nov 25 23:57:59 ubuntu /usr/sbin/irqbalance: IRQ 0(60) guessed as class 0
Nov 25 23:57:59 ubuntu kernel: [    1.233761] GICv3: CPU37: found redistributor 1b0100 region 37:0x00000000aa440000
Nov 25 23:57:59 ubuntu kernel: [    1.233778] GICv3: CPU37: using allocated LPI pending table @0x00000027ff300000
Nov 25 23:57:59 ubuntu kernel: [    1.233815] CPU37: Booted secondary processor 0x00001b0100 [0x481fd010]
Nov 25 23:57:59 ubuntu /usr/sbin/irqbalance: IRQ 0(61) guessed as class 0
Nov 25 23:57:59 ubuntu kernel: [    1.266820] Detected VIPT I-cache on CPU38
Nov 25 23:57:59 ubuntu kernel: [    1.266832] GICv3: CPU38: found redistributor 1b0200 region 38:0x00000000aa480000
Nov 25 23:57:59 ubuntu /usr/sbin/irqbalance: IRQ 0(62) guessed as class 0
Nov 25 23:57:59 ubuntu kernel: [    1.266850] GICv3: CPU38: using allocated LPI pending table @0x00000027ff310000
Nov 25 23:57:59 ubuntu /usr/sbin/irqbalance: IRQ 0(63) guessed as class 0
Nov 25 23:57:59 ubuntu kernel: [    1.266888] CPU38: Booted secondary processor 0x00001b0200 [0x481fd010]
Nov 25 23:57:59 ubuntu kernel: [    1.299891] Detected VIPT I-cache on CPU39
Nov 25 23:57:59 ubuntu kernel: [    1.299903] GICv3: CPU39: found redistributor 1b0300 region 39:0x00000000aa4c0000
Nov 25 23:57:59 ubuntu kernel: [    1.299922] GICv3: CPU39: using allocated LPI pending table @0x00000027ff320000
Nov 25 23:57:59 ubuntu /usr/sbin/irqbalance: IRQ 0(64) guessed as class 0
Nov 25 23:57:59 ubuntu kernel: [    1.299961] CPU39: Booted secondary processor 0x00001b0300 [0x481fd010]
Nov 25 23:57:59 ubuntu kernel: [    1.332447] Detected VIPT I-cache on CPU40
Nov 25 23:57:59 ubuntu kernel: [    1.332462] GICv3: CPU40: found redistributor 1c0000 region 40:0x00000000aa500000
Nov 25 23:57:59 ubuntu kernel: [    1.332488] GICv3: CPU40: using allocated LPI pending table @0x00000027ff330000
Nov 25 23:57:59 ubuntu kernel: [    1.332531] CPU40: Booted secondary processor 0x00001c0000 [0x481fd010]
Nov 25 23:57:59 ubuntu /usr/sbin/irqbalance: IRQ 0(65) guessed as class 0
Nov 25 23:57:59 ubuntu kernel: [    1.364992] Detected VIPT I-cache on CPU41
Nov 25 23:57:59 ubuntu kernel: [    1.365003] GICv3: CPU41: found redistributor 1c0100 region 41:0x00000000aa540000
Nov 25 23:57:59 ubuntu kernel: [    1.365021] GICv3: CPU41: using allocated LPI pending table @0x00000027ff340000
Nov 25 23:57:59 ubuntu kernel: [    1.365060] CPU41: Booted secondary processor 0x00001c0100 [0x481fd010]
Nov 25 23:57:59 ubuntu /usr/sbin/irqbalance: IRQ 0(66) guessed as class 0
Nov 25 23:57:59 ubuntu kernel: [    1.397541] Detected VIPT I-cache on CPU42
Nov 25 23:57:59 ubuntu kernel: [    1.397553] GICv3: CPU42: found redistributor 1c0200 region 42:0x00000000aa580000
Nov 25 23:57:59 ubuntu kernel: [    1.397571] GICv3: CPU42: using allocated LPI pending table @0x00000027ff350000
Nov 25 23:57:59 ubuntu /usr/sbin/irqbalance: IRQ 0(67) guessed as class 0
Nov 25 23:57:59 ubuntu kernel: [    1.397610] CPU42: Booted secondary processor 0x00001c0200 [0x481fd010]
Nov 25 23:57:59 ubuntu kernel: [    1.430091] Detected VIPT I-cache on CPU43
Nov 25 23:57:59 ubuntu kernel: [    1.430103] GICv3: CPU43: found redistributor 1c0300 region 43:0x00000000aa5c0000
Nov 25 23:57:59 ubuntu /usr/sbin/irqbalance: IRQ 0(68) guessed as class 0
Nov 25 23:57:59 ubuntu kernel: [    1.430120] GICv3: CPU43: using allocated LPI pending table @0x00000027ff360000
Nov 25 23:57:59 ubuntu kernel: [    1.430159] CPU43: Booted secondary processor 0x00001c0300 [0x481fd010]
Nov 25 23:57:59 ubuntu /usr/sbin/irqbalance: IRQ 0(69) guessed as class 0
Nov 25 23:57:59 ubuntu /usr/sbin/irqbalance: IRQ 0(70) guessed as class 0
Nov 25 23:57:59 ubuntu kernel: [    1.462821] Detected VIPT I-cache on CPU44
Nov 25 23:57:59 ubuntu kernel: [    1.462836] GICv3: CPU44: found redistributor 1d0000 region 44:0x00000000aa600000
Nov 25 23:57:59 ubuntu kernel: [    1.462863] GICv3: CPU44: using allocated LPI pending table @0x00000027ff370000
Nov 25 23:57:59 ubuntu kernel: [    1.462910] CPU44: Booted secondary processor 0x00001d0000 [0x481fd010]
Nov 25 23:57:59 ubuntu /usr/sbin/irqbalance: IRQ 0(71) guessed as class 0
Nov 25 23:57:59 ubuntu kernel: [    1.495539] Detected VIPT I-cache on CPU45
Nov 25 23:57:59 ubuntu kernel: [    1.495552] GICv3: CPU45: found redistributor 1d0100 region 45:0x00000000aa640000
Nov 25 23:57:59 ubuntu kernel: [    1.495571] GICv3: CPU45: using allocated LPI pending table @0x00000027ff380000
Nov 25 23:57:59 ubuntu kernel: [    1.495610] CPU45: Booted secondary processor 0x00001d0100 [0x481fd010]
Nov 25 23:57:59 ubuntu /usr/sbin/irqbalance: IRQ 0(72) guessed as class 0
Nov 25 23:57:59 ubuntu kernel: [    1.528263] Detected VIPT I-cache on CPU46
Nov 25 23:57:59 ubuntu kernel: [    1.528275] GICv3: CPU46: found redistributor 1d0200 region 46:0x00000000aa680000
Nov 25 23:57:59 ubuntu kernel: [    1.528293] GICv3: CPU46: using allocated LPI pending table @0x00000027ff390000
Nov 25 23:57:59 ubuntu /usr/sbin/irqbalance: IRQ 0(73) guessed as class 0
Nov 25 23:57:59 ubuntu kernel: [    1.528331] CPU46: Booted secondary processor 0x00001d0200 [0x481fd010]
Nov 25 23:57:59 ubuntu kernel: [    1.560986] Detected VIPT I-cache on CPU47
Nov 25 23:57:59 ubuntu kernel: [    1.560998] GICv3: CPU47: found redistributor 1d0300 region 47:0x00000000aa6c0000
Nov 25 23:57:59 ubuntu kernel: [    1.561015] GICv3: CPU47: using allocated LPI pending table @0x00000027ff3a0000
Nov 25 23:57:59 ubuntu /usr/sbin/irqbalance: IRQ 0(74) guessed as class 0
Nov 25 23:57:59 ubuntu kernel: [    1.561053] CPU47: Booted secondary processor 0x00001d0300 [0x481fd010]
Nov 25 23:57:59 ubuntu kernel: [    1.593826] Detected VIPT I-cache on CPU48
Nov 25 23:57:59 ubuntu kernel: [    1.593864] GICv3: CPU48: found redistributor 280000 region 48:0x00002000ae100000
Nov 25 23:57:59 ubuntu /usr/sbin/irqbalance: IRQ 0(75) guessed as class 0
Nov 25 23:57:59 ubuntu kernel: [    1.593930] GICv3: CPU48: using allocated LPI pending table @0x00000027ff3b0000
Nov 25 23:57:59 ubuntu kernel: [    1.594000] CPU48: Booted secondary processor 0x0000280000 [0x481fd010]
Nov 25 23:57:59 ubuntu /usr/sbin/irqbalance: IRQ 0(76) guessed as class 0
Nov 25 23:57:59 ubuntu /usr/sbin/irqbalance: IRQ 0(77) guessed as class 0
Nov 25 23:57:59 ubuntu kernel: [    1.626614] Detected VIPT I-cache on CPU49
Nov 25 23:57:59 ubuntu kernel: [    1.626641] GICv3: CPU49: found redistributor 280100 region 49:0x00002000ae140000
Nov 25 23:57:59 ubuntu kernel: [    1.626664] GICv3: CPU49: using allocated LPI pending table @0x00000027ff3c0000
Nov 25 23:57:59 ubuntu kernel: [    1.626715] CPU49: Booted secondary processor 0x0000280100 [0x481fd010]
Nov 25 23:57:59 ubuntu /usr/sbin/irqbalance: IRQ 0(78) guessed as class 0
Nov 25 23:57:59 ubuntu kernel: [    1.659425] Detected VIPT I-cache on CPU50
Nov 25 23:57:59 ubuntu /usr/sbin/irqbalance: IRQ 0(79) guessed as class 0
Nov 25 23:57:59 ubuntu kernel: [    1.659451] GICv3: CPU50: found redistributor 280200 region 50:0x00002000ae180000
Nov 25 23:57:59 ubuntu kernel: [    1.659474] GICv3: CPU50: using allocated LPI pending table @0x00000027ff3d0000
Nov 25 23:57:59 ubuntu kernel: [    1.659525] CPU50: Booted secondary processor 0x0000280200 [0x481fd010]
Nov 25 23:57:59 ubuntu /usr/sbin/irqbalance: IRQ 0(80) guessed as class 0
Nov 25 23:57:59 ubuntu /usr/sbin/irqbalance: IRQ 0(81) guessed as class 0
Nov 25 23:57:59 ubuntu kernel: [    1.692234] Detected VIPT I-cache on CPU51
Nov 25 23:57:59 ubuntu kernel: [    1.692262] GICv3: CPU51: found redistributor 280300 region 51:0x00002000ae1c0000
Nov 25 23:57:59 ubuntu kernel: [    1.692284] GICv3: CPU51: using allocated LPI pending table @0x00000027ff3e0000
Nov 25 23:57:59 ubuntu /usr/sbin/irqbalance: IRQ 0(82) guessed as class 0
Nov 25 23:57:59 ubuntu kernel: [    1.692335] CPU51: Booted secondary processor 0x0000280300 [0x481fd010]
Nov 25 23:57:59 ubuntu kernel: [    1.725223] Detected VIPT I-cache on CPU52
Nov 25 23:57:59 ubuntu kernel: [    1.725253] GICv3: CPU52: found redistributor 290000 region 52:0x00002000ae200000
Nov 25 23:57:59 ubuntu /usr/sbin/irqbalance: IRQ 0(83) guessed as class 0
Nov 25 23:57:59 ubuntu kernel: [    1.725289] GICv3: CPU52: using allocated LPI pending table @0x00000027ff3f0000
Nov 25 23:57:59 ubuntu kernel: [    1.725343] CPU52: Booted secondary processor 0x0000290000 [0x481fd010]
Nov 25 23:57:59 ubuntu kernel: [    1.758203] Detected VIPT I-cache on CPU53
Nov 25 23:57:59 ubuntu kernel: [    1.758231] GICv3: CPU53: found redistributor 290100 region 53:0x00002000ae240000
Nov 25 23:57:59 ubuntu /usr/sbin/irqbalance: IRQ 0(84) guessed as class 0
Nov 25 23:57:59 ubuntu kernel: [    1.758252] GICv3: CPU53: using allocated LPI pending table @0x00000027fec00000
Nov 25 23:57:59 ubuntu kernel: [    1.758303] CPU53: Booted secondary processor 0x0000290100 [0x481fd010]
Nov 25 23:57:59 ubuntu kernel: [    1.791188] Detected VIPT I-cache on CPU54
Nov 25 23:57:59 ubuntu kernel: [    1.791215] GICv3: CPU54: found redistributor 290200 region 54:0x00002000ae280000
Nov 25 23:57:59 ubuntu kernel: [    1.791235] GICv3: CPU54: using allocated LPI pending table @0x00000027fec10000
Nov 25 23:57:59 ubuntu kernel: [    1.791287] CPU54: Booted secondary processor 0x0000290200 [0x481fd010]
Nov 25 23:57:59 ubuntu /usr/sbin/irqbalance: IRQ 0(85) guessed as class 0
Nov 25 23:57:59 ubuntu kernel: [    1.824170] Detected VIPT I-cache on CPU55
Nov 25 23:57:59 ubuntu /usr/sbin/irqbalance: IRQ 0(86) guessed as class 0
Nov 25 23:57:59 ubuntu kernel: [    1.824199] GICv3: CPU55: found redistributor 290300 region 55:0x00002000ae2c0000
Nov 25 23:57:59 ubuntu kernel: [    1.824218] GICv3: CPU55: using allocated LPI pending table @0x00000027fec20000
Nov 25 23:57:59 ubuntu kernel: [    1.824269] CPU55: Booted secondary processor 0x0000290300 [0x481fd010]
Nov 25 23:57:59 ubuntu systemd[1]: Started Regular background program processing daemon.
Nov 25 23:57:59 ubuntu /usr/sbin/irqbalance: IRQ 0(87) guessed as class 0
Nov 25 23:57:59 ubuntu kernel: [    1.857333] Detected VIPT I-cache on CPU56
Nov 25 23:57:59 ubuntu kernel: [    1.857363] GICv3: CPU56: found redistributor 2a0000 region 56:0x00002000ae300000
Nov 25 23:57:59 ubuntu kernel: [    1.857392] GICv3: CPU56: using allocated LPI pending table @0x00000027fec30000
Nov 25 23:57:59 ubuntu /usr/sbin/irqbalance: IRQ 0(88) guessed as class 0
Nov 25 23:57:59 ubuntu kernel: [    1.857446] CPU56: Booted secondary processor 0x00002a0000 [0x481fd010]
Nov 25 23:57:59 ubuntu kernel: [    1.890486] Detected VIPT I-cache on CPU57
Nov 25 23:57:59 ubuntu kernel: [    1.890515] GICv3: CPU57: found redistributor 2a0100 region 57:0x00002000ae340000
Nov 25 23:57:59 ubuntu /usr/sbin/irqbalance: IRQ 0(89) guessed as class 0
Nov 25 23:57:59 ubuntu kernel: [    1.890535] GICv3: CPU57: using allocated LPI pending table @0x00000027fec40000
Nov 25 23:57:59 ubuntu kernel: [    1.890587] CPU57: Booted secondary processor 0x00002a0100 [0x481fd010]
Nov 25 23:57:59 ubuntu kernel: [    1.923644] Detected VIPT I-cache on CPU58
Nov 25 23:57:59 ubuntu kernel: [    1.923673] GICv3: CPU58: found redistributor 2a0200 region 58:0x00002000ae380000
Nov 25 23:57:59 ubuntu /usr/sbin/irqbalance: IRQ 0(90) guessed as class 0
Nov 25 23:57:59 ubuntu kernel: [    1.923693] GICv3: CPU58: using allocated LPI pending table @0x00000027fec50000
Nov 25 23:57:59 ubuntu kernel: [    1.923745] CPU58: Booted secondary processor 0x00002a0200 [0x481fd010]
Nov 25 23:57:59 ubuntu kernel: [    1.956801] Detected VIPT I-cache on CPU59
Nov 25 23:57:59 ubuntu /usr/sbin/irqbalance: IRQ 0(91) guessed as class 0
Nov 25 23:57:59 ubuntu /usr/sbin/irqbalance: IRQ 0(92) guessed as class 0
Nov 25 23:57:59 ubuntu kernel: [    1.956830] GICv3: CPU59: found redistributor 2a0300 region 59:0x00002000ae3c0000
Nov 25 23:57:59 ubuntu kernel: [    1.956850] GICv3: CPU59: using allocated LPI pending table @0x00000027fec60000
Nov 25 23:57:59 ubuntu kernel: [    1.956902] CPU59: Booted secondary processor 0x00002a0300 [0x481fd010]
Nov 25 23:57:59 ubuntu /usr/sbin/irqbalance: IRQ 0(93) guessed as class 0
Nov 25 23:57:59 ubuntu /usr/sbin/irqbalance: IRQ 0(94) guessed as class 0
Nov 25 23:57:59 ubuntu kernel: [    1.990136] Detected VIPT I-cache on CPU60
Nov 25 23:57:59 ubuntu kernel: [    1.990167] GICv3: CPU60: found redistributor 2b0000 region 60:0x00002000ae400000
Nov 25 23:57:59 ubuntu kernel: [    1.990196] GICv3: CPU60: using allocated LPI pending table @0x00000027fec70000
Nov 25 23:57:59 ubuntu kernel: [    1.990251] CPU60: Booted secondary processor 0x00002b0000 [0x481fd010]
Nov 25 23:57:59 ubuntu /usr/sbin/irqbalance: IRQ 0(95) guessed as class 0
Nov 25 23:57:59 ubuntu kernel: [    2.023464] Detected VIPT I-cache on CPU61
Nov 25 23:57:59 ubuntu kernel: [    2.023493] GICv3: CPU61: found redistributor 2b0100 region 61:0x00002000ae440000
Nov 25 23:57:59 ubuntu /usr/sbin/irqbalance: IRQ 0(96) guessed as class 0
Nov 25 23:57:59 ubuntu kernel: [    2.023514] GICv3: CPU61: using allocated LPI pending table @0x00000027fec80000
Nov 25 23:57:59 ubuntu kernel: [    2.023566] CPU61: Booted secondary processor 0x00002b0100 [0x481fd010]
Nov 25 23:57:59 ubuntu kernel: [    2.056795] Detected VIPT I-cache on CPU62
Nov 25 23:57:59 ubuntu kernel: [    2.056824] GICv3: CPU62: found redistributor 2b0200 region 62:0x00002000ae480000
Nov 25 23:57:59 ubuntu kernel: [    2.056845] GICv3: CPU62: using allocated LPI pending table @0x00000027fec90000
Nov 25 23:57:59 ubuntu kernel: [    2.056897] CPU62: Booted secondary processor 0x00002b0200 [0x481fd010]
Nov 25 23:57:59 ubuntu kernel: [    2.090126] Detected VIPT I-cache on CPU63
Nov 25 23:57:59 ubuntu kernel: [    2.090156] GICv3: CPU63: found redistributor 2b0300 region 63:0x00002000ae4c0000
Nov 25 23:57:59 ubuntu kernel: [    2.090176] GICv3: CPU63: using allocated LPI pending table @0x00000027feca0000
Nov 25 23:57:59 ubuntu /usr/sbin/irqbalance: IRQ 0(97) guessed as class 0
Nov 25 23:57:59 ubuntu /usr/sbin/irqbalance: IRQ 0(98) guessed as class 0
Nov 25 23:57:59 ubuntu /usr/sbin/irqbalance: IRQ 0(99) guessed as class 0
Nov 25 23:57:59 ubuntu /usr/sbin/irqbalance: IRQ 0(100) guessed as class 0
Nov 25 23:57:59 ubuntu /usr/sbin/irqbalance: IRQ 0(101) guessed as class 0
Nov 25 23:57:59 ubuntu /usr/sbin/irqbalance: IRQ 0(102) guessed as class 0
Nov 25 23:57:59 ubuntu /usr/sbin/irqbalance: IRQ 0(103) guessed as class 0
Nov 25 23:57:59 ubuntu /usr/sbin/irqbalance: IRQ 0(104) guessed as class 0
Nov 25 23:57:59 ubuntu /usr/sbin/irqbalance: IRQ 0(105) guessed as class 0
Nov 25 23:57:59 ubuntu /usr/sbin/irqbalance: IRQ 0(106) guessed as class 0
Nov 25 23:57:59 ubuntu /usr/sbin/irqbalance: IRQ 0(107) guessed as class 0
Nov 25 23:57:59 ubuntu /usr/sbin/irqbalance: IRQ 0(108) guessed as class 0
Nov 25 23:57:59 ubuntu /usr/sbin/irqbalance: IRQ 0(109) guessed as class 0
Nov 25 23:57:59 ubuntu kernel: [    2.090228] CPU63: Booted secondary processor 0x00002b0300 [0x481fd010]
Nov 25 23:57:59 ubuntu /usr/sbin/irqbalance: IRQ 0(110) guessed as class 0
Nov 25 23:57:59 ubuntu kernel: [    2.122940] Detected VIPT I-cache on CPU64
Nov 25 23:57:59 ubuntu kernel: [    2.122970] GICv3: CPU64: found redistributor 2c0000 region 64:0x00002000ae500000
Nov 25 23:57:59 ubuntu kernel: [    2.123001] GICv3: CPU64: using allocated LPI pending table @0x00000027fecb0000
Nov 25 23:57:59 ubuntu /usr/sbin/irqbalance: IRQ 0(111) guessed as class 0
Nov 25 23:57:59 ubuntu /usr/sbin/irqbalance: IRQ 0(112) guessed as class 0
Nov 25 23:57:59 ubuntu kernel: [    2.123056] CPU64: Booted secondary processor 0x00002c0000 [0x481fd010]
Nov 25 23:57:59 ubuntu /usr/sbin/irqbalance: IRQ 0(113) guessed as class 0
Nov 25 23:57:59 ubuntu kernel: [    2.155747] Detected VIPT I-cache on CPU65
Nov 25 23:57:59 ubuntu kernel: [    2.155776] GICv3: CPU65: found redistributor 2c0100 region 65:0x00002000ae540000
Nov 25 23:57:59 ubuntu kernel: [    2.155796] GICv3: CPU65: using allocated LPI pending table @0x00000027fecc0000
Nov 25 23:57:59 ubuntu /usr/sbin/irqbalance: IRQ 0(114) guessed as class 0
Nov 25 23:57:59 ubuntu kernel: [    2.155849] CPU65: Booted secondary processor 0x00002c0100 [0x481fd010]
Nov 25 23:57:59 ubuntu kernel: [    2.188557] Detected VIPT I-cache on CPU66
Nov 25 23:57:59 ubuntu kernel: [    2.188586] GICv3: CPU66: found redistributor 2c0200 region 66:0x00002000ae580000
Nov 25 23:57:59 ubuntu /usr/sbin/irqbalance: IRQ 0(115) guessed as class 0
Nov 25 23:57:59 ubuntu kernel: [    2.188607] GICv3: CPU66: using allocated LPI pending table @0x00000027fecd0000
Nov 25 23:57:59 ubuntu kernel: [    2.188660] CPU66: Booted secondary processor 0x00002c0200 [0x481fd010]
Nov 25 23:57:59 ubuntu kernel: [    2.221367] Detected VIPT I-cache on CPU67
Nov 25 23:57:59 ubuntu /usr/sbin/irqbalance: IRQ 0(116) guessed as class 0
Nov 25 23:57:59 ubuntu kernel: [    2.221396] GICv3: CPU67: found redistributor 2c0300 region 67:0x00002000ae5c0000
Nov 25 23:57:59 ubuntu kernel: [    2.221418] GICv3: CPU67: using allocated LPI pending table @0x00000027fece0000
Nov 25 23:57:59 ubuntu kernel: [    2.221469] CPU67: Booted secondary processor 0x00002c0300 [0x481fd010]
Nov 25 23:57:59 ubuntu kernel: [    2.254355] Detected VIPT I-cache on CPU68
Nov 25 23:57:59 ubuntu /usr/sbin/irqbalance: IRQ 0(117) guessed as class 0
Nov 25 23:57:59 ubuntu kernel: [    2.254386] GICv3: CPU68: found redistributor 2d0000 region 68:0x00002000ae600000
Nov 25 23:57:59 ubuntu kernel: [    2.254416] GICv3: CPU68: using allocated LPI pending table @0x00000027fecf0000
Nov 25 23:57:59 ubuntu kernel: [    2.254472] CPU68: Booted secondary processor 0x00002d0000 [0x481fd010]
Nov 25 23:57:59 ubuntu kernel: [    2.287335] Detected VIPT I-cache on CPU69
Nov 25 23:57:59 ubuntu kernel: [    2.287365] GICv3: CPU69: found redistributor 2d0100 region 69:0x00002000ae640000
Nov 25 23:57:59 ubuntu /usr/sbin/irqbalance: IRQ 0(118) guessed as class 0
Nov 25 23:57:59 ubuntu kernel: [    2.287387] GICv3: CPU69: using allocated LPI pending table @0x00000027fed00000
Nov 25 23:57:59 ubuntu /usr/sbin/irqbalance: IRQ 0(119) guessed as class 0
Nov 25 23:57:59 ubuntu /usr/sbin/irqbalance: IRQ 0(152) guessed as class 0
Nov 25 23:57:59 ubuntu kernel: [    2.287439] CPU69: Booted secondary processor 0x00002d0100 [0x481fd010]
Nov 25 23:57:59 ubuntu kernel: [    2.320320] Detected VIPT I-cache on CPU70
Nov 25 23:57:59 ubuntu kernel: [    2.320349] GICv3: CPU70: found redistributor 2d0200 region 70:0x00002000ae680000
Nov 25 23:57:59 ubuntu /usr/sbin/irqbalance: IRQ 0(153) guessed as class 0
Nov 25 23:57:59 ubuntu kernel: [    2.320370] GICv3: CPU70: using allocated LPI pending table @0x00000027fed10000
Nov 25 23:57:59 ubuntu kernel: [    2.320422] CPU70: Booted secondary processor 0x00002d0200 [0x481fd010]
Nov 25 23:57:59 ubuntu kernel: [    2.353304] Detected VIPT I-cache on CPU71
Nov 25 23:57:59 ubuntu kernel: [    2.353334] GICv3: CPU71: found redistributor 2d0300 region 71:0x00002000ae6c0000
Nov 25 23:57:59 ubuntu /usr/sbin/irqbalance: IRQ 0(282) guessed as class 0
Nov 25 23:57:59 ubuntu kernel: [    2.353355] GICv3: CPU71: using allocated LPI pending table @0x00000027fed20000
Nov 25 23:57:59 ubuntu kernel: [    2.353409] CPU71: Booted secondary processor 0x00002d0300 [0x481fd010]
Nov 25 23:57:59 ubuntu kernel: [    2.393433] Detected VIPT I-cache on CPU72
Nov 25 23:57:59 ubuntu kernel: [    2.393486] GICv3: CPU72: found redistributor 380000 region 72:0x00002000aa100000
Nov 25 23:57:59 ubuntu /usr/sbin/irqbalance: IRQ 0(283) guessed as class 0
Nov 25 23:57:59 ubuntu kernel: [    2.393544] GICv3: CPU72: using allocated LPI pending table @0x00000027fed30000
Nov 25 23:57:59 ubuntu kernel: [    2.393628] CPU72: Booted secondary processor 0x0000380000 [0x481fd010]
Nov 25 23:57:59 ubuntu /usr/sbin/irqbalance: IRQ 0(284) guessed as class 0
Nov 25 23:57:59 ubuntu kernel: [    2.433508] Detected VIPT I-cache on CPU73
Nov 25 23:57:59 ubuntu kernel: [    2.433544] GICv3: CPU73: found redistributor 380100 region 73:0x00002000aa140000
Nov 25 23:57:59 ubuntu kernel: [    2.433566] GICv3: CPU73: using allocated LPI pending table @0x00000027fed40000
Nov 25 23:57:59 ubuntu /usr/sbin/irqbalance: IRQ 0(285) guessed as class 0
Nov 25 23:57:59 ubuntu kernel: [    2.433623] CPU73: Booted secondary processor 0x0000380100 [0x481fd010]
Nov 25 23:57:59 ubuntu kernel: [    2.473610] Detected VIPT I-cache on CPU74
Nov 25 23:57:59 ubuntu kernel: [    2.473645] GICv3: CPU74: found redistributor 380200 region 74:0x00002000aa180000
Nov 25 23:57:59 ubuntu kernel: [    2.473668] GICv3: CPU74: using allocated LPI pending table @0x00000027fed50000
Nov 25 23:57:59 ubuntu /usr/sbin/irqbalance: IRQ 0(286) guessed as class 0
Nov 25 23:57:59 ubuntu kernel: [    2.473725] CPU74: Booted secondary processor 0x0000380200 [0x481fd010]
Nov 25 23:57:59 ubuntu kernel: [    2.513712] Detected VIPT I-cache on CPU75
Nov 25 23:57:59 ubuntu /usr/sbin/irqbalance: IRQ 0(287) guessed as class 0
Nov 25 23:57:59 ubuntu kernel: [    2.513748] GICv3: CPU75: found redistributor 380300 region 75:0x00002000aa1c0000
Nov 25 23:57:59 ubuntu kernel: [    2.513770] GICv3: CPU75: using allocated LPI pending table @0x00000027fed60000
Nov 25 23:57:59 ubuntu kernel: [    2.513827] CPU75: Booted secondary processor 0x0000380300 [0x481fd010]
Nov 25 23:57:59 ubuntu kernel: [    2.553990] Detected VIPT I-cache on CPU76
Nov 25 23:57:59 ubuntu /usr/sbin/irqbalance: IRQ 0(288) guessed as class 0
Nov 25 23:57:59 ubuntu kernel: [    2.554028] GICv3: CPU76: found redistributor 390000 region 76:0x00002000aa200000
Nov 25 23:57:59 ubuntu kernel: [    2.554061] GICv3: CPU76: using allocated LPI pending table @0x00000027fed70000
Nov 25 23:57:59 ubuntu /usr/sbin/irqbalance: IRQ 0(289) guessed as class 0
Nov 25 23:57:59 ubuntu kernel: [    2.554122] CPU76: Booted secondary processor 0x0000390000 [0x481fd010]
Nov 25 23:57:59 ubuntu kernel: [    2.594262] Detected VIPT I-cache on CPU77
Nov 25 23:57:59 ubuntu kernel: [    2.594298] GICv3: CPU77: found redistributor 390100 region 77:0x00002000aa240000
Nov 25 23:57:59 ubuntu kernel: [    2.594320] GICv3: CPU77: using allocated LPI pending table @0x00000027fed80000
Nov 25 23:57:59 ubuntu kernel: [    2.594377] CPU77: Booted secondary processor 0x0000390100 [0x481fd010]
Nov 25 23:57:59 ubuntu kernel: [    2.634538] Detected VIPT I-cache on CPU78
Nov 25 23:57:59 ubuntu kernel: [    2.634574] GICv3: CPU78: found redistributor 390200 region 78:0x00002000aa280000
Nov 25 23:57:59 ubuntu kernel: [    2.634598] GICv3: CPU78: using allocated LPI pending table @0x00000027fed90000
Nov 25 23:57:59 ubuntu kernel: [    2.634655] CPU78: Booted secondary processor 0x0000390200 [0x481fd010]
Nov 25 23:57:59 ubuntu kernel: [    2.674813] Detected VIPT I-cache on CPU79
Nov 25 23:57:59 ubuntu kernel: [    2.674849] GICv3: CPU79: found redistributor 390300 region 79:0x00002000aa2c0000
Nov 25 23:57:59 ubuntu kernel: [    2.674871] GICv3: CPU79: using allocated LPI pending table @0x00000027feda0000
Nov 25 23:57:59 ubuntu kernel: [    2.674929] CPU79: Booted secondary processor 0x0000390300 [0x481fd010]
Nov 25 23:57:59 ubuntu kernel: [    2.715264] Detected VIPT I-cache on CPU80
Nov 25 23:57:59 ubuntu kernel: [    2.715302] GICv3: CPU80: found redistributor 3a0000 region 80:0x00002000aa300000
Nov 25 23:57:59 ubuntu /usr/sbin/irqbalance: IRQ 0(290) guessed as class 0
Nov 25 23:57:59 ubuntu kernel: [    2.715335] GICv3: CPU80: using allocated LPI pending table @0x00000027fedb0000
Nov 25 23:57:59 ubuntu kernel: [    2.715397] CPU80: Booted secondary processor 0x00003a0000 [0x481fd010]
Nov 25 23:57:59 ubuntu kernel: [    2.755711] Detected VIPT I-cache on CPU81
Nov 25 23:57:59 ubuntu /usr/sbin/irqbalance: IRQ 0(291) guessed as class 0
Nov 25 23:57:59 ubuntu kernel: [    2.755747] GICv3: CPU81: found redistributor 3a0100 region 81:0x00002000aa340000
Nov 25 23:57:59 ubuntu kernel: [    2.755770] GICv3: CPU81: using allocated LPI pending table @0x00000027fedc0000
Nov 25 23:57:59 ubuntu /usr/sbin/irqbalance: IRQ 0(292) guessed as class 0
Nov 25 23:57:59 ubuntu /usr/sbin/irqbalance: IRQ 0(293) guessed as class 0
Nov 25 23:57:59 ubuntu kernel: [    2.755828] CPU81: Booted secondary processor 0x00003a0100 [0x481fd010]
Nov 25 23:57:59 ubuntu kernel: [    2.796159] Detected VIPT I-cache on CPU82
Nov 25 23:57:59 ubuntu kernel: [    2.796196] GICv3: CPU82: found redistributor 3a0200 region 82:0x00002000aa380000
Nov 25 23:57:59 ubuntu /usr/sbin/irqbalance: IRQ 0(294) guessed as class 0
Nov 25 23:57:59 ubuntu kernel: [    2.796219] GICv3: CPU82: using allocated LPI pending table @0x00000027fedd0000
Nov 25 23:57:59 ubuntu kernel: [    2.796277] CPU82: Booted secondary processor 0x00003a0200 [0x481fd010]
Nov 25 23:57:59 ubuntu kernel: [    2.836608] Detected VIPT I-cache on CPU83
Nov 25 23:57:59 ubuntu kernel: [    2.836644] GICv3: CPU83: found redistributor 3a0300 region 83:0x00002000aa3c0000
Nov 25 23:57:59 ubuntu kernel: [    2.836667] GICv3: CPU83: using allocated LPI pending table @0x00000027fede0000
Nov 25 23:57:59 ubuntu kernel: [    2.836725] CPU83: Booted secondary processor 0x00003a0300 [0x481fd010]
Nov 25 23:57:59 ubuntu kernel: [    2.877233] Detected VIPT I-cache on CPU84
Nov 25 23:57:59 ubuntu kernel: [    2.877272] GICv3: CPU84: found redistributor 3b0000 region 84:0x00002000aa400000
Nov 25 23:57:59 ubuntu /usr/sbin/irqbalance: IRQ 0(295) guessed as class 0
Nov 25 23:57:59 ubuntu kernel: [    2.877306] GICv3: CPU84: using allocated LPI pending table @0x00000027fedf0000
Nov 25 23:57:59 ubuntu kernel: [    2.877367] CPU84: Booted secondary processor 0x00003b0000 [0x481fd010]
Nov 25 23:57:59 ubuntu kernel: [    2.917853] Detected VIPT I-cache on CPU85
Nov 25 23:57:59 ubuntu /usr/sbin/irqbalance: IRQ 0(296) guessed as class 0
Nov 25 23:57:59 ubuntu kernel: [    2.917890] GICv3: CPU85: found redistributor 3b0100 region 85:0x00002000aa440000
Nov 25 23:57:59 ubuntu systemd[1]: Started Run anacron jobs.
Nov 25 23:57:59 ubuntu kernel: [    2.917913] GICv3: CPU85: using allocated LPI pending table @0x00000027fee00000
Nov 25 23:57:59 ubuntu kernel: [    2.917971] CPU85: Booted secondary processor 0x00003b0100 [0x481fd010]
Nov 25 23:57:59 ubuntu kernel: [    2.958476] Detected VIPT I-cache on CPU86
Nov 25 23:57:59 ubuntu /usr/sbin/irqbalance: IRQ 0(297) guessed as class 0
Nov 25 23:57:59 ubuntu kernel: [    2.958513] GICv3: CPU86: found redistributor 3b0200 region 86:0x00002000aa480000
Nov 25 23:57:59 ubuntu kernel: [    2.958536] GICv3: CPU86: using allocated LPI pending table @0x00000027fee10000
Nov 25 23:57:59 ubuntu /usr/sbin/irqbalance: IRQ 0(298) guessed as class 0
Nov 25 23:57:59 ubuntu kernel: [    2.958595] CPU86: Booted secondary processor 0x00003b0200 [0x481fd010]
Nov 25 23:57:59 ubuntu kernel: [    2.999098] Detected VIPT I-cache on CPU87
Nov 25 23:57:59 ubuntu kernel: [    2.999135] GICv3: CPU87: found redistributor 3b0300 region 87:0x00002000aa4c0000
Nov 25 23:57:59 ubuntu /usr/sbin/irqbalance: IRQ 0(299) guessed as class 0
Nov 25 23:57:59 ubuntu kernel: [    2.999158] GICv3: CPU87: using allocated LPI pending table @0x00000027fee20000
Nov 25 23:57:59 ubuntu kernel: [    2.999216] CPU87: Booted secondary processor 0x00003b0300 [0x481fd010]
Nov 25 23:57:59 ubuntu kernel: [    3.039203] Detected VIPT I-cache on CPU88
Nov 25 23:57:59 ubuntu kernel: [    3.039241] GICv3: CPU88: found redistributor 3c0000 region 88:0x00002000aa500000
Nov 25 23:57:59 ubuntu kernel: [    3.039276] GICv3: CPU88: using allocated LPI pending table @0x00000027fee30000
Nov 25 23:57:59 ubuntu kernel: [    3.039338] CPU88: Booted secondary processor 0x00003c0000 [0x481fd010]
Nov 25 23:57:59 ubuntu kernel: [    3.079300] Detected VIPT I-cache on CPU89
Nov 25 23:57:59 ubuntu kernel: [    3.079336] GICv3: CPU89: found redistributor 3c0100 region 89:0x00002000aa540000
Nov 25 23:57:59 ubuntu /usr/sbin/irqbalance: IRQ 0(300) guessed as class 0
Nov 25 23:57:59 ubuntu kernel: [    3.079363] GICv3: CPU89: using allocated LPI pending table @0x00000027fee40000
Nov 25 23:57:59 ubuntu kernel: [    3.079421] CPU89: Booted secondary processor 0x00003c0100 [0x481fd010]
Nov 25 23:57:59 ubuntu /usr/sbin/irqbalance: IRQ 0(301) guessed as class 0
Nov 25 23:57:59 ubuntu kernel: [    3.119402] Detected VIPT I-cache on CPU90
Nov 25 23:57:59 ubuntu kernel: [    3.119439] GICv3: CPU90: found redistributor 3c0200 region 90:0x00002000aa580000
Nov 25 23:57:59 ubuntu /usr/sbin/irqbalance: IRQ 0(302) guessed as class 0
Nov 25 23:57:59 ubuntu /usr/sbin/irqbalance: IRQ 0(303) guessed as class 0
Nov 25 23:57:59 ubuntu /usr/sbin/irqbalance: IRQ 0(304) guessed as class 0
Nov 25 23:57:59 ubuntu /usr/sbin/irqbalance: IRQ 0(305) guessed as class 0
Nov 25 23:57:59 ubuntu /usr/sbin/irqbalance: IRQ 0(306) guessed as class 0
Nov 25 23:57:59 ubuntu /usr/sbin/irqbalance: IRQ 0(307) guessed as class 0
Nov 25 23:57:59 ubuntu /usr/sbin/irqbalance: IRQ 0(308) guessed as class 0
Nov 25 23:57:59 ubuntu /usr/sbin/irqbalance: IRQ 0(309) guessed as class 0
Nov 25 23:57:59 ubuntu /usr/sbin/irqbalance: IRQ 0(310) guessed as class 0
Nov 25 23:57:59 ubuntu /usr/sbin/irqbalance: IRQ 0(311) guessed as class 0
Nov 25 23:57:59 ubuntu /usr/sbin/irqbalance: IRQ 0(312) guessed as class 0
Nov 25 23:57:59 ubuntu /usr/sbin/irqbalance: IRQ 0(313) guessed as class 0
Nov 25 23:57:59 ubuntu /usr/sbin/irqbalance: IRQ 0(314) guessed as class 0
Nov 25 23:57:59 ubuntu /usr/sbin/irqbalance: IRQ 0(315) guessed as class 0
Nov 25 23:57:59 ubuntu kernel: [    3.119464] GICv3: CPU90: using allocated LPI pending table @0x00000027fee50000
Nov 25 23:57:59 ubuntu kernel: [    3.119521] CPU90: Booted secondary processor 0x00003c0200 [0x481fd010]
Nov 25 23:57:59 ubuntu kernel: [    3.159504] Detected VIPT I-cache on CPU91
Nov 25 23:57:59 ubuntu /usr/sbin/irqbalance: IRQ 0(316) guessed as class 0
Nov 25 23:57:59 ubuntu kernel: [    3.159540] GICv3: CPU91: found redistributor 3c0300 region 91:0x00002000aa5c0000
Nov 25 23:57:59 ubuntu /usr/sbin/irqbalance: IRQ 0(317) guessed as class 0
Nov 25 23:57:59 ubuntu /usr/sbin/irqbalance: IRQ 0(318) guessed as class 0
Nov 25 23:57:59 ubuntu kernel: [    3.159565] GICv3: CPU91: using allocated LPI pending table @0x00000027fee60000
Nov 25 23:57:59 ubuntu kernel: [    3.159623] CPU91: Booted secondary processor 0x00003c0300 [0x481fd010]
Nov 25 23:57:59 ubuntu /usr/sbin/irqbalance: IRQ 0(319) guessed as class 0
Nov 25 23:57:59 ubuntu kernel: [    3.199782] Detected VIPT I-cache on CPU92
Nov 25 23:57:59 ubuntu kernel: [    3.199821] GICv3: CPU92: found redistributor 3d0000 region 92:0x00002000aa600000
Nov 25 23:57:59 ubuntu kernel: [    3.199857] GICv3: CPU92: using allocated LPI pending table @0x00000027fee70000
Nov 25 23:57:59 ubuntu /usr/sbin/irqbalance: IRQ 0(320) guessed as class 0
Nov 25 23:57:59 ubuntu kernel: [    3.199918] CPU92: Booted secondary processor 0x00003d0000 [0x481fd010]
Nov 25 23:57:59 ubuntu kernel: [    3.240054] Detected VIPT I-cache on CPU93
Nov 25 23:57:59 ubuntu /usr/sbin/irqbalance: IRQ 0(321) guessed as class 0
Nov 25 23:57:59 ubuntu kernel: [    3.240091] GICv3: CPU93: found redistributor 3d0100 region 93:0x00002000aa640000
Nov 25 23:57:59 ubuntu kernel: [    3.240116] GICv3: CPU93: using allocated LPI pending table @0x00000027fee80000
Nov 25 23:57:59 ubuntu kernel: [    3.240174] CPU93: Booted secondary processor 0x00003d0100 [0x481fd010]
Nov 25 23:57:59 ubuntu kernel: [    3.280330] Detected VIPT I-cache on CPU94
Nov 25 23:57:59 ubuntu kernel: [    3.280367] GICv3: CPU94: found redistributor 3d0200 region 94:0x00002000aa680000
Nov 25 23:57:59 ubuntu kernel: [    3.280394] GICv3: CPU94: using allocated LPI pending table @0x00000027fee90000
Nov 25 23:57:59 ubuntu kernel: [    3.280452] CPU94: Booted secondary processor 0x00003d0200 [0x481fd010]
Nov 25 23:57:59 ubuntu /usr/sbin/irqbalance: IRQ 0(322) guessed as class 0
Nov 25 23:57:59 ubuntu kernel: [    3.320604] Detected VIPT I-cache on CPU95
Nov 25 23:57:59 ubuntu /usr/sbin/irqbalance: IRQ 0(323) guessed as class 0
Nov 25 23:57:59 ubuntu kernel: [    3.320642] GICv3: CPU95: found redistributor 3d0300 region 95:0x00002000aa6c0000
Nov 25 23:57:59 ubuntu kernel: [    3.320667] GICv3: CPU95: using allocated LPI pending table @0x00000027feea0000
Nov 25 23:57:59 ubuntu kernel: [    3.320725] CPU95: Booted secondary processor 0x00003d0300 [0x481fd010]
Nov 25 23:57:59 ubuntu /usr/sbin/irqbalance: IRQ 0(324) guessed as class 0
Nov 25 23:57:59 ubuntu kernel: [    3.321573] smp: Brought up 4 nodes, 96 CPUs
Nov 25 23:57:59 ubuntu /usr/sbin/irqbalance: IRQ 0(325) guessed as class 0
Nov 25 23:57:59 ubuntu /usr/sbin/irqbalance: IRQ 0(326) guessed as class 0
Nov 25 23:57:59 ubuntu kernel: [    3.322125] SMP: Total of 96 processors activated.
Nov 25 23:57:59 ubuntu kernel: [    3.322128] CPU features: detected: Privileged Access Never
Nov 25 23:57:59 ubuntu kernel: [    3.322129] CPU features: detected: LSE atomic instructions
Nov 25 23:57:59 ubuntu /usr/sbin/irqbalance: IRQ 0(327) guessed as class 0
Nov 25 23:57:59 ubuntu kernel: [    3.322131] CPU features: detected: User Access Override
Nov 25 23:57:59 ubuntu kernel: [    3.322134] CPU features: detected: Common not Private translations
Nov 25 23:57:59 ubuntu kernel: [    3.322136] CPU features: detected: Data cache clean to Point of Persistence
Nov 25 23:57:59 ubuntu kernel: [    3.322138] CPU features: detected: RAS Extension Support
Nov 25 23:57:59 ubuntu /usr/sbin/irqbalance: IRQ 0(328) guessed as class 0
Nov 25 23:57:59 ubuntu kernel: [    3.322140] CPU features: detected: CRC32 instructions
Nov 25 23:57:59 ubuntu kernel: [    3.386960] CPU: All CPU(s) started at EL2
Nov 25 23:57:59 ubuntu kernel: [    3.402942] devtmpfs: initialized
Nov 25 23:57:59 ubuntu /usr/sbin/irqbalance: IRQ 0(329) guessed as class 0
Nov 25 23:57:59 ubuntu /usr/sbin/irqbalance: IRQ 0(330) guessed as class 0
Nov 25 23:57:59 ubuntu kernel: [    3.405710] Registered cp15_barrier emulation handler
Nov 25 23:57:59 ubuntu kernel: [    3.405749] Registered setend emulation handler
Nov 25 23:57:59 ubuntu /usr/sbin/irqbalance: IRQ 0(331) guessed as class 0
Nov 25 23:57:59 ubuntu kernel: [    3.405756] KASLR disabled due to lack of seed
Nov 25 23:57:59 ubuntu kernel: [    3.406166] clocksource: jiffies: mask: 0xffffffff max_cycles: 0xffffffff, max_idle_ns: 7645041785100000 ns
Nov 25 23:57:59 ubuntu /usr/sbin/irqbalance: IRQ 0(332) guessed as class 0
Nov 25 23:57:59 ubuntu /usr/sbin/irqbalance: IRQ 0(333) guessed as class 0
Nov 25 23:57:59 ubuntu kernel: [    3.406570] futex hash table entries: 32768 (order: 9, 2097152 bytes, vmalloc)
Nov 25 23:57:59 ubuntu kernel: [    3.407397] pinctrl core: initialized pinctrl subsystem
Nov 25 23:57:59 ubuntu kernel: [    3.407574] thermal_sys: Registered thermal governor 'fair_share'
Nov 25 23:57:59 ubuntu kernel: [    3.407575] thermal_sys: Registered thermal governor 'bang_bang'
Nov 25 23:57:59 ubuntu /usr/sbin/irqbalance: IRQ 0(334) guessed as class 0
Nov 25 23:57:59 ubuntu kernel: [    3.407578] thermal_sys: Registered thermal governor 'step_wise'
Nov 25 23:57:59 ubuntu kernel: [    3.407580] thermal_sys: Registered thermal governor 'user_space'
Nov 25 23:57:59 ubuntu kernel: [    3.407664] SMBIOS 3.1.1 present.
Nov 25 23:57:59 ubuntu kernel: [    3.407670] DMI: Huawei TaiShan 200 (Model 2280)/BC82AMDDA, BIOS 1.06 10/29/2019
Nov 25 23:57:59 ubuntu /usr/sbin/irqbalance: IRQ 0(335) guessed as class 0
Nov 25 23:57:59 ubuntu kernel: [    3.408010] NET: Registered protocol family 16
Nov 25 23:57:59 ubuntu kernel: [    3.409161] DMA: preallocated 256 KiB pool for atomic allocations
Nov 25 23:57:59 ubuntu kernel: [    3.409166] audit: initializing netlink subsys (disabled)
Nov 25 23:57:59 ubuntu /usr/sbin/irqbalance: IRQ 0(336) guessed as class 0
Nov 25 23:57:59 ubuntu kernel: [    3.409208] audit: type=2000 audit(0.488:1): state=initialized audit_enabled=0 res=1
Nov 25 23:57:59 ubuntu kernel: [    3.409474] cpuidle: using governor ladder
Nov 25 23:57:59 ubuntu /usr/sbin/irqbalance: IRQ 0(337) guessed as class 0
Nov 25 23:57:59 ubuntu /usr/sbin/irqbalance: IRQ 0(338) guessed as class 0
Nov 25 23:57:59 ubuntu kernel: [    3.409569] cpuidle: using governor menu
Nov 25 23:57:59 ubuntu kernel: [    3.409579] Detected 1 PCC Subspaces
Nov 25 23:57:59 ubuntu kernel: [    3.409608] Registering PCC driver as Mailbox controller
Nov 25 23:57:59 ubuntu kernel: [    3.409686] hw-breakpoint: found 6 breakpoint and 4 watchpoint registers.
Nov 25 23:57:59 ubuntu kernel: [    3.410571] ASID allocator initialised with 65536 entries
Nov 25 23:57:59 ubuntu kernel: [    3.410719] ACPI: bus type PCI registered
Nov 25 23:57:59 ubuntu kernel: [    3.410723] acpiphp: ACPI Hot Plug PCI Controller Driver version: 0.5
Nov 25 23:57:59 ubuntu kernel: [    3.410886] Serial: AMBA PL011 UART driver
Nov 25 23:57:59 ubuntu /usr/sbin/irqbalance: IRQ 0(339) guessed as class 0
Nov 25 23:57:59 ubuntu kernel: [    3.417770] HugeTLB registered 1.00 GiB page size, pre-allocated 0 pages
Nov 25 23:57:59 ubuntu kernel: [    3.417775] HugeTLB registered 32.0 MiB page size, pre-allocated 0 pages
Nov 25 23:57:59 ubuntu kernel: [    3.417777] HugeTLB registered 2.00 MiB page size, pre-allocated 0 pages
Nov 25 23:57:59 ubuntu /usr/sbin/irqbalance: IRQ 0(340) guessed as class 0
Nov 25 23:57:59 ubuntu kernel: [    3.417780] HugeTLB registered 64.0 KiB page size, pre-allocated 0 pages
Nov 25 23:57:59 ubuntu kernel: [    3.421640] fbcon: Taking over console
Nov 25 23:57:59 ubuntu kernel: [    3.422040] ACPI: Added _OSI(Module Device)
Nov 25 23:57:59 ubuntu kernel: [    3.422043] ACPI: Added _OSI(Processor Device)
Nov 25 23:57:59 ubuntu kernel: [    3.422045] ACPI: Added _OSI(3.0 _SCP Extensions)
Nov 25 23:57:59 ubuntu kernel: [    3.422047] ACPI: Added _OSI(Processor Aggregator Device)
Nov 25 23:57:59 ubuntu kernel: [    3.422050] ACPI: Added _OSI(Linux-Dell-Video)
Nov 25 23:57:59 ubuntu /usr/sbin/irqbalance: IRQ 0(341) guessed as class 0
Nov 25 23:57:59 ubuntu kernel: [    3.422052] ACPI: Added _OSI(Linux-Lenovo-NV-HDMI-Audio)
Nov 25 23:57:59 ubuntu /usr/sbin/irqbalance: IRQ 0(342) guessed as class 0
Nov 25 23:57:59 ubuntu kernel: [    3.422055] ACPI: Added _OSI(Linux-HPI-Hybrid-Graphics)
Nov 25 23:57:59 ubuntu kernel: [    3.431276] ACPI: 2 ACPI AML tables successfully acquired and loaded
Nov 25 23:57:59 ubuntu kernel: [    3.434694] ACPI: Interpreter enabled
Nov 25 23:57:59 ubuntu /usr/sbin/irqbalance: IRQ 0(343) guessed as class 0
Nov 25 23:57:59 ubuntu /usr/sbin/irqbalance: IRQ 0(344) guessed as class 0
Nov 25 23:57:59 ubuntu kernel: [    3.434698] ACPI: Using GIC for interrupt routing
Nov 25 23:57:59 ubuntu kernel: [    3.434713] ACPI: MCFG table detected, 1 entries
Nov 25 23:57:59 ubuntu kernel: [    3.434716] ACPI: IORT: [Firmware Bug]: ID count for ID mapping entry is wrong, applying workaround
Nov 25 23:57:59 ubuntu kernel: [    3.434721] ACPI: IORT: SMMU-v3[148000000] Mapped to Proximity domain 0
Nov 25 23:57:59 ubuntu kernel: [    3.434778] ACPI: IORT: SMMU-v3[201000000] Mapped to Proximity domain 0
Nov 25 23:57:59 ubuntu kernel: [    3.434805] ACPI: IORT: SMMU-v3[100000000] Mapped to Proximity domain 0
Nov 25 23:57:59 ubuntu /usr/sbin/irqbalance: IRQ 0(345) guessed as class 0
Nov 25 23:57:59 ubuntu /usr/sbin/irqbalance: IRQ 0(346) guessed as class 0
Nov 25 23:57:59 ubuntu kernel: [    3.434828] ACPI: IORT: SMMU-v3[140000000] Mapped to Proximity domain 0
Nov 25 23:57:59 ubuntu kernel: [    3.434852] ACPI: IORT: SMMU-v3[200148000000] Mapped to Proximity domain 2
Nov 25 23:57:59 ubuntu /usr/sbin/irqbalance: IRQ 0(347) guessed as class 0
