Dec  3 17:56:52 ubuntu systemd-modules-load[821]: Inserted module 'iscsi_tcp'
Dec  3 17:56:52 ubuntu kernel: [    0.000000] Booting Linux on physical CPU 0x0000000000 [0x481fd010]
Dec  3 17:56:52 ubuntu systemd-modules-load[821]: Inserted module 'ib_iser'
Dec  3 17:56:52 ubuntu lvm[842]:   2 logical volume(s) in volume group "ubuntu-vg" monitored
Dec  3 17:56:52 ubuntu systemd[1]: Started Monitoring of LVM2 mirrors, snapshots etc. using dmeventd or progress polling.
Dec  3 17:56:52 ubuntu kernel: [    0.000000] Linux version 5.7.1 (root@ubuntu) (gcc version 7.5.0 (Ubuntu/Linaro 7.5.0-3ubuntu1~18.04), GNU ld (GNU Binutils for Ubuntu) 2.30) #1 SMP Thu Dec 3 17:27:58 CST 2020
Dec  3 17:56:52 ubuntu kernel: [    0.000000] efi: EFI v2.70 by EDK II
Dec  3 17:56:52 ubuntu systemd[1]: Started Create Static Device Nodes in /dev.
Dec  3 17:56:52 ubuntu kernel: [    0.000000] efi:  SMBIOS 3.0=0x53f710000  ACPI 2.0=0x53c020000  MEMATTR=0x53cc7ca98  MEMRESERVE=0x53becd018 
Dec  3 17:56:52 ubuntu systemd[1]: Mounted Kernel Configuration File System.
Dec  3 17:56:52 ubuntu kernel: [    0.000000] cma: Reserved 32 MiB at 0x00000000fe000000
Dec  3 17:56:52 ubuntu kernel: [    0.000000] ACPI: Early table checksum verification disabled
Dec  3 17:56:52 ubuntu kernel: [    0.000000] ACPI: RSDP 0x000000053C020000 000024 (v02 BOCHS )
Dec  3 17:56:52 ubuntu kernel: [    0.000000] ACPI: XSDT 0x000000053BED0000 000054 (v01 BOCHS  BXPCFACP 00000001      01000013)
Dec  3 17:56:52 ubuntu systemd[1]: Mounted FUSE Control File System.
Dec  3 17:56:52 ubuntu kernel: [    0.000000] ACPI: FACP 0x000000053BE90000 00010C (v05 BOCHS  BXPCFACP 00000001 BXPC 00000001)
Dec  3 17:56:52 ubuntu kernel: [    0.000000] ACPI: DSDT 0x000000053BEA0000 001523 (v02 BOCHS  BXPCDSDT 00000001 BXPC 00000001)
Dec  3 17:56:52 ubuntu kernel: [    0.000000] ACPI: APIC 0x000000053BE80000 0009E8 (v03 BOCHS  BXPCAPIC 00000001 BXPC 00000001)
Dec  3 17:56:52 ubuntu systemd[1]: Starting udev Kernel Device Manager...
Dec  3 17:56:52 ubuntu kernel: [    0.000000] ACPI: GTDT 0x000000053BE70000 000060 (v02 BOCHS  BXPCGTDT 00000001 BXPC 00000001)
Dec  3 17:56:52 ubuntu kernel: [    0.000000] ACPI: MCFG 0x000000053BE60000 00003C (v01 BOCHS  BXPCMCFG 00000001 BXPC 00000001)
Dec  3 17:56:52 ubuntu kernel: [    0.000000] ACPI: SPCR 0x000000053BE50000 000050 (v02 BOCHS  BXPCSPCR 00000001 BXPC 00000001)
Dec  3 17:56:52 ubuntu systemd[1]: Starting Flush Journal to Persistent Storage...
Dec  3 17:56:52 ubuntu kernel: [    0.000000] ACPI: IORT 0x000000053BE40000 00007C (v00 BOCHS  BXPCIORT 00000001 BXPC 00000001)
Dec  3 17:56:52 ubuntu kernel: [    0.000000] ACPI: SPCR: console: pl011,mmio,0x9000000,9600
Dec  3 17:56:52 ubuntu kernel: [    0.000000] ACPI: NUMA: Failed to initialise from firmware
Dec  3 17:56:52 ubuntu kernel: [    0.000000] NUMA: Faking a node at [mem 0x0000000040000000-0x000000053fffffff]
Dec  3 17:56:52 ubuntu systemd[1]: Started Set the console keyboard layout.
Dec  3 17:56:52 ubuntu kernel: [    0.000000] NUMA: NODE_DATA [mem 0x53d409300-0x53d40cfff]
Dec  3 17:56:52 ubuntu kernel: [    0.000000] Zone ranges:
Dec  3 17:56:52 ubuntu systemd[1]: Started Apply Kernel Variables.
Dec  3 17:56:52 ubuntu kernel: [    0.000000]   DMA      [mem 0x0000000040000000-0x000000007fffffff]
Dec  3 17:56:52 ubuntu kernel: [    0.000000]   DMA32    [mem 0x0000000080000000-0x00000000ffffffff]
Dec  3 17:56:52 ubuntu kernel: [    0.000000]   Normal   [mem 0x0000000100000000-0x000000053fffffff]
Dec  3 17:56:52 ubuntu kernel: [    0.000000] Movable zone start for each node
Dec  3 17:56:52 ubuntu kernel: [    0.000000] Early memory node ranges
Dec  3 17:56:52 ubuntu kernel: [    0.000000]   node   0: [mem 0x0000000040000000-0x000000053bedffff]
Dec  3 17:56:52 ubuntu kernel: [    0.000000]   node   0: [mem 0x000000053bee0000-0x000000053bffffff]
Dec  3 17:56:52 ubuntu systemd[1]: Reached target Local File Systems (Pre).
Dec  3 17:56:52 ubuntu kernel: [    0.000000]   node   0: [mem 0x000000053c000000-0x000000053c02ffff]
Dec  3 17:56:52 ubuntu kernel: [    0.000000]   node   0: [mem 0x000000053c030000-0x000000053c0affff]
Dec  3 17:56:52 ubuntu kernel: [    0.000000]   node   0: [mem 0x000000053c0b0000-0x000000053f57ffff]
Dec  3 17:56:52 ubuntu kernel: [    0.000000]   node   0: [mem 0x000000053f580000-0x000000053f95ffff]
Dec  3 17:56:52 ubuntu systemd[1]: Started udev Kernel Device Manager.
Dec  3 17:56:52 ubuntu kernel: [    0.000000]   node   0: [mem 0x000000053f960000-0x000000053fffffff]
Dec  3 17:56:52 ubuntu kernel: [    0.000000] Zeroed struct page in unavailable ranges: 544 pages
Dec  3 17:56:52 ubuntu systemd[1]: Started Flush Journal to Persistent Storage.
Dec  3 17:56:52 ubuntu kernel: [    0.000000] Initmem setup node 0 [mem 0x0000000040000000-0x000000053fffffff]
Dec  3 17:56:52 ubuntu kernel: [    0.000000] On node 0 totalpages: 5242880
Dec  3 17:56:52 ubuntu systemd[1]: Started udev Coldplug all Devices.
Dec  3 17:56:52 ubuntu kernel: [    0.000000]   DMA zone: 5120 pages used for memmap
Dec  3 17:56:52 ubuntu kernel: [    0.000000]   DMA zone: 0 pages reserved
Dec  3 17:56:52 ubuntu systemd[1]: Started Dispatch Password Requests to Console Directory Watch.
Dec  3 17:56:52 ubuntu kernel: [    0.000000]   DMA zone: 262144 pages, LIFO batch:63
Dec  3 17:56:52 ubuntu kernel: [    0.000000]   DMA32 zone: 10240 pages used for memmap
Dec  3 17:56:52 ubuntu kernel: [    0.000000]   DMA32 zone: 524288 pages, LIFO batch:63
Dec  3 17:56:52 ubuntu kernel: [    0.000000]   Normal zone: 87040 pages used for memmap
Dec  3 17:56:52 ubuntu systemd[1]: Reached target Local Encrypted Volumes.
Dec  3 17:56:52 ubuntu kernel: [    0.000000]   Normal zone: 4456448 pages, LIFO batch:63
Dec  3 17:56:52 ubuntu kernel: [    0.000000] psci: probing for conduit method from ACPI.
Dec  3 17:56:52 ubuntu kernel: [    0.000000] psci: PSCIv1.0 detected in firmware.
Dec  3 17:56:52 ubuntu kernel: [    0.000000] psci: Using standard PSCI v0.2 function IDs
Dec  3 17:56:52 ubuntu systemd[1]: Found device /dev/ttyAMA0.
Dec  3 17:56:52 ubuntu kernel: [    0.000000] psci: Trusted OS migration not required
Dec  3 17:56:52 ubuntu kernel: [    0.000000] psci: SMC Calling Convention v1.1
Dec  3 17:56:52 ubuntu kernel: [    0.000000] ACPI: SRAT not present
Dec  3 17:56:52 ubuntu kernel: [    0.000000] percpu: Embedded 33 pages/cpu s94616 r8192 d32360 u135168
Dec  3 17:56:52 ubuntu systemd-udevd[1001]: link_config: autonegotiation is unset or enabled, the speed and duplex are not writable.
Dec  3 17:56:52 ubuntu kernel: [    0.000000] pcpu-alloc: s94616 r8192 d32360 u135168 alloc=33*4096
Dec  3 17:56:52 ubuntu kernel: [    0.000000] pcpu-alloc: [0] 00 [0] 01 [0] 02 [0] 03 [0] 04 [0] 05 [0] 06 [0] 07 
Dec  3 17:56:52 ubuntu kernel: [    0.000000] pcpu-alloc: [0] 08 [0] 09 [0] 10 [0] 11 [0] 12 [0] 13 [0] 14 [0] 15 
Dec  3 17:56:52 ubuntu kernel: [    0.000000] pcpu-alloc: [0] 16 [0] 17 [0] 18 [0] 19 [0] 20 [0] 21 [0] 22 [0] 23 
Dec  3 17:56:52 ubuntu kernel: [    0.000000] pcpu-alloc: [0] 24 [0] 25 [0] 26 [0] 27 [0] 28 [0] 29 [0] 30 [0] 31 
Dec  3 17:56:52 ubuntu kernel: [    0.000000] Detected VIPT I-cache on CPU0
Dec  3 17:56:52 ubuntu kernel: [    0.000000] CPU features: detected: GIC system register CPU interface
Dec  3 17:56:52 ubuntu systemd-udevd[999]: link_config: autonegotiation is unset or enabled, the speed and duplex are not writable.
Dec  3 17:56:52 ubuntu kernel: [    0.000000] CPU features: detected: Hardware dirty bit management
Dec  3 17:56:52 ubuntu kernel: [    0.000000] Built 1 zonelists, mobility grouping on.  Total pages: 5140480
Dec  3 17:56:52 ubuntu kernel: [    0.000000] Policy zone: Normal
Dec  3 17:56:52 ubuntu systemd[1]: Listening on Load/Save RF Kill Switch Status /dev/rfkill Watch.
Dec  3 17:56:52 ubuntu systemd[1]: Found device /dev/mapper/ubuntu--vg-swap_1.
Dec  3 17:56:52 ubuntu systemd[1]: Activating swap /dev/mapper/ubuntu--vg-swap_1...
Dec  3 17:56:52 ubuntu systemd[1]: Created slice system-lvm2\x2dpvscan.slice.
Dec  3 17:56:52 ubuntu systemd[1]: Starting LVM2 PV scan on device 8:2...
Dec  3 17:56:52 ubuntu systemd[1]: Found device QEMU_HARDDISK 1.
Dec  3 17:56:52 ubuntu systemd[1]: Starting File System Check on /dev/disk/by-uuid/5EA9-3D4C...
Dec  3 17:56:52 ubuntu systemd[1]: Activated swap /dev/mapper/ubuntu--vg-swap_1.
Dec  3 17:56:52 ubuntu systemd[1]: Started File System Check Daemon to report status.
Dec  3 17:56:52 ubuntu systemd[1]: Reached target Swap.
Dec  3 17:56:52 ubuntu systemd-fsck[1107]: fsck.fat 4.1 (2017-01-24)
Dec  3 17:56:52 ubuntu kernel: [    0.000000] Kernel command line: BOOT_IMAGE=/boot/vmlinuz-5.7.1 root=/dev/mapper/ubuntu--vg-root ro
Dec  3 17:56:52 ubuntu kernel: [    0.000000] Dentry cache hash table entries: 4194304 (order: 13, 33554432 bytes, linear)
Dec  3 17:56:52 ubuntu kernel: [    0.000000] Inode-cache hash table entries: 2097152 (order: 12, 16777216 bytes, linear)
Dec  3 17:56:52 ubuntu kernel: [    0.000000] mem auto-init: stack:off, heap alloc:on, heap free:off
Dec  3 17:56:52 ubuntu systemd-fsck[1107]: /dev/sda1: 5 files, 41/65501 clusters
Dec  3 17:56:52 ubuntu kernel: [    0.000000] software IO TLB: mapped [mem 0x7bfff000-0x7ffff000] (64MB)
Dec  3 17:56:52 ubuntu kernel: [    0.000000] Memory: 20269608K/20971520K available (14204K kernel code, 2354K rwdata, 6868K rodata, 7040K init, 1132K bss, 669144K reserved, 32768K cma-reserved)
Dec  3 17:56:52 ubuntu kernel: [    0.000000] random: get_random_u64 called from __kmem_cache_create+0x54/0x5d8 with crng_init=0
Dec  3 17:56:52 ubuntu kernel: [    0.000000] SLUB: HWalign=64, Order=0-3, MinObjects=0, CPUs=32, Nodes=1
Dec  3 17:56:52 ubuntu kernel: [    0.000000] ftrace: allocating 46107 entries in 181 pages
Dec  3 17:56:52 ubuntu kernel: [    0.000000] ftrace: allocated 181 pages with 5 groups
Dec  3 17:56:52 ubuntu kernel: [    0.000000] rcu: Hierarchical RCU implementation.
Dec  3 17:56:52 ubuntu kernel: [    0.000000] rcu: 	RCU restricting CPUs from NR_CPUS=256 to nr_cpu_ids=32.
Dec  3 17:56:52 ubuntu systemd[1]: Started File System Check on /dev/disk/by-uuid/5EA9-3D4C.
Dec  3 17:56:52 ubuntu kernel: [    0.000000] 	Tasks RCU enabled.
Dec  3 17:56:52 ubuntu kernel: [    0.000000] rcu: RCU calculated value of scheduler-enlistment delay is 25 jiffies.
Dec  3 17:56:52 ubuntu kernel: [    0.000000] rcu: Adjusting geometry for rcu_fanout_leaf=16, nr_cpu_ids=32
Dec  3 17:56:52 ubuntu lvm[1106]:   2 logical volume(s) in volume group "ubuntu-vg" now active
Dec  3 17:56:52 ubuntu kernel: [    0.000000] NR_IRQS: 64, nr_irqs: 64, preallocated irqs: 0
Dec  3 17:56:52 ubuntu systemd[1]: Mounting /boot/efi...
Dec  3 17:56:52 ubuntu kernel: [    0.000000] GICv3: 256 SPIs implemented
Dec  3 17:56:52 ubuntu systemd[1]: Started LVM2 PV scan on device 8:2.
Dec  3 17:56:52 ubuntu kernel: [    0.000000] GICv3: 0 Extended SPIs implemented
Dec  3 17:56:52 ubuntu kernel: [    0.000000] GICv3: Distributor has no Range Selector support
Dec  3 17:56:52 ubuntu kernel: [    0.000000] GICv3: 16 PPIs implemented
Dec  3 17:56:52 ubuntu kernel: [    0.000000] GICv3: CPU0: found redistributor 0 region 0:0x00000000080a0000
Dec  3 17:56:52 ubuntu systemd[1]: Mounted /boot/efi.
Dec  3 17:56:52 ubuntu systemd[1]: Reached target Local File Systems.
Dec  3 17:56:52 ubuntu systemd[1]: Starting ebtables ruleset management...
Dec  3 17:56:52 ubuntu kernel: [    0.000000] ACPI: SRAT not present
Dec  3 17:56:52 ubuntu systemd[1]: Starting Set console font and keymap...
Dec  3 17:56:52 ubuntu kernel: [    0.000000] ITS [mem 0x08080000-0x0809ffff]
Dec  3 17:56:52 ubuntu systemd[1]: Starting Tell Plymouth To Write Out Runtime Data...
Dec  3 17:56:52 ubuntu systemd[1]: Starting Create Volatile Files and Directories...
Dec  3 17:56:52 ubuntu kernel: [    0.000000] ITS@0x0000000008080000: allocated 8192 Devices @53ca00000 (indirect, esz 8, psz 64K, shr 1)
Dec  3 17:56:52 ubuntu systemd[1]: Starting AppArmor initialization...
Dec  3 17:56:52 ubuntu kernel: [    0.000000] ITS@0x0000000008080000: allocated 8192 Interrupt Collections @53ca10000 (flat, esz 8, psz 64K, shr 1)
Dec  3 17:56:52 ubuntu kernel: [    0.000000] GICv3: using LPI property table @0x000000053ca20000
Dec  3 17:56:52 ubuntu kernel: [    0.000000] GICv3: CPU0: using allocated LPI pending table @0x000000053ca30000
Dec  3 17:56:52 ubuntu systemd[1]: Started Set console font and keymap.
Dec  3 17:56:52 ubuntu kernel: [    0.000000] arch_timer: cp15 timer(s) running at 100.00MHz (virt).
Dec  3 17:56:52 ubuntu systemd[1]: Started Tell Plymouth To Write Out Runtime Data.
Dec  3 17:56:52 ubuntu kernel: [    0.000000] clocksource: arch_sys_counter: mask: 0xffffffffffffff max_cycles: 0x171024e7e0, max_idle_ns: 440795205315 ns
Dec  3 17:56:52 ubuntu kernel: [    0.000001] sched_clock: 56 bits at 100MHz, resolution 10ns, wraps every 4398046511100ns
Dec  3 17:56:52 ubuntu systemd[1]: Started Create Volatile Files and Directories.
Dec  3 17:56:52 ubuntu kernel: [    0.000052] Console: colour dummy device 80x25
Dec  3 17:56:52 ubuntu kernel: [    0.000077] ACPI: Core revision 20200326
Dec  3 17:56:52 ubuntu kernel: [    0.000121] Calibrating delay loop (skipped), value calculated using timer frequency.. 200.00 BogoMIPS (lpj=400000)
Dec  3 17:56:52 ubuntu systemd[1]: Starting Network Time Synchronization...
Dec  3 17:56:52 ubuntu kernel: [    0.000123] pid_max: default: 32768 minimum: 301
Dec  3 17:56:52 ubuntu kernel: [    0.000157] LSM: Security Framework initializing
Dec  3 17:56:52 ubuntu kernel: [    0.000163] Yama: becoming mindful.
Dec  3 17:56:52 ubuntu systemd[1]: Starting Update UTMP about System Boot/Shutdown...
Dec  3 17:56:52 ubuntu kernel: [    0.000187] AppArmor: AppArmor initialized
Dec  3 17:56:52 ubuntu kernel: [    0.000247] Mount-cache hash table entries: 65536 (order: 7, 524288 bytes, linear)
Dec  3 17:56:52 ubuntu kernel: [    0.000275] Mountpoint-cache hash table entries: 65536 (order: 7, 524288 bytes, linear)
Dec  3 17:56:52 ubuntu kernel: [    0.000608] ACPI PPTT: No PPTT table found, CPU and cache topology may be inaccurate
Dec  3 17:56:52 ubuntu kernel: [    0.000775] rcu: Hierarchical SRCU implementation.
Dec  3 17:56:52 ubuntu kernel: [    0.001201] Platform MSI: ITS@0x8080000 domain created
Dec  3 17:56:52 ubuntu kernel: [    0.001206] PCI/MSI: ITS@0x8080000 domain created
Dec  3 17:56:52 ubuntu systemd[1]: Started ebtables ruleset management.
Dec  3 17:56:52 ubuntu kernel: [    0.001214] Remapping and enabling EFI services.
Dec  3 17:56:52 ubuntu kernel: [    0.002066] smp: Bringing up secondary CPUs ...
Dec  3 17:56:52 ubuntu kernel: [    0.091916] Detected VIPT I-cache on CPU1
Dec  3 17:56:52 ubuntu kernel: [    0.091932] GICv3: CPU1: found redistributor 1 region 0:0x00000000080c0000
Dec  3 17:56:52 ubuntu systemd[1]: Reached target Network (Pre).
Dec  3 17:56:52 ubuntu kernel: [    0.092107] GICv3: CPU1: using allocated LPI pending table @0x000000053ca40000
Dec  3 17:56:52 ubuntu kernel: [    0.092136] CPU1: Booted secondary processor 0x0000000001 [0x481fd010]
Dec  3 17:56:52 ubuntu systemd[1]: Starting Network Service...
Dec  3 17:56:52 ubuntu kernel: [    0.182069] Detected VIPT I-cache on CPU2
Dec  3 17:56:52 ubuntu systemd[1]: Started Update UTMP about System Boot/Shutdown.
Dec  3 17:56:52 ubuntu kernel: [    0.182085] GICv3: CPU2: found redistributor 2 region 0:0x00000000080e0000
Dec  3 17:56:52 ubuntu apparmor[1122]:  * Starting AppArmor profiles
Dec  3 17:56:52 ubuntu systemd[1]: Started Network Time Synchronization.
Dec  3 17:56:52 ubuntu systemd[1]: Reached target System Time Synchronized.
Dec  3 17:56:52 ubuntu systemd-networkd[1132]: Enumeration completed
Dec  3 17:56:52 ubuntu systemd-timesyncd[1130]: No network connectivity, watching for changes.
Dec  3 17:56:52 ubuntu systemd[1]: Started Network Service.
Dec  3 17:56:52 ubuntu systemd-networkd[1132]: lo: Link is not managed by us
Dec  3 17:56:52 ubuntu systemd[1]: Starting Network Name Resolution...
Dec  3 17:56:52 ubuntu kernel: [    0.182253] GICv3: CPU2: using allocated LPI pending table @0x000000053ca50000
Dec  3 17:56:52 ubuntu kernel: [    0.182279] CPU2: Booted secondary processor 0x0000000002 [0x481fd010]
Dec  3 17:56:52 ubuntu kernel: [    0.272348] Detected VIPT I-cache on CPU3
Dec  3 17:56:52 ubuntu kernel: [    0.272390] GICv3: CPU3: found redistributor 3 region 0:0x0000000008100000
Dec  3 17:56:52 ubuntu kernel: [    0.272856] GICv3: CPU3: using allocated LPI pending table @0x000000053ca60000
Dec  3 17:56:52 ubuntu kernel: [    0.272912] CPU3: Booted secondary processor 0x0000000003 [0x481fd010]
Dec  3 17:56:52 ubuntu kernel: [    0.510464] Detected VIPT I-cache on CPU4
Dec  3 17:56:52 ubuntu systemd[1]: Starting Wait for Network to be Configured...
Dec  3 17:56:52 ubuntu kernel: [    0.510483] GICv3: CPU4: found redistributor 4 region 0:0x0000000008120000
Dec  3 17:56:52 ubuntu kernel: [    0.510704] GICv3: CPU4: using allocated LPI pending table @0x000000053ca70000
Dec  3 17:56:52 ubuntu kernel: [    0.510726] CPU4: Booted secondary processor 0x0000000004 [0x481fd010]
Dec  3 17:56:52 ubuntu kernel: [    0.601184] Detected VIPT I-cache on CPU5
Dec  3 17:56:52 ubuntu kernel: [    0.601223] GICv3: CPU5: found redistributor 5 region 0:0x0000000008140000
Dec  3 17:56:52 ubuntu kernel: [    0.601584] GICv3: CPU5: using allocated LPI pending table @0x000000053ca80000
Dec  3 17:56:52 ubuntu systemd-resolved[1161]: Positive Trust Anchors:
Dec  3 17:56:52 ubuntu kernel: [    0.601654] CPU5: Booted secondary processor 0x0000000005 [0x481fd010]
Dec  3 17:56:52 ubuntu kernel: [    0.704831] Detected VIPT I-cache on CPU6
Dec  3 17:56:52 ubuntu systemd-resolved[1161]: . IN DS 19036 8 2 49aac11d7b6f6446702e54a1607371607a1a41855200fd2ce1cdde32f24e8fb5
Dec  3 17:56:52 ubuntu kernel: [    0.704851] GICv3: CPU6: found redistributor 6 region 0:0x0000000008160000
Dec  3 17:56:52 ubuntu kernel: [    0.705012] GICv3: CPU6: using allocated LPI pending table @0x000000053ca90000
Dec  3 17:56:52 ubuntu apparmor[1122]: Skipping profile in /etc/apparmor.d/disable: usr.sbin.rsyslogd
Dec  3 17:56:52 ubuntu kernel: [    0.705041] CPU6: Booted secondary processor 0x0000000006 [0x481fd010]
Dec  3 17:56:52 ubuntu systemd-resolved[1161]: . IN DS 20326 8 2 e06d44b80b8f1d39a95c0b0d7c65d08458e880409bbc683457104237c7f8ec8d
Dec  3 17:56:52 ubuntu kernel: [    0.795719] Detected VIPT I-cache on CPU7
Dec  3 17:56:52 ubuntu kernel: [    0.795742] GICv3: CPU7: found redistributor 7 region 0:0x0000000008180000
Dec  3 17:56:52 ubuntu kernel: [    0.795941] GICv3: CPU7: using allocated LPI pending table @0x000000053caa0000
Dec  3 17:56:52 ubuntu kernel: [    0.795966] CPU7: Booted secondary processor 0x0000000007 [0x481fd010]
Dec  3 17:56:52 ubuntu systemd-resolved[1161]: Negative trust anchors: 10.in-addr.arpa 16.172.in-addr.arpa 17.172.in-addr.arpa 18.172.in-addr.arpa 19.172.in-addr.arpa 20.172.in-addr.arpa 21.172.in-addr.arpa 22.172.in-addr.arpa 23.172.in-addr.arpa 24.172.in-addr.arpa 25.172.in-addr.arpa 26.172.in-addr.arpa 27.172.in-addr.arpa 28.172.in-addr.arpa 29.172.in-addr.arpa 30.172.in-addr.arpa 31.172.in-addr.arpa 168.192.in-addr.arpa d.f.ip6.arpa corp home internal intranet lan local private test
Dec  3 17:56:52 ubuntu kernel: [    0.886758] Detected VIPT I-cache on CPU8
Dec  3 17:56:52 ubuntu kernel: [    0.886783] GICv3: CPU8: found redistributor 8 region 0:0x00000000081a0000
Dec  3 17:56:52 ubuntu systemd-resolved[1161]: Using system hostname 'ubuntu'.
Dec  3 17:56:52 ubuntu kernel: [    0.886970] GICv3: CPU8: using allocated LPI pending table @0x000000053cab0000
Dec  3 17:56:52 ubuntu systemd[1]: Started Network Name Resolution.
Dec  3 17:56:52 ubuntu kernel: [    0.886997] CPU8: Booted secondary processor 0x0000000008 [0x481fd010]
Dec  3 17:56:52 ubuntu kernel: [    0.981074] Detected VIPT I-cache on CPU9
Dec  3 17:56:52 ubuntu systemd[1]: Reached target Network.
Dec  3 17:56:52 ubuntu kernel: [    0.981100] GICv3: CPU9: found redistributor 9 region 0:0x00000000081c0000
Dec  3 17:56:52 ubuntu kernel: [    0.981310] GICv3: CPU9: using allocated LPI pending table @0x000000053cac0000
Dec  3 17:56:52 ubuntu systemd[1]: Reached target Host and Network Name Lookups.
Dec  3 17:56:52 ubuntu kernel: [    0.981336] CPU9: Booted secondary processor 0x0000000009 [0x481fd010]
Dec  3 17:56:52 ubuntu systemd-networkd[1132]: enp1s0: Gained carrier
Dec  3 17:56:52 ubuntu kernel: [    1.072614] Detected VIPT I-cache on CPU10
Dec  3 17:56:52 ubuntu kernel: [    1.072643] GICv3: CPU10: found redistributor a region 0:0x00000000081e0000
Dec  3 17:56:52 ubuntu kernel: [    1.072799] GICv3: CPU10: using allocated LPI pending table @0x000000053cad0000
Dec  3 17:56:52 ubuntu systemd-timesyncd[1130]: Network configuration changed, trying to establish connection.
Dec  3 17:56:52 ubuntu kernel: [    1.072825] CPU10: Booted secondary processor 0x000000000a [0x481fd010]
Dec  3 17:56:52 ubuntu kernel: [    1.163957] Detected VIPT I-cache on CPU11
Dec  3 17:56:52 ubuntu kernel: [    1.163986] GICv3: CPU11: found redistributor b region 0:0x0000000008200000
Dec  3 17:56:52 ubuntu kernel: [    1.164166] GICv3: CPU11: using allocated LPI pending table @0x000000053cae0000
Dec  3 17:56:52 ubuntu apparmor[1122]:    ...done.
Dec  3 17:56:52 ubuntu kernel: [    1.164191] CPU11: Booted secondary processor 0x000000000b [0x481fd010]
Dec  3 17:56:52 ubuntu kernel: [    1.255447] Detected VIPT I-cache on CPU12
Dec  3 17:56:52 ubuntu kernel: [    1.255482] GICv3: CPU12: found redistributor c region 0:0x0000000008220000
Dec  3 17:56:52 ubuntu systemd[1]: Started AppArmor initialization.
Dec  3 17:56:52 ubuntu kernel: [    1.255664] GICv3: CPU12: using allocated LPI pending table @0x000000053caf0000
Dec  3 17:56:52 ubuntu kernel: [    1.255693] CPU12: Booted secondary processor 0x000000000c [0x481fd010]
Dec  3 17:56:52 ubuntu kernel: [    1.347798] Detected VIPT I-cache on CPU13
Dec  3 17:56:52 ubuntu kernel: [    1.347831] GICv3: CPU13: found redistributor d region 0:0x0000000008240000
Dec  3 17:56:52 ubuntu systemd[1]: Reached target System Initialization.
Dec  3 17:56:52 ubuntu kernel: [    1.347997] GICv3: CPU13: using allocated LPI pending table @0x000000053cb00000
Dec  3 17:56:52 ubuntu kernel: [    1.348023] CPU13: Booted secondary processor 0x000000000d [0x481fd010]
Dec  3 17:56:52 ubuntu kernel: [    1.439809] Detected VIPT I-cache on CPU14
Dec  3 17:56:52 ubuntu kernel: [    1.439842] GICv3: CPU14: found redistributor e region 0:0x0000000008260000
Dec  3 17:56:52 ubuntu systemd[1]: Starting Socket activation for snappy daemon.
Dec  3 17:56:52 ubuntu kernel: [    1.440003] GICv3: CPU14: using allocated LPI pending table @0x000000053cb10000
Dec  3 17:56:52 ubuntu kernel: [    1.440029] CPU14: Booted secondary processor 0x000000000e [0x481fd010]
Dec  3 17:56:52 ubuntu kernel: [    1.531754] Detected VIPT I-cache on CPU15
Dec  3 17:56:52 ubuntu systemd[1]: Starting LXD - unix socket.
Dec  3 17:56:52 ubuntu kernel: [    1.531789] GICv3: CPU15: found redistributor f region 0:0x0000000008280000
Dec  3 17:56:52 ubuntu kernel: [    1.531955] GICv3: CPU15: using allocated LPI pending table @0x000000053cb20000
Dec  3 17:56:52 ubuntu kernel: [    1.531981] CPU15: Booted secondary processor 0x000000000f [0x481fd010]
Dec  3 17:56:52 ubuntu kernel: [    1.623770] Detected VIPT I-cache on CPU16
Dec  3 17:56:52 ubuntu systemd[1]: Started ACPI Events Check.
Dec  3 17:56:52 ubuntu kernel: [    1.623808] GICv3: CPU16: found redistributor 100 region 0:0x00000000082a0000
Dec  3 17:56:52 ubuntu kernel: [    1.623996] GICv3: CPU16: using allocated LPI pending table @0x000000053cb30000
Dec  3 17:56:52 ubuntu systemd[1]: Listening on UUID daemon activation socket.
Dec  3 17:56:52 ubuntu kernel: [    1.624023] CPU16: Booted secondary processor 0x0000000100 [0x481fd010]
Dec  3 17:56:52 ubuntu kernel: [    1.715874] Detected VIPT I-cache on CPU17
Dec  3 17:56:52 ubuntu kernel: [    1.715913] GICv3: CPU17: found redistributor 101 region 0:0x00000000082c0000
Dec  3 17:56:52 ubuntu kernel: [    1.716108] GICv3: CPU17: using allocated LPI pending table @0x000000053cb40000
Dec  3 17:56:52 ubuntu kernel: [    1.716135] CPU17: Booted secondary processor 0x0000000101 [0x481fd010]
Dec  3 17:56:52 ubuntu systemd[1]: Listening on D-Bus System Message Bus Socket.
Dec  3 17:56:52 ubuntu kernel: [    1.808495] Detected VIPT I-cache on CPU18
Dec  3 17:56:52 ubuntu kernel: [    1.808539] GICv3: CPU18: found redistributor 102 region 0:0x00000000082e0000
Dec  3 17:56:52 ubuntu kernel: [    1.808773] GICv3: CPU18: using allocated LPI pending table @0x000000053cb50000
Dec  3 17:56:52 ubuntu kernel: [    1.808798] CPU18: Booted secondary processor 0x0000000102 [0x481fd010]
Dec  3 17:56:52 ubuntu systemd[1]: Listening on Open-iSCSI iscsid Socket.
Dec  3 17:56:52 ubuntu systemd[1]: Started Daily Cleanup of Temporary Directories.
Dec  3 17:56:52 ubuntu systemd[1]: Started Message of the Day.
Dec  3 17:56:52 ubuntu kernel: [    1.900987] Detected VIPT I-cache on CPU19
Dec  3 17:56:52 ubuntu systemd[1]: Reached target Paths.
Dec  3 17:56:52 ubuntu kernel: [    1.901048] GICv3: CPU19: found redistributor 103 region 0:0x0000000008300000
Dec  3 17:56:52 ubuntu kernel: [    1.901208] GICv3: CPU19: using allocated LPI pending table @0x000000053cb60000
Dec  3 17:56:52 ubuntu kernel: [    1.901236] CPU19: Booted secondary processor 0x0000000103 [0x481fd010]
Dec  3 17:56:52 ubuntu kernel: [    1.993614] Detected VIPT I-cache on CPU20
Dec  3 17:56:52 ubuntu kernel: [    1.993676] GICv3: CPU20: found redistributor 104 region 0:0x0000000008320000
Dec  3 17:56:52 ubuntu systemd[1]: Started Discard unused blocks once a week.
Dec  3 17:56:52 ubuntu kernel: [    1.993810] GICv3: CPU20: using allocated LPI pending table @0x000000053cb70000
Dec  3 17:56:52 ubuntu kernel: [    1.993837] CPU20: Booted secondary processor 0x0000000104 [0x481fd010]
Dec  3 17:56:52 ubuntu kernel: [    2.086061] Detected VIPT I-cache on CPU21
Dec  3 17:56:52 ubuntu kernel: [    2.086166] GICv3: CPU21: found redistributor 105 region 0:0x0000000008340000
Dec  3 17:56:52 ubuntu systemd[1]: Listening on ACPID Listen Socket.
Dec  3 17:56:52 ubuntu kernel: [    2.086739] GICv3: CPU21: using allocated LPI pending table @0x000000053cb80000
Dec  3 17:56:52 ubuntu kernel: [    2.086770] CPU21: Booted secondary processor 0x0000000105 [0x481fd010]
Dec  3 17:56:52 ubuntu kernel: [    2.329234] Detected VIPT I-cache on CPU22
Dec  3 17:56:52 ubuntu systemd[1]: Started Daily apt download activities.
Dec  3 17:56:52 ubuntu kernel: [    2.329301] GICv3: CPU22: found redistributor 106 region 0:0x0000000008360000
Dec  3 17:56:52 ubuntu kernel: [    2.329553] GICv3: CPU22: using allocated LPI pending table @0x000000053cb90000
Dec  3 17:56:52 ubuntu kernel: [    2.329599] CPU22: Booted secondary processor 0x0000000106 [0x481fd010]
Dec  3 17:56:52 ubuntu kernel: [    2.576671] Detected VIPT I-cache on CPU23
Dec  3 17:56:52 ubuntu systemd[1]: Started Daily apt upgrade and clean activities.
Dec  3 17:56:52 ubuntu kernel: [    2.576721] GICv3: CPU23: found redistributor 107 region 0:0x0000000008380000
Dec  3 17:56:52 ubuntu kernel: [    2.576942] GICv3: CPU23: using allocated LPI pending table @0x000000053cba0000
Dec  3 17:56:52 ubuntu kernel: [    2.576973] CPU23: Booted secondary processor 0x0000000107 [0x481fd010]
Dec  3 17:56:52 ubuntu systemd[1]: Reached target Timers.
Dec  3 17:56:52 ubuntu kernel: [    2.670065] Detected VIPT I-cache on CPU24
Dec  3 17:56:52 ubuntu kernel: [    2.670190] GICv3: CPU24: found redistributor 108 region 0:0x00000000083a0000
Dec  3 17:56:52 ubuntu systemd[1]: Listening on Socket activation for snappy daemon.
Dec  3 17:56:52 ubuntu kernel: [    2.670433] GICv3: CPU24: using allocated LPI pending table @0x000000053cbb0000
Dec  3 17:56:52 ubuntu kernel: [    2.670493] CPU24: Booted secondary processor 0x0000000108 [0x481fd010]
Dec  3 17:56:52 ubuntu kernel: [    2.783530] Detected VIPT I-cache on CPU25
Dec  3 17:56:52 ubuntu kernel: [    2.783583] GICv3: CPU25: found redistributor 109 region 0:0x00000000083c0000
Dec  3 17:56:52 ubuntu systemd[1]: Listening on LXD - unix socket.
Dec  3 17:56:52 ubuntu kernel: [    2.783777] GICv3: CPU25: using allocated LPI pending table @0x000000053cbc0000
Dec  3 17:56:52 ubuntu systemd[1]: Reached target Sockets.
Dec  3 17:56:52 ubuntu kernel: [    2.783808] CPU25: Booted secondary processor 0x0000000109 [0x481fd010]
Dec  3 17:56:52 ubuntu kernel: [    2.877475] Detected VIPT I-cache on CPU26
Dec  3 17:56:52 ubuntu kernel: [    2.877528] GICv3: CPU26: found redistributor 10a region 0:0x00000000083e0000
Dec  3 17:56:52 ubuntu systemd[1]: Reached target Basic System.
Dec  3 17:56:52 ubuntu kernel: [    2.877722] GICv3: CPU26: using allocated LPI pending table @0x000000053cbd0000
Dec  3 17:56:52 ubuntu kernel: [    2.877750] CPU26: Booted secondary processor 0x000000010a [0x481fd010]
Dec  3 17:56:52 ubuntu kernel: [    2.971017] Detected VIPT I-cache on CPU27
Dec  3 17:56:52 ubuntu kernel: [    2.971072] GICv3: CPU27: found redistributor 10b region 0:0x0000000008400000
Dec  3 17:56:52 ubuntu kernel: [    2.971266] GICv3: CPU27: using allocated LPI pending table @0x000000053cbe0000
Dec  3 17:56:52 ubuntu systemd[1]: Starting Accounts Service...
Dec  3 17:56:52 ubuntu kernel: [    2.971295] CPU27: Booted secondary processor 0x000000010b [0x481fd010]
Dec  3 17:56:52 ubuntu kernel: [    3.064610] Detected VIPT I-cache on CPU28
Dec  3 17:56:52 ubuntu kernel: [    3.064675] GICv3: CPU28: found redistributor 10c region 0:0x0000000008420000
Dec  3 17:56:52 ubuntu kernel: [    3.064887] GICv3: CPU28: using allocated LPI pending table @0x000000053cbf0000
Dec  3 17:56:52 ubuntu kernel: [    3.064916] CPU28: Booted secondary processor 0x000000010c [0x481fd010]
Dec  3 17:56:52 ubuntu systemd[1]: Starting LXD - container startup/shutdown...
Dec  3 17:56:52 ubuntu kernel: [    3.309763] Detected VIPT I-cache on CPU29
Dec  3 17:56:52 ubuntu kernel: [    3.309951] GICv3: CPU29: found redistributor 10d region 0:0x0000000008440000
Dec  3 17:56:52 ubuntu systemd[1]: Starting LSB: Record successful boot for GRUB...
Dec  3 17:56:52 ubuntu kernel: [    3.310314] GICv3: CPU29: using allocated LPI pending table @0x000000051f800000
Dec  3 17:56:52 ubuntu systemd[1]: Started D-Bus System Message Bus.
Dec  3 17:56:52 ubuntu systemd[1]: Started Regular background program processing daemon.
Dec  3 17:56:52 ubuntu dbus-daemon[1209]: [system] Activating via systemd: service name='org.freedesktop.PolicyKit1' unit='polkit.service' requested by ':1.3' (uid=0 pid=1204 comm="/usr/lib/accountsservice/accounts-daemon ")
Dec  3 17:56:52 ubuntu systemd[1]: Started Deferred execution scheduler.
Dec  3 17:56:52 ubuntu cron[1216]: (CRON) INFO (pidfile fd = 3)
Dec  3 17:56:52 ubuntu cron[1216]: (CRON) INFO (Running @reboot jobs)
Dec  3 17:56:52 ubuntu kernel: [    3.310418] CPU29: Booted secondary processor 0x000000010d [0x481fd010]
Dec  3 17:56:52 ubuntu kernel: [    3.562023] Detected VIPT I-cache on CPU30
Dec  3 17:56:52 ubuntu systemd[1]: Starting Dispatcher daemon for systemd-networkd...
Dec  3 17:56:52 ubuntu kernel: [    3.562089] GICv3: CPU30: found redistributor 10e region 0:0x0000000008460000
Dec  3 17:56:52 ubuntu kernel: [    3.562295] GICv3: CPU30: using allocated LPI pending table @0x000000051f810000
Dec  3 17:56:52 ubuntu kernel: [    3.562333] CPU30: Booted secondary processor 0x000000010e [0x481fd010]
Dec  3 17:56:52 ubuntu systemd[1]: Starting System Logging Service...
Dec  3 17:56:52 ubuntu systemd[1]: Started FUSE filesystem for LXC.
Dec  3 17:56:52 ubuntu kernel: [    3.664230] Detected VIPT I-cache on CPU31
Dec  3 17:56:52 ubuntu systemd[1]: Starting Snappy daemon...
Dec  3 17:56:52 ubuntu kernel: [    3.664374] GICv3: CPU31: found redistributor 10f region 0:0x0000000008480000
Dec  3 17:56:52 ubuntu kernel: [    3.664673] GICv3: CPU31: using allocated LPI pending table @0x000000051f820000
Dec  3 17:56:52 ubuntu kernel: [    3.664736] CPU31: Booted secondary processor 0x000000010f [0x481fd010]
Dec  3 17:56:52 ubuntu systemd[1]: Started irqbalance daemon.
Dec  3 17:56:52 ubuntu kernel: [    3.664912] smp: Brought up 1 node, 32 CPUs
Dec  3 17:56:52 ubuntu kernel: [    3.665004] SMP: Total of 32 processors activated.
Dec  3 17:56:52 ubuntu kernel: [    3.665008] CPU features: detected: Privileged Access Never
Dec  3 17:56:52 ubuntu lxcfs[1229]: mount namespace: 5
Dec  3 17:56:52 ubuntu lxcfs[1229]: hierarchies:
Dec  3 17:56:52 ubuntu lxcfs[1229]:   0: fd:   6: blkio
Dec  3 17:56:52 ubuntu kernel: [    3.665010] CPU features: detected: LSE atomic instructions
Dec  3 17:56:52 ubuntu lxcfs[1229]:   1: fd:   7: perf_event
Dec  3 17:56:52 ubuntu kernel: [    3.665013] CPU features: detected: User Access Override
Dec  3 17:56:52 ubuntu kernel: [    3.665016] CPU features: detected: Common not Private translations
Dec  3 17:56:52 ubuntu kernel: [    3.665018] CPU features: detected: Data cache clean to Point of Persistence
Dec  3 17:56:52 ubuntu lxcfs[1229]:   2: fd:   8: cpuset
Dec  3 17:56:52 ubuntu kernel: [    3.665021] CPU features: detected: RAS Extension Support
Dec  3 17:56:52 ubuntu kernel: [    3.665023] CPU features: detected: CRC32 instructions
Dec  3 17:56:52 ubuntu lxcfs[1229]:   3: fd:   9: rdma
Dec  3 17:56:52 ubuntu lxcfs[1229]:   4: fd:  10: freezer
Dec  3 17:56:52 ubuntu kernel: [    3.808070] CPU: All CPU(s) started at EL1
Dec  3 17:56:52 ubuntu lxcfs[1229]:   5: fd:  11: hugetlb
Dec  3 17:56:52 ubuntu kernel: [    3.820660] alternatives: patching kernel code
Dec  3 17:56:52 ubuntu kernel: [    3.834914] devtmpfs: initialized
Dec  3 17:56:52 ubuntu kernel: [    3.835498] Registered cp15_barrier emulation handler
Dec  3 17:56:52 ubuntu lxcfs[1229]:   6: fd:  12: memory
Dec  3 17:56:52 ubuntu kernel: [    3.835594] Registered setend emulation handler
Dec  3 17:56:52 ubuntu kernel: [    3.835597] KASLR disabled due to lack of seed
Dec  3 17:56:52 ubuntu lxcfs[1229]:   7: fd:  13: devices
Dec  3 17:56:52 ubuntu kernel: [    3.835973] clocksource: jiffies: mask: 0xffffffff max_cycles: 0xffffffff, max_idle_ns: 7645041785100000 ns
Dec  3 17:56:52 ubuntu lxcfs[1229]:   8: fd:  14: pids
Dec  3 17:56:52 ubuntu kernel: [    3.836265] futex hash table entries: 8192 (order: 7, 524288 bytes, linear)
Dec  3 17:56:52 ubuntu lxcfs[1229]:   9: fd:  15: net_cls,net_prio
Dec  3 17:56:52 ubuntu kernel: [    3.836872] pinctrl core: initialized pinctrl subsystem
Dec  3 17:56:52 ubuntu lxcfs[1229]:  10: fd:  16: cpu,cpuacct
Dec  3 17:56:52 ubuntu kernel: [    3.837034] thermal_sys: Registered thermal governor 'fair_share'
Dec  3 17:56:52 ubuntu lxcfs[1229]:  11: fd:  17: name=systemd
Dec  3 17:56:52 ubuntu kernel: [    3.837034] thermal_sys: Registered thermal governor 'bang_bang'
Dec  3 17:56:52 ubuntu kernel: [    3.837036] thermal_sys: Registered thermal governor 'step_wise'
Dec  3 17:56:52 ubuntu kernel: [    3.837037] thermal_sys: Registered thermal governor 'user_space'
Dec  3 17:56:52 ubuntu lxcfs[1229]:  12: fd:  18: unified
Dec  3 17:56:52 ubuntu kernel: [    3.837080] SMBIOS 3.0.0 present.
Dec  3 17:56:52 ubuntu kernel: [    3.837084] DMI: QEMU KVM Virtual Machine, BIOS 0.0.0 02/06/2015
Dec  3 17:56:52 ubuntu kernel: [    3.837386] NET: Registered protocol family 16
Dec  3 17:56:52 ubuntu kernel: [    3.838614] DMA: preallocated 256 KiB pool for atomic allocations
Dec  3 17:56:52 ubuntu rsyslogd: imuxsock: Acquired UNIX socket '/run/systemd/journal/syslog' (fd 3) from systemd.  [v8.32.0]
Dec  3 17:56:52 ubuntu kernel: [    3.838618] audit: initializing netlink subsys (disabled)
Dec  3 17:56:52 ubuntu kernel: [    3.838704] audit: type=2000 audit(3.764:1): state=initialized audit_enabled=0 res=1
Dec  3 17:56:52 ubuntu kernel: [    3.838866] cpuidle: using governor ladder
Dec  3 17:56:52 ubuntu rsyslogd: rsyslogd's groupid changed to 106
Dec  3 17:56:52 ubuntu kernel: [    3.838876] cpuidle: using governor menu
Dec  3 17:56:52 ubuntu kernel: [    3.838915] hw-breakpoint: found 6 breakpoint and 4 watchpoint registers.
Dec  3 17:56:52 ubuntu kernel: [    3.839955] ASID allocator initialised with 65536 entries
Dec  3 17:56:52 ubuntu kernel: [    3.840018] ACPI: bus type PCI registered
Dec  3 17:56:52 ubuntu rsyslogd: rsyslogd's userid changed to 102
Dec  3 17:56:52 ubuntu kernel: [    3.840020] acpiphp: ACPI Hot Plug PCI Controller Driver version: 0.5
Dec  3 17:56:52 ubuntu rsyslogd:  [origin software="rsyslogd" swVersion="8.32.0" x-pid="1227" x-info="http://www.rsyslog.com"] start
Dec  3 17:56:52 ubuntu kernel: [    3.840084] Serial: AMBA PL011 UART driver
Dec  3 17:56:52 ubuntu kernel: [    3.842937] HugeTLB registered 1.00 GiB page size, pre-allocated 0 pages
Dec  3 17:56:52 ubuntu systemd[1]: Starting Login Service...
Dec  3 17:56:52 ubuntu kernel: [    3.842939] HugeTLB registered 32.0 MiB page size, pre-allocated 0 pages
Dec  3 17:56:52 ubuntu kernel: [    3.842940] HugeTLB registered 2.00 MiB page size, pre-allocated 0 pages
Dec  3 17:56:52 ubuntu kernel: [    3.842941] HugeTLB registered 64.0 KiB page size, pre-allocated 0 pages
Dec  3 17:56:52 ubuntu kernel: [    3.850459] ACPI: Added _OSI(Module Device)
Dec  3 17:56:52 ubuntu kernel: [    3.850461] ACPI: Added _OSI(Processor Device)
Dec  3 17:56:52 ubuntu kernel: [    3.850463] ACPI: Added _OSI(3.0 _SCP Extensions)
Dec  3 17:56:52 ubuntu kernel: [    3.850464] ACPI: Added _OSI(Processor Aggregator Device)
Dec  3 17:56:52 ubuntu kernel: [    3.850465] ACPI: Added _OSI(Linux-Dell-Video)
Dec  3 17:56:52 ubuntu kernel: [    3.850467] ACPI: Added _OSI(Linux-Lenovo-NV-HDMI-Audio)
Dec  3 17:56:52 ubuntu kernel: [    3.850468] ACPI: Added _OSI(Linux-HPI-Hybrid-Graphics)
Dec  3 17:56:52 ubuntu kernel: [    3.851110] ACPI: 1 ACPI AML tables successfully acquired and loaded
Dec  3 17:56:52 ubuntu kernel: [    3.851575] ACPI: Interpreter enabled
Dec  3 17:56:52 ubuntu kernel: [    3.851577] ACPI: Using GIC for interrupt routing
Dec  3 17:56:52 ubuntu kernel: [    3.851586] ACPI: MCFG table detected, 1 entries
Dec  3 17:56:52 ubuntu kernel: [    3.867258] ARMH0011:00: ttyAMA0 at MMIO 0x9000000 (irq = 4, base_baud = 0) is a SBSA
Dec  3 17:56:52 ubuntu kernel: [    4.027560] printk: console [ttyAMA0] enabled
Dec  3 17:56:52 ubuntu kernel: [    4.029944] ACPI: PCI Root Bridge [PCI0] (domain 0000 [bus 00-0f])
Dec  3 17:56:52 ubuntu kernel: [    4.030493] acpi PNP0A08:00: _OSC: OS supports [ExtendedConfig ASPM ClockPM Segments MSI HPX-Type3]
Dec  3 17:56:52 ubuntu kernel: [    4.031398] acpi PNP0A08:00: _OSC: platform does not support [SHPCHotplug LTR]
Dec  3 17:56:52 ubuntu kernel: [    4.032093] acpi PNP0A08:00: _OSC: OS now controls [PCIeHotplug PME AER PCIeCapability]
Dec  3 17:56:52 ubuntu kernel: [    4.033026] acpi PNP0A08:00: ECAM area [mem 0x3f000000-0x3fffffff] reserved by PNP0C02:00
Dec  3 17:56:52 ubuntu kernel: [    4.033763] acpi PNP0A08:00: ECAM at [mem 0x3f000000-0x3fffffff] for [bus 00-0f]
Dec  3 17:56:52 ubuntu kernel: [    4.034413] Remapped I/O 0x000000003eff0000 to [io  0x0000-0xffff window]
Dec  3 17:56:52 ubuntu kernel: [    4.035064] PCI host bridge to bus 0000:00
Dec  3 17:56:52 ubuntu kernel: [    4.035428] pci_bus 0000:00: root bus resource [mem 0x10000000-0x3efeffff window]
Dec  3 17:56:52 ubuntu kernel: [    4.036058] pci_bus 0000:00: root bus resource [io  0x0000-0xffff window]
Dec  3 17:56:52 ubuntu kernel: [    4.036624] pci_bus 0000:00: root bus resource [mem 0x8000000000-0xffffffffff window]
Dec  3 17:56:52 ubuntu kernel: [    4.037291] pci_bus 0000:00: root bus resource [bus 00-0f]
Dec  3 17:56:52 ubuntu kernel: [    4.037785] pci 0000:00:00.0: [1b36:0008] type 00 class 0x060000
Dec  3 17:56:52 ubuntu kernel: [    4.038488] pci 0000:00:01.0: [1b36:000c] type 01 class 0x060400
Dec  3 17:56:52 ubuntu kernel: [    4.040294] pci 0000:00:01.0: reg 0x10: [mem 0x10303000-0x10303fff]
Dec  3 17:56:52 ubuntu kernel: [    4.043176] pci 0000:00:01.1: [1b36:000c] type 01 class 0x060400
Dec  3 17:56:52 ubuntu kernel: [    4.044990] pci 0000:00:01.1: reg 0x10: [mem 0x10302000-0x10302fff]
Dec  3 17:56:52 ubuntu kernel: [    4.048021] pci 0000:00:01.2: [1b36:000c] type 01 class 0x060400
Dec  3 17:56:52 ubuntu kernel: [    4.050423] pci 0000:00:01.2: reg 0x10: [mem 0x10301000-0x10301fff]
Dec  3 17:56:52 ubuntu kernel: [    4.053159] pci 0000:00:01.3: [1b36:000c] type 01 class 0x060400
Dec  3 17:56:52 ubuntu kernel: [    4.054840] pci 0000:00:01.3: reg 0x10: [mem 0x10300000-0x10300fff]
Dec  3 17:56:52 ubuntu kernel: [    4.058157] pci 0000:01:00.0: [1af4:1041] type 00 class 0x020000
Dec  3 17:56:52 ubuntu kernel: [    4.060097] pci 0000:01:00.0: reg 0x14: [mem 0x10200000-0x10200fff]
Dec  3 17:56:52 ubuntu kernel: [    4.063337] pci 0000:01:00.0: reg 0x20: [mem 0x8000000000-0x8000003fff 64bit pref]
Dec  3 17:56:52 ubuntu kernel: [    4.064621] pci 0000:01:00.0: reg 0x30: [mem 0xfff80000-0xffffffff pref]
Dec  3 17:56:52 ubuntu kernel: [    4.066222] pci 0000:02:00.0: [1b36:000d] type 00 class 0x0c0330
Dec  3 17:56:52 ubuntu kernel: [    4.066867] pci 0000:02:00.0: reg 0x10: [mem 0x10100000-0x10103fff 64bit]
Dec  3 17:56:52 ubuntu kernel: [    4.068383] pci 0000:03:00.0: [1af4:1048] type 00 class 0x010000
Dec  3 17:56:52 ubuntu kernel: [    4.070095] pci 0000:03:00.0: reg 0x14: [mem 0x10000000-0x10000fff]
Dec  3 17:56:52 ubuntu kernel: [    4.072819] pci 0000:03:00.0: reg 0x20: [mem 0x8000100000-0x8000103fff 64bit pref]
Dec  3 17:56:52 ubuntu kernel: [    4.076529] pci 0000:00:01.0: bridge window [io  0x1000-0x0fff] to [bus 01] add_size 1000
Dec  3 17:56:52 ubuntu kernel: [    4.077246] pci 0000:00:01.0: bridge window [mem 0x00100000-0x001fffff 64bit pref] to [bus 01] add_size 100000 add_align 100000
Dec  3 17:56:52 ubuntu kernel: [    4.078325] pci 0000:00:01.0: bridge window [mem 0x00100000-0x001fffff] to [bus 01] add_size 100000 add_align 100000
Dec  3 17:56:52 ubuntu kernel: [    4.079273] pci 0000:00:01.1: bridge window [io  0x1000-0x0fff] to [bus 02] add_size 1000
Dec  3 17:56:52 ubuntu kernel: [    4.080014] pci 0000:00:01.1: bridge window [mem 0x00100000-0x000fffff 64bit pref] to [bus 02] add_size 200000 add_align 100000
Dec  3 17:56:52 ubuntu kernel: [    4.081036] pci 0000:00:01.1: bridge window [mem 0x00100000-0x001fffff] to [bus 02] add_size 100000 add_align 100000
Dec  3 17:56:52 ubuntu kernel: [    4.082411] pci 0000:00:01.2: bridge window [io  0x1000-0x0fff] to [bus 03] add_size 1000
Dec  3 17:56:52 ubuntu kernel: [    4.083119] pci 0000:00:01.2: bridge window [mem 0x00100000-0x001fffff 64bit pref] to [bus 03] add_size 100000 add_align 100000
Dec  3 17:56:52 ubuntu kernel: [    4.084114] pci 0000:00:01.2: bridge window [mem 0x00100000-0x001fffff] to [bus 03] add_size 100000 add_align 100000
Dec  3 17:56:52 ubuntu kernel: [    4.085028] pci 0000:00:01.3: bridge window [io  0x1000-0x0fff] to [bus 04] add_size 1000
Dec  3 17:56:52 ubuntu kernel: [    4.085735] pci 0000:00:01.3: bridge window [mem 0x00100000-0x000fffff 64bit pref] to [bus 04] add_size 200000 add_align 100000
Dec  3 17:56:52 ubuntu kernel: [    4.086779] pci 0000:00:01.3: bridge window [mem 0x00100000-0x000fffff] to [bus 04] add_size 200000 add_align 100000
Dec  3 17:56:52 ubuntu kernel: [    4.087700] pci 0000:00:01.0: BAR 14: assigned [mem 0x10000000-0x101fffff]
Dec  3 17:56:52 ubuntu kernel: [    4.088298] pci 0000:00:01.0: BAR 15: assigned [mem 0x8000000000-0x80001fffff 64bit pref]
Dec  3 17:56:52 ubuntu kernel: [    4.089016] pci 0000:00:01.1: BAR 14: assigned [mem 0x10200000-0x103fffff]
Dec  3 17:56:52 ubuntu kernel: [    4.089616] pci 0000:00:01.1: BAR 15: assigned [mem 0x8000200000-0x80003fffff 64bit pref]
Dec  3 17:56:52 ubuntu kernel: [    4.090326] pci 0000:00:01.2: BAR 14: assigned [mem 0x10400000-0x105fffff]
Dec  3 17:56:52 ubuntu kernel: [    4.090940] pci 0000:00:01.2: BAR 15: assigned [mem 0x8000400000-0x80005fffff 64bit pref]
Dec  3 17:56:52 ubuntu kernel: [    4.091651] pci 0000:00:01.3: BAR 14: assigned [mem 0x10600000-0x107fffff]
Dec  3 17:56:52 ubuntu kernel: [    4.092252] pci 0000:00:01.3: BAR 15: assigned [mem 0x8000600000-0x80007fffff 64bit pref]
Dec  3 17:56:52 ubuntu kernel: [    4.092966] pci 0000:00:01.0: BAR 0: assigned [mem 0x10800000-0x10800fff]
Dec  3 17:56:52 ubuntu kernel: [    4.093897] pci 0000:00:01.0: BAR 13: assigned [io  0x1000-0x1fff]
Dec  3 17:56:52 ubuntu kernel: [    4.094424] pci 0000:00:01.1: BAR 0: assigned [mem 0x10801000-0x10801fff]
Dec  3 17:56:52 ubuntu kernel: [    4.095267] pci 0000:00:01.1: BAR 13: assigned [io  0x2000-0x2fff]
Dec  3 17:56:52 ubuntu kernel: [    4.095789] pci 0000:00:01.2: BAR 0: assigned [mem 0x10802000-0x10802fff]
Dec  3 17:56:52 ubuntu kernel: [    4.096621] pci 0000:00:01.2: BAR 13: assigned [io  0x3000-0x3fff]
Dec  3 17:56:52 ubuntu kernel: [    4.097152] pci 0000:00:01.3: BAR 0: assigned [mem 0x10803000-0x10803fff]
Dec  3 17:56:52 ubuntu kernel: [    4.097985] pci 0000:00:01.3: BAR 13: assigned [io  0x4000-0x4fff]
Dec  3 17:56:52 ubuntu kernel: [    4.098511] pci 0000:01:00.0: BAR 6: assigned [mem 0x10000000-0x1007ffff pref]
Dec  3 17:56:52 ubuntu kernel: [    4.099140] pci 0000:01:00.0: BAR 4: assigned [mem 0x8000000000-0x8000003fff 64bit pref]
Dec  3 17:56:52 ubuntu kernel: [    4.100348] pci 0000:01:00.0: BAR 1: assigned [mem 0x10080000-0x10080fff]
Dec  3 17:56:52 ubuntu kernel: [    4.101193] pci 0000:00:01.0: PCI bridge to [bus 01]
Dec  3 17:56:52 ubuntu kernel: [    4.101615] pci 0000:00:01.0:   bridge window [io  0x1000-0x1fff]
Dec  3 17:56:52 ubuntu kernel: [    4.102656] pci 0000:00:01.0:   bridge window [mem 0x10000000-0x101fffff]
Dec  3 17:56:52 ubuntu kernel: [    4.103582] pci 0000:00:01.0:   bridge window [mem 0x8000000000-0x80001fffff 64bit pref]
Dec  3 17:56:52 ubuntu kernel: [    4.105331] pci 0000:02:00.0: BAR 0: assigned [mem 0x10200000-0x10203fff 64bit]
Dec  3 17:56:52 ubuntu kernel: [    4.105972] pci 0000:00:01.1: PCI bridge to [bus 02]
Dec  3 17:56:52 ubuntu kernel: [    4.106407] pci 0000:00:01.1:   bridge window [io  0x2000-0x2fff]
Dec  3 17:56:52 ubuntu kernel: [    4.107452] pci 0000:00:01.1:   bridge window [mem 0x10200000-0x103fffff]
Dec  3 17:56:52 ubuntu kernel: [    4.108367] pci 0000:00:01.1:   bridge window [mem 0x8000200000-0x80003fffff 64bit pref]
Dec  3 17:56:52 ubuntu kernel: [    4.109764] pci 0000:03:00.0: BAR 4: assigned [mem 0x8000400000-0x8000403fff 64bit pref]
Dec  3 17:56:52 ubuntu kernel: [    4.110968] pci 0000:03:00.0: BAR 1: assigned [mem 0x10400000-0x10400fff]
Dec  3 17:56:52 ubuntu kernel: [    4.111828] pci 0000:00:01.2: PCI bridge to [bus 03]
Dec  3 17:56:52 ubuntu kernel: [    4.112265] pci 0000:00:01.2:   bridge window [io  0x3000-0x3fff]
Dec  3 17:56:52 ubuntu kernel: [    4.113296] pci 0000:00:01.2:   bridge window [mem 0x10400000-0x105fffff]
Dec  3 17:56:52 ubuntu kernel: [    4.114243] pci 0000:00:01.2:   bridge window [mem 0x8000400000-0x80005fffff 64bit pref]
Dec  3 17:56:52 ubuntu kernel: [    4.116082] pci 0000:00:01.3: PCI bridge to [bus 04]
Dec  3 17:56:52 ubuntu kernel: [    4.116510] pci 0000:00:01.3:   bridge window [io  0x4000-0x4fff]
Dec  3 17:56:52 ubuntu kernel: [    4.117577] pci 0000:00:01.3:   bridge window [mem 0x10600000-0x107fffff]
Dec  3 17:56:52 ubuntu kernel: [    4.118568] pci 0000:00:01.3:   bridge window [mem 0x8000600000-0x80007fffff 64bit pref]
Dec  3 17:56:52 ubuntu kernel: [    4.120020] pci_bus 0000:00: resource 4 [mem 0x10000000-0x3efeffff window]
Dec  3 17:56:52 ubuntu kernel: [    4.120632] pci_bus 0000:00: resource 5 [io  0x0000-0xffff window]
Dec  3 17:56:52 ubuntu kernel: [    4.121184] pci_bus 0000:00: resource 6 [mem 0x8000000000-0xffffffffff window]
Dec  3 17:56:52 ubuntu kernel: [    4.121829] pci_bus 0000:01: resource 0 [io  0x1000-0x1fff]
Dec  3 17:56:52 ubuntu kernel: [    4.122313] pci_bus 0000:01: resource 1 [mem 0x10000000-0x101fffff]
Dec  3 17:56:52 ubuntu kernel: [    4.122870] pci_bus 0000:01: resource 2 [mem 0x8000000000-0x80001fffff 64bit pref]
Dec  3 17:56:52 ubuntu kernel: [    4.123532] pci_bus 0000:02: resource 0 [io  0x2000-0x2fff]
Dec  3 17:56:52 ubuntu kernel: [    4.124049] pci_bus 0000:02: resource 1 [mem 0x10200000-0x103fffff]
Dec  3 17:56:52 ubuntu kernel: [    4.124595] pci_bus 0000:02: resource 2 [mem 0x8000200000-0x80003fffff 64bit pref]
Dec  3 17:56:52 ubuntu kernel: [    4.125256] pci_bus 0000:03: resource 0 [io  0x3000-0x3fff]
Dec  3 17:56:52 ubuntu kernel: [    4.125738] pci_bus 0000:03: resource 1 [mem 0x10400000-0x105fffff]
Dec  3 17:56:52 ubuntu kernel: [    4.126286] pci_bus 0000:03: resource 2 [mem 0x8000400000-0x80005fffff 64bit pref]
Dec  3 17:56:52 ubuntu kernel: [    4.126915] pci_bus 0000:04: resource 0 [io  0x4000-0x4fff]
Dec  3 17:56:52 ubuntu kernel: [    4.127381] pci_bus 0000:04: resource 1 [mem 0x10600000-0x107fffff]
Dec  3 17:56:52 ubuntu kernel: [    4.127903] pci_bus 0000:04: resource 2 [mem 0x8000600000-0x80007fffff 64bit pref]
Dec  3 17:56:52 ubuntu kernel: [    4.128655] ACPI: PCI Interrupt Link [GSI0] (IRQs *35)
Dec  3 17:56:52 ubuntu kernel: [    4.129099] ACPI: PCI Interrupt Link [GSI1] (IRQs *36)
Dec  3 17:56:52 ubuntu kernel: [    4.129538] ACPI: PCI Interrupt Link [GSI2] (IRQs *37)
Dec  3 17:56:52 ubuntu kernel: [    4.129976] ACPI: PCI Interrupt Link [GSI3] (IRQs *38)
Dec  3 17:56:52 ubuntu kernel: [    4.131906] iommu: Default domain type: Translated 
Dec  3 17:56:52 ubuntu kernel: [    4.132775] vgaarb: loaded
Dec  3 17:56:52 ubuntu kernel: [    4.133597] SCSI subsystem initialized
Dec  3 17:56:52 ubuntu kernel: [    4.134372] libata version 3.00 loaded.
Dec  3 17:56:52 ubuntu kernel: [    4.134738] ACPI: bus type USB registered
Dec  3 17:56:52 ubuntu kernel: [    4.135265] usbcore: registered new interface driver usbfs
Dec  3 17:56:52 ubuntu kernel: [    4.135897] usbcore: registered new interface driver hub
Dec  3 17:56:52 ubuntu kernel: [    4.136941] usbcore: registered new device driver usb
Dec  3 17:56:52 ubuntu kernel: [    4.137594] pps_core: LinuxPPS API ver. 1 registered
Dec  3 17:56:52 ubuntu kernel: [    4.138169] pps_core: Software ver. 5.3.6 - Copyright 2005-2007 Rodolfo Giometti <giometti@linux.it>
Dec  3 17:56:52 ubuntu kernel: [    4.139293] PTP clock support registered
Dec  3 17:56:52 ubuntu kernel: [    4.140342] EDAC MC: Ver: 3.0.0
Dec  3 17:56:52 ubuntu kernel: [    4.141298] Registered efivars operations
Dec  3 17:56:52 ubuntu kernel: [    4.143976] NetLabel: Initializing
Dec  3 17:56:52 ubuntu kernel: [    4.144456] NetLabel:  domain hash size = 128
Dec  3 17:56:52 ubuntu kernel: [    4.145013] NetLabel:  protocols = UNLABELED CIPSOv4 CALIPSO
Dec  3 17:56:52 ubuntu kernel: [    4.145735] NetLabel:  unlabeled traffic allowed by default
Dec  3 17:56:52 ubuntu kernel: [    4.192783] clocksource: Switched to clocksource arch_sys_counter
Dec  3 17:56:52 ubuntu kernel: [    4.211305] VFS: Disk quotas dquot_6.6.0
Dec  3 17:56:52 ubuntu kernel: [    4.211715] VFS: Dquot-cache hash table entries: 512 (order 0, 4096 bytes)
Dec  3 17:56:52 ubuntu kernel: [    4.212519] AppArmor: AppArmor Filesystem Enabled
Dec  3 17:56:52 ubuntu kernel: [    4.213065] pnp: PnP ACPI init
Dec  3 17:56:52 ubuntu kernel: [    4.213519] system 00:00: [mem 0x3f000000-0x3fffffff] could not be reserved
Dec  3 17:56:52 ubuntu kernel: [    4.214160] system 00:00: Plug and Play ACPI device, IDs PNP0c02 (active)
Dec  3 17:56:52 ubuntu kernel: [    4.214167] pnp: PnP ACPI: found 1 devices
Dec  3 17:56:52 ubuntu kernel: [    4.216460] NET: Registered protocol family 2
Dec  3 17:56:52 ubuntu kernel: [    4.217245] tcp_listen_portaddr_hash hash table entries: 16384 (order: 6, 262144 bytes, linear)
Dec  3 17:56:52 ubuntu kernel: [    4.218481] TCP established hash table entries: 262144 (order: 9, 2097152 bytes, linear)
Dec  3 17:56:52 ubuntu kernel: [    4.219825] TCP bind hash table entries: 65536 (order: 8, 1048576 bytes, linear)
Dec  3 17:56:52 ubuntu kernel: [    4.221026] TCP: Hash tables configured (established 262144 bind 65536)
Dec  3 17:56:52 ubuntu kernel: [    4.222126] UDP hash table entries: 16384 (order: 7, 524288 bytes, linear)
Dec  3 17:56:52 ubuntu kernel: [    4.223169] UDP-Lite hash table entries: 16384 (order: 7, 524288 bytes, linear)
Dec  3 17:56:52 ubuntu kernel: [    4.225410] NET: Registered protocol family 1
Dec  3 17:56:52 ubuntu kernel: [    4.226034] NET: Registered protocol family 44
Dec  3 17:56:52 ubuntu kernel: [    4.226703] pci 0000:02:00.0: enabling device (0000 -> 0002)
Dec  3 17:56:52 ubuntu kernel: [    4.227981] PCI: CLS 0 bytes, default 64
Dec  3 17:56:52 ubuntu kernel: [    4.228491] Trying to unpack rootfs image as initramfs...
Dec  3 17:56:52 ubuntu kernel: [    5.128254] Freeing initrd memory: 61288K
Dec  3 17:56:52 ubuntu kernel: [    5.193263] hw perfevents: enabled with armv8_pmuv3_0 PMU driver, 13 counters available
Dec  3 17:56:52 ubuntu kernel: [    5.195094] kvm [1]: HYP mode not available
Dec  3 17:56:52 ubuntu kernel: [    5.197045] Initialise system trusted keyrings
Dec  3 17:56:52 ubuntu kernel: [    5.197479] Key type blacklist registered
Dec  3 17:56:52 ubuntu kernel: [    5.198583] workingset: timestamp_bits=40 max_order=23 bucket_order=0
Dec  3 17:56:52 ubuntu kernel: [    5.201406] zbud: loaded
Dec  3 17:56:52 ubuntu kernel: [    5.201990] squashfs: version 4.0 (2009/01/31) Phillip Lougher
Dec  3 17:56:52 ubuntu kernel: [    5.202925] fuse: init (API version 7.31)
Dec  3 17:56:52 ubuntu kernel: [    5.203628] integrity: Platform Keyring initialized
Dec  3 17:56:52 ubuntu kernel: [    5.215279] Key type asymmetric registered
Dec  3 17:56:52 ubuntu kernel: [    5.215836] Asymmetric key parser 'x509' registered
Dec  3 17:56:52 ubuntu kernel: [    5.216454] Block layer SCSI generic (bsg) driver version 0.4 loaded (major 244)
Dec  3 17:56:52 ubuntu kernel: [    5.217808] io scheduler mq-deadline registered
Dec  3 17:56:52 ubuntu kernel: [    5.220695] pl061_gpio ARMH0061:00: PL061 GPIO chip registered
Dec  3 17:56:52 ubuntu kernel: [    5.222126] PCI Interrupt Link [GSI1] enabled at IRQ 36
Dec  3 17:56:52 ubuntu kernel: [    5.224197] pcieport 0000:00:01.0: PME: Signaling with IRQ 44
Dec  3 17:56:52 ubuntu kernel: [    5.225713] pcieport 0000:00:01.0: AER: enabled with IRQ 44
Dec  3 17:56:52 ubuntu kernel: [    5.226837] pcieport 0000:00:01.0: pciehp: Slot #0 AttnBtn+ PwrCtrl+ MRL- AttnInd+ PwrInd+ HotPlug+ Surprise+ Interlock+ NoCompl- IbPresDis- LLActRep-
Dec  3 17:56:52 ubuntu kernel: [    5.230483] pcieport 0000:00:01.1: PME: Signaling with IRQ 45
Dec  3 17:56:52 ubuntu kernel: [    5.231462] pcieport 0000:00:01.1: AER: enabled with IRQ 45
Dec  3 17:56:52 ubuntu kernel: [    5.232158] pcieport 0000:00:01.1: pciehp: Slot #0 AttnBtn+ PwrCtrl+ MRL- AttnInd+ PwrInd+ HotPlug+ Surprise+ Interlock+ NoCompl- IbPresDis- LLActRep-
Dec  3 17:56:52 ubuntu kernel: [    5.234952] pcieport 0000:00:01.2: PME: Signaling with IRQ 46
Dec  3 17:56:52 ubuntu kernel: [    5.235904] pcieport 0000:00:01.2: AER: enabled with IRQ 46
Dec  3 17:56:52 ubuntu kernel: [    5.236649] pcieport 0000:00:01.2: pciehp: Slot #0 AttnBtn+ PwrCtrl+ MRL- AttnInd+ PwrInd+ HotPlug+ Surprise+ Interlock+ NoCompl- IbPresDis- LLActRep-
Dec  3 17:56:52 ubuntu kernel: [    5.240152] pcieport 0000:00:01.3: PME: Signaling with IRQ 47
Dec  3 17:56:52 ubuntu kernel: [    5.241336] pcieport 0000:00:01.3: AER: enabled with IRQ 47
Dec  3 17:56:52 ubuntu kernel: [    5.242234] pcieport 0000:00:01.3: pciehp: Slot #0 AttnBtn+ PwrCtrl+ MRL- AttnInd+ PwrInd+ HotPlug+ Surprise+ Interlock+ NoCompl- IbPresDis- LLActRep-
Dec  3 17:56:52 ubuntu kernel: [    5.244455] pcieport 0000:00:01.3: pciehp: Slot(0-3): Link Up
Dec  3 17:56:52 ubuntu kernel: [    5.245188] shpchp: Standard Hot Plug PCI Controller Driver version: 0.4
Dec  3 17:56:52 ubuntu kernel: [    5.246981] input: Power Button as /devices/LNXSYSTM:00/LNXSYBUS:00/PNP0C0C:00/input/input0
Dec  3 17:56:52 ubuntu kernel: [    5.248027] ACPI: Power Button [PWRB]
Dec  3 17:56:52 ubuntu kernel: [    5.255344] Serial: 8250/16550 driver, 32 ports, IRQ sharing enabled
Dec  3 17:56:52 ubuntu kernel: [    5.259543] msm_serial: driver initialized
Dec  3 17:56:52 ubuntu kernel: [    5.261052] cacheinfo: Unable to detect cache hierarchy for CPU 0
Dec  3 17:56:52 ubuntu kernel: [    5.268475] loop: module loaded
Dec  3 17:56:52 ubuntu kernel: [    5.269423] libphy: Fixed MDIO Bus: probed
Dec  3 17:56:52 ubuntu kernel: [    5.269886] tun: Universal TUN/TAP device driver, 1.6
Dec  3 17:56:52 ubuntu kernel: [    5.270737] PPP generic driver version 2.4.2
Dec  3 17:56:52 ubuntu kernel: [    5.271644] ehci_hcd: USB 2.0 'Enhanced' Host Controller (EHCI) Driver
Dec  3 17:56:52 ubuntu kernel: [    5.272875] ehci-pci: EHCI PCI platform driver
Dec  3 17:56:52 ubuntu kernel: [    5.273701] ehci-orion: EHCI orion driver
Dec  3 17:56:52 ubuntu kernel: [    5.274806] ohci_hcd: USB 1.1 'Open' Host Controller (OHCI) Driver
Dec  3 17:56:52 ubuntu kernel: [    5.275914] ohci-pci: OHCI PCI platform driver
Dec  3 17:56:52 ubuntu kernel: [    5.276763] uhci_hcd: USB Universal Host Controller Interface driver
Dec  3 17:56:52 ubuntu kernel: [    5.278841] xhci_hcd 0000:02:00.0: xHCI Host Controller
Dec  3 17:56:52 ubuntu kernel: [    5.279424] xhci_hcd 0000:02:00.0: new USB bus registered, assigned bus number 1
Dec  3 17:56:52 ubuntu kernel: [    5.280284] xhci_hcd 0000:02:00.0: hcc params 0x00087001 hci version 0x100 quirks 0x0000000000000010
Dec  3 17:56:52 ubuntu kernel: [    5.282056] usb usb1: New USB device found, idVendor=1d6b, idProduct=0002, bcdDevice= 5.07
Dec  3 17:56:52 ubuntu kernel: [    5.282821] usb usb1: New USB device strings: Mfr=3, Product=2, SerialNumber=1
Dec  3 17:56:52 ubuntu kernel: [    5.283481] usb usb1: Product: xHCI Host Controller
Dec  3 17:56:52 ubuntu kernel: [    5.283929] usb usb1: Manufacturer: Linux 5.7.1 xhci-hcd
Dec  3 17:56:52 ubuntu kernel: [    5.284416] usb usb1: SerialNumber: 0000:02:00.0
Dec  3 17:56:52 ubuntu kernel: [    5.285026] hub 1-0:1.0: USB hub found
Dec  3 17:56:52 ubuntu kernel: [    5.285406] hub 1-0:1.0: 8 ports detected
Dec  3 17:56:52 ubuntu kernel: [    5.286054] xhci_hcd 0000:02:00.0: xHCI Host Controller
Dec  3 17:56:52 ubuntu kernel: [    5.286538] xhci_hcd 0000:02:00.0: new USB bus registered, assigned bus number 2
Dec  3 17:56:52 ubuntu kernel: [    5.287217] xhci_hcd 0000:02:00.0: Host supports USB 3.0 SuperSpeed
Dec  3 17:56:52 ubuntu kernel: [    5.287809] usb usb2: We don't know the algorithms for LPM for this host, disabling LPM.
Dec  3 17:56:52 ubuntu kernel: [    5.288499] usb usb2: New USB device found, idVendor=1d6b, idProduct=0003, bcdDevice= 5.07
Dec  3 17:56:52 ubuntu kernel: [    5.289249] usb usb2: New USB device strings: Mfr=3, Product=2, SerialNumber=1
Dec  3 17:56:52 ubuntu kernel: [    5.289850] usb usb2: Product: xHCI Host Controller
Dec  3 17:56:52 ubuntu kernel: [    5.290255] usb usb2: Manufacturer: Linux 5.7.1 xhci-hcd
Dec  3 17:56:52 ubuntu kernel: [    5.290696] usb usb2: SerialNumber: 0000:02:00.0
Dec  3 17:56:52 ubuntu kernel: [    5.291174] hub 2-0:1.0: USB hub found
Dec  3 17:56:52 ubuntu kernel: [    5.291519] hub 2-0:1.0: 8 ports detected
Dec  3 17:56:52 ubuntu kernel: [    5.292213] mousedev: PS/2 mouse device common for all mice
Dec  3 17:56:52 ubuntu kernel: [    5.292940] rtc-efi rtc-efi.0: registered as rtc0
Dec  3 17:56:52 ubuntu kernel: [    5.293558] rtc-efi rtc-efi.0: setting system clock to 2020-12-03T09:56:48 UTC (1606989408)
Dec  3 17:56:52 ubuntu kernel: [    5.294341] i2c /dev entries driver
Dec  3 17:56:52 ubuntu kernel: [    5.294852] device-mapper: uevent: version 1.0.3
Dec  3 17:56:52 ubuntu kernel: [    5.295348] device-mapper: ioctl: 4.42.0-ioctl (2020-02-27) initialised: dm-devel@redhat.com
Dec  3 17:56:52 ubuntu kernel: [    5.297112] ledtrig-cpu: registered to indicate activity on CPUs
Dec  3 17:56:52 ubuntu kernel: [    5.297699] EFI Variables Facility v0.08 2004-May-17
Dec  3 17:56:52 ubuntu kernel: [    5.302345] NET: Registered protocol family 10
Dec  3 17:56:52 ubuntu kernel: [    5.312154] Segment Routing with IPv6
Dec  3 17:56:52 ubuntu kernel: [    5.312528] NET: Registered protocol family 17
Dec  3 17:56:52 ubuntu kernel: [    5.313696] Key type dns_resolver registered
Dec  3 17:56:52 ubuntu kernel: [    5.314970] registered taskstats version 1
Dec  3 17:56:52 ubuntu kernel: [    5.315984] Loading compiled-in X.509 certificates
Dec  3 17:56:52 ubuntu kernel: [    5.320374] Loaded X.509 cert 'Build time autogenerated kernel key: 5fc9bbbf10d23f3f9dda6c889ba5358a20950e89'
Dec  3 17:56:52 ubuntu kernel: [    5.322245] zswap: loaded using pool lzo/zbud
Dec  3 17:56:52 ubuntu kernel: [    5.323579] Key type ._fscrypt registered
Dec  3 17:56:52 ubuntu kernel: [    5.324169] Key type .fscrypt registered
Dec  3 17:56:52 ubuntu kernel: [    5.324780] Key type fscrypt-provisioning registered
Dec  3 17:56:52 ubuntu kernel: [    5.336303] cryptd: max_cpu_qlen set to 1000
Dec  3 17:56:52 ubuntu kernel: [    5.420243] Key type big_key registered
Dec  3 17:56:52 ubuntu kernel: [    5.436909] Key type encrypted registered
Dec  3 17:56:52 ubuntu kernel: [    5.437307] AppArmor: AppArmor sha1 policy hashing enabled
Dec  3 17:56:52 ubuntu kernel: [    5.437982] ima: No TPM chip found, activating TPM-bypass!
Dec  3 17:56:52 ubuntu kernel: [    5.438511] ima: Allocated hash algorithm: sha1
Dec  3 17:56:52 ubuntu kernel: [    5.438946] ima: No architecture policies found
Dec  3 17:56:52 ubuntu kernel: [    5.439381] evm: Initialising EVM extended attributes:
Dec  3 17:56:52 ubuntu kernel: [    5.439852] evm: security.selinux
Dec  3 17:56:52 ubuntu kernel: [    5.440157] evm: security.SMACK64
Dec  3 17:56:52 ubuntu kernel: [    5.440462] evm: security.SMACK64EXEC
Dec  3 17:56:52 ubuntu kernel: [    5.440857] evm: security.SMACK64TRANSMUTE
Dec  3 17:56:52 ubuntu kernel: [    5.441244] evm: security.SMACK64MMAP
Dec  3 17:56:52 ubuntu kernel: [    5.441585] evm: security.apparmor
Dec  3 17:56:52 ubuntu kernel: [    5.441900] evm: security.ima
Dec  3 17:56:52 ubuntu kernel: [    5.442177] evm: security.capability
Dec  3 17:56:52 ubuntu kernel: [    5.442508] evm: HMAC attrs: 0x1
Dec  3 17:56:52 ubuntu kernel: [    5.446029] Freeing unused kernel memory: 7040K
Dec  3 17:56:52 ubuntu kernel: [    5.517085] Checked W+X mappings: passed, no W+X pages found
Dec  3 17:56:52 ubuntu kernel: [    5.517661] Run /init as init process
Dec  3 17:56:52 ubuntu kernel: [    5.518007]   with arguments:
Dec  3 17:56:52 ubuntu kernel: [    5.518008]     /init
Dec  3 17:56:52 ubuntu kernel: [    5.518009]   with environment:
Dec  3 17:56:52 ubuntu kernel: [    5.518010]     HOME=/
Dec  3 17:56:52 ubuntu kernel: [    5.518010]     TERM=linux
Dec  3 17:56:52 ubuntu kernel: [    5.518011]     BOOT_IMAGE=/boot/vmlinuz-5.7.1
Dec  3 17:56:52 ubuntu kernel: [    5.622183] scsi host0: Virtio SCSI HBA
Dec  3 17:56:52 ubuntu kernel: [    5.623642] scsi 0:0:0:0: Direct-Access     QEMU     QEMU HARDDISK    2.5+ PQ: 0 ANSI: 5
Dec  3 17:56:52 ubuntu kernel: [    5.625277] scsi 0:0:0:1: CD-ROM            QEMU     QEMU CD-ROM      2.5+ PQ: 0 ANSI: 5
Dec  3 17:56:52 ubuntu kernel: [    5.643870] virtio_net virtio0 enp1s0: renamed from eth0
Dec  3 17:56:52 ubuntu kernel: [    5.653639] random: fast init done
Dec  3 17:56:52 ubuntu kernel: [    5.656401] sd 0:0:0:0: Attached scsi generic sg0 type 0
Dec  3 17:56:52 ubuntu kernel: [    5.656505] sd 0:0:0:0: Power-on or device reset occurred
Dec  3 17:56:52 ubuntu kernel: [    5.658364] sd 0:0:0:0: [sda] 31457280 512-byte logical blocks: (16.1 GB/15.0 GiB)
Dec  3 17:56:52 ubuntu kernel: [    5.658636] sr 0:0:0:1: Power-on or device reset occurred
Dec  3 17:56:52 ubuntu kernel: [    5.659180] sd 0:0:0:0: [sda] Write Protect is off
Dec  3 17:56:52 ubuntu kernel: [    5.660107] sr 0:0:0:1: [sr0] scsi3-mmc drive: 16x/50x cd/rw xa/form2 cdda tray
Dec  3 17:56:52 ubuntu kernel: [    5.660471] sd 0:0:0:0: [sda] Mode Sense: 63 00 00 08
Dec  3 17:56:52 ubuntu kernel: [    5.661623] cdrom: Uniform CD-ROM driver Revision: 3.20
Dec  3 17:56:52 ubuntu kernel: [    5.661924] sd 0:0:0:0: [sda] Write cache: enabled, read cache: enabled, doesn't support DPO or FUA
Dec  3 17:56:52 ubuntu kernel: [    5.693555]  sda: sda1 sda2
Dec  3 17:56:52 ubuntu kernel: [    5.694367] sr 0:0:0:1: Attached scsi CD-ROM sr0
Dec  3 17:56:52 ubuntu kernel: [    5.694670] sr 0:0:0:1: Attached scsi generic sg1 type 5
Dec  3 17:56:52 ubuntu kernel: [    5.697167] sd 0:0:0:0: [sda] Attached SCSI disk
Dec  3 17:56:52 ubuntu kernel: [    5.723114] random: lvm: uninitialized urandom read (4 bytes read)
Dec  3 17:56:52 ubuntu kernel: [    5.743994] random: lvm: uninitialized urandom read (2 bytes read)
Dec  3 17:56:52 ubuntu kernel: [    7.024692] raid6: neonx8   gen() 11712 MB/s
Dec  3 17:56:52 ubuntu kernel: [    7.128685] raid6: neonx8   xor()  8511 MB/s
Dec  3 17:56:52 ubuntu kernel: [    7.196683] raid6: neonx4   gen() 11118 MB/s
Dec  3 17:56:52 ubuntu kernel: [    7.264678] raid6: neonx4   xor()  7828 MB/s
Dec  3 17:56:52 ubuntu kernel: [    7.332681] raid6: neonx2   gen()  9054 MB/s
Dec  3 17:56:52 ubuntu kernel: [    7.400683] raid6: neonx2   xor()  6608 MB/s
Dec  3 17:56:52 ubuntu kernel: [    7.468679] raid6: neonx1   gen()  6757 MB/s
Dec  3 17:56:52 ubuntu kernel: [    7.536694] raid6: neonx1   xor()  2866 MB/s
Dec  3 17:56:52 ubuntu kernel: [    7.604677] raid6: int64x8  gen()  5836 MB/s
Dec  3 17:56:52 ubuntu kernel: [    7.672706] raid6: int64x8  xor()  3616 MB/s
Dec  3 17:56:52 ubuntu kernel: [    7.740680] raid6: int64x4  gen()  7241 MB/s
Dec  3 17:56:52 ubuntu kernel: [    7.808705] raid6: int64x4  xor()  3680 MB/s
Dec  3 17:56:52 ubuntu kernel: [    7.828727] pcieport 0000:00:01.3: pciehp: Failed to check link status
Dec  3 17:56:52 ubuntu kernel: [    7.876684] raid6: int64x2  gen()  5954 MB/s
Dec  3 17:56:52 ubuntu kernel: [    7.944695] raid6: int64x2  xor()  1705 MB/s
Dec  3 17:56:52 ubuntu kernel: [    8.012689] raid6: int64x1  gen()  4538 MB/s
Dec  3 17:56:52 ubuntu kernel: [    8.080676] raid6: int64x1  xor()  1223 MB/s
Dec  3 17:56:52 ubuntu kernel: [    8.081089] raid6: using algorithm neonx8 gen() 11712 MB/s
Dec  3 17:56:52 ubuntu kernel: [    8.081547] raid6: .... xor() 8511 MB/s, rmw enabled
Dec  3 17:56:52 ubuntu kernel: [    8.081961] raid6: using neon recovery algorithm
Dec  3 17:56:52 ubuntu kernel: [    8.091799] xor: measuring software checksum speed
Dec  3 17:56:52 ubuntu kernel: [    8.128669]    8regs     : 13071.000 MB/sec
Dec  3 17:56:52 ubuntu kernel: [    8.168681]    32regs    : 16071.000 MB/sec
Dec  3 17:56:52 ubuntu kernel: [    8.208671]    arm64_neon: 19364.000 MB/sec
Dec  3 17:56:52 ubuntu kernel: [    8.209115] xor: using function: arm64_neon (19364.000 MB/sec)
Dec  3 17:56:52 ubuntu kernel: [    8.210979] async_tx: api initialized (async)
Dec  3 17:56:52 ubuntu kernel: [    8.263027] random: lvm: uninitialized urandom read (4 bytes read)
Dec  3 17:56:52 ubuntu kernel: [    8.291995] random: lvm: uninitialized urandom read (4 bytes read)
Dec  3 17:56:52 ubuntu kernel: [    8.371489] Btrfs loaded, crc32c=crc32c-generic
Dec  3 17:56:52 ubuntu kernel: [    8.426933] EXT4-fs (dm-0): mounted filesystem with ordered data mode. Opts: (null)
Dec  3 17:56:52 ubuntu kernel: [    8.623957] systemd[1]: systemd 237 running in system mode. (+PAM +AUDIT +SELINUX +IMA +APPARMOR +SMACK +SYSVINIT +UTMP +LIBCRYPTSETUP +GCRYPT +GNUTLS +ACL +XZ +LZ4 +SECCOMP +BLKID +ELFUTILS +KMOD -IDN2 +IDN -PCRE2 default-hierarchy=hybrid)
Dec  3 17:56:52 ubuntu kernel: [    8.626267] systemd[1]: Detected virtualization kvm.
Dec  3 17:56:52 ubuntu kernel: [    8.626762] systemd[1]: Detected architecture arm64.
Dec  3 17:56:52 ubuntu kernel: [    8.644376] systemd[1]: Set hostname to <ubuntu>.
Dec  3 17:56:52 ubuntu kernel: [    8.715185] random: systemd: uninitialized urandom read (16 bytes read)
Dec  3 17:56:52 ubuntu kernel: [    8.715974] systemd[1]: Started Forward Password Requests to Wall Directory Watch.
Dec  3 17:56:52 ubuntu kernel: [    8.718276] systemd[1]: Created slice User and Session Slice.
Dec  3 17:56:52 ubuntu kernel: [    8.719573] systemd[1]: Set up automount Arbitrary Executable File Formats File System Automount Point.
Dec  3 17:56:52 ubuntu kernel: [    8.721339] systemd[1]: Reached target User and Group Name Lookups.
Dec  3 17:56:52 ubuntu kernel: [    8.722965] systemd[1]: Created slice System Slice.
Dec  3 17:56:52 ubuntu kernel: [    8.724364] systemd[1]: Created slice system-serial\x2dgetty.slice.
Dec  3 17:56:52 ubuntu kernel: [    8.747566] Loading iSCSI transport class v2.0-870.
Dec  3 17:56:52 ubuntu kernel: [    8.752461] EXT4-fs (dm-0): re-mounted. Opts: errors=remount-ro
Dec  3 17:56:52 ubuntu kernel: [    8.755949] iscsi: registered transport (tcp)
Dec  3 17:56:52 ubuntu kernel: [    8.786576] iscsi: registered transport (iser)
Dec  3 17:56:52 ubuntu kernel: [    8.819442] systemd-journald[832]: Received request to flush runtime journal from PID 1
Dec  3 17:56:52 ubuntu kernel: [    9.095752] pstore: Using crash dump compression: deflate
Dec  3 17:56:52 ubuntu kernel: [    9.106529] pstore: Registered efi as persistent store backend
Dec  3 17:56:52 ubuntu kernel: [    9.196701] Adding 1003516k swap on /dev/mapper/ubuntu--vg-swap_1.  Priority:-2 extents:1 across:1003516k FS
Dec  3 17:56:52 ubuntu kernel: [    9.381011] audit: type=1400 audit(1606989412.584:2): apparmor="STATUS" operation="profile_load" profile="unconfined" name="/usr/bin/lxc-start" pid=1196 comm="apparmor_parser"
Dec  3 17:56:52 ubuntu kernel: [    9.442545] audit: type=1400 audit(1606989412.644:3): apparmor="STATUS" operation="profile_load" profile="unconfined" name="/usr/bin/man" pid=1199 comm="apparmor_parser"
Dec  3 17:56:52 ubuntu kernel: [    9.443518] audit: type=1400 audit(1606989412.644:4): apparmor="STATUS" operation="profile_load" profile="unconfined" name="man_filter" pid=1199 comm="apparmor_parser"
Dec  3 17:56:52 ubuntu kernel: [    9.445217] audit: type=1400 audit(1606989412.648:5): apparmor="STATUS" operation="profile_load" profile="unconfined" name="man_groff" pid=1199 comm="apparmor_parser"
Dec  3 17:56:52 ubuntu kernel: [    9.463644] audit: type=1400 audit(1606989412.664:6): apparmor="STATUS" operation="profile_load" profile="unconfined" name="/usr/sbin/tcpdump" pid=1201 comm="apparmor_parser"
Dec  3 17:56:52 ubuntu kernel: [    9.520786] audit: type=1400 audit(1606989412.724:7): apparmor="STATUS" operation="profile_load" profile="unconfined" name="/sbin/dhclient" pid=1192 comm="apparmor_parser"
Dec  3 17:56:52 ubuntu kernel: [    9.522259] audit: type=1400 audit(1606989412.724:8): apparmor="STATUS" operation="profile_load" profile="unconfined" name="/usr/lib/NetworkManager/nm-dhcp-client.action" pid=1192 comm="apparmor_parser"
Dec  3 17:56:52 ubuntu kernel: [    9.523675] audit: type=1400 audit(1606989412.724:9): apparmor="STATUS" operation="profile_load" profile="unconfined" name="/usr/lib/NetworkManager/nm-dhcp-helper" pid=1192 comm="apparmor_parser"
Dec  3 17:56:52 ubuntu kernel: [    9.525040] audit: type=1400 audit(1606989412.728:10): apparmor="STATUS" operation="profile_load" profile="unconfined" name="/usr/lib/connman/scripts/dhclient-script" pid=1192 comm="apparmor_parser"
Dec  3 17:56:52 ubuntu kernel: [    9.583727] audit: type=1400 audit(1606989412.784:11): apparmor="STATUS" operation="profile_load" profile="unconfined" name="/usr/lib/snapd/snap-confine" pid=1197 comm="apparmor_parser"
Dec  3 17:56:52 ubuntu kernel: [    9.695111] new mount options do not match the existing superblock, will be ignored
Dec  3 17:56:52 ubuntu systemd[1]: Started System Logging Service.
Dec  3 17:56:52 ubuntu /usr/sbin/irqbalance: IRQ arch_timer(2) guessed as class 0
Dec  3 17:56:52 ubuntu /usr/sbin/irqbalance: IRQ uart-pl011(4) guessed as class 0
Dec  3 17:56:52 ubuntu /usr/sbin/irqbalance: IRQ arm-pmu(42) guessed as class 0
Dec  3 17:56:52 ubuntu /usr/sbin/irqbalance: IRQ ACPI:Event(43) guessed as class 0
Dec  3 17:56:52 ubuntu /usr/sbin/irqbalance: IRQ pciehp(44) guessed as class 0
Dec  3 17:56:52 ubuntu /usr/sbin/irqbalance: IRQ pciehp(45) guessed as class 0
Dec  3 17:56:52 ubuntu /usr/sbin/irqbalance: IRQ pciehp(46) guessed as class 0
Dec  3 17:56:52 ubuntu /usr/sbin/irqbalance: IRQ pciehp(47) guessed as class 0
Dec  3 17:56:52 ubuntu /usr/sbin/irqbalance: IRQ xhci_hcd(48) guessed as class 0
Dec  3 17:56:52 ubuntu /usr/sbin/irqbalance: IRQ xhci_hcd(49) guessed as class 0
Dec  3 17:56:52 ubuntu /usr/sbin/irqbalance: IRQ xhci_hcd(50) guessed as class 0
Dec  3 17:56:52 ubuntu /usr/sbin/irqbalance: IRQ xhci_hcd(51) guessed as class 0
Dec  3 17:56:52 ubuntu /usr/sbin/irqbalance: IRQ xhci_hcd(52) guessed as class 0
Dec  3 17:56:52 ubuntu /usr/sbin/irqbalance: IRQ xhci_hcd(53) guessed as class 0
Dec  3 17:56:52 ubuntu /usr/sbin/irqbalance: IRQ xhci_hcd(54) guessed as class 0
Dec  3 17:56:52 ubuntu /usr/sbin/irqbalance: IRQ xhci_hcd(55) guessed as class 0
Dec  3 17:56:52 ubuntu /usr/sbin/irqbalance: IRQ xhci_hcd(56) guessed as class 0
Dec  3 17:56:52 ubuntu /usr/sbin/irqbalance: IRQ xhci_hcd(57) guessed as class 0
Dec  3 17:56:52 ubuntu /usr/sbin/irqbalance: IRQ xhci_hcd(58) guessed as class 0
Dec  3 17:56:52 ubuntu /usr/sbin/irqbalance: IRQ xhci_hcd(59) guessed as class 0
Dec  3 17:56:52 ubuntu /usr/sbin/irqbalance: IRQ xhci_hcd(60) guessed as class 0
Dec  3 17:56:52 ubuntu /usr/sbin/irqbalance: IRQ xhci_hcd(61) guessed as class 0
Dec  3 17:56:52 ubuntu /usr/sbin/irqbalance: IRQ xhci_hcd(62) guessed as class 0
Dec  3 17:56:52 ubuntu /usr/sbin/irqbalance: IRQ xhci_hcd(63) guessed as class 0
Dec  3 17:56:52 ubuntu /usr/sbin/irqbalance: IRQ virtio1-config(64) guessed as class 0
Dec  3 17:56:52 ubuntu /usr/sbin/irqbalance: IRQ virtio1-control(65) guessed as class 0
Dec  3 17:56:52 ubuntu /usr/sbin/irqbalance: IRQ virtio1-event(66) guessed as class 0
Dec  3 17:56:52 ubuntu /usr/sbin/irqbalance: IRQ virtio1-request(67) guessed as class 0
Dec  3 17:56:52 ubuntu /usr/sbin/irqbalance: IRQ virtio0-config(68) guessed as class 0
Dec  3 17:56:52 ubuntu /usr/sbin/irqbalance: IRQ virtio0-input.0(69) guessed as class 0
Dec  3 17:56:52 ubuntu /usr/sbin/irqbalance: IRQ virtio0-output.0(70) guessed as class 0
Dec  3 17:56:52 ubuntu systemd[1]: Starting Authorization Manager...
Dec  3 17:56:52 ubuntu grub-common[1207]:  * Recording successful boot for GRUB
Dec  3 17:56:52 ubuntu systemd[1]: Started Login Service.
Dec  3 17:56:52 ubuntu grub-common[1207]:    ...done.
Dec  3 17:56:52 ubuntu systemd[1]: Started Unattended Upgrades Shutdown.
Dec  3 17:56:52 ubuntu systemd[1]: Started LSB: Record successful boot for GRUB.
Dec  3 17:56:52 ubuntu polkitd[1241]: started daemon version 0.105 using authority implementation `local' version `0.105'
Dec  3 17:56:52 ubuntu dbus-daemon[1209]: [system] Successfully activated service 'org.freedesktop.PolicyKit1'
Dec  3 17:56:52 ubuntu systemd[1]: Started Authorization Manager.
Dec  3 17:56:52 ubuntu accounts-daemon[1204]: started daemon version 0.6.45
Dec  3 17:56:52 ubuntu systemd[1]: Started Accounts Service.
Dec  3 17:56:52 ubuntu snapd[1230]: AppArmor status: apparmor is enabled but some kernel features are missing: dbus, network
Dec  3 17:56:52 ubuntu snapd[1230]: daemon.go:346: started snapd/2.42.1+18.04 (series 16; classic; devmode) ubuntu/18.04 (arm64) linux/5.7.1.
Dec  3 17:56:53 ubuntu networkd-dispatcher[1224]: No valid path found for iwconfig
Dec  3 17:56:53 ubuntu snapd[1230]: daemon.go:439: adjusting startup timeout by 30s (pessimistic estimate of 30s plus 5s per snap)
Dec  3 17:56:53 ubuntu systemd[1]: Started Dispatcher daemon for systemd-networkd.
Dec  3 17:56:53 ubuntu systemd[1]: Started Snappy daemon.
Dec  3 17:56:53 ubuntu systemd[1]: Starting Wait until snapd is fully seeded...
Dec  3 17:56:53 ubuntu systemd[1]: Started Wait until snapd is fully seeded.
Dec  3 17:56:54 ubuntu kernel: [   11.109050] random: crng init done
Dec  3 17:56:54 ubuntu kernel: [   11.109063] random: 5 urandom warning(s) missed due to ratelimiting
Dec  3 17:56:54 ubuntu systemd-networkd[1132]: enp1s0: Gained IPv6LL
Dec  3 17:56:54 ubuntu systemd-networkd[1132]: enp1s0: Configured
Dec  3 17:56:54 ubuntu systemd-networkd-wait-online[1163]: managing: enp1s0
Dec  3 17:56:54 ubuntu systemd-networkd-wait-online[1163]: ignoring: lo
Dec  3 17:56:54 ubuntu systemd[1]: Started Wait for Network to be Configured.
Dec  3 17:56:54 ubuntu systemd[1]: Reached target Network is Online.
Dec  3 17:56:54 ubuntu systemd[1]: Starting Availability of block devices...
Dec  3 17:56:54 ubuntu systemd[1]: Reached target Remote File Systems (Pre).
Dec  3 17:56:54 ubuntu systemd[1]: Reached target Remote File Systems.
Dec  3 17:56:54 ubuntu systemd[1]: Starting Permit User Sessions...
Dec  3 17:56:54 ubuntu systemd[1]: Starting LSB: automatic crash report generation...
Dec  3 17:56:54 ubuntu systemd[1]: Starting OpenBSD Secure Shell server...
Dec  3 17:56:54 ubuntu systemd[1]: Started LXD - container startup/shutdown.
Dec  3 17:56:54 ubuntu systemd[1]: Started Availability of block devices.
Dec  3 17:56:54 ubuntu systemd[1]: Started Permit User Sessions.
Dec  3 17:56:54 ubuntu systemd[1]: Starting Hold until boot process finishes up...
Dec  3 17:56:54 ubuntu systemd[1]: Starting Terminate Plymouth Boot Screen...
Dec  3 17:56:54 ubuntu systemd[1]: Started Hold until boot process finishes up.
Dec  3 17:56:54 ubuntu apport[1317]:  * Starting automatic crash report generation: apport
Dec  3 17:56:54 ubuntu systemd[1]: Starting Set console scheme...
Dec  3 17:56:54 ubuntu apport[1317]:    ...done.
Dec  3 17:56:54 ubuntu systemd[1]: Started Serial Getty on ttyAMA0.
Dec  3 17:56:54 ubuntu systemd[1]: Started LSB: automatic crash report generation.
Dec  3 17:56:54 ubuntu systemd[1]: Started Terminate Plymouth Boot Screen.
Dec  3 17:56:54 ubuntu systemd[1]: Started Set console scheme.
Dec  3 17:56:54 ubuntu systemd[1]: Started OpenBSD Secure Shell server.
Dec  3 17:56:54 ubuntu systemd[1]: Created slice system-getty.slice.
Dec  3 17:56:54 ubuntu systemd[1]: Started Getty on tty1.
Dec  3 17:56:54 ubuntu systemd[1]: Reached target Login Prompts.
Dec  3 17:56:54 ubuntu systemd[1]: Reached target Multi-User System.
Dec  3 17:56:54 ubuntu systemd[1]: Reached target Graphical Interface.
Dec  3 17:56:54 ubuntu systemd[1]: Starting Update UTMP about System Runlevel Changes...
Dec  3 17:56:54 ubuntu systemd[1]: Started Update UTMP about System Runlevel Changes.
Dec  3 17:56:54 ubuntu systemd[1]: Startup finished in 8.467s (kernel) + 2.578s (userspace) = 11.045s.
Dec  3 17:56:54 ubuntu kernel: [   11.243377] fbcon: Taking over console
Dec  3 17:56:58 ubuntu snapd[1230]: daemon.go:540: gracefully waiting for running hooks
Dec  3 17:56:58 ubuntu snapd[1230]: daemon.go:542: done waiting for running hooks
Dec  3 17:56:58 ubuntu snapd[1230]: daemon stop requested to wait for socket activation
Dec  3 17:56:59 ubuntu systemd-resolved[1161]: Using degraded feature set (UDP) for DNS server 172.20.1.4.
Dec  3 17:57:06 ubuntu systemd[1]: Created slice User Slice of huawei.
Dec  3 17:57:06 ubuntu systemd[1]: Starting User Manager for UID 1000...
Dec  3 17:57:06 ubuntu systemd[1]: Started Session 1 of user huawei.
Dec  3 17:57:06 ubuntu systemd[1559]: Listening on GnuPG cryptographic agent (ssh-agent emulation).
Dec  3 17:57:06 ubuntu systemd[1559]: Listening on GnuPG cryptographic agent and passphrase cache (access for web browsers).
Dec  3 17:57:06 ubuntu systemd[1559]: Reached target Paths.
Dec  3 17:57:06 ubuntu systemd[1559]: Listening on REST API socket for snapd user session agent.
Dec  3 17:57:06 ubuntu systemd[1559]: Listening on GnuPG cryptographic agent and passphrase cache.
Dec  3 17:57:06 ubuntu systemd[1559]: Listening on GnuPG network certificate management daemon.
Dec  3 17:57:06 ubuntu systemd[1559]: Reached target Timers.
Dec  3 17:57:06 ubuntu systemd[1559]: Listening on GnuPG cryptographic agent and passphrase cache (restricted).
Dec  3 17:57:06 ubuntu systemd[1559]: Reached target Sockets.
Dec  3 17:57:06 ubuntu systemd[1559]: Reached target Basic System.
Dec  3 17:57:06 ubuntu systemd[1559]: Reached target Default.
Dec  3 17:57:06 ubuntu systemd[1559]: Startup finished in 49ms.
Dec  3 17:57:06 ubuntu systemd[1]: Started User Manager for UID 1000.
Dec  3 17:57:10 ubuntu systemd-resolved[1161]: Using degraded feature set (UDP) for DNS server 172.20.1.6.
Dec  3 17:57:15 ubuntu systemd-timesyncd[1130]: Synchronized to time server 91.189.94.4:123 (ntp.ubuntu.com).
Start test round: 1
Dec  3 17:57:17 ubuntu kernel: [   35.033551] Page table allocation set to fixed on node 0
Dec  3 17:57:17 ubuntu kernel: [   35.035091] [mitosis] pgd_alloc: pid = 1603
Dec  3 17:57:17 ubuntu kernel: [   35.035095] [mitosis] pgd_alloc for mm=ffff0004d7d78800 and mm->pgd =ffff0004d8a2b000.
Dec  3 17:57:17 ubuntu kernel: [   35.035097] PTREPL: set state to deactivated.
Dec  3 17:57:17 ubuntu kernel: [   35.042972] PROCFS: Command ot drain the pgtable cache
Dec  3 17:57:17 ubuntu kernel: [   35.052119] PROCFS: Command ot populate the pgtable cache
Dec  3 17:57:17 ubuntu kernel: [   35.052125] PGREPL: populating pgtable cache with 1100000 tables per node
Dec  3 17:57:17 ubuntu kernel: [   35.052127] PGREPL: populating pgtable cache node[0] with 1100000 tables
Dec  3 17:57:18 ubuntu kernel: [   36.286281] PGREPL: node[0] populated with 1100000  tables
Dec  3 17:57:18 ubuntu kernel: [   36.314921] [mitosis] NOTE: version = 6
Dec  3 17:57:18 ubuntu kernel: [   36.314923] [mitosis] kernel_set_pgtlbreplpolicy: pid = 1648
Dec  3 17:57:18 ubuntu kernel: [   36.314924] PTREP: Called pgtbl_repl_prepare_replication version 2
Dec  3 17:57:18 ubuntu kernel: [   36.314925] [mitosis] pgtbl_repl_prepare_replication  for mm=ffff0004d7d7bc00.
Dec  3 17:57:18 ubuntu kernel: [   36.314926] [mitosis]------PTREPL: alloc pgd start------
Dec  3 17:57:18 ubuntu kernel: [   36.314927] [mitosis] nr_node_ids=1.
Dec  3 17:57:18 ubuntu kernel: [   36.314927] [mitosis] pgd_alloc origin mm->pgd =ffff0004d7723000.
Dec  3 17:57:18 ubuntu kernel: [   36.314929] [mitosis] pgd_alloc mm->repl_pgd[0]=ffff0003b7dce000.
Dec  3 17:57:18 ubuntu kernel: [   36.314930] ------PTREPL: alloc pgd success------
Dec  3 17:57:18 ubuntu kernel: [   36.314931] pgtbl_repl_prepare_replication:1152 pgd=ffff0004d7723000..ffff0004d7723fff
Dec  3 17:57:18 ubuntu kernel: [   36.314933] PTREP: pgd_idx = 341and pgd=ffff0004d7723aa8  and pgd[341]=514a36003
Dec  3 17:57:18 ubuntu kernel: [   36.314934] pgtbl_repl_prepare_replication:1160 pgd[341]'s pud=ffff0004d4a36000..ffff0004d4a36fff
Dec  3 17:57:18 ubuntu kernel: [   36.314935] pgtbl_repl_prepare_replication:1164 another func __va pud=ffff0004d4a36000..ffff0004d4a36fff
Dec  3 17:57:18 ubuntu kernel: [   36.314936] pgtbl_repl_prepare_replication:1165 1 pfn=514a36   2 pfn=514a36
Dec  3 17:57:18 ubuntu kernel: [   36.314937] [mitosis] __pgtable_repl_alloc_one origin pagep=ffff0004d4a36000 and new pagep = ffff0003b7dcd000
Dec  3 17:57:18 ubuntu kernel: [   36.314938] ------PTREPL: set_pgd start------
Dec  3 17:57:18 ubuntu kernel: [   36.314939] ------ 1 . page_pgd->replica_node_id = -1------
Dec  3 17:57:18 ubuntu kernel: [   36.314940] PTREP: set_pgd offset=aa8 and node0 origin pgd=ffff0003b7dce000  and pgd+offset=ffff0003b7dceaa8  and pud=ffff0003b7dcd000 and pdgval=3f7dcd003
Dec  3 17:57:18 ubuntu kernel: [   36.314941] PTREP: set_pgd  origin pgdval=3f7dcd003  and another func pgdval=3f7dcd003
Dec  3 17:57:18 ubuntu kernel: [   36.314942] ------PTREPL: set_pgd done------
Dec  3 17:57:18 ubuntu kernel: [   36.314942] [mitosis] start search pud .......
Dec  3 17:57:18 ubuntu kernel: [   36.314943] PTREP: pud_idx = 171and pud=ffff0004d4a36558  and pud[171]=514a37003
Dec  3 17:57:18 ubuntu kernel: [   36.314944] pgtbl_repl_prepare_replication:1184 pud[171]'s pmd=ffff0004d4a37000..ffff0004d4a37fff
Dec  3 17:57:18 ubuntu kernel: [   36.314945] pgtbl_repl_prepare_replication:1185 1 pfn=514a37   2 pfn=514a37
Dec  3 17:57:18 ubuntu kernel: [   36.314947] [mitosis] __pgtable_repl_alloc_one origin pagep=ffff0004d4a37000 and new pagep = ffff0003b7dcc000
Dec  3 17:57:18 ubuntu kernel: [   36.314947] ------PTREPL: set_pud start------
Dec  3 17:57:18 ubuntu kernel: [   36.314948] ------ 1 . page_pud->replica_node_id = -1------
Dec  3 17:57:18 ubuntu kernel: [   36.314949] PTREP: set_pud offset=558 and node0 origin pud=ffff0003b7dcd000  and pud+offset=ffff0003b7dcd558  and pmd=ffff0003b7dcc000 and pudval=3f7dcc003
Dec  3 17:57:18 ubuntu kernel: [   36.314950] ------PTREPL: set_pud done------
Dec  3 17:57:18 ubuntu kernel: [   36.314951] PTREP: pmd_idx = 65and pmd=ffff0004d4a37208  and pmd[65]=514a7e003
Dec  3 17:57:18 ubuntu kernel: [   36.314952] pgtbl_repl_prepare_replication:1204 pmd[65]'s pte=ffff0004d4a7e000..ffff0004d4a7efff
Dec  3 17:57:18 ubuntu kernel: [   36.314953] pgtbl_repl_prepare_replication:1205 1 pfn=514a7e   2 pfn=514a7e
Dec  3 17:57:18 ubuntu kernel: [   36.314954] [mitosis] __pgtable_repl_alloc_one origin pagep=ffff0004d4a7e000 and new pagep = ffff0003b7dcb000
Dec  3 17:57:18 ubuntu kernel: [   36.314955] ------PTREPL: set_pmd start------
Dec  3 17:57:18 ubuntu kernel: [   36.314956] ------ 1 . page_pmd->replica_node_id = -1------
Dec  3 17:57:18 ubuntu kernel: [   36.314957] PTREP: set_pmd offset=208 and node0 origin pmd=ffff0003b7dcc000  and pmd+offset=ffff0003b7dcc208  and pte=ffff0003b7dcb000 and pmdval=3f7dcb003
Dec  3 17:57:18 ubuntu kernel: [   36.314958] ------PTREPL: set_pmd done------
Dec  3 17:57:18 ubuntu kernel: [   36.314960] PTREP: pmd_idx = 347and pmd=ffff0004d4a37ad8  and pmd[347]=5168ff003
Dec  3 17:57:18 ubuntu kernel: [   36.314961] pgtbl_repl_prepare_replication:1204 pmd[347]'s pte=ffff0004d68ff000..ffff0004d68fffff
Dec  3 17:57:18 ubuntu kernel: [   36.314961] pgtbl_repl_prepare_replication:1205 1 pfn=5168ff   2 pfn=5168ff
Dec  3 17:57:18 ubuntu kernel: [   36.314963] [mitosis] __pgtable_repl_alloc_one origin pagep=ffff0004d68ff000 and new pagep = ffff0003b7dca000
Dec  3 17:57:18 ubuntu kernel: [   36.314963] ------PTREPL: set_pmd start------
Dec  3 17:57:18 ubuntu kernel: [   36.314964] ------ 1 . page_pmd->replica_node_id = -1------
Dec  3 17:57:18 ubuntu kernel: [   36.314965] PTREP: set_pmd offset=ad8 and node0 origin pmd=ffff0003b7dcc000  and pmd+offset=ffff0003b7dccad8  and pte=ffff0003b7dca000 and pmdval=3f7dca003
Dec  3 17:57:18 ubuntu kernel: [   36.314966] ------PTREPL: set_pmd done------
Dec  3 17:57:18 ubuntu kernel: [   36.314967] ===================================== end of a page
Dec  3 17:57:18 ubuntu kernel: [   36.314968] PTREP: pgd_idx = 511and pgd=ffff0004d7723ff8  and pgd[511]=517c16003
Dec  3 17:57:18 ubuntu kernel: [   36.314969] pgtbl_repl_prepare_replication:1160 pgd[511]'s pud=ffff0004d7c16000..ffff0004d7c16fff
Dec  3 17:57:18 ubuntu kernel: [   36.314970] pgtbl_repl_prepare_replication:1164 another func __va pud=ffff0004d7c16000..ffff0004d7c16fff
Dec  3 17:57:18 ubuntu kernel: [   36.314971] pgtbl_repl_prepare_replication:1165 1 pfn=517c16   2 pfn=517c16
Dec  3 17:57:18 ubuntu kernel: [   36.314972] [mitosis] __pgtable_repl_alloc_one origin pagep=ffff0004d7c16000 and new pagep = ffff0003b7dc9000
Dec  3 17:57:18 ubuntu kernel: [   36.314973] ------PTREPL: set_pgd start------
Dec  3 17:57:18 ubuntu kernel: [   36.314973] ------ 1 . page_pgd->replica_node_id = -1------
Dec  3 17:57:18 ubuntu kernel: [   36.314974] PTREP: set_pgd offset=ff8 and node0 origin pgd=ffff0003b7dce000  and pgd+offset=ffff0003b7dceff8  and pud=ffff0003b7dc9000 and pdgval=3f7dc9003
Dec  3 17:57:18 ubuntu kernel: [   36.314975] PTREP: set_pgd  origin pgdval=3f7dc9003  and another func pgdval=3f7dc9003
Dec  3 17:57:18 ubuntu kernel: [   36.314976] ------PTREPL: set_pgd done------
Dec  3 17:57:18 ubuntu kernel: [   36.314976] [mitosis] start search pud .......
Dec  3 17:57:18 ubuntu kernel: [   36.314978] PTREP: pud_idx = 510and pud=ffff0004d7c16ff0  and pud[510]=514a7f003
Dec  3 17:57:18 ubuntu kernel: [   36.314979] pgtbl_repl_prepare_replication:1184 pud[510]'s pmd=ffff0004d4a7f000..ffff0004d4a7ffff
Dec  3 17:57:18 ubuntu kernel: [   36.314980] pgtbl_repl_prepare_replication:1185 1 pfn=514a7f   2 pfn=514a7f
Dec  3 17:57:18 ubuntu kernel: [   36.314982] [mitosis] __pgtable_repl_alloc_one origin pagep=ffff0004d4a7f000 and new pagep = ffff0003b7dc8000
Dec  3 17:57:18 ubuntu kernel: [   36.314982] ------PTREPL: set_pud start------
Dec  3 17:57:18 ubuntu kernel: [   36.314983] ------ 1 . page_pud->replica_node_id = -1------
Dec  3 17:57:18 ubuntu kernel: [   36.314984] PTREP: set_pud offset=ff0 and node0 origin pud=ffff0003b7dc9000  and pud+offset=ffff0003b7dc9ff0  and pmd=ffff0003b7dc8000 and pudval=3f7dc8003
Dec  3 17:57:18 ubuntu kernel: [   36.314985] ------PTREPL: set_pud done------
Dec  3 17:57:18 ubuntu kernel: [   36.314986] PTREP: pmd_idx = 170and pmd=ffff0004d4a7f550  and pmd[170]=5168fe003
Dec  3 17:57:18 ubuntu kernel: [   36.314987] pgtbl_repl_prepare_replication:1204 pmd[170]'s pte=ffff0004d68fe000..ffff0004d68fefff
Dec  3 17:57:18 ubuntu kernel: [   36.314988] pgtbl_repl_prepare_replication:1205 1 pfn=5168fe   2 pfn=5168fe
Dec  3 17:57:18 ubuntu kernel: [   36.314989] [mitosis] __pgtable_repl_alloc_one origin pagep=ffff0004d68fe000 and new pagep = ffff0003b7dc7000
Dec  3 17:57:18 ubuntu kernel: [   36.314990] ------PTREPL: set_pmd start------
Dec  3 17:57:18 ubuntu kernel: [   36.314990] ------ 1 . page_pmd->replica_node_id = -1------
Dec  3 17:57:18 ubuntu kernel: [   36.314991] PTREP: set_pmd offset=550 and node0 origin pmd=ffff0003b7dc8000  and pmd+offset=ffff0003b7dc8550  and pte=ffff0003b7dc7000 and pmdval=3f7dc7003
Dec  3 17:57:18 ubuntu kernel: [   36.314992] ------PTREPL: set_pmd done------
Dec  3 17:57:18 ubuntu kernel: [   36.314996] PTREP: pud_idx = 511and pud=ffff0004d7c16ff8  and pud[511]=517c2b003
Dec  3 17:57:18 ubuntu kernel: [   36.314997] pgtbl_repl_prepare_replication:1184 pud[511]'s pmd=ffff0004d7c2b000..ffff0004d7c2bfff
Dec  3 17:57:18 ubuntu kernel: [   36.314998] pgtbl_repl_prepare_replication:1185 1 pfn=517c2b   2 pfn=517c2b
Dec  3 17:57:18 ubuntu kernel: [   36.314999] [mitosis] __pgtable_repl_alloc_one origin pagep=ffff0004d7c2b000 and new pagep = ffff0003b7dc6000
Dec  3 17:57:18 ubuntu kernel: [   36.315000] ------PTREPL: set_pud start------
Dec  3 17:57:18 ubuntu kernel: [   36.315000] ------ 1 . page_pud->replica_node_id = -1------
Dec  3 17:57:18 ubuntu kernel: [   36.315001] PTREP: set_pud offset=ff8 and node0 origin pud=ffff0003b7dc9000  and pud+offset=ffff0003b7dc9ff8  and pmd=ffff0003b7dc6000 and pudval=3f7dc6003
Dec  3 17:57:18 ubuntu kernel: [   36.315002] ------PTREPL: set_pud done------
Dec  3 17:57:18 ubuntu kernel: [   36.315003] PTREP: pmd_idx = 323and pmd=ffff0004d7c2ba18  and pmd[323]=51778e003
Dec  3 17:57:18 ubuntu kernel: [   36.315004] pgtbl_repl_prepare_replication:1204 pmd[323]'s pte=ffff0004d778e000..ffff0004d778efff
Dec  3 17:57:18 ubuntu kernel: [   36.315005] pgtbl_repl_prepare_replication:1205 1 pfn=51778e   2 pfn=51778e
Dec  3 17:57:18 ubuntu kernel: [   36.315006] [mitosis] __pgtable_repl_alloc_one origin pagep=ffff0004d778e000 and new pagep = ffff0003b7dc5000
Dec  3 17:57:18 ubuntu kernel: [   36.315007] ------PTREPL: set_pmd start------
Dec  3 17:57:18 ubuntu kernel: [   36.315008] ------ 1 . page_pmd->replica_node_id = -1------
Dec  3 17:57:18 ubuntu kernel: [   36.315009] PTREP: set_pmd offset=a18 and node0 origin pmd=ffff0003b7dc6000  and pmd+offset=ffff0003b7dc6a18  and pte=ffff0003b7dc5000 and pmdval=3f7dc5003
Dec  3 17:57:18 ubuntu kernel: [   36.315009] ------PTREPL: set_pmd done------
Dec  3 17:57:18 ubuntu kernel: [   36.315011] ===================================== end of a page
Dec  3 17:57:18 ubuntu kernel: [   36.315012] pgtbl_repl_prepare_replication:1231 all: pud_num=3, pmd_num=4, pte_num=326
Dec  3 17:57:18 ubuntu kernel: [   36.315014] cpu_do_switch_mm:283 cpu_do_switch_mm mm=ffff0004d7d7bc00, pgd=ffff0003b7dce000, pgd_phys=3f7dce000
Dec  3 17:57:18 ubuntu kernel: [   36.315014] PTREP: Called pgtbl_repl_prepare_replication  done
Dec  3 17:57:18 ubuntu kernel: [   36.315015] [mitosis] pgtable replication enabled for mm=ffff0004d7d7bc00.
Dec  3 17:57:18 ubuntu kernel: [   36.315016] [mitosis] pgtable replication err=0.
Dec  3 17:57:18 ubuntu kernel: [   36.315037] [mitosis]------PTREPL: alloc pgd start------
Dec  3 17:57:18 ubuntu kernel: [   36.315037] [mitosis] nr_node_ids=1.
Dec  3 17:57:18 ubuntu kernel: [   36.315038] [mitosis] pgd_alloc origin mm->pgd =ffff0004d59ac000.
Dec  3 17:57:18 ubuntu kernel: [   36.315039] [mitosis] pgd_alloc mm->repl_pgd[0]=ffff0003b7dc4000.
Dec  3 17:57:18 ubuntu kernel: [   36.315040] ------PTREPL: alloc pgd success------
Dec  3 17:57:18 ubuntu kernel: [   36.315184] [mitosis] __pgtable_repl_alloc_one origin pagep=ffff0004d59ad000 and new pagep = ffff0003b7dc3000
Dec  3 17:57:18 ubuntu kernel: [   36.315187] ------PTREPL: set_pgd start------
Dec  3 17:57:18 ubuntu kernel: [   36.315190] ------ 1 . page_pgd->replica_node_id = -1------
Dec  3 17:57:18 ubuntu kernel: [   36.315194] PTREP: set_pgd offset=ff8 and node0 origin pgd=ffff0003b7dc4000  and pgd+offset=ffff0003b7dc4ff8  and pud=ffff0003b7dc3000 and pdgval=3f7dc3003
Dec  3 17:57:18 ubuntu kernel: [   36.315197] PTREP: set_pgd  origin pgdval=3f7dc3003  and another func pgdval=3f7dc3003
Dec  3 17:57:18 ubuntu kernel: [   36.315199] ------PTREPL: set_pgd done------
Dec  3 17:57:18 ubuntu kernel: [   36.315202] [mitosis] __pgtable_repl_alloc_one origin pagep=ffff0003b7e32000 and new pagep = ffff0003b7dc2000
Dec  3 17:57:18 ubuntu kernel: [   36.315205] ------PTREPL: set_pud start------
Dec  3 17:57:18 ubuntu kernel: [   36.315207] ------ 1 . page_pud->replica_node_id = -1------
Dec  3 17:57:18 ubuntu kernel: [   36.315209] PTREP: set_pud offset=ff8 and node0 origin pud=ffff0003b7dc3000  and pud+offset=ffff0003b7dc3ff8  and pmd=ffff0003b7dc2000 and pudval=3f7dc2003
Dec  3 17:57:18 ubuntu kernel: [   36.315211] ------PTREPL: set_pud done------
Dec  3 17:57:18 ubuntu kernel: [   36.315216] [mitosis] __pgtable_repl_alloc_one origin pagep=ffff0003b7e33000 and new pagep = ffff0003b7dc1000
Dec  3 17:57:18 ubuntu kernel: [   36.315219] ------PTREPL: set_pmd start------
Dec  3 17:57:18 ubuntu kernel: [   36.315222] ------ 1 . page_pmd->replica_node_id = -1------
Dec  3 17:57:18 ubuntu kernel: [   36.315224] PTREP: set_pmd offset=ff8 and node0 origin pmd=ffff0003b7dc2000  and pmd+offset=ffff0003b7dc2ff8  and pte=ffff0003b7dc1000 and pmdval=3f7dc1003
Dec  3 17:57:18 ubuntu kernel: [   36.315227] ------PTREPL: set_pmd done------
Dec  3 17:57:18 ubuntu kernel: [   36.315259] cpu_do_switch_mm:283 cpu_do_switch_mm mm=ffff0004d7d79800, pgd=ffff0003b7dc4000, pgd_phys=3f7dc4000
Dec  3 17:57:18 ubuntu kernel: [   36.315317] ------PTREPL: set_pmd start------
Dec  3 17:57:18 ubuntu kernel: [   36.315318] ------ 1 . page_pmd->replica_node_id = -1------
Dec  3 17:57:18 ubuntu kernel: [   36.315319] PTREP: set_pmd  origin pmd=ffff0004d4a37208  and pmdval=0
Dec  3 17:57:18 ubuntu kernel: [   36.315320] PTREP: Called pgtable_repl_set_pmd  !page_te 
Dec  3 17:57:18 ubuntu kernel: [   36.315321] ------PTREPL: set_pmd start------
Dec  3 17:57:18 ubuntu kernel: [   36.315322] ------ 1 . page_pmd->replica_node_id = -1------
Dec  3 17:57:18 ubuntu kernel: [   36.315323] PTREP: set_pmd  origin pmd=ffff0004d4a37ad8  and pmdval=0
Dec  3 17:57:18 ubuntu kernel: [   36.315323] PTREP: Called pgtable_repl_set_pmd  !page_te 
Dec  3 17:57:18 ubuntu kernel: [   36.315324] ------PTREPL: set_pud start------
Dec  3 17:57:18 ubuntu kernel: [   36.315325] ------ 1 . page_pud->replica_node_id = -1------
Dec  3 17:57:18 ubuntu kernel: [   36.315326] PTREP: set_pud  origin pud=ffff0004d4a36558  and pudval=0
Dec  3 17:57:18 ubuntu kernel: [   36.315326] PTREP: Called pgtable_repl_set_pud  !page_pmd 
Dec  3 17:57:18 ubuntu kernel: [   36.315327] ------PTREPL: set_pgd start------
Dec  3 17:57:18 ubuntu kernel: [   36.315327] ------ 1 . page_pgd->replica_node_id = -1------
Dec  3 17:57:18 ubuntu kernel: [   36.315328] PTREP: set_pgd  origin pgd=ffff0004d7723aa8  and pgdval=0
Dec  3 17:57:18 ubuntu kernel: [   36.315329] PTREP: Called pgtable_repl_set_pgd  !page_pud 
Dec  3 17:57:18 ubuntu kernel: [   36.315330] ------PTREPL: set_pgd start------
Dec  3 17:57:18 ubuntu kernel: [   36.315330] ------ 1 . page_pgd->replica_node_id = -1------
Dec  3 17:57:18 ubuntu kernel: [   36.315331] PTREP: set_pgd  origin pgd=ffff0004d7723aa8  and pgdval=0
Dec  3 17:57:18 ubuntu kernel: [   36.315332] PTREP: Called pgtable_repl_set_pgd  !page_pud 
Dec  3 17:57:18 ubuntu kernel: [   36.315337] ------PTREPL: set_pmd start------
Dec  3 17:57:18 ubuntu kernel: [   36.315337] ------ 1 . page_pmd->replica_node_id = -1------
Dec  3 17:57:18 ubuntu kernel: [   36.315338] PTREP: set_pmd  origin pmd=ffff0004d4a7f550  and pmdval=0
Dec  3 17:57:18 ubuntu kernel: [   36.315338] PTREP: Called pgtable_repl_set_pmd  !page_te 
Dec  3 17:57:18 ubuntu kernel: [   36.315339] ------PTREPL: set_pud start------
Dec  3 17:57:18 ubuntu kernel: [   36.315340] ------ 1 . page_pud->replica_node_id = -1------
Dec  3 17:57:18 ubuntu kernel: [   36.315340] PTREP: set_pud  origin pud=ffff0004d7c16ff0  and pudval=0
Dec  3 17:57:18 ubuntu kernel: [   36.315341] PTREP: Called pgtable_repl_set_pud  !page_pmd 
Dec  3 17:57:18 ubuntu kernel: [   36.315342] ------PTREPL: set_pmd start------
Dec  3 17:57:18 ubuntu kernel: [   36.315342] ------ 1 . page_pmd->replica_node_id = -1------
Dec  3 17:57:18 ubuntu kernel: [   36.315343] PTREP: set_pmd  origin pmd=ffff0004d7c2ba18  and pmdval=0
Dec  3 17:57:18 ubuntu kernel: [   36.315344] PTREP: Called pgtable_repl_set_pmd  !page_te 
Dec  3 17:57:18 ubuntu kernel: [   36.315344] ------PTREPL: set_pud start------
Dec  3 17:57:18 ubuntu kernel: [   36.315345] ------ 1 . page_pud->replica_node_id = -1------
Dec  3 17:57:18 ubuntu kernel: [   36.315346] PTREP: set_pud  origin pud=ffff0004d7c16ff8  and pudval=0
Dec  3 17:57:18 ubuntu kernel: [   36.315346] PTREP: Called pgtable_repl_set_pud  !page_pmd 
Dec  3 17:57:18 ubuntu kernel: [   36.315347] ------PTREPL: set_pgd start------
Dec  3 17:57:18 ubuntu kernel: [   36.315347] ------ 1 . page_pgd->replica_node_id = -1------
Dec  3 17:57:18 ubuntu kernel: [   36.315348] PTREP: set_pgd  origin pgd=ffff0004d7723ff8  and pgdval=0
Dec  3 17:57:18 ubuntu kernel: [   36.315349] PTREP: Called pgtable_repl_set_pgd  !page_pud 
Dec  3 17:57:18 ubuntu kernel: [   36.315349] ------PTREPL: set_pgd start------
Dec  3 17:57:18 ubuntu kernel: [   36.315350] ------ 1 . page_pgd->replica_node_id = -1------
Dec  3 17:57:18 ubuntu kernel: [   36.315350] PTREP: set_pgd  origin pgd=ffff0004d7723ff8  and pgdval=0
Dec  3 17:57:18 ubuntu kernel: [   36.315351] PTREP: Called pgtable_repl_set_pgd  !page_pud 
Dec  3 17:57:18 ubuntu kernel: [   36.315372] [mitosis] PTREPL: free pgd start 
Dec  3 17:57:18 ubuntu kernel: [   36.315373] [mitosis] pgtable_repl_pgd_free freed pgd=ffff0004d7723000 and mm->pgd=ffff0004d7723000.
Dec  3 17:57:18 ubuntu kernel: [   36.315374] [mitosis]------PTREPL: free pgd done------
Dec  3 17:57:18 ubuntu kernel: [   36.315383] [mitosis] __pgtable_repl_alloc_one origin pagep=ffff0004d7723000 and new pagep = ffff0003b7dce000
Dec  3 17:57:18 ubuntu kernel: [   36.315384] ------PTREPL: set_pmd start------
Dec  3 17:57:18 ubuntu kernel: [   36.315385] ------ 1 . page_pmd->replica_node_id = -1------
Dec  3 17:57:18 ubuntu kernel: [   36.315386] PTREP: set_pmd offset=5e8 and node0 origin pmd=ffff0003b7dc2000  and pmd+offset=ffff0003b7dc25e8  and pte=ffff0003b7dce000 and pmdval=3f7dce003
Dec  3 17:57:18 ubuntu kernel: [   36.315387] ------PTREPL: set_pmd done------
Dec  3 17:57:18 ubuntu kernel: [   36.315389] ------PTREPL: set_pmd start------
Dec  3 17:57:18 ubuntu kernel: [   36.315390] ------ 1 . page_pmd->replica_node_id = -1------
Dec  3 17:57:18 ubuntu kernel: [   36.315391] PTREP: set_pmd  origin pmd=ffff0003b7e32ff8  and pmdval=0
Dec  3 17:57:18 ubuntu kernel: [   36.315391] PTREP: Called pgtable_repl_set_pmd  !page_te 
