Dec  1 00:10:10 ubuntu rsyslogd:  [origin software="rsyslogd" swVersion="8.32.0" x-pid="2570" x-info="http://www.rsyslog.com"] rsyslogd was HUPed
[0mWaiting for benchmark to be done
Execution Time (seconds): 10
****success****
btree : F completed.
current = 2020-12-01 00:10:22
Dec  1 00:10:28 ubuntu anacron[2408]: Job `cron.daily' terminated
Dec  1 00:10:28 ubuntu anacron[2408]: Normal exit (1 job run)
Dec  1 00:11:25 ubuntu systemd[1]: Stopping User Manager for UID 1000...
Dec  1 00:11:25 ubuntu systemd[1]: Stopping Availability of block devices...
Dec  1 00:11:25 ubuntu systemd[1]: Stopping Authorization Manager...
Dec  1 00:11:25 ubuntu systemd[1]: Stopped Stop ureadahead data collection 45s after completed startup.
Dec  1 00:11:25 ubuntu systemd[1]: Closed Load/Save RF Kill Switch Status /dev/rfkill Watch.
Dec  1 00:11:25 ubuntu systemd[1]: Stopped QEMU KVM preparation - module, ksm, hugepages.
Dec  1 00:11:25 ubuntu systemd[1]: Stopped target Graphical Interface.
Dec  1 00:11:25 ubuntu systemd[1]: Stopped target Timers.
Dec  1 00:11:25 ubuntu systemd[1]: Stopped Message of the Day.
Dec  1 00:11:25 ubuntu systemd[1]: Stopped Discard unused blocks once a week.
Dec  1 00:11:25 ubuntu systemd[1]: Stopped Daily apt upgrade and clean activities.
Dec  1 00:11:25 ubuntu systemd[1]: Stopped Daily apt download activities.
Dec  1 00:11:25 ubuntu systemd[1]: Stopping PackageKit Daemon...
Dec  1 00:11:25 ubuntu systemd[1]: Stopped Trigger anacron every hour.
Dec  1 00:11:25 ubuntu systemd[1]: Stopping Accounts Service...
Dec  1 00:11:25 ubuntu systemd[1]: Stopping Disk Manager...
Dec  1 00:11:25 ubuntu systemd[1]: Stopping Session 1 of user huawei.
Dec  1 00:11:25 ubuntu systemd[1]: Stopped target Multi-User System.
Dec  1 00:11:25 ubuntu systemd[1]: Stopping Make remote CUPS printers available locally...
Dec  1 00:13:47 ubuntu systemd[1]: Starting Flush Journal to Persistent Storage...
Dec  1 00:13:47 ubuntu kernel: [    0.000000] Booting Linux on physical CPU 0x0000080000 [0x481fd010]
Dec  1 00:13:47 ubuntu systemd[1]: Started udev Coldplug all Devices.
Dec  1 00:13:47 ubuntu mtp-probe: checking bus 5, device 3: "/sys/devices/pci0000:7a/0000:7a:02.0/usb5/5-1/5-1.2"
Dec  1 00:13:47 ubuntu kernel: [    0.000000] Linux version 5.7.1 (root@ubuntu) (gcc version 7.5.0 (Ubuntu/Linaro 7.5.0-3ubuntu1~18.04), GNU ld (GNU Binutils for Ubuntu) 2.30) #1 SMP Thu Nov 26 00:24:47 CST 2020
Dec  1 00:13:47 ubuntu systemd[1]: Started Create Static Device Nodes in /dev.
Dec  1 00:13:47 ubuntu kernel: [    0.000000] efi: EFI v2.70 by EDK II
Dec  1 00:13:47 ubuntu kernel: [    0.000000] efi:  ACPI 2.0=0x2fc50000  SMBIOS 3.0=0x2fbf0000  MEMATTR=0x35e92018  ESRT=0x36117b18  MEMRESERVE=0x2fb93018 
Dec  1 00:13:47 ubuntu kernel: [    0.000000] esrt: Reserving ESRT space from 0x0000000036117b18 to 0x0000000036117b50.
Dec  1 00:13:47 ubuntu kernel: [    0.000000] cma: Reserved 32 MiB at 0x000000007e000000
Dec  1 00:13:47 ubuntu mtp-probe: checking bus 1, device 3: "/sys/devices/pci0000:7a/0000:7a:01.0/usb1/1-1/1-1.1"
Dec  1 00:13:47 ubuntu systemd[1]: Starting udev Kernel Device Manager...
Dec  1 00:13:47 ubuntu kernel: [    0.000000] ACPI: Early table checksum verification disabled
Dec  1 00:13:47 ubuntu kernel: [    0.000000] ACPI: RSDP 0x000000002FC50000 000024 (v02 HISI  )
Dec  1 00:13:47 ubuntu mtp-probe: bus: 1, device: 3 was not an MTP device
Dec  1 00:13:47 ubuntu kernel: [    0.000000] ACPI: XSDT 0x000000002FC40000 0000A4 (v01 HISI   HIP08    00000000      01000013)
Dec  1 00:13:47 ubuntu kernel: [    0.000000] ACPI: FACP 0x000000002F790000 000114 (v06 HISI   HIP08    00000000 HISI 20151124)
Dec  1 00:13:47 ubuntu kernel: [    0.000000] ACPI: DSDT 0x000000002F530000 00C441 (v02 HISI   HIP08    00000000 INTL 20181213)
Dec  1 00:13:47 ubuntu systemd[1]: Started LVM2 metadata daemon.
Dec  1 00:13:47 ubuntu kernel: [    0.000000] ACPI: PCCT 0x000000002FC30000 00008A (v01 HISI   HIP08    00000000 HISI 20151124)
Dec  1 00:13:47 ubuntu kernel: [    0.000000] ACPI: SSDT 0x000000002FC20000 00E64A (v02 HISI   HIP07    00000000 INTL 20181213)
Dec  1 00:13:47 ubuntu kernel: [    0.000000] ACPI: BERT 0x000000002FBC0000 000030 (v01 HISI   HIP08    00000000 HISI 20151124)
Dec  1 00:13:47 ubuntu kernel: [    0.000000] ACPI: HEST 0x000000002FBA0000 00058C (v01 HISI   HIP08    00000000 HISI 20151124)
Dec  1 00:13:47 ubuntu kernel: [    0.000000] ACPI: ERST 0x000000002FB60000 000230 (v01 HISI   HIP08    00000000 HISI 20151124)
Dec  1 00:13:47 ubuntu kernel: [    0.000000] ACPI: EINJ 0x000000002FB50000 000170 (v01 HISI   HIP08    00000000 HISI 20151124)
Dec  1 00:13:47 ubuntu mtp-probe: bus: 5, device: 3 was not an MTP device
Dec  1 00:13:47 ubuntu kernel: [    0.000000] ACPI: GTDT 0x000000002F590000 00007C (v02 HISI   HIP08    00000000 HISI 20151124)
Dec  1 00:13:47 ubuntu kernel: [    0.000000] ACPI: MCFG 0x000000002F580000 00003C (v01 HISI   HIP08    00000000 HISI 20151124)
Dec  1 00:13:47 ubuntu kernel: [    0.000000] ACPI: SLIT 0x000000002F570000 00003C (v01 HISI   HIP08    00000000 HISI 20151124)
Dec  1 00:13:47 ubuntu kernel: [    0.000000] ACPI: SRAT 0x000000002F560000 0007D0 (v03 HISI   HIP08    00000000 HISI 20151124)
Dec  1 00:13:47 ubuntu systemd[1]: Started Monitoring of LVM2 mirrors, snapshots etc. using dmeventd or progress polling.
Dec  1 00:13:47 ubuntu kernel: [    0.000000] ACPI: SDEI 0x000000002F550000 000030 (v01 HISI   HIP08    00000000 HISI 20151124)
Dec  1 00:13:47 ubuntu kernel: [    0.000000] ACPI: APIC 0x000000002F540000 001E6C (v04 HISI   HIP08    00000000 HISI 20151124)
Dec  1 00:13:47 ubuntu systemd-modules-load[1502]: Inserted module 'lp'
Dec  1 00:13:47 ubuntu kernel: [    0.000000] ACPI: IORT 0x000000002F520000 001678 (v00 HISI   HIP08    00000000 INTL 20181213)
Dec  1 00:13:47 ubuntu kernel: [    0.000000] ACPI: PPTT 0x000000002ECE0000 0031B0 (v01 HISI   HIP08    00000000 HISI 20151124)
Dec  1 00:13:47 ubuntu kernel: [    0.000000] ACPI: SPMI 0x000000002ECD0000 000041 (v05 HISI   HIP08    00000000 HISI 20151124)
Dec  1 00:13:47 ubuntu kernel: [    0.000000] ACPI: SRAT: Node 0 PXM 0 [mem 0x2080000000-0x27ffffffff]
Dec  1 00:13:47 ubuntu systemd-modules-load[1502]: Inserted module 'ppdev'
Dec  1 00:13:47 ubuntu kernel: [    0.000000] ACPI: SRAT: Node 1 PXM 1 [mem 0x2800000000-0x2fffffffff]
Dec  1 00:13:47 ubuntu kernel: [    0.000000] ACPI: SRAT: Node 0 PXM 0 [mem 0x00000000-0x7fffffff]
Dec  1 00:13:47 ubuntu kernel: [    0.000000] ACPI: SRAT: Node 2 PXM 2 [mem 0x202000000000-0x2027ffffffff]
Dec  1 00:13:47 ubuntu kernel: [    0.000000] ACPI: SRAT: Node 3 PXM 3 [mem 0x202800000000-0x202fffffffff]
Dec  1 00:13:47 ubuntu systemd-modules-load[1502]: Failed to find module 'parport_pc'
Dec  1 00:13:47 ubuntu kernel: [    0.000000] NUMA: NODE_DATA [mem 0x27ffffc300-0x27ffffffff]
Dec  1 00:13:47 ubuntu kernel: [    0.000000] NUMA: NODE_DATA [mem 0x2fffffc300-0x2fffffffff]
Dec  1 00:13:47 ubuntu kernel: [    0.000000] NUMA: NODE_DATA [mem 0x2027ffffc300-0x2027ffffffff]
Dec  1 00:13:47 ubuntu kernel: [    0.000000] NUMA: NODE_DATA [mem 0x202ff0000300-0x202ff0003fff]
Dec  1 00:13:47 ubuntu kernel: [    0.000000] Zone ranges:
Dec  1 00:13:47 ubuntu systemd[1]: Activated swap /swapfile.
Dec  1 00:13:47 ubuntu kernel: [    0.000000]   DMA      [mem 0x0000000000000000-0x000000003fffffff]
Dec  1 00:13:47 ubuntu kernel: [    0.000000]   DMA32    [mem 0x0000000040000000-0x00000000ffffffff]
Dec  1 00:13:47 ubuntu kernel: [    0.000000]   Normal   [mem 0x0000000100000000-0x0000202fffffffff]
Dec  1 00:13:47 ubuntu systemd-fsck[1966]: fsck.fat 4.1 (2017-01-24)
Dec  1 00:13:47 ubuntu systemd-fsck[1966]: /dev/sda1: 5 files, 35/65501 clusters
Dec  1 00:13:47 ubuntu kernel: [    0.000000] Movable zone start for each node
Dec  1 00:13:47 ubuntu kernel: [    0.000000] Early memory node ranges
Dec  1 00:13:47 ubuntu kernel: [    0.000000]   node   0: [mem 0x0000000000000000-0x000000000000ffff]
Dec  1 00:13:47 ubuntu kernel: [    0.000000]   node   0: [mem 0x0000000000010000-0x000000002e4f2fff]
Dec  1 00:13:47 ubuntu kernel: [    0.000000]   node   0: [mem 0x000000002e4f3000-0x000000002eccffff]
Dec  1 00:13:47 ubuntu kernel: [    0.000000]   node   0: [mem 0x000000002ecd0000-0x000000002f59ffff]
Dec  1 00:13:47 ubuntu kernel: [    0.000000]   node   0: [mem 0x000000002f5a0000-0x000000002f78ffff]
Dec  1 00:13:47 ubuntu kernel: [    0.000000]   node   0: [mem 0x000000002f790000-0x000000002f79ffff]
Dec  1 00:13:47 ubuntu kernel: [    0.000000]   node   0: [mem 0x000000002f7a0000-0x000000002f87ffff]
Dec  1 00:13:47 ubuntu systemd[1]: Reached target Swap.
Dec  1 00:13:47 ubuntu kernel: [    0.000000]   node   0: [mem 0x000000002f880000-0x000000002f8bffff]
Dec  1 00:13:47 ubuntu kernel: [    0.000000]   node   0: [mem 0x000000002f8c0000-0x000000002f95ffff]
Dec  1 00:13:47 ubuntu kernel: [    0.000000]   node   0: [mem 0x000000002f960000-0x000000002f97ffff]
Dec  1 00:13:47 ubuntu kernel: [    0.000000]   node   0: [mem 0x000000002f980000-0x000000002fabffff]
Dec  1 00:13:47 ubuntu kernel: [    0.000000]   node   0: [mem 0x000000002fac0000-0x000000002fb6ffff]
Dec  1 00:13:47 ubuntu kernel: [    0.000000]   node   0: [mem 0x000000002fb70000-0x000000002fb71fff]
Dec  1 00:13:47 ubuntu kernel: [    0.000000]   node   0: [mem 0x000000002fb72000-0x000000002fb7ffff]
Dec  1 00:13:47 ubuntu kernel: [    0.000000]   node   0: [mem 0x000000002fb80000-0x000000002fb80fff]
Dec  1 00:13:47 ubuntu kernel: [    0.000000]   node   0: [mem 0x000000002fb81000-0x000000002fb8ffff]
Dec  1 00:13:47 ubuntu kernel: [    0.000000]   node   0: [mem 0x000000002fb90000-0x000000002fb91fff]
Dec  1 00:13:47 ubuntu kernel: [    0.000000]   node   0: [mem 0x000000002fb92000-0x000000002fbaffff]
Dec  1 00:13:47 ubuntu kernel: [    0.000000]   node   0: [mem 0x000000002fbb0000-0x000000002fbb1fff]
Dec  1 00:13:47 ubuntu kernel: [    0.000000]   node   0: [mem 0x000000002fbb2000-0x000000002fbcffff]
Dec  1 00:13:47 ubuntu kernel: [    0.000000]   node   0: [mem 0x000000002fbd0000-0x000000002fbd0fff]
Dec  1 00:13:47 ubuntu kernel: [    0.000000]   node   0: [mem 0x000000002fbd1000-0x000000002fbdffff]
Dec  1 00:13:47 ubuntu kernel: [    0.000000]   node   0: [mem 0x000000002fbe0000-0x000000002fbfffff]
Dec  1 00:13:47 ubuntu kernel: [    0.000000]   node   0: [mem 0x000000002fc00000-0x000000002fc5ffff]
Dec  1 00:13:47 ubuntu kernel: [    0.000000]   node   0: [mem 0x000000002fc60000-0x000000002fe5ffff]
Dec  1 00:13:47 ubuntu kernel: [    0.000000]   node   0: [mem 0x000000002fe60000-0x000000002fe60fff]
Dec  1 00:13:47 ubuntu kernel: [    0.000000]   node   0: [mem 0x000000002fe61000-0x000000002fe64fff]
Dec  1 00:13:47 ubuntu kernel: [    0.000000]   node   0: [mem 0x000000002fe65000-0x000000002fe6afff]
Dec  1 00:13:47 ubuntu systemd[1]: Started Set the console keyboard layout.
Dec  1 00:13:47 ubuntu kernel: [    0.000000]   node   0: [mem 0x000000002fe6b000-0x000000002fe6bfff]
Dec  1 00:13:47 ubuntu kernel: [    0.000000]   node   0: [mem 0x000000002fe6c000-0x000000003f02ffff]
Dec  1 00:13:47 ubuntu kernel: [    0.000000]   node   0: [mem 0x000000003f030000-0x000000003f05ffff]
Dec  1 00:13:47 ubuntu kernel: [    0.000000]   node   0: [mem 0x000000003f060000-0x000000003fbfffff]
Dec  1 00:13:47 ubuntu systemd[1]: Reached target Local File Systems (Pre).
Dec  1 00:13:47 ubuntu kernel: [    0.000000]   node   0: [mem 0x0000000040000000-0x0000000043ffffff]
Dec  1 00:13:47 ubuntu kernel: [    0.000000]   node   0: [mem 0x0000000044030000-0x000000004fffffff]
Dec  1 00:13:47 ubuntu systemd-modules-load[1502]: Inserted module 'iscsi_tcp'
Dec  1 00:13:47 ubuntu kernel: [    0.000000]   node   0: [mem 0x0000000050000000-0x000000007fffffff]
Dec  1 00:13:47 ubuntu kernel: [    0.000000]   node   0: [mem 0x0000002080000000-0x00000027ffffffff]
Dec  1 00:13:47 ubuntu kernel: [    0.000000]   node   1: [mem 0x0000002800000000-0x0000002fffffffff]
Dec  1 00:13:47 ubuntu systemd-modules-load[1502]: Inserted module 'ib_iser'
Dec  1 00:13:47 ubuntu kernel: [    0.000000]   node   2: [mem 0x0000202000000000-0x00002027ffffffff]
Dec  1 00:13:47 ubuntu kernel: [    0.000000]   node   3: [mem 0x0000202800000000-0x0000202fffffffff]
Dec  1 00:13:47 ubuntu kernel: [    0.000000] Zeroed struct page in unavailable ranges: 829 pages
Dec  1 00:13:47 ubuntu kernel: [    0.000000] Initmem setup node 0 [mem 0x0000000000000000-0x00000027ffffffff]
Dec  1 00:13:47 ubuntu kernel: [    0.000000] On node 0 totalpages: 8387536
Dec  1 00:13:47 ubuntu systemd[1]: systemd-modules-load.service: Main process exited, code=exited, status=1/FAILURE
Dec  1 00:13:47 ubuntu kernel: [    0.000000]   DMA zone: 5120 pages used for memmap
Dec  1 00:13:47 ubuntu kernel: [    0.000000]   DMA zone: 0 pages reserved
Dec  1 00:13:47 ubuntu kernel: [    0.000000]   DMA zone: 261120 pages, LIFO batch:63
Dec  1 00:13:47 ubuntu apparmor[2010]:  * Starting AppArmor profiles
Dec  1 00:13:47 ubuntu kernel: [    0.000000]   DMA32 zone: 5120 pages used for memmap
Dec  1 00:13:47 ubuntu kernel: [    0.000000]   DMA32 zone: 262096 pages, LIFO batch:63
Dec  1 00:13:47 ubuntu systemd[1]: systemd-modules-load.service: Failed with result 'exit-code'.
Dec  1 00:13:47 ubuntu kernel: [    0.000000]   Normal zone: 153600 pages used for memmap
Dec  1 00:13:47 ubuntu kernel: [    0.000000]   Normal zone: 7864320 pages, LIFO batch:63
Dec  1 00:13:47 ubuntu kernel: [    0.000000] Initmem setup node 1 [mem 0x0000002800000000-0x0000002fffffffff]
Dec  1 00:13:47 ubuntu kernel: [    0.000000] On node 1 totalpages: 8388608
Dec  1 00:13:47 ubuntu apparmor[2010]: Skipping profile in /etc/apparmor.d/disable: usr.bin.firefox
Dec  1 00:13:47 ubuntu kernel: [    0.000000]   Normal zone: 163840 pages used for memmap
Dec  1 00:13:47 ubuntu kernel: [    0.000000]   Normal zone: 8388608 pages, LIFO batch:63
Dec  1 00:13:47 ubuntu kernel: [    0.000000] Initmem setup node 2 [mem 0x0000202000000000-0x00002027ffffffff]
Dec  1 00:13:47 ubuntu kernel: [    0.000000] On node 2 totalpages: 8388608
Dec  1 00:13:47 ubuntu systemd[1]: Failed to start Load Kernel Modules.
Dec  1 00:13:47 ubuntu kernel: [    0.000000]   Normal zone: 163840 pages used for memmap
Dec  1 00:13:47 ubuntu kernel: [    0.000000]   Normal zone: 8388608 pages, LIFO batch:63
Dec  1 00:13:47 ubuntu kernel: [    0.000000] Initmem setup node 3 [mem 0x0000202800000000-0x0000202fffffffff]
Dec  1 00:13:47 ubuntu kernel: [    0.000000] On node 3 totalpages: 8388608
Dec  1 00:13:47 ubuntu kernel: [    0.000000]   Normal zone: 163840 pages used for memmap
Dec  1 00:13:47 ubuntu kernel: [    0.000000]   Normal zone: 8388608 pages, LIFO batch:63
Dec  1 00:13:47 ubuntu apparmor[2010]: Skipping profile in /etc/apparmor.d/disable: usr.sbin.rsyslogd
Dec  1 00:13:47 ubuntu kernel: [    0.000000] psci: probing for conduit method from ACPI.
Dec  1 00:13:47 ubuntu kernel: [    0.000000] psci: PSCIv1.1 detected in firmware.
Dec  1 00:13:47 ubuntu kernel: [    0.000000] psci: Using standard PSCI v0.2 function IDs
Dec  1 00:13:47 ubuntu kernel: [    0.000000] psci: MIGRATE_INFO_TYPE not supported.
Dec  1 00:13:47 ubuntu systemd[1]: Starting Apply Kernel Variables...
Dec  1 00:13:47 ubuntu kernel: [    0.000000] psci: SMC Calling Convention v1.1
Dec  1 00:13:47 ubuntu apparmor[2010]:    ...done.
Dec  1 00:13:47 ubuntu systemd[1]: Mounting FUSE Control File System...
Dec  1 00:13:47 ubuntu systemd[1]: Mounting Kernel Configuration File System...
Dec  1 00:13:47 ubuntu systemd[1]: Mounted FUSE Control File System.
Dec  1 00:13:47 ubuntu systemd[1]: Mounted Kernel Configuration File System.
Dec  1 00:13:47 ubuntu systemd[1]: Started Apply Kernel Variables.
Dec  1 00:13:47 ubuntu snapd-apparmor[2196]: find: â€˜/var/lib/snapd/apparmor/profiles/â€™: No such file or directory
Dec  1 00:13:47 ubuntu systemd[1]: Started udev Kernel Device Manager.
Dec  1 00:13:47 ubuntu systemd[1]: Started Dispatch Password Requests to Console Directory Watch.
Dec  1 00:13:47 ubuntu systemd[1]: Reached target Local Encrypted Volumes.
Dec  1 00:13:47 ubuntu systemd-udevd[1647]: link_config: autonegotiation is unset or enabled, the speed and duplex are not writable.
Dec  1 00:13:47 ubuntu kernel: [    0.000000] ACPI: NUMA: SRAT: PXM 0 -> MPIDR 0x80000 -> Node 0
Dec  1 00:13:47 ubuntu kernel: [    0.000000] ACPI: NUMA: SRAT: PXM 0 -> MPIDR 0x80100 -> Node 0
Dec  1 00:13:47 ubuntu kernel: [    0.000000] ACPI: NUMA: SRAT: PXM 0 -> MPIDR 0x80200 -> Node 0
Dec  1 00:13:47 ubuntu kernel: [    0.000000] ACPI: NUMA: SRAT: PXM 0 -> MPIDR 0x80300 -> Node 0
Dec  1 00:13:47 ubuntu systemd-udevd[1581]: link_config: autonegotiation is unset or enabled, the speed and duplex are not writable.
Dec  1 00:13:47 ubuntu kernel: [    0.000000] ACPI: NUMA: SRAT: PXM 0 -> MPIDR 0x90000 -> Node 0
Dec  1 00:13:47 ubuntu kernel: [    0.000000] ACPI: NUMA: SRAT: PXM 0 -> MPIDR 0x90100 -> Node 0
Dec  1 00:13:47 ubuntu kernel: [    0.000000] ACPI: NUMA: SRAT: PXM 0 -> MPIDR 0x90200 -> Node 0
Dec  1 00:13:47 ubuntu kernel: [    0.000000] ACPI: NUMA: SRAT: PXM 0 -> MPIDR 0x90300 -> Node 0
Dec  1 00:13:47 ubuntu kernel: [    0.000000] ACPI: NUMA: SRAT: PXM 0 -> MPIDR 0xa0000 -> Node 0
Dec  1 00:13:47 ubuntu systemd-udevd[1668]: link_config: autonegotiation is unset or enabled, the speed and duplex are not writable.
Dec  1 00:13:47 ubuntu kernel: [    0.000000] ACPI: NUMA: SRAT: PXM 0 -> MPIDR 0xa0100 -> Node 0
Dec  1 00:13:47 ubuntu kernel: [    0.000000] ACPI: NUMA: SRAT: PXM 0 -> MPIDR 0xa0200 -> Node 0
Dec  1 00:13:47 ubuntu kernel: [    0.000000] ACPI: NUMA: SRAT: PXM 0 -> MPIDR 0xa0300 -> Node 0
Dec  1 00:13:47 ubuntu kernel: [    0.000000] ACPI: NUMA: SRAT: PXM 0 -> MPIDR 0xb0000 -> Node 0
Dec  1 00:13:47 ubuntu kernel: [    0.000000] ACPI: NUMA: SRAT: PXM 0 -> MPIDR 0xb0100 -> Node 0
Dec  1 00:13:47 ubuntu kernel: [    0.000000] ACPI: NUMA: SRAT: PXM 0 -> MPIDR 0xb0200 -> Node 0
Dec  1 00:13:47 ubuntu systemd-udevd[1706]: link_config: autonegotiation is unset or enabled, the speed and duplex are not writable.
Dec  1 00:13:47 ubuntu kernel: [    0.000000] ACPI: NUMA: SRAT: PXM 0 -> MPIDR 0xb0300 -> Node 0
Dec  1 00:13:47 ubuntu kernel: [    0.000000] ACPI: NUMA: SRAT: PXM 0 -> MPIDR 0xc0000 -> Node 0
Dec  1 00:13:47 ubuntu kernel: [    0.000000] ACPI: NUMA: SRAT: PXM 0 -> MPIDR 0xc0100 -> Node 0
Dec  1 00:13:47 ubuntu kernel: [    0.000000] ACPI: NUMA: SRAT: PXM 0 -> MPIDR 0xc0200 -> Node 0
Dec  1 00:13:47 ubuntu kernel: [    0.000000] ACPI: NUMA: SRAT: PXM 0 -> MPIDR 0xc0300 -> Node 0
Dec  1 00:13:47 ubuntu systemd-udevd[1652]: link_config: autonegotiation is unset or enabled, the speed and duplex are not writable.
Dec  1 00:13:47 ubuntu kernel: [    0.000000] ACPI: NUMA: SRAT: PXM 0 -> MPIDR 0xd0000 -> Node 0
Dec  1 00:13:47 ubuntu kernel: [    0.000000] ACPI: NUMA: SRAT: PXM 0 -> MPIDR 0xd0100 -> Node 0
Dec  1 00:13:47 ubuntu kernel: [    0.000000] ACPI: NUMA: SRAT: PXM 0 -> MPIDR 0xd0200 -> Node 0
Dec  1 00:13:47 ubuntu kernel: [    0.000000] ACPI: NUMA: SRAT: PXM 0 -> MPIDR 0xd0300 -> Node 0
Dec  1 00:13:47 ubuntu kernel: [    0.000000] ACPI: NUMA: SRAT: PXM 1 -> MPIDR 0x180000 -> Node 1
Dec  1 00:13:47 ubuntu systemd[1]: Listening on Load/Save RF Kill Switch Status /dev/rfkill Watch.
Dec  1 00:13:47 ubuntu kernel: [    0.000000] ACPI: NUMA: SRAT: PXM 1 -> MPIDR 0x180100 -> Node 1
Dec  1 00:13:47 ubuntu kernel: [    0.000000] ACPI: NUMA: SRAT: PXM 1 -> MPIDR 0x180200 -> Node 1
Dec  1 00:13:47 ubuntu kernel: [    0.000000] ACPI: NUMA: SRAT: PXM 1 -> MPIDR 0x180300 -> Node 1
Dec  1 00:13:47 ubuntu kernel: [    0.000000] ACPI: NUMA: SRAT: PXM 1 -> MPIDR 0x190000 -> Node 1
Dec  1 00:13:47 ubuntu systemd[1]: Found device HW-SAS3508 EFI\x20System\x20Partition.
Dec  1 00:13:47 ubuntu systemd[1]: Starting File System Check on /dev/disk/by-uuid/71BE-99A8...
Dec  1 00:13:47 ubuntu kernel: [    0.000000] ACPI: NUMA: SRAT: PXM 1 -> MPIDR 0x190100 -> Node 1
Dec  1 00:13:47 ubuntu kernel: [    0.000000] ACPI: NUMA: SRAT: PXM 1 -> MPIDR 0x190200 -> Node 1
Dec  1 00:13:47 ubuntu kernel: [    0.000000] ACPI: NUMA: SRAT: PXM 1 -> MPIDR 0x190300 -> Node 1
Dec  1 00:13:47 ubuntu kernel: [    0.000000] ACPI: NUMA: SRAT: PXM 1 -> MPIDR 0x1a0000 -> Node 1
Dec  1 00:13:47 ubuntu systemd[1]: Started File System Check Daemon to report status.
Dec  1 00:13:47 ubuntu kernel: [    0.000000] ACPI: NUMA: SRAT: PXM 1 -> MPIDR 0x1a0100 -> Node 1
Dec  1 00:13:47 ubuntu kernel: [    0.000000] ACPI: NUMA: SRAT: PXM 1 -> MPIDR 0x1a0200 -> Node 1
Dec  1 00:13:47 ubuntu kernel: [    0.000000] ACPI: NUMA: SRAT: PXM 1 -> MPIDR 0x1a0300 -> Node 1
Dec  1 00:13:47 ubuntu systemd[1]: Started File System Check on /dev/disk/by-uuid/71BE-99A8.
Dec  1 00:13:47 ubuntu kernel: [    0.000000] ACPI: NUMA: SRAT: PXM 1 -> MPIDR 0x1b0000 -> Node 1
Dec  1 00:13:47 ubuntu kernel: [    0.000000] ACPI: NUMA: SRAT: PXM 1 -> MPIDR 0x1b0100 -> Node 1
Dec  1 00:13:47 ubuntu kernel: [    0.000000] ACPI: NUMA: SRAT: PXM 1 -> MPIDR 0x1b0200 -> Node 1
Dec  1 00:13:47 ubuntu kernel: [    0.000000] ACPI: NUMA: SRAT: PXM 1 -> MPIDR 0x1b0300 -> Node 1
Dec  1 00:13:47 ubuntu systemd[1]: Mounting /boot/efi...
Dec  1 00:13:47 ubuntu systemd[1]: Mounted /boot/efi.
Dec  1 00:13:47 ubuntu kernel: [    0.000000] ACPI: NUMA: SRAT: PXM 1 -> MPIDR 0x1c0000 -> Node 1
Dec  1 00:13:47 ubuntu kernel: [    0.000000] ACPI: NUMA: SRAT: PXM 1 -> MPIDR 0x1c0100 -> Node 1
Dec  1 00:13:47 ubuntu systemd[1]: Reached target Local File Systems.
Dec  1 00:13:47 ubuntu kernel: [    0.000000] ACPI: NUMA: SRAT: PXM 1 -> MPIDR 0x1c0200 -> Node 1
Dec  1 00:13:47 ubuntu kernel: [    0.000000] ACPI: NUMA: SRAT: PXM 1 -> MPIDR 0x1c0300 -> Node 1
Dec  1 00:13:47 ubuntu kernel: [    0.000000] ACPI: NUMA: SRAT: PXM 1 -> MPIDR 0x1d0000 -> Node 1
Dec  1 00:13:47 ubuntu kernel: [    0.000000] ACPI: NUMA: SRAT: PXM 1 -> MPIDR 0x1d0100 -> Node 1
Dec  1 00:13:47 ubuntu kernel: [    0.000000] ACPI: NUMA: SRAT: PXM 1 -> MPIDR 0x1d0200 -> Node 1
Dec  1 00:13:47 ubuntu systemd[1]: Starting Tell Plymouth To Write Out Runtime Data...
Dec  1 00:13:47 ubuntu systemd[1]: Starting Clean up any mess left by 0dns-up...
Dec  1 00:13:47 ubuntu kernel: [    0.000000] ACPI: NUMA: SRAT: PXM 1 -> MPIDR 0x1d0300 -> Node 1
Dec  1 00:13:47 ubuntu systemd[1]: Starting Set console font and keymap...
Dec  1 00:13:47 ubuntu kernel: [    0.000000] ACPI: NUMA: SRAT: PXM 2 -> MPIDR 0x280000 -> Node 2
Dec  1 00:13:47 ubuntu kernel: [    0.000000] ACPI: NUMA: SRAT: PXM 2 -> MPIDR 0x280100 -> Node 2
Dec  1 00:13:47 ubuntu kernel: [    0.000000] ACPI: NUMA: SRAT: PXM 2 -> MPIDR 0x280200 -> Node 2
Dec  1 00:13:47 ubuntu kernel: [    0.000000] ACPI: NUMA: SRAT: PXM 2 -> MPIDR 0x280300 -> Node 2
Dec  1 00:13:47 ubuntu systemd[1]: Starting Enable support for additional executable binary formats...
Dec  1 00:13:47 ubuntu kernel: [    0.000000] ACPI: NUMA: SRAT: PXM 2 -> MPIDR 0x290000 -> Node 2
Dec  1 00:13:47 ubuntu kernel: [    0.000000] ACPI: NUMA: SRAT: PXM 2 -> MPIDR 0x290100 -> Node 2
Dec  1 00:13:47 ubuntu kernel: [    0.000000] ACPI: NUMA: SRAT: PXM 2 -> MPIDR 0x290200 -> Node 2
Dec  1 00:13:47 ubuntu systemd[1]: Starting AppArmor initialization...
Dec  1 00:13:47 ubuntu kernel: [    0.000000] ACPI: NUMA: SRAT: PXM 2 -> MPIDR 0x290300 -> Node 2
Dec  1 00:13:47 ubuntu kernel: [    0.000000] ACPI: NUMA: SRAT: PXM 2 -> MPIDR 0x2a0000 -> Node 2
Dec  1 00:13:47 ubuntu kernel: [    0.000000] ACPI: NUMA: SRAT: PXM 2 -> MPIDR 0x2a0100 -> Node 2
Dec  1 00:13:47 ubuntu kernel: [    0.000000] ACPI: NUMA: SRAT: PXM 2 -> MPIDR 0x2a0200 -> Node 2
Dec  1 00:13:47 ubuntu kernel: [    0.000000] ACPI: NUMA: SRAT: PXM 2 -> MPIDR 0x2a0300 -> Node 2
Dec  1 00:13:47 ubuntu systemd[1]: Starting ebtables ruleset management...
Dec  1 00:13:47 ubuntu kernel: [    0.000000] ACPI: NUMA: SRAT: PXM 2 -> MPIDR 0x2b0000 -> Node 2
Dec  1 00:13:47 ubuntu kernel: [    0.000000] ACPI: NUMA: SRAT: PXM 2 -> MPIDR 0x2b0100 -> Node 2
Dec  1 00:13:47 ubuntu kernel: [    0.000000] ACPI: NUMA: SRAT: PXM 2 -> MPIDR 0x2b0200 -> Node 2
Dec  1 00:13:47 ubuntu kernel: [    0.000000] ACPI: NUMA: SRAT: PXM 2 -> MPIDR 0x2b0300 -> Node 2
Dec  1 00:13:47 ubuntu systemd[1]: Starting QEMU KVM preparation - module, ksm, hugepages...
Dec  1 00:13:47 ubuntu kernel: [    0.000000] ACPI: NUMA: SRAT: PXM 2 -> MPIDR 0x2c0000 -> Node 2
Dec  1 00:13:47 ubuntu kernel: [    0.000000] ACPI: NUMA: SRAT: PXM 2 -> MPIDR 0x2c0100 -> Node 2
Dec  1 00:13:47 ubuntu kernel: [    0.000000] ACPI: NUMA: SRAT: PXM 2 -> MPIDR 0x2c0200 -> Node 2
Dec  1 00:13:47 ubuntu kernel: [    0.000000] ACPI: NUMA: SRAT: PXM 2 -> MPIDR 0x2c0300 -> Node 2
Dec  1 00:13:47 ubuntu systemd[1]: Started QEMU KVM preparation - module, ksm, hugepages.
Dec  1 00:13:47 ubuntu kernel: [    0.000000] ACPI: NUMA: SRAT: PXM 2 -> MPIDR 0x2d0000 -> Node 2
Dec  1 00:13:47 ubuntu kernel: [    0.000000] ACPI: NUMA: SRAT: PXM 2 -> MPIDR 0x2d0100 -> Node 2
Dec  1 00:13:47 ubuntu kernel: [    0.000000] ACPI: NUMA: SRAT: PXM 2 -> MPIDR 0x2d0200 -> Node 2
Dec  1 00:13:47 ubuntu kernel: [    0.000000] ACPI: NUMA: SRAT: PXM 2 -> MPIDR 0x2d0300 -> Node 2
Dec  1 00:13:47 ubuntu kernel: [    0.000000] ACPI: NUMA: SRAT: PXM 3 -> MPIDR 0x380000 -> Node 3
Dec  1 00:13:47 ubuntu systemd[1]: Started Set console font and keymap.
Dec  1 00:13:47 ubuntu kernel: [    0.000000] ACPI: NUMA: SRAT: PXM 3 -> MPIDR 0x380100 -> Node 3
Dec  1 00:13:47 ubuntu kernel: [    0.000000] ACPI: NUMA: SRAT: PXM 3 -> MPIDR 0x380200 -> Node 3
Dec  1 00:13:47 ubuntu kernel: [    0.000000] ACPI: NUMA: SRAT: PXM 3 -> MPIDR 0x380300 -> Node 3
Dec  1 00:13:47 ubuntu kernel: [    0.000000] ACPI: NUMA: SRAT: PXM 3 -> MPIDR 0x390000 -> Node 3
Dec  1 00:13:47 ubuntu kernel: [    0.000000] ACPI: NUMA: SRAT: PXM 3 -> MPIDR 0x390100 -> Node 3
Dec  1 00:13:47 ubuntu kernel: [    0.000000] ACPI: NUMA: SRAT: PXM 3 -> MPIDR 0x390200 -> Node 3
Dec  1 00:13:47 ubuntu kernel: [    0.000000] ACPI: NUMA: SRAT: PXM 3 -> MPIDR 0x390300 -> Node 3
Dec  1 00:13:47 ubuntu kernel: [    0.000000] ACPI: NUMA: SRAT: PXM 3 -> MPIDR 0x3a0000 -> Node 3
Dec  1 00:13:47 ubuntu systemd[1]: Started ebtables ruleset management.
Dec  1 00:13:47 ubuntu kernel: [    0.000000] ACPI: NUMA: SRAT: PXM 3 -> MPIDR 0x3a0100 -> Node 3
Dec  1 00:13:47 ubuntu kernel: [    0.000000] ACPI: NUMA: SRAT: PXM 3 -> MPIDR 0x3a0200 -> Node 3
Dec  1 00:13:47 ubuntu kernel: [    0.000000] ACPI: NUMA: SRAT: PXM 3 -> MPIDR 0x3a0300 -> Node 3
Dec  1 00:13:47 ubuntu kernel: [    0.000000] ACPI: NUMA: SRAT: PXM 3 -> MPIDR 0x3b0000 -> Node 3
Dec  1 00:13:47 ubuntu kernel: [    0.000000] ACPI: NUMA: SRAT: PXM 3 -> MPIDR 0x3b0100 -> Node 3
Dec  1 00:13:47 ubuntu kernel: [    0.000000] ACPI: NUMA: SRAT: PXM 3 -> MPIDR 0x3b0200 -> Node 3
Dec  1 00:13:47 ubuntu kernel: [    0.000000] ACPI: NUMA: SRAT: PXM 3 -> MPIDR 0x3b0300 -> Node 3
Dec  1 00:13:47 ubuntu systemd[1]: Reached target Network (Pre).
Dec  1 00:13:47 ubuntu kernel: [    0.000000] ACPI: NUMA: SRAT: PXM 3 -> MPIDR 0x3c0000 -> Node 3
Dec  1 00:13:47 ubuntu kernel: [    0.000000] ACPI: NUMA: SRAT: PXM 3 -> MPIDR 0x3c0100 -> Node 3
Dec  1 00:13:47 ubuntu kernel: [    0.000000] ACPI: NUMA: SRAT: PXM 3 -> MPIDR 0x3c0200 -> Node 3
Dec  1 00:13:47 ubuntu kernel: [    0.000000] ACPI: NUMA: SRAT: PXM 3 -> MPIDR 0x3c0300 -> Node 3
Dec  1 00:13:47 ubuntu systemd[1]: Started Tell Plymouth To Write Out Runtime Data.
Dec  1 00:13:47 ubuntu kernel: [    0.000000] ACPI: NUMA: SRAT: PXM 3 -> MPIDR 0x3d0000 -> Node 3
Dec  1 00:13:47 ubuntu kernel: [    0.000000] ACPI: NUMA: SRAT: PXM 3 -> MPIDR 0x3d0100 -> Node 3
Dec  1 00:13:47 ubuntu systemd[1]: Started Clean up any mess left by 0dns-up.
Dec  1 00:13:47 ubuntu kernel: [    0.000000] ACPI: NUMA: SRAT: PXM 3 -> MPIDR 0x3d0200 -> Node 3
Dec  1 00:13:47 ubuntu kernel: [    0.000000] ACPI: NUMA: SRAT: PXM 3 -> MPIDR 0x3d0300 -> Node 3
Dec  1 00:13:47 ubuntu kernel: [    0.000000] percpu: Embedded 33 pages/cpu s94616 r8192 d32360 u135168
Dec  1 00:13:47 ubuntu systemd[1]: Starting Network Service...
Dec  1 00:13:47 ubuntu kernel: [    0.000000] pcpu-alloc: s94616 r8192 d32360 u135168 alloc=33*4096
Dec  1 00:13:47 ubuntu kernel: [    0.000000] pcpu-alloc: [0] 00 [0] 01 [0] 02 [0] 03 [0] 04 [0] 05 [0] 06 [0] 07 
Dec  1 00:13:47 ubuntu kernel: [    0.000000] pcpu-alloc: [0] 08 [0] 09 [0] 10 [0] 11 [0] 12 [0] 13 [0] 14 [0] 15 
Dec  1 00:13:47 ubuntu kernel: [    0.000000] pcpu-alloc: [0] 16 [0] 17 [0] 18 [0] 19 [0] 20 [0] 21 [0] 22 [0] 23 
Dec  1 00:13:47 ubuntu systemd[1]: proc-sys-fs-binfmt_misc.automount: Got automount request for /proc/sys/fs/binfmt_misc, triggered by 2008 (update-binfmts)
Dec  1 00:13:47 ubuntu kernel: [    0.000000] pcpu-alloc: [1] 24 [1] 25 [1] 26 [1] 27 [1] 28 [1] 29 [1] 30 [1] 31 
Dec  1 00:13:47 ubuntu kernel: [    0.000000] pcpu-alloc: [1] 32 [1] 33 [1] 34 [1] 35 [1] 36 [1] 37 [1] 38 [1] 39 
Dec  1 00:13:47 ubuntu kernel: [    0.000000] pcpu-alloc: [1] 40 [1] 41 [1] 42 [1] 43 [1] 44 [1] 45 [1] 46 [1] 47 
Dec  1 00:13:47 ubuntu kernel: [    0.000000] pcpu-alloc: [2] 48 [2] 49 [2] 50 [2] 51 [2] 52 [2] 53 [2] 54 [2] 55 
Dec  1 00:13:47 ubuntu kernel: [    0.000000] pcpu-alloc: [2] 56 [2] 57 [2] 58 [2] 59 [2] 60 [2] 61 [2] 62 [2] 63 
Dec  1 00:13:47 ubuntu kernel: [    0.000000] pcpu-alloc: [2] 64 [2] 65 [2] 66 [2] 67 [2] 68 [2] 69 [2] 70 [2] 71 
Dec  1 00:13:47 ubuntu systemd[1]: Mounting Arbitrary Executable File Formats File System...
Dec  1 00:13:47 ubuntu kernel: [    0.000000] pcpu-alloc: [3] 72 [3] 73 [3] 74 [3] 75 [3] 76 [3] 77 [3] 78 [3] 79 
Dec  1 00:13:47 ubuntu kernel: [    0.000000] pcpu-alloc: [3] 80 [3] 81 [3] 82 [3] 83 [3] 84 [3] 85 [3] 86 [3] 87 
Dec  1 00:13:47 ubuntu kernel: [    0.000000] pcpu-alloc: [3] 88 [3] 89 [3] 90 [3] 91 [3] 92 [3] 93 [3] 94 [3] 95 
Dec  1 00:13:47 ubuntu kernel: [    0.000000] Detected VIPT I-cache on CPU0
Dec  1 00:13:47 ubuntu systemd[1]: Mounted Arbitrary Executable File Formats File System.
Dec  1 00:13:47 ubuntu kernel: [    0.000000] CPU features: detected: GIC system register CPU interface
Dec  1 00:13:47 ubuntu kernel: [    0.000000] CPU features: detected: Virtualization Host Extensions
Dec  1 00:13:47 ubuntu systemd[1]: Started Enable support for additional executable binary formats.
Dec  1 00:13:47 ubuntu systemd[1]: Started AppArmor initialization.
Dec  1 00:13:47 ubuntu systemd[1]: Starting Raise network interfaces...
Dec  1 00:13:47 ubuntu systemd[1]: Starting Load AppArmor profiles managed internally by snapd...
Dec  1 00:13:47 ubuntu systemd[1]: Started Load AppArmor profiles managed internally by snapd.
Dec  1 00:13:47 ubuntu systemd[1]: Started Raise network interfaces.
Dec  1 00:13:47 ubuntu systemd-udevd[2301]: link_config: autonegotiation is unset or enabled, the speed and duplex are not writable.
Dec  1 00:13:47 ubuntu systemd-networkd[2169]: br0: netdev ready
Dec  1 00:13:47 ubuntu systemd-networkd[2169]: Enumeration completed
Dec  1 00:13:47 ubuntu systemd[1]: Started Network Service.
Dec  1 00:13:47 ubuntu systemd-networkd[2169]: br0: IPv6 successfully enabled
Dec  1 00:13:47 ubuntu kernel: [    0.000000] CPU features: detected: Hardware dirty bit management
Dec  1 00:13:47 ubuntu kernel: [    0.000000] alternatives: patching kernel code
Dec  1 00:13:47 ubuntu systemd-networkd[2169]: enp125s0f3: Link is not managed by us
Dec  1 00:13:47 ubuntu kernel: [    0.000000] Built 4 zonelists, mobility grouping on.  Total pages: 32898000
Dec  1 00:13:47 ubuntu kernel: [    0.000000] Policy zone: Normal
Dec  1 00:13:47 ubuntu kernel: [    0.000000] Kernel command line: BOOT_IMAGE=/boot/vmlinuz-5.7.1 root=UUID=87f15ea3-75f7-4c9d-add6-30cc3fc19001 ro text
Dec  1 00:13:47 ubuntu systemd-networkd[2169]: enp125s0f1: Link is not managed by us
Dec  1 00:13:47 ubuntu systemd-networkd[2169]: enp125s0f0: Link is not managed by us
Dec  1 00:13:47 ubuntu systemd-networkd[2169]: enp125s0f2: Link is not managed by us
Dec  1 00:13:47 ubuntu kernel: [    0.000000] printk: log_buf_len individual max cpu contribution: 4096 bytes
Dec  1 00:13:47 ubuntu systemd-networkd[2169]: lo: Link is not managed by us
Dec  1 00:13:47 ubuntu kernel: [    0.000000] printk: log_buf_len total cpu_extra contributions: 389120 bytes
Dec  1 00:13:47 ubuntu kernel: [    0.000000] printk: log_buf_len min size: 262144 bytes
Dec  1 00:13:47 ubuntu kernel: [    0.000000] printk: log_buf_len: 1048576 bytes
Dec  1 00:13:47 ubuntu systemd-networkd[2169]: enp125s0f1: IPv6 successfully enabled
Dec  1 00:13:47 ubuntu kernel: [    0.000000] printk: early log buf free: 245792(93%)
Dec  1 00:13:47 ubuntu kernel: [    0.000000] mem auto-init: stack:off, heap alloc:on, heap free:off
Dec  1 00:13:47 ubuntu kernel: [    0.000000] software IO TLB: mapped [mem 0x3b030000-0x3f030000] (64MB)
Dec  1 00:13:47 ubuntu kernel: [    0.000000] Memory: 130841748K/134213440K available (14204K kernel code, 2354K rwdata, 6868K rodata, 7040K init, 1132K bss, 3338924K reserved, 32768K cma-reserved)
Dec  1 00:13:47 ubuntu systemd-networkd[2169]: enp125s0f3: Link is not managed by us
Dec  1 00:13:47 ubuntu kernel: [    0.000000] random: get_random_u64 called from __kmem_cache_create+0x54/0x5d8 with crng_init=0
Dec  1 00:13:47 ubuntu kernel: [    0.000000] SLUB: HWalign=64, Order=0-3, MinObjects=0, CPUs=96, Nodes=4
Dec  1 00:13:47 ubuntu kernel: [    0.000000] ftrace: allocating 46107 entries in 181 pages
Dec  1 00:13:47 ubuntu kernel: [    0.000000] ftrace: allocated 181 pages with 5 groups
Dec  1 00:13:47 ubuntu systemd-networkd[2169]: enp125s0f0: Link is not managed by us
Dec  1 00:13:47 ubuntu kernel: [    0.000000] rcu: Hierarchical RCU implementation.
Dec  1 00:13:47 ubuntu kernel: [    0.000000] rcu: 	RCU restricting CPUs from NR_CPUS=256 to nr_cpu_ids=96.
Dec  1 00:13:47 ubuntu kernel: [    0.000000] 	Tasks RCU enabled.
Dec  1 00:13:47 ubuntu systemd-networkd[2169]: enp125s0f2: Link is not managed by us
Dec  1 00:13:47 ubuntu kernel: [    0.000000] rcu: RCU calculated value of scheduler-enlistment delay is 25 jiffies.
Dec  1 00:13:47 ubuntu kernel: [    0.000000] rcu: Adjusting geometry for rcu_fanout_leaf=16, nr_cpu_ids=96
Dec  1 00:13:47 ubuntu kernel: [    0.000000] NR_IRQS: 64, nr_irqs: 64, preallocated irqs: 0
Dec  1 00:13:47 ubuntu systemd-networkd[2169]: lo: Link is not managed by us
Dec  1 00:13:47 ubuntu kernel: [    0.000000] GICv3: GIC: Using split EOI/Deactivate mode
Dec  1 00:13:47 ubuntu kernel: [    0.000000] GICv3: 640 SPIs implemented
Dec  1 00:13:47 ubuntu kernel: [    0.000000] GICv3: 0 Extended SPIs implemented
Dec  1 00:13:47 ubuntu systemd[1]: Starting Wait for Network to be Configured...
Dec  1 00:13:47 ubuntu systemd-networkd[2169]: br0: Link UP
Dec  1 00:13:47 ubuntu systemd-networkd[2169]: enp125s0f1: Link UP
Dec  1 00:13:47 ubuntu kernel: [    0.000000] GICv3: Distributor has no Range Selector support
Dec  1 00:13:47 ubuntu systemd-networkd[2169]: enp125s0f0: Link UP
Dec  1 00:13:47 ubuntu kernel: [    0.000000] GICv3: 16 PPIs implemented
Dec  1 00:13:47 ubuntu kernel: [    0.000000] GICv3: GICv4 features: DirectLPI 
Dec  1 00:13:47 ubuntu kernel: [    0.000000] GICv3: CPU0: found redistributor 80000 region 0:0x00000000ae100000
Dec  1 00:13:47 ubuntu kernel: [    0.000000] SRAT: PXM 0 -> ITS 0 -> Node 0
Dec  1 00:13:47 ubuntu kernel: [    0.000000] SRAT: PXM 2 -> ITS 1 -> Node 2
Dec  1 00:13:47 ubuntu systemd[1]: Started Flush Journal to Persistent Storage.
Dec  1 00:13:47 ubuntu kernel: [    0.000000] ITS [mem 0x202100000-0x20211ffff]
Dec  1 00:13:47 ubuntu kernel: [    0.000000] ITS@0x0000000202100000: Using ITS number 0
Dec  1 00:13:47 ubuntu kernel: [    0.000000] ITS@0x0000000202100000: allocated 65536 Devices @27ffb80000 (flat, esz 8, psz 16K, shr 1)
Dec  1 00:13:47 ubuntu systemd[1]: Starting Create Volatile Files and Directories...
Dec  1 00:13:47 ubuntu kernel: [    0.000000] ITS@0x0000000202100000: allocated 65536 Virtual CPUs @27ff000000 (flat, esz 16, psz 4K, shr 1)
Dec  1 00:13:47 ubuntu kernel: [    0.000000] ITS@0x0000000202100000: allocated 256 Interrupt Collections @27ffb01000 (flat, esz 16, psz 4K, shr 1)
Dec  1 00:13:47 ubuntu kernel: [    0.000000] ITS [mem 0x200202100000-0x20020211ffff]
Dec  1 00:13:47 ubuntu kernel: [    0.000000] ITS@0x0000200202100000: Using ITS number 1
Dec  1 00:13:47 ubuntu systemd[1]: Started Create Volatile Files and Directories.
Dec  1 00:13:47 ubuntu kernel: [    0.000000] ITS@0x0000200202100000: allocated 65536 Devices @2027ff880000 (flat, esz 8, psz 16K, shr 1)
Dec  1 00:13:47 ubuntu kernel: [    0.000000] ITS@0x0000200202100000: allocated 65536 Virtual CPUs @2027ff900000 (flat, esz 16, psz 4K, shr 1)
Dec  1 00:13:47 ubuntu kernel: [    0.000000] ITS@0x0000200202100000: allocated 256 Interrupt Collections @2027ff801000 (flat, esz 16, psz 4K, shr 1)
Dec  1 00:13:47 ubuntu systemd[1]: Starting Update UTMP about System Boot/Shutdown...
Dec  1 00:13:47 ubuntu systemd[1]: Starting Network Name Resolution...
Dec  1 00:13:47 ubuntu kernel: [    0.000000] GICv3: using LPI property table @0x00000027ffb20000
Dec  1 00:13:47 ubuntu systemd[1]: Starting Network Time Synchronization...
Dec  1 00:13:47 ubuntu kernel: [    0.000000] ITS: Using DirectLPI for VPE invalidation
Dec  1 00:13:47 ubuntu kernel: [    0.000000] ITS: Enabling GICv4 support
Dec  1 00:13:47 ubuntu kernel: [    0.000000] GICv3: CPU0: using allocated LPI pending table @0x00000027ffb30000
Dec  1 00:13:47 ubuntu kernel: [    0.000000] arch_timer: cp15 timer(s) running at 100.00MHz (phys).
Dec  1 00:13:47 ubuntu systemd[1]: Started Update UTMP about System Boot/Shutdown.
Dec  1 00:13:47 ubuntu kernel: [    0.000000] clocksource: arch_sys_counter: mask: 0xffffffffffffff max_cycles: 0x171024e7e0, max_idle_ns: 440795205315 ns
Dec  1 00:13:47 ubuntu kernel: [    0.000001] sched_clock: 56 bits at 100MHz, resolution 10ns, wraps every 4398046511100ns
Dec  1 00:13:47 ubuntu kernel: [    0.000113] Console: colour dummy device 80x25
Dec  1 00:13:47 ubuntu kernel: [    0.000424] printk: console [tty0] enabled
Dec  1 00:13:47 ubuntu systemd-resolved[2362]: Positive Trust Anchors:
Dec  1 00:13:47 ubuntu kernel: [    0.000486] mempolicy: Enabling automatic NUMA balancing. Configure with numa_balancing= or the kernel.numa_balancing sysctl
Dec  1 00:13:47 ubuntu kernel: [    0.000502] ACPI: Core revision 20200326
Dec  1 00:13:47 ubuntu kernel: [    0.000697] Calibrating delay loop (skipped), value calculated using timer frequency.. 200.00 BogoMIPS (lpj=400000)
Dec  1 00:13:47 ubuntu kernel: [    0.000702] pid_max: default: 98304 minimum: 768
Dec  1 00:13:47 ubuntu systemd-resolved[2362]: . IN DS 19036 8 2 49aac11d7b6f6446702e54a1607371607a1a41855200fd2ce1cdde32f24e8fb5
Dec  1 00:13:47 ubuntu kernel: [    0.000777] LSM: Security Framework initializing
Dec  1 00:13:47 ubuntu kernel: [    0.000783] Yama: becoming mindful.
Dec  1 00:13:47 ubuntu kernel: [    0.000815] AppArmor: AppArmor initialized
Dec  1 00:13:47 ubuntu systemd-resolved[2362]: . IN DS 20326 8 2 e06d44b80b8f1d39a95c0b0d7c65d08458e880409bbc683457104237c7f8ec8d
Dec  1 00:13:47 ubuntu kernel: [    0.013257] Dentry cache hash table entries: 8388608 (order: 14, 67108864 bytes, vmalloc)
Dec  1 00:13:47 ubuntu kernel: [    0.019409] Inode-cache hash table entries: 4194304 (order: 13, 33554432 bytes, vmalloc)
Dec  1 00:13:47 ubuntu kernel: [    0.019684] Mount-cache hash table entries: 131072 (order: 8, 1048576 bytes, vmalloc)
Dec  1 00:13:47 ubuntu kernel: [    0.019921] Mountpoint-cache hash table entries: 131072 (order: 8, 1048576 bytes, vmalloc)
Dec  1 00:13:47 ubuntu kernel: [    0.022319] rcu: Hierarchical SRCU implementation.
Dec  1 00:13:47 ubuntu kernel: [    0.022772] Platform MSI: ITS@0x202100000 domain created
Dec  1 00:13:47 ubuntu systemd-resolved[2362]: Negative trust anchors: 10.in-addr.arpa 16.172.in-addr.arpa 17.172.in-addr.arpa 18.172.in-addr.arpa 19.172.in-addr.arpa 20.172.in-addr.arpa 21.172.in-addr.arpa 22.172.in-addr.arpa 23.172.in-addr.arpa 24.172.in-addr.arpa 25.172.in-addr.arpa 26.172.in-addr.arpa 27.172.in-addr.arpa 28.172.in-addr.arpa 29.172.in-addr.arpa 30.172.in-addr.arpa 31.172.in-addr.arpa 168.192.in-addr.arpa d.f.ip6.arpa corp home internal intranet lan local private test
Dec  1 00:13:47 ubuntu kernel: [    0.022776] Platform MSI: ITS@0x200202100000 domain created
Dec  1 00:13:47 ubuntu kernel: [    0.022782] PCI/MSI: ITS@0x202100000 domain created
Dec  1 00:13:47 ubuntu kernel: [    0.022785] PCI/MSI: ITS@0x200202100000 domain created
Dec  1 00:13:47 ubuntu kernel: [    0.022797] Remapping and enabling EFI services.
Dec  1 00:13:47 ubuntu systemd-resolved[2362]: Using system hostname 'ubuntu'.
Dec  1 00:13:47 ubuntu systemd[1]: Started Network Time Synchronization.
Dec  1 00:13:47 ubuntu kernel: [    0.023005] efi: memattr: Entry attributes invalid: RO and XP bits both cleared
Dec  1 00:13:47 ubuntu systemd[1]: Reached target System Initialization.
Dec  1 00:13:47 ubuntu kernel: [    0.023010] efi: memattr: ! 0x000000000000-0x00000000ffff [Runtime Code       |RUN|  |  |  |  |  |  |  |   |  |  |  |  ]
Dec  1 00:13:47 ubuntu kernel: [    0.024156] smp: Bringing up secondary CPUs ...
Dec  1 00:13:47 ubuntu systemd[1]: Started Daily Cleanup of Temporary Directories.
Dec  1 00:13:47 ubuntu kernel: [    0.053995] Detected VIPT I-cache on CPU1
Dec  1 00:13:47 ubuntu kernel: [    0.054001] GICv3: CPU1: found redistributor 80100 region 1:0x00000000ae140000
Dec  1 00:13:47 ubuntu kernel: [    0.054018] GICv3: CPU1: using allocated LPI pending table @0x00000027ffb40000
Dec  1 00:13:47 ubuntu kernel: [    0.054055] CPU1: Booted secondary processor 0x0000080100 [0x481fd010]
Dec  1 00:13:47 ubuntu kernel: [    0.086537] Detected VIPT I-cache on CPU2
Dec  1 00:13:47 ubuntu systemd[1]: Listening on D-Bus System Message Bus Socket.
Dec  1 00:13:47 ubuntu kernel: [    0.086541] GICv3: CPU2: found redistributor 80200 region 2:0x00000000ae180000
Dec  1 00:13:47 ubuntu kernel: [    0.086552] GICv3: CPU2: using allocated LPI pending table @0x00000027ffb50000
Dec  1 00:13:47 ubuntu kernel: [    0.086584] CPU2: Booted secondary processor 0x0000080200 [0x481fd010]
Dec  1 00:13:47 ubuntu systemd[1]: Started ACPI Events Check.
Dec  1 00:13:47 ubuntu kernel: [    0.119087] Detected VIPT I-cache on CPU3
Dec  1 00:13:47 ubuntu kernel: [    0.119091] GICv3: CPU3: found redistributor 80300 region 3:0x00000000ae1c0000
Dec  1 00:13:47 ubuntu kernel: [    0.119103] GICv3: CPU3: using allocated LPI pending table @0x00000027ffb60000
Dec  1 00:13:47 ubuntu kernel: [    0.119134] CPU3: Booted secondary processor 0x0000080300 [0x481fd010]
Dec  1 00:13:47 ubuntu kernel: [    0.151817] Detected VIPT I-cache on CPU4
Dec  1 00:13:47 ubuntu systemd[1]: Starting Socket activation for snappy daemon.
Dec  1 00:13:47 ubuntu kernel: [    0.151825] GICv3: CPU4: found redistributor 90000 region 4:0x00000000ae200000
Dec  1 00:13:47 ubuntu kernel: [    0.151845] GICv3: CPU4: using allocated LPI pending table @0x00000027ffb70000
Dec  1 00:13:47 ubuntu kernel: [    0.151882] CPU4: Booted secondary processor 0x0000090000 [0x481fd010]
Dec  1 00:13:47 ubuntu kernel: [    0.184535] Detected VIPT I-cache on CPU5
Dec  1 00:13:47 ubuntu systemd[1]: Started CUPS Scheduler.
Dec  1 00:13:47 ubuntu kernel: [    0.184540] GICv3: CPU5: found redistributor 90100 region 5:0x00000000ae240000
Dec  1 00:13:47 ubuntu kernel: [    0.184554] GICv3: CPU5: using allocated LPI pending table @0x00000027ff100000
Dec  1 00:13:47 ubuntu systemd[1]: Listening on CUPS Scheduler.
Dec  1 00:13:47 ubuntu kernel: [    0.184585] CPU5: Booted secondary processor 0x0000090100 [0x481fd010]
Dec  1 00:13:47 ubuntu kernel: [    0.217258] Detected VIPT I-cache on CPU6
Dec  1 00:13:47 ubuntu kernel: [    0.217263] GICv3: CPU6: found redistributor 90200 region 6:0x00000000ae280000
Dec  1 00:13:47 ubuntu kernel: [    0.217276] GICv3: CPU6: using allocated LPI pending table @0x00000027ff110000
Dec  1 00:13:47 ubuntu kernel: [    0.217307] CPU6: Booted secondary processor 0x0000090200 [0x481fd010]
Dec  1 00:13:47 ubuntu systemd[1]: Reached target Paths.
Dec  1 00:13:47 ubuntu kernel: [    0.249981] Detected VIPT I-cache on CPU7
Dec  1 00:13:47 ubuntu kernel: [    0.249986] GICv3: CPU7: found redistributor 90300 region 7:0x00000000ae2c0000
Dec  1 00:13:47 ubuntu systemd[1]: Listening on Avahi mDNS/DNS-SD Stack Activation Socket.
Dec  1 00:13:47 ubuntu systemd[1]: Listening on Virtual machine log manager socket.
Dec  1 00:13:47 ubuntu systemd[1]: Starting LXD - unix socket.
Dec  1 00:13:47 ubuntu kernel: [    0.249998] GICv3: CPU7: using allocated LPI pending table @0x00000027ff120000
Dec  1 00:13:47 ubuntu kernel: [    0.250030] CPU7: Booted secondary processor 0x0000090300 [0x481fd010]
Dec  1 00:13:47 ubuntu kernel: [    0.282883] Detected VIPT I-cache on CPU8
Dec  1 00:13:47 ubuntu systemd[1]: Listening on UUID daemon activation socket.
Dec  1 00:13:47 ubuntu kernel: [    0.282891] GICv3: CPU8: found redistributor a0000 region 8:0x00000000ae300000
Dec  1 00:13:47 ubuntu kernel: [    0.282907] GICv3: CPU8: using allocated LPI pending table @0x00000027ff130000
Dec  1 00:13:47 ubuntu kernel: [    0.282942] CPU8: Booted secondary processor 0x00000a0000 [0x481fd010]
Dec  1 00:13:47 ubuntu systemd[1]: Listening on Virtual machine lock manager socket.
Dec  1 00:13:47 ubuntu kernel: [    0.315776] Detected VIPT I-cache on CPU9
Dec  1 00:13:47 ubuntu kernel: [    0.315782] GICv3: CPU9: found redistributor a0100 region 9:0x00000000ae340000
Dec  1 00:13:47 ubuntu kernel: [    0.315794] GICv3: CPU9: using allocated LPI pending table @0x00000027ff140000
Dec  1 00:13:47 ubuntu kernel: [    0.315824] CPU9: Booted secondary processor 0x00000a0100 [0x481fd010]
Dec  1 00:13:47 ubuntu systemd[1]: Listening on ACPID Listen Socket.
Dec  1 00:13:47 ubuntu kernel: [    0.348674] Detected VIPT I-cache on CPU10
Dec  1 00:13:47 ubuntu systemd[1]: Listening on Open-iSCSI iscsid Socket.
Dec  1 00:13:47 ubuntu systemd[1]: Reached target System Time Synchronized.
Dec  1 00:13:47 ubuntu systemd[1]: Started Daily apt download activities.
Dec  1 00:13:47 ubuntu systemd[1]: Started Discard unused blocks once a week.
Dec  1 00:13:47 ubuntu systemd[1]: Started Message of the Day.
Dec  1 00:13:47 ubuntu systemd[1]: Started Trigger anacron every hour.
Dec  1 00:13:47 ubuntu systemd[1]: Started Daily apt upgrade and clean activities.
Dec  1 00:13:47 ubuntu systemd[1]: Reached target Timers.
Dec  1 00:13:47 ubuntu systemd[1]: Started Network Name Resolution.
Dec  1 00:13:47 ubuntu systemd[1]: Listening on Socket activation for snappy daemon.
Dec  1 00:13:47 ubuntu systemd[1]: Listening on LXD - unix socket.
Dec  1 00:13:47 ubuntu kernel: [    0.348680] GICv3: CPU10: found redistributor a0200 region 10:0x00000000ae380000
Dec  1 00:13:47 ubuntu kernel: [    0.348692] GICv3: CPU10: using allocated LPI pending table @0x00000027ff150000
Dec  1 00:13:47 ubuntu systemd[1]: Reached target Sockets.
Dec  1 00:13:47 ubuntu kernel: [    0.348724] CPU10: Booted secondary processor 0x00000a0200 [0x481fd010]
Dec  1 00:13:47 ubuntu kernel: [    0.381571] Detected VIPT I-cache on CPU11
Dec  1 00:13:47 ubuntu kernel: [    0.381576] GICv3: CPU11: found redistributor a0300 region 11:0x00000000ae3c0000
Dec  1 00:13:47 ubuntu kernel: [    0.381589] GICv3: CPU11: using allocated LPI pending table @0x00000027ff160000
Dec  1 00:13:47 ubuntu systemd[1]: Reached target Basic System.
Dec  1 00:13:47 ubuntu kernel: [    0.381620] CPU11: Booted secondary processor 0x00000a0300 [0x481fd010]
Dec  1 00:13:47 ubuntu kernel: [    0.414645] Detected VIPT I-cache on CPU12
Dec  1 00:13:47 ubuntu systemd[1]: Starting Restore /etc/resolv.conf if the system crashed before the ppp link was shut down...
Dec  1 00:13:47 ubuntu kernel: [    0.414653] GICv3: CPU12: found redistributor b0000 region 12:0x00000000ae400000
Dec  1 00:13:47 ubuntu kernel: [    0.414670] GICv3: CPU12: using allocated LPI pending table @0x00000027ff170000
Dec  1 00:13:47 ubuntu kernel: [    0.414706] CPU12: Booted secondary processor 0x00000b0000 [0x481fd010]
Dec  1 00:13:47 ubuntu kernel: [    0.447712] Detected VIPT I-cache on CPU13
Dec  1 00:13:47 ubuntu systemd[1]: Started irqbalance daemon.
Dec  1 00:13:47 ubuntu kernel: [    0.447718] GICv3: CPU13: found redistributor b0100 region 13:0x00000000ae440000
Dec  1 00:13:47 ubuntu kernel: [    0.447731] GICv3: CPU13: using allocated LPI pending table @0x00000027ff180000
Dec  1 00:13:47 ubuntu kernel: [    0.447763] CPU13: Booted secondary processor 0x00000b0100 [0x481fd010]
Dec  1 00:13:47 ubuntu systemd[1]: Starting LXD - container startup/shutdown...
Dec  1 00:13:47 ubuntu kernel: [    0.480783] Detected VIPT I-cache on CPU14
Dec  1 00:13:47 ubuntu kernel: [    0.480789] GICv3: CPU14: found redistributor b0200 region 14:0x00000000ae480000
Dec  1 00:13:47 ubuntu kernel: [    0.480802] GICv3: CPU14: using allocated LPI pending table @0x00000027ff190000
Dec  1 00:13:47 ubuntu systemd[1]: Starting Login Service...
Dec  1 00:13:47 ubuntu systemd[1]: Started Deferred execution scheduler.
Dec  1 00:13:47 ubuntu kernel: [    0.480834] CPU14: Booted secondary processor 0x00000b0200 [0x481fd010]
Dec  1 00:13:47 ubuntu kernel: [    0.513854] Detected VIPT I-cache on CPU15
Dec  1 00:13:47 ubuntu kernel: [    0.513860] GICv3: CPU15: found redistributor b0300 region 15:0x00000000ae4c0000
Dec  1 00:13:47 ubuntu kernel: [    0.513873] GICv3: CPU15: using allocated LPI pending table @0x00000027ff1a0000
Dec  1 00:13:47 ubuntu kernel: [    0.513905] CPU15: Booted secondary processor 0x00000b0300 [0x481fd010]
Dec  1 00:13:47 ubuntu kernel: [    0.546409] Detected VIPT I-cache on CPU16
Dec  1 00:13:47 ubuntu kernel: [    0.546417] GICv3: CPU16: found redistributor c0000 region 16:0x00000000ae500000
Dec  1 00:13:47 ubuntu kernel: [    0.546435] GICv3: CPU16: using allocated LPI pending table @0x00000027ff1b0000
Dec  1 00:13:47 ubuntu kernel: [    0.546471] CPU16: Booted secondary processor 0x00000c0000 [0x481fd010]
Dec  1 00:13:47 ubuntu kernel: [    0.578954] Detected VIPT I-cache on CPU17
Dec  1 00:13:47 ubuntu kernel: [    0.578961] GICv3: CPU17: found redistributor c0100 region 17:0x00000000ae540000
Dec  1 00:13:47 ubuntu kernel: [    0.578974] GICv3: CPU17: using allocated LPI pending table @0x00000027ff1c0000
Dec  1 00:13:47 ubuntu kernel: [    0.579006] CPU17: Booted secondary processor 0x00000c0100 [0x481fd010]
Dec  1 00:13:47 ubuntu kernel: [    0.611504] Detected VIPT I-cache on CPU18
Dec  1 00:13:47 ubuntu kernel: [    0.611511] GICv3: CPU18: found redistributor c0200 region 18:0x00000000ae580000
Dec  1 00:13:47 ubuntu kernel: [    0.611523] GICv3: CPU18: using allocated LPI pending table @0x00000027ff1d0000
Dec  1 00:13:47 ubuntu kernel: [    0.611555] CPU18: Booted secondary processor 0x00000c0200 [0x481fd010]
Dec  1 00:13:47 ubuntu systemd[1]: Started Set the CPU Frequency Scaling governor.
Dec  1 00:13:47 ubuntu /usr/sbin/irqbalance: IRQ 0(1) guessed as class 0
Dec  1 00:13:47 ubuntu /usr/sbin/irqbalance: IRQ 0(2) guessed as class 0
Dec  1 00:13:47 ubuntu kernel: [    0.644054] Detected VIPT I-cache on CPU19
Dec  1 00:13:47 ubuntu /usr/sbin/irqbalance: IRQ 0(3) guessed as class 0
Dec  1 00:13:47 ubuntu kernel: [    0.644061] GICv3: CPU19: found redistributor c0300 region 19:0x00000000ae5c0000
Dec  1 00:13:47 ubuntu kernel: [    0.644074] GICv3: CPU19: using allocated LPI pending table @0x00000027ff1e0000
Dec  1 00:13:47 ubuntu kernel: [    0.644106] CPU19: Booted secondary processor 0x00000c0300 [0x481fd010]
Dec  1 00:13:47 ubuntu /usr/sbin/irqbalance: IRQ 368(4) guessed as class 0
Dec  1 00:13:47 ubuntu kernel: [    0.676782] Detected VIPT I-cache on CPU20
Dec  1 00:13:47 ubuntu kernel: [    0.676791] GICv3: CPU20: found redistributor d0000 region 20:0x00000000ae600000
Dec  1 00:13:47 ubuntu /usr/sbin/irqbalance: IRQ 0(9) guessed as class 0
Dec  1 00:13:47 ubuntu kernel: [    0.676810] GICv3: CPU20: using allocated LPI pending table @0x00000027ff1f0000
Dec  1 00:13:47 ubuntu kernel: [    0.676846] CPU20: Booted secondary processor 0x00000d0000 [0x481fd010]
Dec  1 00:13:47 ubuntu kernel: [    0.709501] Detected VIPT I-cache on CPU21
Dec  1 00:13:47 ubuntu kernel: [    0.709508] GICv3: CPU21: found redistributor d0100 region 21:0x00000000ae640000
Dec  1 00:13:47 ubuntu kernel: [    0.709523] GICv3: CPU21: using allocated LPI pending table @0x00000027ff200000
Dec  1 00:13:47 ubuntu kernel: [    0.709555] CPU21: Booted secondary processor 0x00000d0100 [0x481fd010]
Dec  1 00:13:47 ubuntu kernel: [    0.742225] Detected VIPT I-cache on CPU22
Dec  1 00:13:47 ubuntu /usr/sbin/irqbalance: IRQ 0(10) guessed as class 0
Dec  1 00:13:47 ubuntu kernel: [    0.742232] GICv3: CPU22: found redistributor d0200 region 22:0x00000000ae680000
Dec  1 00:13:47 ubuntu kernel: [    0.742246] GICv3: CPU22: using allocated LPI pending table @0x00000027ff210000
Dec  1 00:13:47 ubuntu kernel: [    0.742277] CPU22: Booted secondary processor 0x00000d0200 [0x481fd010]
Dec  1 00:13:47 ubuntu kernel: [    0.774948] Detected VIPT I-cache on CPU23
Dec  1 00:13:47 ubuntu /usr/sbin/irqbalance: IRQ 0(14) guessed as class 0
Dec  1 00:13:47 ubuntu kernel: [    0.774955] GICv3: CPU23: found redistributor d0300 region 23:0x00000000ae6c0000
Dec  1 00:13:47 ubuntu kernel: [    0.774969] GICv3: CPU23: using allocated LPI pending table @0x00000027ff220000
Dec  1 00:13:47 ubuntu /usr/sbin/irqbalance: IRQ 0(15) guessed as class 0
Dec  1 00:13:47 ubuntu kernel: [    0.775000] CPU23: Booted secondary processor 0x00000d0300 [0x481fd010]
Dec  1 00:13:47 ubuntu /usr/sbin/irqbalance: IRQ 0(16) guessed as class 0
Dec  1 00:13:47 ubuntu kernel: [    0.807513] Detected VIPT I-cache on CPU24
Dec  1 00:13:47 ubuntu kernel: [    0.807530] GICv3: CPU24: found redistributor 180000 region 24:0x00000000aa100000
Dec  1 00:13:47 ubuntu kernel: [    0.807576] GICv3: CPU24: using allocated LPI pending table @0x00000027ff230000
Dec  1 00:13:47 ubuntu kernel: [    0.807625] CPU24: Booted secondary processor 0x0000180000 [0x481fd010]
Dec  1 00:13:47 ubuntu kernel: [    0.840051] Detected VIPT I-cache on CPU25
Dec  1 00:13:47 ubuntu /usr/sbin/irqbalance: IRQ 0(17) guessed as class 0
Dec  1 00:13:47 ubuntu kernel: [    0.840060] GICv3: CPU25: found redistributor 180100 region 25:0x00000000aa140000
Dec  1 00:13:47 ubuntu kernel: [    0.840075] GICv3: CPU25: using allocated LPI pending table @0x00000027ff240000
Dec  1 00:13:47 ubuntu kernel: [    0.840113] CPU25: Booted secondary processor 0x0000180100 [0x481fd010]
Dec  1 00:13:47 ubuntu /usr/sbin/irqbalance: IRQ 0(19) guessed as class 0
Dec  1 00:13:47 ubuntu kernel: [    0.872600] Detected VIPT I-cache on CPU26
Dec  1 00:13:47 ubuntu kernel: [    0.872610] GICv3: CPU26: found redistributor 180200 region 26:0x00000000aa180000
Dec  1 00:13:47 ubuntu kernel: [    0.872624] GICv3: CPU26: using allocated LPI pending table @0x00000027ff250000
Dec  1 00:13:47 ubuntu kernel: [    0.872662] CPU26: Booted secondary processor 0x0000180200 [0x481fd010]
Dec  1 00:13:47 ubuntu /usr/sbin/irqbalance: IRQ 0(20) guessed as class 0
Dec  1 00:13:47 ubuntu kernel: [    0.905150] Detected VIPT I-cache on CPU27
Dec  1 00:13:47 ubuntu kernel: [    0.905160] GICv3: CPU27: found redistributor 180300 region 27:0x00000000aa1c0000
Dec  1 00:13:47 ubuntu kernel: [    0.905175] GICv3: CPU27: using allocated LPI pending table @0x00000027ff260000
Dec  1 00:13:47 ubuntu kernel: [    0.905212] CPU27: Booted secondary processor 0x0000180300 [0x481fd010]
Dec  1 00:13:47 ubuntu /usr/sbin/irqbalance: IRQ 0(21) guessed as class 0
Dec  1 00:13:47 ubuntu kernel: [    0.937882] Detected VIPT I-cache on CPU28
Dec  1 00:13:47 ubuntu kernel: [    0.937896] GICv3: CPU28: found redistributor 190000 region 28:0x00000000aa200000
Dec  1 00:13:47 ubuntu kernel: [    0.937923] GICv3: CPU28: using allocated LPI pending table @0x00000027ff270000
Dec  1 00:13:47 ubuntu /usr/sbin/irqbalance: IRQ 0(22) guessed as class 0
Dec  1 00:13:47 ubuntu kernel: [    0.937968] CPU28: Booted secondary processor 0x0000190000 [0x481fd010]
Dec  1 00:13:47 ubuntu kernel: [    0.970598] Detected VIPT I-cache on CPU29
Dec  1 00:13:47 ubuntu kernel: [    0.970608] GICv3: CPU29: found redistributor 190100 region 29:0x00000000aa240000
Dec  1 00:13:47 ubuntu kernel: [    0.970624] GICv3: CPU29: using allocated LPI pending table @0x00000027ff280000
Dec  1 00:13:47 ubuntu kernel: [    0.970661] CPU29: Booted secondary processor 0x0000190100 [0x481fd010]
Dec  1 00:13:47 ubuntu kernel: [    1.003321] Detected VIPT I-cache on CPU30
Dec  1 00:13:47 ubuntu /usr/sbin/irqbalance: IRQ 0(23) guessed as class 0
Dec  1 00:13:47 ubuntu kernel: [    1.003332] GICv3: CPU30: found redistributor 190200 region 30:0x00000000aa280000
Dec  1 00:13:47 ubuntu kernel: [    1.003352] GICv3: CPU30: using allocated LPI pending table @0x00000027ff290000
Dec  1 00:13:47 ubuntu kernel: [    1.003391] CPU30: Booted secondary processor 0x0000190200 [0x481fd010]
Dec  1 00:13:47 ubuntu /usr/sbin/irqbalance: IRQ 0(24) guessed as class 0
Dec  1 00:13:47 ubuntu kernel: [    1.036045] Detected VIPT I-cache on CPU31
Dec  1 00:13:47 ubuntu kernel: [    1.036055] GICv3: CPU31: found redistributor 190300 region 31:0x00000000aa2c0000
Dec  1 00:13:47 ubuntu kernel: [    1.036072] GICv3: CPU31: using allocated LPI pending table @0x00000027ff2a0000
Dec  1 00:13:47 ubuntu /usr/sbin/irqbalance: IRQ 0(25) guessed as class 0
Dec  1 00:13:47 ubuntu kernel: [    1.036109] CPU31: Booted secondary processor 0x0000190300 [0x481fd010]
Dec  1 00:13:47 ubuntu /usr/sbin/irqbalance: IRQ 0(26) guessed as class 0
Dec  1 00:13:47 ubuntu kernel: [    1.068948] Detected VIPT I-cache on CPU32
Dec  1 00:13:47 ubuntu kernel: [    1.068962] GICv3: CPU32: found redistributor 1a0000 region 32:0x00000000aa300000
Dec  1 00:13:47 ubuntu kernel: [    1.068988] GICv3: CPU32: using allocated LPI pending table @0x00000027ff2b0000
Dec  1 00:13:47 ubuntu kernel: [    1.069030] CPU32: Booted secondary processor 0x00001a0000 [0x481fd010]
Dec  1 00:13:47 ubuntu /usr/sbin/irqbalance: IRQ 0(27) guessed as class 0
Dec  1 00:13:47 ubuntu kernel: [    1.101840] Detected VIPT I-cache on CPU33
Dec  1 00:13:47 ubuntu kernel: [    1.101851] GICv3: CPU33: found redistributor 1a0100 region 33:0x00000000aa340000
Dec  1 00:13:47 ubuntu kernel: [    1.101867] GICv3: CPU33: using allocated LPI pending table @0x00000027ff2c0000
Dec  1 00:13:47 ubuntu /usr/sbin/irqbalance: IRQ 0(28) guessed as class 0
Dec  1 00:13:47 ubuntu kernel: [    1.101906] CPU33: Booted secondary processor 0x00001a0100 [0x481fd010]
Dec  1 00:13:47 ubuntu kernel: [    1.134737] Detected VIPT I-cache on CPU34
Dec  1 00:13:47 ubuntu kernel: [    1.134748] GICv3: CPU34: found redistributor 1a0200 region 34:0x00000000aa380000
Dec  1 00:13:47 ubuntu kernel: [    1.134763] GICv3: CPU34: using allocated LPI pending table @0x00000027ff2d0000
Dec  1 00:13:47 ubuntu kernel: [    1.134802] CPU34: Booted secondary processor 0x00001a0200 [0x481fd010]
Dec  1 00:13:47 ubuntu /usr/sbin/irqbalance: IRQ 0(29) guessed as class 0
Dec  1 00:13:47 ubuntu /usr/sbin/irqbalance: IRQ 0(30) guessed as class 0
Dec  1 00:13:47 ubuntu /usr/sbin/irqbalance: IRQ 0(31) guessed as class 0
Dec  1 00:13:47 ubuntu kernel: [    1.167634] Detected VIPT I-cache on CPU35
Dec  1 00:13:47 ubuntu /usr/sbin/irqbalance: IRQ 0(32) guessed as class 0
Dec  1 00:13:47 ubuntu kernel: [    1.167645] GICv3: CPU35: found redistributor 1a0300 region 35:0x00000000aa3c0000
Dec  1 00:13:47 ubuntu kernel: [    1.167660] GICv3: CPU35: using allocated LPI pending table @0x00000027ff2e0000
Dec  1 00:13:47 ubuntu /usr/sbin/irqbalance: IRQ 0(33) guessed as class 0
Dec  1 00:13:47 ubuntu /usr/sbin/irqbalance: IRQ 0(34) guessed as class 0
Dec  1 00:13:47 ubuntu /usr/sbin/irqbalance: IRQ 0(35) guessed as class 0
Dec  1 00:13:47 ubuntu kernel: [    1.167699] CPU35: Booted secondary processor 0x00001a0300 [0x481fd010]
Dec  1 00:13:47 ubuntu kernel: [    1.200710] Detected VIPT I-cache on CPU36
Dec  1 00:13:47 ubuntu kernel: [    1.200724] GICv3: CPU36: found redistributor 1b0000 region 36:0x00000000aa400000
Dec  1 00:13:47 ubuntu kernel: [    1.200749] GICv3: CPU36: using allocated LPI pending table @0x00000027ff2f0000
Dec  1 00:13:47 ubuntu /usr/sbin/irqbalance: IRQ 0(36) guessed as class 0
Dec  1 00:13:47 ubuntu kernel: [    1.200793] CPU36: Booted secondary processor 0x00001b0000 [0x481fd010]
Dec  1 00:13:47 ubuntu /usr/sbin/irqbalance: IRQ 0(37) guessed as class 0
Dec  1 00:13:47 ubuntu /usr/sbin/irqbalance: IRQ 0(38) guessed as class 0
Dec  1 00:13:47 ubuntu /usr/sbin/irqbalance: IRQ 0(39) guessed as class 0
Dec  1 00:13:47 ubuntu /usr/sbin/irqbalance: IRQ 0(40) guessed as class 0
Dec  1 00:13:47 ubuntu /usr/sbin/irqbalance: IRQ 0(41) guessed as class 0
Dec  1 00:13:47 ubuntu /usr/sbin/irqbalance: IRQ 0(42) guessed as class 0
Dec  1 00:13:47 ubuntu /usr/sbin/irqbalance: IRQ 0(43) guessed as class 0
Dec  1 00:13:47 ubuntu /usr/sbin/irqbalance: IRQ 0(44) guessed as class 0
Dec  1 00:13:47 ubuntu /usr/sbin/irqbalance: IRQ 0(45) guessed as class 0
Dec  1 00:13:47 ubuntu /usr/sbin/irqbalance: IRQ 0(46) guessed as class 0
Dec  1 00:13:47 ubuntu /usr/sbin/irqbalance: IRQ 0(47) guessed as class 0
Dec  1 00:13:47 ubuntu /usr/sbin/irqbalance: IRQ 0(48) guessed as class 0
Dec  1 00:13:47 ubuntu kernel: [    1.233775] Detected VIPT I-cache on CPU37
Dec  1 00:13:47 ubuntu kernel: [    1.233787] GICv3: CPU37: found redistributor 1b0100 region 37:0x00000000aa440000
Dec  1 00:13:47 ubuntu kernel: [    1.233804] GICv3: CPU37: using allocated LPI pending table @0x00000027ff300000
Dec  1 00:13:47 ubuntu kernel: [    1.233842] CPU37: Booted secondary processor 0x00001b0100 [0x481fd010]
Dec  1 00:13:47 ubuntu /usr/sbin/irqbalance: IRQ 0(49) guessed as class 0
Dec  1 00:13:47 ubuntu kernel: [    1.266847] Detected VIPT I-cache on CPU38
Dec  1 00:13:47 ubuntu kernel: [    1.266858] GICv3: CPU38: found redistributor 1b0200 region 38:0x00000000aa480000
Dec  1 00:13:47 ubuntu kernel: [    1.266876] GICv3: CPU38: using allocated LPI pending table @0x00000027ff310000
Dec  1 00:13:47 ubuntu /usr/sbin/irqbalance: IRQ 0(50) guessed as class 0
Dec  1 00:13:47 ubuntu kernel: [    1.266915] CPU38: Booted secondary processor 0x00001b0200 [0x481fd010]
Dec  1 00:13:47 ubuntu kernel: [    1.299917] Detected VIPT I-cache on CPU39
Dec  1 00:13:47 ubuntu kernel: [    1.299929] GICv3: CPU39: found redistributor 1b0300 region 39:0x00000000aa4c0000
Dec  1 00:13:47 ubuntu kernel: [    1.299946] GICv3: CPU39: using allocated LPI pending table @0x00000027ff320000
Dec  1 00:13:47 ubuntu /usr/sbin/irqbalance: IRQ 0(51) guessed as class 0
Dec  1 00:13:47 ubuntu kernel: [    1.299985] CPU39: Booted secondary processor 0x00001b0300 [0x481fd010]
Dec  1 00:13:47 ubuntu kernel: [    1.332473] Detected VIPT I-cache on CPU40
Dec  1 00:13:47 ubuntu /usr/sbin/irqbalance: IRQ 0(52) guessed as class 0
Dec  1 00:13:47 ubuntu /usr/sbin/irqbalance: IRQ 0(53) guessed as class 0
Dec  1 00:13:47 ubuntu kernel: [    1.332488] GICv3: CPU40: found redistributor 1c0000 region 40:0x00000000aa500000
Dec  1 00:13:47 ubuntu /usr/sbin/irqbalance: IRQ 0(54) guessed as class 0
Dec  1 00:13:47 ubuntu kernel: [    1.332514] GICv3: CPU40: using allocated LPI pending table @0x00000027ff330000
Dec  1 00:13:47 ubuntu kernel: [    1.332558] CPU40: Booted secondary processor 0x00001c0000 [0x481fd010]
Dec  1 00:13:47 ubuntu kernel: [    1.365017] Detected VIPT I-cache on CPU41
Dec  1 00:13:47 ubuntu /usr/sbin/irqbalance: IRQ 0(55) guessed as class 0
Dec  1 00:13:47 ubuntu kernel: [    1.365029] GICv3: CPU41: found redistributor 1c0100 region 41:0x00000000aa540000
Dec  1 00:13:47 ubuntu kernel: [    1.365047] GICv3: CPU41: using allocated LPI pending table @0x00000027ff340000
Dec  1 00:13:47 ubuntu kernel: [    1.365085] CPU41: Booted secondary processor 0x00001c0100 [0x481fd010]
Dec  1 00:13:47 ubuntu kernel: [    1.397566] Detected VIPT I-cache on CPU42
Dec  1 00:13:47 ubuntu /usr/sbin/irqbalance: IRQ 0(56) guessed as class 0
Dec  1 00:13:47 ubuntu kernel: [    1.397578] GICv3: CPU42: found redistributor 1c0200 region 42:0x00000000aa580000
Dec  1 00:13:47 ubuntu kernel: [    1.397596] GICv3: CPU42: using allocated LPI pending table @0x00000027ff350000
Dec  1 00:13:47 ubuntu kernel: [    1.397635] CPU42: Booted secondary processor 0x00001c0200 [0x481fd010]
Dec  1 00:13:47 ubuntu kernel: [    1.430117] Detected VIPT I-cache on CPU43
Dec  1 00:13:47 ubuntu kernel: [    1.430128] GICv3: CPU43: found redistributor 1c0300 region 43:0x00000000aa5c0000
Dec  1 00:13:47 ubuntu kernel: [    1.430145] GICv3: CPU43: using allocated LPI pending table @0x00000027ff360000
Dec  1 00:13:47 ubuntu /usr/sbin/irqbalance: IRQ 0(57) guessed as class 0
Dec  1 00:13:47 ubuntu kernel: [    1.430184] CPU43: Booted secondary processor 0x00001c0300 [0x481fd010]
Dec  1 00:13:47 ubuntu kernel: [    1.462846] Detected VIPT I-cache on CPU44
Dec  1 00:13:47 ubuntu kernel: [    1.462861] GICv3: CPU44: found redistributor 1d0000 region 44:0x00000000aa600000
Dec  1 00:13:47 ubuntu kernel: [    1.462889] GICv3: CPU44: using allocated LPI pending table @0x00000027ff370000
Dec  1 00:13:47 ubuntu kernel: [    1.462934] CPU44: Booted secondary processor 0x00001d0000 [0x481fd010]
Dec  1 00:13:47 ubuntu /usr/sbin/irqbalance: IRQ 0(58) guessed as class 0
Dec  1 00:13:47 ubuntu kernel: [    1.495564] Detected VIPT I-cache on CPU45
Dec  1 00:13:47 ubuntu kernel: [    1.495576] GICv3: CPU45: found redistributor 1d0100 region 45:0x00000000aa640000
Dec  1 00:13:47 ubuntu kernel: [    1.495594] GICv3: CPU45: using allocated LPI pending table @0x00000027ff380000
Dec  1 00:13:47 ubuntu systemd[1]: Started FUSE filesystem for LXC.
Dec  1 00:13:47 ubuntu kernel: [    1.495633] CPU45: Booted secondary processor 0x00001d0100 [0x481fd010]
Dec  1 00:13:47 ubuntu kernel: [    1.528287] Detected VIPT I-cache on CPU46
Dec  1 00:13:47 ubuntu kernel: [    1.528300] GICv3: CPU46: found redistributor 1d0200 region 46:0x00000000aa680000
Dec  1 00:13:47 ubuntu /usr/sbin/irqbalance: IRQ 0(59) guessed as class 0
Dec  1 00:13:47 ubuntu /usr/sbin/irqbalance: IRQ 0(60) guessed as class 0
Dec  1 00:13:47 ubuntu kernel: [    1.528318] GICv3: CPU46: using allocated LPI pending table @0x00000027ff390000
Dec  1 00:13:47 ubuntu /usr/sbin/irqbalance: IRQ 0(61) guessed as class 0
Dec  1 00:13:47 ubuntu kernel: [    1.528356] CPU46: Booted secondary processor 0x00001d0200 [0x481fd010]
Dec  1 00:13:47 ubuntu kernel: [    1.561011] Detected VIPT I-cache on CPU47
Dec  1 00:13:47 ubuntu kernel: [    1.561023] GICv3: CPU47: found redistributor 1d0300 region 47:0x00000000aa6c0000
Dec  1 00:13:47 ubuntu /usr/sbin/irqbalance: IRQ 0(62) guessed as class 0
Dec  1 00:13:47 ubuntu /usr/sbin/irqbalance: IRQ 0(63) guessed as class 0
Dec  1 00:13:47 ubuntu /usr/sbin/irqbalance: IRQ 0(64) guessed as class 0
Dec  1 00:13:47 ubuntu kernel: [    1.561040] GICv3: CPU47: using allocated LPI pending table @0x00000027ff3a0000
Dec  1 00:13:47 ubuntu kernel: [    1.561078] CPU47: Booted secondary processor 0x00001d0300 [0x481fd010]
Dec  1 00:13:47 ubuntu /usr/sbin/irqbalance: IRQ 0(65) guessed as class 0
Dec  1 00:13:47 ubuntu kernel: [    1.593852] Detected VIPT I-cache on CPU48
Dec  1 00:13:47 ubuntu kernel: [    1.593892] GICv3: CPU48: found redistributor 280000 region 48:0x00002000ae100000
Dec  1 00:13:47 ubuntu kernel: [    1.593954] GICv3: CPU48: using allocated LPI pending table @0x00000027ff3b0000
Dec  1 00:13:47 ubuntu kernel: [    1.594024] CPU48: Booted secondary processor 0x0000280000 [0x481fd010]
Dec  1 00:13:47 ubuntu kernel: [    1.626639] Detected VIPT I-cache on CPU49
Dec  1 00:13:47 ubuntu /usr/sbin/irqbalance: IRQ 0(66) guessed as class 0
Dec  1 00:13:47 ubuntu kernel: [    1.626667] GICv3: CPU49: found redistributor 280100 region 49:0x00002000ae140000
Dec  1 00:13:47 ubuntu kernel: [    1.626691] GICv3: CPU49: using allocated LPI pending table @0x00000027ff3c0000
Dec  1 00:13:47 ubuntu kernel: [    1.626743] CPU49: Booted secondary processor 0x0000280100 [0x481fd010]
Dec  1 00:13:47 ubuntu /usr/sbin/irqbalance: IRQ 0(67) guessed as class 0
Dec  1 00:13:47 ubuntu kernel: [    1.659449] Detected VIPT I-cache on CPU50
Dec  1 00:13:47 ubuntu kernel: [    1.659477] GICv3: CPU50: found redistributor 280200 region 50:0x00002000ae180000
Dec  1 00:13:47 ubuntu kernel: [    1.659498] GICv3: CPU50: using allocated LPI pending table @0x00000027ff3d0000
Dec  1 00:13:47 ubuntu kernel: [    1.659549] CPU50: Booted secondary processor 0x0000280200 [0x481fd010]
Dec  1 00:13:47 ubuntu kernel: [    1.692260] Detected VIPT I-cache on CPU51
Dec  1 00:13:47 ubuntu /usr/sbin/irqbalance: IRQ 0(68) guessed as class 0
Dec  1 00:13:47 ubuntu kernel: [    1.692288] GICv3: CPU51: found redistributor 280300 region 51:0x00002000ae1c0000
Dec  1 00:13:47 ubuntu kernel: [    1.692309] GICv3: CPU51: using allocated LPI pending table @0x00000027ff3e0000
Dec  1 00:13:47 ubuntu kernel: [    1.692360] CPU51: Booted secondary processor 0x0000280300 [0x481fd010]
Dec  1 00:13:47 ubuntu /usr/sbin/irqbalance: IRQ 0(69) guessed as class 0
Dec  1 00:13:47 ubuntu kernel: [    1.725248] Detected VIPT I-cache on CPU52
Dec  1 00:13:47 ubuntu kernel: [    1.725277] GICv3: CPU52: found redistributor 290000 region 52:0x00002000ae200000
Dec  1 00:13:47 ubuntu kernel: [    1.725314] GICv3: CPU52: using allocated LPI pending table @0x00000027ff3f0000
Dec  1 00:13:47 ubuntu kernel: [    1.725368] CPU52: Booted secondary processor 0x0000290000 [0x481fd010]
Dec  1 00:13:47 ubuntu kernel: [    1.758229] Detected VIPT I-cache on CPU53
Dec  1 00:13:47 ubuntu /usr/sbin/irqbalance: IRQ 0(70) guessed as class 0
Dec  1 00:13:47 ubuntu kernel: [    1.758257] GICv3: CPU53: found redistributor 290100 region 53:0x00002000ae240000
Dec  1 00:13:47 ubuntu kernel: [    1.758276] GICv3: CPU53: using allocated LPI pending table @0x00000027fec00000
Dec  1 00:13:47 ubuntu kernel: [    1.758328] CPU53: Booted secondary processor 0x0000290100 [0x481fd010]
Dec  1 00:13:47 ubuntu /usr/sbin/irqbalance: IRQ 0(71) guessed as class 0
Dec  1 00:13:47 ubuntu kernel: [    1.791212] Detected VIPT I-cache on CPU54
Dec  1 00:13:47 ubuntu kernel: [    1.791240] GICv3: CPU54: found redistributor 290200 region 54:0x00002000ae280000
Dec  1 00:13:47 ubuntu kernel: [    1.791259] GICv3: CPU54: using allocated LPI pending table @0x00000027fec10000
Dec  1 00:13:47 ubuntu /usr/sbin/irqbalance: IRQ 0(72) guessed as class 0
Dec  1 00:13:47 ubuntu /usr/sbin/irqbalance: IRQ 0(73) guessed as class 0
Dec  1 00:13:47 ubuntu kernel: [    1.791311] CPU54: Booted secondary processor 0x0000290200 [0x481fd010]
Dec  1 00:13:47 ubuntu /usr/sbin/irqbalance: IRQ 0(74) guessed as class 0
Dec  1 00:13:47 ubuntu kernel: [    1.824196] Detected VIPT I-cache on CPU55
Dec  1 00:13:47 ubuntu kernel: [    1.824224] GICv3: CPU55: found redistributor 290300 region 55:0x00002000ae2c0000
Dec  1 00:13:47 ubuntu kernel: [    1.824244] GICv3: CPU55: using allocated LPI pending table @0x00000027fec20000
Dec  1 00:13:47 ubuntu kernel: [    1.824295] CPU55: Booted secondary processor 0x0000290300 [0x481fd010]
Dec  1 00:13:47 ubuntu /usr/sbin/irqbalance: IRQ 0(75) guessed as class 0
Dec  1 00:13:47 ubuntu /usr/sbin/irqbalance: IRQ 0(76) guessed as class 0
Dec  1 00:13:47 ubuntu /usr/sbin/irqbalance: IRQ 0(77) guessed as class 0
Dec  1 00:13:47 ubuntu kernel: [    1.857358] Detected VIPT I-cache on CPU56
Dec  1 00:13:47 ubuntu kernel: [    1.857388] GICv3: CPU56: found redistributor 2a0000 region 56:0x00002000ae300000
Dec  1 00:13:47 ubuntu kernel: [    1.857417] GICv3: CPU56: using allocated LPI pending table @0x00000027fec30000
Dec  1 00:13:47 ubuntu /usr/sbin/irqbalance: IRQ 0(78) guessed as class 0
Dec  1 00:13:47 ubuntu kernel: [    1.857472] CPU56: Booted secondary processor 0x00002a0000 [0x481fd010]
Dec  1 00:13:47 ubuntu kernel: [    1.890511] Detected VIPT I-cache on CPU57
Dec  1 00:13:47 ubuntu kernel: [    1.890541] GICv3: CPU57: found redistributor 2a0100 region 57:0x00002000ae340000
Dec  1 00:13:47 ubuntu kernel: [    1.890561] GICv3: CPU57: using allocated LPI pending table @0x00000027fec40000
Dec  1 00:13:47 ubuntu kernel: [    1.890613] CPU57: Booted secondary processor 0x00002a0100 [0x481fd010]
Dec  1 00:13:47 ubuntu kernel: [    1.923669] Detected VIPT I-cache on CPU58
Dec  1 00:13:47 ubuntu /usr/sbin/irqbalance: IRQ 0(79) guessed as class 0
Dec  1 00:13:47 ubuntu kernel: [    1.923698] GICv3: CPU58: found redistributor 2a0200 region 58:0x00002000ae380000
Dec  1 00:13:47 ubuntu kernel: [    1.923718] GICv3: CPU58: using allocated LPI pending table @0x00000027fec50000
Dec  1 00:13:47 ubuntu /usr/sbin/irqbalance: IRQ 0(80) guessed as class 0
Dec  1 00:13:47 ubuntu /usr/sbin/irqbalance: IRQ 0(81) guessed as class 0
Dec  1 00:13:47 ubuntu /usr/sbin/irqbalance: IRQ 0(82) guessed as class 0
Dec  1 00:13:47 ubuntu kernel: [    1.923770] CPU58: Booted secondary processor 0x00002a0200 [0x481fd010]
Dec  1 00:13:47 ubuntu /usr/sbin/irqbalance: IRQ 0(83) guessed as class 0
Dec  1 00:13:47 ubuntu kernel: [    1.956826] Detected VIPT I-cache on CPU59
Dec  1 00:13:47 ubuntu kernel: [    1.956856] GICv3: CPU59: found redistributor 2a0300 region 59:0x00002000ae3c0000
Dec  1 00:13:47 ubuntu kernel: [    1.956876] GICv3: CPU59: using allocated LPI pending table @0x00000027fec60000
Dec  1 00:13:47 ubuntu kernel: [    1.956929] CPU59: Booted secondary processor 0x00002a0300 [0x481fd010]
Dec  1 00:13:47 ubuntu /usr/sbin/irqbalance: IRQ 0(84) guessed as class 0
Dec  1 00:13:47 ubuntu kernel: [    1.990161] Detected VIPT I-cache on CPU60
Dec  1 00:13:47 ubuntu kernel: [    1.990192] GICv3: CPU60: found redistributor 2b0000 region 60:0x00002000ae400000
Dec  1 00:13:47 ubuntu kernel: [    1.990220] GICv3: CPU60: using allocated LPI pending table @0x00000027fec70000
Dec  1 00:13:47 ubuntu kernel: [    1.990275] CPU60: Booted secondary processor 0x00002b0000 [0x481fd010]
Dec  1 00:13:47 ubuntu kernel: [    2.023489] Detected VIPT I-cache on CPU61
Dec  1 00:13:47 ubuntu /usr/sbin/irqbalance: IRQ 0(85) guessed as class 0
Dec  1 00:13:47 ubuntu kernel: [    2.023518] GICv3: CPU61: found redistributor 2b0100 region 61:0x00002000ae440000
Dec  1 00:13:47 ubuntu /usr/sbin/irqbalance: IRQ 0(86) guessed as class 0
Dec  1 00:13:47 ubuntu kernel: [    2.023540] GICv3: CPU61: using allocated LPI pending table @0x00000027fec80000
Dec  1 00:13:47 ubuntu kernel: [    2.023593] CPU61: Booted secondary processor 0x00002b0100 [0x481fd010]
Dec  1 00:13:47 ubuntu kernel: [    2.056820] Detected VIPT I-cache on CPU62
Dec  1 00:13:47 ubuntu kernel: [    2.056849] GICv3: CPU62: found redistributor 2b0200 region 62:0x00002000ae480000
Dec  1 00:13:47 ubuntu kernel: [    2.056869] GICv3: CPU62: using allocated LPI pending table @0x00000027fec90000
Dec  1 00:13:47 ubuntu /usr/sbin/irqbalance: IRQ 0(87) guessed as class 0
Dec  1 00:13:47 ubuntu kernel: [    2.056923] CPU62: Booted secondary processor 0x00002b0200 [0x481fd010]
Dec  1 00:13:47 ubuntu kernel: [    2.090152] Detected VIPT I-cache on CPU63
Dec  1 00:13:47 ubuntu /usr/sbin/irqbalance: IRQ 0(88) guessed as class 0
Dec  1 00:13:47 ubuntu kernel: [    2.090181] GICv3: CPU63: found redistributor 2b0300 region 63:0x00002000ae4c0000
Dec  1 00:13:47 ubuntu kernel: [    2.090204] GICv3: CPU63: using allocated LPI pending table @0x00000027feca0000
Dec  1 00:13:47 ubuntu /usr/sbin/irqbalance: IRQ 0(89) guessed as class 0
Dec  1 00:13:47 ubuntu /usr/sbin/irqbalance: IRQ 0(90) guessed as class 0
Dec  1 00:13:47 ubuntu /usr/sbin/irqbalance: IRQ 0(91) guessed as class 0
Dec  1 00:13:47 ubuntu /usr/sbin/irqbalance: IRQ 0(92) guessed as class 0
Dec  1 00:13:47 ubuntu /usr/sbin/irqbalance: IRQ 0(93) guessed as class 0
Dec  1 00:13:47 ubuntu /usr/sbin/irqbalance: IRQ 0(94) guessed as class 0
Dec  1 00:13:47 ubuntu /usr/sbin/irqbalance: IRQ 0(95) guessed as class 0
Dec  1 00:13:47 ubuntu /usr/sbin/irqbalance: IRQ 0(96) guessed as class 0
Dec  1 00:13:47 ubuntu /usr/sbin/irqbalance: IRQ 0(97) guessed as class 0
Dec  1 00:13:47 ubuntu /usr/sbin/irqbalance: IRQ 0(98) guessed as class 0
Dec  1 00:13:47 ubuntu kernel: [    2.090257] CPU63: Booted secondary processor 0x00002b0300 [0x481fd010]
Dec  1 00:13:47 ubuntu /usr/sbin/irqbalance: IRQ 0(99) guessed as class 0
Dec  1 00:13:47 ubuntu kernel: [    2.122966] Detected VIPT I-cache on CPU64
Dec  1 00:13:47 ubuntu kernel: [    2.122997] GICv3: CPU64: found redistributor 2c0000 region 64:0x00002000ae500000
Dec  1 00:13:47 ubuntu kernel: [    2.123026] GICv3: CPU64: using allocated LPI pending table @0x00000027fecb0000
Dec  1 00:13:47 ubuntu kernel: [    2.123082] CPU64: Booted secondary processor 0x00002c0000 [0x481fd010]
Dec  1 00:13:47 ubuntu /usr/sbin/irqbalance: IRQ 0(100) guessed as class 0
Dec  1 00:13:47 ubuntu kernel: [    2.155772] Detected VIPT I-cache on CPU65
Dec  1 00:13:47 ubuntu kernel: [    2.155801] GICv3: CPU65: found redistributor 2c0100 region 65:0x00002000ae540000
Dec  1 00:13:47 ubuntu kernel: [    2.155823] GICv3: CPU65: using allocated LPI pending table @0x00000027fecc0000
Dec  1 00:13:47 ubuntu /usr/sbin/irqbalance: IRQ 0(101) guessed as class 0
Dec  1 00:13:47 ubuntu kernel: [    2.155876] CPU65: Booted secondary processor 0x00002c0100 [0x481fd010]
Dec  1 00:13:47 ubuntu kernel: [    2.188582] Detected VIPT I-cache on CPU66
Dec  1 00:13:47 ubuntu kernel: [    2.188611] GICv3: CPU66: found redistributor 2c0200 region 66:0x00002000ae580000
Dec  1 00:13:47 ubuntu /usr/sbin/irqbalance: IRQ 0(102) guessed as class 0
Dec  1 00:13:47 ubuntu kernel: [    2.188634] GICv3: CPU66: using allocated LPI pending table @0x00000027fecd0000
Dec  1 00:13:47 ubuntu kernel: [    2.188686] CPU66: Booted secondary processor 0x00002c0200 [0x481fd010]
Dec  1 00:13:47 ubuntu kernel: [    2.221393] Detected VIPT I-cache on CPU67
Dec  1 00:13:47 ubuntu /usr/sbin/irqbalance: IRQ 0(103) guessed as class 0
Dec  1 00:13:47 ubuntu /usr/sbin/irqbalance: IRQ 0(104) guessed as class 0
Dec  1 00:13:47 ubuntu /usr/sbin/irqbalance: IRQ 0(105) guessed as class 0
Dec  1 00:13:47 ubuntu kernel: [    2.221422] GICv3: CPU67: found redistributor 2c0300 region 67:0x00002000ae5c0000
Dec  1 00:13:47 ubuntu kernel: [    2.221444] GICv3: CPU67: using allocated LPI pending table @0x00000027fece0000
Dec  1 00:13:47 ubuntu kernel: [    2.221496] CPU67: Booted secondary processor 0x00002c0300 [0x481fd010]
Dec  1 00:13:47 ubuntu /usr/sbin/irqbalance: IRQ 0(106) guessed as class 0
Dec  1 00:13:47 ubuntu kernel: [    2.254380] Detected VIPT I-cache on CPU68
Dec  1 00:13:47 ubuntu /usr/sbin/irqbalance: IRQ 0(107) guessed as class 0
Dec  1 00:13:47 ubuntu kernel: [    2.254412] GICv3: CPU68: found redistributor 2d0000 region 68:0x00002000ae600000
Dec  1 00:13:47 ubuntu kernel: [    2.254444] GICv3: CPU68: using allocated LPI pending table @0x00000027fecf0000
Dec  1 00:13:47 ubuntu kernel: [    2.254499] CPU68: Booted secondary processor 0x00002d0000 [0x481fd010]
Dec  1 00:13:47 ubuntu kernel: [    2.287361] Detected VIPT I-cache on CPU69
Dec  1 00:13:47 ubuntu kernel: [    2.287391] GICv3: CPU69: found redistributor 2d0100 region 69:0x00002000ae640000
Dec  1 00:13:47 ubuntu /usr/sbin/irqbalance: IRQ 0(108) guessed as class 0
Dec  1 00:13:47 ubuntu kernel: [    2.287411] GICv3: CPU69: using allocated LPI pending table @0x00000027fed00000
Dec  1 00:13:47 ubuntu kernel: [    2.287463] CPU69: Booted secondary processor 0x00002d0100 [0x481fd010]
Dec  1 00:13:47 ubuntu kernel: [    2.320345] Detected VIPT I-cache on CPU70
Dec  1 00:13:47 ubuntu /usr/sbin/irqbalance: IRQ 0(109) guessed as class 0
Dec  1 00:13:47 ubuntu kernel: [    2.320375] GICv3: CPU70: found redistributor 2d0200 region 70:0x00002000ae680000
Dec  1 00:13:47 ubuntu kernel: [    2.320395] GICv3: CPU70: using allocated LPI pending table @0x00000027fed10000
Dec  1 00:13:47 ubuntu kernel: [    2.320448] CPU70: Booted secondary processor 0x00002d0200 [0x481fd010]
Dec  1 00:13:47 ubuntu kernel: [    2.353329] Detected VIPT I-cache on CPU71
Dec  1 00:13:47 ubuntu kernel: [    2.353359] GICv3: CPU71: found redistributor 2d0300 region 71:0x00002000ae6c0000
Dec  1 00:13:47 ubuntu /usr/sbin/irqbalance: IRQ 0(110) guessed as class 0
Dec  1 00:13:47 ubuntu kernel: [    2.353380] GICv3: CPU71: using allocated LPI pending table @0x00000027fed20000
Dec  1 00:13:47 ubuntu kernel: [    2.353433] CPU71: Booted secondary processor 0x00002d0300 [0x481fd010]
Dec  1 00:13:47 ubuntu kernel: [    2.393458] Detected VIPT I-cache on CPU72
Dec  1 00:13:47 ubuntu kernel: [    2.393511] GICv3: CPU72: found redistributor 380000 region 72:0x00002000aa100000
Dec  1 00:13:47 ubuntu /usr/sbin/irqbalance: IRQ 0(111) guessed as class 0
Dec  1 00:13:47 ubuntu kernel: [    2.393570] GICv3: CPU72: using allocated LPI pending table @0x00000027fed30000
Dec  1 00:13:47 ubuntu kernel: [    2.393654] CPU72: Booted secondary processor 0x0000380000 [0x481fd010]
Dec  1 00:13:47 ubuntu kernel: [    2.433534] Detected VIPT I-cache on CPU73
Dec  1 00:13:47 ubuntu kernel: [    2.433569] GICv3: CPU73: found redistributor 380100 region 73:0x00002000aa140000
Dec  1 00:13:47 ubuntu /usr/sbin/irqbalance: IRQ 0(112) guessed as class 0
Dec  1 00:13:47 ubuntu kernel: [    2.433594] GICv3: CPU73: using allocated LPI pending table @0x00000027fed40000
Dec  1 00:13:47 ubuntu kernel: [    2.433652] CPU73: Booted secondary processor 0x0000380100 [0x481fd010]
Dec  1 00:13:47 ubuntu kernel: [    2.473636] Detected VIPT I-cache on CPU74
Dec  1 00:13:47 ubuntu kernel: [    2.473671] GICv3: CPU74: found redistributor 380200 region 74:0x00002000aa180000
Dec  1 00:13:47 ubuntu kernel: [    2.473695] GICv3: CPU74: using allocated LPI pending table @0x00000027fed50000
Dec  1 00:13:47 ubuntu systemd[1]: Started CUPS Scheduler.
Dec  1 00:13:47 ubuntu kernel: [    2.473753] CPU74: Booted secondary processor 0x0000380200 [0x481fd010]
Dec  1 00:13:47 ubuntu /usr/sbin/irqbalance: IRQ 0(113) guessed as class 0
Dec  1 00:13:47 ubuntu /usr/sbin/irqbalance: IRQ 0(114) guessed as class 0
Dec  1 00:13:47 ubuntu kernel: [    2.513737] Detected VIPT I-cache on CPU75
Dec  1 00:13:47 ubuntu kernel: [    2.513773] GICv3: CPU75: found redistributor 380300 region 75:0x00002000aa1c0000
Dec  1 00:13:47 ubuntu kernel: [    2.513797] GICv3: CPU75: using allocated LPI pending table @0x00000027fed60000
Dec  1 00:13:47 ubuntu kernel: [    2.513855] CPU75: Booted secondary processor 0x0000380300 [0x481fd010]
Dec  1 00:13:47 ubuntu kernel: [    2.554016] Detected VIPT I-cache on CPU76
Dec  1 00:13:47 ubuntu /usr/sbin/irqbalance: IRQ 0(115) guessed as class 0
Dec  1 00:13:47 ubuntu kernel: [    2.554054] GICv3: CPU76: found redistributor 390000 region 76:0x00002000aa200000
Dec  1 00:13:47 ubuntu kernel: [    2.554089] GICv3: CPU76: using allocated LPI pending table @0x00000027fed70000
Dec  1 00:13:47 ubuntu kernel: [    2.554151] CPU76: Booted secondary processor 0x0000390000 [0x481fd010]
Dec  1 00:13:47 ubuntu /usr/sbin/irqbalance: IRQ 0(116) guessed as class 0
Dec  1 00:13:47 ubuntu kernel: [    2.594287] Detected VIPT I-cache on CPU77
Dec  1 00:13:47 ubuntu kernel: [    2.594324] GICv3: CPU77: found redistributor 390100 region 77:0x00002000aa240000
Dec  1 00:13:47 ubuntu kernel: [    2.594347] GICv3: CPU77: using allocated LPI pending table @0x00000027fed80000
Dec  1 00:13:47 ubuntu kernel: [    2.594404] CPU77: Booted secondary processor 0x0000390100 [0x481fd010]
Dec  1 00:13:47 ubuntu kernel: [    2.634564] Detected VIPT I-cache on CPU78
Dec  1 00:13:47 ubuntu /usr/sbin/irqbalance: IRQ 0(117) guessed as class 0
Dec  1 00:13:47 ubuntu kernel: [    2.634600] GICv3: CPU78: found redistributor 390200 region 78:0x00002000aa280000
Dec  1 00:13:47 ubuntu kernel: [    2.634624] GICv3: CPU78: using allocated LPI pending table @0x00000027fed90000
Dec  1 00:13:47 ubuntu kernel: [    2.634682] CPU78: Booted secondary processor 0x0000390200 [0x481fd010]
Dec  1 00:13:47 ubuntu kernel: [    2.674838] Detected VIPT I-cache on CPU79
Dec  1 00:13:47 ubuntu kernel: [    2.674874] GICv3: CPU79: found redistributor 390300 region 79:0x00002000aa2c0000
Dec  1 00:13:47 ubuntu /usr/sbin/irqbalance: IRQ 0(118) guessed as class 0
Dec  1 00:13:47 ubuntu kernel: [    2.674899] GICv3: CPU79: using allocated LPI pending table @0x00000027feda0000
Dec  1 00:13:47 ubuntu kernel: [    2.674956] CPU79: Booted secondary processor 0x0000390300 [0x481fd010]
Dec  1 00:13:47 ubuntu kernel: [    2.715290] Detected VIPT I-cache on CPU80
Dec  1 00:13:47 ubuntu /usr/sbin/irqbalance: IRQ 0(119) guessed as class 0
Dec  1 00:13:47 ubuntu kernel: [    2.715329] GICv3: CPU80: found redistributor 3a0000 region 80:0x00002000aa300000
Dec  1 00:13:47 ubuntu kernel: [    2.715366] GICv3: CPU80: using allocated LPI pending table @0x00000027fedb0000
Dec  1 00:13:47 ubuntu kernel: [    2.715428] CPU80: Booted secondary processor 0x00003a0000 [0x481fd010]
Dec  1 00:13:47 ubuntu /usr/sbin/irqbalance: IRQ 0(152) guessed as class 0
Dec  1 00:13:47 ubuntu kernel: [    2.755736] Detected VIPT I-cache on CPU81
Dec  1 00:13:47 ubuntu kernel: [    2.755773] GICv3: CPU81: found redistributor 3a0100 region 81:0x00002000aa340000
Dec  1 00:13:47 ubuntu kernel: [    2.755797] GICv3: CPU81: using allocated LPI pending table @0x00000027fedc0000
Dec  1 00:13:47 ubuntu /usr/sbin/irqbalance: IRQ 0(153) guessed as class 0
Dec  1 00:13:47 ubuntu kernel: [    2.755855] CPU81: Booted secondary processor 0x00003a0100 [0x481fd010]
Dec  1 00:13:47 ubuntu kernel: [    2.796185] Detected VIPT I-cache on CPU82
Dec  1 00:13:47 ubuntu kernel: [    2.796221] GICv3: CPU82: found redistributor 3a0200 region 82:0x00002000aa380000
Dec  1 00:13:47 ubuntu kernel: [    2.796246] GICv3: CPU82: using allocated LPI pending table @0x00000027fedd0000
Dec  1 00:13:47 ubuntu kernel: [    2.796304] CPU82: Booted secondary processor 0x00003a0200 [0x481fd010]
Dec  1 00:13:47 ubuntu /usr/sbin/irqbalance: IRQ 0(282) guessed as class 0
Dec  1 00:13:47 ubuntu kernel: [    2.836634] Detected VIPT I-cache on CPU83
Dec  1 00:13:47 ubuntu kernel: [    2.836671] GICv3: CPU83: found redistributor 3a0300 region 83:0x00002000aa3c0000
Dec  1 00:13:47 ubuntu kernel: [    2.836696] GICv3: CPU83: using allocated LPI pending table @0x00000027fede0000
Dec  1 00:13:47 ubuntu /usr/sbin/irqbalance: IRQ 0(283) guessed as class 0
Dec  1 00:13:47 ubuntu kernel: [    2.836754] CPU83: Booted secondary processor 0x00003a0300 [0x481fd010]
Dec  1 00:13:47 ubuntu kernel: [    2.877260] Detected VIPT I-cache on CPU84
Dec  1 00:13:47 ubuntu kernel: [    2.877299] GICv3: CPU84: found redistributor 3b0000 region 84:0x00002000aa400000
Dec  1 00:13:47 ubuntu kernel: [    2.877333] GICv3: CPU84: using allocated LPI pending table @0x00000027fedf0000
Dec  1 00:13:47 ubuntu kernel: [    2.877395] CPU84: Booted secondary processor 0x00003b0000 [0x481fd010]
Dec  1 00:13:47 ubuntu kernel: [    2.917878] Detected VIPT I-cache on CPU85
Dec  1 00:13:47 ubuntu /usr/sbin/irqbalance: IRQ 0(284) guessed as class 0
Dec  1 00:13:47 ubuntu kernel: [    2.917915] GICv3: CPU85: found redistributor 3b0100 region 85:0x00002000aa440000
Dec  1 00:13:47 ubuntu kernel: [    2.917940] GICv3: CPU85: using allocated LPI pending table @0x00000027fee00000
Dec  1 00:13:47 ubuntu kernel: [    2.917998] CPU85: Booted secondary processor 0x00003b0100 [0x481fd010]
Dec  1 00:13:47 ubuntu kernel: [    2.958501] Detected VIPT I-cache on CPU86
Dec  1 00:13:47 ubuntu /usr/sbin/irqbalance: IRQ 0(285) guessed as class 0
Dec  1 00:13:47 ubuntu kernel: [    2.958538] GICv3: CPU86: found redistributor 3b0200 region 86:0x00002000aa480000
Dec  1 00:13:47 ubuntu /usr/sbin/irqbalance: IRQ 0(286) guessed as class 0
Dec  1 00:13:47 ubuntu kernel: [    2.958563] GICv3: CPU86: using allocated LPI pending table @0x00000027fee10000
Dec  1 00:13:47 ubuntu kernel: [    2.958621] CPU86: Booted secondary processor 0x00003b0200 [0x481fd010]
Dec  1 00:13:47 ubuntu kernel: [    2.999123] Detected VIPT I-cache on CPU87
Dec  1 00:13:47 ubuntu kernel: [    2.999161] GICv3: CPU87: found redistributor 3b0300 region 87:0x00002000aa4c0000
Dec  1 00:13:47 ubuntu kernel: [    2.999185] GICv3: CPU87: using allocated LPI pending table @0x00000027fee20000
Dec  1 00:13:47 ubuntu /usr/sbin/irqbalance: IRQ 0(287) guessed as class 0
Dec  1 00:13:47 ubuntu kernel: [    2.999243] CPU87: Booted secondary processor 0x00003b0300 [0x481fd010]
Dec  1 00:13:47 ubuntu kernel: [    3.039227] Detected VIPT I-cache on CPU88
Dec  1 00:13:47 ubuntu kernel: [    3.039266] GICv3: CPU88: found redistributor 3c0000 region 88:0x00002000aa500000
Dec  1 00:13:47 ubuntu /usr/sbin/irqbalance: IRQ 0(288) guessed as class 0
Dec  1 00:13:47 ubuntu kernel: [    3.039301] GICv3: CPU88: using allocated LPI pending table @0x00000027fee30000
Dec  1 00:13:47 ubuntu kernel: [    3.039363] CPU88: Booted secondary processor 0x00003c0000 [0x481fd010]
Dec  1 00:13:47 ubuntu kernel: [    3.079326] Detected VIPT I-cache on CPU89
Dec  1 00:13:47 ubuntu kernel: [    3.079363] GICv3: CPU89: found redistributor 3c0100 region 89:0x00002000aa540000
Dec  1 00:13:47 ubuntu /usr/sbin/irqbalance: IRQ 0(289) guessed as class 0
Dec  1 00:13:47 ubuntu kernel: [    3.079390] GICv3: CPU89: using allocated LPI pending table @0x00000027fee40000
Dec  1 00:13:47 ubuntu kernel: [    3.079448] CPU89: Booted secondary processor 0x00003c0100 [0x481fd010]
Dec  1 00:13:47 ubuntu kernel: [    3.119428] Detected VIPT I-cache on CPU90
Dec  1 00:13:47 ubuntu kernel: [    3.119464] GICv3: CPU90: found redistributor 3c0200 region 90:0x00002000aa580000
Dec  1 00:13:47 ubuntu /usr/sbin/irqbalance: IRQ 0(290) guessed as class 0
Dec  1 00:13:47 ubuntu /usr/sbin/irqbalance: IRQ 0(291) guessed as class 0
Dec  1 00:13:47 ubuntu /usr/sbin/irqbalance: IRQ 0(292) guessed as class 0
Dec  1 00:13:47 ubuntu /usr/sbin/irqbalance: IRQ 0(293) guessed as class 0
Dec  1 00:13:47 ubuntu /usr/sbin/irqbalance: IRQ 0(294) guessed as class 0
Dec  1 00:13:47 ubuntu /usr/sbin/irqbalance: IRQ 0(295) guessed as class 0
Dec  1 00:13:47 ubuntu /usr/sbin/irqbalance: IRQ 0(296) guessed as class 0
Dec  1 00:13:47 ubuntu /usr/sbin/irqbalance: IRQ 0(297) guessed as class 0
Dec  1 00:13:47 ubuntu /usr/sbin/irqbalance: IRQ 0(298) guessed as class 0
Dec  1 00:13:47 ubuntu /usr/sbin/irqbalance: IRQ 0(299) guessed as class 0
Dec  1 00:13:47 ubuntu /usr/sbin/irqbalance: IRQ 0(300) guessed as class 0
Dec  1 00:13:47 ubuntu /usr/sbin/irqbalance: IRQ 0(301) guessed as class 0
Dec  1 00:13:47 ubuntu kernel: [    3.119490] GICv3: CPU90: using allocated LPI pending table @0x00000027fee50000
Dec  1 00:13:47 ubuntu /usr/sbin/irqbalance: IRQ 0(302) guessed as class 0
Dec  1 00:13:47 ubuntu kernel: [    3.119548] CPU90: Booted secondary processor 0x00003c0200 [0x481fd010]
Dec  1 00:13:47 ubuntu kernel: [    3.159529] Detected VIPT I-cache on CPU91
Dec  1 00:13:47 ubuntu kernel: [    3.159566] GICv3: CPU91: found redistributor 3c0300 region 91:0x00002000aa5c0000
Dec  1 00:13:47 ubuntu kernel: [    3.159591] GICv3: CPU91: using allocated LPI pending table @0x00000027fee60000
Dec  1 00:13:47 ubuntu /usr/sbin/irqbalance: IRQ 0(303) guessed as class 0
Dec  1 00:13:47 ubuntu kernel: [    3.159649] CPU91: Booted secondary processor 0x00003c0300 [0x481fd010]
Dec  1 00:13:47 ubuntu kernel: [    3.199807] Detected VIPT I-cache on CPU92
Dec  1 00:13:47 ubuntu kernel: [    3.199846] GICv3: CPU92: found redistributor 3d0000 region 92:0x00002000aa600000
Dec  1 00:13:47 ubuntu kernel: [    3.199883] GICv3: CPU92: using allocated LPI pending table @0x00000027fee70000
Dec  1 00:13:47 ubuntu /usr/sbin/irqbalance: IRQ 0(304) guessed as class 0
Dec  1 00:13:47 ubuntu kernel: [    3.199945] CPU92: Booted secondary processor 0x00003d0000 [0x481fd010]
Dec  1 00:13:47 ubuntu kernel: [    3.240080] Detected VIPT I-cache on CPU93
Dec  1 00:13:47 ubuntu kernel: [    3.240117] GICv3: CPU93: found redistributor 3d0100 region 93:0x00002000aa640000
Dec  1 00:13:47 ubuntu kernel: [    3.240142] GICv3: CPU93: using allocated LPI pending table @0x00000027fee80000
Dec  1 00:13:47 ubuntu /usr/sbin/irqbalance: IRQ 0(305) guessed as class 0
Dec  1 00:13:47 ubuntu kernel: [    3.240201] CPU93: Booted secondary processor 0x00003d0100 [0x481fd010]
Dec  1 00:13:47 ubuntu kernel: [    3.280355] Detected VIPT I-cache on CPU94
Dec  1 00:13:47 ubuntu kernel: [    3.280393] GICv3: CPU94: found redistributor 3d0200 region 94:0x00002000aa680000
Dec  1 00:13:47 ubuntu /usr/sbin/irqbalance: IRQ 0(306) guessed as class 0
Dec  1 00:13:47 ubuntu kernel: [    3.280419] GICv3: CPU94: using allocated LPI pending table @0x00000027fee90000
Dec  1 00:13:47 ubuntu kernel: [    3.280477] CPU94: Booted secondary processor 0x00003d0200 [0x481fd010]
Dec  1 00:13:47 ubuntu kernel: [    3.320630] Detected VIPT I-cache on CPU95
Dec  1 00:13:47 ubuntu kernel: [    3.320668] GICv3: CPU95: found redistributor 3d0300 region 95:0x00002000aa6c0000
Dec  1 00:13:47 ubuntu /usr/sbin/irqbalance: IRQ 0(307) guessed as class 0
Dec  1 00:13:47 ubuntu /usr/sbin/irqbalance: IRQ 0(308) guessed as class 0
Dec  1 00:13:47 ubuntu kernel: [    3.320693] GICv3: CPU95: using allocated LPI pending table @0x00000027feea0000
Dec  1 00:13:47 ubuntu kernel: [    3.320751] CPU95: Booted secondary processor 0x00003d0300 [0x481fd010]
Dec  1 00:13:47 ubuntu /usr/sbin/irqbalance: IRQ 0(309) guessed as class 0
Dec  1 00:13:47 ubuntu kernel: [    3.321580] smp: Brought up 4 nodes, 96 CPUs
Dec  1 00:13:47 ubuntu kernel: [    3.322126] SMP: Total of 96 processors activated.
Dec  1 00:13:47 ubuntu kernel: [    3.322129] CPU features: detected: Privileged Access Never
Dec  1 00:13:47 ubuntu kernel: [    3.322130] CPU features: detected: LSE atomic instructions
Dec  1 00:13:47 ubuntu kernel: [    3.322132] CPU features: detected: User Access Override
Dec  1 00:13:47 ubuntu kernel: [    3.322135] CPU features: detected: Common not Private translations
Dec  1 00:13:47 ubuntu kernel: [    3.322137] CPU features: detected: Data cache clean to Point of Persistence
Dec  1 00:13:47 ubuntu /usr/sbin/irqbalance: IRQ 0(310) guessed as class 0
Dec  1 00:13:47 ubuntu kernel: [    3.322139] CPU features: detected: RAS Extension Support
Dec  1 00:13:47 ubuntu kernel: [    3.322141] CPU features: detected: CRC32 instructions
Dec  1 00:13:47 ubuntu /usr/sbin/irqbalance: IRQ 0(311) guessed as class 0
Dec  1 00:13:47 ubuntu /usr/sbin/irqbalance: IRQ 0(312) guessed as class 0
Dec  1 00:13:47 ubuntu kernel: [    3.386912] CPU: All CPU(s) started at EL2
Dec  1 00:13:47 ubuntu kernel: [    3.402892] devtmpfs: initialized
Dec  1 00:13:47 ubuntu kernel: [    3.405722] Registered cp15_barrier emulation handler
Dec  1 00:13:47 ubuntu kernel: [    3.405761] Registered setend emulation handler
Dec  1 00:13:47 ubuntu /usr/sbin/irqbalance: IRQ 0(313) guessed as class 0
Dec  1 00:13:47 ubuntu kernel: [    3.405765] KASLR disabled due to lack of seed
Dec  1 00:13:47 ubuntu kernel: [    3.406173] clocksource: jiffies: mask: 0xffffffff max_cycles: 0xffffffff, max_idle_ns: 7645041785100000 ns
Dec  1 00:13:47 ubuntu kernel: [    3.406635] futex hash table entries: 32768 (order: 9, 2097152 bytes, vmalloc)
Dec  1 00:13:47 ubuntu kernel: [    3.407471] pinctrl core: initialized pinctrl subsystem
Dec  1 00:13:47 ubuntu /usr/sbin/irqbalance: IRQ 0(314) guessed as class 0
Dec  1 00:13:47 ubuntu kernel: [    3.407650] thermal_sys: Registered thermal governor 'fair_share'
Dec  1 00:13:47 ubuntu kernel: [    3.407651] thermal_sys: Registered thermal governor 'bang_bang'
Dec  1 00:13:47 ubuntu kernel: [    3.407654] thermal_sys: Registered thermal governor 'step_wise'
Dec  1 00:13:47 ubuntu /usr/sbin/irqbalance: IRQ 0(315) guessed as class 0
Dec  1 00:13:47 ubuntu kernel: [    3.407657] thermal_sys: Registered thermal governor 'user_space'
Dec  1 00:13:47 ubuntu kernel: [    3.407741] SMBIOS 3.1.1 present.
Dec  1 00:13:47 ubuntu kernel: [    3.407747] DMI: Huawei TaiShan 200 (Model 2280)/BC82AMDDA, BIOS 1.06 10/29/2019
Dec  1 00:13:47 ubuntu kernel: [    3.408089] NET: Registered protocol family 16
Dec  1 00:13:47 ubuntu kernel: [    3.409194] DMA: preallocated 256 KiB pool for atomic allocations
Dec  1 00:13:47 ubuntu kernel: [    3.409199] audit: initializing netlink subsys (disabled)
Dec  1 00:13:47 ubuntu /usr/sbin/irqbalance: IRQ 0(316) guessed as class 0
Dec  1 00:13:47 ubuntu kernel: [    3.409242] audit: type=2000 audit(0.488:1): state=initialized audit_enabled=0 res=1
Dec  1 00:13:47 ubuntu kernel: [    3.409502] cpuidle: using governor ladder
Dec  1 00:13:47 ubuntu kernel: [    3.409574] cpuidle: using governor menu
Dec  1 00:13:47 ubuntu /usr/sbin/irqbalance: IRQ 0(317) guessed as class 0
Dec  1 00:13:47 ubuntu /usr/sbin/irqbalance: IRQ 0(318) guessed as class 0
Dec  1 00:13:47 ubuntu kernel: [    3.409583] Detected 1 PCC Subspaces
Dec  1 00:13:47 ubuntu kernel: [    3.409608] Registering PCC driver as Mailbox controller
Dec  1 00:13:47 ubuntu kernel: [    3.409687] hw-breakpoint: found 6 breakpoint and 4 watchpoint registers.
Dec  1 00:13:47 ubuntu kernel: [    3.410551] ASID allocator initialised with 65536 entries
Dec  1 00:13:47 ubuntu /usr/sbin/irqbalance: IRQ 0(319) guessed as class 0
Dec  1 00:13:47 ubuntu kernel: [    3.410701] ACPI: bus type PCI registered
Dec  1 00:13:47 ubuntu kernel: [    3.410706] acpiphp: ACPI Hot Plug PCI Controller Driver version: 0.5
Dec  1 00:13:47 ubuntu kernel: [    3.410880] Serial: AMBA PL011 UART driver
Dec  1 00:13:47 ubuntu kernel: [    3.418045] HugeTLB registered 1.00 GiB page size, pre-allocated 0 pages
Dec  1 00:13:47 ubuntu kernel: [    3.418050] HugeTLB registered 32.0 MiB page size, pre-allocated 0 pages
Dec  1 00:13:47 ubuntu /usr/sbin/irqbalance: IRQ 0(320) guessed as class 0
Dec  1 00:13:47 ubuntu kernel: [    3.418052] HugeTLB registered 2.00 MiB page size, pre-allocated 0 pages
Dec  1 00:13:47 ubuntu kernel: [    3.418055] HugeTLB registered 64.0 KiB page size, pre-allocated 0 pages
Dec  1 00:13:47 ubuntu kernel: [    3.421647] fbcon: Taking over console
Dec  1 00:13:47 ubuntu /usr/sbin/irqbalance: IRQ 0(321) guessed as class 0
Dec  1 00:13:47 ubuntu kernel: [    3.422058] ACPI: Added _OSI(Module Device)
Dec  1 00:13:47 ubuntu kernel: [    3.422061] ACPI: Added _OSI(Processor Device)
Dec  1 00:13:47 ubuntu kernel: [    3.422063] ACPI: Added _OSI(3.0 _SCP Extensions)
Dec  1 00:13:47 ubuntu kernel: [    3.422065] ACPI: Added _OSI(Processor Aggregator Device)
Dec  1 00:13:47 ubuntu kernel: [    3.422068] ACPI: Added _OSI(Linux-Dell-Video)
Dec  1 00:13:47 ubuntu /usr/sbin/irqbalance: IRQ 0(322) guessed as class 0
Dec  1 00:13:47 ubuntu kernel: [    3.422070] ACPI: Added _OSI(Linux-Lenovo-NV-HDMI-Audio)
Dec  1 00:13:47 ubuntu kernel: [    3.422072] ACPI: Added _OSI(Linux-HPI-Hybrid-Graphics)
Dec  1 00:13:47 ubuntu kernel: [    3.431240] ACPI: 2 ACPI AML tables successfully acquired and loaded
Dec  1 00:13:47 ubuntu kernel: [    3.434705] ACPI: Interpreter enabled
Dec  1 00:13:47 ubuntu kernel: [    3.434709] ACPI: Using GIC for interrupt routing
Dec  1 00:13:47 ubuntu kernel: [    3.434721] ACPI: MCFG table detected, 1 entries
Dec  1 00:13:47 ubuntu /usr/sbin/irqbalance: IRQ 0(323) guessed as class 0
Dec  1 00:13:47 ubuntu kernel: [    3.434724] ACPI: IORT: [Firmware Bug]: ID count for ID mapping entry is wrong, applying workaround
Dec  1 00:13:47 ubuntu /usr/sbin/irqbalance: IRQ 0(324) guessed as class 0
Dec  1 00:13:47 ubuntu /usr/sbin/irqbalance: IRQ 0(325) guessed as class 0
Dec  1 00:13:47 ubuntu /usr/sbin/irqbalance: IRQ 0(326) guessed as class 0
Dec  1 00:13:47 ubuntu kernel: [    3.434730] ACPI: IORT: SMMU-v3[148000000] Mapped to Proximity domain 0
Dec  1 00:13:47 ubuntu /usr/sbin/irqbalance: IRQ 0(327) guessed as class 0
Dec  1 00:13:47 ubuntu kernel: [    3.434782] ACPI: IORT: SMMU-v3[201000000] Mapped to Proximity domain 0
Dec  1 00:13:47 ubuntu kernel: [    3.434803] ACPI: IORT: SMMU-v3[100000000] Mapped to Proximity domain 0
Dec  1 00:13:47 ubuntu kernel: [    3.434825] ACPI: IORT: SMMU-v3[140000000] Mapped to Proximity domain 0
Dec  1 00:13:47 ubuntu kernel: [    3.434844] ACPI: IORT: SMMU-v3[200148000000] Mapped to Proximity domain 2
Dec  1 00:13:47 ubuntu kernel: [    3.434865] ACPI: IORT: SMMU-v3[200201000000] Mapped to Proximity domain 2
