Apr 16 00:09:34 ubuntu anacron[15616]: Job `cron.daily' terminated
Apr 16 00:09:34 ubuntu anacron[15616]: Normal exit (1 job run)
Apr 16 00:17:01 ubuntu CRON[23834]: (root) CMD (   cd / && run-parts --report /etc/cron.hourly)
Apr 16 00:54:01 ubuntu CRON[45455]: (root) CMD (   test -x /etc/cron.daily/popularity-contest && /etc/cron.daily/popularity-contest --crond)
Apr 16 01:01:22 ubuntu systemd[1]: Started Run anacron jobs.
Apr 16 01:01:22 ubuntu anacron[49758]: Anacron 2.3 started on 2021-04-16
Apr 16 01:01:22 ubuntu anacron[49758]: Normal exit (0 jobs run)
Apr 16 01:17:02 ubuntu CRON[58916]: (root) CMD (   cd / && run-parts --report /etc/cron.hourly)
Apr 16 01:48:23 ubuntu systemd[1]: Starting Message of the Day...
Apr 16 01:48:25 ubuntu 50-motd-news[77279]:  * Introducing self-healing high availability clusters in MicroK8s.
Apr 16 01:48:25 ubuntu 50-motd-news[77279]:    Simple, hardened, Kubernetes for production, from RaspberryPi to DC.
Apr 16 01:48:25 ubuntu 50-motd-news[77279]:      https://microk8s.io/high-availability
Apr 16 01:48:25 ubuntu systemd[1]: Started Message of the Day.
Apr 16 02:01:23 ubuntu systemd[1]: Started Run anacron jobs.
Apr 16 02:01:24 ubuntu anacron[84959]: Anacron 2.3 started on 2021-04-16
Apr 16 02:01:24 ubuntu anacron[84959]: Normal exit (0 jobs run)
Apr 16 02:17:01 ubuntu CRON[94123]: (root) CMD (   cd / && run-parts --report /etc/cron.hourly)
Apr 16 03:02:01 ubuntu systemd[1]: Started Run anacron jobs.
Apr 16 03:02:01 ubuntu anacron[23096]: Anacron 2.3 started on 2021-04-16
Apr 16 03:02:01 ubuntu anacron[23096]: Normal exit (0 jobs run)
Apr 16 03:17:01 ubuntu CRON[31861]: (root) CMD (   cd / && run-parts --report /etc/cron.hourly)
Apr 16 04:01:01 ubuntu systemd[1]: Started Run anacron jobs.
Apr 16 04:01:01 ubuntu anacron[57593]: Anacron 2.3 started on 2021-04-16
Apr 16 04:01:01 ubuntu anacron[57593]: Normal exit (0 jobs run)
Apr 16 04:17:01 ubuntu CRON[66974]: (root) CMD (   cd / && run-parts --report /etc/cron.hourly)
Apr 16 05:04:01 ubuntu systemd[1]: Started Run anacron jobs.
Apr 16 05:04:01 ubuntu anacron[94456]: Anacron 2.3 started on 2021-04-16
Apr 16 05:04:01 ubuntu anacron[94456]: Normal exit (0 jobs run)
Apr 16 05:17:02 ubuntu CRON[4731]: (root) CMD (   cd / && run-parts --report /etc/cron.hourly)
Apr 16 06:04:01 ubuntu systemd[1]: Started Run anacron jobs.
Apr 16 06:04:01 ubuntu anacron[32181]: Anacron 2.3 started on 2021-04-16
Apr 16 06:04:01 ubuntu systemd[1]: Starting Daily apt upgrade and clean activities...
Apr 16 06:04:01 ubuntu anacron[32181]: Normal exit (0 jobs run)
Apr 16 06:04:01 ubuntu systemd[1]: Started Daily apt upgrade and clean activities.
Apr 16 06:17:01 ubuntu CRON[39870]: (root) CMD (   cd / && run-parts --report /etc/cron.hourly)
Apr 16 06:25:01 ubuntu CRON[44559]: (root) CMD (test -x /usr/sbin/anacron || ( cd / && run-parts --report /etc/cron.daily ))
Apr 16 07:04:01 ubuntu systemd[1]: Started Run anacron jobs.
Apr 16 07:04:01 ubuntu anacron[67369]: Anacron 2.3 started on 2021-04-16
Apr 16 07:04:01 ubuntu anacron[67369]: Normal exit (0 jobs run)
Apr 16 07:17:02 ubuntu CRON[75006]: (root) CMD (   cd / && run-parts --report /etc/cron.hourly)
Apr 16 07:30:01 ubuntu CRON[82627]: (root) CMD ([ -x /etc/init.d/anacron ] && if [ ! -d /run/systemd/system ]; then /usr/sbin/invoke-rc.d anacron start >/dev/null; fi)
Apr 16 08:00:29 ubuntu systemd[1]: Started Run anacron jobs.
Apr 16 08:00:30 ubuntu anacron[3107]: Anacron 2.3 started on 2021-04-16
Apr 16 08:00:30 ubuntu anacron[3107]: Normal exit (0 jobs run)
Apr 16 08:17:01 ubuntu CRON[12803]: (root) CMD (   cd / && run-parts --report /etc/cron.hourly)
Apr 16 09:03:01 ubuntu systemd[1]: Started Run anacron jobs.
Apr 16 09:03:01 ubuntu anacron[39699]: Anacron 2.3 started on 2021-04-16
Apr 16 09:03:01 ubuntu anacron[39699]: Normal exit (0 jobs run)
Apr 16 09:17:01 ubuntu CRON[47914]: (root) CMD (   cd / && run-parts --report /etc/cron.hourly)
Apr 16 09:30:06 ubuntu systemd[1]: Started Session 182 of user huawei.
Apr 16 09:32:59 ubuntu systemd[1]: Stopping Session 182 of user huawei.
Apr 16 09:32:59 ubuntu systemd[1]: Stopping PackageKit Daemon...
Apr 16 09:32:59 ubuntu systemd[1]: Stopping User Manager for UID 1000...
Apr 16 09:32:59 ubuntu systemd[1]: Stopping Authorization Manager...
Apr 16 09:37:00 ubuntu systemd[1]: Starting Flush Journal to Persistent Storage...
Apr 16 09:37:00 ubuntu kernel: [    0.000000] Booting Linux on physical CPU 0x0000080000 [0x481fd010]
Apr 16 09:37:00 ubuntu systemd[1]: Started udev Coldplug all Devices.
Apr 16 09:37:00 ubuntu kernel: [    0.000000] Linux version 5.7.1 (root@ubuntu) (gcc version 7.5.0 (Ubuntu/Linaro 7.5.0-3ubuntu1~18.04), GNU ld (GNU Binutils for Ubuntu) 2.30) #1 SMP Wed Mar 3 19:39:20 CST 2021
Apr 16 09:37:00 ubuntu kernel: [    0.000000] efi: EFI v2.70 by EDK II
Apr 16 09:37:00 ubuntu systemd[1]: Started LVM2 metadata daemon.
Apr 16 09:37:00 ubuntu kernel: [    0.000000] efi:  ACPI 2.0=0x2fc50000  SMBIOS 3.0=0x2fbf0000  MEMATTR=0x35e93018  ESRT=0x36117b18  MEMRESERVE=0x2fb93018 
Apr 16 09:37:00 ubuntu kernel: [    0.000000] esrt: Reserving ESRT space from 0x0000000036117b18 to 0x0000000036117b50.
Apr 16 09:37:00 ubuntu kernel: [    0.000000] cma: Reserved 32 MiB at 0x000000007e000000
Apr 16 09:37:00 ubuntu kernel: [    0.000000] ACPI: Early table checksum verification disabled
Apr 16 09:37:00 ubuntu kernel: [    0.000000] ACPI: RSDP 0x000000002FC50000 000024 (v02 HISI  )
Apr 16 09:37:00 ubuntu kernel: [    0.000000] ACPI: XSDT 0x000000002FC40000 0000A4 (v01 HISI   HIP08    00000000      01000013)
Apr 16 09:37:00 ubuntu systemd[1]: Started Create Static Device Nodes in /dev.
Apr 16 09:37:00 ubuntu kernel: [    0.000000] ACPI: FACP 0x000000002F790000 000114 (v06 HISI   HIP08    00000000 HISI 20151124)
Apr 16 09:37:00 ubuntu kernel: [    0.000000] ACPI: DSDT 0x000000002F530000 00C441 (v02 HISI   HIP08    00000000 INTL 20181213)
Apr 16 09:37:00 ubuntu kernel: [    0.000000] ACPI: PCCT 0x000000002FC30000 00008A (v01 HISI   HIP08    00000000 HISI 20151124)
Apr 16 09:37:00 ubuntu kernel: [    0.000000] ACPI: SSDT 0x000000002FC20000 00E64A (v02 HISI   HIP07    00000000 INTL 20181213)
Apr 16 09:37:00 ubuntu kernel: [    0.000000] ACPI: BERT 0x000000002FBC0000 000030 (v01 HISI   HIP08    00000000 HISI 20151124)
Apr 16 09:37:00 ubuntu systemd[1]: Starting udev Kernel Device Manager...
Apr 16 09:37:00 ubuntu kernel: [    0.000000] ACPI: HEST 0x000000002FBA0000 00058C (v01 HISI   HIP08    00000000 HISI 20151124)
Apr 16 09:37:00 ubuntu kernel: [    0.000000] ACPI: ERST 0x000000002FB60000 000230 (v01 HISI   HIP08    00000000 HISI 20151124)
Apr 16 09:37:00 ubuntu kernel: [    0.000000] ACPI: EINJ 0x000000002FB50000 000170 (v01 HISI   HIP08    00000000 HISI 20151124)
Apr 16 09:37:00 ubuntu systemd[1]: Activated swap /swapfile.
Apr 16 09:37:00 ubuntu kernel: [    0.000000] ACPI: GTDT 0x000000002F590000 00007C (v02 HISI   HIP08    00000000 HISI 20151124)
Apr 16 09:37:00 ubuntu kernel: [    0.000000] ACPI: MCFG 0x000000002F580000 00003C (v01 HISI   HIP08    00000000 HISI 20151124)
Apr 16 09:37:00 ubuntu kernel: [    0.000000] ACPI: SLIT 0x000000002F570000 00003C (v01 HISI   HIP08    00000000 HISI 20151124)
Apr 16 09:37:00 ubuntu kernel: [    0.000000] ACPI: SRAT 0x000000002F560000 0007D0 (v03 HISI   HIP08    00000000 HISI 20151124)
Apr 16 09:37:00 ubuntu kernel: [    0.000000] ACPI: SDEI 0x000000002F550000 000030 (v01 HISI   HIP08    00000000 HISI 20151124)
Apr 16 09:37:00 ubuntu systemd[1]: Reached target Swap.
Apr 16 09:37:00 ubuntu kernel: [    0.000000] ACPI: APIC 0x000000002F540000 001E6C (v04 HISI   HIP08    00000000 HISI 20151124)
Apr 16 09:37:00 ubuntu kernel: [    0.000000] ACPI: IORT 0x000000002F520000 001678 (v00 HISI   HIP08    00000000 INTL 20181213)
Apr 16 09:37:00 ubuntu kernel: [    0.000000] ACPI: PPTT 0x000000002ECE0000 0031B0 (v01 HISI   HIP08    00000000 HISI 20151124)
Apr 16 09:37:00 ubuntu systemd[1]: Started Monitoring of LVM2 mirrors, snapshots etc. using dmeventd or progress polling.
Apr 16 09:37:00 ubuntu kernel: [    0.000000] ACPI: SPMI 0x000000002ECD0000 000041 (v05 HISI   HIP08    00000000 HISI 20151124)
Apr 16 09:37:00 ubuntu kernel: [    0.000000] ACPI: SRAT: Node 0 PXM 0 [mem 0x2080000000-0x27ffffffff]
Apr 16 09:37:00 ubuntu kernel: [    0.000000] ACPI: SRAT: Node 1 PXM 1 [mem 0x2800000000-0x2fffffffff]
Apr 16 09:37:00 ubuntu kernel: [    0.000000] ACPI: SRAT: Node 0 PXM 0 [mem 0x00000000-0x7fffffff]
Apr 16 09:37:00 ubuntu kernel: [    0.000000] ACPI: SRAT: Node 2 PXM 2 [mem 0x202000000000-0x2027ffffffff]
Apr 16 09:37:00 ubuntu systemd-modules-load[1494]: Inserted module 'lp'
Apr 16 09:37:00 ubuntu kernel: [    0.000000] ACPI: SRAT: Node 3 PXM 3 [mem 0x202800000000-0x202fffffffff]
Apr 16 09:37:00 ubuntu kernel: [    0.000000] NUMA: NODE_DATA [mem 0x27ffffc300-0x27ffffffff]
Apr 16 09:37:00 ubuntu kernel: [    0.000000] NUMA: NODE_DATA [mem 0x2fffffc300-0x2fffffffff]
Apr 16 09:37:00 ubuntu kernel: [    0.000000] NUMA: NODE_DATA [mem 0x2027ffffc300-0x2027ffffffff]
Apr 16 09:37:00 ubuntu systemd-modules-load[1494]: Inserted module 'ppdev'
Apr 16 09:37:00 ubuntu kernel: [    0.000000] NUMA: NODE_DATA [mem 0x202ff0000300-0x202ff0003fff]
Apr 16 09:37:00 ubuntu kernel: [    0.000000] Zone ranges:
Apr 16 09:37:00 ubuntu kernel: [    0.000000]   DMA      [mem 0x0000000000000000-0x000000003fffffff]
Apr 16 09:37:00 ubuntu systemd-modules-load[1494]: Failed to find module 'parport_pc'
Apr 16 09:37:00 ubuntu kernel: [    0.000000]   DMA32    [mem 0x0000000040000000-0x00000000ffffffff]
Apr 16 09:37:00 ubuntu kernel: [    0.000000]   Normal   [mem 0x0000000100000000-0x0000202fffffffff]
Apr 16 09:37:00 ubuntu kernel: [    0.000000] Movable zone start for each node
Apr 16 09:37:00 ubuntu kernel: [    0.000000] Early memory node ranges
Apr 16 09:37:00 ubuntu kernel: [    0.000000]   node   0: [mem 0x0000000000000000-0x000000000000ffff]
Apr 16 09:37:00 ubuntu kernel: [    0.000000]   node   0: [mem 0x0000000000010000-0x000000002e501fff]
Apr 16 09:37:00 ubuntu systemd[1]: Started Set the console keyboard layout.
Apr 16 09:37:00 ubuntu kernel: [    0.000000]   node   0: [mem 0x000000002e502000-0x000000002eccffff]
Apr 16 09:37:00 ubuntu kernel: [    0.000000]   node   0: [mem 0x000000002ecd0000-0x000000002f59ffff]
Apr 16 09:37:00 ubuntu kernel: [    0.000000]   node   0: [mem 0x000000002f5a0000-0x000000002f78ffff]
Apr 16 09:37:00 ubuntu systemd[1]: Reached target Local File Systems (Pre).
Apr 16 09:37:00 ubuntu kernel: [    0.000000]   node   0: [mem 0x000000002f790000-0x000000002f79ffff]
Apr 16 09:37:00 ubuntu kernel: [    0.000000]   node   0: [mem 0x000000002f7a0000-0x000000002f87ffff]
Apr 16 09:37:00 ubuntu kernel: [    0.000000]   node   0: [mem 0x000000002f880000-0x000000002f8bffff]
Apr 16 09:37:00 ubuntu kernel: [    0.000000]   node   0: [mem 0x000000002f8c0000-0x000000002f95ffff]
Apr 16 09:37:00 ubuntu systemd-modules-load[1494]: Inserted module 'iscsi_tcp'
Apr 16 09:37:00 ubuntu kernel: [    0.000000]   node   0: [mem 0x000000002f960000-0x000000002f97ffff]
Apr 16 09:37:00 ubuntu kernel: [    0.000000]   node   0: [mem 0x000000002f980000-0x000000002fabffff]
Apr 16 09:37:00 ubuntu kernel: [    0.000000]   node   0: [mem 0x000000002fac0000-0x000000002fb6ffff]
Apr 16 09:37:00 ubuntu kernel: [    0.000000]   node   0: [mem 0x000000002fb70000-0x000000002fb71fff]
Apr 16 09:37:00 ubuntu kernel: [    0.000000]   node   0: [mem 0x000000002fb72000-0x000000002fb7ffff]
Apr 16 09:37:00 ubuntu systemd[1]: Started udev Kernel Device Manager.
Apr 16 09:37:00 ubuntu kernel: [    0.000000]   node   0: [mem 0x000000002fb80000-0x000000002fb80fff]
Apr 16 09:37:00 ubuntu kernel: [    0.000000]   node   0: [mem 0x000000002fb81000-0x000000002fb8ffff]
Apr 16 09:37:00 ubuntu kernel: [    0.000000]   node   0: [mem 0x000000002fb90000-0x000000002fb91fff]
Apr 16 09:37:00 ubuntu systemd[1]: Started Dispatch Password Requests to Console Directory Watch.
Apr 16 09:37:00 ubuntu kernel: [    0.000000]   node   0: [mem 0x000000002fb92000-0x000000002fbaffff]
Apr 16 09:37:00 ubuntu kernel: [    0.000000]   node   0: [mem 0x000000002fbb0000-0x000000002fbb1fff]
Apr 16 09:37:00 ubuntu kernel: [    0.000000]   node   0: [mem 0x000000002fbb2000-0x000000002fbcffff]
Apr 16 09:37:00 ubuntu kernel: [    0.000000]   node   0: [mem 0x000000002fbd0000-0x000000002fbd0fff]
Apr 16 09:37:00 ubuntu kernel: [    0.000000]   node   0: [mem 0x000000002fbd1000-0x000000002fbdffff]
Apr 16 09:37:00 ubuntu systemd[1]: Reached target Local Encrypted Volumes.
Apr 16 09:37:00 ubuntu kernel: [    0.000000]   node   0: [mem 0x000000002fbe0000-0x000000002fbfffff]
Apr 16 09:37:00 ubuntu kernel: [    0.000000]   node   0: [mem 0x000000002fc00000-0x000000002fc5ffff]
Apr 16 09:37:00 ubuntu kernel: [    0.000000]   node   0: [mem 0x000000002fc60000-0x000000002fe5ffff]
Apr 16 09:37:00 ubuntu kernel: [    0.000000]   node   0: [mem 0x000000002fe60000-0x000000002fe60fff]
Apr 16 09:37:00 ubuntu kernel: [    0.000000]   node   0: [mem 0x000000002fe61000-0x000000002fe64fff]
Apr 16 09:37:00 ubuntu kernel: [    0.000000]   node   0: [mem 0x000000002fe65000-0x000000002fe6afff]
Apr 16 09:37:00 ubuntu systemd-modules-load[1494]: Inserted module 'ib_iser'
Apr 16 09:37:00 ubuntu kernel: [    0.000000]   node   0: [mem 0x000000002fe6b000-0x000000002fe6bfff]
Apr 16 09:37:00 ubuntu kernel: [    0.000000]   node   0: [mem 0x000000002fe6c000-0x000000003f02ffff]
Apr 16 09:37:00 ubuntu kernel: [    0.000000]   node   0: [mem 0x000000003f030000-0x000000003f05ffff]
Apr 16 09:37:00 ubuntu kernel: [    0.000000]   node   0: [mem 0x000000003f060000-0x000000003fbfffff]
Apr 16 09:37:00 ubuntu kernel: [    0.000000]   node   0: [mem 0x0000000040000000-0x0000000043ffffff]
Apr 16 09:37:00 ubuntu systemd[1]: systemd-modules-load.service: Main process exited, code=exited, status=1/FAILURE
Apr 16 09:37:00 ubuntu kernel: [    0.000000]   node   0: [mem 0x0000000044030000-0x000000004fffffff]
Apr 16 09:37:00 ubuntu kernel: [    0.000000]   node   0: [mem 0x0000000050000000-0x000000007fffffff]
Apr 16 09:37:00 ubuntu kernel: [    0.000000]   node   0: [mem 0x0000002080000000-0x00000027ffffffff]
Apr 16 09:37:00 ubuntu systemd[1]: systemd-modules-load.service: Failed with result 'exit-code'.
Apr 16 09:37:00 ubuntu kernel: [    0.000000]   node   1: [mem 0x0000002800000000-0x0000002fffffffff]
Apr 16 09:37:00 ubuntu kernel: [    0.000000]   node   2: [mem 0x0000202000000000-0x00002027ffffffff]
Apr 16 09:37:00 ubuntu kernel: [    0.000000]   node   3: [mem 0x0000202800000000-0x0000202fffffffff]
Apr 16 09:37:00 ubuntu systemd[1]: Failed to start Load Kernel Modules.
Apr 16 09:37:00 ubuntu kernel: [    0.000000] Zeroed struct page in unavailable ranges: 814 pages
Apr 16 09:37:00 ubuntu kernel: [    0.000000] Initmem setup node 0 [mem 0x0000000000000000-0x00000027ffffffff]
Apr 16 09:37:00 ubuntu kernel: [    0.000000] On node 0 totalpages: 8387536
Apr 16 09:37:00 ubuntu kernel: [    0.000000]   DMA zone: 5120 pages used for memmap
Apr 16 09:37:00 ubuntu systemd[1]: Started Flush Journal to Persistent Storage.
Apr 16 09:37:00 ubuntu kernel: [    0.000000]   DMA zone: 0 pages reserved
Apr 16 09:37:00 ubuntu kernel: [    0.000000]   DMA zone: 261120 pages, LIFO batch:63
Apr 16 09:37:00 ubuntu kernel: [    0.000000]   DMA32 zone: 5120 pages used for memmap
Apr 16 09:37:00 ubuntu kernel: [    0.000000]   DMA32 zone: 262096 pages, LIFO batch:63
Apr 16 09:37:00 ubuntu systemd[1]: Mounting Kernel Configuration File System...
Apr 16 09:37:00 ubuntu kernel: [    0.000000]   Normal zone: 153600 pages used for memmap
Apr 16 09:37:00 ubuntu kernel: [    0.000000]   Normal zone: 7864320 pages, LIFO batch:63
Apr 16 09:37:00 ubuntu kernel: [    0.000000] Initmem setup node 1 [mem 0x0000002800000000-0x0000002fffffffff]
Apr 16 09:37:00 ubuntu kernel: [    0.000000] On node 1 totalpages: 8388608
Apr 16 09:37:00 ubuntu systemd[1]: Starting Apply Kernel Variables...
Apr 16 09:37:00 ubuntu kernel: [    0.000000]   Normal zone: 163840 pages used for memmap
Apr 16 09:37:00 ubuntu kernel: [    0.000000]   Normal zone: 8388608 pages, LIFO batch:63
Apr 16 09:37:00 ubuntu kernel: [    0.000000] Initmem setup node 2 [mem 0x0000202000000000-0x00002027ffffffff]
Apr 16 09:37:00 ubuntu kernel: [    0.000000] On node 2 totalpages: 8388608
Apr 16 09:37:00 ubuntu kernel: [    0.000000]   Normal zone: 163840 pages used for memmap
Apr 16 09:37:00 ubuntu kernel: [    0.000000]   Normal zone: 8388608 pages, LIFO batch:63
Apr 16 09:37:00 ubuntu systemd-udevd[1738]: link_config: autonegotiation is unset or enabled, the speed and duplex are not writable.
Apr 16 09:37:00 ubuntu kernel: [    0.000000] Initmem setup node 3 [mem 0x0000202800000000-0x0000202fffffffff]
Apr 16 09:37:00 ubuntu kernel: [    0.000000] On node 3 totalpages: 8388608
Apr 16 09:37:00 ubuntu kernel: [    0.000000]   Normal zone: 163840 pages used for memmap
Apr 16 09:37:00 ubuntu kernel: [    0.000000]   Normal zone: 8388608 pages, LIFO batch:63
Apr 16 09:37:00 ubuntu kernel: [    0.000000] psci: probing for conduit method from ACPI.
Apr 16 09:37:00 ubuntu systemd-udevd[1701]: link_config: autonegotiation is unset or enabled, the speed and duplex are not writable.
Apr 16 09:37:00 ubuntu kernel: [    0.000000] psci: PSCIv1.1 detected in firmware.
Apr 16 09:37:00 ubuntu kernel: [    0.000000] psci: Using standard PSCI v0.2 function IDs
Apr 16 09:37:00 ubuntu kernel: [    0.000000] psci: MIGRATE_INFO_TYPE not supported.
Apr 16 09:37:00 ubuntu kernel: [    0.000000] psci: SMC Calling Convention v1.1
Apr 16 09:37:00 ubuntu systemd[1]: Mounting FUSE Control File System...
Apr 16 09:37:00 ubuntu systemd[1]: Mounted Kernel Configuration File System.
Apr 16 09:37:00 ubuntu systemd-udevd[1719]: link_config: autonegotiation is unset or enabled, the speed and duplex are not writable.
Apr 16 09:37:00 ubuntu systemd[1]: Mounted FUSE Control File System.
Apr 16 09:37:00 ubuntu systemd-udevd[1741]: link_config: autonegotiation is unset or enabled, the speed and duplex are not writable.
Apr 16 09:37:00 ubuntu systemd[1]: Started Apply Kernel Variables.
Apr 16 09:37:00 ubuntu mtp-probe: checking bus 5, device 3: "/sys/devices/pci0000:7a/0000:7a:02.0/usb5/5-1/5-1.2"
Apr 16 09:37:00 ubuntu mtp-probe: checking bus 1, device 3: "/sys/devices/pci0000:7a/0000:7a:01.0/usb1/1-1/1-1.1"
Apr 16 09:37:00 ubuntu mtp-probe: bus: 5, device: 3 was not an MTP device
Apr 16 09:37:00 ubuntu kernel: [    0.000000] ACPI: NUMA: SRAT: PXM 0 -> MPIDR 0x80000 -> Node 0
Apr 16 09:37:00 ubuntu kernel: [    0.000000] ACPI: NUMA: SRAT: PXM 0 -> MPIDR 0x80100 -> Node 0
Apr 16 09:37:00 ubuntu kernel: [    0.000000] ACPI: NUMA: SRAT: PXM 0 -> MPIDR 0x80200 -> Node 0
Apr 16 09:37:00 ubuntu mtp-probe: bus: 1, device: 3 was not an MTP device
Apr 16 09:37:00 ubuntu kernel: [    0.000000] ACPI: NUMA: SRAT: PXM 0 -> MPIDR 0x80300 -> Node 0
Apr 16 09:37:00 ubuntu kernel: [    0.000000] ACPI: NUMA: SRAT: PXM 0 -> MPIDR 0x90000 -> Node 0
Apr 16 09:37:00 ubuntu kernel: [    0.000000] ACPI: NUMA: SRAT: PXM 0 -> MPIDR 0x90100 -> Node 0
Apr 16 09:37:00 ubuntu kernel: [    0.000000] ACPI: NUMA: SRAT: PXM 0 -> MPIDR 0x90200 -> Node 0
Apr 16 09:37:00 ubuntu kernel: [    0.000000] ACPI: NUMA: SRAT: PXM 0 -> MPIDR 0x90300 -> Node 0
Apr 16 09:37:00 ubuntu kernel: [    0.000000] ACPI: NUMA: SRAT: PXM 0 -> MPIDR 0xa0000 -> Node 0
Apr 16 09:37:00 ubuntu systemd-udevd[1726]: link_config: autonegotiation is unset or enabled, the speed and duplex are not writable.
Apr 16 09:37:00 ubuntu kernel: [    0.000000] ACPI: NUMA: SRAT: PXM 0 -> MPIDR 0xa0100 -> Node 0
Apr 16 09:37:00 ubuntu kernel: [    0.000000] ACPI: NUMA: SRAT: PXM 0 -> MPIDR 0xa0200 -> Node 0
Apr 16 09:37:00 ubuntu kernel: [    0.000000] ACPI: NUMA: SRAT: PXM 0 -> MPIDR 0xa0300 -> Node 0
Apr 16 09:37:00 ubuntu kernel: [    0.000000] ACPI: NUMA: SRAT: PXM 0 -> MPIDR 0xb0000 -> Node 0
Apr 16 09:37:00 ubuntu systemd[1]: Listening on Load/Save RF Kill Switch Status /dev/rfkill Watch.
Apr 16 09:37:00 ubuntu kernel: [    0.000000] ACPI: NUMA: SRAT: PXM 0 -> MPIDR 0xb0100 -> Node 0
Apr 16 09:37:00 ubuntu kernel: [    0.000000] ACPI: NUMA: SRAT: PXM 0 -> MPIDR 0xb0200 -> Node 0
Apr 16 09:37:00 ubuntu kernel: [    0.000000] ACPI: NUMA: SRAT: PXM 0 -> MPIDR 0xb0300 -> Node 0
Apr 16 09:37:00 ubuntu systemd[1]: Found device HW-SAS3508 EFI\x20System\x20Partition.
Apr 16 09:37:00 ubuntu kernel: [    0.000000] ACPI: NUMA: SRAT: PXM 0 -> MPIDR 0xc0000 -> Node 0
Apr 16 09:37:00 ubuntu kernel: [    0.000000] ACPI: NUMA: SRAT: PXM 0 -> MPIDR 0xc0100 -> Node 0
Apr 16 09:37:00 ubuntu kernel: [    0.000000] ACPI: NUMA: SRAT: PXM 0 -> MPIDR 0xc0200 -> Node 0
Apr 16 09:37:00 ubuntu systemd[1]: Starting File System Check on /dev/disk/by-uuid/71BE-99A8...
Apr 16 09:37:00 ubuntu kernel: [    0.000000] ACPI: NUMA: SRAT: PXM 0 -> MPIDR 0xc0300 -> Node 0
Apr 16 09:37:00 ubuntu systemd[1]: Started File System Check Daemon to report status.
Apr 16 09:37:00 ubuntu kernel: [    0.000000] ACPI: NUMA: SRAT: PXM 0 -> MPIDR 0xd0000 -> Node 0
Apr 16 09:37:00 ubuntu kernel: [    0.000000] ACPI: NUMA: SRAT: PXM 0 -> MPIDR 0xd0100 -> Node 0
Apr 16 09:37:00 ubuntu kernel: [    0.000000] ACPI: NUMA: SRAT: PXM 0 -> MPIDR 0xd0200 -> Node 0
Apr 16 09:37:00 ubuntu kernel: [    0.000000] ACPI: NUMA: SRAT: PXM 0 -> MPIDR 0xd0300 -> Node 0
Apr 16 09:37:00 ubuntu systemd-fsck[1965]: fsck.fat 4.1 (2017-01-24)
Apr 16 09:37:00 ubuntu kernel: [    0.000000] ACPI: NUMA: SRAT: PXM 1 -> MPIDR 0x180000 -> Node 1
Apr 16 09:37:00 ubuntu kernel: [    0.000000] ACPI: NUMA: SRAT: PXM 1 -> MPIDR 0x180100 -> Node 1
Apr 16 09:37:00 ubuntu kernel: [    0.000000] ACPI: NUMA: SRAT: PXM 1 -> MPIDR 0x180200 -> Node 1
Apr 16 09:37:00 ubuntu kernel: [    0.000000] ACPI: NUMA: SRAT: PXM 1 -> MPIDR 0x180300 -> Node 1
Apr 16 09:37:00 ubuntu kernel: [    0.000000] ACPI: NUMA: SRAT: PXM 1 -> MPIDR 0x190000 -> Node 1
Apr 16 09:37:00 ubuntu systemd-fsck[1965]: /dev/sda1: 5 files, 35/65501 clusters
Apr 16 09:37:00 ubuntu kernel: [    0.000000] ACPI: NUMA: SRAT: PXM 1 -> MPIDR 0x190100 -> Node 1
Apr 16 09:37:00 ubuntu kernel: [    0.000000] ACPI: NUMA: SRAT: PXM 1 -> MPIDR 0x190200 -> Node 1
Apr 16 09:37:00 ubuntu kernel: [    0.000000] ACPI: NUMA: SRAT: PXM 1 -> MPIDR 0x190300 -> Node 1
Apr 16 09:37:00 ubuntu kernel: [    0.000000] ACPI: NUMA: SRAT: PXM 1 -> MPIDR 0x1a0000 -> Node 1
Apr 16 09:37:00 ubuntu systemd[1]: Started File System Check on /dev/disk/by-uuid/71BE-99A8.
Apr 16 09:37:00 ubuntu kernel: [    0.000000] ACPI: NUMA: SRAT: PXM 1 -> MPIDR 0x1a0100 -> Node 1
Apr 16 09:37:00 ubuntu kernel: [    0.000000] ACPI: NUMA: SRAT: PXM 1 -> MPIDR 0x1a0200 -> Node 1
Apr 16 09:37:00 ubuntu systemd[1]: Mounting /boot/efi...
Apr 16 09:37:00 ubuntu kernel: [    0.000000] ACPI: NUMA: SRAT: PXM 1 -> MPIDR 0x1a0300 -> Node 1
Apr 16 09:37:00 ubuntu kernel: [    0.000000] ACPI: NUMA: SRAT: PXM 1 -> MPIDR 0x1b0000 -> Node 1
Apr 16 09:37:00 ubuntu kernel: [    0.000000] ACPI: NUMA: SRAT: PXM 1 -> MPIDR 0x1b0100 -> Node 1
Apr 16 09:37:00 ubuntu systemd[1]: Mounted /boot/efi.
Apr 16 09:37:00 ubuntu kernel: [    0.000000] ACPI: NUMA: SRAT: PXM 1 -> MPIDR 0x1b0200 -> Node 1
Apr 16 09:37:00 ubuntu kernel: [    0.000000] ACPI: NUMA: SRAT: PXM 1 -> MPIDR 0x1b0300 -> Node 1
Apr 16 09:37:00 ubuntu kernel: [    0.000000] ACPI: NUMA: SRAT: PXM 1 -> MPIDR 0x1c0000 -> Node 1
Apr 16 09:37:00 ubuntu systemd[1]: Reached target Local File Systems.
Apr 16 09:37:00 ubuntu kernel: [    0.000000] ACPI: NUMA: SRAT: PXM 1 -> MPIDR 0x1c0100 -> Node 1
Apr 16 09:37:00 ubuntu kernel: [    0.000000] ACPI: NUMA: SRAT: PXM 1 -> MPIDR 0x1c0200 -> Node 1
Apr 16 09:37:00 ubuntu kernel: [    0.000000] ACPI: NUMA: SRAT: PXM 1 -> MPIDR 0x1c0300 -> Node 1
Apr 16 09:37:00 ubuntu systemd[1]: Starting Clean up any mess left by 0dns-up...
Apr 16 09:37:00 ubuntu kernel: [    0.000000] ACPI: NUMA: SRAT: PXM 1 -> MPIDR 0x1d0000 -> Node 1
Apr 16 09:37:00 ubuntu kernel: [    0.000000] ACPI: NUMA: SRAT: PXM 1 -> MPIDR 0x1d0100 -> Node 1
Apr 16 09:37:00 ubuntu kernel: [    0.000000] ACPI: NUMA: SRAT: PXM 1 -> MPIDR 0x1d0200 -> Node 1
Apr 16 09:37:00 ubuntu systemd[1]: Starting Create Volatile Files and Directories...
Apr 16 09:37:00 ubuntu kernel: [    0.000000] ACPI: NUMA: SRAT: PXM 1 -> MPIDR 0x1d0300 -> Node 1
Apr 16 09:37:00 ubuntu kernel: [    0.000000] ACPI: NUMA: SRAT: PXM 2 -> MPIDR 0x280000 -> Node 2
Apr 16 09:37:00 ubuntu systemd[1]: Starting QEMU KVM preparation - module, ksm, hugepages...
Apr 16 09:37:00 ubuntu kernel: [    0.000000] ACPI: NUMA: SRAT: PXM 2 -> MPIDR 0x280100 -> Node 2
Apr 16 09:37:00 ubuntu kernel: [    0.000000] ACPI: NUMA: SRAT: PXM 2 -> MPIDR 0x280200 -> Node 2
Apr 16 09:37:00 ubuntu kernel: [    0.000000] ACPI: NUMA: SRAT: PXM 2 -> MPIDR 0x280300 -> Node 2
Apr 16 09:37:00 ubuntu systemd[1]: Starting Enable support for additional executable binary formats...
Apr 16 09:37:00 ubuntu kernel: [    0.000000] ACPI: NUMA: SRAT: PXM 2 -> MPIDR 0x290000 -> Node 2
Apr 16 09:37:00 ubuntu kernel: [    0.000000] ACPI: NUMA: SRAT: PXM 2 -> MPIDR 0x290100 -> Node 2
Apr 16 09:37:00 ubuntu kernel: [    0.000000] ACPI: NUMA: SRAT: PXM 2 -> MPIDR 0x290200 -> Node 2
Apr 16 09:37:00 ubuntu systemd[1]: Starting Tell Plymouth To Write Out Runtime Data...
Apr 16 09:37:00 ubuntu kernel: [    0.000000] ACPI: NUMA: SRAT: PXM 2 -> MPIDR 0x290300 -> Node 2
Apr 16 09:37:00 ubuntu kernel: [    0.000000] ACPI: NUMA: SRAT: PXM 2 -> MPIDR 0x2a0000 -> Node 2
Apr 16 09:37:00 ubuntu kernel: [    0.000000] ACPI: NUMA: SRAT: PXM 2 -> MPIDR 0x2a0100 -> Node 2
Apr 16 09:37:00 ubuntu kernel: [    0.000000] ACPI: NUMA: SRAT: PXM 2 -> MPIDR 0x2a0200 -> Node 2
Apr 16 09:37:00 ubuntu kernel: [    0.000000] ACPI: NUMA: SRAT: PXM 2 -> MPIDR 0x2a0300 -> Node 2
Apr 16 09:37:00 ubuntu systemd[1]: Starting Set console font and keymap...
Apr 16 09:37:00 ubuntu kernel: [    0.000000] ACPI: NUMA: SRAT: PXM 2 -> MPIDR 0x2b0000 -> Node 2
Apr 16 09:37:00 ubuntu kernel: [    0.000000] ACPI: NUMA: SRAT: PXM 2 -> MPIDR 0x2b0100 -> Node 2
Apr 16 09:37:00 ubuntu kernel: [    0.000000] ACPI: NUMA: SRAT: PXM 2 -> MPIDR 0x2b0200 -> Node 2
Apr 16 09:37:00 ubuntu kernel: [    0.000000] ACPI: NUMA: SRAT: PXM 2 -> MPIDR 0x2b0300 -> Node 2
Apr 16 09:37:00 ubuntu systemd[1]: Starting ebtables ruleset management...
Apr 16 09:37:00 ubuntu kernel: [    0.000000] ACPI: NUMA: SRAT: PXM 2 -> MPIDR 0x2c0000 -> Node 2
Apr 16 09:37:00 ubuntu kernel: [    0.000000] ACPI: NUMA: SRAT: PXM 2 -> MPIDR 0x2c0100 -> Node 2
Apr 16 09:37:00 ubuntu kernel: [    0.000000] ACPI: NUMA: SRAT: PXM 2 -> MPIDR 0x2c0200 -> Node 2
Apr 16 09:37:00 ubuntu kernel: [    0.000000] ACPI: NUMA: SRAT: PXM 2 -> MPIDR 0x2c0300 -> Node 2
Apr 16 09:37:00 ubuntu kernel: [    0.000000] ACPI: NUMA: SRAT: PXM 2 -> MPIDR 0x2d0000 -> Node 2
Apr 16 09:37:00 ubuntu kernel: [    0.000000] ACPI: NUMA: SRAT: PXM 2 -> MPIDR 0x2d0100 -> Node 2
Apr 16 09:37:00 ubuntu kernel: [    0.000000] ACPI: NUMA: SRAT: PXM 2 -> MPIDR 0x2d0200 -> Node 2
Apr 16 09:37:00 ubuntu systemd[1]: Starting AppArmor initialization...
Apr 16 09:37:00 ubuntu kernel: [    0.000000] ACPI: NUMA: SRAT: PXM 2 -> MPIDR 0x2d0300 -> Node 2
Apr 16 09:37:00 ubuntu kernel: [    0.000000] ACPI: NUMA: SRAT: PXM 3 -> MPIDR 0x380000 -> Node 3
Apr 16 09:37:00 ubuntu kernel: [    0.000000] ACPI: NUMA: SRAT: PXM 3 -> MPIDR 0x380100 -> Node 3
Apr 16 09:37:00 ubuntu kernel: [    0.000000] ACPI: NUMA: SRAT: PXM 3 -> MPIDR 0x380200 -> Node 3
Apr 16 09:37:00 ubuntu systemd[1]: Started QEMU KVM preparation - module, ksm, hugepages.
Apr 16 09:37:00 ubuntu kernel: [    0.000000] ACPI: NUMA: SRAT: PXM 3 -> MPIDR 0x380300 -> Node 3
Apr 16 09:37:00 ubuntu kernel: [    0.000000] ACPI: NUMA: SRAT: PXM 3 -> MPIDR 0x390000 -> Node 3
Apr 16 09:37:00 ubuntu kernel: [    0.000000] ACPI: NUMA: SRAT: PXM 3 -> MPIDR 0x390100 -> Node 3
Apr 16 09:37:00 ubuntu kernel: [    0.000000] ACPI: NUMA: SRAT: PXM 3 -> MPIDR 0x390200 -> Node 3
Apr 16 09:37:00 ubuntu kernel: [    0.000000] ACPI: NUMA: SRAT: PXM 3 -> MPIDR 0x390300 -> Node 3
Apr 16 09:37:00 ubuntu systemd[1]: Started Tell Plymouth To Write Out Runtime Data.
Apr 16 09:37:00 ubuntu kernel: [    0.000000] ACPI: NUMA: SRAT: PXM 3 -> MPIDR 0x3a0000 -> Node 3
Apr 16 09:37:00 ubuntu kernel: [    0.000000] ACPI: NUMA: SRAT: PXM 3 -> MPIDR 0x3a0100 -> Node 3
Apr 16 09:37:00 ubuntu kernel: [    0.000000] ACPI: NUMA: SRAT: PXM 3 -> MPIDR 0x3a0200 -> Node 3
Apr 16 09:37:00 ubuntu kernel: [    0.000000] ACPI: NUMA: SRAT: PXM 3 -> MPIDR 0x3a0300 -> Node 3
Apr 16 09:37:00 ubuntu systemd[1]: Started Set console font and keymap.
Apr 16 09:37:00 ubuntu kernel: [    0.000000] ACPI: NUMA: SRAT: PXM 3 -> MPIDR 0x3b0000 -> Node 3
Apr 16 09:37:00 ubuntu kernel: [    0.000000] ACPI: NUMA: SRAT: PXM 3 -> MPIDR 0x3b0100 -> Node 3
Apr 16 09:37:00 ubuntu kernel: [    0.000000] ACPI: NUMA: SRAT: PXM 3 -> MPIDR 0x3b0200 -> Node 3
Apr 16 09:37:00 ubuntu kernel: [    0.000000] ACPI: NUMA: SRAT: PXM 3 -> MPIDR 0x3b0300 -> Node 3
Apr 16 09:37:00 ubuntu systemd[1]: Started ebtables ruleset management.
Apr 16 09:37:00 ubuntu kernel: [    0.000000] ACPI: NUMA: SRAT: PXM 3 -> MPIDR 0x3c0000 -> Node 3
Apr 16 09:37:00 ubuntu kernel: [    0.000000] ACPI: NUMA: SRAT: PXM 3 -> MPIDR 0x3c0100 -> Node 3
Apr 16 09:37:00 ubuntu systemd[1]: Reached target Network (Pre).
Apr 16 09:37:00 ubuntu kernel: [    0.000000] ACPI: NUMA: SRAT: PXM 3 -> MPIDR 0x3c0200 -> Node 3
Apr 16 09:37:00 ubuntu kernel: [    0.000000] ACPI: NUMA: SRAT: PXM 3 -> MPIDR 0x3c0300 -> Node 3
Apr 16 09:37:00 ubuntu kernel: [    0.000000] ACPI: NUMA: SRAT: PXM 3 -> MPIDR 0x3d0000 -> Node 3
Apr 16 09:37:00 ubuntu kernel: [    0.000000] ACPI: NUMA: SRAT: PXM 3 -> MPIDR 0x3d0100 -> Node 3
Apr 16 09:37:00 ubuntu apparmor[2040]:  * Starting AppArmor profiles
Apr 16 09:37:00 ubuntu systemd[1]: proc-sys-fs-binfmt_misc.automount: Got automount request for /proc/sys/fs/binfmt_misc, triggered by 2031 (update-binfmts)
Apr 16 09:37:00 ubuntu kernel: [    0.000000] ACPI: NUMA: SRAT: PXM 3 -> MPIDR 0x3d0200 -> Node 3
Apr 16 09:37:00 ubuntu kernel: [    0.000000] ACPI: NUMA: SRAT: PXM 3 -> MPIDR 0x3d0300 -> Node 3
Apr 16 09:37:00 ubuntu kernel: [    0.000000] percpu: Embedded 33 pages/cpu s94616 r8192 d32360 u135168
Apr 16 09:37:00 ubuntu kernel: [    0.000000] pcpu-alloc: s94616 r8192 d32360 u135168 alloc=33*4096
Apr 16 09:37:00 ubuntu systemd[1]: Mounting Arbitrary Executable File Formats File System...
Apr 16 09:37:00 ubuntu kernel: [    0.000000] pcpu-alloc: [0] 00 [0] 01 [0] 02 [0] 03 [0] 04 [0] 05 [0] 06 [0] 07 
Apr 16 09:37:00 ubuntu kernel: [    0.000000] pcpu-alloc: [0] 08 [0] 09 [0] 10 [0] 11 [0] 12 [0] 13 [0] 14 [0] 15 
Apr 16 09:37:00 ubuntu kernel: [    0.000000] pcpu-alloc: [0] 16 [0] 17 [0] 18 [0] 19 [0] 20 [0] 21 [0] 22 [0] 23 
Apr 16 09:37:00 ubuntu systemd[1]: Mounted Arbitrary Executable File Formats File System.
Apr 16 09:37:00 ubuntu kernel: [    0.000000] pcpu-alloc: [1] 24 [1] 25 [1] 26 [1] 27 [1] 28 [1] 29 [1] 30 [1] 31 
Apr 16 09:37:00 ubuntu kernel: [    0.000000] pcpu-alloc: [1] 32 [1] 33 [1] 34 [1] 35 [1] 36 [1] 37 [1] 38 [1] 39 
Apr 16 09:37:00 ubuntu kernel: [    0.000000] pcpu-alloc: [1] 40 [1] 41 [1] 42 [1] 43 [1] 44 [1] 45 [1] 46 [1] 47 
Apr 16 09:37:00 ubuntu kernel: [    0.000000] pcpu-alloc: [2] 48 [2] 49 [2] 50 [2] 51 [2] 52 [2] 53 [2] 54 [2] 55 
Apr 16 09:37:00 ubuntu systemd[1]: Started Enable support for additional executable binary formats.
Apr 16 09:37:00 ubuntu kernel: [    0.000000] pcpu-alloc: [2] 56 [2] 57 [2] 58 [2] 59 [2] 60 [2] 61 [2] 62 [2] 63 
Apr 16 09:37:00 ubuntu kernel: [    0.000000] pcpu-alloc: [2] 64 [2] 65 [2] 66 [2] 67 [2] 68 [2] 69 [2] 70 [2] 71 
Apr 16 09:37:00 ubuntu systemd[1]: Started Clean up any mess left by 0dns-up.
Apr 16 09:37:00 ubuntu kernel: [    0.000000] pcpu-alloc: [3] 72 [3] 73 [3] 74 [3] 75 [3] 76 [3] 77 [3] 78 [3] 79 
Apr 16 09:37:00 ubuntu kernel: [    0.000000] pcpu-alloc: [3] 80 [3] 81 [3] 82 [3] 83 [3] 84 [3] 85 [3] 86 [3] 87 
Apr 16 09:37:00 ubuntu kernel: [    0.000000] pcpu-alloc: [3] 88 [3] 89 [3] 90 [3] 91 [3] 92 [3] 93 [3] 94 [3] 95 
Apr 16 09:37:00 ubuntu systemd[1]: Starting Network Service...
Apr 16 09:37:00 ubuntu kernel: [    0.000000] Detected VIPT I-cache on CPU0
Apr 16 09:37:00 ubuntu kernel: [    0.000000] CPU features: detected: GIC system register CPU interface
Apr 16 09:37:00 ubuntu kernel: [    0.000000] CPU features: detected: Virtualization Host Extensions
Apr 16 09:37:00 ubuntu apparmor[2040]: Skipping profile in /etc/apparmor.d/disable: usr.bin.firefox
Apr 16 09:37:00 ubuntu apparmor[2040]: Skipping profile in /etc/apparmor.d/disable: usr.sbin.rsyslogd
Apr 16 09:37:00 ubuntu systemd[1]: Started Create Volatile Files and Directories.
Apr 16 09:37:00 ubuntu systemd[1]: Starting Update UTMP about System Boot/Shutdown...
Apr 16 09:37:00 ubuntu systemd[1]: Starting Network Time Synchronization...
Apr 16 09:37:00 ubuntu apparmor[2040]:    ...done.
Apr 16 09:37:00 ubuntu systemd[1]: Started AppArmor initialization.
Apr 16 09:37:00 ubuntu systemd[1]: Starting Load AppArmor profiles managed internally by snapd...
Apr 16 09:37:00 ubuntu systemd[1]: Starting Raise network interfaces...
Apr 16 09:37:00 ubuntu systemd[1]: Started Update UTMP about System Boot/Shutdown.
Apr 16 09:37:00 ubuntu snapd-apparmor[2228]: find: ‘/var/lib/snapd/apparmor/profiles/’: No such file or directory
Apr 16 09:37:00 ubuntu kernel: [    0.000000] CPU features: detected: Hardware dirty bit management
Apr 16 09:37:00 ubuntu kernel: [    0.000000] alternatives: patching kernel code
Apr 16 09:37:00 ubuntu systemd[1]: Started Load AppArmor profiles managed internally by snapd.
Apr 16 09:37:00 ubuntu kernel: [    0.000000] Built 4 zonelists, mobility grouping on.  Total pages: 32898000
Apr 16 09:37:00 ubuntu kernel: [    0.000000] Policy zone: Normal
Apr 16 09:37:00 ubuntu kernel: [    0.000000] Kernel command line: BOOT_IMAGE=/boot/vmlinuz-5.7.1 root=UUID=87f15ea3-75f7-4c9d-add6-30cc3fc19001 ro text
Apr 16 09:37:00 ubuntu kernel: [    0.000000] printk: log_buf_len individual max cpu contribution: 4096 bytes
Apr 16 09:37:00 ubuntu kernel: [    0.000000] printk: log_buf_len total cpu_extra contributions: 389120 bytes
Apr 16 09:37:00 ubuntu systemd[1]: Started Network Time Synchronization.
Apr 16 09:37:00 ubuntu kernel: [    0.000000] printk: log_buf_len min size: 262144 bytes
Apr 16 09:37:00 ubuntu kernel: [    0.000000] printk: log_buf_len: 1048576 bytes
Apr 16 09:37:00 ubuntu kernel: [    0.000000] printk: early log buf free: 245796(93%)
Apr 16 09:37:00 ubuntu kernel: [    0.000000] mem auto-init: stack:off, heap alloc:on, heap free:off
Apr 16 09:37:00 ubuntu systemd[1]: Reached target System Time Synchronized.
Apr 16 09:37:00 ubuntu kernel: [    0.000000] software IO TLB: mapped [mem 0x3b030000-0x3f030000] (64MB)
Apr 16 09:37:00 ubuntu kernel: [    0.000000] Memory: 130841812K/134213440K available (14204K kernel code, 2354K rwdata, 6864K rodata, 7040K init, 1132K bss, 3338860K reserved, 32768K cma-reserved)
Apr 16 09:37:00 ubuntu kernel: [    0.000000] random: get_random_u64 called from __kmem_cache_create+0x54/0x5d8 with crng_init=0
Apr 16 09:37:00 ubuntu systemd[1]: Reached target System Initialization.
Apr 16 09:37:00 ubuntu kernel: [    0.000000] SLUB: HWalign=64, Order=0-3, MinObjects=0, CPUs=96, Nodes=4
Apr 16 09:37:00 ubuntu kernel: [    0.000000] ftrace: allocating 46107 entries in 181 pages
Apr 16 09:37:00 ubuntu kernel: [    0.000000] ftrace: allocated 181 pages with 5 groups
Apr 16 09:37:00 ubuntu systemd[1]: Started ACPI Events Check.
Apr 16 09:37:00 ubuntu kernel: [    0.000000] rcu: Hierarchical RCU implementation.
Apr 16 09:37:00 ubuntu kernel: [    0.000000] rcu: 	RCU restricting CPUs from NR_CPUS=256 to nr_cpu_ids=96.
Apr 16 09:37:00 ubuntu kernel: [    0.000000] 	Tasks RCU enabled.
Apr 16 09:37:00 ubuntu systemd[1]: Listening on D-Bus System Message Bus Socket.
Apr 16 09:37:00 ubuntu kernel: [    0.000000] rcu: RCU calculated value of scheduler-enlistment delay is 25 jiffies.
Apr 16 09:37:00 ubuntu systemd[1]: Listening on Open-iSCSI iscsid Socket.
Apr 16 09:37:00 ubuntu kernel: [    0.000000] rcu: Adjusting geometry for rcu_fanout_leaf=16, nr_cpu_ids=96
Apr 16 09:37:00 ubuntu kernel: [    0.000000] NR_IRQS: 64, nr_irqs: 64, preallocated irqs: 0
Apr 16 09:37:00 ubuntu kernel: [    0.000000] GICv3: GIC: Using split EOI/Deactivate mode
Apr 16 09:37:00 ubuntu kernel: [    0.000000] GICv3: 640 SPIs implemented
Apr 16 09:37:00 ubuntu kernel: [    0.000000] GICv3: 0 Extended SPIs implemented
Apr 16 09:37:00 ubuntu systemd[1]: Starting Socket activation for snappy daemon.
Apr 16 09:37:00 ubuntu kernel: [    0.000000] GICv3: Distributor has no Range Selector support
Apr 16 09:37:00 ubuntu kernel: [    0.000000] GICv3: 16 PPIs implemented
Apr 16 09:37:00 ubuntu systemd[1]: Listening on Avahi mDNS/DNS-SD Stack Activation Socket.
Apr 16 09:37:00 ubuntu systemd[1]: Listening on Virtual machine log manager socket.
Apr 16 09:37:00 ubuntu systemd[1]: Started Daily Cleanup of Temporary Directories.
Apr 16 09:37:00 ubuntu systemd[1]: Listening on Virtual machine lock manager socket.
Apr 16 09:37:00 ubuntu systemd[1]: Started CUPS Scheduler.
Apr 16 09:37:00 ubuntu systemd[1]: Reached target Paths.
Apr 16 09:37:00 ubuntu kernel: [    0.000000] GICv3: GICv4 features: DirectLPI 
Apr 16 09:37:00 ubuntu systemd[1]: Listening on ACPID Listen Socket.
Apr 16 09:37:00 ubuntu kernel: [    0.000000] GICv3: CPU0: found redistributor 80000 region 0:0x00000000ae100000
Apr 16 09:37:00 ubuntu kernel: [    0.000000] SRAT: PXM 0 -> ITS 0 -> Node 0
Apr 16 09:37:00 ubuntu kernel: [    0.000000] SRAT: PXM 2 -> ITS 1 -> Node 2
Apr 16 09:37:00 ubuntu kernel: [    0.000000] ITS [mem 0x202100000-0x20211ffff]
Apr 16 09:37:00 ubuntu systemd[1]: Started Message of the Day.
Apr 16 09:37:00 ubuntu kernel: [    0.000000] ITS@0x0000000202100000: Using ITS number 0
Apr 16 09:37:00 ubuntu systemd-networkd[2173]: br0: netdev ready
Apr 16 09:37:00 ubuntu kernel: [    0.000000] ITS@0x0000000202100000: allocated 65536 Devices @27ffb80000 (flat, esz 8, psz 16K, shr 1)
Apr 16 09:37:00 ubuntu kernel: [    0.000000] ITS@0x0000000202100000: allocated 65536 Virtual CPUs @27ff000000 (flat, esz 16, psz 4K, shr 1)
Apr 16 09:37:00 ubuntu kernel: [    0.000000] ITS@0x0000000202100000: allocated 256 Interrupt Collections @27ffb01000 (flat, esz 16, psz 4K, shr 1)
Apr 16 09:37:00 ubuntu kernel: [    0.000000] ITS [mem 0x200202100000-0x20020211ffff]
Apr 16 09:37:00 ubuntu systemd-udevd[2293]: link_config: autonegotiation is unset or enabled, the speed and duplex are not writable.
Apr 16 09:37:00 ubuntu kernel: [    0.000000] ITS@0x0000200202100000: Using ITS number 1
Apr 16 09:37:00 ubuntu kernel: [    0.000000] ITS@0x0000200202100000: allocated 65536 Devices @2027ff880000 (flat, esz 8, psz 16K, shr 1)
Apr 16 09:37:00 ubuntu systemd-networkd[2173]: Enumeration completed
Apr 16 09:37:00 ubuntu kernel: [    0.000000] ITS@0x0000200202100000: allocated 65536 Virtual CPUs @2027ff900000 (flat, esz 16, psz 4K, shr 1)
Apr 16 09:37:00 ubuntu kernel: [    0.000000] ITS@0x0000200202100000: allocated 256 Interrupt Collections @2027ff801000 (flat, esz 16, psz 4K, shr 1)
Apr 16 09:37:00 ubuntu kernel: [    0.000000] GICv3: using LPI property table @0x00000027ffb20000
Apr 16 09:37:00 ubuntu systemd[1]: Started Daily apt download activities.
Apr 16 09:37:00 ubuntu kernel: [    0.000000] ITS: Using DirectLPI for VPE invalidation
Apr 16 09:37:00 ubuntu kernel: [    0.000000] ITS: Enabling GICv4 support
Apr 16 09:37:00 ubuntu systemd-networkd[2173]: enp125s0f1: IPv6 successfully enabled
Apr 16 09:37:00 ubuntu kernel: [    0.000000] GICv3: CPU0: using allocated LPI pending table @0x00000027ffb30000
Apr 16 09:37:00 ubuntu kernel: [    0.000000] arch_timer: cp15 timer(s) running at 100.00MHz (phys).
Apr 16 09:37:00 ubuntu kernel: [    0.000000] clocksource: arch_sys_counter: mask: 0xffffffffffffff max_cycles: 0x171024e7e0, max_idle_ns: 440795205315 ns
Apr 16 09:37:00 ubuntu kernel: [    0.000001] sched_clock: 56 bits at 100MHz, resolution 10ns, wraps every 4398046511100ns
Apr 16 09:37:00 ubuntu kernel: [    0.000109] Console: colour dummy device 80x25
Apr 16 09:37:00 ubuntu systemd-networkd[2173]: br0: Link is not managed by us
Apr 16 09:37:00 ubuntu kernel: [    0.000435] printk: console [tty0] enabled
Apr 16 09:37:00 ubuntu kernel: [    0.000497] mempolicy: Enabling automatic NUMA balancing. Configure with numa_balancing= or the kernel.numa_balancing sysctl
Apr 16 09:37:00 ubuntu kernel: [    0.000512] ACPI: Core revision 20200326
Apr 16 09:37:00 ubuntu kernel: [    0.000709] Calibrating delay loop (skipped), value calculated using timer frequency.. 200.00 BogoMIPS (lpj=400000)
Apr 16 09:37:00 ubuntu systemd-networkd[2173]: lo: Link is not managed by us
Apr 16 09:37:00 ubuntu kernel: [    0.000714] pid_max: default: 98304 minimum: 768
Apr 16 09:37:00 ubuntu kernel: [    0.000791] LSM: Security Framework initializing
Apr 16 09:37:00 ubuntu kernel: [    0.000798] Yama: becoming mindful.
Apr 16 09:37:00 ubuntu kernel: [    0.000830] AppArmor: AppArmor initialized
Apr 16 09:37:00 ubuntu systemd-networkd[2173]: enp125s0f2: Link is not managed by us
Apr 16 09:37:00 ubuntu kernel: [    0.012269] Dentry cache hash table entries: 8388608 (order: 14, 67108864 bytes, vmalloc)
Apr 16 09:37:00 ubuntu kernel: [    0.018547] Inode-cache hash table entries: 4194304 (order: 13, 33554432 bytes, vmalloc)
Apr 16 09:37:00 ubuntu kernel: [    0.018811] Mount-cache hash table entries: 131072 (order: 8, 1048576 bytes, vmalloc)
Apr 16 09:37:00 ubuntu kernel: [    0.019010] Mountpoint-cache hash table entries: 131072 (order: 8, 1048576 bytes, vmalloc)
Apr 16 09:37:00 ubuntu kernel: [    0.021416] rcu: Hierarchical SRCU implementation.
Apr 16 09:37:00 ubuntu kernel: [    0.021872] Platform MSI: ITS@0x202100000 domain created
Apr 16 09:37:00 ubuntu systemd-networkd[2173]: enp125s0f0: Link is not managed by us
Apr 16 09:37:00 ubuntu kernel: [    0.021876] Platform MSI: ITS@0x200202100000 domain created
Apr 16 09:37:00 ubuntu kernel: [    0.021883] PCI/MSI: ITS@0x202100000 domain created
Apr 16 09:37:00 ubuntu kernel: [    0.021886] PCI/MSI: ITS@0x200202100000 domain created
Apr 16 09:37:00 ubuntu systemd-networkd[2173]: enp125s0f3: Link is not managed by us
Apr 16 09:37:00 ubuntu kernel: [    0.021900] Remapping and enabling EFI services.
Apr 16 09:37:00 ubuntu kernel: [    0.022100] efi: memattr: Entry attributes invalid: RO and XP bits both cleared
Apr 16 09:37:00 ubuntu kernel: [    0.022105] efi: memattr: ! 0x000000000000-0x00000000ffff [Runtime Code       |RUN|  |  |  |  |  |  |  |   |  |  |  |  ]
Apr 16 09:37:00 ubuntu systemd-networkd[2173]: enp125s0f1: Link UP
Apr 16 09:37:00 ubuntu kernel: [    0.023239] smp: Bringing up secondary CPUs ...
Apr 16 09:37:00 ubuntu kernel: [    0.053073] Detected VIPT I-cache on CPU1
Apr 16 09:37:00 ubuntu kernel: [    0.053080] GICv3: CPU1: found redistributor 80100 region 1:0x00000000ae140000
Apr 16 09:37:00 ubuntu systemd[1]: Started Daily apt upgrade and clean activities.
Apr 16 09:37:00 ubuntu kernel: [    0.053096] GICv3: CPU1: using allocated LPI pending table @0x00000027ffb40000
Apr 16 09:37:00 ubuntu kernel: [    0.053132] CPU1: Booted secondary processor 0x0000080100 [0x481fd010]
Apr 16 09:37:00 ubuntu kernel: [    0.085617] Detected VIPT I-cache on CPU2
Apr 16 09:37:00 ubuntu kernel: [    0.085621] GICv3: CPU2: found redistributor 80200 region 2:0x00000000ae180000
Apr 16 09:37:00 ubuntu kernel: [    0.085632] GICv3: CPU2: using allocated LPI pending table @0x00000027ffb50000
Apr 16 09:37:00 ubuntu systemd[1]: Listening on CUPS Scheduler.
Apr 16 09:37:00 ubuntu kernel: [    0.085665] CPU2: Booted secondary processor 0x0000080200 [0x481fd010]
Apr 16 09:37:00 ubuntu kernel: [    0.118167] Detected VIPT I-cache on CPU3
Apr 16 09:37:00 ubuntu kernel: [    0.118171] GICv3: CPU3: found redistributor 80300 region 3:0x00000000ae1c0000
Apr 16 09:37:00 ubuntu kernel: [    0.118184] GICv3: CPU3: using allocated LPI pending table @0x00000027ffb60000
Apr 16 09:37:00 ubuntu kernel: [    0.118215] CPU3: Booted secondary processor 0x0000080300 [0x481fd010]
Apr 16 09:37:00 ubuntu kernel: [    0.150897] Detected VIPT I-cache on CPU4
Apr 16 09:37:00 ubuntu systemd[1]: Listening on UUID daemon activation socket.
Apr 16 09:37:00 ubuntu kernel: [    0.150904] GICv3: CPU4: found redistributor 90000 region 4:0x00000000ae200000
Apr 16 09:37:00 ubuntu kernel: [    0.150926] GICv3: CPU4: using allocated LPI pending table @0x00000027ffb70000
Apr 16 09:37:00 ubuntu kernel: [    0.150963] CPU4: Booted secondary processor 0x0000090000 [0x481fd010]
Apr 16 09:37:00 ubuntu kernel: [    0.183614] Detected VIPT I-cache on CPU5
Apr 16 09:37:00 ubuntu kernel: [    0.183619] GICv3: CPU5: found redistributor 90100 region 5:0x00000000ae240000
Apr 16 09:37:00 ubuntu systemd[1]: Started Trigger anacron every hour.
Apr 16 09:37:00 ubuntu kernel: [    0.183633] GICv3: CPU5: using allocated LPI pending table @0x00000027ff100000
Apr 16 09:37:00 ubuntu kernel: [    0.183665] CPU5: Booted secondary processor 0x0000090100 [0x481fd010]
Apr 16 09:37:00 ubuntu kernel: [    0.216337] Detected VIPT I-cache on CPU6
Apr 16 09:37:00 ubuntu systemd[1]: Starting LXD - unix socket.
Apr 16 09:37:00 ubuntu kernel: [    0.216342] GICv3: CPU6: found redistributor 90200 region 6:0x00000000ae280000
Apr 16 09:37:00 ubuntu kernel: [    0.216357] GICv3: CPU6: using allocated LPI pending table @0x00000027ff110000
Apr 16 09:37:00 ubuntu systemd[1]: Started Discard unused blocks once a week.
Apr 16 09:37:00 ubuntu kernel: [    0.216389] CPU6: Booted secondary processor 0x0000090200 [0x481fd010]
Apr 16 09:37:00 ubuntu kernel: [    0.249062] Detected VIPT I-cache on CPU7
Apr 16 09:37:00 ubuntu kernel: [    0.249067] GICv3: CPU7: found redistributor 90300 region 7:0x00000000ae2c0000
Apr 16 09:37:00 ubuntu systemd[1]: Reached target Timers.
Apr 16 09:37:00 ubuntu kernel: [    0.249079] GICv3: CPU7: using allocated LPI pending table @0x00000027ff120000
Apr 16 09:37:00 ubuntu kernel: [    0.249111] CPU7: Booted secondary processor 0x0000090300 [0x481fd010]
Apr 16 09:37:00 ubuntu systemd[1]: Started Network Service.
Apr 16 09:37:00 ubuntu kernel: [    0.281963] Detected VIPT I-cache on CPU8
Apr 16 09:37:00 ubuntu kernel: [    0.281970] GICv3: CPU8: found redistributor a0000 region 8:0x00000000ae300000
Apr 16 09:37:00 ubuntu kernel: [    0.281987] GICv3: CPU8: using allocated LPI pending table @0x00000027ff130000
Apr 16 09:37:00 ubuntu systemd[1]: Started Raise network interfaces.
Apr 16 09:37:00 ubuntu kernel: [    0.282023] CPU8: Booted secondary processor 0x00000a0000 [0x481fd010]
Apr 16 09:37:00 ubuntu kernel: [    0.314856] Detected VIPT I-cache on CPU9
Apr 16 09:37:00 ubuntu kernel: [    0.314862] GICv3: CPU9: found redistributor a0100 region 9:0x00000000ae340000
Apr 16 09:37:00 ubuntu systemd[1]: Listening on Socket activation for snappy daemon.
Apr 16 09:37:00 ubuntu kernel: [    0.314874] GICv3: CPU9: using allocated LPI pending table @0x00000027ff140000
Apr 16 09:37:00 ubuntu kernel: [    0.314906] CPU9: Booted secondary processor 0x00000a0100 [0x481fd010]
Apr 16 09:37:00 ubuntu kernel: [    0.347753] Detected VIPT I-cache on CPU10
Apr 16 09:37:00 ubuntu systemd[1]: Listening on LXD - unix socket.
Apr 16 09:37:00 ubuntu systemd[1]: Reached target Sockets.
Apr 16 09:37:00 ubuntu systemd[1]: Reached target Basic System.
Apr 16 09:37:00 ubuntu systemd[1]: Starting LSB: Record successful boot for GRUB...
Apr 16 09:37:00 ubuntu systemd[1]: Started FUSE filesystem for LXC.
Apr 16 09:37:00 ubuntu systemd-networkd[2173]: br0: IPv6 successfully enabled
Apr 16 09:37:00 ubuntu systemd-networkd[2173]: lo: Link is not managed by us
Apr 16 09:37:00 ubuntu systemd-networkd[2173]: enp125s0f2: Link is not managed by us
Apr 16 09:37:00 ubuntu systemd-networkd[2173]: enp125s0f3: Link is not managed by us
Apr 16 09:37:00 ubuntu systemd-networkd[2173]: enp125s0f0: Link UP
Apr 16 09:37:00 ubuntu systemd[1]: Started irqbalance daemon.
Apr 16 09:37:00 ubuntu kernel: [    0.347759] GICv3: CPU10: found redistributor a0200 region 10:0x00000000ae380000
Apr 16 09:37:00 ubuntu systemd[1]: Starting Avahi mDNS/DNS-SD Stack...
Apr 16 09:37:00 ubuntu kernel: [    0.347772] GICv3: CPU10: using allocated LPI pending table @0x00000027ff150000
Apr 16 09:37:00 ubuntu systemd[1]: Starting LXD - container startup/shutdown...
Apr 16 09:37:00 ubuntu kernel: [    0.347803] CPU10: Booted secondary processor 0x00000a0200 [0x481fd010]
Apr 16 09:37:00 ubuntu kernel: [    0.380651] Detected VIPT I-cache on CPU11
Apr 16 09:37:00 ubuntu kernel: [    0.380656] GICv3: CPU11: found redistributor a0300 region 11:0x00000000ae3c0000
Apr 16 09:37:00 ubuntu kernel: [    0.380668] GICv3: CPU11: using allocated LPI pending table @0x00000027ff160000
Apr 16 09:37:00 ubuntu kernel: [    0.380701] CPU11: Booted secondary processor 0x00000a0300 [0x481fd010]
Apr 16 09:37:00 ubuntu systemd[1]: Starting Accounts Service...
Apr 16 09:37:00 ubuntu kernel: [    0.413725] Detected VIPT I-cache on CPU12
Apr 16 09:37:00 ubuntu systemd[1]: Started Run anacron jobs.
Apr 16 09:37:00 ubuntu kernel: [    0.413733] GICv3: CPU12: found redistributor b0000 region 12:0x00000000ae400000
Apr 16 09:37:00 ubuntu kernel: [    0.413750] GICv3: CPU12: using allocated LPI pending table @0x00000027ff170000
Apr 16 09:37:00 ubuntu kernel: [    0.413786] CPU12: Booted secondary processor 0x00000b0000 [0x481fd010]
Apr 16 09:37:00 ubuntu anacron[2406]: Anacron 2.3 started on 2021-04-16
Apr 16 09:37:00 ubuntu kernel: [    0.446792] Detected VIPT I-cache on CPU13
Apr 16 09:37:00 ubuntu kernel: [    0.446799] GICv3: CPU13: found redistributor b0100 region 13:0x00000000ae440000
Apr 16 09:37:00 ubuntu kernel: [    0.446812] GICv3: CPU13: using allocated LPI pending table @0x00000027ff180000
Apr 16 09:37:00 ubuntu lxcfs[2367]: mount namespace: 5
Apr 16 09:37:00 ubuntu kernel: [    0.446844] CPU13: Booted secondary processor 0x00000b0100 [0x481fd010]
Apr 16 09:37:00 ubuntu kernel: [    0.479863] Detected VIPT I-cache on CPU14
Apr 16 09:37:00 ubuntu lxcfs[2367]: hierarchies:
Apr 16 09:37:00 ubuntu kernel: [    0.479869] GICv3: CPU14: found redistributor b0200 region 14:0x00000000ae480000
Apr 16 09:37:00 ubuntu kernel: [    0.479883] GICv3: CPU14: using allocated LPI pending table @0x00000027ff190000
Apr 16 09:37:00 ubuntu kernel: [    0.479915] CPU14: Booted secondary processor 0x00000b0200 [0x481fd010]
Apr 16 09:37:00 ubuntu kernel: [    0.512934] Detected VIPT I-cache on CPU15
Apr 16 09:37:00 ubuntu lxcfs[2367]:   0: fd:   6: net_cls,net_prio
Apr 16 09:37:00 ubuntu kernel: [    0.512940] GICv3: CPU15: found redistributor b0300 region 15:0x00000000ae4c0000
Apr 16 09:37:00 ubuntu kernel: [    0.512953] GICv3: CPU15: using allocated LPI pending table @0x00000027ff1a0000
Apr 16 09:37:00 ubuntu lxcfs[2367]:   1: fd:   7: rdma
Apr 16 09:37:00 ubuntu kernel: [    0.512985] CPU15: Booted secondary processor 0x00000b0300 [0x481fd010]
Apr 16 09:37:00 ubuntu kernel: [    0.545488] Detected VIPT I-cache on CPU16
Apr 16 09:37:00 ubuntu kernel: [    0.545496] GICv3: CPU16: found redistributor c0000 region 16:0x00000000ae500000
Apr 16 09:37:00 ubuntu lxcfs[2367]:   2: fd:   8: hugetlb
Apr 16 09:37:00 ubuntu kernel: [    0.545515] GICv3: CPU16: using allocated LPI pending table @0x00000027ff1b0000
Apr 16 09:37:00 ubuntu lxcfs[2367]:   3: fd:   9: cpuset
Apr 16 09:37:00 ubuntu kernel: [    0.545550] CPU16: Booted secondary processor 0x00000c0000 [0x481fd010]
Apr 16 09:37:00 ubuntu kernel: [    0.578034] Detected VIPT I-cache on CPU17
Apr 16 09:37:00 ubuntu lxcfs[2367]:   4: fd:  10: cpu,cpuacct
Apr 16 09:37:00 ubuntu kernel: [    0.578041] GICv3: CPU17: found redistributor c0100 region 17:0x00000000ae540000
Apr 16 09:37:00 ubuntu kernel: [    0.578054] GICv3: CPU17: using allocated LPI pending table @0x00000027ff1c0000
Apr 16 09:37:00 ubuntu kernel: [    0.578086] CPU17: Booted secondary processor 0x00000c0100 [0x481fd010]
Apr 16 09:37:00 ubuntu lxcfs[2367]:   5: fd:  11: perf_event
Apr 16 09:37:00 ubuntu kernel: [    0.610584] Detected VIPT I-cache on CPU18
Apr 16 09:37:00 ubuntu kernel: [    0.610590] GICv3: CPU18: found redistributor c0200 region 18:0x00000000ae580000
Apr 16 09:37:00 ubuntu kernel: [    0.610604] GICv3: CPU18: using allocated LPI pending table @0x00000027ff1d0000
Apr 16 09:37:00 ubuntu kernel: [    0.610636] CPU18: Booted secondary processor 0x00000c0200 [0x481fd010]
Apr 16 09:37:00 ubuntu lxcfs[2367]:   6: fd:  12: pids
Apr 16 09:37:00 ubuntu kernel: [    0.643133] Detected VIPT I-cache on CPU19
Apr 16 09:37:00 ubuntu kernel: [    0.643140] GICv3: CPU19: found redistributor c0300 region 19:0x00000000ae5c0000
Apr 16 09:37:00 ubuntu kernel: [    0.643153] GICv3: CPU19: using allocated LPI pending table @0x00000027ff1e0000
Apr 16 09:37:00 ubuntu kernel: [    0.643185] CPU19: Booted secondary processor 0x00000c0300 [0x481fd010]
Apr 16 09:37:00 ubuntu kernel: [    0.675861] Detected VIPT I-cache on CPU20
Apr 16 09:37:00 ubuntu kernel: [    0.675870] GICv3: CPU20: found redistributor d0000 region 20:0x00000000ae600000
Apr 16 09:37:00 ubuntu lxcfs[2367]:   7: fd:  13: freezer
Apr 16 09:37:00 ubuntu lxcfs[2367]:   8: fd:  14: devices
Apr 16 09:37:00 ubuntu kernel: [    0.675889] GICv3: CPU20: using allocated LPI pending table @0x00000027ff1f0000
Apr 16 09:37:00 ubuntu kernel: [    0.675925] CPU20: Booted secondary processor 0x00000d0000 [0x481fd010]
Apr 16 09:37:00 ubuntu kernel: [    0.708581] Detected VIPT I-cache on CPU21
Apr 16 09:37:00 ubuntu kernel: [    0.708588] GICv3: CPU21: found redistributor d0100 region 21:0x00000000ae640000
Apr 16 09:37:00 ubuntu kernel: [    0.708603] GICv3: CPU21: using allocated LPI pending table @0x00000027ff200000
Apr 16 09:37:00 ubuntu lxcfs[2367]:   9: fd:  15: memory
Apr 16 09:37:00 ubuntu kernel: [    0.708636] CPU21: Booted secondary processor 0x00000d0100 [0x481fd010]
Apr 16 09:37:00 ubuntu kernel: [    0.741305] Detected VIPT I-cache on CPU22
Apr 16 09:37:00 ubuntu lxcfs[2367]:  10: fd:  16: blkio
Apr 16 09:37:00 ubuntu kernel: [    0.741312] GICv3: CPU22: found redistributor d0200 region 22:0x00000000ae680000
Apr 16 09:37:00 ubuntu kernel: [    0.741326] GICv3: CPU22: using allocated LPI pending table @0x00000027ff210000
Apr 16 09:37:00 ubuntu kernel: [    0.741358] CPU22: Booted secondary processor 0x00000d0200 [0x481fd010]
Apr 16 09:37:00 ubuntu lxcfs[2367]:  11: fd:  17: name=systemd
Apr 16 09:37:00 ubuntu kernel: [    0.774028] Detected VIPT I-cache on CPU23
Apr 16 09:37:00 ubuntu kernel: [    0.774035] GICv3: CPU23: found redistributor d0300 region 23:0x00000000ae6c0000
Apr 16 09:37:00 ubuntu kernel: [    0.774049] GICv3: CPU23: using allocated LPI pending table @0x00000027ff220000
Apr 16 09:37:00 ubuntu lxcfs[2367]:  12: fd:  18: unified
Apr 16 09:37:00 ubuntu kernel: [    0.774080] CPU23: Booted secondary processor 0x00000d0300 [0x481fd010]
Apr 16 09:37:00 ubuntu kernel: [    0.806593] Detected VIPT I-cache on CPU24
Apr 16 09:37:00 ubuntu kernel: [    0.806609] GICv3: CPU24: found redistributor 180000 region 24:0x00000000aa100000
Apr 16 09:37:00 ubuntu kernel: [    0.806654] GICv3: CPU24: using allocated LPI pending table @0x00000027ff230000
Apr 16 09:37:00 ubuntu kernel: [    0.806701] CPU24: Booted secondary processor 0x0000180000 [0x481fd010]
Apr 16 09:37:00 ubuntu cron[2414]: (CRON) INFO (pidfile fd = 3)
Apr 16 09:37:00 ubuntu kernel: [    0.839129] Detected VIPT I-cache on CPU25
Apr 16 09:37:00 ubuntu kernel: [    0.839139] GICv3: CPU25: found redistributor 180100 region 25:0x00000000aa140000
Apr 16 09:37:00 ubuntu systemd[1]: Started Set the CPU Frequency Scaling governor.
Apr 16 09:37:00 ubuntu kernel: [    0.839154] GICv3: CPU25: using allocated LPI pending table @0x00000027ff240000
Apr 16 09:37:00 ubuntu kernel: [    0.839192] CPU25: Booted secondary processor 0x0000180100 [0x481fd010]
Apr 16 09:37:00 ubuntu kernel: [    0.871679] Detected VIPT I-cache on CPU26
Apr 16 09:37:00 ubuntu kernel: [    0.871689] GICv3: CPU26: found redistributor 180200 region 26:0x00000000aa180000
Apr 16 09:37:00 ubuntu kernel: [    0.871703] GICv3: CPU26: using allocated LPI pending table @0x00000027ff250000
Apr 16 09:37:00 ubuntu cron[2414]: (CRON) INFO (Running @reboot jobs)
Apr 16 09:37:00 ubuntu kernel: [    0.871741] CPU26: Booted secondary processor 0x0000180200 [0x481fd010]
Apr 16 09:37:00 ubuntu kernel: [    0.904229] Detected VIPT I-cache on CPU27
Apr 16 09:37:00 ubuntu systemd-networkd[2173]: br0: Link UP
Apr 16 09:37:00 ubuntu kernel: [    0.904239] GICv3: CPU27: found redistributor 180300 region 27:0x00000000aa1c0000
Apr 16 09:37:00 ubuntu kernel: [    0.904254] GICv3: CPU27: using allocated LPI pending table @0x00000027ff260000
Apr 16 09:37:00 ubuntu kernel: [    0.904292] CPU27: Booted secondary processor 0x0000180300 [0x481fd010]
Apr 16 09:37:00 ubuntu systemd[1]: Started Regular background program processing daemon.
Apr 16 09:37:00 ubuntu kernel: [    0.936962] Detected VIPT I-cache on CPU28
Apr 16 09:37:00 ubuntu kernel: [    0.936976] GICv3: CPU28: found redistributor 190000 region 28:0x00000000aa200000
Apr 16 09:37:00 ubuntu kernel: [    0.937002] GICv3: CPU28: using allocated LPI pending table @0x00000027ff270000
Apr 16 09:37:00 ubuntu systemd[1]: Starting Login Service...
Apr 16 09:37:00 ubuntu kernel: [    0.937047] CPU28: Booted secondary processor 0x0000190000 [0x481fd010]
Apr 16 09:37:00 ubuntu kernel: [    0.969677] Detected VIPT I-cache on CPU29
Apr 16 09:37:00 ubuntu kernel: [    0.969688] GICv3: CPU29: found redistributor 190100 region 29:0x00000000aa240000
Apr 16 09:37:00 ubuntu systemd[1]: Started D-Bus System Message Bus.
Apr 16 09:37:00 ubuntu kernel: [    0.969703] GICv3: CPU29: using allocated LPI pending table @0x00000027ff280000
Apr 16 09:37:00 ubuntu kernel: [    0.969741] CPU29: Booted secondary processor 0x0000190100 [0x481fd010]
Apr 16 09:37:00 ubuntu kernel: [    1.002401] Detected VIPT I-cache on CPU30
Apr 16 09:37:00 ubuntu kernel: [    1.002412] GICv3: CPU30: found redistributor 190200 region 30:0x00000000aa280000
Apr 16 09:37:00 ubuntu kernel: [    1.002430] GICv3: CPU30: using allocated LPI pending table @0x00000027ff290000
Apr 16 09:37:00 ubuntu kernel: [    1.002468] CPU30: Booted secondary processor 0x0000190200 [0x481fd010]
Apr 16 09:37:00 ubuntu kernel: [    1.035124] Detected VIPT I-cache on CPU31
Apr 16 09:37:00 ubuntu kernel: [    1.035135] GICv3: CPU31: found redistributor 190300 region 31:0x00000000aa2c0000
Apr 16 09:37:00 ubuntu kernel: [    1.035152] GICv3: CPU31: using allocated LPI pending table @0x00000027ff2a0000
Apr 16 09:37:00 ubuntu kernel: [    1.035190] CPU31: Booted secondary processor 0x0000190300 [0x481fd010]
Apr 16 09:37:00 ubuntu kernel: [    1.068028] Detected VIPT I-cache on CPU32
Apr 16 09:37:00 ubuntu kernel: [    1.068042] GICv3: CPU32: found redistributor 1a0000 region 32:0x00000000aa300000
Apr 16 09:37:00 ubuntu kernel: [    1.068067] GICv3: CPU32: using allocated LPI pending table @0x00000027ff2b0000
Apr 16 09:37:00 ubuntu kernel: [    1.068111] CPU32: Booted secondary processor 0x00001a0000 [0x481fd010]
Apr 16 09:37:00 ubuntu kernel: [    1.100919] Detected VIPT I-cache on CPU33
Apr 16 09:37:00 ubuntu kernel: [    1.100930] GICv3: CPU33: found redistributor 1a0100 region 33:0x00000000aa340000
Apr 16 09:37:00 ubuntu kernel: [    1.100947] GICv3: CPU33: using allocated LPI pending table @0x00000027ff2c0000
Apr 16 09:37:00 ubuntu kernel: [    1.100987] CPU33: Booted secondary processor 0x00001a0100 [0x481fd010]
Apr 16 09:37:00 ubuntu kernel: [    1.133816] Detected VIPT I-cache on CPU34
Apr 16 09:37:00 ubuntu kernel: [    1.133828] GICv3: CPU34: found redistributor 1a0200 region 34:0x00000000aa380000
Apr 16 09:37:00 ubuntu anacron[2406]: Normal exit (0 jobs run)
Apr 16 09:37:00 ubuntu kernel: [    1.133844] GICv3: CPU34: using allocated LPI pending table @0x00000027ff2d0000
Apr 16 09:37:00 ubuntu kernel: [    1.133883] CPU34: Booted secondary processor 0x00001a0200 [0x481fd010]
Apr 16 09:37:00 ubuntu kernel: [    1.166714] Detected VIPT I-cache on CPU35
Apr 16 09:37:00 ubuntu kernel: [    1.166725] GICv3: CPU35: found redistributor 1a0300 region 35:0x00000000aa3c0000
Apr 16 09:37:00 ubuntu /usr/sbin/irqbalance: IRQ 0(1) guessed as class 0
Apr 16 09:37:00 ubuntu kernel: [    1.166741] GICv3: CPU35: using allocated LPI pending table @0x00000027ff2e0000
Apr 16 09:37:00 ubuntu kernel: [    1.166780] CPU35: Booted secondary processor 0x00001a0300 [0x481fd010]
Apr 16 09:37:00 ubuntu kernel: [    1.199790] Detected VIPT I-cache on CPU36
Apr 16 09:37:00 ubuntu kernel: [    1.199804] GICv3: CPU36: found redistributor 1b0000 region 36:0x00000000aa400000
Apr 16 09:37:00 ubuntu /usr/sbin/irqbalance: IRQ 0(2) guessed as class 0
Apr 16 09:37:00 ubuntu kernel: [    1.199828] GICv3: CPU36: using allocated LPI pending table @0x00000027ff2f0000
Apr 16 09:37:00 ubuntu kernel: [    1.199873] CPU36: Booted secondary processor 0x00001b0000 [0x481fd010]
Apr 16 09:37:00 ubuntu /usr/sbin/irqbalance: IRQ 0(3) guessed as class 0
Apr 16 09:37:00 ubuntu /usr/sbin/irqbalance: IRQ 475(4) guessed as class 0
Apr 16 09:37:00 ubuntu /usr/sbin/irqbalance: IRQ 0(9) guessed as class 0
Apr 16 09:37:00 ubuntu /usr/sbin/irqbalance: IRQ 0(10) guessed as class 0
Apr 16 09:37:00 ubuntu /usr/sbin/irqbalance: IRQ 0(14) guessed as class 0
Apr 16 09:37:00 ubuntu /usr/sbin/irqbalance: IRQ 0(15) guessed as class 0
Apr 16 09:37:00 ubuntu /usr/sbin/irqbalance: IRQ 0(16) guessed as class 0
Apr 16 09:37:00 ubuntu /usr/sbin/irqbalance: IRQ 0(17) guessed as class 0
Apr 16 09:37:00 ubuntu /usr/sbin/irqbalance: IRQ 0(19) guessed as class 0
Apr 16 09:37:00 ubuntu /usr/sbin/irqbalance: IRQ 0(20) guessed as class 0
Apr 16 09:37:00 ubuntu /usr/sbin/irqbalance: IRQ 0(21) guessed as class 0
Apr 16 09:37:00 ubuntu /usr/sbin/irqbalance: IRQ 0(22) guessed as class 0
Apr 16 09:37:00 ubuntu /usr/sbin/irqbalance: IRQ 0(23) guessed as class 0
Apr 16 09:37:00 ubuntu kernel: [    1.232855] Detected VIPT I-cache on CPU37
Apr 16 09:37:00 ubuntu kernel: [    1.232867] GICv3: CPU37: found redistributor 1b0100 region 37:0x00000000aa440000
Apr 16 09:37:00 ubuntu kernel: [    1.232885] GICv3: CPU37: using allocated LPI pending table @0x00000027ff300000
Apr 16 09:37:00 ubuntu kernel: [    1.232922] CPU37: Booted secondary processor 0x00001b0100 [0x481fd010]
Apr 16 09:37:00 ubuntu /usr/sbin/irqbalance: IRQ 0(24) guessed as class 0
Apr 16 09:37:00 ubuntu kernel: [    1.265926] Detected VIPT I-cache on CPU38
Apr 16 09:37:00 ubuntu kernel: [    1.265937] GICv3: CPU38: found redistributor 1b0200 region 38:0x00000000aa480000
Apr 16 09:37:00 ubuntu kernel: [    1.265955] GICv3: CPU38: using allocated LPI pending table @0x00000027ff310000
Apr 16 09:37:00 ubuntu /usr/sbin/irqbalance: IRQ 0(25) guessed as class 0
Apr 16 09:37:00 ubuntu kernel: [    1.265994] CPU38: Booted secondary processor 0x00001b0200 [0x481fd010]
Apr 16 09:37:00 ubuntu kernel: [    1.298996] Detected VIPT I-cache on CPU39
Apr 16 09:37:00 ubuntu kernel: [    1.299008] GICv3: CPU39: found redistributor 1b0300 region 39:0x00000000aa4c0000
Apr 16 09:37:00 ubuntu /usr/sbin/irqbalance: IRQ 0(26) guessed as class 0
Apr 16 09:37:00 ubuntu kernel: [    1.299025] GICv3: CPU39: using allocated LPI pending table @0x00000027ff320000
Apr 16 09:37:00 ubuntu kernel: [    1.299063] CPU39: Booted secondary processor 0x00001b0300 [0x481fd010]
Apr 16 09:37:00 ubuntu kernel: [    1.331553] Detected VIPT I-cache on CPU40
Apr 16 09:37:00 ubuntu /usr/sbin/irqbalance: IRQ 0(27) guessed as class 0
Apr 16 09:37:00 ubuntu kernel: [    1.331567] GICv3: CPU40: found redistributor 1c0000 region 40:0x00000000aa500000
Apr 16 09:37:00 ubuntu kernel: [    1.331596] GICv3: CPU40: using allocated LPI pending table @0x00000027ff330000
Apr 16 09:37:00 ubuntu kernel: [    1.331639] CPU40: Booted secondary processor 0x00001c0000 [0x481fd010]
Apr 16 09:37:00 ubuntu kernel: [    1.364097] Detected VIPT I-cache on CPU41
Apr 16 09:37:00 ubuntu /usr/sbin/irqbalance: IRQ 0(28) guessed as class 0
Apr 16 09:37:00 ubuntu kernel: [    1.364109] GICv3: CPU41: found redistributor 1c0100 region 41:0x00000000aa540000
Apr 16 09:37:00 ubuntu kernel: [    1.364127] GICv3: CPU41: using allocated LPI pending table @0x00000027ff340000
Apr 16 09:37:00 ubuntu kernel: [    1.364166] CPU41: Booted secondary processor 0x00001c0100 [0x481fd010]
Apr 16 09:37:00 ubuntu /usr/sbin/irqbalance: IRQ 0(29) guessed as class 0
Apr 16 09:37:00 ubuntu kernel: [    1.396647] Detected VIPT I-cache on CPU42
Apr 16 09:37:00 ubuntu kernel: [    1.396658] GICv3: CPU42: found redistributor 1c0200 region 42:0x00000000aa580000
Apr 16 09:37:00 ubuntu kernel: [    1.396676] GICv3: CPU42: using allocated LPI pending table @0x00000027ff350000
Apr 16 09:37:00 ubuntu /usr/sbin/irqbalance: IRQ 0(30) guessed as class 0
Apr 16 09:37:00 ubuntu kernel: [    1.396715] CPU42: Booted secondary processor 0x00001c0200 [0x481fd010]
Apr 16 09:37:00 ubuntu kernel: [    1.429196] Detected VIPT I-cache on CPU43
Apr 16 09:37:00 ubuntu kernel: [    1.429208] GICv3: CPU43: found redistributor 1c0300 region 43:0x00000000aa5c0000
Apr 16 09:37:00 ubuntu /usr/sbin/irqbalance: IRQ 0(31) guessed as class 0
Apr 16 09:37:00 ubuntu kernel: [    1.429227] GICv3: CPU43: using allocated LPI pending table @0x00000027ff360000
Apr 16 09:37:00 ubuntu kernel: [    1.429266] CPU43: Booted secondary processor 0x00001c0300 [0x481fd010]
Apr 16 09:37:00 ubuntu /usr/sbin/irqbalance: IRQ 0(32) guessed as class 0
Apr 16 09:37:00 ubuntu kernel: [    1.461926] Detected VIPT I-cache on CPU44
Apr 16 09:37:00 ubuntu kernel: [    1.461941] GICv3: CPU44: found redistributor 1d0000 region 44:0x00000000aa600000
Apr 16 09:37:00 ubuntu kernel: [    1.461968] GICv3: CPU44: using allocated LPI pending table @0x00000027ff370000
Apr 16 09:37:00 ubuntu /usr/sbin/irqbalance: IRQ 0(33) guessed as class 0
Apr 16 09:37:00 ubuntu kernel: [    1.462014] CPU44: Booted secondary processor 0x00001d0000 [0x481fd010]
Apr 16 09:37:00 ubuntu kernel: [    1.494644] Detected VIPT I-cache on CPU45
Apr 16 09:37:00 ubuntu /usr/sbin/irqbalance: IRQ 0(34) guessed as class 0
Apr 16 09:37:00 ubuntu kernel: [    1.494656] GICv3: CPU45: found redistributor 1d0100 region 45:0x00000000aa640000
Apr 16 09:37:00 ubuntu kernel: [    1.494676] GICv3: CPU45: using allocated LPI pending table @0x00000027ff380000
Apr 16 09:37:00 ubuntu kernel: [    1.494715] CPU45: Booted secondary processor 0x00001d0100 [0x481fd010]
Apr 16 09:37:00 ubuntu kernel: [    1.527367] Detected VIPT I-cache on CPU46
Apr 16 09:37:00 ubuntu kernel: [    1.527380] GICv3: CPU46: found redistributor 1d0200 region 46:0x00000000aa680000
Apr 16 09:37:00 ubuntu /usr/sbin/irqbalance: IRQ 0(35) guessed as class 0
Apr 16 09:37:00 ubuntu kernel: [    1.527399] GICv3: CPU46: using allocated LPI pending table @0x00000027ff390000
Apr 16 09:37:00 ubuntu kernel: [    1.527437] CPU46: Booted secondary processor 0x00001d0200 [0x481fd010]
Apr 16 09:37:00 ubuntu kernel: [    1.560091] Detected VIPT I-cache on CPU47
Apr 16 09:37:00 ubuntu /usr/sbin/irqbalance: IRQ 0(36) guessed as class 0
Apr 16 09:37:00 ubuntu kernel: [    1.560103] GICv3: CPU47: found redistributor 1d0300 region 47:0x00000000aa6c0000
Apr 16 09:37:00 ubuntu kernel: [    1.560121] GICv3: CPU47: using allocated LPI pending table @0x00000027ff3a0000
Apr 16 09:37:00 ubuntu kernel: [    1.560159] CPU47: Booted secondary processor 0x00001d0300 [0x481fd010]
Apr 16 09:37:00 ubuntu kernel: [    1.592932] Detected VIPT I-cache on CPU48
Apr 16 09:37:00 ubuntu /usr/sbin/irqbalance: IRQ 0(37) guessed as class 0
Apr 16 09:37:00 ubuntu kernel: [    1.592971] GICv3: CPU48: found redistributor 280000 region 48:0x00002000ae100000
Apr 16 09:37:00 ubuntu /usr/sbin/irqbalance: IRQ 0(38) guessed as class 0
Apr 16 09:37:00 ubuntu kernel: [    1.593016] GICv3: CPU48: using allocated LPI pending table @0x00000027ff3b0000
Apr 16 09:37:00 ubuntu kernel: [    1.593088] CPU48: Booted secondary processor 0x0000280000 [0x481fd010]
Apr 16 09:37:00 ubuntu kernel: [    1.625719] Detected VIPT I-cache on CPU49
Apr 16 09:37:00 ubuntu kernel: [    1.625747] GICv3: CPU49: found redistributor 280100 region 49:0x00002000ae140000
Apr 16 09:37:00 ubuntu kernel: [    1.625772] GICv3: CPU49: using allocated LPI pending table @0x00000027ff3c0000
Apr 16 09:37:00 ubuntu /usr/sbin/irqbalance: IRQ 0(39) guessed as class 0
Apr 16 09:37:00 ubuntu kernel: [    1.625823] CPU49: Booted secondary processor 0x0000280100 [0x481fd010]
Apr 16 09:37:00 ubuntu kernel: [    1.658530] Detected VIPT I-cache on CPU50
Apr 16 09:37:00 ubuntu kernel: [    1.658557] GICv3: CPU50: found redistributor 280200 region 50:0x00002000ae180000
Apr 16 09:37:00 ubuntu /usr/sbin/irqbalance: IRQ 0(40) guessed as class 0
Apr 16 09:37:00 ubuntu kernel: [    1.658579] GICv3: CPU50: using allocated LPI pending table @0x00000027ff3d0000
Apr 16 09:37:00 ubuntu kernel: [    1.658631] CPU50: Booted secondary processor 0x0000280200 [0x481fd010]
Apr 16 09:37:00 ubuntu kernel: [    1.691339] Detected VIPT I-cache on CPU51
Apr 16 09:37:00 ubuntu kernel: [    1.691367] GICv3: CPU51: found redistributor 280300 region 51:0x00002000ae1c0000
Apr 16 09:37:00 ubuntu kernel: [    1.691389] GICv3: CPU51: using allocated LPI pending table @0x00000027ff3e0000
Apr 16 09:37:00 ubuntu /usr/sbin/irqbalance: IRQ 0(41) guessed as class 0
Apr 16 09:37:00 ubuntu kernel: [    1.691441] CPU51: Booted secondary processor 0x0000280300 [0x481fd010]
Apr 16 09:37:00 ubuntu kernel: [    1.724329] Detected VIPT I-cache on CPU52
Apr 16 09:37:00 ubuntu kernel: [    1.724358] GICv3: CPU52: found redistributor 290000 region 52:0x00002000ae200000
Apr 16 09:37:00 ubuntu kernel: [    1.724394] GICv3: CPU52: using allocated LPI pending table @0x00000027ff3f0000
Apr 16 09:37:00 ubuntu kernel: [    1.724450] CPU52: Booted secondary processor 0x0000290000 [0x481fd010]
Apr 16 09:37:00 ubuntu kernel: [    1.757308] Detected VIPT I-cache on CPU53
Apr 16 09:37:00 ubuntu kernel: [    1.757336] GICv3: CPU53: found redistributor 290100 region 53:0x00002000ae240000
Apr 16 09:37:00 ubuntu /usr/sbin/irqbalance: IRQ 0(42) guessed as class 0
Apr 16 09:37:00 ubuntu kernel: [    1.757355] GICv3: CPU53: using allocated LPI pending table @0x00000027fec00000
Apr 16 09:37:00 ubuntu kernel: [    1.757407] CPU53: Booted secondary processor 0x0000290100 [0x481fd010]
Apr 16 09:37:00 ubuntu kernel: [    1.790291] Detected VIPT I-cache on CPU54
Apr 16 09:37:00 ubuntu kernel: [    1.790320] GICv3: CPU54: found redistributor 290200 region 54:0x00002000ae280000
Apr 16 09:37:00 ubuntu /usr/sbin/irqbalance: IRQ 0(43) guessed as class 0
Apr 16 09:37:00 ubuntu kernel: [    1.790340] GICv3: CPU54: using allocated LPI pending table @0x00000027fec10000
Apr 16 09:37:00 ubuntu kernel: [    1.790392] CPU54: Booted secondary processor 0x0000290200 [0x481fd010]
Apr 16 09:37:00 ubuntu /usr/sbin/irqbalance: IRQ 0(44) guessed as class 0
Apr 16 09:37:00 ubuntu kernel: [    1.823276] Detected VIPT I-cache on CPU55
Apr 16 09:37:00 ubuntu kernel: [    1.823304] GICv3: CPU55: found redistributor 290300 region 55:0x00002000ae2c0000
Apr 16 09:37:00 ubuntu kernel: [    1.823324] GICv3: CPU55: using allocated LPI pending table @0x00000027fec20000
Apr 16 09:37:00 ubuntu /usr/sbin/irqbalance: IRQ 0(45) guessed as class 0
Apr 16 09:37:00 ubuntu kernel: [    1.823376] CPU55: Booted secondary processor 0x0000290300 [0x481fd010]
Apr 16 09:37:00 ubuntu kernel: [    1.856437] Detected VIPT I-cache on CPU56
Apr 16 09:37:00 ubuntu kernel: [    1.856467] GICv3: CPU56: found redistributor 2a0000 region 56:0x00002000ae300000
Apr 16 09:37:00 ubuntu kernel: [    1.856495] GICv3: CPU56: using allocated LPI pending table @0x00000027fec30000
Apr 16 09:37:00 ubuntu /usr/sbin/irqbalance: IRQ 0(46) guessed as class 0
Apr 16 09:37:00 ubuntu kernel: [    1.856550] CPU56: Booted secondary processor 0x00002a0000 [0x481fd010]
Apr 16 09:37:00 ubuntu kernel: [    1.889590] Detected VIPT I-cache on CPU57
Apr 16 09:37:00 ubuntu kernel: [    1.889619] GICv3: CPU57: found redistributor 2a0100 region 57:0x00002000ae340000
Apr 16 09:37:00 ubuntu kernel: [    1.889640] GICv3: CPU57: using allocated LPI pending table @0x00000027fec40000
Apr 16 09:37:00 ubuntu /usr/sbin/irqbalance: IRQ 0(47) guessed as class 0
Apr 16 09:37:00 ubuntu kernel: [    1.889692] CPU57: Booted secondary processor 0x00002a0100 [0x481fd010]
Apr 16 09:37:00 ubuntu kernel: [    1.922748] Detected VIPT I-cache on CPU58
Apr 16 09:37:00 ubuntu kernel: [    1.922777] GICv3: CPU58: found redistributor 2a0200 region 58:0x00002000ae380000
Apr 16 09:37:00 ubuntu kernel: [    1.922797] GICv3: CPU58: using allocated LPI pending table @0x00000027fec50000
Apr 16 09:37:00 ubuntu kernel: [    1.922849] CPU58: Booted secondary processor 0x00002a0200 [0x481fd010]
Apr 16 09:37:00 ubuntu kernel: [    1.955906] Detected VIPT I-cache on CPU59
Apr 16 09:37:00 ubuntu /usr/sbin/irqbalance: IRQ 0(48) guessed as class 0
Apr 16 09:37:00 ubuntu kernel: [    1.955935] GICv3: CPU59: found redistributor 2a0300 region 59:0x00002000ae3c0000
Apr 16 09:37:00 ubuntu kernel: [    1.955955] GICv3: CPU59: using allocated LPI pending table @0x00000027fec60000
Apr 16 09:37:00 ubuntu kernel: [    1.956007] CPU59: Booted secondary processor 0x00002a0300 [0x481fd010]
Apr 16 09:37:00 ubuntu kernel: [    1.989241] Detected VIPT I-cache on CPU60
Apr 16 09:37:00 ubuntu kernel: [    1.989272] GICv3: CPU60: found redistributor 2b0000 region 60:0x00002000ae400000
Apr 16 09:37:00 ubuntu /usr/sbin/irqbalance: IRQ 0(49) guessed as class 0
Apr 16 09:37:00 ubuntu kernel: [    1.989301] GICv3: CPU60: using allocated LPI pending table @0x00000027fec70000
Apr 16 09:37:00 ubuntu kernel: [    1.989356] CPU60: Booted secondary processor 0x00002b0000 [0x481fd010]
Apr 16 09:37:00 ubuntu kernel: [    2.022569] Detected VIPT I-cache on CPU61
Apr 16 09:37:00 ubuntu kernel: [    2.022598] GICv3: CPU61: found redistributor 2b0100 region 61:0x00002000ae440000
Apr 16 09:37:00 ubuntu /usr/sbin/irqbalance: IRQ 0(50) guessed as class 0
Apr 16 09:37:00 ubuntu kernel: [    2.022618] GICv3: CPU61: using allocated LPI pending table @0x00000027fec80000
Apr 16 09:37:00 ubuntu kernel: [    2.022671] CPU61: Booted secondary processor 0x00002b0100 [0x481fd010]
Apr 16 09:37:00 ubuntu /usr/sbin/irqbalance: IRQ 0(51) guessed as class 0
Apr 16 09:37:00 ubuntu kernel: [    2.055900] Detected VIPT I-cache on CPU62
Apr 16 09:37:00 ubuntu kernel: [    2.055929] GICv3: CPU62: found redistributor 2b0200 region 62:0x00002000ae480000
Apr 16 09:37:00 ubuntu kernel: [    2.055950] GICv3: CPU62: using allocated LPI pending table @0x00000027fec90000
Apr 16 09:37:00 ubuntu /usr/sbin/irqbalance: IRQ 0(52) guessed as class 0
Apr 16 09:37:00 ubuntu kernel: [    2.056002] CPU62: Booted secondary processor 0x00002b0200 [0x481fd010]
Apr 16 09:37:00 ubuntu kernel: [    2.089231] Detected VIPT I-cache on CPU63
Apr 16 09:37:00 ubuntu /usr/sbin/irqbalance: IRQ 0(53) guessed as class 0
Apr 16 09:37:00 ubuntu kernel: [    2.089260] GICv3: CPU63: found redistributor 2b0300 region 63:0x00002000ae4c0000
Apr 16 09:37:00 ubuntu kernel: [    2.089281] GICv3: CPU63: using allocated LPI pending table @0x00000027feca0000
Apr 16 09:37:00 ubuntu /usr/sbin/irqbalance: IRQ 0(54) guessed as class 0
Apr 16 09:37:00 ubuntu /usr/sbin/irqbalance: IRQ 0(55) guessed as class 0
Apr 16 09:37:00 ubuntu /usr/sbin/irqbalance: IRQ 0(56) guessed as class 0
Apr 16 09:37:00 ubuntu /usr/sbin/irqbalance: IRQ 0(57) guessed as class 0
Apr 16 09:37:00 ubuntu /usr/sbin/irqbalance: IRQ 0(58) guessed as class 0
Apr 16 09:37:00 ubuntu /usr/sbin/irqbalance: IRQ 0(59) guessed as class 0
Apr 16 09:37:00 ubuntu /usr/sbin/irqbalance: IRQ 0(60) guessed as class 0
Apr 16 09:37:00 ubuntu /usr/sbin/irqbalance: IRQ 0(61) guessed as class 0
Apr 16 09:37:00 ubuntu /usr/sbin/irqbalance: IRQ 0(62) guessed as class 0
Apr 16 09:37:00 ubuntu /usr/sbin/irqbalance: IRQ 0(63) guessed as class 0
Apr 16 09:37:00 ubuntu kernel: [    2.089333] CPU63: Booted secondary processor 0x00002b0300 [0x481fd010]
Apr 16 09:37:00 ubuntu kernel: [    2.122045] Detected VIPT I-cache on CPU64
Apr 16 09:37:00 ubuntu kernel: [    2.122076] GICv3: CPU64: found redistributor 2c0000 region 64:0x00002000ae500000
Apr 16 09:37:00 ubuntu /usr/sbin/irqbalance: IRQ 0(64) guessed as class 0
Apr 16 09:37:00 ubuntu kernel: [    2.122106] GICv3: CPU64: using allocated LPI pending table @0x00000027fecb0000
Apr 16 09:37:00 ubuntu kernel: [    2.122162] CPU64: Booted secondary processor 0x00002c0000 [0x481fd010]
Apr 16 09:37:00 ubuntu /usr/sbin/irqbalance: IRQ 0(65) guessed as class 0
Apr 16 09:37:00 ubuntu kernel: [    2.154852] Detected VIPT I-cache on CPU65
Apr 16 09:37:00 ubuntu kernel: [    2.154881] GICv3: CPU65: found redistributor 2c0100 region 65:0x00002000ae540000
Apr 16 09:37:00 ubuntu kernel: [    2.154901] GICv3: CPU65: using allocated LPI pending table @0x00000027fecc0000
Apr 16 09:37:00 ubuntu kernel: [    2.154953] CPU65: Booted secondary processor 0x00002c0100 [0x481fd010]
Apr 16 09:37:00 ubuntu kernel: [    2.187662] Detected VIPT I-cache on CPU66
Apr 16 09:37:00 ubuntu /usr/sbin/irqbalance: IRQ 0(66) guessed as class 0
Apr 16 09:37:00 ubuntu kernel: [    2.187691] GICv3: CPU66: found redistributor 2c0200 region 66:0x00002000ae580000
Apr 16 09:37:00 ubuntu kernel: [    2.187713] GICv3: CPU66: using allocated LPI pending table @0x00000027fecd0000
Apr 16 09:37:00 ubuntu /usr/sbin/irqbalance: IRQ 0(67) guessed as class 0
Apr 16 09:37:00 ubuntu kernel: [    2.187767] CPU66: Booted secondary processor 0x00002c0200 [0x481fd010]
Apr 16 09:37:00 ubuntu kernel: [    2.220472] Detected VIPT I-cache on CPU67
Apr 16 09:37:00 ubuntu kernel: [    2.220501] GICv3: CPU67: found redistributor 2c0300 region 67:0x00002000ae5c0000
Apr 16 09:37:00 ubuntu kernel: [    2.220522] GICv3: CPU67: using allocated LPI pending table @0x00000027fece0000
Apr 16 09:37:00 ubuntu kernel: [    2.220576] CPU67: Booted secondary processor 0x00002c0300 [0x481fd010]
Apr 16 09:37:00 ubuntu kernel: [    2.253460] Detected VIPT I-cache on CPU68
Apr 16 09:37:00 ubuntu /usr/sbin/irqbalance: IRQ 0(68) guessed as class 0
Apr 16 09:37:00 ubuntu kernel: [    2.253491] GICv3: CPU68: found redistributor 2d0000 region 68:0x00002000ae600000
Apr 16 09:37:00 ubuntu kernel: [    2.253523] GICv3: CPU68: using allocated LPI pending table @0x00000027fecf0000
Apr 16 09:37:00 ubuntu kernel: [    2.253579] CPU68: Booted secondary processor 0x00002d0000 [0x481fd010]
Apr 16 09:37:00 ubuntu kernel: [    2.286441] Detected VIPT I-cache on CPU69
Apr 16 09:37:00 ubuntu /usr/sbin/irqbalance: IRQ 0(69) guessed as class 0
Apr 16 09:37:00 ubuntu kernel: [    2.286471] GICv3: CPU69: found redistributor 2d0100 region 69:0x00002000ae640000
Apr 16 09:37:00 ubuntu kernel: [    2.286493] GICv3: CPU69: using allocated LPI pending table @0x00000027fed00000
Apr 16 09:37:00 ubuntu kernel: [    2.286545] CPU69: Booted secondary processor 0x00002d0100 [0x481fd010]
Apr 16 09:37:00 ubuntu kernel: [    2.319424] Detected VIPT I-cache on CPU70
Apr 16 09:37:00 ubuntu /usr/sbin/irqbalance: IRQ 0(70) guessed as class 0
Apr 16 09:37:00 ubuntu kernel: [    2.319454] GICv3: CPU70: found redistributor 2d0200 region 70:0x00002000ae680000
Apr 16 09:37:00 ubuntu kernel: [    2.319475] GICv3: CPU70: using allocated LPI pending table @0x00000027fed10000
Apr 16 09:37:00 ubuntu kernel: [    2.319528] CPU70: Booted secondary processor 0x00002d0200 [0x481fd010]
Apr 16 09:37:00 ubuntu /usr/sbin/irqbalance: IRQ 0(71) guessed as class 0
Apr 16 09:37:00 ubuntu kernel: [    2.352409] Detected VIPT I-cache on CPU71
Apr 16 09:37:00 ubuntu kernel: [    2.352439] GICv3: CPU71: found redistributor 2d0300 region 71:0x00002000ae6c0000
Apr 16 09:37:00 ubuntu /usr/sbin/irqbalance: IRQ 0(72) guessed as class 0
Apr 16 09:37:00 ubuntu kernel: [    2.352460] GICv3: CPU71: using allocated LPI pending table @0x00000027fed20000
Apr 16 09:37:00 ubuntu kernel: [    2.352512] CPU71: Booted secondary processor 0x00002d0300 [0x481fd010]
Apr 16 09:37:00 ubuntu kernel: [    2.392537] Detected VIPT I-cache on CPU72
Apr 16 09:37:00 ubuntu kernel: [    2.392590] GICv3: CPU72: found redistributor 380000 region 72:0x00002000aa100000
Apr 16 09:37:00 ubuntu kernel: [    2.392651] GICv3: CPU72: using allocated LPI pending table @0x00000027fed30000
Apr 16 09:37:00 ubuntu /usr/sbin/irqbalance: IRQ 0(73) guessed as class 0
Apr 16 09:37:00 ubuntu kernel: [    2.392737] CPU72: Booted secondary processor 0x0000380000 [0x481fd010]
Apr 16 09:37:00 ubuntu kernel: [    2.432613] Detected VIPT I-cache on CPU73
Apr 16 09:37:00 ubuntu kernel: [    2.432649] GICv3: CPU73: found redistributor 380100 region 73:0x00002000aa140000
Apr 16 09:37:00 ubuntu kernel: [    2.432672] GICv3: CPU73: using allocated LPI pending table @0x00000027fed40000
Apr 16 09:37:00 ubuntu kernel: [    2.432729] CPU73: Booted secondary processor 0x0000380100 [0x481fd010]
Apr 16 09:37:00 ubuntu kernel: [    2.472716] Detected VIPT I-cache on CPU74
Apr 16 09:37:00 ubuntu /usr/sbin/irqbalance: IRQ 0(74) guessed as class 0
Apr 16 09:37:00 ubuntu kernel: [    2.472751] GICv3: CPU74: found redistributor 380200 region 74:0x00002000aa180000
Apr 16 09:37:00 ubuntu kernel: [    2.472773] GICv3: CPU74: using allocated LPI pending table @0x00000027fed50000
Apr 16 09:37:00 ubuntu kernel: [    2.472830] CPU74: Booted secondary processor 0x0000380200 [0x481fd010]
Apr 16 09:37:00 ubuntu kernel: [    2.512817] Detected VIPT I-cache on CPU75
Apr 16 09:37:00 ubuntu kernel: [    2.512853] GICv3: CPU75: found redistributor 380300 region 75:0x00002000aa1c0000
Apr 16 09:37:00 ubuntu kernel: [    2.512875] GICv3: CPU75: using allocated LPI pending table @0x00000027fed60000
Apr 16 09:37:00 ubuntu kernel: [    2.512932] CPU75: Booted secondary processor 0x0000380300 [0x481fd010]
Apr 16 09:37:00 ubuntu /usr/sbin/irqbalance: IRQ 0(75) guessed as class 0
Apr 16 09:37:00 ubuntu kernel: [    2.553096] Detected VIPT I-cache on CPU76
Apr 16 09:37:00 ubuntu kernel: [    2.553133] GICv3: CPU76: found redistributor 390000 region 76:0x00002000aa200000
Apr 16 09:37:00 ubuntu /usr/sbin/irqbalance: IRQ 0(76) guessed as class 0
Apr 16 09:37:00 ubuntu kernel: [    2.553166] GICv3: CPU76: using allocated LPI pending table @0x00000027fed70000
Apr 16 09:37:00 ubuntu kernel: [    2.553228] CPU76: Booted secondary processor 0x0000390000 [0x481fd010]
Apr 16 09:37:00 ubuntu kernel: [    2.593367] Detected VIPT I-cache on CPU77
Apr 16 09:37:00 ubuntu /usr/sbin/irqbalance: IRQ 0(77) guessed as class 0
Apr 16 09:37:00 ubuntu kernel: [    2.593403] GICv3: CPU77: found redistributor 390100 region 77:0x00002000aa240000
Apr 16 09:37:00 ubuntu kernel: [    2.593426] GICv3: CPU77: using allocated LPI pending table @0x00000027fed80000
Apr 16 09:37:00 ubuntu kernel: [    2.593483] CPU77: Booted secondary processor 0x0000390100 [0x481fd010]
Apr 16 09:37:00 ubuntu /usr/sbin/irqbalance: IRQ 0(78) guessed as class 0
Apr 16 09:37:00 ubuntu kernel: [    2.633642] Detected VIPT I-cache on CPU78
Apr 16 09:37:00 ubuntu kernel: [    2.633679] GICv3: CPU78: found redistributor 390200 region 78:0x00002000aa280000
Apr 16 09:37:00 ubuntu kernel: [    2.633701] GICv3: CPU78: using allocated LPI pending table @0x00000027fed90000
Apr 16 09:37:00 ubuntu kernel: [    2.633758] CPU78: Booted secondary processor 0x0000390200 [0x481fd010]
Apr 16 09:37:00 ubuntu /usr/sbin/irqbalance: IRQ 0(79) guessed as class 0
Apr 16 09:37:00 ubuntu kernel: [    2.673918] Detected VIPT I-cache on CPU79
Apr 16 09:37:00 ubuntu kernel: [    2.673954] GICv3: CPU79: found redistributor 390300 region 79:0x00002000aa2c0000
Apr 16 09:37:00 ubuntu kernel: [    2.673977] GICv3: CPU79: using allocated LPI pending table @0x00000027feda0000
Apr 16 09:37:00 ubuntu /usr/sbin/irqbalance: IRQ 0(80) guessed as class 0
Apr 16 09:37:00 ubuntu kernel: [    2.674034] CPU79: Booted secondary processor 0x0000390300 [0x481fd010]
Apr 16 09:37:00 ubuntu kernel: [    2.714369] Detected VIPT I-cache on CPU80
Apr 16 09:37:00 ubuntu kernel: [    2.714407] GICv3: CPU80: found redistributor 3a0000 region 80:0x00002000aa300000
Apr 16 09:37:00 ubuntu kernel: [    2.714442] GICv3: CPU80: using allocated LPI pending table @0x00000027fedb0000
Apr 16 09:37:00 ubuntu kernel: [    2.714503] CPU80: Booted secondary processor 0x00003a0000 [0x481fd010]
Apr 16 09:37:00 ubuntu kernel: [    2.754815] Detected VIPT I-cache on CPU81
Apr 16 09:37:00 ubuntu /usr/sbin/irqbalance: IRQ 0(81) guessed as class 0
Apr 16 09:37:00 ubuntu kernel: [    2.754852] GICv3: CPU81: found redistributor 3a0100 region 81:0x00002000aa340000
Apr 16 09:37:00 ubuntu kernel: [    2.754875] GICv3: CPU81: using allocated LPI pending table @0x00000027fedc0000
Apr 16 09:37:00 ubuntu /usr/sbin/irqbalance: IRQ 0(82) guessed as class 0
Apr 16 09:37:00 ubuntu kernel: [    2.754933] CPU81: Booted secondary processor 0x00003a0100 [0x481fd010]
Apr 16 09:37:00 ubuntu kernel: [    2.795264] Detected VIPT I-cache on CPU82
Apr 16 09:37:00 ubuntu /usr/sbin/irqbalance: IRQ 0(83) guessed as class 0
Apr 16 09:37:00 ubuntu kernel: [    2.795300] GICv3: CPU82: found redistributor 3a0200 region 82:0x00002000aa380000
Apr 16 09:37:00 ubuntu kernel: [    2.795324] GICv3: CPU82: using allocated LPI pending table @0x00000027fedd0000
Apr 16 09:37:00 ubuntu kernel: [    2.795382] CPU82: Booted secondary processor 0x00003a0200 [0x481fd010]
Apr 16 09:37:00 ubuntu /usr/sbin/irqbalance: IRQ 0(84) guessed as class 0
Apr 16 09:37:00 ubuntu kernel: [    2.835712] Detected VIPT I-cache on CPU83
Apr 16 09:37:00 ubuntu kernel: [    2.835749] GICv3: CPU83: found redistributor 3a0300 region 83:0x00002000aa3c0000
Apr 16 09:37:00 ubuntu /usr/sbin/irqbalance: IRQ 0(85) guessed as class 0
Apr 16 09:37:00 ubuntu kernel: [    2.835772] GICv3: CPU83: using allocated LPI pending table @0x00000027fede0000
Apr 16 09:37:00 ubuntu kernel: [    2.835830] CPU83: Booted secondary processor 0x00003a0300 [0x481fd010]
Apr 16 09:37:00 ubuntu kernel: [    2.876338] Detected VIPT I-cache on CPU84
Apr 16 09:37:00 ubuntu /usr/sbin/irqbalance: IRQ 0(86) guessed as class 0
Apr 16 09:37:00 ubuntu kernel: [    2.876378] GICv3: CPU84: found redistributor 3b0000 region 84:0x00002000aa400000
Apr 16 09:37:00 ubuntu kernel: [    2.876412] GICv3: CPU84: using allocated LPI pending table @0x00000027fedf0000
Apr 16 09:37:00 ubuntu kernel: [    2.876473] CPU84: Booted secondary processor 0x00003b0000 [0x481fd010]
Apr 16 09:37:00 ubuntu /usr/sbin/irqbalance: IRQ 0(87) guessed as class 0
Apr 16 09:37:00 ubuntu kernel: [    2.916958] Detected VIPT I-cache on CPU85
Apr 16 09:37:00 ubuntu kernel: [    2.916996] GICv3: CPU85: found redistributor 3b0100 region 85:0x00002000aa440000
Apr 16 09:37:00 ubuntu kernel: [    2.917020] GICv3: CPU85: using allocated LPI pending table @0x00000027fee00000
Apr 16 09:37:00 ubuntu kernel: [    2.917078] CPU85: Booted secondary processor 0x00003b0100 [0x481fd010]
Apr 16 09:37:00 ubuntu kernel: [    2.957580] Detected VIPT I-cache on CPU86
Apr 16 09:37:00 ubuntu /usr/sbin/irqbalance: IRQ 0(88) guessed as class 0
Apr 16 09:37:00 ubuntu kernel: [    2.957618] GICv3: CPU86: found redistributor 3b0200 region 86:0x00002000aa480000
Apr 16 09:37:00 ubuntu kernel: [    2.957641] GICv3: CPU86: using allocated LPI pending table @0x00000027fee10000
Apr 16 09:37:00 ubuntu /usr/sbin/irqbalance: IRQ 0(89) guessed as class 0
Apr 16 09:37:00 ubuntu kernel: [    2.957700] CPU86: Booted secondary processor 0x00003b0200 [0x481fd010]
Apr 16 09:37:00 ubuntu kernel: [    2.998202] Detected VIPT I-cache on CPU87
Apr 16 09:37:00 ubuntu kernel: [    2.998240] GICv3: CPU87: found redistributor 3b0300 region 87:0x00002000aa4c0000
Apr 16 09:37:00 ubuntu kernel: [    2.998264] GICv3: CPU87: using allocated LPI pending table @0x00000027fee20000
Apr 16 09:37:00 ubuntu /usr/sbin/irqbalance: IRQ 0(90) guessed as class 0
Apr 16 09:37:00 ubuntu kernel: [    2.998322] CPU87: Booted secondary processor 0x00003b0300 [0x481fd010]
Apr 16 09:37:00 ubuntu kernel: [    3.038307] Detected VIPT I-cache on CPU88
Apr 16 09:37:00 ubuntu kernel: [    3.038346] GICv3: CPU88: found redistributor 3c0000 region 88:0x00002000aa500000
Apr 16 09:37:00 ubuntu /usr/sbin/irqbalance: IRQ 0(91) guessed as class 0
Apr 16 09:37:00 ubuntu kernel: [    3.038382] GICv3: CPU88: using allocated LPI pending table @0x00000027fee30000
Apr 16 09:37:00 ubuntu kernel: [    3.038443] CPU88: Booted secondary processor 0x00003c0000 [0x481fd010]
Apr 16 09:37:00 ubuntu kernel: [    3.078405] Detected VIPT I-cache on CPU89
Apr 16 09:37:00 ubuntu /usr/sbin/irqbalance: IRQ 0(92) guessed as class 0
Apr 16 09:37:00 ubuntu kernel: [    3.078442] GICv3: CPU89: found redistributor 3c0100 region 89:0x00002000aa540000
Apr 16 09:37:00 ubuntu /usr/sbin/irqbalance: IRQ 0(93) guessed as class 0
Apr 16 09:37:00 ubuntu kernel: [    3.078468] GICv3: CPU89: using allocated LPI pending table @0x00000027fee40000
Apr 16 09:37:00 ubuntu kernel: [    3.078526] CPU89: Booted secondary processor 0x00003c0100 [0x481fd010]
Apr 16 09:37:00 ubuntu kernel: [    3.118507] Detected VIPT I-cache on CPU90
Apr 16 09:37:00 ubuntu kernel: [    3.118544] GICv3: CPU90: found redistributor 3c0200 region 90:0x00002000aa580000
Apr 16 09:37:00 ubuntu /usr/sbin/irqbalance: IRQ 0(94) guessed as class 0
Apr 16 09:37:00 ubuntu /usr/sbin/irqbalance: IRQ 0(95) guessed as class 0
Apr 16 09:37:00 ubuntu /usr/sbin/irqbalance: IRQ 0(96) guessed as class 0
Apr 16 09:37:00 ubuntu /usr/sbin/irqbalance: IRQ 0(97) guessed as class 0
Apr 16 09:37:00 ubuntu /usr/sbin/irqbalance: IRQ 0(98) guessed as class 0
Apr 16 09:37:00 ubuntu /usr/sbin/irqbalance: IRQ 0(99) guessed as class 0
Apr 16 09:37:00 ubuntu /usr/sbin/irqbalance: IRQ 0(100) guessed as class 0
Apr 16 09:37:00 ubuntu /usr/sbin/irqbalance: IRQ 0(101) guessed as class 0
Apr 16 09:37:00 ubuntu /usr/sbin/irqbalance: IRQ 0(102) guessed as class 0
Apr 16 09:37:00 ubuntu /usr/sbin/irqbalance: IRQ 0(103) guessed as class 0
Apr 16 09:37:00 ubuntu /usr/sbin/irqbalance: IRQ 0(104) guessed as class 0
Apr 16 09:37:00 ubuntu kernel: [    3.118568] GICv3: CPU90: using allocated LPI pending table @0x00000027fee50000
Apr 16 09:37:00 ubuntu kernel: [    3.118626] CPU90: Booted secondary processor 0x00003c0200 [0x481fd010]
Apr 16 09:37:00 ubuntu /usr/sbin/irqbalance: IRQ 0(105) guessed as class 0
Apr 16 09:37:00 ubuntu kernel: [    3.158609] Detected VIPT I-cache on CPU91
Apr 16 09:37:00 ubuntu /usr/sbin/irqbalance: IRQ 0(106) guessed as class 0
Apr 16 09:37:00 ubuntu kernel: [    3.158646] GICv3: CPU91: found redistributor 3c0300 region 91:0x00002000aa5c0000
Apr 16 09:37:00 ubuntu kernel: [    3.158671] GICv3: CPU91: using allocated LPI pending table @0x00000027fee60000
Apr 16 09:37:00 ubuntu kernel: [    3.158730] CPU91: Booted secondary processor 0x00003c0300 [0x481fd010]
Apr 16 09:37:00 ubuntu kernel: [    3.198887] Detected VIPT I-cache on CPU92
Apr 16 09:37:00 ubuntu /usr/sbin/irqbalance: IRQ 0(107) guessed as class 0
Apr 16 09:37:00 ubuntu kernel: [    3.198927] GICv3: CPU92: found redistributor 3d0000 region 92:0x00002000aa600000
Apr 16 09:37:00 ubuntu kernel: [    3.198963] GICv3: CPU92: using allocated LPI pending table @0x00000027fee70000
Apr 16 09:37:00 ubuntu kernel: [    3.199026] CPU92: Booted secondary processor 0x00003d0000 [0x481fd010]
Apr 16 09:37:00 ubuntu kernel: [    3.239159] Detected VIPT I-cache on CPU93
Apr 16 09:37:00 ubuntu kernel: [    3.239197] GICv3: CPU93: found redistributor 3d0100 region 93:0x00002000aa640000
Apr 16 09:37:00 ubuntu /usr/sbin/irqbalance: IRQ 0(108) guessed as class 0
Apr 16 09:37:00 ubuntu kernel: [    3.239222] GICv3: CPU93: using allocated LPI pending table @0x00000027fee80000
Apr 16 09:37:00 ubuntu kernel: [    3.239280] CPU93: Booted secondary processor 0x00003d0100 [0x481fd010]
Apr 16 09:37:00 ubuntu kernel: [    3.279434] Detected VIPT I-cache on CPU94
Apr 16 09:37:00 ubuntu /usr/sbin/irqbalance: IRQ 0(109) guessed as class 0
Apr 16 09:37:00 ubuntu kernel: [    3.279472] GICv3: CPU94: found redistributor 3d0200 region 94:0x00002000aa680000
Apr 16 09:37:00 ubuntu /usr/sbin/irqbalance: IRQ 0(110) guessed as class 0
Apr 16 09:37:00 ubuntu kernel: [    3.279498] GICv3: CPU94: using allocated LPI pending table @0x00000027fee90000
Apr 16 09:37:00 ubuntu kernel: [    3.279556] CPU94: Booted secondary processor 0x00003d0200 [0x481fd010]
Apr 16 09:37:00 ubuntu /usr/sbin/irqbalance: IRQ 0(111) guessed as class 0
Apr 16 09:37:00 ubuntu kernel: [    3.319710] Detected VIPT I-cache on CPU95
Apr 16 09:37:00 ubuntu kernel: [    3.319747] GICv3: CPU95: found redistributor 3d0300 region 95:0x00002000aa6c0000
Apr 16 09:37:00 ubuntu /usr/sbin/irqbalance: IRQ 0(112) guessed as class 0
Apr 16 09:37:00 ubuntu kernel: [    3.319771] GICv3: CPU95: using allocated LPI pending table @0x00000027feea0000
Apr 16 09:37:00 ubuntu /usr/sbin/irqbalance: IRQ 0(113) guessed as class 0
Apr 16 09:37:00 ubuntu kernel: [    3.319830] CPU95: Booted secondary processor 0x00003d0300 [0x481fd010]
Apr 16 09:37:00 ubuntu kernel: [    3.320659] smp: Brought up 4 nodes, 96 CPUs
Apr 16 09:37:00 ubuntu kernel: [    3.321199] SMP: Total of 96 processors activated.
Apr 16 09:37:00 ubuntu /usr/sbin/irqbalance: IRQ 0(114) guessed as class 0
Apr 16 09:37:00 ubuntu kernel: [    3.321201] CPU features: detected: Privileged Access Never
Apr 16 09:37:00 ubuntu kernel: [    3.321203] CPU features: detected: LSE atomic instructions
Apr 16 09:37:00 ubuntu kernel: [    3.321205] CPU features: detected: User Access Override
Apr 16 09:37:00 ubuntu kernel: [    3.321208] CPU features: detected: Common not Private translations
Apr 16 09:37:00 ubuntu kernel: [    3.321210] CPU features: detected: Data cache clean to Point of Persistence
Apr 16 09:37:00 ubuntu /usr/sbin/irqbalance: IRQ 0(115) guessed as class 0
Apr 16 09:37:00 ubuntu kernel: [    3.321212] CPU features: detected: RAS Extension Support
Apr 16 09:37:00 ubuntu kernel: [    3.321214] CPU features: detected: CRC32 instructions
Apr 16 09:37:00 ubuntu /usr/sbin/irqbalance: IRQ 0(116) guessed as class 0
Apr 16 09:37:00 ubuntu kernel: [    3.386211] CPU: All CPU(s) started at EL2
Apr 16 09:37:00 ubuntu kernel: [    3.402214] devtmpfs: initialized
Apr 16 09:37:00 ubuntu kernel: [    3.404670] Registered cp15_barrier emulation handler
Apr 16 09:37:00 ubuntu /usr/sbin/irqbalance: IRQ 0(117) guessed as class 0
Apr 16 09:37:00 ubuntu kernel: [    3.404709] Registered setend emulation handler
Apr 16 09:37:00 ubuntu /usr/sbin/irqbalance: IRQ 0(118) guessed as class 0
Apr 16 09:37:00 ubuntu kernel: [    3.404715] KASLR disabled due to lack of seed
Apr 16 09:37:00 ubuntu kernel: [    3.405130] clocksource: jiffies: mask: 0xffffffff max_cycles: 0xffffffff, max_idle_ns: 7645041785100000 ns
Apr 16 09:37:00 ubuntu kernel: [    3.405562] futex hash table entries: 32768 (order: 9, 2097152 bytes, vmalloc)
Apr 16 09:37:00 ubuntu kernel: [    3.406402] pinctrl core: initialized pinctrl subsystem
Apr 16 09:37:00 ubuntu /usr/sbin/irqbalance: IRQ 0(119) guessed as class 0
Apr 16 09:37:00 ubuntu kernel: [    3.406574] thermal_sys: Registered thermal governor 'fair_share'
Apr 16 09:37:00 ubuntu kernel: [    3.406574] thermal_sys: Registered thermal governor 'bang_bang'
Apr 16 09:37:00 ubuntu kernel: [    3.406578] thermal_sys: Registered thermal governor 'step_wise'
Apr 16 09:37:00 ubuntu /usr/sbin/irqbalance: IRQ 0(152) guessed as class 0
Apr 16 09:37:00 ubuntu kernel: [    3.406580] thermal_sys: Registered thermal governor 'user_space'
Apr 16 09:37:00 ubuntu kernel: [    3.406662] SMBIOS 3.1.1 present.
Apr 16 09:37:00 ubuntu /usr/sbin/irqbalance: IRQ 0(153) guessed as class 0
Apr 16 09:37:00 ubuntu kernel: [    3.406668] DMI: Huawei TaiShan 200 (Model 2280)/BC82AMDDA, BIOS 1.06 10/29/2019
Apr 16 09:37:00 ubuntu kernel: [    3.407023] NET: Registered protocol family 16
Apr 16 09:37:00 ubuntu kernel: [    3.408163] DMA: preallocated 256 KiB pool for atomic allocations
Apr 16 09:37:00 ubuntu kernel: [    3.408168] audit: initializing netlink subsys (disabled)
Apr 16 09:37:00 ubuntu /usr/sbin/irqbalance: IRQ 0(282) guessed as class 0
Apr 16 09:37:00 ubuntu kernel: [    3.408213] audit: type=2000 audit(0.484:1): state=initialized audit_enabled=0 res=1
Apr 16 09:37:00 ubuntu kernel: [    3.408467] cpuidle: using governor ladder
Apr 16 09:37:00 ubuntu kernel: [    3.408539] cpuidle: using governor menu
Apr 16 09:37:00 ubuntu kernel: [    3.408549] Detected 1 PCC Subspaces
Apr 16 09:37:00 ubuntu /usr/sbin/irqbalance: IRQ 0(283) guessed as class 0
Apr 16 09:37:00 ubuntu kernel: [    3.408576] Registering PCC driver as Mailbox controller
Apr 16 09:37:00 ubuntu kernel: [    3.408661] hw-breakpoint: found 6 breakpoint and 4 watchpoint registers.
Apr 16 09:37:00 ubuntu kernel: [    3.409548] ASID allocator initialised with 65536 entries
Apr 16 09:37:00 ubuntu /usr/sbin/irqbalance: IRQ 0(284) guessed as class 0
Apr 16 09:37:00 ubuntu kernel: [    3.409694] ACPI: bus type PCI registered
Apr 16 09:37:00 ubuntu kernel: [    3.409698] acpiphp: ACPI Hot Plug PCI Controller Driver version: 0.5
Apr 16 09:37:00 ubuntu kernel: [    3.409872] Serial: AMBA PL011 UART driver
Apr 16 09:37:00 ubuntu kernel: [    3.417038] HugeTLB registered 1.00 GiB page size, pre-allocated 0 pages
Apr 16 09:37:00 ubuntu /usr/sbin/irqbalance: IRQ 0(285) guessed as class 0
Apr 16 09:37:00 ubuntu kernel: [    3.417042] HugeTLB registered 32.0 MiB page size, pre-allocated 0 pages
Apr 16 09:37:00 ubuntu kernel: [    3.417044] HugeTLB registered 2.00 MiB page size, pre-allocated 0 pages
Apr 16 09:37:00 ubuntu /usr/sbin/irqbalance: IRQ 0(286) guessed as class 0
Apr 16 09:37:00 ubuntu kernel: [    3.417047] HugeTLB registered 64.0 KiB page size, pre-allocated 0 pages
Apr 16 09:37:00 ubuntu kernel: [    3.420644] fbcon: Taking over console
Apr 16 09:37:00 ubuntu kernel: [    3.421056] ACPI: Added _OSI(Module Device)
Apr 16 09:37:00 ubuntu kernel: [    3.421059] ACPI: Added _OSI(Processor Device)
Apr 16 09:37:00 ubuntu kernel: [    3.421061] ACPI: Added _OSI(3.0 _SCP Extensions)
Apr 16 09:37:00 ubuntu kernel: [    3.421063] ACPI: Added _OSI(Processor Aggregator Device)
Apr 16 09:37:00 ubuntu /usr/sbin/irqbalance: IRQ 0(287) guessed as class 0
Apr 16 09:37:00 ubuntu kernel: [    3.421065] ACPI: Added _OSI(Linux-Dell-Video)
Apr 16 09:37:00 ubuntu kernel: [    3.421068] ACPI: Added _OSI(Linux-Lenovo-NV-HDMI-Audio)
Apr 16 09:37:00 ubuntu kernel: [    3.421070] ACPI: Added _OSI(Linux-HPI-Hybrid-Graphics)
Apr 16 09:37:00 ubuntu /usr/sbin/irqbalance: IRQ 0(288) guessed as class 0
Apr 16 09:37:00 ubuntu kernel: [    3.430201] ACPI: 2 ACPI AML tables successfully acquired and loaded
Apr 16 09:37:00 ubuntu kernel: [    3.433648] ACPI: Interpreter enabled
Apr 16 09:37:00 ubuntu kernel: [    3.433652] ACPI: Using GIC for interrupt routing
Apr 16 09:37:00 ubuntu /usr/sbin/irqbalance: IRQ 0(289) guessed as class 0
Apr 16 09:37:00 ubuntu kernel: [    3.433666] ACPI: MCFG table detected, 1 entries
Apr 16 09:37:00 ubuntu /usr/sbin/irqbalance: IRQ 0(290) guessed as class 0
Apr 16 09:37:00 ubuntu kernel: [    3.433669] ACPI: IORT: [Firmware Bug]: ID count for ID mapping entry is wrong, applying workaround
Apr 16 09:37:00 ubuntu kernel: [    3.433675] ACPI: IORT: SMMU-v3[148000000] Mapped to Proximity domain 0
Apr 16 09:37:00 ubuntu /usr/sbin/irqbalance: IRQ 0(291) guessed as class 0
Apr 16 09:37:00 ubuntu kernel: [    3.433726] ACPI: IORT: SMMU-v3[201000000] Mapped to Proximity domain 0
Apr 16 09:37:00 ubuntu /usr/sbin/irqbalance: IRQ 0(292) guessed as class 0
Apr 16 09:37:00 ubuntu kernel: [    3.433750] ACPI: IORT: SMMU-v3[100000000] Mapped to Proximity domain 0
Apr 16 09:37:00 ubuntu kernel: [    3.433779] ACPI: IORT: SMMU-v3[140000000] Mapped to Proximity domain 0
Apr 16 09:37:00 ubuntu /usr/sbin/irqbalance: IRQ 0(293) guessed as class 0
Apr 16 09:37:00 ubuntu kernel: [    3.433801] ACPI: IORT: SMMU-v3[200148000000] Mapped to Proximity domain 2
Apr 16 09:37:00 ubuntu kernel: [    3.433826] ACPI: IORT: SMMU-v3[200201000000] Mapped to Proximity domain 2
